# lean_static_resolve 2026-09-25 17:16:27
# dump=/Users/ivanspogreev/earth-moon/population/f034-a4-cert/m00/dump.jsonl raw=753184 dedup=753184 footer={'type': 'footer', 'verdict': 'UNSAT', 'counts': {'preseed': 9498, 'prop': 743686, 'model': 0}, 'stats': {'checks': 4727108, 'confl': 371843, 'model_rej': 0}, 'time': '2026-09-25T17:16:12-0700'}
$ /opt/homebrew/bin/cadical --lrat --no-binary --no-factor /Users/ivanspogreev/earth-moon/population/f034-a4-cert/m00/resolve/round-0/F.cnf /Users/ivanspogreev/earth-moon/population/f034-a4-cert/m00/resolve/round-0/F.lrat
c --- [ banner ] -------------------------------------------------------------
c 
c CaDiCaL SAT Solver
c Copyright (c) 2016-2026
c A. Biere, M. Fleury, N. Froleyks, K. Fazekas, F. Pollitt, T. Faller
c JKU Linz, University of Freiburg, TU Wien
c 
c Version 3.0.1
c Apple clang version 16.0.0 (clang-1600.0.26.6) -Wall -Wextra -O3 -DNDEBUG -std=c++11 -DNCLOSEFROM
c Sun Jul 19 15:40:55 UTC 2026 Darwin Sonoma-arm64.local 23.6.0 arm64
c 
c --- [ proof tracing ] ------------------------------------------------------
c 
c opening file to write '/Users/ivanspogreev/earth-moon/population/f034-a4-cert/m00/resolve/round-0/F.lrat'
c writing non-binary proof trace to '/Users/ivanspogreev/earth-moon/population/f034-a4-cert/m00/resolve/round-0/F.lrat'
c 
c --- [ parsing input ] ------------------------------------------------------
c 
c reading DIMACS file from '/Users/ivanspogreev/earth-moon/population/f034-a4-cert/m00/resolve/round-0/F.cnf'
c opening file to read '/Users/ivanspogreev/earth-moon/population/f034-a4-cert/m00/resolve/round-0/F.cnf'
c found 'p cnf 15288 786394' header
c parsed 786394 clauses in 0.39 seconds process time
c 
c --- [ options ] ------------------------------------------------------------
c 
c   --binary=false                 (different from default 'true')
c   --lrat=true                    (different from default 'false')
c 
c --- [ solving ] ------------------------------------------------------------
c 
c time measured in process time since initialization
c 
c  seconds  reduction conflicts       size tier2        variables
c         MB    restarts   redundant    glue  trail          remaining
c          level     rate       size/glu tier1  irredundant
c 
c *  0.39  0  0 0   0  0    0    0 0.0 0 0 2 6  0% 773911 15172 99%
c )  0.43  0  0 0   0  0    0    0 0.0 0 0 2 6  0% 773911 15172 99%
c {  0.45  0  0 0   0  0    0    0 0.0 0 0 2 6  0% 773911 15172 99%
c i  0.57  0 689 0  16 38  191  138 1.8 16 9 2 6 27% 773877 15170 99%
c i  0.57  0 684 0  16 37  194  139 1.8 16 9 2 6 28% 773877 15169 99%
c -  0.66  0 470 1  36 29  300  111 1.5 17 11 2 6 31% 773820 15169 99%
c i  0.68  0 435 1  42 28  325  126 1.5 18 12 2 6 31% 773814 15168 99%
c }  0.69  0 142 1  47 10 1001  390 1.5 13 8 2 6 18% 773814 15168 99%
c [  0.69  0  0 1  47  0 1001  390 0.0 0 0 2 6  0% 773814 15168 99%
c O  0.69  0  4 1  47  5 1002  391 1.5 3 2 2 6 17% 773814 15168 99%
c -  0.80  0  6 2  47  1 1118  307 1.5 7 5 2 6 17% 773810 15168 99%
c i  0.80  0  6 2  47  1 1141  312 1.5 6 4 2 6 16% 773809 15076 99%
c i  0.93  0 65 2  48  2 2314 1268 2.0 24 12 2 6 56% 773735 15074 99%
c ]  0.93  0 65 2  48  2 2338 1283 2.0 24 12 2 6 56% 773726 15074 99%
c {  0.93  0 142 2  48 10 2338 1283 1.5 13 8 2 6 18% 773726 15074 99%
c i  0.95  0 133 2  71 10 2443 1314 1.5 13 9 2 6 18% 773660 15073 99%
c i  0.95  0 133 2  71 10 2447 1315 1.5 13 9 2 6 18% 773659 15071 99%
c i  0.95  0 133 2  72 10 2448 1315 1.5 13 9 2 6 18% 773659 15070 99%
c i  0.95  0 133 2  72 10 2449 1315 1.5 13 9 2 6 18% 773659 15069 99%
c i  0.95  0 132 2  73 10 2452 1316 1.5 13 9 2 6 18% 773658 15067 99%
c 
c  seconds   reduction conflicts       size  tier2        variables
c         MB     restarts   redundant     glue  trail          remaining
c           level     rate       size/glue tier1  irredundant
c 
c i  0.95  0 132 2  73 10 2453 1316 1.5 13 9 2 6 18% 773658 15066 99%
c i  0.96  0 129 2  83 10 2507 1342 1.5 13 9 2 6 19% 773633 15065 99%
c i  0.96  0 128 2  86 10 2517 1344 1.5 13 9 2 6 19% 773626 15064 99%
c i  0.96  0 127 2  87 10 2525 1344 1.5 13 9 2 6 19% 773619 15062 99%
c i  0.96  0 126 2  89 10 2536 1346 1.5 13 9 2 6 19% 773612 15029 98%
c i  0.96  0 126 2  90 10 2539 1346 1.5 13 9 2 6 19% 773610 15027 98%
c i  0.96  0 126 2  91 10 2543 1346 1.5 13 9 2 6 19% 773608 15019 98%
c i  0.97  0 122 2 104 10 2594 1374 1.5 13 9 2 6 19% 773594 15013 98%
c -  1.07  0 117 3 129 10 2695  415 1.4 14 10 2 6 20% 771036 15013 98%
c i  1.09  0 115 3 136 10 2734  436 1.4 14 10 2 6 20% 771025 15012 98%
c i  1.09  0 114 3 148 10 2779  453 1.4 14 10 2 6 21% 771002 15008 98%
c i  1.10  0 112 3 159 11 2815  468 1.4 14 10 2 6 21% 770984 15006 98%
c i  1.10  0 112 3 159 11 2818  469 1.4 14 10 2 6 21% 770983 15001 98%
c O  1.14  0 107 3 182 11 3004  551 1.4 14 10 2 6 23% 770891 15001 98%
c i  1.16  0 106 3 186 11 3021  559 1.4 14 10 2 6 24% 770885 14998 98%
c i  1.16  0 106 3 186 11 3024  560 1.4 14 10 2 6 24% 770884 14993 98%
c i  1.18  0 104 3 193 10 3080  585 1.4 14 10 2 6 24% 770861 14992 98%
c i  1.29  0 97 3 248 11 3378  736 1.4 14 10 2 6 25% 770740 14991 98%
c i  1.29  0 97 3 249 11 3380  736 1.4 14 10 2 6 25% 770740 14943 98%
c i  1.29  0 97 3 250 11 3383  738 1.4 14 10 2 6 25% 770740 14942 98%
c 
c  seconds  reduction conflicts       size   tier2        variables
c         MB    restarts   redundant     glue   trail          remaining
c          level     rate       size/glue  tier1  irredundant
c 
c i  1.29  0 97 3 250 11 3384  738 1.4 14 10 2 6 25% 770740 14930 98%
c i  1.29  0 97 3 251 11 3385  738 1.4 14 10 2 6 25% 770740 14916 98%
c i  1.30  0 96 3 254 11 3401  745 1.4 14 10 2 6 25% 770732 14914 98%
c i  1.30  0 96 3 254 11 3404  746 1.4 14 10 2 6 25% 770731 14869 97%
c 2  1.32  0 95 3 269 11 3467  777 1.4 14 10 2 6 26% 770707 14865 97%
c d  1.35  0 95 3 269 11 3467  740 1.4 14 10 2 6 26% 770539 14864 97%
c p  1.36  0 95 3 269 11 3467  740 1.4 14 10 2 6 26% 770539 14863 97%
c =  1.52  0 95 3 269 11 3467  697 1.4 14 10 2 6 26% 770268 14650 96%
c t  1.53  0 95 3 269 11 3467  694 1.4 14 10 2 6 26% 770258 14650 96%
c i  1.61  0 94 3 287 11 3540  740 1.4 14 10 2 6 26% 770236 14649 96%
c i  1.61  0 93 3 287 11 3560  744 1.4 14 10 2 6 26% 770227 14632 96%
c i  1.61  0 93 3 288 11 3562  745 1.4 14 10 2 6 26% 770227 14630 96%
c i  1.61  0 93 3 288 11 3563  745 1.4 14 10 2 6 26% 770227 14628 96%
c i  1.61  0 93 3 289 11 3564  745 1.4 14 10 2 6 26% 770227 14617 96%
c i  1.62  0 93 3 294 11 3580  750 1.4 14 10 2 6 26% 770217 14608 96%
c i  1.63  0 93 3 297 11 3590  754 1.4 14 10 2 6 26% 770212 14582 95%
c i  1.70  0 90 3 327 11 3725  836 1.4 15 11 2 6 26% 770178 14559 95%
c }  1.91  0 81 3 429 10 4140 1119 1.4 16 12 2 6 26% 770098 14559 95%
c [  1.91  0 65 3 429  2 4140 1119 2.0 24 12 2 6 56% 770098 14559 95%
c -  2.16  0 47 4 429  2 5142  627 1.7 22 13 11 15 41% 769881 14559 95%
c 
c  seconds  reduction conflicts       size    tier2         variables
c         MB    restarts   redundant     glue     trail          remaining
c          level     rate       size/glue  tier1    irredundant
c 
c 2  2.27  0 38 4 430  1 5969 1159 1.6 21 13 11 15 35% 769878 14554 95%
c t  2.40  0 38 4 430  1 5969 1158 1.6 21 13 11 15 35% 769870 14554 95%
c I  2.42  0 38 4 430  2 6005 1185 1.6 21 13 11 15 35% 769867 14554 95%
c ]  2.69  0 31 4 431  1 8303 3033 1.7 25 14 12 16 31% 769864 14554 95%
c {  2.69  0 81 4 431 10 8303 3033 1.4 16 12 2 6 26% 769864 14554 95%
c -  2.82  0 76 5 486 10 8524 1043 1.4 17 13 2 6 26% 769863 14554 95%
c 2  2.85  0 75 5 497 10 8574 1074 1.3 17 13 2 6 26% 769857 14554 95%
c #  3.23  0 57 5 643  7 10006 2062 1.4 19 13 9 19 24% 769857 14554 95%
c s  3.57  0 49 5 825  6 11348 3113 1.5 20 14 9 19 24% 769768 14554 95%
c t  3.58  0 49 5 825  6 11348 3113 1.5 20 14 9 19 24% 769749 14554 95%
c e  3.70  0 49 5 825  6 11348 2755 1.5 20 14 9 19 24% 765520 6301 41%
c s  3.74  0 49 5 825  6 11348 2753 1.5 20 14 9 19 24% 765489 6301 41%
c -  4.23  0 42 6 874  5 12877 3811 1.6 21 13 9 19 23% 765489 6301 41%
c t  4.39  0 42 6 874  5 12877 3811 1.6 21 13 9 19 23% 765477 6301 41%
c B  4.63  0 36 6 874  4 15007 5500 1.7 22 13 9 16 22% 765477 6301 41%
c }  4.83  0 33 6 962  4 16253 6447 1.7 22 13 9 16 22% 765477 6301 41%
c [  4.83  0 31 6 962  1 16253 6447 1.7 25 14 12 16 76% 765477 6301 41%
c -  5.07  0 29 7 964  1 18220 6765 1.7 26 16 12 16 61% 765477 6301 41%
c t  5.08  0 29 7 964  1 18220 6764 1.7 26 16 12 16 61% 765477 6301 41%
c B  5.35  0 28 7 965  1 21009 8914 1.6 27 16 12 16 50% 765477 6301 41%
c 
c  seconds  reductions conflicts       size    tier2        variables
c         MB    restarts    redundant     glue     trail         remaining
c          level     rate        size/glue  tier1    irredundant
c 
c -  5.76  0 26 8 967  1 24580 7755 1.5 27 17 11 18 42% 765477 6301 41%
c u  5.91  0 26 8 967  1 24580 7709 1.5 27 17 11 18 42% 765516 6301 41%
c v  5.95  0 26 8 967  1 24580 7709 1.5 27 17 11 18 42% 765516 6301 41%
c w  5.97  0 26 8 967  1 24580 7709 1.5 27 17 11 18 42% 765516 6301 41%
c x  6.00  0 26 8 967  1 24580 7709 1.5 27 17 11 18 42% 765466 6301 41%
c t  6.01  0 26 8 967  1 24580 7709 1.5 27 17 11 18 42% 765465 6301 41%
c ]  6.23  0 26 8 968  1 26296 8885 1.5 26 18 11 18 39% 765465 6301 41%
c {  6.23  0 33 8 968  4 26296 8885 1.7 22 13 9 16 22% 765465 6301 41%
c W  6.95  0 31 8 1181  3 28010 10191 1.7 23 13 9 16 21% 765465 6301 41%
c -  7.86  0 29 9 1878  3 31963 9385 1.6 23 14 9 16 21% 765465 6301 41%
c p  7.87  0 29 9 1878  3 31963 9390 1.6 23 14 9 16 21% 765465 6300 41%
c t  8.11  0 29 9 1878  3 31963 9385 1.6 23 14 9 16 21% 765459 6300 41%
c F  8.86  0 27 9 2170  3 36011 12461 1.6 23 14 9 16 20% 765459 6300 41%
c s  9.39  0 25 9 2187  2 39048 14585 1.6 23 14 9 16 20% 765367 6300 41%
c e  9.53  0 25 9 2187  2 39048 14585 1.6 23 14 9 16 20% 765364 6297 41%
c s  9.58  0 25 9 2187  2 39048 14577 1.6 23 14 9 16 20% 765319 6297 41%
c -  9.94  0 25 10 2223  2 40383 12508 1.6 23 14 9 16 20% 765319 6297 41%
c p  9.96  0 25 10 2223  2 40383 12533 1.6 23 14 9 16 20% 765319 6292 41%
c t  9.97  0 25 10 2223  2 40383 12533 1.6 23 14 9 16 20% 765318 6292 41%
c }  9.99  0 25 10 2223  2 40508 12641 1.6 23 14 9 16 20% 765318 6292 41%
c 
c  seconds  reductions   conflicts        size    tier2        variables
c         MB     restarts      redundant     glue     trail         remaining
c          level       rate         size/glue  tier1    irredundant
c 
c [  9.99  0 26 10 2223  1 40508 12641 1.5 26 18 11 18 39% 765318 6292 41%
c W 10.85  0 24 10 2226  1 45013 15858 1.6 26 16 11 18 35% 765303 6292 41%
c - 11.42  0 24 11 2227  1 49845 15629 1.6 26 16 11 18 32% 765303 6292 41%
c p 11.43  0 24 11 2227  1 49845 15663 1.6 26 16 11 18 32% 765303 6292 41%
c u 11.54  0 24 11 2227  1 49845 15615 1.6 26 16 11 18 32% 765303 6292 41%
c v 11.58  0 24 11 2227  1 49845 15613 1.6 26 16 11 18 32% 765303 6292 41%
c x 11.65  0 24 11 2227  1 49845 15608 1.6 26 16 11 18 32% 765285 6292 41%
c O 12.26  0 23 11 2228  1 55015 19391 1.6 26 17 11 18 30% 765285 6292 41%
c ] 12.67  0 23 11 2228  1 57915 21180 1.6 26 17 11 18 29% 765285 6292 41%
c { 12.67  0 25 11 2228  2 57915 21180 1.6 23 14 9 16 20% 765285 6292 41%
c - 13.25  0 24 12 2439  2 60359 17076 1.6 23 14 9 16 20% 765285 6292 41%
c p 13.27  0 24 12 2439  2 60359 17119 1.6 23 14 9 16 20% 765285 6292 41%
c t 13.32  0 24 12 2439  2 60359 17119 1.6 23 14 9 16 20% 765282 6292 41%
c B 14.14  0 23 12 2825  2 66018 20708 1.6 23 14 9 16 20% 765282 6292 41%
c - 15.34  0 22 13 3224  2 71929 18528 1.6 23 14 9 15 20% 765282 6292 41%
c p 15.36  0 22 13 3224  2 71929 18582 1.6 23 14 9 15 20% 765282 6286 41%
c u 15.79  0 22 13 3224  2 71929 18543 1.6 23 14 9 15 20% 765265 6286 41%
c v 15.82  0 22 13 3224  2 71929 18535 1.6 23 14 9 15 20% 765265 6286 41%
c w 15.84  0 22 13 3224  2 71929 18531 1.6 23 14 9 15 20% 765265 6286 41%
c x 15.87  0 22 13 3224  2 71929 18531 1.6 23 14 9 15 20% 765218 6286 41%
c 
c  seconds  reductions   conflicts        size   tier2        variables
c         MB     restarts      redundant     glue    trail         remaining
c          level       rate         size/glue  tier1   irredundant
c 
c t 15.88  0 22 13 3224  2 71929 18530 1.6 23 14 9 15 20% 765218 6286 41%
c W 17.56  0 22 13 4064  2 78023 23165 1.6 23 14 9 15 20% 765218 6286 41%
c s 17.98  0 22 13 4123  2 80600 25014 1.6 23 14 9 15 20% 764957 6286 41%
c t 18.00  0 22 13 4123  2 80600 25014 1.6 23 14 9 15 20% 764956 6286 41%
c e 18.11  0 22 13 4123  2 80600 25014 1.6 23 14 9 15 20% 764955 6285 41%
c s 18.19  0 22 13 4123  2 80600 25009 1.6 23 14 9 15 20% 764450 6285 41%
c } 18.31  0 22 13 4126  2 80623 25026 1.6 23 14 9 15 20% 764450 6285 41%
c [ 18.31  0 23 13 4126  1 80623 25026 1.6 26 17 11 18 29% 764450 6285 41%
c - 18.77  0 22 14 4129  1 84558 21562 1.6 25 16 11 18 28% 764450 6285 41%
c p 18.80  0 22 14 4129  1 84558 21655 1.6 25 16 11 18 28% 764450 6272 41%
c B 19.34  0 22 14 4133  1 91024 25765 1.5 25 16 11 18 26% 764450 6272 41%
c - 20.04  0 21 15 4137  1 98249 23460 1.5 25 16 11 18 25% 764415 6272 41%
c 2 20.04  0 21 15 4137  1 98249 23460 1.5 25 16 11 18 25% 764411 6272 41%
c p 20.05  0 21 15 4137  1 98249 23484 1.5 25 16 11 18 25% 764411 6272 41%
c u 20.15  0 21 15 4137  1 98249 23433 1.5 25 16 11 18 25% 764411 6272 41%
c v 20.19  0 21 15 4137  1 98249 23432 1.5 25 16 11 18 25% 764411 6272 41%
c w 20.21  0 21 15 4137  1 98249 23431 1.5 25 16 11 18 25% 764411 6272 41%
c x 20.24  0 21 15 4137  1 98249 23431 1.5 25 16 11 18 25% 764360 6272 41%
c t 20.24  0 21 15 4137  1 98249 23431 1.5 25 16 11 18 25% 764353 6272 41%
c W 21.33  0 21 15 4140  1 105026 28319 1.5 24 16 11 18 25% 764353 6272 41%
c 
c  seconds  reductions   conflicts         size    tier2        variables
c         MB     restarts       redundant     glue     trail         remaining
c          level       rate          size/glue  tier1    irredundant
c 
c ] 21.94  0 20 15 4141  1 111748 32717 1.5 24 16 11 18 24% 764353 6272 41%
c { 21.94  0 22 15 4141  2 111748 32717 1.6 23 14 9 15 20% 764353 6272 41%
c - 22.16  0 21 16 4229  2 113007 26317 1.6 23 14 9 15 20% 764353 6272 41%
c p 22.18  0 21 16 4229  2 113007 26504 1.6 23 14 9 15 20% 764353 6269 41%
c # 22.98  0 20 16 4299  2 120027 30909 1.6 22 14 9 15 20% 764353 6269 41%
c - 24.27  0 19 17 4492  2 128834 31076 1.6 22 14 9 15 20% 764343 6269 41%
c p 24.29  0 19 17 4492  2 128834 31195 1.6 22 14 9 15 20% 764343 6265 41%
c u 24.46  0 19 17 4492  2 128834 31175 1.6 22 14 9 15 20% 764352 6265 41%
c v 24.51  0 19 17 4492  2 128834 31173 1.6 22 14 9 15 20% 764352 6265 41%
c w 24.53  0 19 17 4492  2 128834 31173 1.6 22 14 9 15 20% 764352 6265 41%
c x 24.56  0 19 17 4492  2 128834 31173 1.6 22 14 9 15 20% 764307 6265 41%
c t 24.57  0 19 17 4492  2 128834 31173 1.6 22 14 9 15 20% 764300 6265 41%
c s 26.18  0 19 17 4954  2 136011 36325 1.6 22 14 9 15 20% 763570 6265 41%
c t 26.20  0 19 17 4954  2 136011 36325 1.6 22 14 9 15 20% 763565 6265 41%
c e 26.32  0 19 17 4954  2 136011 36310 1.6 22 14 9 15 20% 763553 6264 41%
c s 26.42  0 19 17 4954  2 136011 36301 1.6 22 14 9 15 20% 763040 6264 41%
c B 26.57  0 19 17 4954  2 136028 36307 1.6 22 14 9 15 20% 763040 6264 41%
c - 28.22  0 19 18 5469  2 145733 34208 1.6 22 14 9 14 20% 763040 6264 41%
c p 28.25  0 19 18 5469  2 145733 34346 1.6 22 14 9 14 20% 763040 6258 41%
c } 29.01  0 19 18 5685  2 146916 35135 1.6 22 14 9 14 20% 763024 6258 41%
c 
c  seconds  reductions   conflicts         size    tier2        variables
c         MB     restarts       redundant     glue     trail         remaining
c          level       rate          size/glue  tier1    irredundant
c 
c [ 29.01  0 20 18 5685  1 146916 35135 1.5 24 16 11 18 24% 763024 6258 41%
c I 29.88  0 20 18 5686  1 153032 39400 1.6 24 15 11 18 24% 763024 6258 41%
c - 31.68  0 19 19 5686  1 163699 37265 1.6 24 15 11 18 23% 763024 6258 41%
c p 31.71  0 19 19 5686  1 163699 37418 1.6 24 15 11 18 23% 763024 6253 41%
c u 31.85  0 19 19 5686  1 163699 37364 1.6 24 15 11 18 23% 763024 6253 41%
c v 31.91  0 19 19 5686  1 163699 37364 1.6 24 15 11 18 23% 763024 6253 41%
c w 31.95  0 19 19 5686  1 163699 37363 1.6 24 15 11 18 23% 763024 6253 41%
c x 32.02  0 19 19 5686  1 163699 37363 1.6 24 15 11 18 23% 762998 6253 41%
c t 32.03  0 19 19 5686  1 163699 37363 1.6 24 15 11 18 23% 762997 6253 41%
c B 33.10  0 19 19 5690  1 171034 42211 1.6 24 15 11 18 23% 762997 6253 41%
c ] 34.52  0 19 19 5696  1 181015 49193 1.6 24 15 11 18 22% 762997 6253 41%
c { 34.52  0 19 19 5696  2 181015 49193 1.6 22 14 9 14 20% 762997 6253 41%
c - 34.93  0 19 20 5849  2 182739 38613 1.6 22 14 9 14 20% 762981 6253 41%
c p 34.96  0 19 20 5849  2 182739 38867 1.6 22 14 9 14 20% 762981 6244 41%
c W 37.54  0 18 20 6435  2 190036 43712 1.6 22 14 9 14 20% 762952 6244 41%
c - 39.80  0 18 21 7242  2 202857 37679 1.6 22 14 8 14 20% 762952 6244 41%
c 2 39.80  0 18 21 7242  2 202857 37679 1.6 22 14 8 14 20% 762951 6244 41%
c p 39.84  0 18 21 7242  2 202857 37933 1.6 22 14 8 14 20% 762951 6235 41%
c u 40.00  0 18 21 7242  2 202857 37891 1.6 22 14 8 14 20% 762951 6235 41%
c v 40.07  0 18 21 7242  2 202857 37885 1.6 22 14 8 14 20% 762951 6235 41%
c 
c  seconds  reductions   conflicts         size   tier2        variables
c         MB     restarts       redundant     glue    trail         remaining
c          level       rate          size/glue  tier1   irredundant
c 
c w 40.10  0 18 21 7242  2 202857 37884 1.6 22 14 8 14 20% 762951 6235 41%
c x 40.16  0 18 21 7242  2 202857 37884 1.6 22 14 8 14 20% 762901 6235 41%
c s 40.80  0 18 21 7430  1 205297 39660 1.6 22 14 8 14 20% 762591 6235 41%
c t 40.81  0 18 21 7430  1 205297 39660 1.6 22 14 8 14 20% 762588 6235 41%
c s 41.07  0 18 21 7430  1 205297 39649 1.6 22 14 8 14 20% 762177 6235 41%
c F 42.04  0 18 21 7551  1 210037 42877 1.6 22 14 8 14 20% 762177 6235 41%
c - 44.23  0 17 22 7851  1 224053 41410 1.6 21 13 8 14 19% 762177 6235 41%
c p 44.26  0 17 22 7851  1 224053 41555 1.6 21 13 8 14 19% 762177 6207 41%
c } 44.79  0 17 22 7947  1 226392 43218 1.6 21 13 8 14 19% 762177 6207 41%
c [ 44.79  0 19 22 7947  1 226392 43218 1.6 24 15 11 18 22% 762177 6207 41%
c W 46.27  0 19 22 7950  1 231039 46347 1.6 24 15 11 18 22% 762080 6207 41%
c - 48.40  0 18 23 7954  1 246325 45622 1.6 24 15 11 18 22% 762080 6207 41%
c 2 48.40  0 18 23 7954  1 246325 45622 1.6 24 15 11 18 22% 762075 6207 41%
c p 48.45  0 18 23 7954  1 246325 45944 1.6 24 15 11 18 22% 762075 6198 41%
c u 48.66  0 18 23 7954  1 246325 45858 1.6 24 15 11 18 22% 762076 6198 41%
c v 48.73  0 18 23 7954  1 246325 45848 1.6 24 15 11 18 22% 762076 6198 41%
c w 48.77  0 18 23 7954  1 246325 45845 1.6 24 15 11 18 22% 762076 6198 41%
c x 48.83  0 18 23 7954  1 246325 45845 1.6 24 15 11 18 22% 761967 6198 41%
c t 48.84  0 18 23 7954  1 246325 45845 1.6 24 15 11 18 22% 761959 6198 41%
c O 49.98  0 18 23 7958  1 253040 50461 1.6 24 15 11 18 22% 761959 6198 41%
c 
c  seconds  reductions   conflicts         size   tier2        variables
c         MB     restarts       redundant     glue    trail         remaining
c          level       rate          size/glue  tier1   irredundant
c 
c - 52.60  0 18 24 7966  1 269674 48978 1.6 23 15 9 16 22% 761932 6198 41%
c p 52.62  0 18 24 7966  1 269674 49252 1.6 23 15 9 16 22% 761932 6192 41%
c u 53.34  0 18 24 7966  1 269674 49181 1.6 23 15 9 16 22% 761911 6192 41%
c v 53.38  0 18 24 7966  1 269674 49173 1.6 23 15 9 16 22% 761911 6192 41%
c w 53.40  0 18 24 7966  1 269674 49173 1.6 23 15 9 16 22% 761911 6192 41%
c x 53.43  0 18 24 7966  1 269674 49173 1.6 23 15 9 16 22% 761877 6192 41%
c ] 53.89  0 18 24 7967  1 272444 50904 1.6 23 15 9 16 22% 761877 6192 41%
c { 53.89  0 17 24 7967  1 272444 50904 1.6 21 13 8 14 19% 761877 6192 41%
c B 54.52  0 17 24 8313  1 276042 53396 1.6 21 13 8 14 19% 761877 6192 41%
c s 57.07  0 17 24 9250  1 288501 62217 1.6 22 13 8 14 20% 760640 6192 41%
c t 57.09  0 17 24 9250  1 288501 62217 1.6 22 13 8 14 20% 760631 6192 41%
c e 57.22  0 17 24 9250  1 288501 62214 1.6 22 13 8 14 20% 760630 6191 40%
c s 57.39  0 17 24 9250  1 288501 62200 1.6 22 13 8 14 20% 758628 6191 40%
c - 58.67  0 17 25 9705  1 294106 52497 1.6 21 13 8 14 20% 758628 6191 40%
c p 58.72  0 17 25 9705  1 294106 52876 1.6 21 13 8 14 20% 758628 6177 40%
c u 58.84  0 17 25 9705  1 294106 52858 1.6 21 13 8 14 20% 758628 6177 40%
c v 58.89  0 17 25 9705  1 294106 52858 1.6 21 13 8 14 20% 758628 6177 40%
c w 58.91  0 17 25 9705  1 294106 52858 1.6 21 13 8 14 20% 758628 6177 40%
c x 58.95  0 17 25 9705  1 294106 52858 1.6 21 13 8 14 20% 758604 6177 40%
c W 60.66  0 17 25 10103  1 300043 56147 1.6 21 13 8 14 19% 758555 6177 40%
c 
c  seconds  reductions    conflicts         size   tier2        variables
c         MB      restarts       redundant     glue    trail         remaining
c          level        rate          size/glue  tier1   irredundant
c 
c - 63.27  0 16 26 10727  1 319593 56536 1.6 21 13 8 14 19% 758555 6177 40%
c 2 63.27  0 16 26 10727  1 319593 56536 1.6 21 13 8 14 19% 758554 6177 40%
c p 63.30  0 16 26 10727  1 319593 57069 1.6 21 13 8 14 19% 758554 6166 40%
c u 63.42  0 16 26 10727  1 319593 57050 1.6 21 13 8 14 19% 758554 6166 40%
c v 63.46  0 16 26 10727  1 319593 57047 1.6 21 13 8 14 19% 758554 6166 40%
c w 63.48  0 16 26 10727  1 319593 57047 1.6 21 13 8 14 19% 758554 6166 40%
c x 63.53  0 16 26 10727  1 319593 57047 1.6 21 13 8 14 19% 758472 6166 40%
c # 64.63  0 16 26 11195  1 325044 60829 1.6 21 13 8 14 19% 758472 6166 40%
c } 66.30  0 16 26 11882  1 331915 65446 1.6 21 13 8 14 19% 758472 6166 40%
c [ 66.30  0 18 26 11882  1 331915 65446 1.6 23 15 9 16 22% 758472 6166 40%
c - 67.99  0 18 27 11883  1 346163 59051 1.6 24 15 9 16 22% 758433 6166 40%
c p 68.03  0 18 27 11883  1 346163 59611 1.6 24 15 9 16 22% 758433 6161 40%
c u 68.16  0 18 27 11883  1 346163 59588 1.6 24 15 9 16 22% 758433 6161 40%
c v 68.22  0 18 27 11883  1 346163 59586 1.6 24 15 9 16 22% 758433 6161 40%
c w 68.24  0 18 27 11883  1 346163 59586 1.6 24 15 9 16 22% 758433 6161 40%
c x 68.28  0 18 27 11883  1 346163 59586 1.6 24 15 9 16 22% 758360 6161 40%
c B 68.99  0 18 27 11883  1 351047 63084 1.6 24 15 9 16 22% 758360 6161 40%
c - 72.20  0 19 28 11884  1 373813 61211 1.6 24 15 9 16 22% 758344 6161 40%
c p 72.24  0 19 28 11884  1 373813 61758 1.6 24 15 9 16 22% 758344 6139 40%
c u 72.38  0 19 28 11884  1 373813 61744 1.6 24 15 9 16 22% 758344 6139 40%
c 
c  seconds  reductions    conflicts         size   tier2        variables
c         MB      restarts       redundant     glue    trail         remaining
c          level        rate          size/glue  tier1   irredundant
c 
c v 72.45  0 19 28 11884  1 373813 61742 1.6 24 15 9 16 22% 758344 6139 40%
c w 72.48  0 19 28 11884  1 373813 61742 1.6 24 15 9 16 22% 758344 6139 40%
c x 72.52  0 19 28 11884  1 373813 61742 1.6 24 15 9 16 22% 758260 6139 40%
c W 74.44  0 18 28 11884  1 378049 64460 1.6 24 15 9 16 22% 758183 6139 40%
c s 75.90  0 18 28 11884  1 385621 69414 1.6 24 15 9 16 21% 756429 6139 40%
c t 75.92  0 18 28 11884  1 385621 69414 1.6 24 15 9 16 21% 756425 6139 40%
c s 76.25  0 18 28 11884  1 385621 69381 1.6 24 15 9 16 21% 755795 6139 40%
c ] 77.50  0 19 28 11889  1 393315 74327 1.6 24 15 9 16 21% 755795 6139 40%
c { 77.50  0 16 28 11889  1 393315 74327 1.6 21 13 8 14 19% 755795 6139 40%
c - 79.03  0 16 29 11997  1 402547 64102 1.6 21 13 8 14 19% 755795 6139 40%
c p 79.07  0 16 29 11997  1 402547 64514 1.6 21 13 8 14 19% 755795 6116 40%
c u 79.21  0 16 29 11997  1 402547 64491 1.6 21 13 8 14 19% 755795 6116 40%
c v 79.26  0 16 29 11997  1 402547 64486 1.6 21 13 8 14 19% 755795 6116 40%
c w 79.29  0 16 29 11997  1 402547 64486 1.6 21 13 8 14 19% 755795 6116 40%
c x 79.32  0 16 29 11997  1 402547 64486 1.6 21 13 8 14 19% 755635 6116 40%
c B 79.84  0 16 29 12130  1 406051 67001 1.6 21 13 8 14 19% 755635 6116 40%
c - 84.61  0 16 30 13444  1 432342 71371 1.6 21 13 8 14 20% 755552 6116 40%
c 2 84.61  0 16 30 13444  1 432342 71371 1.6 21 13 8 14 20% 755551 6116 40%
c p 84.65  0 16 30 13444  1 432342 72181 1.6 21 13 8 14 20% 755551 6100 40%
c u 84.84  0 16 30 13444  1 432342 72061 1.6 21 13 8 14 20% 755546 6100 40%
c 
c  seconds  reductions    conflicts         size   tier2        variables
c         MB      restarts       redundant     glue    trail         remaining
c          level        rate          size/glue  tier1   irredundant
c 
c v 84.91  0 16 30 13444  1 432342 72057 1.6 21 13 8 14 20% 755546 6100 40%
c w 84.95  0 16 30 13444  1 432342 72056 1.6 21 13 8 14 20% 755546 6100 40%
c x 84.99  0 16 30 13444  1 432342 72056 1.6 21 13 8 14 20% 755324 6100 40%
c t 84.99  0 16 30 13444  1 432342 72056 1.6 21 13 8 14 20% 755317 6100 40%
c W 86.14  0 16 30 13569  1 435054 73573 1.6 21 13 8 14 20% 755269 6100 40%
c - 91.70  0 16 31 16688  1 463220 75899 1.6 21 13 8 14 20% 755269 6100 40%
c p 91.75  0 16 31 16688  1 463220 76383 1.6 21 13 8 14 20% 755269 6080 40%
c u 92.77  0 16 31 16688  1 463220 76297 1.6 21 13 8 14 20% 755192 6080 40%
c v 92.83  0 16 31 16688  1 463220 76291 1.6 21 13 8 14 20% 755192 6080 40%
c w 92.87  0 16 31 16688  1 463220 76288 1.6 21 13 8 14 20% 755192 6080 40%
c x 92.94  0 16 31 16688  1 463220 76288 1.6 21 13 8 14 20% 755191 6080 40%
c t 92.95  0 16 31 16688  1 463220 76288 1.6 21 13 8 14 20% 755187 6080 40%
c } 93.04  0 16 31 16718  1 463419 76428 1.6 21 13 8 14 20% 755187 6080 40%
c [ 93.04  0 19 31 16718  1 463419 76428 1.6 24 15 9 16 21% 755187 6080 40%
c I 93.30  0 18 31 16719  1 465057 77513 1.6 24 15 8 16 21% 755187 6080 40%
c - 97.97  0 17 32 16732  1 495176 79872 1.6 23 15 8 16 21% 755187 6080 40%
c 2 97.97  0 17 32 16732  1 495176 79872 1.6 23 15 8 16 21% 755185 6080 40%
c p 98.03  0 17 32 16732  1 495176 80550 1.6 23 15 8 16 21% 755185 6071 40%
c u 98.17  0 17 32 16732  1 495176 80506 1.6 23 15 8 16 21% 755185 6071 40%
c v 98.25  0 17 32 16732  1 495176 80501 1.6 23 15 8 16 21% 755185 6071 40%
c 
c  seconds  reductions    conflicts         size   tier2        variables
c         MB      restarts       redundant     glue    trail         remaining
c          level        rate          size/glue  tier1   irredundant
c 
c w 98.28  0 17 32 16732  1 495176 80499 1.6 23 15 8 16 21% 755185 6071 40%
c x 98.33  0 17 32 16732  1 495176 80499 1.6 23 15 8 16 21% 755176 6071 40%
c t 98.34  0 17 32 16732  1 495176 80499 1.6 23 15 8 16 21% 755175 6071 40%
c B 98.51  0 18 32 16733  1 496058 81098 1.6 23 15 8 16 21% 755175 6071 40%
c s 98.87  0 18 32 16733  1 496725 81449 1.6 23 15 8 16 21% 753758 6071 40%
c t 98.89  0 18 32 16733  1 496725 81449 1.6 23 15 8 16 21% 753747 6071 40%
c e 99.02  0 18 32 16733  1 496725 81449 1.6 23 15 8 16 21% 753711 6069 40%
c s 99.30  0 18 32 16733  1 496725 81434 1.6 23 15 8 16 21% 749163 6069 40%
c W 105.49  0 17 32 16744  1 528059 100527 1.6 22 14 8 16 21% 749163 6069 40%
c - 105.62  0 17 33 16744  1 528215 84749 1.6 22 14 8 16 21% 749163 6069 40%
c p 105.68  0 17 33 16744  1 528215 85210 1.6 22 14 8 16 21% 749163 6049 40%
c u 105.84  0 17 33 16744  1 528215 85186 1.6 22 14 8 16 21% 749163 6049 40%
c v 105.91  0 17 33 16744  1 528215 85180 1.6 22 14 8 16 21% 749163 6049 40%
c w 105.94  0 17 33 16744  1 528215 85178 1.6 22 14 8 16 21% 749163 6049 40%
c x 106.00  0 17 33 16744  1 528215 85178 1.6 22 14 8 16 21% 749138 6049 40%
c ] 107.01  0 17 33 16744  1 533203 88394 1.6 22 14 8 15 21% 749138 6049 40%
c { 107.01  0 16 33 16744  1 533203 88394 1.6 21 13 8 14 20% 749138 6049 40%
c F 112.57  0 16 33 18502  1 561062 106793 1.6 21 13 8 14 20% 749138 6049 40%
c - 113.07  0 16 34 18695  1 562274 89807 1.6 21 13 8 14 20% 749064 6049 40%
c 2 113.07  0 16 34 18695  1 562274 89807 1.6 21 13 8 14 20% 749063 6049 40%
c 
c  seconds   reductions    conflicts         size   tier2        variables
c          MB      restarts       redundant     glue    trail         remaining
c           level        rate          size/glue  tier1   irredundant
c 
c p 113.13  0 16 34 18695  1 562274 90477 1.6 21 13 8 14 20% 749063 6028 39%
c u 113.33  0 16 34 18695  1 562274 90458 1.6 21 13 8 14 20% 749063 6028 39%
c v 113.41  0 16 34 18695  1 562274 90441 1.6 21 13 8 14 20% 749063 6028 39%
c w 113.45  0 16 34 18695  1 562274 90439 1.6 21 13 8 14 20% 749063 6028 39%
c x 113.51  0 16 34 18695  1 562274 90439 1.6 21 13 8 14 20% 749038 6028 39%
c t 113.51  0 16 34 18695  1 562274 90439 1.6 21 13 8 14 20% 749037 6028 39%
c B 119.16  0 16 34 20094  1 595063 110118 1.6 20 13 7 13 20% 749037 6028 39%
c - 119.74  0 16 35 20366  1 597415 79437 1.6 20 13 7 13 20% 748963 6028 39%
c 2 119.74  0 16 35 20366  1 597415 79437 1.6 20 13 7 13 20% 748959 6028 39%
c p 119.81  0 16 35 20366  1 597415 80261 1.6 20 13 7 13 20% 748959 6003 39%
c u 119.99  0 16 35 20366  1 597415 80234 1.6 20 13 7 13 20% 748959 6003 39%
c v 120.07  0 16 35 20366  1 597415 80225 1.6 20 13 7 13 20% 748959 6003 39%
c w 120.11  0 16 35 20366  1 597415 80223 1.6 20 13 7 13 20% 748959 6003 39%
c x 120.16  0 16 35 20366  1 597415 80223 1.6 20 13 7 13 20% 748873 6003 39%
c t 120.17  0 16 35 20366  1 597415 80223 1.6 20 13 7 13 20% 748869 6003 39%
c } 123.80  0 16 35 21846  1 617012 92383 1.6 20 13 7 13 20% 748869 6003 39%
c [ 123.80  0 17 35 21846  1 617012 92383 1.6 22 14 8 15 21% 748869 6003 39%
c s 124.91  0 17 35 21846  1 621785 95300 1.6 22 14 8 15 21% 742767 6003 39%
c e 125.06  0 17 35 21846  1 621785 95300 1.6 22 14 8 15 21% 742669 6002 39%
c s 125.38  0 17 35 21846  1 621785 95283 1.6 22 14 8 15 21% 741251 6002 39%
c 
c  seconds   reductions    conflicts          size   tier2        variables
c          MB      restarts       redundant      glue    trail         remaining
c           level        rate           size/glue  tier1   irredundant
c 
c O 127.13  0 17 35 21851  1 630064 100643 1.6 22 14 8 15 21% 741251 6002 39%
c - 127.82  0 17 36 21853  1 633635 78961 1.6 22 14 8 15 21% 741251 6002 39%
c p 127.89  0 17 36 21853  1 633635 79735 1.6 22 14 8 15 21% 741251 5983 39%
c u 128.08  0 17 36 21853  1 633635 79703 1.6 22 14 8 15 21% 741251 5983 39%
c v 128.16  0 17 36 21853  1 633635 79698 1.6 22 14 8 15 21% 741251 5983 39%
c w 128.20  0 17 36 21853  1 633635 79697 1.6 22 14 8 15 21% 741251 5983 39%
c x 128.26  0 17 36 21853  1 633635 79697 1.6 22 14 8 15 21% 741193 5983 39%
c B 132.88  0 16 36 21868  1 666065 100659 1.6 22 14 8 15 21% 741193 5983 39%
c - 133.80  0 16 37 21869  1 670848 81976 1.6 22 14 8 15 21% 741119 5983 39%
c p 133.85  0 16 37 21869  1 670848 82710 1.6 22 14 8 15 21% 741119 5973 39%
c u 134.04  0 16 37 21869  1 670848 82667 1.6 22 14 8 15 21% 741119 5973 39%
c v 134.12  0 16 37 21869  1 670848 82663 1.6 22 14 8 15 21% 741119 5973 39%
c w 134.16  0 16 37 21869  1 670848 82661 1.6 22 14 8 15 21% 741119 5973 39%
c x 134.21  0 16 37 21869  1 670848 82661 1.6 22 14 8 15 21% 741001 5973 39%
c W 141.59  0 17 37 21877  1 703067 102518 1.6 22 14 8 15 21% 740962 5973 39%
c ] 141.78  0 17 37 21877  1 704250 103319 1.6 22 14 8 15 21% 740962 5973 39%
c { 141.78  0 16 37 21877  1 704250 103319 1.6 20 13 7 13 20% 740962 5973 39%
c - 142.93  0 16 38 22440  1 709137 81075 1.6 20 13 7 13 20% 740962 5973 39%
c p 143.00  0 16 38 22440  1 709137 81899 1.6 20 13 7 13 20% 740962 5968 39%
c u 143.22  0 16 38 22440  1 709137 81783 1.6 20 13 7 13 20% 740964 5968 39%
c 
c  seconds   reductions    conflicts         size   tier2        variables
c          MB      restarts       redundant     glue    trail         remaining
c           level        rate          size/glue  tier1   irredundant
c 
c v 143.30  0 16 38 22440  1 709137 81772 1.6 20 13 7 13 20% 740964 5968 39%
c w 143.35  0 16 38 22440  1 709137 81770 1.6 20 13 7 13 20% 740964 5968 39%
c x 143.40  0 16 38 22440  1 709137 81770 1.6 20 13 7 13 20% 740894 5968 39%
c t 143.40  0 16 38 22440  1 709137 81770 1.6 20 13 7 13 20% 740890 5968 39%
c W 150.61  0 16 38 25319  1 741071 102745 1.6 21 13 7 13 21% 740875 5968 39%
c - 152.37  0 16 39 25968  1 748500 82558 1.6 21 13 7 13 21% 740875 5968 39%
c p 152.45  0 16 39 25968  1 748500 83444 1.6 21 13 7 13 21% 740875 5963 39%
c u 153.83  0 16 39 25968  1 748500 83356 1.6 21 13 7 13 21% 740855 5963 39%
c v 153.93  0 16 39 25968  1 748500 83349 1.6 21 13 7 13 21% 740855 5963 39%
c w 153.99  0 16 39 25968  1 748500 83349 1.6 21 13 7 13 21% 740855 5963 39%
c x 154.06  0 16 39 25968  1 748500 83349 1.6 21 13 7 13 21% 740752 5963 39%
c s 156.64  0 16 39 26688  1 760753 90714 1.5 20 13 7 13 21% 734593 5963 39%
c e 156.79  0 16 39 26688  1 760753 90608 1.5 20 13 7 13 21% 734591 5962 39%
c s 157.19  0 16 39 26688  1 760753 90597 1.5 20 13 7 13 21% 727987 5962 39%
c # 159.88  0 15 39 27095  1 780073 102007 1.5 20 13 7 13 20% 727987 5962 39%
c - 161.79  0 15 40 27607  1 788939 89422 1.5 20 13 7 13 20% 727987 5962 39%
c p 161.84  0 15 40 27607  1 788939 90179 1.5 20 13 7 13 20% 727987 5960 39%
c u 162.02  0 15 40 27607  1 788939 90157 1.5 20 13 7 13 20% 727987 5960 39%
c v 162.10  0 15 40 27607  1 788939 90149 1.5 20 13 7 13 20% 727987 5960 39%
c w 162.13  0 15 40 27607  1 788939 90146 1.5 20 13 7 13 20% 727987 5960 39%
c 
c  seconds   reductions    conflicts         size   tier2        variables
c          MB      restarts       redundant     glue    trail         remaining
c           level        rate          size/glue  tier1   irredundant
c 
c x 162.18  0 15 40 27607  1 788939 90146 1.5 20 13 7 13 20% 727894 5960 39%
c t 162.19  0 15 40 27607  1 788939 90146 1.5 20 13 7 13 20% 727892 5960 39%
c } 166.40  0 15 40 29883  1 810337 103874 1.5 20 13 7 13 20% 727892 5960 39%
c [ 166.40  0 17 40 29883  1 810337 103874 1.6 22 14 8 15 21% 727892 5960 39%
c I 167.62  0 17 40 29884  1 820076 109322 1.5 22 14 8 15 21% 727892 5960 39%
c - 169.24  0 17 41 29884  1 830288 93909 1.6 22 14 8 15 21% 727884 5960 39%
c p 169.31  0 17 41 29884  1 830288 94767 1.6 22 14 8 15 21% 727884 5942 39%
c u 169.51  0 17 41 29884  1 830288 94735 1.6 22 14 8 15 21% 727884 5942 39%
c v 169.60  0 17 41 29884  1 830288 94730 1.6 22 14 8 15 21% 727884 5942 39%
c w 169.64  0 17 41 29884  1 830288 94730 1.6 22 14 8 15 21% 727884 5942 39%
c x 169.76  0 17 41 29884  1 830288 94729 1.6 22 14 8 15 21% 727880 5942 39%
c t 169.77  0 17 41 29884  1 830288 94729 1.6 22 14 8 15 21% 727879 5942 39%
c B 174.47  0 16 41 29885  1 861079 113985 1.6 22 14 8 15 21% 727879 5942 39%
c - 176.13  0 16 42 29885  1 872705 96733 1.6 22 14 8 15 21% 727807 5942 39%
c p 176.20  0 16 42 29885  1 872705 97641 1.6 22 14 8 15 21% 727807 5936 39%
c u 176.41  0 16 42 29885  1 872705 97611 1.6 22 14 8 15 21% 727807 5936 39%
c v 176.51  0 16 42 29885  1 872705 97603 1.6 22 14 8 15 21% 727807 5936 39%
c w 176.55  0 16 42 29885  1 872705 97597 1.6 22 14 8 15 21% 727807 5936 39%
c x 176.67  0 16 42 29885  1 872705 97597 1.6 22 14 8 15 21% 727807 5936 39%
c W 182.52  0 17 42 29885  1 903080 117845 1.6 22 14 8 15 21% 727783 5936 39%
c 
c  seconds   reductions    conflicts          size   tier2        variables
c          MB      restarts       redundant      glue    trail         remaining
c           level        rate           size/glue  tier1   irredundant
c 
c s 184.17  0 17 42 29886  1 913259 124367 1.6 22 14 8 15 22% 723146 5936 39%
c s 184.72  0 17 42 29886  1 913259 124350 1.6 22 14 8 15 22% 715260 5936 39%
c - 185.35  0 17 43 29888  1 916191 99538 1.6 22 14 8 15 21% 715260 5936 39%
c p 185.40  0 17 43 29888  1 916191 100337 1.6 22 14 8 15 21% 715260 5934 39%
c u 185.58  0 17 43 29888  1 916191 100316 1.6 22 14 8 15 21% 715260 5934 39%
c v 185.65  0 17 43 29888  1 916191 100314 1.6 22 14 8 15 21% 715260 5934 39%
c w 185.68  0 17 43 29888  1 916191 100314 1.6 22 14 8 15 21% 715260 5934 39%
c x 185.79  0 17 43 29888  1 916191 100314 1.6 22 14 8 15 21% 715234 5934 39%
c ] 187.38  0 17 43 29895  1 928703 108999 1.5 22 14 8 15 21% 715234 5934 39%
c { 187.38  0 15 43 29895  1 928703 108999 1.5 20 13 7 13 20% 715234 5934 39%
c B 190.27  0 15 43 30960  1 946081 118896 1.5 20 13 7 13 20% 715234 5934 39%
c - 192.33  0 15 44 31305  1 960567 101735 1.5 19 13 7 13 20% 715226 5934 39%
c p 192.39  0 15 44 31305  1 960567 102678 1.5 19 13 7 13 20% 715226 5933 39%
c u 192.57  0 15 44 31305  1 960567 102659 1.5 19 13 7 13 20% 715226 5933 39%
c v 192.65  0 15 44 31305  1 960567 102652 1.5 19 13 7 13 20% 715226 5933 39%
c w 192.69  0 15 44 31305  1 960567 102652 1.5 19 13 7 13 20% 715226 5933 39%
c x 192.79  0 15 44 31305  1 960567 102652 1.5 19 13 7 13 20% 715222 5933 39%
c W 200.14  0 15 44 33374  1 990082 121016 1.5 19 13 7 13 20% 715218 5933 39%
c - 203.66  0 15 45 35913  1 1006005 106082 1.5 20 13 7 13 20% 715218 5933 39%
c p 203.75  0 15 45 35913  1 1006005 107228 1.5 20 13 7 13 20% 715218 5932 39%
c 
c  seconds   reductions     conflicts          size   tier2        variables
c          MB      restarts        redundant      glue    trail         remaining
c           level        rate            size/glue  tier1   irredundant
c 
c u 204.00  0 15 45 35913  1 1006005 107186 1.5 20 13 7 13 20% 715218 5932 39%
c v 204.11  0 15 45 35913  1 1006005 107175 1.5 20 13 7 13 20% 715218 5932 39%
c w 204.17  0 15 45 35913  1 1006005 107175 1.5 20 13 7 13 20% 715218 5932 39%
c x 204.34  0 15 45 35913  1 1006005 107175 1.5 20 13 7 13 20% 715215 5932 39%
c F 210.50  0 16 45 38043  1 1035083 125014 1.5 20 13 7 13 20% 715215 5932 39%
c } 213.39  0 16 45 39086  1 1048868 133821 1.5 20 13 7 13 21% 715215 5932 39%
c [ 213.39  0 17 45 39086  1 1048868 133821 1.5 22 14 8 15 21% 715215 5932 39%
c - 214.08  0 17 46 39089  1 1052503 110679 1.5 22 14 8 15 21% 715211 5932 39%
c p 214.17  0 17 46 39089  1 1052503 111870 1.5 22 14 8 15 21% 715211 5932 39%
c u 214.42  0 17 46 39089  1 1052503 111628 1.5 22 14 8 15 21% 715211 5932 39%
c v 214.54  0 17 46 39089  1 1052503 111616 1.5 22 14 8 15 21% 715211 5932 39%
c w 214.60  0 17 46 39089  1 1052503 111614 1.5 22 14 8 15 21% 715211 5932 39%
c x 214.77  0 17 46 39089  1 1052503 111614 1.5 22 14 8 15 21% 715192 5932 39%
c t 214.78  0 17 46 39089  1 1052503 111613 1.5 22 14 8 15 21% 715192 5932 39%
c s 219.43  0 16 46 39099  1 1079169 128396 1.6 22 14 8 15 21% 709180 5932 39%
c s 219.99  0 16 46 39099  1 1079169 128385 1.6 22 14 8 15 21% 702572 5932 39%
c O 220.53  0 16 46 39101  1 1081085 129365 1.6 22 14 8 15 21% 702572 5932 39%
c - 223.99  0 16 47 39107  1 1100063 117708 1.6 21 13 8 15 21% 702572 5932 39%
c p 224.08  0 16 47 39107  1 1100063 118918 1.6 21 13 8 15 21% 702572 5931 39%
c u 224.35  0 16 47 39107  1 1100063 118828 1.6 21 13 8 15 21% 702575 5931 39%
c 
c  seconds   reductions     conflicts          size   tier2        variables
c          MB      restarts        redundant      glue    trail         remaining
c           level        rate            size/glue  tier1   irredundant
c 
c v 224.46  0 16 47 39107  1 1100063 118818 1.6 21 13 8 15 21% 702575 5931 39%
c w 224.51  0 16 47 39107  1 1100063 118810 1.6 21 13 8 15 21% 702575 5931 39%
c x 224.65  0 16 47 39107  1 1100063 118810 1.6 21 13 8 15 21% 702566 5931 39%
c t 224.66  0 16 47 39107  1 1100063 118810 1.6 21 13 8 15 21% 702562 5931 39%
c B 229.82  0 15 47 39114  1 1128089 136036 1.6 21 13 7 14 21% 702562 5931 39%
c - 233.95  0 15 48 39122  1 1148484 124990 1.6 21 13 7 14 21% 702559 5931 39%
c p 234.04  0 15 48 39122  1 1148484 126211 1.6 21 13 7 14 21% 702559 5931 39%
c u 235.85  0 15 48 39122  1 1148484 126146 1.6 21 13 7 14 21% 702559 5931 39%
c v 235.97  0 15 48 39122  1 1148484 126129 1.6 21 13 7 14 21% 702559 5931 39%
c w 236.04  0 15 48 39122  1 1148484 126128 1.6 21 13 7 14 21% 702559 5931 39%
c x 236.21  0 15 48 39122  1 1148484 126128 1.6 21 13 7 14 21% 702519 5931 39%
c t 236.22  0 15 48 39122  1 1148484 126128 1.6 21 13 7 14 21% 702516 5931 39%
c ] 239.05  0 15 48 39132  1 1164678 136394 1.6 21 13 7 14 21% 702516 5931 39%
c { 239.05  0 16 48 39132  1 1164678 136394 1.5 20 13 7 13 21% 702516 5931 39%
c B 241.15  0 15 48 39287  1 1176096 143205 1.5 20 13 7 13 21% 702516 5931 39%
c - 245.33  0 15 49 39939  1 1197958 131385 1.5 20 13 7 13 21% 702516 5931 39%
c p 245.43  0 15 49 39939  1 1197958 132609 1.5 20 13 7 13 21% 702516 5931 39%
c u 245.69  0 15 49 39939  1 1197958 132560 1.5 20 13 7 13 21% 702516 5931 39%
c v 245.81  0 15 49 39939  1 1197958 132551 1.5 20 13 7 13 21% 702516 5931 39%
c w 245.87  0 15 49 39939  1 1197958 132551 1.5 20 13 7 13 21% 702516 5931 39%
c 
c  seconds   reductions     conflicts          size   tier2        variables
c          MB      restarts        redundant      glue    trail         remaining
c           level        rate            size/glue  tier1   irredundant
c 
c x 246.04  0 15 49 39939  1 1197958 132550 1.5 20 13 7 13 21% 702485 5931 39%
c t 246.04  0 15 49 39939  1 1197958 132550 1.5 20 13 7 13 21% 702482 5931 39%
c W 254.13  0 15 49 41423  1 1225097 149116 1.5 20 13 7 13 21% 702482 5931 39%
c - 258.49  0 15 50 41929  1 1248486 135853 1.6 20 13 7 13 21% 702482 5931 39%
c p 258.58  0 15 50 41929  1 1248486 137039 1.6 20 13 7 13 21% 702482 5931 39%
c u 258.83  0 15 50 41929  1 1248486 136988 1.6 20 13 7 13 21% 702482 5931 39%
c v 258.95  0 15 50 41929  1 1248486 136975 1.6 20 13 7 13 21% 702482 5931 39%
c w 259.00  0 15 50 41929  1 1248486 136968 1.6 20 13 7 13 21% 702482 5931 39%
c x 259.15  0 15 50 41929  1 1248486 136968 1.6 20 13 7 13 21% 702447 5931 39%
c t 259.15  0 15 50 41929  1 1248486 136968 1.6 20 13 7 13 21% 702444 5931 39%
c s 262.03  0 15 50 42933  1 1258257 143375 1.5 20 13 7 13 21% 696644 5931 39%
c s 262.56  0 15 50 42933  1 1258257 135301 1.5 20 13 7 13 21% 687786 5931 39%
c e 262.67  0 15 50 42933  1 1258257 134996 1.5 20 13 7 13 21% 687781 5929 39%
c # 266.20  0 15 50 44349  1 1275100 145002 1.5 20 13 7 13 21% 687781 5929 39%
c - 271.37  0 15 51 45531  1 1300072 133753 1.6 20 13 7 13 21% 687781 5929 39%
c 2 271.38  0 15 51 45531  1 1300072 133750 1.6 20 13 7 13 21% 687758 5929 39%
c p 271.47  0 15 51 45531  1 1300072 134991 1.6 20 13 7 13 21% 687758 5929 39%
c u 271.78  0 15 51 45531  1 1300072 134944 1.6 20 13 7 13 21% 687758 5929 39%
c v 271.91  0 15 51 45531  1 1300072 134900 1.6 20 13 7 13 21% 687758 5929 39%
c w 271.98  0 15 51 45531  1 1300072 134899 1.6 20 13 7 13 21% 687758 5929 39%
c 
c  seconds   reductions     conflicts          size   tier2        variables
c          MB      restarts        redundant      glue    trail         remaining
c           level        rate            size/glue  tier1   irredundant
c 
c x 272.16  0 15 51 45531  1 1300072 134899 1.6 20 13 7 13 21% 687723 5929 39%
c t 272.17  0 15 51 45531  1 1300072 134899 1.6 20 13 7 13 21% 687718 5929 39%
c } 272.58  0 15 51 45549  1 1301450 135759 1.6 20 13 7 13 21% 687718 5929 39%
c [ 272.58  0 15 51 45549  1 1301450 135759 1.6 21 13 7 14 21% 687718 5929 39%
c W 278.71  0 14 51 45555  1 1326101 150223 1.6 20 12 7 14 21% 687718 5929 39%
c - 283.36  0 15 52 45556  1 1352451 140332 1.6 20 13 7 14 21% 687718 5929 39%
c p 283.46  0 15 52 45556  1 1352451 141533 1.6 20 13 7 14 21% 687718 5929 39%
c u 283.74  0 15 52 45556  1 1352451 141503 1.6 20 13 7 14 21% 687718 5929 39%
c v 283.88  0 15 52 45556  1 1352451 141499 1.6 20 13 7 14 21% 687718 5929 39%
c w 283.94  0 15 52 45556  1 1352451 141497 1.6 20 13 7 14 21% 687718 5929 39%
c x 284.13  0 15 52 45556  1 1352451 141497 1.6 20 13 7 14 21% 687690 5929 39%
c t 284.13  0 15 52 45556  1 1352451 141497 1.6 20 13 7 14 21% 687687 5929 39%
c I 289.09  0 15 52 45563  1 1378107 156594 1.6 20 13 7 14 21% 687687 5929 39%
c - 293.96  0 15 53 45574  1 1405871 143718 1.6 20 13 7 14 21% 687687 5929 39%
c p 294.05  0 15 53 45574  1 1405871 144971 1.6 20 13 7 14 21% 687687 5929 39%
c u 294.35  0 15 53 45574  1 1405871 144938 1.6 20 13 7 14 21% 687687 5929 39%
c v 294.48  0 15 53 45574  1 1405871 144918 1.6 20 13 7 14 21% 687687 5929 39%
c w 294.54  0 15 53 45574  1 1405871 144917 1.6 20 13 7 14 21% 687687 5929 39%
c x 294.72  0 15 53 45574  1 1405871 144917 1.6 20 13 7 14 21% 687679 5929 39%
c t 294.73  0 15 53 45574  1 1405871 144917 1.6 20 13 7 14 21% 687677 5929 39%
c 
c  seconds   reductions     conflicts          size   tier2        variables
c          MB      restarts        redundant      glue    trail         remaining
c           level        rate            size/glue  tier1   irredundant
c 
c B 299.18  0 14 53 45586  1 1431109 159669 1.6 20 12 7 14 21% 687677 5929 39%
c ] 299.78  0 14 53 45586  1 1434070 161460 1.6 20 12 7 14 21% 687677 5929 39%
c { 299.78  0 15 53 45586  1 1434070 161460 1.6 20 13 7 13 21% 687677 5929 39%
c s 302.98  0 14 53 45595  1 1450284 169924 1.6 19 12 7 13 21% 679512 5929 39%
c t 303.00  0 14 53 45595  1 1450284 169924 1.6 19 12 7 13 21% 679511 5929 39%
c s 303.53  0 14 53 45595  1 1450284 169261 1.6 19 12 7 13 21% 672421 5929 39%
c - 305.58  0 14 54 45726  1 1460334 148810 1.6 19 12 7 13 21% 672421 5929 39%
c p 305.68  0 14 54 45726  1 1460334 149882 1.6 19 12 7 13 21% 672421 5913 39%
c u 305.96  0 14 54 45726  1 1460334 149834 1.6 19 12 7 13 21% 672421 5913 39%
c v 306.07  0 14 54 45726  1 1460334 149789 1.6 19 12 7 13 21% 672421 5913 39%
c w 306.14  0 14 54 45726  1 1460334 149787 1.6 19 12 7 13 21% 672421 5913 39%
c x 306.32  0 14 54 45726  1 1460334 149787 1.6 19 12 7 13 21% 672407 5913 39%
c t 306.32  0 14 54 45726  1 1460334 149786 1.6 19 12 7 13 21% 672405 5913 39%
c B 310.38  0 14 54 46758  1 1485110 163235 1.6 19 12 7 13 21% 672405 5913 39%
c - 316.28  0 14 55 48335  1 1515550 156380 1.6 19 12 7 13 21% 672342 5913 39%
c p 316.37  0 14 55 48335  1 1515550 157490 1.6 19 12 7 13 21% 672342 5908 39%
c u 316.60  0 14 55 48335  1 1515550 157318 1.6 19 12 7 13 21% 672342 5908 39%
c v 316.73  0 14 55 48335  1 1515550 157299 1.6 19 12 7 13 21% 672342 5908 39%
c w 316.80  0 14 55 48335  1 1515550 157295 1.6 19 12 7 13 21% 672342 5908 39%
c x 316.94  0 14 55 48335  1 1515550 157295 1.6 19 12 7 13 21% 672336 5908 39%
c 
c  seconds   reductions     conflicts          size   tier2        variables
c          MB      restarts        redundant      glue    trail         remaining
c           level        rate            size/glue  tier1   irredundant
c 
c t 316.95  0 14 55 48335  1 1515550 157295 1.6 19 12 7 13 21% 672335 5908 39%
c W 324.84  0 14 55 50554  1 1540113 171549 1.6 19 12 7 13 21% 672315 5908 39%
c - 331.69  0 14 56 53786  1 1571797 160209 1.5 19 12 7 13 21% 672315 5908 39%
c p 331.79  0 14 56 53786  1 1571797 161438 1.5 19 12 7 13 21% 672315 5905 39%
c u 332.07  0 14 56 53786  1 1571797 161339 1.5 19 12 7 13 21% 672315 5905 39%
c v 332.23  0 14 56 53786  1 1571797 161313 1.5 19 12 7 13 21% 672315 5905 39%
c w 332.29  0 14 56 53786  1 1571797 161310 1.5 19 12 7 13 21% 672315 5905 39%
c x 332.48  0 14 56 53786  1 1571797 161310 1.5 19 12 7 13 21% 672309 5905 39%
c t 332.48  0 14 56 53786  1 1571797 161309 1.5 19 12 7 13 21% 672309 5905 39%
c } 336.38  0 14 56 55414  1 1589228 171681 1.5 19 12 7 13 21% 672309 5905 39%
c [ 336.38  0 14 56 55414  1 1589228 171681 1.6 20 12 7 14 21% 672309 5905 39%
c W 338.75  0 14 56 55415  1 1596114 175673 1.6 20 13 7 14 21% 672297 5905 39%
c - 345.98  0 14 57 55429  1 1629076 162426 1.6 20 12 7 14 21% 672297 5905 39%
c p 346.09  0 14 57 55429  1 1629076 163485 1.6 20 12 7 14 21% 672297 5893 39%
c u 346.43  0 14 57 55429  1 1629076 163370 1.6 20 12 7 14 21% 672285 5893 39%
c v 346.55  0 14 57 55429  1 1629076 163325 1.6 20 12 7 14 21% 672285 5893 39%
c w 346.61  0 14 57 55429  1 1629076 163320 1.6 20 12 7 14 21% 672285 5893 39%
c x 346.79  0 14 57 55429  1 1629076 163320 1.6 20 12 7 14 21% 672277 5893 39%
c t 346.80  0 14 57 55429  1 1629076 163319 1.6 20 12 7 14 21% 672277 5893 39%
c O 352.23  0 14 57 55437  1 1653115 177156 1.6 19 12 7 14 21% 672277 5893 39%
c 
c  seconds   reductions     conflicts          size   tier2        variables
c          MB      restarts        redundant      glue    trail         remaining
c           level        rate            size/glue  tier1   irredundant
c 
c s 353.17  0 14 57 55439  1 1655047 177940 1.6 19 12 7 14 21% 664936 5893 39%
c s 353.74  0 14 57 55439  1 1655047 177883 1.6 19 12 7 14 21% 657828 5893 39%
c - 361.28  0 13 58 55446  1 1687392 169327 1.6 19 12 7 14 21% 657828 5893 39%
c p 361.40  0 13 58 55446  1 1687392 170341 1.6 19 12 7 14 21% 657828 5868 38%
c d 361.54  0 13 58 55446  1 1687392 161810 1.6 19 12 7 14 21% 647050 5867 38%
c 2 361.55  0 13 58 55446  1 1687392 161809 1.6 19 12 7 14 21% 647049 5867 38%
c u 363.67  0 13 58 55446  1 1687392 161669 1.6 19 12 7 14 21% 647049 5867 38%
c v 363.83  0 13 58 55446  1 1687392 161498 1.6 19 12 7 14 21% 647049 5867 38%
c w 363.90  0 13 58 55446  1 1687392 161493 1.6 19 12 7 14 21% 647049 5867 38%
c x 364.11  0 13 58 55446  1 1687392 161492 1.6 19 12 7 14 21% 647016 5867 38%
c t 364.12  0 13 58 55446  1 1687392 161491 1.6 19 12 7 14 21% 647011 5867 38%
c B 368.70  0 13 58 55447  1 1711119 172442 1.6 18 11 7 13 21% 647011 5867 38%
c i 371.83  0 12 58 55448  1 1725112 178818 1.6 17 11 7 13 21% 647011 5804 38%
c i 372.25  0 12 58 55448  1 1727077 179710 1.6 17 11 7 13 21% 647011 5728 37%
c i 372.26  0 12 58 55448  1 1727109 179720 1.6 17 11 7 13 21% 647011 5724 37%
c i 372.31  0 12 58 55448  1 1727350 179795 1.6 17 11 7 13 21% 647011 5721 37%
c i 372.33  0 12 58 55448  1 1727448 179814 1.6 17 11 7 13 21% 647011 5676 37%
c i 372.33  0 12 58 55448  1 1727458 179817 1.6 17 11 7 13 21% 647011 5645 37%
c i 372.51  0 12 58 55448  1 1727467 10910 1.6 17 11 7 13  4% 120697 5620 37%
c i 372.51  0 12 58 55448  1 1727481 10913 1.6 17 11 7 13  8% 120697 5564 36%
c 
c  seconds   reductions     conflicts         size   tier2        variables
c          MB      restarts        redundant     glue    trail         remaining
c           level        rate           size/glue  tier1   irredundant
c 
c i 372.51  0 12 58 55448  1 1727489 10917 1.6 17 11 7 13  7% 120697 5503 36%
c ] 372.51  0 12 58 55448  1 1727491 10917 1.6 17 11 7 13  7% 120697 5475 36%
c 0 372.51  0 12 58 55448  1 1727491 10917 1.6 17 11 7 13  7% 120697 5475 36%
c 
c --- [ closing proof ] ------------------------------------------------------
c 
c LRAT proof file '/Users/ivanspogreev/earth-moon/population/f034-a4-cert/m00/resolve/round-0/F.lrat' closed
c LRAT 2507802 added clauses 44.24%
c LRAT 3161035 deleted clauses 55.76%
c LRAT 558881205 bytes (532.99 MB)
c 
c --- [ result ] -------------------------------------------------------------
c 
s UNSATISFIABLE
c 
c --- [ run-time profiling ] -------------------------------------------------
c 
c process time taken by individual solving procedures
c (percentage relative to process time for solving)
c 
c       331.68   89.13% search
c       163.45   43.92% unstable
c       144.00   38.70% stable
c        40.45   10.87% simplify
c        24.16    6.49% walk
c        17.58    4.72% vivify
c         7.72    2.07% subsume
c         7.35    1.97% sweep
c         3.53    0.95% elim
c         2.20    0.59% probe
c         0.42    0.11% ternary
c         0.41    0.11% congruence
c         0.39    0.10% parse
c         0.06    0.02% lucky
c         0.05    0.01% backbone
c   =================================
c       372.12   99.90% solve
c 
c last line shows process time for solving
c (percentage relative to total process time)
c 
c --- [ statistics ] ---------------------------------------------------------
c 
c chronological:            196012        11.35 %  of conflicts
c conflicts:               1727491      4642.28    per second
c backbone:                1154130      7549.25 %  of vars
c decisions:               2008913      5398.54    per second
c eliminated:                 8265        54.06 %  of all variables
c fixed:                      1546        10.11 %  of all variables
c learned:                 1698441        98.32 %  per conflict
c learned_lits:           51568072       100.00 %  learned literals
c minimized:                     0         0.00 %  learned literals
c shrunken:               13502612        26.18 %  learned literals
c minishrunken:            3393927         6.58 %  learned literals
c otfs:                       6592         0.38 %  of conflict
c propagations:          199045499         0.53 M  per second
c reduced:                  878043        50.83 %  per conflict
c rephased:                     58     29784.33    interval
c restarts:                  55448        31.16    interval
c stabilizing:                  14        50.14 %  of conflicts
c substituted:                   2         0.01 %  of all variables
c subsumed:                 742482        28.84 %  of all clauses
c strengthened:             446984        17.36 %  of all clauses
c ticks:               31211595748       163.92    propagation
c vivified:                  11390         0.44 %  of all clauses
c walked:                       18     95971.72    interval
c weakened:                  29834         3.11    average size
c congruence:                   10    172749.10    interval
c 
c seconds are measured in process time for solving
c 
c --- [ glue usage ] ---------------------------------------------------------
c 
c focused glue 7 used 179274 clauses 6.491% accumulated 55.60% tier1
c focused glue 8 used 147633 clauses 5.346% accumulated 60.94%
c focused glue 9-11 used 461392 clauses 16.70% accumulated 77.65%
c focused glue 12 used 141701 clauses 5.131% accumulated 82.78%
c focused glue 13 used 121964 clauses 4.416% accumulated 87.20% tier2
c 
c stable glue 7 used 200950 clauses 6.372% accumulated 54.25% tier1
c stable glue 8 used 162846 clauses 5.163% accumulated 59.42%
c stable glue 9-11 used 495519 clauses 15.71% accumulated 75.13%
c stable glue 12 used 157926 clauses 5.007% accumulated 80.14%
c stable glue 13 used 141596 clauses 4.490% accumulated 84.63% tier2
c 
c 
c --- [ resources ] ----------------------------------------------------------
c 
c total process time since initialization:       372.51    seconds
c total real time since initialization:          380.30    seconds
c maximum resident set size of process:         1332.77    MB
c 
c --- [ shutting down ] ------------------------------------------------------
c 
c exit 20

[rc=20 380.3s]
$ /Users/ivanspogreev/earth-moon/verifier/../tools/drat-trim/lrat-check /Users/ivanspogreev/earth-moon/population/f034-a4-cert/m00/resolve/round-0/F.cnf /Users/ivanspogreev/earth-moon/population/f034-a4-cert/m00/resolve/round-0/F.lrat
c parsed a formula with 15288 variables and 786394 clauses
c VERIFIED
c allocated 1024 17915035 152880
c Added clauses = 3294196.  Deleted clauses = 3161035.  Max live clauses = 867429
c verification time = 8.43 secs

[rc=0 8.4s]
