# lean_static_resolve 2026-09-25 16:01:44
# dump=/Users/ivanspogreev/earth-moon/population/f034-a4-cert/m08/dump.jsonl raw=1378624 dedup=1378624 footer={'type': 'footer', 'verdict': 'UNSAT', 'counts': {'preseed': 7886, 'prop': 1370738, 'model': 0}, 'stats': {'checks': 7597719, 'confl': 685369, 'model_rej': 0}, 'time': '2026-09-25T16:01:05-0700'}
$ /opt/homebrew/bin/cadical --lrat --no-binary --no-factor /Users/ivanspogreev/earth-moon/population/f034-a4-cert/m08/resolve/round-0/F.cnf /Users/ivanspogreev/earth-moon/population/f034-a4-cert/m08/resolve/round-0/F.lrat
c --- [ banner ] -------------------------------------------------------------
c 
c CaDiCaL SAT Solver
c Copyright (c) 2016-2026
c A. Biere, M. Fleury, N. Froleyks, K. Fazekas, F. Pollitt, T. Faller
c JKU Linz, University of Freiburg, TU Wien
c 
c Version 3.0.1
c Apple clang version 16.0.0 (clang-1600.0.26.6) -Wall -Wextra -O3 -DNDEBUG -std=c++11 -DNCLOSEFROM
c Sun Jul 19 15:40:55 UTC 2026 Darwin Sonoma-arm64.local 23.6.0 arm64
c 
c --- [ proof tracing ] ------------------------------------------------------
c 
c opening file to write '/Users/ivanspogreev/earth-moon/population/f034-a4-cert/m08/resolve/round-0/F.lrat'
c writing non-binary proof trace to '/Users/ivanspogreev/earth-moon/population/f034-a4-cert/m08/resolve/round-0/F.lrat'
c 
c --- [ parsing input ] ------------------------------------------------------
c 
c reading DIMACS file from '/Users/ivanspogreev/earth-moon/population/f034-a4-cert/m08/resolve/round-0/F.cnf'
c opening file to read '/Users/ivanspogreev/earth-moon/population/f034-a4-cert/m08/resolve/round-0/F.cnf'
c found 'p cnf 15132 1411367' header
c parsed 1411367 clauses in 0.84 seconds process time
c 
c --- [ options ] ------------------------------------------------------------
c 
c   --binary=false                 (different from default 'true')
c   --lrat=true                    (different from default 'false')
c 
c --- [ solving ] ------------------------------------------------------------
c 
c time measured in process time since initialization
c 
c  seconds  reduction conflicts       size tier2         variables
c         MB    restarts   redundant    glue  trail           remaining
c          level     rate       size/glu tier1   irredundant
c 
c *  0.84  0  0 0   0  0    0    0 0.0 0 0 2 6  0% 1153171 15018 99%
c )  1.01  0  0 0   0  0    0    0 0.0 0 0 2 6  0% 1153171 15018 99%
c {  1.06  0  0 0   0  0    0    0 0.0 0 0 2 6  0% 1153171 15018 99%
c i  1.13  0 564 0   4 27  171  111 1.5 15 10 2 6 27% 1153119 15017 99%
c i  1.13  0 560 0   5 27  172  111 1.5 15 10 2 6 27% 1153119 15016 99%
c i  1.14  0 539 0   7 27  180  114 1.5 15 10 2 6 27% 1153115 15015 99%
c -  1.32  0 345 1  37 19  301  104 1.4 19 13 2 6 24% 1153073 15015 99%
c i  1.40  0 242 1  72 14  439  208 1.3 23 17 2 6 23% 1153065 15014 99%
c i  1.40  0 234 1  73 14  454  208 1.3 23 17 2 6 23% 1153051 15000 99%
c i  1.40  0 234 1  74 14  455  208 1.3 23 17 2 6 23% 1153051 14996 99%
c }  1.60  0 123 1  74  7 1002  638 1.5 24 16 2 6 26% 1152988 14996 99%
c [  1.60  0  0 1  74  0 1002  638 0.0 0 0 2 6  0% 1152988 14996 99%
c O  1.60  0  4 1  74  5 1003  639 3.5 7 2 2 6 15% 1152988 14996 99%
c -  1.88  0  9 2  74  1 1194  325 2.0 14 7 2 6 23% 1152960 14996 99%
c -  2.13  0  9 3  75  1 2974  598 1.5 12 8 2 6 16% 1152951 14996 99%
c I  2.15  0  9 3  75  1 3004  606 1.5 12 8 2 6 16% 1152950 14996 99%
c i  2.22  0 10 3  76  1 3179  718 1.5 13 8 2 6 16% 1152931 14993 99%
c ]  2.26  0 10 3  76  1 3337  825 1.5 13 9 2 6 17% 1152914 14993 99%
c {  2.26  0 123 3  76  7 3337  825 1.5 24 16 2 6 26% 1152914 14993 99%
c 2  2.33  0 96 3  76  6 3675 1059 1.6 24 15 2 6 24% 1152901 14980 99%
c 
c  seconds  reduction conflicts       size   tier2         variables
c         MB    restarts   redundant     glue   trail           remaining
c          level     rate       size/glue  tier1   irredundant
c 
c d  2.38  0 96 3  76  6 3675 1059 1.6 24 15 2 6 24% 1152869 14979 99%
c p  2.39  0 96 3  76  6 3675 1059 1.6 24 15 2 6 24% 1152869 14978 99%
c t  2.66  0 96 3  76  6 3675 1058 1.6 24 15 2 6 24% 1152841 14962 99%
c -  3.25  0 48 4 168  3 5784 2278 1.6 23 14 12 16 21% 1152770 14962 99%
c O  3.32  0 46 4 186  3 6006 2432 1.6 23 14 12 16 22% 1152755 14962 99%
c 2  3.37  0 45 4 186  3 6175 2545 1.6 23 14 12 16 21% 1152742 14948 99%
c i  3.85  0 38 4 356  3 7696 3632 1.6 23 14 11 16 21% 1152731 14946 99%
c i  3.93  0 37 4 392  3 7851 3753 1.6 23 15 11 16 21% 1152726 14933 99%
c i  4.21  0 33 4 423  2 9217 4679 1.6 23 14 11 16 21% 1152682 14932 99%
c -  4.41  0 32 5 448  2 9704 4524 1.6 23 14 11 16 21% 1152634 14932 99%
c 2  4.41  0 32 5 448  2 9704 4524 1.6 23 14 11 16 21% 1152634 14921 99%
c =  4.70  0 32 5 448  2 9704 4523 1.6 23 14 11 16 21% 1152587 14894 98%
c t  4.72  0 32 5 448  2 9704 4522 1.6 23 14 11 16 21% 1152587 14894 98%
c }  4.74  0 32 5 448  2 9733 4544 1.6 23 14 11 16 21% 1152586 14894 98%
c [  4.74  0 10 5 448  1 9733 4544 1.5 13 9 2 6 17% 1152586 14894 98%
c B  4.81  0 11 5 448  1 10008 4716 1.5 14 9 2 6 18% 1152585 14894 98%
c s  5.43  0 16 5 449  1 12526 6322 1.5 20 13 2 6 20% 1152534 14894 98%
c t  5.46  0 16 5 449  1 12526 6321 1.5 20 13 2 6 20% 1152524 14894 98%
c e  5.68  0 16 5 449  1 12526 5919 1.5 20 13 2 6 20% 1147511 6226 41%
c s  5.72  0 16 5 449  1 12526 5918 1.5 20 13 2 6 20% 1147466 6226 41%
c 
c  seconds  reductions conflicts       size    tier2         variables
c         MB    restarts    redundant     glue     trail          remaining
c          level     rate        size/glue  tier1     irredundant
c 
c -  6.65  0 17 6 451  1 14779 5625 1.5 21 14 10 18 24% 1147466 6226 41%
c t  6.92  0 17 6 451  1 14779 5625 1.5 21 14 10 18 24% 1147453 6226 41%
c W  7.33  0 18 6 451  1 15009 5799 1.5 22 15 10 18 24% 1147453 6226 41%
c ]  7.54  0 17 6 452  1 16002 6497 1.5 22 15 10 18 24% 1147453 6226 41%
c {  7.54  0 32 6 452  2 16002 6497 1.6 23 14 11 16 52% 1147453 6226 41%
c #  8.29  0 24 6 475  2 21010 10031 1.7 22 13 11 16 40% 1147453 6226 41%
c -  8.40  0 24 7 475  2 21038 8430 1.7 22 13 11 16 40% 1147453 6226 41%
c B 10.31  0 22 7 1240  2 28011 12868 1.5 22 14 10 14 33% 1147453 6226 41%
c - 10.55  0 22 8 1254  2 28507 9592 1.6 22 14 10 14 33% 1147453 6226 41%
c p 10.57  0 22 8 1254  2 28507 9601 1.6 22 14 10 14 33% 1147453 6225 41%
c u 11.15  0 22 8 1254  2 28507 9537 1.6 22 14 10 14 33% 1147486 6225 41%
c v 11.28  0 22 8 1254  2 28507 9529 1.6 22 14 10 14 33% 1147486 6225 41%
c w 11.32  0 22 8 1254  2 28507 9525 1.6 22 14 10 14 33% 1147486 6225 41%
c x 11.41  0 22 8 1254  2 28507 9525 1.6 22 14 10 14 33% 1147485 6225 41%
c t 11.42  0 22 8 1254  2 28507 9524 1.6 22 14 10 14 33% 1147482 6225 41%
c } 12.11  0 22 8 1463  2 30576 11100 1.6 22 14 10 14 32% 1147482 6225 41%
c [ 12.11  0 17 8 1463  1 30576 11100 1.5 22 15 10 18 24% 1147482 6225 41%
c O 13.18  0 18 8 1465  1 36013 14992 1.5 23 15 10 18 24% 1147482 6225 41%
c - 13.59  0 18 9 1466  1 37201 11288 1.5 23 15 10 18 23% 1147482 6225 41%
c p 13.61  0 18 9 1466  1 37201 11302 1.5 23 15 10 18 23% 1147482 6221 41%
c 
c  seconds  reductions  conflicts        size    tier2         variables
c         MB    restarts      redundant     glue     trail          remaining
c          level      rate         size/glue  tier1     irredundant
c 
c k 13.62  0 18 9 1466  1 37201 11302 1.5 23 15 10 18 23% 1147482 6185 41%
c s 14.59  0 17 9 1469  1 42631 14331 1.5 22 15 12 18 23% 1147392 6185 41%
c s 14.89  0 17 9 1469  1 42631 14323 1.5 22 15 12 18 23% 1147201 6185 41%
c B 15.51  0 17 9 1470  1 45014 15766 1.5 22 15 12 18 22% 1147201 6185 41%
c ] 15.89  0 18 9 1470  1 46500 16778 1.5 22 15 12 18 23% 1147201 6185 41%
c { 15.89  0 22 9 1470  2 46500 16778 1.6 22 14 10 14 32% 1147201 6185 41%
c - 16.19  0 22 10 1523  2 47133 12766 1.6 22 14 10 14 31% 1147201 6185 41%
c p 16.22  0 22 10 1523  2 47133 12822 1.6 22 14 10 14 31% 1147201 6184 41%
c t 16.24  0 22 10 1523  2 47133 12822 1.6 22 14 10 14 31% 1147191 6184 41%
c W 19.38  0 21 10 2249  2 55015 17916 1.5 22 14 10 14 29% 1147187 6184 41%
c - 20.47  0 20 11 2353  2 58311 15630 1.5 22 14 10 14 28% 1147187 6184 41%
c p 20.50  0 20 11 2353  2 58311 15659 1.5 22 14 10 14 28% 1147187 6184 41%
c u 21.23  0 20 11 2353  2 58311 15605 1.5 22 14 10 14 28% 1147187 6184 41%
c v 21.31  0 20 11 2353  2 58311 15602 1.5 22 14 10 14 28% 1147187 6184 41%
c w 21.34  0 20 11 2353  2 58311 15598 1.5 22 14 10 14 28% 1147187 6184 41%
c x 21.45  0 20 11 2353  2 58311 15598 1.5 22 14 10 14 28% 1147176 6184 41%
c t 21.46  0 20 11 2353  2 58311 15597 1.5 22 14 10 14 28% 1147176 6184 41%
c F 24.17  0 20 11 3264  2 66016 20913 1.5 22 15 10 14 27% 1147176 6184 41%
c } 25.25  0 19 11 3435  2 70661 23934 1.5 22 14 11 16 26% 1147176 6184 41%
c [ 25.25  0 18 11 3435  1 70661 23934 1.5 22 15 12 18 23% 1147176 6184 41%
c 
c  seconds  reductions   conflicts        size    tier2         variables
c         MB     restarts      redundant     glue     trail          remaining
c          level       rate         size/glue  tier1     irredundant
c 
c - 25.38  0 18 12 3435  1 70745 20995 1.5 22 15 12 18 23% 1147176 6184 41%
c p 25.41  0 18 12 3435  1 70745 21082 1.5 22 15 12 18 23% 1147176 6175 41%
c t 25.50  0 18 12 3435  1 70745 21082 1.5 22 15 12 18 23% 1147172 6175 41%
c W 27.55  0 18 12 3436  1 78017 25839 1.4 23 16 12 18 23% 1147147 6175 41%
c - 28.82  0 18 13 3440  1 84441 24919 1.4 23 16 12 18 23% 1147147 6175 41%
c 2 28.83  0 18 13 3440  1 84441 24919 1.4 23 16 12 18 23% 1147145 6175 41%
c p 28.85  0 18 13 3440  1 84441 24927 1.4 23 16 12 18 23% 1147145 6175 41%
c u 29.05  0 18 13 3440  1 84441 24887 1.4 23 16 12 18 23% 1147145 6175 41%
c v 29.13  0 18 13 3440  1 84441 24886 1.4 23 16 12 18 23% 1147145 6175 41%
c w 29.17  0 18 13 3440  1 84441 24884 1.4 23 16 12 18 23% 1147145 6175 41%
c x 29.27  0 18 13 3440  1 84441 24884 1.4 23 16 12 18 23% 1147144 6175 41%
c s 30.09  0 18 13 3443  1 87842 27285 1.4 23 16 12 18 23% 1146964 6175 41%
c t 30.12  0 18 13 3443  1 87842 27285 1.4 23 16 12 18 23% 1146957 6175 41%
c s 30.44  0 18 13 3443  1 87842 27268 1.4 23 16 12 18 23% 1146856 6175 41%
c I 31.27  0 18 13 3443  1 91018 29436 1.5 23 16 12 18 23% 1146856 6175 41%
c ] 32.49  0 18 13 3449  1 98735 35344 1.5 23 16 12 18 23% 1146856 6175 41%
c { 32.49  0 19 13 3449  2 98735 35344 1.5 22 14 11 16 26% 1146856 6175 41%
c - 32.84  0 19 14 3528  2 99402 29586 1.5 22 15 11 16 26% 1146856 6175 41%
c p 32.89  0 19 14 3528  2 99402 29778 1.5 22 15 11 16 26% 1146856 6164 41%
c B 34.77  0 19 14 3939  2 105020 33305 1.5 22 15 11 16 26% 1146856 6164 41%
c 
c  seconds  reductions   conflicts         size    tier2         variables
c         MB     restarts       redundant     glue     trail          remaining
c          level       rate          size/glue  tier1     irredundant
c 
c - 37.86  0 19 15 4515  2 115635 33709 1.5 21 14 11 16 24% 1146822 6164 41%
c 2 37.86  0 19 15 4515  2 115635 33709 1.5 21 14 11 16 24% 1146821 6164 41%
c p 37.88  0 19 15 4515  2 115635 33745 1.5 21 14 11 16 24% 1146821 6164 41%
c u 38.83  0 19 15 4515  2 115635 33717 1.5 21 14 11 16 24% 1146821 6164 41%
c v 38.91  0 19 15 4515  2 115635 33703 1.5 21 14 11 16 24% 1146821 6164 41%
c w 38.95  0 19 15 4515  2 115635 33703 1.5 21 14 11 16 24% 1146821 6164 41%
c x 39.08  0 19 15 4515  2 115635 33703 1.5 21 14 11 16 24% 1146806 6164 41%
c t 39.09  0 19 15 4515  2 115635 33702 1.5 21 14 11 16 24% 1146803 6164 41%
c W 41.18  0 18 15 4564  2 120023 36369 1.5 21 14 11 16 24% 1146803 6164 41%
c - 43.43  0 17 16 4876  1 133142 38012 1.5 21 14 11 16 24% 1146803 6164 41%
c p 43.46  0 17 16 4876  1 133142 38160 1.5 21 14 11 16 24% 1146803 6160 41%
c # 44.07  0 17 16 4931  1 136024 39628 1.5 21 14 11 16 23% 1146803 6160 41%
c } 45.52  0 17 16 5634  1 140952 42910 1.5 21 14 10 15 23% 1146803 6160 41%
c [ 45.52  0 18 16 5634  1 140952 42910 1.5 23 16 12 18 23% 1146803 6160 41%
c s 46.76  0 18 16 5636  1 148140 47288 1.5 23 16 12 18 23% 1146610 6160 41%
c t 46.79  0 18 16 5636  1 148140 47288 1.5 23 16 12 18 23% 1146606 6160 41%
c e 47.01  0 18 16 5636  1 148140 47282 1.5 23 16 12 18 23% 1146591 6159 41%
c s 47.13  0 18 16 5636  1 148140 47264 1.5 23 16 12 18 23% 1146327 6159 41%
c - 48.12  0 19 17 5636  1 151929 36177 1.5 23 16 12 18 23% 1146327 6159 41%
c p 48.18  0 19 17 5636  1 151929 36265 1.5 23 16 12 18 23% 1146327 6153 41%
c 
c  seconds  reductions   conflicts         size    tier2         variables
c         MB     restarts       redundant     glue     trail          remaining
c          level       rate          size/glue  tier1     irredundant
c 
c u 48.45  0 19 17 5636  1 151929 36223 1.5 23 16 12 18 23% 1146339 6153 41%
c v 48.53  0 19 17 5636  1 151929 36197 1.5 23 16 12 18 23% 1146339 6153 41%
c w 48.58  0 19 17 5636  1 151929 36196 1.5 23 16 12 18 23% 1146339 6153 41%
c x 48.71  0 19 17 5636  1 151929 36196 1.5 23 16 12 18 23% 1146336 6153 41%
c t 48.72  0 19 17 5636  1 151929 36195 1.5 23 16 12 18 23% 1146324 6153 41%
c B 48.99  0 19 17 5636  1 153025 36978 1.5 24 16 12 18 23% 1146324 6153 41%
c W 53.81  0 19 17 5637  1 171027 48775 1.5 23 16 12 18 23% 1146307 6153 41%
c - 54.11  0 19 18 5638  1 171996 38197 1.5 23 16 12 18 23% 1146307 6153 41%
c 2 54.11  0 19 18 5638  1 171996 38197 1.5 23 16 12 18 23% 1146306 6153 41%
c p 54.15  0 19 18 5638  1 171996 38460 1.5 23 16 12 18 23% 1146306 6146 41%
c ] 56.18  0 19 18 5646  1 185244 47806 1.5 24 16 12 18 23% 1146306 6146 41%
c { 56.18  0 17 18 5646  1 185244 47806 1.5 21 14 10 15 23% 1146306 6146 41%
c B 57.65  0 17 18 6246  1 190029 50994 1.5 21 14 10 15 23% 1146306 6146 41%
c - 58.73  0 17 19 6388  1 193346 42013 1.5 21 14 10 15 23% 1146284 6146 41%
c p 58.78  0 17 19 6388  1 193346 42330 1.5 21 14 10 15 23% 1146284 6142 41%
c u 59.02  0 17 19 6388  1 193346 42292 1.5 21 14 10 15 23% 1146284 6142 41%
c v 59.13  0 17 19 6388  1 193346 42272 1.5 21 14 10 15 23% 1146284 6142 41%
c w 59.18  0 17 19 6388  1 193346 42264 1.5 21 14 10 15 23% 1146284 6142 41%
c x 59.33  0 17 19 6388  1 193346 42264 1.5 21 14 10 15 23% 1146284 6142 41%
c t 59.34  0 17 19 6388  1 193346 42263 1.5 21 14 10 15 23% 1146283 6142 41%
c 
c  seconds  reductions   conflicts         size    tier2         variables
c         MB     restarts       redundant     glue     trail          remaining
c          level       rate          size/glue  tier1     irredundant
c 
c W 64.20  0 17 19 7151  1 210030 52955 1.5 21 14 10 15 23% 1146270 6142 41%
c - 64.93  0 16 20 7151  1 215981 47517 1.5 20 13 10 15 22% 1146270 6142 41%
c p 64.98  0 16 20 7151  1 215981 47602 1.5 20 13 10 15 22% 1146270 6141 41%
c s 67.66  0 16 20 7428  1 223543 51793 1.5 20 13 10 15 22% 1145828 6141 41%
c s 68.07  0 16 20 7428  1 223543 51787 1.5 20 13 10 15 22% 1145673 6141 41%
c F 69.66  0 16 20 7465  1 231031 56180 1.5 19 13 10 15 22% 1145673 6141 41%
c - 73.18  0 16 21 9109  1 239906 52680 1.5 20 13 10 15 22% 1145673 6141 41%
c p 73.24  0 16 21 9109  1 239906 52997 1.5 20 13 10 15 22% 1145673 6135 41%
c u 73.55  0 16 21 9109  1 239906 52931 1.5 20 13 10 15 22% 1145673 6135 41%
c v 73.68  0 16 21 9109  1 239906 52913 1.5 20 13 10 15 22% 1145673 6135 41%
c w 73.74  0 16 21 9109  1 239906 52888 1.5 20 13 10 15 22% 1145673 6135 41%
c x 73.91  0 16 21 9109  1 239906 52888 1.5 20 13 10 15 22% 1145671 6135 41%
c t 73.91  0 16 21 9109  1 239906 52887 1.5 20 13 10 15 22% 1145671 6135 41%
c } 75.28  0 16 21 9553  1 243605 55295 1.5 20 13 10 15 22% 1145671 6135 41%
c [ 75.28  0 19 21 9553  1 243605 55295 1.5 24 16 12 18 23% 1145671 6135 41%
c O 77.00  0 19 21 9558  1 253033 61289 1.5 24 16 12 18 23% 1145671 6135 41%
c - 79.30  0 18 22 9562  1 265119 57620 1.5 23 16 12 18 23% 1145651 6135 41%
c p 79.38  0 18 22 9562  1 265119 58017 1.5 23 16 12 18 23% 1145651 6109 40%
c u 79.55  0 18 22 9562  1 265119 57999 1.5 23 16 12 18 23% 1145651 6109 40%
c v 79.62  0 18 22 9562  1 265119 57988 1.5 23 16 12 18 23% 1145651 6109 40%
c 
c  seconds  reductions   conflicts         size    tier2         variables
c         MB     restarts       redundant     glue     trail          remaining
c          level       rate          size/glue  tier1     irredundant
c 
c w 79.66  0 18 22 9562  1 265119 57985 1.5 23 16 12 18 23% 1145651 6109 40%
c x 79.76  0 18 22 9562  1 265119 57985 1.5 23 16 12 18 23% 1145642 6109 40%
c t 79.77  0 18 22 9562  1 265119 57984 1.5 23 16 12 18 23% 1145642 6109 40%
c B 81.74  0 17 22 9567  1 276036 63683 1.5 22 15 12 18 22% 1145642 6109 40%
c - 85.00  0 18 23 9574  1 291623 63015 1.5 23 15 12 18 22% 1145552 6109 40%
c 2 85.00  0 18 23 9574  1 291623 63015 1.5 23 15 12 18 22% 1145548 6109 40%
c p 85.05  0 18 23 9574  1 291623 63223 1.5 23 15 12 18 22% 1145548 6097 40%
c u 85.26  0 18 23 9574  1 291623 63189 1.5 23 15 12 18 22% 1145551 6097 40%
c v 85.33  0 18 23 9574  1 291623 63178 1.5 23 15 12 18 22% 1145551 6097 40%
c w 85.36  0 18 23 9574  1 291623 63169 1.5 23 15 12 18 22% 1145551 6097 40%
c x 85.43  0 18 23 9574  1 291623 63169 1.5 23 15 12 18 22% 1145549 6097 40%
c t 85.44  0 18 23 9574  1 291623 63168 1.5 23 15 12 18 22% 1145535 6097 40%
c W 88.64  0 18 23 9575  1 300037 69248 1.5 23 15 12 18 22% 1145499 6097 40%
c ] 89.25  0 18 23 9575  1 303525 71653 1.5 23 15 12 18 23% 1145499 6097 40%
c { 89.25  0 16 23 9575  1 303525 71653 1.5 20 13 10 15 22% 1145499 6097 40%
c s 91.80  0 16 23 9981  1 314066 77825 1.5 20 13 10 15 22% 1145091 6097 40%
c e 92.03  0 16 23 9981  1 314066 77821 1.5 20 13 10 15 22% 1145090 6096 40%
c s 92.23  0 16 23 9981  1 314066 77792 1.5 20 13 10 15 22% 1144748 6096 40%
c - 94.34  0 16 24 11023  1 319419 68108 1.5 20 13 10 15 22% 1144748 6096 40%
c p 94.41  0 16 24 11023  1 319419 68318 1.5 20 13 10 15 22% 1144748 6084 40%
c 
c  seconds  reductions    conflicts         size    tier2         variables
c         MB      restarts       redundant     glue     trail          remaining
c          level        rate          size/glue  tier1     irredundant
c 
c u 94.60  0 16 24 11023  1 319419 68280 1.5 20 13 10 15 22% 1144748 6084 40%
c v 94.67  0 16 24 11023  1 319419 68269 1.5 20 13 10 15 22% 1144748 6084 40%
c w 94.71  0 16 24 11023  1 319419 68265 1.5 20 13 10 15 22% 1144748 6084 40%
c x 94.82  0 16 24 11023  1 319419 68265 1.5 20 13 10 15 22% 1144745 6084 40%
c B 96.23  0 16 24 11153  1 325039 71601 1.5 20 13 10 15 22% 1144745 6084 40%
c - 102.27  0 16 25 13325  1 348506 75917 1.5 20 14 10 15 22% 1144700 6084 40%
c p 102.33  0 16 25 13325  1 348506 76279 1.5 20 14 10 15 22% 1144700 6070 40%
c u 102.55  0 16 25 13325  1 348506 76255 1.5 20 14 10 15 22% 1144700 6070 40%
c v 102.63  0 16 25 13325  1 348506 76222 1.5 20 14 10 15 22% 1144700 6070 40%
c w 102.67  0 16 25 13325  1 348506 76219 1.5 20 14 10 15 22% 1144700 6070 40%
c x 102.80  0 16 25 13325  1 348506 76219 1.5 20 14 10 15 22% 1144699 6070 40%
c t 102.81  0 16 25 13325  1 348506 76218 1.5 20 14 10 15 22% 1144699 6070 40%
c W 104.82  0 16 25 13351  1 351040 77574 1.5 20 14 10 15 22% 1144647 6070 40%
c # 110.94  0 16 25 14587  1 378041 93643 1.5 20 13 10 15 23% 1144647 6070 40%
c } 111.09  0 16 25 14664  1 378463 93930 1.5 20 14 10 15 23% 1144647 6070 40%
c [ 111.09  0 18 25 14664  1 378463 93930 1.5 23 15 12 18 23% 1144647 6070 40%
c - 111.35  0 18 26 14664  1 378889 83104 1.5 23 15 12 18 23% 1144647 6070 40%
c p 111.43  0 18 26 14664  1 378889 83505 1.5 23 15 12 18 23% 1144647 6050 40%
c u 112.88  0 18 26 14664  1 378889 83342 1.5 23 15 12 18 23% 1144571 6050 40%
c v 112.98  0 18 26 14664  1 378889 83337 1.5 23 15 12 18 23% 1144571 6050 40%
c 
c  seconds   reductions    conflicts         size    tier2         variables
c          MB      restarts       redundant     glue     trail          remaining
c           level        rate          size/glue  tier1     irredundant
c 
c w 113.03  0 18 26 14664  1 378889 83334 1.5 23 15 12 18 23% 1144571 6050 40%
c x 113.16  0 18 26 14664  1 378889 83334 1.5 23 15 12 18 23% 1144568 6050 40%
c I 118.87  0 18 26 14665  1 406042 102637 1.5 23 15 12 17 23% 1144568 6050 40%
c - 120.24  0 18 27 14665  1 410567 90370 1.5 23 15 12 17 23% 1144568 6050 40%
c p 120.31  0 18 27 14665  1 410567 90733 1.5 23 15 12 17 23% 1144568 6031 40%
c u 120.55  0 18 27 14665  1 410567 90685 1.5 23 15 12 17 23% 1144568 6031 40%
c v 120.66  0 18 27 14665  1 410567 90676 1.5 23 15 12 17 23% 1144568 6031 40%
c w 120.70  0 18 27 14665  1 410567 90672 1.5 23 15 12 17 23% 1144568 6031 40%
c x 120.85  0 18 27 14665  1 410567 90672 1.5 23 15 12 17 23% 1144561 6031 40%
c t 120.86  0 18 27 14665  1 410567 90671 1.5 23 15 12 17 23% 1144561 6031 40%
c s 123.11  0 17 27 14665  1 419809 96664 1.5 23 15 12 17 23% 1143774 6031 40%
c t 123.14  0 17 27 14665  1 419809 96664 1.5 23 15 12 17 23% 1143768 6031 40%
c s 123.62  0 17 27 14665  1 419809 96652 1.5 23 15 12 17 23% 1142911 6031 40%
c B 127.33  0 17 27 14674  1 435044 105835 1.5 22 15 12 17 23% 1142911 6031 40%
c - 129.55  0 17 28 14679  1 443543 95563 1.5 22 15 12 17 23% 1142911 6031 40%
c p 129.64  0 17 28 14679  1 443543 96264 1.5 22 15 12 17 23% 1142911 6027 40%
c u 129.88  0 17 28 14679  1 443543 96246 1.5 22 15 12 17 23% 1142911 6027 40%
c v 129.99  0 17 28 14679  1 443543 96242 1.5 22 15 12 17 23% 1142911 6027 40%
c w 130.03  0 17 28 14679  1 443543 96234 1.5 22 15 12 17 23% 1142911 6027 40%
c x 130.16  0 17 28 14679  1 443543 96234 1.5 22 15 12 17 23% 1142905 6027 40%
c 
c  seconds   reductions    conflicts         size    tier2         variables
c          MB      restarts       redundant     glue     trail          remaining
c           level        rate          size/glue  tier1     irredundant
c 
c t 130.17  0 17 28 14679  1 443543 96233 1.5 22 15 12 17 23% 1142905 6027 40%
c ] 132.40  0 17 28 14680  1 452783 102145 1.5 23 15 12 17 23% 1142905 6027 40%
c { 132.40  0 16 28 14680  1 452783 102145 1.5 20 14 10 15 23% 1142905 6027 40%
c B 135.20  0 16 28 15020  1 465045 109995 1.5 20 13 10 14 23% 1142905 6027 40%
c - 139.03  0 16 29 17229  1 477806 97796 1.5 20 14 10 14 23% 1142891 6027 40%
c p 139.12  0 16 29 17229  1 477806 98442 1.5 20 14 10 14 23% 1142891 6015 40%
c u 139.39  0 16 29 17229  1 477806 98418 1.5 20 14 10 14 23% 1142891 6015 40%
c v 139.51  0 16 29 17229  1 477806 98392 1.5 20 14 10 14 23% 1142891 6015 40%
c w 139.57  0 16 29 17229  1 477806 98390 1.5 20 14 10 14 23% 1142891 6015 40%
c x 139.74  0 16 29 17229  1 477806 98390 1.5 20 14 10 14 23% 1142887 6015 40%
c t 139.75  0 16 29 17229  1 477806 98389 1.5 20 14 10 14 23% 1142887 6015 40%
c W 147.69  0 16 29 18963  1 496046 109198 1.5 20 14 10 14 23% 1142845 6015 40%
c - 152.34  0 16 30 20103  1 513372 103086 1.5 20 14 10 14 23% 1142845 6015 40%
c 2 152.34  0 16 30 20103  1 513372 103086 1.5 20 14 10 14 23% 1142844 6015 40%
c p 152.43  0 16 30 20103  1 513372 103651 1.5 20 14 10 14 23% 1142844 5979 40%
c u 152.76  0 16 30 20103  1 513372 103618 1.5 20 14 10 14 23% 1142819 5979 40%
c v 152.89  0 16 30 20103  1 513372 103606 1.5 20 14 10 14 23% 1142819 5979 40%
c w 152.96  0 16 30 20103  1 513372 103602 1.5 20 14 10 14 23% 1142819 5979 40%
c x 153.13  0 16 30 20103  1 513372 103602 1.5 20 14 10 14 23% 1142819 5979 40%
c t 153.14  0 16 30 20103  1 513372 103601 1.5 20 14 10 14 23% 1142811 5979 40%
c 
c  seconds   reductions    conflicts          size    tier2         variables
c          MB      restarts       redundant      glue     trail          remaining
c           level        rate           size/glue  tier1     irredundant
c 
c F 155.84  0 16 30 20170  1 528049 113568 1.5 20 13 10 14 23% 1142811 5979 40%
c s 158.36  0 16 30 20366  1 540867 122438 1.5 20 13 10 15 22% 1141927 5979 40%
c t 158.40  0 16 30 20366  1 540867 122438 1.5 20 13 10 15 22% 1141922 5979 40%
c e 158.64  0 16 30 20366  1 540867 122433 1.5 20 13 10 15 22% 1141818 5978 40%
c s 158.92  0 16 30 20366  1 540867 122417 1.5 20 13 10 15 22% 1141313 5978 40%
c - 162.25  0 16 31 21819  1 550235 115327 1.5 20 13 10 15 23% 1141313 5978 40%
c p 162.32  0 16 31 21819  1 550235 115619 1.5 20 13 10 15 23% 1141313 5970 39%
c k 162.33  0 16 31 21819  1 550235 115619 1.5 20 13 10 15 23% 1141313 5969 39%
c u 162.57  0 16 31 21819  1 550235 115588 1.5 20 13 10 15 23% 1141313 5969 39%
c v 162.66  0 16 31 21819  1 550235 115563 1.5 20 13 10 15 23% 1141313 5969 39%
c w 162.71  0 16 31 21819  1 550235 115563 1.5 20 13 10 15 23% 1141313 5969 39%
c x 162.85  0 16 31 21819  1 550235 115563 1.5 20 13 10 15 23% 1141310 5969 39%
c t 162.86  0 16 31 21819  1 550235 115562 1.5 20 13 10 15 23% 1141306 5969 39%
c } 164.14  0 16 31 22252  1 553237 117521 1.5 20 14 10 15 23% 1141306 5969 39%
c [ 164.14  0 17 31 22252  1 553237 117521 1.5 23 15 12 17 23% 1141306 5969 39%
c W 167.64  0 17 31 22258  1 561051 122456 1.5 22 15 12 17 23% 1141274 5969 39%
c - 173.21  0 17 32 22268  1 588387 126819 1.5 22 15 12 17 23% 1141274 5969 39%
c p 173.29  0 17 32 22268  1 588387 127358 1.5 22 15 12 17 23% 1141274 5942 39%
c u 173.54  0 17 32 22268  1 588387 127338 1.5 22 15 12 17 23% 1141274 5942 39%
c v 173.64  0 17 32 22268  1 588387 127333 1.5 22 15 12 17 23% 1141274 5942 39%
c 
c  seconds   reductions    conflicts          size    tier2         variables
c          MB      restarts       redundant      glue     trail          remaining
c           level        rate           size/glue  tier1     irredundant
c 
c w 173.69  0 17 32 22268  1 588387 127331 1.5 22 15 12 17 23% 1141274 5942 39%
c x 173.83  0 17 32 22268  1 588387 127331 1.5 22 15 12 17 23% 1141271 5942 39%
c O 175.38  0 17 32 22268  1 595053 132100 1.5 22 15 11 17 23% 1141271 5942 39%
c - 182.67  0 17 33 22282  1 627840 134812 1.5 22 14 11 17 23% 1141168 5942 39%
c p 182.76  0 17 33 22282  1 627840 135610 1.5 22 14 11 17 23% 1141168 5926 39%
c u 184.73  0 17 33 22282  1 627840 135481 1.5 22 14 11 17 23% 1141111 5926 39%
c v 184.85  0 17 33 22282  1 627840 135465 1.5 22 14 11 17 23% 1141111 5926 39%
c w 184.92  0 17 33 22282  1 627840 135465 1.5 22 14 11 17 23% 1141111 5926 39%
c x 185.10  0 17 33 22282  1 627840 135465 1.5 22 14 11 17 23% 1141107 5926 39%
c t 185.11  0 17 33 22282  1 627840 135464 1.5 22 14 11 17 23% 1141107 5926 39%
c B 185.66  0 17 33 22283  1 630055 136734 1.5 22 14 11 17 23% 1141107 5926 39%
c ] 189.13  0 18 33 22290  1 648460 149315 1.5 23 15 11 17 24% 1141107 5926 39%
c { 189.13  0 16 33 22290  1 648460 149315 1.5 20 14 10 15 23% 1141107 5926 39%
c B 193.87  0 16 33 23377  1 666056 159642 1.5 20 13 9 15 23% 1141107 5926 39%
c - 194.89  0 16 34 23665  1 668600 118119 1.5 20 14 9 15 23% 1141107 5926 39%
c 2 194.89  0 16 34 23665  1 668600 118119 1.5 20 14 9 15 23% 1141106 5926 39%
c p 195.01  0 16 34 23665  1 668600 118734 1.5 20 14 9 15 23% 1141106 5901 39%
c u 195.33  0 16 34 23665  1 668600 118689 1.5 20 14 9 15 23% 1141106 5901 39%
c v 195.47  0 16 34 23665  1 668600 118678 1.5 20 14 9 15 23% 1141106 5901 39%
c w 195.55  0 16 34 23665  1 668600 118675 1.5 20 14 9 15 23% 1141106 5901 39%
c 
c  seconds   reductions    conflicts          size   tier2         variables
c          MB      restarts       redundant      glue    trail          remaining
c           level        rate           size/glue  tier1    irredundant
c 
c x 195.75  0 16 34 23665  1 668600 118675 1.5 20 14 9 15 23% 1141099 5901 39%
c t 195.76  0 16 34 23665  1 668600 118675 1.5 20 14 9 15 23% 1141098 5901 39%
c s 198.83  0 16 34 24460  1 677250 123731 1.5 20 14 9 15 23% 1140039 5901 39%
c t 198.86  0 16 34 24460  1 677250 123731 1.5 20 14 9 15 23% 1140033 5901 39%
c e 199.07  0 16 34 24460  1 677250 123714 1.5 20 14 9 15 23% 1139940 5900 39%
c s 199.42  0 16 34 24460  1 677250 123702 1.5 20 14 9 15 23% 1138678 5900 39%
c W 208.56  0 16 34 25556  1 703057 138330 1.5 20 13 9 15 23% 1138678 5900 39%
c - 210.45  0 16 35 25808  1 710654 118283 1.5 20 13 9 15 23% 1138678 5900 39%
c p 210.55  0 16 35 25808  1 710654 119021 1.5 20 13 9 15 23% 1138678 5888 39%
c u 210.84  0 16 35 25808  1 710654 118963 1.5 20 13 9 15 23% 1138678 5888 39%
c v 210.96  0 16 35 25808  1 710654 118927 1.5 20 13 9 15 23% 1138678 5888 39%
c w 211.02  0 16 35 25808  1 710654 118901 1.5 20 13 9 15 23% 1138678 5888 39%
c x 211.22  0 16 35 25808  1 710654 118901 1.5 20 13 9 15 23% 1138674 5888 39%
c t 211.22  0 16 35 25808  1 710654 118900 1.5 20 13 9 15 23% 1138674 5888 39%
c # 219.55  0 16 35 28449  1 741059 137604 1.5 20 13 9 14 23% 1138674 5888 39%
c - 222.92  0 16 36 29373  1 753992 123925 1.5 20 14 9 14 24% 1138626 5888 39%
c p 223.05  0 16 36 29373  1 753992 124858 1.5 20 14 9 14 24% 1138626 5881 39%
c u 223.38  0 16 36 29373  1 753992 124820 1.5 20 14 9 14 24% 1138626 5881 39%
c v 223.53  0 16 36 29373  1 753992 124796 1.5 20 14 9 14 24% 1138626 5881 39%
c w 223.60  0 16 36 29373  1 753992 124793 1.5 20 14 9 14 24% 1138626 5881 39%
c 
c  seconds   reductions    conflicts          size   tier2         variables
c          MB      restarts       redundant      glue    trail          remaining
c           level        rate           size/glue  tier1    irredundant
c 
c x 223.80  0 16 36 29373  1 753992 124793 1.5 20 14 9 14 24% 1138620 5881 39%
c t 223.81  0 16 36 29373  1 753992 124792 1.5 20 14 9 14 24% 1138620 5881 39%
c } 226.71  0 16 36 30415  1 767094 132015 1.5 20 14 9 14 24% 1138620 5881 39%
c [ 226.71  0 18 36 30415  1 767094 132015 1.5 23 15 11 17 24% 1138620 5881 39%
c W 231.54  0 18 36 30422  1 780061 139867 1.5 23 15 11 17 24% 1138592 5881 39%
c - 235.10  0 18 37 30424  1 798632 128143 1.5 22 15 11 17 24% 1138592 5881 39%
c p 235.19  0 18 37 30424  1 798632 128852 1.5 22 15 11 17 24% 1138592 5849 39%
c u 235.48  0 18 37 30424  1 798632 128816 1.5 22 15 11 17 24% 1138592 5849 39%
c v 235.61  0 18 37 30424  1 798632 128811 1.5 22 15 11 17 24% 1138592 5849 39%
c w 235.67  0 18 37 30424  1 798632 128797 1.5 22 15 11 17 24% 1138592 5849 39%
c x 235.84  0 18 37 30424  1 798632 128797 1.5 22 15 11 17 24% 1138588 5849 39%
c t 235.85  0 18 37 30424  1 798632 128796 1.5 22 15 11 17 24% 1138588 5849 39%
c I 239.71  0 18 37 30425  1 820063 143041 1.5 23 15 11 17 24% 1138588 5849 39%
c s 242.18  0 18 37 30425  1 829099 149508 1.5 23 15 11 17 24% 1137327 5849 39%
c t 242.22  0 18 37 30425  1 829099 149508 1.5 23 15 11 17 24% 1137323 5849 39%
c e 242.45  0 18 37 30425  1 829099 149502 1.5 23 15 11 17 24% 1137198 5848 39%
c s 242.88  0 18 37 30425  1 829099 149486 1.5 23 15 11 17 24% 1136214 5848 39%
c - 246.59  0 18 38 30426  1 844576 131054 1.5 23 15 11 17 24% 1136214 5848 39%
c p 246.73  0 18 38 30426  1 844576 131672 1.5 23 15 11 17 24% 1136214 5825 38%
c u 247.10  0 18 38 30426  1 844576 131641 1.5 23 15 11 17 24% 1136200 5825 38%
c 
c  seconds   reductions    conflicts          size    tier2         variables
c          MB      restarts       redundant      glue     trail          remaining
c           level        rate           size/glue  tier1     irredundant
c 
c v 247.24  0 18 38 30426  1 844576 131632 1.5 23 15 11 17 24% 1136200 5825 38%
c w 247.31  0 18 38 30426  1 844576 131628 1.5 23 15 11 17 24% 1136200 5825 38%
c x 247.51  0 18 38 30426  1 844576 131628 1.5 23 15 11 17 24% 1136195 5825 38%
c t 247.51  0 18 38 30426  1 844576 131627 1.5 23 15 11 17 24% 1136185 5825 38%
c B 250.79  0 17 38 30426  1 861064 141979 1.5 23 15 11 17 24% 1136185 5825 38%
c ] 256.19  0 17 38 30426  1 889527 158499 1.5 22 15 11 17 24% 1136185 5825 38%
c { 256.19  0 16 38 30426  1 889527 158499 1.5 20 14 9 14 24% 1136185 5825 38%
c - 256.94  0 16 39 30629  1 891802 136550 1.5 20 14 9 14 24% 1136116 5825 38%
c p 257.06  0 16 39 30629  1 891802 137305 1.5 20 14 9 14 24% 1136116 5814 38%
c u 257.40  0 16 39 30629  1 891802 137238 1.5 20 14 9 14 24% 1136116 5814 38%
c v 257.56  0 16 39 30629  1 891802 137212 1.5 20 14 9 14 24% 1136116 5814 38%
c w 257.64  0 16 39 30629  1 891802 137211 1.5 20 14 9 14 24% 1136116 5814 38%
c x 257.86  0 16 39 30629  1 891802 137211 1.5 20 14 9 14 24% 1136111 5814 38%
c B 260.56  0 16 39 31315  1 903066 143854 1.5 20 14 9 14 24% 1136111 5814 38%
c - 268.93  0 15 40 32163  1 940328 146091 1.5 19 13 9 14 24% 1136067 5814 38%
c p 269.06  0 15 40 32163  1 940328 146873 1.5 19 13 9 14 24% 1136067 5804 38%
c u 269.38  0 15 40 32163  1 940328 146851 1.5 19 13 9 14 24% 1136067 5804 38%
c v 269.53  0 15 40 32163  1 940328 146825 1.5 19 13 9 14 24% 1136067 5804 38%
c w 269.60  0 15 40 32163  1 940328 146820 1.5 19 13 9 14 24% 1136067 5804 38%
c x 269.81  0 15 40 32163  1 940328 146820 1.5 19 13 9 14 24% 1136062 5804 38%
c 
c  seconds   reductions    conflicts          size   tier2         variables
c          MB      restarts       redundant      glue    trail          remaining
c           level        rate           size/glue  tier1    irredundant
c 
c t 269.82  0 15 40 32163  1 940328 146819 1.5 19 13 9 14 24% 1136062 5804 38%
c W 274.38  0 15 40 32163  1 946070 149531 1.5 19 13 9 14 24% 1136022 5804 38%
c F 283.46  0 14 40 33179  1 990071 171530 1.5 18 12 9 14 24% 1136022 5804 38%
c - 283.67  0 14 41 33183  1 990156 153914 1.5 18 12 9 14 24% 1136022 5804 38%
c p 283.78  0 14 41 33183  1 990156 154703 1.5 18 12 9 14 24% 1136022 5798 38%
c u 285.93  0 14 41 33183  1 990156 154640 1.5 18 12 9 14 24% 1135998 5798 38%
c v 286.08  0 14 41 33183  1 990156 154631 1.5 18 12 9 14 24% 1135998 5798 38%
c w 286.16  0 14 41 33183  1 990156 154629 1.5 18 12 9 14 24% 1135998 5798 38%
c x 286.35  0 14 41 33183  1 990156 154629 1.5 18 12 9 14 24% 1135993 5798 38%
c t 286.36  0 14 41 33183  1 990156 154628 1.5 18 12 9 14 24% 1135993 5798 38%
c s 288.59  0 14 41 34277  1 996347 158414 1.5 18 12 9 14 24% 1134090 5798 38%
c e 288.84  0 14 41 34277  1 996347 158379 1.5 18 12 9 14 24% 1134088 5796 38%
c s 289.31  0 14 41 34277  1 996347 158352 1.5 18 12 9 14 24% 1129643 5796 38%
c B 299.03  0 14 41 36901  1 1035072 180187 1.5 18 12 9 14 24% 1129643 5796 38%
c - 301.36  0 14 42 37828  1 1041290 164092 1.5 18 12 9 14 24% 1129643 5796 38%
c p 301.56  0 14 42 37828  1 1041290 165089 1.5 18 12 9 14 24% 1129643 5793 38%
c u 301.96  0 14 42 37828  1 1041290 165055 1.5 18 12 9 14 24% 1129643 5793 38%
c v 302.12  0 14 42 37828  1 1041290 165048 1.5 18 12 9 14 24% 1129643 5793 38%
c w 302.20  0 14 42 37828  1 1041290 165043 1.5 18 12 9 14 24% 1129643 5793 38%
c x 302.42  0 14 42 37828  1 1041290 165043 1.5 18 12 9 14 24% 1129642 5793 38%
c 
c  seconds   reductions     conflicts          size   tier2         variables
c          MB      restarts        redundant      glue    trail          remaining
c           level        rate            size/glue  tier1    irredundant
c 
c t 302.43  0 14 42 37828  1 1041290 165042 1.5 18 12 9 14 24% 1129642 5793 38%
c } 303.70  0 14 42 38237  1 1045412 167445 1.5 18 12 9 14 24% 1129642 5793 38%
c [ 303.70  0 17 42 38237  1 1045412 167445 1.5 22 15 11 17 24% 1129642 5793 38%
c W 314.31  0 17 42 38250  1 1081073 187970 1.5 22 15 11 17 24% 1129630 5793 38%
c - 317.18  0 17 43 38252  1 1093662 170159 1.5 22 15 11 17 24% 1129630 5793 38%
c p 317.32  0 17 43 38252  1 1093662 170984 1.5 22 15 11 17 24% 1129630 5771 38%
c u 317.69  0 17 43 38252  1 1093662 170908 1.5 22 15 11 17 24% 1129630 5771 38%
c v 317.86  0 17 43 38252  1 1093662 170886 1.5 22 15 11 17 24% 1129630 5771 38%
c w 317.95  0 17 43 38252  1 1093662 170885 1.5 22 15 11 17 24% 1129630 5771 38%
c x 318.17  0 17 43 38252  1 1093662 170885 1.5 22 15 11 17 24% 1129629 5771 38%
c t 318.18  0 17 43 38252  1 1093662 170884 1.5 22 15 11 17 24% 1129629 5771 38%
c O 325.08  0 17 43 38268  1 1128074 192714 1.5 22 15 10 17 24% 1129629 5771 38%
c - 329.99  0 16 44 38271  1 1147334 177060 1.5 21 14 10 17 24% 1129552 5771 38%
c 2 329.99  0 16 44 38271  1 1147334 177060 1.5 21 14 10 17 24% 1129546 5771 38%
c p 330.14  0 16 44 38271  1 1147334 177981 1.5 21 14 10 17 24% 1129546 5763 38%
c k 330.15  0 16 44 38271  1 1147334 177981 1.5 21 14 10 17 24% 1129546 5762 38%
c u 330.52  0 16 44 38271  1 1147334 177938 1.5 21 14 10 17 24% 1129546 5762 38%
c v 330.70  0 16 44 38271  1 1147334 177896 1.5 21 14 10 17 24% 1129546 5762 38%
c w 330.80  0 16 44 38271  1 1147334 177892 1.5 21 14 10 17 24% 1129546 5762 38%
c x 331.07  0 16 44 38271  1 1147334 177890 1.5 21 14 10 17 24% 1129535 5762 38%
c 
c  seconds   reductions     conflicts          size    tier2         variables
c          MB      restarts        redundant      glue     trail          remaining
c           level        rate            size/glue  tier1     irredundant
c 
c t 331.08  0 16 44 38271  1 1147334 177888 1.5 21 14 10 17 24% 1129527 5762 38%
c i 332.38  0 16 44 38274  1 1152444 180510 1.5 21 14 10 17 24% 1129527 5754 38%
c B 337.63  0 16 44 38283  1 1176075 195900 1.5 21 15 10 17 25% 1129527 5754 38%
c s 338.72  0 17 44 38285  1 1178906 197742 1.5 21 15 10 17 25% 1127381 5754 38%
c e 338.98  0 17 44 38285  1 1178906 196897 1.5 21 15 10 17 25% 1078126 5675 38%
c s 339.45  0 17 44 38285  1 1178906 196885 1.5 21 15 10 17 25% 1075128 5675 38%
c ] 342.31  0 17 44 38292  1 1191237 205259 1.4 22 15 10 17 25% 1075128 5675 38%
c { 342.31  0 14 44 38292  1 1191237 205259 1.5 18 12 9 14 24% 1075128 5675 38%
c - 345.68  0 14 45 39840  1 1202311 159464 1.5 18 12 9 14 24% 1075128 5675 38%
c p 345.83  0 14 45 39840  1 1202311 160432 1.5 18 12 9 14 24% 1075128 5663 37%
c u 346.22  0 14 45 39840  1 1202311 160389 1.5 18 12 9 14 24% 1075128 5663 37%
c v 346.41  0 14 45 39840  1 1202311 160347 1.5 18 12 9 14 24% 1075128 5663 37%
c w 346.49  0 14 45 39840  1 1202311 160345 1.5 18 12 9 14 24% 1075128 5663 37%
c x 346.72  0 14 45 39840  1 1202311 160343 1.5 18 12 9 14 24% 1075119 5663 37%
c t 346.72  0 14 45 39840  1 1202311 160343 1.5 18 12 9 14 24% 1075112 5663 37%
c W 355.72  0 14 45 42494  1 1225077 173628 1.5 19 13 9 14 24% 1075066 5663 37%
c - 364.63  0 15 46 45412  1 1257997 171702 1.5 19 13 9 14 24% 1075066 5663 37%
c 2 364.63  0 15 46 45412  1 1257997 171702 1.5 19 13 9 14 24% 1075065 5663 37%
c p 364.77  0 15 46 45412  1 1257997 172719 1.5 19 13 9 14 24% 1075065 5658 37%
c u 365.15  0 15 46 45412  1 1257997 172674 1.5 19 13 9 14 24% 1075065 5658 37%
c 
c  seconds   reductions     conflicts          size   tier2         variables
c          MB      restarts        redundant      glue    trail          remaining
c           level        rate            size/glue  tier1    irredundant
c 
c v 365.33  0 15 46 45412  1 1257997 172653 1.5 19 13 9 14 24% 1075065 5658 37%
c w 365.42  0 15 46 45412  1 1257997 172652 1.5 19 13 9 14 24% 1075065 5658 37%
c x 365.68  0 15 46 45412  1 1257997 172651 1.5 19 13 9 14 24% 1075061 5658 37%
c # 370.03  0 15 46 47261  1 1275079 182223 1.5 19 13 9 14 24% 1075061 5658 37%
c - 380.01  0 15 47 50434  1 1314960 183487 1.5 19 13 9 14 24% 1075041 5658 37%
c p 380.16  0 15 47 50434  1 1314960 184315 1.5 19 13 9 14 24% 1075041 5656 37%
c u 380.63  0 15 47 50434  1 1314960 184237 1.5 19 13 9 14 24% 1075044 5656 37%
c v 380.82  0 15 47 50434  1 1314960 184187 1.5 19 13 9 14 24% 1075044 5656 37%
c w 380.92  0 15 47 50434  1 1314960 184184 1.5 19 13 9 14 24% 1075044 5656 37%
c x 381.20  0 15 47 50434  1 1314960 184182 1.5 19 13 9 14 24% 1075041 5656 37%
c t 381.21  0 15 47 50434  1 1314960 184182 1.5 19 13 9 14 24% 1075036 5656 37%
c B 384.31  0 15 47 51235  1 1326081 190550 1.5 19 13 9 14 24% 1075036 5656 37%
c } 395.41  0 15 47 53769  1 1372500 217656 1.5 19 13 9 14 24% 1075036 5656 37%
c [ 395.41  0 17 47 53769  1 1372500 217656 1.4 22 15 10 17 25% 1075036 5656 37%
c - 395.79  0 17 48 53769  1 1373194 194807 1.4 22 15 10 17 25% 1075030 5656 37%
c p 395.95  0 17 48 53769  1 1373194 195554 1.4 22 15 10 17 25% 1075030 5649 37%
c u 396.40  0 17 48 53769  1 1373194 195471 1.4 22 15 10 17 25% 1075030 5649 37%
c v 396.60  0 17 48 53769  1 1373194 195387 1.4 22 15 10 17 25% 1075030 5649 37%
c w 396.70  0 17 48 53769  1 1373194 195385 1.4 22 15 10 17 25% 1075030 5649 37%
c x 396.98  0 17 48 53769  1 1373194 195385 1.4 22 15 10 17 25% 1075029 5649 37%
c 
c  seconds   reductions     conflicts          size    tier2         variables
c          MB      restarts        redundant      glue     trail          remaining
c           level        rate            size/glue  tier1     irredundant
c 
c s 398.19  0 17 48 53771  1 1375615 197095 1.4 22 15 10 17 25% 1072342 5649 37%
c t 398.23  0 17 48 53771  1 1375615 197095 1.4 22 15 10 17 25% 1072329 5649 37%
c e 398.43  0 17 48 53771  1 1375615 197089 1.4 22 15 10 17 25% 1072299 5648 37%
c s 398.92  0 17 48 53771  1 1375615 197054 1.4 22 15 10 17 25% 1068021 5648 37%
c W 403.24  0 17 48 53773  1 1378083 198735 1.4 22 15 10 17 25% 1068021 5648 37%
c I 413.93  0 17 48 53777  1 1431084 234529 1.5 22 15 10 17 25% 1068021 5648 37%
c - 414.58  0 17 49 53777  1 1432705 204455 1.5 22 15 10 17 25% 1068021 5648 37%
c p 414.73  0 17 49 53777  1 1432705 205499 1.5 22 15 10 17 25% 1068021 5645 37%
c u 415.15  0 17 49 53777  1 1432705 205457 1.5 22 15 10 17 25% 1068021 5645 37%
c v 415.34  0 17 49 53777  1 1432705 205432 1.5 22 15 10 17 25% 1068021 5645 37%
c w 415.43  0 17 49 53777  1 1432705 205428 1.5 22 15 10 17 25% 1068021 5645 37%
c x 415.70  0 17 49 53777  1 1432705 205428 1.5 22 15 10 17 25% 1068018 5645 37%
c B 427.78  0 16 49 53799  1 1485086 238727 1.5 22 14 10 17 25% 1068018 5645 37%
c - 430.17  0 16 50 53804  1 1493408 213792 1.5 22 14 10 17 25% 1068006 5645 37%
c p 430.34  0 16 50 53804  1 1493408 214881 1.5 22 14 10 17 25% 1068006 5643 37%
c u 433.44  0 16 50 53804  1 1493408 214823 1.5 22 14 10 17 25% 1067999 5643 37%
c v 433.66  0 16 50 53804  1 1493408 214804 1.5 22 14 10 17 25% 1067999 5643 37%
c w 433.79  0 16 50 53804  1 1493408 214803 1.5 22 14 10 17 25% 1067999 5643 37%
c x 434.10  0 16 50 53804  1 1493408 214803 1.5 22 14 10 17 25% 1067998 5643 37%
c W 448.30  0 15 50 53818  1 1540090 241536 1.5 21 14 10 16 25% 1067998 5643 37%
c 
c  seconds   reductions     conflicts          size    tier2         variables
c          MB      restarts        redundant      glue     trail          remaining
c           level        rate            size/glue  tier1     irredundant
c 
c ] 451.56  0 15 50 53823  1 1555227 250382 1.5 21 14 10 16 25% 1067998 5643 37%
c { 451.56  0 15 50 53823  1 1555227 250382 1.5 19 13 9 14 24% 1067998 5643 37%
c - 451.79  0 15 51 53862  1 1555382 221087 1.5 19 13 9 14 24% 1067998 5643 37%
c p 451.96  0 15 51 53862  1 1555382 222041 1.5 19 13 9 14 24% 1067998 5631 37%
c u 452.44  0 15 51 53862  1 1555382 221993 1.5 19 13 9 14 24% 1067998 5631 37%
c v 452.67  0 15 51 53862  1 1555382 221986 1.5 19 13 9 14 24% 1067998 5631 37%
c w 452.78  0 15 51 53862  1 1555382 221978 1.5 19 13 9 14 24% 1067998 5631 37%
c x 453.08  0 15 51 53862  1 1555382 221978 1.5 19 13 9 14 24% 1067998 5631 37%
c s 461.27  0 14 51 54692  1 1587380 239724 1.5 19 13 8 14 24% 1064367 5631 37%
c e 461.53  0 14 51 54692  1 1587380 239712 1.5 19 13 8 14 24% 1064324 5630 37%
c s 462.04  0 14 51 54692  1 1587380 239686 1.5 19 13 8 14 24% 1059101 5630 37%
c W 465.72  0 14 51 54692  1 1596091 244025 1.5 19 12 8 14 24% 1059101 5630 37%
c - 472.29  0 15 52 57372  1 1618629 194368 1.5 19 13 8 14 24% 1059101 5630 37%
c p 472.47  0 15 52 57372  1 1618629 195434 1.5 19 13 8 14 24% 1059101 5624 37%
c u 472.90  0 15 52 57372  1 1618629 195382 1.5 19 13 8 14 24% 1059101 5624 37%
c v 473.10  0 15 52 57372  1 1618629 195358 1.5 19 13 8 14 24% 1059101 5624 37%
c w 473.20  0 15 52 57372  1 1618629 195353 1.5 19 13 8 14 24% 1059101 5624 37%
c x 473.49  0 15 52 57372  1 1618629 195353 1.5 19 13 8 14 24% 1059099 5624 37%
c t 473.50  0 15 52 57372  1 1618629 195353 1.5 19 13 8 14 24% 1059095 5624 37%
c F 482.27  0 14 52 58543  1 1653096 214218 1.5 19 12 8 14 24% 1059095 5624 37%
c 
c  seconds   reductions     conflicts          size   tier2         variables
c          MB      restarts        redundant      glue    trail          remaining
c           level        rate            size/glue  tier1    irredundant
c 
c - 490.44  0 14 53 60548  1 1683036 192321 1.5 19 13 8 14 24% 1059071 5624 37%
c p 490.60  0 14 53 60548  1 1683036 193427 1.5 19 13 8 14 24% 1059071 5622 37%
c u 491.05  0 14 53 60548  1 1683036 193349 1.5 19 13 8 14 24% 1059071 5622 37%
c v 491.28  0 14 53 60548  1 1683036 193339 1.5 19 13 8 14 24% 1059071 5622 37%
c w 491.39  0 14 53 60548  1 1683036 193334 1.5 19 13 8 14 24% 1059071 5622 37%
c x 491.72  0 14 53 60548  1 1683036 193332 1.5 19 13 8 14 24% 1059067 5622 37%
c B 499.18  0 14 53 61785  1 1711099 208579 1.5 18 12 8 14 24% 1059067 5622 37%
c - 509.62  0 14 54 65476  1 1748708 195757 1.5 19 12 8 14 24% 1059059 5622 37%
c p 509.78  0 14 54 65476  1 1748708 196876 1.5 19 12 8 14 24% 1059059 5622 37%
c u 510.25  0 14 54 65476  1 1748708 196796 1.5 19 12 8 14 24% 1059059 5622 37%
c v 510.46  0 14 54 65476  1 1748708 196706 1.5 19 12 8 14 24% 1059059 5622 37%
c w 510.58  0 14 54 65476  1 1748708 196699 1.5 19 12 8 14 24% 1059059 5622 37%
c x 510.90  0 14 54 65476  1 1748708 196699 1.5 19 12 8 14 24% 1059052 5622 37%
c } 513.89  0 14 54 66354  1 1759287 202380 1.5 19 13 8 14 24% 1059052 5622 37%
c [ 513.89  0 15 54 66354  1 1759287 202380 1.5 21 14 10 16 25% 1059052 5622 37%
c O 516.46  0 15 54 66360  1 1770100 208463 1.5 21 13 10 16 25% 1059052 5622 37%
c s 527.07  0 16 54 66371  1 1814046 235309 1.5 21 14 10 16 25% 1054669 5622 37%
c e 527.31  0 16 54 66371  1 1814046 235288 1.5 21 14 10 16 25% 1054669 5621 37%
c s 527.80  0 16 54 66371  1 1814046 235261 1.5 21 14 10 16 25% 1049132 5621 37%
c - 528.50  0 16 55 66371  1 1815651 199490 1.5 21 14 10 16 25% 1049132 5621 37%
c 
c  seconds   reductions     conflicts          size    tier2         variables
c          MB      restarts        redundant      glue     trail          remaining
c           level        rate            size/glue  tier1     irredundant
c 
c p 528.65  0 16 55 66371  1 1815651 200601 1.5 21 14 10 16 25% 1049132 5621 37%
c u 529.19  0 16 55 66371  1 1815651 200533 1.5 21 14 10 16 25% 1049132 5621 37%
c v 529.45  0 16 55 66371  1 1815651 200498 1.5 21 14 10 16 25% 1049132 5621 37%
c w 529.59  0 16 55 66371  1 1815651 200486 1.5 21 14 10 16 25% 1049132 5621 37%
c x 529.94  0 16 55 66371  1 1815651 200486 1.5 21 14 10 16 25% 1049123 5621 37%
c B 533.30  0 16 55 66371  1 1830102 209443 1.5 21 14 10 16 25% 1049123 5621 37%
c - 546.80  0 16 56 66372  1 1883726 204130 1.5 21 14 10 16 25% 1049123 5621 37%
c p 546.95  0 16 56 66372  1 1883726 205263 1.5 21 14 10 16 25% 1049123 5621 37%
c u 547.43  0 16 56 66372  1 1883726 205196 1.5 21 14 10 16 25% 1049123 5621 37%
c v 547.64  0 16 56 66372  1 1883726 205130 1.5 21 14 10 16 25% 1049123 5621 37%
c w 547.76  0 16 56 66372  1 1883726 205120 1.5 21 14 10 16 25% 1049123 5621 37%
c x 548.08  0 16 56 66372  1 1883726 205119 1.5 21 14 10 16 25% 1049110 5621 37%
c W 555.46  0 16 56 66372  1 1891103 210364 1.5 21 14 10 16 25% 1049110 5621 37%
c - 571.89  0 16 57 66373  1 1953064 209448 1.5 21 14 10 16 24% 1049110 5621 37%
c p 572.05  0 16 57 66373  1 1953064 210615 1.5 21 14 10 16 24% 1049110 5621 37%
c u 572.68  0 16 57 66373  1 1953064 210575 1.5 21 14 10 16 24% 1049118 5621 37%
c v 572.96  0 16 57 66373  1 1953064 210532 1.5 21 14 10 16 24% 1049118 5621 37%
c w 573.09  0 16 57 66373  1 1953064 210517 1.5 21 14 10 16 24% 1049118 5621 37%
c x 573.45  0 16 57 66373  1 1953064 210517 1.5 21 14 10 16 24% 1049107 5621 37%
c t 573.46  0 16 57 66373  1 1953064 210517 1.5 21 14 10 16 24% 1049102 5621 37%
c 
c  seconds   reductions     conflicts          size    tier2         variables
c          MB      restarts        redundant      glue     trail          remaining
c           level        rate            size/glue  tier1     irredundant
c 
c I 573.52  0 16 57 66373  1 1953105 210539 1.5 21 14 10 16 24% 1049102 5621 37%
c ] 574.89  0 15 57 66373  1 1957043 212695 1.5 20 14 10 16 24% 1049102 5621 37%
c { 574.89  0 14 57 66373  1 1957043 212695 1.5 19 13 8 14 24% 1049102 5621 37%
c W 594.33  0 13 57 68258  1 2016107 242655 1.5 18 12 8 13 24% 1049102 5621 37%
c - 596.46  0 13 58 68734  1 2023667 213630 1.5 18 12 8 13 24% 1049102 5621 37%
c p 596.66  0 13 58 68734  1 2023667 214887 1.5 18 12 8 13 24% 1049102 5617 37%
c u 597.18  0 13 58 68734  1 2023667 214817 1.5 18 12 8 13 24% 1049102 5617 37%
c v 597.43  0 13 58 68734  1 2023667 214727 1.5 18 12 8 13 24% 1049102 5617 37%
c w 597.55  0 13 58 68734  1 2023667 214702 1.5 18 12 8 13 24% 1049102 5617 37%
c x 597.91  0 13 58 68734  1 2023667 214699 1.5 18 12 8 13 24% 1048997 5617 37%
c t 597.92  0 13 58 68734  1 2023667 214697 1.5 18 12 8 13 24% 1048996 5617 37%
c i 605.20  0 13 58 70510  1 2052094 229127 1.5 17 11 8 13 24% 1048996 5575 37%
c s 607.06  0 13 58 70540  1 2055461 146906 1.5 17 11 8 13 17% 748649 5575 37%
c t 607.08  0 13 58 70540  1 2055461 146905 1.5 17 11 8 13 17% 748645 5575 37%
c e 607.21  0 13 58 70540  1 2055461 145132 1.5 17 11 8 13 17% 748174 5418 36%
c s 607.61  0 13 58 70540  1 2055461 145105 1.5 17 11 8 13 17% 745062 5418 36%
c i 612.35  0 12 58 70690  1 2075256 153770 1.5 16 11 8 13 17% 745062 5389 36%
c # 613.48  0 12 58 70748  1 2080111 156311 1.5 16 11 8 13 17% 745062 5389 36%
c i 614.04  0 12 58 70770  1 2083131 157695 1.5 16 11 8 13 17% 745062 5374 36%
c i 614.90  0 12 58 70770  1 2088066 159642 1.5 16 11 8 13 17% 745062 5313 35%
c 
c  seconds   reductions     conflicts          size   tier2        variables
c          MB      restarts        redundant      glue    trail         remaining
c           level        rate            size/glue  tier1   irredundant
c 
c i 615.16  0 12 58 70770  1 2089390 160172 1.5 16 11 8 13 17% 745062 5298 35%
c i 615.19  0 12 58 70770  1 2089487 160201 1.5 16 11 8 13 17% 745062 5296 35%
c i 615.35  0 12 58 70770  1 2090432 160664 1.5 16 11 8 13 17% 745062 5250 35%
c i 615.41  0 12 58 70770  1 2090666 160740 1.5 16 11 8 13 17% 745062 5200 34%
c i 615.43  0 12 58 70770  1 2090754 160761 1.5 16 11 8 13 17% 745062 5140 34%
c i 615.43  0 12 58 70770  1 2090756 160762 1.5 16 11 8 13 17% 745062 5101 34%
c i 615.44  0 12 58 70770  1 2090818 160783 1.5 16 11 8 13 17% 745062 5057 33%
c i 615.44  0 12 58 70770  1 2090820 160784 1.5 16 11 8 13 17% 745062 4943 33%
c i 615.44  0 12 58 70770  1 2090823 160785 1.5 16 11 8 13 17% 745062 4448 29%
c i 615.59  0 12 58 70770  1 2090824  517 1.5 16 11 8 13  1% 131472 4433 29%
c } 615.59  0 12 58 70770  1 2090826  517 1.5 16 11 8 13  1% 131472 4382 29%
c 0 615.59  0 12 58 70770  1 2090826  517 1.5 16 11 8 13  1% 131472 4382 29%
c 
c --- [ closing proof ] ------------------------------------------------------
c 
c LRAT proof file '/Users/ivanspogreev/earth-moon/population/f034-a4-cert/m08/resolve/round-0/F.lrat' closed
c LRAT 3424153 added clauses 42.14%
c LRAT 4701479 deleted clauses 57.86%
c LRAT 714644059 bytes (681.54 MB)
c 
c --- [ result ] -------------------------------------------------------------
c 
s UNSATISFIABLE
c 
c --- [ run-time profiling ] -------------------------------------------------
c 
c process time taken by individual solving procedures
c (percentage relative to process time for solving)
c 
c       547.80   89.11% search
c       288.20   46.88% unstable
c       216.15   35.16% stable
c        66.95   10.89% simplify
c        43.23    7.03% walk
c        32.86    5.34% vivify
c        10.47    1.70% sweep
c         9.82    1.60% subsume
c         6.78    1.10% elim
c         4.02    0.65% probe
c         0.84    0.14% parse
c         0.73    0.12% ternary
c         0.63    0.10% congruence
c         0.21    0.03% lucky
c         0.04    0.01% backbone
c   =================================
c       614.74   99.86% solve
c 
c last line shows process time for solving
c (percentage relative to total process time)
c 
c --- [ statistics ] ---------------------------------------------------------
c 
c chronological:            226694        10.84 %  of conflicts
c conflicts:               2090826      3401.13    per second
c backbone:                1118549      7391.94 %  of vars
c decisions:               2396766      3898.80    per second
c eliminated:                 8698        57.48 %  of all variables
c fixed:                      2051        13.55 %  of all variables
c learned:                 2059093        98.48 %  per conflict
c learned_lits:           64481023       100.00 %  learned literals
c minimized:                     0         0.00 %  learned literals
c shrunken:               19292257        29.92 %  learned literals
c minishrunken:            3609975         5.60 %  learned literals
c otfs:                       4755         0.23 %  of conflict
c propagations:          240362393         0.39 M  per second
c reduced:                  978423        46.80 %  per conflict
c rephased:                     64     32669.16    interval
c restarts:                  70770        29.54    interval
c stabilizing:                  12        46.59 %  of conflicts
c substituted:                   1         0.01 %  of all variables
c subsumed:                 870364        26.58 %  of all clauses
c strengthened:             513771        15.69 %  of all clauses
c ticks:               50027636071       211.95    propagation
c vivified:                   5697         0.17 %  of all clauses
c walked:                       20    104541.30    interval
c weakened:                  32139         3.26    average size
c congruence:                   10    209082.60    interval
c 
c seconds are measured in process time for solving
c 
c --- [ glue usage ] ---------------------------------------------------------
c 
c focused glue 8 used 209330 clauses 6.948% accumulated 54.60% tier1
c focused glue 9 used 203421 clauses 6.752% accumulated 61.36%
c focused glue 10-11 used 378490 clauses 12.56% accumulated 73.92%
c focused glue 12 used 173371 clauses 5.754% accumulated 79.67%
c focused glue 13 used 151241 clauses 5.020% accumulated 84.69% tier2
c 
c stable glue 10 used 144048 clauses 5.342% accumulated 55.86% tier1
c stable glue 11 used 151299 clauses 5.611% accumulated 61.48%
c stable glue 12-14 used 451972 clauses 16.76% accumulated 78.24%
c stable glue 15 used 129309 clauses 4.795% accumulated 83.04%
c stable glue 16 used 112183 clauses 4.160% accumulated 87.20% tier2
c 
c 
c --- [ resources ] ----------------------------------------------------------
c 
c total process time since initialization:       615.59    seconds
c total real time since initialization:          636.49    seconds
c maximum resident set size of process:          753.39    MB
c 
c --- [ shutting down ] ------------------------------------------------------
c 
c exit 20

[rc=20 636.5s]
$ /Users/ivanspogreev/earth-moon/verifier/../tools/drat-trim/lrat-check /Users/ivanspogreev/earth-moon/population/f034-a4-cert/m08/resolve/round-0/F.cnf /Users/ivanspogreev/earth-moon/population/f034-a4-cert/m08/resolve/round-0/F.lrat
c parsed a formula with 15132 variables and 1411367 clauses
c VERIFIED
c allocated 1024 32152699 151320
c Added clauses = 4835520.  Deleted clauses = 4701479.  Max live clauses = 1411367
c verification time = 12.98 secs

[rc=0 13.0s]
