# lean_static_resolve 2026-09-25 21:23:07
# dump=/Users/ivanspogreev/earth-moon/population/f034-a4-cert/split-m13/dump.jsonl raw=2358960 dedup=2358960 footer={'type': 'footer', 'verdict': 'UNSAT', 'counts': {'preseed': 7898, 'prop': 2351062, 'model': 0}, 'stats': {'checks': 17051403, 'confl': 1175531, 'model_rej': 0}, 'time': '2026-09-25T20:45:02-0700'}
# counters=False
# cube=[-33, -53, 16, -37]
$ /opt/homebrew/bin/cadical --lrat --no-binary --no-factor /Users/ivanspogreev/earth-moon/population/f034-a4-cert/split-m13/c14/round-0/F.cnf /Users/ivanspogreev/earth-moon/population/f034-a4-cert/split-m13/c14/round-0/F.lrat
c --- [ banner ] -------------------------------------------------------------
c 
c CaDiCaL SAT Solver
c Copyright (c) 2016-2026
c A. Biere, M. Fleury, N. Froleyks, K. Fazekas, F. Pollitt, T. Faller
c JKU Linz, University of Freiburg, TU Wien
c 
c Version 3.0.1
c Apple clang version 16.0.0 (clang-1600.0.26.6) -Wall -Wextra -O3 -DNDEBUG -std=c++11 -DNCLOSEFROM
c Sun Jul 19 15:40:55 UTC 2026 Darwin Sonoma-arm64.local 23.6.0 arm64
c 
c --- [ proof tracing ] ------------------------------------------------------
c 
c opening file to write '/Users/ivanspogreev/earth-moon/population/f034-a4-cert/split-m13/c14/round-0/F.lrat'
c writing non-binary proof trace to '/Users/ivanspogreev/earth-moon/population/f034-a4-cert/split-m13/c14/round-0/F.lrat'
c 
c --- [ parsing input ] ------------------------------------------------------
c 
c reading DIMACS file from '/Users/ivanspogreev/earth-moon/population/f034-a4-cert/split-m13/c14/round-0/F.cnf'
c opening file to read '/Users/ivanspogreev/earth-moon/population/f034-a4-cert/split-m13/c14/round-0/F.cnf'
c found 'p cnf 2945 2367317' header
c parsed 2367317 clauses in 1.50 seconds process time
c 
c --- [ options ] ------------------------------------------------------------
c 
c   --binary=false                 (different from default 'true')
c   --lrat=true                    (different from default 'false')
c 
c --- [ solving ] ------------------------------------------------------------
c 
c time measured in process time since initialization
c 
c  seconds  reduction conflicts       size tier2        variables
c         MB    restarts   redundant    glue  trail          remaining
c          level     rate       size/glu tier1   irredundant
c 
c *  1.50  0  0 0   0  0    0    0 0.0 0 0 2 6  0% 1111421 2905 99%
c )  1.65  0  0 0   0  0    0    0 0.0 0 0 2 6  0% 1111421 2905 99%
c {  1.67  0  0 0   0  0    0    0 0.0 0 0 2 6  0% 1111421 2905 99%
c i  1.69  0 2198 0   0 170   16    9 1.4 7 5 2 6 79% 1111418 2903 99%
c i  1.69  0 2182 0   0 136   20   12 1.4 8 6 2 6 78% 1111418 2902 99%
c i  1.70  0 2179 0   0 130   21   12 1.4 7 5 2 6 78% 1111418 2901 99%
c i  1.70  0 2172 0   0 113   24   13 1.5 7 5 2 6 77% 1111418 2900 98%
c i  1.71  0 2151 0   0 66   43   20 1.5 7 5 2 6 77% 1111407 2899 98%
c i  1.78  0 1066 0   8 38  222   97 1.4 10 7 2 6 52% 1111324 2898 98%
c i  1.78  0 1045 0   9 38  226   98 1.4 10 7 2 6 51% 1111322 2896 98%
c i  1.79  0 1035 0  10 37  228   98 1.4 9 7 2 6 51% 1111321 2895 98%
c i  1.79  0 1030 0  10 37  229   98 1.4 9 7 2 6 50% 1111321 2894 98%
c i  1.81  0 865 0  18 33  276  108 1.4 9 7 2 6 44% 1111290 2893 98%
c -  1.91  0 799 1  26 32  300   80 1.4 11 8 2 6 42% 1111263 2893 98%
c i  1.94  0 718 1  31 29  335   89 1.4 11 8 2 6 39% 1111240 2892 98%
c i  1.94  0 707 1  33 29  340   92 1.4 11 8 2 6 39% 1111239 2891 98%
c i  1.94  0 704 1  33 29  341   92 1.4 11 8 2 6 39% 1111239 2890 98%
c i  1.94  0 702 1  33 29  342   92 1.4 11 8 2 6 39% 1111239 2888 98%
c i  2.01  0 541 1  52 24  443  142 1.4 12 9 2 6 33% 1111203 2886 98%
c i  2.08  0 395 1  63 18  634  232 1.4 12 8 2 6 29% 1111132 2885 98%
c 
c  seconds   reduction conflicts       size  tier2        variables
c         MB     restarts   redundant     glue  trail          remaining
c           level     rate       size/glue tier1   irredundant
c 
c i  2.08  0 386 1  63 18  651  242 1.5 12 8 2 6 28% 1111128 2884 98%
c i  2.08  0 378 1  63 18  665  248 1.5 12 8 2 6 28% 1111123 2879 98%
c i  2.08  0 375 1  63 18  671  250 1.5 12 8 2 6 28% 1111121 2878 98%
c i  2.08  0 374 1  63 18  673  250 1.5 12 8 2 6 28% 1111121 2873 98%
c i  2.09  0 372 1  63 17  677  251 1.5 12 8 2 6 28% 1111119 2848 97%
c i  2.31  0 280 1 121 16  941  407 1.4 15 11 2 6 25% 1111039 2847 97%
c }  2.37  0 265 1 133 16 1003  429 1.4 15 11 2 6 25% 1111003 2847 97%
c [  2.37  0  0 1 133  0 1003  429 0.0 0 0 2 6  0% 1111003 2847 97%
c O  2.38  0  5 1 133  6 1004  430 1.2 5 4 2 6 24% 1111003 2847 97%
c -  2.66  0 32 2 133  1 1185  324 1.9 17 9 2 6 39% 1110933 2847 97%
c i  2.96  0 50 2 134  2 2248 1169 1.9 26 14 2 6 46% 1110823 2846 97%
c i  3.04  0 47 2 134  2 2842 1598 1.7 26 15 2 6 37% 1110748 2844 97%
c -  3.16  0 47 3 134  2 2945  693 1.7 26 16 2 6 36% 1110741 2844 97%
c ]  3.17  0 47 3 134  2 2945  693 1.7 26 16 2 6 36% 1110741 2844 97%
c {  3.17  0 265 3 134 16 2945  693 1.4 15 11 2 6 25% 1110741 2844 97%
c i  3.19  0 263 3 136 16 2951  697 1.4 15 11 2 6 25% 1110741 2843 97%
c i  3.19  0 262 3 136 16 2958  699 1.4 15 11 2 6 25% 1110738 2842 97%
c O  3.25  0 252 3 148 15 3005  735 1.3 16 12 2 6 24% 1110736 2842 97%
c i  3.29  0 244 3 157 15 3043  753 1.3 16 12 2 6 24% 1110720 2786 95%
c i  3.32  0 237 3 168 15 3089  762 1.3 16 12 2 6 24% 1110687 2783 94%
c 
c  seconds   reduction conflicts       size   tier2        variables
c         MB     restarts   redundant     glue   trail          remaining
c           level     rate       size/glue  tier1   irredundant
c 
c i  3.32  0 236 3 168 15 3096  762 1.3 15 11 2 6 24% 1110683 2761 94%
c 2  3.55  0 171 3 191 11 3655 1099 1.5 17 11 2 6 27% 1110521 2740 93%
c d  3.61  0 171 3 191 11 3655 1089 1.5 17 11 2 6 27% 1110398 2739 93%
c p  3.62  0 171 3 191 11 3655 1112 1.5 17 11 2 6 27% 1110398 2739 93%
c =  3.94  0 171 3 191 11 3655 1107 1.5 17 11 2 6 27% 1110381 2705 92%
c t  3.95  0 171 3 191 11 3655 1102 1.5 17 11 2 6 27% 1110381 2705 92%
c i  4.03  0 166 3 208 11 3723 1152 1.5 17 11 2 6 27% 1110377 2704 92%
c i  4.03  0 165 3 208 11 3725 1152 1.5 17 11 2 6 27% 1110377 2696 92%
c i  4.03  0 165 3 209 11 3728 1154 1.5 17 11 2 6 27% 1110377 2695 92%
c i  4.15  0 154 3 244 11 3869 1254 1.5 18 12 2 6 26% 1110358 2690 91%
c i  4.62  0 122 3 326  9 4463 1666 1.4 18 13 2 6 25% 1110341 2688 91%
c i  4.66  0 122 3 333  9 4488 1677 1.4 18 13 2 6 25% 1110331 2687 91%
c i  4.66  0 121 3 333  9 4490 1677 1.4 18 13 2 6 25% 1110331 2679 91%
c i  4.66  0 121 3 333  9 4491 1677 1.4 18 13 2 6 25% 1110331 2668 91%
c i  4.66  0 121 3 333  9 4502 1679 1.4 18 13 2 6 25% 1110325 2658 90%
c i  4.75  0 112 3 361  8 4751 1880 1.4 19 13 2 6 26% 1110318 2657 90%
c i  4.76  0 112 3 363  8 4758 1885 1.4 19 13 2 6 25% 1110317 2577 88%
c i  4.77  0 112 3 364  8 4764 1887 1.4 19 13 2 6 25% 1110316 2484 84%
c i  4.93  0 112 3 365  8 4767 1832 1.4 19 13 2 6  5% 1110077 2413 82%
c i  5.01  0 111 3 374  8 4808 1861 1.4 19 13 2 6 14% 1110075 2412 82%
c 
c  seconds   reduction conflicts       size   tier2        variables
c         MB     restarts   redundant     glue   trail          remaining
c           level     rate       size/glue  tier1   irredundant
c 
c i  5.06  0 109 3 389  8 4866 1908 1.4 19 13 2 6 15% 1110075 2411 82%
c i  5.07  0 108 3 390  8 4874 1910 1.4 19 13 2 6 15% 1110072 2392 81%
c -  5.34  0 89 4 390  6 5718 2340 1.6 20 12 8 16 24% 1109969 2392 81%
c i  5.42  0 85 4 445  6 5989 2544 1.6 20 13 8 16 21% 1109967 2372 81%
c i  5.42  0 85 4 445  6 5991 2545 1.6 20 13 8 16 21% 1109967 2363 80%
c #  5.44  0 84 4 447  6 6007 2557 1.6 20 13 8 16 21% 1109966 2363 80%
c 2  5.53  0 82 4 460  6 6155 2676 1.6 20 13 9 16 21% 1109962 2358 80%
c i  6.16  0 55 4 496  4 8906 4870 1.8 20 11 9 15 19% 1109919 2355 80%
c i  6.23  0 54 4 516  4 8986 4935 1.8 20 11 9 15 19% 1109919 2312 79%
c -  6.65  0 51 5 670  4 9585 4651 1.7 20 12 8 14 18% 1109868 2312 79%
c 2  6.66  0 51 5 670  4 9585 4651 1.7 20 12 8 14 18% 1109868 2276 77%
c }  6.82  0 50 5 753  4 9949 4837 1.7 20 12 8 14 18% 1109869 2276 77%
c [  6.82  0 47 5 753  2 9949 4837 1.7 26 16 2 6 43% 1109869 2276 77%
c I  6.86  0 46 5 753  2 10009 4878 1.7 26 16 2 6 42% 1109868 2276 77%
c -  7.74  0 28 6 757  1 14589 7047 1.8 22 12 8 14 29% 1109825 2276 77%
c 2  7.74  0 28 6 757  1 14589 7047 1.8 22 12 8 14 29% 1109825 2266 77%
c t  7.96  0 28 6 757  1 14589 7045 1.8 22 12 8 14 29% 1109810 2266 77%
c B  8.09  0 27 6 757  1 15011 7301 1.8 22 12 8 14 28% 1109810 2266 77%
c s  8.64  0 25 6 758  1 17162 8920 1.7 21 13 8 14 26% 1109652 2266 77%
c t  8.66  0 25 6 758  1 17162 8919 1.7 21 13 8 14 26% 1109632 2266 77%
c 
c  seconds  reductions conflicts       size   tier2         variables
c         MB    restarts    redundant     glue    trail         remaining
c          level     rate        size/glue  tier1    irredundant
c 
c e  8.85  0 25 6 758  1 17162 8509 1.7 21 13 8 14 26% 1106234 363 12%
c s  8.88  0 25 6 758  1 17162 8506 1.7 21 13 8 14 26% 1106115 363 12%
c ]  9.72  0 23 6 758  1 19488 9913 1.6 21 13 8 14 20% 1051902 362 12%
c {  9.72  0 50 6 758  4 19488 9913 1.7 20 12 8 14 124% 1051902 362 12%
c - 10.31  0 45 7 905  3 20763 8440 1.6 19 12 8 14 103% 1051902 362 12%
c 2 10.31  0 45 7 905  3 20763 8439 1.6 19 12 8 14 103% 1051902 362 12%
c u 10.46  0 45 7 905  3 20763 8425 1.6 19 12 8 14 103% 1051897 362 12%
c v 10.52  0 45 7 905  3 20763 8418 1.6 19 12 8 14 103% 1051897 362 12%
c w 10.55  0 45 7 905  3 20763 8417 1.6 19 12 8 14 103% 1051897 362 12%
c x 10.63  0 45 7 905  3 20763 8417 1.6 19 12 8 14 103% 1051895 362 12%
c t 10.64  0 45 7 905  3 20763 8417 1.6 19 12 8 14 103% 1051894 362 12%
c B 10.81  0 44 7 920  3 21014 8621 1.6 19 12 8 14 100% 1051894 362 12%
c W 13.60  0 35 7 1541  3 28015 13833 1.6 19 12 9 14 61% 1051894 362 12%
c - 13.75  0 35 8 1547  3 28048 11800 1.6 19 12 9 14 61% 1051894 362 12%
c p 13.77  0 35 8 1547  3 28048 11800 1.6 19 12 9 14 61% 1051894 362 12%
c t 13.81  0 35 8 1547  3 28048 11800 1.6 19 12 9 14 61% 1051914 362 12%
c } 16.38  0 30 8 2279  2 35841 17415 1.6 19 12 9 14 47% 1051914 362 12%
c [ 16.38  0 23 8 2279  1 35841 17415 1.6 21 13 8 14 20% 1051914 362 12%
c W 16.72  0 23 8 2279  1 36016 17576 1.6 21 13 8 14 20% 1051914 362 12%
c - 17.01  0 23 9 2279  1 36512 15100 1.6 21 13 8 14 21% 1051914 362 12%
c 
c  seconds  reductions  conflicts        size   tier2         variables
c         MB    restarts      redundant     glue    trail         remaining
c          level      rate         size/glue  tier1    irredundant
c 
c p 17.04  0 23 9 2279  1 36512 15104 1.6 21 13 8 14 21% 1051914 362 12%
c O 19.28  0 22 9 2285  1 45017 21017 1.5 21 14 9 15 24% 1051914 362 12%
c - 19.60  0 21 10 2286  1 46170 17549 1.5 21 14 9 15 24% 1051914 362 12%
c p 19.62  0 21 10 2286  1 46170 17558 1.5 21 14 9 15 24% 1051914 362 12%
c u 19.79  0 21 10 2286  1 46170 17504 1.5 21 14 9 15 24% 1051914 362 12%
c v 19.86  0 21 10 2286  1 46170 17503 1.5 21 14 9 15 24% 1051914 362 12%
c w 19.89  0 21 10 2286  1 46170 17498 1.5 21 14 9 15 24% 1051914 362 12%
c x 19.99  0 21 10 2286  1 46170 17498 1.5 21 14 9 15 24% 1051903 362 12%
c t 20.00  0 21 10 2286  1 46170 17497 1.5 21 14 9 15 24% 1051903 362 12%
c B 21.48  0 22 10 2287  1 55018 24076 1.5 21 14 9 15 26% 1051903 362 12%
c ] 21.59  0 22 10 2287  1 55532 24520 1.5 21 14 9 15 26% 1051903 362 12%
c { 21.59  0 30 10 2287  2 55532 24520 1.6 19 12 9 14 47% 1051903 362 12%
c - 22.03  0 29 11 2323  2 57031 20866 1.6 19 12 9 14 45% 1051903 362 12%
c p 22.05  0 29 11 2323  2 57031 20870 1.6 19 12 9 14 45% 1051903 362 12%
c t 22.06  0 29 11 2323  2 57031 20869 1.6 19 12 9 14 45% 1051902 362 12%
c s 24.60  0 26 11 2840  2 63471 25459 1.6 19 12 9 14 40% 1051845 362 12%
c e 24.81  0 26 11 2840  2 63471 25269 1.6 19 12 9 14 40% 1051844 361 12%
c s 24.85  0 26 11 2840  2 63471 25263 1.6 19 12 9 14 40% 1051776 361 12%
c F 25.51  0 25 11 2894  2 66019 27276 1.6 19 12 9 14 39% 1051776 361 12%
c - 26.79  0 25 12 3180  2 69104 25349 1.6 19 12 9 14 37% 1051776 361 12%
c 
c  seconds  reductions   conflicts        size   tier2         variables
c         MB     restarts      redundant     glue    trail         remaining
c          level       rate         size/glue  tier1    irredundant
c 
c p 26.82  0 25 12 3180  2 69104 25359 1.6 19 12 9 14 37% 1051776 361 12%
c u 27.00  0 25 12 3180  2 69104 25337 1.6 19 12 9 14 37% 1051777 361 12%
c v 27.05  0 25 12 3180  2 69104 25331 1.6 19 12 9 14 37% 1051777 361 12%
c w 27.07  0 25 12 3180  2 69104 25331 1.6 19 12 9 14 37% 1051777 361 12%
c x 27.16  0 25 12 3180  2 69104 25331 1.6 19 12 9 14 37% 1051766 361 12%
c t 27.16  0 25 12 3180  2 69104 25331 1.6 19 12 9 14 37% 1051763 361 12%
c B 29.53  0 23 12 3673  2 78020 31679 1.6 19 11 8 13 34% 1051763 361 12%
c - 30.59  0 22 13 3992  2 82391 27954 1.6 19 11 8 13 33% 1051763 361 12%
c p 30.62  0 22 13 3992  2 82391 27961 1.6 19 11 8 13 33% 1051763 361 12%
c } 32.56  0 22 13 4372  2 85519 30095 1.6 19 12 8 13 32% 1051763 361 12%
c [ 32.57  0 22 13 4372  1 85519 30095 1.5 21 14 9 15 26% 1051763 361 12%
c W 34.24  0 21 13 4375  1 91021 34501 1.5 21 14 9 15 26% 1051763 361 12%
c - 35.54  0 20 14 4379  1 96899 31569 1.5 21 14 9 15 26% 1051763 361 12%
c p 35.57  0 20 14 4379  1 96899 31579 1.5 21 14 9 15 26% 1051763 361 12%
c u 35.76  0 20 14 4379  1 96899 31570 1.5 21 14 9 15 26% 1051763 361 12%
c v 35.83  0 20 14 4379  1 96899 31568 1.5 21 14 9 15 26% 1051763 361 12%
c w 35.87  0 20 14 4379  1 96899 31567 1.5 21 14 9 15 26% 1051763 361 12%
c x 35.98  0 20 14 4379  1 96899 31566 1.5 21 14 9 15 26% 1051752 361 12%
c I 37.60  0 19 14 4383  1 105022 36178 1.5 20 13 9 15 24% 1051752 361 12%
c - 39.15  0 19 15 4386  1 112633 35295 1.5 20 13 9 15 25% 1051752 361 12%
c 
c  seconds  reductions   conflicts         size   tier2         variables
c         MB     restarts       redundant     glue    trail         remaining
c          level       rate          size/glue  tier1    irredundant
c 
c p 39.18  0 19 15 4386  1 112633 35297 1.5 20 13 9 15 25% 1051752 361 12%
c B 40.53  0 19 15 4387  1 120023 40092 1.5 20 13 9 15 25% 1051752 361 12%
c ] 41.03  0 19 15 4388  1 121973 41291 1.5 20 13 9 15 25% 1051752 361 12%
c { 41.03  0 22 15 4388  2 121973 41291 1.6 19 12 8 13 32% 1051752 361 12%
c - 44.74  0 21 16 5353  2 129596 38432 1.6 19 12 8 13 31% 1051752 361 12%
c p 44.79  0 21 16 5353  2 129596 38442 1.6 19 12 8 13 31% 1051752 361 12%
c u 44.99  0 21 16 5353  2 129596 38395 1.6 19 12 8 13 31% 1051752 361 12%
c v 45.09  0 21 16 5353  2 129596 38390 1.6 19 12 8 13 31% 1051752 361 12%
c w 45.13  0 21 16 5353  2 129596 38389 1.6 19 12 8 13 31% 1051752 361 12%
c x 45.26  0 21 16 5353  2 129596 38388 1.6 19 12 8 13 31% 1051742 361 12%
c t 45.26  0 21 16 5353  2 129596 38388 1.6 19 12 8 13 31% 1051741 361 12%
c s 46.41  0 21 16 5461  2 132525 40256 1.6 19 12 8 13 30% 1051624 361 12%
c s 46.63  0 21 16 5461  2 132525 40234 1.6 19 12 8 13 30% 1051223 361 12%
c W 49.08  0 20 16 5758  2 136026 42861 1.6 19 12 8 13 30% 1051223 361 12%
c - 52.53  0 20 17 6535  2 147792 39464 1.6 19 12 7 13 29% 1051223 361 12%
c p 52.56  0 20 17 6535  2 147792 39472 1.6 19 12 7 13 29% 1051223 361 12%
c t 52.61  0 20 17 6535  2 147792 39472 1.6 19 12 7 13 29% 1051223 361 12%
c # 54.68  0 20 17 7028  2 153028 43246 1.6 19 12 7 13 29% 1051223 361 12%
c } 57.59  0 19 17 7164  2 164360 51441 1.6 18 11 7 13 28% 1051223 361 12%
c [ 57.59  0 19 17 7164  1 164360 51441 1.5 20 13 9 15 25% 1051223 361 12%
c 
c  seconds  reductions   conflicts         size   tier2         variables
c         MB     restarts       redundant     glue    trail         remaining
c          level       rate          size/glue  tier1    irredundant
c 
c - 58.21  0 18 18 7164  1 167220 44573 1.5 20 13 9 15 25% 1051223 361 12%
c p 58.25  0 18 18 7164  1 167220 44580 1.5 20 13 9 15 25% 1051223 361 12%
c u 59.39  0 18 18 7164  1 167220 44518 1.5 20 13 9 15 25% 1051223 361 12%
c v 59.51  0 18 18 7164  1 167220 44515 1.5 20 13 9 15 25% 1051223 361 12%
c w 59.56  0 18 18 7164  1 167220 44512 1.5 20 13 9 15 25% 1051223 361 12%
c x 59.74  0 18 18 7164  1 167220 44512 1.5 20 13 9 15 25% 1051196 361 12%
c W 61.20  0 18 18 7164  1 171029 47192 1.5 20 13 9 15 25% 1051196 361 12%
c - 64.13  0 18 19 7170  1 187887 49422 1.5 20 13 9 15 26% 1051196 361 12%
c p 64.15  0 18 19 7170  1 187887 49425 1.5 20 13 9 15 26% 1051196 361 12%
c O 64.59  0 18 19 7171  1 190031 50852 1.5 20 13 9 15 26% 1051196 361 12%
c - 67.57  0 18 20 7179  1 209794 50355 1.5 20 13 8 14 25% 1051196 361 12%
c p 67.62  0 18 20 7179  1 209794 50363 1.5 20 13 8 14 25% 1051196 361 12%
c u 67.84  0 18 20 7179  1 209794 50322 1.5 20 13 8 14 25% 1051196 361 12%
c v 67.93  0 18 20 7179  1 209794 50318 1.5 20 13 8 14 25% 1051196 361 12%
c w 67.98  0 18 20 7179  1 209794 50318 1.5 20 13 8 14 25% 1051196 361 12%
c x 68.13  0 18 20 7179  1 209794 50318 1.5 20 13 8 14 25% 1051163 361 12%
c B 68.26  0 18 20 7179  1 210034 50489 1.5 20 13 8 14 25% 1051163 361 12%
c ] 70.47  0 18 20 7186  1 223565 59337 1.5 20 13 8 14 24% 1051163 361 12%
c { 70.47  0 19 20 7186  2 223565 59337 1.6 18 11 7 13 28% 1051163 361 12%
c s 71.15  0 18 20 7302  2 224589 60082 1.6 18 11 7 13 28% 1050938 361 12%
c 
c  seconds  reductions   conflicts         size   tier2         variables
c         MB     restarts       redundant     glue    trail         remaining
c          level       rate          size/glue  tier1    irredundant
c 
c s 71.42  0 18 20 7302  2 224589 60062 1.6 18 11 7 13 28% 1050554 361 12%
c B 74.76  0 18 20 8005  2 231035 64477 1.6 18 12 7 13 27% 1050554 361 12%
c - 75.99  0 18 21 8285  2 232942 51518 1.6 18 12 7 13 27% 1050554 361 12%
c p 76.04  0 18 21 8285  2 232942 51526 1.6 18 12 7 13 27% 1050554 361 12%
c u 76.23  0 18 21 8285  2 232942 51483 1.6 18 12 7 13 27% 1050553 361 12%
c v 76.30  0 18 21 8285  2 232942 51481 1.6 18 12 7 13 27% 1050553 361 12%
c w 76.34  0 18 21 8285  2 232942 51481 1.6 18 12 7 13 27% 1050553 361 12%
c x 76.45  0 18 21 8285  2 232942 51481 1.6 18 12 7 13 27% 1050520 361 12%
c W 84.07  0 17 21 9321  1 253037 64713 1.6 18 11 7 13 26% 1050520 361 12%
c - 86.73  0 17 22 10019  1 257332 56863 1.6 18 12 7 13 26% 1050520 361 12%
c p 86.78  0 17 22 10019  1 257332 56871 1.6 18 12 7 13 26% 1050520 361 12%
c u 86.96  0 17 22 10019  1 257332 56809 1.6 18 12 7 13 26% 1050520 361 12%
c v 87.03  0 17 22 10019  1 257332 56809 1.6 18 12 7 13 26% 1050520 361 12%
c w 87.06  0 17 22 10019  1 257332 56809 1.6 18 12 7 13 26% 1050520 361 12%
c x 87.16  0 17 22 10019  1 257332 56809 1.6 18 12 7 13 26% 1050501 361 12%
c t 87.17  0 17 22 10019  1 257332 56808 1.6 18 12 7 13 26% 1050501 361 12%
c F 96.28  0 17 22 12104  2 276038 70057 1.5 18 12 6 12 26% 1050501 361 12%
c } 96.39  0 17 22 12130  2 276141 70141 1.5 18 12 6 12 26% 1050501 361 12%
c [ 96.39  0 18 22 12130  1 276141 70141 1.5 20 13 8 14 24% 1050501 361 12%
c - 97.51  0 18 23 12133  1 282967 54924 1.5 20 14 8 14 24% 1050501 361 12%
c 
c  seconds  reductions    conflicts         size   tier2         variables
c         MB      restarts       redundant     glue    trail         remaining
c          level        rate          size/glue  tier1    irredundant
c 
c p 97.57  0 18 23 12133  1 282967 54936 1.5 20 14 8 14 24% 1050501 361 12%
c u 97.85  0 18 23 12133  1 282967 54882 1.5 20 14 8 14 24% 1050502 361 12%
c v 97.96  0 18 23 12133  1 282967 54877 1.5 20 14 8 14 24% 1050502 361 12%
c w 98.01  0 18 23 12133  1 282967 54877 1.5 20 14 8 14 24% 1050502 361 12%
c x 98.15  0 18 23 12133  1 282967 54877 1.5 20 14 8 14 24% 1050458 361 12%
c t 98.16  0 18 23 12133  1 282967 54876 1.5 20 14 8 14 24% 1050457 361 12%
c W 102.24  0 18 23 12139  1 300039 65403 1.4 20 14 8 14 24% 1050457 361 12%
c - 104.07  0 18 24 12139  1 309847 52531 1.4 20 14 8 14 24% 1050457 361 12%
c p 104.11  0 18 24 12139  1 309847 52538 1.4 20 14 8 14 24% 1050457 361 12%
c u 105.26  0 18 24 12139  1 309847 52528 1.4 20 14 8 14 24% 1050457 361 12%
c v 105.32  0 18 24 12139  1 309847 52526 1.4 20 14 8 14 24% 1050457 361 12%
c w 105.35  0 18 24 12139  1 309847 52526 1.4 20 14 8 14 24% 1050457 361 12%
c x 105.44  0 18 24 12139  1 309847 52525 1.4 20 14 8 14 24% 1050446 361 12%
c I 108.18  0 19 24 12140  1 325043 62783 1.4 20 14 8 14 24% 1050446 361 12%
c - 111.64  0 18 25 12140  1 337975 51667 1.4 20 14 8 14 24% 1050446 361 12%
c p 111.70  0 18 25 12140  1 337975 51674 1.4 20 14 8 14 24% 1050446 361 12%
c u 111.86  0 18 25 12140  1 337975 51637 1.4 20 14 8 14 24% 1050446 361 12%
c v 111.94  0 18 25 12140  1 337975 51635 1.4 20 14 8 14 24% 1050446 361 12%
c w 111.97  0 18 25 12140  1 337975 51635 1.4 20 14 8 14 24% 1050446 361 12%
c x 112.07  0 18 25 12140  1 337975 51634 1.4 20 14 8 14 24% 1050422 361 12%
c 
c  seconds   reductions    conflicts         size   tier2         variables
c          MB      restarts       redundant     glue    trail         remaining
c           level        rate          size/glue  tier1    irredundant
c 
c t 112.08  0 18 25 12140  1 337975 51633 1.4 20 14 8 14 24% 1050422 361 12%
c s 112.66  0 18 25 12140  1 339659 52729 1.4 20 14 8 14 24% 1049762 361 12%
c s 112.94  0 18 25 12140  1 339659 52703 1.4 20 14 8 14 24% 1049538 361 12%
c B 115.50  0 18 25 12141  1 351044 60432 1.4 20 14 8 14 24% 1049538 361 12%
c ] 116.43  0 18 25 12146  1 356625 64171 1.4 20 14 8 14 23% 1049538 361 12%
c { 116.43  0 17 25 12146  2 356625 64171 1.5 18 12 6 12 26% 1049538 361 12%
c - 121.51  0 17 26 13124  2 367353 55788 1.5 18 12 6 12 25% 1049538 361 12%
c p 121.55  0 17 26 13124  2 367353 55795 1.5 18 12 6 12 25% 1049538 361 12%
c u 121.77  0 17 26 13124  2 367353 55762 1.5 18 12 6 12 25% 1049538 361 12%
c v 121.85  0 17 26 13124  2 367353 55750 1.5 18 12 6 12 25% 1049538 361 12%
c w 121.88  0 17 26 13124  2 367353 55750 1.5 18 12 6 12 25% 1049538 361 12%
c x 121.99  0 17 26 13124  2 367353 55748 1.5 18 12 6 12 25% 1049444 361 12%
c t 122.00  0 17 26 13124  2 367353 55748 1.5 18 12 6 12 25% 1049443 361 12%
c B 126.05  0 17 26 14014  1 378046 62914 1.5 18 12 6 12 25% 1049443 361 12%
c - 132.06  0 16 27 14625  1 397975 63965 1.6 18 12 6 12 25% 1049443 361 12%
c p 132.12  0 16 27 14625  1 397975 63976 1.6 18 12 6 12 25% 1049443 361 12%
c u 132.34  0 16 27 14625  1 397975 63929 1.6 18 12 6 12 25% 1049443 361 12%
c v 132.44  0 16 27 14625  1 397975 63919 1.6 18 12 6 12 25% 1049443 361 12%
c w 132.50  0 16 27 14625  1 397975 63918 1.6 18 12 6 12 25% 1049443 361 12%
c x 132.67  0 16 27 14625  1 397975 63915 1.6 18 12 6 12 25% 1049402 361 12%
c 
c  seconds   reductions    conflicts         size   tier2         variables
c          MB      restarts       redundant     glue    trail         remaining
c           level        rate          size/glue  tier1    irredundant
c 
c t 132.68  0 16 27 14625  1 397975 63914 1.6 18 12 6 12 25% 1049402 361 12%
c W 138.47  0 17 27 15503  1 406047 69616 1.5 18 12 6 11 25% 1049402 361 12%
c - 148.33  0 16 28 17667  1 429847 66669 1.5 18 12 6 11 24% 1049402 361 12%
c p 148.39  0 16 28 17667  1 429847 66676 1.5 18 12 6 11 24% 1049402 361 12%
c u 148.63  0 16 28 17667  1 429847 66605 1.5 18 12 6 11 24% 1049402 361 12%
c v 148.74  0 16 28 17667  1 429847 66588 1.5 18 12 6 11 24% 1049402 361 12%
c w 148.80  0 16 28 17667  1 429847 66583 1.5 18 12 6 11 24% 1049402 361 12%
c x 148.95  0 16 28 17667  1 429847 66579 1.5 18 12 6 11 24% 1049271 361 12%
c t 148.96  0 16 28 17667  1 429847 66578 1.5 18 12 6 11 24% 1049271 361 12%
c } 150.23  0 16 28 17884  1 433540 69320 1.5 18 12 6 11 24% 1049271 361 12%
c [ 150.23  0 18 28 17884  1 433540 69320 1.4 20 14 8 14 23% 1049271 361 12%
c W 151.28  0 18 28 17884  1 435048 70353 1.4 20 14 8 14 23% 1049271 361 12%
c - 156.47  0 18 29 17896  1 462970 62819 1.4 20 14 8 14 23% 1049271 361 12%
c p 156.51  0 18 29 17896  1 462970 62826 1.4 20 14 8 14 23% 1049271 361 12%
c u 156.71  0 18 29 17896  1 462970 62777 1.4 20 14 8 14 23% 1049270 361 12%
c v 156.78  0 18 29 17896  1 462970 62768 1.4 20 14 8 14 23% 1049270 361 12%
c w 156.82  0 18 29 17896  1 462970 62766 1.4 20 14 8 14 23% 1049270 361 12%
c x 156.95  0 18 29 17896  1 462970 62764 1.4 20 14 8 14 23% 1049223 361 12%
c t 156.96  0 18 29 17896  1 462970 62763 1.4 20 14 8 14 23% 1049223 361 12%
c O 157.36  0 18 29 17897  1 465049 63973 1.4 20 14 8 14 23% 1049223 361 12%
c 
c  seconds   reductions    conflicts         size   tier2         variables
c          MB      restarts       redundant     glue    trail         remaining
c           level        rate          size/glue  tier1    irredundant
c 
c s 159.63  0 18 29 17904  1 477726 72372 1.4 20 14 8 14 23% 1048672 361 12%
c s 159.90  0 18 29 17904  1 477726 72335 1.4 20 14 8 14 23% 1048292 361 12%
c B 162.93  0 17 29 17909  1 496050 83028 1.4 19 14 8 14 22% 1048292 361 12%
c - 163.32  0 17 30 17909  1 497345 61273 1.4 19 14 8 14 22% 1048292 361 12%
c p 163.37  0 17 30 17909  1 497345 61280 1.4 19 14 8 14 22% 1048292 361 12%
c u 163.58  0 17 30 17909  1 497345 61227 1.4 19 14 8 14 22% 1048292 361 12%
c v 163.65  0 17 30 17909  1 497345 61199 1.4 19 14 8 14 22% 1048292 361 12%
c w 163.68  0 17 30 17909  1 497345 61198 1.4 19 14 8 14 22% 1048292 361 12%
c x 163.81  0 17 30 17909  1 497345 61197 1.4 19 14 8 14 22% 1048279 361 12%
c t 163.82  0 17 30 17909  1 497345 61197 1.4 19 14 8 14 22% 1048278 361 12%
c W 171.93  0 17 30 17920  1 528052 79976 1.4 19 14 8 14 22% 1048278 361 12%
c - 172.89  0 17 31 17923  1 532967 64222 1.4 19 14 7 14 22% 1048278 361 12%
c p 172.94  0 17 31 17923  1 532967 64229 1.4 19 14 7 14 22% 1048278 361 12%
c u 174.56  0 17 31 17923  1 532967 64189 1.4 19 14 7 14 22% 1048278 361 12%
c v 174.63  0 17 31 17923  1 532967 64172 1.4 19 14 7 14 22% 1048278 361 12%
c w 174.68  0 17 31 17923  1 532967 64172 1.4 19 14 7 14 22% 1048278 361 12%
c x 174.82  0 17 31 17923  1 532967 64170 1.4 19 14 7 14 22% 1048249 361 12%
c t 174.83  0 17 31 17923  1 532967 64170 1.4 19 14 7 14 22% 1048248 361 12%
c ] 176.02  0 18 31 17924  1 539771 68893 1.4 19 14 7 14 22% 1048248 361 12%
c { 176.02  0 16 31 17924  1 539771 68893 1.5 18 12 6 11 24% 1048248 361 12%
c 
c  seconds   reductions    conflicts         size   tier2         variables
c          MB      restarts       redundant     glue    trail         remaining
c           level        rate          size/glue  tier1    irredundant
c 
c # 183.54  0 16 31 19185  1 561055 83273 1.5 18 12 6 11 24% 1048248 361 12%
c - 187.42  0 16 32 19836  1 569842 70422 1.5 18 12 6 11 24% 1048248 361 12%
c p 187.47  0 16 32 19836  1 569842 70429 1.5 18 12 6 11 24% 1048248 361 12%
c u 187.72  0 16 32 19836  1 569842 70303 1.5 18 12 6 11 24% 1048248 361 12%
c v 187.81  0 16 32 19836  1 569842 70270 1.5 18 12 6 11 24% 1048248 361 12%
c w 187.85  0 16 32 19836  1 569842 70251 1.5 18 12 6 11 24% 1048248 361 12%
c x 188.04  0 16 32 19836  1 569842 70251 1.5 18 12 6 11 24% 1048209 361 12%
c t 188.04  0 16 32 19836  1 569842 70251 1.5 18 12 6 11 24% 1048207 361 12%
c B 197.07  0 16 32 20939  1 595057 87355 1.5 18 12 5 11 23% 1048207 361 12%
c - 201.51  0 15 33 21393  1 607970 71734 1.5 17 12 5 11 23% 1048207 361 12%
c p 201.56  0 15 33 21393  1 607970 71741 1.5 17 12 5 11 23% 1048207 361 12%
c u 201.86  0 15 33 21393  1 607970 71603 1.5 17 12 5 11 23% 1048207 361 12%
c v 201.96  0 15 33 21393  1 607970 71571 1.5 17 12 5 11 23% 1048207 361 12%
c w 202.02  0 15 33 21393  1 607970 71569 1.5 17 12 5 11 23% 1048207 361 12%
c x 202.20  0 15 33 21393  1 607970 71565 1.5 17 12 5 11 23% 1048158 361 12%
c W 214.04  0 15 33 23684  1 630059 85572 1.5 17 12 5 11 22% 1048158 361 12%
c s 217.00  0 15 33 24193  1 638779 90862 1.5 17 12 5 11 22% 1047737 361 12%
c s 217.28  0 15 33 24193  1 638779 90844 1.5 17 12 5 11 22% 1047341 361 12%
c } 219.21  0 15 33 24414  1 643593 93748 1.5 17 12 5 11 22% 1047341 361 12%
c [ 219.21  0 18 33 24414  1 643593 93748 1.4 19 14 7 14 22% 1047341 361 12%
c 
c  seconds   reductions    conflicts         size   tier2         variables
c          MB      restarts       redundant     glue    trail         remaining
c           level        rate          size/glue  tier1    irredundant
c 
c - 220.16  0 17 34 24414  1 647356 73864 1.4 19 14 7 14 22% 1047341 361 12%
c p 220.22  0 17 34 24414  1 647356 73871 1.4 19 14 7 14 22% 1047341 361 12%
c u 220.55  0 17 34 24414  1 647356 73814 1.4 19 14 7 14 22% 1047341 361 12%
c v 220.70  0 17 34 24414  1 647356 73794 1.4 19 14 7 14 22% 1047341 361 12%
c w 220.78  0 17 34 24414  1 647356 73785 1.4 19 14 7 14 22% 1047341 361 12%
c x 221.01  0 17 34 24414  1 647356 73783 1.4 19 14 7 14 22% 1047286 361 12%
c I 224.78  0 17 34 24426  1 666061 84606 1.4 19 14 7 14 22% 1047286 361 12%
c - 230.12  0 16 35 24430  1 687988 73959 1.4 18 13 7 14 22% 1047286 361 12%
c p 230.17  0 16 35 24430  1 687988 73966 1.4 18 13 7 14 22% 1047286 361 12%
c u 230.45  0 16 35 24430  1 687988 73926 1.4 18 13 7 14 22% 1047286 361 12%
c v 230.58  0 16 35 24430  1 687988 73915 1.4 18 13 7 14 22% 1047286 361 12%
c w 230.63  0 16 35 24430  1 687988 73907 1.4 18 13 7 14 22% 1047286 361 12%
c x 230.79  0 16 35 24430  1 687988 73907 1.4 18 13 7 14 22% 1047265 361 12%
c B 234.47  0 16 35 24431  1 703063 82894 1.4 18 13 7 14 22% 1047265 361 12%
c - 239.09  0 16 36 24431  1 729876 72415 1.4 18 13 7 14 21% 1047265 361 12%
c p 239.13  0 16 36 24431  1 729876 72422 1.4 18 13 7 14 21% 1047265 361 12%
c u 239.35  0 16 36 24431  1 729876 72356 1.4 18 13 7 14 21% 1047265 361 12%
c v 239.45  0 16 36 24431  1 729876 72340 1.4 18 13 7 14 21% 1047265 361 12%
c w 239.50  0 16 36 24431  1 729876 72331 1.4 18 13 7 14 21% 1047265 361 12%
c x 239.65  0 16 36 24431  1 729876 72329 1.4 18 13 7 14 21% 1047249 361 12%
c 
c  seconds   reductions    conflicts         size   tier2         variables
c          MB      restarts       redundant     glue    trail         remaining
c           level        rate          size/glue  tier1    irredundant
c 
c W 243.84  0 16 36 24432  1 741064 79125 1.4 18 13 7 14 21% 1047249 361 12%
c ] 250.99  0 15 36 24432  1 771919 100968 1.4 18 13 7 14 22% 1047249 361 12%
c { 250.99  0 15 36 24432  1 771919 100968 1.5 17 12 5 11 22% 1047249 361 12%
c - 251.30  0 15 37 24432  1 773020 78837 1.5 17 12 5 11 22% 1047249 361 12%
c p 251.36  0 15 37 24432  1 773020 78845 1.5 17 12 5 11 22% 1047249 361 12%
c u 251.63  0 15 37 24432  1 773020 78723 1.5 17 12 5 11 22% 1047249 361 12%
c v 251.78  0 15 37 24432  1 773020 78699 1.5 17 12 5 11 22% 1047249 361 12%
c w 251.85  0 15 37 24432  1 773020 78694 1.5 17 12 5 11 22% 1047249 361 12%
c x 252.08  0 15 37 24432  1 773020 78693 1.5 17 12 5 11 22% 1047212 361 12%
c t 252.09  0 15 37 24432  1 773020 78693 1.5 17 12 5 11 22% 1047211 361 12%
c F 255.48  0 15 37 25104  1 780067 83320 1.5 17 12 5 11 22% 1047211 361 12%
c - 269.13  0 15 38 27694  1 817420 85724 1.5 17 12 5 11 22% 1047211 361 12%
c p 269.19  0 15 38 27694  1 817420 85735 1.5 17 12 5 11 22% 1047211 361 12%
c u 269.61  0 15 38 27694  1 817420 85661 1.5 17 12 5 11 22% 1047211 361 12%
c v 269.80  0 15 38 27694  1 817420 85649 1.5 17 12 5 11 22% 1047211 361 12%
c w 269.89  0 15 38 27694  1 817420 85649 1.5 17 12 5 11 22% 1047211 361 12%
c x 270.16  0 15 38 27694  1 817420 85649 1.5 17 12 5 11 22% 1047180 361 12%
c t 270.17  0 15 38 27694  1 817420 85649 1.5 17 12 5 11 22% 1047178 361 12%
c B 271.38  0 15 38 27789  1 820069 87265 1.5 17 12 5 11 22% 1047178 361 12%
c s 272.34  0 15 38 27853  1 822821 89166 1.5 17 12 5 11 22% 1045911 361 12%
c 
c  seconds   reductions    conflicts         size   tier2         variables
c          MB      restarts       redundant     glue    trail         remaining
c           level        rate          size/glue  tier1    irredundant
c 
c s 272.66  0 15 38 27853  1 822821 89106 1.5 17 12 5 11 22% 1044676 361 12%
c W 288.16  0 15 38 30523  1 861070 112027 1.4 17 12 5 11 21% 1044676 361 12%
c - 289.04  0 15 39 30748  1 863079 87623 1.4 17 12 5 11 21% 1044676 361 12%
c p 289.11  0 15 39 30748  1 863079 87633 1.4 17 12 5 11 21% 1044676 361 12%
c u 291.02  0 15 39 30748  1 863079 87553 1.4 17 12 5 11 21% 1044676 361 12%
c v 291.19  0 15 39 30748  1 863079 87538 1.4 17 12 5 11 21% 1044676 361 12%
c w 291.26  0 15 39 30748  1 863079 87537 1.4 17 12 5 11 21% 1044676 361 12%
c x 291.50  0 15 39 30748  1 863079 87536 1.4 17 12 5 11 21% 1044643 361 12%
c # 304.43  0 14 39 32986  1 903074 111380 1.4 17 12 5 11 21% 1044643 361 12%
c - 306.80  0 14 40 33276  1 909969 91838 1.4 16 11 5 11 21% 1044643 361 12%
c p 306.86  0 14 40 33276  1 909969 91848 1.4 16 11 5 11 21% 1044643 361 12%
c u 307.16  0 14 40 33276  1 909969 91726 1.4 16 11 5 11 21% 1044642 361 12%
c v 307.30  0 14 40 33276  1 909969 91721 1.4 16 11 5 11 21% 1044642 361 12%
c w 307.37  0 14 40 33276  1 909969 91711 1.4 16 11 5 11 21% 1044642 361 12%
c x 307.60  0 14 40 33276  1 909969 91707 1.4 16 11 5 11 21% 1044577 361 12%
c t 307.61  0 14 40 33276  1 909969 91707 1.4 16 11 5 11 21% 1044576 361 12%
c } 308.46  0 14 40 33440  1 912130 93142 1.4 16 11 5 11 21% 1044576 361 12%
c [ 308.46  0 15 40 33440  1 912130 93142 1.4 18 13 7 14 22% 1044576 361 12%
c O 315.99  0 15 40 33446  1 946075 113971 1.5 18 12 6 13 21% 1044576 361 12%
c - 318.32  0 15 41 33453  1 958117 93826 1.4 18 13 6 13 21% 1044576 361 12%
c 
c  seconds   reductions    conflicts         size   tier2         variables
c          MB      restarts       redundant     glue    trail         remaining
c           level        rate          size/glue  tier1    irredundant
c 
c p 318.37  0 15 41 33453  1 958117 93832 1.4 18 13 6 13 21% 1044576 361 12%
c u 318.69  0 15 41 33453  1 958117 93727 1.4 18 13 6 13 21% 1044575 361 12%
c v 318.83  0 15 41 33453  1 958117 93721 1.4 18 13 6 13 21% 1044575 361 12%
c w 318.91  0 15 41 33453  1 958117 93718 1.4 18 13 6 13 21% 1044575 361 12%
c x 319.15  0 15 41 33453  1 958117 93716 1.4 18 13 6 13 21% 1044552 361 12%
c t 319.16  0 15 41 33453  1 958117 93716 1.4 18 13 6 13 21% 1044551 361 12%
c B 324.55  0 15 41 33466  1 990076 112209 1.4 18 13 6 13 21% 1044551 361 12%
c - 328.32  0 15 42 33471  1 1007522 90799 1.4 18 13 6 13 21% 1044551 361 12%
c p 328.37  0 15 42 33471  1 1007522 90808 1.4 18 13 6 13 21% 1044551 361 12%
c u 328.66  0 15 42 33471  1 1007522 90674 1.4 18 13 6 13 21% 1044551 361 12%
c v 328.81  0 15 42 33471  1 1007522 90670 1.4 18 13 6 13 21% 1044551 361 12%
c w 328.89  0 15 42 33471  1 1007522 90669 1.4 18 13 6 13 21% 1044551 361 12%
c x 329.08  0 15 42 33471  1 1007522 90667 1.4 18 13 6 13 21% 1044517 361 12%
c t 329.09  0 15 42 33471  1 1007522 90667 1.4 18 13 6 13 21% 1044516 361 12%
c s 333.08  0 15 42 33477  1 1029803 101937 1.4 17 12 6 13 20% 1043539 361 12%
c s 333.36  0 15 42 33477  1 1029803 101874 1.4 17 12 6 13 20% 1041653 361 12%
c W 337.66  0 15 42 33479  1 1035078 105096 1.4 17 12 6 13 20% 1041653 361 12%
c - 342.38  0 14 43 33488  1 1058184 92161 1.4 17 12 6 13 20% 1041653 361 12%
c p 342.43  0 14 43 33488  1 1058184 92167 1.4 17 12 6 13 20% 1041653 361 12%
c u 342.71  0 14 43 33488  1 1058184 91974 1.4 17 12 6 13 20% 1041652 361 12%
c 
c  seconds   reductions     conflicts         size   tier2         variables
c          MB      restarts        redundant     glue    trail         remaining
c           level        rate           size/glue  tier1    irredundant
c 
c v 342.85  0 14 43 33488  1 1058184 91962 1.4 17 12 6 13 20% 1041652 361 12%
c w 342.92  0 14 43 33488  1 1058184 91959 1.4 17 12 6 13 20% 1041652 361 12%
c x 343.10  0 14 43 33488  1 1058184 91957 1.4 17 12 6 13 20% 1041613 361 12%
c t 343.11  0 14 43 33488  1 1058184 91957 1.4 17 12 6 13 20% 1041612 361 12%
c ] 347.26  0 14 43 33500  1 1079214 103416 1.4 17 12 6 13 20% 1041612 361 12%
c { 347.26  0 14 43 33500  1 1079214 103416 1.4 16 11 5 11 21% 1041612 361 12%
c B 347.63  0 14 43 33561  1 1081082 104690 1.4 16 11 5 11 21% 1041612 361 12%
c - 355.98  0 14 44 34756  1 1110074 102259 1.4 16 11 5 11 21% 1041612 361 12%
c p 356.04  0 14 44 34756  1 1110074 102265 1.4 16 11 5 11 21% 1041612 361 12%
c u 356.33  0 14 44 34756  1 1110074 102139 1.4 16 11 5 11 21% 1041612 361 12%
c v 356.49  0 14 44 34756  1 1110074 102127 1.4 16 11 5 11 21% 1041612 361 12%
c w 356.58  0 14 44 34756  1 1110074 102125 1.4 16 11 5 11 21% 1041612 361 12%
c x 356.83  0 14 44 34756  1 1110074 102123 1.4 16 11 5 11 21% 1041542 361 12%
c t 356.84  0 14 44 34756  1 1110074 102123 1.4 16 11 5 11 21% 1041541 361 12%
c W 364.07  0 13 44 34927  1 1128085 111908 1.4 16 11 5 11 21% 1041541 361 12%
c - 375.00  0 13 45 36106  1 1163221 110951 1.4 16 11 5 11 21% 1041541 361 12%
c p 375.06  0 13 45 36106  1 1163221 110957 1.4 16 11 5 11 21% 1041541 361 12%
c u 375.47  0 13 45 36106  1 1163221 110823 1.4 16 11 5 11 21% 1041541 361 12%
c v 375.67  0 13 45 36106  1 1163221 110808 1.4 16 11 5 11 21% 1041541 361 12%
c w 375.77  0 13 45 36106  1 1163221 110804 1.4 16 11 5 11 21% 1041541 361 12%
c 
c  seconds   reductions     conflicts          size   tier2         variables
c          MB      restarts        redundant      glue    trail         remaining
c           level        rate            size/glue  tier1    irredundant
c 
c x 375.99  0 13 45 36106  1 1163221 110801 1.4 16 11 5 11 21% 1041469 361 12%
c t 376.00  0 13 45 36106  1 1163221 110801 1.4 16 11 5 11 21% 1041468 361 12%
c F 379.32  0 13 45 36420  1 1176088 117004 1.4 15 11 5 11 21% 1041468 361 12%
c - 397.00  0 13 46 39465  1 1217626 110867 1.4 15 11 5 10 20% 1041468 361 12%
c p 397.07  0 13 46 39465  1 1217626 110873 1.4 15 11 5 10 20% 1041468 361 12%
c u 397.50  0 13 46 39465  1 1217626 110680 1.4 15 11 5 10 20% 1041468 361 12%
c v 397.75  0 13 46 39465  1 1217626 110661 1.4 15 11 5 10 20% 1041468 361 12%
c w 397.87  0 13 46 39465  1 1217626 110649 1.4 15 11 5 10 20% 1041468 361 12%
c x 398.19  0 13 46 39465  1 1217626 110645 1.4 15 11 5 10 20% 1041323 361 12%
c t 398.20  0 13 46 39465  1 1217626 110645 1.4 15 11 5 10 20% 1041321 361 12%
c B 400.75  0 13 46 39622  1 1225089 114305 1.4 15 11 5 10 20% 1041321 361 12%
c } 408.11  0 12 46 40592  1 1246946 125675 1.4 15 10 5 10 20% 1041321 361 12%
c [ 408.11  0 14 46 40592  1 1246946 125675 1.4 17 12 6 13 20% 1041321 361 12%
c i 411.20  0 13 46 40594  1 1258865 131492 1.4 16 11 6 13 20% 1041321 359 12%
c s 411.63  0 13 46 40594  1 1259695 131966 1.4 16 11 6 13 20% 1040215 359 12%
c e 411.82  0 13 46 40594  1 1259695 131966 1.4 16 11 6 13 20% 714185 352 12%
c s 411.92  0 13 46 40594  1 1259695 131901 1.4 16 11 6 13 20% 711520 352 12%
c - 414.64  0 13 47 40594  1 1273288 93995 1.4 16 11 6 13 20% 711520 352 12%
c p 414.68  0 13 47 40594  1 1273288 94005 1.4 16 11 6 13 20% 711520 352 12%
c u 415.00  0 13 47 40594  1 1273288 93818 1.4 16 11 6 13 20% 711516 352 12%
c 
c  seconds   reductions     conflicts         size   tier2        variables
c          MB      restarts        redundant     glue    trail        remaining
c           level        rate           size/glue  tier1   irredundant
c 
c v 415.14  0 13 47 40594  1 1273288 93664 1.4 16 11 6 13 20% 711516 352 12%
c w 415.21  0 13 47 40594  1 1273288 93392 1.4 16 11 6 13 20% 711516 352 12%
c x 415.42  0 13 47 40594  1 1273288 93390 1.4 16 11 6 13 20% 711313 352 12%
c t 415.43  0 13 47 40594  1 1273288 93386 1.4 16 11 6 13 20% 711311 352 12%
c I 415.82  0 13 47 40595  1 1275091 94585 1.4 16 11 6 13 20% 711311 352 12%
c - 424.94  0 13 48 40607  1 1325538 99941 1.4 16 11 6 13 20% 711311 352 12%
c p 424.98  0 13 48 40607  1 1325538 99949 1.4 16 11 6 13 20% 711311 352 12%
c u 426.65  0 13 48 40607  1 1325538 99820 1.4 16 11 6 13 20% 711310 352 12%
c v 426.76  0 13 48 40607  1 1325538 99741 1.4 16 11 6 13 20% 711310 352 12%
c w 426.81  0 13 48 40607  1 1325538 99678 1.4 16 11 6 13 20% 711310 352 12%
c x 426.98  0 13 48 40607  1 1325538 99666 1.4 16 11 6 13 20% 709203 352 12%
c t 426.99  0 13 48 40607  1 1325538 99660 1.4 16 11 6 13 20% 709203 352 12%
c B 427.12  0 13 48 40607  1 1326092 99878 1.4 16 11 6 13 20% 709203 352 12%
c i 427.96  0 12 48 40609  1 1329039 101340 1.4 15 11 6 13 20% 709203 351 12%
c i 428.48  0 12 48 40609  1 1330821 102098 1.4 15 11 6 13 20% 709203 345 12%
c i 428.52  0 12 48 40609  1 1330925 102126 1.4 15 11 6 13 20% 709203 340 12%
c i 428.54  0 12 48 40609  1 1330943 102129 1.4 15 11 6 13 20% 709203 339 12%
c i 428.54  0 12 48 40609  1 1330954 102132 1.4 15 11 6 13 20% 709203 301 10%
c ] 428.54  0 12 48 40609  1 1330956 102132 1.4 15 11 6 13 20% 709203 292 10%
c 0 428.54  0 12 48 40609  1 1330956 102132 1.4 15 11 6 13 20% 709203 292 10%
c 
c --- [ closing proof ] ------------------------------------------------------
c 
c LRAT proof file '/Users/ivanspogreev/earth-moon/population/f034-a4-cert/split-m13/c14/round-0/F.lrat' closed
c LRAT 2432858 added clauses 37.89%
c LRAT 3988066 deleted clauses 62.11%
c LRAT 408079218 bytes (389.17 MB)
c 
c --- [ result ] -------------------------------------------------------------
c 
s UNSATISFIABLE
c 
c --- [ run-time profiling ] -------------------------------------------------
c 
c process time taken by individual solving procedures
c (percentage relative to process time for solving)
c 
c       391.02   91.56% search
c       231.00   54.09% unstable
c       138.00   32.32% stable
c        36.03    8.44% simplify
c        21.84    5.11% walk
c        20.46    4.79% vivify
c         7.92    1.85% sweep
c         3.45    0.81% elim
c         1.50    0.35% parse
c         1.29    0.30% subsume
c         1.25    0.29% probe
c         0.41    0.10% ternary
c         0.30    0.07% congruence
c         0.17    0.04% lucky
c         0.00    0.00% backbone
c   =================================
c       427.04   99.65% solve
c 
c last line shows process time for solving
c (percentage relative to total process time)
c 
c --- [ statistics ] ---------------------------------------------------------
c 
c chronological:            126418         9.50 %  of conflicts
c conflicts:               1330956      3116.67    per second
c backbone:                  84809      2879.76 %  of vars
c decisions:               1578039      3695.26    per second
c eliminated:                 1885        64.01 %  of all variables
c fixed:                       767        26.04 %  of all variables
c learned:                 1302614        97.87 %  per conflict
c learned_lits:           31389841       100.00 %  learned literals
c minimized:                     0         0.00 %  learned literals
c shrunken:                6725708        21.43 %  learned literals
c minishrunken:            2086854         6.65 %  learned literals
c otfs:                      15584         1.17 %  of conflict
c propagations:           18127406         0.04 M  per second
c reduced:                  700692        52.65 %  per conflict
c rephased:                     51     26097.18    interval
c restarts:                  40609        32.77    interval
c stabilizing:                  10        51.70 %  of conflicts
c substituted:                   1         0.03 %  of all variables
c subsumed:                 497389        20.53 %  of all clauses
c strengthened:              67292         2.78 %  of all clauses
c ticks:               32240755527      1819.87    propagation
c vivified:                  12312         0.51 %  of all clauses
c walked:                       15     88730.40    interval
c weakened:                   4392         2.50    average size
c congruence:                    9    147884.00    interval
c 
c seconds are measured in process time for solving
c 
c --- [ glue usage ] ---------------------------------------------------------
c 
c focused glue 5 used 175584 clauses 7.590% accumulated 58.16% tier1
c focused glue 6 used 142692 clauses 6.168% accumulated 64.33%
c focused glue 7-8 used 233504 clauses 10.09% accumulated 74.42%
c focused glue 9 used 113882 clauses 4.923% accumulated 79.35%
c focused glue 10 used 105616 clauses 4.565% accumulated 83.91% tier2
c 
c stable glue 6 used 169925 clauses 5.791% accumulated 55.19% tier1
c stable glue 7 used 147557 clauses 5.028% accumulated 60.22%
c stable glue 8-10 used 441509 clauses 15.04% accumulated 75.27%
c stable glue 11 used 139735 clauses 4.762% accumulated 80.03%
c stable glue 12 used 127674 clauses 4.351% accumulated 84.38% tier2
c 
c 
c --- [ resources ] ----------------------------------------------------------
c 
c total process time since initialization:       428.54    seconds
c total real time since initialization:          431.25    seconds
c maximum resident set size of process:         1010.38    MB
c 
c --- [ shutting down ] ------------------------------------------------------
c 
c exit 20

[rc=20 431.3s]
$ /Users/ivanspogreev/earth-moon/verifier/../tools/drat-trim/lrat-check /Users/ivanspogreev/earth-moon/population/f034-a4-cert/split-m13/c14/round-0/F.cnf /Users/ivanspogreev/earth-moon/population/f034-a4-cert/split-m13/c14/round-0/F.lrat
c parsed a formula with 2945 variables and 2367317 clauses
c VERIFIED
c allocated 1024 53930436 335449
c Added clauses = 4800175.  Deleted clauses = 3988066.  Max live clauses = 2367317
c verification time = 7.59 secs

[rc=0 7.6s]
