# lean_static_resolve 2026-09-25 17:43:37
# dump=/Users/ivanspogreev/earth-moon/population/f034-a4-cert/m15/dump.jsonl raw=389930 dedup=389930 footer={'type': 'footer', 'verdict': 'UNSAT', 'counts': {'preseed': 8724, 'prop': 381206, 'model': 0}, 'stats': {'checks': 1688043, 'confl': 190603, 'model_rej': 0}, 'time': '2026-09-25T17:43:29-0700'}
$ /opt/homebrew/bin/cadical --lrat --no-binary --no-factor /Users/ivanspogreev/earth-moon/population/f034-a4-cert/m15/resolve/round-0/F.cnf /Users/ivanspogreev/earth-moon/population/f034-a4-cert/m15/resolve/round-0/F.lrat
c --- [ banner ] -------------------------------------------------------------
c 
c CaDiCaL SAT Solver
c Copyright (c) 2016-2026
c A. Biere, M. Fleury, N. Froleyks, K. Fazekas, F. Pollitt, T. Faller
c JKU Linz, University of Freiburg, TU Wien
c 
c Version 3.0.1
c Apple clang version 16.0.0 (clang-1600.0.26.6) -Wall -Wextra -O3 -DNDEBUG -std=c++11 -DNCLOSEFROM
c Sun Jul 19 15:40:55 UTC 2026 Darwin Sonoma-arm64.local 23.6.0 arm64
c 
c --- [ proof tracing ] ------------------------------------------------------
c 
c opening file to write '/Users/ivanspogreev/earth-moon/population/f034-a4-cert/m15/resolve/round-0/F.lrat'
c writing non-binary proof trace to '/Users/ivanspogreev/earth-moon/population/f034-a4-cert/m15/resolve/round-0/F.lrat'
c 
c --- [ parsing input ] ------------------------------------------------------
c 
c reading DIMACS file from '/Users/ivanspogreev/earth-moon/population/f034-a4-cert/m15/resolve/round-0/F.cnf'
c opening file to read '/Users/ivanspogreev/earth-moon/population/f034-a4-cert/m15/resolve/round-0/F.cnf'
c found 'p cnf 14782 421937' header
c parsed 421937 clauses in 0.21 seconds process time
c 
c --- [ options ] ------------------------------------------------------------
c 
c   --binary=false                 (different from default 'true')
c   --lrat=true                    (different from default 'false')
c 
c --- [ solving ] ------------------------------------------------------------
c 
c time measured in process time since initialization
c 
c  seconds  reduction conflicts       size tier2        variables
c         MB    restarts   redundant    glue  trail          remaining
c          level     rate       size/glu tier1  irredundant
c 
c *  0.21  0  0 0   0  0    0    0 0.0 0 0 2 6  0% 330114 14669 99%
c )  0.25  0  0 0   0  0    0    0 0.0 0 0 2 6  0% 330114 14669 99%
c {  0.26  0  0 0   0  0    0    0 0.0 0 0 2 6  0% 330114 14669 99%
c i  0.28  0 574 0  21 75  178  110 1.9 15 8 2 6 28% 330049 14668 99%
c -  0.32  0 344 1  37 45  300  111 1.7 15 9 2 6 22% 330047 14668 99%
c i  0.37  0 135 1  51 18  834  366 1.7 13 8 2 6 18% 329961 14667 99%
c i  0.37  0 134 1  51 18  836  366 1.7 13 8 2 6 18% 329961 14666 99%
c i  0.39  0 123 1  73 16  949  422 1.7 13 8 2 6 18% 329919 14665 99%
c -  0.44  0 122 2  75 16  957  299 1.7 13 8 2 6 18% 329913 14665 99%
c }  0.45  0 118 2  86 16 1001  326 1.6 13 8 2 6 17% 329907 14665 99%
c [  0.45  0  0 2  86  0 1001  326 0.0 0 0 2 6  0% 329907 14665 99%
c O  0.45  0  0 2  86  1 1002  326 0.0 1 0 2 6  1% 329907 14665 99%
c i  0.45  0  0 2  86  1 1002  326 0.0 1 0 2 6  1% 329907 14574 99%
c -  0.59  0 18 3  87  1 2130  472 1.8 20 11 2 6 23% 320998 14574 99%
c ]  0.62  0 18 3  87  1 2444  735 1.8 21 11 2 6 23% 320987 14574 99%
c {  0.62  0 118 3  87 16 2444  735 1.6 13 8 2 6 17% 320987 14574 99%
c i  0.63  0 112 3 102 15 2507  772 1.6 14 8 2 6 18% 320965 14573 99%
c i  0.65  0 107 3 124 15 2594  816 1.6 14 9 2 6 19% 320941 14572 99%
c i  0.67  0 104 3 136 15 2643  853 1.6 14 9 2 6 19% 320938 14571 99%
c i  0.67  0 104 3 137 15 2644  853 1.6 14 9 2 6 18% 320938 14569 99%
c 
c  seconds   reduction conflicts       size  tier2        variables
c         MB     restarts   redundant     glue  trail          remaining
c           level     rate       size/glue tier1  irredundant
c 
c i  0.67  0 103 3 138 15 2652  858 1.6 14 9 2 6 18% 320938 14568 99%
c O  0.74  0 85 3 227 13 3004 1124 1.5 16 11 2 6 19% 320892 14568 99%
c 2  0.75  0 84 3 238 12 3045 1157 1.5 16 11 2 6 19% 320887 14556 98%
c d  0.76  0 84 3 238 12 3045 1157 1.5 16 11 2 6 19% 320850 14555 98%
c p  0.77  0 84 3 238 12 3045 1157 1.5 16 11 2 6 19% 320850 14554 98%
c =  0.85  0 84 3 238 12 3045 1156 1.5 16 11 2 6 19% 320816 14532 98%
c t  0.86  0 84 3 238 12 3045 1156 1.5 16 11 2 6 19% 320811 14532 98%
c i  0.93  0 77 3 287 12 3256 1299 1.5 17 11 2 6 19% 320759 14530 98%
c i  0.96  0 75 3 305 12 3325 1353 1.5 17 11 2 6 19% 320752 14529 98%
c i  0.96  0 75 3 305 12 3326 1353 1.5 17 11 2 6 19% 320752 14522 98%
c i  0.97  0 74 3 322 11 3387 1392 1.5 17 12 2 6 19% 320743 14491 98%
c i  0.97  0 74 3 323 11 3390 1392 1.5 17 12 2 6 19% 320742 14474 98%
c i  1.00  0 71 3 350 11 3497 1473 1.5 17 12 2 6 19% 320731 14472 98%
c i  1.00  0 71 3 350 11 3499 1473 1.5 17 12 2 6 19% 320730 14471 98%
c i  1.00  0 71 3 351 11 3504 1475 1.5 17 12 2 6 19% 320730 14470 98%
c i  1.01  0 70 3 356 11 3524 1486 1.5 17 12 2 6 19% 320723 14423 98%
c -  1.08  0 62 4 368 10 3867  723 1.5 18 12 2 6 19% 320602 14423 98%
c 2  1.22  0 42 4 417  6 5548 1986 1.7 19 11 4 13 20% 320596 14413 98%
c =  1.29  0 42 4 417  6 5548 1985 1.7 19 11 4 13 20% 320560 14405 97%
c i  1.30  0 42 4 418  6 5569 2002 1.7 19 11 4 13 20% 320560 14371 97%
c 
c  seconds  reduction conflicts       size   tier2         variables
c         MB    restarts   redundant     glue    trail          remaining
c          level     rate       size/glue  tier1   irredundant
c 
c }  1.33  0 41 4 429  6 5817 2206 1.7 19 11 4 13 20% 320559 14371 97%
c [  1.33  0 18 4 429  1 5817 2206 1.8 21 11 2 6 23% 320559 14371 97%
c I  1.35  0 18 4 429  1 6006 2336 1.8 21 12 2 6 23% 320559 14371 97%
c -  1.40  0 18 5 429  1 6207 2037 1.8 20 12 8 13 23% 320523 14371 97%
c 2  1.55  0 16 5 430  1 8152 3241 1.6 20 12 7 13 22% 320514 14363 97%
c k  1.58  0 16 5 430  1 8152 3241 1.6 20 12 7 13 22% 320524 14340 97%
c =  1.63  0 16 5 430  1 8152 3241 1.6 20 12 7 13 22% 320390 14298 97%
c t  1.64  0 16 5 430  1 8152 3239 1.6 20 12 7 13 22% 320390 14298 97%
c s  1.73  0 16 5 431  1 8986 3750 1.6 20 12 7 13 22% 320265 14298 97%
c t  1.74  0 16 5 431  1 8986 3750 1.6 20 12 7 13 22% 320255 14298 97%
c e  1.80  0 16 5 431  1 8986 3489 1.6 20 12 7 13 22% 315439 6030 41%
c s  1.82  0 16 5 431  1 8986 3474 1.6 20 12 7 13 22% 315364 6030 41%
c -  1.93  0 16 6 431  1 9172 2995 1.6 20 13 6 14 22% 315364 6030 41%
c B  1.99  0 16 6 432  1 10008 3535 1.6 20 13 6 14 22% 315364 6030 41%
c t  2.11  0 17 6 433  1 10851 4213 1.6 21 13 6 14 23% 315351 6030 41%
c ]  2.14  0 17 6 433  1 11118 4377 1.6 21 13 6 14 23% 315351 6030 41%
c {  2.14  0 41 6 433  6 11118 4377 1.7 19 11 4 13 50% 315351 6030 41%
c -  2.36  0 35 7 726  5 12761 3697 1.6 19 12 4 13 41% 315351 6030 41%
c u  2.44  0 32 7 726  4 13635 4240 1.6 19 12 6 13 38% 315351 6030 41%
c v  2.45  0 32 7 726  4 13635 4238 1.6 19 12 6 13 38% 315351 6030 41%
c 
c  seconds  reductions conflicts       size   tier2        variables
c         MB    restarts    redundant     glue    trail         remaining
c          level     rate        size/glue  tier1   irredundant
c 
c w  2.45  0 32 7 726  4 13635 4237 1.6 19 12 6 13 38% 315351 6030 41%
c x  2.46  0 32 7 726  4 13635 4237 1.6 19 12 6 13 38% 315349 6030 41%
c #  2.57  0 29 7 811  4 15010 5195 1.6 19 12 6 13 35% 315349 6030 41%
c -  2.74  0 26 8 909  3 16993 4875 1.6 19 12 6 13 32% 315349 6030 41%
c t  2.81  0 26 8 909  3 16993 4875 1.6 19 12 6 13 32% 315383 6030 41%
c B  3.01  0 22 8 947  3 21013 7723 1.6 18 11 6 13 28% 315383 6030 41%
c -  3.11  0 22 9 1018  3 21878 6775 1.6 18 11 7 12 27% 315383 6030 41%
c t  3.12  0 22 9 1018  3 21878 6775 1.6 18 11 7 12 27% 315380 6030 41%
c }  3.28  0 21 9 1186  2 24435 8240 1.6 18 11 7 12 26% 315380 6030 41%
c [  3.28  0 17 9 1186  1 24435 8240 1.6 21 13 6 14 23% 315380 6030 41%
c -  3.48  0 17 10 1187  1 27419 7798 1.6 21 13 6 14 22% 315380 6030 41%
c W  3.72  0 17 10 1187  1 28015 8162 1.6 21 13 6 14 22% 315380 6030 41%
c s  4.01  0 16 10 1189  1 31822 10432 1.6 20 13 6 14 22% 315311 6030 41%
c e  4.05  0 16 10 1189  1 31822 10432 1.6 20 13 6 14 22% 315309 6028 41%
c s  4.07  0 16 10 1189  1 31822 10428 1.6 20 13 6 14 22% 315266 6028 41%
c -  4.25  0 16 11 1190  1 33623 8580 1.6 21 13 6 14 22% 315266 6028 41%
c u  4.37  0 16 11 1190  1 33623 8567 1.6 21 13 6 14 22% 315266 6028 41%
c v  4.38  0 16 11 1190  1 33623 8567 1.6 21 13 6 14 22% 315266 6028 41%
c w  4.39  0 16 11 1190  1 33623 8567 1.6 21 13 6 14 22% 315266 6028 41%
c x  4.40  0 16 11 1190  1 33623 8567 1.6 21 13 6 14 22% 315265 6028 41%
c 
c  seconds  reductions   conflicts       size   tier2        variables
c         MB     restarts     redundant     glue    trail         remaining
c          level       rate        size/glue  tier1   irredundant
c 
c t  4.40  0 16 11 1190  1 33623 8567 1.6 21 13 6 14 22% 315264 6028 41%
c O  4.56  0 17 11 1192  1 36017 10224 1.6 21 14 6 14 22% 315264 6028 41%
c ]  4.71  0 18 11 1193  1 38363 11858 1.5 21 14 7 14 22% 315264 6028 41%
c {  4.71  0 21 11 1193  2 38363 11858 1.6 18 11 7 12 26% 315264 6028 41%
c -  4.87  0 20 12 1316  2 40492 9375 1.6 18 11 7 12 25% 315264 6028 41%
c p  4.88  0 20 12 1316  2 40492 9376 1.6 18 11 7 12 25% 315264 6027 41%
c t  4.90  0 20 12 1316  2 40492 9376 1.6 18 11 7 12 25% 315264 6027 41%
c W  5.53  0 19 12 1928  2 45019 12601 1.5 18 12 7 12 24% 315261 6027 41%
c -  5.89  0 19 13 2386  2 48030 10253 1.5 18 12 7 12 23% 315261 6027 41%
c p  5.90  0 19 13 2386  2 48030 10309 1.5 18 12 7 12 23% 315261 6020 41%
c F  6.66  0 19 13 3172  2 55020 15365 1.5 19 12 7 12 23% 315261 6020 41%
c -  6.84  0 19 14 3225  2 56239 12136 1.5 19 12 7 12 23% 315240 6020 41%
c 2  6.84  0 19 14 3225  2 56239 12136 1.5 19 12 7 12 23% 315239 6020 41%
c p  6.85  0 19 14 3225  2 56239 12180 1.5 19 12 7 12 23% 315239 6020 41%
c u  6.88  0 19 14 3225  2 56239 12115 1.5 19 12 7 12 23% 315239 6020 41%
c v  6.90  0 19 14 3225  2 56239 12110 1.5 19 12 7 12 23% 315239 6020 41%
c w  6.90  0 19 14 3225  2 56239 12110 1.5 19 12 7 12 23% 315239 6020 41%
c x  6.92  0 19 14 3225  2 56239 12109 1.5 19 12 7 12 23% 315238 6020 41%
c t  6.92  0 19 14 3225  2 56239 12109 1.5 19 12 7 12 23% 315237 6020 41%
c }  6.93  0 19 14 3234  2 56277 12140 1.5 19 12 7 12 23% 315237 6020 41%
c 
c  seconds  reductions   conflicts        size   tier2        variables
c         MB     restarts      redundant     glue    trail         remaining
c          level       rate         size/glue  tier1   irredundant
c 
c [  6.93  0 18 14 3234  1 56277 12140 1.5 21 14 7 14 22% 315237 6020 41%
c -  7.55  0 18 15 3236  1 65123 12805 1.5 22 14 7 14 21% 315237 6020 41%
c p  7.56  0 18 15 3236  1 65123 12864 1.5 22 14 7 14 21% 315237 6015 41%
c B  7.74  0 18 15 3236  1 66022 13456 1.5 22 14 7 14 21% 315222 6015 41%
c s  7.80  0 18 15 3236  1 66075 13474 1.5 22 14 7 14 21% 315045 6015 41%
c t  7.80  0 18 15 3236  1 66075 13474 1.5 22 14 7 14 21% 315044 6015 41%
c e  7.84  0 18 15 3236  1 66075 13474 1.5 22 14 7 14 21% 315043 6014 41%
c s  7.89  0 18 15 3236  1 66075 13457 1.5 22 14 7 14 21% 314838 6014 41%
c -  8.49  0 18 16 3241  1 74684 12773 1.5 22 14 7 15 22% 314838 6014 41%
c p  8.50  0 18 16 3241  1 74684 12781 1.5 22 14 7 15 22% 314838 6014 41%
c k  8.50  0 18 16 3241  1 74684 12781 1.5 22 14 7 15 22% 314838 6004 41%
c W  8.96  0 18 16 3243  1 78025 15165 1.5 22 15 7 15 22% 314809 6004 41%
c ]  9.15  0 19 16 3243  1 81218 17490 1.5 23 15 7 15 22% 314809 6004 41%
c {  9.15  0 19 16 3243  2 81218 17490 1.5 19 12 7 12 23% 314809 6004 41%
c -  9.61  0 19 17 3726  2 84919 13568 1.5 19 13 7 12 22% 314809 6004 41%
c p  9.62  0 19 17 3726  2 84919 13685 1.5 19 13 7 12 22% 314809 5999 41%
c u  9.68  0 19 17 3726  2 84919 13631 1.5 19 13 7 12 22% 314814 5999 41%
c v  9.70  0 19 17 3726  2 84919 13628 1.5 19 13 7 12 22% 314814 5999 41%
c w  9.70  0 19 17 3726  2 84919 13625 1.5 19 13 7 12 22% 314814 5999 41%
c x  9.73  0 19 17 3726  2 84919 13625 1.5 19 13 7 12 22% 314811 5999 41%
c 
c  seconds  reductions   conflicts        size   tier2        variables
c         MB     restarts      redundant     glue    trail         remaining
c          level       rate         size/glue  tier1   irredundant
c 
c t  9.73  0 19 17 3726  2 84919 13625 1.5 19 13 7 12 22% 314804 5999 41%
c B 10.35  0 19 17 4650  2 91026 17966 1.5 20 13 7 12 22% 314804 5999 41%
c - 10.89  0 19 18 5124  2 95832 15270 1.5 20 13 7 12 22% 314789 5999 41%
c p 10.90  0 19 18 5124  2 95832 15280 1.5 20 13 7 12 22% 314789 5998 41%
c W 11.84  0 18 18 5554  2 105027 21564 1.5 20 13 7 12 22% 314785 5998 41%
c - 12.06  0 18 19 5572  2 107425 18238 1.5 20 13 7 12 22% 314785 5998 41%
c p 12.08  0 18 19 5572  2 107425 18390 1.5 20 13 7 12 22% 314785 5993 41%
c u 12.12  0 18 19 5572  2 107425 18340 1.5 20 13 7 12 22% 314785 5993 41%
c v 12.14  0 18 19 5572  2 107425 18339 1.5 20 13 7 12 22% 314785 5993 41%
c w 12.14  0 18 19 5572  2 107425 18339 1.5 20 13 7 12 22% 314785 5993 41%
c x 12.16  0 18 19 5572  2 107425 18339 1.5 20 13 7 12 22% 314784 5993 41%
c s 12.61  0 18 19 5741  2 111757 21297 1.5 20 13 7 12 22% 314501 5993 41%
c t 12.62  0 18 19 5741  2 111757 21297 1.5 20 13 7 12 22% 314500 5993 41%
c e 12.66  0 18 19 5741  2 111757 21297 1.5 20 13 7 12 22% 314485 5992 41%
c s 12.72  0 18 19 5741  2 111757 21286 1.5 20 13 7 12 22% 314388 5992 41%
c } 12.90  0 18 19 5741  2 113238 22316 1.5 20 13 7 12 22% 314388 5992 41%
c [ 12.90  0 19 19 5741  1 113238 22316 1.5 23 15 7 15 22% 314388 5992 41%
c - 13.46  0 18 20 5747  1 119699 21183 1.5 22 14 7 15 22% 314388 5992 41%
c p 13.47  0 18 20 5747  1 119699 21204 1.5 22 14 7 15 22% 314388 5992 41%
c I 13.66  0 18 20 5747  1 120028 21403 1.5 22 14 7 15 22% 314388 5992 41%
c 
c  seconds  reductions   conflicts         size   tier2        variables
c         MB     restarts       redundant     glue    trail         remaining
c          level       rate          size/glue  tier1   irredundant
c 
c - 14.70  0 18 21 5749  1 132651 22582 1.6 22 14 7 15 22% 314388 5992 41%
c p 14.71  0 18 21 5749  1 132651 22810 1.6 22 14 7 15 22% 314388 5986 40%
c u 14.75  0 18 21 5749  1 132651 22755 1.6 22 14 7 15 22% 314388 5986 40%
c v 14.76  0 18 21 5749  1 132651 22755 1.6 22 14 7 15 22% 314388 5986 40%
c w 14.77  0 18 21 5749  1 132651 22754 1.6 22 14 7 15 22% 314388 5986 40%
c x 14.79  0 18 21 5749  1 132651 22754 1.6 22 14 7 15 22% 314378 5986 40%
c B 15.00  0 18 21 5750  1 136029 24747 1.6 22 14 7 15 22% 314378 5986 40%
c - 15.72  0 18 22 5750  1 146287 21989 1.5 22 15 7 15 21% 314359 5986 40%
c p 15.74  0 18 22 5750  1 146287 22082 1.5 22 15 7 15 21% 314359 5984 40%
c ] 15.89  0 18 22 5750  1 148529 23467 1.5 22 15 7 15 21% 314359 5984 40%
c { 15.89  0 18 22 5750  2 148529 23467 1.5 20 13 7 12 22% 314359 5984 40%
c # 16.28  0 17 22 5856  2 153031 26353 1.5 19 13 7 12 21% 314359 5984 40%
c - 16.89  0 17 23 5866  2 160603 24645 1.6 19 12 7 12 21% 314353 5984 40%
c p 16.90  0 17 23 5866  2 160603 24926 1.6 19 12 7 12 21% 314353 5957 40%
c u 16.97  0 17 23 5866  2 160603 24903 1.6 19 12 7 12 21% 314338 5957 40%
c v 16.98  0 17 23 5866  2 160603 24898 1.6 19 12 7 12 21% 314338 5957 40%
c w 16.99  0 17 23 5866  2 160603 24897 1.6 19 12 7 12 21% 314338 5957 40%
c x 17.02  0 17 23 5866  2 160603 24896 1.6 19 12 7 12 21% 314336 5957 40%
c t 17.02  0 17 23 5866  2 160603 24896 1.6 19 12 7 12 21% 314332 5957 40%
c s 17.76  0 17 23 6480  2 168893 30572 1.6 19 12 7 12 21% 313956 5957 40%
c 
c  seconds  reductions   conflicts         size   tier2        variables
c         MB     restarts       redundant     glue    trail         remaining
c          level       rate          size/glue  tier1   irredundant
c 
c s 17.90  0 17 23 6480  2 168893 30555 1.6 19 12 7 12 21% 313444 5957 40%
c B 18.19  0 17 23 6692  2 171034 32071 1.6 19 12 7 12 21% 313444 5957 40%
c - 18.77  0 17 24 7254  2 175604 28774 1.6 19 12 7 12 21% 313444 5957 40%
c p 18.78  0 17 24 7254  2 175604 28948 1.6 19 12 7 12 21% 313444 5945 40%
c t 18.79  0 17 24 7254  2 175604 28948 1.6 19 12 7 12 21% 313441 5945 40%
c W 20.52  0 16 24 7887  1 190035 38279 1.6 19 12 7 12 21% 313404 5945 40%
c - 20.66  0 16 25 7946  1 191280 31808 1.6 19 12 7 12 21% 313404 5945 40%
c 2 20.66  0 16 25 7946  1 191280 31808 1.6 19 12 7 12 21% 313403 5945 40%
c p 20.68  0 16 25 7946  1 191280 31874 1.6 19 12 7 12 21% 313403 5936 40%
c u 20.73  0 16 25 7946  1 191280 31838 1.6 19 12 7 12 21% 313403 5936 40%
c v 20.76  0 16 25 7946  1 191280 31837 1.6 19 12 7 12 21% 313403 5936 40%
c w 20.77  0 16 25 7946  1 191280 31836 1.6 19 12 7 12 21% 313403 5936 40%
c x 20.79  0 16 25 7946  1 191280 31833 1.6 19 12 7 12 21% 313397 5936 40%
c t 20.79  0 16 25 7946  1 191280 31833 1.6 19 12 7 12 21% 313394 5936 40%
c } 21.29  0 16 25 8059  1 195946 34742 1.6 19 12 7 12 21% 313394 5936 40%
c [ 21.29  0 18 25 8059  1 195946 34742 1.5 22 15 7 15 21% 313394 5936 40%
c - 22.40  0 17 26 8066  1 207636 34681 1.5 22 14 7 15 21% 313362 5936 40%
c p 22.42  0 17 26 8066  1 207636 34925 1.5 22 14 7 15 21% 313362 5933 40%
c u 22.67  0 17 26 8066  1 207636 34888 1.5 22 14 7 15 21% 313352 5933 40%
c v 22.68  0 17 26 8066  1 207636 34881 1.5 22 14 7 15 21% 313352 5933 40%
c 
c  seconds  reductions   conflicts         size   tier2        variables
c         MB     restarts       redundant     glue    trail         remaining
c          level       rate          size/glue  tier1   irredundant
c 
c w 22.68  0 17 26 8066  1 207636 34878 1.5 22 14 7 15 21% 313352 5933 40%
c x 22.70  0 17 26 8066  1 207636 34877 1.5 22 14 7 15 21% 313348 5933 40%
c W 23.12  0 17 26 8066  1 210036 36505 1.6 22 14 7 15 21% 313348 5933 40%
c - 24.41  0 17 27 8074  1 224677 36894 1.6 22 14 7 15 21% 313348 5933 40%
c 2 24.41  0 17 27 8074  1 224677 36894 1.6 22 14 7 15 21% 313347 5933 40%
c p 24.43  0 17 27 8074  1 224677 37250 1.6 22 14 7 15 21% 313347 5916 40%
c u 24.46  0 17 27 8074  1 224677 37231 1.6 22 14 7 15 21% 313347 5916 40%
c v 24.47  0 17 27 8074  1 224677 37231 1.6 22 14 7 15 21% 313347 5916 40%
c w 24.48  0 17 27 8074  1 224677 37231 1.6 22 14 7 15 21% 313347 5916 40%
c x 24.50  0 17 27 8074  1 224677 37229 1.6 22 14 7 15 21% 313338 5916 40%
c O 25.08  0 17 27 8074  1 231040 41334 1.6 22 14 7 15 21% 313338 5916 40%
c s 25.82  0 17 27 8079  1 237505 45403 1.6 22 14 7 15 21% 312728 5916 40%
c t 25.83  0 17 27 8079  1 237505 45403 1.6 22 14 7 15 21% 312722 5916 40%
c e 25.87  0 17 27 8079  1 237505 45403 1.6 22 14 7 15 21% 309400 5899 40%
c s 25.98  0 17 27 8079  1 237505 45396 1.6 22 14 7 15 21% 308971 5899 40%
c ] 26.26  0 17 27 8081  1 239987 46799 1.6 22 14 7 15 21% 308971 5899 40%
c { 26.26  0 16 27 8081  1 239987 46799 1.6 19 12 7 12 21% 308971 5899 40%
c - 26.59  0 16 28 8464  1 242405 37858 1.6 19 12 7 12 21% 308971 5899 40%
c p 26.60  0 16 28 8464  1 242405 38147 1.6 19 12 7 12 21% 308971 5894 40%
c u 26.64  0 16 28 8464  1 242405 38093 1.6 19 12 7 12 21% 308971 5894 40%
c 
c  seconds  reductions   conflicts         size   tier2        variables
c         MB     restarts       redundant     glue    trail         remaining
c          level       rate          size/glue  tier1   irredundant
c 
c v 26.66  0 16 28 8464  1 242405 38089 1.6 19 12 7 12 21% 308971 5894 40%
c w 26.66  0 16 28 8464  1 242405 38086 1.6 19 12 7 12 21% 308971 5894 40%
c x 26.68  0 16 28 8464  1 242405 38086 1.6 19 12 7 12 21% 308956 5894 40%
c F 27.58  0 16 28 8956  1 253041 44683 1.6 19 12 7 12 21% 308956 5894 40%
c - 28.38  0 16 29 9274  1 260744 40923 1.6 19 12 7 12 21% 308938 5894 40%
c 2 28.38  0 16 29 9274  1 260744 40923 1.6 19 12 7 12 21% 308937 5894 40%
c p 28.39  0 16 29 9274  1 260744 41069 1.6 19 12 7 12 21% 308937 5891 40%
c u 28.44  0 16 29 9274  1 260744 41045 1.6 19 12 7 12 21% 308937 5891 40%
c v 28.45  0 16 29 9274  1 260744 41042 1.6 19 12 7 12 21% 308937 5891 40%
c w 28.46  0 16 29 9274  1 260744 41042 1.6 19 12 7 12 21% 308937 5891 40%
c x 28.47  0 16 29 9274  1 260744 41042 1.6 19 12 7 12 21% 308929 5891 40%
c t 28.48  0 16 29 9274  1 260744 41042 1.6 19 12 7 12 21% 308928 5891 40%
c B 30.04  0 15 29 10639  1 276042 49840 1.6 19 12 6 12 21% 308928 5891 40%
c - 30.51  0 15 30 11184  1 279763 38060 1.6 19 12 6 12 21% 308918 5891 40%
c p 30.52  0 15 30 11184  1 279763 38428 1.6 19 12 6 12 21% 308918 5877 40%
c u 30.58  0 15 30 11184  1 279763 38377 1.6 19 12 6 12 21% 308917 5877 40%
c v 30.59  0 15 30 11184  1 279763 38376 1.6 19 12 6 12 21% 308917 5877 40%
c w 30.60  0 15 30 11184  1 279763 38376 1.6 19 12 6 12 21% 308917 5877 40%
c x 30.62  0 15 30 11184  1 279763 38374 1.6 19 12 6 12 21% 308906 5877 40%
c t 30.63  0 15 30 11184  1 279763 38374 1.6 19 12 6 12 21% 308898 5877 40%
c 
c  seconds  reductions    conflicts         size   tier2        variables
c         MB      restarts       redundant     glue    trail         remaining
c          level        rate          size/glue  tier1   irredundant
c 
c - 32.29  0 15 31 12693  1 299463 37309 1.5 19 12 6 12 21% 308858 5877 40%
c 2 32.29  0 15 31 12693  1 299463 37309 1.5 19 12 6 12 21% 308856 5877 40%
c p 32.31  0 15 31 12693  1 299463 37652 1.5 19 12 6 12 21% 308856 5866 40%
c u 32.36  0 15 31 12693  1 299463 37630 1.5 19 12 6 12 21% 308856 5866 40%
c v 32.37  0 15 31 12693  1 299463 37625 1.5 19 12 6 12 21% 308856 5866 40%
c w 32.38  0 15 31 12693  1 299463 37616 1.5 19 12 6 12 21% 308856 5866 40%
c x 32.40  0 15 31 12693  1 299463 37613 1.5 19 12 6 12 21% 308818 5866 40%
c t 32.40  0 15 31 12693  1 299463 37613 1.5 19 12 6 12 21% 308816 5866 40%
c W 33.14  0 15 31 12832  1 300044 37909 1.5 19 12 6 12 21% 308778 5866 40%
c } 33.17  0 15 31 12861  1 300334 38043 1.5 19 12 6 12 21% 308778 5866 40%
c [ 33.17  0 17 31 12861  1 300334 38043 1.6 22 14 7 15 21% 308778 5866 40%
c s 34.77  0 16 31 12869  1 317460 47895 1.6 21 13 7 15 21% 307494 5866 40%
c t 34.78  0 16 31 12869  1 317460 47895 1.6 21 13 7 15 21% 307493 5866 40%
c s 34.98  0 16 31 12869  1 317460 47879 1.6 21 13 7 15 21% 306487 5866 40%
c - 35.22  0 16 32 12869  1 319842 37614 1.6 21 14 7 15 21% 306487 5866 40%
c p 35.24  0 16 32 12869  1 319842 38265 1.6 21 14 7 15 21% 306487 5854 40%
c u 35.28  0 16 32 12869  1 319842 38254 1.6 21 14 7 15 21% 306487 5854 40%
c v 35.30  0 16 32 12869  1 319842 38248 1.6 21 14 7 15 21% 306487 5854 40%
c w 35.31  0 16 32 12869  1 319842 38248 1.6 21 14 7 15 21% 306487 5854 40%
c x 35.33  0 16 32 12869  1 319842 38247 1.6 21 14 7 15 21% 306476 5854 40%
c 
c  seconds  reductions    conflicts         size   tier2        variables
c         MB      restarts       redundant     glue    trail         remaining
c          level        rate          size/glue  tier1   irredundant
c 
c B 35.65  0 16 32 12869  1 325049 41716 1.6 21 13 7 15 21% 306476 5854 40%
c - 36.87  0 16 33 12870  1 340858 39459 1.6 21 13 6 14 21% 306433 5854 40%
c p 36.89  0 16 33 12870  1 340858 39799 1.6 21 13 6 14 21% 306433 5847 40%
c u 37.15  0 16 33 12870  1 340858 39723 1.6 21 13 6 14 21% 306407 5847 40%
c v 37.16  0 16 33 12870  1 340858 39717 1.6 21 13 6 14 21% 306407 5847 40%
c w 37.17  0 16 33 12870  1 340858 39716 1.6 21 13 6 14 21% 306407 5847 40%
c x 37.18  0 16 33 12870  1 340858 39716 1.6 21 13 6 14 21% 306402 5847 40%
c W 38.32  0 16 33 12871  1 351051 46098 1.6 21 13 6 14 21% 306402 5847 40%
c - 39.08  0 15 34 12871  1 362551 42523 1.6 20 12 6 14 21% 306402 5847 40%
c p 39.09  0 15 34 12871  1 362551 42721 1.6 20 12 6 14 21% 306402 5834 39%
c u 39.13  0 15 34 12871  1 362551 42715 1.6 20 12 6 14 21% 306402 5834 39%
c v 39.14  0 15 34 12871  1 362551 42712 1.6 20 12 6 14 21% 306402 5834 39%
c w 39.15  0 15 34 12871  1 362551 42710 1.6 20 12 6 14 21% 306402 5834 39%
c x 39.17  0 15 34 12871  1 362551 42709 1.6 20 12 6 14 21% 306398 5834 39%
c ] 39.67  0 15 34 12871  1 368253 46294 1.6 20 12 6 14 21% 306398 5834 39%
c { 39.67  0 15 34 12871  1 368253 46294 1.5 19 12 6 12 21% 306398 5834 39%
c # 40.55  0 15 34 12957  1 378053 51960 1.5 19 12 6 12 21% 306398 5834 39%
c i 40.79  0 15 34 12958  1 381877 53393 1.5 18 12 6 12 21% 306398 5823 39%
c - 41.12  0 15 35 12972  1 384924 40459 1.6 18 12 6 12 21% 269068 5823 39%
c p 41.13  0 15 35 12972  1 384924 40905 1.6 18 12 6 12 21% 269068 5809 39%
c 
c  seconds  reductions    conflicts         size   tier2        variables
c         MB      restarts       redundant     glue    trail         remaining
c          level        rate          size/glue  tier1   irredundant
c 
c u 41.17  0 15 35 12972  1 384924 40884 1.6 18 12 6 12 21% 269068 5809 39%
c v 41.18  0 15 35 12972  1 384924 40876 1.6 18 12 6 12 21% 269068 5809 39%
c w 41.19  0 15 35 12972  1 384924 40873 1.6 18 12 6 12 21% 269068 5809 39%
c x 41.21  0 15 35 12972  1 384924 40872 1.6 18 12 6 12 21% 269052 5809 39%
c t 41.21  0 15 35 12972  1 384924 40872 1.6 18 12 6 12 21% 269051 5809 39%
c B 43.06  0 14 35 14442  1 406055 53709 1.6 18 12 6 12 21% 269051 5809 39%
c - 43.21  0 14 36 14568  1 407102 44823 1.6 18 12 6 12 21% 269004 5809 39%
c 2 43.21  0 14 36 14568  1 407102 44823 1.6 18 12 6 12 21% 269003 5809 39%
c p 43.22  0 14 36 14568  1 407102 45338 1.6 18 12 6 12 21% 269003 5781 39%
c u 43.26  0 14 36 14568  1 407102 45286 1.6 18 12 6 12 21% 269003 5781 39%
c v 43.27  0 14 36 14568  1 407102 45274 1.6 18 12 6 12 21% 269003 5781 39%
c w 43.28  0 14 36 14568  1 407102 45274 1.6 18 12 6 12 21% 269003 5781 39%
c x 43.30  0 14 36 14568  1 407102 45274 1.6 18 12 6 12 21% 268981 5781 39%
c t 43.30  0 14 36 14568  1 407102 45274 1.6 18 12 6 12 21% 268980 5781 39%
c s 43.64  0 14 36 14789  1 408779 46279 1.6 18 12 6 12 21% 268208 5781 39%
c t 43.65  0 14 36 14789  1 408779 46279 1.6 18 12 6 12 21% 268205 5781 39%
c e 43.68  0 14 36 14789  1 408779 46201 1.6 18 12 6 12 21% 268064 5747 39%
c s 43.86  0 14 36 14789  1 408779 46181 1.6 18 12 6 12 21% 267099 5747 39%
c - 45.61  0 14 37 15372  1 429909 48077 1.6 18 11 6 12 21% 267099 5747 39%
c p 45.63  0 14 37 15372  1 429909 48517 1.6 18 11 6 12 21% 267099 5721 39%
c 
c  seconds  reductions    conflicts         size   tier2        variables
c         MB      restarts       redundant     glue    trail         remaining
c          level        rate          size/glue  tier1   irredundant
c 
c u 45.67  0 14 37 15372  1 429909 48484 1.6 18 11 6 12 21% 267099 5721 39%
c v 45.68  0 14 37 15372  1 429909 48476 1.6 18 11 6 12 21% 267099 5721 39%
c w 45.69  0 14 37 15372  1 429909 48475 1.6 18 11 6 12 21% 267099 5721 39%
c x 45.71  0 14 37 15372  1 429909 48473 1.6 18 11 6 12 21% 267063 5721 39%
c t 45.71  0 14 37 15372  1 429909 48473 1.6 18 11 6 12 21% 267062 5721 39%
c W 46.76  0 14 37 15941  1 435056 51690 1.6 18 12 6 12 21% 266967 5721 39%
c } 48.17  0 14 37 16933  1 450762 61150 1.6 18 11 6 12 21% 266967 5721 39%
c [ 48.17  0 15 37 16933  1 450762 61150 1.6 20 12 6 14 21% 266967 5721 39%
c - 48.41  0 14 38 16933  1 453293 52188 1.6 20 12 6 14 21% 266967 5721 39%
c 2 48.41  0 14 38 16933  1 453293 52188 1.6 20 12 6 14 21% 266966 5721 39%
c p 48.43  0 14 38 16933  1 453293 52607 1.6 20 12 6 14 21% 266966 5706 39%
c u 48.49  0 14 38 16933  1 453293 52592 1.6 20 12 6 14 21% 266959 5706 39%
c v 48.50  0 14 38 16933  1 453293 52590 1.6 20 12 6 14 21% 266959 5706 39%
c w 48.51  0 14 38 16933  1 453293 52542 1.6 20 12 6 14 21% 266959 5706 39%
c x 48.53  0 14 38 16933  1 453293 52542 1.6 20 12 6 14 21% 266916 5706 39%
c t 48.53  0 14 38 16933  1 453293 52542 1.6 20 12 6 14 21% 266911 5706 39%
c I 49.37  0 14 38 16939  1 465057 58781 1.6 19 12 6 13 21% 266911 5706 39%
c - 50.41  0 14 39 16946  1 477304 54899 1.6 19 12 6 13 21% 266866 5706 39%
c 2 50.41  0 14 39 16946  1 477304 54899 1.6 19 12 6 13 21% 266865 5706 39%
c p 50.43  0 14 39 16946  1 477304 55444 1.6 19 12 6 13 21% 266865 5683 38%
c 
c  seconds  reductions    conflicts         size   tier2        variables
c         MB      restarts       redundant     glue    trail         remaining
c          level        rate          size/glue  tier1   irredundant
c 
c u 50.47  0 14 39 16946  1 477304 55428 1.6 19 12 6 13 21% 266865 5683 38%
c v 50.48  0 14 39 16946  1 477304 55396 1.6 19 12 6 13 21% 266865 5683 38%
c w 50.49  0 14 39 16946  1 477304 55302 1.6 19 12 6 13 21% 266865 5683 38%
c x 50.51  0 14 39 16946  1 477304 55300 1.6 19 12 6 13 21% 266683 5683 38%
c t 50.51  0 14 39 16946  1 477304 55300 1.6 19 12 6 13 21% 266682 5683 38%
c i 50.61  0 14 39 16947  1 478400 55639 1.6 19 12 6 13 21% 266682 5671 38%
c B 51.95  0 13 39 16953  1 496062 65936 1.6 18 11 6 13 21% 266682 5671 38%
c - 52.47  0 13 40 16955  1 501937 40505 1.6 18 11 6 13 21% 226347 5671 38%
c 2 52.47  0 13 40 16955  1 501937 40505 1.6 18 11 6 13 21% 226346 5671 38%
c p 52.49  0 13 40 16955  1 501937 41081 1.6 18 11 6 13 21% 226346 5641 38%
c k 52.49  0 13 40 16955  1 501937 41081 1.6 18 11 6 13 21% 226346 5626 38%
c u 52.52  0 13 40 16955  1 501937 41044 1.6 18 11 6 13 21% 226346 5626 38%
c v 52.54  0 13 40 16955  1 501937 40967 1.6 18 11 6 13 21% 226346 5626 38%
c w 52.54  0 13 40 16955  1 501937 40927 1.6 18 11 6 13 21% 226346 5626 38%
c x 52.56  0 13 40 16955  1 501937 40927 1.6 18 11 6 13 21% 226273 5626 38%
c t 52.56  0 13 40 16955  1 501937 40924 1.6 18 11 6 13 21% 226270 5626 38%
c s 53.27  0 13 40 16959  1 508471 44467 1.6 18 11 6 13 21% 224205 5626 38%
c t 53.28  0 13 40 16959  1 508471 44467 1.6 18 11 6 13 21% 224200 5626 38%
c e 53.30  0 13 40 16959  1 508471 44256 1.6 18 11 6 13 21% 223984 5578 38%
c s 53.53  0 13 40 16959  1 508471 44238 1.6 18 11 6 13 21% 221860 5578 38%
c 
c  seconds  reductions    conflicts         size   tier2        variables
c         MB      restarts       redundant     glue    trail         remaining
c          level        rate          size/glue  tier1   irredundant
c 
c i 54.62  0 13 40 16963  1 524015 52013 1.6 18 11 6 13 21% 221860 5540 37%
c - 54.78  0 13 41 16964  1 525931 17869 1.6 18 11 6 13 21% 158711 5540 37%
c 2 54.78  0 13 41 16964  1 525931 17869 1.6 18 11 6 13 21% 158677 5540 37%
c p 54.80  0 13 41 16964  1 525931 18518 1.6 18 11 6 13 21% 158677 5506 37%
c d 54.82  0 13 41 16964  1 525931 17044 1.6 18 11 6 13 21% 148843 5504 37%
c d 54.83  0 13 41 16964  1 525931 16878 1.6 18 11 6 13 21% 148841 5503 37%
c k 54.83  0 13 41 16964  1 525931 16878 1.6 18 11 6 13 21% 148841 5490 37%
c 2 54.83  0 13 41 16964  1 525931 16873 1.6 18 11 6 13 21% 148830 5490 37%
c u 55.06  0 13 41 16964  1 525931 16823 1.6 18 11 6 13 21% 148752 5490 37%
c v 55.07  0 13 41 16964  1 525931 16795 1.6 18 11 6 13 21% 148752 5490 37%
c w 55.07  0 13 41 16964  1 525931 16765 1.6 18 11 6 13 21% 148752 5490 37%
c x 55.09  0 13 41 16964  1 525931 16754 1.6 18 11 6 13 21% 148576 5490 37%
c t 55.09  0 13 41 16964  1 525931 16750 1.6 18 11 6 13 21% 148564 5490 37%
c W 55.76  0 13 41 16964  1 528063 18136 1.6 18 11 6 13 21% 148564 5490 37%
c i 56.36  0 13 41 16966  1 541928 25395 1.6 18 11 5 12 22% 148564 5486 37%
c i 56.56  0 13 41 16969  1 546564 27735 1.6 17 11 5 12 21% 148564 5353 36%
c i 56.60  0 13 41 16969  1 546665 7019 1.6 17 11 5 12 11% 92012 5331 36%
c i 56.60  0 13 41 16969  1 546854 7106 1.6 17 11 5 12 14% 92012 5305 36%
c i 56.61  0 12 41 16969  1 546974 7141 1.6 17 11 5 12 13% 92012 5152 35%
c ] 56.61  0 12 41 16969  1 546980 7144 1.6 17 11 5 12 13% 92012 5140 35%
c 
c  seconds  reductions    conflicts        size   tier2       variables
c         MB      restarts      redundant     glue    trail        remaining
c          level        rate         size/glue  tier1   irredundant
c 
c 0 56.61  0 12 41 16969  1 546980 7144 1.6 17 11 5 12 13% 92012 5140 35%
c 
c --- [ closing proof ] ------------------------------------------------------
c 
c LRAT proof file '/Users/ivanspogreev/earth-moon/population/f034-a4-cert/m15/resolve/round-0/F.lrat' closed
c LRAT 1035360 added clauses 43.29%
c LRAT 1356400 deleted clauses 56.71%
c LRAT 176012405 bytes (167.86 MB)
c 
c --- [ result ] -------------------------------------------------------------
c 
s UNSATISFIABLE
c 
c --- [ run-time profiling ] -------------------------------------------------
c 
c process time taken by individual solving procedures
c (percentage relative to process time for solving)
c 
c        50.00   88.65% search
c        24.11   42.76% unstable
c        22.12   39.23% stable
c         6.40   11.35% simplify
c         3.71    6.57% walk
c         1.90    3.37% subsume
c         1.79    3.18% vivify
c         1.26    2.23% sweep
c         0.60    1.07% elim
c         0.26    0.46% probe
c         0.21    0.38% parse
c         0.14    0.25% congruence
c         0.07    0.13% ternary
c         0.05    0.09% lucky
c         0.02    0.03% backbone
c   =================================
c        56.40   99.63% solve
c 
c last line shows process time for solving
c (percentage relative to total process time)
c 
c --- [ statistics ] ---------------------------------------------------------
c 
c chronological:             58518        10.70 %  of conflicts
c conflicts:                546980      9698.97    per second
c backbone:                 881190      5961.24 %  of vars
c decisions:                659796     11699.40    per second
c eliminated:                 7898        53.43 %  of all variables
c fixed:                      1740        11.77 %  of all variables
c learned:                  537700        98.30 %  per conflict
c learned_lits:           14940310       100.00 %  learned literals
c minimized:                     0         0.00 %  learned literals
c shrunken:                3581110        23.97 %  learned literals
c minishrunken:            1212959         8.12 %  learned literals
c otfs:                       3588         0.66 %  of conflict
c propagations:           63032207         1.12 M  per second
c reduced:                  241676        44.18 %  per conflict
c rephased:                     32     17093.12    interval
c restarts:                  16969        32.23    interval
c stabilizing:                   8        52.68 %  of conflicts
c substituted:                   4         0.03 %  of all variables
c subsumed:                 217788        24.08 %  of all clauses
c strengthened:             107610        11.90 %  of all clauses
c ticks:                4743698136        77.44    propagation
c vivified:                   3272         0.36 %  of all clauses
c walked:                       10     54698.00    interval
c weakened:                  28858         3.16    average size
c congruence:                    8     68372.50    interval
c 
c seconds are measured in process time for solving
c 
c --- [ glue usage ] ---------------------------------------------------------
c 
c focused glue 6 used 58887 clauses 6.606% accumulated 56.86% tier1
c focused glue 7 used 51918 clauses 5.824% accumulated 62.68%
c focused glue 8-10 used 145929 clauses 16.37% accumulated 79.06%
c focused glue 11 used 42553 clauses 4.774% accumulated 83.83%
c focused glue 12 used 35988 clauses 4.037% accumulated 87.87% tier2
c 
c stable glue 5 used 76055 clauses 6.857% accumulated 50.53% tier1
c stable glue 6 used 68334 clauses 6.161% accumulated 56.69%
c stable glue 7-10 used 229373 clauses 20.68% accumulated 77.37%
c stable glue 11 used 51185 clauses 4.615% accumulated 81.99%
c stable glue 12 used 45426 clauses 4.095% accumulated 86.08% tier2
c 
c 
c --- [ resources ] ----------------------------------------------------------
c 
c total process time since initialization:        56.61    seconds
c total real time since initialization:           57.00    seconds
c maximum resident set size of process:          783.83    MB
c 
c --- [ shutting down ] ------------------------------------------------------
c 
c exit 20

[rc=20 57.0s]
$ /Users/ivanspogreev/earth-moon/verifier/../tools/drat-trim/lrat-check /Users/ivanspogreev/earth-moon/population/f034-a4-cert/m15/resolve/round-0/F.cnf /Users/ivanspogreev/earth-moon/population/f034-a4-cert/m15/resolve/round-0/F.lrat
c parsed a formula with 14782 variables and 421937 clauses
c VERIFIED
c allocated 1024 9612249 147820
c Added clauses = 1457297.  Deleted clauses = 1356400.  Max live clauses = 421937
c verification time = 2.80 secs

[rc=0 2.8s]
