# lean_static_resolve 2026-09-25 21:05:37
# dump=/Users/ivanspogreev/earth-moon/population/f034-a4-cert/split-m13/dump.jsonl raw=2358960 dedup=2358960 footer={'type': 'footer', 'verdict': 'UNSAT', 'counts': {'preseed': 7898, 'prop': 2351062, 'model': 0}, 'stats': {'checks': 17051403, 'confl': 1175531, 'model_rej': 0}, 'time': '2026-09-25T20:45:02-0700'}
# counters=False
# cube=[33, -53, -16, -37]
$ /opt/homebrew/bin/cadical --lrat --no-binary --no-factor /Users/ivanspogreev/earth-moon/population/f034-a4-cert/split-m13/c8/round-0/F.cnf /Users/ivanspogreev/earth-moon/population/f034-a4-cert/split-m13/c8/round-0/F.lrat
c --- [ banner ] -------------------------------------------------------------
c 
c CaDiCaL SAT Solver
c Copyright (c) 2016-2026
c A. Biere, M. Fleury, N. Froleyks, K. Fazekas, F. Pollitt, T. Faller
c JKU Linz, University of Freiburg, TU Wien
c 
c Version 3.0.1
c Apple clang version 16.0.0 (clang-1600.0.26.6) -Wall -Wextra -O3 -DNDEBUG -std=c++11 -DNCLOSEFROM
c Sun Jul 19 15:40:55 UTC 2026 Darwin Sonoma-arm64.local 23.6.0 arm64
c 
c --- [ proof tracing ] ------------------------------------------------------
c 
c opening file to write '/Users/ivanspogreev/earth-moon/population/f034-a4-cert/split-m13/c8/round-0/F.lrat'
c writing non-binary proof trace to '/Users/ivanspogreev/earth-moon/population/f034-a4-cert/split-m13/c8/round-0/F.lrat'
c 
c --- [ parsing input ] ------------------------------------------------------
c 
c reading DIMACS file from '/Users/ivanspogreev/earth-moon/population/f034-a4-cert/split-m13/c8/round-0/F.cnf'
c opening file to read '/Users/ivanspogreev/earth-moon/population/f034-a4-cert/split-m13/c8/round-0/F.cnf'
c found 'p cnf 2945 2367317' header
c parsed 2367317 clauses in 1.42 seconds process time
c 
c --- [ options ] ------------------------------------------------------------
c 
c   --binary=false                 (different from default 'true')
c   --lrat=true                    (different from default 'false')
c 
c --- [ solving ] ------------------------------------------------------------
c 
c time measured in process time since initialization
c 
c  seconds  reduction conflicts       size tier2       variables
c         MB    restarts   redundant    glue  trail         remaining
c          level     rate       size/glu tier1  irredundant
c 
c *  1.42  0  0 0   0  0    0    0 0.0 0 0 2 6  0% 971794 2905 99%
c )  1.53  0  0 0   0  0    0    0 0.0 0 0 2 6  0% 971794 2905 99%
c {  1.55  0  0 0   0  0    0    0 0.0 0 0 2 6  0% 971794 2905 99%
c i  1.56  0 2253 0   0 136   19   15 1.5 9 6 2 6 80% 971792 2902 99%
c i  1.56  0 2241 0   0 123   21   15 1.5 8 5 2 6 80% 971792 2900 98%
c i  1.60  0 2144 0   1 40   79   53 1.6 10 6 2 6 77% 971777 2899 98%
c i  1.60  0 2088 0   1 40   81   53 1.6 9 6 2 6 75% 971776 2898 98%
c i  1.60  0 1690 0   1 32  101   61 1.6 9 5 2 6 62% 971769 2897 98%
c i  1.60  0 1638 0   1 32  104   60 1.6 8 5 2 6 61% 971768 2895 98%
c i  1.60  0 1621 0   1 31  105   60 1.6 8 5 2 6 60% 971768 2894 98%
c i  1.63  0 1127 0   7 24  158   81 1.5 9 6 2 6 46% 971743 2891 98%
c i  1.63  0 1096 0   8 23  163   82 1.5 9 6 2 6 44% 971742 2888 98%
c i  1.68  0 923 0  17 32  204  113 1.4 11 8 2 6 40% 971735 2887 98%
c i  1.70  0 832 0  22 30  225  121 1.4 11 8 2 6 37% 971723 2881 98%
c i  1.70  0 828 0  23 29  226  121 1.4 11 8 2 6 36% 971723 2880 98%
c -  1.80  0 649 1  45 31  302   93 1.4 12 8 2 6 34% 971635 2880 98%
c i  1.84  0 543 1  59 28  363  113 1.4 12 8 2 6 31% 971597 2844 97%
c i  1.84  0 542 1  59 28  364  113 1.4 12 8 2 6 31% 971597 2841 96%
c i  1.86  0 514 1  64 28  384  122 1.4 12 8 2 6 30% 971591 2836 96%
c i  1.87  0 499 1  64 27  396  127 1.4 12 8 2 6 30% 971586 2835 96%
c 
c  seconds   reduction conflicts       size  tier2       variables
c         MB     restarts   redundant     glue  trail         remaining
c           level     rate       size/glue tier1  irredundant
c 
c i  1.87  0 495 1  64 27  401  129 1.4 11 8 2 6 29% 971585 2834 96%
c i  1.96  0 333 1 111 19  605  265 1.4 17 12 2 6 23% 971564 2832 96%
c i  2.02  0 275 1 123 16  757  350 1.5 18 12 2 6 23% 971511 2831 96%
c i  2.03  0 268 1 126 16  778  357 1.5 18 12 2 6 23% 971499 2830 96%
c i  2.03  0 263 1 126 16  797  366 1.5 18 12 2 6 22% 971493 2829 96%
c i  2.03  0 262 1 126 15  800  366 1.5 18 12 2 6 22% 971492 2827 96%
c i  2.03  0 261 1 126 15  802  366 1.5 18 12 2 6 22% 971491 2797 95%
c i  2.08  0 241 1 133 15  898  397 1.4 18 12 2 6 23% 971434 2796 95%
c i  2.08  0 241 1 133 15  900  397 1.4 18 12 2 6 23% 971434 2786 95%
c i  2.08  0 238 1 133 15  911  400 1.4 18 12 2 6 23% 971427 2767 94%
c i  2.09  0 237 1 133 15  917  402 1.4 17 12 2 6 23% 971424 2765 94%
c }  2.10  0 224 1 133 14 1001  424 1.4 17 12 2 6 24% 971368 2765 94%
c [  2.10  0  0 1 133  0 1001  424 0.0 0 0 2 6  0% 971368 2765 94%
c O  2.10  0  1 1 133  2 1003  424 2.0 2 1 2 6  7% 971368 2765 94%
c -  2.31  0 53 2 133  1 1165  239 2.3 26 11 2 6 51% 971221 2765 94%
c i  2.48  0 54 2 134  1 2306 1194 2.0 29 14 2 6 47% 971189 2749 93%
c i  2.49  0 54 2 134  1 2335 1216 2.0 28 14 2 6 47% 971189 2745 93%
c i  2.49  0 54 2 134  1 2336 1216 2.0 28 14 2 6 47% 971189 2691 91%
c i  2.53  0 51 2 134  1 2464 1309 1.9 28 15 2 6 44% 971188 2690 91%
c ]  2.63  0 47 2 134  1 2763 1549 1.9 26 14 2 6 39% 971177 2690 91%
c 
c  seconds   reduction conflicts       size   tier2       variables
c         MB     restarts   redundant     glue   trail         remaining
c           level     rate       size/glue  tier1  irredundant
c 
c {  2.63  0 224 2 134 14 2763 1549 1.4 17 12 2 6 24% 971177 2690 91%
c -  2.80  0 206 3 141 13 2861  603 1.5 18 12 2 6 23% 971095 2690 91%
c O  2.84  0 184 3 141 11 3005  731 1.6 19 12 2 6 23% 971095 2690 91%
c i  2.88  0 168 3 142 10 3199  809 1.6 18 12 2 6 24% 971002 2689 91%
c i  2.91  0 156 3 153 10 3391  882 1.5 18 12 2 6 25% 970903 2686 91%
c i  2.92  0 156 3 153 10 3399  885 1.5 18 12 2 6 25% 970901 2684 91%
c i  2.92  0 155 3 153 10 3403  887 1.5 18 12 2 6 25% 970900 2681 91%
c 2  2.99  0 146 3 157  9 3585 1025 1.6 18 12 2 6 26% 970870 2667 91%
c d  3.03  0 146 3 157  9 3585 1019 1.6 18 12 2 6 26% 970834 2666 91%
c p  3.03  0 146 3 157  9 3585 1019 1.6 18 12 2 6 26% 970834 2665 90%
c =  3.27  0 146 3 157  9 3585 1017 1.6 18 12 2 6 26% 970823 2642 90%
c t  3.29  0 146 3 157  9 3585 1015 1.6 18 12 2 6 26% 970823 2642 90%
c i  3.46  0 143 3 165  9 3621 1041 1.6 18 12 2 6 10% 970823 2640 90%
c i  3.76  0 121 3 241  8 4079 1381 1.5 19 13 2 6 15% 970768 2639 90%
c i  3.76  0 120 3 241  8 4093 1384 1.5 19 12 2 6 14% 970758 2620 89%
c i  3.76  0 120 3 241  8 4097 1384 1.5 19 12 2 6 14% 970757 2591 88%
c i  3.91  0 100 3 241  6 4811 1962 1.8 21 12 2 6 26% 970696 2590 88%
c i  3.98  0 97 3 248  6 5069 2179 1.8 21 12 8 16 28% 970679 2589 88%
c i  3.98  0 97 3 248  6 5072 2180 1.8 21 12 8 16 28% 970678 2570 87%
c i  3.99  0 97 3 250  6 5086 2185 1.8 21 12 8 16 28% 970671 2569 87%
c 
c  seconds  reduction conflicts       size   tier2        variables
c         MB    restarts   redundant     glue    trail         remaining
c          level     rate       size/glue  tier1   irredundant
c 
c i  4.01  0 97 3 254  6 5104 2195 1.8 21 12 8 16 28% 970664 2516 85%
c i  4.02  0 97 3 256  6 5109 2199 1.8 21 12 8 16 28% 970664 2515 85%
c i  4.13  0 91 3 276  6 5371 2397 1.8 20 12 8 15 27% 970646 2414 82%
c i  4.14  0 90 3 283  6 5403 2419 1.7 20 12 8 15 27% 970644 2333 79%
c -  4.27  0 88 4 285  6 5517 2126 1.7 20 12 8 15 26% 970321 2333 79%
c #  4.49  0 79 4 309  5 6008 2544 1.8 20 11 8 15 26% 970318 2333 79%
c 2  4.57  0 78 4 317  5 6086 2595 1.7 20 12 8 15 26% 970318 2238 76%
c t  4.79  0 78 4 317  5 6086 2592 1.7 20 12 8 15 26% 907305 2238 76%
c }  5.65  0 57 4 476  4 8262 4130 1.7 19 11 8 14 10% 907301 2238 76%
c [  5.65  0 47 4 476  1 8262 4130 1.9 26 14 2 6 52% 907301 2238 76%
c -  5.85  0 39 5 477  1 9205 4099 1.6 24 15 12 21 36% 907301 2238 76%
c 2  5.86  0 39 5 477  1 9205 4099 1.6 24 15 12 21 36% 907301 2230 76%
c d  5.89  0 39 5 477  1 9205 4099 1.6 24 15 12 21 36% 907287 2229 76%
c I  6.14  0 36 5 477  1 10009 4726 1.5 24 16 12 21 30% 907292 2218 75%
c -  6.93  0 27 6 480  1 13901 6543 1.6 22 14 9 16 21% 907276 2218 75%
c 2  6.93  0 27 6 480  1 13901 6543 1.6 22 14 9 16 21% 907276 2209 75%
c =  7.16  0 27 6 480  1 13901 6543 1.6 22 14 9 16 21% 907258 2205 75%
c B  7.51  0 26 6 481  1 15010 7194 1.5 22 14 9 16 19% 907258 2205 75%
c ]  7.74  0 25 6 481  1 15961 7873 1.5 21 14 9 16 19% 907255 2205 75%
c {  7.74  0 57 6 481  4 15961 7873 1.7 19 11 8 14 10% 907255 2205 75%
c 
c  seconds  reductions conflicts       size   tier2        variables
c         MB    restarts    redundant     glue    trail         remaining
c          level     rate        size/glue  tier1   irredundant
c 
c s  7.96  0 53 6 507  4 16772 8421 1.7 19 11 8 14  9% 907025 2205 75%
c t  7.98  0 53 6 507  4 16772 8420 1.7 19 11 8 14  9% 907005 2205 75%
c e  8.13  0 53 6 507  4 16772 8056 1.7 19 11 8 14  9% 903635 359 12%
c s  8.16  0 53 6 507  4 16772 8052 1.7 19 11 8 14  9% 903563 359 12%
c -  9.38  0 41 7 666  3 19671 8514 1.7 18 11 8 14 24% 903563 359 12%
c 2  9.38  0 41 7 666  3 19671 8513 1.7 18 11 8 14 24% 903563 359 12%
c p  9.39  0 41 7 666  3 19671 8516 1.7 18 11 8 14 24% 903563 359 12%
c u  9.82  0 41 7 666  3 19671 8498 1.7 18 11 8 14 24% 903563 359 12%
c v  9.87  0 41 7 666  3 19671 8493 1.7 18 11 8 14 24% 903563 359 12%
c w  9.90  0 41 7 666  3 19671 8490 1.7 18 11 8 14 24% 903563 359 12%
c x  9.96  0 41 7 666  3 19671 8490 1.7 18 11 8 14 24% 903547 359 12%
c B 10.08  0 38 7 672  3 21011 9514 1.7 19 11 8 14 23% 903547 359 12%
c - 11.59  0 31 8 921  2 26528 10500 1.6 18 11 8 12 24% 903547 359 12%
c W 12.38  0 30 8 1030  2 28012 11570 1.6 18 11 8 12 24% 903568 359 12%
c } 13.44  0 28 8 1229  2 31073 13843 1.6 18 11 8 12 24% 903568 359 12%
c [ 13.45  0 25 8 1229  1 31073 13843 1.5 21 14 9 16 115% 903568 359 12%
c - 14.16  0 23 9 1230  1 34490 13685 1.5 20 13 9 16 89% 903568 359 12%
c p 14.19  0 23 9 1230  1 34490 13687 1.5 20 13 9 16 89% 903568 359 12%
c W 15.01  0 23 9 1231  1 36015 14705 1.5 20 13 9 16 82% 903568 359 12%
c - 16.26  0 21 10 1236  1 43572 14676 1.4 20 14 8 15 60% 903568 359 12%
c 
c  seconds  reductions   conflicts        size   tier2        variables
c         MB     restarts      redundant     glue    trail        remaining
c          level       rate         size/glue  tier1   irredundant
c 
c u 16.40  0 21 10 1236  1 43572 14659 1.4 20 14 8 15 60% 903568 359 12%
c v 16.46  0 21 10 1236  1 43572 14655 1.4 20 14 8 15 60% 903568 359 12%
c w 16.49  0 21 10 1236  1 43572 14655 1.4 20 14 8 15 60% 903568 359 12%
c x 16.56  0 21 10 1236  1 43572 14655 1.4 20 14 8 15 60% 903566 359 12%
c O 16.89  0 21 10 1236  1 45018 15482 1.4 20 14 8 15 57% 903566 359 12%
c ] 17.58  0 19 10 1237  1 49586 17977 1.4 19 13 8 15 50% 903566 359 12%
c { 17.58  0 28 10 1237  2 49586 17977 1.6 18 11 8 12 24% 903566 359 12%
c - 18.40  0 25 11 1272  2 53779 16447 1.6 17 10 8 12 23% 903566 359 12%
c p 18.41  0 25 11 1272  2 53779 16455 1.6 17 10 8 12 23% 903566 359 12%
c F 18.66  0 24 11 1272  2 55023 17131 1.6 17 10 8 12 23% 903566 359 12%
c s 21.00  0 23 11 2330  2 61963 22075 1.6 17 11 8 12 23% 903091 359 12%
c s 21.21  0 23 11 2330  2 61963 22068 1.6 17 11 8 12 23% 902888 359 12%
c - 22.66  0 22 12 2709  2 65119 20371 1.6 17 11 8 12 23% 902888 359 12%
c p 22.69  0 22 12 2709  2 65119 20384 1.6 17 11 8 12 23% 902888 359 12%
c u 23.37  0 22 12 2709  2 65119 20357 1.6 17 11 8 12 23% 902888 359 12%
c v 23.42  0 22 12 2709  2 65119 20351 1.6 17 11 8 12 23% 902888 359 12%
c w 23.45  0 22 12 2709  2 65119 20351 1.6 17 11 8 12 23% 902888 359 12%
c x 23.51  0 22 12 2709  2 65119 20351 1.6 17 11 8 12 23% 902876 359 12%
c B 23.87  0 22 12 2859  2 66024 20989 1.6 17 11 8 12 23% 902876 359 12%
c } 26.22  0 21 12 3529  2 73100 26176 1.6 17 11 7 12 23% 902876 359 12%
c 
c  seconds  reductions   conflicts        size   tier2        variables
c         MB     restarts      redundant     glue    trail        remaining
c          level       rate         size/glue  tier1   irredundant
c 
c [ 26.22  0 19 12 3529  1 73100 26176 1.4 19 13 8 15 50% 902876 359 12%
c - 26.68  0 19 13 3529  1 77595 23120 1.5 18 13 8 15 46% 902876 359 12%
c p 26.72  0 19 13 3529  1 77595 23123 1.5 18 13 8 15 46% 902876 359 12%
c B 26.86  0 19 13 3529  1 78026 23427 1.5 18 13 8 15 45% 902876 359 12%
c W 29.45  0 19 13 3536  1 91027 32535 1.5 19 13 8 15 38% 902876 359 12%
c - 29.58  0 19 14 3536  1 91213 25067 1.5 19 13 8 15 38% 902876 359 12%
c p 29.60  0 19 14 3536  1 91213 25078 1.5 19 13 8 15 38% 902876 359 12%
c u 29.73  0 19 14 3536  1 91213 25029 1.5 19 13 8 15 38% 902876 359 12%
c v 29.78  0 19 14 3536  1 91213 25023 1.5 19 13 8 15 38% 902876 359 12%
c w 29.80  0 19 14 3536  1 91213 25022 1.5 19 13 8 15 38% 902876 359 12%
c x 29.85  0 19 14 3536  1 91213 25022 1.5 19 13 8 15 38% 902836 359 12%
c I 32.09  0 18 14 3544  1 105029 34575 1.5 19 13 8 15 35% 902836 359 12%
c - 32.42  0 18 15 3544  1 105978 26944 1.5 19 13 8 15 34% 902836 359 12%
c p 32.44  0 18 15 3544  1 105978 26945 1.5 19 13 8 15 34% 902836 359 12%
c ] 33.17  0 18 15 3544  1 109750 29487 1.5 20 13 8 15 34% 902836 359 12%
c { 33.17  0 21 15 3544  2 109750 29487 1.6 17 11 7 12 23% 902836 359 12%
c W 36.37  0 20 15 4473  2 120031 36661 1.6 18 11 7 12 23% 902836 359 12%
c - 37.46  0 20 16 4709  2 121893 30376 1.6 18 11 7 12 23% 902836 359 12%
c p 37.49  0 20 16 4709  2 121893 30388 1.6 18 11 7 12 23% 902836 359 12%
c u 38.37  0 20 16 4709  2 121893 30340 1.6 18 11 7 12 23% 902836 359 12%
c 
c  seconds  reductions   conflicts         size   tier2        variables
c         MB     restarts       redundant     glue    trail        remaining
c          level       rate          size/glue  tier1   irredundant
c 
c v 38.43  0 20 16 4709  2 121893 30332 1.6 18 11 7 12 23% 902836 359 12%
c w 38.47  0 20 16 4709  2 121893 30327 1.6 18 11 7 12 23% 902836 359 12%
c x 38.55  0 20 16 4709  2 121893 30326 1.6 18 11 7 12 23% 902832 359 12%
c s 41.90  0 20 16 5893  2 129744 36016 1.6 18 11 7 12 23% 902571 359 12%
c s 42.11  0 20 16 5893  2 129744 35989 1.6 18 11 7 12 23% 902189 359 12%
c # 43.78  0 20 16 6328  2 136032 40190 1.6 18 11 7 12 23% 902189 359 12%
c - 45.15  0 20 17 6791  2 138961 34274 1.6 18 11 7 12 23% 902189 359 12%
c p 45.18  0 20 17 6791  2 138961 34286 1.6 18 11 7 12 23% 902189 359 12%
c u 45.34  0 20 17 6791  2 138961 34271 1.6 18 11 7 12 23% 902189 359 12%
c v 45.39  0 20 17 6791  2 138961 34265 1.6 18 11 7 12 23% 902189 359 12%
c w 45.42  0 20 17 6791  2 138961 34265 1.6 18 11 7 12 23% 902189 359 12%
c x 45.47  0 20 17 6791  2 138961 34265 1.6 18 11 7 12 23% 902176 359 12%
c } 47.81  0 19 17 7125  2 144937 38614 1.6 18 11 7 12 23% 902176 359 12%
c [ 47.81  0 18 17 7125  1 144937 38614 1.5 20 13 8 15 34% 902176 359 12%
c B 49.59  0 19 17 7126  1 153034 45455 1.5 20 13 8 15 33% 902176 359 12%
c - 50.50  0 20 18 7126  1 157182 38694 1.5 20 13 8 15 33% 902176 359 12%
c p 50.54  0 20 18 7126  1 157182 38706 1.5 20 13 8 15 33% 902176 359 12%
c u 50.68  0 20 18 7126  1 157182 38664 1.5 20 13 8 15 33% 902176 359 12%
c v 50.73  0 20 18 7126  1 157182 38663 1.5 20 13 8 15 33% 902176 359 12%
c w 50.76  0 20 18 7126  1 157182 38662 1.5 20 13 8 15 33% 902176 359 12%
c 
c  seconds  reductions   conflicts         size   tier2        variables
c         MB     restarts       redundant     glue    trail        remaining
c          level       rate          size/glue  tier1   irredundant
c 
c x 50.81  0 20 18 7126  1 157182 38662 1.5 20 13 8 15 33% 902170 359 12%
c W 53.52  0 20 18 7132  1 171037 49021 1.5 20 14 8 15 31% 902170 359 12%
c - 54.86  0 19 19 7133  1 176560 41868 1.5 20 13 8 15 30% 902170 359 12%
c p 54.88  0 19 19 7133  1 176560 41875 1.5 20 13 8 15 30% 902170 359 12%
c O 57.02  0 19 19 7141  1 190039 52078 1.5 20 13 8 15 29% 902170 359 12%
c ] 57.29  0 19 19 7141  1 191490 53157 1.5 20 13 8 15 29% 902170 359 12%
c { 57.29  0 19 19 7141  2 191490 53157 1.6 18 11 7 12 23% 902170 359 12%
c - 58.87  0 19 20 7656  2 197098 44246 1.6 18 11 7 12 23% 902170 359 12%
c p 58.90  0 19 20 7656  2 197098 44254 1.6 18 11 7 12 23% 902170 359 12%
c u 59.10  0 19 20 7656  2 197098 44204 1.6 18 11 7 12 23% 902170 359 12%
c v 59.18  0 19 20 7656  2 197098 44189 1.6 18 11 7 12 23% 902170 359 12%
c w 59.22  0 19 20 7656  2 197098 44186 1.6 18 11 7 12 23% 902170 359 12%
c x 59.31  0 19 20 7656  2 197098 44186 1.6 18 11 7 12 23% 902163 359 12%
c B 62.12  0 18 20 7942  2 210041 53377 1.6 18 11 6 12 23% 902163 359 12%
c - 64.42  0 18 21 8857  2 218799 45861 1.6 18 11 6 12 23% 902163 359 12%
c p 64.46  0 18 21 8857  2 218799 45871 1.6 18 11 6 12 23% 902163 359 12%
c u 65.38  0 18 21 8857  2 218799 45842 1.6 18 11 6 12 23% 902163 359 12%
c v 65.43  0 18 21 8857  2 218799 45838 1.6 18 11 6 12 23% 902163 359 12%
c w 65.45  0 18 21 8857  2 218799 45838 1.6 18 11 6 12 23% 902163 359 12%
c x 65.49  0 18 21 8857  2 218799 45838 1.6 18 11 6 12 23% 902161 359 12%
c 
c  seconds  reductions   conflicts         size   tier2        variables
c         MB     restarts       redundant     glue    trail        remaining
c          level       rate          size/glue  tier1   irredundant
c 
c s 65.79  0 18 21 8857  2 220107 46556 1.6 18 11 6 12 23% 901478 359 12%
c s 66.01  0 18 21 8857  2 220107 46546 1.6 18 11 6 12 23% 901216 359 12%
c W 70.64  0 17 21 9455  1 231043 53769 1.6 18 11 6 12 23% 901216 359 12%
c - 74.71  0 17 22 10694  2 241665 50162 1.6 18 11 6 12 23% 901216 359 12%
c p 74.75  0 17 22 10694  2 241665 50174 1.6 18 11 6 12 23% 901216 359 12%
c u 74.92  0 17 22 10694  2 241665 50132 1.6 18 11 6 12 23% 901216 359 12%
c v 74.99  0 17 22 10694  2 241665 50131 1.6 18 11 6 12 23% 901216 359 12%
c w 75.01  0 17 22 10694  2 241665 50130 1.6 18 11 6 12 23% 901216 359 12%
c x 75.07  0 17 22 10694  2 241665 50129 1.6 18 11 6 12 23% 901206 359 12%
c } 76.97  0 17 22 11174  1 247681 54412 1.6 18 11 6 12 23% 901206 359 12%
c [ 76.97  0 19 22 11174  1 247681 54412 1.5 20 13 8 15 29% 901206 359 12%
c B 78.25  0 20 22 11174  1 253045 58742 1.5 20 13 8 15 29% 901206 359 12%
c - 80.49  0 19 23 11181  1 265687 51538 1.5 20 14 8 15 28% 901206 359 12%
c p 80.54  0 19 23 11181  1 265687 51548 1.5 20 14 8 15 28% 901206 359 12%
c u 80.72  0 19 23 11181  1 265687 51499 1.5 20 14 8 15 28% 901206 359 12%
c v 80.78  0 19 23 11181  1 265687 51494 1.5 20 14 8 15 28% 901206 359 12%
c w 80.81  0 19 23 11181  1 265687 51493 1.5 20 14 8 15 28% 901206 359 12%
c x 80.89  0 19 23 11181  1 265687 51493 1.5 20 14 8 15 28% 901190 359 12%
c W 83.41  0 19 23 11188  1 276048 57229 1.5 20 14 8 14 27% 901190 359 12%
c - 85.70  0 18 24 11190  1 290878 49265 1.4 20 14 8 14 26% 901190 359 12%
c 
c  seconds  reductions    conflicts         size   tier2        variables
c         MB      restarts       redundant     glue    trail        remaining
c          level        rate          size/glue  tier1   irredundant
c 
c p 85.73  0 18 24 11190  1 290878 49275 1.4 20 14 8 14 26% 901190 359 12%
c u 85.85  0 18 24 11190  1 290878 49263 1.4 20 14 8 14 26% 901190 359 12%
c v 85.90  0 18 24 11190  1 290878 49263 1.4 20 14 8 14 26% 901190 359 12%
c w 85.92  0 18 24 11190  1 290878 49262 1.4 20 14 8 14 26% 901190 359 12%
c x 85.98  0 18 24 11190  1 290878 49262 1.4 20 14 8 14 26% 901167 359 12%
c I 87.32  0 18 24 11190  1 300049 54885 1.4 19 14 8 14 26% 901167 359 12%
c ] 90.57  0 18 24 11191  1 316449 65497 1.4 19 14 8 14 25% 901167 359 12%
c { 90.57  0 17 24 11191  1 316449 65497 1.6 18 11 6 12 23% 901167 359 12%
c - 91.07  0 17 25 11319  1 317234 50467 1.6 18 11 6 12 23% 901167 359 12%
c p 91.11  0 17 25 11319  1 317234 50479 1.6 18 11 6 12 23% 901167 359 12%
c u 91.27  0 17 25 11319  1 317234 50467 1.6 18 11 6 12 23% 901167 359 12%
c v 91.34  0 17 25 11319  1 317234 50461 1.6 18 11 6 12 23% 901167 359 12%
c w 91.37  0 17 25 11319  1 317234 50460 1.6 18 11 6 12 23% 901167 359 12%
c x 91.44  0 17 25 11319  1 317234 50460 1.6 18 11 6 12 23% 901140 359 12%
c F 94.41  0 17 25 12261  2 325051 55785 1.6 18 11 6 12 23% 901140 359 12%
c s 97.23  0 17 25 13063  2 333045 60900 1.6 18 11 6 11 23% 900873 359 12%
c s 97.46  0 17 25 13063  2 333045 60832 1.6 18 11 6 11 23% 899475 359 12%
c - 102.39  0 17 26 14045  1 344760 53069 1.5 18 11 6 11 23% 899475 359 12%
c p 102.43  0 17 26 14045  1 344760 53081 1.5 18 11 6 11 23% 899475 359 12%
c u 102.60  0 17 26 14045  1 344760 52980 1.5 18 11 6 11 23% 899475 359 12%
c 
c  seconds   reductions    conflicts         size   tier2        variables
c          MB      restarts       redundant     glue    trail        remaining
c           level        rate          size/glue  tier1   irredundant
c 
c v 102.68  0 17 26 14045  1 344760 52932 1.5 18 11 6 11 23% 899475 359 12%
c w 102.72  0 17 26 14045  1 344760 52923 1.5 18 11 6 11 23% 899475 359 12%
c x 102.82  0 17 26 14045  1 344760 52923 1.5 18 11 6 11 23% 899407 359 12%
c B 104.81  0 17 26 14567  1 351052 57138 1.5 18 11 6 11 23% 899407 359 12%
c - 111.24  0 16 27 15510  1 373442 59750 1.5 17 11 6 11 22% 899407 359 12%
c p 111.29  0 16 27 15510  1 373442 59762 1.5 17 11 6 11 22% 899407 359 12%
c u 112.65  0 16 27 15510  1 373442 59710 1.5 17 11 6 11 22% 899407 359 12%
c v 112.73  0 16 27 15510  1 373442 59700 1.5 17 11 6 11 22% 899407 359 12%
c w 112.76  0 16 27 15510  1 373442 59696 1.5 17 11 6 11 22% 899407 359 12%
c x 112.87  0 16 27 15510  1 373442 59696 1.5 17 11 6 11 22% 899393 359 12%
c W 115.94  0 16 27 15815  1 378053 62830 1.5 17 11 6 11 22% 899393 359 12%
c } 118.29  0 16 27 16554  1 385640 67809 1.5 17 11 6 11 22% 899393 359 12%
c [ 118.29  0 18 27 16554  1 385640 67809 1.4 19 14 8 14 25% 899393 359 12%
c - 121.65  0 17 28 16554  1 403293 65270 1.4 19 13 7 14 25% 899393 359 12%
c p 121.68  0 17 28 16554  1 403293 65281 1.4 19 13 7 14 25% 899393 359 12%
c u 121.82  0 17 28 16554  1 403293 65159 1.4 19 13 7 14 25% 899393 359 12%
c v 121.87  0 17 28 16554  1 403293 65142 1.4 19 13 7 14 25% 899393 359 12%
c w 121.90  0 17 28 16554  1 403293 65142 1.4 19 13 7 14 25% 899393 359 12%
c x 121.98  0 17 28 16554  1 403293 65142 1.4 19 13 7 14 25% 899358 359 12%
c B 122.67  0 17 28 16554  1 406054 66723 1.4 19 13 7 14 25% 899358 359 12%
c 
c  seconds   reductions    conflicts         size   tier2        variables
c          MB      restarts       redundant     glue    trail        remaining
c           level        rate          size/glue  tier1   irredundant
c 
c - 127.22  0 17 29 16569  1 434313 65496 1.4 19 13 7 14 24% 899358 359 12%
c p 127.25  0 17 29 16569  1 434313 65508 1.4 19 13 7 14 24% 899358 359 12%
c u 127.40  0 17 29 16569  1 434313 65442 1.4 19 13 7 14 24% 899358 359 12%
c v 127.45  0 17 29 16569  1 434313 65439 1.4 19 13 7 14 24% 899358 359 12%
c w 127.48  0 17 29 16569  1 434313 65437 1.4 19 13 7 14 24% 899358 359 12%
c x 127.54  0 17 29 16569  1 434313 65436 1.4 19 13 7 14 24% 899325 359 12%
c W 128.64  0 17 29 16569  1 435056 65806 1.4 19 13 7 14 24% 899325 359 12%
c O 134.30  0 16 29 16583  1 465057 81657 1.4 18 13 7 13 23% 899325 359 12%
c - 134.81  0 16 30 16584  1 466505 65308 1.4 18 13 7 13 23% 899325 359 12%
c p 134.84  0 16 30 16584  1 466505 65318 1.4 18 13 7 13 23% 899325 359 12%
c u 135.05  0 16 30 16584  1 466505 65263 1.4 18 13 7 13 23% 899325 359 12%
c v 135.12  0 16 30 16584  1 466505 65245 1.4 18 13 7 13 23% 899325 359 12%
c w 135.15  0 16 30 16584  1 466505 65237 1.4 18 13 7 13 23% 899325 359 12%
c x 135.21  0 16 30 16584  1 466505 65237 1.4 18 13 7 13 23% 899278 359 12%
c s 135.74  0 16 30 16584  1 468538 66390 1.4 18 13 7 13 23% 899061 359 12%
c s 135.97  0 16 30 16584  1 468538 66334 1.4 18 13 7 13 23% 898358 359 12%
c ] 136.58  0 16 30 16584  1 471404 68118 1.4 18 13 7 13 23% 898358 359 12%
c { 136.58  0 16 30 16584  1 471404 68118 1.5 17 11 6 11 22% 898358 359 12%
c # 144.46  0 15 30 18401  1 496059 83685 1.5 17 11 6 11 22% 898358 359 12%
c - 145.48  0 15 31 18511  1 499868 70968 1.5 17 11 6 11 22% 898358 359 12%
c 
c  seconds   reductions    conflicts         size   tier2        variables
c          MB      restarts       redundant     glue    trail        remaining
c           level        rate          size/glue  tier1   irredundant
c 
c p 145.53  0 15 31 18511  1 499868 70980 1.5 17 11 6 11 22% 898358 359 12%
c u 145.73  0 15 31 18511  1 499868 70863 1.5 17 11 6 11 22% 898358 359 12%
c v 145.78  0 15 31 18511  1 499868 70813 1.5 17 11 6 11 22% 898358 359 12%
c w 145.82  0 15 31 18511  1 499868 70801 1.5 17 11 6 11 22% 898358 359 12%
c x 145.91  0 15 31 18511  1 499868 70801 1.5 17 11 6 11 22% 898218 359 12%
c B 153.87  0 15 31 20019  1 528062 88772 1.5 17 11 6 11 22% 898218 359 12%
c - 156.05  0 15 32 20651  1 534397 66492 1.5 17 11 5 10 22% 898218 359 12%
c p 156.09  0 15 32 20651  1 534397 66504 1.5 17 11 5 10 22% 898218 359 12%
c u 156.28  0 15 32 20651  1 534397 66434 1.5 17 11 5 10 22% 898218 359 12%
c v 156.35  0 15 32 20651  1 534397 66406 1.5 17 11 5 10 22% 898218 359 12%
c w 156.38  0 15 32 20651  1 534397 66403 1.5 17 11 5 10 22% 898218 359 12%
c x 156.46  0 15 32 20651  1 534397 66402 1.5 17 11 5 10 22% 898175 359 12%
c W 166.53  0 15 32 22543  1 561064 83744 1.5 17 11 5 10 21% 898175 359 12%
c } 167.63  0 15 32 22745  1 565080 86245 1.5 17 11 5 10 21% 898175 359 12%
c [ 167.63  0 16 32 22745  1 565080 86245 1.4 18 13 7 13 23% 898175 359 12%
c - 168.48  0 16 33 22746  1 570096 68556 1.4 18 13 7 13 23% 898175 359 12%
c p 168.52  0 16 33 22746  1 570096 68567 1.4 18 13 7 13 23% 898175 359 12%
c u 168.72  0 16 33 22746  1 570096 68480 1.4 18 13 7 13 23% 898175 359 12%
c v 168.81  0 16 33 22746  1 570096 68462 1.4 18 13 7 13 23% 898175 359 12%
c w 168.85  0 16 33 22746  1 570096 68452 1.4 18 13 7 13 23% 898175 359 12%
c 
c  seconds   reductions    conflicts         size   tier2        variables
c          MB      restarts       redundant     glue    trail        remaining
c           level        rate          size/glue  tier1   irredundant
c 
c x 168.93  0 16 33 22746  1 570096 68452 1.4 18 13 7 13 23% 898122 359 12%
c B 173.25  0 15 33 22753  1 595065 83969 1.4 18 12 6 13 22% 898122 359 12%
c - 175.72  0 15 34 22760  1 606967 70309 1.4 18 12 6 13 22% 898122 359 12%
c p 175.75  0 15 34 22760  1 606967 70320 1.4 18 12 6 13 22% 898122 359 12%
c u 176.81  0 15 34 22760  1 606967 70238 1.4 18 12 6 13 22% 898122 359 12%
c v 176.88  0 15 34 22760  1 606967 70234 1.4 18 12 6 13 22% 898122 359 12%
c w 176.92  0 15 34 22760  1 606967 70231 1.4 18 12 6 13 22% 898122 359 12%
c x 177.01  0 15 34 22760  1 606967 70231 1.4 18 12 6 13 22% 898033 359 12%
c s 180.54  0 15 34 22767  1 626587 81022 1.4 17 12 6 13 21% 897387 359 12%
c s 180.77  0 15 34 22767  1 626587 80978 1.4 17 12 6 13 21% 896420 359 12%
c W 182.61  0 15 34 22768  1 630066 82900 1.4 17 12 6 13 21% 896420 359 12%
c - 184.92  0 15 35 22776  1 645015 70045 1.4 17 12 6 13 21% 896420 359 12%
c p 184.97  0 15 35 22776  1 645015 70057 1.4 17 12 6 13 21% 896420 359 12%
c u 185.17  0 15 35 22776  1 645015 70014 1.4 17 12 6 13 21% 896420 359 12%
c v 185.26  0 15 35 22776  1 645015 70012 1.4 17 12 6 13 21% 896420 359 12%
c w 185.30  0 15 35 22776  1 645015 70008 1.4 17 12 6 13 21% 896420 359 12%
c x 185.43  0 15 35 22776  1 645015 70007 1.4 17 12 6 13 21% 896393 359 12%
c t 185.44  0 15 35 22776  1 645015 70007 1.4 17 12 6 13 21% 896392 359 12%
c I 188.96  0 14 35 22777  1 666069 81325 1.4 17 12 6 12 21% 896392 359 12%
c ] 191.79  0 14 35 22778  1 680237 89335 1.4 17 12 6 12 21% 896392 359 12%
c 
c  seconds   reductions    conflicts         size   tier2        variables
c          MB      restarts       redundant     glue    trail        remaining
c           level        rate          size/glue  tier1   irredundant
c 
c { 191.79  0 15 35 22778  1 680237 89335 1.5 17 11 5 10 21% 896392 359 12%
c - 192.69  0 14 36 22812  1 684219 71747 1.5 17 11 5 10 21% 896392 359 12%
c p 192.74  0 14 36 22812  1 684219 71759 1.5 17 11 5 10 21% 896392 359 12%
c u 192.96  0 14 36 22812  1 684219 71720 1.5 17 11 5 10 21% 896392 359 12%
c v 193.06  0 14 36 22812  1 684219 71696 1.5 17 11 5 10 21% 896392 359 12%
c w 193.11  0 14 36 22812  1 684219 71693 1.5 17 11 5 10 21% 896392 359 12%
c x 193.26  0 14 36 22812  1 684219 71691 1.5 17 11 5 10 21% 896326 359 12%
c t 193.26  0 14 36 22812  1 684219 71691 1.5 17 11 5 10 21% 896314 359 12%
c F 197.87  0 14 36 23597  1 703071 83446 1.5 17 11 5 10 21% 896314 359 12%
c - 202.30  0 13 37 24406  1 724595 77165 1.5 16 11 5 10 21% 896314 359 12%
c p 202.34  0 13 37 24406  1 724595 77177 1.5 16 11 5 10 21% 896314 359 12%
c u 202.56  0 13 37 24406  1 724595 77143 1.5 16 11 5 10 21% 896314 359 12%
c v 202.65  0 13 37 24406  1 724595 77133 1.5 16 11 5 10 21% 896314 359 12%
c w 202.70  0 13 37 24406  1 724595 77132 1.5 16 11 5 10 21% 896314 359 12%
c x 202.83  0 13 37 24406  1 724595 77126 1.5 16 11 5 10 21% 896184 359 12%
c t 202.84  0 13 37 24406  1 724595 77126 1.5 16 11 5 10 21% 896176 359 12%
c B 207.63  0 13 37 25323  1 741073 86794 1.5 16 11 5 10 21% 896176 359 12%
c - 213.77  0 13 38 26387  1 766144 83489 1.5 16 10 5 10 21% 896176 359 12%
c p 213.82  0 13 38 26387  1 766144 83501 1.5 16 10 5 10 21% 896176 359 12%
c u 214.06  0 13 38 26387  1 766144 83404 1.5 16 10 5 10 21% 896176 359 12%
c 
c  seconds   reductions    conflicts         size   tier2        variables
c          MB      restarts       redundant     glue    trail        remaining
c           level        rate          size/glue  tier1   irredundant
c 
c v 214.16  0 13 38 26387  1 766144 83389 1.5 16 10 5 10 21% 896176 359 12%
c w 214.21  0 13 38 26387  1 766144 83387 1.5 16 10 5 10 21% 896176 359 12%
c x 214.37  0 13 38 26387  1 766144 83387 1.5 16 10 5 10 21% 896081 359 12%
c t 214.38  0 13 38 26387  1 766144 83387 1.5 16 10 5 10 21% 896062 359 12%
c W 219.52  0 13 38 26670  1 780076 90903 1.5 15 10 5 10 20% 896062 359 12%
c s 227.31  0 12 38 28063  1 807164 105798 1.5 15 10 4 9 20% 894451 359 12%
c s 227.57  0 12 38 28063  1 807164 105758 1.5 15 10 4 9 20% 892802 359 12%
c - 228.44  0 12 39 28322  1 808866 75029 1.5 15 10 4 9 20% 892802 359 12%
c p 228.49  0 12 39 28322  1 808866 75039 1.5 15 10 4 9 20% 892802 359 12%
c u 228.74  0 12 39 28322  1 808866 74866 1.5 15 10 4 9 20% 892802 359 12%
c v 228.87  0 12 39 28322  1 808866 74852 1.5 15 10 4 9 20% 892802 359 12%
c w 228.92  0 12 39 28322  1 808866 74841 1.5 15 10 4 9 20% 892802 359 12%
c x 229.09  0 12 39 28322  1 808866 74841 1.5 15 10 4 9 20% 892714 359 12%
c t 229.10  0 12 39 28322  1 808866 74841 1.5 15 10 4 9 20% 892706 359 12%
c } 229.92  0 12 39 28332  1 812391 76884 1.5 15 10 4 9 20% 892706 359 12%
c [ 229.92  0 14 39 28332  1 812391 76884 1.4 17 12 6 12 21% 892706 359 12%
c B 231.56  0 14 39 28332  1 820078 81342 1.4 17 12 6 12 21% 892706 359 12%
c i 237.53  0 13 39 28333  1 848035 95913 1.5 16 11 6 12 20% 892706 357 12%
c - 238.71  0 13 40 28333  1 852726 52783 1.5 16 11 6 12 20% 702164 357 12%
c p 238.75  0 13 40 28333  1 852726 52795 1.5 16 11 6 12 20% 702164 357 12%
c 
c  seconds   reductions    conflicts         size   tier2        variables
c          MB      restarts       redundant     glue    trail        remaining
c           level        rate          size/glue  tier1   irredundant
c 
c u 238.93  0 13 40 28333  1 852726 52564 1.5 16 11 6 12 20% 702164 357 12%
c v 239.03  0 13 40 28333  1 852726 52559 1.5 16 11 6 12 20% 702164 357 12%
c w 239.08  0 13 40 28333  1 852726 52558 1.5 16 11 6 12 20% 702164 357 12%
c x 239.23  0 13 40 28333  1 852726 52556 1.5 16 11 6 12 20% 702103 357 12%
c t 239.24  0 13 40 28333  1 852726 52554 1.5 16 11 6 12 20% 702098 357 12%
c W 242.27  0 13 40 28333  1 861080 56740 1.5 16 11 6 12 20% 702098 357 12%
c i 243.86  0 12 40 28333  1 869922 60942 1.5 15 11 6 12 20% 702098 355 12%
c i 244.01  0 12 40 28333  1 870359 61060 1.5 15 11 6 12 20% 702098 353 12%
c i 244.98  0 12 40 28333  1 875490 63571 1.5 15 10 6 12 20% 702098 352 12%
c i 245.37  0 12 40 28333  1 877747 64580 1.5 15 10 6 12 20% 702098 351 12%
c i 245.43  0 12 40 28333  1 878040 64682 1.5 15 10 6 12 20% 702098 350 12%
c i 245.52  0 12 40 28333  1 878600 64921 1.5 15 10 6 12 20% 702098 349 12%
c i 245.55  0 12 40 28333  1 878771 64951 1.5 15 10 6 12 20% 702098 345 12%
c i 245.56  0 12 40 28333  1 878839 64967 1.5 15 10 6 12 20% 702098 343 12%
c i 245.57  0 12 40 28333  1 878918 64976 1.5 15 10 6 12 20% 702098 341 12%
c i 245.57  0 12 40 28333  1 878932 64977 1.5 15 10 6 12 20% 702098 339 12%
c i 245.57  0 12 40 28333  1 878939 64979 1.5 15 10 6 12 20% 702098 335 11%
c ] 245.57  0 12 40 28333  1 878942 64979 1.5 15 10 6 12 20% 702098 325 11%
c 0 245.57  0 12 40 28333  1 878942 64979 1.5 15 10 6 12 20% 702098 325 11%
c 
c --- [ closing proof ] ------------------------------------------------------
c 
c LRAT proof file '/Users/ivanspogreev/earth-moon/population/f034-a4-cert/split-m13/c8/round-0/F.lrat' closed
c LRAT 1731872 added clauses 34.21%
c LRAT 3331277 deleted clauses 65.79%
c LRAT 289086289 bytes (275.69 MB)
c 
c --- [ result ] -------------------------------------------------------------
c 
s UNSATISFIABLE
c 
c --- [ run-time profiling ] -------------------------------------------------
c 
c process time taken by individual solving procedures
c (percentage relative to process time for solving)
c 
c       223.46   91.53% search
c       126.96   52.00% unstable
c        81.59   33.42% stable
c        20.69    8.47% simplify
c        14.78    6.05% walk
c        10.12    4.14% vivify
c         5.38    2.20% sweep
c         2.45    1.00% elim
c         1.42    0.58% parse
c         0.77    0.32% probe
c         0.74    0.30% subsume
c         0.24    0.10% ternary
c         0.23    0.10% congruence
c         0.13    0.05% lucky
c         0.00    0.00% backbone
c   =================================
c       244.15   99.42% solve
c 
c last line shows process time for solving
c (percentage relative to total process time)
c 
c --- [ statistics ] ---------------------------------------------------------
c 
c chronological:             85407         9.72 %  of conflicts
c conflicts:                878942      3600.03    per second
c backbone:                  74169      2518.47 %  of vars
c decisions:               1058948      4337.31    per second
c eliminated:                 1793        60.88 %  of all variables
c fixed:                       825        28.01 %  of all variables
c learned:                  857270        97.53 %  per conflict
c learned_lits:           20540675       100.00 %  learned literals
c minimized:                     0         0.00 %  learned literals
c shrunken:                4547443        22.14 %  learned literals
c minishrunken:            1454402         7.08 %  learned literals
c otfs:                      13097         1.49 %  of conflict
c propagations:           12328842         0.05 M  per second
c reduced:                  450374        51.24 %  per conflict
c rephased:                     41     21437.61    interval
c restarts:                  28333        31.02    interval
c stabilizing:                   9        50.48 %  of conflicts
c substituted:                   2         0.07 %  of all variables
c subsumed:                 325013        17.69 %  of all clauses
c strengthened:              44690         2.43 %  of all clauses
c ticks:               18846490713      1574.04    propagation
c vivified:                   8829         0.48 %  of all clauses
c walked:                       13     67610.92    interval
c weakened:                   4256         2.53    average size
c congruence:                    8    109867.75    interval
c 
c seconds are measured in process time for solving
c 
c --- [ glue usage ] ---------------------------------------------------------
c 
c focused glue 4 used 149099 clauses 9.552% accumulated 50.91% tier1
c focused glue 5 used 124989 clauses 8.007% accumulated 58.92%
c focused glue 6-7 used 190267 clauses 12.18% accumulated 71.11%
c focused glue 8 used 80821 clauses 5.177% accumulated 76.29%
c focused glue 9 used 77440 clauses 4.961% accumulated 81.25% tier2
c 
c stable glue 5 used 133937 clauses 7.053% accumulated 50.99% tier1
c stable glue 6 used 115652 clauses 6.090% accumulated 57.08%
c stable glue 7-10 used 402715 clauses 21.20% accumulated 78.29%
c stable glue 11 used 86430 clauses 4.551% accumulated 82.84%
c stable glue 12 used 76594 clauses 4.033% accumulated 86.88% tier2
c 
c 
c --- [ resources ] ----------------------------------------------------------
c 
c total process time since initialization:       245.57    seconds
c total real time since initialization:          247.79    seconds
c maximum resident set size of process:          834.34    MB
c 
c --- [ shutting down ] ------------------------------------------------------
c 
c exit 20

[rc=20 247.8s]
$ /Users/ivanspogreev/earth-moon/verifier/../tools/drat-trim/lrat-check /Users/ivanspogreev/earth-moon/population/f034-a4-cert/split-m13/c8/round-0/F.cnf /Users/ivanspogreev/earth-moon/population/f034-a4-cert/split-m13/c8/round-0/F.lrat
c parsed a formula with 2945 variables and 2367317 clauses
c VERIFIED
c allocated 1024 53930436 66262
c Added clauses = 4099189.  Deleted clauses = 3331277.  Max live clauses = 2367317
c verification time = 5.74 secs

[rc=0 5.8s]
