# fractional census of 166 whole graphs in data/graphs of github.com/Volkopat/earth-moon-biplanar @ 5cb2ca9 (2 are the layer files of one graph, so 164 graphs); rerun 2026-10-05
# chi_f (certified lower = upper unless shown) | file | n e alpha omega | biplanarity
 9.5000       19/2  CAND_P.edges                                  n=19  e=99   alpha=2 omega=8  unverified
 9.5000       19/2  apex_C5_34343.edges                           n=18  e=95   alpha=2 omega=8  unverified
 9.0000          9  CAND_A_apex_Hajos2.edges                      n=22  e=120  alpha=4 omega=8  unverified
 8.5000       17/2  C5_34343.edges                                n=17  e=78   alpha=2 omega=7  unverified
 8.5000       17/2  Sulanke_K6C5.edges                            n=11  e=50   alpha=2 omega=8  unverified
 8.5000       17/2  pool/11_13v_61e.edges                         n=13  e=61   alpha=2 omega=8  layers-verified
 8.5000       17/2  pool/15_12v_56e.edges                         n=12  e=56   alpha=2 omega=8  unverified
 8.5000       17/2  pool/15_12v_56e_sulankeext.edges              n=12  e=56   alpha=3 omega=8  unverified
 8.5000       17/2  pool/15_12v_57e.edges                         n=12  e=57   alpha=2 omega=8  unverified
 8.5000       17/2  pool/17_bgs12_56_1_12v_56e_p7c0.edges         n=12  e=56   alpha=2 omega=8  unverified
 8.5000       17/2  pool/17_bgs13_61_1_13v_61e_p7c2.edges         n=13  e=61   alpha=2 omega=8  unverified
 8.5000       17/2  pool/17_bgs13_61_2_13v_61e_p7c3.edges         n=13  e=61   alpha=2 omega=8  unverified
 8.5000       17/2  pool/17_bgs13_62_1_13v_62e_p8c0.edges         n=13  e=62   alpha=2 omega=8  unverified
 8.5000       17/2  pool/17_bgs13_63_3_13v_63e_p8c1.edges         n=13  e=63   alpha=2 omega=8  unverified
 8.5000       17/2  pool/17_bgs13_64_4_13v_64e_p9c2.edges         n=13  e=64   alpha=2 omega=8  unverified
 8.5000       17/2  pool/17_bgs14_65_1_14v_65e_p9c4.edges         n=14  e=65   alpha=2 omega=8  unverified
 8.5000       17/2  pool/17_bgs14_66_1_14v_66e_p9c1.edges         n=14  e=66   alpha=2 omega=8  unverified
 8.5000       17/2  pool/17_bgs14_67_1_14v_67e_p9c3.edges         n=14  e=67   alpha=2 omega=8  unverified
 8.5000       17/2  pool/17_bgs14_68_1_14v_68e_p9c5.edges         n=14  e=68   alpha=2 omega=8  unverified
 8.5000       17/2  pool/17_bgs14_72_2_14v_72e_p12c0.edges        n=14  e=72   alpha=2 omega=7  unverified
 8.5000       17/2  pool/19_12v_57e.edges                         n=12  e=57   alpha=3 omega=8  unverified
 8.5000       17/2  pool/19_12v_57e_1.edges                       n=12  e=57   alpha=3 omega=8  unverified
 8.5000       17/2  pool/19_12v_57e_w1.edges                      n=12  e=57   alpha=2 omega=8  unverified
 8.5000       17/2  pool/19_12v_57e_w2.edges                      n=13  e=57   alpha=3 omega=8  unverified
 8.5000       17/2  pool/19_13v_62e_1.edges                       n=13  e=62   alpha=2 omega=8  unverified
 8.5000       17/2  pool/19_13v_64e_1.edges                       n=13  e=64   alpha=4 omega=8  unverified
 8.5000       17/2  pool/19_13v_64e_2.edges                       n=13  e=64   alpha=3 omega=8  unverified
 8.5000       17/2  pool/19_13v_64e_3.edges                       n=13  e=64   alpha=3 omega=8  unverified
 8.5000       17/2  pool/19_13v_64e_4.edges                       n=13  e=64   alpha=3 omega=8  unverified
 8.5000       17/2  pool/19_13v_64e_w1.edges                      n=13  e=64   alpha=3 omega=8  unverified
 8.5000       17/2  pool/19_13v_64e_w10.edges                     n=13  e=64   alpha=2 omega=8  unverified
 8.5000       17/2  pool/19_13v_64e_w2.edges                      n=13  e=64   alpha=3 omega=8  unverified
 8.5000       17/2  pool/19_13v_64e_w3.edges                      n=13  e=64   alpha=3 omega=8  unverified
 8.5000       17/2  pool/19_13v_64e_w4.edges                      n=13  e=64   alpha=3 omega=8  unverified
 8.5000       17/2  pool/19_13v_64e_w5.edges                      n=13  e=64   alpha=3 omega=8  unverified
 8.5000       17/2  pool/19_13v_64e_w6.edges                      n=13  e=64   alpha=3 omega=8  unverified
 8.5000       17/2  pool/19_13v_64e_w7.edges                      n=13  e=64   alpha=3 omega=8  unverified
 8.5000       17/2  pool/19_13v_64e_w8.edges                      n=13  e=64   alpha=3 omega=8  unverified
 8.5000       17/2  pool/19_14v_70e_w2.edges                      n=14  e=70   alpha=3 omega=8  unverified
 8.5000       17/2  pool/19_14v_70e_w3.edges                      n=14  e=70   alpha=3 omega=8  unverified
 8.5000       17/2  pool/19_14v_70e_w5.edges                      n=14  e=70   alpha=3 omega=8  unverified
 8.5000       17/2  pool/19_14v_71e_1.edges                       n=14  e=71   alpha=3 omega=8  unverified
 8.5000       17/2  pool/19_14v_71e_2.edges                       n=14  e=71   alpha=4 omega=8  unverified
 8.5000       17/2  pool/19_14v_71e_w1.edges                      n=14  e=71   alpha=3 omega=8  unverified
 8.5000       17/2  pool/19_14v_71e_w2.edges                      n=14  e=71   alpha=3 omega=8  unverified
 8.5000       17/2  pool/19_14v_71e_w3.edges                      n=14  e=71   alpha=3 omega=8  unverified
 8.5000       17/2  pool/19_14v_71e_w4.edges                      n=14  e=71   alpha=3 omega=8  unverified
 8.5000       17/2  pool/19_14v_71e_w5.edges                      n=14  e=71   alpha=3 omega=8  unverified
 8.5000       17/2  pool/19_14v_71e_w6.edges                      n=14  e=71   alpha=3 omega=8  unverified
 8.5000       17/2  pool/19_14v_71e_w7.edges                      n=14  e=71   alpha=3 omega=8  unverified
 8.5000       17/2  pool/19_14v_71e_w8.edges                      n=14  e=71   alpha=3 omega=8  unverified
 8.5000       17/2  pool/19_core_13v_58e_w7.edges                 n=12  e=58   alpha=2 omega=8  unverified
 8.5000       17/2  pool/19_core_13v_64e_w10.edges                n=13  e=64   alpha=2 omega=8  unverified
 8.5000       17/2  pool/19_core_19_13v_62e_1.edges               n=13  e=62   alpha=2 omega=8  unverified
 8.5000       17/2  pool/19_core_19_14v_71e_1.edges               n=12  e=57   alpha=2 omega=8  unverified
 8.5000       17/2  pool/22_13v_62e.edges                         n=13  e=62   alpha=3 omega=8  unverified
 8.5000       17/2  pool/22_13v_63e.edges                         n=13  e=63   alpha=3 omega=8  layers-verified
 8.5000       17/2  pool/22_13v_64e.edges                         n=13  e=64   alpha=4 omega=8  LAYERS-FAIL
 8.5000       17/2  pool/27_13v_62e.edges                         n=13  e=62   alpha=3 omega=8  layers-verified
 8.5000       17/2  pool/27_13v_63e.edges                         n=13  e=63   alpha=3 omega=8  layers-verified
 8.5000       17/2  pool/27_13v_63e_2.edges                       n=13  e=63   alpha=3 omega=8  layers-verified
 8.5000       17/2  pool/27_13v_63e_3.edges                       n=13  e=63   alpha=3 omega=8  layers-verified
 8.5000       17/2  pool/27_13v_64e.edges                         n=13  e=64   alpha=2 omega=8  layers-verified
 8.5000       17/2  pool/27_13v_core_11v_50e_seed6022.edges       n=11  e=50   alpha=2 omega=8  unverified
 8.5000       17/2  pool/28_13v_60e.edges                         n=13  e=60   alpha=3 omega=8  layers-verified
 8.5000       17/2  pool/28_13v_61e.edges                         n=13  e=61   alpha=2 omega=8  layers-verified
 8.5000       17/2  pool/28_13v_62e.edges                         n=13  e=62   alpha=3 omega=8  layers-verified
 8.5000       17/2  pool/2_11v_50e.edges                          n=11  e=50   alpha=2 omega=8  unverified
 8.5000       17/2  pool/3_13v_62e.edges                          n=13  e=62   alpha=3 omega=8  layers-verified
 8.5000       17/2  pool/3_13v_62e_b1.edges                       n=13  e=62   alpha=3 omega=8  layers-verified
 8.5000       17/2  pool/3_13v_62e_b2.edges                       n=13  e=62   alpha=3 omega=8  layers-verified
 8.5000       17/2  pool/3_13v_62e_b3.edges                       n=13  e=62   alpha=3 omega=8  layers-verified
 8.5000       17/2  pool/3_14v_68e.edges                          n=14  e=68   alpha=3 omega=8  layers-verified
 8.5000       17/2  pool/3_14v_68e_b2.edges                       n=14  e=68   alpha=3 omega=8  layers-verified
 8.5000       17/2  pool/43_20v_105e.edges                        n=20  e=105  alpha=5 omega=8  layers-verified
 8.5000       17/2  pool/43_20v_108e_w7.edges                     n=20  e=108  alpha=4 omega=7  layers-verified
 8.5000       17/2  pool/46_18v_95e.edges                         n=18  e=95   alpha=4 omega=8  layers-verified
 8.5000       17/2  pool/47_20v_108e.edges                        n=20  e=108  alpha=4 omega=7  layers-verified
 8.5000       17/2  pool/49_12v_53e_subdivface.edges              n=12  e=53   alpha=3 omega=8  unverified
 8.5000       17/2  pool/51_20v_108e.edges                        n=20  e=108  alpha=4 omega=7  layers-verified
 8.5000       17/2  pool/5_11v_50e_sulanke_tri_union.edges        n=11  e=50   alpha=2 omega=8  layers-verified
 8.5000  [17/2, 3571/420]  pool/79_amalgam_29v_148e.edges                n=29  e=148  alpha=6 omega=8  unverified
 8.5000       17/2  pool/8_11v_50e.edges                          n=11  e=50   alpha=2 omega=8  unverified
 8.3333       25/3  pool/10_12v_57e.edges                         n=12  e=57   alpha=3 omega=8  layers-verified
 8.3333       25/3  pool/17_bgs12_57_1_12v_57e_p7c1.edges         n=12  e=57   alpha=3 omega=8  unverified
 8.3333       25/3  pool/17_bgs13_63_1_13v_63e_p8c2.edges         n=13  e=63   alpha=3 omega=8  unverified
 8.3333       25/3  pool/17_bgs13_63_2_13v_63e_p8c4.edges         n=13  e=63   alpha=3 omega=8  unverified
 8.3333       25/3  pool/17_bgs13_64_1_13v_64e_p8c3.edges         n=13  e=64   alpha=3 omega=8  unverified
 8.3333       25/3  pool/17_bgs13_64_3_13v_64e_p9c0.edges         n=13  e=64   alpha=3 omega=8  unverified
 8.3333       25/3  pool/17_bgs14_68_1_14v_68e_p10c0.edges        n=14  e=68   alpha=3 omega=8  unverified
 8.3333       25/3  pool/17_bgs14_69_1_14v_69e_p10c4.edges        n=14  e=69   alpha=3 omega=8  unverified
 8.3333       25/3  pool/17_bgs14_70_1_14v_70e_p10c1.edges        n=14  e=70   alpha=3 omega=8  unverified
 8.3333       25/3  pool/19_13v_63e_w1.edges                      n=13  e=63   alpha=3 omega=8  unverified
 8.3333       25/3  pool/19_13v_64e_w9.edges                      n=13  e=64   alpha=3 omega=8  unverified
 8.3333       25/3  pool/19_14v_69e_w1.edges                      n=14  e=69   alpha=3 omega=8  unverified
 8.3333       25/3  pool/19_14v_70e_1.edges                       n=14  e=70   alpha=4 omega=8  unverified
 8.3333       25/3  pool/19_14v_70e_2.edges                       n=14  e=70   alpha=3 omega=8  unverified
 8.3333       25/3  pool/19_14v_70e_w1.edges                      n=14  e=70   alpha=3 omega=8  unverified
 8.3333       25/3  pool/19_14v_70e_w4.edges                      n=14  e=70   alpha=3 omega=8  unverified
 8.3333       25/3  pool/19_core_13v_63e_w1.edges                 n=13  e=63   alpha=3 omega=8  unverified
 8.3333       25/3  pool/19_core_14v_69e_w1.edges                 n=14  e=69   alpha=3 omega=8  unverified
 8.3333       25/3  pool/19_core_19_14v_70e_1.edges               n=13  e=63   alpha=3 omega=8  unverified
 8.3333       25/3  pool/19_core_19_14v_70e_2.edges               n=14  e=70   alpha=3 omega=8  unverified
 8.2500       33/4  pool/17_Hajos_13621_13633_25v_124e.edges      n=25  e=124  alpha=4 omega=8  unverified
 8.2500       33/4  pool/17_bgs13_64_2_13v_64e_p8c5.edges         n=13  e=64   alpha=3 omega=8  unverified
 8.2500       33/4  pool/17_bgs14_69_2_14v_69e_p10c2.edges        n=14  e=69   alpha=3 omega=8  unverified
 8.2500       33/4  pool/17_bgs14_70_2_14v_70e_p10c3.edges        n=14  e=70   alpha=3 omega=8  unverified
 8.2500       33/4  pool/17_bgs14_70_3_14v_70e_p10c5.edges        n=14  e=70   alpha=3 omega=8  unverified
 8.2500       33/4  pool/17_bgs14_71_1_14v_71e_p11c0.edges        n=14  e=71   alpha=3 omega=8  unverified
 8.2500       33/4  pool/17_bgs14_71_2_14v_71e_p11c2.edges        n=14  e=71   alpha=4 omega=8  unverified
 8.2500       33/4  pool/17_bgs14_71_4_14v_71e_p11c1.edges        n=14  e=71   alpha=3 omega=8  unverified
 8.2500       33/4  pool/17_bgs14_71_5_14v_71e_p11c3.edges        n=14  e=71   alpha=3 omega=8  unverified
 8.2500       33/4  pool/18_22v_105e.edges                        n=22  e=105  alpha=4 omega=8  layers-verified
 8.2500       33/4  pool/18_23v_111e.edges                        n=23  e=111  alpha=4 omega=8  layers-verified
 8.2500       33/4  pool/19_16v_82e_w1.edges                      n=16  e=82   alpha=4 omega=8  unverified
 8.2500       33/4  pool/19_16v_83e_1.edges                       n=16  e=83   alpha=4 omega=8  unverified
 8.2500       33/4  pool/19_core_16v_82e_w1.edges                 n=16  e=82   alpha=4 omega=8  unverified
 8.2500       33/4  pool/19_core_19_16v_83e_1.edges               n=16  e=83   alpha=4 omega=8  unverified
 8.2500       33/4  pool/25_23v_110e.edges                        n=23  e=110  alpha=4 omega=8  layers-verified
 8.2500       33/4  pool/77_21v_99e_c5.edges                      n=21  e=99   alpha=4 omega=8  layers-verified
 8.2500       33/4  pool/77_21v_99e_c6.edges                      n=21  e=99   alpha=4 omega=8  layers-verified
 8.2500       33/4  pool/77_21v_99e_c7.edges                      n=21  e=99   alpha=4 omega=8  layers-verified
 8.2500       33/4  pool/77_21v_99e_c8.edges                      n=21  e=99   alpha=4 omega=8  layers-verified
 8.2500       33/4  pool/77_21v_99e_c9.edges                      n=21  e=99   alpha=4 omega=8  layers-verified
 8.2000       41/5  pool/16_22v_106e.edges                        n=22  e=106  alpha=5 omega=8  layers-verified
 8.2000       41/5  pool/17_bgs14_71_3_14v_71e_reconstructed.edges n=14  e=71   alpha=3 omega=8  unverified
 8.2000       41/5  pool/17_bgs15_77_1_15v_77e_p12c2.edges        n=15  e=77   alpha=5 omega=8  unverified
 8.2000       41/5  pool/17_bgs15_78_1_15v_78e_p12c1.edges        n=15  e=78   alpha=5 omega=8  unverified
 8.2000       41/5  pool/17_bgs16_84_1_16v_84e_p13c0.edges        n=16  e=84   alpha=4 omega=8  unverified
 8.2000       41/5  pool/17_bgs16_84_3_16v_84e_p13c4.edges        n=16  e=84   alpha=4 omega=8  unverified
 8.2000       41/5  pool/19_14v_70e_3.edges                       n=14  e=70   alpha=3 omega=8  unverified
 8.2000       41/5  pool/19_15v_78e_1.edges                       n=15  e=78   alpha=4 omega=8  unverified
 8.2000       41/5  pool/19_15v_78e_2.edges                       n=15  e=78   alpha=4 omega=8  unverified
 8.2000       41/5  pool/19_core_19_14v_70e_3.edges               n=14  e=70   alpha=3 omega=8  unverified
 8.2000       41/5  pool/19_core_19_15v_78e_1.edges               n=15  e=78   alpha=4 omega=8  unverified
 8.2000       41/5  pool/19_core_19_15v_78e_2.edges               n=15  e=78   alpha=4 omega=8  unverified
 8.2000       41/5  pool/39_20v_108e.edges                        n=20  e=108  alpha=6 omega=8  unverified
 8.1667       49/6  pool/17_Hajos_13611_12561_24v_116e.edges      n=24  e=116  alpha=4 omega=8  unverified
 8.1667       49/6  pool/17_bgs14_72_1_14v_72e_p11c5.edges        n=14  e=72   alpha=3 omega=8  unverified
 8.1667       49/6  pool/17_bgs15_78_2_15v_78e_p12c3.edges        n=15  e=78   alpha=5 omega=8  unverified
 8.1667       49/6  pool/17_bgs16_83_1_16v_83e_p12c5.edges        n=16  e=83   alpha=4 omega=8  unverified
 8.1667       49/6  pool/17_bgs16_84_4_16v_84e_p13c1.edges        n=16  e=84   alpha=4 omega=8  unverified
 8.1667       49/6  pool/17_bgs16_84_5_16v_84e_p13c3.edges        n=16  e=84   alpha=4 omega=8  unverified
 8.1667       49/6  pool/17_bgs16_84_6_16v_84e_p13c5.edges        n=16  e=84   alpha=4 omega=8  unverified
 8.1667       49/6  pool/19_15v_77e_w1.edges                      n=15  e=77   alpha=4 omega=8  unverified
 8.1667       49/6  pool/19_core_15v_77e_w1.edges                 n=15  e=77   alpha=4 omega=8  unverified
 8.1667       49/6  pool/27_Hajos_bgs13611_sulanke_23v.edges      n=23  e=110  alpha=4 omega=8  unverified
 8.1667       49/6  pool/77_21v_99e_c3.edges                      n=21  e=99   alpha=4 omega=8  layers-verified
 8.1667       49/6  pool/77_21v_99e_c4.edges                      n=21  e=99   alpha=4 omega=8  layers-verified
 8.1667  [49/6, 3431/420]  pool/79_doubleHajos_single_31v_148e.edges     n=31  e=148  alpha=6 omega=8  unverified
 8.1429       57/7  pool/17_bgs15_77_2_15v_77e_p12c4.edges        n=15  e=77   alpha=5 omega=8  unverified
 8.1429       57/7  pool/18_23v_112e.edges                        n=23  e=112  alpha=5 omega=8  layers-verified
 8.1429       57/7  pool/19_16v_84e_w1.edges                      n=16  e=84   alpha=4 omega=8  unverified
 8.1429       57/7  pool/19_core_16v_84e_w1.edges                 n=16  e=84   alpha=4 omega=8  unverified
 8.1429       57/7  pool/25_24v_117e.edges                        n=24  e=117  alpha=5 omega=8  layers-verified
 8.1250       65/8  pool/17_bgs16_84_2_16v_84e_p13c2.edges        n=16  e=84   alpha=5 omega=8  unverified
 8.1000      81/10  pool/25_25v_127e.edges                        n=25  e=127  alpha=6 omega=8  layers-verified
 8.0000          8  pool/18_23v_113e.edges                        n=23  e=113  alpha=6 omega=8  layers-verified
 8.0000          8  pool/44_21v_99e.edges                         n=21  e=99   alpha=4 omega=7  layers-verified
 8.0000          8  pool/44_22v_107e.edges                        n=22  e=107  alpha=4 omega=7  layers-verified
 8.0000          8  pool/52_22v_105e.edges                        n=22  e=105  alpha=4 omega=7  unverified
 8.0000          8  pool/79_dh_7_8_31v_148e.edges                 n=31  e=148  alpha=6 omega=8  unverified
 7.9167      95/12  pool/17_Hajos_12561_12571_23v_112e.edges      n=23  e=112  alpha=5 omega=7  unverified
 7.9167      95/12  pool/52_22v_106e.edges                        n=22  e=106  alpha=5 omega=7  unverified
 4.0000          4  pool/5_11v_50e_sulanke_tri_union_layer_T1.edges n=11  e=27   alpha=4 omega=4  unverified
 4.0000          4  pool/5_11v_50e_sulanke_tri_union_layer_T2.edges n=11  e=27   alpha=4 omega=4  unverified
