m=3: 0 circulant classes  [0s]
m=4: 1 circulant classes  [0s]
m=5: 1 circulant classes  [0s]
m=6: 4 circulant classes  [0s]
m=7: 2 circulant classes  [0s]
m=8: 7 circulant classes  [0s]
m=9: 5 circulant classes  [0s]
m=10: 15 circulant classes  [0s]
m=11: 6 circulant classes  [0s]
m=12: 37 circulant classes  [0s]
m=13: 12 circulant classes  [0s]
m=14: 42 circulant classes  [0s]
m=15: 39 circulant classes  [0s]
m=16: 75 circulant classes  [0s]
m=17: 34 circulant classes  [0s]
m=18: 148 circulant classes  [0s]
m=19: 43 circulant classes  [0s]
m=20: 224 circulant classes  [0s]
m=21: 118 circulant classes  [0s]
m=22: 251 circulant classes  [0s]
m=23: 93 circulant classes  [0s]
m=24: 616 circulant classes  [0s]
m=25: 161 circulant classes  [0s]
m=26: 526 circulant classes  [0s]
m=27: 270 circulant classes  [0s]
m=28: 868 circulant classes  [0s]
m=29: 250 circulant classes  [0s]
m=30: 1832 circulant classes  [0s]
m=31: 331 circulant classes  [1s]
m=32: 1286 circulant classes  [1s]
m=33: 717 circulant classes  [1s]
m=34: 1703 circulant classes  [1s]
m=35: 812 circulant classes  [1s]
m=36: 3338 circulant classes  [2s]
m=37: 704 circulant classes  [2s]
m=38: 2763 circulant classes  [2s]
m=39: 1434 circulant classes  [3s]
m=40: 4466 circulant classes  [3s]
m=41: 1089 circulant classes  [4s]
m=42: 7394 circulant classes  [5s]
m=43: 1329 circulant classes  [6s]
m=44: 5786 circulant classes  [7s]
m=45: 3019 circulant classes  [7s]
m=46: 6351 circulant classes  [9s]
m=47: 1937 circulant classes  [11s]
m=48: 11654 circulant classes  [12s]
m=49: 2641 circulant classes  [14s]
m=50: 10945 circulant classes  [17s]
m=51: 4357 circulant classes  [18s]
m=52: 11696 circulant classes  [21s]
m=53: 3222 circulant classes  [25s]
m=54: 18376 circulant classes  [28s]
m=55: 5138 circulant classes  [32s]
m=56: 17436 circulant classes  [36s]
m=57: 6907 circulant classes  [40s]
m=58: 17256 circulant classes  [47s]
m=59: 5055 circulant classes  [54s]
m=60: 38330 circulant classes  [60s]
m=61: 5820 circulant classes  [69s]
m=62: 22933 circulant classes  [79s]
m=63: 11561 circulant classes  [86s]
m=64: 25818 circulant classes  [99s]
m=65: 10217 circulant classes  [108s]
m=66: 48627 circulant classes  [119s]
m=67: 8615 circulant classes  [135s]
m=68: 35898 circulant classes  [152s]
m=69: 15216 circulant classes  [164s]
m=70: 55032 circulant classes  [181s]
m=71: 10977 circulant classes  [203s]
m=72: 64704 circulant classes  [223s]
m=73: 12331 circulant classes  [248s]
m=74: 48618 circulant classes  [278s]
m=75: 25751 circulant classes  [296s]
m=76: 57006 circulant classes  [330s]
m=77: 19594 circulant classes  [358s]
m=78: 97250 circulant classes  [389s]
m=79: 17127 circulant classes  [431s]
m=80: 83786 circulant classes  [473s]
# family A: K_s v C_m(D), 0 <= s <= 8, 3 <= m <= 80: 880033 circulant classes, 7920297 (s, H) pairs
# killed: omega>8 2652030, e>6n-12 4203284, chi_f<9 1064978; window: 1 with chi_f>9, 4 with chi_f=9
MEMBER	TARGET	s=0	m=28	S=1,6,7,8,13,14	d=11	n=28	e=154	slack=2	alpha(H)=3	omega(G)=8	chi_f=28/3
MEMBER	BOUNDARY	s=5	m=8	S=1,2	d=4	n=13	e=66	slack=0	alpha(H)=2	omega(G)=8	chi_f=9
MEMBER	BOUNDARY	s=4	m=10	S=1,4,5	d=5	n=14	e=71	slack=1	alpha(H)=2	omega(G)=8	chi_f=9
MEMBER	BOUNDARY	s=1	m=16	S=1,2,6,7,8	d=9	n=17	e=88	slack=2	alpha(H)=2	omega(G)=7	chi_f=9
MEMBER	BOUNDARY	s=0	m=36	S=1,8,9,10,17,18	d=11	n=36	e=198	slack=6	alpha(H)=4	omega(G)=8	chi_f=9
# DONE 473s
