⚠ [7/16] Replayed Biplanar.Basic
warning: Biplanar/Basic.lean:204:12: unused variable `G`

Note: This linter can be disabled with `set_option linter.unusedVariables false`
✔ [13/16] Built Biplanar.Instances.A4M12C.W16 (748ms)
✔ [14/16] Built Biplanar.Instances.A4M12C.W15 (812ms)
✔ [15/16] Built Biplanar.Instances.A4M12C.Leaf16 (879ms)
✔ [16/16] Built Biplanar.Instances.A4M12C.Leaf15 (905ms)
Build completed successfully (16 jobs).
	Command being timed: "lake build Biplanar.Instances.A4M12C.Leaf15 Biplanar.Instances.A4M12C.Leaf16"
	User time (seconds): 2.14
	System time (seconds): 1.27
	Percent of CPU this job got: 185%
	Elapsed (wall clock) time (h:mm:ss or m:ss): 0:01.84
	Average shared text size (kbytes): 0
	Average unshared data size (kbytes): 0
	Average stack size (kbytes): 0
	Average total size (kbytes): 0
	Maximum resident set size (kbytes): 1529532
	Average resident set size (kbytes): 0
	Major (requiring I/O) page faults: 0
	Minor (reclaiming a frame) page faults: 148915
	Voluntary context switches: 830
	Involuntary context switches: 135
	Swaps: 0
	File system inputs: 0
	File system outputs: 1456
	Socket messages sent: 0
	Socket messages received: 0
	Signals delivered: 0
	Page size (bytes): 4096
	Exit status: 0
