c --- [ banner ] -------------------------------------------------------------
c 
c CaDiCaL SAT Solver
c Copyright (c) 2016-2026
c A. Biere, M. Fleury, N. Froleyks, K. Fazekas, F. Pollitt, T. Faller
c JKU Linz, University of Freiburg, TU Wien
c 
c Version 3.0.1 c60730422e758ef1cebe7aeddf2dda31c996bf04
c g++ (Ubuntu 13.3.0-6ubuntu2~24.04.1) 13.3.0 -Wall -Wextra -O3 -DNDEBUG
c Fri Oct 2 18:00:09 UTC 2026 Linux ai-math 6.8.0-139-generic x86_64
c 
c --- [ proof tracing ] ------------------------------------------------------
c 
c opening file to write '/root/earth-moon/lean/data/a4_m12c/leaf1.lrat'
c writing non-binary proof trace to '/root/earth-moon/lean/data/a4_m12c/leaf1.lrat'
c 
c --- [ parsing input ] ------------------------------------------------------
c 
c reading DIMACS file from '/root/earth-moon/lean/data/a4_m12c/leaf1.cnf'
c opening file to read '/root/earth-moon/lean/data/a4_m12c/leaf1.cnf'
c found 'p cnf 2945 426479' header
c parsed 426479 clauses in 0.34 seconds process time
c 
c --- [ options ] ------------------------------------------------------------
c 
c   --binary=false                 (different from default 'true')
c   --lrat=true                    (different from default 'false')
c 
c --- [ solving ] ------------------------------------------------------------
c 
c time measured in process time since initialization
c 
c  seconds  reduction conflicts       size tier2       variables
c         MB    restarts   redundant    glue  trail         remaining
c          level     rate       size/glu tier1  irredundant
c 
c *  0.34 58  0 0   0  0    0    0 0.0 0 0 2 6  0% 426336 2904 99%
c )  0.45 85  0 0   0  0    0    0 0.0 0 0 2 6  0% 426336 2904 99%
c {  0.46 86  0 0   0  0    0    0 0.0 0 0 2 6  0% 426336 2904 99%
c i  0.51 87 1603 0   0 57  110   64 1.6 18 11 2 6 61% 426294 2895 98%
c -  0.62 89 1528 1   0 22  303  120 2.1 22 11 2 6 60% 426270 2895 98%
c i  0.62 91 1513 1   0 22  306  121 2.1 22 11 2 6 60% 426269 2894 98%
c i  0.62 91 1508 1   0 21  307  121 2.1 22 11 2 6 60% 426269 2891 98%
c i  0.76 95 683 1   2 11  700  379 2.0 17 9 2 6 36% 426202 2874 98%
c i  0.78 95 652 1   9 10  735  395 2.0 17 9 2 6 35% 426190 2873 98%
c i  0.78 95 652 1   9 10  736  395 2.0 17 8 2 6 35% 426190 2871 97%
c i  0.78 95 650 1   9 10  738  395 2.0 17 8 2 6 35% 426190 2869 97%
c i  0.96 96 501 1  49 10  982  526 1.9 17 9 2 6 29% 426104 2860 97%
c i  0.97 96 500 1  50 10  984  526 1.9 17 9 2 6 29% 426103 2826 96%
c }  1.00 97 492 1  53 10 1002  533 1.9 17 9 2 6 29% 426094 2826 96%
c [  1.00 97  0 1  53  0 1002  533 0.0 0 0 2 6  0% 426094 2826 96%
c O  1.00 97 12 1  53 13 1003  534 2.2 9 4 2 6 22% 426094 2826 96%
c -  1.16 128 20 2  53  4 1011  246 2.8 18 7 2 6 34% 425962 2826 96%
c ]  1.50 128 24 2  54  1 2135 1192 1.8 24 13 2 6 31% 425916 2826 96%
c {  1.50 128 492 2  54 10 2135 1192 1.9 17 9 2 6 29% 425916 2826 96%
c i  1.53 128 485 2  59 10 2149 1202 1.9 17 9 2 6 29% 425916 2818 96%
c 
c  seconds    reduction conflicts       size  tier2       variables
c          MB     restarts   redundant     glue  trail         remaining
c            level     rate       size/glue tier1  irredundant
c 
c i  1.53 128 484 2  59 10 2150 1202 1.9 17 9 2 6 29% 425916 2817 96%
c i  1.55 128 476 2  64 10 2170 1217 1.8 17 9 2 6 29% 425914 2816 96%
c i  1.65 128 424 2  98  9 2303 1299 1.8 17 10 2 6 27% 425883 2815 96%
c -  1.72 128 424 3  98  9 2304  490 1.7 17 10 2 6 27% 425868 2815 96%
c i  1.85 128 378 3 136  9 2454  593 1.6 18 11 2 6 25% 425842 2814 96%
c i  1.86 128 376 3 137  9 2462  595 1.6 18 11 2 6 25% 425838 2775 94%
c i  1.90 128 360 3 154  9 2529  633 1.6 18 11 2 6 24% 425820 2768 94%
c i  1.90 128 360 3 155  9 2530  633 1.6 18 11 2 6 24% 425820 2752 93%
c i  1.90 128 360 3 155  9 2531  633 1.6 18 11 2 6 24% 425820 2750 93%
c i  1.90 128 358 3 155  9 2537  633 1.6 18 11 2 6 24% 425815 2741 93%
c i  1.99 128 345 3 164  9 2598  685 1.6 18 11 2 6 24% 425812 2732 93%
c i  2.04 128 317 3 168  8 2732  795 1.6 18 11 2 6 24% 425810 2731 93%
c i  2.06 128 308 3 180  8 2783  823 1.6 18 11 2 6 23% 425806 2730 93%
c i  2.07 128 306 3 183  8 2795  832 1.6 18 11 2 6 23% 425806 2722 92%
c i  2.09 129 301 3 191  8 2821  849 1.6 18 11 2 6 23% 425805 2713 92%
c i  2.11 129 296 3 197  8 2850  866 1.6 18 12 2 6 23% 425804 2712 92%
c i  2.20 129 284 3 211  8 2929  929 1.6 18 12 2 6 23% 425799 2711 92%
c i  2.21 129 282 3 214  8 2942  939 1.6 18 12 2 6 23% 425799 2709 92%
c O  2.28 129 274 3 229  8 3005  979 1.6 18 12 2 6 22% 425794 2709 92%
c 2  2.49 129 253 3 270  7 3169 1112 1.5 18 12 2 6 22% 425793 2703 92%
c 
c  seconds    reduction conflicts       size   tier2       variables
c          MB     restarts   redundant     glue   trail         remaining
c            level     rate       size/glue  tier1  irredundant
c 
c d  2.51 129 253 3 270  7 3169 1099 1.5 18 12 2 6 22% 425658 2702 92%
c p  2.52 129 253 3 270  7 3169 1111 1.5 18 12 2 6 22% 425658 2702 92%
c t  2.71 129 253 3 270  7 3169 1102 1.5 18 12 2 6 22% 425664 2694 91%
c -  3.16 129 171 4 386  5 4259  728 1.6 20 13 2 6 21% 425655 2694 91%
c i  3.34 129 131 4 403  4 5392 1759 1.7 21 12 8 15 21% 425651 2648 90%
c 2  3.62 129 124 4 449  4 5671 1976 1.7 21 12 8 15  9% 425603 2641 90%
c d  3.64 129 124 4 449  4 5671 1976 1.7 21 12 8 15  9% 425587 2640 90%
c k  3.65 129 124 4 449  4 5671 1976 1.7 21 12 8 15  9% 425587 2635 89%
c 2  3.65 129 124 4 449  4 5671 1975 1.7 21 12 8 15  9% 425586 2635 89%
c #  3.72 129 117 4 449  4 6007 2223 1.7 21 12 8 15 10% 425569 2635 89%
c }  3.75 129 115 4 449  4 6105 2314 1.7 21 12 7 15 10% 425569 2635 89%
c [  3.75 129 24 4 449  1 6105 2314 1.8 24 13 2 6 34% 425569 2635 89%
c -  3.97 129 22 5 449  1 6917 2637 1.7 23 13 2 6 24% 425559 2635 89%
c 2  4.15 129 22 5 450  1 8278 3706 1.7 22 13 10 14 18% 425559 2630 89%
c I  4.55 130 22 5 451  1 10008 4951 1.6 22 14 8 14 15% 425549 2630 89%
c -  4.70 130 22 6 452  1 10303 4461 1.6 22 14 8 14 15% 425507 2630 89%
c 2  4.83 130 23 6 452  1 10976 5019 1.5 22 14 8 14 15% 425498 2625 89%
c ]  5.12 130 24 6 453  1 12773 6416 1.5 23 15 8 14 14% 425494 2625 89%
c {  5.12 130 115 6 453  4 12773 6416 1.7 21 12 7 15 10% 425494 2625 89%
c s  5.44 130 91 6 479  3 14399 7861 1.8 21 12 7 15 12% 425474 2625 89%
c 
c  seconds   reductions conflicts       size   tier2        variables
c          MB    restarts    redundant     glue    trail         remaining
c           level     rate        size/glue  tier1   irredundant
c 
c t  5.45 130 91 6 479  3 14399 7859 1.8 21 12 7 15 12% 425459 2625 89%
c e  5.52 130 91 6 479  3 14399 7482 1.8 21 12 7 15 12% 421212 336 11%
c s  5.54 130 91 6 479  3 14399 7482 1.8 21 12 7 15 12% 421205 336 11%
c -  5.79 128 91 7 486  3 14435 5372 1.8 21 12 7 15 26% 421205 336 11%
c u  5.89 128 91 7 486  3 14435 5341 1.8 21 12 7 15 26% 421205 336 11%
c v  5.93 128 91 7 486  3 14435 5340 1.8 21 12 7 15 26% 421205 336 11%
c w  5.95 128 91 7 486  3 14435 5340 1.8 21 12 7 15 26% 421205 336 11%
c x  6.01 128 91 7 486  3 14435 5340 1.8 21 12 7 15 26% 421205 336 11%
c B  6.13 128 85 7 535  3 15009 5786 1.8 21 12 7 15 19% 421205 336 11%
c -  7.83 159 59 8 877  3 19314 6831 1.7 20 12 7 15 23% 421205 336 11%
c p  7.84 159 59 8 877  3 19314 6840 1.7 20 12 7 15 23% 421205 336 11%
c W  9.01 160 54 8 1037  3 21012 8270 1.7 20 12 7 15 25% 421211 336 11%
c } 10.11 160 47 8 1341  2 23837 10371 1.7 20 12 6 14 25% 421211 336 11%
c [ 10.11 160 24 8 1341  1 23837 10371 1.5 23 15 8 14 109% 421211 336 11%
c - 10.34 191 23 9 1342  1 24957 8022 1.5 22 15 8 14 98% 421211 336 11%
c p 10.36 191 23 9 1342  1 24957 8025 1.5 22 15 8 14 98% 421211 336 11%
c B 11.02 191 24 9 1342  1 28015 10504 1.4 23 16 8 14 80% 421211 336 11%
c - 11.62 191 24 10 1345  1 31372 8322 1.4 23 16 8 14 68% 421211 336 11%
c p 11.63 191 24 10 1345  1 31372 8329 1.4 23 16 8 14 68% 421211 336 11%
c u 11.73 191 24 10 1345  1 31372 8266 1.4 23 16 8 14 68% 421211 336 11%
c 
c  seconds   reductions   conflicts       size   tier2        variables
c          MB     restarts     redundant     glue    trail        remaining
c           level       rate        size/glue  tier1   irredundant
c 
c v 11.78 191 24 10 1345  1 31372 8265 1.4 23 16 8 14 68% 421211 336 11%
c w 11.80 191 24 10 1345  1 31372 8265 1.4 23 16 8 14 68% 421211 336 11%
c x 11.87 191 24 10 1345  1 31372 8265 1.4 23 16 8 14 68% 421211 336 11%
c W 12.81 191 23 10 1348  1 36016 11473 1.4 23 16 8 14 58% 421211 336 11%
c - 13.16 191 23 11 1349  1 38568 8439 1.4 23 16 9 18 54% 421211 336 11%
c p 13.17 191 23 11 1349  1 38568 8440 1.4 23 16 9 18 54% 421211 336 11%
c ] 13.37 191 23 11 1349  1 39955 9587 1.4 23 16 9 18 53% 421211 336 11%
c { 13.37 191 47 11 1349  2 39955 9587 1.7 20 12 6 14 25% 421211 336 11%
c F 14.10 191 39 11 1417  2 45017 13365 1.7 19 11 6 14 25% 421211 336 11%
c - 14.91 129 38 12 1568  2 46543 11507 1.7 19 11 6 14 25% 421211 336 11%
c p 14.92 129 38 12 1568  2 46543 11509 1.7 19 11 6 14 25% 421211 336 11%
c B 17.29 130 32 12 2162  2 55019 17415 1.7 19 11 6 14 24% 421211 336 11%
c - 17.58 130 32 13 2230  2 55303 14213 1.7 19 11 6 14 24% 421211 336 11%
c p 17.60 130 32 13 2230  2 55303 14221 1.7 19 11 6 14 24% 421211 336 11%
c u 17.71 130 32 13 2230  2 55303 14184 1.7 19 11 6 14 24% 421211 336 11%
c v 17.76 130 32 13 2230  2 55303 14183 1.7 19 11 6 14 24% 421211 336 11%
c w 17.78 130 32 13 2230  2 55303 14183 1.7 19 11 6 14 24% 421211 336 11%
c x 17.85 130 32 13 2230  2 55303 14183 1.7 19 11 6 14 24% 421211 336 11%
c s 18.12 130 32 13 2297  2 55567 14367 1.7 19 11 6 14 24% 421201 336 11%
c e 18.20 130 32 13 2297  2 55567 14367 1.7 19 11 6 14 24% 421201 335 11%
c 
c  seconds   reductions   conflicts        size   tier2        variables
c          MB     restarts      redundant     glue    trail        remaining
c           level       rate         size/glue  tier1   irredundant
c 
c s 18.23 130 32 13 2297  2 55567 14355 1.7 19 11 6 14 24% 421188 335 11%
c } 20.42 130 29 13 2854  2 60852 17988 1.7 19 11 6 14 24% 421188 335 11%
c [ 20.42 130 23 13 2854  1 60852 17988 1.4 23 16 9 18 53% 421188 335 11%
c - 20.85 130 23 14 2855  1 64853 14629 1.4 23 17 9 18 49% 421188 335 11%
c p 20.86 130 23 14 2855  1 64853 14631 1.4 23 17 9 18 49% 421188 335 11%
c O 21.08 130 23 14 2855  1 66020 15433 1.4 23 17 9 18 47% 421188 335 11%
c - 22.08 131 22 15 2859  1 75194 16759 1.4 22 16 10 18 42% 421188 335 11%
c p 22.09 131 22 15 2859  1 75194 16767 1.4 22 16 10 18 42% 421188 335 11%
c u 22.18 131 22 15 2859  1 75194 16708 1.4 22 16 10 18 42% 421188 335 11%
c v 22.23 131 22 15 2859  1 75194 16706 1.4 22 16 10 18 42% 421188 335 11%
c w 22.25 131 22 15 2859  1 75194 16705 1.4 22 16 10 18 42% 421188 335 11%
c x 22.31 131 22 15 2859  1 75194 16705 1.4 22 16 10 18 42% 421187 335 11%
c B 22.57 131 21 15 2861  1 78021 18211 1.4 22 15 10 18 40% 421187 335 11%
c - 24.05 131 22 16 2865  1 86330 18233 1.4 22 16 10 18 38% 421187 335 11%
c p 24.06 131 22 16 2865  1 86330 18235 1.4 22 16 10 18 38% 421187 335 11%
c W 25.27 131 22 16 2868  1 91023 21763 1.4 23 16 10 18 37% 421187 335 11%
c ] 25.51 131 22 16 2869  1 92444 22930 1.4 23 16 10 18 37% 421187 335 11%
c { 25.51 131 29 16 2869  2 92444 22930 1.7 19 11 6 14 24% 421187 335 11%
c - 26.40 131 27 17 3035  2 98261 18647 1.6 18 11 6 14 23% 421187 335 11%
c p 26.42 131 27 17 3035  2 98261 18654 1.6 18 11 6 14 23% 421187 335 11%
c 
c  seconds   reductions   conflicts        size   tier2        variables
c          MB     restarts      redundant     glue    trail        remaining
c           level       rate         size/glue  tier1   irredundant
c 
c u 26.83 131 27 17 3035  2 98261 18625 1.6 18 11 6 14 23% 421187 335 11%
c v 26.88 131 27 17 3035  2 98261 18621 1.6 18 11 6 14 23% 421187 335 11%
c w 26.91 131 27 17 3035  2 98261 18621 1.6 18 11 6 14 23% 421187 335 11%
c x 26.98 131 27 17 3035  2 98261 18621 1.6 18 11 6 14 23% 421187 335 11%
c W 29.85 131 25 17 3646  2 105024 23176 1.6 18 11 6 14 23% 421187 335 11%
c - 31.69 131 24 18 4134  2 110990 21364 1.6 18 11 6 14 23% 421187 335 11%
c p 31.71 131 24 18 4134  2 110990 21376 1.6 18 11 6 14 23% 421187 335 11%
c u 31.81 131 24 18 4134  2 110990 21365 1.6 18 11 6 14 23% 421187 335 11%
c v 31.84 131 24 18 4134  2 110990 21362 1.6 18 11 6 14 23% 421187 335 11%
c w 31.86 131 24 18 4134  2 110990 21361 1.6 18 11 6 14 23% 421187 335 11%
c x 31.92 131 24 18 4134  2 110990 21361 1.6 18 11 6 14 23% 421187 335 11%
c s 32.84 131 23 18 4277  2 117346 25485 1.6 18 11 6 14 23% 421173 335 11%
c s 32.96 131 23 18 4277  2 117346 25483 1.6 18 11 6 14 23% 421159 335 11%
c # 34.50 131 23 18 4809  2 120028 27452 1.6 18 11 6 14 23% 421159 335 11%
c - 36.06 131 22 19 5234  2 124519 24096 1.6 17 11 6 14 23% 421159 335 11%
c p 36.08 131 22 19 5234  2 124519 24108 1.6 17 11 6 14 23% 421159 335 11%
c } 37.85 131 21 19 5792  2 128627 26468 1.6 17 11 6 14 23% 421159 335 11%
c [ 37.85 131 22 19 5792  1 128627 26468 1.4 23 16 10 18 37% 421159 335 11%
c I 38.74 131 22 19 5793  1 136029 33172 1.5 23 16 10 18 37% 421159 335 11%
c - 39.29 131 22 20 5793  1 138850 26834 1.5 23 15 9 18 36% 421159 335 11%
c 
c  seconds   reductions   conflicts         size   tier2        variables
c          MB     restarts       redundant     glue    trail        remaining
c           level       rate          size/glue  tier1   irredundant
c 
c p 39.31 131 22 20 5793  1 138850 26846 1.5 23 15 9 18 36% 421159 335 11%
c u 39.45 131 22 20 5793  1 138850 26805 1.5 23 15 9 18 36% 421159 335 11%
c v 39.52 131 22 20 5793  1 138850 26800 1.5 23 15 9 18 36% 421159 335 11%
c w 39.55 131 22 20 5793  1 138850 26799 1.5 23 15 9 18 36% 421159 335 11%
c x 39.64 131 22 20 5793  1 138850 26799 1.5 23 15 9 18 36% 421159 335 11%
c B 42.13 131 22 20 5794  1 153030 38667 1.6 24 15 9 18 36% 421159 335 11%
c - 42.37 132 22 21 5794  1 153982 29980 1.6 23 15 9 18 36% 421159 335 11%
c p 42.40 132 22 21 5794  1 153982 29988 1.6 23 15 9 18 36% 421159 335 11%
c u 42.47 132 22 21 5794  1 153982 29940 1.6 23 15 9 18 36% 421159 335 11%
c v 42.49 132 22 21 5794  1 153982 29936 1.6 23 15 9 18 36% 421159 335 11%
c w 42.50 132 22 21 5794  1 153982 29934 1.6 23 15 9 18 36% 421159 335 11%
c x 42.54 132 22 21 5794  1 153982 29934 1.6 23 15 9 18 36% 421159 335 11%
c - 44.72 132 21 22 5802  1 169917 32585 1.5 23 15 9 18 34% 421159 335 11%
c p 44.74 132 21 22 5802  1 169917 32596 1.5 23 15 9 18 34% 421159 335 11%
c ] 44.81 132 21 22 5802  1 170106 32716 1.5 23 15 9 18 34% 421159 335 11%
c { 44.81 132 21 22 5802  2 170106 32716 1.6 17 11 6 14 23% 421159 335 11%
c B 45.29 132 21 22 5913  2 171032 33422 1.6 17 11 6 14 23% 421159 335 11%
c - 49.16 132 19 23 7120  2 186656 33397 1.5 17 11 6 14 22% 421159 335 11%
c p 49.19 132 19 23 7120  2 186656 33412 1.5 17 11 6 14 22% 421159 335 11%
c u 49.75 138 19 23 7120  2 186656 33308 1.5 17 11 6 14 22% 421159 335 11%
c 
c  seconds   reductions   conflicts         size   tier2        variables
c          MB     restarts       redundant     glue    trail        remaining
c           level       rate          size/glue  tier1   irredundant
c 
c v 49.81 138 19 23 7120  2 186656 33303 1.5 17 11 6 14 22% 421159 335 11%
c w 49.85 138 19 23 7120  2 186656 33298 1.5 17 11 6 14 22% 421159 335 11%
c x 49.92 138 19 23 7120  2 186656 33295 1.5 17 11 6 14 22% 421157 335 11%
c W 51.25 138 19 23 7197  2 190033 35409 1.6 17 11 6 14 22% 421157 335 11%
c s 55.41 138 19 23 8959  2 199715 42299 1.5 17 11 6 14 23% 421107 335 11%
c s 55.53 138 19 23 8959  2 199715 42294 1.5 17 11 6 14 23% 421082 335 11%
c - 58.05 138 19 24 9745  2 204200 29618 1.5 17 11 5 11 23% 421082 335 11%
c p 58.07 138 19 24 9745  2 204200 29632 1.5 17 11 5 11 23% 421082 335 11%
c u 58.22 138 19 24 9745  2 204200 29549 1.5 17 11 5 11 23% 421082 335 11%
c v 58.30 138 19 24 9745  2 204200 29546 1.5 17 11 5 11 23% 421082 335 11%
c w 58.33 138 19 24 9745  2 204200 29542 1.5 17 11 5 11 23% 421082 335 11%
c x 58.42 138 19 24 9745  2 204200 29542 1.5 17 11 5 11 23% 421082 335 11%
c F 59.69 138 19 24 10063  2 210034 33411 1.5 17 11 5 11 23% 421082 335 11%
c } 60.64 138 19 24 10382  2 212261 35189 1.5 17 11 5 11 23% 421082 335 11%
c [ 60.64 138 21 24 10382  1 212261 35189 1.5 23 15 9 18 34% 421082 335 11%
c - 62.12 138 21 25 10388  1 222550 29693 1.5 22 15 9 18 33% 421082 335 11%
c p 62.14 138 21 25 10388  1 222550 29707 1.5 22 15 9 18 33% 421082 335 11%
c u 62.26 138 21 25 10388  1 222550 29678 1.5 22 15 9 18 33% 421082 335 11%
c v 62.29 138 21 25 10388  1 222550 29675 1.5 22 15 9 18 33% 421082 335 11%
c w 62.31 138 21 25 10388  1 222550 29674 1.5 22 15 9 18 33% 421082 335 11%
c 
c  seconds   reductions    conflicts         size   tier2        variables
c          MB      restarts       redundant     glue    trail        remaining
c           level        rate          size/glue  tier1   irredundant
c 
c W 64.54 138 20 25 10389  1 231037 36428 1.5 22 14 9 18 32% 421082 335 11%
c - 66.36 138 20 26 10396  1 241708 30220 1.6 22 14 9 18 32% 421082 335 11%
c p 66.37 138 20 26 10396  1 241708 30233 1.6 22 14 9 18 32% 421082 335 11%
c u 66.48 138 20 26 10396  1 241708 30198 1.6 22 14 9 18 32% 421082 335 11%
c v 66.53 138 20 26 10396  1 241708 30194 1.6 22 14 9 18 32% 421082 335 11%
c w 66.56 138 20 26 10396  1 241708 30192 1.6 22 14 9 18 32% 421082 335 11%
c O 67.97 138 21 26 10403  1 253038 39939 1.5 22 14 9 18 32% 421082 335 11%
c - 69.32 138 21 27 10404  1 261671 31728 1.6 23 14 9 18 32% 421082 335 11%
c p 69.35 138 21 27 10404  1 261671 31742 1.6 23 14 9 18 32% 421082 335 11%
c u 69.45 138 21 27 10404  1 261671 31725 1.6 23 14 9 18 32% 421082 335 11%
c v 69.50 138 21 27 10404  1 261671 31722 1.6 23 14 9 18 32% 421082 335 11%
c w 69.52 138 21 27 10404  1 261671 31721 1.6 23 14 9 18 32% 421082 335 11%
c x 69.58 138 21 27 10404  1 261671 31721 1.6 23 14 9 18 32% 421082 335 11%
c B 71.71 138 22 27 10405  1 276040 44534 1.6 23 15 7 16 33% 421082 335 11%
c ] 72.26 138 22 27 10405  1 278898 46911 1.6 23 15 7 16 32% 421082 335 11%
c { 72.26 138 19 27 10405  2 278898 46911 1.5 17 11 5 11 23% 421082 335 11%
c - 74.28 138 19 28 10903  2 282444 32055 1.5 18 12 5 11 24% 421082 335 11%
c p 74.30 138 19 28 10903  2 282444 32065 1.5 18 12 5 11 24% 421082 335 11%
c u 74.42 138 19 28 10903  2 282444 32040 1.5 18 12 5 11 24% 421082 335 11%
c v 74.47 138 19 28 10903  2 282444 32038 1.5 18 12 5 11 24% 421082 335 11%
c 
c  seconds   reductions    conflicts         size   tier2        variables
c          MB      restarts       redundant     glue    trail        remaining
c           level        rate          size/glue  tier1   irredundant
c 
c w 74.50 138 19 28 10903  2 282444 32037 1.5 18 12 5 11 24% 421082 335 11%
c B 78.53 138 18 28 11924  2 300042 41853 1.5 17 11 5 11 23% 421082 335 11%
c s 78.93 138 17 28 11926  2 302674 43265 1.5 17 11 5 11 23% 421038 335 11%
c e 79.02 138 17 28 11926  2 302674 43189 1.5 17 11 5 11 23% 421038 334 11%
c s 79.07 138 17 28 11926  2 302674 43175 1.5 17 11 5 11 23% 420992 334 11%
c - 79.42 138 17 29 11926  2 304026 33742 1.5 17 11 5 11 23% 420992 334 11%
c p 79.45 138 17 29 11926  2 304026 33756 1.5 17 11 5 11 23% 420992 334 11%
c u 79.60 138 17 29 11926  2 304026 33725 1.5 17 11 5 11 23% 420992 334 11%
c v 79.66 138 17 29 11926  2 304026 33720 1.5 17 11 5 11 23% 420992 334 11%
c w 79.69 138 17 29 11926  2 304026 33716 1.5 17 11 5 11 23% 420992 334 11%
c W 89.83 138 17 29 14408  2 325043 48850 1.5 17 11 5 11 24% 420992 334 11%
c - 90.73 138 17 30 14563  2 326415 38449 1.5 17 11 5 11 24% 420992 334 11%
c p 90.76 138 17 30 14563  2 326415 38463 1.5 17 11 5 11 24% 420992 334 11%
c u 91.85 139 17 30 14563  2 326415 38425 1.5 17 11 5 11 24% 420992 334 11%
c v 91.95 139 17 30 14563  2 326415 38418 1.5 17 11 5 11 24% 420992 334 11%
c w 92.00 139 17 30 14563  2 326415 38416 1.5 17 11 5 11 24% 420992 334 11%
c } 97.09 139 17 30 15783  2 339349 47310 1.5 17 12 5 11 24% 420992 334 11%
c [ 97.09 139 22 30 15783  1 339349 47310 1.6 23 15 7 16 32% 420992 334 11%
c - 99.69 139 22 31 15784  1 349615 41389 1.6 23 15 7 16 33% 420992 334 11%
c p 99.71 139 22 31 15784  1 349615 41403 1.6 23 15 7 16 33% 420992 334 11%
c 
c  seconds   reductions    conflicts         size   tier2        variables
c          MB      restarts       redundant     glue    trail        remaining
c           level        rate          size/glue  tier1   irredundant
c 
c u 99.95 139 22 31 15784  1 349615 41373 1.6 23 15 7 16 33% 420992 334 11%
c v 100.06 139 22 31 15784  1 349615 41362 1.6 23 15 7 16 33% 420992 334 11%
c w 100.12 139 22 31 15784  1 349615 41359 1.6 23 15 7 16 33% 420992 334 11%
c W 100.96 139 22 31 15784  1 351045 42629 1.6 23 15 7 16 33% 420992 334 11%
c - 104.11 139 21 32 15784  1 373628 41401 1.6 23 15 7 16 31% 420992 334 11%
c p 104.14 139 21 32 15784  1 373628 41415 1.6 23 15 7 16 31% 420992 334 11%
c u 104.28 139 21 32 15784  1 373628 41347 1.6 23 15 7 16 31% 420992 334 11%
c v 104.36 139 21 32 15784  1 373628 41341 1.6 23 15 7 16 31% 420992 334 11%
c w 104.40 139 21 32 15784  1 373628 41338 1.6 23 15 7 16 31% 420992 334 11%
c I 105.14 139 21 32 15787  1 378046 44203 1.5 23 15 7 16 31% 420992 334 11%
c - 109.14 139 21 33 15798  1 398450 40712 1.6 23 15 7 16 31% 420992 334 11%
c p 109.16 139 21 33 15798  1 398450 40725 1.6 23 15 7 16 31% 420992 334 11%
c u 109.28 139 21 33 15798  1 398450 40671 1.6 23 15 7 16 31% 420992 334 11%
c v 109.34 139 21 33 15798  1 398450 40669 1.6 23 15 7 16 31% 420992 334 11%
c w 109.37 139 21 33 15798  1 398450 40666 1.6 23 15 7 16 31% 420992 334 11%
c B 110.59 139 21 33 15799  1 406048 46455 1.5 23 15 7 16 31% 420992 334 11%
c ] 113.52 139 21 33 15808  1 423461 60610 1.6 23 15 7 16 31% 420992 334 11%
c { 113.52 139 17 33 15808  2 423461 60610 1.5 17 12 5 11 24% 420992 334 11%
c - 113.97 139 17 34 15887  2 424081 41508 1.5 17 12 5 11 24% 420992 334 11%
c p 114.00 139 17 34 15887  2 424081 41522 1.5 17 12 5 11 24% 420992 334 11%
c 
c  seconds    reductions    conflicts         size   tier2        variables
c           MB      restarts       redundant     glue    trail        remaining
c            level        rate          size/glue  tier1   irredundant
c 
c u 114.18 139 17 34 15887  2 424081 41435 1.5 17 12 5 11 24% 420992 334 11%
c v 114.26 139 17 34 15887  2 424081 41425 1.5 17 12 5 11 24% 420992 334 11%
c w 114.31 139 17 34 15887  2 424081 41413 1.5 17 12 5 11 24% 420992 334 11%
c s 115.47 139 17 34 16121  2 426273 42954 1.5 17 12 5 11 24% 420949 334 11%
c s 115.62 139 17 34 16121  2 426273 42922 1.5 17 12 5 11 24% 420911 334 11%
c # 118.26 139 17 34 16941  2 435050 47664 1.5 17 12 5 11 24% 420911 334 11%
c - 124.87 139 17 35 18987  2 450524 44346 1.5 18 12 5 11 24% 420911 334 11%
c p 124.90 139 17 35 18987  2 450524 44360 1.5 18 12 5 11 24% 420911 334 11%
c u 125.13 139 17 35 18987  2 450524 44182 1.5 18 12 5 11 24% 420911 334 11%
c v 125.26 139 17 35 18987  2 450524 44176 1.5 18 12 5 11 24% 420911 334 11%
c w 125.32 139 17 35 18987  2 450524 44174 1.5 18 12 5 11 24% 420911 334 11%
c B 131.10 139 17 35 20347  2 465052 53691 1.5 18 12 4 11 24% 420911 334 11%
c - 135.49 139 17 36 21037  2 477777 44921 1.5 18 12 4 11 24% 420911 334 11%
c p 135.52 139 17 36 21037  2 477777 44935 1.5 18 12 4 11 24% 420911 334 11%
c u 135.78 139 17 36 21037  2 477777 44762 1.5 18 12 4 11 24% 420911 334 11%
c v 135.92 139 17 36 21037  2 477777 44758 1.5 18 12 4 11 24% 420911 334 11%
c w 135.99 139 17 36 21037  2 477777 44758 1.5 18 12 4 11 24% 420911 334 11%
c W 143.93 139 17 36 22668  2 496055 57682 1.5 18 12 4 11 24% 420911 334 11%
c } 145.31 139 17 36 22960  2 500851 60801 1.5 18 12 4 11 24% 420911 334 11%
c [ 145.31 139 21 36 22960  1 500851 60801 1.6 23 15 7 16 31% 420911 334 11%
c 
c  seconds    reductions    conflicts         size   tier2        variables
c           MB      restarts       redundant     glue    trail        remaining
c            level        rate          size/glue  tier1   irredundant
c 
c - 146.13 140 21 37 22964  1 505843 47536 1.6 23 15 7 16 31% 420911 334 11%
c p 146.16 140 21 37 22964  1 505843 47550 1.6 23 15 7 16 31% 420911 334 11%
c u 146.36 140 21 37 22964  1 505843 47496 1.6 23 15 7 16 31% 420911 334 11%
c v 146.45 140 21 37 22964  1 505843 47494 1.6 23 15 7 16 31% 420911 334 11%
c w 146.49 140 21 37 22964  1 505843 47494 1.6 23 15 7 16 31% 420911 334 11%
c x 146.61 140 21 37 22964  1 505843 47491 1.6 23 15 7 16 31% 420877 334 11%
c W 149.97 140 21 37 22967  1 528056 62789 1.5 23 15 7 16 30% 420877 334 11%
c - 151.16 139 21 38 22967  1 534721 43333 1.5 23 15 7 16 30% 420877 334 11%
c p 151.18 139 21 38 22967  1 534721 43347 1.5 23 15 7 16 30% 420877 334 11%
c u 152.04 139 21 38 22967  1 534721 43315 1.5 23 15 7 16 30% 420877 334 11%
c v 152.14 139 21 38 22967  1 534721 43310 1.5 23 15 7 16 30% 420877 334 11%
c w 152.19 139 21 38 22967  1 534721 43309 1.5 23 15 7 16 30% 420877 334 11%
c O 156.59 139 21 38 22981  1 561058 60928 1.5 23 16 7 16 29% 420877 334 11%
c - 157.26 139 21 39 22982  1 564412 36168 1.5 23 16 7 16 29% 420877 334 11%
c p 157.29 139 21 39 22982  1 564412 36182 1.5 23 16 7 16 29% 420877 334 11%
c u 157.44 139 21 39 22982  1 564412 36135 1.5 23 16 7 16 29% 420877 334 11%
c v 157.51 139 21 39 22982  1 564412 36129 1.5 23 16 7 16 29% 420877 334 11%
c w 157.54 139 21 39 22982  1 564412 36126 1.5 23 16 7 16 29% 420877 334 11%
c x 157.63 139 21 39 22982  1 564412 36126 1.5 23 16 7 16 29% 420877 334 11%
c s 158.61 139 21 39 22983  1 570466 39703 1.5 23 16 7 16 29% 420748 334 11%
c 
c  seconds    reductions    conflicts         size   tier2        variables
c           MB      restarts       redundant     glue    trail        remaining
c            level        rate          size/glue  tier1   irredundant
c 
c s 158.76 139 21 39 22983  1 570466 39657 1.5 23 16 7 16 29% 420689 334 11%
c - 162.18 138 20 40 22997  1 594916 35946 1.4 22 15 7 16 28% 420689 334 11%
c p 162.20 138 20 40 22997  1 594916 35960 1.4 22 15 7 16 28% 420689 334 11%
c u 162.35 138 20 40 22997  1 594916 35910 1.4 22 15 7 16 28% 420689 334 11%
c v 162.42 138 20 40 22997  1 594916 35909 1.4 22 15 7 16 28% 420689 334 11%
c w 162.45 138 20 40 22997  1 594916 35907 1.4 22 15 7 16 28% 420689 334 11%
c x 162.54 138 20 40 22997  1 594916 35907 1.4 22 15 7 16 28% 420689 334 11%
c B 162.63 138 20 40 22997  1 595060 35998 1.4 22 15 7 16 28% 420689 334 11%
c ] 165.89 138 21 40 22998  1 613273 50544 1.4 23 16 7 16 29% 420689 334 11%
c { 165.89 138 17 40 22998  2 613273 50544 1.5 18 12 4 11 24% 420689 334 11%
c - 170.73 139 16 41 23966  2 626230 40623 1.5 18 12 4 11 24% 420689 334 11%
c p 170.76 139 16 41 23966  2 626230 40637 1.5 18 12 4 11 24% 420689 334 11%
c u 170.94 139 16 41 23966  2 626230 40595 1.5 18 12 4 11 24% 420689 334 11%
c v 171.03 139 16 41 23966  2 626230 40587 1.5 18 12 4 11 24% 420689 334 11%
c w 171.08 139 16 41 23966  2 626230 40587 1.5 18 12 4 11 24% 420689 334 11%
c x 171.21 139 16 41 23966  2 626230 40587 1.5 18 12 4 11 24% 420689 334 11%
c F 173.17 139 17 41 24524  2 630063 43192 1.5 18 12 4 11 24% 420689 334 11%
c - 181.59 140 16 42 25895  2 658356 48799 1.6 18 12 4 11 25% 420689 334 11%
c p 181.62 140 16 42 25895  2 658356 48813 1.6 18 12 4 11 25% 420689 334 11%
c u 181.84 140 16 42 25895  2 658356 48776 1.6 18 12 4 11 25% 420689 334 11%
c 
c  seconds    reductions    conflicts         size   tier2        variables
c           MB      restarts       redundant     glue    trail        remaining
c            level        rate          size/glue  tier1   irredundant
c 
c v 181.95 140 16 42 25895  2 658356 48769 1.6 18 12 4 11 25% 420689 334 11%
c w 182.00 140 16 42 25895  2 658356 48768 1.6 18 12 4 11 25% 420689 334 11%
c x 182.14 140 16 42 25895  2 658356 48767 1.6 18 12 4 11 25% 420689 334 11%
c B 184.25 140 16 42 26303  2 666064 53384 1.5 18 12 4 11 25% 420689 334 11%
c - 193.45 141 16 43 28927  2 691297 55335 1.5 18 12 4 11 25% 420689 334 11%
c p 193.48 141 16 43 28927  2 691297 55349 1.5 18 12 4 11 25% 420689 334 11%
c u 193.72 141 16 43 28927  2 691297 55319 1.5 18 12 4 11 25% 420689 334 11%
c v 193.82 141 16 43 28927  2 691297 55307 1.5 18 12 4 11 25% 420689 334 11%
c w 193.88 141 16 43 28927  2 691297 55306 1.5 18 12 4 11 25% 420689 334 11%
c x 194.03 141 16 43 28927  2 691297 55305 1.5 18 12 4 11 25% 420673 334 11%
c W 200.06 141 16 43 30146  2 703065 63281 1.5 18 12 4 11 24% 420673 334 11%
c } 202.41 141 16 43 30643  2 711659 69208 1.5 18 12 4 11 24% 420673 334 11%
c [ 202.41 141 21 43 30643  1 711659 69208 1.4 23 16 7 16 29% 420673 334 11%
c - 204.41 141 20 44 30644  1 725052 57734 1.5 23 16 7 16 29% 420673 334 11%
c p 204.44 141 20 44 30644  1 725052 57748 1.5 23 16 7 16 29% 420673 334 11%
c u 204.60 141 20 44 30644  1 725052 57683 1.5 23 16 7 16 29% 420673 334 11%
c v 204.68 141 20 44 30644  1 725052 57674 1.5 23 16 7 16 29% 420673 334 11%
c w 204.72 141 20 44 30644  1 725052 57668 1.5 23 16 7 16 29% 420673 334 11%
c x 204.83 141 20 44 30644  1 725052 57668 1.5 23 16 7 16 29% 420672 334 11%
c s 206.13 141 20 44 30644  1 735248 65381 1.5 23 16 7 16 28% 420503 334 11%
c 
c  seconds    reductions    conflicts         size   tier2        variables
c           MB      restarts       redundant     glue    trail        remaining
c            level        rate          size/glue  tier1   irredundant
c 
c s 206.30 141 20 44 30644  1 735248 65375 1.5 23 16 7 16 28% 420439 334 11%
c W 207.68 141 20 44 30644  1 741066 69129 1.5 23 15 7 16 28% 420439 334 11%
c - 210.41 141 21 45 30645  1 759620 57476 1.5 23 15 7 16 29% 420439 334 11%
c p 210.43 141 21 45 30645  1 759620 57489 1.5 23 15 7 16 29% 420439 334 11%
c u 210.56 141 21 45 30645  1 759620 57445 1.5 23 15 7 16 29% 420439 334 11%
c v 210.61 141 21 45 30645  1 759620 57442 1.5 23 15 7 16 29% 420439 334 11%
c w 210.64 141 21 45 30645  1 759620 57440 1.5 23 15 7 16 29% 420439 334 11%
c x 210.72 141 21 45 30645  1 759620 57440 1.5 23 15 7 16 29% 420439 334 11%
c I 212.91 141 21 45 30645  1 780068 72912 1.5 23 15 7 16 28% 420439 334 11%
c - 215.18 140 20 46 30645  1 794998 53263 1.5 22 15 7 16 28% 420439 334 11%
c p 215.21 140 20 46 30645  1 794998 53277 1.5 22 15 7 16 28% 420439 334 11%
c u 215.34 140 20 46 30645  1 794998 53243 1.5 22 15 7 16 28% 420439 334 11%
c v 215.40 140 20 46 30645  1 794998 53240 1.5 22 15 7 16 28% 420439 334 11%
c w 215.43 140 20 46 30645  1 794998 53239 1.5 22 15 7 16 28% 420439 334 11%
c x 215.51 140 20 46 30645  1 794998 53239 1.5 22 15 7 16 28% 420439 334 11%
c B 219.76 140 20 46 30648  1 820072 73872 1.5 23 15 7 16 29% 420439 334 11%
c - 221.43 140 20 47 30653  1 831191 51548 1.5 23 15 7 16 29% 420439 334 11%
c p 221.46 140 20 47 30653  1 831191 51562 1.5 23 15 7 16 29% 420439 334 11%
c u 221.69 140 20 47 30653  1 831191 51472 1.5 23 15 7 16 29% 420439 334 11%
c v 221.76 140 20 47 30653  1 831191 51467 1.5 23 15 7 16 29% 420439 334 11%
c 
c  seconds    reductions    conflicts         size   tier2        variables
c           MB      restarts       redundant     glue    trail        remaining
c            level        rate          size/glue  tier1   irredundant
c 
c w 221.80 140 20 47 30653  1 831191 51466 1.5 23 15 7 16 29% 420439 334 11%
c x 221.90 140 20 47 30653  1 831191 51466 1.5 23 15 7 16 29% 420439 334 11%
c ] 225.17 140 20 47 30662  1 853333 67885 1.5 22 15 7 16 29% 420439 334 11%
c { 225.17 140 16 47 30662  2 853333 67885 1.5 18 12 4 11 24% 420439 334 11%
c # 227.77 140 16 47 31578  2 861074 73552 1.5 18 12 4 11 25% 420439 334 11%
c - 230.55 141 16 48 32208  2 868199 55845 1.5 18 12 4 11 25% 420439 334 11%
c p 230.58 141 16 48 32208  2 868199 55859 1.5 18 12 4 11 25% 420439 334 11%
c u 230.80 141 16 48 32208  2 868199 55806 1.5 18 12 4 11 25% 420439 334 11%
c v 230.90 141 16 48 32208  2 868199 55800 1.5 18 12 4 11 25% 420439 334 11%
c w 230.95 141 16 48 32208  2 868199 55798 1.5 18 12 4 11 25% 420439 334 11%
c x 231.09 141 16 48 32208  2 868199 55798 1.5 18 12 4 11 25% 420438 334 11%
c B 241.71 141 16 48 34647  2 903075 79908 1.5 18 12 4 11 25% 420438 334 11%
c - 243.29 142 16 49 35056  2 906022 62577 1.5 18 12 4 11 25% 420438 334 11%
c p 243.32 142 16 49 35056  2 906022 62590 1.5 18 12 4 11 25% 420438 334 11%
c u 243.49 142 16 49 35056  2 906022 62468 1.5 18 12 4 11 25% 420438 334 11%
c v 243.57 142 16 49 35056  2 906022 62440 1.5 18 12 4 11 25% 420438 334 11%
c w 243.62 142 16 49 35056  2 906022 62440 1.5 18 12 4 11 25% 420438 334 11%
c x 243.78 142 16 49 35056  2 906022 62440 1.5 18 12 4 11 25% 420438 334 11%
c s 248.41 142 16 49 36228  1 920610 73537 1.5 19 12 4 11 25% 420367 334 11%
c s 248.61 142 16 49 36228  1 920610 73529 1.5 19 12 4 11 25% 420315 334 11%
c 
c  seconds    reductions    conflicts         size   tier2        variables
c           MB      restarts       redundant     glue    trail        remaining
c            level        rate          size/glue  tier1   irredundant
c 
c - 254.22 143 16 50 37213  1 944659 70669 1.6 18 12 4 11 25% 420315 334 11%
c p 254.25 143 16 50 37213  1 944659 70683 1.6 18 12 4 11 25% 420315 334 11%
c u 254.42 143 16 50 37213  1 944659 70558 1.6 18 12 4 11 25% 420315 334 11%
c v 254.53 143 16 50 37213  1 944659 70551 1.6 18 12 4 11 25% 420315 334 11%
c w 254.58 143 16 50 37213  1 944659 70549 1.6 18 12 4 11 25% 420315 334 11%
c x 254.71 143 16 50 37213  1 944659 70549 1.6 18 12 4 11 25% 420295 334 11%
c W 257.07 143 16 50 37283  1 946078 71504 1.6 18 12 4 11 25% 420295 334 11%
c } 267.33 143 16 50 39771  1 977303 92462 1.5 18 12 4 11 25% 420295 334 11%
c [ 267.33 143 20 50 39771  1 977303 92462 1.5 22 15 7 16 29% 420295 334 11%
c - 268.72 144 19 51 39776  1 984109 74756 1.5 22 15 7 16 29% 420295 334 11%
c p 268.75 144 19 51 39776  1 984109 74766 1.5 22 15 7 16 29% 420295 334 11%
c u 268.95 144 19 51 39776  1 984109 74661 1.5 22 15 7 16 29% 420295 334 11%
c v 269.07 144 19 51 39776  1 984109 74657 1.5 22 15 7 16 29% 420295 334 11%
c w 269.12 144 19 51 39776  1 984109 74655 1.5 22 15 7 16 29% 420295 334 11%
c x 269.27 144 19 51 39776  1 984109 74655 1.5 22 15 7 16 29% 420285 334 11%
c W 270.60 144 19 51 39779  1 990079 79123 1.5 22 14 7 16 29% 420285 334 11%
c - 276.50 143 20 52 39785  1 1024374 71225 1.6 23 15 7 16 30% 420285 334 11%
c p 276.53 143 20 52 39785  1 1024374 71239 1.6 23 15 7 16 30% 420285 334 11%
c u 276.68 143 20 52 39785  1 1024374 71108 1.6 23 15 7 16 30% 420285 334 11%
c v 276.77 143 20 52 39785  1 1024374 71107 1.6 23 15 7 16 30% 420285 334 11%
c 
c  seconds    reductions     conflicts         size   tier2        variables
c           MB      restarts        redundant     glue    trail        remaining
c            level        rate           size/glue  tier1   irredundant
c 
c w 276.82 143 20 52 39785  1 1024374 71106 1.6 23 15 7 16 30% 420285 334 11%
c x 276.95 143 20 52 39785  1 1024374 71106 1.6 23 15 7 16 30% 420279 334 11%
c O 279.22 143 20 52 39792  1 1035081 79896 1.6 23 15 7 16 30% 420279 334 11%
c - 285.39 143 19 53 39806  1 1065453 64818 1.6 23 15 7 16 30% 420279 334 11%
c p 285.42 143 19 53 39806  1 1065453 64832 1.6 23 15 7 16 30% 420279 334 11%
c u 285.59 143 19 53 39806  1 1065453 64685 1.6 23 15 7 16 30% 420279 334 11%
c v 285.69 143 19 53 39806  1 1065453 64683 1.6 23 15 7 16 30% 420279 334 11%
c w 285.75 143 19 53 39806  1 1065453 64683 1.6 23 15 7 16 30% 420279 334 11%
c x 285.87 143 19 53 39806  1 1065453 64683 1.6 23 15 7 16 30% 420278 334 11%
c B 288.52 143 20 53 39814  1 1081082 75470 1.5 23 15 7 16 29% 420278 334 11%
c - 291.95 143 20 54 39816  1 1107349 63301 1.5 23 15 7 16 28% 420278 334 11%
c p 291.97 143 20 54 39816  1 1107349 63315 1.5 23 15 7 16 28% 420278 334 11%
c u 292.14 143 20 54 39816  1 1107349 63238 1.5 23 15 7 16 28% 420278 334 11%
c v 292.22 143 20 54 39816  1 1107349 63233 1.5 23 15 7 16 28% 420278 334 11%
c w 292.26 143 20 54 39816  1 1107349 63230 1.5 23 15 7 16 28% 420278 334 11%
c x 292.36 143 20 54 39816  1 1107349 63230 1.5 23 15 7 16 28% 420274 334 11%
c s 294.66 143 19 54 39817  1 1126559 75611 1.6 22 14 7 16 28% 420195 334 11%
c s 294.86 143 19 54 39817  1 1126559 75597 1.6 22 14 7 16 28% 420122 334 11%
c W 296.41 143 19 54 39817  1 1128083 76631 1.6 22 14 7 16 28% 420122 334 11%
c ] 298.78 143 19 54 39817  1 1138961 83829 1.6 22 14 7 16 28% 420122 334 11%
c 
c  seconds    reductions     conflicts         size   tier2        variables
c           MB      restarts        redundant     glue    trail        remaining
c            level        rate           size/glue  tier1   irredundant
c 
c { 298.78 143 16 54 39817  1 1138961 83829 1.5 18 12 4 11 25% 420122 334 11%
c - 302.68 143 16 55 40529  1 1150061 65925 1.5 18 12 4 11 25% 420122 334 11%
c p 302.71 143 16 55 40529  1 1150061 65939 1.5 18 12 4 11 25% 420122 334 11%
c u 302.91 143 16 55 40529  1 1150061 65830 1.5 18 12 4 11 25% 420122 334 11%
c v 303.02 143 16 55 40529  1 1150061 65823 1.5 18 12 4 11 25% 420122 334 11%
c w 303.07 143 16 55 40529  1 1150061 65764 1.5 18 12 4 11 25% 420122 334 11%
c x 303.20 143 16 55 40529  1 1150061 65764 1.5 18 12 4 11 25% 420113 334 11%
c F 310.02 143 15 55 42224  1 1176084 81920 1.5 18 12 4 11 24% 420113 334 11%
c - 314.41 146 15 56 42807  1 1193584 76585 1.6 18 12 4 11 25% 420113 334 11%
c p 314.43 146 15 56 42807  1 1193584 76599 1.6 18 12 4 11 25% 420113 334 11%
c u 314.64 146 15 56 42807  1 1193584 76479 1.6 18 12 4 11 25% 420113 334 11%
c v 314.74 146 15 56 42807  1 1193584 76470 1.6 18 12 4 11 25% 420113 334 11%
c w 314.79 146 15 56 42807  1 1193584 76427 1.6 18 12 4 11 25% 420113 334 11%
c x 314.96 146 15 56 42807  1 1193584 76427 1.6 18 12 4 11 25% 420095 334 11%
c B 323.99 146 15 56 45881  1 1225087 97702 1.6 18 12 4 11 25% 420095 334 11%
c - 327.77 147 15 57 46827  1 1237922 80581 1.6 18 12 4 11 25% 420095 334 11%
c p 327.79 147 15 57 46827  1 1237922 80595 1.6 18 12 4 11 25% 420095 334 11%
c u 329.20 150 15 57 46827  1 1237922 80491 1.6 18 12 4 11 25% 420095 334 11%
c v 329.33 150 15 57 46827  1 1237922 80486 1.6 18 12 4 11 25% 420095 334 11%
c w 329.39 150 15 57 46827  1 1237922 80484 1.6 18 12 4 11 25% 420095 334 11%
c 
c  seconds    reductions     conflicts         size   tier2        variables
c           MB      restarts        redundant     glue    trail        remaining
c            level        rate           size/glue  tier1   irredundant
c 
c x 329.56 150 15 57 46827  1 1237922 80484 1.6 18 12 4 11 25% 420085 334 11%
c W 342.10 151 16 57 49876  1 1275088 105804 1.6 18 12 4 11 25% 420085 334 11%
c - 343.83 152 15 58 50000  1 1283077 83848 1.6 18 12 4 11 24% 420085 334 11%
c p 343.86 152 15 58 50000  1 1283077 83862 1.6 18 12 4 11 24% 420085 334 11%
c u 344.09 152 15 58 50000  1 1283077 83765 1.6 18 12 4 11 24% 420085 334 11%
c v 344.20 152 15 58 50000  1 1283077 83760 1.6 18 12 4 11 24% 420085 334 11%
c w 344.27 152 15 58 50000  1 1283077 83760 1.6 18 12 4 11 24% 420085 334 11%
c x 344.42 152 15 58 50000  1 1283077 83760 1.6 18 12 4 11 24% 420084 334 11%
c } 346.38 152 15 58 50525  1 1290463 88457 1.6 18 12 4 11 25% 420084 334 11%
c [ 346.38 152 19 58 50525  1 1290463 88457 1.6 22 14 7 16 28% 420084 334 11%
c I 352.96 152 19 58 50540  1 1326089 115460 1.6 22 14 7 16 28% 420084 334 11%
c - 353.81 152 19 59 50543  1 1329046 84979 1.6 22 14 7 16 28% 420084 334 11%
c p 353.84 152 19 59 50543  1 1329046 84993 1.6 22 14 7 16 28% 420084 334 11%
c u 354.05 152 19 59 50543  1 1329046 84950 1.6 22 14 7 16 28% 420084 334 11%
c v 354.14 152 19 59 50543  1 1329046 84942 1.6 22 14 7 16 28% 420084 334 11%
c w 354.18 152 19 59 50543  1 1329046 84928 1.6 22 14 7 16 28% 420084 334 11%
c x 354.32 152 19 59 50543  1 1329046 84925 1.6 22 14 7 16 28% 420082 334 11%
c s 359.34 152 19 59 50555  1 1353088 104495 1.6 22 14 7 16 29% 419731 334 11%
c s 359.55 152 19 59 50555  1 1353088 104428 1.6 22 14 7 16 29% 419453 334 11%
c - 364.09 152 19 60 50556  1 1375835 82946 1.6 23 14 7 16 29% 419453 334 11%
c 
c  seconds    reductions     conflicts         size   tier2        variables
c           MB      restarts        redundant     glue    trail        remaining
c            level        rate           size/glue  tier1   irredundant
c 
c p 364.11 152 19 60 50556  1 1375835 82960 1.6 23 14 7 16 29% 419453 334 11%
c u 364.35 152 19 60 50556  1 1375835 82914 1.6 23 14 7 16 29% 419453 334 11%
c v 364.45 152 19 60 50556  1 1375835 82905 1.6 23 14 7 16 29% 419453 334 11%
c w 364.49 152 19 60 50556  1 1375835 82903 1.6 23 14 7 16 29% 419453 334 11%
c x 364.65 152 19 60 50556  1 1375835 82900 1.6 23 14 7 16 29% 419452 334 11%
c B 365.23 152 19 60 50558  1 1378090 84626 1.6 23 14 7 16 29% 419452 334 11%
c - 372.88 151 18 61 50580  1 1423418 79491 1.5 22 14 6 16 28% 419452 334 11%
c p 372.91 151 18 61 50580  1 1423418 79505 1.5 22 14 6 16 28% 419452 334 11%
c u 373.14 151 18 61 50580  1 1423418 79463 1.5 22 14 6 16 28% 419452 334 11%
c v 373.24 151 18 61 50580  1 1423418 79454 1.5 22 14 6 16 28% 419452 334 11%
c w 373.29 151 18 61 50580  1 1423418 79453 1.5 22 14 6 16 28% 419452 334 11%
c x 373.44 151 18 61 50580  1 1423418 79452 1.5 22 14 6 16 28% 419448 334 11%
c W 376.60 151 18 61 50585  1 1431093 84856 1.5 22 14 6 16 28% 419448 334 11%
c ] 381.98 151 18 61 50588  1 1468440 108447 1.5 21 14 6 15 28% 419448 334 11%
c { 381.98 151 15 61 50588  1 1468440 108447 1.6 18 12 4 11 25% 419448 334 11%
c - 383.67 151 15 62 51097  1 1471817 78085 1.5 18 12 4 11 25% 419448 334 11%
c p 383.70 151 15 62 51097  1 1471817 78099 1.5 18 12 4 11 25% 419448 334 11%
c u 383.88 151 15 62 51097  1 1471817 78076 1.5 18 12 4 11 25% 419448 334 11%
c v 383.96 151 15 62 51097  1 1471817 78071 1.5 18 12 4 11 25% 419448 334 11%
c w 384.01 151 15 62 51097  1 1471817 78071 1.5 18 12 4 11 25% 419448 334 11%
c 
c  seconds    reductions     conflicts         size   tier2        variables
c           MB      restarts        redundant     glue    trail        remaining
c            level        rate           size/glue  tier1   irredundant
c 
c x 384.14 151 15 62 51097  1 1471817 78070 1.5 18 12 4 11 25% 419448 334 11%
c # 387.97 151 15 62 52718  1 1485094 87265 1.5 18 12 4 11 25% 419448 334 11%
c - 397.91 152 16 63 55434  1 1521032 86429 1.5 18 12 4 11 25% 419448 334 11%
c p 397.94 152 16 63 55434  1 1521032 86443 1.5 18 12 4 11 25% 419448 334 11%
c u 398.19 152 16 63 55434  1 1521032 86376 1.5 18 12 4 11 25% 419448 334 11%
c v 398.32 152 16 63 55434  1 1521032 86363 1.5 18 12 4 11 25% 419448 334 11%
c w 398.39 152 16 63 55434  1 1521032 86363 1.5 18 12 4 11 25% 419448 334 11%
c x 398.55 152 16 63 55434  1 1521032 86363 1.5 18 12 4 11 25% 419442 334 11%
c B 403.89 152 16 63 57193  1 1540100 98842 1.5 18 12 4 11 25% 419442 334 11%
c - 410.67 152 15 64 58751  1 1571062 92216 1.5 18 12 4 11 24% 419442 334 11%
c p 410.70 152 15 64 58751  1 1571062 92230 1.5 18 12 4 11 24% 419442 334 11%
c u 410.97 152 15 64 58751  1 1571062 92203 1.5 18 12 4 11 24% 419442 334 11%
c v 411.07 152 15 64 58751  1 1571062 92185 1.5 18 12 4 11 24% 419442 334 11%
c w 411.13 152 15 64 58751  1 1571062 92163 1.5 18 12 4 11 24% 419442 334 11%
c x 411.28 152 15 64 58751  1 1571062 92163 1.5 18 12 4 11 24% 419440 334 11%
c W 419.63 153 15 64 60397  1 1596105 106542 1.5 18 12 4 11 24% 419440 334 11%
c s 420.87 153 15 64 60542  1 1600155 109251 1.5 18 12 4 11 24% 419263 334 11%
c s 421.11 153 15 64 60542  1 1600155 109232 1.5 18 12 4 11 24% 419122 334 11%
c - 427.12 153 15 65 62316  1 1621908 95620 1.5 18 12 4 11 24% 419122 334 11%
c p 427.14 153 15 65 62316  1 1621908 95634 1.5 18 12 4 11 24% 419122 334 11%
c 
c  seconds    reductions     conflicts         size   tier2        variables
c           MB      restarts        redundant     glue    trail        remaining
c            level        rate           size/glue  tier1   irredundant
c 
c u 427.37 153 15 65 62316  1 1621908 95543 1.5 18 12 4 11 24% 419122 334 11%
c v 427.50 153 15 65 62316  1 1621908 95534 1.5 18 12 4 11 24% 419122 334 11%
c w 427.57 153 15 65 62316  1 1621908 95533 1.5 18 12 4 11 24% 419122 334 11%
c x 427.73 153 15 65 62316  1 1621908 95533 1.5 18 12 4 11 24% 419107 334 11%
c } 434.85 153 15 65 64477  1 1647351 112926 1.5 18 12 4 11 24% 419107 334 11%
c [ 434.85 153 18 65 64477  1 1647351 112926 1.5 21 14 6 15 28% 419107 334 11%
c O 435.97 153 17 65 64477  1 1653109 117540 1.5 21 14 6 15 28% 419107 334 11%
c - 440.05 153 17 66 64478  1 1673560 100199 1.6 21 14 6 15 28% 419107 334 11%
c p 440.08 153 17 66 64478  1 1673560 100213 1.6 21 14 6 15 28% 419107 334 11%
c u 440.29 153 17 66 64478  1 1673560 100092 1.6 21 14 6 15 28% 419107 334 11%
c v 440.42 153 17 66 64478  1 1673560 100090 1.6 21 14 6 15 28% 419107 334 11%
c w 440.49 153 17 66 64478  1 1673560 100082 1.6 21 14 6 15 28% 419107 334 11%
c x 440.65 153 17 66 64478  1 1673560 100080 1.6 21 14 6 15 28% 419065 334 11%
c B 448.24 153 17 66 64478  1 1711113 128706 1.6 21 13 6 15 28% 419065 334 11%
c - 451.31 153 17 67 64478  1 1726027 101908 1.6 22 13 6 15 29% 419065 334 11%
c p 451.34 153 17 67 64478  1 1726027 101922 1.6 22 13 6 15 29% 419065 334 11%
c u 451.60 153 17 67 64478  1 1726027 101844 1.6 22 13 6 15 29% 419065 334 11%
c v 451.74 153 17 67 64478  1 1726027 101840 1.6 22 13 6 15 29% 419065 334 11%
c w 451.81 153 17 67 64478  1 1726027 101839 1.6 22 13 6 15 29% 419065 334 11%
c x 451.98 153 17 67 64478  1 1726027 101836 1.6 22 13 6 15 29% 419057 334 11%
c 
c  seconds    reductions     conflicts          size   tier2        variables
c           MB      restarts        redundant      glue    trail        remaining
c            level        rate            size/glue  tier1   irredundant
c 
c W 461.17 153 19 67 64479  1 1770115 137024 1.6 22 14 6 15 29% 419057 334 11%
c - 462.88 153 19 68 64479  1 1779310 96041 1.6 22 14 6 15 29% 419057 334 11%
c p 462.91 153 19 68 64479  1 1779310 96055 1.6 22 14 6 15 29% 419057 334 11%
c u 464.32 161 19 68 64479  1 1779310 96006 1.6 22 14 6 15 29% 419057 334 11%
c v 464.43 161 19 68 64479  1 1779310 95997 1.6 22 14 6 15 29% 419057 334 11%
c w 464.50 161 19 68 64479  1 1779310 95997 1.6 22 14 6 15 29% 419057 334 11%
c x 464.65 161 19 68 64479  1 1779310 95995 1.6 22 14 6 15 29% 419044 334 11%
c I 471.50 161 18 68 64479  1 1830116 130653 1.5 21 14 6 15 27% 419044 334 11%
c - 472.37 160 18 69 64479  1 1833407 90427 1.5 21 14 6 15 28% 419044 334 11%
c p 472.39 160 18 69 64479  1 1833407 90441 1.5 21 14 6 15 28% 419044 334 11%
c u 472.59 160 18 69 64479  1 1833407 90346 1.5 21 14 6 15 28% 419044 334 11%
c v 472.68 160 18 69 64479  1 1833407 90324 1.5 21 14 6 15 28% 419044 334 11%
c w 472.73 160 18 69 64479  1 1833407 90323 1.5 21 14 6 15 28% 419044 334 11%
c x 472.89 160 18 69 64479  1 1833407 90322 1.5 21 14 6 15 28% 419024 334 11%
c ] 476.96 160 19 69 64479  1 1855989 109300 1.5 22 14 6 15 29% 419024 334 11%
c { 476.96 160 15 69 64479  1 1855989 109300 1.5 18 12 4 11 24% 419024 334 11%
c s 480.80 160 15 69 65567  1 1867781 117774 1.5 18 12 4 11 24% 418909 334 11%
c s 481.05 160 15 69 65567  1 1867781 117759 1.5 18 12 4 11 24% 418778 334 11%
c - 485.94 160 15 70 66553  1 1888320 97267 1.5 18 12 4 11 24% 418778 334 11%
c p 485.96 160 15 70 66553  1 1888320 97281 1.5 18 12 4 11 24% 418778 334 11%
c 
c  seconds    reductions     conflicts         size   tier2        variables
c           MB      restarts        redundant     glue    trail        remaining
c            level        rate           size/glue  tier1   irredundant
c 
c u 486.20 160 15 70 66553  1 1888320 97181 1.5 18 12 4 11 24% 418778 334 11%
c v 486.33 160 15 70 66553  1 1888320 97173 1.5 18 12 4 11 24% 418778 334 11%
c w 486.39 160 15 70 66553  1 1888320 97172 1.5 18 12 4 11 24% 418778 334 11%
c x 486.57 160 15 70 66553  1 1888320 97172 1.5 18 12 4 11 24% 418773 334 11%
c F 487.15 160 15 70 66644  1 1891117 98905 1.5 18 12 4 11 24% 418773 334 11%
c - 498.99 161 14 71 69650  1 1944041 103330 1.5 17 11 4 11 24% 418773 334 11%
c p 499.02 161 14 71 69650  1 1944041 103344 1.5 17 11 4 11 24% 418773 334 11%
c u 499.26 161 14 71 69650  1 1944041 103275 1.5 17 11 4 11 24% 418773 334 11%
c v 499.38 161 14 71 69650  1 1944041 103270 1.5 17 11 4 11 24% 418773 334 11%
c w 499.43 161 14 71 69650  1 1944041 103265 1.5 17 11 4 11 24% 418773 334 11%
c x 499.58 161 14 71 69650  1 1944041 103265 1.5 17 11 4 11 24% 418763 334 11%
c B 501.78 161 14 71 70052  1 1953119 109057 1.5 17 11 4 11 24% 418763 334 11%
c - 511.24 162 13 72 71298  1 2000579 116685 1.6 17 11 4 11 24% 418763 334 11%
c p 511.28 162 13 72 71298  1 2000579 116698 1.6 17 11 4 11 24% 418763 334 11%
c u 511.50 162 13 72 71298  1 2000579 116591 1.6 17 11 4 11 24% 418763 334 11%
c v 511.63 162 13 72 71298  1 2000579 116582 1.6 17 11 4 11 24% 418763 334 11%
c w 511.69 162 13 72 71298  1 2000579 116577 1.6 17 11 4 11 24% 418763 334 11%
c x 511.86 162 13 72 71298  1 2000579 116575 1.6 17 11 4 11 24% 418756 334 11%
c W 518.95 162 13 72 72819  1 2016120 125336 1.6 17 11 4 11 24% 418756 334 11%
c - 533.15 164 14 73 77000  1 2057935 119936 1.5 17 11 4 11 24% 418756 334 11%
c 
c  seconds    reductions     conflicts          size   tier2        variables
c           MB      restarts        redundant      glue    trail        remaining
c            level        rate            size/glue  tier1   irredundant
c 
c p 533.18 164 14 73 77000  1 2057935 119950 1.5 17 11 4 11 24% 418756 334 11%
c u 533.50 164 14 73 77000  1 2057935 119774 1.5 17 11 4 11 24% 418756 334 11%
c v 533.65 164 14 73 77000  1 2057935 119724 1.5 17 11 4 11 24% 418756 334 11%
c w 533.75 164 14 73 77000  1 2057935 119711 1.5 17 11 4 11 24% 418756 334 11%
c x 533.99 164 14 73 77000  1 2057935 119708 1.5 17 11 4 11 24% 418740 334 11%
c } 537.93 164 14 73 78029  1 2071919 128469 1.5 17 11 4 11 24% 418740 334 11%
c [ 537.93 164 19 73 78029  1 2071919 128469 1.5 22 14 6 15 29% 418740 334 11%
c B 539.20 164 19 73 78029  1 2080121 134940 1.6 22 14 6 15 28% 418740 334 11%
c - 545.09 163 19 74 78044  1 2116104 112609 1.5 22 14 6 15 29% 418740 334 11%
c p 545.12 163 19 74 78044  1 2116104 112622 1.5 22 14 6 15 29% 418740 334 11%
c u 545.39 163 19 74 78044  1 2116104 112539 1.5 22 14 6 15 29% 418740 334 11%
c v 545.53 163 19 74 78044  1 2116104 112537 1.5 22 14 6 15 29% 418740 334 11%
c w 545.59 163 19 74 78044  1 2116104 112528 1.5 22 14 6 15 29% 418740 334 11%
c x 545.76 163 19 74 78044  1 2116104 112528 1.5 22 14 6 15 29% 418737 334 11%
c W 551.29 163 19 74 78058  1 2145122 134144 1.5 22 14 6 15 28% 418737 334 11%
c s 553.16 163 19 74 78060  1 2155963 142829 1.5 22 15 6 15 29% 418268 334 11%
c s 553.46 163 19 74 78060  1 2155963 142776 1.5 22 15 6 15 29% 417393 334 11%
c - 555.76 162 19 75 78064  1 2175089 105229 1.5 22 14 6 15 28% 417393 334 11%
c p 555.79 162 19 75 78064  1 2175089 105243 1.5 22 14 6 15 28% 417393 334 11%
c u 555.96 162 19 75 78064  1 2175089 105144 1.5 22 14 6 15 28% 417393 334 11%
c 
c  seconds    reductions     conflicts          size   tier2        variables
c           MB      restarts        redundant      glue    trail        remaining
c            level        rate            size/glue  tier1   irredundant
c 
c v 556.07 162 19 75 78064  1 2175089 105141 1.5 22 14 6 15 28% 417393 334 11%
c w 556.11 162 19 75 78064  1 2175089 105141 1.5 22 14 6 15 28% 417393 334 11%
c x 556.24 162 19 75 78064  1 2175089 105141 1.5 22 14 6 15 28% 417388 334 11%
c O 562.61 162 18 75 78081  1 2211124 130625 1.5 21 14 6 15 28% 417388 334 11%
c - 566.03 162 18 76 78090  1 2234838 106601 1.5 21 14 6 15 27% 417388 334 11%
c p 566.06 162 18 76 78090  1 2234838 106614 1.5 21 14 6 15 27% 417388 334 11%
c u 566.33 162 18 76 78090  1 2234838 106520 1.5 21 14 6 15 27% 417388 334 11%
c v 566.50 162 18 76 78090  1 2234838 106514 1.5 21 14 6 15 27% 417388 334 11%
c w 566.58 162 18 76 78090  1 2234838 106513 1.5 21 14 6 15 27% 417388 334 11%
c x 566.82 162 18 76 78090  1 2234838 106513 1.5 21 14 6 15 27% 417378 334 11%
c B 574.37 162 19 76 78092  1 2278126 141416 1.5 22 14 6 15 28% 417378 334 11%
c - 578.00 162 19 77 78099  1 2295404 106727 1.5 22 14 6 15 28% 417378 334 11%
c p 578.04 162 19 77 78099  1 2295404 106741 1.5 22 14 6 15 28% 417378 334 11%
c u 578.33 162 19 77 78099  1 2295404 106689 1.5 22 14 6 15 28% 417378 334 11%
c v 578.47 162 19 77 78099  1 2295404 106650 1.5 22 14 6 15 28% 417378 334 11%
c w 578.52 162 19 77 78099  1 2295404 106648 1.5 22 14 6 15 28% 417378 334 11%
c x 578.72 162 19 77 78099  1 2295404 106648 1.5 22 14 6 15 28% 417373 334 11%
c ] 585.97 162 18 77 78114  1 2330799 132882 1.6 22 14 6 15 29% 417373 334 11%
c { 585.97 162 14 77 78114  1 2330799 132882 1.5 17 11 4 11 24% 417373 334 11%
c # 591.08 162 14 77 79846  1 2346128 143032 1.5 17 11 4 11 24% 417373 334 11%
c 
c  seconds    reductions     conflicts          size   tier2        variables
c           MB      restarts        redundant      glue    trail        remaining
c            level        rate            size/glue  tier1   irredundant
c 
c - 595.13 163 14 78 80738  1 2356785 109189 1.5 17 11 4 11 24% 417373 334 11%
c p 595.16 163 14 78 80738  1 2356785 109203 1.5 17 11 4 11 24% 417373 334 11%
c u 595.59 163 14 78 80738  1 2356785 109120 1.5 17 11 4 11 24% 417373 334 11%
c v 595.79 163 14 78 80738  1 2356785 109063 1.5 17 11 4 11 24% 417373 334 11%
c w 595.90 163 14 78 80738  1 2356785 109062 1.5 17 11 4 11 24% 417373 334 11%
c x 596.21 163 14 78 80738  1 2356785 109062 1.5 17 11 4 11 24% 417369 334 11%
c i 612.16 163 14 78 85124  1 2413319 144430 1.5 17 11 4 11 24% 417369 333 11%
c B 613.13 163 14 78 85501  1 2415129 145687 1.5 17 11 4 11 24% 417369 333 11%
c - 614.28 163 14 79 85788  1 2418980 115043 1.5 17 11 4 11 24% 413363 333 11%
c 2 614.28 163 14 79 85788  1 2418980 115042 1.5 17 11 4 11 24% 413363 333 11%
c p 614.31 163 14 79 85788  1 2418980 115051 1.5 17 11 4 11 24% 413363 333 11%
c u 614.73 163 14 79 85788  1 2418980 114985 1.5 17 11 4 11 24% 413363 333 11%
c v 614.91 163 14 79 85788  1 2418980 114891 1.5 17 11 4 11 24% 413363 333 11%
c w 615.01 163 14 79 85788  1 2418980 114885 1.5 17 11 4 11 24% 413363 333 11%
c x 615.31 163 14 79 85788  1 2418980 114885 1.5 17 11 4 11 24% 413358 333 11%
c s 627.97 163 14 79 88836  1 2464584 145036 1.5 17 11 4 10 25% 412041 333 11%
c e 628.06 163 14 79 88836  1 2464584 144495 1.5 17 11 4 10 25% 412039 331 11%
c s 628.30 163 14 79 88836  1 2464584 144461 1.5 17 11 4 10 25% 411407 331 11%
c - 632.48 162 13 80 89424  1 2481826 116777 1.5 17 11 4 10 25% 411407 331 11%
c p 632.52 162 13 80 89424  1 2481826 116787 1.5 17 11 4 10 25% 411407 331 11%
c 
c  seconds    reductions     conflicts          size   tier2        variables
c           MB      restarts        redundant      glue    trail        remaining
c            level        rate            size/glue  tier1   irredundant
c 
c u 633.12 162 13 80 89424  1 2481826 116698 1.5 17 11 4 10 25% 411407 331 11%
c v 633.31 162 13 80 89424  1 2481826 116233 1.5 17 11 4 10 25% 411407 331 11%
c w 633.40 162 13 80 89424  1 2481826 116215 1.5 17 11 4 10 25% 411407 331 11%
c x 633.67 162 13 80 89424  1 2481826 116215 1.5 17 11 4 10 25% 411396 331 11%
c W 638.91 162 14 80 89787  1 2485130 118534 1.5 17 11 4 10 25% 411396 331 11%
c - 653.74 163 13 81 93912  1 2545402 119591 1.5 16 11 4 10 24% 411396 331 11%
c p 653.76 163 13 81 93912  1 2545402 119601 1.5 16 11 4 10 24% 411396 331 11%
c u 654.09 163 13 81 93912  1 2545402 119548 1.5 16 11 4 10 24% 411396 331 11%
c v 654.23 163 13 81 93912  1 2545402 119519 1.5 16 11 4 10 24% 411396 331 11%
c w 654.32 163 13 81 93912  1 2545402 119519 1.5 16 11 4 10 24% 411396 331 11%
c x 654.53 163 13 81 93912  1 2545402 119518 1.5 16 11 4 10 24% 411386 331 11%
c F 657.51 163 13 81 94942  1 2556131 126212 1.5 16 11 4 10 24% 411386 331 11%
c } 663.21 163 14 81 96950  1 2577619 139795 1.5 16 11 4 10 24% 411386 331 11%
c [ 663.21 163 18 81 96950  1 2577619 139795 1.6 22 14 6 15 29% 411386 331 11%
c - 667.60 163 18 82 96959  1 2609786 119972 1.5 21 14 6 15 28% 411386 331 11%
c p 667.63 163 18 82 96959  1 2609786 119981 1.5 21 14 6 15 28% 411386 331 11%
c u 667.88 163 18 82 96959  1 2609786 119868 1.5 21 14 6 15 28% 411386 331 11%
c v 668.01 163 18 82 96959  1 2609786 119847 1.5 21 14 6 15 28% 411386 331 11%
c w 668.08 163 18 82 96959  1 2609786 119842 1.5 21 14 6 15 28% 411386 331 11%
c x 668.26 163 18 82 96959  1 2609786 119841 1.5 21 14 6 15 28% 411385 331 11%
c 
c  seconds    reductions     conflicts          size   tier2        variables
c           MB      restarts        redundant      glue    trail        remaining
c            level        rate            size/glue  tier1   irredundant
c 
c W 672.18 163 17 82 96966  1 2628135 131328 1.5 20 13 6 15 27% 411385 331 11%
c - 679.79 162 17 83 96989  1 2674981 114652 1.5 20 13 6 15 26% 411385 331 11%
c p 679.82 162 17 83 96989  1 2674981 114662 1.5 20 13 6 15 26% 411385 331 11%
c u 680.04 162 17 83 96989  1 2674981 114533 1.5 20 13 6 15 26% 411385 331 11%
c v 680.17 162 17 83 96989  1 2674981 114516 1.5 20 13 6 15 26% 411385 331 11%
c w 680.25 162 17 83 96989  1 2674981 114514 1.5 20 13 6 15 26% 411385 331 11%
c x 680.43 162 17 83 96989  1 2674981 114514 1.5 20 13 6 15 26% 411379 331 11%
c I 685.00 162 17 83 96991  1 2701138 131898 1.5 20 13 6 15 26% 411379 331 11%
c - 693.07 162 16 84 96992  1 2740985 115413 1.5 20 13 6 15 26% 411379 331 11%
c p 693.10 162 16 84 96992  1 2740985 115423 1.5 20 13 6 15 26% 411379 331 11%
c u 693.36 162 16 84 96992  1 2740985 115326 1.5 20 13 6 15 26% 411379 331 11%
c v 693.48 162 16 84 96992  1 2740985 115170 1.5 20 13 6 15 26% 411379 331 11%
c w 693.55 162 16 84 96992  1 2740985 115168 1.5 20 13 6 15 26% 411379 331 11%
c x 693.75 162 16 84 96992  1 2740985 115168 1.5 20 13 6 15 26% 411371 331 11%
c B 700.26 162 16 84 96992  1 2775141 140751 1.6 20 13 5 14 27% 411371 331 11%
c s 704.27 169 16 84 96992  1 2793530 154047 1.6 20 12 5 14 28% 410952 331 11%
c s 704.62 169 16 84 96992  1 2793530 154018 1.6 20 12 5 14 28% 410478 331 11%
c - 706.84 169 15 85 96999  1 2807796 121156 1.6 19 12 5 14 27% 410478 331 11%
c p 706.86 169 15 85 96999  1 2807796 121165 1.6 19 12 5 14 27% 410478 331 11%
c u 707.17 169 15 85 96999  1 2807796 121074 1.6 19 12 5 14 27% 410478 331 11%
c 
c  seconds    reductions     conflicts          size   tier2        variables
c           MB      restarts        redundant      glue    trail        remaining
c            level        rate            size/glue  tier1   irredundant
c 
c v 707.34 169 15 85 96999  1 2807796 121045 1.6 19 12 5 14 27% 410478 331 11%
c w 707.42 169 15 85 96999  1 2807796 121045 1.6 19 12 5 14 27% 410478 331 11%
c x 707.63 169 15 85 96999  1 2807796 121045 1.6 19 12 5 14 27% 410467 331 11%
c W 716.07 169 14 85 97019  1 2850142 146653 1.5 18 12 5 14 26% 410467 331 11%
c ] 719.26 169 16 85 97023  1 2870213 163529 1.5 19 12 5 14 27% 410467 331 11%
c { 719.26 169 14 85 97023  1 2870213 163529 1.5 16 11 4 10 24% 410467 331 11%
c - 720.96 169 14 86 97554  1 2875379 123792 1.5 17 11 4 10 24% 410467 331 11%
c p 720.99 169 14 86 97554  1 2875379 123801 1.5 17 11 4 10 24% 410467 331 11%
c u 721.24 169 14 86 97554  1 2875379 123680 1.5 17 11 4 10 24% 410467 331 11%
c v 721.39 169 14 86 97554  1 2875379 123641 1.5 17 11 4 10 24% 410467 331 11%
c w 721.47 169 14 86 97554  1 2875379 123638 1.5 17 11 4 10 24% 410467 331 11%
c x 721.69 169 14 86 97554  1 2875379 123638 1.5 17 11 4 10 24% 410457 331 11%
c B 734.56 169 14 86 100947  1 2926144 157046 1.5 17 11 4 10 24% 410457 331 11%
c - 739.01 170 14 87 102085  1 2943769 131776 1.6 17 11 4 10 24% 410457 331 11%
c p 739.04 170 14 87 102085  1 2943769 131787 1.6 17 11 4 10 24% 410457 331 11%
c u 739.39 170 14 87 102085  1 2943769 131711 1.6 17 11 4 10 24% 410457 331 11%
c v 739.55 170 14 87 102085  1 2943769 131681 1.6 17 11 4 10 24% 410457 331 11%
c w 739.65 170 14 87 102085  1 2943769 131679 1.6 17 11 4 10 24% 410457 331 11%
c x 739.88 170 14 87 102085  1 2943769 131678 1.6 17 11 4 10 24% 410447 331 11%
c i 743.89 170 12 87 102146  1 2974078 144119 1.5 15 10 4 10 23% 410447 330 11%
c 
c  seconds    reductions      conflicts          size   tier2        variables
c           MB      restarts         redundant      glue    trail        remaining
c            level         rate            size/glue  tier1   irredundant
c 
c W 753.83 167 13 87 105021  1 3003145 115485 1.5 16 10 4 10 23% 382147 330 11%
c - 756.32 165 13 88 105821  1 3012967 100998 1.5 16 10 4 10 23% 382147 330 11%
c 2 756.32 165 13 88 105821  1 3012967 100997 1.5 16 10 4 10 23% 382142 330 11%
c d 756.39 165 13 88 105821  1 3012967 99746 1.5 16 10 4 10 23% 382140 329 11%
c p 756.41 165 13 88 105821  1 3012967 99756 1.5 16 10 4 10 23% 382140 329 11%
c 2 756.42 165 13 88 105821  1 3012967 99756 1.5 16 10 4 10 23% 382138 329 11%
c u 756.70 165 13 88 105821  1 3012967 99527 1.5 16 10 4 10 23% 382138 329 11%
c v 756.83 165 13 88 105821  1 3012967 99442 1.5 16 10 4 10 23% 382138 329 11%
c w 756.91 165 13 88 105821  1 3012967 99439 1.5 16 10 4 10 23% 382138 329 11%
c x 757.09 165 13 88 105821  1 3012967 99436 1.5 16 10 4 10 23% 382107 329 11%
c # 776.40 165 13 88 111656  1 3081148 142984 1.5 16 11 4 10 23% 382107 329 11%
c - 776.65 166 13 89 111673  1 3081627 111427 1.5 16 11 4 10 23% 382107 329 11%
c p 776.68 166 13 89 111673  1 3081627 111437 1.5 16 11 4 10 23% 382107 329 11%
c u 777.05 166 13 89 111673  1 3081627 111328 1.5 16 11 4 10 23% 382107 329 11%
c v 777.20 166 13 89 111673  1 3081627 111246 1.5 16 11 4 10 23% 382107 329 11%
c w 777.30 166 13 89 111673  1 3081627 111059 1.5 16 11 4 10 23% 382107 329 11%
c x 777.55 166 13 89 111673  1 3081627 111058 1.5 16 11 4 10 23% 382078 329 11%
c s 793.69 166 13 89 116008  1 3142923 148469 1.5 16 11 3 9 23% 380151 329 11%
c e 793.77 166 13 89 116008  1 3142923 147612 1.5 16 11 3 9 23% 380147 324 11%
c s 794.09 166 13 89 116008  1 3142923 147577 1.5 16 11 3 9 23% 378770 324 11%
c 
c  seconds    reductions      conflicts          size   tier2       variables
c           MB      restarts         redundant      glue   trail        remaining
c            level         rate            size/glue  tier1  irredundant
c 
c - 796.04 165 13 90 116631  1 3151062 109859 1.5 16 11 3 9 23% 378770 324 11%
c p 796.07 165 13 90 116631  1 3151062 109869 1.5 16 11 3 9 23% 378770 324 11%
c u 796.48 165 13 90 116631  1 3151062 109807 1.5 16 11 3 9 23% 378770 324 11%
c v 796.66 165 13 90 116631  1 3151062 109799 1.5 16 11 3 9 23% 378770 324 11%
c w 796.75 165 13 90 116631  1 3151062 109790 1.5 16 11 3 9 23% 378770 324 11%
c x 797.03 165 13 90 116631  1 3151062 109788 1.5 16 11 3 9 23% 378747 324 11%
c B 799.93 165 13 90 117569  1 3160151 115594 1.5 16 11 3 9 23% 378747 324 11%
c } 803.49 165 13 90 118670  1 3174370 123895 1.5 16 11 3 9 23% 378747 324 11%
c [ 803.49 165 16 90 118670  1 3174370 123895 1.5 19 12 5 14 27% 378747 324 11%
c - 812.51 166 14 91 118687  1 3221109 113324 1.6 18 12 5 14 26% 378747 324 11%
c p 812.54 166 14 91 118687  1 3221109 113334 1.6 18 12 5 14 26% 378747 324 11%
c u 812.85 166 14 91 118687  1 3221109 113116 1.6 18 12 5 14 26% 378747 324 11%
c v 813.04 166 14 91 118687  1 3221109 113087 1.6 18 12 5 14 26% 378747 324 11%
c w 813.15 166 14 91 118687  1 3221109 113061 1.6 18 12 5 14 26% 378747 324 11%
c x 813.47 166 14 91 118687  1 3221109 113059 1.6 18 12 5 14 26% 378740 324 11%
c O 817.52 166 14 91 118698  1 3240152 125375 1.6 18 12 5 14 26% 378740 324 11%
c - 827.49 166 14 92 118702  1 3291928 112457 1.6 18 11 5 14 25% 378740 324 11%
c p 827.52 166 14 92 118702  1 3291928 112467 1.6 18 11 5 14 25% 378740 324 11%
c u 827.81 166 14 92 118702  1 3291928 112339 1.6 18 11 5 14 25% 378740 324 11%
c v 827.94 166 14 92 118702  1 3291928 112309 1.6 18 11 5 14 25% 378740 324 11%
c 
c  seconds    reductions      conflicts          size   tier2        variables
c           MB      restarts         redundant      glue    trail        remaining
c            level         rate            size/glue  tier1   irredundant
c 
c w 828.01 166 14 92 118702  1 3291928 112293 1.6 18 11 5 14 25% 378740 324 11%
c x 828.22 166 14 92 118702  1 3291928 112292 1.6 18 11 5 14 25% 378733 324 11%
c i 830.39 166 13 92 118704  1 3304965 119926 1.6 17 11 5 14 25% 378733 323 11%
c i 832.06 166 13 92 118709  1 3313320 124968 1.6 17 11 5 14 25% 378733 322 11%
c B 833.43 166 13 92 118714  1 3321153 129656 1.6 17 11 5 14 25% 378733 322 11%
c i 836.19 166 12 92 118717  1 3336648 137511 1.6 17 10 5 14 25% 378733 318 11%
c i 836.83 166 12 92 118721  1 3340890 139914 1.6 16 10 5 14 25% 378733 315 11%
c i 836.86 166 12 92 118721  1 3341058 139976 1.6 16 10 5 14 25% 378733 314 11%
c i 837.05 166 12 92 118722  1 3342320 140541 1.6 16 10 5 14 25% 378733 303 10%
c ] 837.05 166 12 92 118722  1 3342323 140542 1.6 16 10 5 14 25% 378733 295 10%
c 0 837.05 166 12 92 118722  1 3342323 140542 1.6 16 10 5 14 25% 378733 295 10%
c 
c --- [ closing proof ] ------------------------------------------------------
c 
c LRAT proof file '/root/earth-moon/lean/data/a4_m12c/leaf1.lrat' closed
c LRAT 4041365 added clauses 50.58%
c LRAT 3947990 deleted clauses 49.42%
c LRAT 784329978 bytes (748.00 MB)
c 
c --- [ result ] -------------------------------------------------------------
c 
s UNSATISFIABLE
c 
c --- [ run-time profiling ] -------------------------------------------------
c 
c process time taken by individual solving procedures
c (percentage relative to process time for solving)
c 
c       782.83   93.56% search
c       450.92   53.89% unstable
c       299.34   35.78% stable
c        53.89    6.44% simplify
c        38.85    4.64% vivify
c        32.44    3.88% walk
c         5.25    0.63% sweep
c         4.17    0.50% subsume
c         2.24    0.27% elim
c         1.19    0.14% probe
c         0.72    0.09% ternary
c         0.35    0.04% congruence
c         0.34    0.04% parse
c         0.12    0.01% lucky
c         0.00    0.00% backbone
c   =================================
c       836.72   99.96% solve
c 
c last line shows process time for solving
c (percentage relative to total process time)
c 
c --- [ statistics ] ---------------------------------------------------------
c 
c chronological:            283899         8.49 %  of conflicts
c conflicts:               3342323      3994.58    per second
c backbone:                 134950      4582.34 %  of vars
c decisions:               4012885      4796.00    per second
c eliminated:                 2069        70.25 %  of all variables
c fixed:                       578        19.63 %  of all variables
c learned:                 3287605        98.36 %  per conflict
c learned_lits:           86678327       100.00 %  learned literals
c minimized:                     0         0.00 %  learned literals
c shrunken:               16616917        19.17 %  learned literals
c minishrunken:            6690276         7.72 %  learned literals
c otfs:                      22518         0.67 %  of conflict
c propagations:           46918000         0.06 M  per second
c reduced:                 2095845        62.71 %  per conflict
c rephased:                     81     41263.25    interval
c restarts:                 118722        28.15    interval
c stabilizing:                  15        52.73 %  of conflicts
c substituted:                   3         0.10 %  of all variables
c subsumed:                1010585        27.03 %  of all clauses
c strengthened:             183099         4.90 %  of all clauses
c ticks:               45364172032       986.46    propagation
c vivified:                  18525         0.50 %  of all clauses
c walked:                       25    133692.92    interval
c weakened:                   5143         2.55    average size
c congruence:                   12    278526.92    interval
c 
c seconds are measured in process time for solving
c 
c --- [ glue usage ] ---------------------------------------------------------
c 
c focused glue 3 used 624678 clauses 10.83% accumulated 50.52% tier1
c focused glue 4 used 449637 clauses 7.799% accumulated 58.32%
c focused glue 5-7 used 762687 clauses 13.23% accumulated 71.55%
c focused glue 8 used 247954 clauses 4.301% accumulated 75.85%
c focused glue 9 used 252221 clauses 4.375% accumulated 80.23% tier2
c 
c stable glue 5 used 344935 clauses 4.706% accumulated 52.30% tier1
c stable glue 6 used 279098 clauses 3.808% accumulated 56.11%
c stable glue 7-12 used 1830749 clauses 24.97% accumulated 81.09%
c stable glue 13 used 265044 clauses 3.616% accumulated 84.70%
c stable glue 14 used 236617 clauses 3.228% accumulated 87.93% tier2
c 
c 
c --- [ resources ] ----------------------------------------------------------
c 
c total process time since initialization:       837.05    seconds
c total real time since initialization:          837.15    seconds
c maximum resident set size of process:          222.58    MB
c 
c --- [ shutting down ] ------------------------------------------------------
c 
c exit 20
