c --- [ banner ] -------------------------------------------------------------
c 
c CaDiCaL SAT Solver
c Copyright (c) 2016-2026
c A. Biere, M. Fleury, N. Froleyks, K. Fazekas, F. Pollitt, T. Faller
c JKU Linz, University of Freiburg, TU Wien
c 
c Version 3.0.1 c60730422e758ef1cebe7aeddf2dda31c996bf04
c g++ (Ubuntu 13.3.0-6ubuntu2~24.04.1) 13.3.0 -Wall -Wextra -O3 -DNDEBUG
c Fri Oct 2 18:00:09 UTC 2026 Linux ai-math 6.8.0-139-generic x86_64
c 
c --- [ proof tracing ] ------------------------------------------------------
c 
c opening file to write '/root/earth-moon/lean/data/a4_m12c/leaf12.lrat'
c writing non-binary proof trace to '/root/earth-moon/lean/data/a4_m12c/leaf12.lrat'
c 
c --- [ parsing input ] ------------------------------------------------------
c 
c reading DIMACS file from '/root/earth-moon/lean/data/a4_m12c/leaf12.cnf'
c opening file to read '/root/earth-moon/lean/data/a4_m12c/leaf12.cnf'
c found 'p cnf 2945 5908' header
c parsed 5908 clauses in 0.00 seconds process time
c 
c --- [ options ] ------------------------------------------------------------
c 
c   --binary=false                 (different from default 'true')
c   --lrat=true                    (different from default 'false')
c 
c --- [ solving ] ------------------------------------------------------------
c 
c time measured in process time since initialization
c 
c  seconds  reduction conflicts       size tier2     variables
c         MB    restarts   redundant    glue  trail       remaining
c          level     rate       size/glu tier1 irredundant
c 
c *  0.00  6  0 0   0  0    0    0 0.0 0 0 2 6  0% 5765 2904 99%
c )  0.00  6  0 0   0  0    0    0 0.0 0 0 2 6  0% 5765 2904 99%
c {  0.00  6  0 0   0  0    0    0 0.0 0 0 2 6  0% 5765 2904 99%
c i  0.00  6 1002 0   0 20   95    5 1.9 4 2 2 6 43% 5682 2896 98%
c i  0.00  6 1002 0   0 20   96    5 1.9 3 2 2 6 43% 5682 2895 98%
c i  0.00  6 1003 0   0 19   99    7 1.9 3 2 2 6 43% 5682 2894 98%
c i  0.01  6 715 0   9 21  191   34 1.7 6 3 2 6 42% 5624 2893 98%
c i  0.01  6 695 0   9 21  197   34 1.7 5 3 2 6 41% 5623 2886 98%
c i  0.01  6 681 0   9 20  203   36 1.8 5 3 2 6 41% 5622 2882 98%
c -  0.01  6 488 1   9 16  300   53 1.8 5 3 2 6 41% 5531 2882 98%
c i  0.01  6 461 1  10 17  327   60 1.7 6 3 2 6 41% 5516 2787 95%
c i  0.01  6 426 1  17 18  364   70 1.7 6 3 2 6 40% 5492 2767 94%
c i  0.01  6 424 1  17 18  366   71 1.7 6 3 2 6 39% 5492 2766 94%
c i  0.01  6 405 1  17 18  383   73 1.7 5 3 2 6 38% 5485 2734 93%
c i  0.01  6 378 1  17 16  420   77 1.8 5 3 2 6 37% 5463 2695 92%
c i  0.01  6 366 1  17 16  436   82 1.7 5 3 2 6 36% 5454 2693 91%
c i  0.01  6 316 1  23 14  520  106 1.6 5 3 2 6 33% 5411 2691 91%
c i  0.01  6 315 1  23 14  522  106 1.6 5 3 2 6 33% 5411 2689 91%
c i  0.01  6 258 1  55 15  704  144 1.6 6 4 2 6 33% 5289 2688 91%
c i  0.01  6 257 1  55 15  705  144 1.6 6 4 2 6 32% 5289 2687 91%
c 
c  seconds   reduction conflicts       size tier2     variables
c         MB     restarts   redundant    glue  trail       remaining
c           level     rate       size/glu tier1 irredundant
c 
c i  0.01  6 256 1  55 15  708  144 1.6 5 3 2 6 32% 5288 2684 91%
c i  0.01  6 256 1  55 15  711  145 1.6 5 3 2 6 32% 5287 2682 91%
c -  0.01  7 251 2  55 15  733  102 1.6 5 3 2 6 32% 5037 2682 91%
c i  0.01  7 222 2  58 13  876  136 1.6 6 3 2 6 33% 4948 2680 91%
c i  0.01  7 221 2  58 13  882  140 1.6 5 3 2 6 33% 4947 2678 91%
c i  0.01  7 220 2  58 13  891  144 1.6 5 3 2 6 33% 4946 2677 91%
c i  0.01  7 220 2  58 13  892  144 1.6 5 3 2 6 33% 4946 2676 91%
c i  0.01  7 220 2  58 13  893  144 1.6 5 3 2 6 33% 4946 2675 91%
c i  0.01  7 219 2  58 13  897  144 1.6 5 3 2 6 33% 4944 2672 91%
c i  0.01  7 218 2  58 13  902  144 1.6 5 3 2 6 33% 4942 2667 91%
c i  0.01  7 203 2  58 12  984  161 1.6 5 3 2 6 32% 4894 2666 91%
c i  0.01  7 201 2  58 12  996  164 1.6 5 3 2 6 32% 4890 2665 90%
c i  0.01  7 200 2  58 12 1000  165 1.6 5 3 2 6 32% 4889 2663 90%
c }  0.01  7 200 2  58 12 1001  165 1.6 5 3 2 6 32% 4889 2663 90%
c [  0.01  7  0 2  58  0 1001  165 0.0 0 0 2 6  0% 4889 2663 90%
c O  0.01  7  0 2  58  1 1002  165 0.0 1 0 2 6 22% 4889 2663 90%
c i  0.01  7  0 2  58  1 1002  165 0.0 1 0 2 6 22% 4889 2657 90%
c i  0.01  7  4 2  58  2 1009  167 2.2 2 1 2 6 22% 4888 2649 90%
c i  0.01  7  3 2  58  1 1012  167 2.3 2 1 2 6 18% 4886 2633 89%
c i  0.01  7  3 2  58  2 1013  167 2.5 2 1 2 6 18% 4886 2632 89%
c 
c  seconds  reduction conflicts       size tier2     variables
c         MB    restarts   redundant    glue  trail       remaining
c          level     rate       size/glu tier1 irredundant
c 
c ]  0.01  7  2 2  58  2 1016  167 2.8 2 1 2 6 17% 4886 2619 89%
c 0  0.01  7  2 2  58  2 1016  167 2.8 2 1 2 6 17% 4886 2619 89%
c 
c --- [ closing proof ] ------------------------------------------------------
c 
c LRAT proof file '/root/earth-moon/lean/data/a4_m12c/leaf12.lrat' closed
c LRAT 6059 added clauses 47.91%
c LRAT 6587 deleted clauses 52.09%
c LRAT 301430 bytes (0.29 MB)
c 
c --- [ result ] -------------------------------------------------------------
c 
s UNSATISFIABLE
c 
c --- [ run-time profiling ] -------------------------------------------------
c 
c process time taken by individual solving procedures
c (percentage relative to process time for solving)
c 
c         0.01   98.73% search
c         0.01   82.65% unstable
c         0.00   33.42% parse
c         0.00   11.99% lucky
c         0.00    3.65% stable
c         0.00    0.00% simplify
c   =================================
c         0.01   73.74% solve
c 
c last line shows process time for solving
c (percentage relative to total process time)
c 
c --- [ statistics ] ---------------------------------------------------------
c 
c chronological:               706        69.49 %  of conflicts
c conflicts:                  1016    123076.92    per second
c decisions:                 11061   1339915.20    per second
c fixed:                       326        11.07 %  of all variables
c learned:                     327        32.19 %  per conflict
c learned_lits:               1788       100.00 %  learned literals
c minimized:                     0         0.00 %  learned literals
c shrunken:                     91         5.09 %  learned literals
c minishrunken:                 24         1.34 %  learned literals
c otfs:                       1282       126.18 %  of conflict
c propagations:              86419        10.47 M  per second
c reduced:                      21         2.07 %  per conflict
c rephased:                      1      1016.00    interval
c restarts:                     58        17.52    interval
c stabilizing:                   1         1.28 %  of conflicts
c subsumed:                   1250        20.75 %  of all clauses
c strengthened:                674        11.19 %  of all clauses
c ticks:                    327282         3.79    propagation
c 
c seconds are measured in process time for solving
c 
c --- [ glue usage ] ---------------------------------------------------------
c 
c focused glue 2 used 75 clauses 19.78% accumulated 59.10% tier1
c focused glue 3 used 61 clauses 16.09% accumulated 75.19%
c focused glue 4 used 29 clauses 7.651% accumulated 82.84%
c focused glue 5 used 19 clauses 5.013% accumulated 87.86%
c focused glue 6 used 12 clauses 3.166% accumulated 91.02% tier2
c 
c stable glue 1 used 22 clauses 91.66% accumulated 91.66% tier1
c stable glue 2 used 2 clauses 8.333% accumulated 100.0% tier2
c 
c 
c --- [ resources ] ----------------------------------------------------------
c 
c total process time since initialization:         0.01    seconds
c total real time since initialization:            0.01    seconds
c maximum resident set size of process:           21.25    MB
c 
c --- [ shutting down ] ------------------------------------------------------
c 
c exit 20
