c --- [ banner ] -------------------------------------------------------------
c 
c CaDiCaL SAT Solver
c Copyright (c) 2016-2026
c A. Biere, M. Fleury, N. Froleyks, K. Fazekas, F. Pollitt, T. Faller
c JKU Linz, University of Freiburg, TU Wien
c 
c Version 3.0.1 c60730422e758ef1cebe7aeddf2dda31c996bf04
c g++ (Ubuntu 13.3.0-6ubuntu2~24.04.1) 13.3.0 -Wall -Wextra -O3 -DNDEBUG
c Fri Oct 2 18:00:09 UTC 2026 Linux ai-math 6.8.0-139-generic x86_64
c 
c --- [ proof tracing ] ------------------------------------------------------
c 
c opening file to write '/root/earth-moon/lean/data/a4_m12c/leaf4.lrat'
c writing non-binary proof trace to '/root/earth-moon/lean/data/a4_m12c/leaf4.lrat'
c 
c --- [ parsing input ] ------------------------------------------------------
c 
c reading DIMACS file from '/root/earth-moon/lean/data/a4_m12c/leaf4.cnf'
c opening file to read '/root/earth-moon/lean/data/a4_m12c/leaf4.cnf'
c found 'p cnf 2945 467558' header
c parsed 467558 clauses in 0.31 seconds process time
c 
c --- [ options ] ------------------------------------------------------------
c 
c   --binary=false                 (different from default 'true')
c   --lrat=true                    (different from default 'false')
c 
c --- [ solving ] ------------------------------------------------------------
c 
c time measured in process time since initialization
c 
c  seconds  reduction conflicts       size tier2       variables
c         MB    restarts   redundant    glue  trail         remaining
c          level     rate       size/glu tier1  irredundant
c 
c *  0.31 63  0 0   0  0    0    0 0.0 0 0 2 6  0% 467390 2903 99%
c )  0.41 94  0 0   0  0    0    0 0.0 0 0 2 6  0% 467390 2903 99%
c {  0.42 94  0 0   0  0    0    0 0.0 0 0 2 6  0% 467390 2903 99%
c -  0.60 101 737 1  23 25  302   87 1.4 15 11 2 6 35% 467284 2903 99%
c i  0.65 104 617 1  36 22  364  117 1.4 16 11 2 6 31% 467259 2902 99%
c i  0.79 106 434 1  59 18  537  212 1.4 17 12 2 6 26% 467204 2901 99%
c i  0.79 106 430 1  59 17  545  211 1.4 17 12 2 6 26% 467202 2900 98%
c i  0.79 106 429 1  59 17  546  211 1.4 17 12 2 6 26% 467202 2898 98%
c i  0.79 106 426 1  59 17  549  211 1.4 17 12 2 6 26% 467200 2889 98%
c i  0.79 106 425 1  59 17  550  211 1.4 17 12 2 6 26% 467200 2888 98%
c i  0.79 106 424 1  59 17  553  212 1.4 16 12 2 6 26% 467199 2887 98%
c }  1.01 108 238 1  85 11 1002  543 1.6 17 11 2 6 21% 467148 2887 98%
c [  1.01 108  0 1  85  0 1002  543 0.0 0 0 2 6  0% 467148 2887 98%
c O  1.01 108  7 1  85  8 1003  544 1.2 5 4 2 6 24% 467148 2887 98%
c -  1.13 143  7 2  85  1 1026  319 1.5 7 4 2 6 23% 467124 2887 98%
c i  1.14 143  5 2  85  1 1106  336 1.5 5 4 2 6 18% 467123 2874 98%
c i  1.14 143  6 2  85  1 1118  342 1.4 6 4 2 6 17% 467123 2873 98%
c i  1.38 143 45 2  86  1 2269 1315 1.5 29 19 2 6 30% 467095 2872 98%
c i  1.38 143 45 2  86  1 2270 1315 1.5 29 19 2 6 30% 467095 2870 97%
c i  1.38 143 45 2  86  1 2274 1317 1.5 29 19 2 6 30% 467095 2869 97%
c 
c  seconds   reduction conflicts       size   tier2       variables
c          MB    restarts   redundant     glue   trail         remaining
c           level     rate       size/glue  tier1  irredundant
c 
c -  1.50 143 44 3  86  1 2366  505 1.5 29 19 2 6 29% 467015 2869 97%
c i  1.53 143 43 3  86  1 2431  557 1.5 29 19 2 6 29% 467015 2867 97%
c ]  1.58 143 42 3  86  1 2546  658 1.5 29 19 2 6 28% 467013 2867 97%
c {  1.58 143 238 3  86 11 2546  658 1.6 17 11 2 6 21% 467013 2867 97%
c i  1.59 143 238 3  87 11 2548  659 1.6 17 11 2 6 21% 467013 2866 97%
c i  1.70 143 219 3 112 10 2642  732 1.6 18 11 2 6 21% 467003 2865 97%
c i  1.70 143 219 3 112 10 2643  732 1.6 18 11 2 6 20% 467003 2864 97%
c i  1.70 143 218 3 112 10 2650  732 1.6 17 11 2 6 20% 466999 2841 96%
c O  1.98 144 170 3 177  9 3005  993 1.5 18 12 2 6 19% 466972 2841 96%
c i  2.17 144 151 3 202  8 3218 1164 1.5 19 12 2 6 19% 466951 2840 96%
c 2  2.17 144 151 3 203  8 3218 1164 1.5 19 12 2 6 19% 466951 2825 96%
c d  2.20 144 151 3 203  8 3218 1160 1.5 19 12 2 6 19% 466885 2824 96%
c p  2.21 144 151 3 203  8 3218 1188 1.5 19 12 2 6 19% 466885 2811 95%
c =  2.40 146 151 3 203  8 3218 1184 1.5 19 12 2 6 19% 466812 2751 93%
c t  2.41 146 151 3 203  8 3218 1179 1.5 19 12 2 6 19% 466812 2751 93%
c -  3.45 146 99 4 369  6 4395  721 1.5 20 14 2 6 18% 466769 2751 93%
c 2  3.76 146 72 4 388  5 5719 1639 1.5 20 13 8 16 19% 466760 2740 93%
c i  3.98 148 68 4 391  4 5977 1783 1.5 20 13 8 16 19% 466739 2698 92%
c #  4.01 148 68 4 397  4 6006 1806 1.5 20 13 8 16 19% 466739 2698 92%
c -  4.25 148 57 5 397  4 7161 2249 1.5 18 12 8 14 19% 466694 2698 92%
c 
c  seconds   reduction conflicts       size   tier2        variables
c          MB    restarts   redundant     glue    trail         remaining
c           level     rate       size/glue  tier1   irredundant
c 
c }  4.29 148 52 5 397  3 7758 2550 1.6 18 11 8 14 19% 466694 2698 92%
c [  4.29 148 42 5 397  1 7758 2550 1.5 29 19 2 6 28% 466694 2698 92%
c 2  4.42 148 34 5 397  1 8322 2948 1.6 26 17 2 6 26% 466692 2684 91%
c i  4.63 148 31 5 398  1 8810 3296 1.6 26 16 2 6 25% 466697 2683 91%
c I  4.85 148 27 5 398  1 10010 4151 1.6 24 16 9 21 23% 466694 2683 91%
c -  5.12 148 26 6 399  1 10693 3930 1.6 25 16 9 21 23% 466669 2683 91%
c 2  5.22 148 26 6 399  1 11021 4163 1.5 25 16 9 21 23% 466669 2669 91%
c t  5.33 148 26 6 399  1 11021 4161 1.5 25 16 9 21 23% 466646 2669 91%
c ]  5.96 148 26 6 401  1 14294 6606 1.5 26 17 10 20 22% 466646 2669 91%
c {  5.96 148 52 6 401  3 14294 6606 1.6 18 11 8 14 19% 466646 2669 91%
c s  6.09 149 50 6 426  3 14664 6803 1.6 18 11 8 14 19% 466624 2669 91%
c t  6.10 149 50 6 426  3 14664 6800 1.6 18 11 8 14 19% 466612 2669 91%
c e  6.18 149 50 6 426  3 14664 6061 1.6 18 11 8 14 19% 462286 332 11%
c s  6.21 149 50 6 426  3 14664 6060 1.6 18 11 8 14 19% 462286 332 11%
c -  6.59 149 49 7 446  3 15008 4448 1.6 18 11 8 14 28% 462286 332 11%
c 2  6.59 149 49 7 446  3 15008 4447 1.6 18 11 8 14 28% 462286 332 11%
c u  6.71 149 49 7 446  3 15008 4426 1.6 18 11 8 14 28% 462286 332 11%
c v  6.75 149 49 7 446  3 15008 4421 1.6 18 11 8 14 28% 462286 332 11%
c w  6.77 149 49 7 446  3 15008 4418 1.6 18 11 8 14 28% 462286 332 11%
c x  6.86 149 49 7 446  3 15008 4418 1.6 18 11 8 14 28% 462282 332 11%
c 
c  seconds   reductions conflicts       size   tier2        variables
c          MB    restarts    redundant     glue    trail        remaining
c           level     rate        size/glue  tier1   irredundant
c 
c t  6.86 149 49 7 446  3 15008 4418 1.6 18 11 8 14 28% 462281 332 11%
c B  6.87 149 49 7 446  3 15012 4422 1.6 18 11 8 14 28% 462281 332 11%
c -  8.50 149 36 8 870  2 20105 6678 1.6 19 12 8 14 24% 462281 332 11%
c p  8.51 149 36 8 870  2 20105 6688 1.6 19 12 8 14 24% 462281 332 11%
c W  9.05 149 34 8 900  2 21013 7347 1.6 19 11 8 14 24% 462286 332 11%
c - 11.39 149 30 9 1499  2 26009 9016 1.6 19 12 8 13 24% 462286 332 11%
c p 11.41 149 30 9 1499  2 26009 9019 1.6 19 12 8 13 24% 462286 332 11%
c } 11.72 149 30 9 1499  2 26531 9406 1.6 19 12 8 13 23% 462286 332 11%
c [ 11.72 149 26 9 1499  1 26531 9406 1.5 26 17 10 20 195% 462286 332 11%
c B 12.03 149 25 9 1500  1 28015 10556 1.5 25 17 10 20 168% 462286 332 11%
c - 12.91 149 27 10 1502  1 32721 9577 1.4 26 18 10 20 121% 462286 332 11%
c p 12.92 149 27 10 1502  1 32721 9584 1.4 26 18 10 20 121% 462286 332 11%
c u 13.05 149 27 10 1502  1 32721 9554 1.4 26 18 10 20 121% 462286 332 11%
c v 13.11 149 27 10 1502  1 32721 9553 1.4 26 18 10 20 121% 462286 332 11%
c w 13.13 149 27 10 1502  1 32721 9549 1.4 26 18 10 20 121% 462286 332 11%
c x 13.21 149 27 10 1502  1 32721 9549 1.4 26 18 10 20 121% 462286 332 11%
c W 14.11 149 27 10 1504  1 36016 12058 1.4 26 18 10 20 102% 462286 332 11%
c - 14.95 149 26 11 1507  1 40249 9580 1.4 26 18 12 22 88% 462286 332 11%
c p 14.97 149 26 11 1507  1 40249 9582 1.4 26 18 12 22 88% 462286 332 11%
c ] 15.40 149 26 11 1508  1 43620 11996 1.4 26 18 12 22 79% 462286 332 11%
c 
c  seconds   reductions   conflicts        size   tier2        variables
c          MB     restarts      redundant     glue    trail        remaining
c           level       rate         size/glue  tier1   irredundant
c 
c { 15.40 149 30 11 1508  2 43620 11996 1.6 19 12 8 13 23% 462286 332 11%
c F 15.98 149 29 11 1657  2 45017 13023 1.6 19 12 8 13 23% 462286 332 11%
c - 16.62 150 27 12 1666  2 48600 12302 1.6 19 11 8 13 24% 462286 332 11%
c p 16.63 150 27 12 1666  2 48600 12303 1.6 19 11 8 13 24% 462286 332 11%
c B 19.02 150 24 12 2292  2 55018 16042 1.6 18 11 8 13 23% 462286 332 11%
c s 19.87 150 24 12 2489  2 56439 17074 1.6 18 12 8 13 23% 462261 332 11%
c e 19.97 150 24 12 2489  2 56439 17005 1.6 18 12 8 13 23% 462260 329 11%
c s 19.99 150 24 12 2489  2 56439 16992 1.6 18 12 8 13 23% 462252 329 11%
c - 20.82 150 24 13 2674  2 57775 14747 1.5 18 12 8 13 23% 462252 329 11%
c p 20.84 150 24 13 2674  2 57775 14756 1.5 18 12 8 13 23% 462252 329 11%
c u 21.34 150 24 13 2674  2 57775 14722 1.5 18 12 8 13 23% 462252 329 11%
c v 21.40 150 24 13 2674  2 57775 14722 1.5 18 12 8 13 23% 462252 329 11%
c w 21.43 150 24 13 2674  2 57775 14721 1.5 18 12 8 13 23% 462252 329 11%
c x 21.51 150 24 13 2674  2 57775 14721 1.5 18 12 8 13 23% 462251 329 11%
c } 24.20 150 23 13 3384  2 63514 18982 1.5 18 12 8 13 24% 462251 329 11%
c [ 24.20 150 26 13 3384  1 63514 18982 1.4 26 18 12 22 79% 462251 329 11%
c O 24.57 150 26 13 3384  1 66019 21208 1.4 26 18 12 22 74% 462251 329 11%
c - 25.07 150 26 14 3384  1 67782 17758 1.5 25 17 12 22 72% 462251 329 11%
c p 25.08 150 26 14 3384  1 67782 17766 1.5 25 17 12 22 72% 462251 329 11%
c B 26.87 150 23 14 3390  1 78020 25033 1.5 24 17 11 20 59% 462251 329 11%
c 
c  seconds   reductions   conflicts        size    tier2        variables
c          MB     restarts      redundant     glue     trail        remaining
c           level       rate         size/glue  tier1    irredundant
c 
c - 27.17 150 23 15 3390  1 78618 19435 1.5 24 17 11 20 58% 462251 329 11%
c u 27.32 150 23 15 3390  1 78618 19364 1.5 24 17 11 20 58% 462251 329 11%
c v 27.39 150 23 15 3390  1 78618 19363 1.5 24 17 11 20 58% 462251 329 11%
c w 27.43 150 23 15 3390  1 78618 19362 1.5 24 17 11 20 58% 462251 329 11%
c x 27.52 150 23 15 3390  1 78618 19362 1.5 24 17 11 20 58% 462250 329 11%
c - 30.32 151 22 16 3396  1 90289 22806 1.5 24 16 11 20 51% 462250 329 11%
c p 30.34 151 22 16 3396  1 90289 22814 1.5 24 16 11 20 51% 462250 329 11%
c W 31.14 151 22 16 3397  1 91023 23292 1.5 24 16 11 20 50% 462250 329 11%
c ] 31.18 151 22 16 3397  1 91113 23349 1.5 24 16 11 20 50% 462250 329 11%
c { 31.18 151 23 16 3397  2 91113 23349 1.5 18 12 8 13 24% 462250 329 11%
c - 36.74 151 21 17 4504  2 102796 26054 1.6 19 12 8 13 25% 462250 329 11%
c p 36.76 151 21 17 4504  2 102796 26062 1.6 19 12 8 13 25% 462250 329 11%
c u 36.97 151 21 17 4504  2 102796 25976 1.6 19 12 8 13 25% 462250 329 11%
c v 37.06 151 21 17 4504  2 102796 25970 1.6 19 12 8 13 25% 462250 329 11%
c w 37.10 151 21 17 4504  2 102796 25970 1.6 19 12 8 13 25% 462250 329 11%
c x 37.22 151 21 17 4504  2 102796 25970 1.6 19 12 8 13 25% 462249 329 11%
c W 38.11 151 21 17 4571  2 105025 27880 1.6 19 12 8 13 25% 462249 329 11%
c - 41.52 151 21 18 5375  2 116139 29569 1.6 19 12 8 13 25% 462249 329 11%
c p 41.55 151 21 18 5375  2 116139 29577 1.6 19 12 8 13 25% 462249 329 11%
c s 43.33 152 20 18 5734  2 119179 31756 1.6 19 12 8 13 25% 462206 329 11%
c 
c  seconds   reductions   conflicts         size   tier2        variables
c          MB     restarts       redundant     glue    trail        remaining
c           level       rate          size/glue  tier1   irredundant
c 
c s 43.46 152 20 18 5734  2 119179 31748 1.6 19 12 8 13 25% 462192 329 11%
c # 44.27 152 20 18 5938  2 120028 32391 1.6 19 12 8 13 25% 462192 329 11%
c } 45.27 152 20 18 5975  2 122983 34778 1.6 19 12 8 13 26% 462192 329 11%
c [ 45.27 152 22 18 5975  1 122983 34778 1.5 24 16 11 20 50% 462192 329 11%
c - 47.13 152 22 19 5977  1 130322 34272 1.6 24 15 11 20 48% 462192 329 11%
c p 47.15 152 22 19 5977  1 130322 34280 1.6 24 15 11 20 48% 462192 329 11%
c u 47.34 152 22 19 5977  1 130322 34236 1.6 24 15 11 20 48% 462192 329 11%
c v 47.43 152 22 19 5977  1 130322 34224 1.6 24 15 11 20 48% 462192 329 11%
c w 47.46 152 22 19 5977  1 130322 34224 1.6 24 15 11 20 48% 462192 329 11%
c x 47.58 152 22 19 5977  1 130322 34224 1.6 24 15 11 20 48% 462190 329 11%
c I 48.41 152 22 19 5977  1 136029 38835 1.6 24 15 11 20 46% 462190 329 11%
c - 49.99 152 21 20 5978  1 145347 34954 1.5 24 15 9 17 42% 462190 329 11%
c p 50.01 152 21 20 5978  1 145347 34962 1.5 24 15 9 17 42% 462190 329 11%
c B 51.38 152 21 20 5978  1 153031 41040 1.5 23 15 9 17 41% 462190 329 11%
c - 52.75 152 22 21 5984  1 161215 35362 1.5 23 16 9 17 39% 462190 329 11%
c p 52.77 152 22 21 5984  1 161215 35370 1.5 23 16 9 17 39% 462190 329 11%
c u 52.92 152 22 21 5984  1 161215 35335 1.5 23 16 9 17 39% 462190 329 11%
c v 52.99 152 22 21 5984  1 161215 35327 1.5 23 16 9 17 39% 462190 329 11%
c w 53.02 152 22 21 5984  1 161215 35327 1.5 23 16 9 17 39% 462190 329 11%
c x 53.11 152 22 21 5984  1 161215 35327 1.5 23 16 9 17 39% 462190 329 11%
c 
c  seconds   reductions   conflicts         size   tier2        variables
c          MB     restarts       redundant     glue    trail        remaining
c           level       rate          size/glue  tier1   irredundant
c 
c ] 54.61 152 22 21 5988  1 170293 41936 1.5 23 16 9 17 37% 462190 329 11%
c { 54.61 152 20 21 5988  2 170293 41936 1.6 19 12 8 13 26% 462190 329 11%
c B 55.02 152 20 21 6118  2 171034 42452 1.6 19 12 8 13 26% 462190 329 11%
c - 58.85 152 20 22 7134  2 177925 37331 1.6 19 12 8 13 26% 462190 329 11%
c p 58.88 152 20 22 7134  2 177925 37339 1.6 19 12 8 13 26% 462190 329 11%
c u 59.02 152 20 22 7134  2 177925 37319 1.6 19 12 8 13 26% 462190 329 11%
c v 59.08 152 20 22 7134  2 177925 37318 1.6 19 12 8 13 26% 462190 329 11%
c w 59.10 152 20 22 7134  2 177925 37317 1.6 19 12 8 13 26% 462190 329 11%
c x 59.18 152 20 22 7134  2 177925 37317 1.6 19 12 8 13 26% 462190 329 11%
c W 63.95 152 19 22 7800  2 190037 45989 1.6 19 12 8 13 25% 462190 329 11%
c - 65.19 153 19 23 7914  2 195480 42702 1.6 19 12 8 13 25% 462190 329 11%
c p 65.21 153 19 23 7914  2 195480 42710 1.6 19 12 8 13 25% 462190 329 11%
c u 65.35 153 19 23 7914  2 195480 42669 1.6 19 12 8 13 25% 462190 329 11%
c v 65.40 153 19 23 7914  2 195480 42668 1.6 19 12 8 13 25% 462190 329 11%
c w 65.42 153 19 23 7914  2 195480 42664 1.6 19 12 8 13 25% 462190 329 11%
c x 65.48 153 19 23 7914  2 195480 42664 1.6 19 12 8 13 25% 462190 329 11%
c s 68.08 153 19 23 8542  2 202829 47579 1.6 19 12 6 12 25% 462170 329 11%
c s 68.21 153 19 23 8542  2 202829 47559 1.6 19 12 6 12 25% 462138 329 11%
c F 71.63 153 19 23 9255  2 210038 52496 1.6 19 12 6 12 25% 462138 329 11%
c - 73.53 152 19 24 9622  2 213881 38447 1.6 19 12 6 12 25% 462138 329 11%
c 
c  seconds   reductions   conflicts         size   tier2        variables
c          MB     restarts       redundant     glue    trail        remaining
c           level       rate          size/glue  tier1   irredundant
c 
c p 73.55 152 19 24 9622  2 213881 38455 1.6 19 12 6 12 25% 462138 329 11%
c u 74.34 152 19 24 9622  2 213881 38396 1.6 19 12 6 12 25% 462138 329 11%
c v 74.40 152 19 24 9622  2 213881 38392 1.6 19 12 6 12 25% 462138 329 11%
c w 74.43 152 19 24 9622  2 213881 38389 1.6 19 12 6 12 25% 462138 329 11%
c x 74.51 152 19 24 9622  2 213881 38389 1.6 19 12 6 12 25% 462137 329 11%
c } 75.51 152 19 24 9909  2 215708 39798 1.6 19 12 6 12 25% 462137 329 11%
c [ 75.51 152 22 24 9909  1 215708 39798 1.5 23 16 9 17 37% 462137 329 11%
c W 79.13 152 22 24 9914  1 231040 51877 1.5 24 16 9 17 36% 462137 329 11%
c - 79.64 152 22 25 9915  1 233127 37132 1.5 24 16 9 17 36% 462137 329 11%
c p 79.66 152 22 25 9915  1 233127 37140 1.5 24 16 9 17 36% 462137 329 11%
c u 79.79 152 22 25 9915  1 233127 37114 1.5 24 16 9 17 36% 462137 329 11%
c v 79.85 152 22 25 9915  1 233127 37108 1.5 24 16 9 17 36% 462137 329 11%
c w 79.87 152 22 25 9915  1 233127 37108 1.5 24 16 9 17 36% 462137 329 11%
c x 79.95 152 22 25 9915  1 233127 37108 1.5 24 16 9 17 36% 462137 329 11%
c O 82.85 152 22 25 9927  1 253041 52858 1.5 23 15 9 17 35% 462137 329 11%
c - 82.98 152 22 26 9927  1 253220 37398 1.5 23 15 9 17 35% 462137 329 11%
c p 83.01 152 22 26 9927  1 253220 37405 1.5 23 15 9 17 35% 462137 329 11%
c - 87.25 153 21 27 9930  1 274162 39072 1.5 23 15 8 17 33% 462137 329 11%
c p 87.26 153 21 27 9930  1 274162 39080 1.5 23 15 8 17 33% 462137 329 11%
c u 87.47 153 21 27 9930  1 274162 39055 1.5 23 15 8 17 33% 462137 329 11%
c 
c  seconds   reductions   conflicts         size   tier2        variables
c          MB     restarts       redundant     glue    trail        remaining
c           level       rate          size/glue  tier1   irredundant
c 
c v 87.57 153 21 27 9930  1 274162 39049 1.5 23 15 8 17 33% 462137 329 11%
c w 87.62 153 21 27 9930  1 274162 39047 1.5 23 15 8 17 33% 462137 329 11%
c x 87.75 153 21 27 9930  1 274162 39047 1.5 23 15 8 17 33% 462134 329 11%
c B 88.25 153 21 27 9930  1 276042 40277 1.5 23 15 8 17 33% 462134 329 11%
c ] 89.31 153 21 27 9930  1 281466 44829 1.5 23 15 8 17 33% 462134 329 11%
c { 89.31 153 19 27 9930  2 281466 44829 1.6 19 12 6 12 25% 462134 329 11%
c - 94.66 153 19 28 11150  2 295953 41242 1.6 19 12 6 12 25% 462134 329 11%
c p 94.68 153 19 28 11150  2 295953 41250 1.6 19 12 6 12 25% 462134 329 11%
c u 94.84 153 19 28 11150  2 295953 41201 1.6 19 12 6 12 25% 462134 329 11%
c v 94.91 153 19 28 11150  2 295953 41197 1.6 19 12 6 12 25% 462134 329 11%
c w 94.94 153 19 28 11150  2 295953 41192 1.6 19 12 6 12 25% 462134 329 11%
c x 95.03 153 19 28 11150  2 295953 41192 1.6 19 12 6 12 25% 462133 329 11%
c B 96.89 153 19 28 11705  2 300044 44145 1.6 19 12 6 12 25% 462133 329 11%
c s 99.26 153 19 28 12334  2 307391 49092 1.6 19 12 6 12 25% 462093 329 11%
c s 99.41 153 19 28 12334  2 307391 49074 1.6 19 12 6 12 25% 462044 329 11%
c - 103.98 153 18 29 13418  2 318595 43980 1.6 19 12 6 12 26% 462044 329 11%
c p 104.01 153 18 29 13418  2 318595 43988 1.6 19 12 6 12 26% 462044 329 11%
c u 104.23 153 18 29 13418  2 318595 43932 1.6 19 12 6 12 26% 462044 329 11%
c v 104.33 153 18 29 13418  2 318595 43923 1.6 19 12 6 12 26% 462044 329 11%
c w 104.38 153 18 29 13418  2 318595 43921 1.6 19 12 6 12 26% 462044 329 11%
c 
c  seconds    reductions    conflicts         size   tier2        variables
c           MB      restarts       redundant     glue    trail        remaining
c            level        rate          size/glue  tier1   irredundant
c 
c W 108.03 153 18 29 14063  2 325048 48695 1.6 19 13 6 12 26% 462044 329 11%
c - 112.28 153 18 30 15060  2 342087 44091 1.5 19 12 5 12 25% 462044 329 11%
c p 112.30 153 18 30 15060  2 342087 44099 1.5 19 12 5 12 25% 462044 329 11%
c u 112.47 153 18 30 15060  2 342087 44057 1.5 19 12 5 12 25% 462044 329 11%
c v 112.53 153 18 30 15060  2 342087 44056 1.5 19 12 5 12 25% 462044 329 11%
c w 112.56 153 18 30 15060  2 342087 44055 1.5 19 12 5 12 25% 462044 329 11%
c x 112.64 153 18 30 15060  2 342087 44054 1.5 19 12 5 12 25% 462044 329 11%
c } 114.21 153 18 30 15334  2 346866 47740 1.6 19 12 5 12 25% 462044 329 11%
c [ 114.21 153 21 30 15334  1 346866 47740 1.5 23 15 8 17 33% 462044 329 11%
c W 115.61 153 21 30 15335  1 351050 50909 1.5 23 15 8 17 33% 462044 329 11%
c - 118.93 153 21 31 15335  1 366429 45490 1.5 23 15 8 17 33% 462044 329 11%
c p 118.96 153 21 31 15335  1 366429 45497 1.5 23 15 8 17 33% 462044 329 11%
c u 119.82 154 21 31 15335  1 366429 45469 1.5 23 15 8 17 33% 462044 329 11%
c v 119.90 154 21 31 15335  1 366429 45466 1.5 23 15 8 17 33% 462044 329 11%
c w 119.93 154 21 31 15335  1 366429 45466 1.5 23 15 8 17 33% 462044 329 11%
c x 120.04 154 21 31 15335  1 366429 45466 1.5 23 15 8 17 33% 462044 329 11%
c I 122.41 154 21 31 15335  1 378053 54824 1.6 24 15 8 17 34% 462044 329 11%
c - 125.09 154 20 32 15342  1 391620 42766 1.5 24 15 8 17 33% 462044 329 11%
c p 125.11 154 20 32 15342  1 391620 42774 1.5 24 15 8 17 33% 462044 329 11%
c u 125.27 154 20 32 15342  1 391620 42736 1.5 24 15 8 17 33% 462044 329 11%
c 
c  seconds    reductions    conflicts         size   tier2        variables
c           MB      restarts       redundant     glue    trail        remaining
c            level        rate          size/glue  tier1   irredundant
c 
c v 125.34 154 20 32 15342  1 391620 42731 1.5 24 15 8 17 33% 462044 329 11%
c w 125.38 154 20 32 15342  1 391620 42729 1.5 24 15 8 17 33% 462044 329 11%
c x 125.48 154 20 32 15342  1 391620 42729 1.5 24 15 8 17 33% 462042 329 11%
c B 128.21 154 21 32 15350  1 406056 53128 1.5 24 16 7 17 32% 462042 329 11%
c - 130.26 153 21 33 15353  1 417663 39569 1.5 24 16 7 17 31% 462042 329 11%
c p 130.29 153 21 33 15353  1 417663 39577 1.5 24 16 7 17 31% 462042 329 11%
c u 130.45 153 21 33 15353  1 417663 39544 1.5 24 16 7 17 31% 462042 329 11%
c v 130.52 153 21 33 15353  1 417663 39541 1.5 24 16 7 17 31% 462042 329 11%
c w 130.55 153 21 33 15353  1 417663 39540 1.5 24 16 7 17 31% 462042 329 11%
c x 130.65 153 21 33 15353  1 417663 39540 1.5 24 16 7 17 31% 462041 329 11%
c ] 132.59 153 21 33 15357  1 426863 46543 1.5 24 16 7 17 31% 462041 329 11%
c { 132.59 153 18 33 15357  2 426863 46543 1.6 19 12 5 12 25% 462041 329 11%
c s 134.96 153 18 33 16016  2 432861 50440 1.5 19 12 5 12 25% 461977 329 11%
c s 135.12 153 18 33 16016  2 432861 50432 1.5 19 12 5 12 25% 461919 329 11%
c # 135.94 153 18 33 16131  2 435058 51965 1.5 19 12 5 12 25% 461919 329 11%
c - 139.71 154 18 34 16972  2 444562 43378 1.5 19 12 5 12 25% 461919 329 11%
c p 139.74 154 18 34 16972  2 444562 43386 1.5 19 12 5 12 25% 461919 329 11%
c u 139.89 154 18 34 16972  2 444562 43267 1.5 19 12 5 12 25% 461919 329 11%
c v 139.97 154 18 34 16972  2 444562 43267 1.5 19 12 5 12 25% 461919 329 11%
c w 140.01 154 18 34 16972  2 444562 43266 1.5 19 12 5 12 25% 461919 329 11%
c 
c  seconds    reductions    conflicts         size   tier2        variables
c           MB      restarts       redundant     glue    trail        remaining
c            level        rate          size/glue  tier1   irredundant
c 
c x 140.13 154 18 34 16972  2 444562 43266 1.5 19 12 5 12 25% 461916 329 11%
c B 146.99 154 18 34 18887  2 465059 57692 1.5 19 12 5 12 25% 461916 329 11%
c - 149.87 154 18 35 19657  2 472306 50509 1.5 19 12 5 12 26% 461916 329 11%
c p 149.90 154 18 35 19657  2 472306 50517 1.5 19 12 5 12 26% 461916 329 11%
c u 150.11 154 18 35 19657  2 472306 50475 1.5 19 12 5 12 26% 461916 329 11%
c v 150.21 154 18 35 19657  2 472306 50471 1.5 19 12 5 12 26% 461916 329 11%
c w 150.25 154 18 35 19657  2 472306 50470 1.5 19 12 5 12 26% 461916 329 11%
c x 150.38 154 18 35 19657  2 472306 50470 1.5 19 12 5 12 26% 461915 329 11%
c W 159.16 154 17 35 20962  2 496061 67586 1.6 19 12 5 12 26% 461915 329 11%
c - 161.46 155 17 36 21528  2 500905 55561 1.6 19 12 5 12 26% 461915 329 11%
c p 161.49 155 17 36 21528  2 500905 55578 1.6 19 12 5 12 26% 461915 329 11%
c u 161.68 155 17 36 21528  2 500905 55462 1.6 19 12 5 12 26% 461915 329 11%
c v 161.77 155 17 36 21528  2 500905 55457 1.6 19 12 5 12 26% 461915 329 11%
c w 161.82 155 17 36 21528  2 500905 55456 1.6 19 12 5 12 26% 461915 329 11%
c x 161.95 155 17 36 21528  2 500905 55456 1.6 19 12 5 12 26% 461914 329 11%
c } 166.34 155 18 36 22824  2 509925 62114 1.5 19 13 5 12 26% 461914 329 11%
c [ 166.34 155 21 36 22824  1 509925 62114 1.5 24 16 7 17 31% 461914 329 11%
c W 170.87 155 21 36 22832  1 528063 76625 1.5 24 16 7 17 31% 461914 329 11%
c - 171.13 155 21 37 22832  1 530356 56434 1.5 24 15 7 17 31% 461914 329 11%
c p 171.16 155 21 37 22832  1 530356 56451 1.5 24 15 7 17 31% 461914 329 11%
c 
c  seconds    reductions    conflicts         size   tier2        variables
c           MB      restarts       redundant     glue    trail        remaining
c            level        rate          size/glue  tier1   irredundant
c 
c u 171.33 155 21 37 22832  1 530356 56363 1.5 24 15 7 17 31% 461914 329 11%
c v 171.42 155 21 37 22832  1 530356 56358 1.5 24 15 7 17 31% 461914 329 11%
c w 171.47 155 21 37 22832  1 530356 56357 1.5 24 15 7 17 31% 461914 329 11%
c x 171.61 155 21 37 22832  1 530356 56357 1.5 24 15 7 17 31% 461913 329 11%
c - 175.90 155 19 38 22841  1 560660 54820 1.5 22 15 7 17 29% 461913 329 11%
c p 175.92 155 19 38 22841  1 560660 54836 1.5 22 15 7 17 29% 461913 329 11%
c u 176.08 155 19 38 22841  1 560660 54792 1.5 22 15 7 17 29% 461913 329 11%
c v 176.13 155 19 38 22841  1 560660 54791 1.5 22 15 7 17 29% 461913 329 11%
c w 176.16 155 19 38 22841  1 560660 54790 1.5 22 15 7 17 29% 461913 329 11%
c x 176.23 155 19 38 22841  1 560660 54790 1.5 22 15 7 17 29% 461912 329 11%
c O 176.38 155 19 38 22842  1 561064 55077 1.5 22 15 7 17 29% 461912 329 11%
c s 179.64 155 19 38 22848  1 579236 66937 1.5 22 14 7 17 29% 461830 329 11%
c s 179.81 155 19 38 22848  1 579236 66932 1.5 22 14 7 17 29% 461786 329 11%
c - 181.99 155 18 39 22855  1 591820 56882 1.5 22 14 7 17 29% 461786 329 11%
c p 182.02 155 18 39 22855  1 591820 56898 1.5 22 14 7 17 29% 461786 329 11%
c u 182.66 155 18 39 22855  1 591820 56845 1.5 22 14 7 17 29% 461786 329 11%
c v 182.73 155 18 39 22855  1 591820 56843 1.5 22 14 7 17 29% 461786 329 11%
c w 182.76 155 18 39 22855  1 591820 56838 1.5 22 14 7 17 29% 461786 329 11%
c x 182.87 155 18 39 22855  1 591820 56838 1.5 22 14 7 17 29% 461786 329 11%
c B 183.46 155 18 39 22857  1 595066 59111 1.5 22 14 7 16 29% 461786 329 11%
c 
c  seconds    reductions    conflicts         size   tier2        variables
c           MB      restarts       redundant     glue    trail        remaining
c            level        rate          size/glue  tier1   irredundant
c 
c - 187.29 155 18 40 22864  1 623830 57077 1.5 22 14 7 16 29% 461786 329 11%
c p 187.31 155 18 40 22864  1 623830 57093 1.5 22 14 7 16 29% 461786 329 11%
c u 187.46 155 18 40 22864  1 623830 57073 1.5 22 14 7 16 29% 461786 329 11%
c v 187.51 155 18 40 22864  1 623830 57066 1.5 22 14 7 16 29% 461786 329 11%
c w 187.54 155 18 40 22864  1 623830 57065 1.5 22 14 7 16 29% 461786 329 11%
c W 189.62 155 18 40 22864  1 630067 61565 1.5 22 14 7 16 29% 461786 329 11%
c ] 190.94 155 19 40 22865  1 638295 67773 1.5 22 15 7 16 28% 461786 329 11%
c { 190.94 155 18 40 22865  2 638295 67773 1.5 19 13 5 12 26% 461786 329 11%
c - 197.15 155 17 41 23822  1 656696 58695 1.6 20 12 5 12 26% 461786 329 11%
c p 197.18 155 17 41 23822  1 656696 58711 1.6 20 12 5 12 26% 461786 329 11%
c u 197.46 155 17 41 23822  1 656696 58656 1.6 20 12 5 12 26% 461786 329 11%
c v 197.58 155 17 41 23822  1 656696 58604 1.6 20 12 5 12 26% 461786 329 11%
c w 197.66 155 17 41 23822  1 656696 58603 1.6 20 12 5 12 26% 461786 329 11%
c F 201.84 155 18 41 25177  2 666068 65418 1.5 20 13 4 12 26% 461786 329 11%
c - 209.91 155 17 42 26416  1 690418 59814 1.6 20 13 4 12 27% 461786 329 11%
c p 209.94 155 17 42 26416  1 690418 59828 1.6 20 13 4 12 27% 461786 329 11%
c u 210.22 155 17 42 26416  1 690418 59756 1.6 20 13 4 12 27% 461786 329 11%
c v 210.35 155 17 42 26416  1 690418 59751 1.6 20 13 4 12 27% 461786 329 11%
c w 210.41 155 17 42 26416  1 690418 59745 1.6 20 13 4 12 27% 461786 329 11%
c x 210.59 155 17 42 26416  1 690418 59745 1.6 20 13 4 12 27% 461785 329 11%
c 
c  seconds    reductions    conflicts         size   tier2        variables
c           MB      restarts       redundant     glue    trail        remaining
c            level        rate          size/glue  tier1   irredundant
c 
c B 215.07 155 18 42 27498  1 703072 69723 1.6 20 13 4 12 27% 461785 329 11%
c - 222.89 156 17 43 29277  1 724994 63348 1.6 20 13 4 12 27% 461785 329 11%
c p 222.92 156 17 43 29277  1 724994 63361 1.6 20 13 4 12 27% 461785 329 11%
c u 223.16 156 17 43 29277  1 724994 63313 1.6 20 13 4 12 27% 461785 329 11%
c v 223.27 156 17 43 29277  1 724994 63311 1.6 20 13 4 12 27% 461785 329 11%
c w 223.33 156 17 43 29277  1 724994 63309 1.6 20 13 4 12 27% 461785 329 11%
c x 223.49 156 17 43 29277  1 724994 63309 1.6 20 13 4 12 27% 461785 329 11%
c W 231.47 156 17 43 30396  1 741074 75227 1.6 20 13 4 12 27% 461785 329 11%
c } 231.78 156 17 43 30473  1 741595 75646 1.6 20 13 4 12 27% 461785 329 11%
c [ 231.78 156 19 43 30473  1 741595 75646 1.5 22 15 7 16 28% 461785 329 11%
c s 232.57 156 19 43 30473  1 746516 79998 1.5 22 14 7 16 29% 461707 329 11%
c s 232.75 156 19 43 30473  1 746516 79988 1.5 22 14 7 16 29% 461688 329 11%
c - 234.82 156 19 44 30473  1 760423 62085 1.5 22 15 7 16 28% 461688 329 11%
c p 234.85 156 19 44 30473  1 760423 62098 1.5 22 15 7 16 28% 461688 329 11%
c u 235.04 156 19 44 30473  1 760423 61993 1.5 22 15 7 16 28% 461688 329 11%
c v 235.14 156 19 44 30473  1 760423 61986 1.5 22 15 7 16 28% 461688 329 11%
c w 235.19 156 19 44 30473  1 760423 61986 1.5 22 15 7 16 28% 461688 329 11%
c x 235.34 156 19 44 30473  1 760423 61985 1.5 22 15 7 16 28% 461687 329 11%
c I 237.89 156 20 44 30474  1 780076 76380 1.5 22 15 7 16 28% 461687 329 11%
c - 241.07 155 20 45 30474  1 796706 55000 1.4 22 16 7 16 27% 461687 329 11%
c 
c  seconds    reductions    conflicts         size   tier2        variables
c           MB      restarts       redundant     glue    trail        remaining
c            level        rate          size/glue  tier1   irredundant
c 
c p 241.10 155 20 45 30474  1 796706 55012 1.4 22 16 7 16 27% 461687 329 11%
c u 241.26 155 20 45 30474  1 796706 54977 1.4 22 16 7 16 27% 461687 329 11%
c v 241.33 155 20 45 30474  1 796706 54973 1.4 22 16 7 16 27% 461687 329 11%
c w 241.36 155 20 45 30474  1 796706 54969 1.4 22 16 7 16 27% 461687 329 11%
c x 241.47 155 20 45 30474  1 796706 54969 1.4 22 16 7 16 27% 461687 329 11%
c B 245.75 155 20 45 30474  1 820079 71788 1.5 22 15 7 16 28% 461687 329 11%
c - 248.25 155 19 46 30475  1 833848 54716 1.5 22 15 7 16 27% 461687 329 11%
c p 248.28 155 19 46 30475  1 833848 54729 1.5 22 15 7 16 27% 461687 329 11%
c u 248.43 155 19 46 30475  1 833848 54615 1.5 22 15 7 16 27% 461687 329 11%
c v 248.51 155 19 46 30475  1 833848 54580 1.5 22 15 7 16 27% 461687 329 11%
c w 248.55 155 19 46 30475  1 833848 54574 1.5 22 15 7 16 27% 461687 329 11%
c x 248.67 155 19 46 30475  1 833848 54574 1.5 22 15 7 16 27% 461686 329 11%
c W 253.85 155 17 46 30489  1 861081 71106 1.5 21 14 7 16 27% 461686 329 11%
c - 255.74 156 18 47 30493  1 871841 61554 1.5 21 14 7 16 27% 461686 329 11%
c p 255.77 156 18 47 30493  1 871841 61567 1.5 21 14 7 16 27% 461686 329 11%
c u 255.95 156 18 47 30493  1 871841 61477 1.5 21 14 7 16 27% 461686 329 11%
c v 256.03 156 18 47 30493  1 871841 61473 1.5 21 14 7 16 27% 461686 329 11%
c w 256.06 156 18 47 30493  1 871841 61471 1.5 21 14 7 16 27% 461686 329 11%
c x 256.14 156 18 47 30493  1 871841 61470 1.5 21 14 7 16 27% 461682 329 11%
c ] 258.97 156 18 47 30503  1 890357 74255 1.5 21 14 7 16 28% 461682 329 11%
c 
c  seconds    reductions    conflicts         size   tier2        variables
c           MB      restarts       redundant     glue    trail        remaining
c            level        rate          size/glue  tier1   irredundant
c 
c { 258.97 156 17 47 30503  1 890357 74255 1.6 20 13 4 12 27% 461682 329 11%
c # 261.70 156 17 47 30781  1 903082 82822 1.6 20 12 4 12 27% 461682 329 11%
c - 264.95 156 17 48 31507  1 910692 67252 1.6 20 13 4 12 27% 461682 329 11%
c p 264.98 156 17 48 31507  1 910692 67265 1.6 20 13 4 12 27% 461682 329 11%
c u 266.15 156 17 48 31507  1 910692 67162 1.6 20 13 4 12 27% 461682 329 11%
c v 266.25 156 17 48 31507  1 910692 67161 1.6 20 13 4 12 27% 461682 329 11%
c w 266.30 156 17 48 31507  1 910692 67161 1.6 20 13 4 12 27% 461682 329 11%
c x 266.42 156 17 48 31507  1 910692 67161 1.6 20 13 4 12 27% 461674 329 11%
c s 274.94 156 17 48 33456  1 934701 84353 1.6 20 13 4 12 27% 461595 329 11%
c s 275.14 156 17 48 33456  1 934701 84322 1.6 20 13 4 12 27% 461423 329 11%
c B 279.71 156 17 48 34471  1 946084 93063 1.6 20 13 4 12 27% 461423 329 11%
c - 282.06 157 17 49 34767  1 950400 70444 1.6 20 13 4 12 27% 461423 329 11%
c p 282.10 157 17 49 34767  1 950400 70458 1.6 20 13 4 12 27% 461423 329 11%
c u 282.44 157 17 49 34767  1 950400 70375 1.6 20 13 4 12 27% 461423 329 11%
c v 282.64 157 17 49 34767  1 950400 70372 1.6 20 13 4 12 27% 461423 329 11%
c w 282.74 157 17 49 34767  1 950400 70370 1.6 20 13 4 12 27% 461423 329 11%
c x 282.99 157 17 49 34767  1 950400 70370 1.6 20 13 4 12 27% 461420 329 11%
c W 294.43 157 17 49 36820  1 990086 98252 1.6 20 12 4 12 27% 461420 329 11%
c - 295.03 157 17 50 36976  1 990959 74503 1.6 20 12 4 12 27% 461420 329 11%
c p 295.07 157 17 50 36976  1 990959 74532 1.6 20 12 4 12 27% 461420 329 11%
c 
c  seconds    reductions    conflicts         size   tier2        variables
c           MB      restarts       redundant     glue    trail        remaining
c            level        rate          size/glue  tier1   irredundant
c 
c u 295.25 157 17 50 36976  1 990959 74456 1.6 20 12 4 12 27% 461420 329 11%
c v 295.35 157 17 50 36976  1 990959 74453 1.6 20 12 4 12 27% 461420 329 11%
c w 295.40 157 17 50 36976  1 990959 74453 1.6 20 12 4 12 27% 461420 329 11%
c x 295.54 157 17 50 36976  1 990959 74453 1.6 20 12 4 12 27% 461420 329 11%
c } 305.44 157 17 50 39360  1 1025255 96893 1.6 19 12 4 12 26% 461420 329 11%
c [ 305.44 157 18 50 39360  1 1025255 96893 1.5 21 14 7 16 28% 461420 329 11%
c - 306.43 157 18 51 39361  1 1032371 77843 1.5 21 14 7 16 27% 461420 329 11%
c p 306.47 157 18 51 39361  1 1032371 77865 1.5 21 14 7 16 27% 461420 329 11%
c u 306.67 157 18 51 39361  1 1032371 77633 1.5 21 14 7 16 27% 461420 329 11%
c v 306.77 157 18 51 39361  1 1032371 77607 1.5 21 14 7 16 27% 461420 329 11%
c w 306.84 157 18 51 39361  1 1032371 77607 1.5 21 14 7 16 27% 461420 329 11%
c x 307.01 157 18 51 39361  1 1032371 77607 1.5 21 14 7 16 27% 461415 329 11%
c O 307.74 157 18 51 39362  1 1035087 79772 1.5 21 14 7 16 27% 461415 329 11%
c - 314.89 157 18 52 39376  1 1074640 73359 1.5 21 14 7 16 28% 461415 329 11%
c p 314.92 157 18 52 39376  1 1074640 73381 1.5 21 14 7 16 28% 461415 329 11%
c u 315.14 157 18 52 39376  1 1074640 73330 1.5 21 14 7 16 28% 461415 329 11%
c v 315.24 157 18 52 39376  1 1074640 73302 1.5 21 14 7 16 28% 461415 329 11%
c w 315.29 157 18 52 39376  1 1074640 73294 1.5 21 14 7 16 28% 461415 329 11%
c x 315.42 157 18 52 39376  1 1074640 73294 1.5 21 14 7 16 28% 461414 329 11%
c B 316.50 157 18 52 39377  1 1081089 78211 1.5 21 14 7 16 28% 461414 329 11%
c 
c  seconds    reductions     conflicts         size   tier2        variables
c           MB      restarts        redundant     glue    trail        remaining
c            level        rate           size/glue  tier1   irredundant
c 
c - 323.32 157 17 53 39392  1 1117766 71877 1.6 21 14 7 16 29% 461414 329 11%
c p 323.35 157 17 53 39392  1 1117766 71899 1.6 21 14 7 16 29% 461414 329 11%
c u 323.55 157 17 53 39392  1 1117766 71797 1.6 21 14 7 16 29% 461414 329 11%
c v 323.65 157 17 53 39392  1 1117766 71793 1.6 21 14 7 16 29% 461414 329 11%
c w 323.70 157 17 53 39392  1 1117766 71792 1.6 21 14 7 16 29% 461414 329 11%
c x 323.81 157 17 53 39392  1 1117766 71792 1.6 21 14 7 16 29% 461399 329 11%
c W 327.28 157 17 53 39393  1 1128090 78872 1.6 21 14 6 15 29% 461399 329 11%
c s 330.29 157 17 53 39394  1 1143777 90283 1.6 22 14 6 15 29% 461226 329 11%
c s 330.51 157 17 53 39394  1 1143777 90279 1.6 22 14 6 15 29% 461186 329 11%
c - 333.78 157 17 54 39394  1 1161750 73756 1.6 22 14 6 15 29% 461186 329 11%
c p 333.82 157 17 54 39394  1 1161750 73778 1.6 22 14 6 15 29% 461186 329 11%
c u 334.01 157 17 54 39394  1 1161750 73635 1.6 22 14 6 15 29% 461186 329 11%
c v 334.11 157 17 54 39394  1 1161750 73630 1.6 22 14 6 15 29% 461186 329 11%
c w 334.17 157 17 54 39394  1 1161750 73629 1.6 22 14 6 15 29% 461186 329 11%
c x 334.30 157 17 54 39394  1 1161750 73629 1.6 22 14 6 15 29% 461178 329 11%
c I 337.33 157 17 54 39400  1 1176091 84664 1.6 22 14 6 15 29% 461178 329 11%
c ] 340.46 157 17 54 39408  1 1192897 97416 1.6 22 14 6 15 29% 461178 329 11%
c { 340.46 157 17 54 39408  1 1192897 97416 1.6 19 12 4 12 26% 461178 329 11%
c - 345.58 157 17 55 40594  1 1206586 75498 1.6 19 12 4 12 26% 461178 329 11%
c p 345.62 157 17 55 40594  1 1206586 75520 1.6 19 12 4 12 26% 461178 329 11%
c 
c  seconds    reductions     conflicts         size   tier2        variables
c           MB      restarts        redundant     glue    trail        remaining
c            level        rate           size/glue  tier1   irredundant
c 
c u 345.97 157 17 55 40594  1 1206586 75381 1.6 19 12 4 12 26% 461178 329 11%
c v 346.14 157 17 55 40594  1 1206586 75374 1.6 19 12 4 12 26% 461178 329 11%
c w 346.22 157 17 55 40594  1 1206586 75373 1.6 19 12 4 12 26% 461178 329 11%
c x 346.46 157 17 55 40594  1 1206586 75373 1.6 19 12 4 12 26% 461176 329 11%
c F 351.90 157 16 55 41503  1 1225095 88232 1.6 19 12 4 12 26% 461176 329 11%
c - 361.86 158 16 56 43681  1 1252279 82579 1.6 19 12 4 12 27% 461176 329 11%
c p 361.90 158 16 56 43681  1 1252279 82601 1.6 19 12 4 12 27% 461176 329 11%
c u 362.19 158 16 56 43681  1 1252279 82540 1.6 19 12 4 12 27% 461176 329 11%
c v 362.32 158 16 56 43681  1 1252279 82522 1.6 19 12 4 12 27% 461176 329 11%
c w 362.39 158 16 56 43681  1 1252279 82518 1.6 19 12 4 12 27% 461176 329 11%
c x 362.57 158 16 56 43681  1 1252279 82518 1.6 19 12 4 12 27% 461175 329 11%
c B 368.75 158 16 56 45131  1 1275096 99046 1.6 19 12 4 12 26% 461175 329 11%
c - 376.05 161 16 57 47013  1 1298828 88200 1.6 19 12 4 12 27% 461175 329 11%
c p 376.09 161 16 57 47013  1 1298828 88222 1.6 19 12 4 12 27% 461175 329 11%
c u 376.43 161 16 57 47013  1 1298828 88143 1.6 19 12 4 12 27% 461175 329 11%
c v 376.60 161 16 57 47013  1 1298828 88125 1.6 19 12 4 12 27% 461175 329 11%
c w 376.68 161 16 57 47013  1 1298828 88122 1.6 19 12 4 12 27% 461175 329 11%
c x 376.90 161 16 57 47013  1 1298828 88122 1.6 19 12 4 12 27% 461172 329 11%
c W 387.43 161 16 57 48507  1 1326097 106602 1.6 19 12 4 11 26% 461172 329 11%
c - 394.12 162 16 58 49837  1 1346235 87907 1.6 20 12 4 11 27% 461172 329 11%
c 
c  seconds    reductions     conflicts         size   tier2        variables
c           MB      restarts        redundant     glue    trail        remaining
c            level        rate           size/glue  tier1   irredundant
c 
c p 394.16 162 16 58 49837  1 1346235 87929 1.6 20 12 4 11 27% 461172 329 11%
c u 395.83 164 16 58 49837  1 1346235 87817 1.6 20 12 4 11 27% 461172 329 11%
c v 395.98 164 16 58 49837  1 1346235 87815 1.6 20 12 4 11 27% 461172 329 11%
c w 396.05 164 16 58 49837  1 1346235 87809 1.6 20 12 4 11 27% 461172 329 11%
c x 396.25 164 16 58 49837  1 1346235 87809 1.6 20 12 4 11 27% 461168 329 11%
c } 397.91 164 16 58 50238  1 1351626 91130 1.6 19 12 4 11 27% 461168 329 11%
c [ 397.91 164 17 58 50238  1 1351626 91130 1.6 22 14 6 15 29% 461168 329 11%
c s 401.96 164 17 58 50248  1 1373744 107422 1.6 21 14 6 15 28% 461049 329 11%
c e 402.05 164 17 58 50248  1 1373744 107293 1.6 21 14 6 15 28% 461049 328 11%
c s 402.19 164 17 58 50248  1 1373744 107271 1.6 21 14 6 15 28% 460972 328 11%
c B 402.93 164 18 58 50251  1 1378099 110538 1.6 21 14 6 15 28% 460972 328 11%
c - 405.41 164 18 59 50255  1 1394497 84951 1.5 22 14 6 15 28% 460972 328 11%
c p 405.45 164 18 59 50255  1 1394497 84973 1.5 22 14 6 15 28% 460972 328 11%
c u 405.65 164 18 59 50255  1 1394497 84895 1.5 22 14 6 15 28% 460972 328 11%
c v 405.76 164 18 59 50255  1 1394497 84893 1.5 22 14 6 15 28% 460972 328 11%
c w 405.82 164 18 59 50255  1 1394497 84893 1.5 22 14 6 15 28% 460972 328 11%
c x 405.98 164 18 59 50255  1 1394497 84892 1.5 22 14 6 15 28% 460971 328 11%
c W 412.63 164 19 59 50269  1 1431100 113478 1.5 22 14 6 15 28% 460971 328 11%
c - 414.41 163 19 60 50271  1 1443611 79533 1.5 21 14 6 15 27% 460971 328 11%
c p 414.45 163 19 60 50271  1 1443611 79555 1.5 21 14 6 15 27% 460971 328 11%
c 
c  seconds    reductions     conflicts         size   tier2        variables
c           MB      restarts        redundant     glue    trail        remaining
c            level        rate           size/glue  tier1   irredundant
c 
c u 414.65 163 19 60 50271  1 1443611 79513 1.5 21 14 6 15 27% 460971 328 11%
c v 414.75 163 19 60 50271  1 1443611 79510 1.5 21 14 6 15 27% 460971 328 11%
c w 414.81 163 19 60 50271  1 1443611 79510 1.5 21 14 6 15 27% 460971 328 11%
c x 414.97 163 19 60 50271  1 1443611 79509 1.5 21 14 6 15 27% 460971 328 11%
c O 422.09 163 18 60 50286  1 1485101 110830 1.6 22 14 6 15 28% 460971 328 11%
c - 424.11 163 19 61 50287  1 1493585 79434 1.6 22 14 6 15 28% 460971 328 11%
c p 424.14 163 19 61 50287  1 1493585 79455 1.6 22 14 6 15 28% 460971 328 11%
c u 424.40 163 19 61 50287  1 1493585 79391 1.6 22 14 6 15 28% 460971 328 11%
c v 424.53 163 19 61 50287  1 1493585 79388 1.6 22 14 6 15 28% 460971 328 11%
c w 424.60 163 19 61 50287  1 1493585 79384 1.6 22 14 6 15 28% 460971 328 11%
c x 424.79 163 19 61 50287  1 1493585 79384 1.6 22 14 6 15 28% 460970 328 11%
c B 432.16 163 20 61 50288  1 1540105 115901 1.6 23 15 6 15 29% 460970 328 11%
c - 433.07 163 20 62 50288  1 1544415 77976 1.6 23 15 6 15 29% 460970 328 11%
c p 433.12 163 20 62 50288  1 1544415 77998 1.6 23 15 6 15 29% 460970 328 11%
c u 433.35 163 20 62 50288  1 1544415 77949 1.6 23 15 6 15 29% 460970 328 11%
c v 433.48 163 20 62 50288  1 1544415 77947 1.6 23 15 6 15 29% 460970 328 11%
c w 433.54 163 20 62 50288  1 1544415 77943 1.6 23 15 6 15 29% 460970 328 11%
c x 433.70 163 20 62 50288  1 1544415 77943 1.6 23 15 6 15 29% 460970 328 11%
c ] 437.64 163 20 62 50288  1 1566313 94586 1.5 22 15 6 15 28% 460970 328 11%
c { 437.64 163 16 62 50288  1 1566313 94586 1.6 19 12 4 11 27% 460970 328 11%
c 
c  seconds    reductions     conflicts         size   tier2        variables
c           MB      restarts        redundant     glue    trail        remaining
c            level        rate           size/glue  tier1   irredundant
c 
c - 447.51 163 16 63 52568  1 1596101 79926 1.6 19 12 4 11 26% 460970 328 11%
c p 447.56 163 16 63 52568  1 1596101 79948 1.6 19 12 4 11 26% 460970 328 11%
c u 447.82 163 16 63 52568  1 1596101 79836 1.6 19 12 4 11 26% 460970 328 11%
c v 447.98 163 16 63 52568  1 1596101 79833 1.6 19 12 4 11 26% 460970 328 11%
c w 448.06 163 16 63 52568  1 1596101 79830 1.6 19 12 4 11 26% 460970 328 11%
c x 448.25 163 16 63 52568  1 1596101 79826 1.6 19 12 4 11 26% 460964 328 11%
c # 448.28 163 16 63 52568  1 1596107 79830 1.6 19 12 4 11 26% 460964 328 11%
c s 456.37 163 16 63 54179  1 1624708 99588 1.6 19 12 4 11 26% 460775 328 11%
c s 456.62 163 16 63 54179  1 1624708 99562 1.6 19 12 4 11 26% 460727 328 11%
c - 463.43 164 15 64 55723  1 1648646 90185 1.6 19 12 4 11 25% 460727 328 11%
c p 463.47 164 15 64 55723  1 1648646 90207 1.6 19 12 4 11 25% 460727 328 11%
c u 463.80 164 15 64 55723  1 1648646 90085 1.6 19 12 4 11 25% 460727 328 11%
c v 463.96 164 15 64 55723  1 1648646 90075 1.6 19 12 4 11 25% 460727 328 11%
c w 464.04 164 15 64 55723  1 1648646 90074 1.6 19 12 4 11 25% 460727 328 11%
c x 464.28 164 15 64 55723  1 1648646 90072 1.6 19 12 4 11 25% 460719 328 11%
c B 465.64 164 15 64 55880  1 1653108 93398 1.6 19 12 4 11 25% 460719 328 11%
c - 480.61 165 15 65 59041  1 1702042 97305 1.5 18 12 4 11 25% 460719 328 11%
c p 480.65 165 15 65 59041  1 1702042 97327 1.5 18 12 4 11 25% 460719 328 11%
c u 480.99 165 15 65 59041  1 1702042 97278 1.5 18 12 4 11 25% 460719 328 11%
c v 481.16 165 15 65 59041  1 1702042 97272 1.5 18 12 4 11 25% 460719 328 11%
c 
c  seconds    reductions     conflicts         size   tier2        variables
c           MB      restarts        redundant     glue    trail        remaining
c            level        rate           size/glue  tier1   irredundant
c 
c w 481.25 165 15 65 59041  1 1702042 97269 1.5 18 12 4 11 25% 460719 328 11%
c x 481.47 165 15 65 59041  1 1702042 97265 1.5 18 12 4 11 25% 460708 328 11%
c W 487.67 165 15 65 59835  1 1711110 103813 1.5 18 12 4 11 25% 460708 328 11%
c - 501.78 170 15 66 63189  1 1756296 102177 1.5 18 12 4 11 26% 460708 328 11%
c p 501.82 170 15 66 63189  1 1756296 102199 1.5 18 12 4 11 26% 460708 328 11%
c u 502.17 170 15 66 63189  1 1756296 102108 1.5 18 12 4 11 26% 460708 328 11%
c v 502.34 170 15 66 63189  1 1756296 102089 1.5 18 12 4 11 26% 460708 328 11%
c w 502.44 170 15 66 63189  1 1756296 102081 1.5 18 12 4 11 26% 460708 328 11%
c x 502.66 170 15 66 63189  1 1756296 102079 1.5 18 12 4 11 26% 460700 328 11%
c } 504.85 170 15 66 63733  1 1761956 106282 1.6 18 12 4 11 26% 460700 328 11%
c [ 504.85 170 20 66 63733  1 1761956 106282 1.5 22 15 6 15 28% 460700 328 11%
c W 507.27 170 20 66 63733  1 1770111 113293 1.6 23 14 6 15 29% 460700 328 11%
c - 514.04 170 18 67 63734  1 1811408 105214 1.6 21 14 6 15 27% 460700 328 11%
c p 514.08 170 18 67 63734  1 1811408 105236 1.6 21 14 6 15 27% 460700 328 11%
c u 514.35 170 18 67 63734  1 1811408 105188 1.6 21 14 6 15 27% 460700 328 11%
c v 514.50 170 18 67 63734  1 1811408 105187 1.6 21 14 6 15 27% 460700 328 11%
c w 514.57 170 18 67 63734  1 1811408 105187 1.6 21 14 6 15 27% 460700 328 11%
c x 514.78 170 18 67 63734  1 1811408 105187 1.6 21 14 6 15 27% 460694 328 11%
c I 519.52 170 18 67 63734  1 1830113 120202 1.6 22 14 6 15 28% 460694 328 11%
c - 528.42 170 17 68 63734  1 1867378 101241 1.6 22 13 6 15 28% 460694 328 11%
c 
c  seconds    reductions     conflicts          size   tier2        variables
c           MB      restarts        redundant      glue    trail        remaining
c            level        rate            size/glue  tier1   irredundant
c 
c p 528.45 170 17 68 63734  1 1867378 101262 1.6 22 13 6 15 28% 460694 328 11%
c u 528.80 170 17 68 63734  1 1867378 101178 1.6 22 13 6 15 28% 460694 328 11%
c v 528.97 170 17 68 63734  1 1867378 101176 1.6 22 13 6 15 28% 460694 328 11%
c w 529.05 170 17 68 63734  1 1867378 101176 1.6 22 13 6 15 28% 460694 328 11%
c x 529.27 170 17 68 63734  1 1867378 101176 1.6 22 13 6 15 28% 460690 328 11%
c B 533.09 170 17 68 63734  1 1891114 117113 1.6 22 13 6 15 28% 460690 328 11%
c s 534.38 170 17 68 63734  1 1896565 121309 1.6 22 13 6 15 28% 460521 328 11%
c s 534.68 170 17 68 63734  1 1896565 121282 1.6 22 13 6 15 28% 460237 328 11%
c - 539.96 169 17 69 63737  1 1924205 96047 1.6 22 14 6 15 28% 460237 328 11%
c p 540.01 169 17 69 63737  1 1924205 96068 1.6 22 14 6 15 28% 460237 328 11%
c u 540.94 169 17 69 63737  1 1924205 95980 1.6 22 14 6 15 28% 460237 328 11%
c v 541.10 169 17 69 63737  1 1924205 95973 1.6 22 14 6 15 28% 460237 328 11%
c w 541.17 169 17 69 63737  1 1924205 95970 1.6 22 14 6 15 28% 460237 328 11%
c x 541.37 169 17 69 63737  1 1924205 95970 1.6 22 14 6 15 28% 460232 328 11%
c W 549.12 169 18 69 63749  1 1953118 119044 1.6 22 14 6 15 28% 460232 328 11%
c - 554.73 169 18 70 63764  1 1981874 96088 1.6 22 14 6 15 28% 460232 328 11%
c p 554.78 169 18 70 63764  1 1981874 96110 1.6 22 14 6 15 28% 460232 328 11%
c u 555.04 169 18 70 63764  1 1981874 96032 1.6 22 14 6 15 28% 460232 328 11%
c v 555.18 169 18 70 63764  1 1981874 96025 1.6 22 14 6 15 28% 460232 328 11%
c w 555.26 169 18 70 63764  1 1981874 96000 1.6 22 14 6 15 28% 460232 328 11%
c 
c  seconds    reductions     conflicts         size   tier2        variables
c           MB      restarts        redundant     glue    trail        remaining
c            level        rate           size/glue  tier1   irredundant
c 
c x 555.48 169 18 70 63764  1 1981874 95999 1.6 22 14 6 15 28% 460229 328 11%
c ] 558.03 169 18 70 63765  1 1997449 107028 1.6 22 14 6 15 28% 460229 328 11%
c { 558.03 169 15 70 63765  1 1997449 107028 1.6 18 12 4 11 26% 460229 328 11%
c F 565.22 169 15 70 65531  1 2016120 120386 1.5 18 12 4 11 26% 460229 328 11%
c - 573.85 169 15 71 67354  1 2040400 98148 1.5 19 12 4 11 26% 460229 328 11%
c p 573.90 169 15 71 67354  1 2040400 98170 1.5 19 12 4 11 26% 460229 328 11%
c u 574.33 169 15 71 67354  1 2040400 98074 1.5 19 12 4 11 26% 460229 328 11%
c v 574.55 169 15 71 67354  1 2040400 98070 1.5 19 12 4 11 26% 460229 328 11%
c w 574.67 169 15 71 67354  1 2040400 98059 1.5 19 12 4 11 26% 460229 328 11%
c x 575.01 169 15 71 67354  1 2040400 98059 1.5 19 12 4 11 26% 460225 328 11%
c B 585.73 169 15 71 69122  1 2080121 125709 1.6 18 12 4 11 25% 460225 328 11%
c - 590.06 170 15 72 70040  1 2099785 107667 1.5 18 12 4 11 25% 460225 328 11%
c p 590.10 170 15 72 70040  1 2099785 107689 1.5 18 12 4 11 25% 460225 328 11%
c u 590.40 170 15 72 70040  1 2099785 107567 1.5 18 12 4 11 25% 460225 328 11%
c v 590.55 170 15 72 70040  1 2099785 107562 1.5 18 12 4 11 25% 460225 328 11%
c w 590.62 170 15 72 70040  1 2099785 107562 1.5 18 12 4 11 25% 460225 328 11%
c x 590.83 170 15 72 70040  1 2099785 107562 1.5 18 12 4 11 25% 460221 328 11%
c W 608.94 170 15 72 73628  1 2145123 140250 1.6 19 12 4 11 25% 460221 328 11%
c - 613.90 171 15 73 74888  1 2160027 117486 1.6 18 12 4 11 25% 460221 328 11%
c p 613.95 171 15 73 74888  1 2160027 117509 1.6 18 12 4 11 25% 460221 328 11%
c 
c  seconds    reductions     conflicts          size   tier2        variables
c           MB      restarts        redundant      glue    trail        remaining
c            level        rate            size/glue  tier1   irredundant
c 
c u 614.37 171 15 73 74888  1 2160027 117438 1.6 18 12 4 11 25% 460221 328 11%
c v 614.59 171 15 73 74888  1 2160027 117433 1.6 18 12 4 11 25% 460221 328 11%
c w 614.70 171 15 73 74888  1 2160027 117428 1.6 18 12 4 11 25% 460221 328 11%
c x 614.93 171 15 73 74888  1 2160027 117423 1.6 18 12 4 11 25% 460208 328 11%
c s 620.86 171 15 73 75824  1 2189291 135900 1.5 18 12 4 11 25% 460154 328 11%
c s 621.17 171 15 73 75824  1 2189291 135883 1.5 18 12 4 11 25% 459935 328 11%
c # 629.26 171 15 73 78493  1 2211125 151237 1.5 18 12 4 11 25% 459935 328 11%
c - 632.39 172 15 74 78851  1 2221127 121923 1.6 18 12 4 11 26% 459935 328 11%
c p 632.44 172 15 74 78851  1 2221127 121954 1.6 18 12 4 11 26% 459935 328 11%
c u 632.77 172 15 74 78851  1 2221127 121806 1.6 18 12 4 11 26% 459935 328 11%
c v 632.92 172 15 74 78851  1 2221127 121760 1.6 18 12 4 11 26% 459935 328 11%
c w 633.01 172 15 74 78851  1 2221127 121757 1.6 18 12 4 11 26% 459935 328 11%
c x 633.24 172 15 74 78851  1 2221127 121755 1.6 18 12 4 11 26% 459924 328 11%
c } 634.54 172 15 74 79196  1 2223079 123132 1.6 18 12 4 11 26% 459924 328 11%
c [ 634.54 172 18 74 79196  1 2223079 123132 1.6 22 14 6 15 28% 459924 328 11%
c O 649.51 172 19 74 79220  1 2278126 166977 1.6 23 14 6 15 30% 459924 328 11%
c - 651.51 172 19 75 79224  1 2283075 120600 1.6 23 14 6 15 30% 459924 328 11%
c p 651.56 172 19 75 79224  1 2283075 120631 1.6 23 14 6 15 30% 459924 328 11%
c u 652.00 172 19 75 79224  1 2283075 120482 1.6 23 14 6 15 30% 459924 328 11%
c v 652.21 172 19 75 79224  1 2283075 120450 1.6 23 14 6 15 30% 459924 328 11%
c 
c  seconds    reductions     conflicts          size   tier2        variables
c           MB      restarts        redundant      glue    trail        remaining
c            level        rate            size/glue  tier1   irredundant
c 
c w 652.30 172 19 75 79224  1 2283075 120437 1.6 23 14 6 15 30% 459924 328 11%
c x 652.52 172 19 75 79224  1 2283075 120437 1.6 23 14 6 15 30% 459919 328 11%
c - 667.50 171 17 76 79228  1 2345881 112681 1.7 23 14 6 15 30% 459919 328 11%
c p 667.54 171 17 76 79228  1 2345881 112711 1.7 23 14 6 15 30% 459919 328 11%
c u 667.89 171 17 76 79228  1 2345881 112496 1.7 23 14 6 15 30% 459919 328 11%
c v 668.06 171 17 76 79228  1 2345881 112460 1.7 23 14 6 15 30% 459919 328 11%
c w 668.15 171 17 76 79228  1 2345881 112453 1.7 23 14 6 15 30% 459919 328 11%
c x 668.40 171 17 76 79228  1 2345881 112451 1.7 23 14 6 15 30% 459911 328 11%
c B 668.52 171 17 76 79228  1 2346128 112656 1.7 23 14 6 15 30% 459911 328 11%
c - 680.58 171 18 77 79258  1 2409545 108845 1.6 22 14 5 14 29% 459911 328 11%
c p 680.63 171 18 77 79258  1 2409545 108873 1.6 22 14 5 14 29% 459911 328 11%
c u 680.93 171 18 77 79258  1 2409545 108831 1.6 22 14 5 14 29% 459911 328 11%
c v 681.04 171 18 77 79258  1 2409545 108686 1.6 22 14 5 14 29% 459911 328 11%
c w 681.12 171 18 77 79258  1 2409545 108685 1.6 22 14 5 14 29% 459911 328 11%
c x 681.31 171 18 77 79258  1 2409545 108677 1.6 22 14 5 14 29% 459882 328 11%
c W 685.66 171 18 77 79259  1 2415130 112877 1.6 22 14 5 14 29% 459882 328 11%
c ] 694.22 171 19 77 79280  1 2471674 153258 1.5 23 15 5 14 27% 459882 328 11%
c { 694.22 171 15 77 79280  1 2471674 153258 1.6 18 12 4 11 26% 459882 328 11%
c - 695.26 170 15 78 79642  1 2474068 100438 1.6 18 12 4 11 26% 459882 328 11%
c p 695.30 170 15 78 79642  1 2474068 100466 1.6 18 12 4 11 26% 459882 328 11%
c 
c  seconds    reductions     conflicts          size   tier2        variables
c           MB      restarts        redundant      glue    trail        remaining
c            level        rate            size/glue  tier1   irredundant
c 
c u 695.58 170 15 78 79642  1 2474068 100409 1.6 18 12 4 11 26% 459882 328 11%
c v 695.71 170 15 78 79642  1 2474068 100334 1.6 18 12 4 11 26% 459882 328 11%
c w 695.78 170 15 78 79642  1 2474068 100330 1.6 18 12 4 11 26% 459882 328 11%
c x 695.99 170 15 78 79642  1 2474068 100327 1.6 18 12 4 11 26% 459878 328 11%
c B 699.86 170 15 78 80969  1 2485132 107790 1.5 18 12 4 11 26% 459878 328 11%
c s 704.74 170 15 78 81787  1 2502897 119404 1.5 18 12 4 11 25% 459726 328 11%
c s 705.10 170 15 78 81787  1 2502897 119386 1.5 18 12 4 11 25% 459502 328 11%
c - 717.34 170 15 79 84729  1 2539447 109746 1.6 18 12 4 11 25% 459502 328 11%
c p 717.39 170 15 79 84729  1 2539447 109773 1.6 18 12 4 11 25% 459502 328 11%
c u 717.81 170 15 79 84729  1 2539447 109668 1.6 18 12 4 11 25% 459502 328 11%
c v 718.03 170 15 79 84729  1 2539447 109634 1.6 18 12 4 11 25% 459502 328 11%
c w 718.14 170 15 79 84729  1 2539447 109627 1.6 18 12 4 11 25% 459502 328 11%
c x 718.44 170 15 79 84729  1 2539447 109626 1.6 18 12 4 11 25% 459500 328 11%
c W 725.43 170 15 79 85776  1 2556133 121029 1.6 18 12 4 11 26% 459500 328 11%
c - 739.96 172 15 80 88784  1 2605670 124285 1.5 18 12 4 11 25% 459500 328 11%
c p 740.01 172 15 80 88784  1 2605670 124312 1.5 18 12 4 11 25% 459500 328 11%
c u 740.41 172 15 80 88784  1 2605670 124274 1.5 18 12 4 11 25% 459500 328 11%
c v 740.58 172 15 80 88784  1 2605670 124231 1.5 18 12 4 11 25% 459500 328 11%
c w 740.67 172 15 80 88784  1 2605670 124222 1.5 18 12 4 11 25% 459500 328 11%
c x 740.93 172 15 80 88784  1 2605670 124220 1.5 18 12 4 11 25% 459478 328 11%
c 
c  seconds    reductions     conflicts          size   tier2        variables
c           MB      restarts        redundant      glue    trail        remaining
c            level        rate            size/glue  tier1   irredundant
c 
c F 748.17 172 14 80 90217  1 2628135 138811 1.5 18 12 4 11 25% 459478 328 11%
c - 762.78 172 15 81 93747  1 2672756 131465 1.5 18 12 4 11 25% 459478 328 11%
c p 762.84 172 15 81 93747  1 2672756 131493 1.5 18 12 4 11 25% 459478 328 11%
c u 765.41 174 15 81 93747  1 2672756 131436 1.5 18 12 4 11 25% 459478 328 11%
c v 765.66 174 15 81 93747  1 2672756 131426 1.5 18 12 4 11 25% 459478 328 11%
c w 765.79 174 15 81 93747  1 2672756 131422 1.5 18 12 4 11 25% 459478 328 11%
c x 766.15 174 15 81 93747  1 2672756 131420 1.5 18 12 4 11 25% 459477 328 11%
c B 775.84 174 14 81 95622  1 2701136 150912 1.5 18 12 4 11 25% 459477 328 11%
c } 783.48 174 14 81 96814  1 2725508 167239 1.5 18 11 4 11 25% 459477 328 11%
c [ 783.48 174 19 81 96814  1 2725508 167239 1.5 23 15 5 14 27% 459477 328 11%
c - 786.55 175 19 82 96822  1 2740695 139660 1.5 22 15 5 14 27% 459477 328 11%
c p 786.60 175 19 82 96822  1 2740695 139696 1.5 22 15 5 14 27% 459477 328 11%
c u 786.97 175 19 82 96822  1 2740695 139631 1.5 22 15 5 14 27% 459477 328 11%
c v 787.17 175 19 82 96822  1 2740695 139605 1.5 22 15 5 14 27% 459477 328 11%
c w 787.26 175 19 82 96822  1 2740695 139602 1.5 22 15 5 14 27% 459477 328 11%
c x 787.48 175 19 82 96822  1 2740695 139594 1.5 22 15 5 14 27% 459464 328 11%
c I 795.85 175 19 82 96825  1 2775139 168075 1.5 23 15 5 15 29% 459464 328 11%
c - 802.37 175 18 83 96826  1 2809493 137461 1.5 22 14 5 15 28% 459464 328 11%
c p 802.42 175 18 83 96826  1 2809493 137497 1.5 22 14 5 15 28% 459464 328 11%
c u 802.76 175 18 83 96826  1 2809493 137338 1.5 22 14 5 15 28% 459464 328 11%
c 
c  seconds    reductions     conflicts          size   tier2        variables
c           MB      restarts        redundant      glue    trail        remaining
c            level        rate            size/glue  tier1   irredundant
c 
c v 802.97 175 18 83 96826  1 2809493 137295 1.5 22 14 5 15 28% 459464 328 11%
c w 803.08 175 18 83 96826  1 2809493 137295 1.5 22 14 5 15 28% 459464 328 11%
c x 803.38 175 18 83 96826  1 2809493 137293 1.5 22 14 5 15 28% 459449 328 11%
c s 809.20 175 18 83 96826  1 2837368 158371 1.5 22 14 5 14 28% 459192 328 11%
c s 809.56 175 18 83 96826  1 2837368 158353 1.5 22 14 5 14 28% 458919 328 11%
c B 811.61 175 18 83 96826  1 2850141 167840 1.5 22 14 5 14 27% 458919 328 11%
c - 816.01 173 18 84 96833  1 2879146 127144 1.5 22 14 5 14 26% 458919 328 11%
c p 816.07 173 18 84 96833  1 2879146 127181 1.5 22 14 5 14 26% 458919 328 11%
c u 816.36 173 18 84 96833  1 2879146 127135 1.5 22 14 5 14 26% 458919 328 11%
c v 816.50 173 18 84 96833  1 2879146 127097 1.5 22 14 5 14 26% 458919 328 11%
c w 816.57 173 18 84 96833  1 2879146 127096 1.5 22 14 5 14 26% 458919 328 11%
c x 816.82 173 18 84 96833  1 2879146 127096 1.5 22 14 5 14 26% 458908 328 11%
c W 828.58 173 18 84 96856  1 2926143 159915 1.5 21 14 5 15 26% 458908 328 11%
c - 832.48 173 18 85 96857  1 2949636 122585 1.5 21 14 5 15 26% 458908 328 11%
c p 832.55 173 18 85 96857  1 2949636 122639 1.5 21 14 5 15 26% 458908 327 11%
c u 832.97 173 18 85 96857  1 2949636 122558 1.5 21 14 5 15 26% 458908 327 11%
c v 833.18 173 18 85 96857  1 2949636 122540 1.5 21 14 5 15 26% 458908 327 11%
c w 833.29 173 18 85 96857  1 2949636 122534 1.5 21 14 5 15 26% 458908 327 11%
c x 833.59 173 18 85 96857  1 2949636 122532 1.5 21 14 5 15 26% 458889 327 11%
c O 848.05 173 17 85 96885  1 3003144 162669 1.6 22 14 5 14 28% 458889 327 11%
c 
c  seconds    reductions     conflicts          size   tier2        variables
c           MB      restarts        redundant      glue    trail        remaining
c            level        rate            size/glue  tier1   irredundant
c 
c - 852.22 173 18 86 96888  1 3020986 124015 1.6 22 14 5 14 27% 457758 327 11%
c p 852.25 173 18 86 96888  1 3020986 124023 1.6 22 14 5 14 27% 457758 327 11%
c u 852.76 173 18 86 96888  1 3020986 123917 1.6 22 14 5 14 27% 457758 327 11%
c v 852.97 173 18 86 96888  1 3020986 123875 1.6 22 14 5 14 27% 457758 327 11%
c w 853.09 173 18 86 96888  1 3020986 123873 1.6 22 14 5 14 27% 457758 327 11%
c x 853.42 173 18 86 96888  1 3020986 123861 1.6 22 14 5 14 27% 457739 327 11%
c ] 856.04 173 18 86 96889  1 3036520 136034 1.5 22 14 5 14 27% 457739 327 11%
c { 856.04 173 14 86 96889  1 3036520 136034 1.5 18 11 4 11 25% 457739 327 11%
c W 874.31 173 15 86 100076  1 3081145 166172 1.5 18 12 4 11 25% 457739 327 11%
c - 878.01 174 14 87 100752  1 3093144 130651 1.5 18 11 4 11 25% 457739 327 11%
c p 878.04 174 14 87 100752  1 3093144 130659 1.5 18 11 4 11 25% 457739 327 11%
c u 878.49 174 14 87 100752  1 3093144 130558 1.5 18 11 4 11 25% 457739 327 11%
c v 878.69 174 14 87 100752  1 3093144 130501 1.5 18 11 4 11 25% 457739 327 11%
c w 878.79 174 14 87 100752  1 3093144 130501 1.5 18 11 4 11 25% 457739 327 11%
c x 879.12 174 14 87 100752  1 3093144 130501 1.5 18 11 4 11 25% 457729 327 11%
c # 899.68 176 14 87 104658  1 3160146 174558 1.5 17 11 4 11 25% 457729 327 11%
c - 902.09 177 14 88 105187  1 3166159 142479 1.5 17 11 4 11 25% 457729 327 11%
c p 902.13 177 14 88 105187  1 3166159 142487 1.5 17 11 4 11 25% 457729 327 11%
c u 902.58 177 14 88 105187  1 3166159 142364 1.5 17 11 4 11 25% 457729 327 11%
c v 902.77 177 14 88 105187  1 3166159 142336 1.5 17 11 4 11 25% 457729 327 11%
c 
c  seconds    reductions      conflicts          size   tier2        variables
c           MB      restarts         redundant      glue    trail        remaining
c            level         rate            size/glue  tier1   irredundant
c 
c w 902.88 177 14 88 105187  1 3166159 142335 1.5 17 11 4 11 25% 457729 327 11%
c x 903.14 177 14 88 105187  1 3166159 142333 1.5 17 11 4 11 25% 457719 327 11%
c s 910.68 177 14 88 106867  1 3192680 160178 1.6 18 11 4 11 25% 456918 327 11%
c e 910.77 177 14 88 106867  1 3192680 159611 1.6 18 11 4 11 25% 456916 325 11%
c s 911.07 177 14 88 106867  1 3192680 159593 1.6 18 11 4 11 25% 456552 325 11%
c - 924.57 178 14 89 109491  1 3240030 153788 1.6 17 11 4 11 25% 456552 325 11%
c p 924.61 178 14 89 109491  1 3240030 153796 1.6 17 11 4 11 25% 456552 325 11%
c u 925.05 178 14 89 109491  1 3240030 153650 1.6 17 11 4 11 25% 456552 325 11%
c v 925.24 178 14 89 109491  1 3240030 153531 1.6 17 11 4 11 25% 456552 325 11%
c w 925.36 178 14 89 109491  1 3240030 153510 1.6 17 11 4 11 25% 456552 325 11%
c x 925.68 178 14 89 109491  1 3240030 153507 1.6 17 11 4 11 25% 456538 325 11%
c B 925.77 178 14 89 109491  1 3240147 153573 1.5 17 11 4 11 25% 456538 325 11%
c - 949.92 178 14 90 114408  1 3314707 150140 1.5 17 11 4 10 24% 456538 325 11%
c p 949.95 178 14 90 114408  1 3314707 150148 1.5 17 11 4 10 24% 456538 325 11%
c u 950.37 178 14 90 114408  1 3314707 150000 1.5 17 11 4 10 24% 456538 325 11%
c v 950.62 178 14 90 114408  1 3314707 149979 1.5 17 11 4 10 24% 456538 325 11%
c w 950.76 178 14 90 114408  1 3314707 149973 1.5 17 11 4 10 24% 456538 325 11%
c x 951.11 178 14 90 114408  1 3314707 149973 1.5 17 11 4 10 24% 456526 325 11%
c W 956.76 178 14 90 115025  1 3321148 153887 1.5 17 11 4 10 24% 456526 325 11%
c } 957.56 178 14 90 115184  1 3323309 155319 1.5 17 11 4 10 24% 456526 325 11%
c 
c  seconds    reductions      conflicts          size   tier2        variables
c           MB      restarts         redundant      glue    trail        remaining
c            level         rate            size/glue  tier1   irredundant
c 
c [ 957.56 178 18 90 115184  1 3323309 155319 1.5 22 14 5 14 27% 456526 325 11%
c - 969.85 177 15 91 115202  1 3390239 147748 1.6 19 12 5 14 26% 456526 325 11%
c p 969.89 177 15 91 115202  1 3390239 147756 1.6 19 12 5 14 26% 456526 325 11%
c u 970.27 177 15 91 115202  1 3390239 147699 1.6 19 12 5 14 26% 456526 325 11%
c v 970.46 177 15 91 115202  1 3390239 147682 1.6 19 12 5 14 26% 456526 325 11%
c w 970.55 177 15 91 115202  1 3390239 147650 1.6 19 12 5 14 26% 456526 325 11%
c x 970.79 177 15 91 115202  1 3390239 147650 1.6 19 12 5 14 26% 456491 325 11%
c B 973.72 177 15 91 115209  1 3403149 156932 1.6 19 12 5 14 26% 456491 325 11%
c - 986.74 177 15 92 115230  1 3466625 149635 1.6 19 12 5 14 26% 456491 325 11%
c p 986.78 177 15 92 115230  1 3466625 149643 1.6 19 12 5 14 26% 456491 325 11%
c u 987.19 177 15 92 115230  1 3466625 149522 1.6 19 12 5 14 26% 456491 325 11%
c v 987.40 177 15 92 115230  1 3466625 149504 1.6 19 12 5 14 26% 456491 325 11%
c w 987.51 177 15 92 115230  1 3466625 149501 1.6 19 12 5 14 26% 456491 325 11%
c x 987.78 177 15 92 115230  1 3466625 149500 1.6 19 12 5 14 26% 456469 325 11%
c W 992.84 177 15 92 115240  1 3486150 163013 1.6 19 12 5 14 26% 456469 325 11%
c - 1004.72 177 17 93 115247  1 3543866 138704 1.6 20 13 5 14 26% 456469 325 11%
c p 1004.76 177 17 93 115247  1 3543866 138712 1.6 20 13 5 14 26% 456469 325 11%
c u 1005.17 177 17 93 115247  1 3543866 138599 1.6 20 13 5 14 26% 456469 325 11%
c v 1005.38 177 17 93 115247  1 3543866 138565 1.6 20 13 5 14 26% 456469 325 11%
c w 1005.49 177 17 93 115247  1 3543866 138560 1.6 20 13 5 14 26% 456469 325 11%
c 
c   seconds    reductions      conflicts          size   tier2        variables
c            MB      restarts         redundant      glue    trail        remaining
c             level         rate            size/glue  tier1   irredundant
c 
c x 1005.73 177 17 93 115247  1 3543866 138559 1.6 20 13 5 14 26% 456434 325 11%
c s 1011.62 177 17 93 115248  1 3569101 156879 1.5 21 14 5 14 26% 456009 325 11%
c s 1012.08 177 17 93 115248  1 3569101 156869 1.5 21 14 5 14 26% 455667 325 11%
c I 1012.40 177 17 93 115248  1 3570153 157498 1.5 21 14 5 14 26% 455667 325 11%
c - 1023.88 176 17 94 115249  1 3621961 136738 1.6 20 13 5 14 26% 455667 325 11%
c p 1023.92 176 17 94 115249  1 3621961 136746 1.6 20 13 5 14 26% 455667 325 11%
c u 1025.22 178 17 94 115249  1 3621961 136701 1.6 20 13 5 14 26% 455667 325 11%
c v 1025.44 178 17 94 115249  1 3621961 136631 1.6 20 13 5 14 26% 455667 325 11%
c w 1025.56 178 17 94 115249  1 3621961 136630 1.6 20 13 5 14 26% 455667 325 11%
c x 1025.85 178 17 94 115249  1 3621961 136630 1.6 20 13 5 14 26% 455639 325 11%
c B 1033.80 178 16 94 115249  1 3655157 159774 1.6 20 13 5 14 26% 455639 325 11%
c ] 1036.79 178 16 94 115249  1 3667174 168523 1.6 20 13 5 14 27% 455639 325 11%
c { 1036.79 178 14 94 115249  1 3667174 168523 1.5 17 11 4 10 24% 455639 325 11%
c - 1046.27 179 14 95 117186  1 3700876 145296 1.5 17 11 4 10 24% 455639 325 11%
c p 1046.31 179 14 95 117186  1 3700876 145304 1.5 17 11 4 10 24% 455639 325 11%
c u 1046.68 179 14 95 117186  1 3700876 145150 1.5 17 11 4 10 24% 455639 325 11%
c v 1046.92 179 14 95 117186  1 3700876 145119 1.5 17 11 4 10 24% 455639 325 11%
c w 1047.04 179 14 95 117186  1 3700876 145102 1.5 17 11 4 10 24% 455639 325 11%
c x 1047.34 179 14 95 117186  1 3700876 145101 1.5 17 11 4 10 24% 455626 325 11%
c F 1055.91 179 13 95 117897  1 3741158 166030 1.5 16 10 4 10 24% 455626 325 11%
c 
c   seconds    reductions      conflicts          size   tier2        variables
c            MB      restarts         redundant      glue    trail        remaining
c             level         rate            size/glue  tier1   irredundant
c 
c - 1068.22 180 12 96 120718  1 3780646 151818 1.5 16 10 4 10 24% 455626 325 11%
c p 1068.25 180 12 96 120718  1 3780646 151828 1.5 16 10 4 10 24% 455626 325 11%
c u 1068.63 180 12 96 120718  1 3780646 151693 1.5 16 10 4 10 24% 455626 325 11%
c v 1068.80 180 12 96 120718  1 3780646 151581 1.5 16 10 4 10 24% 455626 325 11%
c w 1068.91 180 12 96 120718  1 3780646 151580 1.5 16 10 4 10 24% 455626 325 11%
c x 1069.21 180 12 96 120718  1 3780646 151579 1.5 16 10 4 10 24% 455605 325 11%
c i 1079.68 180 12 96 123802  1 3818355 172780 1.5 16 10 4 10 24% 455605 324 11%
c B 1081.57 180 12 96 123954  1 3828160 178267 1.5 15 10 4 10 24% 455605 324 11%
c i 1084.75 180 12 96 124462  1 3837628 183809 1.5 15 10 4 10 24% 455605 320 11%
c - 1090.36 171 12 97 126407  1 3861269 121687 1.5 15 10 4 10 24% 373975 320 11%
c 2 1090.36 171 12 97 126407  1 3861269 121685 1.5 15 10 4 10 24% 373974 320 11%
c p 1090.39 171 12 97 126407  1 3861269 121696 1.5 15 10 4 10 24% 373974 320 11%
c u 1090.77 171 12 97 126407  1 3861269 121465 1.5 15 10 4 10 24% 373967 320 11%
c v 1090.94 171 12 97 126407  1 3861269 121324 1.5 15 10 4 10 24% 373967 320 11%
c w 1091.03 171 12 97 126407  1 3861269 121253 1.5 15 10 4 10 24% 373967 320 11%
c x 1091.30 171 12 97 126407  1 3861269 121243 1.5 15 10 4 10 24% 373818 320 11%
c t 1091.30 171 12 97 126407  1 3861269 121239 1.5 15 10 4 10 24% 373816 320 11%
c i 1098.37 171 11 97 127774  1 3904249 144471 1.5 15 10 3 9 24% 373816 319 11%
c i 1099.29 171 11 97 127933  1 3911155 147194 1.5 14 10 3 9 24% 373816 318 11%
c i 1100.07 171 11 97 127950  1 3915886 149974 1.5 14 9 3 9 25% 373816 317 11%
c 
c   seconds    reductions      conflicts         size  tier2       variables
c            MB      restarts         redundant     glue  trail        remaining
c             level         rate           size/glue tier1  irredundant
c 
c W 1105.02 136 11 97 127957  1 3916162 65640 1.5 14 9 3 9 25% 301173 317 11%
c i 1105.07 136 11 97 127957  1 3916351 65761 1.5 14 9 3 9 25% 301173 313 11%
c i 1105.22 136 11 97 128092  1 3917603 66403 1.5 14 9 3 9 25% 301173 312 11%
c i 1105.28 136 11 97 128092  1 3918301 66671 1.5 14 9 3 9 25% 301173 310 11%
c i 1105.29 136 11 97 128092  1 3918573 66756 1.5 14 9 3 9 25% 301173 299 10%
c i 1105.29 136 11 97 128092  1 3918581 66759 1.5 14 9 3 9 25% 301173 298 10%
c i 1105.29 136 11 97 128092  1 3918582 66759 1.5 14 9 3 9 25% 301173 296 10%
c } 1105.29 136 11 97 128092  1 3918609 66766 1.5 14 9 3 9 25% 301173 283 10%
c 0 1105.29 136 11 97 128092  1 3918609 66766 1.5 14 9 3 9 25% 301173 283 10%
c 
c --- [ closing proof ] ------------------------------------------------------
c 
c LRAT proof file '/root/earth-moon/lean/data/a4_m12c/leaf4.lrat' closed
c LRAT 4757132 added clauses 49.48%
c LRAT 4856174 deleted clauses 50.52%
c LRAT 938806294 bytes (895.32 MB)
c 
c --- [ result ] -------------------------------------------------------------
c 
s UNSATISFIABLE
c 
c --- [ run-time profiling ] -------------------------------------------------
c 
c process time taken by individual solving procedures
c (percentage relative to process time for solving)
c 
c      1030.99   93.30% search
c       591.38   53.52% unstable
c       393.75   35.63% stable
c        73.99    6.70% simplify
c        52.72    4.77% vivify
c        45.74    4.14% walk
c         9.15    0.83% sweep
c         5.11    0.46% subsume
c         2.64    0.24% elim
c         1.90    0.17% probe
c         0.88    0.08% ternary
c         0.42    0.04% congruence
c         0.31    0.03% parse
c         0.11    0.01% lucky
c         0.00    0.00% backbone
c   =================================
c      1104.98   99.97% solve
c 
c last line shows process time for solving
c (percentage relative to total process time)
c 
c --- [ statistics ] ---------------------------------------------------------
c 
c chronological:            326379         8.33 %  of conflicts
c conflicts:               3918609      3546.32    per second
c backbone:                 135383      4597.05 %  of vars
c decisions:               4617501      4178.81    per second
c eliminated:                 2085        70.80 %  of all variables
c fixed:                       576        19.56 %  of all variables
c learned:                 3855606        98.39 %  per conflict
c learned_lits:          104109926       100.00 %  learned literals
c minimized:                     0         0.00 %  learned literals
c shrunken:               19593350        18.82 %  learned literals
c minishrunken:            7687505         7.38 %  learned literals
c otfs:                      24035         0.61 %  of conflict
c propagations:           53677214         0.05 M  per second
c reduced:                 2534427        64.68 %  per conflict
c rephased:                     88     44529.65    interval
c restarts:                 128092        30.59    interval
c stabilizing:                  15        51.97 %  of conflicts
c substituted:                   1         0.03 %  of all variables
c subsumed:                1130089        26.03 %  of all clauses
c strengthened:             227718         5.25 %  of all clauses
c ticks:               60383061880      1148.68    propagation
c vivified:                  20225         0.47 %  of all clauses
c walked:                       28    139950.32    interval
c weakened:                   5137         2.53    average size
c congruence:                   13    301431.46    interval
c 
c seconds are measured in process time for solving
c 
c --- [ glue usage ] ---------------------------------------------------------
c 
c focused glue 3 used 786341 clauses 10.99% accumulated 50.01% tier1
c focused glue 4 used 581444 clauses 8.132% accumulated 58.14%
c focused glue 5-7 used 930179 clauses 13.01% accumulated 71.15%
c focused glue 8 used 293486 clauses 4.104% accumulated 75.26%
c focused glue 9 used 299076 clauses 4.183% accumulated 79.44% tier2
c 
c stable glue 5 used 372815 clauses 4.541% accumulated 51.51% tier1
c stable glue 6 used 284353 clauses 3.463% accumulated 54.98%
c stable glue 7-12 used 2019540 clauses 24.59% accumulated 79.57%
c stable glue 13 used 318322 clauses 3.877% accumulated 83.45%
c stable glue 14 used 285718 clauses 3.480% accumulated 86.93% tier2
c 
c 
c --- [ resources ] ----------------------------------------------------------
c 
c total process time since initialization:      1105.29    seconds
c total real time since initialization:         1105.46    seconds
c maximum resident set size of process:          223.29    MB
c 
c --- [ shutting down ] ------------------------------------------------------
c 
c exit 20
