⚠ [7/16] Replayed Biplanar.Basic
warning: Biplanar/Basic.lean:204:12: unused variable `G`

Note: This linter can be disabled with `set_option linter.unusedVariables false`
✔ [11/16] Built Biplanar.Instances.A4M11C.Base (2.3s)
✔ [12/16] Built Biplanar.Instances.A4M11C.Cubes (949ms)
✔ [13/16] Built Biplanar.Instances.A4M11C.W1 (1.2s)
✔ [14/16] Built Biplanar.Instances.A4M11C.W2 (2.1s)
✔ [15/16] Built Biplanar.Instances.A4M11C.Leaf1 (32s)
✔ [16/16] Built Biplanar.Instances.A4M11C.Leaf2 (100s)
Build completed successfully (16 jobs).
	Command being timed: "lake build Biplanar.Instances.A4M11C.Leaf1 Biplanar.Instances.A4M11C.Leaf2"
	User time (seconds): 129.93
	System time (seconds): 10.34
	Percent of CPU this job got: 133%
	Elapsed (wall clock) time (h:mm:ss or m:ss): 1:45.06
	Average shared text size (kbytes): 0
	Average unshared data size (kbytes): 0
	Average stack size (kbytes): 0
	Average total size (kbytes): 0
	Maximum resident set size (kbytes): 9055012
	Average resident set size (kbytes): 0
	Major (requiring I/O) page faults: 0
	Minor (reclaiming a frame) page faults: 473105
	Voluntary context switches: 2413
	Involuntary context switches: 563
	Swaps: 0
	File system inputs: 0
	File system outputs: 1501752
	Socket messages sent: 0
	Socket messages received: 0
	Signals delivered: 0
	Page size (bytes): 4096
	Exit status: 0
