⚠ [7/16] Replayed Biplanar.Basic
warning: Biplanar/Basic.lean:204:12: unused variable `G`

Note: This linter can be disabled with `set_option linter.unusedVariables false`
✔ [13/16] Built Biplanar.Instances.A4M11C.W4 (1.3s)
✔ [14/16] Built Biplanar.Instances.A4M11C.W3 (1.3s)
✔ [15/16] Built Biplanar.Instances.A4M11C.Leaf3 (30s)
✔ [16/16] Built Biplanar.Instances.A4M11C.Leaf4 (33s)
Build completed successfully (16 jobs).
	Command being timed: "lake build Biplanar.Instances.A4M11C.Leaf3 Biplanar.Instances.A4M11C.Leaf4"
	User time (seconds): 64.41
	System time (seconds): 2.33
	Percent of CPU this job got: 192%
	Elapsed (wall clock) time (h:mm:ss or m:ss): 0:34.59
	Average shared text size (kbytes): 0
	Average unshared data size (kbytes): 0
	Average stack size (kbytes): 0
	Average total size (kbytes): 0
	Maximum resident set size (kbytes): 3546532
	Average resident set size (kbytes): 0
	Major (requiring I/O) page faults: 1
	Minor (reclaiming a frame) page faults: 263764
	Voluntary context switches: 1143
	Involuntary context switches: 365
	Swaps: 0
	File system inputs: 0
	File system outputs: 659824
	Socket messages sent: 0
	Socket messages received: 0
	Signals delivered: 0
	Page size (bytes): 4096
	Exit status: 0
