⚠ [7/16] Replayed Biplanar.Basic
warning: Biplanar/Basic.lean:204:12: unused variable `G`

Note: This linter can be disabled with `set_option linter.unusedVariables false`
✔ [13/16] Built Biplanar.Instances.A4M11C.W9 (1.2s)
✔ [14/16] Built Biplanar.Instances.A4M11C.W10 (2.1s)
✔ [15/16] Built Biplanar.Instances.A4M11C.Leaf9 (35s)
✔ [16/16] Built Biplanar.Instances.A4M11C.Leaf10 (114s)
Build completed successfully (16 jobs).
	Command being timed: "lake build Biplanar.Instances.A4M11C.Leaf9 Biplanar.Instances.A4M11C.Leaf10"
	User time (seconds): 148.98
	System time (seconds): 4.46
	Percent of CPU this job got: 131%
	Elapsed (wall clock) time (h:mm:ss or m:ss): 1:56.47
	Average shared text size (kbytes): 0
	Average unshared data size (kbytes): 0
	Average stack size (kbytes): 0
	Average total size (kbytes): 0
	Maximum resident set size (kbytes): 10113400
	Average resident set size (kbytes): 0
	Major (requiring I/O) page faults: 0
	Minor (reclaiming a frame) page faults: 752159
	Voluntary context switches: 1898
	Involuntary context switches: 448
	Swaps: 0
	File system inputs: 0
	File system outputs: 1745496
	Socket messages sent: 0
	Socket messages received: 0
	Signals delivered: 0
	Page size (bytes): 4096
	Exit status: 0
