c --- [ banner ] -------------------------------------------------------------
c 
c CaDiCaL SAT Solver
c Copyright (c) 2016-2026
c A. Biere, M. Fleury, N. Froleyks, K. Fazekas, F. Pollitt, T. Faller
c JKU Linz, University of Freiburg, TU Wien
c 
c Version 3.0.1 c60730422e758ef1cebe7aeddf2dda31c996bf04
c g++ (Ubuntu 13.3.0-6ubuntu2~24.04.1) 13.3.0 -Wall -Wextra -O3 -DNDEBUG
c Fri Oct 2 18:00:09 UTC 2026 Linux ai-math 6.8.0-139-generic x86_64
c 
c --- [ proof tracing ] ------------------------------------------------------
c 
c opening file to write '/root/earth-moon/lean/data/a4_m11c/leaf13.lrat'
c writing non-binary proof trace to '/root/earth-moon/lean/data/a4_m11c/leaf13.lrat'
c 
c --- [ parsing input ] ------------------------------------------------------
c 
c reading DIMACS file from '/root/earth-moon/lean/data/a4_m11c/leaf13.cnf'
c opening file to read '/root/earth-moon/lean/data/a4_m11c/leaf13.cnf'
c found 'p cnf 3100 6435' header
c parsed 6435 clauses in 0.00 seconds process time
c 
c --- [ options ] ------------------------------------------------------------
c 
c   --binary=false                 (different from default 'true')
c   --lrat=true                    (different from default 'false')
c 
c --- [ solving ] ------------------------------------------------------------
c 
c time measured in process time since initialization
c 
c  seconds  reduction conflicts       size tier2     variables
c         MB    restarts   redundant    glue  trail       remaining
c          level     rate       size/glu tier1 irredundant
c 
c *  0.00  6  0 0   0  0    0    0 0.0 0 0 2 6  0% 6281 3057 99%
c )  0.00  6  0 0   0  0    0    0 0.0 0 0 2 6  0% 6281 3057 99%
c {  0.00  6  0 0   0  0    0    0 0.0 0 0 2 6  0% 6281 3057 99%
c i  0.00  6 1150 0   0 23  105   13 1.7 4 3 2 6 43% 6197 3053 98%
c i  0.00  6 1150 0   0 23  106   13 1.7 4 2 2 6 43% 6197 3052 98%
c -  0.01  6 548 1  15 18  308   65 1.7 8 5 2 6 37% 6100 3052 98%
c i  0.01  6 335 1  33 15  580  133 2.0 9 5 2 6 33% 5947 3049 98%
c i  0.01  6 333 1  34 15  584  134 2.0 9 5 2 6 33% 5945 3048 98%
c i  0.01  6 332 1  34 15  585  134 2.0 9 5 2 6 33% 5945 3047 98%
c i  0.01  6 270 1  41 13  746  185 1.9 9 4 2 6 29% 5866 3045 98%
c -  0.01  7 270 2  41 13  746  165 1.9 9 4 2 6 29% 5855 3045 98%
c i  0.01  7 248 2  47 12  815  181 1.9 9 5 2 6 28% 5809 3033 98%
c i  0.01  7 231 2  57 12  878  211 1.9 9 5 2 6 27% 5781 3031 98%
c i  0.01  7 223 2  64 12  909  223 1.9 9 5 2 6 27% 5770 3030 98%
c i  0.01  7 210 2  79 12  976  246 1.8 9 5 2 6 26% 5735 3029 98%
c i  0.01  7 210 2  79 12  977  246 1.8 9 5 2 6 26% 5735 3027 98%
c i  0.01  7 209 2  79 12  981  247 1.8 9 5 2 6 26% 5734 3026 98%
c i  0.01  7 208 2  79 12  986  248 1.8 9 5 2 6 26% 5733 3022 97%
c }  0.01  7 205 2  79 11 1007  257 1.8 9 5 2 6 26% 5724 3022 97%
c [  0.01  7  0 2  79  0 1007  257 0.0 0 0 2 6  0% 5724 3022 97%
c 
c  seconds  reduction conflicts       size tier2     variables
c         MB    restarts   redundant    glue  trail       remaining
c          level     rate       size/glu tier1 irredundant
c 
c O  0.01  7  6 2  79  7 1008  258 1.3 4 3 2 6 26% 5724 3022 97%
c i  0.01  7  6 2  79  1 1074  292 1.6 6 4 2 6 26% 5719 3007 97%
c i  0.01  7 10 2  79  2 1101  302 1.6 7 5 2 6 26% 5708 2996 97%
c i  0.01  7 17 2  79  2 1153  323 1.3 11 8 2 6 24% 5688 2995 97%
c i  0.01  7 18 2  79  2 1171  326 1.3 12 10 2 6 23% 5682 2992 97%
c i  0.01  7 18 2  79  2 1173  325 1.3 12 10 2 6 23% 5682 2991 96%
c i  0.01  7 18 2  79  2 1174  325 1.3 12 10 2 6 23% 5682 2990 96%
c i  0.01  7 18 2  79  3 1190  327 1.3 13 10 2 6 22% 5680 2905 94%
c i  0.01  7 18 2  79  2 1207  333 1.2 13 11 2 6 21% 5679 2904 94%
c i  0.01  7 19 2  79  2 1230  341 1.2 12 10 2 6 20% 5676 2903 94%
c i  0.01  7 19 2  79  2 1233  342 1.2 12 10 2 6 20% 5675 2902 94%
c i  0.01  7 19 2  79  2 1236  343 1.2 12 10 2 6 20% 5674 2862 92%
c i  0.01  7 19 2  79  2 1276  355 1.2 12 10 2 6 20% 5670 2861 92%
c i  0.01  7 19 2  79  2 1286  358 1.2 13 10 2 6 20% 5669 2860 92%
c i  0.01  7 18 2  79  2 1293  359 1.2 13 10 2 6 20% 5669 2859 92%
c i  0.01  7 18 2  79  2 1294  359 1.2 13 10 2 6 20% 5669 2858 92%
c i  0.01  7 18 2  79  2 1295  359 1.2 13 10 2 6 20% 5669 2849 92%
c i  0.01  7 18 2  79  2 1296  359 1.2 12 10 2 6 20% 5669 2848 92%
c i  0.01  7 18 2  79  2 1297  359 1.2 12 10 2 6 20% 5669 2839 92%
c i  0.01  7 18 2  79  3 1302  361 1.2 12 10 2 6 19% 5669 2838 92%
c 
c  seconds  reduction conflicts       size   tier2     variables
c         MB    restarts   redundant     glue   trail       remaining
c          level     rate       size/glue  tier1 irredundant
c 
c i  0.01  7 18 2  79  3 1303  361 1.2 12 10 2 6 19% 5669 2837 92%
c i  0.01  7 18 2  79  3 1304  361 1.2 12 10 2 6 19% 5669 2826 91%
c i  0.01  7 18 2  79  3 1305  361 1.2 12 10 2 6 19% 5669 2825 91%
c i  0.01  7 18 2  79  3 1317  361 1.2 12 10 2 6 19% 5669 2824 91%
c i  0.02  7 17 2  79  2 1393  380 1.2 13 11 2 6 19% 5667 2823 91%
c i  0.02  7 17 2  79  2 1395  380 1.2 13 11 2 6 19% 5666 2822 91%
c i  0.02  7 17 2  79  2 1396  380 1.2 13 11 2 6 19% 5666 2821 91%
c i  0.02  7 17 2  79  2 1408  385 1.2 13 11 2 6 19% 5664 2811 91%
c i  0.02  7 17 2  79  2 1409  385 1.2 13 11 2 6 19% 5664 2810 91%
c i  0.02  7 17 2  79  2 1410  385 1.2 13 11 2 6 19% 5664 2809 91%
c i  0.02  7 17 2  79  3 1413  385 1.2 13 11 2 6 19% 5662 2800 90%
c i  0.02  7 17 2  79  3 1414  385 1.2 13 11 2 6 19% 5662 2799 90%
c i  0.02  7 17 2  79  3 1415  385 1.2 12 11 2 6 19% 5662 2798 90%
c i  0.02  7 17 2  79  3 1416  385 1.2 12 11 2 6 19% 5662 2797 90%
c i  0.02  7 17 2  79  3 1418  385 1.2 12 11 2 6 19% 5661 2789 90%
c i  0.02  7 17 2  79  3 1419  385 1.2 12 10 2 6 19% 5661 2788 90%
c i  0.02  7 17 2  79  3 1428  385 1.2 12 10 2 6 19% 5661 2767 89%
c -  0.02  7 17 3  79  3 1428  240 1.2 12 10 2 6 19% 5269 2767 89%
c i  0.02  7 17 3  79  3 1431  241 1.2 12 10 2 6 19% 5269 2766 89%
c i  0.02  7 17 3  79  3 1432  241 1.2 12 10 2 6 19% 5269 2765 89%
c 
c  seconds  reduction conflicts       size   tier2     variables
c         MB    restarts   redundant     glue   trail       remaining
c          level     rate       size/glue  tier1 irredundant
c 
c i  0.02  7 17 3  79  3 1433  241 1.2 12 10 2 6 18% 5269 2764 89%
c i  0.02  7 17 3  79  3 1434  241 1.2 12 10 2 6 18% 5269 2763 89%
c i  0.02  7 17 3  79  3 1435  241 1.2 12 10 2 6 18% 5269 2762 89%
c i  0.02  7 17 3  79  3 1436  241 1.2 12 10 2 6 18% 5269 2761 89%
c i  0.02  7 17 3  79  3 1439  241 1.2 12 10 2 6 18% 5269 2760 89%
c i  0.02  7 17 3  79  3 1440  241 1.2 12 10 2 6 18% 5269 2737 88%
c i  0.02  7 17 3  79  3 1441  241 1.2 12 10 2 6 18% 5269 2707 87%
c 2  0.02  7 17 3  79  3 1443  241 1.2 12 10 2 6 18% 5269 2691 87%
c d  0.02  7 17 3  79  3 1443  229 1.2 12 10 2 6 18% 5170 2690 87%
c p  0.02  7 17 3  79  3 1443  229 1.2 12 10 2 6 18% 5170 2689 87%
c =  0.02  7 17 3  79  3 1443  228 1.2 12 10 2 6 18% 5147 2658 86%
c t  0.02  7 17 3  79  3 1443  226 1.2 12 10 2 6 18% 5147 2658 86%
c i  0.02  7 16 3  79  3 1455  230 1.2 12 10 2 6 18% 5147 2657 86%
c i  0.02  7 16 3  79  3 1461  231 1.2 12 10 2 6 18% 5145 2656 86%
c i  0.02  7 16 3  79  3 1467  232 1.2 12 10 2 6 18% 5144 2653 86%
c i  0.02  7 16 3  79  3 1468  232 1.2 12 10 2 6 18% 5144 2649 85%
c i  0.02  7 16 3  79  3 1485  232 1.2 12 10 2 6 18% 5144 2648 85%
c i  0.02  7 16 3  79  3 1486  232 1.2 12 10 2 6 18% 5144 2647 85%
c i  0.02  7 15 3  79  3 1507  237 1.2 11 9 2 6 18% 5144 2646 85%
c i  0.02  7 15 3  79  3 1529  244 1.2 11 9 2 6 18% 5139 2645 85%
c 
c  seconds  reduction conflicts       size  tier2     variables
c         MB    restarts   redundant     glue  trail       remaining
c          level     rate       size/glue tier1 irredundant
c 
c i  0.02  7 15 3  79  3 1538  247 1.2 11 9 2 6 18% 5139 2641 85%
c i  0.02  7 15 3  79  3 1540  247 1.2 11 9 2 6 18% 5139 2633 85%
c i  0.02  7 14 3  79  3 1556  251 1.2 11 9 2 6 18% 5139 2628 85%
c i  0.02  7 14 3  79  3 1564  254 1.2 11 9 2 6 18% 5139 2627 85%
c i  0.02  7 14 3  79  3 1568  256 1.2 10 9 2 6 18% 5139 2626 85%
c i  0.02  7 14 3  79  3 1570  257 1.2 10 9 2 6 18% 5139 2620 85%
c ]  0.02  7 14 3  79  3 1572  257 1.2 10 9 2 6 18% 5139 2586 83%
c 0  0.02  7 14 3  79  3 1572  257 1.2 10 9 2 6 18% 5139 2586 83%
c 
c --- [ closing proof ] ------------------------------------------------------
c 
c LRAT proof file '/root/earth-moon/lean/data/a4_m11c/leaf13.lrat' closed
c LRAT 7258 added clauses 48.26%
c LRAT 7781 deleted clauses 51.74%
c LRAT 554365 bytes (0.53 MB)
c 
c --- [ result ] -------------------------------------------------------------
c 
s UNSATISFIABLE
c 
c --- [ run-time profiling ] -------------------------------------------------
c 
c process time taken by individual solving procedures
c (percentage relative to process time for solving)
c 
c         0.02   75.55% search
c         0.01   37.79% stable
c         0.01   34.51% unstable
c         0.00   23.96% simplify
c         0.00   14.71% parse
c         0.00    8.49% sweep
c         0.00    7.16% congruence
c         0.00    3.08% lucky
c         0.00    0.76% backbone
c         0.00    0.17% probe
c   =================================
c         0.02   86.61% solve
c 
c last line shows process time for solving
c (percentage relative to total process time)
c 
c --- [ statistics ] ---------------------------------------------------------
c 
c chronological:               757        48.16 %  of conflicts
c conflicts:                  1572     76563.41    per second
c backbone:                   6900       222.58 %  of vars
c decisions:                 11503    560247.42    per second
c fixed:                       513        16.55 %  of all variables
c learned:                     795        50.57 %  per conflict
c learned_lits:               9570       100.00 %  learned literals
c minimized:                     0         0.00 %  learned literals
c shrunken:                   1753        18.32 %  learned literals
c minishrunken:                146         1.53 %  learned literals
c otfs:                       1368        87.02 %  of conflict
c propagations:             125164         6.10 M  per second
c reduced:                      80         5.09 %  per conflict
c rephased:                      1      1572.00    interval
c restarts:                     79        19.90    interval
c stabilizing:                   1        33.27 %  of conflicts
c substituted:                   1         0.03 %  of all variables
c subsumed:                   1483        21.11 %  of all clauses
c strengthened:                756        10.76 %  of all clauses
c ticks:                    581938         4.68    propagation
c weakened:                      2         2.00    average size
c congruence:                    1      1572.00    interval
c 
c seconds are measured in process time for solving
c 
c --- [ glue usage ] ---------------------------------------------------------
c 
c focused glue 2 used 229 clauses 41.78% accumulated 53.46% tier1
c focused glue 3 used 117 clauses 21.35% accumulated 74.81%
c focused glue 4 used 37 clauses 6.751% accumulated 81.56%
c focused glue 5 used 17 clauses 3.102% accumulated 84.67%
c focused glue 6 used 31 clauses 5.656% accumulated 90.32% tier2
c 
c stable glue 3 used 95 clauses 8.225% accumulated 57.05% tier1
c stable glue 4 used 87 clauses 7.532% accumulated 64.58%
c stable glue 5-13 used 125 clauses 10.82% accumulated 75.41%
c stable glue 14 used 33 clauses 2.857% accumulated 78.26%
c stable glue 15 used 83 clauses 7.186% accumulated 85.45% tier2
c 
c 
c --- [ resources ] ----------------------------------------------------------
c 
c total process time since initialization:         0.02    seconds
c total real time since initialization:            0.05    seconds
c maximum resident set size of process:           20.75    MB
c 
c --- [ shutting down ] ------------------------------------------------------
c 
c exit 20
