c --- [ banner ] -------------------------------------------------------------
c 
c CaDiCaL SAT Solver
c Copyright (c) 2016-2026
c A. Biere, M. Fleury, N. Froleyks, K. Fazekas, F. Pollitt, T. Faller
c JKU Linz, University of Freiburg, TU Wien
c 
c Version 3.0.1 c60730422e758ef1cebe7aeddf2dda31c996bf04
c g++ (Ubuntu 13.3.0-6ubuntu2~24.04.1) 13.3.0 -Wall -Wextra -O3 -DNDEBUG
c Fri Oct 2 18:00:09 UTC 2026 Linux ai-math 6.8.0-139-generic x86_64
c 
c --- [ proof tracing ] ------------------------------------------------------
c 
c opening file to write '/root/earth-moon/lean/data/a4_m11c/leaf1.lrat'
c writing non-binary proof trace to '/root/earth-moon/lean/data/a4_m11c/leaf1.lrat'
c 
c --- [ parsing input ] ------------------------------------------------------
c 
c reading DIMACS file from '/root/earth-moon/lean/data/a4_m11c/leaf1.cnf'
c opening file to read '/root/earth-moon/lean/data/a4_m11c/leaf1.cnf'
c found 'p cnf 3100 128911' header
c parsed 128911 clauses in 0.10 seconds process time
c 
c --- [ options ] ------------------------------------------------------------
c 
c   --binary=false                 (different from default 'true')
c   --lrat=true                    (different from default 'false')
c 
c --- [ solving ] ------------------------------------------------------------
c 
c time measured in process time since initialization
c 
c  seconds  reduction conflicts       size tier2       variables
c         MB    restarts   redundant    glue  trail         remaining
c          level     rate       size/glu tier1  irredundant
c 
c *  0.10 21  0 0   0  0    0    0 0.0 0 0 2 6  0% 128757 3057 99%
c )  0.13 31  0 0   0  0    0    0 0.0 0 0 2 6  0% 128757 3057 99%
c {  0.13 31  0 0   0  0    0    0 0.0 0 0 2 6  0% 128757 3057 99%
c i  0.15 32 1724 0   3 78   91   56 1.5 12 8 2 6 62% 128724 3056 99%
c i  0.15 32 1650 0   3 75   95   56 1.5 11 7 2 6 60% 128723 3052 98%
c i  0.15 32 1599 0   3 72   98   57 1.5 11 7 2 6 58% 128723 3051 98%
c i  0.15 32 1583 0   3 72   99   57 1.5 11 7 2 6 57% 128723 3050 98%
c i  0.15 32 1567 0   3 71  100   57 1.5 11 7 2 6 57% 128723 3049 98%
c i  0.15 32 1551 0   3 70  101   57 1.5 11 7 2 6 56% 128723 3048 98%
c i  0.15 32 1521 0   3 69  103   58 1.5 10 7 2 6 55% 128723 3047 98%
c i  0.15 32 1492 0   3 68  105   58 1.5 10 7 2 6 54% 128723 3045 98%
c i  0.15 32 1464 0   3 67  107   58 1.5 10 6 2 6 53% 128723 3043 98%
c i  0.17 33 698 0  15 37  243  122 1.5 11 8 2 6 31% 128673 3042 98%
c -  0.20 33 560 1  28 31  304   92 1.4 12 9 2 6 27% 128627 3042 98%
c i  0.21 34 518 1  32 29  328  103 1.4 12 9 2 6 25% 128616 3041 98%
c i  0.23 34 413 1  54 24  415  147 1.4 13 9 2 6 22% 128594 3040 98%
c i  0.23 34 412 1  55 24  416  147 1.4 13 9 2 6 22% 128594 3037 98%
c i  0.23 34 377 1  63 22  461  170 1.4 13 9 2 6 21% 128580 3035 98%
c -  0.29 43 222 2 109 13  786  186 1.4 14 10 2 6 16% 128554 3035 98%
c }  0.31 43 178 2 139 11 1002  288 1.3 14 11 2 6 15% 128541 3035 98%
c 
c  seconds  reduction conflicts       size tier2       variables
c         MB    restarts   redundant    glue  trail         remaining
c          level     rate       size/glu tier1  irredundant
c 
c [  0.31 43  0 2 139  0 1002  288 0.0 0 0 2 6  0% 128541 3035 98%
c O  0.31 43  3 2 139  4 1003  289 2.0 2 1 2 6 18% 128541 3035 98%
c i  0.31 43  6 2 139  1 1142  340 1.4 6 4 2 6 19% 128532 3024 98%
c -  0.37 43 23 3 139  1 1563  246 1.8 22 12 2 6 22% 128341 3024 98%
c ]  0.44 43 21 3 140  1 2611 1018 1.8 25 14 2 6 20% 128274 3024 98%
c {  0.44 43 178 3 140 11 2611 1018 1.3 14 11 2 6 15% 128274 3024 98%
c 2  0.44 43 178 3 140 11 2611 1018 1.3 14 11 2 6 15% 128274 3008 97%
c d  0.45 43 178 3 140 11 2611 1017 1.3 14 11 2 6 15% 128243 3007 97%
c p  0.45 43 178 3 140 11 2611 1017 1.3 14 11 2 6 15% 128243 3006 97%
c t  0.50 44 178 3 140 11 2611 1013 1.3 14 11 2 6 15% 128241 2995 97%
c -  0.53 42 172 4 149 11 2658  411 1.3 15 11 2 6 15% 128232 2995 97%
c O  0.57 42 134 4 218  9 3004  636 1.3 16 12 2 6 14% 128217 2995 97%
c -  0.73 51 84 5 362  6 4087  626 1.5 19 12 2 6 15% 128168 2995 97%
c 2  0.85 51 64 5 425  5 5115 1381 1.5 19 13 7 15 15% 128131 2982 96%
c i  0.90 51 62 5 471  5 5301 1515 1.5 20 13 6 15 15% 128126 2936 95%
c i  0.93 51 59 5 500  5 5604 1747 1.5 20 13 6 15 16% 128125 2935 95%
c -  0.99 61 57 6 559  5 5858 1576 1.5 20 13 6 15 16% 128048 2935 95%
c #  1.02 61 56 6 593  5 6006 1686 1.5 20 13 6 15 16% 128048 2935 95%
c }  1.06 61 53 6 606  4 6318 1945 1.5 20 13 6 15 16% 128047 2935 95%
c [  1.06 61 21 6 606  1 6318 1945 1.8 25 14 2 6 20% 128047 2935 95%
c 
c  seconds  reduction conflicts       size   tier2        variables
c         MB    restarts   redundant     glue    trail         remaining
c          level     rate       size/glue  tier1   irredundant
c 
c 2  1.14 61 20 6 607  1 7718 2980 1.8 25 14 5 16 19% 128047 2903 94%
c -  1.23 61 20 7 607  1 7979 2691 1.8 25 14 5 16 19% 128007 2903 94%
c I  1.35 61 19 7 608  1 10009 4244 1.8 25 14 4 15 19% 128006 2903 94%
c 2  1.38 61 19 7 609  1 10415 4583 1.8 25 14 4 15 19% 128003 2826 91%
c t  1.38 61 19 7 609  1 10415 4582 1.8 25 14 4 15 19% 128003 2826 91%
c -  1.40 61 19 8 609  1 10451 3526 1.8 25 14 4 15 19% 127917 2826 91%
c s  1.44 61 19 8 609  1 10793 3755 1.8 25 14 4 15 19% 127903 2826 91%
c t  1.44 61 19 8 609  1 10793 3755 1.8 25 14 4 15 19% 127900 2826 91%
c e  1.46 61 19 8 609  1 10793 3513 1.8 25 14 4 15 19% 123269 341 11%
c s  1.47 61 19 8 609  1 10793 3508 1.8 25 14 4 15 19% 123265 341 11%
c ]  1.63 61 20 8 610  1 12947 5128 1.7 25 14 4 15 28% 123265 341 11%
c {  1.63 61 53 8 610  4 12947 5128 1.5 20 13 6 15 143% 123265 341 11%
c u  1.67 61 51 8 610  4 13199 5262 1.5 20 13 6 15 137% 123265 341 11%
c v  1.68 61 51 8 610  4 13199 5259 1.5 20 13 6 15 137% 123265 341 11%
c w  1.68 61 51 8 610  4 13199 5258 1.5 20 13 6 15 137% 123265 341 11%
c x  1.69 61 51 8 610  4 13199 5258 1.5 20 13 6 15 137% 123265 341 11%
c t  1.69 61 51 8 610  4 13199 5257 1.5 20 13 6 15 137% 123265 341 11%
c -  1.72 61 51 9 610  4 13281 3756 1.5 20 13 6 15 135% 123265 341 11%
c B  1.82 61 42 9 610  3 15010 5104 1.6 21 13 6 15 107% 123265 341 11%
c -  2.01 44 37 10 694  3 16424 4613 1.7 20 12 6 15 92% 123285 341 11%
c 
c  seconds  reductions   conflicts       size   tier2        variables
c         MB     restarts     redundant     glue    trail        remaining
c          level       rate        size/glue  tier1   irredundant
c 
c -  2.33 44 30 11 1015  3 19924 5313 1.6 20 12 6 15 71% 123285 341 11%
c W  2.48 44 29 11 1052  2 21012 6023 1.6 19 12 6 15 66% 123285 341 11%
c -  2.70 44 26 12 1126  2 23772 5827 1.6 19 12 7 13 58% 123285 341 11%
c }  2.80 44 25 12 1153  2 25224 6643 1.6 19 12 7 13 55% 123285 341 11%
c [  2.80 44 20 12 1153  1 25224 6643 1.7 25 14 4 15 28% 123285 341 11%
c -  3.00 44 19 13 1154  1 27976 6487 1.7 24 14 4 15 28% 123285 341 11%
c B  3.01 44 19 13 1154  1 28014 6510 1.7 24 14 4 15 28% 123285 341 11%
c u  3.10 44 19 13 1154  1 28232 6617 1.7 24 14 4 15 28% 123285 341 11%
c v  3.11 44 19 13 1154  1 28232 6616 1.7 24 14 4 15 28% 123285 341 11%
c w  3.12 44 19 13 1154  1 28232 6616 1.7 24 14 4 15 28% 123285 341 11%
c -  3.43 44 19 14 1157  1 32539 6658 1.6 23 14 4 15 26% 123284 341 11%
c W  3.78 44 19 14 1160  1 36015 8883 1.6 23 15 4 15 26% 123284 341 11%
c -  3.91 44 19 15 1160  1 37458 6560 1.6 23 15 4 15 26% 123284 341 11%
c p  3.91 44 19 15 1160  1 37458 6570 1.6 23 15 4 15 26% 123284 341 11%
c ]  4.01 44 19 15 1161  1 38984 7530 1.6 23 15 6 16 26% 123284 341 11%
c {  4.01 44 25 15 1161  2 38984 7530 1.6 19 12 7 13 55% 123284 341 11%
c -  4.39 53 24 16 1452  2 42735 7452 1.6 19 12 7 13 49% 123284 341 11%
c p  4.39 53 24 16 1452  2 42735 7454 1.6 19 12 7 13 49% 123284 341 11%
c u  4.43 53 24 16 1452  2 42735 7427 1.6 19 12 7 13 49% 123284 341 11%
c v  4.44 53 24 16 1452  2 42735 7423 1.6 19 12 7 13 49% 123284 341 11%
c 
c  seconds  reductions   conflicts       size   tier2        variables
c         MB     restarts     redundant     glue    trail        remaining
c          level       rate        size/glue  tier1   irredundant
c 
c w  4.45 53 24 16 1452  2 42735 7421 1.6 19 12 7 13 49% 123284 341 11%
c s  4.71 53 23 16 1830  2 44787 8930 1.5 20 13 7 13 47% 123277 341 11%
c s  4.75 53 23 16 1830  2 44787 8928 1.5 20 13 7 13 47% 123256 341 11%
c F  4.79 53 23 16 1886  2 45016 9093 1.5 20 13 7 13 47% 123256 341 11%
c -  5.14 53 22 17 2010  2 48372 8676 1.6 19 12 7 13 43% 123256 341 11%
c -  5.70 53 20 18 2210  2 54369 9859 1.6 19 12 7 13 39% 123256 341 11%
c p  5.71 53 20 18 2210  2 54369 9866 1.6 19 12 7 13 39% 123256 341 11%
c B  5.84 53 20 18 2279  2 55018 10375 1.6 19 12 7 13 39% 123256 341 11%
c }  6.31 53 20 18 2815  2 60283 14290 1.6 20 12 7 13 37% 123256 341 11%
c [  6.31 53 19 18 2815  1 60283 14290 1.6 23 15 6 16 26% 123256 341 11%
c -  6.35 53 19 19 2815  1 60728 11544 1.6 23 15 6 16 26% 123256 341 11%
c p  6.36 53 19 19 2815  1 60728 11545 1.6 23 15 6 16 26% 123256 341 11%
c u  6.39 53 19 19 2815  1 60728 11480 1.6 23 15 6 16 26% 123256 341 11%
c v  6.40 53 19 19 2815  1 60728 11476 1.6 23 15 6 16 26% 123256 341 11%
c w  6.41 53 19 19 2815  1 60728 11474 1.6 23 15 6 16 26% 123256 341 11%
c O  6.83 53 18 19 2816  1 66019 15051 1.6 23 15 6 16 26% 123256 341 11%
c -  7.02 54 18 20 2816  1 67447 12124 1.6 23 14 6 16 26% 123256 341 11%
c p  7.02 54 18 20 2816  1 67447 12131 1.6 23 14 6 16 26% 123256 341 11%
c -  7.50 54 17 21 2819  1 74528 12921 1.6 22 14 6 15 26% 123256 341 11%
c p  7.50 54 17 21 2819  1 74528 12922 1.6 22 14 6 15 26% 123256 341 11%
c 
c  seconds  reductions   conflicts        size   tier2        variables
c         MB     restarts      redundant     glue    trail        remaining
c          level       rate         size/glue  tier1   irredundant
c 
c u  7.54 54 17 21 2819  1 74528 12906 1.6 22 14 6 15 26% 123256 341 11%
c v  7.55 54 17 21 2819  1 74528 12901 1.6 22 14 6 15 26% 123256 341 11%
c w  7.55 54 17 21 2819  1 74528 12901 1.6 22 14 6 15 26% 123256 341 11%
c B  7.81 54 17 21 2821  1 78023 15574 1.6 22 14 6 15 26% 123256 341 11%
c -  8.15 54 17 22 2823  1 81971 14152 1.6 22 14 6 15 26% 123256 341 11%
c p  8.15 54 17 22 2823  1 81971 14159 1.6 22 14 6 15 26% 123256 341 11%
c ]  8.18 54 17 22 2823  1 82097 14247 1.6 22 14 6 15 26% 123256 341 11%
c {  8.18 54 20 22 2823  2 82097 14247 1.6 20 12 7 13 37% 123256 341 11%
c -  9.03 54 19 23 3662  2 89777 14758 1.6 20 13 7 13 35% 123256 341 11%
c p  9.04 54 19 23 3662  2 89777 14759 1.6 20 13 7 13 35% 123256 341 11%
c u  9.09 54 19 23 3662  2 89777 14727 1.6 20 13 7 13 35% 123256 341 11%
c v  9.11 54 19 23 3662  2 89777 14727 1.6 20 13 7 13 35% 123256 341 11%
c w  9.12 54 19 23 3662  2 89777 14727 1.6 20 13 7 13 35% 123256 341 11%
c W  9.49 54 19 23 3812  2 91024 15540 1.5 20 13 7 13 34% 123256 341 11%
c s  9.99 54 19 23 4181  2 95774 18682 1.5 20 13 7 13 33% 123232 341 11%
c s 10.03 54 19 23 4181  2 95774 18676 1.5 20 13 7 13 33% 123211 341 11%
c - 10.23 54 19 24 4200  2 97947 15992 1.6 20 13 7 13 33% 123211 341 11%
c p 10.24 54 19 24 4200  2 97947 15999 1.6 20 13 7 13 33% 123211 341 11%
c # 11.04 54 18 24 4598  2 105025 20514 1.6 20 13 7 13 32% 123211 341 11%
c - 11.19 54 18 25 4688  2 106480 17513 1.6 20 13 7 13 32% 123211 341 11%
c 
c  seconds  reductions   conflicts         size   tier2        variables
c         MB     restarts       redundant     glue    trail        remaining
c          level       rate          size/glue  tier1   irredundant
c 
c p 11.20 54 18 25 4688  2 106480 17514 1.6 20 13 7 13 32% 123211 341 11%
c u 11.23 54 18 25 4688  2 106480 17437 1.6 20 13 7 13 32% 123211 341 11%
c v 11.24 54 18 25 4688  2 106480 17437 1.6 20 13 7 13 32% 123211 341 11%
c w 11.24 54 18 25 4688  2 106480 17437 1.6 20 13 7 13 32% 123211 341 11%
c x 11.25 54 18 25 4688  2 106480 17436 1.6 20 13 7 13 32% 123209 341 11%
c } 11.62 54 17 25 4745  2 112067 20970 1.6 20 12 7 13 31% 123209 341 11%
c [ 11.62 54 17 25 4745  1 112067 20970 1.6 22 14 6 15 26% 123209 341 11%
c - 11.85 54 17 26 4747  1 115378 18779 1.6 21 14 6 15 26% 123209 341 11%
c p 11.85 54 17 26 4747  1 115378 18786 1.6 21 14 6 15 26% 123209 341 11%
c W 12.33 54 16 26 4750  1 120030 21557 1.6 21 13 6 15 25% 123209 341 11%
c - 12.62 54 17 27 4752  1 124640 19427 1.6 21 14 6 15 26% 123209 341 11%
c p 12.62 54 17 27 4752  1 124640 19428 1.6 21 14 6 15 26% 123209 341 11%
c u 12.66 54 17 27 4752  1 124640 19408 1.6 21 14 6 15 26% 123209 341 11%
c v 12.67 54 17 27 4752  1 124640 19401 1.6 21 14 6 15 26% 123209 341 11%
c w 12.68 54 17 27 4752  1 124640 19398 1.6 21 14 6 15 26% 123209 341 11%
c - 13.39 54 17 28 4753  1 134269 19531 1.5 21 14 6 15 26% 123209 341 11%
c p 13.40 54 17 28 4753  1 134269 19538 1.5 21 14 6 15 26% 123209 341 11%
c I 13.50 54 17 28 4754  1 136033 20770 1.5 21 14 6 15 26% 123209 341 11%
c - 14.26 54 16 29 4754  1 144259 20972 1.6 21 13 6 14 26% 123209 341 11%
c p 14.27 54 16 29 4754  1 144259 20973 1.6 21 13 6 14 26% 123209 341 11%
c 
c  seconds  reductions   conflicts         size   tier2        variables
c         MB     restarts       redundant     glue    trail        remaining
c          level       rate          size/glue  tier1   irredundant
c 
c u 14.31 54 16 29 4754  1 144259 20951 1.6 21 13 6 14 26% 123209 341 11%
c v 14.32 54 16 29 4754  1 144259 20949 1.6 21 13 6 14 26% 123209 341 11%
c w 14.33 54 16 29 4754  1 144259 20947 1.6 21 13 6 14 26% 123209 341 11%
c x 14.36 54 16 29 4754  1 144259 20945 1.6 21 13 6 14 26% 123208 341 11%
c ] 14.39 54 16 29 4754  1 144508 21124 1.6 21 13 6 14 26% 123208 341 11%
c { 14.39 54 17 29 4754  2 144508 21124 1.6 20 12 7 13 31% 123208 341 11%
c B 15.09 54 17 29 5194  1 153034 26531 1.6 20 12 7 13 30% 123208 341 11%
c - 15.28 54 17 30 5465  1 154617 22637 1.6 20 13 7 13 30% 123208 341 11%
c p 15.28 54 17 30 5465  1 154617 22644 1.6 20 13 7 13 30% 123208 341 11%
c s 16.19 54 17 30 6052  1 163754 29001 1.6 20 12 7 13 29% 123187 341 11%
c s 16.24 54 17 30 6052  1 163754 28992 1.6 20 12 7 13 29% 123173 341 11%
c - 16.51 55 17 31 6269  1 165337 24863 1.6 20 13 7 13 29% 123173 341 11%
c p 16.52 55 17 31 6269  1 165337 24871 1.6 20 13 7 13 29% 123173 341 11%
c u 16.69 55 17 31 6269  1 165337 24848 1.6 20 13 7 13 29% 123173 341 11%
c v 16.71 55 17 31 6269  1 165337 24844 1.6 20 13 7 13 29% 123173 341 11%
c w 16.72 55 17 31 6269  1 165337 24844 1.6 20 13 7 13 29% 123173 341 11%
c x 16.75 55 17 31 6269  1 165337 24843 1.6 20 13 7 13 29% 123171 341 11%
c W 17.44 55 17 31 6708  1 171036 28428 1.6 20 13 7 13 29% 123171 341 11%
c - 17.97 55 16 32 6775  1 176423 26841 1.6 20 12 7 13 29% 123171 341 11%
c p 17.98 55 16 32 6775  1 176423 26849 1.6 20 12 7 13 29% 123171 341 11%
c 
c  seconds  reductions   conflicts         size   tier2        variables
c         MB     restarts       redundant     glue    trail        remaining
c          level       rate          size/glue  tier1   irredundant
c 
c - 19.07 55 16 33 7060  1 187873 28615 1.6 20 12 7 13 28% 123171 341 11%
c p 19.07 55 16 33 7060  1 187873 28623 1.6 20 12 7 13 28% 123171 341 11%
c u 19.13 55 16 33 7060  1 187873 28546 1.6 20 12 7 13 28% 123171 341 11%
c v 19.16 55 16 33 7060  1 187873 28537 1.6 20 12 7 13 28% 123171 341 11%
c w 19.18 55 16 33 7060  1 187873 28537 1.6 20 12 7 13 28% 123171 341 11%
c x 19.22 55 16 33 7060  1 187873 28537 1.6 20 12 7 13 28% 123168 341 11%
c } 19.23 55 16 33 7060  1 187873 28537 1.6 20 12 7 13 28% 123168 341 11%
c [ 19.23 55 16 33 7060  1 187873 28537 1.6 21 13 6 14 26% 123168 341 11%
c B 19.49 55 16 33 7060  1 190037 29737 1.6 21 13 6 14 26% 123168 341 11%
c - 20.47 55 16 34 7064  1 199692 30105 1.6 21 13 6 14 26% 123168 341 11%
c p 20.48 55 16 34 7064  1 199692 30113 1.6 21 13 6 14 26% 123168 341 11%
c W 21.71 55 16 34 7070  1 210038 37107 1.6 22 13 6 14 26% 123168 341 11%
c - 21.97 55 16 35 7071  1 211876 31010 1.6 22 13 6 14 26% 123168 341 11%
c p 21.98 55 16 35 7071  1 211876 31018 1.6 22 13 6 14 26% 123168 341 11%
c u 22.06 55 16 35 7071  1 211876 31006 1.6 22 13 6 14 26% 123168 341 11%
c v 22.09 55 16 35 7071  1 211876 31000 1.6 22 13 6 14 26% 123168 341 11%
c w 22.11 55 16 35 7071  1 211876 30998 1.6 22 13 6 14 26% 123168 341 11%
c x 22.16 55 16 35 7071  1 211876 30998 1.6 22 13 6 14 26% 123167 341 11%
c - 23.64 55 16 36 7075  1 224425 32516 1.6 22 13 6 14 26% 123167 341 11%
c p 23.65 55 16 36 7075  1 224425 32524 1.6 22 13 6 14 26% 123167 341 11%
c 
c  seconds  reductions   conflicts         size   tier2        variables
c         MB     restarts       redundant     glue    trail        remaining
c          level       rate          size/glue  tier1   irredundant
c 
c u 23.70 55 16 36 7075  1 224425 32516 1.6 22 13 6 14 26% 123167 341 11%
c v 23.72 55 16 36 7075  1 224425 32514 1.6 22 13 6 14 26% 123167 341 11%
c w 23.73 55 16 36 7075  1 224425 32513 1.6 22 13 6 14 26% 123167 341 11%
c x 23.75 55 16 36 7075  1 224425 32511 1.6 22 13 6 14 26% 123166 341 11%
c ] 24.21 55 16 36 7075  1 227871 34877 1.6 22 13 6 14 26% 123166 341 11%
c { 24.21 55 16 36 7075  1 227871 34877 1.6 20 12 7 13 28% 123166 341 11%
c F 24.61 55 16 36 7554  1 231040 36940 1.6 20 12 7 13 28% 123166 341 11%
c - 25.09 56 16 37 7576  1 237339 34803 1.6 20 12 7 13 28% 123166 341 11%
c p 25.10 56 16 37 7576  1 237339 34811 1.6 20 12 7 13 28% 123166 341 11%
c u 25.14 56 16 37 7576  1 237339 34805 1.6 20 12 7 13 28% 123166 341 11%
c v 25.15 56 16 37 7576  1 237339 34800 1.6 20 12 7 13 28% 123166 341 11%
c w 25.16 56 16 37 7576  1 237339 34800 1.6 20 12 7 13 28% 123166 341 11%
c x 25.17 56 16 37 7576  1 237339 34799 1.6 20 12 7 13 28% 123165 341 11%
c s 26.34 56 16 37 8737  1 248721 42232 1.6 20 12 7 13 27% 123111 341 11%
c s 26.39 56 16 37 8737  1 248721 42225 1.6 20 12 7 13 27% 123070 341 11%
c - 26.64 56 16 38 9052  1 250621 35897 1.6 20 12 7 13 27% 123070 341 11%
c p 26.65 56 16 38 9052  1 250621 35905 1.6 20 12 7 13 27% 123070 341 11%
c u 26.69 56 16 38 9052  1 250621 35899 1.6 20 12 7 13 27% 123070 341 11%
c v 26.70 56 16 38 9052  1 250621 35897 1.6 20 12 7 13 27% 123070 341 11%
c w 26.71 56 16 38 9052  1 250621 35894 1.6 20 12 7 13 27% 123070 341 11%
c 
c  seconds  reductions   conflicts         size   tier2        variables
c         MB     restarts       redundant     glue    trail        remaining
c          level       rate          size/glue  tier1   irredundant
c 
c x 26.73 56 16 38 9052  1 250621 35894 1.6 20 12 7 13 27% 123068 341 11%
c B 27.01 56 16 38 9406  1 253042 37354 1.6 20 12 7 13 27% 123068 341 11%
c - 28.20 56 16 39 10260  1 264265 36700 1.6 20 12 7 13 27% 123068 341 11%
c p 28.21 56 16 39 10260  1 264265 36708 1.6 20 12 7 13 27% 123068 341 11%
c u 28.39 56 16 39 10260  1 264265 36693 1.6 20 12 7 13 27% 123068 341 11%
c v 28.41 56 16 39 10260  1 264265 36690 1.6 20 12 7 13 27% 123068 341 11%
c w 28.41 56 16 39 10260  1 264265 36689 1.6 20 12 7 13 27% 123068 341 11%
c x 28.43 56 16 39 10260  1 264265 36689 1.6 20 12 7 13 27% 123068 341 11%
c W 29.76 56 16 39 10852  1 276044 44156 1.6 20 12 5 12 26% 123068 341 11%
c - 29.96 46 15 40 10912  1 278276 29158 1.6 20 12 5 12 26% 123068 341 11%
c p 29.97 46 15 40 10912  1 278276 29166 1.6 20 12 5 12 26% 123068 341 11%
c u 30.01 46 15 40 10912  1 278276 29155 1.6 20 12 5 12 26% 123068 341 11%
c v 30.02 46 15 40 10912  1 278276 29154 1.6 20 12 5 12 26% 123068 341 11%
c w 30.03 46 15 40 10912  1 278276 29153 1.6 20 12 5 12 26% 123068 341 11%
c } 30.34 46 15 40 11035  1 281136 31075 1.6 20 12 5 12 26% 123068 341 11%
c [ 30.34 46 16 40 11035  1 281136 31075 1.6 22 13 6 14 26% 123068 341 11%
c - 31.27 57 16 41 11042  1 292651 26455 1.6 22 13 6 14 26% 123068 341 11%
c p 31.28 57 16 41 11042  1 292651 26463 1.6 22 13 6 14 26% 123068 341 11%
c u 31.31 57 16 41 11042  1 292651 26445 1.6 22 13 6 14 26% 123068 341 11%
c v 31.33 57 16 41 11042  1 292651 26441 1.6 22 13 6 14 26% 123068 341 11%
c 
c  seconds  reductions    conflicts         size   tier2        variables
c         MB      restarts       redundant     glue    trail        remaining
c          level        rate          size/glue  tier1   irredundant
c 
c w 31.34 57 16 41 11042  1 292651 26426 1.6 22 13 6 14 26% 123068 341 11%
c O 31.81 57 16 41 11047  1 300045 30777 1.6 22 14 6 14 26% 123068 341 11%
c i 32.26 57 16 41 11049  1 306136 33864 1.6 21 13 6 14 26% 123068 338 11%
c - 32.40 57 16 42 11050  1 307394 21341 1.6 21 13 6 14 26% 117873 338 11%
c 2 32.40 57 16 42 11050  1 307394 21341 1.6 21 13 6 14 26% 117872 338 11%
c p 32.40 57 16 42 11050  1 307394 21350 1.6 21 13 6 14 26% 117872 338 11%
c u 32.44 57 16 42 11050  1 307394 21323 1.6 21 13 6 14 26% 117870 338 11%
c v 32.45 57 16 42 11050  1 307394 21316 1.6 21 13 6 14 26% 117870 338 11%
c w 32.45 57 16 42 11050  1 307394 21315 1.6 21 13 6 14 26% 117870 338 11%
c x 32.46 57 16 42 11050  1 307394 21314 1.6 21 13 6 14 26% 117865 338 11%
c t 32.46 57 16 42 11050  1 307394 21314 1.6 21 13 6 14 26% 117864 338 11%
c - 33.50 57 15 43 11051  1 322245 23194 1.6 21 13 6 14 26% 117864 338 11%
c p 33.51 57 15 43 11051  1 322245 23202 1.6 21 13 6 14 26% 117864 338 11%
c u 33.54 57 15 43 11051  1 322245 23116 1.6 21 13 6 14 26% 117864 338 11%
c v 33.55 57 15 43 11051  1 322245 23115 1.6 21 13 6 14 26% 117864 338 11%
c w 33.55 57 15 43 11051  1 322245 23112 1.6 21 13 6 14 26% 117864 338 11%
c B 33.77 57 15 43 11051  1 325048 24942 1.6 20 13 6 14 26% 117864 338 11%
c - 34.72 65 15 44 11052  1 337449 25481 1.6 20 13 6 13 26% 117864 338 11%
c p 34.73 65 15 44 11052  1 337449 25489 1.6 20 13 6 13 26% 117864 338 11%
c u 34.77 65 15 44 11052  1 337449 25452 1.6 20 13 6 13 26% 117864 338 11%
c 
c  seconds  reductions    conflicts         size   tier2        variables
c         MB      restarts       redundant     glue    trail        remaining
c          level        rate          size/glue  tier1   irredundant
c 
c v 34.79 65 15 44 11052  1 337449 25447 1.6 20 13 6 13 26% 117864 338 11%
c w 34.80 65 15 44 11052  1 337449 25446 1.6 20 13 6 13 26% 117864 338 11%
c ] 35.16 65 15 44 11052  1 342389 28566 1.6 21 13 6 13 26% 117864 338 11%
c { 35.16 65 15 44 11052  1 342389 28566 1.6 20 12 5 12 26% 117864 338 11%
c s 35.88 65 15 44 11274  1 350668 33656 1.6 20 12 5 12 26% 117595 338 11%
c e 35.90 65 15 44 11274  1 350668 33555 1.6 20 12 5 12 26% 117592 335 11%
c s 35.94 65 15 44 11274  1 350668 33549 1.6 20 12 5 12 26% 117339 335 11%
c # 36.00 65 15 44 11274  1 351051 33758 1.6 20 12 5 12 26% 117339 335 11%
c - 36.32 65 15 45 11421  1 353007 26564 1.6 20 12 5 12 26% 117339 335 11%
c p 36.32 65 15 45 11421  1 353007 26572 1.6 20 12 5 12 26% 117339 335 11%
c u 36.37 65 15 45 11421  1 353007 26543 1.6 20 12 5 12 26% 117339 335 11%
c v 36.39 65 15 45 11421  1 353007 26540 1.6 20 12 5 12 26% 117339 335 11%
c w 36.40 65 15 45 11421  1 353007 26540 1.6 20 12 5 12 26% 117339 335 11%
c x 36.42 65 15 45 11421  1 353007 26540 1.6 20 12 5 12 26% 117335 335 11%
c - 37.76 65 14 46 11453  1 368891 29088 1.6 19 12 5 12 25% 117335 335 11%
c p 37.76 65 14 46 11453  1 368891 29096 1.6 19 12 5 12 25% 117335 335 11%
c u 37.80 65 14 46 11453  1 368891 29031 1.6 19 12 5 12 25% 117335 335 11%
c v 37.83 65 14 46 11453  1 368891 29024 1.6 19 12 5 12 25% 117335 335 11%
c w 37.84 65 14 46 11453  1 368891 29023 1.6 19 12 5 12 25% 117335 335 11%
c B 38.40 65 14 46 11470  1 378052 35037 1.6 18 11 5 12 25% 117335 335 11%
c 
c  seconds  reductions    conflicts         size   tier2        variables
c         MB      restarts       redundant     glue    trail        remaining
c          level        rate          size/glue  tier1   irredundant
c 
c - 38.96 67 14 47 11939  1 385129 32727 1.6 18 11 5 12 25% 117335 335 11%
c p 38.98 67 14 47 11939  1 385129 32735 1.6 18 11 5 12 25% 117335 335 11%
c u 39.02 67 14 47 11939  1 385129 32722 1.6 18 11 5 12 25% 117335 335 11%
c v 39.04 67 14 47 11939  1 385129 32720 1.6 18 11 5 12 25% 117335 335 11%
c w 39.05 67 14 47 11939  1 385129 30369 1.6 18 11 5 12 25% 117335 335 11%
c x 39.07 67 14 47 11939  1 385129 30367 1.6 18 11 5 12 25% 117156 335 11%
c - 40.80 67 14 48 13830  1 401720 31482 1.6 18 12 5 11 25% 117156 335 11%
c p 40.81 67 14 48 13830  1 401720 31490 1.6 18 12 5 11 25% 117156 335 11%
c u 41.01 67 14 48 13830  1 401720 31468 1.6 18 12 5 11 25% 117156 335 11%
c v 41.03 67 14 48 13830  1 401720 31467 1.6 18 12 5 11 25% 117156 335 11%
c w 41.04 67 14 48 13830  1 401720 31464 1.6 18 12 5 11 25% 117156 335 11%
c x 41.05 67 14 48 13830  1 401720 31463 1.6 18 12 5 11 25% 117120 335 11%
c W 42.29 67 14 48 14240  1 406053 34118 1.6 18 12 5 11 25% 117120 335 11%
c - 43.85 67 14 49 15174  1 418655 31042 1.6 19 12 5 11 25% 117120 335 11%
c p 43.86 67 14 49 15174  1 418655 31050 1.6 19 12 5 11 25% 117120 335 11%
c u 43.92 67 14 49 15174  1 418655 31035 1.6 19 12 5 11 25% 117120 335 11%
c v 43.95 67 14 49 15174  1 418655 31034 1.6 19 12 5 11 25% 117120 335 11%
c w 43.96 67 14 49 15174  1 418655 31034 1.6 19 12 5 11 25% 117120 335 11%
c x 43.99 67 14 49 15174  1 418655 31033 1.6 19 12 5 11 25% 117094 335 11%
c } 44.17 67 14 49 15201  1 419968 31883 1.6 19 12 5 11 25% 117094 335 11%
c 
c  seconds  reductions    conflicts         size   tier2        variables
c         MB      restarts       redundant     glue    trail        remaining
c          level        rate          size/glue  tier1   irredundant
c 
c [ 44.17 67 15 49 15201  1 419968 31883 1.6 21 13 6 13 26% 117094 335 11%
c W 45.78 67 15 49 15201  1 435055 40540 1.6 20 13 6 13 25% 117094 335 11%
c - 45.87 67 15 50 15201  1 435943 31776 1.6 20 13 6 13 25% 117094 335 11%
c p 45.88 67 15 50 15201  1 435943 31784 1.6 20 13 6 13 25% 117094 335 11%
c u 45.93 67 15 50 15201  1 435943 31769 1.6 20 13 6 13 25% 117094 335 11%
c v 45.94 67 15 50 15201  1 435943 31763 1.6 20 13 6 13 25% 117094 335 11%
c w 45.95 67 15 50 15201  1 435943 31761 1.6 20 13 6 13 25% 117094 335 11%
c x 45.97 67 15 50 15201  1 435943 31761 1.6 20 13 6 13 25% 117079 335 11%
c - 47.57 67 15 51 15208  1 453580 31341 1.5 20 13 6 13 25% 117079 335 11%
c p 47.58 67 15 51 15208  1 453580 31349 1.5 20 13 6 13 25% 117079 335 11%
c u 47.63 67 15 51 15208  1 453580 31320 1.5 20 13 6 13 25% 117079 335 11%
c v 47.64 67 15 51 15208  1 453580 31315 1.5 20 13 6 13 25% 117079 335 11%
c w 47.65 67 15 51 15208  1 453580 31314 1.5 20 13 6 13 25% 117079 335 11%
c x 47.68 67 15 51 15208  1 453580 31313 1.5 20 13 6 13 25% 117048 335 11%
c I 48.87 67 15 51 15215  1 465056 37718 1.5 20 13 5 13 25% 117048 335 11%
c i 49.42 67 15 51 15216  1 468762 39420 1.6 20 13 5 13 25% 117048 334 11%
c s 49.50 67 15 51 15216  1 469001 39544 1.6 20 13 5 13 25% 116699 334 11%
c e 49.52 67 15 51 15216  1 469001 39239 1.6 20 13 5 13 25% 98285 331 11%
c s 49.57 67 15 51 15216  1 469001 39214 1.6 20 13 5 13 25% 98015 331 11%
c - 49.85 67 15 52 15216  1 471573 25888 1.6 20 13 5 13 25% 98015 331 11%
c 
c  seconds  reductions    conflicts         size   tier2       variables
c         MB      restarts       redundant     glue    trail       remaining
c          level        rate          size/glue  tier1   irredundant
c 
c p 49.86 67 15 52 15216  1 471573 25904 1.6 20 13 5 13 25% 98015 331 11%
c u 49.90 67 15 52 15216  1 471573 25878 1.6 20 13 5 13 25% 98013 331 11%
c v 49.91 67 15 52 15216  1 471573 25876 1.6 20 13 5 13 25% 98013 331 11%
c w 49.92 67 15 52 15216  1 471573 25875 1.6 20 13 5 13 25% 98013 331 11%
c x 49.94 67 15 52 15216  1 471573 25870 1.6 20 13 5 13 25% 98010 331 11%
c - 51.17 67 14 53 15224  1 488740 28399 1.6 19 12 5 13 25% 98010 331 11%
c p 51.18 67 14 53 15224  1 488740 28414 1.6 19 12 5 13 25% 98010 331 11%
c u 51.21 67 14 53 15224  1 488740 28396 1.6 19 12 5 13 25% 98010 331 11%
c v 51.23 67 14 53 15224  1 488740 28389 1.6 19 12 5 13 25% 98010 331 11%
c w 51.24 67 14 53 15224  1 488740 28388 1.6 19 12 5 13 25% 98010 331 11%
c x 51.26 67 14 53 15224  1 488740 28385 1.6 19 12 5 13 25% 98006 331 11%
c t 51.26 67 14 53 15224  1 488740 28385 1.6 19 12 5 13 25% 98005 331 11%
c B 51.89 67 14 53 15229  1 496057 32217 1.6 19 12 5 13 25% 98005 331 11%
c ] 51.98 67 14 53 15230  1 497016 32777 1.6 19 12 5 13 25% 98005 331 11%
c { 51.98 67 14 53 15230  1 497016 32777 1.6 19 12 5 11 25% 98005 331 11%
c - 52.76 67 14 54 15361  1 506217 31289 1.6 18 12 5 11 24% 98005 331 11%
c p 52.77 67 14 54 15361  1 506217 31303 1.6 18 12 5 11 24% 98005 331 11%
c u 52.81 67 14 54 15361  1 506217 31286 1.6 18 12 5 11 24% 98005 331 11%
c v 52.82 67 14 54 15361  1 506217 31277 1.6 18 12 5 11 24% 98005 331 11%
c w 52.83 67 14 54 15361  1 506217 31275 1.6 18 12 5 11 24% 98005 331 11%
c 
c  seconds  reductions    conflicts         size   tier2       variables
c         MB      restarts       redundant     glue    trail       remaining
c          level        rate          size/glue  tier1   irredundant
c 
c x 52.85 67 14 54 15361  1 506217 31272 1.6 18 12 5 11 24% 97986 331 11%
c t 52.85 67 14 54 15361  1 506217 31267 1.6 18 12 5 11 24% 97986 331 11%
c - 54.53 67 13 55 15558  1 524004 33771 1.6 18 11 5 11 24% 97986 331 11%
c p 54.53 67 13 55 15558  1 524004 33785 1.6 18 11 5 11 24% 97986 331 11%
c u 54.58 67 13 55 15558  1 524004 33770 1.6 18 11 5 11 24% 97986 331 11%
c v 54.59 67 13 55 15558  1 524004 33766 1.6 18 11 5 11 24% 97986 331 11%
c w 54.60 67 13 55 15558  1 524004 33733 1.6 18 11 5 11 24% 97986 331 11%
c x 54.62 67 13 55 15558  1 524004 33729 1.6 18 11 5 11 24% 97895 331 11%
c t 54.62 67 13 55 15558  1 524004 33729 1.6 18 11 5 11 24% 97894 331 11%
c F 54.98 67 13 55 15586  1 528062 35385 1.6 18 11 5 11 24% 97894 331 11%
c i 55.24 67 13 55 15586  1 531253 36610 1.6 17 11 5 11 24% 97894 330 11%
c i 55.31 67 13 55 15586  1 531869 36773 1.6 17 11 5 11 24% 97894 327 11%
c i 55.33 67 13 55 15586  1 532095 36829 1.6 17 11 5 11 24% 97894 326 11%
c i 55.39 67 13 55 15586  1 532743 37028 1.6 17 11 5 11 24% 97894 325 10%
c i 55.40 67 13 55 15586  1 532846 37059 1.6 17 11 5 11 24% 97894 324 10%
c i 55.40 67 13 55 15586  1 532850 37060 1.6 17 11 5 11 24% 97894 323 10%
c i 55.40 67 13 55 15586  1 532873 37066 1.6 17 11 5 11 24% 97894 300 10%
c i 55.40 67 13 55 15586  1 532903 37080 1.6 17 11 5 11 24% 97894 299 10%
c i 55.40 67 13 55 15586  1 532918 37084 1.6 17 11 5 11 24% 97894 298 10%
c i 55.40 67 13 55 15586  1 532919 37084 1.6 17 11 5 11 24% 97894 297 10%
c 
c  seconds  reductions    conflicts         size   tier2       variables
c         MB      restarts       redundant     glue    trail       remaining
c          level        rate          size/glue  tier1   irredundant
c 
c i 55.40 67 13 55 15586  1 532920 37084 1.6 17 11 5 11 24% 97894 296 10%
c } 55.40 67 13 55 15586  1 532929 37087 1.6 17 11 5 11 24% 97894 277  9%
c 0 55.40 67 13 55 15586  1 532929 37087 1.6 17 11 5 11 24% 97894 277  9%
c 
c --- [ closing proof ] ------------------------------------------------------
c 
c LRAT proof file '/root/earth-moon/lean/data/a4_m11c/leaf1.lrat' closed
c LRAT 709746 added clauses 50.23%
c LRAT 703108 deleted clauses 49.77%
c LRAT 139612429 bytes (133.14 MB)
c 
c --- [ result ] -------------------------------------------------------------
c 
s UNSATISFIABLE
c 
c --- [ run-time profiling ] -------------------------------------------------
c 
c process time taken by individual solving procedures
c (percentage relative to process time for solving)
c 
c        50.94   92.11% search
c        26.90   48.65% unstable
c        22.00   39.79% stable
c         4.37    7.89% simplify
c         2.56    4.63% vivify
c         2.00    3.61% walk
c         0.71    1.29% sweep
c         0.38    0.69% subsume
c         0.22    0.40% elim
c         0.16    0.30% probe
c         0.10    0.18% parse
c         0.08    0.15% congruence
c         0.06    0.10% ternary
c         0.03    0.06% lucky
c         0.00    0.01% backbone
c   =================================
c        55.30   99.82% solve
c 
c last line shows process time for solving
c (percentage relative to total process time)
c 
c --- [ statistics ] ---------------------------------------------------------
c 
c chronological:             58831        11.04 %  of conflicts
c conflicts:                532929      9636.66    per second
c backbone:                 116724      3765.29 %  of vars
c decisions:                633053     11447.15    per second
c eliminated:                 2256        72.77 %  of all variables
c fixed:                       566        18.26 %  of all variables
c learned:                  523786        98.28 %  per conflict
c learned_lits:           14650799       100.00 %  learned literals
c minimized:                     0         0.00 %  learned literals
c shrunken:                3458182        23.60 %  learned literals
c minishrunken:            1136330         7.76 %  learned literals
c otfs:                       3275         0.61 %  of conflict
c propagations:            8390322         0.15 M  per second
c reduced:                  275582        51.71 %  per conflict
c rephased:                     32     16654.03    interval
c restarts:                  15586        34.19    interval
c stabilizing:                   8        47.61 %  of conflicts
c substituted:                   1         0.03 %  of all variables
c subsumed:                 206538        31.45 %  of all clauses
c strengthened:              14657         2.23 %  of all clauses
c ticks:                2698739414       326.36    propagation
c vivified:                   4661         0.71 %  of all clauses
c walked:                        9     59214.33    interval
c weakened:                   5797         2.54    average size
c congruence:                    9     59214.33    interval
c 
c seconds are measured in process time for solving
c 
c --- [ glue usage ] ---------------------------------------------------------
c 
c focused glue 5 used 71577 clauses 7.136% accumulated 53.90% tier1
c focused glue 6 used 58403 clauses 5.823% accumulated 59.72%
c focused glue 7-9 used 161352 clauses 16.08% accumulated 75.81%
c focused glue 10 used 50219 clauses 5.007% accumulated 80.82%
c focused glue 11 used 44601 clauses 4.447% accumulated 85.26% tier2
c 
c stable glue 5 used 68445 clauses 6.695% accumulated 52.56% tier1
c stable glue 6 used 51267 clauses 5.014% accumulated 57.57%
c stable glue 7-11 used 229024 clauses 22.40% accumulated 79.97%
c stable glue 12 used 41791 clauses 4.087% accumulated 84.06%
c stable glue 13 used 35867 clauses 3.508% accumulated 87.57% tier2
c 
c 
c --- [ resources ] ----------------------------------------------------------
c 
c total process time since initialization:        55.40    seconds
c total real time since initialization:           55.59    seconds
c maximum resident set size of process:           70.42    MB
c 
c --- [ shutting down ] ------------------------------------------------------
c 
c exit 20
