c --- [ banner ] -------------------------------------------------------------
c 
c CaDiCaL SAT Solver
c Copyright (c) 2016-2026
c A. Biere, M. Fleury, N. Froleyks, K. Fazekas, F. Pollitt, T. Faller
c JKU Linz, University of Freiburg, TU Wien
c 
c Version 3.0.1 c60730422e758ef1cebe7aeddf2dda31c996bf04
c g++ (Ubuntu 13.3.0-6ubuntu2~24.04.1) 13.3.0 -Wall -Wextra -O3 -DNDEBUG
c Fri Oct 2 18:00:09 UTC 2026 Linux ai-math 6.8.0-139-generic x86_64
c 
c --- [ proof tracing ] ------------------------------------------------------
c 
c opening file to write '/root/earth-moon/lean/data/a4_m11c/leaf11.lrat'
c writing non-binary proof trace to '/root/earth-moon/lean/data/a4_m11c/leaf11.lrat'
c 
c --- [ parsing input ] ------------------------------------------------------
c 
c reading DIMACS file from '/root/earth-moon/lean/data/a4_m11c/leaf11.cnf'
c opening file to read '/root/earth-moon/lean/data/a4_m11c/leaf11.cnf'
c found 'p cnf 3100 6398' header
c parsed 6398 clauses in 0.00 seconds process time
c 
c --- [ options ] ------------------------------------------------------------
c 
c   --binary=false                 (different from default 'true')
c   --lrat=true                    (different from default 'false')
c 
c --- [ solving ] ------------------------------------------------------------
c 
c time measured in process time since initialization
c 
c  seconds  reduction conflicts       size tier2     variables
c         MB    restarts   redundant    glue  trail       remaining
c          level     rate       size/glu tier1 irredundant
c 
c *  0.00  6  0 0   0  0    0    0 0.0 0 0 2 6  0% 6244 3057 99%
c )  0.01  6  0 0   0  0    0    0 0.0 0 0 2 6  0% 6244 3057 99%
c {  0.01  6  0 0   0  0    0    0 0.0 0 0 2 6  0% 6244 3057 99%
c i  0.01  6 1150 0   0 23  105   13 1.7 4 3 2 6 47% 6160 3053 98%
c i  0.01  6 1150 0   0 23  106   13 1.7 4 2 2 6 47% 6160 3052 98%
c i  0.01  6 1012 0   5 16  176   53 1.6 6 4 2 6 44% 6139 3044 98%
c i  0.01  6 1006 0   5 16  177   53 1.6 6 4 2 6 44% 6139 3040 98%
c i  0.01  6 1000 0   5 16  178   53 1.6 6 4 2 6 43% 6139 3039 98%
c i  0.01  6 994 0   5 16  179   53 1.6 6 4 2 6 43% 6139 3038 98%
c i  0.01  6 988 0   5 16  180   53 1.6 6 4 2 6 43% 6139 3037 98%
c i  0.01  6 774 0  10 15  232   72 1.5 6 4 2 6 37% 6112 3035 98%
c i  0.01  6 764 0  10 15  235   74 1.6 6 4 2 6 37% 6112 3034 98%
c i  0.01  6 728 0  10 14  249   78 1.6 6 4 2 6 35% 6107 3033 98%
c i  0.01  6 725 0  10 14  250   78 1.6 6 4 2 6 35% 6107 3032 98%
c i  0.01  6 718 0  10 14  253   79 1.6 6 4 2 6 35% 6106 3031 98%
c -  0.01  6 617 1  10 13  300   57 1.6 6 4 2 6 33% 6034 3031 98%
c i  0.01  6 404 1  14 12  519  118 1.7 6 4 2 6 33% 5912 3030 98%
c i  0.01  6 403 1  14 12  520  118 1.7 6 4 2 6 33% 5912 3029 98%
c i  0.01  6 307 1  24 11  725  149 1.6 6 4 2 6 31% 5758 3008 97%
c -  0.01  7 305 2  24 11  733  128 1.6 6 4 2 6 31% 5721 3008 97%
c 
c  seconds   reduction conflicts       size tier2     variables
c         MB     restarts   redundant    glue  trail       remaining
c           level     rate       size/glu tier1 irredundant
c 
c i  0.01  7 302 2  24 11  744  129 1.6 6 4 2 6 31% 5712 3007 97%
c i  0.01  7 301 2  24 11  746  130 1.6 6 4 2 6 31% 5712 3006 97%
c i  0.01  7 301 2  24 11  747  130 1.6 6 4 2 6 31% 5712 3005 97%
c i  0.01  7 301 2  24 11  748  130 1.6 6 4 2 6 31% 5712 3001 97%
c i  0.01  7 299 2  24 11  753  131 1.6 6 4 2 6 31% 5711 2984 96%
c i  0.01  7 253 2  32  9  953  189 1.7 6 4 2 6 30% 5603 2965 96%
c }  0.02  7 244 2  35  9 1001  210 1.7 6 4 2 6 30% 5581 2965 96%
c [  0.02  7  0 2  35  0 1001  210 0.0 0 0 2 6  0% 5581 2965 96%
c O  0.02  7  7 2  35  8 1002  211 2.0 4 2 2 6 28% 5581 2965 96%
c -  0.03  7 13 3  35  2 1410  343 2.9 21 7 2 6 37% 5436 2965 96%
c 2  0.03  7 14 3  35  2 1441  366 2.8 21 8 2 6 36% 5436 2907 94%
c p  0.03  7 14 3  35  2 1441  431 2.8 21 8 2 6 36% 5436 2907 94%
c =  0.03  7 14 3  35  2 1441  429 2.8 21 8 2 6 36% 5368 2897 93%
c t  0.03  7 14 3  35  2 1441  425 2.8 21 8 2 6 36% 5368 2897 93%
c ]  0.03  7 17 3  35  2 1465  433 2.8 21 7 2 6 36% 5355 2897 93%
c {  0.03  7 244 3  35  9 1465  433 1.7 6 4 2 6 30% 5355 2897 93%
c i  0.03  7 233 3  36  9 1523  453 1.6 6 4 2 6 30% 5329 2812 91%
c i  0.03  7 225 3  46  9 1567  465 1.6 6 4 2 6 29% 5305 2810 91%
c i  0.04  7 219 3  57  9 1605  479 1.6 6 4 2 6 29% 5286 2802 90%
c i  0.04  7 216 3  60  9 1621  482 1.6 6 4 2 6 29% 5279 2775 90%
c 
c  seconds   reduction conflicts       size tier2     variables
c         MB     restarts   redundant    glue  trail       remaining
c           level     rate       size/glu tier1 irredundant
c 
c i  0.04  7 214 3  62  9 1628  484 1.6 6 4 2 6 29% 5276 2774 89%
c i  0.04  7 214 3  63  9 1629  484 1.6 6 4 2 6 29% 5276 2746 89%
c i  0.04  7 213 3  63  9 1638  484 1.6 6 4 2 6 29% 5270 2737 88%
c i  0.04  7 211 3  63  9 1649  484 1.6 6 4 2 6 29% 5261 2713 88%
c i  0.04  7 210 3  63  9 1651  484 1.6 6 4 2 6 29% 5260 2710 87%
c i  0.04  7 210 3  63  9 1655  484 1.6 6 4 2 6 29% 5258 2705 87%
c i  0.04  7 208 3  63  9 1662  485 1.6 6 4 2 6 28% 5256 2620 85%
c i  0.04  7 208 3  63  9 1666  487 1.6 6 4 2 6 28% 5256 2619 84%
c i  0.04  7 207 3  63  9 1668  487 1.6 6 4 2 6 28% 5256 2615 84%
c }  0.04  7 207 3  63  9 1670  487 1.6 6 4 2 6 28% 5256 2612 84%
c 0  0.04  7 207 3  63  9 1670  487 1.6 6 4 2 6 28% 5256 2612 84%
c 
c --- [ closing proof ] ------------------------------------------------------
c 
c LRAT proof file '/root/earth-moon/lean/data/a4_m11c/leaf11.lrat' closed
c LRAT 7233 added clauses 49.45%
c LRAT 7395 deleted clauses 50.55%
c LRAT 523946 bytes (0.50 MB)
c 
c --- [ result ] -------------------------------------------------------------
c 
s UNSATISFIABLE
c 
c --- [ run-time profiling ] -------------------------------------------------
c 
c process time taken by individual solving procedures
c (percentage relative to process time for solving)
c 
c         0.02   78.71% search
c         0.01   39.81% stable
c         0.01   34.56% unstable
c         0.01   20.75% simplify
c         0.00   14.48% parse
c         0.00    7.67% sweep
c         0.00    7.34% congruence
c         0.00    4.10% lucky
c         0.00    0.79% backbone
c         0.00    0.35% probe
c   =================================
c         0.03   86.83% solve
c 
c last line shows process time for solving
c (percentage relative to total process time)
c 
c --- [ statistics ] ---------------------------------------------------------
c 
c chronological:               932        55.81 %  of conflicts
c conflicts:                  1670     53462.24    per second
c backbone:                   7289       235.13 %  of vars
c decisions:                 11008    352402.60    per second
c fixed:                       488        15.74 %  of all variables
c learned:                     735        44.01 %  per conflict
c learned_lits:              11071       100.00 %  learned literals
c minimized:                     0         0.00 %  learned literals
c shrunken:                   1531        13.83 %  learned literals
c minishrunken:                417         3.77 %  learned literals
c otfs:                       1721       103.05 %  of conflict
c propagations:             125714         4.02 M  per second
c reduced:                     120         7.19 %  per conflict
c rephased:                      1      1670.00    interval
c restarts:                     63        26.51    interval
c stabilizing:                   1        25.27 %  of conflicts
c subsumed:                   1688        24.08 %  of all clauses
c strengthened:                925        13.20 %  of all clauses
c ticks:                    662757         5.34    propagation
c congruence:                    1      1670.00    interval
c 
c seconds are measured in process time for solving
c 
c --- [ glue usage ] ---------------------------------------------------------
c 
c focused glue 2 used 219 clauses 39.10% accumulated 61.25% tier1
c focused glue 3 used 96 clauses 17.14% accumulated 78.39% tier2
c 
c stable glue 2 used 410 clauses 36.44% accumulated 50.40% tier1
c stable glue 3 used 132 clauses 11.73% accumulated 62.13%
c stable glue 4 used 100 clauses 8.888% accumulated 71.02%
c stable glue 5 used 67 clauses 5.955% accumulated 76.97%
c stable glue 6 used 74 clauses 6.577% accumulated 83.55% tier2
c 
c 
c --- [ resources ] ----------------------------------------------------------
c 
c total process time since initialization:         0.04    seconds
c total real time since initialization:            0.04    seconds
c maximum resident set size of process:           20.75    MB
c 
c --- [ shutting down ] ------------------------------------------------------
c 
c exit 20
