c --- [ banner ] -------------------------------------------------------------
c 
c CaDiCaL SAT Solver
c Copyright (c) 2016-2026
c A. Biere, M. Fleury, N. Froleyks, K. Fazekas, F. Pollitt, T. Faller
c JKU Linz, University of Freiburg, TU Wien
c 
c Version 3.0.1 c60730422e758ef1cebe7aeddf2dda31c996bf04
c g++ (Ubuntu 13.3.0-6ubuntu2~24.04.1) 13.3.0 -Wall -Wextra -O3 -DNDEBUG
c Fri Oct 2 18:00:09 UTC 2026 Linux ai-math 6.8.0-139-generic x86_64
c 
c --- [ proof tracing ] ------------------------------------------------------
c 
c opening file to write '/root/earth-moon/lean/data/a4_m11c/leaf10.lrat'
c writing non-binary proof trace to '/root/earth-moon/lean/data/a4_m11c/leaf10.lrat'
c 
c --- [ parsing input ] ------------------------------------------------------
c 
c reading DIMACS file from '/root/earth-moon/lean/data/a4_m11c/leaf10.cnf'
c opening file to read '/root/earth-moon/lean/data/a4_m11c/leaf10.cnf'
c found 'p cnf 3100 328168' header
c parsed 328168 clauses in 0.27 seconds process time
c 
c --- [ options ] ------------------------------------------------------------
c 
c   --binary=false                 (different from default 'true')
c   --lrat=true                    (different from default 'false')
c 
c --- [ solving ] ------------------------------------------------------------
c 
c time measured in process time since initialization
c 
c  seconds  reduction conflicts       size tier2       variables
c         MB    restarts   redundant    glue  trail         remaining
c          level     rate       size/glu tier1  irredundant
c 
c *  0.27 46  0 0   0  0    0    0 0.0 0 0 2 6  0% 328014 3057 99%
c )  0.30 57  0 0   0  0    0    0 0.0 0 0 2 6  0% 328014 3057 99%
c {  0.30 57  0 0   0  0    0    0 0.0 0 0 2 6  0% 328014 3057 99%
c i  0.31 57 321 0   0 21   84   18 1.7 7 4 2 6 16% 327951 3056 99%
c i  0.31 57 319 0   0 17  107   27 1.8 6 3 2 6 16% 327940 3053 98%
c i  0.31 57 319 0   0 17  108   27 1.9 6 3 2 6 16% 327940 3052 98%
c i  0.31 57 317 0   0 17  110   27 1.9 5 3 2 6 16% 327940 2992 97%
c i  0.31 58 254 0   5 12  175   68 2.1 10 5 2 6 19% 327919 2991 96%
c i  0.34 60 197 0  23 14  251   93 1.7 11 7 2 6 19% 327873 2990 96%
c i  0.34 60 196 0  23 14  252   93 1.7 11 7 2 6 19% 327873 2988 96%
c i  0.34 60 186 0  27 14  268   97 1.7 11 6 2 6 18% 327866 2987 96%
c i  0.34 60 185 0  27 14  269   97 1.7 11 6 2 6 18% 327866 2985 96%
c -  0.39 63 172 1  31 13  300   86 1.7 10 6 2 6 18% 327751 2985 96%
c i  0.39 66 167 1  31 13  310   92 1.7 10 6 2 6 18% 327749 2984 96%
c i  0.39 66 161 1  31 12  323   95 1.7 10 6 2 6 17% 327741 2983 96%
c i  0.39 66 157 1  31 12  334   96 1.7 9 6 2 6 17% 327738 2962 96%
c i  0.39 66 156 1  31 12  335   96 1.7 9 5 2 6 17% 327738 2961 96%
c i  0.45 67 137 1  40 11  424  136 1.6 10 6 2 6 20% 327700 2960 95%
c i  0.47 67 130 1  52 12  474  157 1.5 10 7 2 6 20% 327677 2944 95%
c i  0.47 67 129 1  53 12  478  157 1.5 10 7 2 6 20% 327676 2935 95%
c 
c  seconds   reduction conflicts       size  tier2       variables
c         MB     restarts   redundant     glue  trail         remaining
c           level     rate       size/glue tier1  irredundant
c 
c i  0.47 67 129 1  54 12  479  157 1.5 10 7 2 6 20% 327676 2934 95%
c i  0.47 67 128 1  54 12  481  157 1.5 10 7 2 6 20% 327675 2932 95%
c i  0.51 67 108 1  87 12  711  253 1.5 11 7 2 6 20% 327571 2930 95%
c i  0.52 67 107 1  94 12  733  263 1.5 11 7 2 6 20% 327560 2929 94%
c i  0.52 67 106 1  94 12  735  263 1.5 11 7 2 6 20% 327559 2927 94%
c i  0.52 67 105 1  96 12  742  265 1.5 11 7 2 6 20% 327557 2908 94%
c i  0.52 67 103 1  97 12  763  265 1.5 10 7 2 6 19% 327541 2881 93%
c i  0.56 68 99 1 121 13  902  303 1.4 11 8 2 6 21% 327453 2878 93%
c i  0.57 68 99 1 122 13  904  303 1.4 11 8 2 6 21% 327453 2876 93%
c i  0.57 68 99 1 122 13  905  303 1.4 11 8 2 6 21% 327453 2871 93%
c i  0.57 68 98 1 126 13  924  313 1.4 12 8 2 6 21% 327446 2870 93%
c i  0.57 68 98 1 127 13  925  313 1.4 12 8 2 6 21% 327446 2868 93%
c -  0.68 90 97 2 133 13  956  186 1.4 12 8 2 6 21% 327276 2868 93%
c i  0.68 90 96 2 135 13  971  193 1.4 12 8 2 6 21% 327270 2866 92%
c i  0.68 90 95 2 137 13  978  194 1.4 12 8 2 6 21% 327267 2856 92%
c i  0.68 90 95 2 137 13  979  194 1.4 12 8 2 6 21% 327267 2855 92%
c i  0.68 90 95 2 138 13  982  195 1.4 11 8 2 6 21% 327266 2854 92%
c }  0.69 90 95 2 142 13 1001  200 1.4 11 8 2 6 21% 327254 2854 92%
c [  0.69 90  0 2 142  0 1001  200 0.0 0 0 2 6  0% 327254 2854 92%
c O  0.69 90  6 2 142  7 1002  201 1.3 8 6 2 6 29% 327254 2854 92%
c 
c  seconds  reduction conflicts       size tier2       variables
c         MB    restarts   redundant    glue  trail         remaining
c          level     rate       size/glu tier1  irredundant
c 
c i  0.69 90  5 2 142  2 1078  238 1.7 8 5 2 6 25% 327244 2848 92%
c ]  0.87 90 70 2 142  1 1695  750 1.8 29 16 2 6 49% 327193 2848 92%
c {  0.87 90 95 2 142 13 1695  750 1.4 11 8 2 6 21% 327193 2848 92%
c i  0.91 90 92 2 153 13 1737  786 1.4 12 9 2 6 21% 327193 2812 91%
c i  0.92 90 92 2 157 12 1765  786 1.4 12 9 2 6 21% 327172 2780 90%
c i  0.94 90 90 2 165 12 1796  811 1.4 13 9 2 6 21% 327171 2778 90%
c i  0.95 90 89 2 171 12 1823  832 1.4 14 10 2 6 21% 327170 2776 90%
c i  0.95 90 88 2 174 12 1839  842 1.4 14 10 2 6 21% 327167 2775 90%
c i  0.97 90 86 2 185 12 1886  874 1.4 14 10 2 6 21% 327156 2770 89%
c i  0.97 90 86 2 186 12 1887  874 1.4 14 10 2 6 21% 327156 2734 88%
c i  1.00 90 84 2 200 12 1936  910 1.4 14 10 2 6 21% 327145 2733 88%
c -  1.21 89 79 3 243 12 2125  380 1.4 15 11 2 6 11% 326876 2733 88%
c i  1.34 89 75 3 291 12 2332  504 1.3 16 12 2 6 13% 326812 2724 88%
c i  1.34 89 75 3 291 12 2333  504 1.3 16 12 2 6 13% 326812 2723 88%
c i  1.36 89 74 3 292 12 2369  528 1.3 16 12 2 6 14% 326802 2673 86%
c i  1.37 89 74 3 293 12 2376  534 1.3 16 12 2 6 14% 326802 2672 86%
c i  1.39 89 74 3 297 12 2445  569 1.3 16 12 2 6 16% 326775 2671 86%
c i  1.39 89 74 3 297 11 2476  580 1.3 16 12 2 6 17% 326759 2670 86%
c i  1.39 89 73 3 297 11 2493  583 1.3 16 12 2 6 18% 326746 2667 86%
c i  1.40 89 73 3 298 11 2528  600 1.3 16 12 2 6 18% 326734 2666 86%
c 
c  seconds  reduction conflicts       size   tier2       variables
c         MB    restarts   redundant     glue   trail         remaining
c          level     rate       size/glue  tier1  irredundant
c 
c i  1.40 89 73 3 298 11 2540  604 1.3 16 12 2 6 18% 326729 2664 86%
c i  1.40 89 73 3 298 11 2542  604 1.3 16 12 2 6 18% 326728 2622 85%
c O  1.70 89 64 3 408 10 3005  966 1.3 18 14 2 6 16% 326687 2622 85%
c i  1.71 89 64 3 412 10 3022  978 1.3 18 14 2 6 16% 326687 2621 85%
c 2  1.72 89 63 3 416 10 3042  990 1.3 18 14 2 6 16% 326686 2606 84%
c d  1.74 89 63 3 416 10 3042  952 1.3 18 14 2 6 16% 326530 2605 84%
c p  1.74 89 63 3 416 10 3042  954 1.3 18 14 2 6 16% 326530 2605 84%
c =  1.89 97 63 3 416 10 3042  952 1.3 18 14 2 6 16% 326506 2555 82%
c t  1.90 97 63 3 416 10 3042  946 1.3 18 14 2 6 16% 326506 2555 82%
c i  1.94 97 61 3 416  9 3239 1050 1.3 19 14 2 6 17% 326444 2554 82%
c i  1.94 97 61 3 416  9 3240 1050 1.3 19 14 2 6 17% 326444 2552 82%
c i  1.95 97 60 3 416  9 3304 1074 1.3 19 14 2 6 18% 326418 2551 82%
c i  1.95 97 60 3 416  9 3352 1103 1.3 19 14 2 6 18% 326408 2507 81%
c i  1.95 97 59 3 416  9 3371 1111 1.3 19 14 2 6 18% 326402 2506 81%
c i  1.95 97 59 3 416  9 3372 1111 1.3 19 14 2 6 18% 326402 2504 81%
c i  1.95 97 59 3 416  9 3390 1118 1.3 18 14 2 6 18% 326395 2490 80%
c -  2.06 113 52 4 420  8 3873  565 1.4 19 14 2 6 18% 326318 2490 80%
c i  2.08 113 52 4 423  8 3978  619 1.4 19 14 2 6 18% 326287 2487 80%
c i  2.09 113 51 4 423  7 4070  678 1.4 18 14 2 6 19% 326271 2475 80%
c i  2.09 113 51 4 423  7 4082  683 1.4 18 14 2 6 19% 326270 2444 79%
c 
c  seconds   reduction conflicts       size   tier2       variables
c          MB    restarts   redundant     glue   trail         remaining
c           level     rate       size/glue  tier1  irredundant
c 
c }  2.17 113 48 4 443  7 4358  887 1.4 19 14 2 6 19% 326260 2444 79%
c [  2.17 113 70 4 443  1 4358  887 1.8 29 16 2 6 55% 326260 2444 79%
c i  2.32 113 46 4 444  1 5110 1423 1.5 27 18 16 22 37% 326240 2443 79%
c i  2.33 113 45 4 444  1 5128 1437 1.5 27 18 16 22 37% 326238 2431 78%
c i  2.33 113 45 4 444  1 5134 1437 1.5 27 18 16 22 37% 326238 2420 78%
c i  2.33 113 45 4 444  1 5135 1437 1.5 27 18 16 22 37% 326238 2402 77%
c i  2.33 113 45 4 444  1 5136 1437 1.5 27 18 16 22 37% 326238 2376 77%
c i  2.46 114 40 4 444  1 5546 1733 1.5 26 18 15 21 34% 326115 2375 77%
c i  2.46 114 40 4 444  1 5547 1733 1.5 26 18 15 21 34% 326115 2340 75%
c i  2.46 114 40 4 444  1 5548 1733 1.5 26 18 15 21 34% 326115 2334 75%
c i  2.47 114 40 4 444  1 5551 1733 1.5 26 18 15 21 34% 326113 2333 75%
c i  2.47 114 40 4 444  1 5552 1733 1.5 26 18 15 21 34% 326113 2297 74%
c I  2.54 114 35 4 445  1 6007 2048 1.5 25 17 15 21 32% 326113 2297 74%
c -  2.65 114 34 5 445  1 6228  765 1.5 24 16 13 21 31% 326029 2297 74%
c 2  2.95 114 27 5 446  1 8147 2075 1.4 22 16 13 19 27% 326022 2296 74%
c d  2.96 114 27 5 446  1 8147 2075 1.4 22 16 13 19 27% 326018 2295 74%
c ]  3.09 114 26 5 446  1 8436 2279 1.4 22 16 13 19  7% 326020 2294 74%
c {  3.09 114 48 5 446  7 8436 2279 1.4 19 14 2 6 23% 326020 2294 74%
c -  3.38 81 43 6 581  6 9214 2713 1.3 19 14 11 19 19% 326018 2294 74%
c #  3.81 81 40 6 693  6 10009 3319 1.3 20 15 11 19 17% 326016 2294 74%
c 
c  seconds  reductions conflicts       size    tier2        variables
c         MB    restarts    redundant     glue     trail         remaining
c          level     rate        size/glue  tier1    irredundant
c 
c -  4.71 94 32 7 915  4 12845 5025 1.4 20 15 11 19 13% 326016 2294 74%
c s  4.85 98 31 7 915  4 13491 5448 1.4 20 15 12 17 12% 325984 2294 74%
c t  4.86 98 31 7 915  4 13491 5448 1.4 20 15 12 17 12% 325960 2294 74%
c e  4.92 98 31 7 915  4 13491 5181 1.4 20 15 12 17 12% 322595 356 11%
c s  4.94 98 31 7 915  4 13491 5181 1.4 20 15 12 17 12% 322590 356 11%
c 2  5.03 98 31 7 915  4 13633 5276 1.4 20 15 12 17 12% 322590 356 11%
c u  5.07 98 31 7 915  4 13633 5248 1.4 20 15 12 17 12% 322590 356 11%
c v  5.13 98 31 7 915  4 13633 5236 1.4 20 15 12 17 12% 322590 356 11%
c x  5.19 98 31 7 915  4 13633 5233 1.4 20 15 12 17 12% 322590 356 11%
c t  5.19 98 31 7 915  4 13633 5233 1.4 20 15 12 17 12% 322588 356 11%
c B  5.48 98 29 7 929  3 15010 6171 1.4 20 15 12 17 18% 322588 356 11%
c }  5.69 98 28 7 986  3 15788 6732 1.4 20 15 12 17 23% 322588 356 11%
c [  5.69 98 26 7 986  1 15788 6732 1.4 22 16 13 19 45% 322588 356 11%
c -  5.95 81 25 8 987  1 17134 6098 1.4 23 16 13 19 30% 322588 356 11%
c B  6.48 81 24 8 989  1 21011 8882 1.4 23 16 13 19 26% 322608 356 11%
c -  6.65 105 24 9 989  1 22071 7366 1.4 23 17 12 19 26% 322608 356 11%
c ]  7.18 105 23 9 991  1 25686 9620 1.4 23 17 12 19 26% 322608 356 11%
c {  7.18 105 28 9 991  3 25686 9620 1.4 20 15 12 17 23% 322608 356 11%
c -  7.54 105 26 10 1018  3 27675 8720 1.4 20 14 12 17 25% 322608 356 11%
c W  7.92 105 26 10 1048  3 28012 8983 1.4 20 14 12 17 25% 322608 356 11%
c 
c  seconds   reductions   conflicts        size    tier2        variables
c          MB     restarts      redundant     glue     trail        remaining
c           level       rate         size/glue  tier1    irredundant
c 
c -  8.72 106 22 11 1091  2 33948 11071 1.5 19 13 12 17 25% 322608 356 11%
c p  8.73 106 22 11 1091  2 33948 11072 1.5 19 13 12 17 25% 322608 356 11%
c u  8.81 106 22 11 1091  2 33948 11045 1.5 19 13 12 17 25% 322608 356 11%
c v  8.84 106 22 11 1091  2 33948 11043 1.5 19 13 12 17 25% 322608 356 11%
c w  8.85 106 22 11 1091  2 33948 11043 1.5 19 13 12 17 25% 322608 356 11%
c F  9.38 106 22 11 1372  2 36013 12605 1.4 20 14 12 17 25% 322608 356 11%
c - 10.05 106 20 12 1373  2 40896 12059 1.5 19 13 10 15 25% 322608 356 11%
c } 10.18 106 20 12 1436  2 41152 12249 1.5 19 13 10 15 25% 322608 356 11%
c [ 10.18 106 23 12 1436  1 41152 12249 1.4 23 17 12 19 26% 322608 356 11%
c W 10.81 106 22 12 1439  1 45016 14698 1.4 23 17 12 19 26% 322608 356 11%
c - 11.36 106 21 13 1441  1 48522 14161 1.4 22 16 12 19 26% 322608 356 11%
c p 11.36 106 21 13 1441  1 48522 14164 1.4 22 16 12 19 26% 322608 356 11%
c s 11.99 106 20 13 1442  1 52787 17424 1.4 22 15 12 19 26% 322591 356 11%
c s 12.08 106 20 13 1442  1 52787 17419 1.4 22 15 12 19 26% 322583 356 11%
c O 12.41 106 20 13 1442  1 55017 18942 1.4 22 16 12 19 26% 322583 356 11%
c - 12.75 106 20 14 1442  1 56830 16953 1.4 22 15 12 19 26% 322583 356 11%
c p 12.76 106 20 14 1442  1 56830 16956 1.4 22 15 12 19 26% 322583 356 11%
c u 12.87 106 20 14 1442  1 56830 16906 1.4 22 15 12 19 26% 322583 356 11%
c v 12.93 106 20 14 1442  1 56830 16903 1.4 22 15 12 19 26% 322583 356 11%
c w 12.95 106 20 14 1442  1 56830 16903 1.4 22 15 12 19 26% 322583 356 11%
c 
c  seconds   reductions   conflicts        size    tier2        variables
c          MB     restarts      redundant     glue     trail        remaining
c           level       rate         size/glue  tier1    irredundant
c 
c ] 13.21 106 20 14 1442  1 58912 18319 1.4 22 15 12 19 26% 322583 356 11%
c { 13.21 106 20 14 1442  2 58912 18319 1.5 19 13 10 15 25% 322583 356 11%
c - 14.05 106 19 15 1641  2 65820 20203 1.5 19 13 10 15 24% 322583 356 11%
c B 14.11 106 19 15 1641  2 66018 20354 1.5 19 13 10 15 24% 322583 356 11%
c - 16.35 106 18 16 2541  2 75496 20230 1.5 19 13 9 14 24% 322583 356 11%
c p 16.37 106 18 16 2541  2 75496 20231 1.5 19 13 9 14 24% 322583 356 11%
c u 16.45 106 18 16 2541  2 75496 20200 1.5 19 13 9 14 24% 322583 356 11%
c v 16.48 106 18 16 2541  2 75496 20196 1.5 19 13 9 14 24% 322583 356 11%
c w 16.50 106 18 16 2541  2 75496 20192 1.5 19 13 9 14 24% 322583 356 11%
c W 17.38 106 18 16 2660  2 78019 21995 1.5 19 13 9 14 24% 322583 356 11%
c } 18.15 106 17 16 2925  2 83594 25757 1.5 19 13 9 14 24% 322583 356 11%
c [ 18.15 106 20 16 2925  1 83594 25757 1.4 22 15 12 19 26% 322583 356 11%
c - 18.51 106 20 17 2927  1 85858 22370 1.4 22 15 12 19 26% 322583 356 11%
c p 18.53 106 20 17 2927  1 85858 22373 1.4 22 15 12 19 26% 322583 356 11%
c B 19.11 106 19 17 2931  1 91020 25858 1.4 22 15 12 19 26% 322583 356 11%
c - 19.83 107 19 18 2932  1 96908 23893 1.4 22 15 12 19 26% 322583 356 11%
c p 19.84 107 19 18 2932  1 96908 23894 1.4 22 15 12 19 26% 322583 356 11%
c u 20.16 107 19 18 2932  1 96908 23869 1.4 22 15 12 19 26% 322583 356 11%
c v 20.21 107 19 18 2932  1 96908 23857 1.4 22 15 12 19 26% 322583 356 11%
c w 20.24 107 19 18 2932  1 96908 23856 1.4 22 15 12 19 26% 322583 356 11%
c 
c  seconds   reductions   conflicts         size    tier2        variables
c          MB     restarts       redundant     glue     trail        remaining
c           level       rate          size/glue  tier1    irredundant
c 
c W 21.45 107 19 18 2938  1 105023 29180 1.4 22 15 12 19 25% 322583 356 11%
c - 21.88 107 19 19 2939  1 108650 24697 1.4 22 16 12 19 25% 322583 356 11%
c p 21.89 107 19 19 2939  1 108650 24700 1.4 22 16 12 19 25% 322583 356 11%
c s 22.26 107 20 19 2940  1 111730 26764 1.4 22 16 12 19 25% 322524 356 11%
c s 22.35 107 20 19 2940  1 111730 26761 1.4 22 16 12 19 25% 322488 356 11%
c ] 22.46 107 20 19 2940  1 112005 26914 1.4 22 16 12 19 25% 322488 356 11%
c { 22.46 107 17 19 2940  2 112005 26914 1.5 19 13 9 14 24% 322488 356 11%
c # 24.45 107 17 19 3612  2 120029 32333 1.5 19 13 9 14 24% 322488 356 11%
c - 24.71 107 17 20 3614  2 121083 26881 1.5 19 13 9 14 24% 322488 356 11%
c p 24.73 107 17 20 3614  2 121083 26882 1.5 19 13 9 14 24% 322488 356 11%
c u 24.87 107 17 20 3614  2 121083 26833 1.5 19 13 9 14 24% 322488 356 11%
c v 24.93 107 17 20 3614  2 121083 26822 1.5 19 13 9 14 24% 322488 356 11%
c w 24.96 107 17 20 3614  2 121083 26822 1.5 19 13 9 14 24% 322488 356 11%
c - 27.28 107 17 21 4706  2 134205 29457 1.5 19 13 9 14 24% 322488 356 11%
c p 27.30 107 17 21 4706  2 134205 29460 1.5 19 13 9 14 24% 322488 356 11%
c B 27.60 107 17 21 5020  2 136032 30655 1.5 19 13 9 14 24% 322488 356 11%
c } 28.84 107 16 21 5217  2 144912 35814 1.5 18 12 9 14 24% 322488 356 11%
c [ 28.84 107 20 21 5217  1 144912 35814 1.4 22 16 12 19 25% 322488 356 11%
c - 29.13 107 19 22 5217  1 148020 32866 1.4 22 15 12 19 25% 322488 356 11%
c p 29.14 107 19 22 5217  1 148020 32867 1.4 22 15 12 19 25% 322488 356 11%
c 
c  seconds   reductions   conflicts         size    tier2        variables
c          MB     restarts       redundant     glue     trail        remaining
c           level       rate          size/glue  tier1    irredundant
c 
c u 29.24 107 19 22 5217  1 148020 32844 1.4 22 15 12 19 25% 322488 356 11%
c v 29.29 107 19 22 5217  1 148020 32837 1.4 22 15 12 19 25% 322488 356 11%
c w 29.31 107 19 22 5217  1 148020 32837 1.4 22 15 12 19 25% 322488 356 11%
c x 29.37 107 19 22 5217  1 148020 32837 1.4 22 15 12 19 25% 322488 356 11%
c I 29.86 107 18 22 5218  1 153033 35576 1.4 21 15 12 19 24% 322488 356 11%
c - 31.36 108 18 23 5218  1 162529 36187 1.4 21 15 12 19 24% 322488 356 11%
c p 31.38 108 18 23 5218  1 162529 36190 1.4 21 15 12 19 24% 322488 356 11%
c B 32.45 108 18 23 5221  1 171034 41713 1.4 21 15 12 19 24% 322488 356 11%
c - 33.23 108 18 24 5225  1 177732 38441 1.4 21 15 12 19 24% 322488 356 11%
c p 33.24 108 18 24 5225  1 177732 38442 1.4 21 15 12 19 24% 322488 356 11%
c u 33.63 108 18 24 5225  1 177732 38385 1.4 21 15 12 19 24% 322488 356 11%
c v 33.70 108 18 24 5225  1 177732 38375 1.4 21 15 12 19 24% 322488 356 11%
c w 33.74 108 18 24 5225  1 177732 38374 1.4 21 15 12 19 24% 322488 356 11%
c ] 34.62 108 19 24 5229  1 185048 43305 1.4 21 15 12 19 24% 322488 356 11%
c { 34.62 108 16 24 5229  2 185048 43305 1.5 18 12 9 14 24% 322488 356 11%
c W 36.36 108 16 24 5810  2 190035 46606 1.4 18 13 9 14 24% 322488 356 11%
c s 36.46 108 16 24 5860  2 190318 46814 1.4 18 13 9 14 24% 322440 356 11%
c s 36.57 108 16 24 5860  2 190318 46808 1.4 18 13 9 14 24% 322387 356 11%
c - 37.42 84 16 25 6015  2 193630 40695 1.4 18 13 9 14 24% 322387 356 11%
c p 37.43 84 16 25 6015  2 193630 40698 1.4 18 13 9 14 24% 322387 356 11%
c 
c  seconds  reductions   conflicts         size   tier2        variables
c         MB     restarts       redundant     glue    trail        remaining
c          level       rate          size/glue  tier1   irredundant
c 
c F 39.69 84 15 25 6418  2 210038 49966 1.4 18 12 8 13 24% 322387 356 11%
c - 39.86 111 15 26 6454  2 210223 37317 1.4 18 12 8 13 24% 322387 356 11%
c p 39.89 111 15 26 6454  2 210223 37319 1.4 18 12 8 13 24% 322387 356 11%
c u 40.03 111 15 26 6454  2 210223 37274 1.4 18 12 8 13 24% 322387 356 11%
c v 40.10 111 15 26 6454  2 210223 37270 1.4 18 12 8 13 24% 322387 356 11%
c w 40.13 111 15 26 6454  2 210223 37270 1.4 18 12 8 13 24% 322387 356 11%
c x 40.21 111 15 26 6454  2 210223 37269 1.4 18 12 8 13 24% 322387 356 11%
c - 43.20 138 15 27 7411  1 227513 39934 1.5 18 12 8 13 24% 322387 356 11%
c p 43.22 138 15 27 7411  1 227513 39937 1.5 18 12 8 13 24% 322387 356 11%
c u 43.32 138 15 27 7411  1 227513 39927 1.5 18 12 8 13 24% 322387 356 11%
c v 43.35 138 15 27 7411  1 227513 39923 1.5 18 12 8 13 24% 322387 356 11%
c w 43.37 138 15 27 7411  1 227513 39918 1.5 18 12 8 13 24% 322387 356 11%
c x 43.42 138 15 27 7411  1 227513 39918 1.5 18 12 8 13 24% 322387 356 11%
c } 44.08 138 15 27 7698  1 230291 41569 1.4 18 12 8 13 24% 322387 356 11%
c [ 44.08 138 19 27 7698  1 230291 41569 1.4 21 15 12 19 24% 322387 356 11%
c W 44.72 138 19 27 7699  1 231040 42012 1.4 21 15 12 19 24% 322387 356 11%
c - 46.61 138 18 28 7702  1 245500 42842 1.4 21 15 12 19 24% 322387 356 11%
c p 46.64 138 18 28 7702  1 245500 42844 1.4 21 15 12 19 24% 322387 356 11%
c O 47.61 138 18 28 7708  1 253041 47891 1.4 21 15 12 19 24% 322387 356 11%
c - 48.96 138 18 29 7714  1 264182 45862 1.4 21 15 12 19 24% 322387 356 11%
c 
c  seconds   reductions   conflicts         size    tier2        variables
c          MB     restarts       redundant     glue     trail        remaining
c           level       rate          size/glue  tier1    irredundant
c 
c p 48.98 138 18 29 7714  1 264182 45865 1.4 21 15 12 19 24% 322387 356 11%
c u 49.11 138 18 29 7714  1 264182 45827 1.4 21 15 12 19 24% 322387 356 11%
c v 49.17 138 18 29 7714  1 264182 45821 1.4 21 15 12 19 24% 322387 356 11%
c w 49.20 138 18 29 7714  1 264182 45821 1.4 21 15 12 19 24% 322387 356 11%
c x 49.29 138 18 29 7714  1 264182 45821 1.4 21 15 12 19 24% 322386 356 11%
c B 50.80 138 18 29 7717  1 276044 53832 1.4 21 15 10 16 24% 322386 356 11%
c ] 51.40 138 17 29 7718  1 280921 56738 1.4 21 14 10 16 25% 322386 356 11%
c { 51.40 138 15 29 7718  1 280921 56738 1.4 18 12 8 13 24% 322386 356 11%
c - 52.04 138 15 30 8187  1 283565 48185 1.4 18 12 8 13 24% 322386 356 11%
c p 52.07 138 15 30 8187  1 283565 48188 1.4 18 12 8 13 24% 322386 356 11%
c u 52.17 138 15 30 8187  1 283565 48172 1.4 18 12 8 13 24% 322386 356 11%
c v 52.20 138 15 30 8187  1 283565 48165 1.4 18 12 8 13 24% 322386 356 11%
c w 52.21 138 15 30 8187  1 283565 48163 1.4 18 12 8 13 24% 322386 356 11%
c x 52.25 138 15 30 8187  1 283565 48162 1.4 18 12 8 13 24% 322386 356 11%
c s 53.08 138 15 30 8448  1 288549 51399 1.4 18 12 8 13 24% 322319 356 11%
c s 53.18 138 15 30 8448  1 288549 51374 1.4 18 12 8 13 24% 322267 356 11%
c i 54.15 138 15 30 8448  1 296040 54526 1.4 17 12 8 13 24% 322267 355 11%
c B 54.98 138 15 30 9213  1 300047 57131 1.4 17 12 8 13 24% 322267 355 11%
c - 56.41 138 15 31 9897  1 303648 42086 1.4 17 12 8 13 24% 320184 355 11%
c 2 56.41 138 15 31 9897  1 303648 42086 1.4 17 12 8 13 24% 320183 355 11%
c 
c  seconds   reductions   conflicts         size   tier2        variables
c          MB     restarts       redundant     glue    trail        remaining
c           level       rate          size/glue  tier1   irredundant
c 
c p 56.44 138 15 31 9897  1 303648 42088 1.4 17 12 8 13 24% 320183 355 11%
c u 56.98 138 15 31 9897  1 303648 42049 1.4 17 12 8 13 24% 320183 355 11%
c v 57.04 138 15 31 9897  1 303648 42044 1.4 17 12 8 13 24% 320183 355 11%
c w 57.06 138 15 31 9897  1 303648 42043 1.4 17 12 8 13 24% 320183 355 11%
c x 57.13 138 15 31 9897  1 303648 42040 1.4 17 12 8 13 24% 320181 355 11%
c - 61.76 143 15 32 11396  1 324388 46469 1.4 18 12 8 13 25% 320181 355 11%
c p 61.78 143 15 32 11396  1 324388 46471 1.4 18 12 8 13 25% 320181 355 11%
c u 61.90 143 15 32 11396  1 324388 46440 1.4 18 12 8 13 25% 320181 355 11%
c v 61.95 143 15 32 11396  1 324388 46435 1.4 18 12 8 13 25% 320181 355 11%
c w 61.97 143 15 32 11396  1 324388 46432 1.4 18 12 8 13 25% 320181 355 11%
c x 62.04 143 15 32 11396  1 324388 46432 1.4 18 12 8 13 25% 320179 355 11%
c W 62.83 143 15 32 11396  1 325051 46848 1.4 17 12 8 13 25% 320179 355 11%
c } 65.12 143 15 32 11637  1 334445 53125 1.5 18 12 7 13 24% 320179 355 11%
c [ 65.12 143 17 32 11637  1 334445 53125 1.4 21 14 10 16 25% 320179 355 11%
c - 66.87 89 17 33 11637  1 345822 47601 1.4 20 14 10 16 25% 320179 355 11%
c p 66.89 89 17 33 11637  1 345822 47603 1.4 20 14 10 16 25% 320179 355 11%
c u 67.02 89 17 33 11637  1 345822 47526 1.4 20 14 10 16 25% 320179 355 11%
c v 67.08 89 17 33 11637  1 345822 47513 1.4 20 14 10 16 25% 320179 355 11%
c w 67.10 89 17 33 11637  1 345822 47512 1.4 20 14 10 16 25% 320179 355 11%
c W 68.13 89 17 33 11638  1 351055 51070 1.5 20 14 10 16 25% 320179 355 11%
c 
c  seconds   reductions    conflicts         size    tier2        variables
c          MB      restarts       redundant     glue     trail        remaining
c           level        rate          size/glue  tier1    irredundant
c 
c - 69.86 116 17 34 11638  1 367952 48454 1.5 20 14 10 16 25% 320179 355 11%
c p 69.88 116 17 34 11638  1 367952 48456 1.5 20 14 10 16 25% 320179 355 11%
c u 69.97 116 17 34 11638  1 367952 48441 1.5 20 14 10 16 25% 320179 355 11%
c v 70.01 116 17 34 11638  1 367952 48436 1.5 20 14 10 16 25% 320179 355 11%
c w 70.03 116 17 34 11638  1 367952 48434 1.5 20 14 10 16 25% 320179 355 11%
c x 70.08 116 17 34 11638  1 367952 48433 1.5 20 14 10 16 25% 320177 355 11%
c I 71.30 116 17 34 11638  1 378056 55367 1.5 21 14 10 16 25% 320177 355 11%
c - 73.03 89 17 35 11644  1 390781 47993 1.5 20 14 10 16 25% 320177 355 11%
c p 73.05 89 17 35 11644  1 390781 47994 1.5 20 14 10 16 25% 320177 355 11%
c u 73.17 89 17 35 11644  1 390781 47975 1.5 20 14 10 16 25% 320177 355 11%
c v 73.20 89 17 35 11644  1 390781 47966 1.5 20 14 10 16 25% 320177 355 11%
c w 73.22 89 17 35 11644  1 390781 47966 1.5 20 14 10 16 25% 320177 355 11%
c x 73.26 89 17 35 11644  1 390781 47966 1.5 20 14 10 16 25% 320176 355 11%
c ] 74.20 89 17 35 11648  1 398194 52632 1.5 20 14 10 16 25% 320176 355 11%
c { 74.20 89 15 35 11648  1 398194 52632 1.5 18 12 7 13 24% 320176 355 11%
c # 75.61 89 15 35 12199  1 406058 57586 1.5 17 12 7 13 24% 320176 355 11%
c s 75.78 100 15 35 12277  1 406415 57811 1.5 18 12 7 13 24% 320139 355 11%
c e 75.85 100 15 35 12277  1 406415 57515 1.5 18 12 7 13 24% 320137 353 11%
c s 75.91 100 15 35 12277  1 406415 57497 1.5 18 12 7 13 24% 319980 353 11%
c - 77.71 127 15 36 13097  1 414308 50321 1.5 18 12 7 13 24% 319980 353 11%
c 
c  seconds   reductions    conflicts         size   tier2        variables
c          MB      restarts       redundant     glue    trail        remaining
c           level        rate          size/glue  tier1   irredundant
c 
c p 77.73 127 15 36 13097  1 414308 50323 1.5 18 12 7 13 24% 319980 353 11%
c u 77.86 127 15 36 13097  1 414308 50309 1.5 18 12 7 13 24% 319980 353 11%
c v 77.91 127 15 36 13097  1 414308 50296 1.5 18 12 7 13 24% 319980 353 11%
c w 77.94 127 15 36 13097  1 414308 50293 1.5 18 12 7 13 24% 319980 353 11%
c B 80.76 127 14 36 13481  1 435060 63316 1.5 17 12 7 13 24% 319980 353 11%
c - 81.49 100 14 37 13805  1 438527 55661 1.5 17 12 7 13 24% 319980 353 11%
c p 81.51 100 14 37 13805  1 438527 55662 1.5 17 12 7 13 24% 319980 353 11%
c u 81.64 100 14 37 13805  1 438527 55608 1.5 17 12 7 13 24% 319980 353 11%
c v 81.68 100 14 37 13805  1 438527 55595 1.5 17 12 7 13 24% 319980 353 11%
c w 81.71 100 14 37 13805  1 438527 55594 1.5 17 12 7 13 24% 319980 353 11%
c - 85.40 127 14 38 14497  1 463445 60347 1.5 17 11 7 13 24% 319980 353 11%
c p 85.42 127 14 38 14497  1 463445 60349 1.5 17 11 7 13 24% 319980 353 11%
c u 85.56 127 14 38 14497  1 463445 60328 1.5 17 11 7 13 24% 319980 353 11%
c v 85.61 127 14 38 14497  1 463445 60312 1.5 17 11 7 13 24% 319980 353 11%
c w 85.63 127 14 38 14497  1 463445 60310 1.5 17 11 7 13 24% 319980 353 11%
c x 85.69 127 14 38 14497  1 463445 60309 1.5 17 11 7 13 24% 319979 353 11%
c W 86.92 127 14 38 14879  1 465064 61429 1.5 17 11 7 12 24% 319979 353 11%
c } 88.54 127 14 38 15722  1 471934 65690 1.5 17 11 7 12 24% 319979 353 11%
c [ 88.54 127 17 38 15722  1 471934 65690 1.5 20 14 10 16 25% 319979 353 11%
c - 90.59 102 17 39 15727  1 489060 60510 1.4 20 14 10 16 25% 319979 353 11%
c 
c  seconds   reductions    conflicts         size    tier2        variables
c          MB      restarts       redundant     glue     trail        remaining
c           level        rate          size/glue  tier1    irredundant
c 
c p 90.61 102 17 39 15727  1 489060 60512 1.4 20 14 10 16 25% 319979 353 11%
c u 91.11 113 17 39 15727  1 489060 60475 1.4 20 14 10 16 25% 319979 353 11%
c v 91.14 113 17 39 15727  1 489060 60462 1.4 20 14 10 16 25% 319979 353 11%
c w 91.16 113 17 39 15727  1 489060 60460 1.4 20 14 10 16 25% 319979 353 11%
c x 91.21 113 17 39 15727  1 489060 60460 1.4 20 14 10 16 25% 319977 353 11%
c B 92.00 113 17 39 15732  1 496066 64915 1.4 20 14 10 16 24% 319977 353 11%
c - 94.15 124 17 40 15742  1 515376 59411 1.4 20 14 10 16 24% 319977 353 11%
c p 94.18 124 17 40 15742  1 515376 59413 1.4 20 14 10 16 24% 319977 353 11%
c u 94.27 124 17 40 15742  1 515376 59365 1.4 20 14 10 16 24% 319977 353 11%
c v 94.31 124 17 40 15742  1 515376 59362 1.4 20 14 10 16 24% 319977 353 11%
c w 94.33 124 17 40 15742  1 515376 59355 1.4 20 14 10 16 24% 319977 353 11%
c x 94.39 124 17 40 15742  1 515376 59354 1.4 20 14 10 16 24% 319977 353 11%
c W 96.50 124 17 40 15743  1 528068 66836 1.4 20 14 10 16 24% 319977 353 11%
c - 98.84 124 17 41 15746  1 542388 61549 1.4 20 14 9 16 24% 319977 353 11%
c p 98.87 124 17 41 15746  1 542388 61551 1.4 20 14 9 16 24% 319977 353 11%
c u 98.99 124 17 41 15746  1 542388 61531 1.4 20 14 9 16 24% 319977 353 11%
c v 99.04 124 17 41 15746  1 542388 61529 1.4 20 14 9 16 24% 319977 353 11%
c w 99.06 124 17 41 15746  1 542388 61528 1.4 20 14 9 16 24% 319977 353 11%
c s 99.51 124 17 41 15746  1 543953 62549 1.4 20 14 9 16 24% 319790 353 11%
c s 99.63 124 17 41 15746  1 543953 62538 1.4 20 14 9 16 24% 319687 353 11%
c 
c  seconds    reductions    conflicts         size   tier2        variables
c           MB      restarts       redundant     glue    trail        remaining
c            level        rate          size/glue  tier1   irredundant
c 
c ] 100.86 124 16 41 15751  1 552772 68041 1.4 20 14 9 16 24% 319687 353 11%
c { 100.86 124 14 41 15751  1 552772 68041 1.5 17 11 7 12 24% 319687 353 11%
c F 102.35 124 14 41 16534  1 561071 73031 1.5 17 12 7 12 24% 319687 353 11%
c - 104.21 124 14 42 17759  1 570099 65620 1.5 17 12 7 12 24% 319687 353 11%
c p 104.23 124 14 42 17759  1 570099 65622 1.5 17 12 7 12 24% 319687 353 11%
c u 104.41 124 14 42 17759  1 570099 65511 1.5 17 12 7 12 24% 319687 353 11%
c v 104.49 124 14 42 17759  1 570099 65498 1.5 17 12 7 12 24% 319687 353 11%
c w 104.54 124 14 42 17759  1 570099 65490 1.5 17 12 7 12 24% 319687 353 11%
c B 109.72 124 14 42 19803  1 595073 81680 1.5 17 12 7 12 24% 319687 353 11%
c - 110.37 87 14 43 20079  1 598502 70043 1.5 17 12 7 12 24% 319687 353 11%
c p 110.39 87 14 43 20079  1 598502 70045 1.5 17 12 7 12 24% 319687 353 11%
c u 110.52 89 14 43 20079  1 598502 69990 1.5 17 12 7 12 24% 319687 353 11%
c v 110.57 89 14 43 20079  1 598502 69971 1.5 17 12 7 12 24% 319687 353 11%
c w 110.60 89 14 43 20079  1 598502 69964 1.5 17 12 7 12 24% 319687 353 11%
c x 110.69 89 14 43 20079  1 598502 69964 1.5 17 12 7 12 24% 319685 353 11%
c - 117.73 96 15 44 23643  1 627603 72625 1.5 18 12 7 12 24% 319685 353 11%
c p 117.75 96 15 44 23643  1 627603 72627 1.5 18 12 7 12 24% 319685 353 11%
c u 117.97 96 15 44 23643  1 627603 72578 1.5 18 12 7 12 24% 319685 353 11%
c v 118.06 96 15 44 23643  1 627603 72565 1.5 18 12 7 12 24% 319685 353 11%
c w 118.11 96 15 44 23643  1 627603 72560 1.5 18 12 7 12 24% 319685 353 11%
c 
c  seconds   reductions    conflicts         size   tier2        variables
c          MB      restarts       redundant     glue    trail        remaining
c           level        rate          size/glue  tier1   irredundant
c 
c W 119.46 96 15 44 24005  1 630074 74235 1.4 18 12 7 12 24% 319685 353 11%
c } 120.23 96 15 44 24365  1 633097 76227 1.4 18 12 7 12 24% 319685 353 11%
c [ 120.23 96 16 44 24365  1 633097 76227 1.4 20 14 9 16 24% 319685 353 11%
c - 123.60 97 16 45 24375  1 657404 75230 1.4 20 14 9 16 24% 319685 353 11%
c p 123.62 97 16 45 24375  1 657404 75232 1.4 20 14 9 16 24% 319685 353 11%
c u 123.81 97 16 45 24375  1 657404 75186 1.4 20 14 9 16 24% 319685 353 11%
c v 123.89 97 16 45 24375  1 657404 75182 1.4 20 14 9 16 24% 319685 353 11%
c w 123.93 97 16 45 24375  1 657404 75182 1.4 20 14 9 16 24% 319685 353 11%
c O 125.16 97 16 45 24379  1 666075 80418 1.4 20 14 9 15 24% 319685 353 11%
c - 127.99 97 16 46 24388  1 687905 75783 1.4 20 14 9 15 24% 319685 353 11%
c p 128.01 97 16 46 24388  1 687905 75785 1.4 20 14 9 15 24% 319685 353 11%
c u 128.15 97 16 46 24388  1 687905 75752 1.4 20 14 9 15 24% 319685 353 11%
c v 128.20 97 16 46 24388  1 687905 75749 1.4 20 14 9 15 24% 319685 353 11%
c w 128.23 97 16 46 24388  1 687905 75747 1.4 20 14 9 15 24% 319685 353 11%
c x 128.32 97 16 46 24388  1 687905 75747 1.4 20 14 9 15 24% 319684 353 11%
c s 130.23 104 16 46 24388  1 701118 83702 1.4 20 14 9 15 24% 319502 353 11%
c s 130.37 104 16 46 24388  1 701118 83683 1.4 20 14 9 15 24% 319364 353 11%
c B 130.73 104 16 46 24388  1 703076 84765 1.4 20 14 9 15 24% 319364 353 11%
c - 133.10 90 16 47 24389  1 719106 74845 1.4 20 14 9 15 24% 319364 353 11%
c p 133.12 90 16 47 24389  1 719106 74847 1.4 20 14 9 15 24% 319364 353 11%
c 
c  seconds   reductions    conflicts         size   tier2        variables
c          MB      restarts       redundant     glue    trail        remaining
c           level        rate          size/glue  tier1   irredundant
c 
c u 133.35 90 16 47 24389  1 719106 74783 1.4 20 14 9 15 24% 319364 353 11%
c v 133.44 90 16 47 24389  1 719106 74778 1.4 20 14 9 15 24% 319364 353 11%
c w 133.48 90 16 47 24389  1 719106 74776 1.4 20 14 9 15 24% 319364 353 11%
c ] 134.69 90 16 47 24389  1 727126 79420 1.4 20 14 9 15 24% 319364 353 11%
c { 134.69 90 15 47 24389  1 727126 79420 1.4 18 12 7 12 24% 319364 353 11%
c # 137.04 90 14 47 24614  1 741077 87859 1.5 18 12 7 12 24% 319364 353 11%
c - 138.91 121 14 48 25441  1 750999 78348 1.5 18 12 7 12 24% 319364 353 11%
c p 138.93 121 14 48 25441  1 750999 78350 1.5 18 12 7 12 24% 319364 353 11%
c u 139.58 122 14 48 25441  1 750999 78314 1.5 18 12 7 12 24% 319364 353 11%
c v 139.65 122 14 48 25441  1 750999 78308 1.5 18 12 7 12 24% 319364 353 11%
c w 139.68 122 14 48 25441  1 750999 78283 1.5 18 12 7 12 24% 319364 353 11%
c x 139.77 122 14 48 25441  1 750999 78283 1.5 18 12 7 12 24% 319356 353 11%
c B 144.63 122 15 48 27837  1 780078 96133 1.5 18 12 7 12 24% 319356 353 11%
c - 145.49 122 15 49 28004  1 783589 83630 1.5 18 12 7 12 24% 319356 353 11%
c p 145.52 122 15 49 28004  1 783589 83632 1.5 18 12 7 12 24% 319356 353 11%
c u 145.67 122 15 49 28004  1 783589 83605 1.5 18 12 7 12 24% 319356 353 11%
c v 145.74 122 15 49 28004  1 783589 83602 1.5 18 12 7 12 24% 319356 353 11%
c w 145.77 122 15 49 28004  1 783589 83585 1.5 18 12 7 12 24% 319356 353 11%
c x 145.86 122 15 49 28004  1 783589 83585 1.5 18 12 7 12 24% 319346 353 11%
c - 152.13 122 15 50 30263  1 816878 86996 1.5 18 12 7 12 24% 319346 353 11%
c 
c  seconds    reductions    conflicts         size   tier2        variables
c           MB      restarts       redundant     glue    trail        remaining
c            level        rate          size/glue  tier1   irredundant
c 
c p 152.15 122 15 50 30263  1 816878 86998 1.5 18 12 7 12 24% 319346 353 11%
c u 152.29 122 15 50 30263  1 816878 86937 1.5 18 12 7 12 24% 319346 353 11%
c v 152.36 122 15 50 30263  1 816878 86936 1.5 18 12 7 12 24% 319346 353 11%
c w 152.39 122 15 50 30263  1 816878 86929 1.5 18 12 7 12 24% 319346 353 11%
c x 152.47 122 15 50 30263  1 816878 86929 1.5 18 12 7 12 24% 319346 353 11%
c W 154.89 122 14 50 30332  1 820080 88809 1.5 18 12 7 12 24% 319346 353 11%
c } 156.53 122 15 50 31065  1 829888 94772 1.5 18 12 7 12 24% 319346 353 11%
c [ 156.53 122 16 50 31065  1 829888 94772 1.4 20 14 9 15 24% 319346 353 11%
c - 159.79 122 16 51 31066  1 850866 88456 1.4 20 14 9 15 24% 319346 353 11%
c p 159.82 122 16 51 31066  1 850866 88458 1.4 20 14 9 15 24% 319346 353 11%
c u 159.98 122 16 51 31066  1 850866 88416 1.4 20 14 9 15 24% 319346 353 11%
c v 160.06 122 16 51 31066  1 850866 88414 1.4 20 14 9 15 24% 319346 353 11%
c w 160.08 122 16 51 31066  1 850866 88401 1.4 20 14 9 15 24% 319346 353 11%
c x 160.17 122 16 51 31066  1 850866 88400 1.4 20 14 9 15 24% 319334 353 11%
c W 162.07 122 16 51 31066  1 861082 94960 1.4 20 14 9 15 24% 319334 353 11%
c s 163.99 122 17 51 31066  1 877902 106122 1.4 20 15 9 15 24% 319135 353 11%
c s 164.16 122 17 51 31066  1 877902 106095 1.4 20 15 9 15 24% 318902 353 11%
c - 165.32 92 17 52 31066  1 885554 85983 1.4 20 15 9 15 24% 318902 353 11%
c p 165.34 92 17 52 31066  1 885554 85985 1.4 20 15 9 15 24% 318902 353 11%
c u 165.49 92 17 52 31066  1 885554 85953 1.4 20 15 9 15 24% 318902 353 11%
c 
c  seconds   reductions    conflicts         size   tier2        variables
c          MB      restarts       redundant     glue    trail        remaining
c           level        rate          size/glue  tier1   irredundant
c 
c v 165.56 92 17 52 31066  1 885554 85952 1.4 20 15 9 15 24% 318902 353 11%
c w 165.59 92 17 52 31066  1 885554 85947 1.4 20 15 9 15 24% 318902 353 11%
c x 165.68 92 17 52 31066  1 885554 85946 1.4 20 15 9 15 24% 318900 353 11%
c I 168.24 92 17 52 31066  1 903083 96782 1.4 20 15 9 15 24% 318900 353 11%
c - 171.22 121 17 53 31075  1 920928 84404 1.4 21 15 9 15 24% 318900 353 11%
c p 171.25 121 17 53 31075  1 920928 84406 1.4 21 15 9 15 24% 318900 353 11%
c u 171.43 121 17 53 31075  1 920928 84372 1.4 21 15 9 15 24% 318900 353 11%
c v 171.51 121 17 53 31075  1 920928 84344 1.4 21 15 9 15 24% 318900 353 11%
c w 171.55 121 17 53 31075  1 920928 84341 1.4 21 15 9 15 24% 318900 353 11%
c x 171.67 121 17 53 31075  1 920928 84341 1.4 21 15 9 15 24% 318896 353 11%
c ] 174.80 121 18 53 31083  1 940917 98306 1.4 21 15 9 15 24% 318896 353 11%
c { 174.80 121 15 53 31083  1 940917 98306 1.5 18 12 7 12 24% 318896 353 11%
c F 175.66 121 15 53 31391  1 946084 101166 1.5 18 12 7 12 24% 318896 353 11%
c - 177.89 151 14 54 31950  1 957002 87809 1.5 18 12 7 12 24% 318896 353 11%
c p 177.92 151 14 54 31950  1 957002 87811 1.5 18 12 7 12 24% 318896 353 11%
c u 178.09 151 14 54 31950  1 957002 87714 1.5 18 12 7 12 24% 318896 353 11%
c v 178.17 151 14 54 31950  1 957002 87697 1.5 18 12 7 12 24% 318896 353 11%
c w 178.20 151 14 54 31950  1 957002 87692 1.5 18 12 7 12 24% 318896 353 11%
c x 178.31 151 14 54 31950  1 957002 87692 1.5 18 12 7 12 24% 318891 353 11%
c B 183.97 151 14 54 33848  1 990087 107231 1.4 18 12 7 12 24% 318891 353 11%
c 
c  seconds    reductions    conflicts         size   tier2        variables
c           MB      restarts       redundant     glue    trail        remaining
c            level        rate          size/glue  tier1   irredundant
c 
c - 184.89 151 15 55 34349  1 993775 93144 1.4 18 12 7 12 24% 318891 353 11%
c p 184.91 151 15 55 34349  1 993775 93146 1.4 18 12 7 12 24% 318891 353 11%
c u 185.05 151 15 55 34349  1 993775 93102 1.4 18 12 7 12 24% 318891 353 11%
c v 185.13 151 15 55 34349  1 993775 93090 1.4 18 12 7 12 24% 318891 353 11%
c w 185.16 151 15 55 34349  1 993775 93088 1.4 18 12 7 12 24% 318891 353 11%
c x 185.24 151 15 55 34349  1 993775 93086 1.4 18 12 7 12 24% 318890 353 11%
c - 192.40 151 14 56 36184  1 1031249 99305 1.5 17 12 7 12 23% 318890 353 11%
c p 192.43 151 14 56 36184  1 1031249 99307 1.5 17 12 7 12 23% 318890 353 11%
c u 192.61 151 14 56 36184  1 1031249 99272 1.5 17 12 7 12 23% 318890 353 11%
c v 192.67 151 14 56 36184  1 1031249 99232 1.5 17 12 7 12 23% 318890 353 11%
c w 192.71 151 14 56 36184  1 1031249 99209 1.5 17 12 7 12 23% 318890 353 11%
c x 192.82 151 14 56 36184  1 1031249 99209 1.5 17 12 7 12 23% 318887 353 11%
c W 195.29 151 14 56 36406  1 1035090 101365 1.5 17 12 7 12 23% 318887 353 11%
c } 199.74 151 14 56 38079  1 1064013 118528 1.5 18 12 7 12 23% 318887 353 11%
c [ 199.74 151 18 56 38079  1 1064013 118528 1.4 21 15 9 15 24% 318887 353 11%
c - 200.54 89 17 57 38083  1 1069422 102765 1.4 21 15 9 15 24% 318887 353 11%
c p 200.57 89 17 57 38083  1 1069422 102767 1.4 21 15 9 15 24% 318887 353 11%
c u 200.75 92 17 57 38083  1 1069422 102742 1.4 21 15 9 15 24% 318887 353 11%
c v 200.81 92 17 57 38083  1 1069422 102724 1.4 21 15 9 15 24% 318887 353 11%
c w 200.85 92 17 57 38083  1 1069422 102720 1.4 21 15 9 15 24% 318887 353 11%
c 
c  seconds   reductions     conflicts          size   tier2        variables
c          MB      restarts        redundant      glue    trail        remaining
c           level        rate            size/glue  tier1   irredundant
c 
c x 200.95 92 17 57 38083  1 1069422 102720 1.4 21 15 9 15 24% 318885 353 11%
c s 201.74 106 18 57 38084  1 1074290 105947 1.4 21 15 9 15 24% 318679 353 11%
c s 201.92 106 18 57 38084  1 1074290 105936 1.4 21 15 9 15 24% 318526 353 11%
c B 202.86 106 17 57 38089  1 1081092 110187 1.4 21 15 9 15 24% 318526 353 11%
c - 206.47 106 17 58 38093  1 1108295 102875 1.4 20 15 9 15 23% 318526 353 11%
c p 206.50 106 17 58 38093  1 1108295 102877 1.4 20 15 9 15 23% 318526 353 11%
c u 207.39 118 17 58 38093  1 1108295 102845 1.4 20 15 9 15 23% 318526 353 11%
c v 207.47 118 17 58 38093  1 1108295 102837 1.4 20 15 9 15 23% 318526 353 11%
c w 207.51 118 17 58 38093  1 1108295 102835 1.4 20 15 9 15 23% 318526 353 11%
c x 207.63 118 17 58 38093  1 1108295 102834 1.4 20 15 9 15 23% 318522 353 11%
c W 211.63 118 17 58 38103  1 1128093 115257 1.4 20 14 9 15 23% 318522 353 11%
c - 214.59 94 16 59 38110  1 1147855 103999 1.4 20 14 9 15 23% 318522 353 11%
c p 214.62 94 16 59 38110  1 1147855 104001 1.4 20 14 9 15 23% 318522 353 11%
c u 214.81 94 16 59 38110  1 1147855 103964 1.4 20 14 9 15 23% 318522 353 11%
c v 214.89 94 16 59 38110  1 1147855 103948 1.4 20 14 9 15 23% 318522 353 11%
c w 214.93 94 16 59 38110  1 1147855 103945 1.4 20 14 9 15 23% 318522 353 11%
c x 215.06 94 16 59 38110  1 1147855 103945 1.4 20 14 9 15 23% 318522 353 11%
c O 219.90 94 16 59 38123  1 1176095 119474 1.4 19 14 9 15 23% 318522 353 11%
c - 221.74 126 15 60 38124  1 1188116 108225 1.4 19 13 9 15 24% 318522 353 11%
c p 221.77 126 15 60 38124  1 1188116 108227 1.4 19 13 9 15 24% 318522 353 11%
c 
c  seconds    reductions     conflicts          size   tier2        variables
c           MB      restarts        redundant      glue    trail        remaining
c            level        rate            size/glue  tier1   irredundant
c 
c u 221.95 126 15 60 38124  1 1188116 108198 1.4 19 13 9 15 24% 318522 353 11%
c v 222.04 126 15 60 38124  1 1188116 108186 1.4 19 13 9 15 24% 318522 353 11%
c w 222.08 126 15 60 38124  1 1188116 108180 1.4 19 13 9 15 24% 318522 353 11%
c x 222.19 126 15 60 38124  1 1188116 108176 1.4 19 13 9 15 24% 318521 353 11%
c ] 222.44 126 15 60 38124  1 1189584 109075 1.4 19 13 9 15 24% 318521 353 11%
c { 222.44 126 14 60 38124  1 1189584 109075 1.5 18 12 7 12 23% 318521 353 11%
c # 229.08 126 14 60 40452  1 1225097 130074 1.5 17 12 7 12 23% 318521 353 11%
c - 229.82 127 14 61 40809  1 1229076 113172 1.5 17 12 7 12 23% 318521 353 11%
c p 229.84 127 14 61 40809  1 1229076 113174 1.5 17 12 7 12 23% 318521 353 11%
c u 230.08 127 14 61 40809  1 1229076 113124 1.5 17 12 7 12 23% 318521 353 11%
c v 230.20 127 14 61 40809  1 1229076 113112 1.5 17 12 7 12 23% 318521 353 11%
c w 230.25 127 14 61 40809  1 1229076 113100 1.5 17 12 7 12 23% 318521 353 11%
c - 237.43 127 14 62 44782  1 1270736 115489 1.4 17 12 7 12 23% 318521 353 11%
c p 237.45 127 14 62 44782  1 1270736 115491 1.4 17 12 7 12 23% 318521 353 11%
c u 237.65 127 14 62 44782  1 1270736 115444 1.4 17 12 7 12 23% 318521 353 11%
c v 237.75 127 14 62 44782  1 1270736 115439 1.4 17 12 7 12 23% 318521 353 11%
c w 237.79 127 14 62 44782  1 1270736 115437 1.4 17 12 7 12 23% 318521 353 11%
c x 237.91 127 14 62 44782  1 1270736 115433 1.4 17 12 7 12 23% 318518 353 11%
c B 238.53 127 14 62 44891  1 1275099 117901 1.4 17 12 7 12 23% 318518 353 11%
c s 240.91 127 14 62 45517  1 1290278 127008 1.4 17 12 7 12 24% 318304 353 11%
c 
c  seconds    reductions     conflicts          size   tier2        variables
c           MB      restarts        redundant      glue    trail        remaining
c            level        rate            size/glue  tier1   irredundant
c 
c s 241.11 127 14 62 45517  1 1290278 126983 1.4 17 12 7 12 24% 318141 353 11%
c - 245.46 94 14 63 46298  1 1313095 119750 1.4 17 12 7 12 24% 318141 353 11%
c p 245.49 94 14 63 46298  1 1313095 119752 1.4 17 12 7 12 24% 318141 353 11%
c u 245.69 94 14 63 46298  1 1313095 119721 1.4 17 12 7 12 24% 318141 353 11%
c v 245.78 94 14 63 46298  1 1313095 119687 1.4 17 12 7 12 24% 318141 353 11%
c w 245.83 94 14 63 46298  1 1313095 119685 1.4 17 12 7 12 24% 318141 353 11%
c } 247.77 94 14 63 46799  1 1325111 126172 1.4 17 12 6 12 23% 318140 353 11%
c [ 247.77 94 15 63 46799  1 1325111 126172 1.4 19 13 9 15 24% 318140 353 11%
c B 247.93 94 15 63 46799  1 1326100 126739 1.4 19 13 9 15 24% 318140 353 11%
c - 252.53 130 15 64 46800  1 1356141 108762 1.5 19 13 9 15 24% 318140 353 11%
c p 252.56 130 15 64 46800  1 1356141 108764 1.5 19 13 9 15 24% 318140 353 11%
c u 252.84 130 15 64 46800  1 1356141 108653 1.5 19 13 9 15 24% 318140 353 11%
c v 252.98 130 15 64 46800  1 1356141 108616 1.5 19 13 9 15 24% 318140 353 11%
c w 253.04 130 15 64 46800  1 1356141 108590 1.5 19 13 9 15 24% 318140 353 11%
c W 258.80 130 15 64 46808  1 1378103 123573 1.5 19 13 9 15 24% 318140 353 11%
c - 261.61 157 16 65 46817  1 1399886 104351 1.5 20 14 8 15 24% 318140 353 11%
c p 261.64 157 16 65 46817  1 1399886 104353 1.5 20 14 8 15 24% 318140 353 11%
c u 261.85 157 16 65 46817  1 1399886 104326 1.5 20 14 8 15 24% 318140 353 11%
c v 261.94 157 16 65 46817  1 1399886 104303 1.5 20 14 8 15 24% 318140 353 11%
c w 261.98 157 16 65 46817  1 1399886 104291 1.5 20 14 8 15 24% 318140 353 11%
c 
c  seconds    reductions     conflicts          size   tier2        variables
c           MB      restarts        redundant      glue    trail        remaining
c            level        rate            size/glue  tier1   irredundant
c 
c x 262.08 157 16 65 46817  1 1399886 104291 1.5 20 14 8 15 24% 318137 353 11%
c I 265.67 157 16 65 46830  1 1431104 124422 1.4 20 14 8 15 24% 318137 353 11%
c - 268.28 157 16 66 46831  1 1444331 99672 1.5 20 14 8 15 24% 318137 353 11%
c p 268.31 157 16 66 46831  1 1444331 99673 1.5 20 14 8 15 24% 318137 353 11%
c u 268.49 157 16 66 46831  1 1444331 99622 1.5 20 14 8 15 24% 318137 353 11%
c v 268.59 157 16 66 46831  1 1444331 99611 1.5 20 14 8 15 24% 318137 353 11%
c w 268.63 157 16 66 46831  1 1444331 99597 1.5 20 14 8 15 24% 318137 353 11%
c x 268.75 157 16 66 46831  1 1444331 99597 1.5 20 14 8 15 24% 318131 353 11%
c ] 273.92 157 15 66 46846  1 1473691 117394 1.5 19 13 8 15 24% 318131 353 11%
c { 273.92 157 14 66 46846  1 1473691 117394 1.4 17 12 6 12 23% 318131 353 11%
c W 277.17 157 14 66 47805  1 1485105 124236 1.4 17 12 6 12 23% 318131 353 11%
c - 277.94 157 14 67 48012  1 1489477 102988 1.4 17 12 6 12 24% 318131 353 11%
c p 277.96 157 14 67 48012  1 1489477 102990 1.4 17 12 6 12 24% 318131 353 11%
c u 278.20 157 14 67 48012  1 1489477 102950 1.4 17 12 6 12 24% 318131 353 11%
c v 278.31 157 14 67 48012  1 1489477 102912 1.4 17 12 6 12 24% 318131 353 11%
c w 278.36 157 14 67 48012  1 1489477 102837 1.4 17 12 6 12 24% 318131 353 11%
c x 278.52 157 14 67 48012  1 1489477 102837 1.4 17 12 6 12 24% 318129 353 11%
c s 285.34 157 14 67 50686  1 1525857 124024 1.4 17 12 6 12 23% 317780 353 11%
c s 285.57 157 14 67 50686  1 1525857 124000 1.4 17 12 6 12 23% 317604 353 11%
c - 287.09 157 14 68 50878  1 1535324 108004 1.4 17 12 6 12 23% 317604 353 11%
c 
c  seconds    reductions     conflicts          size   tier2        variables
c           MB      restarts        redundant      glue    trail        remaining
c            level        rate            size/glue  tier1   irredundant
c 
c p 287.12 157 14 68 50878  1 1535324 108005 1.4 17 12 6 12 23% 317604 353 11%
c u 287.36 157 14 68 50878  1 1535324 107950 1.4 17 12 6 12 23% 317604 353 11%
c v 287.46 157 14 68 50878  1 1535324 107918 1.4 17 12 6 12 23% 317604 353 11%
c w 287.50 157 14 68 50878  1 1535324 107775 1.4 17 12 6 12 23% 317604 353 11%
c x 287.62 157 14 68 50878  1 1535324 107775 1.4 17 12 6 12 23% 317599 353 11%
c F 288.55 157 14 68 51188  1 1540106 110516 1.4 17 12 6 12 23% 317599 353 11%
c - 296.22 158 14 69 54793  1 1581847 109347 1.5 17 12 6 12 23% 317599 353 11%
c p 296.25 158 14 69 54793  1 1581847 109349 1.5 17 12 6 12 23% 317599 353 11%
c u 297.48 158 14 69 54793  1 1581847 109191 1.5 17 12 6 12 23% 317599 353 11%
c v 297.62 158 14 69 54793  1 1581847 109169 1.5 17 12 6 12 23% 317599 353 11%
c w 297.68 158 14 69 54793  1 1581847 109015 1.5 17 12 6 12 23% 317599 353 11%
c B 300.15 158 14 69 55133  1 1596107 117319 1.5 17 12 6 12 23% 317599 353 11%
c - 306.10 158 14 70 57576  1 1629069 111469 1.4 17 12 6 12 23% 317599 353 11%
c p 306.13 158 14 70 57576  1 1629069 111471 1.4 17 12 6 12 23% 317599 353 11%
c u 306.39 158 14 70 57576  1 1629069 111336 1.4 17 12 6 12 23% 317599 353 11%
c v 306.50 158 14 70 57576  1 1629069 111307 1.4 17 12 6 12 23% 317599 353 11%
c w 306.56 158 14 70 57576  1 1629069 111236 1.4 17 12 6 12 23% 317599 353 11%
c x 306.72 158 14 70 57576  1 1629069 111236 1.4 17 12 6 12 23% 317597 353 11%
c } 307.10 158 14 70 57704  1 1630673 112253 1.4 17 12 6 12 23% 317597 353 11%
c [ 307.10 158 15 70 57704  1 1630673 112253 1.5 19 13 8 15 24% 317597 353 11%
c 
c  seconds    reductions     conflicts          size   tier2        variables
c           MB      restarts        redundant      glue    trail        remaining
c            level        rate            size/glue  tier1   irredundant
c 
c B 310.36 158 15 70 57714  1 1653109 125960 1.5 19 13 8 15 24% 317597 353 11%
c - 313.89 158 15 71 57720  1 1676990 111636 1.4 19 13 8 15 24% 317597 353 11%
c p 313.92 158 15 71 57720  1 1676990 111638 1.4 19 13 8 15 24% 317597 353 11%
c u 314.14 158 15 71 57720  1 1676990 111563 1.4 19 13 8 15 24% 317597 353 11%
c v 314.24 158 15 71 57720  1 1676990 111560 1.4 19 13 8 15 24% 317597 353 11%
c w 314.29 158 15 71 57720  1 1676990 111557 1.4 19 13 8 15 24% 317597 353 11%
c x 314.43 158 15 71 57720  1 1676990 111555 1.4 19 13 8 15 24% 317591 353 11%
c W 321.89 158 15 71 57721  1 1711112 131036 1.4 19 13 8 15 24% 317591 353 11%
c - 323.82 189 15 72 57722  1 1725613 112402 1.4 19 13 8 15 24% 317591 353 11%
c p 323.85 189 15 72 57722  1 1725613 112404 1.4 19 13 8 15 24% 317591 353 11%
c u 324.05 189 15 72 57722  1 1725613 112370 1.4 19 13 8 15 24% 317591 353 11%
c v 324.15 189 15 72 57722  1 1725613 112356 1.4 19 13 8 15 24% 317591 353 11%
c w 324.19 189 15 72 57722  1 1725613 112355 1.4 19 13 8 15 24% 317591 353 11%
c x 324.33 189 15 72 57722  1 1725613 112355 1.4 19 13 8 15 24% 317585 353 11%
c O 330.35 189 15 72 57722  1 1770113 140204 1.5 19 13 8 15 24% 317585 353 11%
c - 331.32 158 15 73 57722  1 1774936 116402 1.5 19 13 8 15 24% 317585 353 11%
c p 331.35 158 15 73 57722  1 1774936 116404 1.5 19 13 8 15 24% 317585 353 11%
c u 331.65 158 15 73 57722  1 1774936 116332 1.5 19 13 8 15 24% 317585 353 11%
c v 331.80 158 15 73 57722  1 1774936 116305 1.5 19 13 8 15 24% 317585 353 11%
c w 331.87 158 15 73 57722  1 1774936 116143 1.5 19 13 8 15 24% 317585 353 11%
c 
c  seconds    reductions     conflicts          size   tier2        variables
c           MB      restarts        redundant      glue    trail        remaining
c            level        rate            size/glue  tier1   irredundant
c 
c s 333.11 158 15 73 57722  1 1781005 120124 1.5 19 13 8 15 24% 317239 353 11%
c s 333.36 158 15 73 57722  1 1781005 120104 1.5 19 13 8 15 24% 316788 353 11%
c ] 338.11 158 15 73 57723  1 1814721 139892 1.4 19 13 8 15 24% 316788 353 11%
c { 338.11 158 14 73 57723  1 1814721 139892 1.4 17 12 6 12 23% 316788 353 11%
c - 340.03 158 14 74 58089  1 1824956 117809 1.4 17 12 6 12 23% 316788 353 11%
c p 340.06 158 14 74 58089  1 1824956 117811 1.4 17 12 6 12 23% 316788 353 11%
c u 340.29 158 14 74 58089  1 1824956 117761 1.4 17 12 6 12 23% 316788 353 11%
c v 340.39 158 14 74 58089  1 1824956 117756 1.4 17 12 6 12 23% 316788 353 11%
c w 340.44 158 14 74 58089  1 1824956 117751 1.4 17 12 6 12 23% 316788 353 11%
c x 340.57 158 14 74 58089  1 1824956 117751 1.4 17 12 6 12 23% 316781 353 11%
c W 342.36 158 14 74 58493  1 1830114 121059 1.4 17 12 6 12 23% 316781 353 11%
c - 350.02 190 13 75 60494  1 1875639 122204 1.5 16 11 6 12 23% 316781 353 11%
c p 350.05 190 13 75 60494  1 1875639 122206 1.5 16 11 6 12 23% 316781 353 11%
c u 350.23 190 13 75 60494  1 1875639 122141 1.5 16 11 6 12 23% 316781 353 11%
c v 350.30 190 13 75 60494  1 1875639 122107 1.5 16 11 6 12 23% 316781 353 11%
c w 350.34 190 13 75 60494  1 1875639 122105 1.5 16 11 6 12 23% 316781 353 11%
c x 350.44 190 13 75 60494  1 1875639 122105 1.5 16 11 6 12 23% 316779 353 11%
c # 354.14 190 13 75 62400  1 1891115 131251 1.4 17 12 6 12 23% 316779 353 11%
c - 360.92 158 13 76 64118  1 1927021 127084 1.4 16 11 6 12 23% 316779 353 11%
c p 360.96 158 13 76 64118  1 1927021 127086 1.4 16 11 6 12 23% 316779 353 11%
c 
c  seconds    reductions     conflicts          size   tier2        variables
c           MB      restarts        redundant      glue    trail        remaining
c            level        rate            size/glue  tier1   irredundant
c 
c u 361.20 158 13 76 64118  1 1927021 127032 1.4 16 11 6 12 23% 316779 353 11%
c v 361.32 158 13 76 64118  1 1927021 127000 1.4 16 11 6 12 23% 316779 353 11%
c w 361.38 158 13 76 64118  1 1927021 126995 1.4 16 11 6 12 23% 316779 353 11%
c x 361.54 158 13 76 64118  1 1927021 126995 1.4 16 11 6 12 23% 316777 353 11%
c B 367.25 158 13 76 66541  1 1953116 141732 1.4 16 11 6 12 23% 316777 353 11%
c - 372.76 191 13 77 67776  1 1979103 131903 1.5 16 11 6 12 23% 316777 353 11%
c 2 372.76 191 13 77 67776  1 1979103 131903 1.5 16 11 6 12 23% 316777 351 11%
c p 372.79 191 13 77 67776  1 1979103 131907 1.5 16 11 6 12 23% 316777 351 11%
c u 373.06 191 13 77 67776  1 1979103 131816 1.5 16 11 6 12 23% 316777 351 11%
c v 373.18 191 13 77 67776  1 1979103 131761 1.5 16 11 6 12 23% 316777 351 11%
c w 373.25 191 13 77 67776  1 1979103 131754 1.5 16 11 6 12 23% 316777 351 11%
c x 373.42 191 13 77 67776  1 1979103 131754 1.5 16 11 6 12 23% 316773 351 11%
c } 375.15 191 13 77 68302  1 1988101 136777 1.5 16 11 6 12 24% 316773 351 11%
c [ 375.15 191 15 77 68302  1 1988101 136777 1.4 19 13 8 15 24% 316773 351 11%
c B 380.43 191 15 77 68302  1 2016117 152938 1.5 18 13 8 15 24% 316773 351 11%
c - 383.20 158 15 78 68302  1 2031884 123941 1.4 18 13 8 15 24% 311777 351 11%
c 2 383.20 158 15 78 68302  1 2031884 123941 1.4 18 13 8 15 24% 311776 351 11%
c p 383.23 158 15 78 68302  1 2031884 123944 1.4 18 13 8 15 24% 311776 351 11%
c u 383.44 158 15 78 68302  1 2031884 123787 1.4 18 13 8 15 24% 311776 351 11%
c v 383.55 158 15 78 68302  1 2031884 123757 1.4 18 13 8 15 24% 311776 351 11%
c 
c  seconds    reductions     conflicts          size   tier2        variables
c           MB      restarts        redundant      glue    trail        remaining
c            level        rate            size/glue  tier1   irredundant
c 
c w 383.60 158 15 78 68302  1 2031884 123752 1.4 18 13 8 15 24% 311776 351 11%
c x 383.75 158 15 78 68302  1 2031884 123752 1.4 18 13 8 15 24% 311771 351 11%
c s 387.27 158 15 78 68302  1 2055676 137197 1.4 18 13 8 14 24% 311614 351 11%
c e 387.33 158 15 78 68302  1 2055676 136596 1.4 18 13 8 14 24% 311596 343 11%
c s 387.54 158 15 78 68302  1 2055676 136576 1.4 18 13 8 14 24% 311260 343 11%
c W 394.27 158 15 78 68302  1 2080118 150176 1.4 18 13 8 14 24% 311260 343 11%
c - 395.22 158 15 79 68302  1 2085119 125690 1.4 18 13 8 14 24% 311260 343 11%
c p 395.25 158 15 79 68302  1 2085119 125691 1.4 18 13 8 14 24% 311260 343 11%
c u 395.51 158 15 79 68302  1 2085119 125660 1.4 18 13 8 14 24% 311260 343 11%
c v 395.61 158 15 79 68302  1 2085119 125628 1.4 18 13 8 14 24% 311260 343 11%
c w 395.67 158 15 79 68302  1 2085119 125394 1.4 18 13 8 14 24% 311260 343 11%
c x 395.84 158 15 79 68302  1 2085119 125393 1.4 18 13 8 14 24% 311259 343 11%
c - 405.26 158 14 80 68324  1 2139020 129289 1.4 18 12 8 14 24% 311259 343 11%
c p 405.29 158 14 80 68324  1 2139020 129294 1.4 18 12 8 14 24% 311259 343 11%
c u 405.58 158 14 80 68324  1 2139020 129233 1.4 18 12 8 14 24% 311259 343 11%
c v 405.69 158 14 80 68324  1 2139020 129204 1.4 18 12 8 14 24% 311259 343 11%
c w 405.76 158 14 80 68324  1 2139020 129079 1.4 18 12 8 14 24% 311259 343 11%
c x 405.94 158 14 80 68324  1 2139020 129079 1.4 18 12 8 14 24% 311253 343 11%
c I 406.95 158 14 80 68328  1 2145122 132511 1.5 18 12 8 14 24% 311253 343 11%
c ] 411.01 158 14 80 68333  1 2172159 147332 1.4 18 12 7 14 23% 311253 343 11%
c 
c  seconds    reductions     conflicts          size   tier2        variables
c           MB      restarts        redundant      glue    trail        remaining
c            level        rate            size/glue  tier1   irredundant
c 
c { 411.01 158 13 80 68333  1 2172159 147332 1.5 16 11 6 12 24% 311253 343 11%
c - 415.06 158 13 81 69008  1 2193614 133198 1.5 16 11 6 12 23% 311253 343 11%
c p 415.09 158 13 81 69008  1 2193614 133205 1.5 16 11 6 12 23% 311253 343 11%
c u 415.59 158 13 81 69008  1 2193614 133149 1.5 16 11 6 12 23% 311253 343 11%
c v 415.69 158 13 81 69008  1 2193614 133094 1.5 16 11 6 12 23% 311253 343 11%
c w 415.74 158 13 81 69008  1 2193614 133074 1.5 16 11 6 12 23% 311253 343 11%
c x 415.88 158 13 81 69008  1 2193614 133071 1.5 16 11 6 12 23% 311228 343 11%
c W 420.41 158 12 81 69554  1 2211126 142362 1.5 16 11 6 12 23% 311228 343 11%
c i 421.28 158 12 81 69557  1 2216159 144602 1.5 16 11 6 12 23% 311228 342 11%
c i 422.36 158 12 81 69571  1 2222461 147401 1.5 15 10 6 12 23% 311228 339 11%
c i 423.78 158 12 81 69718  1 2231755 151908 1.5 15 10 6 12 23% 311228 335 11%
c i 424.08 158 12 81 69718  1 2233727 152909 1.5 15 10 6 11 23% 311228 331 11%
c i 424.14 158 12 81 69718  1 2234166 153054 1.5 15 10 6 11 23% 311228 330 11%
c i 424.16 158 12 81 69718  1 2234306 153100 1.5 15 10 6 11 23% 311228 329 11%
c i 424.17 158 12 81 69718  1 2234359 153121 1.5 15 10 6 11 23% 311228 325 10%
c i 424.18 158 12 81 69718  1 2234386 153132 1.5 15 10 6 11 23% 311228 320 10%
c i 424.18 158 12 81 69718  1 2234440 153147 1.5 15 10 6 11 23% 311228 315 10%
c i 424.18 158 12 81 69718  1 2234441 153147 1.5 15 10 6 11 23% 311228 313 10%
c i 424.18 158 12 81 69718  1 2234443 153147 1.5 15 10 6 11 23% 311228 294  9%
c } 424.18 158 12 81 69718  1 2234446 153148 1.5 15 10 6 11 23% 311228 268  9%
c 
c  seconds    reductions     conflicts          size   tier2        variables
c           MB      restarts        redundant      glue    trail        remaining
c            level        rate            size/glue  tier1   irredundant
c 
c 0 424.18 158 12 81 69718  1 2234446 153148 1.5 15 10 6 11 23% 311228 268  9%
c 
c --- [ closing proof ] ------------------------------------------------------
c 
c LRAT proof file '/root/earth-moon/lean/data/a4_m11c/leaf10.lrat' closed
c LRAT 2847551 added clauses 51.23%
c LRAT 2710460 deleted clauses 48.77%
c LRAT 586838022 bytes (559.65 MB)
c 
c --- [ result ] -------------------------------------------------------------
c 
s UNSATISFIABLE
c 
c --- [ run-time profiling ] -------------------------------------------------
c 
c process time taken by individual solving procedures
c (percentage relative to process time for solving)
c 
c       390.90   92.21% search
c       204.77   48.30% unstable
c       166.91   39.37% stable
c        33.02    7.79% simplify
c        22.35    5.27% vivify
c        19.18    4.53% walk
c         4.22    1.00% sweep
c         2.45    0.58% subsume
c         1.43    0.34% elim
c         1.03    0.24% probe
c         0.45    0.11% ternary
c         0.30    0.07% congruence
c         0.27    0.06% parse
c         0.04    0.01% lucky
c         0.00    0.00% backbone
c   =================================
c       423.92   99.94% solve
c 
c last line shows process time for solving
c (percentage relative to total process time)
c 
c --- [ statistics ] ---------------------------------------------------------
c 
c chronological:            277868        12.44 %  of conflicts
c conflicts:               2234446      5270.94    per second
c backbone:                 123977      3999.26 %  of vars
c decisions:               2656733      6267.09    per second
c eliminated:                 1948        62.84 %  of all variables
c fixed:                       882        28.45 %  of all variables
c learned:                 2192738        98.13 %  per conflict
c learned_lits:           59179322       100.00 %  learned literals
c minimized:                     0         0.00 %  learned literals
c shrunken:               16315736        27.57 %  learned literals
c minishrunken:            2924961         4.94 %  learned literals
c otfs:                       8801         0.39 %  of conflict
c propagations:           32705753         0.08 M  per second
c reduced:                 1178737        52.75 %  per conflict
c rephased:                     66     33855.24    interval
c restarts:                  69718        32.05    interval
c stabilizing:                  15        51.09 %  of conflicts
c substituted:                   2         0.06 %  of all variables
c subsumed:                 846332        33.51 %  of all clauses
c strengthened:              88947         3.52 %  of all clauses
c ticks:               22398302215       692.28    propagation
c vivified:                   6669         0.26 %  of all clauses
c walked:                       21    106402.19    interval
c weakened:                   4554         2.50    average size
c congruence:                   12    186203.83    interval
c 
c seconds are measured in process time for solving
c 
c --- [ glue usage ] ---------------------------------------------------------
c 
c focused glue 6 used 237886 clauses 7.320% accumulated 53.86% tier1
c focused glue 7 used 198144 clauses 6.097% accumulated 59.96%
c focused glue 8-9 used 379086 clauses 11.66% accumulated 71.63%
c focused glue 10 used 189463 clauses 5.830% accumulated 77.46%
c focused glue 11 used 173823 clauses 5.349% accumulated 82.81% tier2
c 
c stable glue 7 used 162999 clauses 4.532% accumulated 50.16% tier1
c stable glue 8 used 165402 clauses 4.599% accumulated 54.76%
c stable glue 9-12 used 796446 clauses 22.14% accumulated 76.90%
c stable glue 13 used 184051 clauses 5.117% accumulated 82.02%
c stable glue 14 used 161238 clauses 4.483% accumulated 86.50% tier2
c 
c 
c --- [ resources ] ----------------------------------------------------------
c 
c total process time since initialization:       424.18    seconds
c total real time since initialization:          424.36    seconds
c maximum resident set size of process:          190.54    MB
c 
c --- [ shutting down ] ------------------------------------------------------
c 
c exit 20
