c --- [ banner ] -------------------------------------------------------------
c 
c CaDiCaL SAT Solver
c Copyright (c) 2016-2026
c A. Biere, M. Fleury, N. Froleyks, K. Fazekas, F. Pollitt, T. Faller
c JKU Linz, University of Freiburg, TU Wien
c 
c Version 3.0.1 c60730422e758ef1cebe7aeddf2dda31c996bf04
c g++ (Ubuntu 13.3.0-6ubuntu2~24.04.1) 13.3.0 -Wall -Wextra -O3 -DNDEBUG
c Fri Oct 2 18:00:09 UTC 2026 Linux ai-math 6.8.0-139-generic x86_64
c 
c --- [ proof tracing ] ------------------------------------------------------
c 
c opening file to write '/root/earth-moon/lean/data/a4_m11c/leaf16.lrat'
c writing non-binary proof trace to '/root/earth-moon/lean/data/a4_m11c/leaf16.lrat'
c 
c --- [ parsing input ] ------------------------------------------------------
c 
c reading DIMACS file from '/root/earth-moon/lean/data/a4_m11c/leaf16.cnf'
c opening file to read '/root/earth-moon/lean/data/a4_m11c/leaf16.cnf'
c found 'p cnf 3100 6248' header
c parsed 6248 clauses in 0.00 seconds process time
c 
c --- [ options ] ------------------------------------------------------------
c 
c   --binary=false                 (different from default 'true')
c   --lrat=true                    (different from default 'false')
c 
c --- [ solving ] ------------------------------------------------------------
c 
c time measured in process time since initialization
c 
c  seconds  reduction conflicts       size tier2     variables
c         MB    restarts   redundant    glue  trail       remaining
c          level     rate       size/glu tier1 irredundant
c 
c *  0.00  6  0 0   0  0    0    0 0.0 0 0 2 6  0% 6094 3057 99%
c )  0.01  6  0 0   0  0    0    0 0.0 0 0 2 6  0% 6094 3057 99%
c {  0.01  6  0 0   0  0    0    0 0.0 0 0 2 6  0% 6094 3057 99%
c i  0.01  6 1151 0   0 23  101   11 1.6 5 3 2 6 46% 6012 3056 99%
c i  0.01  6 1152 0   0 23  104   11 1.6 4 2 2 6 46% 6011 3048 98%
c i  0.01  6 1152 0   0 22  107   13 1.7 4 2 2 6 46% 6011 3047 98%
c i  0.01  6 658 0  18 19  262   50 1.6 6 4 2 6 34% 5899 3046 98%
c i  0.01  6 653 0  18 19  264   50 1.6 6 3 2 6 34% 5899 3035 98%
c i  0.01  6 633 0  18 18  272   51 1.6 5 3 2 6 33% 5896 3029 98%
c -  0.01  6 575 1  18 17  306   45 1.7 5 3 2 6 30% 5843 3029 98%
c i  0.01  6 518 1  18 16  346   67 1.7 5 3 2 6 29% 5834 3028 98%
c i  0.01  6 407 1  29 16  496  110 1.7 5 3 2 6 32% 5749 3004 97%
c i  0.01  6 350 1  30 14  616  152 1.8 5 3 2 6 32% 5689 3002 97%
c i  0.01  6 336 1  30 13  640  160 1.8 5 3 2 6 31% 5675 2983 96%
c i  0.01  6 308 1  36 13  731  189 1.7 5 3 2 6 31% 5622 2982 96%
c i  0.01  6 307 1  37 13  732  189 1.7 5 3 2 6 31% 5622 2981 96%
c -  0.01  7 303 2  39 13  743  156 1.7 5 3 2 6 31% 5553 2981 96%
c i  0.01  7 286 2  52 14  802  178 1.7 5 3 2 6 31% 5521 2980 96%
c i  0.01  7 286 2  52 14  805  178 1.7 5 3 2 6 31% 5521 2979 96%
c i  0.01  7 285 2  53 14  808  179 1.7 5 3 2 6 31% 5520 2978 96%
c 
c  seconds   reduction conflicts       size tier2     variables
c         MB     restarts   redundant    glue  trail       remaining
c           level     rate       size/glu tier1 irredundant
c 
c i  0.01  7 278 2  58 14  834  183 1.7 5 3 2 6 30% 5499 2976 96%
c i  0.01  7 257 2  79 14  934  215 1.6 6 3 2 6 30% 5443 2975 96%
c i  0.01  7 257 2  79 14  935  215 1.6 6 3 2 6 30% 5443 2973 96%
c i  0.01  7 256 2  79 14  936  215 1.6 5 3 2 6 30% 5443 2971 96%
c }  0.01  7 241 2  82 14 1001  224 1.6 5 3 2 6 29% 5393 2971 96%
c [  0.01  7  0 2  82  0 1001  224 0.0 0 0 2 6  0% 5393 2971 96%
c O  0.01  7  3 2  82  4 1002  225 2.0 2 1 2 6 21% 5393 2971 96%
c -  0.02  7 13 3  82  2 1428  362 2.4 12 5 2 6 34% 5273 2971 96%
c 2  0.02  7 13 3  82  2 1437  363 2.4 12 5 2 6 34% 5272 2919 94%
c p  0.02  7 13 3  82  2 1437  441 2.4 12 5 2 6 34% 5272 2919 94%
c =  0.02  7 13 3  82  2 1437  435 2.4 12 5 2 6 34% 5165 2872 93%
c i  0.02  7 13 3  82  2 1513  443 2.3 11 5 2 6 31% 5148 2871 93%
c i  0.02  7 13 3  82  2 1514  443 2.3 11 5 2 6 31% 5148 2840 92%
c i  0.02  7 14 3  82  2 1568  456 2.2 11 5 2 6 30% 5126 2839 92%
c i  0.03  7 14 3  82  2 1616  465 2.2 10 5 2 6 29% 5105 2776 90%
c ]  0.03  7 13 3  82  2 1620  465 2.2 10 5 2 6 29% 5104 2736 88%
c 0  0.03  7 13 3  82  2 1620  465 2.2 10 5 2 6 29% 5104 2736 88%
c 
c --- [ closing proof ] ------------------------------------------------------
c 
c LRAT proof file '/root/earth-moon/lean/data/a4_m11c/leaf16.lrat' closed
c LRAT 7080 added clauses 48.92%
c LRAT 7394 deleted clauses 51.08%
c LRAT 496005 bytes (0.47 MB)
c 
c --- [ result ] -------------------------------------------------------------
c 
s UNSATISFIABLE
c 
c --- [ run-time profiling ] -------------------------------------------------
c 
c process time taken by individual solving procedures
c (percentage relative to process time for solving)
c 
c         0.02   76.63% search
c         0.01   37.80% unstable
c         0.01   34.64% stable
c         0.00   22.80% simplify
c         0.00   21.71% parse
c         0.00    8.90% sweep
c         0.00    7.73% congruence
c         0.00    3.99% lucky
c         0.00    0.74% backbone
c         0.00    0.48% probe
c   =================================
c         0.02   81.22% solve
c 
c last line shows process time for solving
c (percentage relative to total process time)
c 
c --- [ statistics ] ---------------------------------------------------------
c 
c chronological:               895        55.25 %  of conflicts
c conflicts:                  1620     79120.88    per second
c backbone:                   7506       242.13 %  of vars
c decisions:                 14257    696312.58    per second
c fixed:                       364        11.74 %  of all variables
c learned:                     686        42.35 %  per conflict
c learned_lits:               6065       100.00 %  learned literals
c minimized:                     0         0.00 %  learned literals
c shrunken:                    375         6.18 %  learned literals
c minishrunken:                235         3.87 %  learned literals
c otfs:                       1722       106.30 %  of conflict
c propagations:             144035         7.03 M  per second
c reduced:                      67         4.14 %  per conflict
c rephased:                      1      1620.00    interval
c restarts:                     82        19.76    interval
c stabilizing:                   1        33.21 %  of conflicts
c subsumed:                   1715        25.07 %  of all clauses
c strengthened:                922        13.48 %  of all clauses
c ticks:                    652812         4.58    propagation
c congruence:                    1      1620.00    interval
c 
c seconds are measured in process time for solving
c 
c --- [ glue usage ] ---------------------------------------------------------
c 
c focused glue 2 used 146 clauses 40.22% accumulated 60.88% tier1
c focused glue 3 used 69 clauses 19.00% accumulated 79.88%
c focused glue 4 used 25 clauses 6.887% accumulated 86.77%
c focused glue 5 used 10 clauses 2.754% accumulated 89.53%
c focused glue 6 used 13 clauses 3.581% accumulated 93.11% tier2
c 
c stable glue 3 used 100 clauses 10.26% accumulated 55.54% tier1
c stable glue 4 used 148 clauses 15.19% accumulated 70.73%
c stable glue 5 used 116 clauses 11.90% accumulated 82.64% tier2
c 
c 
c --- [ resources ] ----------------------------------------------------------
c 
c total process time since initialization:         0.03    seconds
c total real time since initialization:            0.05    seconds
c maximum resident set size of process:           20.75    MB
c 
c --- [ shutting down ] ------------------------------------------------------
c 
c exit 20
