c --- [ banner ] -------------------------------------------------------------
c 
c CaDiCaL SAT Solver
c Copyright (c) 2016-2026
c A. Biere, M. Fleury, N. Froleyks, K. Fazekas, F. Pollitt, T. Faller
c JKU Linz, University of Freiburg, TU Wien
c 
c Version 3.0.1
c Apple clang version 16.0.0 (clang-1600.0.26.6) -Wall -Wextra -O3 -DNDEBUG -std=c++11 -DNCLOSEFROM
c Sun Jul 19 15:40:55 UTC 2026 Darwin Sonoma-arm64.local 23.6.0 arm64
c 
c --- [ proof tracing ] ------------------------------------------------------
c 
c opening file to write 'data/a4_m02/F.lrat'
c writing non-binary proof trace to 'data/a4_m02/F.lrat'
c 
c --- [ parsing input ] ------------------------------------------------------
c 
c reading DIMACS file from 'data/a4_m02/F.cnf'
c opening file to read 'data/a4_m02/F.cnf'
c found 'p cnf 2964 92396' header
c parsed 92396 clauses in 0.05 seconds process time
c 
c --- [ options ] ------------------------------------------------------------
c 
c   --binary=false                 (different from default 'true')
c   --lrat=true                    (different from default 'false')
c 
c --- [ solving ] ------------------------------------------------------------
c 
c time measured in process time since initialization
c 
c  seconds  reduction conflicts       size tier2      variables
c         MB    restarts   redundant    glue  trail        remaining
c          level     rate       size/glu tier1  irredundant
c 
c *  0.05  0  0 0   0  0    0    0 0.0 0 0 2 6  0% 92341 2927 99%
c )  0.05  0  0 0   0  0    0    0 0.0 0 0 2 6  0% 92341 2927 99%
c {  0.05  0  0 0   0  0    0    0 0.0 0 0 2 6  0% 92341 2927 99%
c i  0.06  0 1863 0   0 61   47   21 1.4 14 10 2 6 69% 92320 2925 99%
c i  0.06  0 1851 0   0 57   50   23 1.5 15 10 2 6 69% 92320 2924 99%
c i  0.06  0 1744 0   0 26  113   71 1.7 19 11 2 6 66% 92313 2922 99%
c i  0.06  0 1697 0   0 14  227  146 2.0 21 10 2 6 64% 92293 2921 99%
c i  0.06  0 1697 0   0 14  228  146 2.0 20 10 2 6 64% 92293 2917 98%
c -  0.07  0 1683 1   0 11  301  111 2.0 18 9 2 6 65% 92277 2917 98%
c i  0.08  0 1497 1   0 10  338  128 2.0 18 9 2 6 58% 92265 2916 98%
c i  0.09  0 982 1  40 12  530  233 1.7 17 10 2 6 42% 92201 2915 98%
c i  0.09  0 974 1  41 12  534  234 1.7 17 10 2 6 42% 92200 2914 98%
c i  0.09  0 911 1  46 12  578  253 1.7 17 10 2 6 40% 92183 2912 98%
c i  0.09  0 906 1  46 12  581  253 1.7 17 10 2 6 40% 92182 2910 98%
c i  0.09  0 902 1  46 12  584  254 1.7 17 10 2 6 40% 92181 2909 98%
c -  0.11  0 723 2  62 10  734  182 1.6 17 10 2 6 34% 92110 2909 98%
c }  0.12  0 531 2  62  8 1001  378 1.6 16 10 2 6 30% 92097 2909 98%
c [  0.12  0  0 2  62  0 1001  378 0.0 0 0 2 6  0% 92097 2909 98%
c O  0.12  0  5 2  62  6 1002  379 1.5 6 4 2 6 24% 92097 2909 98%
c i  0.13  0  7 2  62  1 1267  524 1.5 8 6 2 6 17% 92088 2898 98%
c 
c  seconds  reduction conflicts       size  tier2      variables
c         MB    restarts   redundant     glue  trail        remaining
c          level     rate       size/glue tier1  irredundant
c 
c -  0.14  0 14 3  62  1 1411  233 1.8 13 8 2 6 19% 91994 2898 98%
c i  0.16  0 19 3  62  1 1967  673 2.1 22 10 2 6 20% 91969 2897 98%
c -  0.18  0 22 4  63  1 2352  413 2.1 24 12 2 6 20% 91952 2897 98%
c 2  0.18  0 22 4  63  1 2466  512 2.1 25 12 2 6 20% 91951 2881 97%
c d  0.19  0 22 4  63  1 2466  512 2.1 25 12 2 6 20% 91919 2880 97%
c p  0.19  0 22 4  63  1 2466  512 2.1 25 12 2 6 20% 91919 2879 97%
c t  0.21  0 22 4  63  1 2466  508 2.1 25 12 2 6 20% 91906 2867 97%
c ]  0.22  0 23 4  63  1 2799  746 1.9 26 13 2 6 20% 91880 2867 97%
c {  0.22  0 531 4  63  8 2799  746 1.6 16 10 2 6 30% 91880 2867 97%
c i  0.22  0 516 4  68  8 2827  760 1.6 16 10 2 6 29% 91878 2866 97%
c i  0.22  0 515 4  69  8 2829  761 1.6 16 10 2 6 29% 91878 2865 97%
c i  0.22  0 515 4  69  8 2830  761 1.6 16 10 2 6 29% 91878 2864 97%
c O  0.23  0 443 4 104  7 3003  888 1.6 17 11 2 6 27% 91866 2864 97%
c -  0.26  0 306 5 178  6 3564  582 1.7 19 11 2 6 24% 91836 2864 97%
c i  0.27  0 284 5 217  6 3711  679 1.7 19 11 2 6 23% 91834 2820 95%
c i  0.32  0 191 5 294  5 4678 1330 1.6 18 11 2 6 20% 91819 2798 94%
c i  0.33  0 184 5 304  5 4808 1416 1.6 18 11 2 6 20% 91812 2797 94%
c 2  0.34  0 176 5 337  5 4968 1530 1.6 18 12 2 6 20% 91802 2785 94%
c i  0.34  0 175 5 337  5 4970 1530 1.6 18 11 2 6 20% 91801 2739 92%
c -  0.36  0 171 6 359  5 5057 1253 1.6 18 12 6 13 20% 91658 2739 92%
c 
c  seconds   reduction conflicts       size   tier2       variables
c         MB     restarts   redundant     glue    trail        remaining
c           level     rate       size/glue  tier1   irredundant
c 
c i  0.39  0 153 6 472  4 5513 1608 1.6 19 12 6 14 20% 91651 2738 92%
c i  0.40  0 147 6 513  4 5666 1722 1.5 19 12 6 14 20% 91649 2691 91%
c #  0.41  0 137 6 544  4 6004 1945 1.5 19 12 6 14 20% 91643 2691 91%
c }  0.46  0 121 6 698  4 6658 2449 1.5 20 13 5 14 19% 91641 2691 91%
c [  0.46  0 23 6 698  1 6658 2449 1.9 26 13 2 6 20% 91641 2691 91%
c -  0.47  0 23 7 698  1 6834 1920 1.9 25 14 2 6 20% 91591 2691 91%
c 2  0.50  0 22 7 699  1 7571 2377 1.7 25 14 8 17 19% 91591 2684 91%
c t  0.53  0 22 7 699  1 7571 2375 1.7 25 14 8 17 19% 91588 2684 91%
c -  0.61  0 23 8 699  1 8902 2121 1.6 24 16 8 17 19% 91586 2684 91%
c s  0.65  0 23 8 700  1 9959 2911 1.6 24 15 7 18 19% 91564 2684 91%
c t  0.65  0 23 8 700  1 9959 2910 1.6 24 15 7 18 19% 91553 2684 91%
c e  0.66  0 23 8 700  1 9959 2686 1.6 24 15 7 18 19% 86828 232  8%
c s  0.67  0 23 8 700  1 9959 2684 1.6 24 15 7 18 19% 86826 232  8%
c I  0.69  0 23 8 700  1 10005 2725 1.6 24 15 7 18 57% 86826 232  8%
c 2  0.70  0 23 8 701  1 10269 2927 1.6 24 15 7 18 47% 86826 232  8%
c u  0.71  0 23 8 701  1 10269 2908 1.6 24 15 7 18 47% 86826 232  8%
c v  0.71  0 23 8 701  1 10269 2904 1.6 24 15 7 18 47% 86826 232  8%
c w  0.71  0 23 8 701  1 10269 2901 1.6 24 15 7 18 47% 86826 232  8%
c x  0.71  0 23 8 701  1 10269 2901 1.6 24 15 7 18 47% 86826 232  8%
c -  0.75  0 23 9 701  1 11261 2379 1.6 25 15 7 18 47% 86826 232  8%
c 
c  seconds  reductions conflicts       size   tier2       variables
c         MB    restarts    redundant     glue    trail       remaining
c          level     rate        size/glue  tier1   irredundant
c 
c ]  0.82  0 22 9 702  1 12949 3703 1.7 26 15 7 18 47% 86826 232  8%
c {  0.82  0 121 9 702  4 12949 3703 1.5 20 13 5 14 244% 86826 232  8%
c -  0.86  0 103 10 737  4 13915 3319 1.6 20 13 5 14 209% 86826 232  8%
c B  0.90  0 89 10 797  3 15008 4165 1.6 20 13 5 14 181% 86826 232  8%
c -  1.02  0 74 11 1046  3 16866 4201 1.6 21 13 5 14 151% 86837 232  8%
c -  1.15  0 58 12 1306  3 20112 4634 1.6 22 13 5 14 121% 86837 232  8%
c W  1.24  0 55 12 1359  3 21009 5333 1.6 22 13 5 14 115% 86837 232  8%
c -  1.35  0 48 13 1555  2 23658 5547 1.7 22 13 6 14 102% 86837 232  8%
c u  1.42  0 46 13 1740  2 24946 6495 1.7 22 13 6 14 97% 86837 232  8%
c v  1.43  0 46 13 1740  2 24946 6490 1.7 22 13 6 14 97% 86837 232  8%
c w  1.43  0 46 13 1740  2 24946 6489 1.7 22 13 6 14 97% 86837 232  8%
c x  1.43  0 46 13 1740  2 24946 6489 1.7 22 13 6 14 97% 86837 232  8%
c }  1.49  0 44 13 1856  2 26234 7450 1.7 22 13 6 14 92% 86837 232  8%
c [  1.49  0 22 13 1856  1 26234 7450 1.7 26 15 7 18 47% 86837 232  8%
c -  1.53  0 21 14 1857  1 27504 6203 1.7 26 15 7 18 46% 86837 232  8%
c B  1.55  0 21 14 1857  1 28013 6590 1.7 26 15 7 18 46% 86837 232  8%
c -  1.68  0 21 15 1858  1 31651 5880 1.6 26 16 7 18 45% 86837 232  8%
c W  1.85  0 20 15 1862  1 36020 8587 1.6 25 16 7 18 44% 86837 232  8%
c -  1.86  0 20 16 1862  1 36100 5668 1.6 25 16 7 18 44% 86837 232  8%
c -  2.03  0 20 17 1864  1 40850 7309 1.7 25 15 6 16 44% 86837 232  8%
c 
c  seconds  reductions   conflicts       size   tier2       variables
c         MB     restarts     redundant     glue    trail       remaining
c          level       rate        size/glue  tier1   irredundant
c 
c u  2.04  0 20 17 1864  1 40850 7285 1.7 25 15 6 16 44% 86837 232  8%
c v  2.04  0 20 17 1864  1 40850 7279 1.7 25 15 6 16 44% 86837 232  8%
c w  2.04  0 20 17 1864  1 40850 7279 1.7 25 15 6 16 44% 86837 232  8%
c x  2.05  0 20 17 1864  1 40850 7279 1.7 25 15 6 16 44% 86837 232  8%
c ]  2.08  0 20 17 1864  1 41627 7878 1.7 25 15 6 16 44% 86837 232  8%
c {  2.08  0 44 17 1864  2 41627 7878 1.7 22 13 6 14 92% 86837 232  8%
c s  2.19  0 40 17 2093  2 44153 9731 1.7 22 14 6 14 86% 86831 232  8%
c s  2.20  0 40 17 2093  2 44153 9729 1.7 22 14 6 14 86% 86824 232  8%
c F  2.24  0 39 17 2093  2 45021 10418 1.7 23 13 6 14 84% 86824 232  8%
c -  2.28  0 38 18 2093  2 45905 8593 1.7 22 13 6 14 82% 86824 232  8%
c p  2.28  0 38 18 2093  2 45905 8595 1.7 22 13 6 14 82% 86824 232  8%
c -  2.47  0 33 19 2327  2 51262 9255 1.7 22 13 6 14 73% 86824 232  8%
c p  2.47  0 33 19 2327  2 51262 9257 1.7 22 13 6 14 73% 86824 232  8%
c B  2.62  0 31 19 2395  2 55028 11570 1.7 22 13 6 14 69% 86824 232  8%
c -  2.69  0 30 20 2500  2 56922 9974 1.7 22 13 6 14 68% 86824 232  8%
c u  2.70  0 30 20 2500  2 56922 9957 1.7 22 13 6 14 68% 86824 232  8%
c v  2.70  0 30 20 2500  2 56922 9954 1.7 22 13 6 14 68% 86824 232  8%
c w  2.70  0 30 20 2500  2 56922 9952 1.7 22 13 6 14 68% 86824 232  8%
c x  2.71  0 30 20 2500  2 56922 9951 1.7 22 13 6 14 68% 86824 232  8%
c -  2.92  0 27 21 2674  2 62886 10806 1.7 21 13 6 14 63% 86824 232  8%
c 
c  seconds  reductions   conflicts        size   tier2       variables
c         MB     restarts      redundant     glue    trail       remaining
c          level       rate         size/glue  tier1   irredundant
c 
c }  3.04  0 26 21 2911  2 65808 12956 1.7 21 13 6 14 61% 86824 232  8%
c [  3.04  0 20 21 2911  1 65808 12956 1.7 25 15 6 16 44% 86824 232  8%
c O  3.05  0 20 21 2911  1 66030 13124 1.7 25 15 6 16 44% 86824 232  8%
c -  3.18  0 19 22 2912  1 69156 11390 1.7 25 15 6 16 44% 86824 232  8%
c p  3.18  0 19 22 2912  1 69156 11391 1.7 25 15 6 16 44% 86824 232  8%
c -  3.42  0 19 23 2913  1 75732 11594 1.7 25 15 6 15 43% 86824 232  8%
c u  3.44  0 19 23 2913  1 75732 11553 1.7 25 15 6 15 43% 86824 232  8%
c v  3.44  0 19 23 2913  1 75732 11545 1.7 25 15 6 15 43% 86824 232  8%
c w  3.44  0 19 23 2913  1 75732 11544 1.7 25 15 6 15 43% 86824 232  8%
c B  3.55  0 18 23 2915  1 78034 13074 1.7 25 15 6 15 43% 86824 232  8%
c -  3.73  0 18 24 2918  1 82613 12217 1.7 24 14 6 15 43% 86824 232  8%
c p  3.73  0 18 24 2918  1 82613 12218 1.7 24 14 6 15 43% 86824 232  8%
c ]  3.97  0 18 24 2921  1 89471 16839 1.7 24 14 6 15 43% 86824 232  8%
c {  3.97  0 26 24 2921  2 89471 16839 1.7 21 13 6 14 61% 86824 232  8%
c -  3.99  0 26 25 2983  2 89798 12787 1.7 21 13 6 14 61% 86824 232  8%
c u  4.05  0 26 25 2983  2 89798 12766 1.7 21 13 6 14 61% 86824 232  8%
c v  4.05  0 26 25 2983  2 89798 12754 1.7 21 13 6 14 61% 86824 232  8%
c w  4.06  0 26 25 2983  2 89798 12750 1.7 21 13 6 14 61% 86824 232  8%
c W  4.26  0 26 25 3125  2 91035 13624 1.6 21 13 6 14 60% 86824 232  8%
c s  4.40  0 24 25 3178  2 95440 16132 1.6 21 13 6 14 57% 86808 232  8%
c 
c  seconds  reductions   conflicts        size   tier2       variables
c         MB     restarts      redundant     glue    trail       remaining
c          level       rate         size/glue  tier1   irredundant
c 
c s  4.42  0 24 25 3178  2 95440 16122 1.6 21 13 6 14 57% 86801 232  8%
c -  4.48  0 24 26 3178  2 97293 13009 1.6 20 12 6 14 56% 86801 232  8%
c p  4.48  0 24 26 3178  2 97293 13010 1.6 20 12 6 14 56% 86801 232  8%
c #  4.78  0 22 26 3564  2 105037 18838 1.7 21 12 6 14 54% 86801 232  8%
c -  4.79  0 22 27 3564  2 105090 15400 1.7 21 12 6 14 54% 86801 232  8%
c u  4.80  0 22 27 3564  2 105090 15382 1.7 21 12 6 14 54% 86801 232  8%
c v  4.80  0 22 27 3564  2 105090 15377 1.7 21 12 6 14 54% 86801 232  8%
c w  4.81  0 22 27 3564  2 105090 15376 1.7 21 12 6 14 54% 86801 232  8%
c x  4.81  0 22 27 3564  2 105090 15375 1.7 21 12 6 14 54% 86800 232  8%
c -  5.02  0 20 28 3566  1 113194 16647 1.7 20 12 6 14 50% 86800 232  8%
c B  5.26  0 19 28 3889  1 120039 20835 1.7 19 11 6 14 48% 86800 232  8%
c -  5.37  0 19 29 4262  1 121606 17354 1.7 20 12 6 14 48% 86800 232  8%
c p  5.37  0 19 29 4262  1 121606 17355 1.7 20 12 6 14 48% 86800 232  8%
c u  5.38  0 19 29 4262  1 121606 17332 1.7 20 12 6 14 48% 86800 232  8%
c v  5.38  0 19 29 4262  1 121606 17317 1.7 20 12 6 14 48% 86800 232  8%
c w  5.39  0 19 29 4262  1 121606 17312 1.7 20 12 6 14 48% 86800 232  8%
c x  5.39  0 19 29 4262  1 121606 17311 1.7 20 12 6 14 48% 86772 232  8%
c t  5.39  0 19 29 4262  1 121606 17304 1.7 20 12 6 14 48% 86772 232  8%
c }  5.64  0 19 29 5365  1 127515 21372 1.7 20 12 6 14 47% 86772 232  8%
c [  5.64  0 18 29 5365  1 127515 21372 1.7 24 14 6 15 43% 86772 232  8%
c 
c  seconds  reductions   conflicts         size   tier2       variables
c         MB     restarts       redundant     glue    trail       remaining
c          level       rate          size/glue  tier1   irredundant
c 
c -  5.76  0 18 30 5367  1 130327 18737 1.7 24 14 6 15 43% 86772 232  8%
c p  5.76  0 18 30 5367  1 130327 18745 1.7 24 14 6 15 43% 86772 232  8%
c W  6.11  0 18 30 5370  1 136040 22645 1.7 24 14 6 15 43% 86772 232  8%
c -  6.25  0 18 31 5371  1 139352 19315 1.7 24 14 5 14 43% 86772 232  8%
c p  6.26  0 18 31 5371  1 139352 19316 1.7 24 14 5 14 43% 86772 232  8%
c u  6.27  0 18 31 5371  1 139352 19291 1.7 24 14 5 14 43% 86772 232  8%
c v  6.28  0 18 31 5371  1 139352 19291 1.7 24 14 5 14 43% 86772 232  8%
c w  6.28  0 18 31 5371  1 139352 19290 1.7 24 14 5 14 43% 86772 232  8%
c x  6.28  0 18 31 5371  1 139352 19290 1.7 24 14 5 14 43% 86772 232  8%
c t  6.29  0 18 31 5371  1 139352 19289 1.7 24 14 5 14 43% 86772 232  8%
c -  6.68  0 18 32 5372  1 148685 19439 1.7 24 14 5 14 43% 86772 232  8%
c p  6.68  0 18 32 5372  1 148685 19447 1.7 24 14 5 14 43% 86772 232  8%
c I  6.90  0 18 32 5372  1 153041 22450 1.7 24 14 5 14 43% 86772 232  8%
c -  7.13  0 18 33 5372  1 158324 20249 1.7 24 14 5 14 43% 86772 232  8%
c p  7.13  0 18 33 5372  1 158324 20250 1.7 24 14 5 14 43% 86772 232  8%
c u  7.14  0 18 33 5372  1 158324 20197 1.7 24 14 5 14 43% 86772 232  8%
c v  7.15  0 18 33 5372  1 158324 20192 1.7 24 14 5 14 43% 86772 232  8%
c w  7.15  0 18 33 5372  1 158324 20192 1.7 24 14 5 14 43% 86772 232  8%
c x  7.15  0 18 33 5372  1 158324 20192 1.7 24 14 5 14 43% 86771 232  8%
c ]  7.26  0 18 33 5372  1 160646 21813 1.7 24 14 5 14 43% 86771 232  8%
c 
c  seconds  reductions   conflicts         size   tier2       variables
c         MB     restarts       redundant     glue    trail       remaining
c          level       rate          size/glue  tier1   irredundant
c 
c {  7.26  0 19 33 5372  1 160646 21813 1.7 20 12 6 14 47% 86771 232  8%
c s  7.43  0 19 33 5808  1 163824 23955 1.7 20 12 6 14 47% 86688 232  8%
c s  7.45  0 19 33 5808  1 163824 23936 1.7 20 12 6 14 47% 86603 232  8%
c -  7.67  0 19 34 6231  1 168272 21421 1.7 20 12 6 14 47% 86603 232  8%
c p  7.67  0 19 34 6231  1 168272 21430 1.7 20 12 6 14 47% 86603 232  8%
c W  7.87  0 19 34 6495  1 171042 23368 1.7 20 12 6 14 47% 86603 232  8%
c -  8.19  0 18 35 6915  1 178528 23863 1.7 20 12 6 14 46% 86603 232  8%
c p  8.19  0 18 35 6915  1 178528 23871 1.7 20 12 6 14 46% 86603 232  8%
c u  8.21  0 18 35 6915  1 178528 23812 1.7 20 12 6 14 46% 86603 232  8%
c v  8.22  0 18 35 6915  1 178528 23807 1.7 20 12 6 14 46% 86603 232  8%
c w  8.22  0 18 35 6915  1 178528 23806 1.7 20 12 6 14 46% 86603 232  8%
c x  8.23  0 18 35 6915  1 178528 23805 1.7 20 12 6 14 46% 86601 232  8%
c -  8.67  0 18 36 7320  1 189092 24710 1.7 20 12 6 14 45% 86601 232  8%
c p  8.67  0 18 36 7320  1 189092 24719 1.7 20 12 6 14 45% 86601 232  8%
c F  8.72  0 18 36 7544  1 190043 25348 1.7 20 12 6 14 45% 86601 232  8%
c -  9.13  0 17 37 8300  1 199963 25722 1.7 20 12 6 14 45% 86601 232  8%
c p  9.14  0 17 37 8300  1 199963 25726 1.7 20 12 6 14 45% 86601 232  8%
c u  9.15  0 17 37 8300  1 199963 25680 1.7 20 12 6 14 45% 86601 232  8%
c v  9.16  0 17 37 8300  1 199963 25672 1.7 20 12 6 14 45% 86601 232  8%
c w  9.16  0 17 37 8300  1 199963 25654 1.7 20 12 6 14 45% 86601 232  8%
c 
c  seconds  reductions   conflicts         size   tier2       variables
c         MB     restarts       redundant     glue    trail       remaining
c          level       rate          size/glue  tier1   irredundant
c 
c x  9.16  0 17 37 8300  1 199963 25654 1.7 20 12 6 14 45% 86601 232  8%
c }  9.45  0 17 37 9008  1 206473 30064 1.7 20 12 4 11 44% 86601 232  8%
c [  9.45  0 18 37 9008  1 206473 30064 1.7 24 14 5 14 43% 86601 232  8%
c B  9.60  0 17 37 9009  1 210048 32364 1.7 24 14 5 14 43% 86601 232  8%
c -  9.66  0 17 38 9010  1 211143 19344 1.7 24 14 5 14 43% 86601 232  8%
c p  9.66  0 17 38 9010  1 211143 19353 1.7 24 14 5 14 43% 86601 232  8%
c - 10.12  0 17 39 9016  1 222630 16960 1.7 24 14 5 14 42% 86601 232  8%
c p 10.12  0 17 39 9016  1 222630 16969 1.7 24 14 5 14 42% 86601 232  8%
c u 10.14  0 17 39 9016  1 222630 16939 1.7 24 14 5 14 42% 86601 232  8%
c v 10.15  0 17 39 9016  1 222630 16931 1.7 24 14 5 14 42% 86601 232  8%
c w 10.15  0 17 39 9016  1 222630 16929 1.7 24 14 5 14 42% 86601 232  8%
c x 10.16  0 17 39 9016  1 222630 16928 1.7 24 14 5 14 42% 86600 232  8%
c t 10.16  0 17 39 9016  1 222630 16926 1.7 24 14 5 14 42% 86600 232  8%
c W 10.62  0 18 39 9022  1 231050 22914 1.7 24 14 5 14 43% 86600 232  8%
c - 10.77  0 17 40 9023  1 234427 15606 1.7 24 14 5 14 43% 86600 232  8%
c p 10.78  0 17 40 9023  1 234427 15615 1.7 24 14 5 14 43% 86600 232  8%
c u 10.85  0 17 40 9023  1 234427 15612 1.7 24 14 5 14 43% 86600 232  8%
c v 10.86  0 17 40 9023  1 234427 15612 1.7 24 14 5 14 43% 86600 232  8%
c w 10.86  0 17 40 9023  1 234427 15612 1.7 24 14 5 14 43% 86600 232  8%
c x 10.86  0 17 40 9023  1 234427 15611 1.7 24 14 5 14 43% 86590 232  8%
c 
c  seconds  reductions   conflicts         size   tier2       variables
c         MB     restarts       redundant     glue    trail       remaining
c          level       rate          size/glue  tier1   irredundant
c 
c - 11.40  0 17 41 9027  1 246531 15880 1.7 24 14 5 14 43% 86590 232  8%
c p 11.40  0 17 41 9027  1 246531 15889 1.7 24 14 5 14 43% 86590 232  8%
c u 11.41  0 17 41 9027  1 246531 15868 1.7 24 14 5 14 43% 86590 232  8%
c v 11.41  0 17 41 9027  1 246531 15864 1.7 24 14 5 14 43% 86590 232  8%
c w 11.42  0 17 41 9027  1 246531 15864 1.7 24 14 5 14 43% 86590 232  8%
c x 11.42  0 17 41 9027  1 246531 15864 1.7 24 14 5 14 43% 86582 232  8%
c s 11.55  0 17 41 9029  1 249267 17641 1.7 24 14 5 14 43% 86484 232  8%
c s 11.59  0 17 41 9029  1 249267 17627 1.7 24 14 5 14 43% 86429 232  8%
c O 11.77  0 17 41 9030  1 253052 20052 1.7 23 14 5 14 43% 86429 232  8%
c ] 11.80  0 17 41 9030  1 253620 20441 1.7 23 14 5 14 43% 86429 232  8%
c { 11.80  0 17 41 9030  1 253620 20441 1.7 20 12 4 11 44% 86429 232  8%
c - 12.02  0 17 42 9482  1 258944 17818 1.7 20 12 4 11 44% 86429 232  8%
c p 12.03  0 17 42 9482  1 258944 17827 1.7 20 12 4 11 44% 86429 232  8%
c u 12.04  0 17 42 9482  1 258944 17819 1.7 20 12 4 11 44% 86429 232  8%
c v 12.04  0 17 42 9482  1 258944 17817 1.7 20 12 4 11 44% 86429 232  8%
c w 12.04  0 17 42 9482  1 258944 17817 1.7 20 12 4 11 44% 86429 232  8%
c x 12.05  0 17 42 9482  1 258944 17817 1.7 20 12 4 11 44% 86429 232  8%
c t 12.05  0 17 42 9482  1 258944 17816 1.7 20 12 4 11 44% 86429 232  8%
c - 12.58  0 17 43 10163  1 271666 19565 1.7 21 12 4 11 44% 86429 232  8%
c p 12.58  0 17 43 10163  1 271666 19574 1.7 21 12 4 11 44% 86429 232  8%
c 
c  seconds  reductions    conflicts         size   tier2       variables
c         MB      restarts       redundant     glue    trail       remaining
c          level        rate          size/glue  tier1   irredundant
c 
c u 12.60  0 17 43 10163  1 271666 19555 1.7 21 12 4 11 44% 86429 232  8%
c v 12.60  0 17 43 10163  1 271666 19553 1.7 21 12 4 11 44% 86429 232  8%
c w 12.60  0 17 43 10163  1 271666 19553 1.7 21 12 4 11 44% 86429 232  8%
c x 12.61  0 17 43 10163  1 271666 19550 1.7 21 12 4 11 44% 86426 232  8%
c t 12.61  0 17 43 10163  1 271666 19548 1.7 21 12 4 11 44% 86426 232  8%
c B 12.82  0 17 43 10592  1 276054 22573 1.7 21 12 4 11 44% 86426 232  8%
c - 13.20  0 17 44 11344  1 284701 20706 1.7 21 12 4 11 44% 86426 232  8%
c p 13.20  0 17 44 11344  1 284701 20715 1.7 21 12 4 11 44% 86426 232  8%
c u 13.22  0 17 44 11344  1 284701 20702 1.7 21 12 4 11 44% 86426 232  8%
c v 13.22  0 17 44 11344  1 284701 20698 1.7 21 12 4 11 44% 86426 232  8%
c w 13.22  0 17 44 11344  1 284701 20692 1.7 21 12 4 11 44% 86426 232  8%
c x 13.23  0 17 44 11344  1 284701 20690 1.7 21 12 4 11 44% 86425 232  8%
c - 13.78  0 16 45 12129  1 298042 20811 1.7 21 12 4 11 43% 86425 232  8%
c p 13.79  0 16 45 12129  1 298042 20820 1.7 21 12 4 11 43% 86425 232  8%
c u 13.80  0 16 45 12129  1 298042 20807 1.7 21 12 4 11 43% 86425 232  8%
c v 13.80  0 16 45 12129  1 298042 20800 1.7 21 12 4 11 43% 86425 232  8%
c w 13.81  0 16 45 12129  1 298042 20798 1.7 21 12 4 11 43% 86425 232  8%
c x 13.81  0 16 45 12129  1 298042 20797 1.7 21 12 4 11 43% 86407 232  8%
c t 13.81  0 16 45 12129  1 298042 20796 1.7 21 12 4 11 43% 86407 232  8%
c W 14.09  0 16 45 12176  1 300056 22153 1.7 21 12 4 11 43% 86407 232  8%
c 
c  seconds  reductions    conflicts         size   tier2       variables
c         MB      restarts       redundant     glue    trail       remaining
c          level        rate          size/glue  tier1   irredundant
c 
c - 14.54  0 16 46 12461  1 311691 22722 1.7 21 12 4 11 43% 86407 232  8%
c p 14.54  0 16 46 12461  1 311691 22731 1.7 21 12 4 11 43% 86407 232  8%
c u 14.55  0 16 46 12461  1 311691 22726 1.7 21 12 4 11 43% 86407 232  8%
c v 14.55  0 16 46 12461  1 311691 22723 1.7 21 12 4 11 43% 86407 232  8%
c w 14.56  0 16 46 12461  1 311691 22723 1.7 21 12 4 11 43% 86407 232  8%
c x 14.56  0 16 46 12461  1 311691 22723 1.7 21 12 4 11 43% 86407 232  8%
c } 14.85  0 16 46 13105  1 317010 26309 1.7 21 12 4 11 43% 86407 232  8%
c [ 14.85  0 17 46 13105  1 317010 26309 1.7 23 14 5 14 43% 86407 232  8%
c B 15.20  0 17 46 13111  1 325057 31438 1.7 23 14 5 14 43% 86407 232  8%
c - 15.24  0 17 47 13111  1 325648 22489 1.7 23 14 5 14 43% 86407 232  8%
c p 15.24  0 17 47 13111  1 325648 22498 1.7 23 14 5 14 43% 86407 232  8%
c u 15.26  0 17 47 13111  1 325648 22492 1.7 23 14 5 14 43% 86407 232  8%
c v 15.26  0 17 47 13111  1 325648 22491 1.7 23 14 5 14 43% 86407 232  8%
c w 15.27  0 17 47 13111  1 325648 22491 1.7 23 14 5 14 43% 86407 232  8%
c x 15.27  0 17 47 13111  1 325648 22491 1.7 23 14 5 14 43% 86404 232  8%
c - 15.90  0 17 48 13114  1 339917 20176 1.7 23 14 4 12 42% 86404 232  8%
c p 15.90  0 17 48 13114  1 339917 20185 1.7 23 14 4 12 42% 86404 232  8%
c u 15.92  0 17 48 13114  1 339917 20173 1.7 23 14 4 12 42% 86404 232  8%
c v 15.92  0 17 48 13114  1 339917 20171 1.7 23 14 4 12 42% 86404 232  8%
c w 15.93  0 17 48 13114  1 339917 20171 1.7 23 14 4 12 42% 86404 232  8%
c 
c  seconds  reductions    conflicts         size   tier2       variables
c         MB      restarts       redundant     glue    trail       remaining
c          level        rate          size/glue  tier1   irredundant
c 
c x 15.93  0 17 48 13114  1 339917 20170 1.7 23 14 4 12 42% 86403 232  8%
c W 16.53  0 17 48 13114  1 351058 27007 1.6 23 14 4 12 42% 86403 232  8%
c s 16.58  0 17 48 13114  1 351764 27385 1.6 23 14 4 12 42% 86261 232  8%
c s 16.63  0 17 48 13114  1 351764 27368 1.6 23 14 4 12 42% 86065 232  8%
c - 16.76  0 17 49 13114  1 354494 19756 1.7 23 14 4 12 42% 86065 232  8%
c p 16.77  0 17 49 13114  1 354494 19765 1.7 23 14 4 12 42% 86065 232  8%
c u 16.87  0 17 49 13114  1 354494 19735 1.7 23 14 4 12 42% 86065 232  8%
c v 16.87  0 17 49 13114  1 354494 19733 1.7 23 14 4 12 42% 86065 232  8%
c w 16.87  0 17 49 13114  1 354494 19733 1.7 23 14 4 12 42% 86065 232  8%
c x 16.88  0 17 49 13114  1 354494 19733 1.7 23 14 4 12 42% 86059 232  8%
c - 17.53  0 16 50 13115  1 369379 20538 1.7 23 14 4 12 42% 86059 232  8%
c p 17.54  0 16 50 13115  1 369379 20547 1.7 23 14 4 12 42% 86059 232  8%
c u 17.55  0 16 50 13115  1 369379 20530 1.7 23 14 4 12 42% 86059 232  8%
c v 17.55  0 16 50 13115  1 369379 20523 1.7 23 14 4 12 42% 86059 232  8%
c w 17.55  0 16 50 13115  1 369379 20523 1.7 23 14 4 12 42% 86059 232  8%
c x 17.56  0 16 50 13115  1 369379 20523 1.7 23 14 4 12 42% 86049 232  8%
c ] 17.93  0 16 50 13115  1 377063 25691 1.7 23 14 4 12 42% 86049 232  8%
c { 17.93  0 16 50 13115  1 377063 25691 1.7 21 12 4 11 43% 86049 232  8%
c # 17.98  0 16 50 13319  1 378059 26318 1.7 21 12 4 11 43% 86049 232  8%
c - 18.32  0 16 51 14021  1 384573 22047 1.7 21 12 4 11 43% 86049 232  8%
c 
c  seconds  reductions    conflicts         size   tier2       variables
c         MB      restarts       redundant     glue    trail       remaining
c          level        rate          size/glue  tier1   irredundant
c 
c p 18.32  0 16 51 14021  1 384573 22056 1.7 21 12 4 11 43% 86049 232  8%
c u 18.34  0 16 51 14021  1 384573 22022 1.7 21 12 4 11 43% 86049 232  8%
c v 18.34  0 16 51 14021  1 384573 22022 1.7 21 12 4 11 43% 86049 232  8%
c w 18.34  0 16 51 14021  1 384573 22022 1.7 21 12 4 11 43% 86049 232  8%
c x 18.35  0 16 51 14021  1 384573 22022 1.7 21 12 4 11 43% 86041 232  8%
c - 19.00  0 15 52 14393  1 400076 23365 1.7 21 12 4 10 43% 86041 232  8%
c p 19.01  0 15 52 14393  1 400076 23374 1.7 21 12 4 10 43% 86041 232  8%
c u 19.02  0 15 52 14393  1 400076 23319 1.7 21 12 4 10 43% 86041 232  8%
c v 19.03  0 15 52 14393  1 400076 23313 1.7 21 12 4 10 43% 86041 232  8%
c w 19.03  0 15 52 14393  1 400076 23310 1.7 21 12 4 10 43% 86041 232  8%
c x 19.03  0 15 52 14393  1 400076 23310 1.7 21 12 4 10 43% 86040 232  8%
c B 19.29  0 15 52 14432  1 406062 26977 1.7 20 12 4 10 43% 86040 232  8%
c - 19.71  0 15 53 14647  1 415889 25567 1.7 20 12 4 10 43% 86040 232  8%
c p 19.71  0 15 53 14647  1 415889 25579 1.7 20 12 4 10 43% 86040 232  8%
c u 19.73  0 15 53 14647  1 415889 25518 1.7 20 12 4 10 43% 86040 232  8%
c v 19.74  0 15 53 14647  1 415889 25510 1.7 20 12 4 10 43% 86040 232  8%
c w 19.74  0 15 53 14647  1 415889 25502 1.7 20 12 4 10 43% 86040 232  8%
c x 19.74  0 15 53 14647  1 415889 25501 1.7 20 12 4 10 43% 86010 232  8%
c - 20.42  0 14 54 15097  1 432012 26822 1.8 20 11 4 10 43% 86010 232  8%
c p 20.42  0 14 54 15097  1 432012 26835 1.8 20 11 4 10 43% 86010 232  8%
c 
c  seconds  reductions    conflicts         size   tier2       variables
c         MB      restarts       redundant     glue    trail       remaining
c          level        rate          size/glue  tier1   irredundant
c 
c u 20.44  0 14 54 15097  1 432012 26810 1.8 20 11 4 10 43% 86010 232  8%
c v 20.45  0 14 54 15097  1 432012 26808 1.8 20 11 4 10 43% 86010 232  8%
c w 20.45  0 14 54 15097  1 432012 26786 1.8 20 11 4 10 43% 86010 232  8%
c x 20.45  0 14 54 15097  1 432012 26783 1.8 20 11 4 10 43% 85989 232  8%
c W 20.82  0 14 54 15256  1 435065 28708 1.8 20 11 4 10 43% 85989 232  8%
c - 21.44  0 14 55 16157  1 448444 26901 1.8 20 11 4 10 42% 85989 232  8%
c p 21.44  0 14 55 16157  1 448444 26927 1.8 20 11 4 10 42% 85989 232  8%
c u 21.46  0 14 55 16157  1 448444 26892 1.8 20 11 4 10 42% 85989 232  8%
c v 21.47  0 14 55 16157  1 448444 26891 1.8 20 11 4 10 42% 85989 232  8%
c w 21.47  0 14 55 16157  1 448444 26889 1.8 20 11 4 10 42% 85989 232  8%
c x 21.48  0 14 55 16157  1 448444 26887 1.8 20 11 4 10 42% 85878 232  8%
c t 21.48  0 14 55 16157  1 448444 26886 1.8 20 11 4 10 42% 85878 232  8%
c } 21.78  0 14 55 16535  1 455628 31747 1.8 20 11 4 10 42% 85878 232  8%
c [ 21.78  0 16 55 16535  1 455628 31747 1.7 23 14 4 12 42% 85878 232  8%
c I 22.19  0 16 55 16535  1 465069 37233 1.7 23 13 4 11 42% 85878 232  8%
c - 22.20  0 16 56 16535  1 465187 26743 1.7 23 13 4 11 42% 85878 232  8%
c p 22.20  0 16 56 16535  1 465187 26765 1.7 23 13 4 11 42% 85878 232  8%
c u 22.22  0 16 56 16535  1 465187 26744 1.7 23 13 4 11 42% 85878 232  8%
c v 22.22  0 16 56 16535  1 465187 26739 1.7 23 13 4 11 42% 85878 232  8%
c w 22.23  0 16 56 16535  1 465187 26739 1.7 23 13 4 11 42% 85878 232  8%
c 
c  seconds  reductions    conflicts         size   tier2       variables
c         MB      restarts       redundant     glue    trail       remaining
c          level        rate          size/glue  tier1   irredundant
c 
c x 22.23  0 16 56 16535  1 465187 26739 1.7 23 13 4 11 42% 85825 232  8%
c s 22.54  0 16 56 16539  1 471257 30281 1.7 22 13 4 11 42% 85109 232  8%
c s 22.60  0 16 56 16539  1 471257 30252 1.7 22 13 4 11 42% 84646 232  8%
c - 23.14  0 15 57 16545  1 482240 26408 1.7 22 13 4 11 42% 84646 232  8%
c p 23.14  0 15 57 16545  1 482240 26454 1.7 22 13 4 11 42% 84646 232  8%
c u 23.16  0 15 57 16545  1 482240 26438 1.7 22 13 4 11 42% 84646 232  8%
c v 23.17  0 15 57 16545  1 482240 26432 1.7 22 13 4 11 42% 84646 232  8%
c w 23.17  0 15 57 16545  1 482240 26432 1.7 22 13 4 11 42% 84646 232  8%
c x 23.18  0 15 57 16545  1 482240 26432 1.7 22 13 4 11 42% 84578 232  8%
c t 23.18  0 15 57 16545  1 482240 26431 1.7 22 13 4 11 42% 84578 232  8%
c i 23.25  0 15 57 16546  1 483525 26985 1.7 22 13 4 11 42% 84578 230  8%
c i 23.54  0 15 57 16549  1 490352 31725 1.7 22 13 4 11 42% 84578 219  7%
c i 23.69  0 15 57 16550  1 493107 32984 1.7 21 13 4 11 42% 84578 216  7%
c i 23.73  0 15 57 16550  1 493768 33262 1.7 21 13 4 11 42% 84578 212  7%
c i 23.73  0 15 57 16550  1 493791 33267 1.7 21 13 4 11 42% 84578 211  7%
c i 23.73  0 15 57 16550  1 493844 33280 1.7 21 13 4 11 42% 84578 210  7%
c i 23.74  0 15 57 16550  1 493908 33308 1.7 21 13 4 11 42% 84578 200  7%
c ] 23.74  0 15 57 16550  1 493912 33308 1.7 21 13 4 11 42% 84578 185  6%
c 0 23.74  0 15 57 16550  1 493912 33308 1.7 21 13 4 11 42% 84578 185  6%
c 
c --- [ closing proof ] ------------------------------------------------------
c 
c LRAT proof file 'data/a4_m02/F.lrat' closed
c LRAT 566726 added clauses 51.19%
c LRAT 540411 deleted clauses 48.81%
c LRAT 138219950 bytes (131.82 MB)
c 
c --- [ result ] -------------------------------------------------------------
c 
s UNSATISFIABLE
c 
c --- [ run-time profiling ] -------------------------------------------------
c 
c process time taken by individual solving procedures
c (percentage relative to process time for solving)
c 
c        21.97   92.75% search
c        11.23   47.41% unstable
c         9.64   40.68% stable
c         1.72    7.25% simplify
c         1.10    4.64% walk
c         0.78    3.30% vivify
c         0.34    1.43% sweep
c         0.28    1.19% subsume
c         0.11    0.45% elim
c         0.07    0.30% probe
c         0.05    0.21% parse
c         0.02    0.10% congruence
c         0.02    0.09% ternary
c         0.01    0.02% lucky
c         0.00    0.01% backbone
c   =================================
c        23.69   99.79% solve
c 
c last line shows process time for solving
c (percentage relative to total process time)
c 
c --- [ statistics ] ---------------------------------------------------------
c 
c chronological:             45310         9.17 %  of conflicts
c conflicts:                493912     20852.16    per second
c backbone:                  79952      2697.44 %  of vars
c decisions:                591816     24985.50    per second
c eliminated:                 1955        65.96 %  of all variables
c fixed:                       823        27.77 %  of all variables
c learned:                  487685        98.74 %  per conflict
c learned_lits:           15457758       100.00 %  learned literals
c minimized:                     0         0.00 %  learned literals
c shrunken:                3391856        21.94 %  learned literals
c minishrunken:            1695418        10.97 %  learned literals
c otfs:                       2570         0.52 %  of conflict
c propagations:            9371348         0.40 M  per second
c reduced:                  288967        58.51 %  per conflict
c rephased:                     30     16463.73    interval
c restarts:                  16550        29.84    interval
c stabilizing:                   8        45.61 %  of conflicts
c substituted:                   1         0.03 %  of all variables
c subsumed:                 169038        28.95 %  of all clauses
c strengthened:              24322         4.17 %  of all clauses
c ticks:                1877466706       202.92    propagation
c vivified:                   2451         0.42 %  of all clauses
c walked:                        9     54879.11    interval
c weakened:                   5001         2.68    average size
c congruence:                    9     54879.11    interval
c 
c seconds are measured in process time for solving
c 
c --- [ glue usage ] ---------------------------------------------------------
c 
c focused glue 4 used 120934 clauses 9.017% accumulated 58.26% tier1
c focused glue 5 used 85261 clauses 6.357% accumulated 64.61%
c focused glue 6-8 used 171071 clauses 12.75% accumulated 77.37%
c focused glue 9 used 53562 clauses 3.993% accumulated 81.36%
c focused glue 10 used 51064 clauses 3.807% accumulated 85.17% tier2
c 
c stable glue 4 used 108693 clauses 8.788% accumulated 56.41% tier1
c stable glue 5 used 80179 clauses 6.482% accumulated 62.89%
c stable glue 6-9 used 174382 clauses 14.09% accumulated 76.99%
c stable glue 10 used 41251 clauses 3.335% accumulated 80.33%
c stable glue 11 used 38965 clauses 3.150% accumulated 83.48% tier2
c 
c 
c --- [ resources ] ----------------------------------------------------------
c 
c total process time since initialization:        23.74    seconds
c total real time since initialization:           24.12    seconds
c maximum resident set size of process:          206.52    MB
c 
c --- [ shutting down ] ------------------------------------------------------
c 
c exit 20
