# A4 member 2: slack=0 e=156 n=28 mults=[05:2 06:6 14:4 15:2 16:2 23:6 24:1 25:1 34:1 35:1 45:2] generators=18 backend=boyer Fri Sep 25 14:29:21 2026
[f034-a4-02-e156] n=28 m=156 cap=78 | 464 K5s, 4720 K3,3s, 18 sym generators, 43111 clauses, propagator check_at=9 planarity=boyer, clause dump -> /Users/ivanspogreev/earth-moon/population/f034-a4-cert/m02/dump.jsonl
    ... {'checks': 50000, 'confl': 11809, 'model_rej': 0} 2s
    ... {'checks': 100000, 'confl': 22432, 'model_rej': 0} 4s
    ... {'checks': 150000, 'confl': 31873, 'model_rej': 0} 6s
    ... {'checks': 200000, 'confl': 40348, 'model_rej': 0} 9s
    ... {'checks': 250000, 'confl': 49794, 'model_rej': 0} 11s
    ... {'checks': 300000, 'confl': 58019, 'model_rej': 0} 13s
    ... {'checks': 350000, 'confl': 65289, 'model_rej': 0} 15s
    ... {'checks': 400000, 'confl': 71754, 'model_rej': 0} 17s
    ... {'checks': 450000, 'confl': 79321, 'model_rej': 0} 20s
    ... {'checks': 500000, 'confl': 85920, 'model_rej': 0} 22s
    ... {'checks': 550000, 'confl': 94744, 'model_rej': 0} 24s
    ... {'checks': 600000, 'confl': 102529, 'model_rej': 0} 27s
    ... {'checks': 650000, 'confl': 110655, 'model_rej': 0} 29s
    ... {'checks': 700000, 'confl': 119212, 'model_rej': 0} 32s
    ... {'checks': 750000, 'confl': 127745, 'model_rej': 0} 35s
    ... {'checks': 800000, 'confl': 133794, 'model_rej': 0} 37s
    ... {'checks': 850000, 'confl': 139646, 'model_rej': 0} 39s
    ... {'checks': 900000, 'confl': 145289, 'model_rej': 0} 41s
    ... {'checks': 950000, 'confl': 148993, 'model_rej': 0} 43s
    ... {'checks': 1000000, 'confl': 152921, 'model_rej': 0} 45s
    ... {'checks': 1050000, 'confl': 157523, 'model_rej': 0} 47s
    ... {'checks': 1100000, 'confl': 161454, 'model_rej': 0} 50s
    ... {'checks': 1150000, 'confl': 165514, 'model_rej': 0} 52s
    ... {'checks': 1200000, 'confl': 169780, 'model_rej': 0} 55s
    ... {'checks': 1250000, 'confl': 173115, 'model_rej': 0} 57s
    ... {'checks': 1300000, 'confl': 175627, 'model_rej': 0} 59s
    ... {'checks': 1350000, 'confl': 183093, 'model_rej': 0} 61s
    ... {'checks': 1400000, 'confl': 189708, 'model_rej': 0} 64s
    ... {'checks': 1450000, 'confl': 194379, 'model_rej': 0} 67s
    ... {'checks': 1500000, 'confl': 199515, 'model_rej': 0} 71s
    ... {'checks': 1550000, 'confl': 204388, 'model_rej': 0} 73s
    ... {'checks': 1600000, 'confl': 207454, 'model_rej': 0} 76s
    ... {'checks': 1650000, 'confl': 211215, 'model_rej': 0} 79s
    ... {'checks': 1700000, 'confl': 215831, 'model_rej': 0} 82s
    ... {'checks': 1750000, 'confl': 221339, 'model_rej': 0} 85s
    ... {'checks': 1800000, 'confl': 225486, 'model_rej': 0} 88s
    ... {'checks': 1850000, 'confl': 228582, 'model_rej': 0} 92s
    ... {'checks': 1900000, 'confl': 231331, 'model_rej': 0} 95s
    ... {'checks': 1950000, 'confl': 235014, 'model_rej': 0} 98s
    ... {'checks': 2000000, 'confl': 238208, 'model_rej': 0} 101s
    ... {'checks': 2050000, 'confl': 240792, 'model_rej': 0} 104s
    ... {'checks': 2100000, 'confl': 243047, 'model_rej': 0} 108s
    ... {'checks': 2150000, 'confl': 246554, 'model_rej': 0} 112s
[f034-a4-02-e156] stats: {'checks': 2162717, 'confl': 247592, 'model_rej': 0}
[f034-a4-02-e156] clause dump closed: {'preseed': 10368, 'prop': 495184, 'model': 0}
[f034-a4-02-e156] UNSAT in 112.7s — NOT BIPLANAR (subject to control validation)
RESULT f034-a4-02-e156 UNSAT 112.9s
