⚠ [7/16] Replayed Biplanar.Basic
warning: Biplanar/Basic.lean:204:12: unused variable `G`

Note: This linter can be disabled with `set_option linter.unusedVariables false`
✔ [11/16] Built Biplanar.Instances.A4M04C.Base (2.1s)
✔ [12/16] Built Biplanar.Instances.A4M04C.Cubes (845ms)
✔ [13/16] Built Biplanar.Instances.A4M04C.W1 (1.9s)
✔ [14/16] Built Biplanar.Instances.A4M04C.W2 (2.1s)
✔ [15/16] Built Biplanar.Instances.A4M04C.Leaf1 (89s)
✔ [16/16] Built Biplanar.Instances.A4M04C.Leaf2 (148s)
Build completed successfully (16 jobs).
	Command being timed: "lake build Biplanar.Instances.A4M04C.Leaf1 Biplanar.Instances.A4M04C.Leaf2"
	User time (seconds): 239.05
	System time (seconds): 6.27
	Percent of CPU this job got: 160%
	Elapsed (wall clock) time (h:mm:ss or m:ss): 2:32.72
	Average shared text size (kbytes): 0
	Average unshared data size (kbytes): 0
	Average stack size (kbytes): 0
	Average total size (kbytes): 0
	Maximum resident set size (kbytes): 10957652
	Average resident set size (kbytes): 0
	Major (requiring I/O) page faults: 0
	Minor (reclaiming a frame) page faults: 900262
	Voluntary context switches: 2995
	Involuntary context switches: 700
	Swaps: 0
	File system inputs: 0
	File system outputs: 2841776
	Socket messages sent: 0
	Socket messages received: 0
	Signals delivered: 0
	Page size (bytes): 4096
	Exit status: 0
