⚠ [7/16] Replayed Biplanar.Basic
warning: Biplanar/Basic.lean:204:12: unused variable `G`

Note: This linter can be disabled with `set_option linter.unusedVariables false`
✔ [13/16] Built Biplanar.Instances.A4M04C.W3 (958ms)
✔ [14/16] Built Biplanar.Instances.A4M04C.W4 (1.0s)
✔ [15/16] Built Biplanar.Instances.A4M04C.Leaf3 (11s)
✔ [16/16] Built Biplanar.Instances.A4M04C.Leaf4 (101s)
Build completed successfully (16 jobs).
	Command being timed: "lake build Biplanar.Instances.A4M04C.Leaf3 Biplanar.Instances.A4M04C.Leaf4"
	User time (seconds): 112.08
	System time (seconds): 3.72
	Percent of CPU this job got: 112%
	Elapsed (wall clock) time (h:mm:ss or m:ss): 1:43.36
	Average shared text size (kbytes): 0
	Average unshared data size (kbytes): 0
	Average stack size (kbytes): 0
	Average total size (kbytes): 0
	Maximum resident set size (kbytes): 9443296
	Average resident set size (kbytes): 0
	Major (requiring I/O) page faults: 0
	Minor (reclaiming a frame) page faults: 675013
	Voluntary context switches: 1757
	Involuntary context switches: 397
	Swaps: 0
	File system inputs: 0
	File system outputs: 1308000
	Socket messages sent: 0
	Socket messages received: 0
	Signals delivered: 0
	Page size (bytes): 4096
	Exit status: 0
