⚠ [7/16] Replayed Biplanar.Basic
warning: Biplanar/Basic.lean:204:12: unused variable `G`

Note: This linter can be disabled with `set_option linter.unusedVariables false`
✔ [13/16] Built Biplanar.Instances.A4M04C.W6 (1.4s)
✔ [14/16] Built Biplanar.Instances.A4M04C.W5 (1.9s)
✔ [15/16] Built Biplanar.Instances.A4M04C.Leaf6 (45s)
✔ [16/16] Built Biplanar.Instances.A4M04C.Leaf5 (90s)
Build completed successfully (16 jobs).
	Command being timed: "lake build Biplanar.Instances.A4M04C.Leaf5 Biplanar.Instances.A4M04C.Leaf6"
	User time (seconds): 136.19
	System time (seconds): 3.48
	Percent of CPU this job got: 150%
	Elapsed (wall clock) time (h:mm:ss or m:ss): 1:33.05
	Average shared text size (kbytes): 0
	Average unshared data size (kbytes): 0
	Average stack size (kbytes): 0
	Average total size (kbytes): 0
	Maximum resident set size (kbytes): 7359860
	Average resident set size (kbytes): 0
	Major (requiring I/O) page faults: 0
	Minor (reclaiming a frame) page faults: 416566
	Voluntary context switches: 1631
	Involuntary context switches: 409
	Swaps: 0
	File system inputs: 0
	File system outputs: 1573856
	Socket messages sent: 0
	Socket messages received: 0
	Signals delivered: 0
	Page size (bytes): 4096
	Exit status: 0
