c --- [ banner ] -------------------------------------------------------------
c 
c CaDiCaL SAT Solver
c Copyright (c) 2016-2026
c A. Biere, M. Fleury, N. Froleyks, K. Fazekas, F. Pollitt, T. Faller
c JKU Linz, University of Freiburg, TU Wien
c 
c Version 3.0.1 c60730422e758ef1cebe7aeddf2dda31c996bf04
c g++ (Ubuntu 13.3.0-6ubuntu2~24.04.1) 13.3.0 -Wall -Wextra -O3 -DNDEBUG
c Fri Oct 2 18:00:09 UTC 2026 Linux ai-math 6.8.0-139-generic x86_64
c 
c --- [ proof tracing ] ------------------------------------------------------
c 
c opening file to write '/root/earth-moon/lean/data/a4_m04c/leaf13.lrat'
c writing non-binary proof trace to '/root/earth-moon/lean/data/a4_m04c/leaf13.lrat'
c 
c --- [ parsing input ] ------------------------------------------------------
c 
c reading DIMACS file from '/root/earth-moon/lean/data/a4_m04c/leaf13.cnf'
c opening file to read '/root/earth-moon/lean/data/a4_m04c/leaf13.cnf'
c found 'p cnf 2964 310529' header
c parsed 310529 clauses in 0.21 seconds process time
c 
c --- [ options ] ------------------------------------------------------------
c 
c   --binary=false                 (different from default 'true')
c   --lrat=true                    (different from default 'false')
c 
c --- [ solving ] ------------------------------------------------------------
c 
c time measured in process time since initialization
c 
c  seconds  reduction conflicts       size tier2       variables
c         MB    restarts   redundant    glue  trail         remaining
c          level     rate       size/glu tier1  irredundant
c 
c *  0.21 44  0 0   0  0    0    0 0.0 0 0 2 6  0% 310382 2923 99%
c )  0.26 64  0 0   0  0    0    0 0.0 0 0 2 6  0% 310382 2923 99%
c {  0.26 65  0 0   0  0    0    0 0.0 0 0 2 6  0% 310382 2923 99%
c i  0.28 66 381 0   3 48  128   33 1.4 14 10 2 6 24% 310295 2922 99%
c i  0.28 66 375 0   3 48  130   33 1.4 14 10 2 6 24% 310295 2921 99%
c i  0.28 66 372 0   3 47  131   33 1.4 13 9 2 6 24% 310295 2920 99%
c i  0.32 69 204 0  19 27  267  112 1.4 15 11 2 6 20% 310252 2919 98%
c -  0.35 69 183 1  19 24  302   65 1.4 15 11 2 6 20% 310241 2919 98%
c -  0.42 89 64 2  19  8  949  261 1.5 12 8 2 6 13% 310241 2919 98%
c }  0.42 89 61 2  19  8 1001  275 1.5 12 8 2 6 13% 310241 2919 98%
c [  0.42 89  0 2  19  0 1001  275 0.0 0 0 2 6  0% 310241 2919 98%
c O  0.42 89  1 2  19  2 1003  276 2.0 2 1 2 6 10% 310240 2919 98%
c i  0.42 89  3 2  19  2 1016  281 1.9 2 1 2 6 10% 310235 2905 98%
c ]  0.48 90 51 2  19  1 1242  483 1.7 30 17 2 6 33% 310226 2905 98%
c {  0.48 90 61 2  19  8 1242  483 1.5 12 8 2 6 13% 310226 2905 98%
c i  0.52 90 57 2  52  8 1408  566 1.5 13 9 2 6 13% 310157 2903 98%
c i  0.52 90 56 2  64  8 1471  594 1.5 13 9 2 6 13% 310135 2901 98%
c i  0.52 90 56 2  64  8 1474  595 1.5 13 9 2 6 13% 310134 2900 98%
c i  0.66 90 49 2 130  7 1870  825 1.4 15 10 2 6 13% 310013 2897 98%
c i  0.73 90 47 2 183  7 2074  958 1.4 15 11 2 6 14% 309965 2893 98%
c 
c  seconds  reduction conflicts       size   tier2       variables
c         MB    restarts   redundant     glue   trail         remaining
c          level     rate       size/glue  tier1  irredundant
c 
c -  0.81 90 47 3 189  7 2097  305 1.4 15 11 2 6 14% 309432 2893 98%
c i  0.86 90 45 3 222  7 2232  408 1.4 16 11 2 6 14% 309425 2892 98%
c i  0.86 90 45 3 223  7 2233  408 1.4 16 11 2 6 14% 309425 2890 98%
c i  0.86 90 45 3 223  7 2234  408 1.4 16 11 2 6 14% 309425 2887 97%
c i  0.86 90 45 3 223  7 2235  408 1.4 16 11 2 6 14% 309425 2884 97%
c }  0.86 90 45 3 225  7 2238  411 1.4 16 11 2 6 14% 309425 2884 97%
c [  0.86 90 51 3 225  1 2238  411 1.7 30 17 2 6 33% 309425 2884 97%
c i  0.86 90 51 3 225  2 2245  417 1.7 30 18 2 6 33% 309425 2879 97%
c i  0.87 90 46 3 225  1 2310  459 1.5 29 19 2 6 30% 309425 2877 97%
c i  0.87 90 46 3 225  1 2314  461 1.5 29 19 2 6 29% 309424 2876 97%
c I  0.94 90 32 3 225  2 3003 1019 1.6 24 15 2 6 24% 309368 2876 97%
c 2  0.95 90 32 3 225  2 3016 1028 1.6 24 15 2 6 24% 309365 2863 97%
c d  0.96 90 32 3 225  2 3016 1023 1.6 24 15 2 6 24% 309316 2862 97%
c p  0.97 90 32 3 225  2 3016 1030 1.6 24 15 2 6 24% 309316 2862 97%
c =  1.06 92 32 3 225  2 3016 1014 1.6 24 15 2 6 24% 309236 2777 94%
c t  1.07 92 32 3 225  2 3016 1007 1.6 24 15 2 6 24% 309236 2777 94%
c -  1.27 85 26 4 226  2 3803  628 1.5 20 13 2 6 23% 309174 2777 94%
c ]  1.35 85 22 4 227  1 4642 1224 1.5 19 12 2 6 23% 309164 2777 94%
c {  1.35 85 45 4 227  7 4642 1224 1.4 16 11 2 6 14% 309164 2777 94%
c i  1.47 85 40 4 271  6 5079 1513 1.4 16 11 7 12 14% 309151 2776 94%
c 
c  seconds  reduction conflicts       size   tier2        variables
c         MB    restarts   redundant     glue    trail         remaining
c          level     rate       size/glue  tier1   irredundant
c 
c 2  1.53 85 36 4 302  6 5517 1794 1.4 16 11 6 12 14% 309149 2767 93%
c t  1.59 89 36 4 302  6 5517 1789 1.4 16 11 6 12 14% 309130 2767 93%
c i  1.61 89 36 4 302  6 5538 1802 1.4 16 11 6 12 14% 309130 2724 92%
c i  1.75 89 35 4 358  5 5848 2022 1.4 16 11 6 12 15% 309125 2680 90%
c O  1.84 89 34 4 396  5 6004 2134 1.4 16 12 6 12 15% 309121 2680 90%
c -  1.91 108 34 5 397  5 6099 1945 1.4 16 12 5 14 15% 309028 2680 90%
c 2  2.18 108 28 5 466  4 8124 3464 1.5 17 11 5 12 18% 309011 2675 90%
c t  2.21 108 28 5 466  4 8124 3463 1.5 17 11 5 12 18% 309018 2675 90%
c }  2.23 108 28 5 473  4 8155 3487 1.5 17 11 5 12 18% 309018 2675 90%
c [  2.23 108 22 5 473  1 8155 3487 1.5 19 12 2 6 23% 309018 2675 90%
c -  2.41 108 22 6 473  1 9007 3211 1.5 21 14 2 6 23% 309007 2675 90%
c B  2.57 108 22 6 474  1 10007 4032 1.5 22 14 6 16 23% 309007 2675 90%
c 2  2.71 108 22 6 474  1 10821 4673 1.5 22 15 6 16 23% 309007 2670 90%
c ]  2.89 108 22 6 475  1 11768 5456 1.5 22 15 6 16 23% 308997 2670 90%
c {  2.89 108 28 6 475  4 11768 5456 1.5 17 11 5 12 18% 308997 2670 90%
c -  3.16 108 27 7 613  4 12541 3707 1.5 17 12 5 12 18% 308997 2670 90%
c s  3.46 108 26 7 757  3 13462 4394 1.5 18 12 4 13 18% 308957 2670 90%
c t  3.47 108 26 7 757  3 13462 4391 1.5 18 12 4 13 18% 308938 2670 90%
c e  3.51 108 26 7 757  3 13462 4069 1.5 18 12 4 13 18% 304739 321 11%
c s  3.52 108 26 7 757  3 13462 4054 1.5 18 12 4 13 18% 304735 321 11%
c 
c  seconds   reductions conflicts       size   tier2        variables
c          MB    restarts    redundant     glue    trail        remaining
c           level     rate        size/glue  tier1   irredundant
c 
c u  3.65 108 26 7 757  3 13605 4102 1.5 17 12 4 13 32% 304735 321 11%
c v  3.68 108 26 7 757  3 13605 4097 1.5 17 12 4 13 32% 304735 321 11%
c w  3.68 108 26 7 757  3 13605 4097 1.5 17 12 4 13 32% 304735 321 11%
c x  3.70 108 26 7 757  3 13605 4097 1.5 17 12 4 13 32% 304735 321 11%
c #  3.85 108 24 7 829  3 15009 4874 1.4 17 12 4 13 19% 304735 321 11%
c -  3.99 108 23 8 984  3 16711 3898 1.4 17 12 4 13 19% 304735 321 11%
c }  4.52 108 22 8 1128  3 18221 5125 1.4 17 12 4 13 23% 304755 321 11%
c [  4.52 108 22 8 1128  1 18221 5125 1.5 22 15 6 16 213% 304755 321 11%
c W  5.01 108 21 8 1130  1 21014 7205 1.5 22 15 6 16 153% 304755 321 11%
c -  5.11 119 21 9 1130  1 21506 4938 1.5 22 15 7 17 147% 304755 321 11%
c p  5.12 119 21 9 1130  1 21506 4947 1.5 22 15 7 17 147% 304755 321 11%
c -  5.72 119 22 10 1133  1 26947 4773 1.4 22 16 7 17 101% 304755 321 11%
c ]  5.78 119 22 10 1133  1 27244 4970 1.4 22 16 7 17 100% 304755 321 11%
c {  5.78 119 22 10 1133  3 27244 4970 1.4 17 12 4 13 23% 304755 321 11%
c B  6.07 119 22 10 1319  3 28015 5571 1.4 18 12 4 13 23% 304755 321 11%
c -  6.68 119 21 11 1444  2 33037 6417 1.4 17 12 4 13 28% 304755 321 11%
c p  6.69 119 21 11 1444  2 33037 6419 1.4 17 12 4 13 28% 304755 321 11%
c u  6.73 119 21 11 1444  2 33037 6396 1.4 17 12 4 13 28% 304755 321 11%
c v  6.75 119 21 11 1444  2 33037 6392 1.4 17 12 4 13 28% 304755 321 11%
c w  6.76 119 21 11 1444  2 33037 6391 1.4 17 12 4 13 28% 304755 321 11%
c 
c  seconds   reductions   conflicts       size   tier2        variables
c          MB     restarts     redundant     glue    trail        remaining
c           level       rate        size/glue  tier1   irredundant
c 
c x  6.78 119 21 11 1444  2 33037 6391 1.4 17 12 4 13 28% 304754 321 11%
c i  6.90 119 19 11 1458  2 35513 7332 1.4 16 11 4 13 27% 304754 320 11%
c W  7.21 73 19 11 1544  2 36018 4525 1.4 16 11 4 13 27% 304036 320 11%
c -  7.96 100 19 12 1888  2 39781 5189 1.4 17 11 5 12 27% 304036 320 11%
c 2  7.97 100 19 12 1888  2 39781 5189 1.4 17 11 5 12 27% 304035 320 11%
c }  8.07 100 19 12 1918  2 39984 5363 1.4 17 11 5 12 27% 304035 320 11%
c [  8.07 100 22 12 1918  1 39984 5363 1.4 22 16 7 17 100% 304035 320 11%
c O  8.54 100 22 12 1921  1 45019 9266 1.4 22 16 7 17 82% 304035 320 11%
c -  8.80 100 22 13 1922  1 47174 7188 1.4 22 16 7 17 77% 304035 320 11%
c p  8.81 100 22 13 1922  1 47174 7192 1.4 22 16 7 17 77% 304035 320 11%
c s  9.53 102 22 13 1923  1 53026 11472 1.4 22 16 7 17 67% 304013 320 11%
c e  9.58 102 22 13 1923  1 53026 11453 1.4 22 16 7 17 67% 304012 319 11%
c s  9.60 102 22 13 1923  1 53026 11444 1.4 22 16 7 17 67% 303991 319 11%
c ]  9.81 102 22 13 1923  1 54588 12448 1.4 22 16 7 17 65% 303991 319 11%
c {  9.81 102 19 13 1923  2 54588 12448 1.4 17 11 5 12 27% 303991 319 11%
c F  9.93 102 19 13 1965  2 55022 12769 1.4 17 11 5 12 27% 303991 319 11%
c - 10.01 102 19 14 1970  2 55225 7359 1.4 17 11 5 12 27% 303991 319 11%
c p 10.02 102 19 14 1970  2 55225 7363 1.4 17 11 5 12 27% 303991 319 11%
c u 10.07 102 19 14 1970  2 55225 7300 1.4 17 11 5 12 27% 303991 319 11%
c v 10.09 102 19 14 1970  2 55225 7287 1.4 17 11 5 12 27% 303991 319 11%
c 
c  seconds   reductions   conflicts       size   tier2        variables
c          MB     restarts     redundant     glue    trail        remaining
c           level       rate        size/glue  tier1   irredundant
c 
c w 10.10 102 19 14 1970  2 55225 7285 1.4 17 11 5 12 27% 303991 319 11%
c - 12.58 124 20 15 3547  2 63937 8179 1.4 17 12 5 12 27% 303991 319 11%
c p 12.59 124 20 15 3547  2 63937 8183 1.4 17 12 5 12 27% 303991 319 11%
c u 12.65 124 20 15 3547  2 63937 8117 1.4 17 12 5 12 27% 303991 319 11%
c v 12.67 124 20 15 3547  2 63937 8106 1.4 17 12 5 12 27% 303991 319 11%
c w 12.68 124 20 15 3547  2 63937 8105 1.4 17 12 5 12 27% 303991 319 11%
c } 12.72 124 20 15 3557  2 63977 8139 1.4 17 12 5 12 27% 303991 319 11%
c [ 12.72 124 22 15 3557  1 63977 8139 1.4 22 16 7 17 65% 303991 319 11%
c B 12.91 124 22 15 3557  1 66024 9885 1.4 22 16 7 17 62% 303991 319 11%
c - 13.58 124 22 16 3562  1 73311 10554 1.4 22 15 9 18 56% 303991 319 11%
c p 13.58 124 22 16 3562  1 73311 10558 1.4 22 15 9 18 56% 303991 319 11%
c W 14.30 124 22 16 3564  1 78025 14291 1.4 22 16 9 18 52% 303991 319 11%
c - 14.73 124 22 17 3567  1 83350 10809 1.4 22 16 9 18 49% 303991 319 11%
c u 14.80 124 22 17 3567  1 83350 10788 1.4 22 16 9 18 49% 303991 319 11%
c v 14.81 124 22 17 3567  1 83350 10773 1.4 22 16 9 18 49% 303991 319 11%
c w 14.82 124 22 17 3567  1 83350 10770 1.4 22 16 9 18 49% 303991 319 11%
c x 14.84 124 22 17 3567  1 83350 10770 1.4 22 16 9 18 49% 303990 319 11%
c ] 15.17 124 22 17 3569  1 86136 12775 1.4 22 16 9 18 48% 303990 319 11%
c { 15.17 124 20 17 3569  2 86136 12775 1.4 17 12 5 12 27% 303990 319 11%
c B 16.04 124 19 17 3949  2 91026 16205 1.4 17 12 5 12 28% 303990 319 11%
c 
c  seconds  reductions   conflicts        size   tier2        variables
c         MB     restarts      redundant     glue    trail        remaining
c          level       rate         size/glue  tier1   irredundant
c 
c - 16.50 79 19 18 4172  2 94052 11392 1.4 17 12 5 12 27% 303990 319 11%
c p 16.51 79 19 18 4172  2 94052 11396 1.4 17 12 5 12 27% 303990 319 11%
c W 18.43 92 18 18 4999  2 105028 18319 1.4 17 12 5 12 26% 303990 319 11%
c - 18.60 92 18 19 5074  2 105420 14068 1.4 17 12 5 12 26% 303990 319 11%
c p 18.61 92 18 19 5074  2 105420 14072 1.4 17 12 5 12 26% 303990 319 11%
c u 18.67 92 18 19 5074  2 105420 13958 1.4 17 12 5 12 26% 303990 319 11%
c v 18.69 92 18 19 5074  2 105420 13951 1.4 17 12 5 12 26% 303990 319 11%
c w 18.70 92 18 19 5074  2 105420 13947 1.4 17 12 5 12 26% 303990 319 11%
c x 18.74 92 18 19 5074  2 105420 13947 1.4 17 12 5 12 26% 303990 319 11%
c } 19.31 92 18 19 5334  2 108071 15635 1.4 17 12 5 12 26% 303990 319 11%
c [ 19.31 92 22 19 5334  1 108071 15635 1.4 22 16 9 18 48% 303990 319 11%
c s 19.70 94 22 19 5336  1 112404 18743 1.4 22 16 9 18 46% 303968 319 11%
c s 19.77 94 22 19 5336  1 112404 18734 1.4 22 16 9 18 46% 303952 319 11%
c - 20.33 94 22 20 5337  1 117456 15249 1.4 22 16 9 18 45% 303952 319 11%
c p 20.34 94 22 20 5337  1 117456 15253 1.4 22 16 9 18 45% 303952 319 11%
c I 20.55 94 22 20 5337  1 120029 17293 1.4 22 16 9 18 44% 303952 319 11%
c - 21.63 94 21 21 5338  1 130159 16673 1.4 22 15 9 18 42% 303952 319 11%
c u 21.70 94 21 21 5338  1 130159 16591 1.4 22 15 9 18 42% 303952 319 11%
c v 21.72 94 21 21 5338  1 130159 16581 1.4 22 15 9 18 42% 303952 319 11%
c w 21.73 94 21 21 5338  1 130159 16578 1.4 22 15 9 18 42% 303952 319 11%
c 
c  seconds  reductions   conflicts         size   tier2        variables
c         MB     restarts       redundant     glue    trail        remaining
c          level       rate          size/glue  tier1   irredundant
c 
c x 21.77 94 21 21 5338  1 130159 16578 1.4 22 15 9 18 42% 303952 319 11%
c B 22.30 94 21 21 5338  1 136030 21270 1.4 22 15 9 18 41% 303952 319 11%
c ] 22.53 94 22 21 5338  1 138760 23566 1.4 22 15 8 17 41% 303952 319 11%
c { 22.53 94 18 21 5338  2 138760 23566 1.4 17 12 5 12 26% 303952 319 11%
c - 23.23 94 18 22 5466  2 143534 19651 1.4 17 12 5 12 26% 303952 319 11%
c p 23.24 94 18 22 5466  2 143534 19655 1.4 17 12 5 12 26% 303952 319 11%
c # 24.79 95 18 22 5975  2 153031 26408 1.5 17 12 5 12 26% 303952 319 11%
c - 25.61 95 17 23 6177  2 157577 22123 1.5 17 12 5 12 26% 303952 319 11%
c p 25.62 95 17 23 6177  2 157577 22127 1.5 17 12 5 12 26% 303952 319 11%
c u 25.72 95 17 23 6177  2 157577 22100 1.5 17 12 5 12 26% 303952 319 11%
c v 25.75 95 17 23 6177  2 157577 22089 1.5 17 12 5 12 26% 303952 319 11%
c w 25.76 95 17 23 6177  2 157577 22089 1.5 17 12 5 12 26% 303952 319 11%
c x 25.80 95 17 23 6177  2 157577 22089 1.5 17 12 5 12 26% 303951 319 11%
c } 27.30 95 17 23 6852  2 166715 27959 1.5 17 12 5 12 26% 303951 319 11%
c [ 27.30 95 22 23 6852  1 166715 27959 1.4 22 15 8 17 41% 303951 319 11%
c W 28.06 95 21 23 6855  1 171034 31408 1.5 22 15 8 17 40% 303951 319 11%
c - 28.23 96 21 24 6856  1 172293 23887 1.5 22 15 8 17 40% 303951 319 11%
c p 28.24 96 21 24 6856  1 172293 23891 1.5 22 15 8 17 40% 303951 319 11%
c - 29.77 79 22 25 6865  1 187680 21910 1.4 22 16 8 17 38% 303951 319 11%
c p 29.78 79 22 25 6865  1 187680 21914 1.4 22 16 8 17 38% 303951 319 11%
c 
c  seconds  reductions   conflicts         size   tier2        variables
c         MB     restarts       redundant     glue    trail        remaining
c          level       rate          size/glue  tier1   irredundant
c 
c u 29.85 79 22 25 6865  1 187680 21865 1.4 22 16 8 17 38% 303951 319 11%
c v 29.87 79 22 25 6865  1 187680 21858 1.4 22 16 8 17 38% 303951 319 11%
c w 29.89 79 22 25 6865  1 187680 21797 1.4 22 16 8 17 38% 303951 319 11%
c x 29.93 79 22 25 6865  1 187680 21797 1.4 22 16 8 17 38% 303947 319 11%
c O 30.17 79 22 25 6866  1 190035 23594 1.4 22 16 8 17 37% 303947 319 11%
c s 30.40 89 22 25 6866  1 191574 24513 1.4 22 16 8 17 37% 303914 319 11%
c s 30.47 91 22 25 6866  1 191574 24494 1.4 22 16 8 17 37% 303892 319 11%
c - 31.70 103 21 26 6870  1 203738 20750 1.4 21 15 8 17 34% 303892 319 11%
c ] 32.14 103 20 26 6873  1 208621 23602 1.4 21 15 8 17 34% 303892 319 11%
c { 32.14 103 17 26 6873  2 208621 23602 1.5 17 12 5 12 26% 303892 319 11%
c B 32.36 103 17 26 6936  2 210036 24500 1.5 17 12 5 12 26% 303892 319 11%
c - 34.20 127 17 27 7736  2 220471 24025 1.5 17 12 5 12 26% 303892 319 11%
c p 34.21 127 17 27 7736  2 220471 24029 1.5 17 12 5 12 26% 303892 319 11%
c u 34.29 127 17 27 7736  2 220471 23873 1.5 17 12 5 12 26% 303892 319 11%
c v 34.33 127 17 27 7736  2 220471 23865 1.5 17 12 5 12 26% 303892 319 11%
c w 34.34 127 17 27 7736  2 220471 23860 1.5 17 12 5 12 26% 303892 319 11%
c x 34.39 127 17 27 7736  2 220471 23860 1.5 17 12 5 12 26% 303890 319 11%
c W 36.17 127 16 27 8231  2 231039 30819 1.5 17 12 5 12 26% 303890 319 11%
c - 37.69 127 16 28 9012  2 237875 27069 1.5 17 12 5 12 26% 303890 319 11%
c p 37.70 127 16 28 9012  2 237875 27073 1.5 17 12 5 12 26% 303890 319 11%
c 
c  seconds   reductions   conflicts         size   tier2        variables
c          MB     restarts       redundant     glue    trail        remaining
c           level       rate          size/glue  tier1   irredundant
c 
c u 37.75 127 16 28 9012  2 237875 26928 1.5 17 12 5 12 26% 303890 319 11%
c w 37.78 127 16 28 9012  2 237875 26922 1.5 17 12 5 12 26% 303890 319 11%
c x 37.81 127 16 28 9012  2 237875 26922 1.5 17 12 5 12 26% 303890 319 11%
c } 38.88 127 16 28 9583  2 243247 30581 1.5 17 12 5 12 26% 303890 319 11%
c [ 38.88 127 20 28 9583  1 243247 30581 1.4 21 15 8 17 34% 303890 319 11%
c B 39.82 127 20 28 9588  1 253042 38077 1.4 21 15 8 17 33% 303890 319 11%
c - 40.12 127 20 29 9590  1 255956 27650 1.4 21 15 8 17 33% 303890 319 11%
c p 40.14 127 20 29 9590  1 255956 27654 1.4 21 15 8 17 33% 303890 319 11%
c u 40.19 127 20 29 9590  1 255956 27622 1.4 21 15 8 17 33% 303890 319 11%
c v 40.21 127 20 29 9590  1 255956 27618 1.4 21 15 8 17 33% 303890 319 11%
c w 40.22 127 20 29 9590  1 255956 27617 1.4 21 15 8 17 33% 303890 319 11%
c x 40.25 127 20 29 9590  1 255956 27617 1.4 21 15 8 17 33% 303889 319 11%
c - 41.89 127 20 30 9593  1 274710 26871 1.4 21 15 8 17 32% 303889 319 11%
c p 41.90 127 20 30 9593  1 274710 26875 1.4 21 15 8 17 32% 303889 319 11%
c W 42.30 127 20 30 9593  1 276044 27961 1.4 21 15 8 17 32% 303889 319 11%
c s 43.65 127 20 30 9594  1 290534 39585 1.5 22 15 8 17 32% 303849 319 11%
c s 43.74 127 20 30 9594  1 290534 39571 1.5 22 15 8 17 32% 303827 319 11%
c ] 44.12 127 21 30 9594  1 293295 41707 1.4 22 15 8 17 32% 303827 319 11%
c { 44.12 127 16 30 9594  2 293295 41707 1.5 17 12 5 12 26% 303827 319 11%
c - 44.34 127 17 31 9778  2 294141 28013 1.5 17 12 5 12 26% 303827 319 11%
c 
c  seconds   reductions   conflicts         size   tier2        variables
c          MB     restarts       redundant     glue    trail        remaining
c           level       rate          size/glue  tier1   irredundant
c 
c p 44.35 127 17 31 9778  2 294141 28017 1.5 17 12 5 12 26% 303827 319 11%
c u 44.67 127 17 31 9778  2 294141 27999 1.5 17 12 5 12 26% 303827 319 11%
c v 44.70 127 17 31 9778  2 294141 27992 1.5 17 12 5 12 26% 303827 319 11%
c w 44.72 127 17 31 9778  2 294141 27991 1.5 17 12 5 12 26% 303827 319 11%
c x 44.76 127 17 31 9778  2 294141 27986 1.5 17 12 5 12 26% 303819 319 11%
c F 46.34 127 17 31 10424  2 300048 32174 1.5 18 12 5 12 26% 303819 319 11%
c - 49.59 80 17 32 11838  2 314243 31070 1.5 18 12 5 12 26% 303819 319 11%
c p 49.60 80 17 32 11838  2 314243 31074 1.5 18 12 5 12 26% 303819 319 11%
c u 49.69 80 17 32 11838  2 314243 31047 1.5 18 12 5 12 26% 303819 319 11%
c v 49.72 80 17 32 11838  2 314243 31033 1.5 18 12 5 12 26% 303819 319 11%
c w 49.73 80 17 32 11838  2 314243 31001 1.5 18 12 5 12 26% 303819 319 11%
c x 49.77 80 17 32 11838  2 314243 31001 1.5 18 12 5 12 26% 303792 319 11%
c B 52.66 87 17 32 12905  2 325050 38813 1.5 18 12 5 12 26% 303792 319 11%
c } 53.27 89 17 32 13181  2 328063 40933 1.5 18 12 5 12 26% 303792 319 11%
c [ 53.27 89 21 32 13181  1 328063 40933 1.4 22 15 8 17 32% 303792 319 11%
c - 54.05 89 20 33 13181  1 335020 34415 1.5 22 15 7 16 32% 303792 319 11%
c p 54.07 89 20 33 13181  1 335020 34419 1.5 22 15 7 16 32% 303792 319 11%
c u 54.14 89 20 33 13181  1 335020 34398 1.5 22 15 7 16 32% 303792 319 11%
c v 54.17 89 20 33 13181  1 335020 34395 1.5 22 15 7 16 32% 303792 319 11%
c w 54.18 89 20 33 13181  1 335020 34389 1.5 22 15 7 16 32% 303792 319 11%
c 
c  seconds  reductions    conflicts         size   tier2        variables
c         MB      restarts       redundant     glue    trail        remaining
c          level        rate          size/glue  tier1   irredundant
c 
c x 54.22 89 20 33 13181  1 335020 34388 1.5 22 15 7 16 32% 303771 319 11%
c I 55.90 89 20 33 13181  1 351053 46358 1.5 21 15 7 16 31% 303771 319 11%
c - 56.60 89 20 34 13184  1 356473 36100 1.5 21 15 7 16 31% 303771 319 11%
c p 56.61 89 20 34 13184  1 356473 36104 1.5 21 15 7 16 31% 303771 319 11%
c u 56.68 89 20 34 13184  1 356473 36024 1.5 21 15 7 16 31% 303771 319 11%
c v 56.72 89 20 34 13184  1 356473 36021 1.5 21 15 7 16 31% 303771 319 11%
c w 56.73 89 20 34 13184  1 356473 36018 1.5 21 15 7 16 31% 303771 319 11%
c B 59.06 89 20 34 13195  1 378054 51178 1.5 21 15 7 16 31% 303771 319 11%
c - 59.19 89 20 35 13195  1 378602 35029 1.5 21 15 7 16 31% 303771 319 11%
c p 59.21 89 20 35 13195  1 378602 35033 1.5 21 15 7 16 31% 303771 319 11%
c u 59.28 89 20 35 13195  1 378602 34997 1.5 21 15 7 16 31% 303771 319 11%
c v 59.30 89 20 35 13195  1 378602 34992 1.5 21 15 7 16 31% 303771 319 11%
c w 59.32 89 20 35 13195  1 378602 34990 1.5 21 15 7 16 31% 303771 319 11%
c x 59.35 89 20 35 13195  1 378602 34989 1.5 21 15 7 16 31% 303768 319 11%
c ] 59.55 89 20 35 13196  1 379821 35840 1.5 21 15 7 16 31% 303768 319 11%
c { 59.55 89 17 35 13196  2 379821 35840 1.5 18 12 5 12 26% 303768 319 11%
c - 63.44 93 16 36 14385  2 401407 37953 1.5 18 12 5 12 26% 303768 319 11%
c p 63.45 93 16 36 14385  2 401407 37957 1.5 18 12 5 12 26% 303768 319 11%
c u 63.54 93 16 36 14385  2 401407 37853 1.5 18 12 5 12 26% 303768 319 11%
c v 63.57 93 16 36 14385  2 401407 37852 1.5 18 12 5 12 26% 303768 319 11%
c 
c  seconds  reductions    conflicts         size   tier2        variables
c         MB      restarts       redundant     glue    trail        remaining
c          level        rate          size/glue  tier1   irredundant
c 
c w 63.59 93 16 36 14385  2 401407 37845 1.5 18 12 5 12 26% 303768 319 11%
c x 63.63 93 16 36 14385  2 401407 37845 1.5 18 12 5 12 26% 303766 319 11%
c W 65.79 94 16 36 14698  2 406055 40653 1.5 18 12 5 12 26% 303766 319 11%
c s 66.50 99 16 36 15017  2 409280 42850 1.5 18 12 5 12 26% 303696 319 11%
c s 66.60 99 16 36 15017  2 409280 42839 1.5 18 12 5 12 26% 303634 319 11%
c - 69.27 99 16 37 16111  2 424888 41561 1.5 18 12 5 12 26% 303634 319 11%
c p 69.29 99 16 37 16111  2 424888 41565 1.5 18 12 5 12 26% 303634 319 11%
c u 69.36 99 16 37 16111  2 424888 41447 1.5 18 12 5 12 26% 303634 319 11%
c v 69.39 99 16 37 16111  2 424888 41447 1.5 18 12 5 12 26% 303634 319 11%
c w 69.41 99 16 37 16111  2 424888 41446 1.5 18 12 5 12 26% 303634 319 11%
c x 69.44 99 16 37 16111  2 424888 41446 1.5 18 12 5 12 26% 303634 319 11%
c } 70.11 99 16 37 16382  2 428476 43862 1.5 18 12 5 12 26% 303634 319 11%
c [ 70.11 99 20 37 16382  1 428476 43862 1.5 21 15 7 16 31% 303634 319 11%
c W 71.02 99 19 37 16382  1 435056 48754 1.5 21 14 7 16 31% 303634 319 11%
c - 72.74 100 19 38 16390  1 449042 43555 1.5 21 14 7 16 31% 303634 319 11%
c p 72.75 100 19 38 16390  1 449042 43562 1.5 21 14 7 16 31% 303634 319 11%
c u 72.84 100 19 38 16390  1 449042 43450 1.5 21 14 7 16 31% 303634 319 11%
c v 72.87 100 19 38 16390  1 449042 43448 1.5 21 14 7 16 31% 303634 319 11%
c w 72.88 100 19 38 16390  1 449042 43447 1.5 21 14 7 16 31% 303634 319 11%
c x 72.92 100 19 38 16390  1 449042 43444 1.5 21 14 7 16 31% 303634 319 11%
c 
c  seconds   reductions    conflicts         size   tier2        variables
c          MB      restarts       redundant     glue    trail        remaining
c           level        rate          size/glue  tier1   irredundant
c 
c O 74.87 100 19 38 16397  1 465057 54011 1.5 21 14 7 16 30% 303634 319 11%
c - 75.87 100 18 39 16398  1 473875 43536 1.5 21 14 7 16 29% 303634 319 11%
c p 75.89 100 18 39 16398  1 473875 43540 1.5 21 14 7 16 29% 303634 319 11%
c u 76.34 107 18 39 16398  1 473875 43527 1.5 21 14 7 16 29% 303634 319 11%
c v 76.38 107 18 39 16398  1 473875 43521 1.5 21 14 7 16 29% 303634 319 11%
c w 76.39 107 18 39 16398  1 473875 43519 1.5 21 14 7 16 29% 303634 319 11%
c x 76.43 107 18 39 16398  1 473875 43519 1.5 21 14 7 16 29% 303633 319 11%
c ] 77.97 107 18 39 16401  1 488093 52452 1.5 20 14 7 16 29% 303633 319 11%
c { 77.97 107 16 39 16401  2 488093 52452 1.5 18 12 5 12 26% 303633 319 11%
c # 79.28 107 16 39 16793  2 496058 57537 1.5 17 12 5 12 26% 303633 319 11%
c - 79.84 108 16 40 16874  2 499385 44580 1.5 17 12 5 12 26% 303633 319 11%
c p 79.85 108 16 40 16874  2 499385 44587 1.5 17 12 5 12 26% 303633 319 11%
c u 79.93 108 16 40 16874  2 499385 44551 1.5 17 12 5 12 26% 303633 319 11%
c v 79.96 108 16 40 16874  2 499385 44546 1.5 17 12 5 12 26% 303633 319 11%
c w 79.98 108 16 40 16874  2 499385 44546 1.5 17 12 5 12 26% 303633 319 11%
c x 80.01 108 16 40 16874  2 499385 44546 1.5 17 12 5 12 26% 303623 319 11%
c - 84.23 108 15 41 18297  2 525572 48006 1.5 17 12 5 12 27% 303623 319 11%
c p 84.25 108 15 41 18297  2 525572 48013 1.5 17 12 5 12 27% 303623 319 11%
c u 84.34 108 15 41 18297  2 525572 47994 1.5 17 12 5 12 27% 303623 319 11%
c v 84.38 108 15 41 18297  2 525572 47985 1.5 17 12 5 12 27% 303623 319 11%
c 
c  seconds   reductions    conflicts         size   tier2        variables
c          MB      restarts       redundant     glue    trail        remaining
c           level        rate          size/glue  tier1   irredundant
c 
c w 84.39 108 15 41 18297  2 525572 47971 1.5 17 12 5 12 27% 303623 319 11%
c x 84.45 108 15 41 18297  2 525572 47969 1.5 17 12 5 12 27% 303617 319 11%
c B 84.82 108 15 41 18300  1 528061 49485 1.5 17 12 5 12 27% 303617 319 11%
c } 88.54 108 15 41 20052  2 545681 61552 1.5 17 12 5 12 27% 303617 319 11%
c [ 88.54 108 18 41 20052  1 545681 61552 1.5 20 14 7 16 29% 303617 319 11%
c s 88.86 108 18 41 20053  1 547804 62903 1.5 20 14 7 16 28% 303595 319 11%
c s 88.97 108 18 41 20053  1 547804 62891 1.5 20 14 7 16 28% 303552 319 11%
c - 89.54 82 18 42 20056  1 552437 50612 1.5 20 14 7 16 29% 303552 319 11%
c p 89.56 82 18 42 20056  1 552437 50619 1.5 20 14 7 16 29% 303552 319 11%
c u 89.66 82 18 42 20056  1 552437 50598 1.5 20 14 7 16 29% 303552 319 11%
c v 89.70 82 18 42 20056  1 552437 50588 1.5 20 14 7 16 29% 303552 319 11%
c w 89.72 82 18 42 20056  1 552437 50580 1.5 20 14 7 16 29% 303552 319 11%
c x 89.77 82 18 42 20056  1 552437 50580 1.5 20 14 7 16 29% 303543 319 11%
c B 90.70 82 18 42 20061  1 561062 56600 1.5 20 14 7 16 29% 303543 319 11%
c - 92.93 108 18 43 20067  1 579979 51441 1.5 20 14 7 16 29% 303543 319 11%
c p 92.94 108 18 43 20067  1 579979 51448 1.5 20 14 7 16 29% 303543 319 11%
c u 93.03 108 18 43 20067  1 579979 51418 1.5 20 14 7 16 29% 303543 319 11%
c v 93.06 108 18 43 20067  1 579979 51407 1.5 20 14 7 16 29% 303543 319 11%
c w 93.08 108 18 43 20067  1 579979 51399 1.5 20 14 7 16 29% 303543 319 11%
c x 93.12 108 18 43 20067  1 579979 51398 1.5 20 14 7 16 29% 303535 319 11%
c 
c  seconds   reductions    conflicts         size   tier2        variables
c          MB      restarts       redundant     glue    trail        remaining
c           level        rate          size/glue  tier1   irredundant
c 
c W 96.27 108 18 43 20076  1 595063 62819 1.5 20 14 7 15 29% 303535 319 11%
c - 97.56 97 19 44 20079  1 608199 47788 1.4 21 15 7 15 28% 303535 319 11%
c p 97.57 97 19 44 20079  1 608199 47795 1.4 21 15 7 15 28% 303535 319 11%
c u 97.65 97 19 44 20079  1 608199 47776 1.4 21 15 7 15 28% 303535 319 11%
c v 97.68 97 19 44 20079  1 608199 47770 1.4 21 15 7 15 28% 303535 319 11%
c w 97.70 97 19 44 20079  1 608199 47767 1.4 21 15 7 15 28% 303535 319 11%
c x 97.74 97 19 44 20079  1 608199 47767 1.4 21 15 7 15 28% 303534 319 11%
c ] 98.89 97 19 44 20080  1 616090 53999 1.4 21 15 7 15 29% 303534 319 11%
c { 98.89 97 15 44 20080  2 616090 53999 1.5 17 12 5 12 27% 303534 319 11%
c W 101.36 97 15 44 20821  1 630064 63428 1.5 17 12 5 12 27% 303534 319 11%
c - 102.21 123 15 45 20849  1 637096 46574 1.5 17 12 5 12 27% 303534 319 11%
c p 102.23 123 15 45 20849  1 637096 46581 1.5 17 12 5 12 27% 303534 319 11%
c u 102.33 123 15 45 20849  1 637096 46556 1.5 17 12 5 12 27% 303534 319 11%
c v 102.37 123 15 45 20849  1 637096 46539 1.5 17 12 5 12 27% 303534 319 11%
c w 102.39 123 15 45 20849  1 637096 46538 1.5 17 12 5 12 27% 303534 319 11%
c x 102.44 123 15 45 20849  1 637096 46537 1.5 17 12 5 12 27% 303533 319 11%
c F 106.67 123 14 45 21816  1 666066 62586 1.5 17 11 5 11 26% 303533 319 11%
c - 106.84 123 14 46 21885  1 666671 51524 1.5 17 11 5 11 26% 303533 319 11%
c p 106.86 123 14 46 21885  1 666671 51531 1.5 17 11 5 11 26% 303533 319 11%
c u 106.95 123 14 46 21885  1 666671 51459 1.5 17 11 5 11 26% 303533 319 11%
c 
c  seconds    reductions    conflicts         size   tier2        variables
c           MB      restarts       redundant     glue    trail        remaining
c            level        rate          size/glue  tier1   irredundant
c 
c v 106.98 123 14 46 21885  1 666671 51448 1.5 17 11 5 11 26% 303533 319 11%
c w 107.00 123 14 46 21885  1 666671 51414 1.5 17 11 5 11 26% 303533 319 11%
c x 107.06 123 14 46 21885  1 666671 51414 1.5 17 11 5 11 26% 303529 319 11%
c } 111.20 123 14 46 24155  1 687049 64411 1.5 17 11 5 11 26% 303529 319 11%
c [ 111.20 123 19 46 24155  1 687049 64411 1.4 21 15 7 15 29% 303529 319 11%
c - 112.51 82 18 47 24155  1 696927 54644 1.4 21 14 7 15 29% 303529 319 11%
c p 112.53 82 18 47 24155  1 696927 54651 1.4 21 14 7 15 29% 303529 319 11%
c u 112.65 82 18 47 24155  1 696927 54583 1.4 21 14 7 15 29% 303529 319 11%
c v 112.69 82 18 47 24155  1 696927 54578 1.4 21 14 7 15 29% 303529 319 11%
c w 112.72 82 18 47 24155  1 696927 54535 1.4 21 14 7 15 29% 303529 319 11%
c x 112.78 82 18 47 24155  1 696927 54535 1.4 21 14 7 15 29% 303527 319 11%
c I 113.53 82 18 47 24156  1 703069 58364 1.4 21 14 7 15 28% 303527 319 11%
c s 114.00 93 18 47 24156  1 706115 60352 1.4 21 14 7 15 28% 303393 319 11%
c s 114.12 94 18 47 24156  1 706115 60310 1.4 21 14 7 15 28% 303280 319 11%
c - 116.63 94 18 48 24156  1 727863 53972 1.4 20 14 7 15 28% 303280 319 11%
c p 116.65 94 18 48 24156  1 727863 53979 1.4 20 14 7 15 28% 303280 319 11%
c u 117.13 107 18 48 24156  1 727863 53909 1.4 20 14 7 15 28% 303280 319 11%
c v 117.17 107 18 48 24156  1 727863 53902 1.4 20 14 7 15 28% 303280 319 11%
c w 117.19 107 18 48 24156  1 727863 53902 1.4 20 14 7 15 28% 303280 319 11%
c x 117.24 107 18 48 24156  1 727863 53902 1.4 20 14 7 15 28% 303278 319 11%
c 
c  seconds    reductions    conflicts         size   tier2        variables
c           MB      restarts       redundant     glue    trail        remaining
c            level        rate          size/glue  tier1   irredundant
c 
c B 118.70 107 17 48 24157  1 741070 62124 1.4 20 14 7 15 27% 303278 319 11%
c - 120.80 84 18 49 24157  1 759468 53407 1.5 20 14 7 15 28% 303278 319 11%
c p 120.82 84 18 49 24157  1 759468 53414 1.5 20 14 7 15 28% 303278 319 11%
c u 120.91 84 18 49 24157  1 759468 53317 1.5 20 14 7 15 28% 303278 319 11%
c v 120.95 84 18 49 24157  1 759468 53313 1.5 20 14 7 15 28% 303278 319 11%
c w 120.97 84 18 49 24157  1 759468 53312 1.5 20 14 7 15 28% 303278 319 11%
c x 121.02 84 18 49 24157  1 759468 53311 1.5 20 14 7 15 28% 303275 319 11%
c ] 122.29 84 18 49 24157  1 769659 60769 1.5 21 14 7 15 28% 303275 319 11%
c { 122.29 84 14 49 24157  1 769659 60769 1.5 17 11 5 11 26% 303275 319 11%
c B 124.01 86 14 49 24710  1 780073 67292 1.5 17 11 5 11 26% 303275 319 11%
c - 125.89 115 14 50 25124  1 791751 55736 1.5 16 11 5 11 26% 303275 319 11%
c p 125.91 115 14 50 25124  1 791751 55740 1.5 16 11 5 11 26% 303275 319 11%
c u 126.00 115 14 50 25124  1 791751 55567 1.5 16 11 5 11 26% 303275 319 11%
c v 126.05 115 14 50 25124  1 791751 55563 1.5 16 11 5 11 26% 303275 319 11%
c w 126.08 115 14 50 25124  1 791751 55563 1.5 16 11 5 11 26% 303275 319 11%
c x 126.13 115 14 50 25124  1 791751 55563 1.5 16 11 5 11 26% 303268 319 11%
c W 133.54 115 14 50 27573  1 820074 73615 1.5 17 11 5 11 26% 303268 319 11%
c - 134.50 115 14 51 27911  1 824715 60341 1.5 17 11 5 11 26% 303268 319 11%
c p 134.52 115 14 51 27911  1 824715 60348 1.5 17 11 5 11 26% 303268 319 11%
c u 134.63 115 14 51 27911  1 824715 60025 1.5 17 11 5 11 26% 303268 319 11%
c 
c  seconds    reductions    conflicts         size   tier2        variables
c           MB      restarts       redundant     glue    trail        remaining
c            level        rate          size/glue  tier1   irredundant
c 
c v 134.68 115 14 51 27911  1 824715 59995 1.5 17 11 5 11 26% 303268 319 11%
c w 134.71 115 14 51 27911  1 824715 59985 1.5 17 11 5 11 26% 303268 319 11%
c x 134.78 115 14 51 27911  1 824715 59984 1.5 17 11 5 11 26% 303266 319 11%
c } 139.26 115 15 51 30077  1 840220 70048 1.5 17 12 5 11 26% 303266 319 11%
c [ 139.26 115 18 51 30077  1 840220 70048 1.5 21 14 7 15 28% 303266 319 11%
c - 141.56 115 18 52 30077  1 858356 60571 1.5 20 14 7 15 28% 303266 319 11%
c p 141.58 115 18 52 30077  1 858356 60578 1.5 20 14 7 15 28% 303266 319 11%
c u 141.70 115 18 52 30077  1 858356 60449 1.5 20 14 7 15 28% 303266 319 11%
c v 141.75 115 18 52 30077  1 858356 60436 1.5 20 14 7 15 28% 303266 319 11%
c w 141.78 115 18 52 30077  1 858356 60435 1.5 20 14 7 15 28% 303266 319 11%
c x 141.85 115 18 52 30077  1 858356 60435 1.5 20 14 7 15 28% 303262 319 11%
c W 142.59 115 18 52 30077  1 861075 62272 1.5 20 14 7 15 28% 303262 319 11%
c s 145.57 115 18 52 30087  1 884187 78191 1.5 20 14 7 15 28% 303146 319 11%
c s 145.70 115 18 52 30087  1 884187 78162 1.5 20 14 7 15 28% 303000 319 11%
c - 146.78 89 18 53 30091  1 892676 58542 1.5 21 14 7 15 28% 303000 319 11%
c p 146.81 89 18 53 30091  1 892676 58549 1.5 21 14 7 15 28% 303000 319 11%
c u 146.91 89 18 53 30091  1 892676 58505 1.5 21 14 7 15 28% 303000 319 11%
c v 146.95 89 18 53 30091  1 892676 58500 1.5 21 14 7 15 28% 303000 319 11%
c w 146.97 89 18 53 30091  1 892676 58491 1.5 21 14 7 15 28% 303000 319 11%
c x 147.02 89 18 53 30091  1 892676 58491 1.5 21 14 7 15 28% 302998 319 11%
c 
c  seconds   reductions    conflicts         size   tier2        variables
c          MB      restarts       redundant     glue    trail        remaining
c           level        rate          size/glue  tier1   irredundant
c 
c O 148.31 89 18 53 30094  1 903078 66480 1.5 21 14 7 15 29% 302998 319 11%
c - 151.22 108 17 54 30107  1 927670 58443 1.5 20 14 7 15 28% 302998 319 11%
c p 151.24 108 17 54 30107  1 927670 58450 1.5 20 14 7 15 28% 302998 319 11%
c u 151.34 108 17 54 30107  1 927670 58408 1.5 20 14 7 15 28% 302998 319 11%
c v 151.38 108 17 54 30107  1 927670 58399 1.5 20 14 7 15 28% 302998 319 11%
c w 151.40 108 17 54 30107  1 927670 58398 1.5 20 14 7 15 28% 302998 319 11%
c x 151.45 108 17 54 30107  1 927670 58398 1.5 20 14 7 15 28% 302995 319 11%
c ] 152.15 108 17 54 30107  1 933462 61832 1.5 20 14 7 15 28% 302995 319 11%
c { 152.15 108 15 54 30107  1 933462 61832 1.5 17 12 5 11 26% 302995 319 11%
c # 153.83 108 14 54 30502  1 946079 69897 1.5 17 11 5 11 26% 302995 319 11%
c - 156.72 135 14 55 31523  1 963341 63659 1.5 17 11 5 11 26% 302995 319 11%
c p 156.74 135 14 55 31523  1 963341 63667 1.5 17 11 5 11 26% 302995 319 11%
c u 156.84 135 14 55 31523  1 963341 63621 1.5 17 11 5 11 26% 302995 319 11%
c v 156.89 135 14 55 31523  1 963341 63616 1.5 17 11 5 11 26% 302995 319 11%
c w 156.92 135 14 55 31523  1 963341 63614 1.5 17 11 5 11 26% 302995 319 11%
c x 156.97 135 14 55 31523  1 963341 63614 1.5 17 11 5 11 26% 302993 319 11%
c B 161.90 135 14 55 33806  1 990080 80097 1.5 17 12 5 11 26% 302993 319 11%
c - 164.25 108 14 56 35167  1 999690 69112 1.5 17 12 5 11 26% 302993 319 11%
c p 164.28 108 14 56 35167  1 999690 69119 1.5 17 12 5 11 26% 302993 319 11%
c u 164.42 108 14 56 35167  1 999690 69072 1.5 17 12 5 11 26% 302993 319 11%
c 
c  seconds    reductions    conflicts         size   tier2        variables
c           MB      restarts       redundant     glue    trail        remaining
c            level        rate          size/glue  tier1   irredundant
c 
c v 164.48 108 14 56 35167  1 999690 69059 1.5 17 12 5 11 26% 302993 319 11%
c w 164.51 108 14 56 35167  1 999690 69055 1.5 17 12 5 11 26% 302993 319 11%
c x 164.59 108 14 56 35167  1 999690 69055 1.5 17 12 5 11 26% 302989 319 11%
c } 167.93 108 15 56 36999  1 1018268 81149 1.5 17 12 5 11 26% 302989 319 11%
c [ 167.93 108 17 56 36999  1 1018268 81149 1.5 20 14 7 15 28% 302989 319 11%
c B 170.15 108 17 56 37000  1 1035082 92029 1.5 20 13 7 15 28% 302989 319 11%
c - 170.44 136 17 57 37001  1 1036720 70852 1.5 20 13 7 15 28% 302989 319 11%
c p 170.46 136 17 57 37001  1 1036720 70859 1.5 20 13 7 15 28% 302989 319 11%
c u 170.59 136 17 57 37001  1 1036720 70811 1.5 20 13 7 15 28% 302989 319 11%
c v 170.64 136 17 57 37001  1 1036720 70786 1.5 20 13 7 15 28% 302989 319 11%
c w 170.67 136 17 57 37001  1 1036720 70773 1.5 20 13 7 15 28% 302989 319 11%
c x 170.74 136 17 57 37001  1 1036720 70773 1.5 20 13 7 15 28% 302986 319 11%
c - 175.07 108 17 58 37019  1 1074429 68749 1.5 20 14 7 15 27% 302986 319 11%
c p 175.09 108 17 58 37019  1 1074429 68756 1.5 20 14 7 15 27% 302986 319 11%
c u 175.77 109 17 58 37019  1 1074429 68695 1.5 20 14 7 15 27% 302986 319 11%
c v 175.82 109 17 58 37019  1 1074429 68684 1.5 20 14 7 15 27% 302986 319 11%
c w 175.85 109 17 58 37019  1 1074429 68682 1.5 20 14 7 15 27% 302986 319 11%
c x 175.93 109 17 58 37019  1 1074429 68681 1.5 20 14 7 15 27% 302983 319 11%
c W 178.87 109 17 58 37022  1 1081085 73522 1.5 20 14 7 15 28% 302983 319 11%
c s 179.13 109 17 58 37022  1 1082021 74116 1.5 20 14 7 15 28% 302739 319 11%
c 
c  seconds    reductions     conflicts         size   tier2        variables
c           MB      restarts        redundant     glue    trail        remaining
c            level        rate           size/glue  tier1   irredundant
c 
c s 179.28 109 17 58 37022  1 1082021 74089 1.5 20 14 7 15 28% 302490 319 11%
c - 182.88 110 17 59 37031  1 1112818 65777 1.5 20 14 7 15 28% 302490 319 11%
c p 182.91 110 17 59 37031  1 1112818 65784 1.5 20 14 7 15 28% 302490 319 11%
c u 183.01 110 17 59 37031  1 1112818 65729 1.5 20 14 7 15 28% 302490 319 11%
c v 183.06 110 17 59 37031  1 1112818 65722 1.5 20 14 7 15 28% 302490 319 11%
c w 183.08 110 17 59 37031  1 1112818 65721 1.5 20 14 7 15 28% 302490 319 11%
c x 183.14 110 17 59 37031  1 1112818 65721 1.5 20 14 7 15 28% 302487 319 11%
c ] 184.36 110 17 59 37032  1 1124321 74067 1.5 20 14 7 15 28% 302487 319 11%
c { 184.36 110 15 59 37032  1 1124321 74067 1.5 17 12 5 11 26% 302487 319 11%
c W 185.45 110 15 59 37413  1 1128089 76420 1.5 17 12 5 11 26% 302487 319 11%
c - 188.24 137 14 60 37462  1 1151868 69550 1.5 17 11 5 11 26% 302487 319 11%
c p 188.27 137 14 60 37462  1 1151868 69557 1.5 17 11 5 11 26% 302487 319 11%
c u 188.39 137 14 60 37462  1 1151868 69494 1.5 17 11 5 11 26% 302487 319 11%
c v 188.46 137 14 60 37462  1 1151868 69485 1.5 17 11 5 11 26% 302487 319 11%
c w 188.49 137 14 60 37462  1 1151868 69484 1.5 17 11 5 11 26% 302487 319 11%
c x 188.57 137 14 60 37462  1 1151868 69484 1.5 17 11 5 11 26% 302479 319 11%
c F 192.00 137 14 60 38955  1 1176094 82218 1.4 16 11 5 11 25% 302479 319 11%
c - 195.19 137 14 61 40725  1 1191598 74250 1.4 16 11 5 11 25% 302479 319 11%
c p 195.22 137 14 61 40725  1 1191598 74259 1.4 16 11 5 11 25% 302479 319 11%
c u 195.37 137 14 61 40725  1 1191598 74185 1.4 16 11 5 11 25% 302479 319 11%
c 
c  seconds    reductions     conflicts         size   tier2        variables
c           MB      restarts        redundant     glue    trail        remaining
c            level        rate           size/glue  tier1   irredundant
c 
c v 195.43 137 14 61 40725  1 1191598 74128 1.4 16 11 5 11 25% 302479 319 11%
c w 195.47 137 14 61 40725  1 1191598 74127 1.4 16 11 5 11 25% 302479 319 11%
c x 195.56 137 14 61 40725  1 1191598 74127 1.4 16 11 5 11 25% 302476 319 11%
c i 197.06 137 13 61 40725  1 1201141 78603 1.4 16 11 5 11 25% 302476 318 11%
c i 198.44 137 13 61 41026  1 1207055 82084 1.4 16 11 5 11 25% 302476 317 11%
c B 201.31 137 13 61 41485  1 1225095 92905 1.5 16 11 5 11 25% 302476 317 11%
c - 203.06 137 13 62 42133  1 1232011 68405 1.5 16 11 5 11 25% 290143 317 11%
c 2 203.06 137 13 62 42133  1 1232011 68405 1.5 16 11 5 11 25% 290141 317 11%
c p 203.08 137 13 62 42133  1 1232011 68412 1.5 16 11 5 11 25% 290141 317 11%
c u 203.22 137 13 62 42133  1 1232011 68253 1.5 16 11 5 11 25% 290141 317 11%
c v 203.29 137 13 62 42133  1 1232011 68208 1.5 16 11 5 11 25% 290141 317 11%
c w 203.33 137 13 62 42133  1 1232011 68205 1.5 16 11 5 11 25% 290141 317 11%
c x 203.43 137 13 62 42133  1 1232011 68204 1.5 16 11 5 11 25% 290139 317 11%
c } 203.73 137 13 62 42236  1 1233285 68888 1.5 16 11 5 11 25% 290139 317 11%
c [ 203.73 137 17 62 42236  1 1233285 68888 1.5 20 14 7 15 28% 290139 317 11%
c - 208.12 137 16 63 42243  1 1272595 73317 1.5 19 13 7 15 27% 290139 317 11%
c p 208.14 137 16 63 42243  1 1272595 73324 1.5 19 13 7 15 27% 290139 317 11%
c u 208.25 137 16 63 42243  1 1272595 73256 1.5 19 13 7 15 27% 290139 317 11%
c v 208.29 137 16 63 42243  1 1272595 73240 1.5 19 13 7 15 27% 290139 317 11%
c w 208.32 137 16 63 42243  1 1272595 73197 1.5 19 13 7 15 27% 290139 317 11%
c 
c  seconds    reductions     conflicts         size   tier2        variables
c           MB      restarts        redundant     glue    trail        remaining
c            level        rate           size/glue  tier1   irredundant
c 
c x 208.38 137 16 63 42243  1 1272595 73196 1.5 19 13 7 15 27% 290133 317 11%
c I 208.79 137 16 63 42244  1 1275100 74594 1.5 19 13 7 15 27% 290133 317 11%
c s 212.57 137 15 63 42255  1 1299582 89287 1.5 18 12 7 15 27% 289740 317 11%
c e 212.62 137 15 63 42255  1 1299582 88842 1.5 18 12 7 15 27% 289734 312 11%
c s 212.73 137 15 63 42255  1 1299582 88815 1.5 18 12 7 15 27% 289374 312 11%
c - 214.73 137 15 64 42263  1 1313844 76376 1.5 19 12 7 15 27% 289374 312 11%
c p 214.75 137 15 64 42263  1 1313844 76383 1.5 19 12 7 15 27% 289374 312 11%
c u 214.87 137 15 64 42263  1 1313844 76235 1.5 19 12 7 15 27% 289374 312 11%
c v 214.93 137 15 64 42263  1 1313844 76197 1.5 19 12 7 15 27% 289374 312 11%
c w 214.96 137 15 64 42263  1 1313844 76172 1.5 19 12 7 15 27% 289374 312 11%
c x 215.05 137 15 64 42263  1 1313844 76172 1.5 19 12 7 15 27% 289367 312 11%
c B 216.62 137 15 64 42266  1 1326101 82527 1.5 18 12 6 14 27% 289367 312 11%
c ] 220.00 137 15 64 42273  1 1352717 98791 1.5 18 12 6 14 27% 289367 312 11%
c { 220.00 137 13 64 42273  1 1352717 98791 1.5 16 11 5 11 25% 289367 312 11%
c - 220.73 137 13 65 42637  1 1355723 77731 1.5 16 11 5 11 25% 289367 312 11%
c p 220.75 137 13 65 42637  1 1355723 77738 1.5 16 11 5 11 25% 289367 312 11%
c u 220.86 137 13 65 42637  1 1355723 77524 1.5 16 11 5 11 25% 289367 312 11%
c v 220.94 137 13 65 42637  1 1355723 77433 1.5 16 11 5 11 25% 289367 312 11%
c w 220.97 137 13 65 42637  1 1355723 77298 1.5 16 11 5 11 25% 289367 312 11%
c x 221.05 137 13 65 42637  1 1355723 77295 1.5 16 11 5 11 25% 289366 312 11%
c 
c  seconds    reductions     conflicts         size   tier2        variables
c           MB      restarts        redundant     glue    trail        remaining
c            level        rate           size/glue  tier1   irredundant
c 
c W 225.94 137 13 65 43719  1 1378102 90135 1.5 16 11 5 11 25% 289366 312 11%
c - 229.51 137 13 66 45333  1 1398264 80046 1.4 16 11 5 11 24% 289366 312 11%
c p 229.53 137 13 66 45333  1 1398264 80050 1.4 16 11 5 11 24% 289366 312 11%
c u 229.65 137 13 66 45333  1 1398264 79760 1.4 16 11 5 11 24% 289366 312 11%
c v 229.71 137 13 66 45333  1 1398264 79728 1.4 16 11 5 11 24% 289366 312 11%
c w 229.74 137 13 66 45333  1 1398264 79725 1.4 16 11 5 11 24% 289366 312 11%
c x 229.82 137 13 66 45333  1 1398264 79723 1.4 16 11 5 11 24% 289365 312 11%
c # 235.01 137 13 66 46640  1 1431103 98334 1.5 16 11 5 11 24% 289365 312 11%
c - 237.14 137 13 67 47804  1 1441468 83642 1.5 16 11 5 11 24% 289365 312 11%
c p 237.16 137 13 67 47804  1 1441468 83649 1.5 16 11 5 11 24% 289365 312 11%
c u 237.29 137 13 67 47804  1 1441468 83590 1.5 16 11 5 11 24% 289365 312 11%
c v 237.35 137 13 67 47804  1 1441468 83563 1.5 16 11 5 11 24% 289365 312 11%
c w 237.39 137 13 67 47804  1 1441468 83538 1.5 16 11 5 11 24% 289365 312 11%
c x 237.48 137 13 67 47804  1 1441468 83538 1.5 16 11 5 11 24% 289364 312 11%
c } 242.68 137 13 67 50064  1 1465594 98149 1.5 16 11 5 11 24% 289364 312 11%
c [ 242.68 137 15 67 50064  1 1465594 98149 1.5 18 12 6 14 27% 289364 312 11%
c W 246.08 137 14 67 50073  1 1485107 109306 1.5 18 12 6 14 26% 289364 312 11%
c - 246.17 137 14 68 50073  1 1485334 87819 1.5 18 12 6 14 26% 289364 312 11%
c p 246.19 137 14 68 50073  1 1485334 87826 1.5 18 12 6 14 26% 289364 312 11%
c u 246.36 137 14 68 50073  1 1485334 87780 1.5 18 12 6 14 26% 289364 312 11%
c 
c  seconds    reductions     conflicts         size   tier2        variables
c           MB      restarts        redundant     glue    trail        remaining
c            level        rate           size/glue  tier1   irredundant
c 
c v 246.42 137 14 68 50073  1 1485334 87764 1.5 18 12 6 14 26% 289364 312 11%
c w 246.45 137 14 68 50073  1 1485334 87755 1.5 18 12 6 14 26% 289364 312 11%
c x 246.53 137 14 68 50073  1 1485334 87751 1.5 18 12 6 14 26% 289348 312 11%
c - 252.57 137 14 69 50089  1 1529862 90882 1.5 18 12 6 14 27% 289348 312 11%
c p 252.59 137 14 69 50089  1 1529862 90889 1.5 18 12 6 14 27% 289348 312 11%
c u 253.40 137 14 69 50089  1 1529862 90820 1.5 18 12 6 14 27% 289348 312 11%
c v 253.46 137 14 69 50089  1 1529862 90808 1.5 18 12 6 14 27% 289348 312 11%
c w 253.49 137 14 69 50089  1 1529862 90797 1.5 18 12 6 14 27% 289348 312 11%
c x 253.55 137 14 69 50089  1 1529862 90794 1.5 18 12 6 14 27% 289327 312 11%
c s 254.51 137 14 69 50089  1 1536156 94049 1.5 17 12 6 14 26% 288423 312 11%
c s 254.70 137 14 69 50089  1 1536156 94021 1.5 17 12 6 14 26% 287229 312 11%
c O 255.29 137 14 69 50089  1 1540109 96213 1.5 17 11 6 14 26% 287229 312 11%
c - 259.88 80 14 70 50091  1 1575051 93417 1.5 17 11 6 14 26% 287229 312 11%
c p 259.91 80 14 70 50091  1 1575051 93424 1.5 17 11 6 14 26% 287229 312 11%
c u 260.04 82 14 70 50091  1 1575051 93383 1.5 17 11 6 14 26% 287229 312 11%
c v 260.10 82 14 70 50091  1 1575051 93231 1.5 17 11 6 14 26% 287229 312 11%
c w 260.13 82 14 70 50091  1 1575051 93213 1.5 17 11 6 14 26% 287229 312 11%
c x 260.20 82 14 70 50091  1 1575051 93210 1.5 17 11 6 14 26% 287215 312 11%
c ] 262.45 82 14 70 50091  1 1593072 104805 1.5 18 12 6 14 26% 287215 312 11%
c { 262.45 82 13 70 50091  1 1593072 104805 1.5 16 11 5 11 24% 287215 312 11%
c 
c  seconds   reductions     conflicts          size   tier2        variables
c          MB      restarts        redundant      glue    trail        remaining
c           level        rate            size/glue  tier1   irredundant
c 
c B 262.82 82 13 70 50118  1 1596110 106513 1.5 16 11 5 11 24% 287215 312 11%
c - 266.67 113 13 71 50645  1 1620807 97349 1.5 16 11 5 11 24% 287215 312 11%
c p 266.70 113 13 71 50645  1 1620807 97356 1.5 16 11 5 11 24% 287215 312 11%
c u 266.83 113 13 71 50645  1 1620807 97249 1.5 16 11 5 11 24% 287215 312 11%
c v 266.91 113 13 71 50645  1 1620807 97145 1.5 16 11 5 11 24% 287215 312 11%
c w 266.95 113 13 71 50645  1 1620807 97142 1.5 16 11 5 11 24% 287215 312 11%
c x 267.05 113 13 71 50645  1 1620807 97137 1.5 16 11 5 11 24% 287191 312 11%
c i 268.20 113 12 71 50717  1 1628023 100291 1.5 15 10 5 11 24% 287191 311 10%
c W 273.50 87 12 71 52074  1 1653111 84369 1.5 15 10 5 11 24% 262221 311 10%
c - 275.97 110 12 72 53334  1 1667219 74869 1.4 15 10 5 11 24% 262221 311 10%
c p 275.99 110 12 72 53334  1 1667219 74876 1.4 15 10 5 11 24% 262221 311 10%
c u 276.13 110 12 72 53334  1 1667219 74776 1.4 15 10 5 11 24% 262221 311 10%
c v 276.20 110 12 72 53334  1 1667219 74759 1.4 15 10 5 11 24% 262221 311 10%
c w 276.23 110 12 72 53334  1 1667219 74688 1.4 15 10 5 11 24% 262221 311 10%
c x 276.32 110 12 72 53334  1 1667219 74687 1.4 15 10 5 11 24% 262195 311 10%
c F 282.79 110 12 72 55515  1 1711112 97022 1.4 15 10 5 11 24% 262195 311 10%
c - 283.14 135 12 73 55516  1 1713015 84034 1.4 15 10 5 11 24% 262195 311 10%
c p 283.16 135 12 73 55516  1 1713015 84041 1.4 15 10 5 11 24% 262195 311 10%
c u 283.28 135 12 73 55516  1 1713015 83966 1.4 15 10 5 11 24% 262195 311 10%
c v 283.33 135 12 73 55516  1 1713015 83933 1.4 15 10 5 11 24% 262195 311 10%
c 
c  seconds    reductions     conflicts         size   tier2        variables
c           MB      restarts        redundant     glue    trail        remaining
c            level        rate           size/glue  tier1   irredundant
c 
c w 283.36 135 12 73 55516  1 1713015 83924 1.4 15 10 5 11 24% 262195 311 10%
c x 283.44 135 12 73 55516  1 1713015 83921 1.4 15 10 5 11 24% 262183 311 10%
c } 286.73 135 12 73 57040  1 1733178 94777 1.4 15 10 5 11 24% 262183 311 10%
c [ 286.73 135 14 73 57040  1 1733178 94777 1.5 18 12 6 14 26% 262183 311 10%
c - 290.00 135 13 74 57040  1 1759432 92078 1.5 17 11 6 14 26% 262183 311 10%
c p 290.03 135 13 74 57040  1 1759432 92085 1.5 17 11 6 14 26% 262183 311 10%
c u 290.18 135 13 74 57040  1 1759432 92020 1.5 17 11 6 14 26% 262183 311 10%
c v 290.24 135 13 74 57040  1 1759432 91819 1.5 17 11 6 14 26% 262183 311 10%
c w 290.27 135 13 74 57040  1 1759432 91812 1.5 17 11 6 14 26% 262183 311 10%
c x 290.36 135 13 74 57040  1 1759432 91811 1.5 17 11 6 14 26% 262159 311 10%
c t 290.36 135 13 74 57040  1 1759432 91807 1.5 17 11 6 14 26% 262159 311 10%
c B 291.72 135 13 74 57040  1 1770116 96814 1.5 17 11 6 14 25% 262159 311 10%
c i 292.67 135 13 74 57040  1 1776407 99800 1.5 17 11 6 14 25% 262159 310 10%
c s 294.73 135 13 74 57041  1 1792164 107226 1.5 16 11 6 14 25% 258180 310 10%
c e 294.77 135 13 74 57041  1 1792164 105150 1.5 16 11 6 14 25% 231971 306 10%
c s 294.94 135 13 74 57041  1 1792164 105093 1.5 16 11 6 14 25% 228937 306 10%
c i 295.26 135 12 74 57041  1 1794310 105769 1.5 16 11 6 14 25% 228937 301 10%
c i 295.36 135 12 74 57041  1 1795004 106080 1.5 16 11 6 14 25% 228937 298 10%
c i 295.41 135 12 74 57041  1 1795366 106189 1.5 16 11 6 14 25% 228937 297 10%
c i 295.46 135 12 74 57041  1 1795799 106352 1.5 16 11 6 14 25% 228937 252  9%
c 
c  seconds    reductions     conflicts          size   tier2        variables
c           MB      restarts        redundant      glue    trail        remaining
c            level        rate            size/glue  tier1   irredundant
c 
c ] 295.47 135 12 74 57041  1 1795824 106363 1.5 16 11 6 14 25% 228937 244  8%
c 0 295.47 135 12 74 57041  1 1795824 106363 1.5 16 11 6 14 25% 228937 244  8%
c 
c --- [ closing proof ] ------------------------------------------------------
c 
c LRAT proof file '/root/earth-moon/lean/data/a4_m04c/leaf13.lrat' closed
c LRAT 2323559 added clauses 50.27%
c LRAT 2298299 deleted clauses 49.73%
c LRAT 438745461 bytes (418.42 MB)
c 
c --- [ result ] -------------------------------------------------------------
c 
s UNSATISFIABLE
c 
c --- [ run-time profiling ] -------------------------------------------------
c 
c process time taken by individual solving procedures
c (percentage relative to process time for solving)
c 
c       276.01   93.48% search
c       150.23   50.88% unstable
c       112.11   37.97% stable
c        19.25    6.52% simplify
c        13.62    4.61% walk
c        11.70    3.96% vivify
c         3.07    1.04% sweep
c         1.83    0.62% subsume
c         0.96    0.32% elim
c         0.65    0.22% probe
c         0.33    0.11% ternary
c         0.21    0.07% parse
c         0.20    0.07% congruence
c         0.05    0.02% lucky
c         0.00    0.00% backbone
c   =================================
c       295.26   99.93% solve
c 
c last line shows process time for solving
c (percentage relative to total process time)
c 
c --- [ statistics ] ---------------------------------------------------------
c 
c chronological:            203454        11.33 %  of conflicts
c conflicts:               1795824      6082.16    per second
c backbone:                 111577      3764.41 %  of vars
c decisions:               2192355      7425.14    per second
c eliminated:                 2231        75.27 %  of all variables
c fixed:                       488        16.46 %  of all variables
c learned:                 1762211        98.13 %  per conflict
c learned_lits:           44971292       100.00 %  learned literals
c minimized:                     0         0.00 %  learned literals
c shrunken:               10829989        24.08 %  learned literals
c minishrunken:            2729090         6.07 %  learned literals
c otfs:                      12219         0.68 %  of conflict
c propagations:           26209739         0.09 M  per second
c reduced:                  986900        54.96 %  per conflict
c rephased:                     59     30437.69    interval
c restarts:                  57041        31.48    interval
c stabilizing:                  18        52.57 %  of conflicts
c substituted:                   1         0.03 %  of all variables
c subsumed:                 637320        30.62 %  of all clauses
c strengthened:              99885         4.80 %  of all clauses
c ticks:               18337365273       714.31    propagation
c vivified:                  10091         0.48 %  of all clauses
c walked:                       18     99768.00    interval
c weakened:                   5410         2.51    average size
c congruence:                   11    163256.73    interval
c 
c seconds are measured in process time for solving
c 
c --- [ glue usage ] ---------------------------------------------------------
c 
c focused glue 5 used 180110 clauses 6.780% accumulated 56.34% tier1
c focused glue 6 used 143316 clauses 5.395% accumulated 61.73%
c focused glue 7-9 used 424152 clauses 15.96% accumulated 77.70%
c focused glue 10 used 133500 clauses 5.026% accumulated 82.73%
c focused glue 11 used 114406 clauses 4.307% accumulated 87.03% tier2
c 
c stable glue 6 used 150271 clauses 4.668% accumulated 52.71% tier1
c stable glue 7 used 135406 clauses 4.206% accumulated 56.92%
c stable glue 8-12 used 759213 clauses 23.58% accumulated 80.51%
c stable glue 13 used 133736 clauses 4.154% accumulated 84.66%
c stable glue 14 used 118395 clauses 3.678% accumulated 88.34% tier2
c 
c 
c --- [ resources ] ----------------------------------------------------------
c 
c total process time since initialization:       295.47    seconds
c total real time since initialization:          295.49    seconds
c maximum resident set size of process:          151.37    MB
c 
c --- [ shutting down ] ------------------------------------------------------
c 
c exit 20
