c --- [ banner ] -------------------------------------------------------------
c 
c CaDiCaL SAT Solver
c Copyright (c) 2016-2026
c A. Biere, M. Fleury, N. Froleyks, K. Fazekas, F. Pollitt, T. Faller
c JKU Linz, University of Freiburg, TU Wien
c 
c Version 3.0.1 c60730422e758ef1cebe7aeddf2dda31c996bf04
c g++ (Ubuntu 13.3.0-6ubuntu2~24.04.1) 13.3.0 -Wall -Wextra -O3 -DNDEBUG
c Fri Oct 2 18:00:09 UTC 2026 Linux ai-math 6.8.0-139-generic x86_64
c 
c --- [ proof tracing ] ------------------------------------------------------
c 
c opening file to write '/root/earth-moon/lean/data/a4_m04c/leaf10.lrat'
c writing non-binary proof trace to '/root/earth-moon/lean/data/a4_m04c/leaf10.lrat'
c 
c --- [ parsing input ] ------------------------------------------------------
c 
c reading DIMACS file from '/root/earth-moon/lean/data/a4_m04c/leaf10.cnf'
c opening file to read '/root/earth-moon/lean/data/a4_m04c/leaf10.cnf'
c found 'p cnf 2964 306499' header
c parsed 306499 clauses in 0.22 seconds process time
c 
c --- [ options ] ------------------------------------------------------------
c 
c   --binary=false                 (different from default 'true')
c   --lrat=true                    (different from default 'false')
c 
c --- [ solving ] ------------------------------------------------------------
c 
c time measured in process time since initialization
c 
c  seconds  reduction conflicts       size tier2       variables
c         MB    restarts   redundant    glue  trail         remaining
c          level     rate       size/glu tier1  irredundant
c 
c *  0.22 43  0 0   0  0    0    0 0.0 0 0 2 6  0% 306352 2923 99%
c )  0.27 63  0 0   0  0    0    0 0.0 0 0 2 6  0% 306352 2923 99%
c {  0.27 64  0 0   0  0    0    0 0.0 0 0 2 6  0% 306352 2923 99%
c i  0.29 65 1295 0   0 28  115   63 1.6 12 8 2 6 49% 306314 2922 99%
c i  0.29 65 1294 0   0 28  116   63 1.6 12 7 2 6 49% 306314 2921 99%
c i  0.29 65 1293 0   0 27  118   63 1.6 12 7 2 6 49% 306313 2918 98%
c -  0.34 64 1069 1  13 13  300  149 2.3 17 7 2 6 46% 306280 2918 98%
c i  0.34 64 1051 1  14 13  306  152 2.3 16 7 2 6 45% 306279 2916 98%
c i  0.37 65 860 1  22 12  377  178 2.2 16 7 2 6 39% 306240 2915 98%
c i  0.39 66 800 1  27 12  407  193 2.1 16 8 2 6 37% 306229 2914 98%
c i  0.48 67 548 1  76 11  606  312 1.7 18 11 2 6 30% 306158 2911 98%
c i  0.49 67 547 1  76 11  607  312 1.7 18 11 2 6 30% 306158 2910 98%
c i  0.51 68 506 1  90 11  658  334 1.7 18 11 2 6 29% 306133 2908 98%
c i  0.51 68 505 1  90 11  659  334 1.7 18 11 2 6 29% 306133 2907 98%
c i  0.51 68 503 1  91 11  663  335 1.7 18 11 2 6 28% 306131 2904 98%
c -  0.58 92 355 2  93  8  944  304 1.6 14 9 2 6 23% 306087 2904 98%
c }  0.58 92 333 2  93  8 1005  317 1.6 14 9 2 6 22% 306086 2904 98%
c [  0.58 92  0 2  93  0 1005  317 0.0 0 0 2 6  0% 306086 2904 98%
c O  0.58 92  3 2  93  4 1006  318 2.0 2 1 2 6 17% 306086 2904 98%
c i  0.59 92  6 2  93  1 1121  353 1.4 6 5 2 6 21% 306085 2889 97%
c 
c  seconds  reduction conflicts       size   tier2       variables
c         MB    restarts   redundant     glue   trail         remaining
c          level     rate       size/glue  tier1  irredundant
c 
c ]  0.72 92 36 2  93  1 2065 1193 2.1 25 12 2 6 32% 306068 2889 97%
c {  0.72 92 333 2  93  8 2065 1193 1.6 14 9 2 6 22% 306068 2889 97%
c -  0.79 92 327 3  96  8 2085  468 1.6 14 9 2 6 22% 305867 2889 97%
c i  0.84 92 306 3 114  8 2163  514 1.5 14 9 2 6 22% 305839 2888 97%
c i  0.84 92 306 3 115  8 2164  514 1.5 14 9 2 6 22% 305839 2886 97%
c i  0.86 92 298 3 122  8 2198  537 1.5 15 10 2 6 22% 305831 2885 97%
c i  0.86 92 298 3 122  8 2199  537 1.5 15 10 2 6 22% 305831 2884 97%
c i  0.99 92 255 3 174  8 2416  692 1.4 16 11 2 6 20% 305790 2880 97%
c i  1.00 92 248 3 183  8 2460  716 1.4 16 11 2 6 20% 305775 2879 97%
c i  1.00 92 248 3 183  8 2461  716 1.4 16 11 2 6 20% 305775 2878 97%
c i  1.05 92 231 3 214  8 2580  802 1.4 17 12 2 6 20% 305762 2877 97%
c i  1.08 92 222 3 231  8 2646  844 1.4 17 12 2 6 20% 305748 2873 97%
c i  1.14 92 207 3 262  8 2776  952 1.4 17 12 2 6 19% 305741 2825 95%
c i  1.14 92 204 3 266  8 2806  961 1.4 17 12 2 6 19% 305727 2789 94%
c O  1.22 92 186 3 309  8 3009 1097 1.4 17 13 2 6 19% 305681 2789 94%
c 2  1.22 92 185 3 309  8 3011 1098 1.4 17 13 2 6 19% 305681 2779 94%
c d  1.24 92 185 3 309  8 3011 1082 1.4 17 13 2 6 19% 305543 2778 94%
c p  1.24 92 185 3 309  8 3011 1116 1.4 17 13 2 6 19% 305543 2769 93%
c t  1.36 93 185 3 309  8 3011 1109 1.4 17 13 2 6 19% 305541 2760 93%
c i  1.49 93 163 3 383  7 3326 1347 1.3 18 14 2 6 19% 305525 2749 93%
c 
c  seconds   reduction conflicts       size   tier2       variables
c         MB     restarts   redundant     glue   trail         remaining
c           level     rate       size/glue  tier1  irredundant
c 
c i  1.56 93 152 3 420  7 3499 1490 1.3 19 14 2 6 19% 305518 2748 93%
c i  1.57 93 151 3 425  7 3520 1504 1.3 19 14 2 6 19% 305514 2711 91%
c -  1.65 89 139 4 427  6 3779  716 1.4 19 13 2 6 19% 305459 2711 91%
c }  1.80 89 105 4 440  5 4829 1579 1.4 19 13 2 6 20% 305455 2711 91%
c [  1.80 89 36 4 440  1 4829 1579 2.1 25 12 2 6 32% 305455 2711 91%
c 2  1.93 89 31 4 441  1 5512 2123 1.8 24 13 11 15 28% 305455 2705 91%
c I  1.99 89 30 4 442  1 6013 2505 1.7 24 14 11 15 26% 305455 2705 91%
c -  2.05 111 30 5 442  1 6063 1030 1.7 23 14 10 17 26% 305443 2705 91%
c 2  2.20 111 24 5 443  1 8119 2557 1.6 21 13 7 16 23% 305443 2695 91%
c -  2.37 134 24 6 443  1 8956 1446 1.6 21 13 7 16 23% 305425 2695 91%
c B  2.49 134 24 6 444  1 10014 2272 1.6 22 14 8 16 22% 305425 2695 91%
c ]  2.64 134 24 6 445  1 10808 2875 1.5 22 14 8 16 22% 305393 2695 91%
c {  2.64 134 105 6 445  5 10808 2875 1.4 19 13 2 6 20% 305393 2695 91%
c 2  2.64 134 105 6 448  5 10816 2881 1.4 19 13 2 6 20% 305393 2690 91%
c -  3.04 134 78 7 534  4 12468 1700 1.5 19 13 2 6 20% 305381 2690 91%
c s  3.26 134 69 7 552  3 13424 2412 1.5 19 13 5 15 20% 305363 2690 91%
c t  3.27 134 69 7 552  3 13424 2410 1.5 19 13 5 15 20% 305344 2690 91%
c e  3.31 134 69 7 552  3 13424 2189 1.5 19 13 5 15 20% 301073 333 11%
c s  3.32 134 69 7 552  3 13424 2188 1.5 19 13 5 15 20% 301070 333 11%
c 2  3.44 134 68 7 559  3 13601 2326 1.5 19 13 5 15 30% 301070 333 11%
c 
c  seconds   reductions conflicts       size   tier2        variables
c          MB    restarts    redundant     glue    trail        remaining
c           level     rate        size/glue  tier1   irredundant
c 
c u  3.50 134 68 7 559  3 13601 2283 1.5 19 13 5 15 30% 301070 333 11%
c v  3.51 134 68 7 559  3 13601 2277 1.5 19 13 5 15 30% 301070 333 11%
c w  3.52 134 68 7 559  3 13601 2273 1.5 19 13 5 15 30% 301070 333 11%
c x  3.54 134 68 7 559  3 13601 2273 1.5 19 13 5 15 30% 301069 333 11%
c t  3.54 134 68 7 559  3 13601 2270 1.5 19 13 5 15 30% 301068 333 11%
c #  3.75 134 58 7 612  3 15015 3133 1.5 18 12 5 15 27% 301068 333 11%
c -  3.91 134 50 8 640  3 16613 3323 1.5 17 11 5 15 25% 301068 333 11%
c i  3.94 134 50 8 640  3 16734 3351 1.5 17 11 5 15 25% 301084 332 11%
c }  4.90 134 43 8 1162  3 19615 5601 1.4 17 12 5 15 26% 301084 332 11%
c [  4.90 134 24 8 1162  1 19615 5601 1.5 22 14 8 16 197% 301084 332 11%
c W  5.20 134 24 8 1163  1 21016 5762 1.5 22 14 8 16 168% 299925 332 11%
c -  5.27 134 24 9 1163  1 21377 4791 1.5 22 14 8 16 163% 299925 332 11%
c p  5.28 134 24 9 1163  1 21377 4799 1.5 22 14 8 16 163% 299925 332 11%
c -  5.77 134 24 10 1165  1 26775 6635 1.5 22 15 8 17 111% 299925 332 11%
c t  5.78 134 24 10 1165  1 26775 6635 1.5 22 15 8 17 111% 299924 332 11%
c O  5.90 134 24 10 1166  1 28017 7535 1.5 22 15 8 17 104% 299924 332 11%
c -  6.32 134 22 11 1169  1 32815 8423 1.5 21 14 8 17 85% 299924 332 11%
c u  6.37 134 22 11 1169  1 32815 8366 1.5 21 14 8 17 85% 299924 332 11%
c v  6.39 134 22 11 1169  1 32815 8363 1.5 21 14 8 17 85% 299924 332 11%
c w  6.40 134 22 11 1169  1 32815 8362 1.5 21 14 8 17 85% 299924 332 11%
c 
c  seconds   reductions   conflicts       size   tier2        variables
c          MB     restarts     redundant     glue    trail        remaining
c           level       rate        size/glue  tier1   irredundant
c 
c x  6.41 134 22 11 1169  1 32815 8362 1.5 21 14 8 17 85% 299921 332 11%
c B  6.71 134 22 11 1170  1 36018 10934 1.5 21 14 8 17 77% 299921 332 11%
c ]  6.78 134 22 11 1170  1 36933 11710 1.5 21 14 8 17 75% 299921 332 11%
c {  6.78 134 43 11 1170  3 36933 11710 1.4 17 12 5 15 26% 299921 332 11%
c -  7.57 134 39 12 1574  3 39503 9473 1.4 18 12 5 14 26% 299921 332 11%
c p  7.58 134 39 12 1574  3 39503 9483 1.4 18 12 5 14 26% 299921 332 11%
c B  8.48 134 33 12 2028  3 45020 13138 1.4 18 12 5 14 25% 299921 332 11%
c -  8.92 134 31 13 2172  2 46840 10582 1.4 18 12 5 14 25% 299921 332 11%
c p  8.93 134 31 13 2172  2 46840 10589 1.4 18 12 5 14 25% 299921 332 11%
c u  9.12 134 31 13 2172  2 46840 10558 1.4 18 12 5 14 25% 299921 332 11%
c v  9.13 134 31 13 2172  2 46840 10555 1.4 18 12 5 14 25% 299921 332 11%
c w  9.14 134 31 13 2172  2 46840 10555 1.4 18 12 5 14 25% 299921 332 11%
c x  9.16 134 31 13 2172  2 46840 10553 1.4 18 12 5 14 25% 299917 332 11%
c s 10.02 134 28 13 2475  2 52707 14978 1.5 18 12 5 14 27% 299909 332 11%
c e 10.06 134 28 13 2475  2 52707 14854 1.5 18 12 5 14 27% 299906 329 11%
c s 10.08 134 28 13 2475  2 52707 14850 1.5 18 12 5 14 27% 299901 329 11%
c } 10.12 134 28 13 2475  2 52732 14860 1.5 18 12 5 14 27% 299901 329 11%
c [ 10.12 134 22 13 2475  1 52732 14860 1.5 21 14 8 17 75% 299901 329 11%
c - 10.48 90 22 14 2476  1 54830 12071 1.5 22 15 8 17 71% 299901 329 11%
c p 10.50 90 22 14 2476  1 54830 12074 1.5 22 15 8 17 71% 299901 329 11%
c 
c  seconds  reductions   conflicts        size   tier2        variables
c         MB     restarts      redundant     glue    trail        remaining
c          level       rate         size/glue  tier1   irredundant
c 
c W 10.88 90 22 14 2476  1 55022 12235 1.5 22 15 8 17 71% 299901 329 11%
c - 11.84 90 23 15 2478  1 63475 12718 1.5 23 15 8 17 60% 299901 329 11%
c p 11.85 90 23 15 2478  1 63475 12725 1.5 23 15 8 17 60% 299901 329 11%
c u 11.90 90 23 15 2478  1 63475 12627 1.5 23 15 8 17 60% 299901 329 11%
c v 11.91 90 23 15 2478  1 63475 12622 1.5 23 15 8 17 60% 299901 329 11%
c w 11.92 90 23 15 2478  1 63475 12622 1.5 23 15 8 17 60% 299901 329 11%
c x 11.94 90 23 15 2478  1 63475 12621 1.5 23 15 8 17 60% 299897 329 11%
c I 12.22 90 23 15 2480  1 66024 14490 1.5 23 15 8 17 58% 299897 329 11%
c ] 12.90 90 22 15 2483  1 72688 19404 1.5 22 15 9 17 53% 299897 329 11%
c { 12.90 90 28 15 2483  2 72688 19404 1.5 18 12 5 14 27% 299897 329 11%
c - 12.97 90 28 16 2505  2 72781 11933 1.5 18 12 5 14 27% 299897 329 11%
c p 12.98 90 28 16 2505  2 72781 11936 1.5 18 12 5 14 27% 299897 329 11%
c W 14.05 90 26 16 2991  2 78026 15530 1.5 18 12 5 14 26% 299897 329 11%
c - 14.89 113 25 17 3320  2 82741 13685 1.5 18 12 5 14 26% 299897 329 11%
c p 14.90 113 25 17 3320  2 82741 13692 1.5 18 12 5 14 26% 299897 329 11%
c u 14.99 113 25 17 3320  2 82741 13673 1.5 18 12 5 14 26% 299897 329 11%
c v 15.01 113 25 17 3320  2 82741 13667 1.5 18 12 5 14 26% 299897 329 11%
c w 15.02 113 25 17 3320  2 82741 13664 1.5 18 12 5 14 26% 299897 329 11%
c x 15.04 113 25 17 3320  2 82741 13662 1.5 18 12 5 14 26% 299894 329 11%
c F 16.20 113 23 17 3801  2 91028 18908 1.4 18 12 5 14 25% 299894 329 11%
c 
c  seconds   reductions   conflicts        size   tier2        variables
c          MB     restarts      redundant     glue    trail        remaining
c           level       rate         size/glue  tier1   irredundant
c 
c - 16.74 113 23 18 3935  2 93361 15633 1.4 18 12 5 14 25% 299894 329 11%
c p 16.75 113 23 18 3935  2 93361 15636 1.4 18 12 5 14 25% 299894 329 11%
c } 18.54 113 22 18 4663  2 100345 20851 1.4 18 12 5 14 25% 299894 329 11%
c [ 18.54 113 22 18 4663  1 100345 20851 1.5 22 15 9 17 53% 299894 329 11%
c - 19.09 113 22 19 4666  1 104644 17754 1.5 22 15 9 17 50% 299894 329 11%
c p 19.10 113 22 19 4666  1 104644 17764 1.5 22 15 9 17 50% 299894 329 11%
c u 19.18 113 22 19 4666  1 104644 17728 1.5 22 15 9 17 50% 299894 329 11%
c v 19.21 113 22 19 4666  1 104644 17720 1.5 22 15 9 17 50% 299894 329 11%
c w 19.22 113 22 19 4666  1 104644 17717 1.5 22 15 9 17 50% 299894 329 11%
c x 19.26 113 22 19 4666  1 104644 17716 1.5 22 15 9 17 50% 299893 329 11%
c B 19.33 113 22 19 4666  1 105030 18003 1.5 22 15 9 17 50% 299893 329 11%
c s 19.98 113 22 19 4670  1 111701 23375 1.5 22 15 9 17 47% 299876 329 11%
c s 20.05 113 22 19 4670  1 111701 23353 1.5 22 15 9 17 47% 299859 329 11%
c - 20.46 113 22 20 4671  1 116588 18350 1.5 22 15 9 17 45% 299859 329 11%
c W 21.15 113 22 20 4671  1 120031 20300 1.4 22 15 9 17 44% 299859 329 11%
c - 21.99 90 22 21 4672  1 129194 16382 1.4 22 16 9 17 41% 299859 329 11%
c p 22.00 90 22 21 4672  1 129194 16392 1.4 22 16 9 17 41% 299859 329 11%
c u 22.06 90 22 21 4672  1 129194 16347 1.4 22 16 9 17 41% 299859 329 11%
c v 22.08 90 22 21 4672  1 129194 16345 1.4 22 16 9 17 41% 299859 329 11%
c w 22.09 90 22 21 4672  1 129194 16341 1.4 22 16 9 17 41% 299859 329 11%
c 
c  seconds  reductions   conflicts         size   tier2        variables
c         MB     restarts       redundant     glue    trail        remaining
c          level       rate          size/glue  tier1   irredundant
c 
c x 22.12 90 22 21 4672  1 129194 16335 1.4 22 16 9 17 41% 299848 329 11%
c O 22.90 90 22 21 4672  1 136034 20788 1.4 22 16 9 17 39% 299848 329 11%
c ] 23.14 90 21 21 4672  1 137875 21844 1.4 22 16 9 18 39% 299848 329 11%
c { 23.14 90 22 21 4672  2 137875 21844 1.4 18 12 5 14 25% 299848 329 11%
c - 23.82 113 21 22 4704  2 142464 18133 1.5 18 12 5 14 26% 299848 329 11%
c p 23.83 113 21 22 4704  2 142464 18143 1.5 18 12 5 14 26% 299848 329 11%
c B 26.04 113 20 22 5614  2 153035 25592 1.5 18 12 5 14 25% 299848 329 11%
c - 26.83 137 20 23 6047  2 156404 22702 1.5 18 12 5 14 26% 299848 329 11%
c p 26.85 137 20 23 6047  2 156404 22712 1.5 18 12 5 14 26% 299848 329 11%
c u 26.95 137 20 23 6047  2 156404 22612 1.5 18 12 5 14 26% 299848 329 11%
c v 26.99 137 20 23 6047  2 156404 22603 1.5 18 12 5 14 26% 299848 329 11%
c w 27.01 137 20 23 6047  2 156404 22598 1.5 18 12 5 14 26% 299848 329 11%
c x 27.06 137 20 23 6047  2 156404 22598 1.5 18 12 5 14 26% 299847 329 11%
c - 29.04 113 19 24 6429  2 171004 26208 1.5 18 12 5 14 27% 299847 329 11%
c p 29.06 113 19 24 6429  2 171004 26217 1.5 18 12 5 14 27% 299847 329 11%
c W 29.65 113 19 24 6433  2 171036 26248 1.5 18 12 5 14 27% 299847 329 11%
c } 30.80 113 19 24 6944  2 177264 30567 1.5 18 12 5 14 27% 299847 329 11%
c [ 30.80 113 21 24 6944  1 177264 30567 1.4 22 16 9 18 39% 299847 329 11%
c - 31.71 137 21 25 6950  1 186272 28885 1.4 22 15 9 18 38% 299847 329 11%
c p 31.73 137 21 25 6950  1 186272 28895 1.4 22 15 9 18 38% 299847 329 11%
c 
c  seconds   reductions   conflicts         size   tier2        variables
c          MB     restarts       redundant     glue    trail        remaining
c           level       rate          size/glue  tier1   irredundant
c 
c u 31.82 137 21 25 6950  1 186272 28874 1.4 22 15 9 18 38% 299847 329 11%
c v 31.86 137 21 25 6950  1 186272 28873 1.4 22 15 9 18 38% 299847 329 11%
c w 31.87 137 21 25 6950  1 186272 28870 1.4 22 15 9 18 38% 299847 329 11%
c x 31.92 137 21 25 6950  1 186272 28869 1.4 22 15 9 18 38% 299846 329 11%
c B 32.29 137 21 25 6951  1 190038 31312 1.4 22 15 9 18 37% 299846 329 11%
c s 32.36 137 21 25 6951  1 190358 31568 1.4 22 15 9 18 37% 299827 329 11%
c s 32.44 137 21 25 6951  1 190358 31557 1.4 22 15 9 18 37% 299803 329 11%
c - 33.76 113 21 26 6958  1 202206 27840 1.4 22 15 8 17 36% 299803 329 11%
c p 33.77 113 21 26 6958  1 202206 27850 1.4 22 15 8 17 36% 299803 329 11%
c W 34.94 113 21 26 6959  1 210039 33344 1.4 22 16 8 17 35% 299803 329 11%
c - 35.84 115 21 27 6965  1 218811 24821 1.4 22 16 8 17 34% 299803 329 11%
c p 35.85 115 21 27 6965  1 218811 24831 1.4 22 16 8 17 34% 299803 329 11%
c u 35.93 115 21 27 6965  1 218811 24772 1.4 22 16 8 17 34% 299803 329 11%
c v 35.97 115 21 27 6965  1 218811 24770 1.4 22 16 8 17 34% 299803 329 11%
c w 35.99 115 21 27 6965  1 218811 24770 1.4 22 16 8 17 34% 299803 329 11%
c x 36.03 115 21 27 6965  1 218811 24768 1.4 22 16 8 17 34% 299797 329 11%
c ] 37.12 115 21 27 6969  1 228335 30599 1.4 22 16 8 17 32% 299797 329 11%
c { 37.12 115 19 27 6969  2 228335 30599 1.5 18 12 5 14 27% 299797 329 11%
c # 37.85 115 19 27 7306  2 231041 32396 1.5 18 12 5 14 26% 299797 329 11%
c - 38.65 115 19 28 7450  2 236083 24404 1.5 18 12 5 14 26% 299797 329 11%
c 
c  seconds   reductions   conflicts         size   tier2        variables
c          MB     restarts       redundant     glue    trail        remaining
c           level       rate          size/glue  tier1   irredundant
c 
c p 38.66 115 19 28 7450  2 236083 24414 1.5 18 12 5 14 26% 299797 329 11%
c u 38.73 115 19 28 7450  2 236083 24389 1.5 18 12 5 14 26% 299797 329 11%
c v 38.76 115 19 28 7450  2 236083 24387 1.5 18 12 5 14 26% 299797 329 11%
c w 38.77 115 19 28 7450  2 236083 24387 1.5 18 12 5 14 26% 299797 329 11%
c x 38.80 115 19 28 7450  2 236083 24386 1.5 18 12 5 14 26% 299796 329 11%
c B 42.02 115 18 28 8730  2 253043 35744 1.5 18 12 5 14 26% 299796 329 11%
c - 42.21 116 18 29 8783  2 254024 29280 1.5 18 12 5 14 26% 299796 329 11%
c p 42.23 116 18 29 8783  2 254024 29290 1.5 18 12 5 14 26% 299796 329 11%
c u 42.29 116 18 29 8783  2 254024 29217 1.5 18 12 5 14 26% 299796 329 11%
c v 42.32 116 18 29 8783  2 254024 29214 1.5 18 12 5 14 26% 299796 329 11%
c w 42.33 116 18 29 8783  2 254024 29213 1.5 18 12 5 14 26% 299796 329 11%
c x 42.37 116 18 29 8783  2 254024 29211 1.5 18 12 5 14 26% 299796 329 11%
c - 45.50 116 17 30 10048  2 272633 29665 1.5 18 12 4 12 26% 299796 329 11%
c p 45.52 116 17 30 10048  2 272633 29675 1.5 18 12 4 12 26% 299796 329 11%
c u 45.60 116 17 30 10048  2 272633 29618 1.5 18 12 4 12 26% 299796 329 11%
c v 45.62 116 17 30 10048  2 272633 29614 1.5 18 12 4 12 26% 299796 329 11%
c w 45.63 116 17 30 10048  2 272633 29611 1.5 18 12 4 12 26% 299796 329 11%
c x 45.66 116 17 30 10048  2 272633 29610 1.5 18 12 4 12 26% 299789 329 11%
c W 46.68 116 17 30 10187  2 276044 31950 1.5 18 12 4 12 26% 299789 329 11%
c } 47.27 116 17 30 10226  2 279465 34766 1.5 18 12 4 12 27% 299789 329 11%
c 
c  seconds   reductions    conflicts         size   tier2        variables
c          MB      restarts       redundant     glue    trail        remaining
c           level        rate          size/glue  tier1   irredundant
c 
c [ 47.27 116 21 30 10226  1 279465 34766 1.4 22 16 8 17 32% 299789 329 11%
c s 48.43 116 21 30 10231  1 288676 41480 1.4 22 16 8 17 32% 299744 329 11%
c s 48.53 116 21 30 10231  1 288676 41440 1.4 22 16 8 17 32% 299682 329 11%
c - 48.97 116 20 31 10231  1 291910 31681 1.4 22 15 8 17 32% 299682 329 11%
c p 48.99 116 20 31 10231  1 291910 31691 1.4 22 15 8 17 32% 299682 329 11%
c u 49.40 116 20 31 10231  1 291910 31559 1.4 22 15 8 17 32% 299682 329 11%
c v 49.43 116 20 31 10231  1 291910 31547 1.4 22 15 8 17 32% 299682 329 11%
c w 49.44 116 20 31 10231  1 291910 31531 1.4 22 15 8 17 32% 299682 329 11%
c x 49.47 116 20 31 10231  1 291910 31530 1.4 22 15 8 17 32% 299678 329 11%
c I 50.18 116 20 31 10232  1 300046 37904 1.4 22 15 8 17 32% 299678 329 11%
c - 51.61 92 21 32 10232  1 311856 31672 1.4 22 15 8 17 32% 299678 329 11%
c p 51.63 92 21 32 10232  1 311856 31681 1.4 22 15 8 17 32% 299678 329 11%
c u 51.68 92 21 32 10232  1 311856 31530 1.4 22 15 8 17 32% 299678 329 11%
c v 51.70 92 21 32 10232  1 311856 31524 1.4 22 15 8 17 32% 299678 329 11%
c w 51.71 92 21 32 10232  1 311856 31519 1.4 22 15 8 17 32% 299678 329 11%
c x 51.73 92 21 32 10232  1 311856 31519 1.4 22 15 8 17 32% 299678 329 11%
c B 53.22 92 20 32 10233  1 325048 41300 1.4 22 15 8 17 31% 299678 329 11%
c - 54.04 91 20 33 10233  1 332471 29119 1.4 22 15 8 17 31% 299678 329 11%
c p 54.06 91 20 33 10233  1 332471 29129 1.4 22 15 8 17 31% 299678 329 11%
c u 54.12 91 20 33 10233  1 332471 29124 1.4 22 15 8 17 31% 299678 329 11%
c 
c  seconds  reductions    conflicts         size   tier2        variables
c         MB      restarts       redundant     glue    trail        remaining
c          level        rate          size/glue  tier1   irredundant
c 
c v 54.14 91 20 33 10233  1 332471 29123 1.4 22 15 8 17 31% 299678 329 11%
c w 54.15 91 20 33 10233  1 332471 29122 1.4 22 15 8 17 31% 299678 329 11%
c x 54.17 91 20 33 10233  1 332471 29122 1.4 22 15 8 17 31% 299678 329 11%
c ] 55.92 91 20 33 10236  1 348877 41770 1.4 22 15 8 17 31% 299678 329 11%
c { 55.92 91 17 33 10236  2 348877 41770 1.5 18 12 4 12 27% 299678 329 11%
c F 56.47 91 17 33 10442  2 351051 43253 1.5 18 12 4 12 27% 299678 329 11%
c - 57.03 115 17 34 10586  2 353758 28739 1.5 18 12 4 12 27% 299678 329 11%
c p 57.04 115 17 34 10586  2 353758 28749 1.5 18 12 4 12 27% 299678 329 11%
c u 57.11 115 17 34 10586  2 353758 28742 1.5 18 12 4 12 27% 299678 329 11%
c v 57.14 115 17 34 10586  2 353758 28738 1.5 18 12 4 12 27% 299678 329 11%
c w 57.15 115 17 34 10586  2 353758 28736 1.5 18 12 4 12 27% 299678 329 11%
c x 57.17 115 17 34 10586  2 353758 28736 1.5 18 12 4 12 27% 299674 329 11%
c - 60.48 139 17 35 11886  2 375715 32022 1.5 18 12 4 12 26% 299674 329 11%
c p 60.50 139 17 35 11886  2 375715 32032 1.5 18 12 4 12 26% 299674 329 11%
c u 60.57 139 17 35 11886  2 375715 31995 1.5 18 12 4 12 26% 299674 329 11%
c v 60.59 139 17 35 11886  2 375715 31985 1.5 18 12 4 12 26% 299674 329 11%
c w 60.60 139 17 35 11886  2 375715 31985 1.5 18 12 4 12 26% 299674 329 11%
c x 60.63 139 17 35 11886  2 375715 31984 1.5 18 12 4 12 26% 299671 329 11%
c B 60.99 139 17 35 12021  2 378052 33115 1.5 17 12 4 12 26% 299671 329 11%
c - 65.88 139 17 36 14281  2 398341 34636 1.5 18 12 4 12 25% 299671 329 11%
c 
c  seconds   reductions    conflicts         size   tier2        variables
c          MB      restarts       redundant     glue    trail        remaining
c           level        rate          size/glue  tier1   irredundant
c 
c p 65.89 139 17 36 14281  2 398341 34646 1.5 18 12 4 12 25% 299671 329 11%
c u 65.98 139 17 36 14281  2 398341 34626 1.5 18 12 4 12 25% 299671 329 11%
c v 66.02 139 17 36 14281  2 398341 34610 1.5 18 12 4 12 25% 299671 329 11%
c w 66.03 139 17 36 14281  2 398341 34607 1.5 18 12 4 12 25% 299671 329 11%
c x 66.08 139 17 36 14281  2 398341 34607 1.5 18 12 4 12 25% 299670 329 11%
c W 68.54 139 16 36 14763  2 406053 38902 1.5 17 12 4 12 25% 299670 329 11%
c s 68.84 139 16 36 14889  2 406652 39314 1.5 17 12 4 12 25% 299620 329 11%
c s 68.95 139 16 36 14889  2 406652 39293 1.5 17 12 4 12 25% 299603 329 11%
c } 71.40 139 16 36 15819  2 419668 48005 1.5 17 12 4 12 25% 299603 329 11%
c [ 71.40 139 20 36 15819  1 419668 48005 1.4 22 15 8 17 31% 299603 329 11%
c - 71.67 139 20 37 15820  1 421639 36438 1.5 22 15 8 17 31% 299603 329 11%
c p 71.69 139 20 37 15820  1 421639 36447 1.5 22 15 8 17 31% 299603 329 11%
c u 71.77 139 20 37 15820  1 421639 36423 1.5 22 15 8 17 31% 299603 329 11%
c v 71.80 139 20 37 15820  1 421639 36422 1.5 22 15 8 17 31% 299603 329 11%
c w 71.82 139 20 37 15820  1 421639 36419 1.5 22 15 8 17 31% 299603 329 11%
c x 71.85 139 20 37 15820  1 421639 36419 1.5 22 15 8 17 31% 299598 329 11%
c W 73.24 139 21 37 15828  1 435054 47216 1.5 22 15 8 17 31% 299598 329 11%
c - 74.45 139 20 38 15831  1 445608 38309 1.5 22 15 8 17 31% 299598 329 11%
c p 74.46 139 20 38 15831  1 445608 38319 1.5 22 15 8 17 31% 299598 329 11%
c u 74.54 139 20 38 15831  1 445608 38301 1.5 22 15 8 17 31% 299598 329 11%
c 
c  seconds   reductions    conflicts         size   tier2        variables
c          MB      restarts       redundant     glue    trail        remaining
c           level        rate          size/glue  tier1   irredundant
c 
c v 74.57 139 20 38 15831  1 445608 38297 1.5 22 15 8 17 31% 299598 329 11%
c w 74.58 139 20 38 15831  1 445608 38297 1.5 22 15 8 17 31% 299598 329 11%
c x 74.61 139 20 38 15831  1 445608 38297 1.5 22 15 8 17 31% 299596 329 11%
c O 76.74 139 20 38 15840  1 465056 51099 1.5 22 15 7 17 30% 299596 329 11%
c - 77.36 139 20 39 15844  1 470249 35814 1.5 22 15 7 17 30% 299596 329 11%
c p 77.38 139 20 39 15844  1 470249 35824 1.5 22 15 7 17 30% 299596 329 11%
c u 77.79 139 20 39 15844  1 470249 35790 1.5 22 15 7 17 30% 299596 329 11%
c v 77.81 139 20 39 15844  1 470249 35782 1.5 22 15 7 17 30% 299596 329 11%
c w 77.82 139 20 39 15844  1 470249 35782 1.5 22 15 7 17 30% 299596 329 11%
c x 77.85 139 20 39 15844  1 470249 35782 1.5 22 15 7 17 30% 299596 329 11%
c - 80.70 139 19 40 15847  1 495561 37140 1.5 21 14 7 17 30% 299596 329 11%
c p 80.72 139 19 40 15847  1 495561 37150 1.5 21 14 7 17 30% 299596 329 11%
c u 80.82 139 19 40 15847  1 495561 37133 1.5 21 14 7 17 30% 299596 329 11%
c v 80.85 139 19 40 15847  1 495561 37130 1.5 21 14 7 17 30% 299596 329 11%
c w 80.87 139 19 40 15847  1 495561 37130 1.5 21 14 7 17 30% 299596 329 11%
c x 80.92 139 19 40 15847  1 495561 37130 1.5 21 14 7 17 30% 299596 329 11%
c B 81.04 139 19 40 15847  1 496058 37462 1.5 21 14 7 17 30% 299596 329 11%
c ] 82.97 139 20 40 15854  1 512472 49662 1.5 21 15 7 17 29% 299596 329 11%
c { 82.97 139 16 40 15854  2 512472 49662 1.5 17 12 4 12 25% 299596 329 11%
c - 83.83 139 16 41 16036  2 521547 38413 1.5 17 12 4 12 24% 299596 329 11%
c 
c  seconds   reductions    conflicts         size   tier2        variables
c          MB      restarts       redundant     glue    trail        remaining
c           level        rate          size/glue  tier1   irredundant
c 
c p 83.85 139 16 41 16036  2 521547 38423 1.5 17 12 4 12 24% 299596 329 11%
c u 83.91 139 16 41 16036  2 521547 38397 1.5 17 12 4 12 24% 299596 329 11%
c v 83.94 139 16 41 16036  2 521547 38394 1.5 17 12 4 12 24% 299596 329 11%
c w 83.95 139 16 41 16036  2 521547 38391 1.5 17 12 4 12 24% 299596 329 11%
c x 83.98 139 16 41 16036  2 521547 38390 1.5 17 12 4 12 24% 299596 329 11%
c # 85.00 139 16 41 16464  2 528059 42450 1.5 17 12 4 12 24% 299596 329 11%
c s 87.89 139 16 41 17344  2 544285 53797 1.5 17 12 4 12 24% 299386 329 11%
c s 88.00 139 16 41 17344  2 544285 53771 1.5 17 12 4 12 24% 299246 329 11%
c - 89.25 92 16 42 18017  2 548207 41549 1.5 17 12 4 12 24% 299246 329 11%
c p 89.27 92 16 42 18017  2 548207 41558 1.5 17 12 4 12 24% 299246 329 11%
c u 89.36 92 16 42 18017  2 548207 41494 1.5 17 12 4 12 24% 299246 329 11%
c v 89.40 92 16 42 18017  2 548207 41488 1.5 17 12 4 12 24% 299246 329 11%
c w 89.41 92 16 42 18017  2 548207 41485 1.5 17 12 4 12 24% 299246 329 11%
c x 89.46 92 16 42 18017  2 548207 41485 1.5 17 12 4 12 24% 299246 329 11%
c B 91.52 92 15 42 18361  1 561060 49120 1.5 17 12 4 12 24% 299246 329 11%
c - 93.53 93 15 43 18762  1 575529 45494 1.5 17 11 4 12 25% 299246 329 11%
c p 93.55 93 15 43 18762  1 575529 45504 1.5 17 11 4 12 25% 299246 329 11%
c u 93.63 93 15 43 18762  1 575529 45463 1.5 17 11 4 12 25% 299246 329 11%
c v 93.66 93 15 43 18762  1 575529 45447 1.5 17 11 4 12 25% 299246 329 11%
c w 93.68 93 15 43 18762  1 575529 45446 1.5 17 11 4 12 25% 299246 329 11%
c 
c  seconds  reductions    conflicts         size   tier2        variables
c         MB      restarts       redundant     glue    trail        remaining
c          level        rate          size/glue  tier1   irredundant
c 
c x 93.73 93 15 43 18762  1 575529 45446 1.5 17 11 4 12 25% 299241 329 11%
c W 98.13 96 14 43 19315  1 595062 56924 1.5 16 11 4 11 25% 299241 329 11%
c } 99.77 98 14 43 19927  1 603095 61845 1.5 16 11 4 11 25% 299241 329 11%
c [ 99.77 98 20 43 19927  1 603095 61845 1.5 21 15 7 17 29% 299241 329 11%
c - 99.86 98 20 44 19927  1 603521 46341 1.5 21 15 7 17 29% 299241 329 11%
c p 99.88 98 20 44 19927  1 603521 46351 1.5 21 15 7 17 29% 299241 329 11%
c u 99.98 98 20 44 19927  1 603521 46296 1.5 21 15 7 17 29% 299241 329 11%
c v 100.03 98 20 44 19927  1 603521 46282 1.5 21 15 7 17 29% 299241 329 11%
c w 100.05 98 20 44 19927  1 603521 46280 1.5 21 15 7 17 29% 299241 329 11%
c x 100.10 98 20 44 19927  1 603521 46280 1.5 21 15 7 17 29% 299229 329 11%
c W 103.83 98 20 44 19940  1 630063 67537 1.5 22 15 7 17 29% 299229 329 11%
c - 104.27 92 20 45 19941  1 632188 43665 1.5 22 15 7 17 29% 299229 329 11%
c p 104.29 92 20 45 19941  1 632188 43675 1.5 22 15 7 17 29% 299229 329 11%
c u 104.38 92 20 45 19941  1 632188 43521 1.5 22 15 7 17 29% 299229 329 11%
c v 104.43 92 20 45 19941  1 632188 43514 1.5 22 15 7 17 29% 299229 329 11%
c w 104.46 92 20 45 19941  1 632188 43507 1.5 22 15 7 17 29% 299229 329 11%
c x 104.52 92 20 45 19941  1 632188 43506 1.5 22 15 7 17 29% 299226 329 11%
c i 105.60 92 19 45 19945  1 639399 47484 1.5 21 14 7 17 29% 299226 328 11%
c - 108.40 116 19 46 19951  1 661526 36157 1.5 21 14 7 16 29% 292963 328 11%
c 2 108.40 116 19 46 19951  1 661526 36157 1.5 21 14 7 16 29% 292962 328 11%
c 
c  seconds    reductions    conflicts         size   tier2        variables
c           MB      restarts       redundant     glue    trail        remaining
c            level        rate          size/glue  tier1   irredundant
c 
c p 108.42 116 19 46 19951  1 661526 36167 1.5 21 14 7 16 29% 292962 328 11%
c u 108.49 116 19 46 19951  1 661526 36040 1.5 21 14 7 16 29% 292962 328 11%
c v 108.53 116 19 46 19951  1 661526 36032 1.5 21 14 7 16 29% 292962 328 11%
c x 108.59 116 19 46 19951  1 661526 36030 1.5 21 14 7 16 29% 292960 328 11%
c I 109.13 116 19 46 19951  1 666064 39013 1.5 21 14 7 16 29% 292960 328 11%
c - 111.88 116 18 47 19952  1 691350 38767 1.5 21 14 7 16 28% 292960 328 11%
c p 111.89 116 18 47 19952  1 691350 38777 1.5 21 14 7 16 28% 292960 328 11%
c u 111.98 116 18 47 19952  1 691350 38575 1.5 21 14 7 16 28% 292960 328 11%
c v 112.01 116 18 47 19952  1 691350 38569 1.5 21 14 7 16 28% 292960 328 11%
c w 112.03 116 18 47 19952  1 691350 38567 1.5 21 14 7 16 28% 292960 328 11%
c x 112.07 116 18 47 19952  1 691350 38564 1.5 21 14 7 16 28% 292960 328 11%
c s 113.05 116 19 47 19952  1 701551 45910 1.5 21 14 7 16 28% 292644 328 11%
c e 113.11 116 19 47 19952  1 701551 45850 1.5 21 14 7 16 28% 292642 326 11%
c s 113.18 116 19 47 19952  1 701551 45829 1.5 21 14 7 16 28% 292178 326 11%
c B 113.43 116 19 47 19952  1 703065 47032 1.5 21 14 7 16 28% 292178 326 11%
c ] 113.81 116 19 47 19952  1 707150 49692 1.5 21 14 7 16 28% 292178 326 11%
c { 113.81 116 14 47 19952  1 707150 49692 1.5 16 11 4 11 25% 292178 326 11%
c - 116.03 116 14 48 20701  1 721839 42858 1.5 16 11 4 11 24% 292178 326 11%
c p 116.05 116 14 48 20701  1 721839 42868 1.5 16 11 4 11 24% 292178 326 11%
c u 116.45 116 14 48 20701  1 721839 42833 1.5 16 11 4 11 24% 292178 326 11%
c 
c  seconds    reductions    conflicts         size   tier2        variables
c           MB      restarts       redundant     glue    trail        remaining
c            level        rate          size/glue  tier1   irredundant
c 
c v 116.48 116 14 48 20701  1 721839 42829 1.5 16 11 4 11 24% 292178 326 11%
c w 116.50 116 14 48 20701  1 721839 42828 1.5 16 11 4 11 24% 292178 326 11%
c x 116.53 116 14 48 20701  1 721839 42826 1.5 16 11 4 11 24% 292177 326 11%
c F 120.84 116 14 48 22962  1 741067 54831 1.5 16 11 4 11 24% 292177 326 11%
c - 122.84 140 14 49 23761  1 752972 46494 1.5 16 11 4 11 24% 292177 326 11%
c p 122.86 140 14 49 23761  1 752972 46504 1.5 16 11 4 11 24% 292177 326 11%
c u 122.98 140 14 49 23761  1 752972 46408 1.5 16 11 4 11 24% 292177 326 11%
c v 123.02 140 14 49 23761  1 752972 46396 1.5 16 11 4 11 24% 292177 326 11%
c w 123.04 140 14 49 23761  1 752972 46384 1.5 16 11 4 11 24% 292177 326 11%
c x 123.09 140 14 49 23761  1 752972 46376 1.5 16 11 4 11 24% 292172 326 11%
c i 124.25 140 14 49 23802  1 762692 50989 1.5 16 11 4 11 24% 292172 325 11%
c B 127.36 140 14 49 24990  1 780069 61095 1.5 16 11 4 11 24% 292172 325 11%
c - 127.94 140 14 50 25198  1 784766 41246 1.5 16 11 4 11 24% 285205 325 11%
c 2 127.94 140 14 50 25198  1 784766 41246 1.5 16 11 4 11 24% 285204 325 11%
c p 127.96 140 14 50 25198  1 784766 41256 1.5 16 11 4 11 24% 285204 325 11%
c u 128.06 140 14 50 25198  1 784766 41236 1.5 16 11 4 11 24% 285204 325 11%
c v 128.10 140 14 50 25198  1 784766 41235 1.5 16 11 4 11 24% 285204 325 11%
c w 128.12 140 14 50 25198  1 784766 41234 1.5 16 11 4 11 24% 285204 325 11%
c x 128.16 140 14 50 25198  1 784766 41232 1.5 16 11 4 11 24% 285151 325 11%
c } 133.92 140 14 50 28114  1 816413 59730 1.4 16 11 4 11 24% 285151 325 11%
c 
c  seconds    reductions    conflicts         size   tier2        variables
c           MB      restarts       redundant     glue    trail        remaining
c            level        rate          size/glue  tier1   irredundant
c 
c [ 133.92 140 19 50 28114  1 816413 59730 1.5 21 14 7 16 28% 285151 325 11%
c - 134.01 140 19 51 28114  1 816991 46351 1.5 21 14 7 16 28% 285151 325 11%
c p 134.03 140 19 51 28114  1 816991 46361 1.5 21 14 7 16 28% 285151 325 11%
c u 134.13 140 19 51 28114  1 816991 46323 1.5 21 14 7 16 28% 285151 325 11%
c v 134.18 140 19 51 28114  1 816991 46307 1.5 21 14 7 16 28% 285151 325 11%
c w 134.20 140 19 51 28114  1 816991 46304 1.5 21 14 7 16 28% 285151 325 11%
c x 134.25 140 19 51 28114  1 816991 46298 1.5 21 14 7 16 28% 285131 325 11%
c W 135.99 140 19 51 28115  1 820070 48536 1.5 21 14 7 16 28% 285131 325 11%
c - 139.21 140 18 52 28115  1 849869 49812 1.5 20 14 7 16 28% 285131 325 11%
c p 139.22 140 18 52 28115  1 849869 49822 1.5 20 14 7 16 28% 285131 325 11%
c u 139.31 140 18 52 28115  1 849869 49795 1.5 20 14 7 16 28% 285131 325 11%
c v 139.35 140 18 52 28115  1 849869 49790 1.5 20 14 7 16 28% 285131 325 11%
c w 139.36 140 18 52 28115  1 849869 49782 1.5 20 14 7 16 28% 285131 325 11%
c x 139.40 140 18 52 28115  1 849869 49781 1.5 20 14 7 16 28% 285116 325 11%
c O 140.81 140 18 52 28115  1 861072 57411 1.5 20 13 7 16 28% 285116 325 11%
c s 143.05 140 17 52 28115  1 878091 67882 1.5 19 13 7 16 27% 284893 325 11%
c e 143.10 140 17 52 28115  1 878091 67629 1.5 19 13 7 16 27% 284889 322 11%
c s 143.19 140 17 52 28115  1 878091 67609 1.5 19 13 7 16 27% 284518 322 11%
c - 143.90 140 17 53 28115  1 883406 51955 1.5 20 13 7 16 27% 284518 322 11%
c p 143.92 140 17 53 28115  1 883406 51965 1.5 20 13 7 16 27% 284518 322 11%
c 
c  seconds    reductions    conflicts         size   tier2        variables
c           MB      restarts       redundant     glue    trail        remaining
c            level        rate          size/glue  tier1   irredundant
c 
c u 144.01 140 17 53 28115  1 883406 51927 1.5 20 13 7 16 27% 284518 322 11%
c v 144.05 140 17 53 28115  1 883406 51926 1.5 20 13 7 16 27% 284518 322 11%
c w 144.07 140 17 53 28115  1 883406 51924 1.5 20 13 7 16 27% 284518 322 11%
c x 144.12 140 17 53 28115  1 883406 51924 1.5 20 13 7 16 27% 284512 322 11%
c B 146.44 140 17 53 28127  1 903073 65312 1.5 19 13 7 16 27% 284512 322 11%
c - 148.26 140 17 54 28130  1 917574 51848 1.5 19 13 7 16 27% 284512 322 11%
c p 148.28 140 17 54 28130  1 917574 51858 1.5 19 13 7 16 27% 284512 322 11%
c u 148.36 140 17 54 28130  1 917574 51732 1.5 19 13 7 16 27% 284512 322 11%
c v 148.40 140 17 54 28130  1 917574 51729 1.5 19 13 7 16 27% 284512 322 11%
c w 148.42 140 17 54 28130  1 917574 51724 1.5 19 13 7 16 27% 284512 322 11%
c x 148.47 140 17 54 28130  1 917574 51723 1.5 19 13 7 16 27% 284506 322 11%
c ] 151.69 140 16 54 28145  1 945524 68604 1.5 19 13 7 15 26% 284506 322 11%
c { 151.69 140 14 54 28145  1 945524 68604 1.4 16 11 4 11 24% 284506 322 11%
c W 152.61 140 14 54 28253  1 946075 68954 1.4 16 11 4 11 24% 284506 322 11%
c - 154.33 140 14 55 29203  1 952395 48549 1.4 16 11 4 11 24% 284506 322 11%
c p 154.35 140 14 55 29203  1 952395 48559 1.4 16 11 4 11 24% 284506 322 11%
c u 154.48 140 14 55 29203  1 952395 48511 1.4 16 11 4 11 24% 284506 322 11%
c v 154.55 140 14 55 29203  1 952395 48502 1.4 16 11 4 11 24% 284506 322 11%
c w 154.57 140 14 55 29203  1 952395 48501 1.4 16 11 4 11 24% 284506 322 11%
c x 154.63 140 14 55 29203  1 952395 48494 1.4 16 11 4 11 24% 284481 322 11%
c 
c  seconds    reductions    conflicts         size   tier2        variables
c           MB      restarts       redundant     glue    trail        remaining
c            level        rate          size/glue  tier1   irredundant
c 
c - 161.12 140 14 56 31052  1 987870 51960 1.4 16 11 4 11 24% 284481 322 11%
c p 161.14 140 14 56 31052  1 987870 51970 1.4 16 11 4 11 24% 284481 322 11%
c u 161.25 140 14 56 31052  1 987870 51926 1.4 16 11 4 11 24% 284481 322 11%
c v 161.30 140 14 56 31052  1 987870 51922 1.4 16 11 4 11 24% 284481 322 11%
c w 161.32 140 14 56 31052  1 987870 51920 1.4 16 11 4 11 24% 284481 322 11%
c x 161.37 140 14 56 31052  1 987870 51917 1.4 16 11 4 11 24% 284448 322 11%
c # 161.73 140 13 56 31210  1 990076 53075 1.4 16 11 4 11 24% 284448 322 11%
c - 167.34 140 13 57 33776  1 1023998 56280 1.4 16 11 4 11 23% 284448 322 11%
c p 167.36 140 13 57 33776  1 1023998 56289 1.4 16 11 4 11 23% 284448 322 11%
c u 167.50 140 13 57 33776  1 1023998 56196 1.4 16 11 4 11 23% 284448 322 11%
c v 167.55 140 13 57 33776  1 1023998 56185 1.4 16 11 4 11 23% 284448 322 11%
c w 167.58 140 13 57 33776  1 1023998 56180 1.4 16 11 4 11 23% 284448 322 11%
c x 167.64 140 13 57 33776  1 1023998 56174 1.4 16 11 4 11 23% 284425 322 11%
c B 169.16 140 13 57 33970  1 1035077 63043 1.5 16 11 4 11 24% 284425 322 11%
c - 174.54 140 13 58 36806  1 1060781 60596 1.5 16 11 4 11 24% 284425 322 11%
c p 174.56 140 13 58 36806  1 1060781 60606 1.5 16 11 4 11 24% 284425 322 11%
c u 175.32 140 13 58 36806  1 1060781 60543 1.5 16 11 4 11 24% 284425 322 11%
c v 175.37 140 13 58 36806  1 1060781 60522 1.5 16 11 4 11 24% 284425 322 11%
c w 175.40 140 13 58 36806  1 1060781 60518 1.5 16 11 4 11 24% 284425 322 11%
c x 175.46 140 13 58 36806  1 1060781 60518 1.5 16 11 4 11 24% 284389 322 11%
c 
c  seconds    reductions     conflicts         size   tier2        variables
c           MB      restarts        redundant     glue    trail        remaining
c            level        rate           size/glue  tier1   irredundant
c 
c } 177.16 140 13 58 37140  1 1070997 65829 1.5 16 11 4 11 24% 284389 322 11%
c [ 177.16 140 16 58 37140  1 1070997 65829 1.5 19 13 7 15 26% 284389 322 11%
c s 177.60 140 16 58 37140  1 1073837 67364 1.5 19 13 7 15 26% 283943 322 11%
c s 177.76 140 16 58 37140  1 1073837 67323 1.5 19 13 7 15 26% 283357 322 11%
c W 180.34 140 16 58 37141  1 1081079 72561 1.5 19 13 7 15 26% 283357 322 11%
c i 182.70 140 15 58 37144  1 1096216 79688 1.5 18 12 7 15 26% 283357 321 11%
c - 183.18 140 15 59 37145  1 1098217 50178 1.5 18 12 7 15 26% 266318 321 11%
c p 183.20 140 15 59 37145  1 1098217 50188 1.5 18 12 7 15 26% 266318 321 11%
c u 183.32 140 15 59 37145  1 1098217 50031 1.5 18 12 7 15 26% 266318 321 11%
c v 183.39 140 15 59 37145  1 1098217 50027 1.5 18 12 7 15 26% 266318 321 11%
c w 183.41 140 15 59 37145  1 1098217 50024 1.5 18 12 7 15 26% 266318 321 11%
c x 183.48 140 15 59 37145  1 1098217 50023 1.5 18 12 7 15 26% 266275 321 11%
c I 187.04 140 15 59 37158  1 1128081 68972 1.5 18 12 6 15 26% 266275 321 11%
c - 187.85 140 15 60 37163  1 1135559 54373 1.5 18 12 6 15 26% 266275 321 11%
c p 187.87 140 15 60 37163  1 1135559 54383 1.5 18 12 6 15 26% 266275 321 11%
c u 187.96 140 15 60 37163  1 1135559 54232 1.5 18 12 6 15 26% 266275 321 11%
c v 188.01 140 15 60 37163  1 1135559 54226 1.5 18 12 6 15 26% 266275 321 11%
c w 188.03 140 15 60 37163  1 1135559 54222 1.5 18 12 6 15 26% 266275 321 11%
c x 188.08 140 15 60 37163  1 1135559 54222 1.5 18 12 6 15 26% 266208 321 11%
c - 192.35 140 14 61 37172  1 1173530 61489 1.5 17 12 6 15 25% 266208 321 11%
c 
c  seconds    reductions     conflicts         size   tier2        variables
c           MB      restarts        redundant     glue    trail        remaining
c            level        rate           size/glue  tier1   irredundant
c 
c p 192.38 140 14 61 37172  1 1173530 61499 1.5 17 12 6 15 25% 266208 321 11%
c u 192.47 140 14 61 37172  1 1173530 61399 1.5 17 12 6 15 25% 266208 321 11%
c v 192.51 140 14 61 37172  1 1173530 61395 1.5 17 12 6 15 25% 266208 321 11%
c w 192.53 140 14 61 37172  1 1173530 61395 1.5 17 12 6 15 25% 266208 321 11%
c x 192.59 140 14 61 37172  1 1173530 61394 1.5 17 12 6 15 25% 266168 321 11%
c B 192.93 140 14 61 37172  1 1176082 62973 1.5 17 12 6 15 25% 266168 321 11%
c - 197.56 140 14 62 37175  1 1212128 64799 1.5 17 11 6 15 25% 266168 321 11%
c p 197.58 140 14 62 37175  1 1212128 64809 1.5 17 11 6 15 25% 266168 321 11%
c u 197.68 140 14 62 37175  1 1212128 64567 1.5 17 11 6 15 25% 266168 321 11%
c v 197.76 140 14 62 37175  1 1212128 64549 1.5 17 11 6 15 25% 266168 321 11%
c w 197.79 140 14 62 37175  1 1212128 64545 1.5 17 11 6 15 25% 266168 321 11%
c x 197.87 140 14 62 37175  1 1212128 64545 1.5 17 11 6 15 25% 266145 321 11%
c W 200.72 140 13 62 37183  1 1225084 72197 1.5 17 11 6 15 25% 266145 321 11%
c ] 201.10 140 13 62 37185  1 1228086 73907 1.5 17 11 6 15 25% 266145 321 11%
c { 201.10 140 13 62 37185  1 1228086 73907 1.5 16 11 4 11 24% 266145 321 11%
c - 205.32 140 13 63 38386  1 1251353 68810 1.5 16 11 4 11 24% 266145 321 11%
c p 205.35 140 13 63 38386  1 1251353 68819 1.5 16 11 4 11 24% 266145 321 11%
c u 205.49 140 13 63 38386  1 1251353 68732 1.5 16 11 4 11 24% 266145 321 11%
c v 205.56 140 13 63 38386  1 1251353 68715 1.5 16 11 4 11 24% 266145 321 11%
c w 205.59 140 13 63 38386  1 1251353 68520 1.5 16 11 4 11 24% 266145 321 11%
c 
c  seconds    reductions     conflicts         size   tier2        variables
c           MB      restarts        redundant     glue    trail        remaining
c            level        rate           size/glue  tier1   irredundant
c 
c x 205.68 140 13 63 38386  1 1251353 68519 1.5 16 11 4 11 24% 266136 321 11%
c W 210.29 140 13 63 39186  1 1275086 81509 1.5 16 11 4 11 24% 266136 321 11%
c s 213.17 140 13 63 39616  1 1289030 88672 1.5 16 11 4 11 24% 263280 321 11%
c e 213.22 140 13 63 39616  1 1289030 87650 1.5 16 11 4 11 24% 263278 319 11%
c s 213.35 140 13 63 39616  1 1289030 87561 1.5 16 11 4 11 24% 261796 319 11%
c - 214.07 140 13 64 39890  1 1291208 69975 1.5 16 11 4 11 24% 261796 319 11%
c p 214.10 140 13 64 39890  1 1291208 69985 1.5 16 11 4 11 24% 261796 319 11%
c u 214.25 140 13 64 39890  1 1291208 69924 1.5 16 11 4 11 24% 261796 319 11%
c v 214.32 140 13 64 39890  1 1291208 69908 1.5 16 11 4 11 24% 261796 319 11%
c w 214.34 140 13 64 39890  1 1291208 69857 1.5 16 11 4 11 24% 261796 319 11%
c x 214.42 140 13 64 39890  1 1291208 69854 1.5 16 11 4 11 24% 261769 319 11%
c F 220.69 140 13 64 41679  1 1326088 90140 1.5 15 10 4 11 24% 261769 319 11%
c - 221.86 140 13 65 42162  1 1331489 74170 1.5 15 10 4 11 24% 261769 319 11%
c p 221.88 140 13 65 42162  1 1331489 74180 1.5 15 10 4 11 24% 261769 319 11%
c u 222.00 140 13 65 42162  1 1331489 74104 1.5 15 10 4 11 24% 261769 319 11%
c v 222.05 140 13 65 42162  1 1331489 74077 1.5 15 10 4 11 24% 261769 319 11%
c w 222.07 140 13 65 42162  1 1331489 74065 1.5 15 10 4 11 24% 261769 319 11%
c x 222.15 140 13 65 42162  1 1331489 74064 1.5 15 10 4 11 24% 261756 319 11%
c - 229.13 140 12 66 43267  1 1372391 77876 1.5 15 10 4 11 24% 261756 319 11%
c p 229.15 140 12 66 43267  1 1372391 77886 1.5 15 10 4 11 24% 261756 319 11%
c 
c  seconds    reductions     conflicts         size   tier2        variables
c           MB      restarts        redundant     glue    trail        remaining
c            level        rate           size/glue  tier1   irredundant
c 
c u 229.26 140 12 66 43267  1 1372391 77668 1.5 15 10 4 11 24% 261756 319 11%
c v 229.31 140 12 66 43267  1 1372391 77565 1.5 15 10 4 11 24% 261756 319 11%
c w 229.33 140 12 66 43267  1 1372391 77506 1.5 15 10 4 11 24% 261756 319 11%
c x 229.42 140 12 66 43267  1 1372391 77506 1.5 15 10 4 11 24% 261739 319 11%
c t 229.42 140 12 66 43267  1 1372391 77505 1.5 15 10 4 11 24% 261739 319 11%
c i 229.79 140 12 66 43267  1 1375180 78563 1.5 15 10 4 11 23% 261739 318 11%
c B 230.34 140 12 66 43319  1 1378089 79967 1.5 15 10 4 11 23% 261739 318 11%
c } 230.93 140 12 66 43592  1 1381125 81768 1.5 15 10 4 11 23% 261739 318 11%
c [ 230.93 140 13 66 43592  1 1381125 81768 1.5 17 11 6 15 25% 261739 318 11%
c i 234.94 140 13 66 43602  1 1408090 96972 1.5 16 11 6 14 25% 261739 317 11%
c - 236.11 85 13 67 43606  1 1413917 47685 1.5 16 10 6 14 24% 210438 317 11%
c p 236.12 85 13 67 43606  1 1413917 47695 1.5 16 10 6 14 24% 210438 317 11%
c u 236.23 85 13 67 43606  1 1413917 47495 1.5 16 10 6 14 24% 210438 317 11%
c v 236.28 85 13 67 43606  1 1413917 47476 1.5 16 10 6 14 24% 210438 317 11%
c w 236.30 85 13 67 43606  1 1413917 47466 1.5 16 10 6 14 24% 210438 317 11%
c x 236.37 85 13 67 43606  1 1413917 47457 1.5 16 10 6 14 24% 210376 317 11%
c t 236.37 85 13 67 43606  1 1413917 47447 1.5 16 10 6 14 24% 210376 317 11%
c i 236.64 85 13 67 43608  1 1416066 48542 1.5 16 10 6 14 24% 210376 316 11%
c i 236.93 85 13 67 43609  1 1418423 49504 1.5 16 10 6 14 24% 210376 311 10%
c i 237.05 85 12 67 43609  1 1419332 49897 1.5 16 10 6 14 24% 210376 308 10%
c 
c  seconds   reductions     conflicts         size   tier2        variables
c          MB      restarts        redundant     glue    trail        remaining
c           level        rate           size/glue  tier1   irredundant
c 
c i 237.13 85 12 67 43609  1 1420140 50229 1.5 16 10 6 14 24% 210376 306 10%
c i 237.16 85 12 67 43609  1 1420332 50299 1.5 16 10 6 14 24% 210376 303 10%
c i 237.16 85 12 67 43609  1 1420395 50309 1.5 16 10 6 14 24% 210376 301 10%
c i 237.17 85 12 67 43609  1 1420413 50319 1.5 16 10 6 14 24% 210376 299 10%
c i 237.17 85 12 67 43609  1 1420432 50323 1.5 16 10 6 14 24% 210376 292 10%
c i 237.17 85 12 67 43609  1 1420435 50324 1.5 16 10 6 14 24% 210376 286 10%
c ] 237.17 85 12 67 43609  1 1420440 50326 1.5 16 10 6 14 24% 210376 253  9%
c 0 237.17 85 12 67 43609  1 1420440 50326 1.5 16 10 6 14 24% 210376 253  9%
c 
c --- [ closing proof ] ------------------------------------------------------
c 
c LRAT proof file '/root/earth-moon/lean/data/a4_m04c/leaf10.lrat' closed
c LRAT 2020006 added clauses 49.45%
c LRAT 2065348 deleted clauses 50.55%
c LRAT 355194021 bytes (338.74 MB)
c 
c --- [ result ] -------------------------------------------------------------
c 
s UNSATISFIABLE
c 
c --- [ run-time profiling ] -------------------------------------------------
c 
c process time taken by individual solving procedures
c (percentage relative to process time for solving)
c 
c       221.80   93.61% search
c       125.30   52.88% unstable
c        86.13   36.35% stable
c        15.15    6.39% simplify
c        10.31    4.35% walk
c         9.06    3.83% vivify
c         2.48    1.05% sweep
c         1.30    0.55% subsume
c         0.82    0.35% elim
c         0.56    0.24% probe
c         0.28    0.12% ternary
c         0.22    0.09% parse
c         0.18    0.08% congruence
c         0.05    0.02% lucky
c         0.00    0.00% backbone
c   =================================
c       236.95   99.91% solve
c 
c last line shows process time for solving
c (percentage relative to total process time)
c 
c --- [ statistics ] ---------------------------------------------------------
c 
c chronological:            153887        10.83 %  of conflicts
c conflicts:               1420440      5994.65    per second
c backbone:                 112301      3788.83 %  of vars
c decisions:               1756000      7410.81    per second
c eliminated:                 2266        76.45 %  of all variables
c fixed:                       444        14.98 %  of all variables
c learned:                 1393227        98.08 %  per conflict
c learned_lits:           34673845       100.00 %  learned literals
c minimized:                     0         0.00 %  learned literals
c shrunken:                7707514        22.23 %  learned literals
c minishrunken:            2170032         6.26 %  learned literals
c otfs:                      11271         0.79 %  of conflict
c propagations:           20667980         0.09 M  per second
c reduced:                  775545        54.60 %  per conflict
c rephased:                     52     27316.15    interval
c restarts:                  43609        32.57    interval
c stabilizing:                  12        50.77 %  of conflicts
c substituted:                   1         0.03 %  of all variables
c subsumed:                 498911        29.21 %  of all clauses
c strengthened:              54461         3.19 %  of all clauses
c ticks:               13902692918       689.63    propagation
c vivified:                   8214         0.48 %  of all clauses
c walked:                       16     88777.50    interval
c weakened:                   5552         2.50    average size
c congruence:                   10    142044.00    interval
c 
c seconds are measured in process time for solving
c 
c --- [ glue usage ] ---------------------------------------------------------
c 
c focused glue 4 used 151526 clauses 7.082% accumulated 52.10% tier1
c focused glue 5 used 124632 clauses 5.825% accumulated 57.93%
c focused glue 6-9 used 436073 clauses 20.38% accumulated 78.31%
c focused glue 10 used 106968 clauses 4.999% accumulated 83.31%
c focused glue 11 used 91508 clauses 4.277% accumulated 87.59% tier2
c 
c stable glue 6 used 95311 clauses 3.986% accumulated 52.81% tier1
c stable glue 7 used 97819 clauses 4.091% accumulated 56.90%
c stable glue 8-12 used 548107 clauses 22.92% accumulated 79.83%
c stable glue 13 used 95645 clauses 4.000% accumulated 83.83%
c stable glue 14 used 84518 clauses 3.535% accumulated 87.37% tier2
c 
c 
c --- [ resources ] ----------------------------------------------------------
c 
c total process time since initialization:       237.17    seconds
c total real time since initialization:          237.18    seconds
c maximum resident set size of process:          163.82    MB
c 
c --- [ shutting down ] ------------------------------------------------------
c 
c exit 20
