c --- [ banner ] -------------------------------------------------------------
c 
c CaDiCaL SAT Solver
c Copyright (c) 2016-2026
c A. Biere, M. Fleury, N. Froleyks, K. Fazekas, F. Pollitt, T. Faller
c JKU Linz, University of Freiburg, TU Wien
c 
c Version 3.0.1 c60730422e758ef1cebe7aeddf2dda31c996bf04
c g++ (Ubuntu 13.3.0-6ubuntu2~24.04.1) 13.3.0 -Wall -Wextra -O3 -DNDEBUG
c Fri Oct 2 18:00:09 UTC 2026 Linux ai-math 6.8.0-139-generic x86_64
c 
c --- [ proof tracing ] ------------------------------------------------------
c 
c opening file to write '/root/earth-moon/lean/data/a4_m04c/leaf12.lrat'
c writing non-binary proof trace to '/root/earth-moon/lean/data/a4_m04c/leaf12.lrat'
c 
c --- [ parsing input ] ------------------------------------------------------
c 
c reading DIMACS file from '/root/earth-moon/lean/data/a4_m04c/leaf12.cnf'
c opening file to read '/root/earth-moon/lean/data/a4_m04c/leaf12.cnf'
c found 'p cnf 2964 284755' header
c parsed 284755 clauses in 0.23 seconds process time
c 
c --- [ options ] ------------------------------------------------------------
c 
c   --binary=false                 (different from default 'true')
c   --lrat=true                    (different from default 'false')
c 
c --- [ solving ] ------------------------------------------------------------
c 
c time measured in process time since initialization
c 
c  seconds  reduction conflicts       size tier2       variables
c         MB    restarts   redundant    glue  trail         remaining
c          level     rate       size/glu tier1  irredundant
c 
c *  0.23 39  0 0   0  0    0    0 0.0 0 0 2 6  0% 284587 2921 99%
c )  0.28 56  0 0   0  0    0    0 0.0 0 0 2 6  0% 284587 2921 99%
c {  0.28 56  0 0   0  0    0    0 0.0 0 0 2 6  0% 284587 2921 99%
c i  0.30 57 506 0   0 46   83   16 1.6 16 10 2 6 28% 284522 2915 98%
c i  0.30 57 503 0   0 45   85   17 1.6 15 10 2 6 28% 284522 2914 98%
c i  0.30 57 494 0   0 42   92   18 1.6 14 9 2 6 28% 284518 2909 98%
c i  0.30 57 490 0   0 40   95   19 1.6 13 8 2 6 28% 284518 2907 98%
c i  0.30 57 488 0   0 39   97   20 1.6 12 8 2 6 28% 284518 2906 98%
c i  0.30 57 485 0   0 38  100   21 1.6 12 8 2 6 28% 284518 2905 98%
c i  0.30 57 479 0   0 36  106   23 1.6 14 8 2 6 28% 284515 2901 98%
c i  0.31 57 473 0   0 34  112   27 1.7 15 9 2 6 28% 284515 2900 98%
c i  0.32 57 453 0   1 30  131   44 1.6 17 10 2 6 27% 284515 2899 98%
c i  0.32 57 447 0   1 30  133   45 1.6 16 10 2 6 26% 284515 2898 98%
c i  0.32 57 442 0   1 30  135   45 1.6 16 9 2 6 26% 284515 2896 98%
c i  0.32 57 431 0   1 29  140   46 1.6 15 9 2 6 26% 284513 2895 98%
c i  0.32 57 428 0   1 29  141   46 1.7 15 9 2 6 26% 284513 2893 98%
c i  0.32 57 426 0   1 29  142   46 1.7 14 9 2 6 25% 284513 2892 98%
c i  0.32 57 423 0   1 29  143   46 1.7 14 9 2 6 25% 284513 2891 98%
c i  0.32 57 420 0   1 28  144   46 1.7 14 8 2 6 25% 284513 2890 98%
c i  0.33 57 358 0   1 24  177   62 1.6 13 8 2 6 23% 284499 2889 97%
c 
c  seconds   reduction conflicts       size  tier2       variables
c         MB     restarts   redundant     glue  trail         remaining
c           level     rate       size/glue tier1  irredundant
c 
c i  0.33 57 340 0   1 23  191   68 1.6 13 8 2 6 22% 284498 2888 97%
c i  0.33 57 339 0   1 23  192   68 1.6 13 8 2 6 22% 284498 2887 97%
c i  0.33 57 285 0   1 19  245   82 1.6 12 7 2 6 23% 284463 2886 97%
c i  0.33 57 284 0   1 19  246   82 1.6 12 7 2 6 23% 284463 2885 97%
c i  0.33 57 283 0   1 19  247   82 1.6 12 7 2 6 23% 284463 2884 97%
c i  0.33 57 275 0   1 18  256   83 1.6 11 7 2 6 22% 284460 2882 97%
c i  0.33 57 243 0   2 16  299  103 1.5 12 8 2 6 21% 284444 2881 97%
c i  0.33 57 242 0   2 16  300  103 1.5 12 8 2 6 21% 284444 2880 97%
c -  0.35 53 242 1   2 16  300   56 1.5 12 8 2 6 21% 284378 2880 97%
c i  0.38 54 158 1  19 11  531  127 1.5 12 8 2 6 21% 284306 2879 97%
c i  0.38 54 157 1  20 11  532  127 1.5 11 8 2 6 21% 284306 2878 97%
c i  0.40 54 148 1  28 11  579  140 1.5 12 8 2 6 20% 284280 2877 97%
c i  0.42 55 134 1  46 11  663  170 1.4 12 9 2 6 20% 284236 2876 97%
c i  0.42 55 130 1  52 11  685  180 1.4 12 9 2 6 19% 284228 2874 97%
c i  0.42 55 129 1  53 11  690  182 1.4 12 8 2 6 19% 284227 2872 97%
c i  0.42 55 128 1  53 11  699  187 1.4 12 8 2 6 19% 284224 2871 97%
c i  0.42 55 127 1  53 11  700  187 1.4 12 8 2 6 19% 284224 2870 97%
c i  0.42 55 127 1  53 11  701  187 1.4 12 8 2 6 19% 284224 2869 97%
c i  0.42 55 126 1  53 11  706  187 1.4 12 8 2 6 19% 284223 2860 96%
c i  0.45 56 119 1  57 10  776  212 1.4 12 8 2 6 19% 284189 2859 96%
c 
c  seconds   reduction conflicts       size  tier2       variables
c         MB     restarts   redundant     glue  trail         remaining
c           level     rate       size/glue tier1  irredundant
c 
c i  0.46 56 117 1  57 10  820  232 1.4 12 8 2 6 19% 284170 2855 96%
c i  0.47 58 115 1  57  9  861  251 1.4 12 8 2 6 19% 284158 2850 96%
c i  0.47 58 114 1  60  9  872  250 1.4 12 8 2 6 19% 284153 2849 96%
c -  0.56 80 108 2  69  9  930  170 1.4 12 9 2 6 19% 284095 2849 96%
c i  0.58 80 103 2  81  9  979  197 1.4 13 9 2 6 18% 284091 2808 95%
c i  0.58 80 102 2  84  9  988  204 1.4 13 9 2 6 18% 284091 2807 95%
c }  0.58 80 101 2  86  9 1003  213 1.4 13 9 2 6 18% 284086 2807 95%
c [  0.58 80  0 2  86  0 1003  213 0.0 0 0 2 6  0% 284086 2807 95%
c O  0.58 80  3 2  86  4 1004  214 2.0 4 2 2 6 23% 284086 2807 95%
c i  0.59 80  7 2  86  1 1713  534 1.5 9 6 2 6 14% 284059 2801 95%
c -  0.70 81 19 3  86  1 2037  244 1.6 11 7 2 6 21% 283573 2801 95%
c ]  0.79 81 18 3  87  1 2755  598 1.6 12 8 2 6 21% 283504 2801 95%
c {  0.79 81 101 3  87  9 2755  598 1.4 13 9 2 6 18% 283504 2801 95%
c i  0.83 81 93 3 111  9 2876  674 1.4 13 10 2 6 19% 283475 2799 94%
c 2  0.86 81 87 3 134  8 2974  747 1.4 14 11 2 6 18% 283473 2758 93%
c d  0.87 81 87 3 134  8 2974  733 1.4 14 11 2 6 18% 283417 2757 93%
c p  0.88 81 87 3 134  8 2974  733 1.4 14 11 2 6 18% 283417 2757 93%
c t  0.95 82 87 3 134  8 2974  727 1.4 14 11 2 6 18% 283392 2708 91%
c O  0.97 82 85 3 140  8 3005  745 1.3 15 11 2 6 18% 283392 2708 91%
c i  1.00 82 80 3 166  8 3111  805 1.3 15 11 2 6 18% 283386 2707 91%
c 
c  seconds  reduction conflicts       size   tier2       variables
c         MB    restarts   redundant     glue   trail         remaining
c          level     rate       size/glue  tier1  irredundant
c 
c i  1.00 82 80 3 166  8 3112  805 1.3 15 11 2 6 18% 283386 2705 91%
c -  1.15 75 63 4 205  6 3675  557 1.4 16 11 2 6 20% 283338 2705 91%
c 2  1.50 75 41 4 603  4 5476 1699 1.3 19 14 12 18 18% 283301 2700 91%
c t  1.51 75 41 4 603  4 5476 1692 1.3 19 14 12 18 18% 283301 2700 91%
c -  1.59 95 39 5 668  4 5876 1755 1.3 19 14 13 18 18% 283291 2700 91%
c #  1.62 95 38 5 679  4 6006 1837 1.3 19 14 13 18 18% 283291 2700 91%
c }  1.64 95 37 5 689  4 6131 1896 1.3 19 14 13 18 18% 283290 2700 91%
c [  1.64 95 18 5 689  1 6131 1896 1.6 12 8 2 6 21% 283290 2700 91%
c 2  1.83 95 18 5 690  1 8080 2952 1.4 17 12 8 16 19% 283289 2695 91%
c =  1.90 95 18 5 690  1 8080 2952 1.4 17 12 8 16 19% 283273 2691 91%
c -  2.02 95 18 6 690  1 8658 3066 1.4 18 13 8 16 19% 283272 2691 91%
c I  2.16 95 18 6 692  1 10007 3761 1.3 18 14 11 17 19% 283265 2691 91%
c ]  2.26 95 18 6 692  1 10753 4208 1.4 18 14 11 17 19% 283262 2691 91%
c {  2.26 95 37 6 692  4 10753 4208 1.3 19 14 13 18 18% 283262 2691 91%
c 2  2.26 95 37 6 692  4 10779 4223 1.3 19 14 13 18 18% 283261 2686 91%
c -  2.54 95 33 7 845  3 12035 4261 1.3 20 15 13 18 18% 283246 2686 91%
c s  2.68 95 30 7 845  3 13214 4928 1.3 19 15 13 17 19% 283231 2686 91%
c t  2.69 95 30 7 845  3 13214 4927 1.3 19 15 13 17 19% 283208 2686 91%
c e  2.73 96 30 7 845  3 13214 4661 1.3 19 15 13 17 19% 279079 327 11%
c s  2.74 96 30 7 845  3 13214 4659 1.3 19 15 13 17 19% 279078 327 11%
c 
c  seconds  reductions conflicts       size    tier2        variables
c         MB    restarts    redundant     glue     trail        remaining
c          level     rate        size/glue  tier1    irredundant
c 
c 2  2.88 96 29 7 866  3 13564 4882 1.3 19 15 13 17 22% 279078 327 11%
c u  2.90 96 29 7 866  3 13564 4861 1.3 19 15 13 17 22% 279078 327 11%
c v  2.93 96 29 7 866  3 13564 4841 1.3 19 15 13 17 22% 279078 327 11%
c w  2.94 96 29 7 866  3 13564 4840 1.3 19 15 13 17 22% 279078 327 11%
c x  2.95 96 29 7 866  3 13564 4840 1.3 19 15 13 17 22% 279078 327 11%
c B  3.12 96 27 7 866  2 15008 5592 1.3 19 14 13 17 23% 279078 327 11%
c -  3.29 76 25 8 866  2 16018 5291 1.3 19 14 13 17 23% 279078 327 11%
c }  3.88 80 21 8 866  2 20505 7721 1.4 18 13 13 17 23% 279100 327 11%
c [  3.88 80 18 8 866  1 20505 7721 1.4 18 14 11 17 175% 279100 327 11%
c -  3.92 100 18 9 867  1 20592 6923 1.4 18 14 11 17 173% 279100 327 11%
c B  3.99 100 17 9 867  1 21010 7166 1.4 18 13 11 17 164% 279100 327 11%
c -  4.47 80 16 10 868  1 25778 9011 1.4 18 13 12 16 104% 279100 327 11%
c W  4.93 80 16 10 870  1 28012 10214 1.4 18 13 12 16 90% 279100 327 11%
c -  5.24 101 16 11 872  1 31580 11669 1.4 19 14 12 16 76% 279100 327 11%
c u  5.35 101 16 11 872  1 31580 11646 1.4 19 14 12 16 76% 279100 327 11%
c v  5.37 101 16 11 872  1 31580 11635 1.4 19 14 12 16 76% 279100 327 11%
c w  5.38 101 16 11 872  1 31580 11625 1.4 19 14 12 16 76% 279100 327 11%
c x  5.40 101 16 11 872  1 31580 11625 1.4 19 14 12 16 76% 279099 327 11%
c ]  5.50 101 16 11 873  1 32382 12129 1.4 19 14 12 16 74% 279099 327 11%
c {  5.50 101 21 11 873  2 32382 12129 1.4 18 13 13 17 23% 279099 327 11%
c 
c  seconds   reductions   conflicts        size    tier2        variables
c          MB     restarts      redundant     glue     trail        remaining
c           level       rate         size/glue  tier1    irredundant
c 
c W  5.98 101 20 11 1004  2 36014 14102 1.4 18 13 13 17 24% 279099 327 11%
c -  6.20 80 19 12 1006  2 38003 11715 1.4 18 13 11 15 23% 279099 327 11%
c p  6.21 80 19 12 1006  2 38003 11721 1.4 18 13 11 15 23% 279099 327 11%
c F  7.12 80 18 12 1428  2 45017 15733 1.4 18 13 11 15 24% 279099 327 11%
c -  7.17 101 18 13 1428  2 45048 13096 1.4 18 13 11 15 24% 279099 327 11%
c p  7.17 101 18 13 1428  2 45048 13103 1.4 18 13 11 15 24% 279099 327 11%
c }  7.77 101 18 13 1766  1 49975 16199 1.4 18 13 11 15 24% 279099 327 11%
c [  7.77 101 16 13 1766  1 49975 16199 1.4 19 14 12 16 74% 279099 327 11%
c s  7.96 101 17 13 1767  1 52164 17474 1.4 19 14 12 16 68% 279088 327 11%
c s  8.02 101 17 13 1767  1 52164 17473 1.4 19 14 12 16 68% 279085 327 11%
c -  8.15 80 17 14 1767  1 52719 15070 1.4 19 14 12 16 66% 279085 327 11%
c p  8.15 80 17 14 1767  1 52719 15078 1.4 19 14 12 16 66% 279085 327 11%
c u  8.19 80 17 14 1767  1 52719 15043 1.4 19 14 12 16 66% 279085 327 11%
c v  8.22 80 17 14 1767  1 52719 15025 1.4 19 14 12 16 66% 279085 327 11%
c w  8.23 80 17 14 1767  1 52719 15023 1.4 19 14 12 16 66% 279085 327 11%
c x  8.25 80 17 14 1767  1 52719 15023 1.4 19 14 12 16 66% 279082 327 11%
c O  8.50 80 17 14 1768  1 55018 16275 1.4 19 14 12 16 62% 279082 327 11%
c -  9.17 101 15 15 1769  1 61018 17207 1.4 18 13 12 16 53% 279082 327 11%
c p  9.18 101 15 15 1769  1 61018 17214 1.4 18 13 12 16 53% 279082 327 11%
c B  9.74 101 14 15 1770  1 66020 19240 1.4 17 12 12 16 48% 279082 327 11%
c 
c  seconds   reductions   conflicts        size    tier2        variables
c          MB     restarts      redundant     glue     trail        remaining
c           level       rate         size/glue  tier1    irredundant
c 
c ] 10.13 101 15 15 1773  1 69825 21627 1.4 18 13 12 16 45% 279082 327 11%
c { 10.13 101 18 15 1773  1 69825 21627 1.4 18 13 11 15 24% 279082 327 11%
c - 10.18 80 18 16 1802  1 69946 18825 1.4 18 13 11 15 24% 279082 327 11%
c p 10.19 80 18 16 1802  1 69946 18830 1.4 18 13 11 15 24% 279082 327 11%
c u 10.22 80 18 16 1802  1 69946 18802 1.4 18 13 11 15 24% 279082 327 11%
c v 10.24 80 18 16 1802  1 69946 18797 1.4 18 13 11 15 24% 279082 327 11%
c w 10.24 80 18 16 1802  1 69946 18796 1.4 18 13 11 15 24% 279082 327 11%
c x 10.26 80 18 16 1802  1 69946 18796 1.4 18 13 11 15 24% 279082 327 11%
c t 10.26 80 18 16 1802  1 69946 18795 1.4 18 13 11 15 24% 279082 327 11%
c B 11.16 80 16 16 1874  1 78022 23032 1.4 18 13 11 15 23% 279082 327 11%
c - 11.40 102 16 17 2090  1 79504 22294 1.4 18 13 11 15 24% 279082 327 11%
c p 11.41 102 16 17 2090  1 79504 22300 1.4 18 13 11 15 24% 279082 327 11%
c - 12.35 80 16 18 2151  1 89694 26668 1.4 17 12 11 15 25% 279083 327 11%
c p 12.36 80 16 18 2151  1 89694 26670 1.4 17 12 11 15 25% 279083 327 11%
c u 12.41 80 16 18 2151  1 89694 26643 1.4 17 12 11 15 25% 279083 327 11%
c v 12.42 80 16 18 2151  1 89694 26641 1.4 17 12 11 15 25% 279083 327 11%
c w 12.43 80 16 18 2151  1 89694 26639 1.4 17 12 11 15 25% 279083 327 11%
c x 12.45 80 16 18 2151  1 89694 26639 1.4 17 12 11 15 25% 279083 327 11%
c W 12.95 80 15 18 2176  1 91023 27402 1.4 17 12 11 15 25% 279083 327 11%
c } 13.81 80 15 18 2544  1 98856 31823 1.4 17 12 11 15 25% 279083 327 11%
c 
c  seconds  reductions   conflicts        size    tier2        variables
c         MB     restarts      redundant     glue     trail        remaining
c          level       rate         size/glue  tier1    irredundant
c 
c [ 13.81 80 15 18 2544  1 98856 31823 1.4 18 13 12 16 45% 279083 327 11%
c - 14.01 103 15 19 2546  1 100518 30726 1.4 18 13 12 16 44% 279083 327 11%
c p 14.02 103 15 19 2546  1 100518 30730 1.4 18 13 12 16 44% 279083 327 11%
c W 14.54 103 16 19 2547  1 105027 33568 1.4 18 14 12 16 42% 279083 327 11%
c i 14.95 103 15 19 2550  1 109068 35050 1.4 18 13 12 16 39% 279083 326 11%
c s 15.16 103 15 19 2550  1 110588 35932 1.4 18 13 12 16 39% 279074 326 11%
c e 15.20 103 15 19 2550  1 110588 35844 1.4 18 13 12 16 39% 275689 324 11%
c s 15.22 103 15 19 2550  1 110588 35835 1.4 18 13 12 16 39% 275672 324 11%
c - 15.47 80 15 20 2552  1 111982 27873 1.4 18 13 12 16 38% 275672 324 11%
c p 15.48 80 15 20 2552  1 111982 27875 1.4 18 13 12 16 38% 275672 324 11%
c u 15.68 86 15 20 2552  1 111982 27840 1.4 18 13 12 16 38% 275672 324 11%
c v 15.70 86 15 20 2552  1 111982 27836 1.4 18 13 12 16 38% 275672 324 11%
c w 15.71 86 15 20 2552  1 111982 27835 1.4 18 13 12 16 38% 275672 324 11%
c x 15.73 86 15 20 2552  1 111982 27833 1.4 18 13 12 16 38% 275669 324 11%
c I 16.56 86 15 20 2555  1 120029 32610 1.4 18 13 12 16 36% 275669 324 11%
c - 17.02 100 15 21 2555  1 124030 31254 1.4 18 13 12 16 35% 275669 324 11%
c p 17.03 100 15 21 2555  1 124030 31256 1.4 18 13 12 16 35% 275669 324 11%
c ] 17.44 100 15 21 2556  1 128776 33905 1.4 18 13 12 16 34% 275669 324 11%
c { 17.44 100 15 21 2556  1 128776 33905 1.4 17 12 11 15 25% 275669 324 11%
c # 18.73 100 16 21 3866  1 136030 38168 1.4 18 13 11 15 24% 275669 324 11%
c 
c  seconds   reductions   conflicts         size    tier2        variables
c          MB     restarts       redundant     glue     trail        remaining
c           level       rate          size/glue  tier1    irredundant
c 
c - 18.87 122 16 22 3906  1 136711 29401 1.4 18 13 10 14 24% 275669 324 11%
c p 18.89 122 16 22 3906  1 136711 29404 1.4 18 13 10 14 24% 275669 324 11%
c u 18.95 122 16 22 3906  1 136711 29377 1.4 18 13 10 14 24% 275669 324 11%
c v 18.97 122 16 22 3906  1 136711 29370 1.4 18 13 10 14 24% 275669 324 11%
c w 18.99 122 16 22 3906  1 136711 29369 1.4 18 13 10 14 24% 275669 324 11%
c x 19.03 122 16 22 3906  1 136711 29369 1.4 18 13 10 14 24% 275666 324 11%
c - 20.48 122 15 23 4218  1 150024 31129 1.4 18 12 10 14 25% 275666 324 11%
c p 20.49 122 15 23 4218  1 150024 31132 1.4 18 12 10 14 25% 275666 324 11%
c B 20.88 122 15 23 4395  1 153032 32707 1.4 17 12 10 14 25% 275666 324 11%
c - 22.13 122 15 24 4763  1 163972 34044 1.4 17 12 10 14 24% 275666 324 11%
c p 22.14 122 15 24 4763  1 163972 34045 1.4 17 12 10 14 24% 275666 324 11%
c u 22.23 122 15 24 4763  1 163972 34019 1.4 17 12 10 14 24% 275666 324 11%
c v 22.26 122 15 24 4763  1 163972 34010 1.4 17 12 10 14 24% 275666 324 11%
c w 22.28 122 15 24 4763  1 163972 34010 1.4 17 12 10 14 24% 275666 324 11%
c x 22.33 122 15 24 4763  1 163972 34010 1.4 17 12 10 14 24% 275663 324 11%
c } 22.81 122 14 24 4779  1 167592 36132 1.4 17 12 10 14 24% 275663 324 11%
c [ 22.81 122 15 24 4779  1 167592 36132 1.4 18 13 12 16 34% 275663 324 11%
c B 23.24 122 15 24 4779  1 171033 38100 1.4 18 13 12 16 33% 275663 324 11%
c - 24.11 79 15 25 4779  1 178553 38646 1.4 18 13 12 16 32% 275663 324 11%
c p 24.12 79 15 25 4779  1 178553 38649 1.4 18 13 12 16 32% 275663 324 11%
c 
c  seconds  reductions   conflicts         size    tier2        variables
c         MB     restarts       redundant     glue     trail        remaining
c          level       rate          size/glue  tier1    irredundant
c 
c s 24.99 83 16 25 4784  1 188452 44608 1.4 19 14 12 16 31% 275633 324 11%
c s 25.05 83 16 25 4784  1 188452 44608 1.4 19 14 12 16 31% 275626 324 11%
c W 25.74 83 16 25 4785  1 190035 45519 1.4 19 14 12 16 31% 275626 324 11%
c - 26.05 83 16 26 4786  1 193767 40221 1.4 19 14 12 16 30% 275626 324 11%
c p 26.06 83 16 26 4786  1 193767 40224 1.4 19 14 12 16 30% 275626 324 11%
c u 26.32 89 16 26 4786  1 193767 40212 1.4 19 14 12 16 30% 275626 324 11%
c v 26.35 89 16 26 4786  1 193767 40203 1.4 19 14 12 16 30% 275626 324 11%
c w 26.37 89 16 26 4786  1 193767 40203 1.4 19 14 12 16 30% 275626 324 11%
c x 26.41 89 16 26 4786  1 193767 40202 1.4 19 14 12 16 30% 275618 324 11%
c - 27.89 89 17 27 4794  1 209616 42698 1.4 20 14 11 16 29% 275618 324 11%
c p 27.90 89 17 27 4794  1 209616 42699 1.4 20 14 11 16 29% 275618 324 11%
c O 27.98 89 17 27 4794  1 210036 42999 1.4 20 14 11 16 29% 275618 324 11%
c ] 28.14 89 17 27 4794  1 210929 43512 1.4 20 14 11 16 29% 275618 324 11%
c { 28.14 89 14 27 4794  1 210929 43512 1.4 17 12 10 14 24% 275618 324 11%
c - 30.44 90 15 28 6048  1 226102 46614 1.4 17 12 10 14 24% 275618 324 11%
c p 30.46 90 15 28 6048  1 226102 46617 1.4 17 12 10 14 24% 275618 324 11%
c u 30.56 90 15 28 6048  1 226102 46577 1.4 17 12 10 14 24% 275618 324 11%
c v 30.59 90 15 28 6048  1 226102 46567 1.4 17 12 10 14 24% 275618 324 11%
c w 30.61 90 15 28 6048  1 226102 46567 1.4 17 12 10 14 24% 275618 324 11%
c x 30.66 90 15 28 6048  1 226102 46567 1.4 17 12 10 14 24% 275611 324 11%
c 
c  seconds  reductions   conflicts         size    tier2        variables
c         MB     restarts       redundant     glue     trail        remaining
c          level       rate          size/glue  tier1    irredundant
c 
c W 31.71 90 14 28 6258  1 231037 48797 1.4 17 12 10 14 24% 275611 324 11%
c - 33.53 90 14 29 7179  1 243222 49909 1.4 17 12 10 14 24% 275611 324 11%
c p 33.55 90 14 29 7179  1 243222 49912 1.4 17 12 10 14 24% 275611 324 11%
c u 33.60 90 14 29 7179  1 243222 49896 1.4 17 12 10 14 24% 275611 324 11%
c v 33.62 90 14 29 7179  1 243222 49895 1.4 17 12 10 14 24% 275611 324 11%
c w 33.63 90 14 29 7179  1 243222 49895 1.4 17 12 10 14 24% 275611 324 11%
c x 33.67 90 14 29 7179  1 243222 49895 1.4 17 12 10 14 24% 275610 324 11%
c F 34.98 90 14 29 7660  1 253038 55521 1.4 17 12 10 14 24% 275610 324 11%
c } 35.60 90 14 29 8319  1 257438 58078 1.4 17 12 10 14 24% 275610 324 11%
c [ 35.60 90 17 29 8319  1 257438 58078 1.4 20 14 11 16 29% 275610 324 11%
c - 36.03 90 16 30 8319  1 260981 54503 1.4 20 14 11 16 29% 275610 324 11%
c p 36.05 90 16 30 8319  1 260981 54506 1.4 20 14 11 16 29% 275610 324 11%
c u 36.12 90 16 30 8319  1 260981 54485 1.4 20 14 11 16 29% 275610 324 11%
c v 36.14 90 16 30 8319  1 260981 54482 1.4 20 14 11 16 29% 275610 324 11%
c w 36.15 90 16 30 8319  1 260981 54482 1.4 20 14 11 16 29% 275610 324 11%
c x 36.18 90 16 30 8319  1 260981 54482 1.4 20 14 11 16 29% 275607 324 11%
c B 37.68 90 16 30 8327  1 276040 63397 1.4 20 14 11 16 28% 275607 324 11%
c - 38.08 91 16 31 8329  1 279375 59035 1.4 20 14 11 16 28% 275607 324 11%
c p 38.09 91 16 31 8329  1 279375 59038 1.4 20 14 11 16 28% 275607 324 11%
c u 38.14 91 16 31 8329  1 279375 59014 1.4 20 14 11 16 28% 275607 324 11%
c 
c  seconds  reductions   conflicts         size    tier2        variables
c         MB     restarts       redundant     glue     trail        remaining
c          level       rate          size/glue  tier1    irredundant
c 
c v 38.16 91 16 31 8329  1 279375 59009 1.4 20 14 11 16 28% 275607 324 11%
c w 38.17 91 16 31 8329  1 279375 59009 1.4 20 14 11 16 28% 275607 324 11%
c x 38.20 91 16 31 8329  1 279375 59009 1.4 20 14 11 16 28% 275599 324 11%
c s 38.86 91 16 31 8333  1 285778 63148 1.4 20 14 11 16 28% 275576 324 11%
c s 38.94 91 16 31 8333  1 285778 63147 1.4 20 14 11 16 28% 275564 324 11%
c - 40.26 91 16 32 8335  1 298405 63738 1.4 20 14 11 16 27% 275564 324 11%
c p 40.28 91 16 32 8335  1 298405 63741 1.4 20 14 11 16 27% 275564 324 11%
c u 40.34 91 16 32 8335  1 298405 63731 1.4 20 14 11 16 27% 275564 324 11%
c v 40.36 91 16 32 8335  1 298405 63725 1.4 20 14 11 16 27% 275564 324 11%
c w 40.36 91 16 32 8335  1 298405 63725 1.4 20 14 11 16 27% 275564 324 11%
c x 40.39 91 16 32 8335  1 298405 63725 1.4 20 14 11 16 27% 275563 324 11%
c W 41.08 91 16 32 8335  1 300041 64718 1.4 20 14 11 16 27% 275563 324 11%
c ] 42.34 91 16 32 8336  1 313533 73461 1.4 20 14 11 16 27% 275563 324 11%
c { 42.34 91 14 32 8336  1 313533 73461 1.4 17 12 10 14 24% 275563 324 11%
c - 43.14 91 15 33 8887  1 318072 67051 1.4 17 12 10 14 24% 275563 324 11%
c p 43.15 91 15 33 8887  1 318072 67054 1.4 17 12 10 14 24% 275563 324 11%
c u 43.49 101 15 33 8887  1 318072 67047 1.4 17 12 10 14 24% 275563 324 11%
c v 43.50 101 15 33 8887  1 318072 67016 1.4 17 12 10 14 24% 275563 324 11%
c w 43.52 101 15 33 8887  1 318072 67016 1.4 17 12 10 14 24% 275563 324 11%
c x 43.55 101 15 33 8887  1 318072 67016 1.4 17 12 10 14 24% 275563 324 11%
c 
c  seconds   reductions   conflicts         size    tier2        variables
c          MB     restarts       redundant     glue     trail        remaining
c           level       rate          size/glue  tier1    irredundant
c 
c B 44.70 101 15 33 9628  1 325043 70904 1.4 17 13 10 14 24% 275563 324 11%
c - 46.43 101 14 34 9815  1 338378 69154 1.4 17 12 10 13 24% 275563 324 11%
c p 46.45 101 14 34 9815  1 338378 69157 1.4 17 12 10 13 24% 275563 324 11%
c u 46.54 101 14 34 9815  1 338378 69139 1.4 17 12 10 13 24% 275563 324 11%
c v 46.57 101 14 34 9815  1 338378 69096 1.4 17 12 10 13 24% 275563 324 11%
c w 46.59 101 14 34 9815  1 338378 69096 1.4 17 12 10 13 24% 275563 324 11%
c x 46.64 101 14 34 9815  1 338378 69096 1.4 17 12 10 13 24% 275560 324 11%
c W 48.43 101 14 34 10012  1 351044 75384 1.4 17 12 10 13 24% 275560 324 11%
c - 49.68 102 14 35 10996  1 359322 72970 1.4 17 12 10 13 24% 275560 324 11%
c p 49.69 102 14 35 10996  1 359322 72972 1.4 17 12 10 13 24% 275560 324 11%
c u 49.76 102 14 35 10996  1 359322 72956 1.4 17 12 10 13 24% 275560 324 11%
c v 49.78 102 14 35 10996  1 359322 72932 1.4 17 12 10 13 24% 275560 324 11%
c w 49.79 102 14 35 10996  1 359322 72932 1.4 17 12 10 13 24% 275560 324 11%
c x 49.83 102 14 35 10996  1 359322 72932 1.4 17 12 10 13 24% 275558 324 11%
c } 52.13 102 14 35 12642  1 374303 81341 1.4 17 12 10 13 23% 275558 324 11%
c [ 52.13 102 16 35 12642  1 374303 81341 1.4 20 14 11 16 27% 275558 324 11%
c I 52.75 102 16 35 12642  1 378046 83358 1.4 20 14 11 16 27% 275558 324 11%
c - 53.23 102 16 36 12642  1 380903 77472 1.4 20 14 11 16 27% 275558 324 11%
c p 53.25 102 16 36 12642  1 380903 77475 1.4 20 14 11 16 27% 275558 324 11%
c u 53.34 102 16 36 12642  1 380903 77454 1.4 20 14 11 16 27% 275558 324 11%
c 
c  seconds   reductions    conflicts         size    tier2        variables
c          MB      restarts       redundant     glue     trail        remaining
c           level        rate          size/glue  tier1    irredundant
c 
c v 53.37 102 16 36 12642  1 380903 77434 1.4 20 14 11 16 27% 275558 324 11%
c w 53.39 102 16 36 12642  1 380903 77429 1.4 20 14 11 16 27% 275558 324 11%
c x 53.44 102 16 36 12642  1 380903 77428 1.4 20 14 11 16 27% 275549 324 11%
c s 55.79 102 16 36 12642  1 402567 90214 1.4 20 14 11 16 26% 275527 324 11%
c s 55.89 102 16 36 12642  1 402567 90197 1.4 20 14 11 16 26% 275472 324 11%
c - 56.10 102 16 37 12642  1 403125 81172 1.4 20 14 11 16 26% 275472 324 11%
c p 56.12 102 16 37 12642  1 403125 81175 1.4 20 14 11 16 26% 275472 324 11%
c u 56.22 102 16 37 12642  1 403125 81159 1.4 20 14 11 16 26% 275472 324 11%
c v 56.25 102 16 37 12642  1 403125 81129 1.4 20 14 11 16 26% 275472 324 11%
c w 56.27 102 16 37 12642  1 403125 81123 1.4 20 14 11 16 26% 275472 324 11%
c x 56.32 102 16 37 12642  1 403125 81123 1.4 20 14 11 16 26% 275472 324 11%
c B 56.72 102 16 37 12642  1 406051 82793 1.4 20 14 11 16 26% 275472 324 11%
c - 59.07 103 16 38 12655  1 425983 84696 1.4 20 14 11 16 26% 275472 324 11%
c p 59.09 103 16 38 12655  1 425983 84699 1.4 20 14 11 16 26% 275472 324 11%
c u 59.20 103 16 38 12655  1 425983 84675 1.4 20 14 11 16 26% 275472 324 11%
c v 59.23 103 16 38 12655  1 425983 84661 1.4 20 14 11 16 26% 275472 324 11%
c w 59.25 103 16 38 12655  1 425983 84655 1.4 20 14 11 16 26% 275472 324 11%
c x 59.29 103 16 38 12655  1 425983 84654 1.4 20 14 11 16 26% 275470 324 11%
c W 61.01 103 16 38 12657  1 435054 89815 1.4 20 14 11 16 26% 275470 324 11%
c ] 61.59 103 16 38 12658  1 440256 92371 1.4 20 14 11 16 25% 275470 324 11%
c 
c  seconds   reductions    conflicts         size    tier2        variables
c          MB      restarts       redundant     glue     trail        remaining
c           level        rate          size/glue  tier1    irredundant
c 
c { 61.59 103 14 38 12658  1 440256 92371 1.4 17 12 10 13 23% 275470 324 11%
c - 63.37 103 14 39 12988  1 449480 88665 1.4 17 12 10 13 23% 275470 324 11%
c p 63.38 103 14 39 12988  1 449480 88668 1.4 17 12 10 13 23% 275470 324 11%
c u 63.45 103 14 39 12988  1 449480 88659 1.4 17 12 10 13 23% 275470 324 11%
c v 63.48 103 14 39 12988  1 449480 88634 1.4 17 12 10 13 23% 275470 324 11%
c w 63.49 103 14 39 12988  1 449480 88633 1.4 17 12 10 13 23% 275470 324 11%
c x 63.53 103 14 39 12988  1 449480 88632 1.4 17 12 10 13 23% 275467 324 11%
c # 65.28 103 14 39 13744  1 465057 96599 1.4 17 12 9 13 23% 275467 324 11%
c - 66.28 82 14 40 13783  1 473615 78643 1.4 17 12 9 13 23% 275467 324 11%
c p 66.30 82 14 40 13783  1 473615 78646 1.4 17 12 9 13 23% 275467 324 11%
c u 66.37 82 14 40 13783  1 473615 78633 1.4 17 12 9 13 23% 275467 324 11%
c v 66.40 82 14 40 13783  1 473615 78598 1.4 17 12 9 13 23% 275467 324 11%
c w 66.41 82 14 40 13783  1 473615 78595 1.4 17 12 9 13 23% 275467 324 11%
c x 66.46 82 14 40 13783  1 473615 78595 1.4 17 12 9 13 23% 275462 324 11%
c B 69.14 82 13 40 14357  1 496058 89246 1.4 17 12 9 13 23% 275462 324 11%
c - 69.61 108 13 41 14902  1 498389 78346 1.4 17 12 9 13 23% 275462 324 11%
c p 69.63 108 13 41 14902  1 498389 78351 1.4 17 12 9 13 23% 275462 324 11%
c u 70.09 108 13 41 14902  1 498389 78331 1.4 17 12 9 13 23% 275462 324 11%
c v 70.11 108 13 41 14902  1 498389 78297 1.4 17 12 9 13 23% 275462 324 11%
c w 70.12 108 13 41 14902  1 498389 78296 1.4 17 12 9 13 23% 275462 324 11%
c 
c  seconds   reductions    conflicts         size   tier2        variables
c          MB      restarts       redundant     glue    trail        remaining
c           level        rate          size/glue  tier1   irredundant
c 
c x 70.17 108 13 41 14902  1 498389 78295 1.4 17 12 9 13 23% 275460 324 11%
c } 72.75 108 14 41 16983  1 519278 88914 1.4 17 12 9 13 23% 275460 324 11%
c [ 72.75 108 16 41 16983  1 519278 88914 1.4 20 14 11 16 25% 275460 324 11%
c - 73.32 134 16 42 16986  1 523804 81022 1.4 20 14 11 16 25% 275460 324 11%
c p 73.34 134 16 42 16986  1 523804 81024 1.4 20 14 11 16 25% 275460 324 11%
c u 73.41 134 16 42 16986  1 523804 81005 1.4 20 14 11 16 25% 275460 324 11%
c v 73.44 134 16 42 16986  1 523804 80979 1.4 20 14 11 16 25% 275460 324 11%
c w 73.46 134 16 42 16986  1 523804 80978 1.4 20 14 11 16 25% 275460 324 11%
c x 73.50 134 16 42 16986  1 523804 80978 1.4 20 14 11 16 25% 275457 324 11%
c O 74.01 134 16 42 16989  1 528059 83320 1.4 20 14 11 16 25% 275457 324 11%
c s 75.56 134 16 42 16995  1 538812 89124 1.4 20 14 11 15 25% 275422 324 11%
c s 75.67 134 16 42 16995  1 538812 89100 1.4 20 14 11 15 25% 275307 324 11%
c - 77.09 134 16 43 16997  1 549860 85407 1.4 19 14 11 15 25% 275307 324 11%
c p 77.10 134 16 43 16997  1 549860 85410 1.4 19 14 11 15 25% 275307 324 11%
c u 77.19 134 16 43 16997  1 549860 85390 1.4 19 14 11 15 25% 275307 324 11%
c v 77.22 134 16 43 16997  1 549860 85381 1.4 19 14 11 15 25% 275307 324 11%
c w 77.25 134 16 43 16997  1 549860 85380 1.4 19 14 11 15 25% 275307 324 11%
c x 77.30 134 16 43 16997  1 549860 85380 1.4 19 14 11 15 25% 275305 324 11%
c B 78.56 134 16 43 16998  1 561060 92475 1.4 20 14 11 15 25% 275305 324 11%
c - 80.38 134 16 44 17004  1 576551 87903 1.4 20 14 11 15 24% 275305 324 11%
c 
c  seconds   reductions    conflicts         size    tier2        variables
c          MB      restarts       redundant     glue     trail        remaining
c           level        rate          size/glue  tier1    irredundant
c 
c p 80.40 134 16 44 17004  1 576551 87905 1.4 20 14 11 15 24% 275305 324 11%
c u 80.49 134 16 44 17004  1 576551 87889 1.4 20 14 11 15 24% 275305 324 11%
c v 80.52 134 16 44 17004  1 576551 87887 1.4 20 14 11 15 24% 275305 324 11%
c w 80.54 134 16 44 17004  1 576551 87886 1.4 20 14 11 15 24% 275305 324 11%
c x 80.59 134 16 44 17004  1 576551 87886 1.4 20 14 11 15 24% 275303 324 11%
c W 83.85 134 16 44 17013  1 595062 99260 1.4 20 14 11 15 24% 275303 324 11%
c ] 84.48 134 16 44 17013  1 599932 101699 1.4 20 14 11 15 24% 275303 324 11%
c { 84.48 134 14 44 17013  1 599932 101699 1.4 17 12 9 13 23% 275303 324 11%
c - 84.99 137 14 45 17098  1 603881 91069 1.4 17 12 9 13 23% 275303 324 11%
c p 85.01 137 14 45 17098  1 603881 91072 1.4 17 12 9 13 23% 275303 324 11%
c u 85.09 137 14 45 17098  1 603881 91028 1.4 17 12 9 13 23% 275303 324 11%
c v 85.12 137 14 45 17098  1 603881 91023 1.4 17 12 9 13 23% 275303 324 11%
c w 85.13 137 14 45 17098  1 603881 91023 1.4 17 12 9 13 23% 275303 324 11%
c x 85.18 137 14 45 17098  1 603881 91023 1.4 17 12 9 13 23% 275302 324 11%
c W 88.76 137 13 45 17930  1 630064 103571 1.4 17 12 9 13 23% 275302 324 11%
c - 89.02 137 13 46 17940  1 631854 95337 1.4 17 12 9 13 23% 275302 324 11%
c p 89.04 137 13 46 17940  1 631854 95340 1.4 17 12 9 13 23% 275302 324 11%
c u 89.15 137 13 46 17940  1 631854 95310 1.4 17 12 9 13 23% 275302 324 11%
c v 89.20 137 13 46 17940  1 631854 95306 1.4 17 12 9 13 23% 275302 324 11%
c w 89.22 137 13 46 17940  1 631854 95304 1.4 17 12 9 13 23% 275302 324 11%
c 
c  seconds   reductions    conflicts         size   tier2        variables
c          MB      restarts       redundant     glue    trail        remaining
c           level        rate          size/glue  tier1   irredundant
c 
c x 89.28 137 13 46 17940  1 631854 95304 1.4 17 12 9 13 23% 275301 324 11%
c - 94.03 137 13 47 20339  1 660468 100011 1.4 17 12 9 13 23% 275301 324 11%
c p 94.05 137 13 47 20339  1 660468 100014 1.4 17 12 9 13 23% 275301 324 11%
c u 94.17 137 13 47 20339  1 660468 99996 1.4 17 12 9 13 23% 275301 324 11%
c v 94.21 137 13 47 20339  1 660468 99978 1.4 17 12 9 13 23% 275301 324 11%
c w 94.23 137 13 47 20339  1 660468 99978 1.4 17 12 9 13 23% 275301 324 11%
c x 94.29 137 13 47 20339  1 660468 99978 1.4 17 12 9 13 23% 275298 324 11%
c F 95.19 137 14 47 21064  1 666065 103045 1.4 17 12 9 13 23% 275298 324 11%
c - 98.79 137 14 48 23162  1 689720 104612 1.4 17 12 9 13 23% 275298 324 11%
c p 98.82 137 14 48 23162  1 689720 104615 1.4 17 12 9 13 23% 275298 324 11%
c u 98.92 137 14 48 23162  1 689720 104587 1.4 17 12 9 13 23% 275298 324 11%
c v 98.95 137 14 48 23162  1 689720 104580 1.4 17 12 9 13 23% 275298 324 11%
c w 98.98 137 14 48 23162  1 689720 104579 1.4 17 12 9 13 23% 275298 324 11%
c x 99.04 137 14 48 23162  1 689720 104578 1.4 17 12 9 13 23% 275297 324 11%
c } 99.12 137 14 48 23172  1 690000 104733 1.4 17 12 9 13 23% 275297 324 11%
c [ 99.12 137 16 48 23172  1 690000 104733 1.4 20 14 11 15 24% 275297 324 11%
c s 99.73 137 16 48 23175  1 694507 107035 1.4 20 14 11 15 24% 275214 324 11%
c s 99.84 137 16 48 23175  1 694507 107026 1.4 20 14 11 15 24% 275173 324 11%
c I 101.00 137 16 48 23179  1 703068 111924 1.4 20 14 11 15 24% 275173 324 11%
c - 103.12 137 16 49 23187  1 719614 107013 1.4 19 14 11 15 24% 275173 324 11%
c 
c  seconds    reductions    conflicts          size    tier2        variables
c           MB      restarts       redundant      glue     trail        remaining
c            level        rate           size/glue  tier1    irredundant
c 
c p 103.14 137 16 49 23187  1 719614 107016 1.4 19 14 11 15 24% 275173 324 11%
c u 103.24 137 16 49 23187  1 719614 106987 1.4 19 14 11 15 24% 275173 324 11%
c v 103.28 137 16 49 23187  1 719614 106979 1.4 19 14 11 15 24% 275173 324 11%
c w 103.30 137 16 49 23187  1 719614 106978 1.4 19 14 11 15 24% 275173 324 11%
c x 103.36 137 16 49 23187  1 719614 106978 1.4 19 14 11 15 24% 275172 324 11%
c B 105.66 137 16 49 23188  1 741069 120020 1.4 20 14 11 15 25% 275172 324 11%
c - 106.69 137 16 50 23189  1 750144 109967 1.4 20 14 11 15 25% 275172 324 11%
c p 106.70 137 16 50 23189  1 750144 109970 1.4 20 14 11 15 25% 275172 324 11%
c u 106.86 137 16 50 23189  1 750144 109947 1.4 20 14 11 15 25% 275172 324 11%
c v 106.89 137 16 50 23189  1 750144 109931 1.4 20 14 11 15 25% 275172 324 11%
c w 106.91 137 16 50 23189  1 750144 109927 1.4 20 14 11 15 25% 275172 324 11%
c x 106.97 137 16 50 23189  1 750144 109927 1.4 20 14 11 15 25% 275171 324 11%
c W 111.72 137 16 50 23190  1 780072 127096 1.4 20 14 11 15 25% 275171 324 11%
c - 111.96 137 16 51 23190  1 781315 112697 1.4 20 14 11 15 25% 275171 324 11%
c p 111.99 137 16 51 23190  1 781315 112700 1.4 20 14 11 15 25% 275171 324 11%
c u 112.09 137 16 51 23190  1 781315 112684 1.4 20 14 11 15 25% 275171 324 11%
c v 112.13 137 16 51 23190  1 781315 112677 1.4 20 14 11 15 25% 275171 324 11%
c w 112.15 137 16 51 23190  1 781315 112676 1.4 20 14 11 15 25% 275171 324 11%
c x 112.21 137 16 51 23190  1 781315 112674 1.4 20 14 11 15 25% 275169 324 11%
c ] 112.93 137 16 51 23190  1 786687 115629 1.4 20 14 11 15 25% 275169 324 11%
c 
c  seconds    reductions    conflicts          size   tier2        variables
c           MB      restarts       redundant      glue    trail        remaining
c            level        rate           size/glue  tier1   irredundant
c 
c { 112.93 137 14 51 23190  1 786687 115629 1.4 17 12 9 13 23% 275169 324 11%
c - 116.78 137 14 52 25207  1 813131 116457 1.4 17 12 9 13 23% 275169 324 11%
c p 116.81 137 14 52 25207  1 813131 116460 1.4 17 12 9 13 23% 275169 324 11%
c u 116.91 137 14 52 25207  1 813131 116438 1.4 17 12 9 13 23% 275169 324 11%
c v 116.96 137 14 52 25207  1 813131 116432 1.4 17 12 9 13 23% 275169 324 11%
c w 116.99 137 14 52 25207  1 813131 116431 1.4 17 12 9 13 23% 275169 324 11%
c x 117.05 137 14 52 25207  1 813131 116430 1.4 17 12 9 13 23% 275161 324 11%
c B 117.94 137 14 52 25273  1 820073 119855 1.4 17 12 9 13 23% 275161 324 11%
c - 121.70 137 14 53 26797  1 845583 121808 1.4 17 12 9 13 23% 275161 324 11%
c p 121.73 137 14 53 26797  1 845583 121811 1.4 17 12 9 13 23% 275161 324 11%
c u 121.88 137 14 53 26797  1 845583 121763 1.4 17 12 9 13 23% 275161 324 11%
c v 121.95 137 14 53 26797  1 845583 121760 1.4 17 12 9 13 23% 275161 324 11%
c w 121.98 137 14 53 26797  1 845583 121759 1.4 17 12 9 13 23% 275161 324 11%
c x 122.07 137 14 53 26797  1 845583 121759 1.4 17 12 9 13 23% 275160 324 11%
c W 125.06 137 13 53 27282  1 861074 129634 1.4 17 12 9 13 23% 275160 324 11%
c s 126.71 137 13 53 27837  1 869650 134055 1.4 17 12 9 13 23% 275066 324 11%
c s 126.85 137 13 53 27837  1 869650 134039 1.4 17 12 9 13 23% 274949 324 11%
c - 128.36 137 13 54 27956  1 878681 126179 1.4 17 12 9 13 23% 274949 324 11%
c p 128.39 137 13 54 27956  1 878681 126182 1.4 17 12 9 13 23% 274949 324 11%
c u 128.53 137 13 54 27956  1 878681 126144 1.4 17 12 9 13 23% 274949 324 11%
c 
c  seconds    reductions    conflicts          size   tier2        variables
c           MB      restarts       redundant      glue    trail        remaining
c            level        rate           size/glue  tier1   irredundant
c 
c v 128.58 137 13 54 27956  1 878681 126109 1.4 17 12 9 13 23% 274949 324 11%
c w 128.61 137 13 54 27956  1 878681 126103 1.4 17 12 9 13 23% 274949 324 11%
c x 128.70 137 13 54 27956  1 878681 126103 1.4 17 12 9 13 23% 274940 324 11%
c } 130.49 137 13 54 28368  1 890847 132073 1.4 17 12 9 13 23% 274940 324 11%
c [ 130.49 137 16 54 28368  1 890847 132073 1.4 20 14 11 15 25% 274940 324 11%
c O 132.24 137 16 54 28368  1 903076 138604 1.4 20 14 11 15 25% 274940 324 11%
c - 133.78 137 15 55 28368  1 912409 131858 1.4 19 13 11 15 25% 274940 324 11%
c p 133.80 137 15 55 28368  1 912409 131861 1.4 19 13 11 15 25% 274940 324 11%
c u 133.93 137 15 55 28368  1 912409 131835 1.4 19 13 11 15 25% 274940 324 11%
c v 133.98 137 15 55 28368  1 912409 131807 1.4 19 13 11 15 25% 274940 324 11%
c w 134.00 137 15 55 28368  1 912409 131807 1.4 19 13 11 15 25% 274940 324 11%
c x 134.09 137 15 55 28368  1 912409 131805 1.4 19 13 11 15 25% 274924 324 11%
c i 135.99 137 15 55 28368  1 924903 137118 1.4 19 13 10 15 25% 274924 321 11%
c B 139.30 137 14 55 28368  1 946080 149262 1.4 18 13 10 15 25% 274924 321 11%
c - 139.56 137 14 56 28369  1 946778 115757 1.4 18 13 10 15 25% 261111 321 11%
c 2 139.56 137 14 56 28369  1 946778 115757 1.4 18 13 10 15 25% 261110 321 11%
c p 139.58 137 14 56 28369  1 946778 115760 1.4 18 13 10 15 25% 261110 321 11%
c u 139.71 137 14 56 28369  1 946778 115720 1.4 18 13 10 15 25% 261110 321 11%
c v 139.76 137 14 56 28369  1 946778 115706 1.4 18 13 10 15 25% 261110 321 11%
c w 139.79 137 14 56 28369  1 946778 115700 1.4 18 13 10 15 25% 261110 321 11%
c 
c  seconds    reductions    conflicts          size    tier2        variables
c           MB      restarts       redundant      glue     trail        remaining
c            level        rate           size/glue  tier1    irredundant
c 
c x 139.87 137 14 56 28369  1 946778 115700 1.4 18 13 10 15 25% 261105 321 11%
c - 144.50 137 15 57 28385  1 981245 123288 1.4 19 13 10 15 25% 261105 321 11%
c p 144.53 137 15 57 28385  1 981245 123291 1.4 19 13 10 15 25% 261105 321 11%
c u 144.71 137 15 57 28385  1 981245 123264 1.4 19 13 10 15 25% 261105 321 11%
c v 144.78 137 15 57 28385  1 981245 123250 1.4 19 13 10 15 25% 261105 321 11%
c w 144.82 137 15 57 28385  1 981245 123250 1.4 19 13 10 15 25% 261105 321 11%
c x 144.90 137 15 57 28385  1 981245 123249 1.4 19 13 10 15 25% 261100 321 11%
c W 147.26 137 15 57 28390  1 990081 128135 1.4 19 13 10 15 25% 261100 321 11%
c ] 148.19 137 15 57 28394  1 996902 131939 1.4 19 13 10 15 25% 261100 321 11%
c { 148.19 137 13 57 28394  1 996902 131939 1.4 17 12 9 13 23% 261100 321 11%
c - 151.41 86 13 58 29258  1 1016331 131094 1.4 17 12 9 13 23% 261100 321 11%
c p 151.43 86 13 58 29258  1 1016331 131097 1.4 17 12 9 13 23% 261100 321 11%
c u 151.55 86 13 58 29258  1 1016331 131075 1.4 17 12 9 13 23% 261100 321 11%
c v 151.60 86 13 58 29258  1 1016331 131054 1.4 17 12 9 13 23% 261100 321 11%
c w 151.63 86 13 58 29258  1 1016331 131052 1.4 17 12 9 13 23% 261100 321 11%
c x 151.71 86 13 58 29258  1 1016331 131049 1.4 17 12 9 13 23% 261097 321 11%
c # 154.74 86 13 58 29986  1 1035082 139553 1.4 16 11 9 13 23% 261097 321 11%
c - 158.25 90 13 59 31330  1 1052039 137345 1.4 16 11 9 13 23% 261097 321 11%
c p 158.28 90 13 59 31330  1 1052039 137348 1.4 16 11 9 13 23% 261097 321 11%
c u 158.44 90 13 59 31330  1 1052039 137319 1.4 16 11 9 13 23% 261097 321 11%
c 
c  seconds   reductions     conflicts          size   tier2        variables
c          MB      restarts        redundant      glue    trail        remaining
c           level        rate            size/glue  tier1   irredundant
c 
c v 158.52 90 13 59 31330  1 1052039 137300 1.4 16 11 9 13 23% 261097 321 11%
c w 158.56 90 13 59 31330  1 1052039 137297 1.4 16 11 9 13 23% 261097 321 11%
c x 158.68 90 13 59 31330  1 1052039 137295 1.4 16 11 9 13 23% 261090 321 11%
c s 160.76 99 13 59 31568  1 1064231 142848 1.4 16 11 8 13 23% 260584 321 11%
c e 160.81 99 13 59 31568  1 1064231 142218 1.4 16 11 8 13 23% 260582 319 11%
c s 160.91 99 13 59 31568  1 1064231 142194 1.4 16 11 8 13 23% 260115 319 11%
c B 164.27 99 13 59 33434  1 1081086 150464 1.4 16 11 8 13 23% 260115 319 11%
c - 165.90 91 13 60 33973  1 1088369 120928 1.4 16 11 8 13 23% 260115 319 11%
c p 165.92 91 13 60 33973  1 1088369 120930 1.4 16 11 8 13 23% 260115 319 11%
c u 166.75 105 13 60 33973  1 1088369 120897 1.4 16 11 8 13 23% 260115 319 11%
c v 166.82 105 13 60 33973  1 1088369 120871 1.4 16 11 8 13 23% 260115 319 11%
c w 166.85 105 13 60 33973  1 1088369 120867 1.4 16 11 8 13 23% 260115 319 11%
c x 166.96 105 13 60 33973  1 1088369 120867 1.4 16 11 8 13 23% 260100 319 11%
c } 170.93 105 12 60 34713  1 1115231 134223 1.4 16 11 8 13 23% 260100 319 11%
c [ 170.93 105 15 60 34713  1 1115231 134223 1.4 19 13 10 15 25% 260100 319 11%
c - 172.39 119 15 61 34717  1 1125278 121596 1.4 18 13 10 15 25% 260100 319 11%
c p 172.41 119 15 61 34717  1 1125278 121599 1.4 18 13 10 15 25% 260100 319 11%
c u 172.57 119 15 61 34717  1 1125278 121571 1.4 18 13 10 15 25% 260100 319 11%
c v 172.63 119 15 61 34717  1 1125278 121517 1.4 18 13 10 15 25% 260100 319 11%
c w 172.67 119 15 61 34717  1 1125278 121515 1.4 18 13 10 15 25% 260100 319 11%
c 
c  seconds    reductions     conflicts          size    tier2        variables
c           MB      restarts        redundant      glue     trail        remaining
c            level        rate            size/glue  tier1    irredundant
c 
c x 172.77 119 15 61 34717  1 1125278 121513 1.4 18 13 10 15 25% 260087 319 11%
c I 173.23 119 15 61 34717  1 1128089 123098 1.4 18 13 10 15 25% 260087 319 11%
c - 177.45 148 14 62 34728  1 1162808 126494 1.4 18 13 10 15 24% 260087 319 11%
c p 177.47 148 14 62 34728  1 1162808 126497 1.4 18 13 10 15 24% 260087 319 11%
c u 177.59 148 14 62 34728  1 1162808 126441 1.4 18 13 10 15 24% 260087 319 11%
c v 177.64 148 14 62 34728  1 1162808 126416 1.4 18 13 10 15 24% 260087 319 11%
c w 177.67 148 14 62 34728  1 1162808 126401 1.4 18 13 10 15 24% 260087 319 11%
c x 177.74 148 14 62 34728  1 1162808 126401 1.4 18 13 10 15 24% 260055 319 11%
c B 179.65 148 14 62 34733  1 1176091 133191 1.4 18 13 10 15 24% 260055 319 11%
c - 183.21 148 14 63 34746  1 1200958 133089 1.4 18 12 9 15 24% 260055 319 11%
c p 183.23 148 14 63 34746  1 1200958 133092 1.4 18 12 9 15 24% 260055 319 11%
c u 183.37 148 14 63 34746  1 1200958 133026 1.4 18 12 9 15 24% 260055 319 11%
c v 183.42 148 14 63 34746  1 1200958 132985 1.4 18 12 9 15 24% 260055 319 11%
c w 183.45 148 14 63 34746  1 1200958 132942 1.4 18 12 9 15 24% 260055 319 11%
c x 183.53 148 14 63 34746  1 1200958 132941 1.4 18 12 9 15 24% 260041 319 11%
c W 188.72 148 14 63 34749  1 1225092 145336 1.4 17 12 9 15 23% 260041 319 11%
c - 190.81 148 14 64 34750  1 1239726 136802 1.4 18 12 9 15 23% 260041 319 11%
c p 190.84 148 14 64 34750  1 1239726 136805 1.4 18 12 9 15 23% 260041 319 11%
c u 191.00 148 14 64 34750  1 1239726 136760 1.4 18 12 9 15 23% 260041 319 11%
c v 191.08 148 14 64 34750  1 1239726 136750 1.4 18 12 9 15 23% 260041 319 11%
c 
c  seconds    reductions     conflicts          size   tier2        variables
c           MB      restarts        redundant      glue    trail        remaining
c            level        rate            size/glue  tier1   irredundant
c 
c w 191.11 148 14 64 34750  1 1239726 136716 1.4 18 12 9 15 23% 260041 319 11%
c x 191.21 148 14 64 34750  1 1239726 136710 1.4 18 12 9 15 23% 260007 319 11%
c ] 191.75 148 14 64 34750  1 1243342 138698 1.4 18 12 9 15 23% 260007 319 11%
c { 191.75 148 12 64 34750  1 1243342 138698 1.4 16 11 8 13 23% 260007 319 11%
c W 197.82 148 12 64 35943  1 1275093 153574 1.4 16 11 8 12 23% 260007 319 11%
c s 198.28 148 12 64 36017  1 1277002 154598 1.4 16 11 8 12 23% 259625 319 11%
c s 198.45 148 12 64 36017  1 1277002 154576 1.4 16 11 8 12 23% 259322 319 11%
c - 199.03 151 12 65 36151  1 1279113 137337 1.4 16 11 8 12 23% 259322 319 11%
c p 199.05 151 12 65 36151  1 1279113 137340 1.4 16 11 8 12 23% 259322 319 11%
c u 199.19 151 12 65 36151  1 1279113 137298 1.4 16 11 8 12 23% 259321 319 11%
c v 199.26 151 12 65 36151  1 1279113 137283 1.4 16 11 8 12 23% 259321 319 11%
c w 199.29 151 12 65 36151  1 1279113 137263 1.4 16 11 8 12 23% 259321 319 11%
c x 199.37 151 12 65 36151  1 1279113 137262 1.4 16 11 8 12 23% 259285 319 11%
c - 206.38 151 12 66 38609  1 1319087 141223 1.4 16 11 8 12 23% 259285 319 11%
c p 206.40 151 12 66 38609  1 1319087 141226 1.4 16 11 8 12 23% 259285 319 11%
c u 206.55 151 12 66 38609  1 1319087 141158 1.4 16 11 8 12 23% 259285 319 11%
c v 206.63 151 12 66 38609  1 1319087 141152 1.4 16 11 8 12 23% 259285 319 11%
c w 206.67 151 12 66 38609  1 1319087 141131 1.4 16 11 8 12 23% 259285 319 11%
c x 206.77 151 12 66 38609  1 1319087 141130 1.4 16 11 8 12 23% 259255 319 11%
c F 208.21 151 12 66 39389  1 1326095 144624 1.4 16 11 8 12 23% 259255 319 11%
c 
c  seconds    reductions     conflicts          size   tier2        variables
c           MB      restarts        redundant      glue    trail        remaining
c            level        rate            size/glue  tier1   irredundant
c 
c - 213.99 151 12 67 40695  1 1359682 147516 1.4 15 11 8 12 23% 259255 319 11%
c p 214.01 151 12 67 40695  1 1359682 147519 1.4 15 11 8 12 23% 259255 319 11%
c u 214.18 151 12 67 40695  1 1359682 147453 1.4 15 11 8 12 23% 259255 319 11%
c v 214.25 151 12 67 40695  1 1359682 147433 1.4 15 11 8 12 23% 259255 319 11%
c w 214.29 151 12 67 40695  1 1359682 147400 1.4 15 11 8 12 23% 259255 319 11%
c x 214.39 151 12 67 40695  1 1359682 147399 1.4 15 11 8 12 23% 259142 319 11%
c } 217.19 151 12 67 41757  1 1375562 154799 1.4 15 11 8 12 23% 259142 319 11%
c [ 217.19 151 14 67 41757  1 1375562 154799 1.4 18 12 9 15 23% 259142 319 11%
c O 217.60 151 14 67 41757  1 1378099 156068 1.4 18 12 9 15 23% 259142 319 11%
c i 220.97 151 13 67 41757  1 1394545 163021 1.4 17 12 9 15 23% 259142 316 11%
c - 222.30 85 13 68 41761  1 1400894 96342 1.4 17 12 9 15 23% 205931 316 11%
c 2 222.30 85 13 68 41761  1 1400894 96341 1.4 17 12 9 15 23% 205930 316 11%
c p 222.32 85 13 68 41761  1 1400894 96345 1.4 17 12 9 15 23% 205930 316 11%
c u 222.46 85 13 68 41761  1 1400894 96224 1.4 17 12 9 15 23% 205929 316 11%
c v 222.52 85 13 68 41761  1 1400894 96109 1.4 17 12 9 15 23% 205929 316 11%
c w 222.55 85 13 68 41761  1 1400894 95982 1.4 17 12 9 15 23% 205929 316 11%
c x 222.64 85 13 68 41761  1 1400894 95971 1.4 17 12 9 15 23% 205229 316 11%
c t 222.64 85 13 68 41761  1 1400894 95971 1.4 17 12 9 15 23% 205228 316 11%
c i 224.62 85 13 68 41768  1 1413616 101682 1.4 17 12 9 15 23% 205228 315 11%
c i 225.37 85 13 68 41771  1 1419778 104625 1.4 16 11 9 15 23% 205228 313 11%
c 
c  seconds   reductions     conflicts          size   tier2        variables
c          MB      restarts        redundant      glue    trail        remaining
c           level        rate            size/glue  tier1   irredundant
c 
c i 225.54 85 13 68 41772  1 1421119 105166 1.4 16 11 9 15 23% 205228 311 10%
c i 225.57 85 13 68 41772  1 1421244 105204 1.4 16 11 9 15 23% 205228 310 10%
c i 225.59 85 13 68 41772  1 1421377 105236 1.4 16 11 9 15 23% 205228 308 10%
c i 225.61 85 13 68 41772  1 1421495 105286 1.4 16 11 9 15 23% 205228 294 10%
c i 225.62 85 13 68 41772  1 1421575 105311 1.4 16 11 9 15 23% 205228 278  9%
c i 225.62 85 13 68 41772  1 1421588 105316 1.4 16 11 9 15 23% 205228 275  9%
c ] 225.62 85 13 68 41772  1 1421600 105317 1.4 16 11 9 15 23% 205228 269  9%
c 0 225.62 85 13 68 41772  1 1421600 105317 1.4 16 11 9 15 23% 205228 269  9%
c 
c --- [ closing proof ] ------------------------------------------------------
c 
c LRAT proof file '/root/earth-moon/lean/data/a4_m04c/leaf12.lrat' closed
c LRAT 1922077 added clauses 50.34%
c LRAT 1895835 deleted clauses 49.66%
c LRAT 368719538 bytes (351.64 MB)
c 
c --- [ result ] -------------------------------------------------------------
c 
s UNSATISFIABLE
c 
c --- [ run-time profiling ] -------------------------------------------------
c 
c process time taken by individual solving procedures
c (percentage relative to process time for solving)
c 
c       209.25   92.84% search
c       111.60   49.51% unstable
c        87.69   38.91% stable
c        16.14    7.16% simplify
c        10.51    4.66% vivify
c         9.91    4.40% walk
c         2.14    0.95% sweep
c         1.19    0.53% subsume
c         0.73    0.32% elim
c         0.59    0.26% probe
c         0.28    0.12% ternary
c         0.23    0.10% parse
c         0.20    0.09% congruence
c         0.05    0.02% lucky
c         0.00    0.00% backbone
c   =================================
c       225.39   99.90% solve
c 
c last line shows process time for solving
c (percentage relative to total process time)
c 
c --- [ statistics ] ---------------------------------------------------------
c 
c chronological:            140213         9.86 %  of conflicts
c conflicts:               1421600      6307.36    per second
c backbone:                 109600      3697.71 %  of vars
c decisions:               1585184      7033.15    per second
c eliminated:                 2245        75.74 %  of all variables
c fixed:                       448        15.11 %  of all variables
c learned:                 1397999        98.34 %  per conflict
c learned_lits:           36909208       100.00 %  learned literals
c minimized:                     0         0.00 %  learned literals
c shrunken:               10873541        29.46 %  learned literals
c minishrunken:            1596530         4.33 %  learned literals
c otfs:                       4367         0.31 %  of conflict
c propagations:           18667502         0.08 M  per second
c reduced:                  555146        39.05 %  per conflict
c rephased:                     52     27338.46    interval
c restarts:                  41772        34.03    interval
c stabilizing:                  13        48.54 %  of conflicts
c substituted:                   1         0.03 %  of all variables
c subsumed:                 649606        38.50 %  of all clauses
c strengthened:              41472         2.46 %  of all clauses
c ticks:               14805068788       802.50    propagation
c vivified:                   5369         0.32 %  of all clauses
c walked:                       16     88850.00    interval
c weakened:                   5330         2.49    average size
c congruence:                   11    129236.36    interval
c 
c seconds are measured in process time for solving
c 
c --- [ glue usage ] ---------------------------------------------------------
c 
c focused glue 8 used 135495 clauses 7.601% accumulated 56.67% tier1
c focused glue 9 used 134107 clauses 7.523% accumulated 64.19%
c focused glue 10 used 130748 clauses 7.334% accumulated 71.53%
c focused glue 11 used 122502 clauses 6.872% accumulated 78.40%
c focused glue 12 used 107446 clauses 6.027% accumulated 84.42% tier2
c 
c stable glue 9 used 104659 clauses 6.162% accumulated 53.95% tier1
c stable glue 10 used 105768 clauses 6.228% accumulated 60.18%
c stable glue 11-12 used 223564 clauses 13.16% accumulated 73.34%
c stable glue 13 used 104797 clauses 6.170% accumulated 79.51%
c stable glue 14 used 90630 clauses 5.336% accumulated 84.85% tier2
c 
c 
c --- [ resources ] ----------------------------------------------------------
c 
c total process time since initialization:       225.62    seconds
c total real time since initialization:          225.63    seconds
c maximum resident set size of process:          166.41    MB
c 
c --- [ shutting down ] ------------------------------------------------------
c 
c exit 20
