c --- [ banner ] -------------------------------------------------------------
c 
c CaDiCaL SAT Solver
c Copyright (c) 2016-2026
c A. Biere, M. Fleury, N. Froleyks, K. Fazekas, F. Pollitt, T. Faller
c JKU Linz, University of Freiburg, TU Wien
c 
c Version 3.0.1 c60730422e758ef1cebe7aeddf2dda31c996bf04
c g++ (Ubuntu 13.3.0-6ubuntu2~24.04.1) 13.3.0 -Wall -Wextra -O3 -DNDEBUG
c Fri Oct 2 18:00:09 UTC 2026 Linux ai-math 6.8.0-139-generic x86_64
c 
c --- [ proof tracing ] ------------------------------------------------------
c 
c opening file to write '/root/earth-moon/lean/data/a4_m04c/leaf6.lrat'
c writing non-binary proof trace to '/root/earth-moon/lean/data/a4_m04c/leaf6.lrat'
c 
c --- [ parsing input ] ------------------------------------------------------
c 
c reading DIMACS file from '/root/earth-moon/lean/data/a4_m04c/leaf6.cnf'
c opening file to read '/root/earth-moon/lean/data/a4_m04c/leaf6.cnf'
c found 'p cnf 2964 190044' header
c parsed 190044 clauses in 0.15 seconds process time
c 
c --- [ options ] ------------------------------------------------------------
c 
c   --binary=false                 (different from default 'true')
c   --lrat=true                    (different from default 'false')
c 
c --- [ solving ] ------------------------------------------------------------
c 
c time measured in process time since initialization
c 
c  seconds  reduction conflicts       size tier2       variables
c         MB    restarts   redundant    glue  trail         remaining
c          level     rate       size/glu tier1  irredundant
c 
c *  0.15 28  0 0   0  0    0    0 0.0 0 0 2 6  0% 189832 2918 98%
c )  0.17 39  0 0   0  0    0    0 0.0 0 0 2 6  0% 189832 2918 98%
c {  0.17 39  0 0   0  0    0    0 0.0 0 0 2 6  0% 189832 2918 98%
c i  0.17 39 165 0   0 166    1    0 0.0 1 0 2 6  7% 189832 2916 98%
c i  0.17 40 242 0   1 37  120   18 1.4 6 4 2 6 19% 189740 2914 98%
c i  0.17 40 239 0   1 36  122   18 1.4 5 4 2 6 19% 189740 2913 98%
c i  0.17 40 235 0   1 36  124   19 1.5 5 3 2 6 18% 189740 2912 98%
c i  0.18 40 145 0  13 23  224   74 1.7 9 5 2 6 18% 189707 2909 98%
c i  0.18 40 136 0  14 22  241   80 1.7 9 5 2 6 17% 189701 2904 98%
c -  0.19 39 117 1  21 19  307   66 1.7 9 6 2 6 17% 189634 2904 98%
c i  0.21 40 106 1  34 18  355   94 1.6 11 7 2 6 16% 189620 2902 98%
c i  0.21 40 105 1  34 18  356   94 1.6 11 7 2 6 16% 189620 2899 98%
c i  0.21 40 99 1  43 17  401  113 1.5 11 7 2 6 16% 189600 2898 98%
c i  0.21 40 87 1  63 16  497  146 1.5 12 8 2 6 16% 189546 2895 98%
c i  0.21 40 86 1  65 16  504  147 1.5 11 8 2 6 15% 189541 2894 98%
c i  0.22 40 84 1  70 16  528  154 1.5 11 8 2 6 16% 189528 2891 98%
c i  0.22 41 80 1  80 15  564  170 1.4 12 8 2 6 15% 189515 2890 98%
c i  0.22 41 80 1  80 15  565  170 1.4 12 8 2 6 15% 189515 2842 96%
c i  0.22 41 78 1  86 15  589  179 1.4 12 8 2 6 15% 189507 2840 96%
c i  0.23 41 77 1  90 15  603  191 1.4 12 9 2 6 15% 189506 2839 96%
c 
c  seconds  reduction conflicts       size  tier2       variables
c         MB    restarts   redundant     glue  trail         remaining
c          level     rate       size/glue tier1  irredundant
c 
c i  0.23 41 77 1  91 15  604  191 1.4 12 9 2 6 15% 189506 2838 96%
c i  0.24 41 69 1 115 14  714  248 1.4 13 9 2 6 15% 189463 2837 96%
c i  0.24 41 68 1 122 13  736  259 1.4 13 9 2 6 15% 189459 2836 96%
c i  0.25 41 68 1 122 13  737  259 1.4 13 9 2 6 15% 189459 2835 96%
c i  0.25 41 68 1 122 13  738  259 1.4 13 9 2 6 15% 189459 2834 96%
c i  0.25 41 66 1 134 13  787  283 1.4 13 10 2 6 15% 189438 2833 96%
c i  0.25 41 66 1 135 13  788  283 1.4 13 10 2 6 15% 189438 2829 95%
c -  0.31 55 62 2 156 12  867  166 1.3 15 11 2 6 14% 189347 2829 95%
c }  0.33 55 56 2 188 11 1001  239 1.3 16 13 2 6 14% 189340 2829 95%
c [  0.33 55  0 2 188  0 1001  239 0.0 0 0 2 6  0% 189340 2829 95%
c O  0.33 55  6 2 188  7 1002  240 2.8 11 4 2 6 27% 189340 2829 95%
c i  0.33 55  5 2 188  2 1055  265 2.6 10 4 2 6 22% 189330 2819 95%
c -  0.47 49 44 3 188  1 1807  364 2.2 20 9 2 6 34% 189198 2819 95%
c ]  0.49 49 45 3 188  1 1885  434 2.2 20 9 2 6 34% 189197 2819 95%
c {  0.49 49 56 3 188 11 1885  434 1.3 16 13 2 6 14% 189197 2819 95%
c i  0.52 49 55 3 210 11 2004  493 1.3 16 13 2 6 14% 189146 2818 95%
c i  0.52 49 55 3 210 11 2007  494 1.3 16 13 2 6 14% 189145 2817 95%
c i  0.52 49 55 3 210 11 2010  495 1.3 16 13 2 6 14% 189144 2816 95%
c i  0.52 49 55 3 210 11 2023  499 1.3 16 13 2 6 14% 189139 2771 93%
c i  0.53 49 53 3 219 10 2078  530 1.3 17 13 2 6 14% 189136 2770 93%
c 
c  seconds  reduction conflicts       size   tier2       variables
c         MB    restarts   redundant     glue   trail         remaining
c          level     rate       size/glue  tier1  irredundant
c 
c i  0.54 49 52 3 226 10 2108  551 1.3 17 13 2 6 14% 189135 2758 93%
c i  0.54 49 52 3 230 10 2121  560 1.3 17 13 2 6 14% 189135 2757 93%
c i  0.61 49 45 3 321  9 2478  757 1.2 18 15 2 6 14% 189115 2727 92%
c 2  0.65 49 40 3 323  7 2787  943 1.3 18 14 2 6 14% 189104 2716 92%
c d  0.66 49 40 3 323  7 2787  922 1.3 18 14 2 6 14% 188984 2715 92%
c p  0.66 49 40 3 323  7 2787  922 1.3 18 14 2 6 14% 188984 2715 92%
c t  0.73 53 40 3 323  7 2787  915 1.3 18 14 2 6 14% 188961 2688 91%
c O  0.77 53 41 3 323  7 3003 1064 1.3 18 14 2 6 15% 188947 2688 91%
c -  0.82 53 39 4 323  6 3163  464 1.3 18 14 2 6 15% 188930 2688 91%
c -  1.07 47 28 5 329  4 4958  516 1.3 17 13 2 6 15% 188920 2688 91%
c 2  1.11 47 27 5 336  4 5287  676 1.3 17 13 10 16 15% 188920 2682 90%
c }  1.13 47 27 5 336  4 5407  735 1.3 17 13 10 16 15% 188920 2682 90%
c [  1.13 47 45 5 336  1 5407  735 2.2 20 9 2 6 34% 188920 2682 90%
c I  1.20 47 33 5 337  1 6004 1013 1.7 19 11 8 12 27% 188915 2682 90%
c -  1.38 60 25 6 338  1 7205 1552 1.5 18 12 9 15 22% 188896 2682 90%
c 2  1.46 60 23 6 338  1 7891 1929 1.5 18 12 9 15 21% 188891 2677 90%
c ]  1.71 60 20 6 340  1 9811 2985 1.4 18 13 10 15 20% 188881 2677 90%
c {  1.71 60 27 6 340  4 9811 2985 1.3 17 13 10 16 15% 188881 2677 90%
c -  1.76 60 27 7 358  4 9913 2877 1.3 17 13 10 16 15% 188881 2677 90%
c #  1.77 60 26 7 358  4 10005 2939 1.3 17 13 10 16 15% 188880 2677 90%
c 
c  seconds  reductions conflicts       size    tier2        variables
c         MB    restarts    redundant     glue     trail         remaining
c          level     rate        size/glue  tier1    irredundant
c 
c 2  1.86 60 25 7 384  3 10588 3302 1.3 18 13 10 16 15% 188879 2672 90%
c u  1.88 60 25 7 384  3 10588 3223 1.3 18 13 10 16 15% 188879 2672 90%
c v  1.89 60 25 7 384  3 10588 3211 1.3 18 13 10 16 15% 188879 2672 90%
c w  1.90 60 25 7 384  3 10588 3209 1.3 18 13 10 16 15% 188879 2672 90%
c x  1.91 60 25 7 384  3 10588 3209 1.3 18 13 10 16 15% 188879 2672 90%
c t  1.91 60 25 7 384  3 10588 3194 1.3 18 13 10 16 15% 188879 2672 90%
c s  2.15 60 23 7 566  3 12049 3960 1.3 18 14 10 16 16% 188852 2672 90%
c t  2.16 60 23 7 566  3 12049 3960 1.3 18 14 10 16 16% 188835 2672 90%
c e  2.19 60 23 7 566  3 12049 3788 1.3 18 14 10 16 16% 184677 312 11%
c s  2.20 60 23 7 566  3 12049 3787 1.3 18 14 10 16 16% 184672 312 11%
c -  2.35 47 22 8 566  3 13091 3546 1.3 18 14 10 16 22% 184672 312 11%
c 2  2.39 47 22 8 566  3 13373 3656 1.3 18 14 11 15 22% 184672 312 11%
c t  2.39 47 22 8 566  3 13373 3656 1.3 18 14 11 15 22% 184671 312 11%
c B  2.54 47 20 8 586  2 15006 4504 1.3 17 13 11 15 22% 184671 312 11%
c -  2.78 60 19 9 730  2 16714 4434 1.3 17 13 11 15 22% 184671 312 11%
c }  3.11 60 18 9 763  2 19239 5494 1.3 17 13 11 15 22% 184682 312 11%
c [  3.11 60 20 9 763  1 19239 5494 1.4 18 13 10 15 190% 184682 312 11%
c -  3.31 47 19 10 764  1 20807 5276 1.4 18 13 10 15 150% 184682 312 11%
c p  3.31 47 19 10 764  1 20807 5277 1.4 18 13 10 15 150% 184682 312 11%
c u  3.33 47 19 10 764  1 20807 5256 1.4 18 13 10 15 150% 184682 312 11%
c 
c  seconds  reductions  conflicts       size    tier2         variables
c         MB     restarts    redundant     glue     trail         remaining
c          level      rate        size/glue  tier1     irredundant
c 
c v  3.35 47 19 10 764  1 20807 5249 1.4 18 13 10 15 150% 184682 312 11%
c w  3.36 47 19 10 764  1 20807 5249 1.4 18 13 10 15 150% 184682 312 11%
c x  3.37 47 19 10 764  1 20807 5249 1.4 18 13 10 15 150% 184682 312 11%
c t  3.37 47 19 10 764  1 20807 5249 1.4 18 13 10 15 150% 184681 312 11%
c B  3.41 47 19 10 764  1 21009 5364 1.4 18 13 10 15 146% 184681 312 11%
c -  3.84 47 18 11 765  1 25374 6349 1.3 18 14 11 15 97% 184681 312 11%
c p  3.84 47 18 11 765  1 25374 6352 1.3 18 14 11 15 97% 184681 312 11%
c W  4.23 47 18 11 767  1 28012 7827 1.3 19 14 11 15 82% 184681 312 11%
c ]  4.41 47 17 11 768  1 29821 8870 1.3 19 14 11 15 75% 184681 312 11%
c {  4.41 47 18 11 768  2 29821 8870 1.3 17 13 11 15 22% 184681 312 11%
c -  4.51 47 18 12 899  2 30416 7718 1.3 17 13 11 15 22% 184681 312 11%
c p  4.51 47 18 12 899  2 30416 7720 1.3 17 13 11 15 22% 184681 312 11%
c -  5.13 48 17 13 1033  2 35938 9213 1.3 17 13 11 15 22% 184681 312 11%
c u  5.26 56 17 13 1033  2 35938 9187 1.3 17 13 11 15 22% 184681 312 11%
c v  5.28 56 17 13 1033  2 35938 9181 1.3 17 13 11 15 22% 184681 312 11%
c w  5.29 56 17 13 1033  2 35938 9181 1.3 17 13 11 15 22% 184681 312 11%
c x  5.30 56 17 13 1033  2 35938 9181 1.3 17 13 11 15 22% 184681 312 11%
c W  5.41 56 17 13 1033  2 36015 9211 1.3 17 13 11 15 22% 184681 312 11%
c -  6.00 56 16 14 1485  2 41940 9994 1.3 17 13 11 14 22% 184681 312 11%
c p  6.01 56 16 14 1485  2 41940 9996 1.3 17 13 11 14 22% 184681 312 11%
c 
c  seconds  reductions   conflicts        size    tier2        variables
c         MB     restarts      redundant     glue     trail        remaining
c          level       rate         size/glue  tier1    irredundant
c 
c F  6.32 56 16 14 1498  1 45019 11359 1.3 17 13 11 14 22% 184681 312 11%
c }  6.53 56 16 14 1511  1 46790 12266 1.3 17 13 11 14 22% 184681 312 11%
c [  6.53 56 17 14 1511  1 46790 12266 1.3 19 14 11 15 75% 184681 312 11%
c -  6.72 48 17 15 1512  1 48422 11654 1.3 18 14 11 15 70% 184681 312 11%
c v  6.76 48 17 15 1512  1 48422 11631 1.3 18 14 11 15 70% 184681 312 11%
c w  6.77 48 17 15 1512  1 48422 11631 1.3 18 14 11 15 70% 184681 312 11%
c s  6.86 54 17 15 1513  1 48888 11857 1.3 18 14 11 15 69% 184673 312 11%
c s  6.90 54 17 15 1513  1 48888 11857 1.3 18 14 11 15 69% 184668 312 11%
c O  7.50 54 16 15 1515  1 55020 14511 1.3 18 14 11 15 56% 184668 312 11%
c -  7.57 68 16 16 1515  1 55388 13277 1.3 18 14 11 15 55% 184668 312 11%
c p  7.57 68 16 16 1515  1 55388 13279 1.3 18 14 11 15 55% 184668 312 11%
c -  8.25 54 15 17 1516  1 62838 15250 1.3 18 13 11 15 46% 184668 312 11%
c u  8.29 54 15 17 1516  1 62838 15234 1.3 18 13 11 15 46% 184668 312 11%
c v  8.33 54 15 17 1516  1 62838 15224 1.3 18 13 11 15 46% 184668 312 11%
c w  8.34 54 15 17 1516  1 62838 15223 1.3 18 13 11 15 46% 184668 312 11%
c ]  8.58 54 15 17 1517  1 65189 16437 1.3 18 14 11 15 45% 184668 312 11%
c {  8.58 54 16 17 1517  1 65189 16437 1.3 17 13 11 14 22% 184668 312 11%
c B  8.68 54 16 17 1579  1 66021 16817 1.3 17 13 11 14 22% 184668 312 11%
c -  9.21 69 15 18 1790  1 70775 17144 1.3 16 13 11 14 22% 184668 312 11%
c p  9.22 69 15 18 1790  1 70775 17146 1.3 16 13 11 14 22% 184668 312 11%
c 
c  seconds  reductions   conflicts        size    tier2        variables
c         MB     restarts      redundant     glue     trail        remaining
c          level       rate         size/glue  tier1    irredundant
c 
c W 10.53 69 15 18 2297  1 78025 20894 1.3 16 13 11 14 22% 184668 312 11%
c - 10.66 55 15 19 2312  1 79197 19464 1.3 16 13 11 14 22% 184668 312 11%
c u 10.71 55 15 19 2312  1 79197 19449 1.3 16 13 11 14 22% 184668 312 11%
c v 10.72 55 15 19 2312  1 79197 19448 1.3 16 13 11 14 22% 184668 312 11%
c w 10.73 55 15 19 2312  1 79197 19447 1.3 16 13 11 14 22% 184668 312 11%
c x 10.75 55 15 19 2312  1 79197 19446 1.3 16 13 11 14 22% 184667 312 11%
c - 11.72 69 15 20 3024  1 88109 21669 1.3 17 13 11 14 22% 184667 312 11%
c p 11.72 69 15 20 3024  1 88109 21671 1.3 17 13 11 14 22% 184667 312 11%
c } 12.04 69 15 20 3118  1 90781 23106 1.3 17 13 11 14 22% 184667 312 11%
c [ 12.04 69 15 20 3118  1 90781 23106 1.3 18 14 11 15 45% 184667 312 11%
c B 12.08 69 15 20 3119  1 91026 23237 1.3 18 13 11 15 44% 184667 312 11%
c - 12.74 55 15 21 3123  1 97508 24551 1.3 17 13 11 15 40% 184667 312 11%
c p 12.75 55 15 21 3123  1 97508 24553 1.3 17 13 11 15 40% 184667 312 11%
c u 12.79 55 15 21 3123  1 97508 24530 1.3 17 13 11 15 40% 184667 312 11%
c v 12.82 55 15 21 3123  1 97508 24524 1.3 17 13 11 15 40% 184667 312 11%
c w 12.83 55 15 21 3123  1 97508 24521 1.3 17 13 11 15 40% 184667 312 11%
c x 12.86 55 15 21 3123  1 97508 24521 1.3 17 13 11 15 40% 184667 312 11%
c s 13.56 56 15 21 3126  1 104145 27632 1.3 17 13 11 15 37% 184650 312 11%
c s 13.60 56 15 21 3126  1 104145 27626 1.3 17 13 11 15 37% 184636 312 11%
c W 13.92 56 15 21 3127  1 105028 28125 1.3 17 13 11 15 37% 184636 312 11%
c 
c  seconds  reductions   conflicts         size    tier2        variables
c         MB     restarts       redundant     glue     trail        remaining
c          level       rate          size/glue  tier1    irredundant
c 
c - 14.13 71 15 22 3128  1 107393 27351 1.3 17 13 11 15 36% 184636 312 11%
c p 14.14 71 15 22 3128  1 107393 27353 1.3 17 13 11 15 36% 184636 312 11%
c - 14.99 56 15 23 3132  1 117768 29991 1.3 17 13 11 15 33% 184636 312 11%
c p 14.99 56 15 23 3132  1 117768 29993 1.3 17 13 11 15 33% 184636 312 11%
c u 15.03 56 15 23 3132  1 117768 29978 1.3 17 13 11 15 33% 184636 312 11%
c v 15.05 56 15 23 3132  1 117768 29969 1.3 17 13 11 15 33% 184636 312 11%
c w 15.05 56 15 23 3132  1 117768 29963 1.3 17 13 11 15 33% 184636 312 11%
c x 15.08 56 15 23 3132  1 117768 29963 1.3 17 13 11 15 33% 184634 312 11%
c I 15.30 56 15 23 3132  1 120032 31227 1.3 17 13 11 15 33% 184634 312 11%
c ] 15.32 56 15 23 3132  1 120085 31257 1.3 17 13 11 15 33% 184634 312 11%
c { 15.32 56 15 23 3132  1 120085 31257 1.3 17 13 11 14 22% 184634 312 11%
c - 16.19 72 14 24 3316  1 128631 32753 1.3 16 13 11 14 22% 184634 312 11%
c p 16.20 72 14 24 3316  1 128631 32754 1.3 16 13 11 14 22% 184634 312 11%
c # 16.95 72 14 24 3438  1 136034 35949 1.3 16 12 11 14 22% 184634 312 11%
c - 17.48 56 14 25 3590  1 139984 35467 1.3 16 12 11 14 22% 184634 312 11%
c p 17.48 56 14 25 3590  1 139984 35469 1.3 16 12 11 14 22% 184634 312 11%
c u 17.53 56 14 25 3590  1 139984 35452 1.3 16 12 11 14 22% 184634 312 11%
c v 17.55 56 14 25 3590  1 139984 35437 1.3 16 12 11 14 22% 184634 312 11%
c w 17.56 56 14 25 3590  1 139984 35436 1.3 16 12 11 14 22% 184634 312 11%
c x 17.59 56 14 25 3590  1 139984 35436 1.3 16 12 11 14 22% 184633 312 11%
c 
c  seconds  reductions   conflicts         size    tier2        variables
c         MB     restarts       redundant     glue     trail        remaining
c          level       rate          size/glue  tier1    irredundant
c 
c - 18.77 72 14 26 3653  1 151827 38979 1.3 16 12 11 14 22% 184633 312 11%
c p 18.78 72 14 26 3653  1 151827 38981 1.3 16 12 11 14 22% 184633 312 11%
c B 18.90 72 14 26 3653  1 153037 39564 1.3 16 12 11 14 22% 184633 312 11%
c } 19.52 72 13 26 4028  1 158681 42255 1.3 16 12 11 14 22% 184633 312 11%
c [ 19.52 72 15 26 4028  1 158681 42255 1.3 17 13 11 15 33% 184633 312 11%
c - 20.11 56 15 27 4029  1 164162 42855 1.3 17 13 11 15 31% 184633 312 11%
c p 20.11 56 15 27 4029  1 164162 42856 1.3 17 13 11 15 31% 184633 312 11%
c u 20.17 56 15 27 4029  1 164162 42832 1.3 17 13 11 15 31% 184633 312 11%
c v 20.19 56 15 27 4029  1 164162 42816 1.3 17 13 11 15 31% 184633 312 11%
c w 20.20 56 15 27 4029  1 164162 42814 1.3 17 13 11 15 31% 184633 312 11%
c x 20.24 56 15 27 4029  1 164162 42814 1.3 17 13 11 15 31% 184632 312 11%
c B 20.98 56 15 27 4029  1 171040 46647 1.3 17 13 11 15 30% 184632 312 11%
c - 21.50 73 15 28 4029  1 176988 46844 1.3 18 13 11 15 29% 184632 312 11%
c p 21.51 73 15 28 4029  1 176988 46846 1.3 18 13 11 15 29% 184632 312 11%
c u 21.55 73 15 28 4029  1 176988 46836 1.3 18 13 11 15 29% 184632 312 11%
c v 21.56 73 15 28 4029  1 176988 46821 1.3 18 13 11 15 29% 184632 312 11%
c w 21.57 73 15 28 4029  1 176988 46821 1.3 18 13 11 15 29% 184632 312 11%
c x 21.59 73 15 28 4029  1 176988 46821 1.3 18 13 11 15 29% 184632 312 11%
c s 21.72 73 15 28 4029  1 177817 47252 1.3 18 13 11 15 29% 184620 312 11%
c s 21.77 73 15 28 4029  1 177817 47249 1.3 18 13 11 15 29% 184612 312 11%
c 
c  seconds  reductions   conflicts         size    tier2        variables
c         MB     restarts       redundant     glue     trail        remaining
c          level       rate          size/glue  tier1    irredundant
c 
c W 23.30 73 15 28 4036  1 190042 54104 1.3 18 13 11 15 28% 184612 312 11%
c - 23.35 56 15 29 4036  1 190308 50410 1.3 18 13 11 15 28% 184612 312 11%
c p 23.36 56 15 29 4036  1 190308 50412 1.3 18 13 11 15 28% 184612 312 11%
c ] 24.11 56 15 29 4042  1 198758 55039 1.3 18 13 11 15 27% 184612 312 11%
c { 24.11 56 13 29 4042  1 198758 55039 1.3 16 12 11 14 22% 184612 312 11%
c - 24.74 71 14 30 4486  1 204120 44362 1.3 16 12 10 13 22% 184612 312 11%
c p 24.75 71 14 30 4486  1 204120 44364 1.3 16 12 10 13 22% 184612 312 11%
c u 24.80 71 14 30 4486  1 204120 44343 1.3 16 12 10 13 22% 184612 312 11%
c v 24.82 71 14 30 4486  1 204120 44328 1.3 16 12 10 13 22% 184612 312 11%
c w 24.83 71 14 30 4486  1 204120 44328 1.3 16 12 10 13 22% 184612 312 11%
c x 24.86 71 14 30 4486  1 204120 44327 1.3 16 12 10 13 22% 184611 312 11%
c W 25.68 71 13 30 4547  1 210045 46924 1.3 16 12 10 13 22% 184611 312 11%
c - 26.62 86 13 31 4804  1 218423 44502 1.3 16 12 10 13 22% 184611 312 11%
c p 26.63 86 13 31 4804  1 218423 44504 1.3 16 12 10 13 22% 184611 312 11%
c u 26.87 86 13 31 4804  1 218423 44495 1.3 16 12 10 13 22% 184611 312 11%
c v 26.89 86 13 31 4804  1 218423 44487 1.3 16 12 10 13 22% 184611 312 11%
c w 26.89 86 13 31 4804  1 218423 44486 1.3 16 12 10 13 22% 184611 312 11%
c x 26.91 86 13 31 4804  1 218423 44486 1.3 16 12 10 13 22% 184610 312 11%
c F 28.31 86 13 31 5405  1 231046 50402 1.3 16 12 10 13 22% 184610 312 11%
c - 28.62 86 13 32 5825  1 233217 46687 1.3 16 12 10 13 22% 184610 312 11%
c 
c  seconds  reductions   conflicts         size    tier2        variables
c         MB     restarts       redundant     glue     trail        remaining
c          level       rate          size/glue  tier1    irredundant
c 
c p 28.63 86 13 32 5825  1 233217 46689 1.3 16 12 10 13 22% 184610 312 11%
c u 28.67 86 13 32 5825  1 233217 46668 1.3 16 12 10 13 22% 184610 312 11%
c v 28.69 86 13 32 5825  1 233217 46654 1.3 16 12 10 13 22% 184610 312 11%
c w 28.69 86 13 32 5825  1 233217 46653 1.3 16 12 10 13 22% 184610 312 11%
c x 28.72 86 13 32 5825  1 233217 46652 1.3 16 12 10 13 22% 184609 312 11%
c } 30.18 86 13 32 6697  1 245798 52367 1.3 16 12 10 13 22% 184609 312 11%
c [ 30.18 86 15 32 6697  1 245798 52367 1.3 18 13 11 15 27% 184609 312 11%
c - 30.52 86 15 33 6698  1 248504 50130 1.3 18 13 11 15 27% 184609 312 11%
c p 30.53 86 15 33 6698  1 248504 50132 1.3 18 13 11 15 27% 184609 312 11%
c u 30.56 86 15 33 6698  1 248504 50130 1.3 18 13 11 15 27% 184609 312 11%
c v 30.58 86 15 33 6698  1 248504 50120 1.3 18 13 11 15 27% 184609 312 11%
c w 30.58 86 15 33 6698  1 248504 50117 1.3 18 13 11 15 27% 184609 312 11%
c x 30.60 86 15 33 6698  1 248504 50117 1.3 18 13 11 15 27% 184608 312 11%
c O 31.06 86 15 33 6699  1 253047 52306 1.3 18 13 11 15 27% 184608 312 11%
c - 32.22 86 14 34 6704  1 264284 53414 1.3 17 13 11 15 26% 184608 312 11%
c p 32.23 86 14 34 6704  1 264284 53416 1.3 17 13 11 15 26% 184608 312 11%
c u 32.28 86 14 34 6704  1 264284 53405 1.3 17 13 11 15 26% 184608 312 11%
c v 32.29 86 14 34 6704  1 264284 53397 1.3 17 13 11 15 26% 184608 312 11%
c w 32.30 86 14 34 6704  1 264284 53394 1.3 17 13 11 15 26% 184608 312 11%
c x 32.32 86 14 34 6704  1 264284 53392 1.3 17 13 11 15 26% 184608 312 11%
c 
c  seconds  reductions   conflicts         size    tier2        variables
c         MB     restarts       redundant     glue     trail        remaining
c          level       rate          size/glue  tier1    irredundant
c 
c s 32.92 86 14 34 6706  1 269905 56114 1.3 17 13 11 14 26% 184582 312 11%
c s 32.98 86 14 34 6706  1 269905 56105 1.3 17 13 11 14 26% 184570 312 11%
c B 33.62 86 14 34 6710  1 276050 59259 1.3 17 13 11 14 26% 184570 312 11%
c - 34.10 86 14 35 6713  1 280560 57596 1.3 17 13 11 14 25% 184570 312 11%
c p 34.10 86 14 35 6713  1 280560 57598 1.3 17 13 11 14 25% 184570 312 11%
c u 34.15 86 14 35 6713  1 280560 57580 1.3 17 13 11 14 25% 184570 312 11%
c v 34.16 86 14 35 6713  1 280560 57561 1.3 17 13 11 14 25% 184570 312 11%
c w 34.17 86 14 35 6713  1 280560 57558 1.3 17 13 11 14 25% 184570 312 11%
c x 34.19 86 14 35 6713  1 280560 57558 1.3 17 13 11 14 25% 184569 312 11%
c ] 35.66 86 14 35 6715  1 294735 63957 1.3 17 13 11 14 25% 184569 312 11%
c { 35.66 86 13 35 6715  1 294735 63957 1.3 16 12 10 13 22% 184569 312 11%
c - 35.94 52 13 36 6715  1 297327 61320 1.3 15 12 10 13 22% 184569 312 11%
c p 35.95 52 13 36 6715  1 297327 61322 1.3 15 12 10 13 22% 184569 312 11%
c u 35.99 52 13 36 6715  1 297327 61307 1.3 15 12 10 13 22% 184569 312 11%
c v 36.01 52 13 36 6715  1 297327 61285 1.3 15 12 10 13 22% 184569 312 11%
c w 36.01 52 13 36 6715  1 297327 61285 1.3 15 12 10 13 22% 184569 312 11%
c x 36.04 52 13 36 6715  1 297327 61285 1.3 15 12 10 13 22% 184568 312 11%
c B 36.33 53 13 36 6726  1 300052 62439 1.3 15 12 10 13 22% 184568 312 11%
c - 38.39 60 13 37 8381  1 314586 64632 1.3 16 12 10 13 22% 184568 312 11%
c p 38.39 60 13 37 8381  1 314586 64634 1.3 16 12 10 13 22% 184568 312 11%
c 
c  seconds  reductions   conflicts         size    tier2        variables
c         MB     restarts       redundant     glue     trail        remaining
c          level       rate          size/glue  tier1    irredundant
c 
c u 38.45 60 13 37 8381  1 314586 64613 1.3 16 12 10 13 22% 184568 312 11%
c v 38.47 60 13 37 8381  1 314586 64582 1.3 16 12 10 13 22% 184568 312 11%
c w 38.48 60 13 37 8381  1 314586 64582 1.3 16 12 10 13 22% 184568 312 11%
c x 38.51 60 13 37 8381  1 314586 64582 1.3 16 12 10 13 22% 184568 312 11%
c W 40.30 61 13 37 9611  1 325055 69479 1.3 16 12 10 13 22% 184568 312 11%
c - 41.44 64 13 38 10550  1 332338 67681 1.3 16 12 10 13 22% 184568 312 11%
c p 41.45 64 13 38 10550  1 332338 67683 1.3 16 12 10 13 22% 184568 312 11%
c u 41.50 64 13 38 10550  1 332338 67671 1.3 16 12 10 13 22% 184568 312 11%
c v 41.52 64 13 38 10550  1 332338 67644 1.3 16 12 10 13 22% 184568 312 11%
c w 41.53 64 13 38 10550  1 332338 67644 1.3 16 12 10 13 22% 184568 312 11%
c x 41.56 64 13 38 10550  1 332338 67644 1.3 16 12 10 13 22% 184567 312 11%
c } 43.77 65 13 38 10829  1 349918 75725 1.3 15 12 10 13 22% 184567 312 11%
c [ 43.77 65 14 38 10829  1 349918 75725 1.3 17 13 11 14 25% 184567 312 11%
c - 43.90 65 14 39 10829  1 350588 71909 1.3 17 13 11 14 25% 184567 312 11%
c p 43.91 65 14 39 10829  1 350588 71911 1.3 17 13 11 14 25% 184567 312 11%
c u 44.25 74 14 39 10829  1 350588 71902 1.3 17 13 11 14 25% 184567 312 11%
c v 44.27 74 14 39 10829  1 350588 71872 1.3 17 13 11 14 25% 184567 312 11%
c w 44.28 74 14 39 10829  1 350588 71870 1.3 17 13 11 14 25% 184567 312 11%
c x 44.31 74 14 39 10829  1 350588 71869 1.3 17 13 11 14 25% 184567 312 11%
c W 44.60 74 14 39 10829  1 351059 72147 1.3 17 13 11 14 25% 184567 312 11%
c 
c  seconds  reductions    conflicts         size    tier2        variables
c         MB      restarts       redundant     glue     trail        remaining
c          level        rate          size/glue  tier1    irredundant
c 
c - 46.27 74 14 40 10830  1 369331 75131 1.3 17 13 11 14 24% 184567 312 11%
c p 46.29 74 14 40 10830  1 369331 75133 1.3 17 13 11 14 24% 184567 312 11%
c u 46.33 74 14 40 10830  1 369331 75113 1.3 17 13 11 14 24% 184567 312 11%
c v 46.35 74 14 40 10830  1 369331 75098 1.3 17 13 11 14 24% 184567 312 11%
c w 46.36 74 14 40 10830  1 369331 75096 1.3 17 13 11 14 24% 184567 312 11%
c x 46.38 74 14 40 10830  1 369331 75095 1.3 17 13 11 14 24% 184567 312 11%
c I 47.22 74 14 40 10830  1 378061 79732 1.3 17 13 11 14 24% 184567 312 11%
c s 47.51 75 14 40 10830  1 380406 81325 1.3 17 13 11 14 24% 184530 312 11%
c s 47.58 75 14 40 10830  1 380406 81303 1.3 17 13 11 14 24% 184464 312 11%
c - 48.63 58 14 41 10830  1 388569 79411 1.3 17 13 11 14 24% 184464 312 11%
c p 48.64 58 14 41 10830  1 388569 79413 1.3 17 13 11 14 24% 184464 312 11%
c u 48.70 58 14 41 10830  1 388569 79387 1.3 17 13 11 14 24% 184464 312 11%
c v 48.71 58 14 41 10830  1 388569 79375 1.3 17 13 11 14 24% 184464 312 11%
c w 48.72 58 14 41 10830  1 388569 79352 1.3 17 13 11 14 24% 184464 312 11%
c x 48.75 58 14 41 10830  1 388569 79352 1.3 17 13 11 14 24% 184463 312 11%
c B 50.62 58 14 41 10837  1 406062 88595 1.3 17 13 11 14 24% 184463 312 11%
c - 50.90 79 14 42 10837  1 408296 82752 1.3 17 13 11 14 24% 184463 312 11%
c p 50.91 79 14 42 10837  1 408296 82753 1.3 17 13 11 14 24% 184463 312 11%
c u 50.96 79 14 42 10837  1 408296 82731 1.3 17 13 11 14 24% 184463 312 11%
c v 50.98 79 14 42 10837  1 408296 82715 1.3 17 13 11 14 24% 184463 312 11%
c 
c  seconds  reductions    conflicts         size    tier2        variables
c         MB      restarts       redundant     glue     trail        remaining
c          level        rate          size/glue  tier1    irredundant
c 
c w 50.99 79 14 42 10837  1 408296 82709 1.3 17 13 11 14 24% 184463 312 11%
c x 51.02 79 14 42 10837  1 408296 82709 1.3 17 13 11 14 24% 184463 312 11%
c ] 51.52 79 14 42 10840  1 412921 85129 1.3 17 13 11 14 23% 184463 312 11%
c { 51.52 79 13 42 10840  1 412921 85129 1.3 15 12 10 13 22% 184463 312 11%
c - 53.82 79 13 43 11726  1 428518 86557 1.3 15 12 10 13 22% 184463 312 11%
c p 53.83 79 13 43 11726  1 428518 86559 1.3 15 12 10 13 22% 184463 312 11%
c u 53.89 79 13 43 11726  1 428518 86545 1.3 15 12 10 13 22% 184463 312 11%
c v 53.91 79 13 43 11726  1 428518 86534 1.3 15 12 10 13 22% 184463 312 11%
c w 53.92 79 13 43 11726  1 428518 86523 1.3 15 12 10 13 22% 184463 312 11%
c x 53.96 79 13 43 11726  1 428518 86521 1.3 15 12 10 13 22% 184462 312 11%
c # 54.77 79 13 43 11877  1 435063 89385 1.3 15 12 10 13 22% 184462 312 11%
c - 56.68 79 13 44 12817  1 449234 89607 1.3 15 12 10 13 22% 184462 312 11%
c p 56.69 79 13 44 12817  1 449234 89609 1.3 15 12 10 13 22% 184462 312 11%
c u 56.75 79 13 44 12817  1 449234 89588 1.3 15 12 10 13 22% 184462 312 11%
c v 56.77 79 13 44 12817  1 449234 89555 1.3 15 12 10 13 22% 184462 312 11%
c w 56.79 79 13 44 12817  1 449234 89553 1.3 15 12 10 13 22% 184462 312 11%
c x 56.82 79 13 44 12817  1 449234 89552 1.3 15 12 10 13 22% 184462 312 11%
c B 59.18 79 13 44 14036  1 465064 97271 1.3 15 12 9 13 22% 184462 312 11%
c - 59.97 68 13 45 14294  1 470447 78429 1.3 15 12 9 13 22% 184462 312 11%
c p 59.98 68 13 45 14294  1 470447 78431 1.3 15 12 9 13 22% 184462 312 11%
c 
c  seconds  reductions    conflicts         size   tier2        variables
c         MB      restarts       redundant     glue    trail        remaining
c          level        rate          size/glue  tier1   irredundant
c 
c u 60.05 68 13 45 14294  1 470447 78415 1.3 15 12 9 13 22% 184462 312 11%
c v 60.07 68 13 45 14294  1 470447 78400 1.3 15 12 9 13 22% 184462 312 11%
c w 60.08 68 13 45 14294  1 470447 78396 1.3 15 12 9 13 22% 184462 312 11%
c x 60.12 68 13 45 14294  1 470447 78395 1.3 15 12 9 13 22% 184462 312 11%
c } 61.14 68 13 45 14427  1 479937 82403 1.3 15 12 9 13 22% 184462 312 11%
c [ 61.15 68 14 45 14427  1 479937 82403 1.3 17 13 11 14 23% 184462 312 11%
c - 62.45 88 14 46 14432  1 492155 78269 1.3 17 13 11 14 23% 184462 312 11%
c p 62.46 88 14 46 14432  1 492155 78271 1.3 17 13 11 14 23% 184462 312 11%
c u 62.52 88 14 46 14432  1 492155 78248 1.3 17 13 11 14 23% 184462 312 11%
c v 62.54 88 14 46 14432  1 492155 78242 1.3 17 13 11 14 23% 184462 312 11%
c w 62.55 88 14 46 14432  1 492155 78235 1.3 17 13 11 14 23% 184462 312 11%
c x 62.58 88 14 46 14432  1 492155 78235 1.3 17 13 11 14 23% 184462 312 11%
c W 63.95 88 14 46 14432  1 496065 80035 1.3 17 13 11 14 23% 184462 312 11%
c s 65.11 88 14 46 14440  1 509314 88389 1.3 18 13 11 14 23% 184403 312 11%
c s 65.20 88 14 46 14440  1 509314 88373 1.3 18 13 11 14 23% 184350 312 11%
c - 65.66 88 15 47 14443  1 514358 79343 1.3 18 13 11 14 23% 184350 312 11%
c p 65.67 88 15 47 14443  1 514358 79345 1.3 18 13 11 14 23% 184350 312 11%
c u 65.73 88 15 47 14443  1 514358 79333 1.3 18 13 11 14 23% 184350 312 11%
c v 65.75 88 15 47 14443  1 514358 79326 1.3 18 13 11 14 23% 184350 312 11%
c w 65.76 88 15 47 14443  1 514358 79326 1.3 18 13 11 14 23% 184350 312 11%
c 
c  seconds  reductions    conflicts         size    tier2        variables
c         MB      restarts       redundant     glue     trail        remaining
c          level        rate          size/glue  tier1    irredundant
c 
c x 65.79 88 15 47 14443  1 514358 79326 1.3 18 13 11 14 23% 184350 312 11%
c O 67.09 88 15 47 14447  1 528067 86434 1.3 18 14 11 14 23% 184350 312 11%
c - 68.06 88 15 48 14448  1 537049 80108 1.3 18 14 11 14 23% 184350 312 11%
c p 68.07 88 15 48 14448  1 537049 80110 1.3 18 14 11 14 23% 184350 312 11%
c u 68.32 88 15 48 14448  1 537049 80074 1.3 18 14 11 14 23% 184350 312 11%
c v 68.34 88 15 48 14448  1 537049 80067 1.3 18 14 11 14 23% 184350 312 11%
c w 68.35 88 15 48 14448  1 537049 80064 1.3 18 14 11 14 23% 184350 312 11%
c x 68.39 88 15 48 14448  1 537049 80064 1.3 18 14 11 14 23% 184348 312 11%
c - 70.56 88 15 49 14457  1 560235 82741 1.3 18 14 11 14 23% 184348 312 11%
c p 70.57 88 15 49 14457  1 560235 82742 1.3 18 14 11 14 23% 184348 312 11%
c u 70.63 88 15 49 14457  1 560235 82715 1.3 18 14 11 14 23% 184348 312 11%
c v 70.65 88 15 49 14457  1 560235 82697 1.3 18 14 11 14 23% 184348 312 11%
c w 70.66 88 15 49 14457  1 560235 82696 1.3 18 14 11 14 23% 184348 312 11%
c x 70.69 88 15 49 14457  1 560235 82696 1.3 18 14 11 14 23% 184347 312 11%
c B 70.80 88 15 49 14457  1 561070 83169 1.3 18 14 11 14 23% 184347 312 11%
c ] 71.12 88 15 49 14459  1 564086 85020 1.3 18 14 11 14 23% 184347 312 11%
c { 71.12 88 13 49 14459  1 564086 85020 1.3 15 12 9 13 22% 184347 312 11%
c - 73.85 88 12 50 15119  1 583917 85877 1.3 15 11 9 13 22% 184347 312 11%
c p 73.86 88 12 50 15119  1 583917 85879 1.3 15 11 9 13 22% 184347 312 11%
c u 73.93 88 12 50 15119  1 583917 85853 1.3 15 11 9 13 22% 184347 312 11%
c 
c  seconds  reductions    conflicts         size   tier2        variables
c         MB      restarts       redundant     glue    trail        remaining
c          level        rate          size/glue  tier1   irredundant
c 
c v 73.96 88 12 50 15119  1 583917 85832 1.3 15 11 9 13 22% 184347 312 11%
c w 73.97 88 12 50 15119  1 583917 85829 1.3 15 11 9 13 22% 184347 312 11%
c x 74.02 88 12 50 15119  1 583917 85828 1.3 15 11 9 13 22% 184345 312 11%
c W 76.26 88 12 50 15434  1 595071 90492 1.3 15 11 9 13 22% 184345 312 11%
c - 77.95 104 12 51 16746  1 608094 89145 1.3 15 11 9 13 22% 184345 312 11%
c p 77.96 104 12 51 16746  1 608094 89147 1.3 15 11 9 13 22% 184345 312 11%
c u 78.04 104 12 51 16746  1 608094 89117 1.3 15 11 9 13 22% 184345 312 11%
c v 78.07 104 12 51 16746  1 608094 89113 1.3 15 11 9 13 22% 184345 312 11%
c w 78.08 104 12 51 16746  1 608094 89109 1.3 15 11 9 13 22% 184345 312 11%
c x 78.13 104 12 51 16746  1 608094 89107 1.3 15 11 9 13 22% 184343 312 11%
c F 80.71 104 12 51 17022  1 630073 99158 1.4 15 11 9 13 22% 184343 312 11%
c - 81.38 104 12 52 17349  1 632767 93815 1.4 15 11 9 13 22% 184343 312 11%
c p 81.40 104 12 52 17349  1 632767 93817 1.4 15 11 9 13 22% 184343 312 11%
c u 81.51 104 12 52 17349  1 632767 93787 1.4 15 11 9 13 22% 184343 312 11%
c v 81.56 104 12 52 17349  1 632767 93784 1.4 15 11 9 13 22% 184343 312 11%
c w 81.59 104 12 52 17349  1 632767 93778 1.4 15 11 9 13 22% 184343 312 11%
c x 81.66 104 12 52 17349  1 632767 93777 1.4 15 11 9 13 22% 184342 312 11%
c } 84.40 104 12 52 19677  1 647682 101220 1.4 15 11 9 13 22% 184342 312 11%
c [ 84.40 104 15 52 19677  1 647682 101220 1.3 18 14 11 14 23% 184342 312 11%
c s 85.72 104 15 52 19681  1 656622 105536 1.3 18 14 11 14 23% 184170 312 11%
c 
c  seconds   reductions    conflicts          size    tier2        variables
c          MB      restarts       redundant      glue     trail        remaining
c           level        rate           size/glue  tier1    irredundant
c 
c s 85.82 104 15 52 19681  1 656622 105510 1.3 18 14 11 14 23% 184097 312 11%
c - 86.17 104 15 53 19681  1 657935 96940 1.3 18 14 11 14 23% 184097 312 11%
c p 86.18 104 15 53 19681  1 657935 96942 1.3 18 14 11 14 23% 184097 312 11%
c u 86.31 104 15 53 19681  1 657935 96929 1.3 18 14 11 14 23% 184097 312 11%
c v 86.36 104 15 53 19681  1 657935 96914 1.3 18 14 11 14 23% 184097 312 11%
c w 86.38 104 15 53 19681  1 657935 96913 1.3 18 14 11 14 23% 184097 312 11%
c x 86.46 104 15 53 19681  1 657935 96912 1.3 18 14 11 14 23% 184095 312 11%
c W 87.95 104 15 53 19684  1 666077 101427 1.3 18 14 11 15 23% 184095 312 11%
c - 90.05 59 14 54 19694  1 683588 102707 1.4 18 13 11 15 23% 184095 312 11%
c p 90.07 59 14 54 19694  1 683588 102714 1.4 18 13 11 15 23% 184095 312 11%
c u 90.14 59 14 54 19694  1 683588 102691 1.4 18 13 11 15 23% 184095 312 11%
c v 90.18 59 14 54 19694  1 683588 102682 1.4 18 13 11 15 23% 184095 312 11%
c w 90.19 59 14 54 19694  1 683588 102681 1.4 18 13 11 15 23% 184095 312 11%
c x 90.24 60 14 54 19694  1 683588 102676 1.4 18 13 11 15 23% 184089 312 11%
c I 92.71 61 14 54 19697  1 703080 112504 1.4 17 13 11 15 23% 184089 312 11%
c - 93.59 62 14 55 19697  1 709736 106817 1.4 17 13 11 15 23% 184089 312 11%
c p 93.60 62 14 55 19697  1 709736 106821 1.4 17 13 11 15 23% 184089 312 11%
c u 93.68 62 14 55 19697  1 709736 106785 1.4 17 13 11 15 23% 184089 312 11%
c v 93.72 62 14 55 19697  1 709736 106780 1.4 17 13 11 15 23% 184089 312 11%
c w 93.74 63 14 55 19697  1 709736 106779 1.4 17 13 11 15 23% 184089 312 11%
c 
c  seconds  reductions    conflicts          size    tier2        variables
c         MB      restarts       redundant      glue     trail        remaining
c          level        rate           size/glue  tier1    irredundant
c 
c x 93.79 63 14 55 19697  1 709736 106779 1.4 17 13 11 15 23% 184084 312 11%
c t 93.79 63 14 55 19697  1 709736 106779 1.4 17 13 11 15 23% 184083 312 11%
c ] 96.44 64 14 55 19698  1 733687 119194 1.4 17 13 10 14 23% 184083 312 11%
c { 96.44 64 12 55 19698  1 733687 119194 1.4 15 11 9 13 22% 184083 312 11%
c - 96.84 65 12 56 19739  1 736378 110449 1.4 15 11 9 13 22% 184083 312 11%
c p 96.86 65 12 56 19739  1 736378 110451 1.4 15 11 9 13 22% 184083 312 11%
c u 96.94 65 12 56 19739  1 736378 110426 1.4 15 11 9 13 22% 184083 312 11%
c v 96.98 65 12 56 19739  1 736378 110421 1.4 15 11 9 13 22% 184083 312 11%
c w 97.00 65 12 56 19739  1 736378 110418 1.4 15 11 9 13 22% 184083 312 11%
c x 97.06 65 12 56 19739  1 736378 110415 1.4 15 11 9 13 22% 184065 312 11%
c B 97.67 65 12 56 19739  1 741081 112412 1.4 15 11 9 13 22% 184065 312 11%
c - 100.70 67 12 57 20550  1 763517 112940 1.4 15 11 9 13 22% 184065 312 11%
c p 100.72 67 12 57 20550  1 763517 112942 1.4 15 11 9 13 22% 184065 312 11%
c u 100.81 67 12 57 20550  1 763517 112908 1.4 15 11 9 13 22% 184065 312 11%
c v 100.85 67 12 57 20550  1 763517 112906 1.4 15 11 9 13 22% 184065 312 11%
c w 100.87 67 12 57 20550  1 763517 112902 1.4 15 11 9 13 22% 184065 312 11%
c x 100.93 67 12 57 20550  1 763517 112901 1.4 15 11 9 13 22% 184060 312 11%
c W 103.89 72 12 57 20719  1 780083 119359 1.4 15 11 9 13 22% 184060 312 11%
c - 105.19 73 12 58 20790  1 791149 115106 1.4 14 11 9 13 22% 184060 312 11%
c p 105.20 73 12 58 20790  1 791149 115110 1.4 14 11 9 13 22% 184060 312 11%
c 
c  seconds   reductions    conflicts          size   tier2        variables
c          MB      restarts       redundant      glue    trail        remaining
c           level        rate           size/glue  tier1   irredundant
c 
c u 105.70 86 12 58 20790  1 791149 115040 1.4 14 11 9 13 22% 184060 312 11%
c v 105.73 86 12 58 20790  1 791149 114949 1.4 14 11 9 13 22% 184060 312 11%
c w 105.74 86 12 58 20790  1 791149 114945 1.4 14 11 9 13 22% 184060 312 11%
c x 105.79 86 12 58 20790  1 791149 114941 1.4 14 11 9 13 22% 184029 312 11%
c - 109.45 68 11 59 22249  1 819277 98661 1.3 14 10 8 12 22% 184029 312 11%
c p 109.47 68 11 59 22249  1 819277 98664 1.3 14 10 8 12 22% 184029 312 11%
c u 109.57 68 11 59 22249  1 819277 98613 1.3 14 10 8 12 22% 184029 312 11%
c v 109.61 68 11 59 22249  1 819277 98325 1.3 14 10 8 12 22% 184029 312 11%
c w 109.63 68 11 59 22249  1 819277 98319 1.3 14 10 8 12 22% 184029 312 11%
c x 109.69 68 11 59 22249  1 819277 98316 1.3 14 10 8 12 22% 183940 312 11%
c # 109.89 68 11 59 22400  1 820084 98699 1.3 14 10 8 12 22% 183940 312 11%
c s 110.23 70 11 59 22710  1 822309 99581 1.3 14 10 8 12 22% 183574 312 11%
c s 110.34 70 11 59 22710  1 822309 99559 1.3 14 10 8 12 22% 182924 312 11%
c } 112.21 70 11 59 23562  1 836356 105515 1.3 14 10 8 12 22% 182924 312 11%
c [ 112.21 70 14 59 23562  1 836356 105515 1.4 17 13 10 14 23% 182924 312 11%
c - 113.74 87 13 60 23562  1 847899 99025 1.4 17 12 10 14 23% 182924 312 11%
c p 113.76 87 13 60 23562  1 847899 99028 1.4 17 12 10 14 23% 182924 312 11%
c u 113.84 87 13 60 23562  1 847899 98988 1.4 17 12 10 14 23% 182924 312 11%
c v 113.88 87 13 60 23562  1 847899 98951 1.4 17 12 10 14 23% 182924 312 11%
c w 113.90 87 13 60 23562  1 847899 98940 1.4 17 12 10 14 23% 182924 312 11%
c 
c  seconds   reductions    conflicts         size    tier2        variables
c          MB      restarts       redundant     glue     trail        remaining
c           level        rate          size/glue  tier1    irredundant
c 
c x 113.96 87 13 60 23562  1 847899 98940 1.4 17 12 10 14 23% 182877 312 11%
c B 115.50 87 13 60 23563  1 861086 104182 1.4 16 12 10 14 23% 182877 312 11%
c - 117.32 87 13 61 23563  1 876956 102722 1.4 16 12 10 14 23% 182877 312 11%
c p 117.34 87 13 61 23563  1 876956 102726 1.4 16 12 10 14 23% 182877 312 11%
c u 117.45 87 13 61 23563  1 876956 102683 1.4 16 12 10 14 23% 182877 312 11%
c v 117.49 87 13 61 23563  1 876956 102628 1.4 16 12 10 14 23% 182877 312 11%
c w 117.51 87 13 61 23563  1 876956 102625 1.4 16 12 10 14 23% 182877 312 11%
c x 117.58 87 13 61 23563  1 876956 102624 1.4 16 12 10 14 23% 182858 312 11%
c i 121.13 87 12 61 23563  1 898329 111978 1.4 16 11 10 14 23% 182858 311 10%
c W 122.96 87 12 61 23563  1 903089 91733 1.4 15 11 10 14 23% 155902 311 10%
c - 123.50 87 12 62 23563  1 906504 86946 1.4 15 11 10 14 23% 155902 311 10%
c 2 123.50 87 12 62 23563  1 906504 86945 1.4 15 11 10 14 23% 155902 311 10%
c p 123.52 87 12 62 23563  1 906504 86986 1.4 15 11 10 14 23% 155902 311 10%
c u 123.63 87 12 62 23563  1 906504 86910 1.4 15 11 10 14 23% 155902 311 10%
c v 123.68 87 12 62 23563  1 906504 86840 1.4 15 11 10 14 23% 155902 311 10%
c w 123.70 87 12 62 23563  1 906504 86691 1.4 15 11 10 14 23% 155902 311 10%
c x 123.75 87 12 62 23563  1 906504 86688 1.4 15 11 10 14 23% 155147 311 10%
c t 123.75 87 12 62 23563  1 906504 86684 1.4 15 11 10 14 23% 155147 311 10%
c i 124.05 87 12 62 23563  1 908740 87262 1.4 15 11 10 14 23% 155147 306 10%
c i 124.43 87 12 62 23563  1 911522 88041 1.4 15 11 10 14 23% 155147 293 10%
c 
c  seconds   reductions    conflicts         size    tier2        variables
c          MB      restarts       redundant     glue     trail        remaining
c           level        rate          size/glue  tier1    irredundant
c 
c i 124.49 87 12 62 23563  1 912018 88165 1.4 15 11 10 14 23% 155147 292 10%
c i 124.49 87 12 62 23563  1 912027 88167 1.4 15 11 10 14 23% 155147 291 10%
c i 124.50 87 12 62 23563  1 912129 88187 1.4 15 11 10 14 23% 155147 284 10%
c i 124.51 87 12 62 23563  1 912173 88201 1.4 15 11 10 14 23% 155147 271  9%
c i 124.51 87 12 62 23563  1 912175 88201 1.4 15 11 10 14 23% 155147 261  9%
c ] 124.51 87 12 62 23563  1 912182 88203 1.4 15 11 10 14 23% 155147 252  9%
c 0 124.51 87 12 62 23563  1 912182 88203 1.4 15 11 10 14 23% 155147 252  9%
c 
c --- [ closing proof ] ------------------------------------------------------
c 
c LRAT proof file '/root/earth-moon/lean/data/a4_m04c/leaf6.lrat' closed
c LRAT 1103825 added clauses 51.25%
c LRAT 1049986 deleted clauses 48.75%
c LRAT 214839608 bytes (204.89 MB)
c 
c --- [ result ] -------------------------------------------------------------
c 
s UNSATISFIABLE
c 
c --- [ run-time profiling ] -------------------------------------------------
c 
c process time taken by individual solving procedures
c (percentage relative to process time for solving)
c 
c       115.25   92.67% search
c        58.03   46.66% unstable
c        51.53   41.43% stable
c         9.11    7.33% simplify
c         5.67    4.56% walk
c         5.63    4.53% vivify
c         1.53    1.23% sweep
c         0.65    0.52% subsume
c         0.40    0.32% elim
c         0.32    0.26% probe
c         0.17    0.14% ternary
c         0.15    0.12% parse
c         0.12    0.09% congruence
c         0.02    0.02% lucky
c         0.00    0.00% backbone
c   =================================
c       124.36   99.88% solve
c 
c last line shows process time for solving
c (percentage relative to total process time)
c 
c --- [ statistics ] ---------------------------------------------------------
c 
c chronological:             60020         6.58 %  of conflicts
c conflicts:                912182      7334.82    per second
c backbone:                 102748      3466.53 %  of vars
c decisions:                976730      7853.85    per second
c eliminated:                 2183        73.65 %  of all variables
c fixed:                       527        17.78 %  of all variables
c learned:                  899504        98.61 %  per conflict
c learned_lits:           22540756       100.00 %  learned literals
c minimized:                     0         0.00 %  learned literals
c shrunken:                7362549        32.66 %  learned literals
c minishrunken:             869867         3.86 %  learned literals
c otfs:                       3550         0.39 %  of conflict
c propagations:           11203865         0.09 M  per second
c reduced:                  324954        35.62 %  per conflict
c rephased:                     42     21718.62    interval
c restarts:                  23563        38.71    interval
c stabilizing:                  11        50.52 %  of conflicts
c substituted:                   1         0.03 %  of all variables
c subsumed:                 469767        42.96 %  of all clauses
c strengthened:              28613         2.62 %  of all clauses
c ticks:                8445645294       763.93    propagation
c vivified:                   4411         0.40 %  of all clauses
c walked:                       13     70167.85    interval
c weakened:                   5176         2.51    average size
c congruence:                   10     91218.20    interval
c 
c seconds are measured in process time for solving
c 
c --- [ glue usage ] ---------------------------------------------------------
c 
c focused glue 8 used 75687 clauses 7.928% accumulated 53.73% tier1
c focused glue 9 used 79811 clauses 8.360% accumulated 62.09%
c focused glue 10 used 80409 clauses 8.422% accumulated 70.51%
c focused glue 11 used 74975 clauses 7.853% accumulated 78.36%
c focused glue 12 used 63641 clauses 6.666% accumulated 85.03% tier2
c 
c stable glue 9 used 65406 clauses 6.550% accumulated 51.91% tier1
c stable glue 10 used 71395 clauses 7.150% accumulated 59.06%
c stable glue 11-12 used 151977 clauses 15.22% accumulated 74.29%
c stable glue 13 used 69573 clauses 6.968% accumulated 81.25%
c stable glue 14 used 59010 clauses 5.910% accumulated 87.16% tier2
c 
c 
c --- [ resources ] ----------------------------------------------------------
c 
c total process time since initialization:       124.51    seconds
c total real time since initialization:          124.51    seconds
c maximum resident set size of process:          125.54    MB
c 
c --- [ shutting down ] ------------------------------------------------------
c 
c exit 20
