c --- [ banner ] -------------------------------------------------------------
c 
c CaDiCaL SAT Solver
c Copyright (c) 2016-2026
c A. Biere, M. Fleury, N. Froleyks, K. Fazekas, F. Pollitt, T. Faller
c JKU Linz, University of Freiburg, TU Wien
c 
c Version 3.0.1 c60730422e758ef1cebe7aeddf2dda31c996bf04
c g++ (Ubuntu 13.3.0-6ubuntu2~24.04.1) 13.3.0 -Wall -Wextra -O3 -DNDEBUG
c Fri Oct 2 18:00:09 UTC 2026 Linux ai-math 6.8.0-139-generic x86_64
c 
c --- [ proof tracing ] ------------------------------------------------------
c 
c opening file to write '/root/earth-moon/lean/data/a4_m04c/leaf2.lrat'
c writing non-binary proof trace to '/root/earth-moon/lean/data/a4_m04c/leaf2.lrat'
c 
c --- [ parsing input ] ------------------------------------------------------
c 
c reading DIMACS file from '/root/earth-moon/lean/data/a4_m04c/leaf2.cnf'
c opening file to read '/root/earth-moon/lean/data/a4_m04c/leaf2.cnf'
c found 'p cnf 2964 338127' header
c parsed 338127 clauses in 0.30 seconds process time
c 
c --- [ options ] ------------------------------------------------------------
c 
c   --binary=false                 (different from default 'true')
c   --lrat=true                    (different from default 'false')
c 
c --- [ solving ] ------------------------------------------------------------
c 
c time measured in process time since initialization
c 
c  seconds  reduction conflicts       size tier2       variables
c         MB    restarts   redundant    glue  trail         remaining
c          level     rate       size/glu tier1  irredundant
c 
c *  0.30 46  0 0   0  0    0    0 0.0 0 0 2 6  0% 337936 2920 99%
c )  0.34 59  0 0   0  0    0    0 0.0 0 0 2 6  0% 337936 2920 99%
c {  0.35 59  0 0   0  0    0    0 0.0 0 0 2 6  0% 337936 2920 99%
c i  0.36 61 688 0   0 53  105   20 1.7 12 7 2 6 35% 337859 2869 97%
c i  0.36 61 687 0   0 53  106   20 1.7 11 7 2 6 35% 337859 2868 97%
c i  0.38 63 606 0   4 42  138   41 1.7 17 10 2 6 31% 337852 2865 97%
c i  0.38 63 596 0   5 42  140   41 1.7 17 10 2 6 31% 337851 2864 97%
c i  0.38 63 592 0   5 42  141   41 1.7 16 10 2 6 31% 337851 2861 97%
c i  0.38 63 583 0   5 41  143   41 1.7 16 9 2 6 30% 337851 2855 96%
c i  0.40 63 519 0   8 37  161   52 1.5 16 11 2 6 28% 337847 2842 96%
c i  0.40 64 477 0  11 35  175   63 1.5 17 12 2 6 26% 337846 2841 96%
c i  0.41 64 466 0  12 34  180   66 1.4 17 12 2 6 26% 337846 2826 95%
c -  0.43 63 322 1  15 22  300   53 1.5 15 10 2 6 27% 337675 2826 95%
c i  0.43 64 319 1  15 22  306   54 1.5 15 10 2 6 27% 337673 2825 95%
c i  0.43 64 317 1  15 22  308   55 1.5 15 10 2 6 27% 337673 2824 95%
c i  0.43 64 315 1  15 22  312   57 1.5 15 10 2 6 27% 337672 2823 95%
c i  0.43 64 312 1  15 22  315   57 1.5 15 10 2 6 27% 337671 2822 95%
c i  0.43 64 307 1  15 21  322   57 1.5 15 10 2 6 26% 337668 2821 95%
c i  0.43 64 306 1  15 21  323   57 1.5 15 10 2 6 26% 337668 2817 95%
c i  0.43 64 306 1  15 21  324   57 1.5 15 10 2 6 26% 337668 2816 95%
c 
c  seconds   reduction conflicts       size   tier2       variables
c         MB     restarts   redundant     glue   trail         remaining
c           level     rate       size/glue  tier1  irredundant
c 
c i  0.43 64 300 1  15 20  334   62 1.5 14 10 2 6 26% 337665 2815 95%
c i  0.43 64 298 1  15 20  337   62 1.5 14 9 2 6 26% 337664 2811 95%
c i  0.43 64 297 1  15 20  338   62 1.5 14 9 2 6 26% 337664 2810 95%
c i  0.43 64 286 1  15 19  356   69 1.5 13 9 2 6 26% 337659 2809 95%
c i  0.43 64 285 1  15 19  358   69 1.5 13 9 2 6 26% 337658 2808 95%
c i  0.43 64 283 1  15 19  361   70 1.5 13 9 2 6 26% 337658 2807 95%
c i  0.43 64 282 1  15 19  362   70 1.5 13 9 2 6 26% 337658 2806 95%
c i  0.43 64 280 1  15 19  369   72 1.5 13 9 2 6 26% 337658 2805 95%
c i  0.43 64 279 1  15 19  370   72 1.5 13 9 2 6 26% 337658 2804 95%
c i  0.43 64 278 1  15 19  371   72 1.5 13 9 2 6 25% 337658 2803 95%
c i  0.43 64 278 1  15 18  372   72 1.5 13 9 2 6 25% 337658 2802 95%
c i  0.43 64 276 1  15 18  375   73 1.5 13 9 2 6 25% 337658 2801 95%
c i  0.43 64 275 1  15 18  377   72 1.5 12 8 2 6 25% 337658 2800 94%
c i  0.43 64 273 1  15 18  380   72 1.5 12 8 2 6 25% 337656 2799 94%
c i  0.43 64 267 1  15 18  392   73 1.5 12 8 2 6 25% 337650 2751 93%
c i  0.43 64 266 1  15 18  394   73 1.5 12 8 2 6 25% 337649 2750 93%
c i  0.44 64 265 1  15 17  396   74 1.5 12 8 2 6 25% 337649 2749 93%
c i  0.44 64 264 1  15 17  398   74 1.5 12 8 2 6 25% 337648 2748 93%
c i  0.44 64 263 1  15 17  401   75 1.5 12 8 2 6 25% 337647 2746 93%
c i  0.45 65 202 1  29 14  584  144 1.4 12 9 2 6 25% 337555 2745 93%
c 
c  seconds   reduction conflicts       size  tier2       variables
c         MB     restarts   redundant     glue  trail         remaining
c           level     rate       size/glue tier1  irredundant
c 
c i  0.45 65 191 1  34 14  643  169 1.4 12 8 2 6 25% 337531 2743 93%
c i  0.45 65 189 1  34 14  654  174 1.4 12 8 2 6 25% 337526 2742 93%
c i  0.45 65 189 1  34 14  655  174 1.4 12 8 2 6 25% 337526 2741 92%
c i  0.45 65 188 1  34 14  656  174 1.4 12 8 2 6 25% 337526 2739 92%
c i  0.45 65 180 1  34 13  687  188 1.4 12 8 2 6 24% 337513 2738 92%
c i  0.45 65 180 1  34 13  689  188 1.4 12 8 2 6 24% 337513 2737 92%
c i  0.45 65 179 1  34 13  690  188 1.4 12 8 2 6 24% 337513 2736 92%
c i  0.45 65 179 1  34 13  691  188 1.4 11 8 2 6 24% 337513 2735 92%
c i  0.45 65 177 1  34 13  701  191 1.4 11 8 2 6 24% 337507 2725 92%
c i  0.45 65 176 1  34 13  703  191 1.4 11 8 2 6 24% 337507 2720 92%
c i  0.46 65 171 1  35 13  732  209 1.5 12 8 2 6 25% 337498 2717 92%
c i  0.47 65 168 1  42 13  758  221 1.4 12 8 2 6 24% 337486 2714 92%
c i  0.47 65 167 1  43 13  763  223 1.4 12 8 2 6 24% 337484 2713 92%
c i  0.48 65 163 1  47 13  793  235 1.4 12 9 2 6 24% 337467 2705 91%
c i  0.49 65 157 1  60 13  850  256 1.4 12 9 2 6 24% 337440 2704 91%
c i  0.51 65 150 1  76 13  903  292 1.4 13 10 2 6 24% 337433 2693 91%
c i  0.52 66 146 1  84 13  935  306 1.4 13 10 2 6 24% 337418 2690 91%
c i  0.53 66 144 1  89 13  956  321 1.4 14 10 2 6 23% 337418 2689 91%
c i  0.54 66 144 1  90 13  957  321 1.4 14 10 2 6 23% 337418 2688 91%
c i  0.54 66 144 1  90 13  958  321 1.4 14 10 2 6 23% 337418 2684 91%
c 
c  seconds   reduction conflicts       size   tier2       variables
c         MB     restarts   redundant     glue   trail         remaining
c           level     rate       size/glue  tier1  irredundant
c 
c i  0.54 66 143 1  90 13  959  321 1.4 14 10 2 6 23% 337418 2683 91%
c i  0.54 66 143 1  91 13  960  321 1.4 14 10 2 6 23% 337418 2652 89%
c -  0.60 92 143 2  92 13  963  141 1.4 14 10 2 6 23% 337191 2652 89%
c }  0.61 92 140 2  98 13 1003  155 1.4 14 10 2 6 24% 337170 2652 89%
c [  0.61 92  0 2  98  0 1003  155 0.0 0 0 2 6  0% 337170 2652 89%
c O  0.61 92  6 2  98  7 1004  156 1.4 7 5 2 6 29% 337170 2652 89%
c i  0.61 92  8 2  98  2 1137  234 1.9 9 5 2 6 24% 337140 2647 89%
c i  0.68 92 70 2  98  2 1523  556 1.6 22 13 2 6 44% 337120 2643 89%
c ]  0.72 92 73 2  98  1 1821  765 1.5 23 15 2 6 42% 337119 2643 89%
c {  0.72 92 140 2  98 13 1821  765 1.4 14 10 2 6 24% 337119 2643 89%
c i  0.75 92 137 2 107 13 1860  789 1.4 14 10 2 6 24% 337107 2623 88%
c i  0.77 92 127 2 131 13 1972  857 1.4 15 11 2 6 23% 337077 2622 88%
c i  0.77 92 126 2 131 13 1977  858 1.4 15 11 2 6 23% 337075 2601 88%
c i  0.77 92 126 2 132 13 1978  858 1.4 14 11 2 6 23% 337075 2600 88%
c i  0.77 92 126 2 132 13 1979  858 1.4 14 11 2 6 23% 337075 2595 88%
c i  0.85 92 119 2 158 12 2135  834 1.4 15 11 2 6 17% 336878 2594 88%
c i  0.86 92 118 2 158 12 2153  835 1.4 15 11 2 6 17% 336864 2574 87%
c -  0.90 87 118 3 158 12 2153  331 1.4 15 11 2 6 17% 336839 2574 87%
c i  0.98 87 108 3 190 11 2341  444 1.4 16 12 2 6 14% 336790 2573 87%
c i  0.98 87 108 3 190 11 2342  444 1.4 16 12 2 6 14% 336790 2572 87%
c 
c  seconds   reduction conflicts       size   tier2       variables
c         MB     restarts   redundant     glue   trail         remaining
c           level     rate       size/glue  tier1  irredundant
c 
c i  0.98 87 108 3 191 11 2343  444 1.4 16 12 2 6 14% 336790 2571 87%
c i  0.98 87 108 3 191 11 2344  444 1.4 16 12 2 6 14% 336790 2569 87%
c i  0.98 87 108 3 191 11 2345  444 1.4 16 12 2 6 14% 336790 2568 87%
c i  0.98 87 108 3 192 11 2347  444 1.4 16 12 2 6 14% 336790 2518 85%
c i  1.03 87 103 3 215 11 2446  519 1.3 16 12 2 6 13% 336776 2508 85%
c i  1.04 87 102 3 220 11 2463  529 1.3 16 12 2 6 13% 336771 2491 84%
c i  1.05 87 102 3 220 11 2464  529 1.3 16 12 2 6 13% 336771 2490 84%
c i  1.05 87 102 3 221 11 2465  529 1.3 16 12 2 6 13% 336771 2484 84%
c i  1.05 87 102 3 221 11 2466  529 1.3 16 12 2 6 13% 336771 2472 83%
c i  1.11 87 95 3 256 10 2680  645 1.3 17 13 2 6 15% 336713 2471 83%
c i  1.11 87 95 3 256 10 2685  645 1.3 17 12 2 6 15% 336712 2468 83%
c i  1.11 87 95 3 256 10 2701  657 1.3 17 12 2 6 15% 336710 2467 83%
c i  1.11 87 95 3 256 10 2703  656 1.3 17 12 2 6 15% 336710 2466 83%
c i  1.11 87 94 3 256 10 2711  660 1.3 17 12 2 6 15% 336709 2423 82%
c O  1.21 87 84 3 316  9 3008  891 1.3 18 13 2 6 14% 336706 2423 82%
c 2  1.23 87 82 3 316  9 3056  936 1.4 18 13 2 6 14% 336706 2411 81%
c d  1.25 87 82 3 316  9 3056  901 1.4 18 13 2 6 14% 336515 2410 81%
c p  1.26 87 82 3 316  9 3056  901 1.4 18 13 2 6 14% 336515 2409 81%
c =  1.37 97 82 3 316  9 3056  895 1.4 18 13 2 6 14% 336528 2390 81%
c t  1.37 97 82 3 316  9 3056  889 1.4 18 13 2 6 14% 336528 2390 81%
c 
c  seconds  reduction conflicts       size   tier2       variables
c         MB    restarts   redundant     glue   trail         remaining
c          level     rate       size/glue  tier1  irredundant
c 
c i  1.56 97 71 3 433  8 3653 1292 1.4 19 14 2 6 14% 336475 2343 79%
c i  1.56 97 71 3 433  8 3662 1296 1.4 19 14 2 6 15% 336471 2336 79%
c -  1.70 110 68 4 475  7 3924  533 1.3 19 14 2 6 16% 336399 2336 79%
c i  1.76 110 66 4 502  7 4039  611 1.3 20 15 2 6 16% 336375 2335 79%
c }  1.76 110 66 4 503  7 4041  613 1.3 20 15 2 6 16% 336375 2335 79%
c [  1.76 110 73 4 503  1 4041  613 1.5 23 15 2 6 48% 336375 2335 79%
c 2  1.96 110 38 4 505  1 5556 1537 1.3 22 17 16 19 29% 336366 2326 78%
c I  2.10 110 37 4 505  1 6011 1854 1.3 23 18 16 19 27% 336352 2326 78%
c -  2.21 134 35 5 505  1 6315  689 1.3 23 17 16 20 26% 336351 2326 78%
c ]  2.42 134 31 5 506  1 7729 1768 1.3 24 17 15 20 24% 336348 2326 78%
c {  2.42 134 66 5 506  7 7729 1768 1.3 20 15 2 6 16% 336348 2326 78%
c i  2.53 134 64 5 538  7 7893 1888 1.3 20 15 2 6  9% 336345 2282 77%
c i  2.53 134 64 5 538  7 7895 1889 1.3 20 15 2 6  8% 336345 2281 77%
c 2  2.57 134 61 5 538  7 8159 2072 1.3 20 15 2 6  9% 336345 2280 77%
c t  2.60 134 61 5 538  7 8159 2071 1.3 20 15 2 6  9% 336347 2280 77%
c -  2.80 134 50 6 640  5 9347 2525 1.4 21 15 11 18 10% 336298 2280 77%
c #  2.87 134 46 6 645  5 10012 3033 1.4 21 15 11 18 10% 336298 2280 77%
c 2  3.03 134 43 6 753  4 10857 3676 1.4 21 15 11 18 10% 336297 2236 75%
c d  3.04 134 43 6 753  4 10857 3675 1.4 21 15 11 18 10% 336250 2235 75%
c 2  3.05 134 43 6 753  4 10857 3675 1.4 21 15 11 18 10% 336249 2235 75%
c 
c  seconds  reductions conflicts       size    tier2        variables
c         MB    restarts    redundant     glue     trail         remaining
c          level     rate        size/glue  tier1    irredundant
c 
c -  3.56 88 36 7 823  4 13036 4928 1.5 21 14 11 18 10% 336249 2235 75%
c u  3.70 88 34 7 828  3 13641 5333 1.5 21 14 10 17 10% 336249 2235 75%
c v  3.72 88 34 7 828  3 13641 5331 1.5 21 14 10 17 10% 336249 2235 75%
c w  3.72 88 34 7 828  3 13641 5329 1.5 21 14 10 17 10% 336249 2235 75%
c s  3.80 93 34 7 828  3 13713 5371 1.5 21 14 10 17 10% 336219 2235 75%
c t  3.80 93 34 7 828  3 13713 5371 1.5 21 14 10 17 10% 336211 2235 75%
c e  3.85 93 34 7 828  3 13713 5185 1.5 21 14 10 17 10% 332810 328 11%
c s  3.86 93 34 7 828  3 13713 5185 1.5 21 14 10 17 10% 332809 328 11%
c B  4.10 93 32 7 850  3 15013 6095 1.5 21 14 10 17 22% 332809 328 11%
c }  4.19 93 31 7 906  3 15452 6429 1.5 21 14 10 17 22% 332809 328 11%
c [  4.19 93 31 7 906  1 15452 6429 1.3 24 17 15 20 191% 332809 328 11%
c -  4.45 88 28 8 908  1 17393 6178 1.3 23 17 15 20 139% 332809 328 11%
c B  4.84 88 25 8 909  1 21014 8435 1.3 23 17 15 20 97% 332824 328 11%
c -  5.02 112 24 9 909  1 22412 7080 1.3 22 17 14 19 88% 332824 328 11%
c ]  5.33 112 23 9 911  1 24744 8435 1.3 22 17 14 19 76% 332824 328 11%
c {  5.33 112 31 9 911  3 24744 8435 1.5 21 14 10 17 22% 332824 328 11%
c W  5.91 112 28 9 1020  3 28016 10645 1.5 20 14 10 17 23% 332824 328 11%
c -  5.99 112 28 10 1034  3 28109 8584 1.5 20 14 10 17 23% 332824 328 11%
c -  6.94 112 23 11 1127  2 34489 10045 1.5 19 13 10 17 22% 332824 328 11%
c p  6.94 112 23 11 1127  2 34489 10047 1.5 19 13 10 17 22% 332824 328 11%
c 
c  seconds   reductions   conflicts       size    tier2        variables
c          MB     restarts     redundant     glue     trail        remaining
c           level       rate        size/glue  tier1    irredundant
c 
c u  7.00 112 23 11 1127  2 34489 9992 1.5 19 13 10 17 22% 332824 328 11%
c v  7.05 112 23 11 1127  2 34489 9989 1.5 19 13 10 17 22% 332824 328 11%
c w  7.07 112 23 11 1127  2 34489 9989 1.5 19 13 10 17 22% 332824 328 11%
c F  7.26 112 22 11 1127  2 36017 10775 1.5 19 13 10 17 21% 332824 328 11%
c }  7.76 112 21 11 1236  2 39039 12853 1.5 19 13 10 14 22% 332824 328 11%
c [  7.76 112 23 11 1236  1 39039 12853 1.3 22 17 14 19 76% 332824 328 11%
c -  8.12 112 22 12 1237  1 41555 11520 1.3 22 16 14 19 67% 332824 328 11%
c p  8.12 112 22 12 1237  1 41555 11521 1.3 22 16 14 19 67% 332824 328 11%
c W  8.73 112 22 12 1240  1 45018 13971 1.3 22 16 14 19 59% 332824 328 11%
c -  9.24 113 22 13 1241  1 49313 13004 1.3 22 17 14 19 52% 332824 328 11%
c s  9.83 113 22 13 1242  1 53661 15594 1.3 22 17 14 19 48% 332816 328 11%
c s  9.90 113 22 13 1242  1 53661 15591 1.3 22 17 14 19 48% 332812 328 11%
c ] 10.01 113 22 13 1242  1 54249 16000 1.3 22 17 14 19 47% 332812 328 11%
c { 10.01 113 21 13 1242  2 54249 16000 1.5 19 13 10 14 22% 332812 328 11%
c B 10.15 113 21 13 1322  2 55019 16593 1.5 19 13 10 14 22% 332812 328 11%
c - 10.65 113 21 14 1471  2 57762 14267 1.5 19 13 10 14 22% 332812 328 11%
c p 10.67 113 21 14 1471  2 57762 14268 1.5 19 13 10 14 22% 332812 328 11%
c u 10.74 113 21 14 1471  2 57762 14247 1.5 19 13 10 14 22% 332812 328 11%
c v 10.77 113 21 14 1471  2 57762 14244 1.5 19 13 10 14 22% 332812 328 11%
c w 10.78 113 21 14 1471  2 57762 14244 1.5 19 13 10 14 22% 332812 328 11%
c 
c  seconds   reductions   conflicts        size    tier2        variables
c          MB     restarts      redundant     glue     trail        remaining
c           level       rate         size/glue  tier1    irredundant
c 
c x 10.82 113 21 14 1471  2 57762 14244 1.5 19 13 10 14 22% 332810 328 11%
c W 11.94 113 19 14 1870  2 66021 19478 1.5 19 13 10 14 23% 332810 328 11%
c - 12.18 113 19 15 1967  2 66908 17049 1.5 19 13 10 14 23% 332810 328 11%
c p 12.20 113 19 15 1967  2 66908 17050 1.5 19 13 10 14 23% 332810 328 11%
c - 13.51 113 18 16 2583  2 76753 20469 1.5 19 13 10 14 23% 332810 328 11%
c p 13.52 113 18 16 2583  2 76753 20470 1.5 19 13 10 14 23% 332810 328 11%
c u 13.61 113 18 16 2583  2 76753 20426 1.5 19 13 10 14 23% 332810 328 11%
c v 13.64 113 18 16 2583  2 76753 20421 1.5 19 13 10 14 23% 332810 328 11%
c w 13.66 113 18 16 2583  2 76753 20421 1.5 19 13 10 14 23% 332810 328 11%
c } 13.86 113 18 16 2710  2 77271 20835 1.5 19 13 10 14 23% 332810 328 11%
c [ 13.86 113 22 16 2710  1 77271 20835 1.3 22 17 14 19 47% 332810 328 11%
c O 13.96 113 22 16 2710  1 78023 21314 1.3 22 17 14 19 46% 332810 328 11%
c - 15.02 113 22 17 2715  1 87296 21812 1.3 23 17 14 19 40% 332810 328 11%
c p 15.03 113 22 17 2715  1 87296 21813 1.3 23 17 14 19 40% 332810 328 11%
c B 15.45 113 22 17 2717  1 91024 24465 1.3 23 17 14 19 38% 332810 328 11%
c - 16.39 113 22 18 2721  1 98539 22943 1.3 23 17 14 19 35% 332810 328 11%
c p 16.41 113 22 18 2721  1 98539 22944 1.3 23 17 14 19 35% 332810 328 11%
c u 16.71 113 22 18 2721  1 98539 22915 1.3 23 17 14 19 35% 332810 328 11%
c v 16.76 113 22 18 2721  1 98539 22913 1.3 23 17 14 19 35% 332810 328 11%
c w 16.79 113 22 18 2721  1 98539 22912 1.3 23 17 14 19 35% 332810 328 11%
c 
c  seconds   reductions   conflicts         size    tier2        variables
c          MB     restarts       redundant     glue     trail        remaining
c           level       rate          size/glue  tier1    irredundant
c 
c ] 17.19 113 21 18 2723  1 101189 24714 1.3 23 17 14 19 35% 332810 328 11%
c { 17.19 113 18 18 2723  2 101189 24714 1.5 19 13 10 14 23% 332810 328 11%
c # 17.70 113 18 18 2817  2 105027 27209 1.5 19 13 10 14 23% 332810 328 11%
c - 18.79 114 18 19 3673  2 110484 25882 1.5 19 13 10 14 23% 332810 328 11%
c p 18.80 114 18 19 3673  2 110484 25883 1.5 19 13 10 14 23% 332810 328 11%
c s 19.17 114 18 19 3755  2 113583 27803 1.5 19 13 10 14 23% 332787 328 11%
c s 19.25 114 18 19 3755  2 113583 27797 1.5 19 13 10 14 23% 332769 328 11%
c B 20.11 114 17 19 4112  2 120028 31724 1.5 19 13 10 14 23% 332769 328 11%
c - 20.74 114 17 20 4423  2 123131 29751 1.5 19 13 10 14 23% 332769 328 11%
c p 20.75 114 17 20 4423  2 123131 29752 1.5 19 13 10 14 23% 332769 328 11%
c u 20.85 114 17 20 4423  2 123131 29734 1.5 19 13 10 14 23% 332769 328 11%
c v 20.89 114 17 20 4423  2 123131 29733 1.5 19 13 10 14 23% 332769 328 11%
c w 20.91 114 17 20 4423  2 123131 29733 1.5 19 13 10 14 23% 332769 328 11%
c x 20.97 114 17 20 4423  2 123131 29733 1.5 19 13 10 14 23% 332766 328 11%
c } 22.88 114 17 20 5309  2 133098 36693 1.5 19 13 10 14 23% 332766 328 11%
c [ 22.88 114 21 20 5309  1 133098 36693 1.3 23 17 14 19 35% 332766 328 11%
c W 23.81 114 21 20 5310  1 136031 38672 1.3 23 17 14 19 34% 332766 328 11%
c - 23.94 115 21 21 5310  1 136483 33534 1.3 23 17 13 19 34% 332766 328 11%
c p 23.96 115 21 21 5310  1 136483 33535 1.3 23 17 13 19 34% 332766 328 11%
c - 25.62 115 21 22 5312  1 150539 36971 1.4 23 16 13 19 32% 332766 328 11%
c 
c  seconds   reductions   conflicts         size    tier2        variables
c          MB     restarts       redundant     glue     trail        remaining
c           level       rate          size/glue  tier1    irredundant
c 
c p 25.64 115 21 22 5312  1 150539 36972 1.4 23 16 13 19 32% 332766 328 11%
c u 25.76 115 21 22 5312  1 150539 36929 1.4 23 16 13 19 32% 332766 328 11%
c v 25.81 115 21 22 5312  1 150539 36925 1.4 23 16 13 19 32% 332766 328 11%
c w 25.85 115 21 22 5312  1 150539 36925 1.4 23 16 13 19 32% 332766 328 11%
c I 26.19 115 21 22 5312  1 153032 38603 1.4 23 16 13 19 32% 332766 328 11%
c - 27.98 115 20 23 5314  1 165303 38593 1.4 23 16 13 19 30% 332766 328 11%
c p 28.00 115 20 23 5314  1 165303 38594 1.4 23 16 13 19 30% 332766 328 11%
c ] 28.28 115 20 23 5315  1 166942 39730 1.4 23 16 13 19 30% 332766 328 11%
c { 28.28 115 17 23 5315  2 166942 39730 1.5 19 13 10 14 23% 332766 328 11%
c W 29.44 115 17 23 5814  2 171035 42449 1.5 19 13 10 14 23% 332766 328 11%
c - 31.07 115 17 24 6699  1 180775 41214 1.5 19 13 10 14 23% 332766 328 11%
c p 31.09 115 17 24 6699  1 180775 41215 1.5 19 13 10 14 23% 332766 328 11%
c u 31.47 115 17 24 6699  1 180775 41171 1.5 19 13 10 14 23% 332766 328 11%
c v 31.51 115 17 24 6699  1 180775 41170 1.5 19 13 10 14 23% 332766 328 11%
c w 31.54 115 17 24 6699  1 180775 41170 1.5 19 13 10 14 23% 332766 328 11%
c x 31.59 115 17 24 6699  1 180775 41170 1.5 19 13 10 14 23% 332762 328 11%
c F 32.78 115 17 24 6821  1 190037 47131 1.5 19 13 10 14 23% 332762 328 11%
c s 33.32 115 17 24 6856  1 193481 49506 1.5 19 13 10 14 24% 332740 328 11%
c s 33.41 115 17 24 6856  1 193481 49499 1.5 19 13 10 14 24% 332707 328 11%
c - 33.96 116 17 25 6888  1 196954 46472 1.5 19 13 10 14 24% 332707 328 11%
c 
c  seconds   reductions   conflicts         size    tier2        variables
c          MB     restarts       redundant     glue     trail        remaining
c           level       rate          size/glue  tier1    irredundant
c 
c p 33.98 116 17 25 6888  1 196954 46473 1.5 19 13 10 14 24% 332707 328 11%
c } 35.53 116 16 25 7103  1 210031 54533 1.5 19 13 9 14 24% 332707 328 11%
c [ 35.53 116 20 25 7103  1 210031 54533 1.4 23 16 13 19 30% 332707 328 11%
c B 35.54 116 20 25 7103  1 210039 54537 1.4 23 16 13 19 30% 332707 328 11%
c - 36.10 115 20 26 7106  1 213843 44419 1.4 23 16 13 19 30% 332707 328 11%
c p 36.12 115 20 26 7106  1 213843 44420 1.4 23 16 13 19 30% 332707 328 11%
c u 36.23 115 20 26 7106  1 213843 44407 1.4 23 16 13 19 30% 332707 328 11%
c v 36.28 115 20 26 7106  1 213843 44402 1.4 23 16 13 19 30% 332707 328 11%
c w 36.31 115 20 26 7106  1 213843 44402 1.4 23 16 13 19 30% 332707 328 11%
c x 36.38 115 20 26 7106  1 213843 44402 1.4 23 16 13 19 30% 332706 328 11%
c W 39.21 115 20 26 7114  1 231041 56025 1.4 23 16 13 19 29% 332706 328 11%
c - 39.29 92 20 27 7114  1 231441 45191 1.4 23 16 13 19 29% 332706 328 11%
c p 39.30 92 20 27 7114  1 231441 45192 1.4 23 16 13 19 29% 332706 328 11%
c u 39.37 92 20 27 7114  1 231441 45177 1.4 23 16 13 19 29% 332706 328 11%
c v 39.40 92 20 27 7114  1 231441 45175 1.4 23 16 13 19 29% 332706 328 11%
c w 39.42 92 20 27 7114  1 231441 45175 1.4 23 16 13 19 29% 332706 328 11%
c x 39.46 92 20 27 7114  1 231441 45175 1.4 23 16 13 19 29% 332703 328 11%
c - 41.69 119 20 28 7122  1 249748 46299 1.4 23 16 13 19 28% 332703 328 11%
c p 41.71 119 20 28 7122  1 249748 46300 1.4 23 16 13 19 28% 332703 328 11%
c u 41.77 119 20 28 7122  1 249748 46264 1.4 23 16 13 19 28% 332703 328 11%
c 
c  seconds   reductions   conflicts         size    tier2        variables
c          MB     restarts       redundant     glue     trail        remaining
c           level       rate          size/glue  tier1    irredundant
c 
c v 41.80 119 20 28 7122  1 249748 46259 1.4 23 16 13 19 28% 332703 328 11%
c w 41.81 119 20 28 7122  1 249748 46259 1.4 23 16 13 19 28% 332703 328 11%
c x 41.85 119 20 28 7122  1 249748 46259 1.4 23 16 13 19 28% 332703 328 11%
c ] 42.18 119 20 28 7122  1 252361 48128 1.4 23 16 13 19 28% 332703 328 11%
c { 42.18 119 16 28 7122  1 252361 48128 1.5 19 13 9 14 24% 332703 328 11%
c B 42.34 119 16 28 7196  1 253043 48566 1.5 19 13 9 14 24% 332703 328 11%
c - 45.02 147 16 29 7996  1 268765 47482 1.5 19 13 9 13 24% 332703 328 11%
c p 45.04 147 16 29 7996  1 268765 47483 1.5 19 13 9 13 24% 332703 328 11%
c u 45.11 147 16 29 7996  1 268765 47475 1.5 19 13 9 13 24% 332703 328 11%
c v 45.14 147 16 29 7996  1 268765 47468 1.5 19 13 9 13 24% 332703 328 11%
c w 45.15 147 16 29 7996  1 268765 47468 1.5 19 13 9 13 24% 332703 328 11%
c x 45.19 147 16 29 7996  1 268765 47468 1.5 19 13 9 13 24% 332701 328 11%
c W 46.50 147 16 29 8280  1 276045 51348 1.5 19 13 9 13 24% 332701 328 11%
c - 48.99 147 16 30 9654  1 288491 50957 1.5 19 13 9 13 24% 332701 328 11%
c p 49.01 147 16 30 9654  1 288491 50958 1.5 19 13 9 13 24% 332701 328 11%
c u 49.14 147 16 30 9654  1 288491 50948 1.5 19 13 9 13 24% 332701 328 11%
c v 49.20 147 16 30 9654  1 288491 50940 1.5 19 13 9 13 24% 332701 328 11%
c w 49.23 147 16 30 9654  1 288491 50940 1.5 19 13 9 13 24% 332701 328 11%
c s 50.06 147 16 30 10014  1 293345 54133 1.5 19 13 9 13 24% 332690 328 11%
c s 50.16 147 16 30 10014  1 293345 54122 1.5 19 13 9 13 24% 332675 328 11%
c 
c  seconds   reductions    conflicts         size   tier2        variables
c          MB      restarts       redundant     glue    trail        remaining
c           level        rate          size/glue  tier1   irredundant
c 
c # 51.48 147 16 30 10366  1 300048 58416 1.5 19 13 9 13 24% 332675 328 11%
c } 52.06 147 16 30 10465  1 305105 61308 1.5 19 13 9 13 24% 332675 328 11%
c [ 52.06 147 20 30 10465  1 305105 61308 1.4 23 16 13 19 28% 332675 328 11%
c - 52.50 147 20 31 10468  1 308928 55004 1.4 23 16 13 19 28% 332675 328 11%
c p 52.52 147 20 31 10468  1 308928 55005 1.4 23 16 13 19 28% 332675 328 11%
c u 52.96 147 20 31 10468  1 308928 54988 1.4 23 16 13 19 28% 332675 328 11%
c v 53.00 147 20 31 10468  1 308928 54980 1.4 23 16 13 19 28% 332675 328 11%
c w 53.02 147 20 31 10468  1 308928 54980 1.4 23 16 13 19 28% 332675 328 11%
c x 53.06 147 20 31 10468  1 308928 54980 1.4 23 16 13 19 28% 332675 328 11%
c O 55.19 147 19 31 10473  1 325049 64987 1.5 22 15 13 19 28% 332675 328 11%
c - 55.88 93 19 32 10474  1 330076 59573 1.5 22 15 13 19 28% 332675 328 11%
c p 55.90 93 19 32 10474  1 330076 59574 1.5 22 15 13 19 28% 332675 328 11%
c u 55.98 93 19 32 10474  1 330076 59553 1.5 22 15 13 19 28% 332675 328 11%
c v 56.01 93 19 32 10474  1 330076 59551 1.5 22 15 13 19 28% 332675 328 11%
c w 56.03 93 19 32 10474  1 330076 59551 1.5 22 15 13 19 28% 332675 328 11%
c x 56.08 93 19 32 10474  1 330076 59551 1.5 22 15 13 19 28% 332673 328 11%
c B 58.43 93 19 32 10475  1 351050 73146 1.5 23 15 11 17 27% 332673 328 11%
c - 58.62 93 19 33 10475  1 351936 60732 1.5 23 15 11 17 27% 332673 328 11%
c p 58.64 93 19 33 10475  1 351936 60733 1.5 23 15 11 17 27% 332673 328 11%
c u 58.71 93 19 33 10475  1 351936 60682 1.5 23 15 11 17 27% 332673 328 11%
c 
c  seconds  reductions    conflicts         size    tier2        variables
c         MB      restarts       redundant     glue     trail        remaining
c          level        rate          size/glue  tier1    irredundant
c 
c v 58.75 93 19 33 10475  1 351936 60680 1.5 23 15 11 17 27% 332673 328 11%
c w 58.76 93 19 33 10475  1 351936 60680 1.5 23 15 11 17 27% 332673 328 11%
c x 58.80 93 19 33 10475  1 351936 60680 1.5 23 15 11 17 27% 332673 328 11%
c ] 59.67 93 19 33 10475  1 359413 66042 1.5 23 15 11 17 27% 332673 328 11%
c { 59.68 93 16 33 10475  1 359413 66042 1.5 19 13 9 13 24% 332673 328 11%
c - 62.37 100 16 34 12207  1 374509 63046 1.5 19 13 9 13 24% 332673 328 11%
c p 62.39 100 16 34 12207  1 374509 63047 1.5 19 13 9 13 24% 332673 328 11%
c u 62.49 100 16 34 12207  1 374509 63040 1.5 19 13 9 13 24% 332673 328 11%
c v 62.53 100 16 34 12207  1 374509 63035 1.5 19 13 9 13 24% 332673 328 11%
c w 62.55 100 16 34 12207  1 374509 63035 1.5 19 13 9 13 24% 332673 328 11%
c x 62.60 100 16 34 12207  1 374509 63035 1.5 19 13 9 13 24% 332670 328 11%
c B 63.09 100 16 34 12253  1 378051 65151 1.5 19 13 9 13 24% 332670 328 11%
c - 65.47 101 15 35 12532  1 397798 70444 1.5 19 13 9 13 24% 332670 328 11%
c p 65.48 101 15 35 12532  1 397798 70445 1.5 19 13 9 13 24% 332670 328 11%
c u 65.57 101 15 35 12532  1 397798 70431 1.5 19 13 9 13 24% 332670 328 11%
c v 65.60 101 15 35 12532  1 397798 70430 1.5 19 13 9 13 24% 332670 328 11%
c w 65.63 101 15 35 12532  1 397798 70430 1.5 19 13 9 13 24% 332670 328 11%
c x 65.67 101 15 35 12532  1 397798 70430 1.5 19 13 9 13 24% 332669 328 11%
c W 68.25 101 15 35 13204  1 406052 75762 1.5 19 13 8 13 24% 332669 328 11%
c s 69.56 103 15 35 14077  1 413180 80183 1.5 19 13 8 13 24% 332627 328 11%
c 
c  seconds   reductions    conflicts         size   tier2        variables
c          MB      restarts       redundant     glue    trail        remaining
c           level        rate          size/glue  tier1   irredundant
c 
c s 69.67 103 15 35 14077  1 413180 80169 1.5 19 13 8 13 24% 332582 328 11%
c - 71.00 102 15 36 14468  1 421796 64147 1.5 19 13 8 13 24% 332582 328 11%
c p 71.02 102 15 36 14468  1 421796 64148 1.5 19 13 8 13 24% 332582 328 11%
c u 71.14 102 15 36 14468  1 421796 64136 1.5 19 13 8 13 24% 332582 328 11%
c v 71.18 102 15 36 14468  1 421796 64135 1.5 19 13 8 13 24% 332582 328 11%
c w 71.21 102 15 36 14468  1 421796 64134 1.5 19 13 8 13 24% 332582 328 11%
c x 71.28 102 15 36 14468  1 421796 64134 1.5 19 13 8 13 24% 332582 328 11%
c } 72.03 102 15 36 14714  1 427001 67488 1.5 19 13 8 13 24% 332582 328 11%
c [ 72.03 102 19 36 14714  1 427001 67488 1.5 23 15 11 17 27% 332582 328 11%
c W 73.16 102 19 36 14714  1 435053 72710 1.5 22 15 11 17 27% 332582 328 11%
c - 74.47 93 19 37 14717  1 446505 61657 1.4 23 16 11 17 27% 332582 328 11%
c p 74.49 93 19 37 14717  1 446505 61658 1.4 23 16 11 17 27% 332582 328 11%
c u 74.57 93 19 37 14717  1 446505 61631 1.4 23 16 11 17 27% 332582 328 11%
c v 74.60 93 19 37 14717  1 446505 61626 1.4 23 16 11 17 27% 332582 328 11%
c w 74.62 93 19 37 14717  1 446505 61624 1.4 23 16 11 17 27% 332582 328 11%
c x 74.67 93 19 37 14717  1 446505 61623 1.4 23 16 11 17 27% 332579 328 11%
c I 76.92 93 19 37 14728  1 465056 75557 1.5 23 16 10 17 27% 332579 328 11%
c - 77.96 122 19 38 14729  1 471931 60449 1.5 23 16 10 17 27% 332579 328 11%
c p 77.98 122 19 38 14729  1 471931 60450 1.5 23 16 10 17 27% 332579 328 11%
c u 78.09 122 19 38 14729  1 471931 60423 1.5 23 16 10 17 27% 332579 328 11%
c 
c  seconds   reductions    conflicts         size    tier2        variables
c          MB      restarts       redundant     glue     trail        remaining
c           level        rate          size/glue  tier1    irredundant
c 
c v 78.13 122 19 38 14729  1 471931 60420 1.5 23 16 10 17 27% 332579 328 11%
c w 78.15 122 19 38 14729  1 471931 60415 1.5 23 16 10 17 27% 332579 328 11%
c x 78.20 122 19 38 14729  1 471931 60415 1.5 23 16 10 17 27% 332576 328 11%
c B 81.16 122 19 38 14742  1 496059 77504 1.5 23 15 10 17 27% 332576 328 11%
c ] 81.29 122 19 38 14742  1 497059 78209 1.5 23 15 10 17 27% 332576 328 11%
c { 81.29 122 15 38 14742  1 497059 78209 1.5 19 13 8 13 24% 332576 328 11%
c - 81.63 151 15 39 14934  1 498068 63295 1.5 19 13 8 13 24% 332576 328 11%
c p 81.64 151 15 39 14934  1 498068 63296 1.5 19 13 8 13 24% 332576 328 11%
c u 82.18 151 15 39 14934  1 498068 63254 1.5 19 13 8 13 24% 332576 328 11%
c v 82.23 151 15 39 14934  1 498068 63247 1.5 19 13 8 13 24% 332576 328 11%
c w 82.25 151 15 39 14934  1 498068 63247 1.5 19 13 8 13 24% 332576 328 11%
c x 82.32 151 15 39 14934  1 498068 63247 1.5 19 13 8 13 24% 332571 328 11%
c - 86.03 151 15 40 16817  1 524919 67521 1.5 19 13 8 13 24% 332571 328 11%
c p 86.05 151 15 40 16817  1 524919 67522 1.5 19 13 8 13 24% 332571 328 11%
c u 86.15 151 15 40 16817  1 524919 67477 1.5 19 13 8 13 24% 332571 328 11%
c v 86.19 151 15 40 16817  1 524919 67470 1.5 19 13 8 13 24% 332571 328 11%
c w 86.21 151 15 40 16817  1 524919 67470 1.5 19 13 8 13 24% 332571 328 11%
c x 86.27 151 15 40 16817  1 524919 67470 1.5 19 13 8 13 24% 332570 328 11%
c F 86.83 151 15 40 17149  1 528061 69338 1.5 19 13 8 13 24% 332570 328 11%
c - 90.15 151 15 41 17647  1 552483 74031 1.5 19 12 8 13 24% 332570 328 11%
c 
c  seconds   reductions    conflicts         size   tier2        variables
c          MB      restarts       redundant     glue    trail        remaining
c           level        rate          size/glue  tier1   irredundant
c 
c u 90.27 151 15 41 17647  1 552483 74017 1.5 19 12 8 13 24% 332570 328 11%
c v 90.31 151 15 41 17647  1 552483 74012 1.5 19 12 8 13 24% 332570 328 11%
c w 90.33 151 15 41 17647  1 552483 74011 1.5 19 12 8 13 24% 332570 328 11%
c x 90.40 151 15 41 17647  1 552483 74011 1.5 19 12 8 13 24% 332570 328 11%
c s 90.58 151 15 41 17647  1 552985 74386 1.5 19 12 8 13 24% 332512 328 11%
c s 90.70 151 15 41 17647  1 552985 74373 1.5 19 12 8 13 24% 332468 328 11%
c B 92.38 151 15 41 18130  1 561063 79721 1.5 19 12 8 13 24% 332468 328 11%
c - 95.48 95 15 42 19523  1 580763 77978 1.5 19 13 8 13 24% 332468 328 11%
c p 95.50 95 15 42 19523  1 580763 77979 1.5 19 13 8 13 24% 332468 328 11%
c u 95.63 95 15 42 19523  1 580763 77963 1.5 19 13 8 13 24% 332468 328 11%
c v 95.69 95 15 42 19523  1 580763 77959 1.5 19 13 8 13 24% 332468 328 11%
c w 95.72 95 15 42 19523  1 580763 77959 1.5 19 13 8 13 24% 332468 328 11%
c x 95.79 95 15 42 19523  1 580763 77959 1.5 19 13 8 13 24% 332467 328 11%
c } 95.83 95 15 42 19523  1 580781 77968 1.5 19 13 8 13 24% 332467 328 11%
c [ 95.83 95 19 42 19523  1 580781 77968 1.5 23 15 10 17 27% 332467 328 11%
c W 98.94 95 18 42 19526  1 595065 85679 1.5 22 15 10 17 26% 332467 328 11%
c - 100.75 95 18 43 19526  1 609753 80017 1.5 22 15 10 17 26% 332467 328 11%
c p 100.76 95 18 43 19526  1 609753 80018 1.5 22 15 10 17 26% 332467 328 11%
c u 100.88 95 18 43 19526  1 609753 80002 1.5 22 15 10 17 26% 332467 328 11%
c v 100.92 95 18 43 19526  1 609753 79995 1.5 22 15 10 17 26% 332467 328 11%
c 
c  seconds   reductions    conflicts         size    tier2        variables
c          MB      restarts       redundant     glue     trail        remaining
c           level        rate          size/glue  tier1    irredundant
c 
c w 100.95 95 18 43 19526  1 609753 79995 1.5 22 15 10 17 26% 332467 328 11%
c x 101.01 95 18 43 19526  1 609753 79995 1.5 22 15 10 17 26% 332465 328 11%
c O 103.61 95 18 43 19539  1 630066 93897 1.5 22 15 10 17 25% 332465 328 11%
c - 105.07 96 18 44 19541  1 639460 81802 1.5 22 15 10 17 26% 332465 328 11%
c p 105.10 96 18 44 19541  1 639460 81803 1.5 22 15 10 17 26% 332465 328 11%
c u 105.23 96 18 44 19541  1 639460 81788 1.5 22 15 10 17 26% 332465 328 11%
c v 105.29 96 18 44 19541  1 639460 81775 1.5 22 15 10 17 26% 332465 328 11%
c w 105.32 96 18 44 19541  1 639460 81775 1.5 22 15 10 17 26% 332465 328 11%
c x 105.40 96 18 44 19541  1 639460 81775 1.5 22 15 10 17 26% 332463 328 11%
c ] 108.37 96 18 44 19554  1 662487 96074 1.5 22 15 10 17 25% 332463 328 11%
c { 108.37 96 15 44 19554  1 662487 96074 1.5 19 13 8 13 24% 332463 328 11%
c W 109.67 97 15 44 19981  1 666069 98685 1.5 19 13 8 13 24% 332463 328 11%
c - 110.43 101 15 45 20324  1 669882 83566 1.5 19 13 8 13 24% 332463 328 11%
c p 110.45 101 15 45 20324  1 669882 83567 1.5 19 13 8 13 24% 332463 328 11%
c u 110.57 101 15 45 20324  1 669882 83535 1.5 19 13 8 13 24% 332463 328 11%
c v 110.63 101 15 45 20324  1 669882 83520 1.5 19 13 8 13 24% 332463 328 11%
c w 110.66 101 15 45 20324  1 669882 83520 1.5 19 13 8 13 24% 332463 328 11%
c x 110.73 101 15 45 20324  1 669882 83520 1.5 19 13 8 13 24% 332461 328 11%
c - 115.19 102 15 46 22088  1 701018 87942 1.5 19 13 8 13 24% 332461 328 11%
c p 115.21 102 15 46 22088  1 701018 87943 1.5 19 13 8 13 24% 332461 328 11%
c 
c  seconds    reductions    conflicts         size   tier2        variables
c           MB      restarts       redundant     glue    trail        remaining
c            level        rate          size/glue  tier1   irredundant
c 
c u 115.31 102 15 46 22088  1 701018 87880 1.5 19 13 8 13 24% 332461 328 11%
c v 115.35 102 15 46 22088  1 701018 87840 1.5 19 13 8 13 24% 332461 328 11%
c w 115.38 102 15 46 22088  1 701018 87840 1.5 19 13 8 13 24% 332461 328 11%
c x 115.45 102 15 46 22088  1 701018 87840 1.5 19 13 8 13 24% 332461 328 11%
c # 115.80 102 15 46 22096  1 703074 89098 1.5 19 13 8 13 24% 332461 328 11%
c s 117.80 103 15 46 23234  1 712753 95482 1.5 19 13 8 13 24% 332385 328 11%
c s 117.93 103 15 46 23234  1 712753 95467 1.5 19 13 8 13 24% 332347 328 11%
c - 121.69 104 15 47 23926  1 732870 93351 1.5 19 12 8 13 24% 332347 328 11%
c u 121.89 104 15 47 23926  1 732870 93321 1.5 19 12 8 13 24% 332347 328 11%
c v 121.96 104 15 47 23926  1 732870 93297 1.5 19 12 8 13 24% 332347 328 11%
c w 121.99 104 15 47 23926  1 732870 93297 1.5 19 12 8 13 24% 332347 328 11%
c x 122.07 104 15 47 23926  1 732870 93297 1.5 19 12 8 13 24% 332345 328 11%
c B 124.31 104 15 47 24847  1 741077 98962 1.5 19 13 8 13 24% 332345 328 11%
c } 126.66 106 15 47 25709  1 751847 105912 1.5 19 13 8 13 24% 332345 328 11%
c [ 126.66 106 18 47 25709  1 751847 105912 1.5 22 15 10 17 25% 332345 328 11%
c - 128.67 107 17 48 25711  1 765433 96874 1.5 22 15 10 17 25% 332345 328 11%
c p 128.70 107 17 48 25711  1 765433 96875 1.5 22 15 10 17 25% 332345 328 11%
c u 129.34 123 17 48 25711  1 765433 96850 1.5 22 15 10 17 25% 332345 328 11%
c v 129.42 123 17 48 25711  1 765433 96839 1.5 22 15 10 17 25% 332345 328 11%
c w 129.46 123 17 48 25711  1 765433 96837 1.5 22 15 10 17 25% 332345 328 11%
c 
c  seconds    reductions    conflicts         size    tier2        variables
c           MB      restarts       redundant     glue     trail        remaining
c            level        rate          size/glue  tier1    irredundant
c 
c x 129.58 123 17 48 25711  1 765433 96837 1.5 22 15 10 17 25% 332343 328 11%
c B 131.70 123 17 48 25712  1 780078 105822 1.5 21 15 10 17 25% 332343 328 11%
c - 134.70 97 17 49 25713  1 798714 98815 1.5 21 15 9 17 25% 332343 328 11%
c p 134.73 97 17 49 25713  1 798714 98816 1.5 21 15 9 17 25% 332343 328 11%
c u 134.89 97 17 49 25713  1 798714 98791 1.5 21 15 9 17 25% 332343 328 11%
c v 134.96 97 17 49 25713  1 798714 98780 1.5 21 15 9 17 25% 332343 328 11%
c w 135.00 97 17 49 25713  1 798714 98778 1.5 21 15 9 17 25% 332343 328 11%
c x 135.10 97 17 49 25713  1 798714 98777 1.5 21 15 9 17 25% 332340 328 11%
c W 139.65 97 17 49 25714  1 820080 112191 1.5 21 15 9 17 25% 332340 328 11%
c - 141.68 129 17 50 25714  1 832709 100194 1.5 21 14 9 17 25% 332340 328 11%
c p 141.71 129 17 50 25714  1 832709 100195 1.5 21 14 9 17 25% 332340 328 11%
c u 141.88 129 17 50 25714  1 832709 100175 1.5 21 14 9 17 25% 332340 328 11%
c v 141.94 129 17 50 25714  1 832709 100147 1.5 21 14 9 17 25% 332340 328 11%
c w 141.98 129 17 50 25714  1 832709 100147 1.5 21 14 9 17 25% 332340 328 11%
c x 142.09 129 17 50 25714  1 832709 100145 1.5 21 14 9 17 25% 332337 328 11%
c ] 143.94 129 17 50 25714  1 843605 107081 1.5 21 14 9 17 24% 332337 328 11%
c { 143.94 129 15 50 25714  1 843605 107081 1.5 19 13 8 13 24% 332337 328 11%
c W 146.82 129 15 50 26417  1 861081 117804 1.5 19 12 8 13 24% 332337 328 11%
c - 148.35 130 15 51 27147  1 867420 106232 1.5 19 13 8 13 24% 332337 328 11%
c p 148.38 130 15 51 27147  1 867420 106233 1.5 19 13 8 13 24% 332337 328 11%
c 
c  seconds    reductions    conflicts          size   tier2        variables
c           MB      restarts       redundant      glue    trail        remaining
c            level        rate           size/glue  tier1   irredundant
c 
c u 148.52 130 15 51 27147  1 867420 106207 1.5 19 13 8 13 24% 332337 328 11%
c v 148.59 130 15 51 27147  1 867420 106195 1.5 19 13 8 13 24% 332337 328 11%
c w 148.62 130 15 51 27147  1 867420 106194 1.5 19 13 8 13 24% 332337 328 11%
c x 148.72 130 15 51 27147  1 867420 106193 1.5 19 13 8 13 24% 332333 328 11%
c s 154.46 130 15 51 29742  1 892480 122305 1.5 19 13 8 13 24% 332245 328 11%
c s 154.61 130 15 51 29742  1 892480 122291 1.5 19 13 8 13 24% 332180 328 11%
c - 156.57 98 15 52 30120  1 902846 111299 1.5 19 13 8 13 24% 332180 328 11%
c p 156.59 98 15 52 30120  1 902846 111300 1.5 19 13 8 13 24% 332180 328 11%
c u 156.74 98 15 52 30120  1 902846 111250 1.5 19 13 8 13 24% 332180 328 11%
c v 156.82 98 15 52 30120  1 902846 111246 1.5 19 13 8 13 24% 332180 328 11%
c w 156.85 98 15 52 30120  1 902846 111245 1.5 19 13 8 13 24% 332180 328 11%
c x 156.95 98 15 52 30120  1 902846 111245 1.5 19 13 8 13 24% 332174 328 11%
c F 157.04 98 15 52 30120  1 903085 111409 1.5 19 13 8 13 24% 332174 328 11%
c - 164.24 144 15 53 33020  1 938986 115217 1.5 19 13 8 13 24% 332174 328 11%
c p 164.26 144 15 53 33020  1 938986 115218 1.5 19 13 8 13 24% 332174 328 11%
c u 164.41 144 15 53 33020  1 938986 115174 1.5 19 13 8 13 24% 332174 328 11%
c v 164.49 144 15 53 33020  1 938986 115165 1.5 19 13 8 13 24% 332174 328 11%
c w 164.52 144 15 53 33020  1 938986 115160 1.5 19 13 8 13 24% 332174 328 11%
c x 164.62 144 15 53 33020  1 938986 115160 1.5 19 13 8 13 24% 332171 328 11%
c } 165.15 144 15 53 33032  1 941983 117090 1.5 19 13 8 13 24% 332171 328 11%
c 
c  seconds    reductions    conflicts          size   tier2        variables
c           MB      restarts       redundant      glue    trail        remaining
c            level        rate           size/glue  tier1   irredundant
c 
c [ 165.15 144 17 53 33032  1 941983 117090 1.5 21 14 9 17 24% 332171 328 11%
c I 165.76 144 17 53 33032  1 946086 119686 1.5 21 14 9 17 24% 332171 328 11%
c - 170.63 111 17 54 33032  1 975842 119066 1.5 21 14 9 17 25% 332171 328 11%
c p 170.66 111 17 54 33032  1 975842 119067 1.5 21 14 9 17 25% 332171 328 11%
c u 170.82 111 17 54 33032  1 975842 118968 1.5 21 14 9 17 25% 332171 328 11%
c v 170.90 111 17 54 33032  1 975842 118964 1.5 21 14 9 17 25% 332171 328 11%
c w 170.94 111 17 54 33032  1 975842 118964 1.5 21 14 9 17 25% 332171 328 11%
c x 171.05 111 17 54 33032  1 975842 118963 1.5 21 14 9 17 25% 332171 328 11%
c B 173.25 111 17 54 33039  1 990088 128850 1.5 21 14 9 16 25% 332171 328 11%
c - 176.70 146 17 55 33047  1 1013413 121364 1.5 22 14 9 16 25% 332171 328 11%
c p 176.72 146 17 55 33047  1 1013413 121365 1.5 22 14 9 16 25% 332171 328 11%
c u 176.89 146 17 55 33047  1 1013413 121340 1.5 22 14 9 16 25% 332171 328 11%
c v 176.97 146 17 55 33047  1 1013413 121339 1.5 22 14 9 16 25% 332171 328 11%
c w 177.00 146 17 55 33047  1 1013413 121338 1.5 22 14 9 16 25% 332171 328 11%
c x 177.10 146 17 55 33047  1 1013413 121338 1.5 22 14 9 16 25% 332170 328 11%
c W 182.31 146 17 55 33061  1 1035089 135398 1.5 22 15 9 16 25% 332170 328 11%
c ] 183.03 146 17 55 33062  1 1039666 138724 1.5 22 15 9 16 25% 332170 328 11%
c { 183.03 146 15 55 33062  1 1039666 138724 1.5 19 13 8 13 24% 332170 328 11%
c - 185.72 117 15 56 34247  1 1051702 121902 1.5 19 13 8 13 24% 332170 328 11%
c p 185.75 117 15 56 34247  1 1051702 121903 1.5 19 13 8 13 24% 332170 328 11%
c 
c  seconds    reductions     conflicts          size   tier2        variables
c           MB      restarts        redundant      glue    trail        remaining
c            level        rate            size/glue  tier1   irredundant
c 
c u 185.93 117 15 56 34247  1 1051702 121868 1.5 19 13 8 13 24% 332170 328 11%
c v 186.01 117 15 56 34247  1 1051702 121867 1.5 19 13 8 13 24% 332170 328 11%
c w 186.05 117 15 56 34247  1 1051702 121866 1.5 19 13 8 13 24% 332170 328 11%
c x 186.16 117 15 56 34247  1 1051702 121866 1.5 19 13 8 13 24% 332170 328 11%
c B 191.73 117 16 56 37104  1 1081090 140678 1.5 20 13 8 13 24% 332170 328 11%
c - 193.38 152 15 57 37310  1 1090709 125935 1.5 19 13 8 13 24% 332170 328 11%
c p 193.41 152 15 57 37310  1 1090709 125936 1.5 19 13 8 13 24% 332170 328 11%
c u 193.62 152 15 57 37310  1 1090709 125897 1.5 19 13 8 13 24% 332170 328 11%
c v 193.71 152 15 57 37310  1 1090709 125892 1.5 19 13 8 13 24% 332170 328 11%
c w 193.75 152 15 57 37310  1 1090709 125891 1.5 19 13 8 13 24% 332170 328 11%
c x 193.87 152 15 57 37310  1 1090709 125891 1.5 19 13 8 13 24% 332167 328 11%
c s 194.27 152 15 57 37310  1 1092165 126635 1.5 19 13 8 13 24% 332009 328 11%
c s 194.44 152 15 57 37310  1 1092165 126620 1.5 19 13 8 13 24% 331912 328 11%
c W 202.37 152 15 57 39629  1 1128091 148220 1.5 19 13 8 13 24% 331912 328 11%
c - 202.85 152 15 58 39633  1 1130430 131407 1.5 19 13 8 13 24% 331912 328 11%
c p 202.88 152 15 58 39633  1 1130430 131408 1.5 19 13 8 13 24% 331912 328 11%
c u 203.86 152 15 58 39633  1 1130430 131381 1.5 19 13 8 13 24% 331912 328 11%
c v 203.95 152 15 58 39633  1 1130430 131376 1.5 19 13 8 13 24% 331912 328 11%
c w 203.99 152 15 58 39633  1 1130430 131375 1.5 19 13 8 13 24% 331912 328 11%
c x 204.11 152 15 58 39633  1 1130430 131375 1.5 19 13 8 13 24% 331909 328 11%
c 
c  seconds    reductions     conflicts          size   tier2        variables
c           MB      restarts        redundant      glue    trail        remaining
c            level        rate            size/glue  tier1   irredundant
c 
c } 209.11 152 15 58 40869  1 1154789 146591 1.5 19 13 8 13 24% 331909 328 11%
c [ 209.11 152 17 58 40869  1 1154789 146591 1.5 22 15 9 16 25% 331909 328 11%
c - 211.73 153 17 59 40870  1 1170858 137402 1.5 22 14 9 16 25% 331909 328 11%
c p 211.75 153 17 59 40870  1 1170858 137403 1.5 22 14 9 16 25% 331909 328 11%
c u 211.97 153 17 59 40870  1 1170858 137360 1.5 22 14 9 16 25% 331909 328 11%
c v 212.08 153 17 59 40870  1 1170858 137359 1.5 22 14 9 16 25% 331909 328 11%
c w 212.13 153 17 59 40870  1 1170858 137357 1.5 22 14 9 16 25% 331909 328 11%
c x 212.27 153 17 59 40870  1 1170858 137356 1.5 22 14 9 16 25% 331907 328 11%
c O 213.11 153 17 59 40870  1 1176093 140940 1.5 22 14 9 16 25% 331907 328 11%
c - 218.58 117 17 60 40885  1 1212004 139796 1.5 22 15 9 16 25% 331907 328 11%
c p 218.61 117 17 60 40885  1 1212004 139797 1.5 22 15 9 16 25% 331907 328 11%
c u 218.81 117 17 60 40885  1 1212004 139773 1.5 22 15 9 16 25% 331907 328 11%
c v 218.92 117 17 60 40885  1 1212004 139769 1.5 22 15 9 16 25% 331907 328 11%
c w 218.96 117 17 60 40885  1 1212004 139769 1.5 22 15 9 16 25% 331907 328 11%
c x 219.08 117 17 60 40885  1 1212004 139769 1.5 22 15 9 16 25% 331907 328 11%
c B 220.95 117 18 60 40893  1 1225095 147937 1.5 22 15 9 16 24% 331907 328 11%
c - 225.55 153 17 61 40901  1 1253868 141350 1.5 22 14 9 16 24% 331907 328 11%
c p 225.57 153 17 61 40901  1 1253868 141351 1.5 22 14 9 16 24% 331907 328 11%
c u 225.75 153 17 61 40901  1 1253868 141323 1.5 22 14 9 16 24% 331907 328 11%
c v 225.83 153 17 61 40901  1 1253868 141302 1.5 22 14 9 16 24% 331907 328 11%
c 
c  seconds    reductions     conflicts          size   tier2        variables
c           MB      restarts        redundant      glue    trail        remaining
c            level        rate            size/glue  tier1   irredundant
c 
c w 225.87 153 17 61 40901  1 1253868 141300 1.5 22 14 9 16 24% 331907 328 11%
c x 226.00 153 17 61 40901  1 1253868 141300 1.5 22 14 9 16 24% 331904 328 11%
c W 231.07 153 17 61 40902  1 1275096 155317 1.6 22 14 9 16 24% 331904 328 11%
c ] 231.13 153 17 61 40902  1 1275345 155478 1.6 22 14 9 16 24% 331904 328 11%
c { 231.13 153 15 61 40902  1 1275345 155478 1.5 19 13 8 13 24% 331904 328 11%
c - 236.28 154 15 62 42956  1 1296447 147342 1.5 19 13 8 13 24% 331904 328 11%
c p 236.30 154 15 62 42956  1 1296447 147343 1.5 19 13 8 13 24% 331904 328 11%
c u 236.54 154 15 62 42956  1 1296447 147276 1.5 19 13 8 13 24% 331904 328 11%
c v 236.66 154 15 62 42956  1 1296447 147269 1.5 19 13 8 13 24% 331904 328 11%
c w 236.71 154 15 62 42956  1 1296447 147268 1.5 19 13 8 13 24% 331904 328 11%
c x 236.89 154 15 62 42956  1 1296447 147267 1.5 19 13 8 13 24% 331899 328 11%
c s 240.09 154 15 62 43320  1 1311789 156329 1.5 19 13 8 13 24% 331753 328 11%
c s 240.27 154 15 62 43320  1 1311789 156310 1.5 19 13 8 13 24% 331640 328 11%
c # 243.19 154 15 62 43954  1 1326097 164800 1.5 19 12 7 13 24% 331640 328 11%
c - 246.07 152 15 63 44701  1 1339743 131195 1.5 19 12 7 13 24% 331640 328 11%
c p 246.09 152 15 63 44701  1 1339743 131196 1.5 19 12 7 13 24% 331640 328 11%
c u 246.28 152 15 63 44701  1 1339743 131115 1.5 19 12 7 13 24% 331640 328 11%
c v 246.37 152 15 63 44701  1 1339743 131113 1.5 19 12 7 13 24% 331640 328 11%
c w 246.42 152 15 63 44701  1 1339743 131112 1.5 19 12 7 13 24% 331640 328 11%
c x 246.54 152 15 63 44701  1 1339743 131111 1.5 19 12 7 13 24% 331625 328 11%
c 
c  seconds    reductions     conflicts          size   tier2        variables
c           MB      restarts        redundant      glue    trail        remaining
c            level        rate            size/glue  tier1   irredundant
c 
c B 254.56 152 15 63 47395  1 1378099 154580 1.5 19 12 7 13 24% 331625 328 11%
c - 256.01 151 15 64 47684  1 1383749 128529 1.5 19 12 7 13 24% 331625 328 11%
c p 256.03 151 15 64 47684  1 1383749 128530 1.5 19 12 7 13 24% 331625 328 11%
c u 256.26 151 15 64 47684  1 1383749 128493 1.5 19 12 7 13 24% 331625 328 11%
c v 256.37 151 15 64 47684  1 1383749 128481 1.5 19 12 7 13 24% 331625 328 11%
c w 256.42 151 15 64 47684  1 1383749 128476 1.5 19 12 7 13 24% 331625 328 11%
c x 256.57 151 15 64 47684  1 1383749 128476 1.5 19 12 7 13 24% 331614 328 11%
c } 260.42 151 15 64 49329  1 1401681 140181 1.5 19 13 7 13 24% 331614 328 11%
c [ 260.42 151 17 64 49329  1 1401681 140181 1.6 22 14 9 16 24% 331614 328 11%
c - 264.65 152 16 65 49335  1 1428468 129979 1.6 22 14 9 16 24% 331614 328 11%
c p 264.67 152 16 65 49335  1 1428468 129980 1.6 22 14 9 16 24% 331614 328 11%
c u 264.87 152 16 65 49335  1 1428468 129942 1.6 22 14 9 16 24% 331614 328 11%
c v 264.94 152 16 65 49335  1 1428468 129892 1.6 22 14 9 16 24% 331614 328 11%
c w 264.99 152 16 65 49335  1 1428468 129888 1.6 22 14 9 16 24% 331614 328 11%
c x 265.12 152 16 65 49335  1 1428468 129886 1.6 22 14 9 16 24% 331605 328 11%
c I 265.61 152 17 65 49336  1 1431100 131813 1.6 22 14 9 16 24% 331605 328 11%
c - 272.40 152 16 66 49357  1 1473902 130585 1.5 21 14 9 16 25% 331605 328 11%
c p 272.42 152 16 66 49357  1 1473902 130587 1.5 21 14 9 16 25% 331605 328 11%
c u 272.63 152 16 66 49357  1 1473902 130548 1.5 21 14 9 16 25% 331605 328 11%
c v 272.72 152 16 66 49357  1 1473902 130535 1.5 21 14 9 16 25% 331605 328 11%
c 
c  seconds    reductions     conflicts          size   tier2        variables
c           MB      restarts        redundant      glue    trail        remaining
c            level        rate            size/glue  tier1   irredundant
c 
c w 272.77 152 16 66 49357  1 1473902 130517 1.5 21 14 9 16 25% 331605 328 11%
c x 272.90 152 16 66 49357  1 1473902 130514 1.5 21 14 9 16 25% 331602 328 11%
c B 274.53 152 16 66 49359  1 1485101 137236 1.5 21 14 9 16 25% 331602 328 11%
c - 279.73 152 16 67 49370  1 1520055 132399 1.5 21 14 8 16 26% 331602 328 11%
c p 279.75 152 16 67 49370  1 1520055 132400 1.5 21 14 8 16 26% 331602 328 11%
c u 279.96 152 16 67 49370  1 1520055 132359 1.5 21 14 8 16 26% 331602 328 11%
c v 280.06 152 16 67 49370  1 1520055 132353 1.5 21 14 8 16 26% 331602 328 11%
c w 280.11 152 16 67 49370  1 1520055 132331 1.5 21 14 8 16 26% 331602 328 11%
c x 280.25 152 16 67 49370  1 1520055 132331 1.5 21 14 8 16 26% 331594 328 11%
c ] 282.38 152 16 67 49375  1 1532224 140122 1.5 21 14 8 16 25% 331594 328 11%
c { 282.38 152 15 67 49375  1 1532224 140122 1.5 19 13 7 13 24% 331594 328 11%
c W 286.29 152 15 67 49843  1 1540104 145287 1.5 19 13 7 13 24% 331594 328 11%
c s 288.29 152 15 67 50061  1 1551350 152291 1.5 19 13 7 13 24% 331487 328 11%
c s 288.51 152 15 67 50061  1 1551350 152268 1.5 19 13 7 13 24% 331350 328 11%
c - 292.17 152 15 68 51973  1 1566924 135784 1.5 19 13 7 13 24% 331350 328 11%
c u 292.45 152 15 68 51973  1 1566924 135737 1.5 19 13 7 13 24% 331350 328 11%
c v 292.56 152 15 68 51973  1 1566924 135729 1.5 19 13 7 13 24% 331350 328 11%
c w 292.61 152 15 68 51973  1 1566924 135702 1.5 19 13 7 13 24% 331350 328 11%
c x 292.77 152 15 68 51973  1 1566924 135702 1.5 19 13 7 13 24% 331347 328 11%
c F 298.35 152 15 68 53111  1 1596106 153498 1.5 19 13 7 13 24% 331347 328 11%
c 
c  seconds    reductions     conflicts          size   tier2        variables
c           MB      restarts        redundant      glue    trail        remaining
c            level        rate            size/glue  tier1   irredundant
c 
c - 301.85 153 15 69 53680  1 1614500 141149 1.5 19 12 7 13 24% 331347 328 11%
c p 301.87 153 15 69 53680  1 1614500 141151 1.5 19 12 7 13 24% 331347 328 11%
c u 303.04 153 15 69 53680  1 1614500 141094 1.5 19 12 7 13 24% 331347 328 11%
c v 303.15 153 15 69 53680  1 1614500 141091 1.5 19 12 7 13 24% 331347 328 11%
c w 303.20 153 15 69 53680  1 1614500 141075 1.5 19 12 7 13 24% 331347 328 11%
c x 303.35 153 15 69 53680  1 1614500 141075 1.5 19 12 7 13 24% 331346 328 11%
c B 311.75 153 15 69 57543  1 1653107 164805 1.5 19 13 7 13 24% 331346 328 11%
c - 313.58 153 15 70 57707  1 1662793 145060 1.5 19 13 7 13 24% 331346 328 11%
c p 313.61 153 15 70 57707  1 1662793 145062 1.5 19 13 7 13 24% 331346 328 11%
c u 313.84 153 15 70 57707  1 1662793 145028 1.5 19 13 7 13 24% 331346 328 11%
c v 313.95 153 15 70 57707  1 1662793 145026 1.5 19 13 7 13 24% 331346 328 11%
c w 314.00 153 15 70 57707  1 1662793 145020 1.5 19 13 7 13 24% 331346 328 11%
c x 314.16 153 15 70 57707  1 1662793 145020 1.5 19 13 7 13 24% 331339 328 11%
c } 318.46 153 15 70 59301  1 1682763 157268 1.5 19 13 7 13 24% 331339 328 11%
c [ 318.46 153 16 70 59301  1 1682763 157268 1.5 21 14 8 16 25% 331339 328 11%
c W 325.03 153 16 70 59315  1 1711108 175194 1.5 20 13 8 15 25% 331339 328 11%
c - 325.25 153 16 71 59315  1 1711802 147967 1.5 20 13 8 15 25% 331339 328 11%
c p 325.28 153 16 71 59315  1 1711802 147969 1.5 20 13 8 15 25% 331339 328 11%
c u 325.50 153 16 71 59315  1 1711802 147908 1.5 20 13 8 15 25% 331339 328 11%
c v 325.61 153 16 71 59315  1 1711802 147903 1.5 20 13 8 15 25% 331339 328 11%
c 
c  seconds    reductions     conflicts          size   tier2        variables
c           MB      restarts        redundant      glue    trail        remaining
c            level        rate            size/glue  tier1   irredundant
c 
c w 325.66 153 16 71 59315  1 1711802 147897 1.5 20 13 8 15 25% 331339 328 11%
c x 325.82 153 16 71 59315  1 1711802 147897 1.5 20 13 8 15 25% 331334 328 11%
c - 332.65 152 17 72 59318  1 1761528 142824 1.4 21 15 8 15 24% 331334 328 11%
c p 332.68 152 17 72 59318  1 1761528 142826 1.4 21 15 8 15 24% 331334 328 11%
c u 332.88 152 17 72 59318  1 1761528 142767 1.4 21 15 8 15 24% 331334 328 11%
c v 332.98 152 17 72 59318  1 1761528 142755 1.4 21 15 8 15 24% 331334 328 11%
c w 333.03 152 17 72 59318  1 1761528 142746 1.4 21 15 8 15 24% 331334 328 11%
c x 333.16 152 17 72 59318  1 1761528 142746 1.4 21 15 8 15 24% 331330 328 11%
c O 334.37 152 17 72 59318  1 1770109 148860 1.4 21 15 8 15 24% 331330 328 11%
c s 341.00 152 17 72 59319  1 1810843 175122 1.5 21 15 8 16 24% 331134 328 11%
c s 341.23 152 17 72 59319  1 1810843 175098 1.5 21 15 8 16 24% 330848 328 11%
c - 341.61 152 17 73 59319  1 1811970 141122 1.5 22 15 8 16 24% 330848 328 11%
c p 341.64 152 17 73 59319  1 1811970 141124 1.5 22 15 8 16 24% 330848 328 11%
c u 341.83 152 17 73 59319  1 1811970 141061 1.5 22 15 8 16 24% 330848 328 11%
c v 341.95 152 17 73 59319  1 1811970 141053 1.5 22 15 8 16 24% 330848 328 11%
c w 342.00 152 17 73 59319  1 1811970 141044 1.5 22 15 8 16 24% 330848 328 11%
c x 342.13 152 17 73 59319  1 1811970 141044 1.5 22 15 8 16 24% 330844 328 11%
c B 344.89 152 17 73 59319  1 1830110 152293 1.5 22 15 8 16 24% 330844 328 11%
c ] 346.82 152 17 73 59320  1 1843074 160827 1.5 22 15 8 16 24% 330844 328 11%
c { 346.82 152 15 73 59320  1 1843074 160827 1.5 19 13 7 13 24% 330844 328 11%
c 
c  seconds    reductions     conflicts          size   tier2        variables
c           MB      restarts        redundant      glue    trail        remaining
c            level        rate            size/glue  tier1   irredundant
c 
c - 350.31 153 15 74 60418  1 1863109 145841 1.5 19 13 7 13 24% 330844 328 11%
c p 350.34 153 15 74 60418  1 1863109 145843 1.5 19 13 7 13 24% 330844 328 11%
c u 350.55 153 15 74 60418  1 1863109 145712 1.5 19 13 7 13 24% 330844 328 11%
c v 350.65 153 15 74 60418  1 1863109 145712 1.5 19 13 7 13 24% 330844 328 11%
c w 350.71 153 15 74 60418  1 1863109 145705 1.5 19 13 7 13 24% 330844 328 11%
c x 350.86 153 15 74 60418  1 1863109 145705 1.5 19 13 7 13 24% 330835 328 11%
c W 357.52 153 15 74 61302  1 1891111 161395 1.5 18 13 7 13 24% 330835 328 11%
c - 361.62 153 14 75 61508  1 1914963 153454 1.5 18 12 7 13 24% 330835 328 11%
c p 361.65 153 14 75 61508  1 1914963 153456 1.5 18 12 7 13 24% 330835 328 11%
c u 361.87 153 14 75 61508  1 1914963 153389 1.5 18 12 7 13 24% 330835 328 11%
c v 361.97 153 14 75 61508  1 1914963 153352 1.5 18 12 7 13 24% 330835 328 11%
c w 362.01 153 14 75 61508  1 1914963 153330 1.5 18 12 7 13 24% 330835 328 11%
c x 362.14 153 14 75 61508  1 1914963 153326 1.5 18 12 7 13 24% 330804 328 11%
c # 370.83 153 14 75 65444  1 1953112 177331 1.5 18 12 7 13 24% 330804 328 11%
c - 374.26 154 15 76 66738  1 1967533 160917 1.5 19 12 7 13 24% 330804 328 11%
c p 374.29 154 15 76 66738  1 1967533 160918 1.5 19 12 7 13 24% 330804 328 11%
c u 374.57 154 15 76 66738  1 1967533 160886 1.5 19 12 7 13 24% 330804 328 11%
c v 374.69 154 15 76 66738  1 1967533 160855 1.5 19 12 7 13 24% 330804 328 11%
c w 374.76 154 15 76 66738  1 1967533 160839 1.5 19 12 7 13 24% 330804 328 11%
c x 374.93 154 15 76 66738  1 1967533 160839 1.5 19 12 7 13 24% 330768 328 11%
c 
c  seconds    reductions     conflicts          size   tier2        variables
c           MB      restarts        redundant      glue    trail        remaining
c            level        rate            size/glue  tier1   irredundant
c 
c } 383.45 154 14 76 69440  1 2013768 188064 1.5 18 12 7 13 24% 330768 328 11%
c [ 383.45 154 17 76 69440  1 2013768 188064 1.5 22 15 8 16 24% 330768 328 11%
c W 385.17 154 17 76 69440  1 2016114 189575 1.5 22 15 8 16 24% 330768 328 11%
c - 386.02 154 18 77 69440  1 2020819 163594 1.5 22 15 8 16 25% 330768 328 11%
c p 386.05 154 18 77 69440  1 2020819 163596 1.5 22 15 8 16 25% 330768 328 11%
c u 386.29 154 18 77 69440  1 2020819 163557 1.5 22 15 8 16 25% 330768 328 11%
c v 386.42 154 18 77 69440  1 2020819 163549 1.5 22 15 8 16 25% 330768 328 11%
c w 386.47 154 18 77 69440  1 2020819 163536 1.5 22 15 8 16 25% 330768 328 11%
c x 386.62 154 18 77 69440  1 2020819 163536 1.5 22 15 8 16 25% 330762 328 11%
c - 395.64 154 18 78 69440  1 2074819 162652 1.5 22 15 8 16 25% 330762 328 11%
c p 395.67 154 18 78 69440  1 2074819 162654 1.5 22 15 8 16 25% 330762 328 11%
c u 395.93 154 18 78 69440  1 2074819 162599 1.5 22 15 8 16 25% 330762 328 11%
c v 396.04 154 18 78 69440  1 2074819 162592 1.5 22 15 8 16 25% 330762 328 11%
c w 396.11 154 18 78 69440  1 2074819 162581 1.5 22 15 8 16 25% 330762 328 11%
c x 396.27 154 18 78 69440  1 2074819 162580 1.5 22 15 8 16 25% 330752 328 11%
c I 397.28 154 18 78 69440  1 2080117 166135 1.5 22 15 8 16 25% 330752 328 11%
c s 399.17 154 18 78 69440  1 2090237 172025 1.5 22 15 8 16 25% 330369 328 11%
c s 399.42 154 18 78 69440  1 2090237 172005 1.5 22 15 8 16 25% 330042 328 11%
c - 406.00 154 17 79 69440  1 2129536 162775 1.5 21 15 8 16 24% 330042 328 11%
c p 406.02 154 17 79 69440  1 2129536 162777 1.5 21 15 8 16 24% 330042 328 11%
c 
c  seconds    reductions     conflicts          size   tier2        variables
c           MB      restarts        redundant      glue    trail        remaining
c            level        rate            size/glue  tier1   irredundant
c 
c u 406.28 154 17 79 69440  1 2129536 162711 1.5 21 15 8 16 24% 330042 328 11%
c v 406.40 154 17 79 69440  1 2129536 162709 1.5 21 15 8 16 24% 330042 328 11%
c w 406.46 154 17 79 69440  1 2129536 162699 1.5 21 15 8 16 24% 330042 328 11%
c x 406.63 154 17 79 69440  1 2129536 162699 1.5 21 15 8 16 24% 330020 328 11%
c B 409.20 154 17 79 69443  1 2145118 171736 1.5 21 14 8 16 24% 330020 328 11%
c ] 414.38 154 17 79 69455  1 2175161 190644 1.5 22 15 8 16 24% 330020 328 11%
c { 414.38 154 14 79 69455  1 2175161 190644 1.5 18 12 7 13 24% 330020 328 11%
c - 416.75 154 15 80 70669  1 2184939 164770 1.5 19 13 7 13 24% 330020 328 11%
c p 416.78 154 15 80 70669  1 2184939 164772 1.5 19 13 7 13 24% 330020 328 11%
c u 417.08 154 15 80 70669  1 2184939 164735 1.5 19 13 7 13 24% 330020 328 11%
c v 417.23 154 15 80 70669  1 2184939 164724 1.5 19 13 7 13 24% 330020 328 11%
c w 417.30 154 15 80 70669  1 2184939 164716 1.5 19 13 7 13 24% 330020 328 11%
c x 417.48 154 15 80 70669  1 2184939 164715 1.5 19 13 7 13 24% 330010 328 11%
c B 422.37 154 15 80 72853  1 2211120 181000 1.5 19 13 7 13 24% 330010 328 11%
c - 429.03 155 15 81 76182  1 2241054 168540 1.5 19 13 7 13 24% 330010 328 11%
c p 429.06 155 15 81 76182  1 2241054 168542 1.5 19 13 7 13 24% 330010 328 11%
c u 429.46 155 15 81 76182  1 2241054 168490 1.5 19 13 7 13 24% 330010 328 11%
c v 429.59 155 15 81 76182  1 2241054 168486 1.5 19 13 7 13 24% 330010 328 11%
c w 429.66 155 15 81 76182  1 2241054 168479 1.5 19 13 7 13 24% 330010 328 11%
c x 429.82 155 15 81 76182  1 2241054 168479 1.5 19 13 7 13 24% 330008 328 11%
c 
c  seconds    reductions     conflicts          size   tier2        variables
c           MB      restarts        redundant      glue    trail        remaining
c            level        rate            size/glue  tier1   irredundant
c 
c W 439.11 155 15 81 78938  1 2278122 191038 1.5 19 13 7 13 24% 330008 328 11%
c - 443.15 155 15 82 79449  1 2297888 174100 1.5 19 13 7 13 24% 330008 328 11%
c p 443.18 155 15 82 79449  1 2297888 174102 1.5 19 13 7 13 24% 330008 328 11%
c u 443.46 155 15 82 79449  1 2297888 174052 1.5 19 13 7 13 24% 330008 328 11%
c v 443.61 155 15 82 79449  1 2297888 174050 1.5 19 13 7 13 24% 330008 328 11%
c w 443.67 155 15 82 79449  1 2297888 174045 1.5 19 13 7 13 24% 330008 328 11%
c x 443.85 155 15 82 79449  1 2297888 174045 1.5 19 13 7 13 24% 330004 328 11%
c F 453.40 155 15 82 82658  1 2346126 202671 1.5 19 13 7 13 24% 330004 328 11%
c - 456.24 156 15 83 83665  1 2355435 178774 1.5 19 13 7 13 24% 330004 328 11%
c p 456.26 156 15 83 83665  1 2355435 178776 1.5 19 13 7 13 24% 330004 328 11%
c u 456.54 156 15 83 83665  1 2355435 178717 1.5 19 13 7 13 24% 330004 328 11%
c v 456.67 156 15 83 83665  1 2355435 178655 1.5 19 13 7 13 24% 330004 328 11%
c w 456.74 156 15 83 83665  1 2355435 178653 1.5 19 13 7 13 24% 330004 328 11%
c x 456.91 156 15 83 83665  1 2355435 178652 1.5 19 13 7 13 24% 329998 328 11%
c } 457.32 156 15 83 83676  1 2356578 179257 1.5 19 13 7 13 24% 329998 328 11%
c [ 457.32 156 17 83 83676  1 2356578 179257 1.5 22 15 8 16 24% 329998 328 11%
c s 463.29 156 16 83 83691  1 2389484 197728 1.5 21 14 8 16 24% 329724 328 11%
c s 463.57 156 16 83 83691  1 2389484 197686 1.5 21 14 8 16 24% 329259 328 11%
c - 468.39 156 16 84 83698  1 2413697 178201 1.5 21 14 8 16 24% 329259 328 11%
c p 468.42 156 16 84 83698  1 2413697 178203 1.5 21 14 8 16 24% 329259 328 11%
c 
c  seconds    reductions     conflicts          size   tier2        variables
c           MB      restarts        redundant      glue    trail        remaining
c            level        rate            size/glue  tier1   irredundant
c 
c u 468.69 156 16 84 83698  1 2413697 178143 1.5 21 14 8 16 24% 329259 328 11%
c v 468.84 156 16 84 83698  1 2413697 178138 1.5 21 14 8 16 24% 329259 328 11%
c w 468.92 156 16 84 83698  1 2413697 178134 1.5 21 14 8 16 24% 329259 328 11%
c x 469.12 156 16 84 83698  1 2413697 178134 1.5 21 14 8 16 24% 329226 328 11%
c W 470.84 156 16 84 83699  1 2415129 179010 1.5 21 14 8 16 24% 329226 328 11%
c - 480.84 156 15 85 83722  1 2472638 179852 1.5 20 14 8 16 24% 329226 328 11%
c p 480.87 156 15 85 83722  1 2472638 179854 1.5 20 14 8 16 24% 329226 328 11%
c u 481.14 156 15 85 83722  1 2472638 179776 1.5 20 14 8 16 24% 329226 328 11%
c v 481.26 156 15 85 83722  1 2472638 179759 1.5 20 14 8 16 24% 329226 328 11%
c w 481.33 156 15 85 83722  1 2472638 179754 1.5 20 14 8 16 24% 329226 328 11%
c x 481.51 156 15 85 83722  1 2472638 179754 1.5 20 14 8 16 24% 329194 328 11%
c O 483.58 156 16 85 83723  1 2485131 187830 1.5 20 14 8 16 24% 329194 328 11%
c - 491.36 156 16 86 83731  1 2532294 184409 1.5 21 14 8 16 24% 329194 328 11%
c p 491.39 156 16 86 83731  1 2532294 184411 1.5 21 14 8 16 24% 329194 328 11%
c u 491.68 156 16 86 83731  1 2532294 184241 1.5 21 14 8 16 24% 329194 328 11%
c v 491.83 156 16 86 83731  1 2532294 184227 1.5 21 14 8 16 24% 329194 328 11%
c w 491.91 156 16 86 83731  1 2532294 184223 1.5 21 14 8 16 24% 329194 328 11%
c x 492.12 156 16 86 83731  1 2532294 184222 1.5 21 14 8 16 24% 329180 328 11%
c ] 492.46 156 16 86 83731  1 2533606 185191 1.5 21 14 8 16 24% 329180 328 11%
c { 492.46 156 15 86 83731  1 2533606 185191 1.5 19 13 7 13 24% 329180 328 11%
c 
c  seconds    reductions     conflicts          size   tier2        variables
c           MB      restarts        redundant      glue    trail        remaining
c            level        rate            size/glue  tier1   irredundant
c 
c B 496.89 156 15 86 84694  1 2556132 198495 1.5 19 13 7 13 24% 329180 328 11%
c - 504.64 157 15 87 86574  1 2592665 189194 1.5 19 13 7 13 23% 329180 328 11%
c p 504.67 157 15 87 86574  1 2592665 189195 1.5 19 13 7 13 23% 329180 328 11%
c u 505.00 157 15 87 86574  1 2592665 189150 1.5 19 13 7 13 23% 329180 328 11%
c v 505.14 157 15 87 86574  1 2592665 189141 1.5 19 13 7 13 23% 329180 328 11%
c w 505.20 157 15 87 86574  1 2592665 189129 1.5 19 13 7 13 23% 329180 328 11%
c x 505.39 157 15 87 86574  1 2592665 189129 1.5 19 13 7 13 23% 329177 328 11%
c W 513.97 157 14 87 88554  1 2628133 208489 1.5 18 12 7 13 23% 329177 328 11%
c - 520.87 157 15 88 90628  1 2653748 195956 1.5 19 13 7 13 23% 329177 328 11%
c p 520.91 157 15 88 90628  1 2653748 195958 1.5 19 13 7 13 23% 329177 328 11%
c u 521.22 157 15 88 90628  1 2653748 195884 1.5 19 13 7 13 23% 329177 328 11%
c v 521.37 157 15 88 90628  1 2653748 195879 1.5 19 13 7 13 23% 329177 328 11%
c w 521.44 157 15 88 90628  1 2653748 195861 1.5 19 13 7 13 23% 329177 328 11%
c x 521.62 157 15 88 90628  1 2653748 195859 1.5 19 13 7 13 23% 329154 328 11%
c # 532.65 157 15 88 94497  1 2701134 224408 1.5 19 13 7 13 23% 329154 328 11%
c s 534.61 157 15 88 94715  1 2708567 229283 1.5 19 13 7 13 23% 328352 328 11%
c s 534.94 157 15 88 94715  1 2708567 229261 1.5 19 13 7 13 23% 327960 328 11%
c - 536.27 157 15 89 94843  1 2715545 199802 1.5 19 13 7 13 23% 327960 328 11%
c p 536.30 157 15 89 94843  1 2715545 199804 1.5 19 13 7 13 23% 327960 328 11%
c u 536.63 157 15 89 94843  1 2715545 199745 1.5 19 13 7 13 23% 327960 328 11%
c 
c  seconds    reductions     conflicts          size   tier2        variables
c           MB      restarts        redundant      glue    trail        remaining
c            level        rate            size/glue  tier1   irredundant
c 
c v 536.79 157 15 89 94843  1 2715545 199733 1.5 19 13 7 13 23% 327960 328 11%
c w 536.87 157 15 89 94843  1 2715545 199719 1.5 19 13 7 13 23% 327960 328 11%
c x 537.06 157 15 89 94843  1 2715545 199718 1.5 19 13 7 13 23% 327951 328 11%
c } 540.44 157 15 89 95800  1 2730057 208158 1.5 19 13 7 13 23% 327951 328 11%
c [ 540.44 157 16 89 95800  1 2730057 208158 1.5 21 14 8 16 24% 327951 328 11%
c B 549.20 157 15 89 95822  1 2775137 233536 1.5 20 13 8 15 24% 327951 328 11%
c - 549.90 158 15 90 95823  1 2777992 203998 1.5 20 13 8 15 24% 327951 328 11%
c p 549.93 158 15 90 95823  1 2777992 204000 1.5 20 13 8 15 24% 327951 328 11%
c u 550.29 158 15 90 95823  1 2777992 203946 1.5 20 13 8 15 24% 327951 328 11%
c v 550.45 158 15 90 95823  1 2777992 203912 1.5 20 13 8 15 24% 327951 328 11%
c w 550.53 158 15 90 95823  1 2777992 203898 1.5 20 13 8 15 24% 327951 328 11%
c x 550.77 158 15 90 95823  1 2777992 203895 1.5 20 13 8 15 24% 327905 328 11%
c - 562.07 158 15 91 95844  1 2841152 204476 1.5 21 14 8 15 24% 327905 328 11%
c p 562.10 158 15 91 95844  1 2841152 204478 1.5 21 14 8 15 24% 327905 328 11%
c u 562.43 158 15 91 95844  1 2841152 204413 1.5 21 14 8 15 24% 327905 328 11%
c v 562.60 158 15 91 95844  1 2841152 204397 1.5 21 14 8 15 24% 327905 328 11%
c w 562.68 158 15 91 95844  1 2841152 204389 1.5 21 14 8 15 24% 327905 328 11%
c x 562.89 158 15 91 95844  1 2841152 204389 1.5 21 14 8 15 24% 327876 328 11%
c W 566.75 158 16 91 95849  1 2850139 209746 1.5 21 14 8 15 24% 327876 328 11%
c - 576.04 158 15 92 95856  1 2905026 205070 1.5 20 13 8 15 25% 327876 328 11%
c 
c  seconds    reductions     conflicts          size   tier2        variables
c           MB      restarts        redundant      glue    trail        remaining
c            level        rate            size/glue  tier1   irredundant
c 
c p 576.07 158 15 92 95856  1 2905026 205072 1.5 20 13 8 15 25% 327876 328 11%
c u 576.41 158 15 92 95856  1 2905026 205005 1.5 20 13 8 15 25% 327876 328 11%
c v 576.56 158 15 92 95856  1 2905026 204997 1.5 20 13 8 15 25% 327876 328 11%
c w 576.64 158 15 92 95856  1 2905026 204993 1.5 20 13 8 15 25% 327876 328 11%
c x 576.84 158 15 92 95856  1 2905026 204993 1.5 20 13 8 15 25% 327865 328 11%
c ] 580.52 158 15 92 95857  1 2923387 217960 1.6 21 13 8 15 25% 327865 328 11%
c { 580.52 158 15 92 95857  1 2923387 217960 1.5 19 13 7 13 23% 327865 328 11%
c B 581.28 158 15 92 96054  1 2926140 219342 1.5 19 13 7 13 23% 327865 328 11%
c - 591.30 158 14 93 97975  1 2969610 211907 1.5 18 12 7 13 23% 327865 328 11%
c p 591.33 158 14 93 97975  1 2969610 211909 1.5 18 12 7 13 23% 327865 328 11%
c u 591.73 158 14 93 97975  1 2969610 211844 1.5 18 12 7 13 23% 327865 328 11%
c v 591.90 158 14 93 97975  1 2969610 211831 1.5 18 12 7 13 23% 327865 328 11%
c w 591.99 158 14 93 97975  1 2969610 211825 1.5 18 12 7 13 23% 327865 328 11%
c x 592.21 158 14 93 97975  1 2969610 211824 1.5 18 12 7 13 23% 327851 328 11%
c W 600.92 158 14 93 100554  1 3003141 231482 1.5 19 12 7 13 24% 327851 328 11%
c - 608.72 159 14 94 102700  1 3034910 217553 1.5 19 12 7 13 24% 327851 328 11%
c p 608.75 159 14 94 102700  1 3034910 217555 1.5 19 12 7 13 24% 327851 328 11%
c u 610.54 169 14 94 102700  1 3034910 217450 1.5 19 12 7 13 24% 327851 328 11%
c v 610.72 169 14 94 102700  1 3034910 217441 1.5 19 12 7 13 24% 327851 328 11%
c w 610.82 169 14 94 102700  1 3034910 217436 1.5 19 12 7 13 24% 327851 328 11%
c 
c  seconds    reductions      conflicts          size   tier2        variables
c           MB      restarts         redundant      glue    trail        remaining
c            level         rate            size/glue  tier1   irredundant
c 
c x 611.06 169 14 94 102700  1 3034910 217436 1.5 19 12 7 13 24% 327843 328 11%
c s 614.62 169 14 94 103721  1 3047398 224707 1.5 19 12 7 13 24% 327126 328 11%
c s 615.00 169 14 94 103721  1 3047398 224689 1.5 19 12 7 13 24% 326657 328 11%
c F 622.56 169 14 94 104617  1 3081143 242739 1.5 18 12 7 13 24% 326657 328 11%
c - 627.96 128 14 95 106302  1 3100920 217962 1.5 18 12 7 12 24% 326657 328 11%
c p 627.99 128 14 95 106302  1 3100920 217964 1.5 18 12 7 12 24% 326657 328 11%
c u 628.38 128 14 95 106302  1 3100920 217920 1.5 18 12 7 12 24% 326657 328 11%
c v 628.56 128 14 95 106302  1 3100920 217861 1.5 18 12 7 12 24% 326657 328 11%
c w 628.66 128 14 95 106302  1 3100920 217845 1.5 18 12 7 12 24% 326657 328 11%
c x 628.91 128 14 95 106302  1 3100920 217843 1.5 18 12 7 12 24% 326624 328 11%
c } 635.33 128 13 95 107202  1 3124833 230389 1.5 18 12 7 12 24% 326624 328 11%
c [ 635.33 128 15 95 107202  1 3124833 230389 1.6 21 13 8 15 25% 326624 328 11%
c I 642.90 128 15 95 107202  1 3160146 249892 1.6 20 13 8 15 25% 326624 328 11%
c - 644.73 171 14 96 107202  1 3167575 222506 1.6 20 13 8 15 25% 326624 328 11%
c p 644.77 171 14 96 107202  1 3167575 222508 1.6 20 13 8 15 25% 326624 328 11%
c u 645.17 171 14 96 107202  1 3167575 222417 1.6 20 13 8 15 25% 326624 328 11%
c v 645.34 171 14 96 107202  1 3167575 222270 1.6 20 13 8 15 25% 326624 328 11%
c w 645.44 171 14 96 107202  1 3167575 222234 1.6 20 13 8 15 25% 326624 328 11%
c x 645.67 171 14 96 107202  1 3167575 222231 1.6 20 13 8 15 25% 326559 328 11%
c i 653.01 171 14 96 107215  1 3205407 242850 1.6 19 12 8 15 25% 326559 325 11%
c 
c  seconds    reductions      conflicts          size   tier2        variables
c           MB      restarts         redundant      glue    trail        remaining
c            level         rate            size/glue  tier1   irredundant
c 
c i 653.59 171 14 96 107216  1 3207505 243916 1.6 19 12 8 15 25% 326559 322 11%
c i 654.38 171 14 96 107216  1 3211036 245587 1.6 19 12 8 15 25% 326559 321 11%
c i 654.79 171 13 96 107217  1 3212642 246246 1.6 18 12 8 15 25% 326559 320 11%
c i 655.48 171 13 96 107217  1 3216178 248026 1.6 18 12 8 15 25% 326559 314 11%
c i 655.51 171 13 96 107217  1 3216320 248075 1.6 18 12 7 15 25% 326559 313 11%
c i 655.53 171 13 96 107217  1 3216422 248116 1.6 18 12 7 15 25% 326559 309 10%
c i 655.53 171 13 96 107217  1 3216427 248117 1.6 18 12 7 15 25% 326559 308 10%
c i 655.54 171 13 96 107217  1 3216460 248130 1.6 18 12 7 15 25% 326559 306 10%
c ] 655.55 171 13 96 107217  1 3216478 248134 1.6 18 12 7 15 25% 326559 294 10%
c 0 655.55 171 13 96 107217  1 3216478 248134 1.6 18 12 7 15 25% 326559 294 10%
c 
c --- [ closing proof ] ------------------------------------------------------
c 
c LRAT proof file '/root/earth-moon/lean/data/a4_m04c/leaf2.lrat' closed
c LRAT 3569281 added clauses 51.72%
c LRAT 3331954 deleted clauses 48.28%
c LRAT 821136162 bytes (783.10 MB)
c 
c --- [ result ] -------------------------------------------------------------
c 
s UNSATISFIABLE
c 
c --- [ run-time profiling ] -------------------------------------------------
c 
c process time taken by individual solving procedures
c (percentage relative to process time for solving)
c 
c       607.54   92.72% search
c       330.37   50.42% unstable
c       248.96   37.99% stable
c        47.71    7.28% simplify
c        33.92    5.18% vivify
c        28.17    4.30% walk
c         5.45    0.83% sweep
c         3.77    0.57% subsume
c         1.53    0.23% elim
c         1.09    0.17% probe
c         0.66    0.10% ternary
c         0.31    0.05% congruence
c         0.30    0.05% parse
c         0.05    0.01% lucky
c         0.00    0.00% backbone
c   =================================
c       655.25   99.95% solve
c 
c last line shows process time for solving
c (percentage relative to total process time)
c 
c --- [ statistics ] ---------------------------------------------------------
c 
c chronological:            323716        10.06 %  of conflicts
c conflicts:               3216478      4908.78    per second
c backbone:                 136596      4608.50 %  of vars
c decisions:               3691137      5633.18    per second
c eliminated:                 1907        64.34 %  of all variables
c fixed:                       760        25.64 %  of all variables
c learned:                 3163309        98.35 %  per conflict
c learned_lits:           90535043       100.00 %  learned literals
c minimized:                     0         0.00 %  learned literals
c shrunken:               22441978        24.79 %  learned literals
c minishrunken:            5091244         5.62 %  learned literals
c otfs:                      13433         0.42 %  of conflict
c propagations:           41641173         0.06 M  per second
c reduced:                 1745872        54.28 %  per conflict
c rephased:                     79     40714.91    interval
c restarts:                 107217        30.00    interval
c stabilizing:                  19        48.38 %  of conflicts
c substituted:                   2         0.07 %  of all variables
c subsumed:                1177973        33.58 %  of all clauses
c strengthened:             122557         3.49 %  of all clauses
c ticks:               41635411472      1011.65    propagation
c vivified:                   7633         0.22 %  of all clauses
c walked:                       25    128659.12    interval
c weakened:                   4479         2.55    average size
c congruence:                   13    247421.38    interval
c 
c seconds are measured in process time for solving
c 
c --- [ glue usage ] ---------------------------------------------------------
c 
c focused glue 7 used 341018 clauses 6.572% accumulated 55.91% tier1
c focused glue 8 used 282518 clauses 5.444% accumulated 61.35%
c focused glue 9-10 used 597393 clauses 11.51% accumulated 72.86%
c focused glue 11 used 296099 clauses 5.706% accumulated 78.57%
c focused glue 12 used 266472 clauses 5.135% accumulated 83.71% tier2
c 
c stable glue 7 used 295177 clauses 5.627% accumulated 50.69% tier1
c stable glue 8 used 221825 clauses 4.228% accumulated 54.92%
c stable glue 9-13 used 1275140 clauses 24.30% accumulated 79.22%
c stable glue 14 used 224537 clauses 4.280% accumulated 83.50%
c stable glue 15 used 198518 clauses 3.784% accumulated 87.29% tier2
c 
c 
c --- [ resources ] ----------------------------------------------------------
c 
c total process time since initialization:       655.55    seconds
c total real time since initialization:          655.60    seconds
c maximum resident set size of process:          200.21    MB
c 
c --- [ shutting down ] ------------------------------------------------------
c 
c exit 20
