c --- [ banner ] -------------------------------------------------------------
c 
c CaDiCaL SAT Solver
c Copyright (c) 2016-2026
c A. Biere, M. Fleury, N. Froleyks, K. Fazekas, F. Pollitt, T. Faller
c JKU Linz, University of Freiburg, TU Wien
c 
c Version 3.0.1 c60730422e758ef1cebe7aeddf2dda31c996bf04
c g++ (Ubuntu 13.3.0-6ubuntu2~24.04.1) 13.3.0 -Wall -Wextra -O3 -DNDEBUG
c Fri Oct 2 18:00:09 UTC 2026 Linux ai-math 6.8.0-139-generic x86_64
c 
c --- [ proof tracing ] ------------------------------------------------------
c 
c opening file to write '/root/earth-moon/lean/data/a4_m04c/leaf11.lrat'
c writing non-binary proof trace to '/root/earth-moon/lean/data/a4_m04c/leaf11.lrat'
c 
c --- [ parsing input ] ------------------------------------------------------
c 
c reading DIMACS file from '/root/earth-moon/lean/data/a4_m04c/leaf11.cnf'
c opening file to read '/root/earth-moon/lean/data/a4_m04c/leaf11.cnf'
c found 'p cnf 2964 353108' header
c parsed 353108 clauses in 0.29 seconds process time
c 
c --- [ options ] ------------------------------------------------------------
c 
c   --binary=false                 (different from default 'true')
c   --lrat=true                    (different from default 'false')
c 
c --- [ solving ] ------------------------------------------------------------
c 
c time measured in process time since initialization
c 
c  seconds  reduction conflicts       size tier2       variables
c         MB    restarts   redundant    glue  trail         remaining
c          level     rate       size/glu tier1  irredundant
c 
c *  0.29 48  0 0   0  0    0    0 0.0 0 0 2 6  0% 352940 2921 99%
c )  0.34 67  0 0   0  0    0    0 0.0 0 0 2 6  0% 352940 2921 99%
c {  0.34 67  0 0   0  0    0    0 0.0 0 0 2 6  0% 352940 2921 99%
c i  0.36 68 455 0   0 73   77   13 1.7 8 5 2 6 28% 352879 2915 98%
c i  0.36 68 454 0   0 72   78   13 1.7 8 5 2 6 28% 352879 2914 98%
c i  0.36 68 444 0   0 63   89   16 1.8 10 6 2 6 28% 352875 2908 98%
c i  0.37 68 432 0   1 60   95   21 1.8 13 8 2 6 28% 352875 2907 98%
c i  0.37 68 427 0   1 60   96   21 1.8 13 7 2 6 27% 352875 2906 98%
c i  0.37 68 420 0   1 60   98   22 1.8 12 7 2 6 27% 352875 2905 98%
c i  0.37 68 393 0   1 55  106   24 1.8 10 6 2 6 26% 352874 2904 98%
c i  0.37 68 386 0   1 54  108   24 1.8 10 5 2 6 25% 352874 2902 98%
c i  0.37 68 374 0   1 52  113   25 1.8 9 5 2 6 25% 352871 2899 98%
c i  0.39 69 250 0   5 34  192   64 1.5 11 7 2 6 20% 352849 2898 98%
c i  0.39 69 249 0   6 34  193   64 1.5 11 7 2 6 20% 352849 2897 98%
c i  0.39 69 247 0   6 34  194   64 1.5 11 7 2 6 20% 352849 2896 98%
c -  0.45 71 178 1  29 26  300   61 1.5 14 9 2 6 19% 352756 2896 98%
c i  0.50 74 139 1  44 21  429  111 1.4 14 10 2 6 18% 352697 2895 98%
c i  0.50 74 137 1  46 20  436  115 1.4 15 10 2 6 17% 352697 2892 98%
c i  0.50 74 137 1  47 21  437  115 1.4 15 10 2 6 17% 352697 2890 98%
c i  0.51 74 129 1  57 20  479  130 1.4 14 10 2 6 17% 352673 2889 97%
c 
c  seconds   reduction conflicts       size  tier2       variables
c         MB     restarts   redundant     glue  trail         remaining
c           level     rate       size/glue tier1  irredundant
c 
c i  0.52 74 108 1  58 16  633  245 1.6 14 9 2 6 19% 352651 2888 97%
c i  0.52 74 106 1  58 15  652  248 1.6 14 9 2 6 19% 352637 2886 97%
c i  0.52 74 106 1  58 15  655  249 1.6 14 9 2 6 19% 352636 2883 97%
c i  0.52 74 101 1  58 14  726  270 1.6 14 9 2 6 20% 352595 2882 97%
c i  0.52 74 101 1  58 14  727  270 1.6 14 9 2 6 20% 352595 2881 97%
c i  0.52 74 100 1  58 14  728  270 1.6 14 9 2 6 20% 352595 2878 97%
c i  0.53 74 99 1  58 14  741  274 1.6 13 9 2 6 20% 352589 2877 97%
c i  0.55 75 94 1  67 13  810  321 1.5 15 10 2 6 20% 352571 2876 97%
c i  0.55 75 93 1  69 13  820  321 1.5 15 10 2 6 20% 352562 2875 97%
c i  0.55 75 93 1  70 13  824  323 1.5 15 10 2 6 20% 352561 2874 97%
c i  0.56 75 90 1  77 13  883  332 1.5 14 9 2 6 19% 352518 2831 96%
c -  0.67 96 87 2  90 12  972  199 1.5 14 9 2 6 19% 352392 2831 96%
c i  0.68 99 86 2  90 12  980  204 1.5 14 9 2 6 19% 352390 2830 95%
c i  0.68 99 86 2  90 12  992  212 1.5 14 9 2 6 20% 352388 2829 95%
c i  0.68 99 86 2  90 12  996  213 1.5 14 9 2 6 20% 352387 2824 95%
c }  0.68 99 85 2  90 12 1006  219 1.5 14 9 2 6 20% 352384 2824 95%
c [  0.68 99  0 2  90  0 1006  219 0.0 0 0 2 6  0% 352384 2824 95%
c O  0.68 99  2 2  90  3 1007  220 1.5 3 2 2 6 27% 352384 2824 95%
c i  0.68 99 11 2  90  1 1489  457 1.5 9 6 2 6 11% 352377 2818 95%
c -  0.85 96 31 3  91  1 2180  308 1.7 15 9 2 6 24% 351810 2818 95%
c 
c  seconds  reduction conflicts       size  tier2       variables
c         MB    restarts   redundant     glue  trail         remaining
c          level     rate       size/glue tier1  irredundant
c 
c i  0.85 96 32 3  91  1 2226  322 1.7 15 9 2 6 25% 351787 2815 95%
c ]  0.90 96 30 3  91  1 2526  509 1.7 16 9 2 6 25% 351734 2815 95%
c {  0.90 96 85 3  91 12 2526  509 1.5 14 9 2 6 20% 351734 2815 95%
c i  0.93 96 77 3 114 11 2666  602 1.5 16 11 2 6 19% 351718 2814 95%
c i  0.95 96 75 3 128 11 2721  643 1.4 17 11 2 6 20% 351717 2813 95%
c i  0.98 96 67 3 178 10 2927  765 1.4 18 12 2 6 19% 351701 2812 95%
c O  1.01 96 64 3 195  9 3008  817 1.4 18 13 2 6 19% 351699 2812 95%
c i  1.02 96 64 3 197  9 3019  823 1.4 18 13 2 6 19% 351697 2810 95%
c i  1.02 96 64 3 198  9 3033  827 1.4 18 13 2 6 19% 351690 2764 93%
c 2  1.03 96 63 3 200  9 3079  857 1.4 18 13 2 6 19% 351685 2755 93%
c d  1.05 96 63 3 200  9 3079  838 1.4 18 13 2 6 19% 351607 2754 93%
c p  1.05 96 63 3 200  9 3079  853 1.4 18 13 2 6 19% 351607 2754 93%
c =  1.15 100 63 3 200  9 3079  844 1.4 18 13 2 6 19% 351595 2729 92%
c t  1.15 100 63 3 200  9 3079  840 1.4 18 13 2 6 19% 351595 2729 92%
c i  1.19 100 61 3 220  9 3163  901 1.4 19 13 2 6 19% 351591 2728 92%
c i  1.19 100 61 3 220  9 3165  901 1.4 18 13 2 6 19% 351590 2685 91%
c -  1.42 95 47 4 353  6 3984  484 1.3 19 14 2 6 19% 351527 2685 91%
c i  1.46 95 44 4 353  6 4226  633 1.4 19 14 2 6 19% 351524 2684 91%
c i  1.46 95 44 4 353  6 4230  634 1.4 19 14 2 6 19% 351522 2683 91%
c i  1.47 95 44 4 353  6 4373  716 1.4 19 14 2 6 20% 351474 2682 90%
c 
c  seconds  reduction conflicts       size   tier2       variables
c         MB    restarts   redundant     glue   trail         remaining
c          level     rate       size/glue  tier1  irredundant
c 
c i  1.47 95 44 4 353  6 4376  716 1.4 19 14 2 6 20% 351473 2680 90%
c i  1.47 95 44 4 353  6 4454  751 1.4 19 14 2 6 21% 351436 2679 90%
c i  1.47 95 44 4 353  5 4581  816 1.4 20 14 2 6 22% 351387 2677 90%
c 2  1.58 95 37 4 373  4 5579 1579 1.6 21 13 10 17 24% 351363 2643 89%
c i  1.80 125 36 4 430  4 5918 1787 1.6 21 14 10 17 16% 351299 2641 89%
c #  1.84 125 36 4 452  4 6009 1861 1.5 21 14 10 17 16% 351295 2641 89%
c -  1.98 100 34 5 461  4 6421 1963 1.5 21 14 10 17 14% 351291 2641 89%
c }  2.07 100 31 5 461  3 7548 2969 1.8 23 13 10 16 24% 351270 2641 89%
c [  2.07 100 30 5 461  1 7548 2969 1.7 16 9 2 6 28% 351270 2641 89%
c 2  2.14 100 26 5 461  1 8185 3398 1.8 19 11 2 6 26% 351267 2636 89%
c -  2.40 125 25 6 462  1 9516 3748 1.5 21 14 9 16 22% 351261 2636 89%
c I  2.47 125 25 6 462  1 10010 4080 1.5 22 15 9 16 21% 351261 2636 89%
c 2  2.56 125 24 6 463  1 10882 4817 1.6 24 14 9 16 23% 351249 2632 89%
c ]  2.89 125 23 6 465  1 13105 6380 1.6 24 15 9 16 21% 351236 2632 89%
c {  2.89 125 31 6 465  3 13105 6380 1.8 23 13 10 16 24% 351236 2632 89%
c -  2.96 100 31 7 500  3 13285 4874 1.7 23 13 9 16 23% 351236 2632 89%
c 2  3.09 100 30 7 601  3 13668 5160 1.7 23 13 9 16 21% 351232 2628 89%
c s  3.17 106 30 7 641  3 13836 5256 1.7 23 13 9 16 21% 351211 2628 89%
c t  3.18 106 30 7 641  3 13836 5256 1.7 23 13 9 16 21% 351202 2628 89%
c e  3.23 107 30 7 641  3 13836 4117 1.7 23 13 9 16 21% 347335 326 11%
c 
c  seconds   reductions conflicts       size   tier2        variables
c          MB    restarts    redundant     glue    trail        remaining
c           level     rate        size/glue  tier1   irredundant
c 
c s  3.25 107 30 7 641  3 13836 4117 1.7 23 13 9 16 21% 347319 326 11%
c B  3.57 121 28 7 771  3 15012 4864 1.6 22 14 9 16 25% 347319 326 11%
c -  4.06 121 25 8 954  3 17737 5025 1.6 21 14 9 16 25% 347319 326 11%
c u  4.14 121 25 8 954  3 17737 4981 1.6 21 14 9 16 25% 347339 326 11%
c v  4.17 121 25 8 954  3 17737 4978 1.6 21 14 9 16 25% 347339 326 11%
c w  4.18 121 25 8 954  3 17737 4976 1.6 21 14 9 16 25% 347339 326 11%
c x  4.21 121 25 8 954  3 17737 4976 1.6 21 14 9 16 25% 347338 326 11%
c t  4.21 121 25 8 954  3 17737 4975 1.6 21 14 9 16 25% 347338 326 11%
c W  4.74 121 22 8 1055  2 21016 6839 1.5 21 14 9 16 25% 347338 326 11%
c -  4.98 121 22 9 1146  2 22866 6533 1.5 20 14 10 15 25% 347338 326 11%
c }  5.17 121 21 9 1146  2 23508 6996 1.5 20 13 10 15 25% 347338 326 11%
c [  5.17 121 23 9 1146  1 23508 6996 1.6 24 15 9 16 170% 347338 326 11%
c B  5.58 121 20 9 1147  1 28018 9345 1.5 22 14 9 16 111% 347338 326 11%
c -  5.72 96 20 10 1147  1 28690 8185 1.5 22 15 9 16 106% 347338 326 11%
c -  6.45 96 19 11 1152  1 35213 9256 1.4 22 15 9 16 76% 347338 326 11%
c p  6.46 96 19 11 1152  1 35213 9262 1.4 22 15 9 16 76% 347338 326 11%
c W  6.75 96 19 11 1153  1 36020 9721 1.4 22 15 9 16 74% 347338 326 11%
c ]  6.81 96 19 11 1153  1 36527 10094 1.4 22 15 9 16 73% 347338 326 11%
c {  6.81 96 21 11 1153  2 36527 10094 1.5 20 13 10 15 25% 347338 326 11%
c -  7.68 96 20 12 1608  2 42440 11146 1.5 20 13 10 15 26% 347338 326 11%
c 
c  seconds  reductions   conflicts        size    tier2        variables
c         MB     restarts      redundant     glue     trail        remaining
c          level       rate         size/glue  tier1    irredundant
c 
c p  7.69 96 20 12 1608  2 42440 11148 1.5 20 13 10 15 26% 347338 326 11%
c u  7.80 96 20 12 1608  2 42440 11096 1.5 20 13 10 15 26% 347338 326 11%
c v  7.84 96 20 12 1608  2 42440 11089 1.5 20 13 10 15 26% 347338 326 11%
c w  7.86 96 20 12 1608  2 42440 11089 1.5 20 13 10 15 26% 347338 326 11%
c F  8.22 96 19 12 1704  2 45021 12661 1.5 20 13 10 15 26% 347338 326 11%
c -  9.08 96 19 13 2066  2 50374 13069 1.5 20 14 10 15 26% 347338 326 11%
c p  9.09 96 19 13 2066  2 50374 13073 1.5 20 14 10 15 26% 347338 326 11%
c s  9.83 108 19 13 2498  2 54065 15329 1.5 20 14 10 15 26% 347274 326 11%
c s  9.90 108 19 13 2498  2 54065 15325 1.5 20 14 10 15 26% 347237 326 11%
c B 10.11 108 19 13 2706  2 55022 15928 1.5 20 14 10 15 26% 347237 326 11%
c } 10.13 108 19 13 2716  2 55099 15984 1.5 20 14 10 15 26% 347237 326 11%
c [ 10.13 108 19 13 2716  1 55099 15984 1.4 22 15 9 16 73% 347237 326 11%
c - 10.50 108 20 14 2717  1 59021 14352 1.4 22 16 9 16 65% 347237 326 11%
c p 10.51 108 20 14 2717  1 59021 14353 1.4 22 16 9 16 65% 347237 326 11%
c u 10.57 108 20 14 2717  1 59021 14337 1.4 22 16 9 16 65% 347237 326 11%
c v 10.59 108 20 14 2717  1 59021 14334 1.4 22 16 9 16 65% 347237 326 11%
c w 10.60 108 20 14 2717  1 59021 14334 1.4 22 16 9 16 65% 347237 326 11%
c x 10.63 108 20 14 2717  1 59021 14333 1.4 22 16 9 16 65% 347235 326 11%
c O 11.14 108 21 14 2718  1 66024 19504 1.4 23 16 9 16 58% 347235 326 11%
c - 11.38 108 21 15 2718  1 68378 15626 1.4 23 16 9 16 56% 347235 326 11%
c 
c  seconds   reductions   conflicts        size    tier2        variables
c          MB     restarts      redundant     glue     trail        remaining
c           level       rate         size/glue  tier1    irredundant
c 
c B 12.21 108 22 15 2725  1 78025 23635 1.5 24 16 12 18 52% 347235 326 11%
c - 12.30 108 22 16 2725  1 78450 18329 1.5 24 16 12 18 51% 347235 326 11%
c p 12.32 108 22 16 2725  1 78450 18330 1.5 24 16 12 18 51% 347235 326 11%
c ] 12.78 108 22 16 2729  1 85144 23701 1.5 23 16 12 18 48% 347235 326 11%
c { 12.78 108 19 16 2729  2 85144 23701 1.5 20 14 10 15 26% 347235 326 11%
c - 13.04 109 18 17 2757  2 89238 21614 1.5 20 14 10 15 25% 347235 326 11%
c u 13.15 109 18 17 2757  2 89238 21592 1.5 20 14 10 15 25% 347235 326 11%
c v 13.18 109 18 17 2757  2 89238 21587 1.5 20 14 10 15 25% 347235 326 11%
c w 13.19 109 18 17 2757  2 89238 21587 1.5 20 14 10 15 25% 347235 326 11%
c x 13.23 109 18 17 2757  2 89238 21587 1.5 20 14 10 15 25% 347233 326 11%
c W 13.90 109 18 17 2844  2 91028 22791 1.5 20 14 10 15 25% 347233 326 11%
c - 15.35 109 18 18 3664  2 100743 23824 1.4 20 14 10 15 25% 347233 326 11%
c p 15.35 109 18 18 3664  2 100743 23825 1.4 20 14 10 15 25% 347233 326 11%
c # 15.97 111 17 18 3692  2 105030 26260 1.4 20 14 10 15 25% 347233 326 11%
c - 17.07 111 17 19 3936  1 112973 26733 1.4 19 13 10 15 25% 347233 326 11%
c p 17.08 111 17 19 3936  1 112973 26735 1.4 19 13 10 15 25% 347233 326 11%
c u 17.18 111 17 19 3936  1 112973 26693 1.4 19 13 10 15 25% 347233 326 11%
c v 17.22 111 17 19 3936  1 112973 26688 1.4 19 13 10 15 25% 347233 326 11%
c w 17.24 111 17 19 3936  1 112973 26687 1.4 19 13 10 15 25% 347233 326 11%
c s 17.50 111 17 19 3968  1 114407 27659 1.4 19 13 10 15 25% 347158 326 11%
c 
c  seconds   reductions   conflicts         size    tier2        variables
c          MB     restarts       redundant     glue     trail        remaining
c           level       rate          size/glue  tier1    irredundant
c 
c s 17.58 111 17 19 3968  1 114407 27641 1.4 19 13 10 15 25% 347140 326 11%
c } 18.27 111 17 19 4393  1 118017 29835 1.4 19 13 10 15 25% 347140 326 11%
c [ 18.27 111 22 19 4393  1 118017 29835 1.5 23 16 12 18 48% 347140 326 11%
c W 18.84 111 21 19 4395  1 120031 31148 1.5 23 16 12 18 47% 347140 326 11%
c - 19.49 112 21 20 4396  1 125918 29611 1.5 23 16 12 18 44% 347140 326 11%
c I 20.46 112 21 20 4398  1 136034 35566 1.4 23 16 12 18 41% 347140 326 11%
c - 20.90 112 21 21 4398  1 139583 30925 1.4 23 16 12 18 41% 347140 326 11%
c p 20.92 112 21 21 4398  1 139583 30926 1.4 23 16 12 18 41% 347140 326 11%
c u 21.00 112 21 21 4398  1 139583 30884 1.4 23 16 12 18 41% 347140 326 11%
c v 21.03 112 21 21 4398  1 139583 30878 1.4 23 16 12 18 41% 347140 326 11%
c w 21.05 112 21 21 4398  1 139583 30878 1.4 23 16 12 18 41% 347140 326 11%
c B 22.38 112 20 21 4400  1 153039 40592 1.5 23 16 12 18 38% 347140 326 11%
c - 22.58 112 20 22 4401  1 153972 34168 1.5 23 16 12 18 38% 347140 326 11%
c ] 22.62 112 20 22 4401  1 154037 34206 1.5 23 16 12 18 38% 347140 326 11%
c { 22.62 112 17 22 4401  1 154037 34206 1.4 19 13 10 15 25% 347140 326 11%
c - 24.52 113 16 23 5287  1 169083 37817 1.4 19 13 10 15 26% 347140 326 11%
c p 24.54 113 16 23 5287  1 169083 37818 1.4 19 13 10 15 26% 347140 326 11%
c u 24.69 113 16 23 5287  1 169083 37784 1.4 19 13 10 15 26% 347140 326 11%
c v 24.75 113 16 23 5287  1 169083 37776 1.4 19 13 10 15 26% 347140 326 11%
c w 24.78 113 16 23 5287  1 169083 37773 1.4 19 13 10 15 26% 347140 326 11%
c 
c  seconds   reductions   conflicts         size    tier2        variables
c          MB     restarts       redundant     glue     trail        remaining
c           level       rate          size/glue  tier1    irredundant
c 
c B 25.10 113 16 23 5419  1 171040 38859 1.4 19 13 10 15 26% 347140 326 11%
c - 26.90 113 16 24 5730  1 184917 42385 1.5 19 13 10 15 26% 347140 326 11%
c p 26.91 113 16 24 5730  1 184917 42386 1.5 19 13 10 15 26% 347140 326 11%
c W 28.39 115 16 24 5898  1 190043 45447 1.5 19 13 10 15 26% 347140 326 11%
c s 29.07 115 16 24 6200  1 194859 48175 1.5 19 13 10 15 26% 347128 326 11%
c s 29.16 115 16 24 6200  1 194859 48161 1.5 19 13 10 15 26% 347118 326 11%
c } 29.81 115 16 24 6950  1 198777 50610 1.5 19 13 10 15 26% 347118 326 11%
c [ 29.81 115 20 24 6950  1 198777 50610 1.5 23 16 12 18 38% 347118 326 11%
c - 30.17 115 20 25 6952  1 201480 46561 1.5 23 16 12 18 37% 347118 326 11%
c p 30.19 115 20 25 6952  1 201480 46562 1.5 23 16 12 18 37% 347118 326 11%
c u 30.32 115 20 25 6952  1 201480 46515 1.5 23 16 12 18 37% 347118 326 11%
c v 30.37 115 20 25 6952  1 201480 46509 1.5 23 16 12 18 37% 347118 326 11%
c w 30.41 115 20 25 6952  1 201480 46509 1.5 23 16 12 18 37% 347118 326 11%
c W 31.35 115 20 25 6956  1 210047 52267 1.5 23 16 12 18 36% 347118 326 11%
c - 32.32 116 20 26 6961  1 218765 49709 1.5 23 16 12 18 35% 347118 326 11%
c p 32.34 116 20 26 6961  1 218765 49710 1.5 23 16 12 18 35% 347118 326 11%
c O 33.50 116 19 26 6964  1 231048 57648 1.4 23 16 12 18 34% 347118 326 11%
c - 34.28 116 19 27 6968  1 236778 53239 1.5 23 16 12 18 34% 347118 326 11%
c p 34.30 116 19 27 6968  1 236778 53240 1.5 23 16 12 18 34% 347118 326 11%
c u 34.40 116 19 27 6968  1 236778 53218 1.5 23 16 12 18 34% 347118 326 11%
c 
c  seconds   reductions   conflicts         size    tier2        variables
c          MB     restarts       redundant     glue     trail        remaining
c           level       rate          size/glue  tier1    irredundant
c 
c v 34.44 116 19 27 6968  1 236778 53213 1.5 23 16 12 18 34% 347118 326 11%
c w 34.46 116 19 27 6968  1 236778 53212 1.5 23 16 12 18 34% 347118 326 11%
c x 34.51 116 19 27 6968  1 236778 53212 1.5 23 16 12 18 34% 347118 326 11%
c ] 35.92 116 19 27 6975  1 248116 59906 1.5 23 16 12 18 33% 347118 326 11%
c { 35.92 116 16 27 6975  1 248116 59906 1.5 19 13 10 15 26% 347118 326 11%
c F 36.65 116 16 27 7243  1 253049 62752 1.5 19 13 10 15 26% 347118 326 11%
c - 37.21 116 16 28 7586  1 255516 56569 1.5 19 13 10 15 26% 347118 326 11%
c p 37.23 116 16 28 7586  1 255516 56570 1.5 19 13 10 15 26% 347118 326 11%
c u 37.32 116 16 28 7586  1 255516 56542 1.5 19 13 10 15 26% 347118 326 11%
c v 37.36 116 16 28 7586  1 255516 56533 1.5 19 13 10 15 26% 347118 326 11%
c w 37.38 116 16 28 7586  1 255516 56533 1.5 19 13 10 15 26% 347118 326 11%
c - 40.20 100 16 29 8883  1 274983 53173 1.5 19 13 9 15 26% 347118 326 11%
c p 40.22 100 16 29 8883  1 274983 53174 1.5 19 13 9 15 26% 347118 326 11%
c u 40.29 100 16 29 8883  1 274983 53141 1.5 19 13 9 15 26% 347118 326 11%
c v 40.32 100 16 29 8883  1 274983 53139 1.5 19 13 9 15 26% 347118 326 11%
c w 40.33 100 16 29 8883  1 274983 53139 1.5 19 13 9 15 26% 347118 326 11%
c x 40.37 100 16 29 8883  1 274983 53139 1.5 19 13 9 15 26% 347118 326 11%
c B 40.59 100 16 29 9003  1 276050 53726 1.5 19 13 9 15 26% 347118 326 11%
c - 43.26 130 15 30 9726  1 295181 55809 1.5 19 13 9 15 26% 347118 326 11%
c p 43.28 130 15 30 9726  1 295181 55810 1.5 19 13 9 15 26% 347118 326 11%
c 
c  seconds   reductions   conflicts         size   tier2        variables
c          MB     restarts       redundant     glue    trail        remaining
c           level       rate          size/glue  tier1   irredundant
c 
c u 43.38 130 15 30 9726  1 295181 55796 1.5 19 13 9 15 26% 347118 326 11%
c v 43.41 130 15 30 9726  1 295181 55788 1.5 19 13 9 15 26% 347118 326 11%
c w 43.42 130 15 30 9726  1 295181 55788 1.5 19 13 9 15 26% 347118 326 11%
c x 43.46 130 15 30 9726  1 295181 55787 1.5 19 13 9 15 26% 347116 326 11%
c s 43.57 130 15 30 9726  1 295423 55934 1.5 19 13 9 15 25% 347102 326 11%
c s 43.68 130 15 30 9726  1 295423 55921 1.5 19 13 9 15 25% 347083 326 11%
c W 44.84 130 15 30 9729  1 300054 58167 1.5 18 13 9 15 25% 347082 326 11%
c } 45.61 130 15 30 10373  1 303498 60485 1.5 19 13 9 15 25% 347082 326 11%
c [ 45.61 130 19 30 10373  1 303498 60485 1.5 23 16 12 18 33% 347082 326 11%
c - 47.04 160 19 31 10375  1 316104 57632 1.4 22 16 12 18 32% 347082 326 11%
c p 47.06 160 19 31 10375  1 316104 57633 1.4 22 16 12 18 32% 347082 326 11%
c u 47.48 160 19 31 10375  1 316104 57616 1.4 22 16 12 18 32% 347082 326 11%
c v 47.51 160 19 31 10375  1 316104 57614 1.4 22 16 12 18 32% 347082 326 11%
c w 47.53 160 19 31 10375  1 316104 57614 1.4 22 16 12 18 32% 347082 326 11%
c B 48.44 160 19 31 10376  1 325055 63175 1.4 23 16 12 18 31% 347081 326 11%
c - 49.79 160 20 32 10377  1 337756 57514 1.4 23 16 12 18 30% 347081 326 11%
c p 49.81 160 20 32 10377  1 337756 57515 1.4 23 16 12 18 30% 347081 326 11%
c u 49.91 160 20 32 10377  1 337756 57496 1.4 23 16 12 18 30% 347081 326 11%
c v 49.94 160 20 32 10377  1 337756 57491 1.4 23 16 12 18 30% 347081 326 11%
c w 49.97 160 20 32 10377  1 337756 57491 1.4 23 16 12 18 30% 347081 326 11%
c 
c  seconds   reductions    conflicts         size    tier2        variables
c          MB      restarts       redundant     glue     trail        remaining
c           level        rate          size/glue  tier1    irredundant
c 
c W 51.93 160 19 32 10377  1 351057 65858 1.4 23 16 12 18 30% 347081 326 11%
c - 53.11 160 19 33 10377  1 360138 60048 1.4 23 16 12 18 29% 347081 326 11%
c p 53.13 160 19 33 10377  1 360138 60049 1.4 23 16 12 18 29% 347081 326 11%
c u 53.21 160 19 33 10377  1 360138 60033 1.4 23 16 12 18 29% 347081 326 11%
c v 53.24 160 19 33 10377  1 360138 60032 1.4 23 16 12 18 29% 347081 326 11%
c w 53.25 160 19 33 10377  1 360138 60032 1.4 23 16 12 18 29% 347081 326 11%
c x 53.29 160 19 33 10377  1 360138 60032 1.4 23 16 12 18 29% 347078 326 11%
c ] 54.05 160 19 33 10377  1 365860 63594 1.4 23 16 12 18 29% 347078 326 11%
c { 54.05 160 15 33 10377  1 365860 63594 1.5 19 13 9 15 25% 347078 326 11%
c # 56.05 160 15 33 11601  1 378060 70993 1.5 19 13 9 15 26% 347078 326 11%
c - 56.79 101 15 34 11630  1 383250 66407 1.5 19 13 9 15 26% 347078 326 11%
c p 56.81 101 15 34 11630  1 383250 66408 1.5 19 13 9 15 26% 347078 326 11%
c u 56.93 101 15 34 11630  1 383250 66384 1.5 19 13 9 15 26% 347078 326 11%
c v 56.98 101 15 34 11630  1 383250 66375 1.5 19 13 9 15 26% 347078 326 11%
c w 57.00 101 15 34 11630  1 383250 66373 1.5 19 13 9 15 26% 347078 326 11%
c B 60.54 101 15 34 13052  1 406063 79152 1.5 18 13 9 14 26% 347078 326 11%
c - 60.82 102 15 35 13173  1 407090 69463 1.5 18 13 9 14 26% 347078 326 11%
c p 60.84 102 15 35 13173  1 407090 69464 1.5 18 13 9 14 26% 347078 326 11%
c u 60.95 102 15 35 13173  1 407090 69427 1.5 18 13 9 14 26% 347078 326 11%
c v 61.00 102 15 35 13173  1 407090 69421 1.5 18 13 9 14 26% 347078 326 11%
c 
c  seconds   reductions    conflicts         size   tier2        variables
c          MB      restarts       redundant     glue    trail        remaining
c           level        rate          size/glue  tier1   irredundant
c 
c w 61.02 102 15 35 13173  1 407090 69417 1.5 18 13 9 14 26% 347078 326 11%
c s 62.44 114 15 35 14201  1 416100 74838 1.5 19 13 9 14 26% 347030 326 11%
c s 62.55 114 15 35 14201  1 416100 74833 1.5 19 13 9 14 26% 346918 326 11%
c - 65.01 115 15 36 15216  1 431659 72866 1.5 19 13 9 14 25% 346918 326 11%
c p 65.03 115 15 36 15216  1 431659 72867 1.5 19 13 9 14 25% 346918 326 11%
c u 65.15 115 15 36 15216  1 431659 72843 1.5 19 13 9 14 25% 346918 326 11%
c v 65.19 115 15 36 15216  1 431659 72838 1.5 19 13 9 14 25% 346918 326 11%
c w 65.22 115 15 36 15216  1 431659 72836 1.5 19 13 9 14 25% 346918 326 11%
c } 65.78 115 15 36 15457  1 434660 74260 1.5 19 13 9 14 25% 346914 326 11%
c [ 65.78 115 19 36 15457  1 434660 74260 1.4 23 16 12 18 29% 346914 326 11%
c I 65.90 115 19 36 15457  1 435065 74512 1.4 23 16 12 18 28% 346914 326 11%
c - 68.79 115 19 37 15470  1 456958 72503 1.4 23 16 12 18 28% 346914 326 11%
c p 68.81 115 19 37 15470  1 456958 72504 1.4 23 16 12 18 28% 346914 326 11%
c u 68.93 115 19 37 15470  1 456958 72470 1.4 23 16 12 18 28% 346914 326 11%
c v 68.97 115 19 37 15470  1 456958 72458 1.4 23 16 12 18 28% 346914 326 11%
c w 69.00 115 19 37 15470  1 456958 72456 1.4 23 16 12 18 28% 346914 326 11%
c B 70.02 115 19 37 15472  1 465068 77432 1.4 23 16 12 18 28% 346914 326 11%
c - 72.01 102 20 38 15480  1 482988 71465 1.4 23 17 12 18 28% 346914 326 11%
c p 72.03 102 20 38 15480  1 482988 71466 1.4 23 17 12 18 28% 346914 326 11%
c u 72.17 102 20 38 15480  1 482988 71438 1.4 23 17 12 18 28% 346914 326 11%
c 
c  seconds   reductions    conflicts         size    tier2        variables
c          MB      restarts       redundant     glue     trail        remaining
c           level        rate          size/glue  tier1    irredundant
c 
c v 72.22 102 20 38 15480  1 482988 71422 1.4 23 17 12 18 28% 346914 326 11%
c w 72.24 102 20 38 15480  1 482988 71421 1.4 23 17 12 18 28% 346914 326 11%
c W 74.79 102 19 38 15487  1 496070 79738 1.4 23 17 12 18 28% 346914 326 11%
c - 76.05 133 20 39 15488  1 509748 71720 1.4 24 17 12 18 28% 346914 326 11%
c p 76.07 133 20 39 15488  1 509748 71721 1.4 24 17 12 18 28% 346914 326 11%
c u 76.52 133 20 39 15488  1 509748 71702 1.4 24 17 12 18 28% 346914 326 11%
c v 76.55 133 20 39 15488  1 509748 71680 1.4 24 17 12 18 28% 346914 326 11%
c w 76.58 133 20 39 15488  1 509748 71679 1.4 24 17 12 18 28% 346914 326 11%
c ] 77.24 133 21 39 15488  1 516714 76244 1.4 24 18 12 18 28% 346914 326 11%
c { 77.24 133 15 39 15488  1 516714 76244 1.5 19 13 9 14 25% 346914 326 11%
c W 79.12 133 15 39 16395  1 528071 82482 1.4 19 13 9 14 25% 346914 326 11%
c - 81.09 164 15 40 17303  1 537241 75023 1.4 19 13 9 14 25% 346914 326 11%
c p 81.12 164 15 40 17303  1 537241 75024 1.4 19 13 9 14 25% 346914 326 11%
c u 81.23 164 15 40 17303  1 537241 74995 1.4 19 13 9 14 25% 346914 326 11%
c v 81.28 164 15 40 17303  1 537241 74988 1.4 19 13 9 14 25% 346914 326 11%
c w 81.31 164 15 40 17303  1 537241 74986 1.4 19 13 9 14 25% 346914 326 11%
c x 81.38 164 15 40 17303  1 537241 74986 1.4 19 13 9 14 25% 346914 326 11%
c s 84.33 164 15 40 18266  1 556878 85476 1.4 19 13 9 14 25% 346875 326 11%
c s 84.46 164 15 40 18266  1 556878 85458 1.4 19 13 9 14 25% 346838 326 11%
c F 85.10 164 15 40 18377  1 561073 87408 1.4 18 13 9 14 25% 346838 326 11%
c 
c  seconds   reductions    conflicts         size   tier2        variables
c          MB      restarts       redundant     glue    trail        remaining
c           level        rate          size/glue  tier1   irredundant
c 
c - 85.81 133 15 41 18455  1 565464 81197 1.4 18 13 9 14 25% 346838 326 11%
c p 85.83 133 15 41 18455  1 565464 81198 1.4 18 13 9 14 25% 346838 326 11%
c u 85.98 133 15 41 18455  1 565464 81154 1.4 18 13 9 14 25% 346838 326 11%
c v 86.05 133 15 41 18455  1 565464 81134 1.4 18 13 9 14 25% 346838 326 11%
c w 86.08 133 15 41 18455  1 565464 81132 1.4 18 13 9 14 25% 346838 326 11%
c - 91.09 165 15 42 20293  1 594416 87658 1.5 19 13 9 14 25% 346838 326 11%
c p 91.11 165 15 42 20293  1 594416 87659 1.5 19 13 9 14 25% 346838 326 11%
c u 91.23 165 15 42 20293  1 594416 87647 1.5 19 13 9 14 25% 346838 326 11%
c v 91.28 165 15 42 20293  1 594416 87634 1.5 19 13 9 14 25% 346838 326 11%
c w 91.30 165 15 42 20293  1 594416 87634 1.5 19 13 9 14 25% 346838 326 11%
c x 91.37 165 15 42 20293  1 594416 87634 1.5 19 13 9 14 25% 346837 326 11%
c B 91.54 165 15 42 20428  1 595076 88045 1.5 19 13 9 14 25% 346837 326 11%
c } 92.90 165 15 42 21074  1 604238 93326 1.5 19 13 9 14 25% 346837 326 11%
c [ 92.90 165 21 42 21074  1 604238 93326 1.4 24 18 12 18 28% 346837 326 11%
c - 95.39 133 20 43 21085  1 624101 91708 1.4 23 17 12 18 28% 346837 326 11%
c p 95.41 133 20 43 21085  1 624101 91709 1.4 23 17 12 18 28% 346837 326 11%
c u 95.53 133 20 43 21085  1 624101 91691 1.4 23 17 12 18 28% 346837 326 11%
c v 95.57 133 20 43 21085  1 624101 91677 1.4 23 17 12 18 28% 346837 326 11%
c w 95.59 133 20 43 21085  1 624101 91674 1.4 23 17 12 18 28% 346837 326 11%
c x 95.65 133 20 43 21085  1 624101 91674 1.4 23 17 12 18 28% 346836 326 11%
c 
c  seconds   reductions    conflicts         size    tier2        variables
c          MB      restarts       redundant     glue     trail        remaining
c           level        rate          size/glue  tier1    irredundant
c 
c O 96.30 133 20 43 21088  1 630077 95542 1.4 24 17 12 18 28% 346836 326 11%
c - 99.07 166 19 44 21098  1 654518 94132 1.4 23 16 12 18 28% 346836 326 11%
c p 99.09 166 19 44 21098  1 654518 94133 1.4 23 16 12 18 28% 346836 326 11%
c u 99.21 166 19 44 21098  1 654518 94116 1.4 23 16 12 18 28% 346836 326 11%
c v 99.24 166 19 44 21098  1 654518 94106 1.4 23 16 12 18 28% 346836 326 11%
c w 99.27 166 19 44 21098  1 654518 94102 1.4 23 16 12 18 28% 346836 326 11%
c x 99.33 166 19 44 21098  1 654518 94102 1.4 23 16 12 18 28% 346833 326 11%
c B 100.68 166 19 44 21104  1 666079 100181 1.4 22 16 12 18 28% 346833 326 11%
c - 103.11 133 19 45 21105  1 685669 95715 1.4 22 16 12 18 28% 346833 326 11%
c p 103.13 133 19 45 21105  1 685669 95719 1.4 22 16 12 18 28% 346833 326 11%
c u 103.24 133 19 45 21105  1 685669 95701 1.4 22 16 12 18 28% 346833 326 11%
c v 103.29 133 19 45 21105  1 685669 95683 1.4 22 16 12 18 28% 346833 326 11%
c w 103.31 133 19 45 21105  1 685669 95679 1.4 22 16 12 18 28% 346833 326 11%
c x 103.38 133 19 45 21105  1 685669 95679 1.4 22 16 12 18 28% 346831 326 11%
c t 103.38 133 19 45 21105  1 685669 95678 1.4 22 16 12 18 28% 346831 326 11%
c ] 105.03 133 19 45 21106  1 701232 106222 1.4 23 16 12 18 28% 346831 326 11%
c { 105.03 133 15 45 21106  1 701232 106222 1.5 19 13 9 14 25% 346831 326 11%
c W 106.65 133 15 45 21303  1 703081 107304 1.5 19 13 9 14 25% 346831 326 11%
c - 108.91 167 15 46 22178  1 717551 100528 1.4 18 13 9 14 25% 346831 326 11%
c p 108.94 167 15 46 22178  1 717551 100530 1.4 18 13 9 14 25% 346831 326 11%
c 
c  seconds    reductions    conflicts          size   tier2        variables
c           MB      restarts       redundant      glue    trail        remaining
c            level        rate           size/glue  tier1   irredundant
c 
c u 109.06 167 15 46 22178  1 717551 100499 1.4 18 13 9 14 25% 346831 326 11%
c v 109.11 167 15 46 22178  1 717551 100478 1.4 18 13 9 14 25% 346831 326 11%
c w 109.13 167 15 46 22178  1 717551 100474 1.4 18 13 9 14 25% 346831 326 11%
c x 109.21 167 15 46 22178  1 717551 100474 1.4 18 13 9 14 25% 346826 326 11%
c s 109.36 167 15 46 22178  1 717761 100566 1.4 18 13 9 14 25% 346690 326 11%
c e 109.43 167 15 46 22178  1 717761 100566 1.4 18 13 9 14 25% 346687 324 11%
c s 109.51 167 15 46 22178  1 717761 100546 1.4 18 13 9 14 25% 346617 324 11%
c # 112.47 167 14 46 22557  1 741083 111888 1.4 18 12 9 14 24% 346617 324 11%
c - 113.92 133 14 47 23482  1 750166 105011 1.4 18 12 9 14 24% 346617 324 11%
c p 113.94 133 14 47 23482  1 750166 105013 1.4 18 12 9 14 24% 346617 324 11%
c u 114.08 133 14 47 23482  1 750166 104988 1.4 18 12 9 14 24% 346617 324 11%
c v 114.12 133 14 47 23482  1 750166 104972 1.4 18 12 9 14 24% 346617 324 11%
c w 114.14 133 14 47 23482  1 750166 104970 1.4 18 12 9 14 24% 346617 324 11%
c x 114.21 133 14 47 23482  1 750166 104970 1.4 18 12 9 14 24% 346617 324 11%
c B 118.80 133 14 47 25858  1 780084 122195 1.4 18 13 9 14 25% 346617 324 11%
c - 119.57 167 14 48 25999  1 783509 109972 1.5 18 13 9 14 25% 346617 324 11%
c p 119.60 167 14 48 25999  1 783509 109974 1.5 18 13 9 14 25% 346617 324 11%
c u 120.07 167 14 48 25999  1 783509 109942 1.5 18 13 9 14 25% 346617 324 11%
c v 120.12 167 14 48 25999  1 783509 109911 1.5 18 13 9 14 25% 346617 324 11%
c w 120.15 167 14 48 25999  1 783509 109909 1.5 18 13 9 14 25% 346617 324 11%
c 
c  seconds    reductions    conflicts          size   tier2        variables
c           MB      restarts       redundant      glue    trail        remaining
c            level        rate           size/glue  tier1   irredundant
c 
c x 120.23 167 14 48 25999  1 783509 109909 1.5 18 13 9 14 25% 346616 324 11%
c } 124.63 167 14 48 28097  1 812394 126309 1.5 18 13 9 14 25% 346616 324 11%
c [ 124.63 167 19 48 28097  1 812394 126309 1.4 23 16 12 18 28% 346616 324 11%
c - 125.35 133 18 49 28097  1 817584 115988 1.4 23 16 12 18 28% 346616 324 11%
c p 125.37 133 18 49 28097  1 817584 115989 1.4 23 16 12 18 28% 346616 324 11%
c u 125.50 133 18 49 28097  1 817584 115945 1.4 23 16 12 18 28% 346616 324 11%
c v 125.56 133 18 49 28097  1 817584 115939 1.4 23 16 12 18 28% 346616 324 11%
c w 125.59 133 18 49 28097  1 817584 115937 1.4 23 16 12 18 28% 346616 324 11%
c x 125.68 133 18 49 28097  1 817584 115937 1.4 23 16 12 18 28% 346614 324 11%
c W 127.16 133 19 49 28097  1 820086 117718 1.4 23 16 12 18 28% 346614 324 11%
c - 131.32 168 17 50 28098  1 852392 120714 1.4 21 14 12 18 27% 346614 324 11%
c p 131.35 168 17 50 28098  1 852392 120716 1.4 21 14 12 18 27% 346614 324 11%
c u 131.46 168 17 50 28098  1 852392 120702 1.4 21 14 12 18 27% 346614 324 11%
c v 131.50 168 17 50 28098  1 852392 120674 1.4 21 14 12 18 27% 346614 324 11%
c w 131.52 168 17 50 28098  1 852392 120670 1.4 21 14 12 18 27% 346614 324 11%
c x 131.58 168 17 50 28098  1 852392 120669 1.4 21 14 12 18 27% 346613 324 11%
c I 132.61 168 16 50 28098  1 861088 124985 1.4 20 14 11 18 26% 346613 324 11%
c - 136.24 133 16 51 28098  1 887936 124447 1.4 20 14 11 18 26% 346613 324 11%
c p 136.27 133 16 51 28098  1 887936 124450 1.4 20 14 11 18 26% 346613 324 11%
c u 136.41 133 16 51 28098  1 887936 124425 1.4 20 14 11 18 26% 346613 324 11%
c 
c  seconds    reductions    conflicts          size    tier2        variables
c           MB      restarts       redundant      glue     trail        remaining
c            level        rate           size/glue  tier1    irredundant
c 
c v 136.46 133 16 51 28098  1 887936 124419 1.4 20 14 11 18 26% 346613 324 11%
c w 136.49 133 16 51 28098  1 887936 124417 1.4 20 14 11 18 26% 346613 324 11%
c x 136.57 133 16 51 28098  1 887936 124416 1.4 20 14 11 18 26% 346610 324 11%
c s 138.10 133 16 51 28098  1 898900 130596 1.4 20 14 11 18 26% 346545 324 11%
c s 138.26 133 16 51 28098  1 898900 130569 1.4 20 14 11 18 26% 346472 324 11%
c B 138.93 133 16 51 28101  1 903092 133061 1.4 20 14 11 18 26% 346472 324 11%
c - 141.27 169 17 52 28112  1 924210 127148 1.4 21 15 11 18 27% 346472 324 11%
c p 141.29 169 17 52 28112  1 924210 127150 1.4 21 15 11 18 27% 346472 324 11%
c u 141.42 169 17 52 28112  1 924210 127130 1.4 21 15 11 18 27% 346472 324 11%
c v 141.47 169 17 52 28112  1 924210 127103 1.4 21 15 11 18 27% 346472 324 11%
c w 141.50 169 17 52 28112  1 924210 127099 1.4 21 15 11 18 27% 346472 324 11%
c x 141.58 169 17 52 28112  1 924210 127099 1.4 21 15 11 18 27% 346468 324 11%
c ] 141.61 169 17 52 28112  1 924237 127118 1.4 21 15 11 18 27% 346468 324 11%
c { 141.61 169 14 52 28112  1 924237 127118 1.5 18 13 9 14 25% 346468 324 11%
c W 145.61 169 14 52 29328  1 946093 139128 1.5 18 13 9 14 25% 346468 324 11%
c - 148.03 133 14 53 31023  1 961212 132504 1.4 18 13 9 14 25% 346468 324 11%
c p 148.06 133 14 53 31023  1 961212 132506 1.4 18 13 9 14 25% 346468 324 11%
c u 148.19 133 14 53 31023  1 961212 132471 1.4 18 13 9 14 25% 346468 324 11%
c v 148.25 133 14 53 31023  1 961212 132467 1.4 18 13 9 14 25% 346468 324 11%
c w 148.29 133 14 53 31023  1 961212 132467 1.4 18 13 9 14 25% 346468 324 11%
c 
c  seconds    reductions    conflicts          size   tier2        variables
c           MB      restarts       redundant      glue    trail        remaining
c            level        rate           size/glue  tier1   irredundant
c 
c x 148.37 133 14 53 31023  1 961212 132467 1.4 18 13 9 14 25% 346467 324 11%
c F 153.10 133 15 53 33298  1 990098 147372 1.4 18 13 9 14 25% 346467 324 11%
c - 154.78 170 15 54 34400  1 998949 138941 1.4 18 13 9 14 25% 346467 324 11%
c p 154.81 170 15 54 34400  1 998949 138943 1.4 18 13 9 14 25% 346467 324 11%
c u 154.95 170 15 54 34400  1 998949 138910 1.4 18 13 9 14 25% 346467 324 11%
c v 155.02 170 15 54 34400  1 998949 138903 1.4 18 13 9 14 25% 346467 324 11%
c w 155.06 170 15 54 34400  1 998949 138903 1.4 18 13 9 14 25% 346467 324 11%
c x 155.15 170 15 54 34400  1 998949 138903 1.4 18 13 9 14 25% 346466 324 11%
c B 161.15 170 14 54 35838  1 1035100 157548 1.4 18 13 9 14 25% 346466 324 11%
c - 161.65 133 14 55 36190  1 1037420 141204 1.4 18 13 9 14 25% 346466 324 11%
c p 161.68 133 14 55 36190  1 1037420 141206 1.4 18 13 9 14 25% 346466 324 11%
c u 161.84 133 14 55 36190  1 1037420 141169 1.4 18 13 9 14 25% 346466 324 11%
c v 161.92 133 14 55 36190  1 1037420 141168 1.4 18 13 9 14 25% 346466 324 11%
c w 161.95 133 14 55 36190  1 1037420 141164 1.4 18 13 9 14 25% 346466 324 11%
c x 162.05 133 14 55 36190  1 1037420 141163 1.4 18 13 9 14 25% 346463 324 11%
c } 163.09 133 15 55 36700  1 1042469 144468 1.4 18 13 9 14 25% 346463 324 11%
c [ 163.09 133 17 55 36700  1 1042469 144468 1.4 21 15 11 18 27% 346463 324 11%
c - 167.96 171 16 56 36715  1 1076626 145490 1.4 20 14 11 18 26% 346463 324 11%
c p 167.99 171 16 56 36715  1 1076626 145492 1.4 20 14 11 18 26% 346463 324 11%
c u 168.15 171 16 56 36715  1 1076626 145450 1.4 20 14 11 18 26% 346463 324 11%
c 
c  seconds    reductions     conflicts          size    tier2        variables
c           MB      restarts        redundant      glue     trail        remaining
c            level        rate            size/glue  tier1    irredundant
c 
c v 168.22 171 16 56 36715  1 1076626 145432 1.4 20 14 11 18 26% 346463 324 11%
c w 168.26 171 16 56 36715  1 1076626 145428 1.4 20 14 11 18 26% 346463 324 11%
c x 168.36 171 16 56 36715  1 1076626 145428 1.4 20 14 11 18 26% 346463 324 11%
c t 168.36 171 16 56 36715  1 1076626 145427 1.4 20 14 11 18 26% 346463 324 11%
c W 170.53 171 16 56 36716  1 1081102 148080 1.4 20 14 11 18 26% 346463 324 11%
c s 173.05 171 16 56 36717  1 1100153 157925 1.4 20 14 11 18 26% 346386 324 11%
c s 173.22 171 16 56 36717  1 1100153 157900 1.4 20 14 11 18 26% 346281 324 11%
c - 175.24 133 15 57 36726  1 1116564 153071 1.4 20 14 11 18 26% 346281 324 11%
c p 175.27 133 15 57 36726  1 1116564 153073 1.4 20 14 11 18 26% 346281 324 11%
c u 175.45 133 15 57 36726  1 1116564 153044 1.4 20 14 11 18 26% 346281 324 11%
c v 175.51 133 15 57 36726  1 1116564 153025 1.4 20 14 11 18 26% 346281 324 11%
c w 175.55 133 15 57 36726  1 1116564 153025 1.4 20 14 11 18 26% 346281 324 11%
c x 175.64 133 15 57 36726  1 1116564 153025 1.4 20 14 11 18 26% 346279 324 11%
c O 177.57 133 15 57 36732  1 1128105 159485 1.4 19 14 10 17 26% 346279 324 11%
c - 182.29 172 16 58 36746  1 1157229 158283 1.5 20 14 10 17 26% 346279 324 11%
c p 182.32 172 16 58 36746  1 1157229 158286 1.5 20 14 10 17 26% 346279 324 11%
c u 183.25 172 16 58 36746  1 1157229 158247 1.5 20 14 10 17 26% 346279 324 11%
c v 183.34 172 16 58 36746  1 1157229 158241 1.5 20 14 10 17 26% 346279 324 11%
c w 183.38 172 16 58 36746  1 1157229 158240 1.5 20 14 10 17 26% 346279 324 11%
c x 183.49 172 16 58 36746  1 1157229 158239 1.5 20 14 10 17 26% 346210 324 11%
c 
c  seconds    reductions     conflicts          size    tier2        variables
c           MB      restarts        redundant      glue     trail        remaining
c            level        rate            size/glue  tier1    irredundant
c 
c t 183.49 172 16 58 36746  1 1157229 158238 1.5 20 14 10 17 26% 346210 324 11%
c ] 184.72 172 16 58 36747  1 1164350 162043 1.5 20 14 10 17 26% 346210 324 11%
c { 184.72 172 15 58 36747  1 1164350 162043 1.4 18 13 9 14 25% 346210 324 11%
c W 187.91 172 14 58 37505  1 1176106 168464 1.4 18 13 9 14 25% 346210 324 11%
c - 192.55 133 14 59 39069  1 1198629 137015 1.4 18 13 8 14 25% 346210 324 11%
c p 192.59 133 14 59 39069  1 1198629 137017 1.4 18 13 8 14 25% 346210 324 11%
c u 192.80 133 14 59 39069  1 1198629 136949 1.4 18 13 8 14 25% 346210 324 11%
c v 192.89 133 14 59 39069  1 1198629 136932 1.4 18 13 8 14 25% 346210 324 11%
c w 192.94 133 14 59 39069  1 1198629 136928 1.4 18 13 8 14 25% 346210 324 11%
c x 193.08 133 14 59 39069  1 1198629 136927 1.4 18 13 8 14 25% 346150 324 11%
c # 197.13 133 14 59 39587  1 1225109 148884 1.4 17 12 8 14 25% 346150 324 11%
c - 199.70 169 13 60 40093  1 1240762 134546 1.4 17 12 8 14 25% 346150 324 11%
c p 199.73 169 13 60 40093  1 1240762 134549 1.4 17 12 8 14 25% 346150 324 11%
c u 199.89 169 13 60 40093  1 1240762 134449 1.4 17 12 8 14 25% 346150 324 11%
c v 199.95 169 13 60 40093  1 1240762 134396 1.4 17 12 8 14 25% 346150 324 11%
c w 199.99 169 13 60 40093  1 1240762 134393 1.4 17 12 8 14 25% 346150 324 11%
c x 200.08 169 13 60 40093  1 1240762 134393 1.4 17 12 8 14 25% 346080 324 11%
c B 205.87 169 14 60 42981  1 1275110 152328 1.4 17 12 8 13 25% 346080 324 11%
c - 207.57 133 14 61 44027  1 1283626 135259 1.4 17 12 8 13 25% 346080 324 11%
c p 207.60 133 14 61 44027  1 1283626 135262 1.4 17 12 8 13 25% 346080 324 11%
c 
c  seconds    reductions     conflicts          size   tier2        variables
c           MB      restarts        redundant      glue    trail        remaining
c            level        rate            size/glue  tier1   irredundant
c 
c u 207.77 133 14 61 44027  1 1283626 135212 1.4 17 12 8 13 25% 346080 324 11%
c v 207.84 133 14 61 44027  1 1283626 135177 1.4 17 12 8 13 25% 346080 324 11%
c w 207.88 133 14 61 44027  1 1283626 135173 1.4 17 12 8 13 25% 346080 324 11%
c x 207.99 133 14 61 44027  1 1283626 135173 1.4 17 12 8 13 25% 346037 324 11%
c } 211.07 133 14 61 45057  1 1303187 144740 1.4 17 12 8 13 25% 346037 324 11%
c [ 211.07 133 16 61 45057  1 1303187 144740 1.5 20 14 10 17 26% 346037 324 11%
c s 213.56 133 16 61 45058  1 1321513 155681 1.5 21 14 10 17 26% 345259 324 11%
c s 213.76 133 16 61 45058  1 1321513 155648 1.5 21 14 10 17 26% 344629 324 11%
c B 214.45 133 16 61 45059  1 1326113 158480 1.5 21 14 10 17 26% 344629 324 11%
c - 214.67 169 16 62 45059  1 1327221 137001 1.5 21 14 10 17 26% 344629 324 11%
c p 214.70 169 16 62 45059  1 1327221 137004 1.5 21 14 10 17 26% 344629 324 11%
c u 214.85 169 16 62 45059  1 1327221 136969 1.5 21 14 10 17 26% 344629 324 11%
c v 214.91 169 16 62 45059  1 1327221 136943 1.5 21 14 10 17 26% 344629 324 11%
c w 214.94 169 16 62 45059  1 1327221 136941 1.5 21 14 10 17 26% 344629 324 11%
c x 215.05 169 16 62 45059  1 1327221 136941 1.5 21 14 10 17 26% 344615 324 11%
c - 221.06 133 17 63 45068  1 1371498 136478 1.4 22 15 10 17 27% 344615 324 11%
c p 221.09 133 17 63 45068  1 1371498 136481 1.4 22 15 10 17 27% 344615 324 11%
c u 221.33 133 17 63 45068  1 1371498 136426 1.4 22 15 10 17 27% 344615 324 11%
c v 221.43 133 17 63 45068  1 1371498 136416 1.4 22 15 10 17 27% 344615 324 11%
c w 221.49 133 17 63 45068  1 1371498 136414 1.4 22 15 10 17 27% 344615 324 11%
c 
c  seconds    reductions     conflicts          size    tier2        variables
c           MB      restarts        redundant      glue     trail        remaining
c            level        rate            size/glue  tier1    irredundant
c 
c x 221.65 133 17 63 45068  1 1371498 136414 1.4 22 15 10 17 27% 344610 324 11%
c W 224.63 133 18 63 45073  1 1378115 140804 1.4 22 15 10 17 27% 344610 324 11%
c - 230.56 170 17 64 45089  1 1416507 140379 1.5 21 15 10 17 27% 344610 324 11%
c p 230.59 170 17 64 45089  1 1416507 140382 1.5 21 15 10 17 27% 344610 324 11%
c u 230.75 170 17 64 45089  1 1416507 140336 1.5 21 15 10 17 27% 344610 324 11%
c v 230.83 170 17 64 45089  1 1416507 140321 1.5 21 15 10 17 27% 344610 324 11%
c w 230.87 170 17 64 45089  1 1416507 140319 1.5 21 15 10 17 27% 344610 324 11%
c x 230.97 170 17 64 45089  1 1416507 140319 1.5 21 15 10 17 27% 344577 324 11%
c I 232.85 170 17 64 45090  1 1431116 149194 1.5 21 15 10 17 27% 344577 324 11%
c ] 236.22 170 16 64 45097  1 1452331 160861 1.5 21 14 10 17 27% 344577 324 11%
c { 236.22 170 14 64 45097  1 1452331 160861 1.4 17 12 8 13 25% 344577 324 11%
c - 238.23 133 14 65 45322  1 1462252 148512 1.4 17 12 8 13 25% 344577 324 11%
c p 238.26 133 14 65 45322  1 1462252 148514 1.4 17 12 8 13 25% 344577 324 11%
c u 238.44 133 14 65 45322  1 1462252 148470 1.4 17 12 8 13 25% 344577 324 11%
c v 238.52 133 14 65 45322  1 1462252 148462 1.4 17 12 8 13 25% 344577 324 11%
c w 238.57 133 14 65 45322  1 1462252 148460 1.4 17 12 8 13 25% 344577 324 11%
c x 238.68 133 14 65 45322  1 1462252 148460 1.4 17 12 8 13 25% 344563 324 11%
c t 238.69 133 14 65 45322  1 1462252 148459 1.4 17 12 8 13 25% 344563 324 11%
c W 243.38 133 13 65 46115  1 1485117 158862 1.4 17 12 8 13 25% 344563 324 11%
c - 247.03 171 13 66 48169  1 1508725 152728 1.4 17 12 8 13 26% 344563 324 11%
c 
c  seconds    reductions     conflicts          size   tier2        variables
c           MB      restarts        redundant      glue    trail        remaining
c            level        rate            size/glue  tier1   irredundant
c 
c p 247.07 171 13 66 48169  1 1508725 152733 1.4 17 12 8 13 26% 344563 324 11%
c u 247.24 171 13 66 48169  1 1508725 152685 1.4 17 12 8 13 26% 344563 324 11%
c v 247.31 171 13 66 48169  1 1508725 152644 1.4 17 12 8 13 26% 344563 324 11%
c w 247.35 171 13 66 48169  1 1508725 152637 1.4 17 12 8 13 26% 344563 324 11%
c x 247.47 171 13 66 48169  1 1508725 152637 1.4 17 12 8 13 26% 344397 324 11%
c F 252.40 171 13 66 49794  1 1540118 167592 1.4 17 11 8 13 26% 344397 324 11%
c - 254.81 133 13 67 50815  1 1555932 158208 1.4 17 11 8 13 25% 344397 324 11%
c p 254.85 133 13 67 50815  1 1555932 158211 1.4 17 11 8 13 25% 344397 324 11%
c u 255.04 133 13 67 50815  1 1555932 158140 1.4 17 11 8 13 25% 344397 324 11%
c v 255.13 133 13 67 50815  1 1555932 158062 1.4 17 11 8 13 25% 344397 324 11%
c w 255.18 133 13 67 50815  1 1555932 157876 1.4 17 11 8 13 25% 344397 324 11%
c x 255.31 133 13 67 50815  1 1555932 157873 1.4 17 11 8 13 25% 344380 324 11%
c s 256.74 133 13 67 51679  1 1562830 161580 1.4 17 12 8 13 26% 343948 324 11%
c s 256.97 133 13 67 51679  1 1562830 161547 1.4 17 12 8 13 26% 343093 324 11%
c B 262.96 133 13 67 53230  1 1596121 177314 1.4 16 11 8 13 25% 343093 324 11%
c - 264.37 172 13 68 54089  1 1603863 165908 1.5 17 11 8 13 25% 343093 324 11%
c p 264.40 172 13 68 54089  1 1603863 165910 1.5 17 11 8 13 25% 343093 324 11%
c u 264.62 172 13 68 54089  1 1603863 165862 1.5 17 11 8 13 25% 343093 324 11%
c v 264.70 172 13 68 54089  1 1603863 165854 1.5 17 11 8 13 25% 343093 324 11%
c w 264.74 172 13 68 54089  1 1603863 165829 1.5 17 11 8 13 25% 343093 324 11%
c 
c  seconds    reductions     conflicts          size   tier2        variables
c           MB      restarts        redundant      glue    trail        remaining
c            level        rate            size/glue  tier1   irredundant
c 
c x 264.84 172 13 68 54089  1 1603863 165827 1.5 17 11 8 13 25% 343062 324 11%
c t 264.85 172 13 68 54089  1 1603863 165827 1.5 17 11 8 13 25% 343060 324 11%
c } 266.42 172 13 68 55068  1 1614292 171216 1.5 17 11 8 13 26% 343060 324 11%
c [ 266.42 172 16 68 55068  1 1614292 171216 1.5 21 14 10 17 27% 343060 324 11%
c - 271.45 133 15 69 55087  1 1652474 172192 1.5 20 14 9 17 27% 343060 324 11%
c p 271.49 133 15 69 55087  1 1652474 172194 1.5 20 14 9 17 27% 343060 324 11%
c u 272.50 147 15 69 55087  1 1652474 172131 1.5 20 14 9 17 27% 343060 324 11%
c v 272.57 147 15 69 55087  1 1652474 172121 1.5 20 14 9 17 27% 343060 324 11%
c w 272.61 147 15 69 55087  1 1652474 172117 1.5 20 14 9 17 27% 343060 324 11%
c x 272.72 147 15 69 55087  1 1652474 172115 1.5 20 14 9 17 27% 343033 324 11%
c t 272.72 147 15 69 55087  1 1652474 172114 1.5 20 14 9 17 27% 343033 324 11%
c B 272.83 147 15 69 55088  1 1653124 172527 1.5 20 14 9 17 27% 343033 324 11%
c - 279.00 155 15 70 55093  1 1701820 178108 1.5 20 14 9 17 27% 343033 324 11%
c p 279.04 155 15 70 55093  1 1701820 178111 1.5 20 14 9 17 27% 343033 324 11%
c u 279.21 155 15 70 55093  1 1701820 178066 1.5 20 14 9 17 27% 343033 324 11%
c v 279.29 155 15 70 55093  1 1701820 178065 1.5 20 14 9 17 27% 343033 324 11%
c w 279.32 155 15 70 55093  1 1701820 178054 1.5 20 14 9 17 27% 343033 324 11%
c x 279.42 155 15 70 55093  1 1701820 178054 1.5 20 14 9 17 27% 342986 324 11%
c t 279.43 155 15 70 55093  1 1701820 178054 1.5 20 14 9 17 27% 342984 324 11%
c W 282.77 155 15 70 55093  1 1711128 183373 1.5 20 14 9 16 27% 342984 324 11%
c 
c  seconds    reductions     conflicts          size   tier2        variables
c           MB      restarts        redundant      glue    trail        remaining
c            level        rate            size/glue  tier1   irredundant
c 
c - 288.06 115 16 71 55094  1 1751893 178866 1.4 21 15 9 16 27% 342984 324 11%
c p 288.10 115 16 71 55094  1 1751893 178869 1.4 21 15 9 16 27% 342984 324 11%
c u 288.28 115 16 71 55094  1 1751893 178820 1.4 21 15 9 16 27% 342984 324 11%
c v 288.36 115 16 71 55094  1 1751893 178796 1.4 21 15 9 16 27% 342984 324 11%
c w 288.41 115 16 71 55094  1 1751893 178790 1.4 21 15 9 16 27% 342984 324 11%
c x 288.52 115 16 71 55094  1 1751893 178787 1.4 21 15 9 16 27% 342962 324 11%
c t 288.52 115 16 71 55094  1 1751893 178787 1.4 21 15 9 16 27% 342959 324 11%
c O 291.30 115 16 71 55094  1 1770130 189786 1.4 21 15 9 16 27% 342959 324 11%
c ] 293.68 115 16 71 55095  1 1786986 199567 1.4 21 14 9 16 27% 342959 324 11%
c { 293.68 115 13 71 55095  1 1786986 199567 1.5 17 11 8 13 26% 342959 324 11%
c - 296.85 116 13 72 55887  1 1802695 182267 1.5 17 11 8 13 26% 342959 324 11%
c p 296.88 116 13 72 55887  1 1802695 182270 1.5 17 11 8 13 26% 342959 324 11%
c u 297.09 116 13 72 55887  1 1802695 182150 1.5 17 11 8 13 26% 342959 324 11%
c v 297.20 116 13 72 55887  1 1802695 182137 1.5 17 11 8 13 26% 342959 324 11%
c w 297.26 116 13 72 55887  1 1802695 182119 1.5 17 11 8 13 26% 342959 324 11%
c x 297.38 116 13 72 55887  1 1802695 182115 1.5 17 11 8 13 26% 342929 324 11%
c t 297.38 116 13 72 55887  1 1802695 182115 1.5 17 11 8 13 26% 342928 324 11%
c s 301.63 140 12 72 55993  1 1824089 191068 1.5 16 11 8 13 26% 339946 324 11%
c t 301.64 140 12 72 55993  1 1824089 191067 1.5 16 11 8 13 26% 339946 324 11%
c s 301.89 140 12 72 55993  1 1824089 191037 1.5 16 11 8 13 26% 337134 324 11%
c 
c  seconds    reductions     conflicts          size   tier2        variables
c           MB      restarts        redundant      glue    trail        remaining
c            level        rate            size/glue  tier1   irredundant
c 
c i 302.36 140 12 72 55993  1 1826229 191769 1.5 16 11 8 13 26% 337134 321 11%
c i 302.80 140 12 72 56015  1 1828882 192746 1.5 16 11 8 13 26% 337134 320 11%
c W 304.33 108 12 72 56146  1 1830132 139158 1.5 16 11 8 13 26% 291225 320 11%
c i 305.80 108 12 72 56177  1 1837543 142013 1.5 15 10 8 13 26% 291225 319 11%
c i 306.61 108 12 72 56195  1 1841584 143522 1.5 15 10 7 13 25% 291225 317 11%
c i 306.83 108 11 72 56195  1 1842606 143782 1.5 15 10 7 13 25% 291225 316 11%
c i 307.24 108 11 72 56195  1 1844786 144472 1.5 15 10 7 13 25% 291225 315 11%
c i 307.46 108 11 72 56218  1 1846008 144878 1.5 15 10 7 13 25% 291225 314 11%
c i 307.66 108 11 72 56218  1 1847261 145230 1.5 15 10 7 13 25% 291225 313 11%
c i 308.02 108 11 72 56229  1 1849650 146179 1.5 15 10 7 13 25% 291225 312 11%
c i 308.21 108 11 72 56229  1 1850972 146615 1.5 15 10 7 13 25% 291225 304 10%
c i 308.30 108 11 72 56229  1 1851700 146871 1.5 15 10 7 13 25% 291225 301 10%
c i 308.30 108 11 72 56229  1 1851706 146872 1.5 15 10 7 13 25% 291225 298 10%
c i 308.34 108 11 72 56229  1 1851972 146944 1.5 15 10 7 13 25% 291225 296 10%
c i 308.34 108 11 72 56229  1 1851992 146951 1.5 15 10 7 13 25% 291225 295 10%
c i 308.34 108 11 72 56229  1 1851997 146954 1.5 15 10 7 13 25% 291225 294 10%
c i 308.35 108 11 72 56229  1 1852044 146967 1.5 15 10 7 13 25% 291225 292 10%
c i 308.35 108 11 72 56229  1 1852059 146971 1.5 15 10 7 13 25% 291225 290 10%
c i 308.35 108 11 72 56229  1 1852060 146971 1.5 15 10 7 13 25% 291225 289 10%
c } 308.36 108 11 72 56229  1 1852110 146986 1.5 15 10 7 13 25% 291225 259  9%
c 
c  seconds    reductions     conflicts          size   tier2        variables
c           MB      restarts        redundant      glue    trail        remaining
c            level        rate            size/glue  tier1   irredundant
c 
c 0 308.36 108 11 72 56229  1 1852110 146986 1.5 15 10 7 13 25% 291225 259  9%
c 
c --- [ closing proof ] ------------------------------------------------------
c 
c LRAT proof file '/root/earth-moon/lean/data/a4_m04c/leaf11.lrat' closed
c LRAT 2405599 added clauses 50.91%
c LRAT 2319898 deleted clauses 49.09%
c LRAT 516504174 bytes (492.58 MB)
c 
c --- [ result ] -------------------------------------------------------------
c 
s UNSATISFIABLE
c 
c --- [ run-time profiling ] -------------------------------------------------
c 
c process time taken by individual solving procedures
c (percentage relative to process time for solving)
c 
c       284.19   92.25% search
c       149.84   48.64% unstable
c       118.91   38.60% stable
c        23.88    7.75% simplify
c        15.39    5.00% walk
c        14.88    4.83% vivify
c         3.50    1.14% sweep
c         2.12    0.69% subsume
c         1.21    0.39% elim
c         0.87    0.28% probe
c         0.38    0.12% ternary
c         0.29    0.09% parse
c         0.26    0.09% congruence
c         0.05    0.02% lucky
c         0.00    0.00% backbone
c   =================================
c       308.07   99.91% solve
c 
c last line shows process time for solving
c (percentage relative to total process time)
c 
c --- [ statistics ] ---------------------------------------------------------
c 
c chronological:            183579         9.91 %  of conflicts
c conflicts:               1852110      6012.00    per second
c backbone:                 121659      4104.55 %  of vars
c decisions:               2093871      6796.76    per second
c eliminated:                 2106        71.05 %  of all variables
c fixed:                       597        20.14 %  of all variables
c learned:                 1823792        98.47 %  per conflict
c learned_lits:           54080018       100.00 %  learned literals
c minimized:                     0         0.00 %  learned literals
c shrunken:               16003357        29.59 %  learned literals
c minishrunken:            2637425         4.88 %  learned literals
c otfs:                       5635         0.30 %  of conflict
c propagations:           25791444         0.08 M  per second
c reduced:                  837568        45.22 %  per conflict
c rephased:                     60     30868.50    interval
c restarts:                  56229        32.94    interval
c stabilizing:                  13        50.28 %  of conflicts
c substituted:                   1         0.03 %  of all variables
c subsumed:                 796227        36.50 %  of all clauses
c strengthened:              93527         4.29 %  of all clauses
c ticks:               19707991152       772.45    propagation
c vivified:                   5333         0.24 %  of all clauses
c walked:                       19     97479.47    interval
c weakened:                   4712         2.48    average size
c congruence:                   11    168373.64    interval
c 
c seconds are measured in process time for solving
c 
c --- [ glue usage ] ---------------------------------------------------------
c 
c focused glue 7 used 156346 clauses 6.623% accumulated 51.46% tier1
c focused glue 8 used 157490 clauses 6.672% accumulated 58.13%
c focused glue 9-11 used 441073 clauses 18.68% accumulated 76.81%
c focused glue 12 used 130435 clauses 5.525% accumulated 82.34%
c focused glue 13 used 109665 clauses 4.645% accumulated 86.99% tier2
c 
c stable glue 9 used 122008 clauses 4.915% accumulated 51.27% tier1
c stable glue 10 used 121768 clauses 4.906% accumulated 56.17%
c stable glue 11-14 used 520872 clauses 20.98% accumulated 77.16%
c stable glue 15 used 107986 clauses 4.350% accumulated 81.51%
c stable glue 16 used 93779 clauses 3.778% accumulated 85.29% tier2
c 
c 
c --- [ resources ] ----------------------------------------------------------
c 
c total process time since initialization:       308.36    seconds
c total real time since initialization:          308.38    seconds
c maximum resident set size of process:          193.81    MB
c 
c --- [ shutting down ] ------------------------------------------------------
c 
c exit 20
