c --- [ banner ] -------------------------------------------------------------
c 
c CaDiCaL SAT Solver
c Copyright (c) 2016-2026
c A. Biere, M. Fleury, N. Froleyks, K. Fazekas, F. Pollitt, T. Faller
c JKU Linz, University of Freiburg, TU Wien
c 
c Version 3.0.1 c60730422e758ef1cebe7aeddf2dda31c996bf04
c g++ (Ubuntu 13.3.0-6ubuntu2~24.04.1) 13.3.0 -Wall -Wextra -O3 -DNDEBUG
c Fri Oct 2 18:00:09 UTC 2026 Linux ai-math 6.8.0-139-generic x86_64
c 
c --- [ proof tracing ] ------------------------------------------------------
c 
c opening file to write '/root/earth-moon/lean/data/a4_m04c/leaf14.lrat'
c writing non-binary proof trace to '/root/earth-moon/lean/data/a4_m04c/leaf14.lrat'
c 
c --- [ parsing input ] ------------------------------------------------------
c 
c reading DIMACS file from '/root/earth-moon/lean/data/a4_m04c/leaf14.cnf'
c opening file to read '/root/earth-moon/lean/data/a4_m04c/leaf14.cnf'
c found 'p cnf 2964 318501' header
c parsed 318501 clauses in 0.23 seconds process time
c 
c --- [ options ] ------------------------------------------------------------
c 
c   --binary=false                 (different from default 'true')
c   --lrat=true                    (different from default 'false')
c 
c --- [ solving ] ------------------------------------------------------------
c 
c time measured in process time since initialization
c 
c  seconds  reduction conflicts       size tier2       variables
c         MB    restarts   redundant    glue  trail         remaining
c          level     rate       size/glu tier1  irredundant
c 
c *  0.23 45  0 0   0  0    0    0 0.0 0 0 2 6  0% 318354 2923 99%
c )  0.29 65  0 0   0  0    0    0 0.0 0 0 2 6  0% 318354 2923 99%
c {  0.29 65  0 0   0  0    0    0 0.0 0 0 2 6  0% 318354 2923 99%
c i  0.32 66 1338 0   0 29  114   67 1.6 12 8 2 6 52% 318316 2922 99%
c i  0.32 66 1336 0   0 29  116   68 1.6 11 7 2 6 52% 318316 2921 99%
c i  0.32 66 1330 0   0 28  122   71 1.5 11 7 2 6 52% 318314 2920 99%
c i  0.32 66 1327 0   0 27  125   72 1.5 11 7 2 6 52% 318313 2919 98%
c i  0.32 66 1326 0   0 27  126   72 1.5 11 7 2 6 52% 318313 2914 98%
c i  0.32 66 1325 0   0 27  127   72 1.5 11 7 2 6 52% 318313 2913 98%
c i  0.36 69 1080 0   8 18  223  143 2.0 15 7 2 6 46% 318294 2907 98%
c i  0.36 69 1070 0   8 18  225  143 2.0 15 7 2 6 45% 318293 2906 98%
c i  0.36 69 1041 0   8 17  232  144 2.0 14 7 2 6 44% 318290 2903 98%
c i  0.36 69 1036 0   8 17  233  144 2.0 14 7 2 6 44% 318290 2902 98%
c -  0.39 70 824 1   9 14  300  106 1.9 14 7 2 6 38% 318237 2902 98%
c i  0.40 62 691 1  21 13  366  128 1.8 14 8 2 6 34% 318203 2901 98%
c i  0.40 62 678 1  22 13  373  129 1.8 14 8 2 6 33% 318198 2899 98%
c -  0.74 95 281 2 160 10  950  232 1.4 18 13 2 6 21% 318009 2899 98%
c }  0.76 95 267 2 175 10 1004  276 1.4 18 13 2 6 21% 318000 2899 98%
c [  0.76 95  0 2 175  0 1004  276 0.0 0 0 2 6  0% 318000 2899 98%
c O  0.76 95  6 2 175  7 1005  277 2.5 5 2 2 6 24% 318000 2899 98%
c 
c  seconds  reduction conflicts       size tier2       variables
c         MB    restarts   redundant    glue  trail         remaining
c          level     rate       size/glu tier1  irredundant
c 
c i  0.77 95  4 2 175  1 1095  311 1.5 5 3 2 6 19% 317997 2886 97%
c -  1.06 89 30 3 176  1 2106  406 1.8 25 14 2 6 30% 317583 2886 97%
c ]  1.11 89 30 3 176  1 2266  545 1.8 26 14 2 6 29% 317574 2886 97%
c {  1.11 89 267 3 176 10 2266  545 1.4 18 13 2 6 21% 317574 2886 97%
c i  1.26 89 223 3 229  9 2496  698 1.4 19 14 2 6 20% 317527 2885 97%
c i  1.27 89 221 3 232  9 2516  706 1.4 19 14 2 6 20% 317522 2843 96%
c i  1.27 89 220 3 232  9 2517  706 1.4 19 14 2 6 20% 317522 2836 96%
c i  1.27 89 217 3 232  9 2544  718 1.4 19 14 2 6 20% 317512 2832 96%
c i  1.30 89 175 3 234  8 2874  949 1.4 19 14 2 6 20% 317509 2797 94%
c O  1.32 89 163 3 243  7 3006 1037 1.4 19 14 2 6 20% 317508 2797 94%
c 2  1.33 89 161 3 243  7 3028 1053 1.4 19 14 2 6 20% 317505 2787 94%
c d  1.34 89 161 3 243  7 3028 1035 1.4 19 14 2 6 20% 317391 2786 94%
c p  1.35 89 161 3 243  7 3028 1038 1.4 19 14 2 6 20% 317391 2786 94%
c t  1.48 96 161 3 243  7 3028 1035 1.4 19 14 2 6 20% 317392 2772 94%
c -  1.58 89 117 4 248  5 3828  766 1.5 18 12 2 6 21% 317390 2772 94%
c i  1.64 89 105 4 250  5 4180 1024 1.5 18 12 2 6 21% 317364 2766 93%
c i  1.73 89 100 4 280  5 4360 1162 1.5 19 12 2 6 21% 317356 2765 93%
c i  1.93 89 85 4 340  4 5070 1671 1.5 18 12 5 14 21% 317319 2727 92%
c 2  2.12 89 78 4 407  4 5528 2035 1.5 19 13 4 14 21% 317316 2713 92%
c #  2.28 89 72 4 454  4 6008 2400 1.5 19 13 4 14 21% 317313 2713 92%
c 
c  seconds   reduction conflicts       size   tier2        variables
c          MB    restarts   redundant     glue    trail         remaining
c           level     rate       size/glue  tier1   irredundant
c 
c -  2.40 112 71 5 458  4 6149 2035 1.5 19 13 4 15 21% 317241 2713 92%
c i  2.48 112 69 5 490  4 6298 2156 1.5 19 13 4 15 21% 317238 2668 90%
c }  2.77 112 63 5 604  4 7053 2712 1.5 19 13 4 14 20% 317235 2668 90%
c [  2.77 112 30 5 604  1 7053 2712 1.8 26 14 2 6 29% 317235 2668 90%
c 2  2.98 112 28 5 605  1 8132 3419 1.5 26 17 2 6 25% 317224 2656 90%
c -  3.35 112 26 6 605  1 9091 2697 1.4 25 18 2 6 12% 317157 2656 90%
c I  3.51 112 26 6 605  1 10010 3233 1.4 25 18 7 20 11% 317157 2656 90%
c 2  3.71 112 25 6 606  1 10830 3820 1.4 24 17 7 20 12% 317155 2649 89%
c u  3.77 112 25 6 606  1 10830 3761 1.4 24 17 7 20 12% 317155 2649 89%
c v  3.79 112 25 6 606  1 10830 3754 1.4 24 17 7 20 12% 317155 2649 89%
c w  3.80 112 25 6 606  1 10830 3747 1.4 24 17 7 20 12% 317155 2649 89%
c x  3.82 112 25 6 606  1 10830 3747 1.4 24 17 7 20 12% 317155 2649 89%
c t  3.83 112 25 6 606  1 10830 3745 1.4 24 17 7 20 12% 317155 2649 89%
c -  4.09 113 24 7 608  1 12668 3265 1.4 23 17 7 20 12% 317141 2649 89%
c ]  4.22 113 24 7 608  1 13408 3755 1.4 23 16 8 19 12% 317141 2649 89%
c {  4.22 113 63 7 608  4 13408 3755 1.5 19 13 4 14 23% 317141 2649 89%
c s  4.31 113 62 7 631  4 13535 3803 1.5 19 13 4 14 23% 317128 2649 89%
c t  4.31 113 62 7 631  4 13535 3803 1.5 19 13 4 14 23% 317109 2649 89%
c e  4.37 113 62 7 631  4 13535 3567 1.5 19 13 4 14 23% 312897 329 11%
c s  4.39 113 62 7 631  4 13535 3560 1.5 19 13 4 14 23% 312896 329 11%
c 
c  seconds   reductions conflicts       size   tier2        variables
c          MB    restarts    redundant     glue    trail        remaining
c           level     rate        size/glue  tier1   irredundant
c 
c 2  4.52 113 61 7 651  4 13614 3627 1.5 19 13 4 14 25% 312896 329 11%
c B  4.75 113 53 7 762  3 15011 4654 1.5 19 13 4 14 30% 312896 329 11%
c -  5.14 113 46 8 895  3 16891 4559 1.5 19 13 4 14 30% 312896 329 11%
c W  6.37 113 38 8 1349  3 21012 7654 1.4 19 13 4 14 29% 312915 329 11%
c -  6.48 136 36 9 1356  3 21749 6316 1.4 19 13 5 15 29% 312915 329 11%
c p  6.50 136 36 9 1356  3 21749 6323 1.4 19 13 5 15 29% 312915 329 11%
c -  6.97 113 30 10 1374  2 27262 8451 1.5 19 12 5 15 31% 312915 329 11%
c u  7.03 113 30 10 1374  2 27262 8381 1.5 19 12 5 15 31% 312915 329 11%
c v  7.05 113 30 10 1374  2 27262 8374 1.5 19 12 5 15 31% 312915 329 11%
c w  7.05 113 30 10 1374  2 27262 8373 1.5 19 12 5 15 31% 312915 329 11%
c x  7.08 113 30 10 1374  2 27262 8373 1.5 19 12 5 15 31% 312915 329 11%
c F  7.25 113 30 10 1476  2 28015 8937 1.5 19 12 5 15 31% 312915 329 11%
c }  7.28 113 30 10 1481  2 28158 9040 1.5 19 12 5 15 31% 312915 329 11%
c [  7.28 113 24 10 1481  1 28158 9040 1.4 23 16 8 19 95% 312915 329 11%
c -  7.82 137 22 11 1483  1 33433 10453 1.5 22 15 8 19 63% 312915 329 11%
c p  7.82 137 22 11 1483  1 33433 10457 1.5 22 15 8 19 63% 312915 329 11%
c B  8.11 137 22 11 1485  1 36017 12419 1.5 23 16 8 19 56% 312915 329 11%
c -  8.59 113 22 12 1488  1 40268 10693 1.5 22 15 4 17 50% 312915 329 11%
c p  8.60 113 22 12 1488  1 40268 10694 1.5 22 15 4 17 50% 312915 329 11%
c W  9.52 113 21 12 1489  1 45020 14167 1.5 22 15 4 17 45% 312916 329 11%
c 
c  seconds   reductions   conflicts        size   tier2        variables
c          MB     restarts      redundant     glue    trail        remaining
c           level       rate         size/glue  tier1   irredundant
c 
c -  9.82 137 22 13 1490  1 47770 11217 1.5 22 15 4 17 43% 312916 329 11%
c u  9.89 137 22 13 1490  1 47770 11167 1.5 22 15 4 17 43% 312916 329 11%
c v  9.92 137 22 13 1490  1 47770 11160 1.5 22 15 4 17 43% 312916 329 11%
c w  9.93 137 22 13 1490  1 47770 11158 1.5 22 15 4 17 43% 312916 329 11%
c x  9.97 137 22 13 1490  1 47770 11158 1.5 22 15 4 17 43% 312916 329 11%
c ] 10.01 137 22 13 1490  1 47873 11231 1.5 22 15 4 17 43% 312916 329 11%
c { 10.01 137 30 13 1490  2 47873 11231 1.5 19 12 5 15 31% 312916 329 11%
c s 11.04 137 27 13 1803  2 53111 14986 1.5 18 12 5 15 30% 312891 329 11%
c s 11.11 137 27 13 1803  2 53111 14981 1.5 18 12 5 15 30% 312884 329 11%
c B 11.72 137 26 13 2113  2 55023 16363 1.5 18 12 5 15 30% 312884 329 11%
c - 11.93 113 26 14 2187  2 55941 13233 1.5 18 12 5 15 30% 312884 329 11%
c p 11.94 113 26 14 2187  2 55941 13243 1.5 18 12 5 15 30% 312884 329 11%
c - 13.66 137 23 15 2805  2 64781 15112 1.5 18 12 5 15 29% 312884 329 11%
c p 13.68 137 23 15 2805  2 64781 15118 1.5 18 12 5 15 29% 312884 329 11%
c u 13.74 137 23 15 2805  2 64781 14986 1.5 18 12 5 15 29% 312884 329 11%
c v 13.76 137 23 15 2805  2 64781 14979 1.5 18 12 5 15 29% 312884 329 11%
c w 13.77 137 23 15 2805  2 64781 14976 1.5 18 12 5 15 29% 312884 329 11%
c x 13.80 137 23 15 2805  2 64781 14975 1.5 18 12 5 15 29% 312884 329 11%
c W 14.29 137 23 15 2913  2 66025 15837 1.5 18 12 5 15 29% 312884 329 11%
c } 15.08 137 23 15 3362  2 69834 18738 1.5 18 12 5 15 29% 312884 329 11%
c 
c  seconds   reductions   conflicts        size   tier2        variables
c          MB     restarts      redundant     glue    trail        remaining
c           level       rate         size/glue  tier1   irredundant
c 
c [ 15.08 137 22 15 3362  1 69834 18738 1.5 22 15 4 17 43% 312884 329 11%
c - 15.64 113 21 16 3362  1 74296 16751 1.5 22 15 5 17 41% 312884 329 11%
c p 15.65 113 21 16 3362  1 74296 16763 1.5 22 15 5 17 41% 312884 329 11%
c O 15.99 113 22 16 3365  1 78026 19891 1.5 22 15 5 17 40% 312884 329 11%
c - 16.64 137 23 17 3369  1 84485 17082 1.4 23 16 5 17 39% 312884 329 11%
c p 16.65 137 23 17 3369  1 84485 17087 1.4 23 16 5 17 39% 312884 329 11%
c u 16.89 137 23 17 3369  1 84485 17072 1.4 23 16 5 17 39% 312884 329 11%
c v 16.92 137 23 17 3369  1 84485 17066 1.4 23 16 5 17 39% 312884 329 11%
c w 16.93 137 23 17 3369  1 84485 17061 1.4 23 16 5 17 39% 312884 329 11%
c x 16.97 137 23 17 3369  1 84485 17061 1.4 23 16 5 17 39% 312884 329 11%
c B 17.76 137 23 17 3372  1 91030 21797 1.4 23 16 5 17 37% 312884 329 11%
c - 18.50 113 23 18 3375  1 95351 16059 1.4 23 16 5 17 37% 312884 329 11%
c 2 18.50 113 23 18 3375  1 95351 16059 1.4 23 16 5 17 37% 312884 328 11%
c p 18.51 113 23 18 3375  1 95351 16067 1.4 23 16 5 17 37% 312884 328 11%
c ] 19.12 113 22 18 3377  1 101144 20338 1.4 23 16 5 17 36% 312884 328 11%
c { 19.12 113 23 18 3377  2 101144 20338 1.5 18 12 5 15 29% 312884 328 11%
c # 19.84 113 22 18 3577  2 105034 22941 1.5 18 12 5 15 29% 312884 328 11%
c - 20.39 114 22 19 3723  2 106894 15815 1.5 18 12 5 15 29% 312155 328 11%
c 2 20.39 114 22 19 3723  2 106894 15814 1.5 18 12 5 15 29% 312154 328 11%
c p 20.40 114 22 19 3723  2 106894 15821 1.5 18 12 5 15 29% 312154 328 11%
c 
c  seconds   reductions   conflicts         size   tier2        variables
c          MB     restarts       redundant     glue    trail        remaining
c           level       rate          size/glue  tier1   irredundant
c 
c u 20.48 114 22 19 3723  2 106894 15758 1.5 18 12 5 15 29% 312154 328 11%
c v 20.51 114 22 19 3723  2 106894 15733 1.5 18 12 5 15 29% 312154 328 11%
c w 20.53 114 22 19 3723  2 106894 15729 1.5 18 12 5 15 29% 312154 328 11%
c x 20.57 114 22 19 3723  2 106894 15729 1.5 18 12 5 15 29% 312154 328 11%
c s 21.31 114 21 19 3774  2 112471 19528 1.5 18 12 5 15 28% 312148 328 11%
c e 21.36 114 21 19 3774  2 112471 19457 1.5 18 12 5 15 28% 312146 326 11%
c s 21.39 114 21 19 3774  2 112471 19454 1.5 18 12 5 15 28% 312137 326 11%
c - 22.74 139 20 20 4171  2 119107 19976 1.5 18 12 5 15 28% 312137 326 11%
c p 22.75 139 20 20 4171  2 119107 19983 1.5 18 12 5 15 28% 312137 326 11%
c B 22.97 139 20 20 4223  2 120036 20516 1.5 18 12 5 15 28% 312137 326 11%
c - 25.63 139 19 21 4967  2 131998 22548 1.5 18 12 5 15 28% 312137 326 11%
c p 25.64 139 19 21 4967  2 131998 22556 1.5 18 12 5 15 28% 312137 326 11%
c u 25.75 139 19 21 4967  2 131998 22427 1.5 18 12 5 15 28% 312137 326 11%
c v 25.79 139 19 21 4967  2 131998 22422 1.5 18 12 5 15 28% 312137 326 11%
c w 25.81 139 19 21 4967  2 131998 22422 1.5 18 12 5 15 28% 312137 326 11%
c x 25.86 139 19 21 4967  2 131998 22419 1.5 18 12 5 15 28% 312133 326 11%
c W 27.78 139 19 21 5498  2 136037 25359 1.5 18 12 5 15 28% 312133 326 11%
c } 28.06 139 19 21 5613  2 136691 25840 1.5 18 12 5 12 28% 312133 326 11%
c [ 28.06 139 22 21 5613  1 136691 25840 1.4 23 16 5 17 36% 312133 326 11%
c - 29.55 139 22 22 5614  1 145570 19663 1.4 23 16 5 17 35% 312133 326 11%
c 
c  seconds   reductions   conflicts         size   tier2        variables
c          MB     restarts       redundant     glue    trail        remaining
c           level       rate          size/glue  tier1   irredundant
c 
c p 29.56 139 22 22 5614  1 145570 19671 1.4 23 16 5 17 35% 312133 326 11%
c u 29.63 139 22 22 5614  1 145570 19656 1.4 23 16 5 17 35% 312133 326 11%
c v 29.66 139 22 22 5614  1 145570 19654 1.4 23 16 5 17 35% 312133 326 11%
c w 29.67 139 22 22 5614  1 145570 19654 1.4 23 16 5 17 35% 312133 326 11%
c x 29.71 139 22 22 5614  1 145570 19654 1.4 23 16 5 17 35% 312132 326 11%
c W 30.76 139 22 22 5614  1 153038 24956 1.4 23 16 5 17 33% 312132 326 11%
c - 31.46 139 22 23 5614  1 159824 17060 1.4 23 16 5 17 32% 312132 326 11%
c p 31.47 139 22 23 5614  1 159824 17067 1.4 23 16 5 17 32% 312132 326 11%
c I 32.96 139 22 23 5621  1 171039 25155 1.4 23 16 5 17 32% 312132 326 11%
c - 33.50 139 21 24 5622  1 174760 16792 1.4 23 16 5 17 31% 312132 326 11%
c p 33.51 139 21 24 5622  1 174760 16800 1.4 23 16 5 17 31% 312132 326 11%
c u 33.59 139 21 24 5622  1 174760 16772 1.4 23 16 5 17 31% 312132 326 11%
c v 33.62 139 21 24 5622  1 174760 16764 1.4 23 16 5 17 31% 312132 326 11%
c w 33.63 139 21 24 5622  1 174760 16762 1.4 23 16 5 17 31% 312132 326 11%
c x 33.66 139 21 24 5622  1 174760 16757 1.4 23 16 5 17 31% 312121 326 11%
c ] 34.57 139 21 24 5628  1 182902 21431 1.4 23 16 5 17 31% 312121 326 11%
c { 34.57 139 19 24 5628  2 182902 21431 1.5 18 12 5 12 28% 312121 326 11%
c F 35.76 139 18 24 6081  2 190040 25990 1.5 18 12 5 12 27% 312121 326 11%
c - 35.86 139 18 25 6081  2 190378 18288 1.5 18 12 5 12 27% 312121 326 11%
c p 35.87 139 18 25 6081  2 190378 18296 1.5 18 12 5 12 27% 312121 326 11%
c 
c  seconds   reductions   conflicts         size   tier2        variables
c          MB     restarts       redundant     glue    trail        remaining
c           level       rate          size/glue  tier1   irredundant
c 
c u 35.93 139 18 25 6081  2 190378 18271 1.5 18 12 5 12 27% 312121 326 11%
c v 35.95 139 18 25 6081  2 190378 18268 1.5 18 12 5 12 27% 312121 326 11%
c w 35.96 139 18 25 6081  2 190378 18268 1.5 18 12 5 12 27% 312121 326 11%
c x 35.98 139 18 25 6081  2 190378 18268 1.5 18 12 5 12 27% 312121 326 11%
c s 36.33 139 18 25 6259  2 191696 19175 1.5 18 12 5 12 27% 312101 326 11%
c s 36.41 139 18 25 6259  2 191696 19158 1.5 18 12 5 12 27% 312057 326 11%
c - 38.92 139 18 26 7162  2 206679 22431 1.5 18 12 5 12 27% 312057 326 11%
c p 38.93 139 18 26 7162  2 206679 22439 1.5 18 12 5 12 27% 312057 326 11%
c u 38.99 139 18 26 7162  2 206679 22395 1.5 18 12 5 12 27% 312057 326 11%
c v 39.02 139 18 26 7162  2 206679 22393 1.5 18 12 5 12 27% 312057 326 11%
c w 39.03 139 18 26 7162  2 206679 22391 1.5 18 12 5 12 27% 312057 326 11%
c x 39.06 139 18 26 7162  2 206679 22391 1.5 18 12 5 12 27% 312057 326 11%
c B 39.81 139 18 26 7620  2 210041 24739 1.5 18 12 5 12 27% 312057 326 11%
c - 41.93 139 17 27 8233  2 223662 25959 1.5 18 12 5 12 26% 312057 326 11%
c p 41.94 139 17 27 8233  2 223662 25967 1.5 18 12 5 12 26% 312057 326 11%
c u 42.00 139 17 27 8233  2 223662 25819 1.5 18 12 5 12 26% 312057 326 11%
c v 42.03 139 17 27 8233  2 223662 25815 1.5 18 12 5 12 26% 312057 326 11%
c w 42.04 139 17 27 8233  2 223662 25811 1.5 18 12 5 12 26% 312057 326 11%
c x 42.07 139 17 27 8233  2 223662 25811 1.5 18 12 5 12 26% 312057 326 11%
c W 44.13 139 17 27 8704  2 231043 30937 1.5 18 12 5 12 26% 312057 326 11%
c 
c  seconds   reductions   conflicts         size   tier2        variables
c          MB     restarts       redundant     glue    trail        remaining
c           level       rate          size/glue  tier1   irredundant
c 
c } 45.49 139 17 27 9323  2 236743 34966 1.5 18 12 5 12 26% 312057 326 11%
c [ 45.49 139 21 27 9323  1 236743 34966 1.4 23 16 5 17 31% 312057 326 11%
c - 46.08 91 21 28 9324  1 241329 28996 1.4 22 16 5 17 31% 312057 326 11%
c p 46.09 91 21 28 9324  1 241329 29004 1.4 22 16 5 17 31% 312057 326 11%
c u 46.16 91 21 28 9324  1 241329 28979 1.4 22 16 5 17 31% 312057 326 11%
c v 46.18 91 21 28 9324  1 241329 28963 1.4 22 16 5 17 31% 312057 326 11%
c w 46.20 91 21 28 9324  1 241329 28962 1.4 22 16 5 17 31% 312057 326 11%
c x 46.23 91 21 28 9324  1 241329 28961 1.4 22 16 5 17 31% 312055 326 11%
c B 47.45 91 20 28 9328  1 253046 36831 1.4 22 15 5 17 30% 312055 326 11%
c - 48.16 92 19 29 9331  1 259680 32137 1.4 21 15 5 17 30% 312055 326 11%
c p 48.18 92 19 29 9331  1 259680 32145 1.4 21 15 5 17 30% 312055 326 11%
c u 48.24 92 19 29 9331  1 259680 32138 1.4 21 15 5 17 30% 312055 326 11%
c v 48.26 92 19 29 9331  1 259680 32138 1.4 21 15 5 17 30% 312055 326 11%
c w 48.27 92 19 29 9331  1 259680 32138 1.4 21 15 5 17 30% 312055 326 11%
c x 48.30 92 19 29 9331  1 259680 32138 1.4 21 15 5 17 30% 312055 326 11%
c W 50.47 92 20 29 9339  1 276047 43369 1.4 21 15 8 17 29% 312055 326 11%
c - 50.80 91 20 30 9339  1 278718 29763 1.4 22 15 8 17 29% 312055 326 11%
c p 50.82 91 20 30 9339  1 278718 29771 1.4 22 15 8 17 29% 312055 326 11%
c u 51.57 100 20 30 9339  1 278718 29766 1.4 22 15 8 17 29% 312055 326 11%
c v 51.59 100 20 30 9339  1 278718 29763 1.4 22 15 8 17 29% 312055 326 11%
c 
c  seconds   reductions   conflicts         size   tier2        variables
c          MB     restarts       redundant     glue    trail        remaining
c           level       rate          size/glue  tier1   irredundant
c 
c w 51.61 100 20 30 9339  1 278718 29763 1.4 22 15 8 17 29% 312055 326 11%
c x 51.63 100 20 30 9339  1 278718 29759 1.4 22 15 8 17 29% 312052 326 11%
c s 53.00 100 20 30 9340  1 290724 37748 1.4 22 16 8 17 29% 312001 326 11%
c s 53.10 100 20 30 9340  1 290724 37727 1.4 22 16 8 17 29% 311950 326 11%
c - 54.07 91 20 31 9341  1 298439 24012 1.4 22 16 8 17 29% 311950 326 11%
c p 54.09 91 20 31 9341  1 298439 24020 1.4 22 16 8 17 29% 311950 326 11%
c u 54.16 91 20 31 9341  1 298439 24016 1.4 22 16 8 17 29% 311950 326 11%
c v 54.18 91 20 31 9341  1 298439 23994 1.4 22 16 8 17 29% 311950 326 11%
c w 54.19 91 20 31 9341  1 298439 23994 1.4 22 16 8 17 29% 311950 326 11%
c x 54.23 91 20 31 9341  1 298439 23993 1.4 22 16 8 17 29% 311950 326 11%
c O 54.49 91 20 31 9341  1 300050 25105 1.4 22 16 8 17 29% 311950 326 11%
c ] 55.30 91 20 31 9341  1 306155 29110 1.4 22 16 8 17 29% 311950 326 11%
c { 55.30 91 17 31 9341  2 306155 29110 1.5 18 12 5 12 26% 311950 326 11%
c - 58.06 119 17 32 10592  2 318843 27210 1.5 18 12 5 12 26% 311950 326 11%
c p 58.08 119 17 32 10592  2 318843 27218 1.5 18 12 5 12 26% 311950 326 11%
c u 58.15 119 17 32 10592  2 318843 27204 1.5 18 12 5 12 26% 311950 326 11%
c v 58.18 119 17 32 10592  2 318843 27199 1.5 18 12 5 12 26% 311950 326 11%
c w 58.19 119 17 32 10592  2 318843 27196 1.5 18 12 5 12 26% 311950 326 11%
c x 58.23 119 17 32 10592  2 318843 27196 1.5 18 12 5 12 26% 311950 326 11%
c t 58.23 119 17 32 10592  2 318843 27195 1.5 18 12 5 12 26% 311950 326 11%
c 
c  seconds   reductions    conflicts         size   tier2        variables
c          MB      restarts       redundant     glue    trail        remaining
c           level        rate          size/glue  tier1   irredundant
c 
c # 59.33 119 17 32 11063  2 325054 31493 1.5 18 12 5 12 26% 311950 326 11%
c - 61.70 121 16 33 11699  2 339936 33264 1.5 17 12 5 12 26% 311950 326 11%
c p 61.72 121 16 33 11699  2 339936 33272 1.5 17 12 5 12 26% 311950 326 11%
c u 61.80 121 16 33 11699  2 339936 33260 1.5 17 12 5 12 26% 311950 326 11%
c v 61.83 121 16 33 11699  2 339936 33255 1.5 17 12 5 12 26% 311950 326 11%
c w 61.85 121 16 33 11699  2 339936 33251 1.5 17 12 5 12 26% 311950 326 11%
c x 61.88 121 16 33 11699  2 339936 33249 1.5 17 12 5 12 26% 311944 326 11%
c t 61.88 121 16 33 11699  2 339936 33248 1.5 17 12 5 12 26% 311944 326 11%
c B 63.86 121 16 33 12534  2 351058 39784 1.5 17 12 5 12 26% 311944 326 11%
c - 65.56 121 16 34 13286  2 361714 36525 1.5 17 12 5 12 26% 311944 326 11%
c p 65.58 121 16 34 13286  2 361714 36533 1.5 17 12 5 12 26% 311944 326 11%
c u 65.65 121 16 34 13286  2 361714 36491 1.5 17 12 5 12 26% 311944 326 11%
c v 65.67 121 16 34 13286  2 361714 36488 1.5 17 12 5 12 26% 311944 326 11%
c w 65.69 121 16 34 13286  2 361714 36488 1.5 17 12 5 12 26% 311944 326 11%
c x 65.73 121 16 34 13286  2 361714 36487 1.5 17 12 5 12 26% 311941 326 11%
c t 65.73 121 16 34 13286  2 361714 36485 1.5 17 12 5 12 26% 311941 326 11%
c W 69.08 121 16 34 14083  2 378059 48065 1.5 17 12 5 12 26% 311941 326 11%
c } 70.12 121 16 34 14472  2 384115 52324 1.5 17 12 5 12 26% 311941 326 11%
c [ 70.12 121 20 34 14472  1 384115 52324 1.4 22 16 8 17 29% 311941 326 11%
c - 70.18 92 20 35 14472  1 384177 40493 1.4 22 16 8 17 29% 311941 326 11%
c 
c  seconds  reductions    conflicts         size   tier2        variables
c         MB      restarts       redundant     glue    trail        remaining
c          level        rate          size/glue  tier1   irredundant
c 
c p 70.20 92 20 35 14472  1 384177 40501 1.4 22 16 8 17 29% 311941 326 11%
c u 70.27 92 20 35 14472  1 384177 40475 1.4 22 16 8 17 29% 311941 326 11%
c v 70.30 92 20 35 14472  1 384177 40475 1.4 22 16 8 17 29% 311941 326 11%
c w 70.31 92 20 35 14472  1 384177 40470 1.4 22 16 8 17 29% 311941 326 11%
c x 70.34 92 20 35 14472  1 384177 40468 1.4 22 16 8 17 29% 311939 326 11%
c B 72.78 92 20 35 14472  1 406060 56127 1.4 22 15 8 17 29% 311939 326 11%
c - 73.00 92 20 36 14472  1 407327 40274 1.4 22 15 8 17 29% 311939 326 11%
c p 73.01 92 20 36 14472  1 407327 40282 1.4 22 15 8 17 29% 311939 326 11%
c u 73.08 92 20 36 14472  1 407327 40240 1.4 22 15 8 17 29% 311939 326 11%
c v 73.10 92 20 36 14472  1 407327 40234 1.4 22 15 8 17 29% 311939 326 11%
c w 73.12 92 20 36 14472  1 407327 40234 1.4 22 15 8 17 29% 311939 326 11%
c x 73.14 92 20 36 14472  1 407327 40230 1.4 22 15 8 17 29% 311938 326 11%
c s 73.50 97 20 36 14472  1 409551 41903 1.4 22 15 8 17 29% 311906 326 11%
c s 73.61 97 20 36 14472  1 409551 41897 1.4 22 15 8 17 29% 311900 326 11%
c - 76.24 91 21 37 14486  1 431164 35188 1.4 22 16 8 17 29% 311900 326 11%
c p 76.25 91 21 37 14486  1 431164 35196 1.4 22 16 8 17 29% 311900 326 11%
c u 76.33 91 21 37 14486  1 431164 35148 1.4 22 16 8 17 29% 311900 326 11%
c v 76.36 91 21 37 14486  1 431164 35142 1.4 22 16 8 17 29% 311900 326 11%
c w 76.37 91 21 37 14486  1 431164 35142 1.4 22 16 8 17 29% 311900 326 11%
c x 76.41 91 21 37 14486  1 431164 35142 1.4 22 16 8 17 29% 311898 326 11%
c 
c  seconds  reductions    conflicts         size   tier2        variables
c         MB      restarts       redundant     glue    trail        remaining
c          level        rate          size/glue  tier1   irredundant
c 
c W 77.23 91 21 37 14487  1 435061 37758 1.4 22 16 8 17 29% 311898 326 11%
c - 79.24 116 21 38 14495  1 455689 30603 1.4 23 17 8 17 28% 311898 326 11%
c p 79.26 116 21 38 14495  1 455689 30611 1.4 23 17 8 17 28% 311898 326 11%
c u 79.67 116 21 38 14495  1 455689 30552 1.4 23 17 8 17 28% 311898 326 11%
c v 79.69 116 21 38 14495  1 455689 30549 1.4 23 17 8 17 28% 311898 326 11%
c w 79.71 116 21 38 14495  1 455689 30535 1.4 23 17 8 17 28% 311898 326 11%
c x 79.74 116 21 38 14495  1 455689 30534 1.4 23 17 8 17 28% 311897 326 11%
c I 80.56 116 21 38 14501  1 465063 36561 1.4 23 17 8 18 28% 311897 326 11%
c ] 82.01 116 20 38 14503  1 477448 45097 1.4 22 16 8 18 28% 311897 326 11%
c { 82.01 116 16 38 14503  2 477448 45097 1.5 17 12 5 12 26% 311897 326 11%
c - 82.58 116 15 39 14663  1 480905 34634 1.5 17 12 5 12 26% 311897 326 11%
c p 82.60 116 15 39 14663  1 480905 34642 1.5 17 12 5 12 26% 311897 326 11%
c u 82.67 116 15 39 14663  1 480905 34470 1.5 17 12 5 12 26% 311897 326 11%
c v 82.70 116 15 39 14663  1 480905 34465 1.5 17 12 5 12 26% 311897 326 11%
c w 82.71 116 15 39 14663  1 480905 34462 1.5 17 12 5 12 26% 311897 326 11%
c x 82.75 116 15 39 14663  1 480905 34462 1.5 17 12 5 12 26% 311896 326 11%
c F 85.72 116 16 39 16415  2 496064 43871 1.5 17 12 5 12 25% 311896 326 11%
c - 87.06 142 15 40 16579  1 506805 42834 1.5 17 12 5 12 26% 311896 326 11%
c p 87.08 142 15 40 16579  1 506805 42842 1.5 17 12 5 12 26% 311896 326 11%
c u 87.17 142 15 40 16579  1 506805 42765 1.5 17 12 5 12 26% 311896 326 11%
c 
c  seconds   reductions    conflicts         size   tier2        variables
c          MB      restarts       redundant     glue    trail        remaining
c           level        rate          size/glue  tier1   irredundant
c 
c v 87.21 142 15 40 16579  1 506805 42762 1.5 17 12 5 12 26% 311896 326 11%
c w 87.22 142 15 40 16579  1 506805 42761 1.5 17 12 5 12 26% 311896 326 11%
c x 87.27 142 15 40 16579  1 506805 42761 1.5 17 12 5 12 26% 311895 326 11%
c B 90.94 142 15 40 17697  1 528067 56191 1.5 17 12 5 12 26% 311895 326 11%
c - 92.02 116 15 41 18178  1 533395 47693 1.5 17 12 5 12 26% 311895 326 11%
c p 92.04 116 15 41 18178  1 533395 47701 1.5 17 12 5 12 26% 311895 326 11%
c u 92.14 116 15 41 18178  1 533395 47676 1.5 17 12 5 12 26% 311895 326 11%
c v 92.18 116 15 41 18178  1 533395 47670 1.5 17 12 5 12 26% 311895 326 11%
c w 92.20 116 15 41 18178  1 533395 47647 1.5 17 12 5 12 26% 311895 326 11%
c x 92.26 116 15 41 18178  1 533395 47647 1.5 17 12 5 12 26% 311895 326 11%
c s 94.89 116 15 41 18963  1 548182 57407 1.5 17 11 5 12 26% 311839 326 11%
c s 95.01 116 15 41 18963  1 548182 57394 1.5 17 11 5 12 26% 311828 326 11%
c - 97.26 143 15 42 19447  1 560672 51872 1.5 17 11 5 12 26% 311828 326 11%
c p 97.28 143 15 42 19447  1 560672 51880 1.5 17 11 5 12 26% 311828 326 11%
c u 97.39 143 15 42 19447  1 560672 51840 1.5 17 11 5 12 26% 311828 326 11%
c v 97.43 143 15 42 19447  1 560672 51796 1.5 17 11 5 12 26% 311828 326 11%
c w 97.45 143 15 42 19447  1 560672 51789 1.5 17 11 5 12 26% 311828 326 11%
c x 97.51 143 15 42 19447  1 560672 51789 1.5 17 11 5 12 26% 311827 326 11%
c W 98.93 143 15 42 19447  1 561068 51939 1.5 17 11 5 12 26% 311827 326 11%
c } 101.77 143 15 42 20687  1 575174 61709 1.5 17 11 5 12 26% 311827 326 11%
c 
c  seconds    reductions    conflicts         size   tier2        variables
c           MB      restarts       redundant     glue    trail        remaining
c            level        rate          size/glue  tier1   irredundant
c 
c [ 101.77 143 20 42 20687  1 575174 61709 1.4 22 16 8 18 28% 311827 326 11%
c - 103.61 116 19 43 20687  1 588638 54113 1.4 22 15 8 18 28% 311827 326 11%
c p 103.63 116 19 43 20687  1 588638 54120 1.4 22 15 8 18 28% 311827 326 11%
c u 103.74 116 19 43 20687  1 588638 54096 1.4 22 15 8 18 28% 311827 326 11%
c v 103.79 116 19 43 20687  1 588638 54094 1.4 22 15 8 18 28% 311827 326 11%
c w 103.82 116 19 43 20687  1 588638 54092 1.4 22 15 8 18 28% 311827 326 11%
c x 103.89 116 19 43 20687  1 588638 54091 1.4 22 15 8 18 28% 311826 326 11%
c B 104.65 116 19 43 20691  1 595069 58885 1.4 22 15 8 17 28% 311826 326 11%
c - 107.33 128 20 44 20702  1 617291 50638 1.4 22 16 8 17 28% 311826 326 11%
c p 107.35 128 20 44 20702  1 617291 50646 1.4 22 16 8 17 28% 311826 326 11%
c u 107.47 128 20 44 20702  1 617291 50626 1.4 22 16 8 17 28% 311826 326 11%
c v 107.53 128 20 44 20702  1 617291 50621 1.4 22 16 8 17 28% 311826 326 11%
c w 107.55 128 20 44 20702  1 617291 50621 1.4 22 16 8 17 28% 311826 326 11%
c x 107.62 128 20 44 20702  1 617291 50621 1.4 22 16 8 17 28% 311824 326 11%
c W 109.66 128 20 44 20707  1 630071 59014 1.4 22 16 8 17 28% 311824 326 11%
c - 111.13 128 20 45 20716  1 646632 44675 1.4 22 16 8 17 28% 311824 326 11%
c p 111.15 128 20 45 20716  1 646632 44683 1.4 22 16 8 17 28% 311824 326 11%
c u 111.23 128 20 45 20716  1 646632 44670 1.4 22 16 8 17 28% 311824 326 11%
c v 111.27 128 20 45 20716  1 646632 44666 1.4 22 16 8 17 28% 311824 326 11%
c w 111.29 128 20 45 20716  1 646632 44665 1.4 22 16 8 17 28% 311824 326 11%
c 
c  seconds    reductions    conflicts         size   tier2        variables
c           MB      restarts       redundant     glue    trail        remaining
c            level        rate          size/glue  tier1   irredundant
c 
c x 111.33 128 20 45 20716  1 646632 44665 1.4 22 16 8 17 28% 311820 326 11%
c O 113.43 128 20 45 20718  1 666072 57682 1.4 22 16 8 17 28% 311820 326 11%
c - 114.72 128 20 46 20719  1 676665 44390 1.4 22 16 8 17 28% 311820 326 11%
c p 114.74 128 20 46 20719  1 676665 44397 1.4 22 16 8 17 28% 311820 326 11%
c u 114.81 128 20 46 20719  1 676665 44362 1.4 22 16 8 17 28% 311820 326 11%
c v 114.85 128 20 46 20719  1 676665 44356 1.4 22 16 8 17 28% 311820 326 11%
c w 114.86 128 20 46 20719  1 676665 44355 1.4 22 16 8 17 28% 311820 326 11%
c x 114.91 128 20 46 20719  1 676665 44355 1.4 22 16 8 17 28% 311819 326 11%
c ] 116.97 128 20 46 20719  1 693286 55500 1.4 21 15 8 17 27% 311819 326 11%
c { 116.97 128 15 46 20719  1 693286 55500 1.5 17 11 5 12 26% 311819 326 11%
c # 118.64 128 14 46 21087  1 703075 61271 1.5 17 11 5 12 26% 311819 326 11%
c s 119.13 128 14 46 21087  1 706609 62830 1.5 17 11 5 12 26% 311721 326 11%
c s 119.26 128 14 46 21087  1 706609 62792 1.5 17 11 5 12 26% 311624 326 11%
c - 119.45 144 14 47 21124  1 707385 49213 1.5 17 11 5 12 26% 311624 326 11%
c p 119.48 144 14 47 21124  1 707385 49222 1.5 17 11 5 12 26% 311624 326 11%
c u 120.07 144 14 47 21124  1 707385 49176 1.5 17 11 5 12 26% 311624 326 11%
c v 120.11 144 14 47 21124  1 707385 49169 1.5 17 11 5 12 26% 311624 326 11%
c w 120.12 144 14 47 21124  1 707385 49168 1.5 17 11 5 12 26% 311624 326 11%
c x 120.18 144 14 47 21124  1 707385 49167 1.5 17 11 5 12 26% 311621 326 11%
c - 126.23 144 14 48 23131  1 738790 53852 1.5 16 11 5 11 26% 311621 326 11%
c 
c  seconds    reductions    conflicts         size   tier2        variables
c           MB      restarts       redundant     glue    trail        remaining
c            level        rate          size/glue  tier1   irredundant
c 
c p 126.26 144 14 48 23131  1 738790 53867 1.5 16 11 5 11 26% 311621 326 11%
c u 126.38 144 14 48 23131  1 738790 53816 1.5 16 11 5 11 26% 311621 326 11%
c v 126.44 144 14 48 23131  1 738790 53809 1.5 16 11 5 11 26% 311621 326 11%
c w 126.47 144 14 48 23131  1 738790 53808 1.5 16 11 5 11 26% 311621 326 11%
c x 126.55 144 14 48 23131  1 738790 53808 1.5 16 11 5 11 26% 311618 326 11%
c B 127.25 144 14 48 23544  1 741078 55401 1.5 16 11 5 11 26% 311618 326 11%
c - 133.14 144 14 49 25816  1 770888 58906 1.5 16 11 5 11 26% 311618 326 11%
c p 133.16 144 14 49 25816  1 770888 58916 1.5 16 11 5 11 26% 311618 326 11%
c u 133.27 144 14 49 25816  1 770888 58821 1.5 16 11 5 11 26% 311618 326 11%
c v 133.34 144 14 49 25816  1 770888 58810 1.5 16 11 5 11 26% 311618 326 11%
c w 133.37 144 14 49 25816  1 770888 58167 1.5 16 11 5 11 26% 311618 326 11%
c x 133.45 144 14 49 25816  1 770888 58167 1.5 16 11 5 11 26% 311617 326 11%
c W 136.49 144 14 49 26646  1 780080 63656 1.5 16 11 5 11 26% 311617 326 11%
c - 140.64 93 14 50 28286  1 803675 60205 1.4 16 11 5 11 25% 311617 326 11%
c p 140.67 93 14 50 28286  1 803675 60219 1.4 16 11 5 11 25% 311617 326 11%
c u 140.78 93 14 50 28286  1 803675 60099 1.4 16 11 5 11 25% 311617 326 11%
c v 140.83 93 14 50 28286  1 803675 60094 1.4 16 11 5 11 25% 311617 326 11%
c w 140.85 93 14 50 28286  1 803675 60093 1.4 16 11 5 11 25% 311617 326 11%
c x 140.91 93 14 50 28286  1 803675 60093 1.4 16 11 5 11 25% 311616 326 11%
c } 143.18 93 14 50 29436  1 815014 67132 1.4 16 11 5 11 25% 311616 326 11%
c 
c  seconds   reductions    conflicts         size   tier2        variables
c          MB      restarts       redundant     glue    trail        remaining
c           level        rate          size/glue  tier1   irredundant
c 
c [ 143.18 93 20 50 29436  1 815014 67132 1.4 21 15 8 17 27% 311616 326 11%
c B 144.02 94 20 50 29436  1 820081 71581 1.4 22 15 8 17 28% 311616 326 11%
c - 146.60 95 20 51 29437  1 837148 60367 1.4 22 15 8 17 29% 311616 326 11%
c p 146.62 95 20 51 29437  1 837148 60380 1.4 22 15 8 17 29% 311616 326 11%
c u 146.73 95 20 51 29437  1 837148 60068 1.4 22 15 8 17 29% 311616 326 11%
c v 146.79 95 20 51 29437  1 837148 60060 1.4 22 15 8 17 29% 311616 326 11%
c w 146.82 95 20 51 29437  1 837148 60060 1.4 22 15 8 17 29% 311616 326 11%
c x 146.90 95 20 51 29437  1 837148 60060 1.4 22 15 8 17 29% 311615 326 11%
c W 150.39 95 19 51 29437  1 861083 76273 1.4 21 15 8 17 28% 311615 326 11%
c - 151.66 93 19 52 29437  1 871314 59329 1.4 21 15 8 17 28% 311615 326 11%
c p 151.69 93 19 52 29437  1 871314 59342 1.4 21 15 8 17 28% 311615 326 11%
c u 151.80 93 19 52 29437  1 871314 59295 1.4 21 15 8 17 28% 311615 326 11%
c v 151.84 93 19 52 29437  1 871314 59285 1.4 21 15 8 17 28% 311615 326 11%
c w 151.86 93 19 52 29437  1 871314 59280 1.4 21 15 8 17 28% 311615 326 11%
c x 151.92 93 19 52 29437  1 871314 59280 1.4 21 15 8 17 28% 311615 326 11%
c s 153.32 99 18 52 29437  1 884823 68019 1.4 21 14 8 17 28% 311400 326 11%
c s 153.46 99 18 52 29437  1 884823 67997 1.4 21 14 8 17 28% 311243 326 11%
c I 155.74 99 19 52 29443  1 903084 81745 1.4 21 15 8 17 28% 311243 326 11%
c - 156.33 120 19 53 29444  1 906172 58753 1.4 21 15 8 17 28% 311243 326 11%
c p 156.35 120 19 53 29444  1 906172 58766 1.4 21 15 8 17 28% 311243 326 11%
c 
c  seconds    reductions    conflicts         size   tier2        variables
c           MB      restarts       redundant     glue    trail        remaining
c            level        rate          size/glue  tier1   irredundant
c 
c u 156.45 120 19 53 29444  1 906172 58714 1.4 21 15 8 17 28% 311243 326 11%
c v 156.50 120 19 53 29444  1 906172 58702 1.4 21 15 8 17 28% 311243 326 11%
c w 156.52 120 19 53 29444  1 906172 58701 1.4 21 15 8 17 28% 311243 326 11%
c x 156.58 120 19 53 29444  1 906172 58701 1.4 21 15 8 17 28% 311240 326 11%
c - 160.78 120 17 54 29460  1 941704 59907 1.4 20 14 8 17 27% 311240 326 11%
c p 160.80 120 17 54 29460  1 941704 59920 1.4 20 14 8 17 27% 311240 326 11%
c u 160.91 120 17 54 29460  1 941704 59886 1.4 20 14 8 17 27% 311240 326 11%
c v 160.95 120 17 54 29460  1 941704 59868 1.4 20 14 8 17 27% 311240 326 11%
c w 160.97 120 17 54 29460  1 941704 59864 1.4 20 14 8 17 27% 311240 326 11%
c x 161.03 120 17 54 29460  1 941704 59864 1.4 20 14 8 17 27% 311237 326 11%
c B 161.59 120 17 54 29463  1 946085 62479 1.4 19 14 8 17 27% 311237 326 11%
c ] 162.11 120 17 54 29466  1 950961 65365 1.4 19 14 8 17 27% 311237 326 11%
c { 162.11 120 14 54 29466  1 950961 65365 1.4 16 11 5 11 25% 311237 326 11%
c - 167.55 148 14 55 31475  1 977929 66361 1.4 16 11 5 11 25% 311237 326 11%
c p 167.58 148 14 55 31475  1 977929 66373 1.4 16 11 5 11 25% 311237 326 11%
c u 167.71 148 14 55 31475  1 977929 66329 1.4 16 11 5 11 25% 311237 326 11%
c v 167.77 148 14 55 31475  1 977929 66326 1.4 16 11 5 11 25% 311237 326 11%
c w 167.80 148 14 55 31475  1 977929 66263 1.4 16 11 5 11 25% 311237 326 11%
c x 167.88 148 14 55 31475  1 977929 66263 1.4 16 11 5 11 25% 311236 326 11%
c F 169.62 148 14 55 31891  1 990088 72840 1.4 16 11 5 11 25% 311236 326 11%
c 
c  seconds    reductions     conflicts         size   tier2        variables
c           MB      restarts        redundant     glue    trail        remaining
c            level        rate           size/glue  tier1   irredundant
c 
c - 173.53 120 13 56 32025  1 1014842 70023 1.4 15 11 5 11 25% 311236 326 11%
c p 173.56 120 13 56 32025  1 1014842 70037 1.4 15 11 5 11 25% 311236 326 11%
c u 173.67 120 13 56 32025  1 1014842 69993 1.4 15 11 5 11 25% 311236 326 11%
c v 173.72 120 13 56 32025  1 1014842 69956 1.4 15 11 5 11 25% 311236 326 11%
c w 173.75 120 13 56 32025  1 1014842 69874 1.4 15 11 5 11 25% 311236 326 11%
c x 173.82 120 13 56 32025  1 1014842 69873 1.4 15 11 5 11 25% 311235 326 11%
c i 174.51 120 13 56 32025  1 1018985 71355 1.4 15 11 5 11 25% 311235 325 11%
c B 177.89 120 13 56 33726  1 1035090 81254 1.4 15 11 5 11 25% 311235 325 11%
c - 182.06 128 13 57 35462  1 1052443 51849 1.4 15 11 5 11 25% 290576 325 11%
c p 182.09 128 13 57 35462  1 1052443 51862 1.4 15 11 5 11 25% 290576 325 11%
c u 182.44 128 13 57 35462  1 1052443 51761 1.4 15 11 5 11 25% 290576 325 11%
c v 182.52 128 13 57 35462  1 1052443 51741 1.4 15 11 5 11 25% 290576 325 11%
c w 182.56 128 13 57 35462  1 1052443 51739 1.4 15 11 5 11 25% 290576 325 11%
c x 182.66 128 13 57 35462  1 1052443 51738 1.4 15 11 5 11 25% 290570 325 11%
c t 182.66 128 13 57 35462  1 1052443 51735 1.4 15 11 5 11 25% 290570 325 11%
c W 191.27 128 14 57 38992  1 1081092 70715 1.4 16 11 5 11 25% 290570 325 11%
c s 191.68 128 14 57 39060  1 1082803 71929 1.4 16 11 5 11 25% 289466 325 11%
c e 191.73 128 14 57 39060  1 1082803 71320 1.4 16 11 5 11 25% 289464 323 11%
c s 191.85 128 14 57 39060  1 1082803 71290 1.4 16 11 5 11 25% 288665 323 11%
c - 193.48 128 14 58 39563  1 1089971 62945 1.4 16 11 5 11 26% 288665 323 11%
c 
c  seconds    reductions     conflicts         size   tier2        variables
c           MB      restarts        redundant     glue    trail        remaining
c            level        rate           size/glue  tier1   irredundant
c 
c p 193.51 128 14 58 39563  1 1089971 62959 1.4 16 11 5 11 26% 288665 323 11%
c u 193.64 128 14 58 39563  1 1089971 62876 1.4 16 11 5 11 26% 288665 323 11%
c v 193.71 128 14 58 39563  1 1089971 62816 1.4 16 11 5 11 26% 288665 323 11%
c w 193.74 128 14 58 39563  1 1089971 62796 1.4 16 11 5 11 26% 288665 323 11%
c x 193.83 128 14 58 39563  1 1089971 62796 1.4 16 11 5 11 26% 288664 323 11%
c } 194.02 128 14 58 39650  1 1090566 63248 1.4 16 11 5 11 26% 288664 323 11%
c [ 194.02 128 17 58 39650  1 1090566 63248 1.4 19 14 8 17 27% 288664 323 11%
c - 198.33 128 16 59 39659  1 1128087 69391 1.5 19 13 8 16 27% 288664 323 11%
c p 198.35 128 16 59 39659  1 1128087 69405 1.5 19 13 8 16 27% 288664 323 11%
c u 198.46 128 16 59 39659  1 1128087 69341 1.5 19 13 8 16 27% 288664 323 11%
c v 198.50 128 16 59 39659  1 1128087 69334 1.5 19 13 8 16 27% 288664 323 11%
c w 198.53 128 16 59 39659  1 1128087 69328 1.5 19 13 8 16 27% 288664 323 11%
c x 198.59 128 16 59 39659  1 1128087 69327 1.5 19 13 8 16 27% 288650 323 11%
c W 198.95 128 16 59 39659  1 1128097 69336 1.5 19 13 8 16 27% 288650 323 11%
c - 203.13 143 17 60 39677  1 1166864 66482 1.5 20 14 8 16 27% 288650 323 11%
c p 203.15 143 17 60 39677  1 1166864 66496 1.5 20 14 8 16 27% 288650 323 11%
c u 203.26 143 17 60 39677  1 1166864 66423 1.5 20 14 8 16 27% 288650 323 11%
c v 203.31 143 17 60 39677  1 1166864 66412 1.5 20 14 8 16 27% 288650 323 11%
c w 203.33 143 17 60 39677  1 1166864 66391 1.5 20 14 8 16 27% 288650 323 11%
c x 203.39 143 17 60 39677  1 1166864 66391 1.5 20 14 8 16 27% 288649 323 11%
c 
c  seconds    reductions     conflicts         size   tier2        variables
c           MB      restarts        redundant     glue    trail        remaining
c            level        rate           size/glue  tier1   irredundant
c 
c O 204.51 143 17 60 39681  1 1176098 73187 1.5 20 14 8 16 27% 288649 323 11%
c - 208.65 143 16 61 39684  1 1206301 65371 1.5 19 13 8 16 26% 288649 323 11%
c p 208.67 143 16 61 39684  1 1206301 65385 1.5 19 13 8 16 26% 288649 323 11%
c u 208.78 143 16 61 39684  1 1206301 65319 1.5 19 13 8 16 26% 288649 323 11%
c v 208.83 143 16 61 39684  1 1206301 65303 1.5 19 13 8 16 26% 288649 323 11%
c w 208.85 143 16 61 39684  1 1206301 65286 1.5 19 13 8 16 26% 288649 323 11%
c x 208.92 143 16 61 39684  1 1206301 65286 1.5 19 13 8 16 26% 288648 323 11%
c B 211.02 143 16 61 39684  1 1225099 77516 1.5 19 13 8 16 26% 288648 323 11%
c - 213.30 143 16 62 39691  1 1246400 68161 1.5 20 13 8 16 27% 288648 323 11%
c p 213.32 143 16 62 39691  1 1246400 68175 1.5 20 13 8 16 27% 288648 323 11%
c u 213.42 143 16 62 39691  1 1246400 68104 1.5 20 13 8 16 27% 288648 323 11%
c v 213.47 143 16 62 39691  1 1246400 68100 1.5 20 13 8 16 27% 288648 323 11%
c w 213.49 143 16 62 39691  1 1246400 68100 1.5 20 13 8 16 27% 288648 323 11%
c x 213.55 143 16 62 39691  1 1246400 68099 1.5 20 13 8 16 27% 288645 323 11%
c W 217.77 143 18 62 39705  1 1275100 88964 1.5 21 14 7 16 27% 288645 323 11%
c ] 217.94 143 18 62 39705  1 1276287 89736 1.5 20 14 7 16 27% 288645 323 11%
c { 217.94 143 14 62 39705  1 1276287 89736 1.4 16 11 5 11 26% 288645 323 11%
c - 220.51 143 14 63 40998  1 1287160 66219 1.4 16 11 5 11 26% 288645 323 11%
c p 220.53 143 14 63 40998  1 1287160 66233 1.4 16 11 5 11 26% 288645 323 11%
c u 220.65 143 14 63 40998  1 1287160 66126 1.4 16 11 5 11 26% 288645 323 11%
c 
c  seconds    reductions     conflicts         size   tier2        variables
c           MB      restarts        redundant     glue    trail        remaining
c            level        rate           size/glue  tier1   irredundant
c 
c v 220.70 143 14 63 40998  1 1287160 66108 1.4 16 11 5 11 26% 288645 323 11%
c w 220.73 143 14 63 40998  1 1287160 66103 1.4 16 11 5 11 26% 288645 323 11%
c x 220.81 143 14 63 40998  1 1287160 66103 1.4 16 11 5 11 26% 288641 323 11%
c s 222.67 143 14 63 41489  1 1298486 73103 1.5 16 11 5 11 26% 287447 323 11%
c s 222.86 143 14 63 41489  1 1298486 73080 1.5 16 11 5 11 26% 286806 323 11%
c # 228.73 143 14 63 44695  1 1326103 90635 1.4 16 11 5 11 26% 286806 323 11%
c - 229.23 143 14 64 44805  1 1328584 70271 1.4 16 11 5 11 26% 286806 323 11%
c p 229.26 143 14 64 44805  1 1328584 70285 1.4 16 11 5 11 26% 286806 323 11%
c u 229.38 143 14 64 44805  1 1328584 70089 1.4 16 11 5 11 26% 286806 323 11%
c v 229.45 143 14 64 44805  1 1328584 70066 1.4 16 11 5 11 26% 286806 323 11%
c w 229.47 143 14 64 44805  1 1328584 70052 1.4 16 11 5 11 26% 286806 323 11%
c x 229.56 143 14 64 44805  1 1328584 70052 1.4 16 11 5 11 26% 286803 323 11%
c - 236.65 143 14 65 47799  1 1370585 77997 1.4 17 11 5 11 25% 286803 323 11%
c p 236.67 143 14 65 47799  1 1370585 78011 1.4 17 11 5 11 25% 286803 323 11%
c u 236.80 143 14 65 47799  1 1370585 77782 1.4 17 11 5 11 25% 286803 323 11%
c v 236.87 143 14 65 47799  1 1370585 77766 1.4 17 11 5 11 25% 286803 323 11%
c w 236.90 143 14 65 47799  1 1370585 77763 1.4 17 11 5 11 25% 286803 323 11%
c x 236.97 143 14 65 47799  1 1370585 77763 1.4 17 11 5 11 25% 286801 323 11%
c B 238.45 143 14 65 48432  1 1378106 82497 1.4 17 11 5 11 25% 286801 323 11%
c - 245.63 152 14 66 50782  1 1413244 82359 1.5 17 11 5 11 25% 286801 323 11%
c 
c  seconds    reductions     conflicts         size   tier2        variables
c           MB      restarts        redundant     glue    trail        remaining
c            level        rate           size/glue  tier1   irredundant
c 
c p 245.65 152 14 66 50782  1 1413244 82373 1.5 17 11 5 11 25% 286801 323 11%
c u 245.83 152 14 66 50782  1 1413244 82334 1.5 17 11 5 11 25% 286801 323 11%
c v 245.90 152 14 66 50782  1 1413244 82322 1.5 17 11 5 11 25% 286801 323 11%
c w 245.93 152 14 66 50782  1 1413244 82317 1.5 17 11 5 11 25% 286801 323 11%
c x 246.04 152 14 66 50782  1 1413244 82316 1.5 17 11 5 11 25% 286789 323 11%
c W 251.29 152 14 66 52583  1 1431107 93805 1.5 17 12 5 11 25% 286789 323 11%
c } 254.19 152 14 66 53351  1 1448317 104666 1.5 17 11 5 11 25% 286789 323 11%
c [ 254.19 152 18 66 53351  1 1448317 104666 1.5 20 14 7 16 27% 286789 323 11%
c - 255.30 152 17 67 53355  1 1456561 85421 1.5 20 14 7 16 27% 286789 323 11%
c p 255.33 152 17 67 53355  1 1456561 85435 1.5 20 14 7 16 27% 286789 323 11%
c u 255.47 152 17 67 53355  1 1456561 85355 1.5 20 14 7 16 27% 286789 323 11%
c v 255.54 152 17 67 53355  1 1456561 85345 1.5 20 14 7 16 27% 286789 323 11%
c w 255.58 152 17 67 53355  1 1456561 85343 1.5 20 14 7 16 27% 286789 323 11%
c x 255.67 152 17 67 53355  1 1456561 85343 1.5 20 14 7 16 27% 286752 323 11%
c I 258.99 152 17 67 53361  1 1485108 105081 1.5 20 14 7 16 27% 286752 323 11%
c - 261.25 152 17 68 53368  1 1500541 84474 1.5 20 14 7 16 27% 286752 323 11%
c p 261.27 152 17 68 53368  1 1500541 84488 1.5 20 14 7 16 27% 286752 323 11%
c u 262.09 152 17 68 53368  1 1500541 84446 1.5 20 14 7 16 27% 286752 323 11%
c v 262.14 152 17 68 53368  1 1500541 84427 1.5 20 14 7 16 27% 286752 323 11%
c w 262.17 152 17 68 53368  1 1500541 84424 1.5 20 14 7 16 27% 286752 323 11%
c 
c  seconds    reductions     conflicts         size   tier2        variables
c           MB      restarts        redundant     glue    trail        remaining
c            level        rate           size/glue  tier1   irredundant
c 
c x 262.26 152 17 68 53368  1 1500541 84422 1.5 20 14 7 16 27% 286740 323 11%
c s 266.48 152 16 68 53383  1 1533551 104734 1.4 20 13 7 16 27% 285384 323 11%
c s 266.69 152 16 68 53383  1 1533551 104704 1.4 20 13 7 16 27% 284740 323 11%
c B 267.69 152 16 68 53386  1 1540109 108220 1.4 19 13 7 16 27% 284740 323 11%
c - 268.44 93 16 69 53390  1 1545176 80882 1.4 19 13 7 16 27% 284740 323 11%
c p 268.46 93 16 69 53390  1 1545176 80896 1.4 19 13 7 16 27% 284740 323 11%
c u 268.58 93 16 69 53390  1 1545176 80833 1.4 19 13 7 16 27% 284740 323 11%
c v 268.64 93 16 69 53390  1 1545176 80820 1.4 19 13 7 16 27% 284740 323 11%
c w 268.66 93 16 69 53390  1 1545176 80782 1.4 19 13 7 16 27% 284740 323 11%
c x 268.76 93 16 69 53390  1 1545176 80782 1.4 19 13 7 16 27% 284733 323 11%
c - 274.31 120 16 70 53393  1 1590376 83834 1.5 19 13 7 15 27% 284733 323 11%
c p 274.33 120 16 70 53393  1 1590376 83848 1.5 19 13 7 15 27% 284733 323 11%
c u 274.47 120 16 70 53393  1 1590376 83794 1.5 19 13 7 15 27% 284733 323 11%
c v 274.53 120 16 70 53393  1 1590376 83789 1.5 19 13 7 15 27% 284733 323 11%
c w 274.56 120 16 70 53393  1 1590376 83787 1.5 19 13 7 15 27% 284733 323 11%
c x 274.64 120 16 70 53393  1 1590376 83787 1.5 19 13 7 15 27% 284727 323 11%
c W 276.89 120 16 70 53393  1 1596111 87844 1.5 19 13 7 15 27% 284727 323 11%
c - 281.86 147 16 71 53394  1 1636231 84726 1.5 19 13 7 15 26% 284727 323 11%
c p 281.89 147 16 71 53394  1 1636231 84740 1.5 19 13 7 15 26% 284727 323 11%
c u 282.03 147 16 71 53394  1 1636231 84687 1.5 19 13 7 15 26% 284727 323 11%
c 
c  seconds    reductions     conflicts         size   tier2        variables
c           MB      restarts        redundant     glue    trail        remaining
c            level        rate           size/glue  tier1   irredundant
c 
c v 282.09 147 16 71 53394  1 1636231 84670 1.5 19 13 7 15 26% 284727 323 11%
c w 282.12 147 16 71 53394  1 1636231 84670 1.5 19 13 7 15 26% 284727 323 11%
c x 282.20 147 16 71 53394  1 1636231 84669 1.5 19 13 7 15 26% 284720 323 11%
c O 284.43 147 16 71 53394  1 1653113 95032 1.5 19 13 7 15 26% 284720 323 11%
c ] 284.94 147 16 71 53394  1 1656540 97158 1.5 19 13 7 15 26% 284720 323 11%
c { 284.94 147 14 71 53394  1 1656540 97158 1.5 17 11 5 11 25% 284720 323 11%
c - 290.29 147 14 72 55519  1 1682740 87029 1.5 17 12 5 11 25% 284720 323 11%
c p 290.32 147 14 72 55519  1 1682740 87041 1.5 17 12 5 11 25% 284720 323 11%
c u 290.46 147 14 72 55519  1 1682740 86986 1.5 17 12 5 11 25% 284720 323 11%
c v 290.52 147 14 72 55519  1 1682740 86970 1.5 17 12 5 11 25% 284720 323 11%
c w 290.56 147 14 72 55519  1 1682740 86969 1.5 17 12 5 11 25% 284720 323 11%
c x 290.66 147 14 72 55519  1 1682740 86967 1.5 17 12 5 11 25% 284716 323 11%
c F 295.03 147 14 72 57011  1 1711116 102823 1.5 17 11 5 11 25% 284716 323 11%
c - 298.20 147 14 73 57719  1 1729907 92199 1.5 17 11 5 11 25% 284716 323 11%
c p 298.22 147 14 73 57719  1 1729907 92213 1.5 17 11 5 11 25% 284716 323 11%
c u 298.37 147 14 73 57719  1 1729907 92139 1.5 17 11 5 11 25% 284716 323 11%
c v 298.43 147 14 73 57719  1 1729907 92124 1.5 17 11 5 11 25% 284716 323 11%
c w 298.47 147 14 73 57719  1 1729907 92121 1.5 17 11 5 11 25% 284716 323 11%
c x 298.57 147 14 73 57719  1 1729907 92120 1.5 17 11 5 11 25% 284699 323 11%
c B 305.66 147 13 73 59996  1 1770118 115321 1.5 16 11 5 11 24% 284699 323 11%
c 
c  seconds   reductions     conflicts         size   tier2        variables
c          MB      restarts        redundant     glue    trail        remaining
c           level        rate           size/glue  tier1   irredundant
c 
c - 307.13 94 13 74 60346  1 1777730 96301 1.5 16 11 5 11 24% 284699 323 11%
c p 307.16 94 13 74 60346  1 1777730 96315 1.5 16 11 5 11 24% 284699 323 11%
c u 307.33 94 13 74 60346  1 1777730 96280 1.5 16 11 5 11 24% 284699 323 11%
c v 307.40 94 13 74 60346  1 1777730 96249 1.5 16 11 5 11 24% 284699 323 11%
c w 307.44 94 13 74 60346  1 1777730 96248 1.5 16 11 5 11 24% 284699 323 11%
c x 307.54 94 13 74 60346  1 1777730 96246 1.5 16 11 5 11 24% 284673 323 11%
c s 309.39 100 13 74 60871  1 1787933 102304 1.5 16 11 5 11 24% 284177 323 11%
c s 309.63 100 13 74 60871  1 1787933 102271 1.5 16 11 5 11 24% 282950 323 11%
c - 316.37 100 13 75 63205  1 1826208 100181 1.5 16 11 5 11 24% 282950 323 11%
c p 316.40 100 13 75 63205  1 1826208 100195 1.5 16 11 5 11 24% 282950 323 11%
c u 316.56 100 13 75 63205  1 1826208 100028 1.5 16 11 5 11 24% 282950 323 11%
c v 316.63 100 13 75 63205  1 1826208 99907 1.5 16 11 5 11 24% 282950 323 11%
c w 316.66 100 13 75 63205  1 1826208 99850 1.5 16 11 5 11 24% 282950 323 11%
c x 316.77 100 13 75 63205  1 1826208 99849 1.5 16 11 5 11 24% 282944 323 11%
c W 319.27 100 13 75 63390  1 1830119 101890 1.5 16 11 5 11 24% 282944 323 11%
c } 325.92 100 13 75 65032  1 1864201 120731 1.5 16 11 5 11 24% 282944 323 11%
c [ 325.92 100 16 75 65032  1 1864201 120731 1.5 19 13 7 15 26% 282944 323 11%
c - 327.53 101 15 76 65032  1 1875252 104303 1.5 19 13 7 15 26% 282944 323 11%
c p 327.55 101 15 76 65032  1 1875252 104317 1.5 19 13 7 15 26% 282944 323 11%
c u 327.74 101 15 76 65032  1 1875252 104260 1.5 19 13 7 15 26% 282944 323 11%
c 
c  seconds    reductions     conflicts          size   tier2        variables
c           MB      restarts        redundant      glue    trail        remaining
c            level        rate            size/glue  tier1   irredundant
c 
c v 327.82 101 15 76 65032  1 1875252 104191 1.5 19 13 7 15 26% 282944 323 11%
c w 327.86 101 15 76 65032  1 1875252 104123 1.5 19 13 7 15 26% 282944 323 11%
c x 327.97 101 15 76 65032  1 1875252 104123 1.5 19 13 7 15 26% 282914 323 11%
c B 330.03 101 15 76 65033  1 1891122 115348 1.5 19 13 7 15 26% 282914 323 11%
c - 334.97 101 15 77 65033  1 1924950 106294 1.5 19 12 7 15 27% 282914 323 11%
c p 335.00 101 15 77 65033  1 1924950 106308 1.5 19 12 7 15 27% 282914 323 11%
c u 335.15 101 15 77 65033  1 1924950 106249 1.5 19 12 7 15 27% 282914 323 11%
c v 335.21 101 15 77 65033  1 1924950 106194 1.5 19 12 7 15 27% 282914 323 11%
c w 335.25 101 15 77 65033  1 1924950 106152 1.5 19 12 7 15 27% 282914 323 11%
c x 335.34 101 15 77 65033  1 1924950 106151 1.5 19 12 7 15 27% 282907 323 11%
c W 339.83 101 15 77 65033  1 1953125 124264 1.5 19 12 7 15 27% 282907 323 11%
c - 342.97 101 15 78 65033  1 1975300 105529 1.5 19 12 7 15 27% 282907 323 11%
c p 343.00 101 15 78 65033  1 1975300 105542 1.5 19 12 7 15 27% 282907 323 11%
c u 343.15 101 15 78 65033  1 1975300 105482 1.5 19 12 7 15 27% 282907 323 11%
c v 343.22 101 15 78 65033  1 1975300 105387 1.5 19 12 7 15 27% 282907 323 11%
c w 343.25 101 15 78 65033  1 1975300 105385 1.5 19 12 7 15 27% 282907 323 11%
c x 343.35 101 15 78 65033  1 1975300 105385 1.5 19 12 7 15 27% 282901 323 11%
c I 349.81 101 14 78 65035  1 2016126 131197 1.6 18 12 7 15 27% 282901 323 11%
c - 351.10 101 14 79 65040  1 2026305 108541 1.6 18 12 7 15 27% 282901 323 11%
c p 351.13 101 14 79 65040  1 2026305 108566 1.6 18 12 7 15 27% 282901 323 11%
c 
c  seconds    reductions     conflicts          size   tier2        variables
c           MB      restarts        redundant      glue    trail        remaining
c            level        rate            size/glue  tier1   irredundant
c 
c u 351.30 101 14 79 65040  1 2026305 108495 1.6 18 12 7 15 27% 282901 323 11%
c v 351.36 101 14 79 65040  1 2026305 108424 1.6 18 12 7 15 27% 282901 323 11%
c w 351.40 101 14 79 65040  1 2026305 108416 1.6 18 12 7 15 27% 282901 323 11%
c x 351.50 101 14 79 65040  1 2026305 108413 1.6 18 12 7 15 27% 282887 323 11%
c t 351.50 101 14 79 65040  1 2026305 108411 1.6 18 12 7 15 27% 282886 323 11%
c i 355.74 101 14 79 65055  1 2057793 127002 1.5 18 12 6 15 27% 282886 319 11%
c s 356.56 101 14 79 65057  1 2061628 129528 1.5 18 12 6 15 27% 281059 319 11%
c e 356.61 101 14 79 65057  1 2061628 128159 1.5 18 12 6 15 27% 226065 313 11%
c s 356.82 101 14 79 65057  1 2061628 128137 1.5 18 12 6 15 27% 224031 313 11%
c i 358.13 101 13 79 65062  1 2069578 132542 1.6 18 11 6 15 26% 224031 303 10%
c i 358.20 101 13 79 65062  1 2069783 132602 1.6 18 11 6 15 26% 224031 289 10%
c i 358.20 101 13 79 65062  1 2069789 132603 1.6 18 11 6 15 26% 224031 285 10%
c ] 358.20 101 13 79 65062  1 2069792 132603 1.6 18 11 6 15 26% 224031 274  9%
c 0 358.20 101 13 79 65062  1 2069792 132603 1.6 18 11 6 15 26% 224031 274  9%
c 
c --- [ closing proof ] ------------------------------------------------------
c 
c LRAT proof file '/root/earth-moon/lean/data/a4_m04c/leaf14.lrat' closed
c LRAT 2531408 added clauses 50.38%
c LRAT 2492856 deleted clauses 49.62%
c LRAT 500759971 bytes (477.56 MB)
c 
c --- [ result ] -------------------------------------------------------------
c 
s UNSATISFIABLE
c 
c --- [ run-time profiling ] -------------------------------------------------
c 
c process time taken by individual solving procedures
c (percentage relative to process time for solving)
c 
c       334.64   93.48% search
c       178.76   49.94% unstable
c       139.46   38.96% stable
c        23.32    6.52% simplify
c        16.36    4.57% walk
c        14.67    4.10% vivify
c         3.06    0.85% sweep
c         2.53    0.71% subsume
c         1.11    0.31% elim
c         0.79    0.22% probe
c         0.38    0.11% ternary
c         0.23    0.06% parse
c         0.22    0.06% congruence
c         0.06    0.02% lucky
c         0.00    0.00% backbone
c   =================================
c       357.97   99.94% solve
c 
c last line shows process time for solving
c (percentage relative to total process time)
c 
c --- [ statistics ] ---------------------------------------------------------
c 
c chronological:            224544        10.85 %  of conflicts
c conflicts:               2069792      5782.05    per second
c backbone:                 117073      3949.83 %  of vars
c decisions:               2529058      7065.02    per second
c eliminated:                 2271        76.62 %  of all variables
c fixed:                       418        14.10 %  of all variables
c learned:                 2033827        98.26 %  per conflict
c learned_lits:           53247517       100.00 %  learned literals
c minimized:                     0         0.00 %  learned literals
c shrunken:               12618222        23.70 %  learned literals
c minishrunken:            3155430         5.93 %  learned literals
c otfs:                      12558         0.61 %  of conflict
c propagations:           30385504         0.08 M  per second
c reduced:                 1168031        56.43 %  per conflict
c rephased:                     63     32853.84    interval
c restarts:                  65062        31.81    interval
c stabilizing:                  12        53.97 %  of conflicts
c substituted:                   1         0.03 %  of all variables
c subsumed:                 716078        30.32 %  of all clauses
c strengthened:             126295         5.35 %  of all clauses
c ticks:               21658338328       726.84    propagation
c vivified:                  10630         0.45 %  of all clauses
c walked:                       20    103489.60    interval
c weakened:                   5612         2.52    average size
c congruence:                   11    188162.91    interval
c 
c seconds are measured in process time for solving
c 
c --- [ glue usage ] ---------------------------------------------------------
c 
c focused glue 5 used 205119 clauses 6.768% accumulated 56.62% tier1
c focused glue 6 used 156591 clauses 5.167% accumulated 61.78%
c focused glue 7-9 used 468553 clauses 15.46% accumulated 77.24%
c focused glue 10 used 152833 clauses 5.043% accumulated 82.29%
c focused glue 11 used 134592 clauses 4.441% accumulated 86.73% tier2
c 
c stable glue 6 used 161831 clauses 4.187% accumulated 50.73% tier1
c stable glue 7 used 150825 clauses 3.902% accumulated 54.63%
c stable glue 8-12 used 904845 clauses 23.41% accumulated 78.04%
c stable glue 13 used 160397 clauses 4.150% accumulated 82.19%
c stable glue 14 used 143028 clauses 3.700% accumulated 85.90% tier2
c 
c 
c --- [ resources ] ----------------------------------------------------------
c 
c total process time since initialization:       358.20    seconds
c total real time since initialization:          358.24    seconds
c maximum resident set size of process:          174.31    MB
c 
c --- [ shutting down ] ------------------------------------------------------
c 
c exit 20
