20:05:01 # f036 worker n24-ils-s111 pid 56471 n=24 evals=60000 seed=111 start=mix
20:05:01 corpus pairs usable at n <= 24: 38
20:05:01 start k5c8: chi_f=9.000000
20:05:01 ev 0: seed #1 from k5c8: chi_f=9.000000
20:05:01 NEW CORE n24-ils-s111-c001: state n=24 e=130 chi_f=9.000000; core n=13 e=66 alpha=2 chi_f in [9, 9] wl=ce6a1ee6f7
20:05:48 ev 4671: seed #2 from k5c8: chi_f=9.000000
20:06:01 ev 5960 [99.3/s] cur=8.0000 elite=9.0000 best=9.0000 seeds=2 cores>=9: 1  top visited: 9.0000x327, 8.5000x1310, 8.0000x2616, 7.6667x143
20:06:31 ev 9334: seed #3 from corpus: chi_f=8.500000
20:07:01 ev 12899 [107.5/s] cur=7.0000 elite=8.5000 best=9.0000 seeds=3 cores>=9: 1  top visited: 9.0000x402, 8.5000x1855, 8.0000x6252, 7.6667x145
20:07:08 ev 14125: seed #4 from k5c8: chi_f=9.000000
20:07:42 ev 18737: seed #5 from random: chi_f=5.333333
20:08:01 ev 20397 [113.3/s] cur=8.0000 elite=8.0000 best=9.0000 seeds=5 cores>=9: 1  top visited: 9.0000x621, 8.5000x2957, 8.0000x9045, 7.6667x146
20:08:34 ev 24614: seed #6 from k5c8: chi_f=9.000000
20:09:01 ev 28235 [117.6/s] cur=9.0000 elite=9.0000 best=9.0000 seeds=6 cores>=9: 1  top visited: 9.0000x821, 8.5000x4134, 8.0000x12225, 7.6667x161
20:09:08 ev 29174: seed #7 from random: chi_f=6.000000
20:09:58 ev 35069: seed #8 from random: chi_f=6.000000
20:10:01 ev 35384 [117.9/s] cur=7.0000 elite=7.0000 best=9.0000 seeds=8 cores>=9: 1  top visited: 9.0000x875, 8.5000x4560, 8.0000x14979, 7.6667x161
20:11:01 ev 41190 [114.4/s] cur=7.0000 elite=8.0000 best=9.0000 seeds=8 cores>=9: 1  top visited: 9.0000x875, 8.5000x4560, 8.0000x16505, 7.6667x161
20:11:16 ev 43022: seed #9 from random: chi_f=5.500000
20:12:01 ev 47321 [112.6/s] cur=7.0000 elite=8.0000 best=9.0000 seeds=9 cores>=9: 1  top visited: 9.0000x875, 8.5000x4560, 8.0000x18055, 7.6667x161
20:12:25 ev 50393: seed #10 from k5c8: chi_f=9.000000
20:13:01 ev 55021 [114.6/s] cur=8.0000 elite=9.0000 best=9.0000 seeds=10 cores>=9: 1  top visited: 9.0000x914, 8.5000x5103, 8.0000x21763, 7.6667x162
20:13:01 ev 55079: seed #11 from k5c8: chi_f=9.000000
20:13:37 ev 59825: seed #12 from random: chi_f=6.000000
20:13:40 # DONE ev=60000 best=9.000000 seeds=12 cores>=9=1 elapsed=519s  top visited: 9.0000x989, 8.5000x5625, 8.0000x24511, 7.6667x172, 7.5000x2782, 7.3333x12, 7.2500x2, 7.2000x1
