# lean_static_resolve 2026-10-02 20:07:22
# dump=/root/earth-moon/population/f034-a4-cert/cs-a4_m12c/s/n105_n53_n95_p149_p129/dump.jsonl raw=1169742 dedup=1169742 footer={'type': 'footer', 'verdict': 'UNSAT', 'counts': {'preseed': 8300, 'prop': 1161442, 'model': 0}, 'stats': {'checks': 7124792, 'confl': 580721, 'model_rej': 0}, 'time': '2026-10-02T20:07:03+0000'}
# counters=False
$ /root/bin/cadical --lrat --no-binary --no-factor /root/earth-moon/population/f034-a4-cert/cs-a4_m12c/r/n105_n53_n95_p149_p129/round-0/F.cnf /root/earth-moon/population/f034-a4-cert/cs-a4_m12c/r/n105_n53_n95_p149_p129/round-0/F.lrat
c --- [ banner ] -------------------------------------------------------------
c 
c CaDiCaL SAT Solver
c Copyright (c) 2016-2026
c A. Biere, M. Fleury, N. Froleyks, K. Fazekas, F. Pollitt, T. Faller
c JKU Linz, University of Freiburg, TU Wien
c 
c Version 3.0.1 c60730422e758ef1cebe7aeddf2dda31c996bf04
c g++ (Ubuntu 13.3.0-6ubuntu2~24.04.1) 13.3.0 -Wall -Wextra -O3 -DNDEBUG
c Fri Oct 2 18:00:09 UTC 2026 Linux ai-math 6.8.0-139-generic x86_64
c 
c --- [ proof tracing ] ------------------------------------------------------
c 
c opening file to write '/root/earth-moon/population/f034-a4-cert/cs-a4_m12c/r/n105_n53_n95_p149_p129/round-0/F.lrat'
c writing non-binary proof trace to '/root/earth-moon/population/f034-a4-cert/cs-a4_m12c/r/n105_n53_n95_p149_p129/round-0/F.lrat'
c 
c --- [ parsing input ] ------------------------------------------------------
c 
c reading DIMACS file from '/root/earth-moon/population/f034-a4-cert/cs-a4_m12c/r/n105_n53_n95_p149_p129/round-0/F.cnf'
c opening file to read '/root/earth-moon/population/f034-a4-cert/cs-a4_m12c/r/n105_n53_n95_p149_p129/round-0/F.cnf'
c found 'p cnf 2945 1178100' header
c parsed 1178100 clauses in 0.70 seconds process time
c 
c --- [ options ] ------------------------------------------------------------
c 
c   --binary=false                 (different from default 'true')
c   --lrat=true                    (different from default 'false')
c 
c --- [ solving ] ------------------------------------------------------------
c 
c time measured in process time since initialization
c 
c  seconds   reduction conflicts       size tier2       variables
c          MB    restarts   redundant    glue  trail         remaining
c           level     rate       size/glu tier1  irredundant
c 
c *  0.71 119  0 0   0  0    0    0 0.0 0 0 2 6  0% 895462 2903 99%
c )  0.93 177  0 0   0  0    0    0 0.0 0 0 2 6  0% 895462 2903 99%
c {  0.95 178  0 0   0  0    0    0 0.0 0 0 2 6  0% 895462 2903 99%
c -  1.29 185 390 1  10  9  300   75 1.7 19 11 2 6 24% 895375 2903 99%
c i  1.43 191 211 1  13  5  583  297 1.8 19 11 2 6 18% 895340 2902 99%
c i  1.83 195 147 1  64  5  892  493 1.6 19 12 2 6 16% 895263 2901 99%
c i  1.84 195 137 1  66  5  959  508 1.6 18 11 2 6 16% 895260 2881 98%
c }  1.92 197 132 1  66  5 1002  545 1.6 18 11 2 6 16% 895257 2881 98%
c [  1.92 197  0 1  66  0 1002  545 0.0 0 0 2 6  0% 895257 2881 98%
c O  1.93 197  9 1  66 10 1003  546 2.5 5 2 2 6 17% 895257 2881 98%
c -  2.35 266 21 2  66  1 1145  284 2.3 24 10 2 6 34% 877283 2881 98%
c ]  2.79 266 20 2  67  2 2298 1146 1.9 24 13 2 6 31% 877213 2881 98%
c {  2.79 266 132 2  67  5 2298 1146 1.6 18 11 2 6 16% 877213 2881 98%
c i  3.02 266 111 2  91  5 2537 1316 1.6 19 12 2 6 17% 877175 2880 98%
c i  3.07 266 110 2  96  5 2554 1331 1.6 19 12 2 6 17% 877175 2879 98%
c i  3.24 266 104 2 123  5 2653 1401 1.6 19 12 2 6 17% 877157 2878 98%
c i  3.25 266 104 2 123  5 2657 1402 1.6 19 12 2 6 17% 877155 2850 97%
c i  3.46 266 98 2 151  5 2765 1477 1.5 20 13 2 6 16% 877138 2848 97%
c i  3.46 266 98 2 151  5 2769 1478 1.5 19 13 2 6 16% 877137 2846 97%
c -  3.67 266 97 3 152  5 2786  570 1.5 19 13 2 6 16% 877096 2846 97%
c 
c  seconds   reduction conflicts       size   tier2       variables
c          MB    restarts   redundant     glue   trail         remaining
c           level     rate       size/glue  tier1  irredundant
c 
c i  3.75 266 96 3 155  5 2823  602 1.5 20 13 2 6 16% 877096 2839 96%
c i  3.75 266 95 3 156  5 2824  602 1.5 20 13 2 6 16% 877096 2826 96%
c O  4.13 266 88 3 204  5 3005  746 1.5 20 13 2 6 16% 877077 2826 96%
c 2  4.54 267 71 3 219  4 3543 1208 1.7 22 13 2 6 18% 877059 2807 95%
c d  4.59 267 71 3 219  4 3543 1197 1.7 22 13 2 6 18% 877001 2806 95%
c p  4.60 267 71 3 219  4 3543 1210 1.7 22 13 2 6 18% 877001 2780 94%
c =  5.00 270 71 3 219  4 3543 1204 1.7 22 13 2 6 18% 876924 2745 93%
c t  5.01 270 71 3 219  4 3543 1197 1.7 22 13 2 6 18% 876920 2745 93%
c i  5.38 270 66 3 257  4 3802 1390 1.7 21 13 2 6 17% 876895 2712 92%
c i  5.38 270 66 3 258  4 3804 1391 1.7 21 13 2 6 17% 876895 2710 92%
c i  5.85 270 59 3 306  4 4261 1757 1.6 21 13 2 6 18% 876895 2709 92%
c i  5.99 270 58 3 326  4 4339 1811 1.6 21 13 2 6 18% 876884 2698 92%
c i  6.05 270 58 3 334  4 4371 1834 1.6 21 13 2 6 18% 876882 2696 92%
c i  6.32 270 57 3 368  4 4509 1928 1.6 21 13 2 6 18% 876872 2690 91%
c i  6.32 270 57 3 368  4 4510 1928 1.6 21 13 2 6 18% 876872 2671 91%
c }  7.24 270 53 3 469  4 4965 2292 1.6 21 14 2 6 18% 876864 2671 91%
c [  7.24 270 20 3 469  2 4965 2292 1.9 24 13 2 6 31% 876864 2671 91%
c -  7.56 270 22 4 469  1 5350  949 1.8 24 14 10 16 29% 876782 2671 91%
c I  7.75 270 23 4 470  1 6007 1519 1.7 24 14 9 16 27% 876782 2671 91%
c 2  7.80 270 23 4 470  1 6044 1551 1.7 24 14 9 16 27% 876782 2657 90%
c 
c  seconds   reduction conflicts       size   tier2        variables
c          MB    restarts   redundant     glue    trail         remaining
c           level     rate       size/glue  tier1   irredundant
c 
c d  7.85 270 23 4 470  1 6044 1551 1.7 24 14 9 16 27% 876760 2656 90%
c k  7.86 270 23 4 470  1 6044 1551 1.7 24 14 9 16 27% 876760 2646 90%
c 2  7.86 270 23 4 470  1 6044 1550 1.7 24 14 9 16 27% 876760 2646 90%
c t  8.13 272 23 4 470  1 6044 1545 1.7 24 14 9 16 27% 876744 2646 90%
c -  9.08 272 22 5 471  1 8903 1484 1.7 22 12 8 16  8% 876744 2646 90%
c 2  9.08 272 22 5 471  1 8903 1484 1.7 22 12 8 16  8% 876744 2638 90%
c B  9.68 272 22 5 472  1 10008 2420 1.8 22 12 7 15  9% 876751 2638 90%
c ] 10.54 272 22 5 473  1 12112 4169 1.8 23 13 7 15 11% 876751 2638 90%
c { 10.54 272 53 5 473  4 12112 4169 1.6 21 14 2 6 20% 876751 2638 90%
c - 11.29 272 42 6 526  4 13485 4469 1.5 20 13 7 16 17% 876737 2638 90%
c 2 11.29 272 42 6 526  4 13485 4469 1.5 20 13 7 16 17% 876737 2598 88%
c = 11.58 272 42 6 526  4 13485 4469 1.5 20 13 7 16 17% 876689 2597 88%
c u 11.78 272 42 6 526  4 13485 4385 1.5 20 13 7 16 17% 876689 2597 88%
c v 11.86 272 42 6 526  4 13485 4379 1.5 20 13 7 16 17% 876689 2597 88%
c w 11.90 272 42 6 526  4 13485 4375 1.5 20 13 7 16 17% 876689 2597 88%
c x 12.04 272 42 6 526  4 13485 4375 1.5 20 13 7 16 17% 876688 2597 88%
c t 12.05 272 42 6 526  4 13485 4374 1.5 20 13 7 16 17% 876688 2597 88%
c # 12.26 272 35 6 526  3 15010 5242 1.5 19 12 7 16 15% 876688 2597 88%
c s 13.38 273 31 6 602  3 16539 6264 1.5 19 12 7 16 14% 876638 2597 88%
c t 13.41 273 31 6 602  3 16539 6264 1.5 19 12 7 16 14% 876630 2597 88%
c 
c  seconds   reductions conflicts       size   tier2        variables
c          MB    restarts    redundant     glue    trail        remaining
c           level     rate        size/glue  tier1   irredundant
c 
c e 13.60 273 31 6 602  3 16539 5972 1.5 19 12 7 16 14% 872469 362 12%
c s 13.64 273 31 6 602  3 16539 5971 1.5 19 12 7 16 14% 872454 362 12%
c - 15.64 273 29 7 771  2 19125 7471 1.6 19 12 7 16 21% 872454 362 12%
c p 15.65 273 29 7 771  2 19125 7477 1.6 19 12 7 16 21% 872454 362 12%
c B 18.02 273 27 7 1051  2 21012 8883 1.5 19 12 7 16 22% 872454 362 12%
c } 20.33 273 25 7 1288  2 25473 12232 1.6 19 12 8 14 23% 872454 362 12%
c [ 20.34 273 22 7 1288  1 25473 12232 1.8 23 13 7 15 80% 872454 362 12%
c - 20.75 273 22 8 1289  1 25835 9751 1.8 23 13 7 15 77% 872454 362 12%
c p 20.79 273 22 8 1289  1 25835 9753 1.8 23 13 7 15 77% 872454 362 12%
c W 22.22 273 21 8 1289  1 28014 11287 1.7 23 14 7 15 64% 872461 362 12%
c - 23.60 273 22 9 1292  1 33632 10832 1.6 24 15 7 15 49% 872461 362 12%
c p 23.62 273 22 9 1292  1 33632 10840 1.6 24 15 7 15 49% 872461 362 12%
c u 24.24 273 22 9 1292  1 33632 10773 1.6 24 15 7 15 49% 872461 362 12%
c v 24.35 273 22 9 1292  1 33632 10771 1.6 24 15 7 15 49% 872461 362 12%
c w 24.39 273 22 9 1292  1 33632 10768 1.6 24 15 7 15 49% 872461 362 12%
c x 24.55 273 22 9 1292  1 33632 10768 1.6 24 15 7 15 49% 872461 362 12%
c O 25.01 273 22 9 1295  1 36015 12434 1.5 24 15 7 15 44% 872461 362 12%
c - 26.88 273 21 10 1297  1 42529 12363 1.5 22 15 10 18 39% 872461 362 12%
c ] 27.45 273 21 10 1297  1 44703 13844 1.5 22 15 10 18 38% 872461 362 12%
c { 27.45 273 25 10 1297  2 44703 13844 1.6 19 12 8 14 23% 872461 362 12%
c 
c  seconds   reductions   conflicts        size   tier2        variables
c          MB     restarts      redundant     glue    trail        remaining
c           level       rate         size/glue  tier1   irredundant
c 
c W 28.34 273 25 10 1352  2 45019 14081 1.6 19 12 8 14 23% 872461 362 12%
c - 32.90 273 23 11 1893  2 52533 15768 1.6 19 12 8 14 23% 872461 362 12%
c p 32.92 273 23 11 1893  2 52533 15770 1.6 19 12 8 14 23% 872461 362 12%
c u 33.13 273 23 11 1893  2 52533 15747 1.6 19 12 8 14 23% 872461 362 12%
c v 33.22 273 23 11 1893  2 52533 15746 1.6 19 12 8 14 23% 872461 362 12%
c w 33.26 273 23 11 1893  2 52533 15743 1.6 19 12 8 14 23% 872461 362 12%
c x 33.41 273 23 11 1893  2 52533 15743 1.6 19 12 8 14 23% 872460 362 12%
c F 34.73 273 22 11 2067  2 55021 17498 1.6 19 12 8 14 23% 872460 362 12%
c s 40.47 273 22 11 2911  2 61482 22618 1.6 20 13 8 14 24% 872420 362 12%
c e 40.68 273 22 11 2911  2 61482 22569 1.6 20 13 8 14 24% 872419 360 12%
c s 40.72 273 22 11 2911  2 61482 22554 1.6 20 13 8 14 24% 872381 360 12%
c - 41.92 274 22 12 2948  2 63654 19324 1.6 20 13 8 14 24% 872381 360 12%
c p 41.98 274 22 12 2948  2 63654 19332 1.6 20 13 8 14 24% 872381 360 12%
c } 43.41 274 22 12 3005  2 64065 19627 1.6 20 13 8 14 24% 872381 360 12%
c [ 43.41 274 21 12 3005  1 64065 19627 1.5 22 15 10 18 38% 872381 360 12%
c B 43.78 274 20 12 3005  1 66022 21022 1.5 22 15 10 18 36% 872381 360 12%
c - 46.45 274 21 13 3010  1 75895 21570 1.5 22 15 9 17 33% 872381 360 12%
c p 46.49 274 21 13 3010  1 75895 21578 1.5 22 15 9 17 33% 872381 360 12%
c u 46.77 274 21 13 3010  1 75895 21506 1.5 22 15 9 17 33% 872381 360 12%
c v 46.90 274 21 13 3010  1 75895 21506 1.5 22 15 9 17 33% 872381 360 12%
c 
c  seconds   reductions   conflicts        size   tier2        variables
c          MB     restarts      redundant     glue    trail        remaining
c           level       rate         size/glue  tier1   irredundant
c 
c w 46.96 274 21 13 3010  1 75895 21505 1.5 22 15 9 17 33% 872381 360 12%
c x 47.17 274 21 13 3010  1 75895 21505 1.5 22 15 9 17 33% 872381 360 12%
c W 48.67 274 21 13 3011  1 78025 23043 1.5 22 15 9 17 32% 872381 360 12%
c - 52.21 274 21 14 3018  1 89262 22241 1.5 23 16 9 17 31% 872381 360 12%
c I 52.86 274 21 14 3019  1 91026 23461 1.5 23 16 9 17 31% 872381 360 12%
c ] 54.44 274 20 14 3021  1 103526 31747 1.5 21 15 9 17 28% 872381 360 12%
c { 54.44 274 22 14 3021  2 103526 31747 1.6 20 13 8 14 24% 872381 360 12%
c - 54.81 274 22 15 3039  2 103759 25646 1.6 20 13 8 14 24% 872381 360 12%
c p 54.83 274 22 15 3039  2 103759 25653 1.6 20 13 8 14 24% 872381 360 12%
c u 55.06 274 22 15 3039  2 103759 25633 1.6 20 13 8 14 24% 872381 360 12%
c v 55.16 274 22 15 3039  2 103759 25633 1.6 20 13 8 14 24% 872381 360 12%
c w 55.20 274 22 15 3039  2 103759 25633 1.6 20 13 8 14 24% 872381 360 12%
c x 55.34 274 22 15 3039  2 103759 25633 1.6 20 13 8 14 24% 872381 360 12%
c B 55.59 274 22 15 3039  2 105028 26495 1.6 20 12 8 14 24% 872381 360 12%
c - 63.95 275 21 16 3906  2 119385 32382 1.7 20 12 8 14 25% 872381 360 12%
c p 64.00 275 21 16 3906  2 119385 32390 1.7 20 12 8 14 25% 872381 360 12%
c u 65.16 275 21 16 3906  2 119385 32375 1.7 20 12 8 14 25% 872381 360 12%
c v 65.25 275 21 16 3906  2 119385 32372 1.7 20 12 8 14 25% 872381 360 12%
c w 65.29 275 21 16 3906  2 119385 32371 1.7 20 12 8 14 25% 872381 360 12%
c x 65.43 275 21 16 3906  2 119385 32371 1.7 20 12 8 14 25% 872376 360 12%
c 
c  seconds   reductions   conflicts         size   tier2        variables
c          MB     restarts       redundant     glue    trail        remaining
c           level       rate          size/glue  tier1   irredundant
c 
c W 67.68 275 21 16 4064  2 120029 32876 1.7 20 12 8 14 25% 872376 360 12%
c s 74.52 275 21 16 5123  2 128941 39205 1.6 20 12 8 14 24% 872307 360 12%
c s 74.79 275 21 16 5123  2 128941 39179 1.6 20 12 8 14 24% 872254 360 12%
c # 79.80 275 20 16 5653  2 136030 44432 1.6 20 12 8 14 24% 872254 360 12%
c - 80.22 275 20 17 5683  2 136148 33164 1.6 20 12 7 13 24% 872254 360 12%
c p 80.27 275 20 17 5683  2 136148 33172 1.6 20 12 7 13 24% 872254 360 12%
c u 80.61 275 20 17 5683  2 136148 33115 1.6 20 12 7 13 24% 872254 360 12%
c v 80.73 275 20 17 5683  2 136148 33113 1.6 20 12 7 13 24% 872254 360 12%
c w 80.79 275 20 17 5683  2 136148 33113 1.6 20 12 7 13 24% 872254 360 12%
c x 80.98 275 20 17 5683  2 136148 33113 1.6 20 12 7 13 24% 872252 360 12%
c } 81.07 275 20 17 5687  2 136169 33128 1.6 20 12 7 13 24% 872252 360 12%
c [ 81.07 275 20 17 5687  1 136169 33128 1.5 21 15 9 17 28% 872252 360 12%
c B 86.00 275 20 17 5688  1 153032 44563 1.5 22 15 9 17 27% 872252 360 12%
c - 86.54 275 20 18 5689  1 154049 31858 1.4 22 15 9 17 27% 872252 360 12%
c p 86.60 275 20 18 5689  1 154049 31870 1.4 22 15 9 17 27% 872252 360 12%
c W 90.47 275 21 18 5699  1 171036 43985 1.4 22 16 9 17 26% 872252 360 12%
c - 91.10 275 21 19 5700  1 173090 30889 1.4 22 16 9 17 26% 872252 360 12%
c p 91.14 275 21 19 5700  1 173090 30901 1.4 22 16 9 17 26% 872252 360 12%
c u 91.46 275 21 19 5700  1 173090 30845 1.4 22 16 9 17 26% 872252 360 12%
c v 91.60 275 21 19 5700  1 173090 30841 1.4 22 16 9 17 26% 872252 360 12%
c 
c  seconds   reductions   conflicts         size   tier2        variables
c          MB     restarts       redundant     glue    trail        remaining
c           level       rate          size/glue  tier1   irredundant
c 
c w 91.68 275 21 19 5700  1 173090 30841 1.4 22 16 9 17 26% 872252 360 12%
c x 91.89 275 21 19 5700  1 173090 30841 1.4 22 16 9 17 26% 872240 360 12%
c ] 96.34 275 22 19 5704  1 187847 41722 1.4 23 16 9 17 26% 872240 360 12%
c { 96.34 275 20 19 5704  2 187847 41722 1.6 20 12 7 13 24% 872240 360 12%
c B 98.15 275 20 19 5910  2 190038 43352 1.6 20 12 7 13 24% 872240 360 12%
c - 99.75 275 20 20 6061  2 193278 32624 1.6 20 12 7 13 24% 872240 360 12%
c p 99.79 275 20 20 6061  2 193278 32636 1.6 20 12 7 13 24% 872240 360 12%
c u 100.04 275 20 20 6061  2 193278 32626 1.6 20 12 7 13 24% 872240 360 12%
c v 100.14 275 20 20 6061  2 193278 32626 1.6 20 12 7 13 24% 872240 360 12%
c w 100.19 275 20 20 6061  2 193278 32626 1.6 20 12 7 13 24% 872240 360 12%
c x 100.34 275 20 20 6061  2 193278 32626 1.6 20 12 7 13 24% 872234 360 12%
c W 108.85 275 19 20 7079  2 210040 42207 1.6 19 12 7 12 23% 872234 360 12%
c - 112.11 275 18 21 7319  2 214606 36905 1.6 19 12 7 12 23% 872234 360 12%
c p 112.17 275 18 21 7319  2 214606 36917 1.6 19 12 7 12 23% 872234 360 12%
c u 113.46 275 18 21 7319  2 214606 36863 1.6 19 12 7 12 23% 872234 360 12%
c v 113.56 275 18 21 7319  2 214606 36862 1.6 19 12 7 12 23% 872234 360 12%
c w 113.62 275 18 21 7319  2 214606 36860 1.6 19 12 7 12 23% 872234 360 12%
c x 113.79 275 18 21 7319  2 214606 36859 1.6 19 12 7 12 23% 872232 360 12%
c s 118.21 275 19 21 8008  2 218882 39687 1.6 19 12 7 12 23% 872146 360 12%
c s 118.47 275 19 21 8008  2 218882 39683 1.6 19 12 7 12 23% 872117 360 12%
c 
c  seconds    reductions   conflicts         size   tier2        variables
c           MB     restarts       redundant     glue    trail        remaining
c            level       rate          size/glue  tier1   irredundant
c 
c F 126.38 275 18 21 8972  2 231041 48091 1.6 19 12 7 12 23% 872117 360 12%
c - 129.66 276 18 22 9196  2 237081 43890 1.6 19 12 7 12 23% 872117 360 12%
c p 129.70 276 18 22 9196  2 237081 43902 1.6 19 12 7 12 23% 872117 360 12%
c u 130.02 276 18 22 9196  2 237081 43864 1.6 19 12 7 12 23% 872117 360 12%
c v 130.15 276 18 22 9196  2 237081 43862 1.6 19 12 7 12 23% 872117 360 12%
c w 130.23 276 18 22 9196  2 237081 43858 1.6 19 12 7 12 23% 872117 360 12%
c x 130.45 276 18 22 9196  2 237081 43858 1.6 19 12 7 12 23% 872114 360 12%
c } 133.64 276 18 22 9556  2 240308 46224 1.6 19 12 7 12 23% 872114 360 12%
c [ 133.64 276 22 22 9556  1 240308 46224 1.4 23 16 9 17 26% 872114 360 12%
c O 136.07 276 22 22 9563  1 253044 56030 1.4 22 16 9 17 26% 872114 360 12%
c - 138.05 276 22 23 9568  1 260701 47914 1.4 23 16 9 17 26% 872114 360 12%
c p 138.10 276 22 23 9568  1 260701 47926 1.4 23 16 9 17 26% 872114 360 12%
c u 138.41 276 22 23 9568  1 260701 47848 1.4 23 16 9 17 26% 872114 360 12%
c v 138.52 276 22 23 9568  1 260701 47846 1.4 23 16 9 17 26% 872114 360 12%
c w 138.58 276 22 23 9568  1 260701 47846 1.4 23 16 9 17 26% 872114 360 12%
c x 138.74 276 22 23 9568  1 260701 47846 1.4 23 16 9 17 26% 872107 360 12%
c B 142.49 276 22 23 9570  1 276049 59309 1.4 23 16 10 18 26% 872107 360 12%
c - 145.59 276 22 24 9570  1 285470 47230 1.4 23 16 10 18 26% 872107 360 12%
c p 145.64 276 22 24 9570  1 285470 47242 1.4 23 16 10 18 26% 872107 360 12%
c u 145.91 276 22 24 9570  1 285470 47185 1.4 23 16 10 18 26% 872107 360 12%
c 
c  seconds    reductions   conflicts         size    tier2        variables
c           MB     restarts       redundant     glue     trail        remaining
c            level       rate          size/glue  tier1    irredundant
c 
c v 146.03 276 22 24 9570  1 285470 47183 1.4 23 16 10 18 26% 872107 360 12%
c w 146.08 276 22 24 9570  1 285470 47182 1.4 23 16 10 18 26% 872107 360 12%
c x 146.26 276 22 24 9570  1 285470 47181 1.4 23 16 10 18 26% 872104 360 12%
c W 152.12 276 22 24 9571  1 300050 58555 1.4 23 16 10 18 26% 872104 360 12%
c ] 154.77 276 21 24 9571  1 308674 65230 1.5 23 16 10 18 27% 872104 360 12%
c { 154.77 276 18 24 9571  2 308674 65230 1.6 19 12 7 12 23% 872104 360 12%
c - 157.98 276 18 25 10038  2 311391 49870 1.6 19 12 7 12 23% 872104 360 12%
c p 158.04 276 18 25 10038  2 311391 49882 1.6 19 12 7 12 23% 872104 360 12%
c u 158.36 276 18 25 10038  2 311391 49812 1.6 19 12 7 12 23% 872104 360 12%
c v 158.52 276 18 25 10038  2 311391 49812 1.6 19 12 7 12 23% 872104 360 12%
c w 158.60 276 18 25 10038  2 311391 49809 1.6 19 12 7 12 23% 872104 360 12%
c x 158.83 276 18 25 10038  2 311391 49809 1.6 19 12 7 12 23% 872097 360 12%
c B 171.47 276 19 25 12047  2 325052 59812 1.6 19 12 7 12 23% 872097 360 12%
c s 174.49 276 18 25 12246  2 331306 64595 1.6 19 12 7 12 23% 872006 360 12%
c s 174.78 276 18 25 12246  2 331306 64572 1.6 19 12 7 12 23% 871923 360 12%
c - 177.29 276 18 26 12313  2 338461 51567 1.6 19 12 6 12 23% 871923 360 12%
c p 177.35 276 18 26 12313  2 338461 51579 1.6 19 12 6 12 23% 871923 360 12%
c u 177.71 276 18 26 12313  2 338461 51499 1.6 19 12 6 12 23% 871923 360 12%
c v 177.86 276 18 26 12313  2 338461 51494 1.6 19 12 6 12 23% 871923 360 12%
c w 177.94 276 18 26 12313  2 338461 51492 1.6 19 12 6 12 23% 871923 360 12%
c 
c  seconds    reductions    conflicts         size   tier2        variables
c           MB      restarts       redundant     glue    trail        remaining
c            level        rate          size/glue  tier1   irredundant
c 
c x 178.20 276 18 26 12313  2 338461 51490 1.6 19 12 6 12 23% 871904 360 12%
c W 184.68 276 18 26 12983  2 351053 60155 1.6 19 12 6 12 23% 871904 360 12%
c - 195.92 277 18 27 14644  2 366683 55835 1.6 19 12 6 12 23% 871904 360 12%
c p 195.96 277 18 27 14644  2 366683 55843 1.6 19 12 6 12 23% 871904 360 12%
c u 197.96 277 18 27 14644  2 366683 55804 1.6 19 12 6 12 23% 871904 360 12%
c v 198.13 277 18 27 14644  2 366683 55799 1.6 19 12 6 12 23% 871904 360 12%
c w 198.22 277 18 27 14644  2 366683 55797 1.6 19 12 6 12 23% 871904 360 12%
c x 198.49 277 18 27 14644  2 366683 55797 1.6 19 12 6 12 23% 871903 360 12%
c } 203.21 277 18 27 15282  2 371212 59116 1.5 19 12 6 12 23% 871903 360 12%
c [ 203.21 277 21 27 15282  1 371212 59116 1.5 23 16 10 18 27% 871903 360 12%
c I 205.53 277 21 27 15282  1 378055 63767 1.5 23 16 10 18 26% 871903 360 12%
c - 212.17 277 21 28 15289  1 396057 56394 1.5 22 15 10 18 26% 871903 360 12%
c p 212.23 277 21 28 15289  1 396057 56406 1.5 22 15 10 18 26% 871903 360 12%
c u 212.59 277 21 28 15289  1 396057 56385 1.5 22 15 10 18 26% 871903 360 12%
c v 212.74 277 21 28 15289  1 396057 56381 1.5 22 15 10 18 26% 871903 360 12%
c w 212.83 277 21 28 15289  1 396057 56380 1.5 22 15 10 18 26% 871903 360 12%
c x 213.08 277 21 28 15289  1 396057 56379 1.5 22 15 10 18 26% 871881 360 12%
c B 216.92 277 20 28 15296  1 406057 63301 1.5 22 15 9 17 26% 871881 360 12%
c - 224.67 277 20 29 15304  1 426588 55903 1.5 23 15 9 17 27% 871881 360 12%
c p 224.71 277 20 29 15304  1 426588 55915 1.5 23 15 9 17 27% 871881 360 12%
c 
c  seconds    reductions    conflicts         size   tier2        variables
c           MB      restarts       redundant     glue    trail        remaining
c            level        rate          size/glue  tier1   irredundant
c 
c u 225.07 277 20 29 15304  1 426588 55864 1.5 23 15 9 17 27% 871881 360 12%
c v 225.25 277 20 29 15304  1 426588 55850 1.5 23 15 9 17 27% 871881 360 12%
c w 225.32 277 20 29 15304  1 426588 55845 1.5 23 15 9 17 27% 871881 360 12%
c x 225.57 277 20 29 15304  1 426588 55845 1.5 23 15 9 17 27% 871850 360 12%
c W 229.78 277 20 29 15308  1 435059 62075 1.5 23 15 9 17 27% 871850 360 12%
c ] 235.83 277 21 29 15313  1 453919 77847 1.5 24 16 9 17 27% 871850 360 12%
c { 235.83 277 18 29 15313  2 453919 77847 1.5 19 12 6 12 23% 871850 360 12%
c - 239.48 277 18 30 15754  2 458272 57037 1.5 19 12 6 12 23% 871850 360 12%
c p 239.53 277 18 30 15754  2 458272 57049 1.5 19 12 6 12 23% 871850 360 12%
c u 239.93 277 18 30 15754  2 458272 56988 1.5 19 12 6 12 23% 871850 360 12%
c v 240.07 277 18 30 15754  2 458272 56982 1.5 19 12 6 12 23% 871850 360 12%
c w 240.14 277 18 30 15754  2 458272 56977 1.5 19 12 6 12 23% 871850 360 12%
c x 240.41 277 18 30 15754  2 458272 56977 1.5 19 12 6 12 23% 871827 360 12%
c # 245.02 277 18 30 16186  2 465060 61646 1.5 19 12 6 12 23% 871827 360 12%
c s 246.21 277 18 30 16311  2 466211 62495 1.5 19 12 6 12 23% 871665 360 12%
c e 246.43 277 18 30 16311  2 466211 62369 1.5 19 12 6 12 23% 871665 359 12%
c s 246.51 277 18 30 16311  2 466211 62340 1.5 19 12 6 12 23% 871495 359 12%
c - 265.05 277 17 31 18445  2 491110 62774 1.5 19 12 6 12 23% 871495 359 12%
c p 265.11 277 17 31 18445  2 491110 62782 1.5 19 12 6 12 23% 871495 359 12%
c u 265.58 277 17 31 18445  2 491110 62693 1.5 19 12 6 12 23% 871495 359 12%
c 
c  seconds    reductions    conflicts         size   tier2        variables
c           MB      restarts       redundant     glue    trail        remaining
c            level        rate          size/glue  tier1   irredundant
c 
c v 265.79 277 17 31 18445  2 491110 62679 1.5 19 12 6 12 23% 871495 359 12%
c w 265.87 277 17 31 18445  2 491110 62672 1.5 19 12 6 12 23% 871495 359 12%
c x 266.21 277 17 31 18445  2 491110 62672 1.5 19 12 6 12 23% 871476 359 12%
c B 270.72 277 17 31 19200  2 496061 66291 1.5 19 12 6 12 23% 871476 359 12%
c - 291.30 278 17 32 21910  2 525101 69387 1.5 19 12 6 12 23% 871476 359 12%
c p 291.40 278 17 32 21910  2 525101 69412 1.5 19 12 6 12 23% 871476 359 12%
c u 291.84 278 17 32 21910  2 525101 69063 1.5 19 12 6 12 23% 871476 359 12%
c v 292.04 278 17 32 21910  2 525101 69024 1.5 19 12 6 12 23% 871476 359 12%
c w 292.16 278 17 32 21910  2 525101 69009 1.5 19 12 6 12 23% 871476 359 12%
c x 292.53 278 17 32 21910  2 525101 69004 1.5 19 12 6 12 23% 871420 359 12%
c t 292.54 278 17 32 21910  2 525101 69001 1.5 19 12 6 12 23% 871420 359 12%
c W 298.85 278 17 32 22303  2 528062 71216 1.5 19 13 6 12 23% 871420 359 12%
c } 302.21 278 17 32 22721  2 532111 74119 1.5 19 13 5 12 23% 871420 359 12%
c [ 302.21 278 21 32 22721  1 532111 74119 1.5 24 16 9 17 27% 871420 359 12%
c - 311.61 277 20 33 22730  1 560250 62155 1.5 23 15 9 17 27% 871420 359 12%
c p 311.66 277 20 33 22730  1 560250 62178 1.5 23 15 9 17 27% 871420 359 12%
c u 312.08 277 20 33 22730  1 560250 62112 1.5 23 15 9 17 27% 871420 359 12%
c v 312.29 277 20 33 22730  1 560250 62109 1.5 23 15 9 17 27% 871420 359 12%
c w 312.38 277 20 33 22730  1 560250 62106 1.5 23 15 9 17 27% 871420 359 12%
c x 312.67 277 20 33 22730  1 560250 62105 1.5 23 15 9 17 27% 871408 359 12%
c 
c  seconds    reductions    conflicts         size   tier2        variables
c           MB      restarts       redundant     glue    trail        remaining
c            level        rate          size/glue  tier1   irredundant
c 
c O 313.25 277 20 33 22731  1 561065 62681 1.5 23 15 9 17 27% 871408 359 12%
c B 323.61 277 20 33 22746  1 595066 85223 1.5 23 15 9 17 27% 871408 359 12%
c - 324.42 277 20 34 22747  1 596557 57657 1.5 23 15 9 17 27% 871408 359 12%
c p 324.49 277 20 34 22747  1 596557 57678 1.5 23 15 9 17 27% 871408 359 12%
c u 326.00 285 20 34 22747  1 596557 57537 1.5 23 15 9 17 27% 871408 359 12%
c v 326.14 285 20 34 22747  1 596557 57534 1.5 23 15 9 17 27% 871408 359 12%
c w 326.21 285 20 34 22747  1 596557 57532 1.5 23 15 9 17 27% 871408 359 12%
c x 326.40 285 20 34 22747  1 596557 57532 1.5 23 15 9 17 27% 871405 359 12%
c s 334.23 285 19 34 22752  1 623647 76236 1.5 22 15 9 17 26% 871012 359 12%
c s 334.53 285 19 34 22752  1 623647 76213 1.5 22 15 9 17 26% 870721 359 12%
c W 338.02 285 19 34 22753  1 630067 80706 1.5 22 15 9 17 26% 870721 359 12%
c - 339.02 285 20 35 22753  1 634020 57146 1.5 22 15 9 17 26% 870721 359 12%
c p 339.10 285 20 35 22753  1 634020 57167 1.5 22 15 9 17 26% 870721 359 12%
c u 339.47 285 20 35 22753  1 634020 57067 1.5 22 15 9 17 26% 870721 359 12%
c v 339.62 285 20 35 22753  1 634020 57051 1.5 22 15 9 17 26% 870721 359 12%
c w 339.70 285 20 35 22753  1 634020 57050 1.5 22 15 9 17 26% 870721 359 12%
c x 339.95 285 20 35 22753  1 634020 57050 1.5 22 15 9 17 26% 870696 359 12%
c ] 345.96 285 19 35 22753  1 650333 69779 1.5 23 15 9 17 26% 870696 359 12%
c { 345.96 285 17 35 22753  2 650333 69779 1.5 19 13 5 12 23% 870696 359 12%
c F 352.34 285 17 35 23586  2 666068 80026 1.5 19 12 5 12 23% 870696 359 12%
c 
c  seconds    reductions    conflicts         size   tier2        variables
c           MB      restarts       redundant     glue    trail        remaining
c            level        rate          size/glue  tier1   irredundant
c 
c - 357.04 286 17 36 24092  2 672637 63353 1.5 19 12 5 12 23% 870696 359 12%
c p 357.11 286 17 36 24092  2 672637 63372 1.5 19 12 5 12 23% 870696 359 12%
c u 357.56 286 17 36 24092  2 672637 63269 1.5 19 12 5 12 23% 870696 359 12%
c v 357.76 286 17 36 24092  2 672637 63245 1.5 19 12 5 12 23% 870696 359 12%
c w 357.86 286 17 36 24092  2 672637 63227 1.5 19 12 5 12 23% 870696 359 12%
c x 358.20 286 17 36 24092  2 672637 63226 1.5 19 12 5 12 23% 870690 359 12%
c B 376.88 286 17 36 26563  2 703072 84407 1.5 19 12 5 12 23% 870690 359 12%
c - 382.05 286 17 37 27247  1 712410 71127 1.5 19 12 5 12 23% 870690 359 12%
c p 382.11 286 17 37 27247  1 712410 71147 1.5 19 12 5 12 23% 870690 359 12%
c u 382.57 286 17 37 27247  1 712410 71049 1.5 19 12 5 12 23% 870690 359 12%
c v 382.80 286 17 37 27247  1 712410 71048 1.5 19 12 5 12 23% 870690 359 12%
c w 382.90 286 17 37 27247  1 712410 71046 1.5 19 12 5 12 23% 870690 359 12%
c x 383.22 286 17 37 27247  1 712410 71046 1.5 19 12 5 12 23% 870675 359 12%
c W 402.44 286 17 37 29685  1 741075 91322 1.5 19 12 5 12 23% 870675 359 12%
c - 411.59 287 17 38 30924  1 753344 76226 1.5 19 12 5 12 23% 870675 359 12%
c p 411.68 287 17 38 30924  1 753344 76248 1.5 19 12 5 12 23% 870675 359 12%
c u 412.25 287 17 38 30924  1 753344 76142 1.5 19 12 5 12 23% 870675 359 12%
c v 412.51 287 17 38 30924  1 753344 76136 1.5 19 12 5 12 23% 870675 359 12%
c w 412.63 287 17 38 30924  1 753344 76133 1.5 19 12 5 12 23% 870675 359 12%
c x 413.03 287 17 38 30924  1 753344 76133 1.5 19 12 5 12 23% 870650 359 12%
c 
c  seconds    reductions    conflicts         size   tier2        variables
c           MB      restarts       redundant     glue    trail        remaining
c            level        rate          size/glue  tier1   irredundant
c 
c } 419.82 287 17 38 31480  1 771243 90138 1.6 19 12 5 12 23% 870650 359 12%
c [ 419.82 287 19 38 31480  1 771243 90138 1.5 23 15 9 17 26% 870650 359 12%
c I 423.10 287 19 38 31480  1 780077 96575 1.5 22 15 9 17 26% 870650 359 12%
c - 427.92 287 20 39 31481  1 795435 82173 1.5 23 15 8 17 27% 870650 359 12%
c p 428.01 287 20 39 31481  1 795435 82195 1.5 23 15 8 17 27% 870650 359 12%
c u 428.41 287 20 39 31481  1 795435 82028 1.5 23 15 8 17 27% 870650 359 12%
c v 428.62 287 20 39 31481  1 795435 82026 1.5 23 15 8 17 27% 870650 359 12%
c w 428.73 287 20 39 31481  1 795435 82025 1.5 23 15 8 17 27% 870650 359 12%
c x 429.04 287 20 39 31481  1 795435 82025 1.5 23 15 8 17 27% 870588 359 12%
c s 431.05 287 20 39 31481  1 803554 88450 1.5 23 15 8 17 26% 870017 359 12%
c e 431.27 287 20 39 31481  1 803554 88127 1.5 23 15 8 17 26% 870017 358 12%
c s 431.39 287 20 39 31481  1 803554 88115 1.5 23 15 8 17 26% 869722 358 12%
c B 436.81 287 20 39 31481  1 820078 102116 1.5 23 15 8 17 27% 869722 358 12%
c - 442.79 287 21 40 31481  1 838690 81234 1.5 23 15 8 17 27% 869722 358 12%
c p 442.89 287 21 40 31481  1 838690 81255 1.5 23 15 8 17 27% 869722 358 12%
c u 443.39 287 21 40 31481  1 838690 81204 1.5 23 15 8 17 27% 869722 358 12%
c v 443.63 287 21 40 31481  1 838690 81197 1.5 23 15 8 17 27% 869722 358 12%
c w 443.75 287 21 40 31481  1 838690 81196 1.5 23 15 8 17 27% 869722 358 12%
c x 444.10 287 21 40 31481  1 838690 81196 1.5 23 15 8 17 27% 869688 358 12%
c W 452.95 287 21 40 31488  1 861084 99897 1.5 24 15 8 17 27% 869688 358 12%
c 
c  seconds    reductions    conflicts         size   tier2        variables
c           MB      restarts       redundant     glue    trail        remaining
c            level        rate          size/glue  tier1   irredundant
c 
c - 458.09 287 21 41 31496  1 883093 76517 1.5 24 15 8 17 26% 869688 358 12%
c p 458.20 287 21 41 31496  1 883093 76537 1.5 24 15 8 17 26% 869688 358 12%
c u 458.68 287 21 41 31496  1 883093 76481 1.5 24 15 8 17 26% 869688 358 12%
c v 458.88 287 21 41 31496  1 883093 76471 1.5 24 15 8 17 26% 869688 358 12%
c w 458.97 287 21 41 31496  1 883093 76471 1.5 24 15 8 17 26% 869688 358 12%
c x 459.26 287 21 41 31496  1 883093 76471 1.5 24 15 8 17 26% 869682 358 12%
c O 464.15 287 21 41 31509  1 903086 91591 1.5 23 16 8 17 26% 869682 358 12%
c ] 470.77 287 21 41 31512  1 928205 109593 1.5 23 16 8 17 25% 869682 358 12%
c { 470.77 287 17 41 31512  1 928205 109593 1.6 19 12 5 12 23% 869682 358 12%
c - 471.46 286 17 42 31542  1 928655 73107 1.6 19 12 5 12 23% 869682 358 12%
c p 471.56 286 17 42 31542  1 928655 73128 1.6 19 12 5 12 23% 869682 358 12%
c u 473.91 287 17 42 31542  1 928655 73082 1.6 19 12 5 12 23% 869682 358 12%
c v 474.10 287 17 42 31542  1 928655 73057 1.6 19 12 5 12 23% 869682 358 12%
c w 474.20 287 17 42 31542  1 928655 73055 1.6 19 12 5 12 23% 869682 358 12%
c x 474.49 287 17 42 31542  1 928655 73055 1.6 19 12 5 12 23% 869669 358 12%
c # 484.55 287 17 42 32694  1 946087 85450 1.6 19 12 5 12 24% 869669 358 12%
c - 501.48 288 16 43 34638  1 975376 81658 1.6 19 12 5 12 23% 869669 358 12%
c p 501.56 288 16 43 34638  1 975376 81679 1.6 19 12 5 12 23% 869669 358 12%
c u 502.01 288 16 43 34638  1 975376 81569 1.6 19 12 5 12 23% 869669 358 12%
c v 502.24 288 16 43 34638  1 975376 81545 1.6 19 12 5 12 23% 869669 358 12%
c 
c  seconds    reductions    conflicts         size   tier2        variables
c           MB      restarts       redundant     glue    trail        remaining
c            level        rate          size/glue  tier1   irredundant
c 
c w 502.37 288 16 43 34638  1 975376 81540 1.6 19 12 5 12 23% 869669 358 12%
c x 502.72 288 16 43 34638  1 975376 81539 1.6 19 12 5 12 23% 869622 358 12%
c B 511.36 288 17 43 36128  1 990088 92023 1.6 19 12 5 12 23% 869622 358 12%
c s 520.36 288 17 43 37430  1 1005990 103906 1.6 19 12 5 12 23% 869413 358 12%
c s 520.72 288 17 43 37430  1 1005990 103890 1.6 19 12 5 12 23% 868968 358 12%
c - 532.43 289 17 44 38902  1 1023261 93687 1.6 20 12 5 12 24% 868968 358 12%
c p 532.51 289 17 44 38902  1 1023261 93708 1.6 20 12 5 12 24% 868968 358 12%
c u 533.02 289 17 44 38902  1 1023261 93528 1.6 20 12 5 12 24% 868968 358 12%
c v 533.25 289 17 44 38902  1 1023261 93486 1.6 20 12 5 12 24% 868968 358 12%
c w 533.40 289 17 44 38902  1 1023261 93480 1.6 20 12 5 12 24% 868968 358 12%
c x 533.77 289 17 44 38902  1 1023261 93479 1.6 20 12 5 12 24% 868917 358 12%
c W 544.25 289 17 44 39810  1 1035089 102280 1.6 20 12 5 12 24% 868917 358 12%
c } 564.00 289 17 44 42135  1 1066130 124822 1.6 20 12 4 12 24% 868917 358 12%
c [ 564.00 289 21 44 42135  1 1066130 124822 1.5 23 16 8 17 25% 868917 358 12%
c - 566.19 289 20 45 42137  1 1072296 92627 1.5 23 15 8 17 25% 868917 358 12%
c p 566.27 289 20 45 42137  1 1072296 92648 1.5 23 15 8 17 25% 868917 358 12%
c u 566.83 289 20 45 42137  1 1072296 92515 1.5 23 15 8 17 25% 868917 358 12%
c v 567.10 289 20 45 42137  1 1072296 92496 1.5 23 15 8 17 25% 868917 358 12%
c w 567.24 289 20 45 42137  1 1072296 92496 1.5 23 15 8 17 25% 868917 358 12%
c x 567.64 289 20 45 42137  1 1072296 92493 1.5 23 15 8 17 25% 868831 358 12%
c 
c  seconds    reductions     conflicts         size   tier2        variables
c           MB      restarts        redundant     glue    trail        remaining
c            level        rate           size/glue  tier1   irredundant
c 
c B 569.60 289 20 45 42142  1 1081091 99270 1.5 23 15 8 17 25% 868831 358 12%
c - 577.71 288 19 46 42162  1 1122492 88571 1.5 22 15 8 17 25% 868831 358 12%
c p 577.78 288 19 46 42162  1 1122492 88592 1.5 22 15 8 17 25% 868831 358 12%
c u 578.16 288 19 46 42162  1 1122492 88478 1.5 22 15 8 17 25% 868831 358 12%
c v 578.33 288 19 46 42162  1 1122492 88447 1.5 22 15 8 17 25% 868831 358 12%
c w 578.42 288 19 46 42162  1 1122492 88444 1.5 22 15 8 17 25% 868831 358 12%
c x 578.65 288 19 46 42162  1 1122492 88443 1.5 22 15 8 17 25% 868744 358 12%
c W 580.88 288 19 46 42164  1 1128092 91447 1.5 22 15 8 17 24% 868744 358 12%
c - 595.51 288 19 47 42167  1 1173847 80674 1.5 23 15 8 17 25% 868744 358 12%
c p 595.58 288 19 47 42167  1 1173847 80695 1.5 23 15 8 17 25% 868744 358 12%
c u 596.09 288 19 47 42167  1 1173847 80494 1.5 23 15 8 17 25% 868744 358 12%
c v 596.30 288 19 47 42167  1 1173847 80470 1.5 23 15 8 17 25% 868744 358 12%
c w 596.41 288 19 47 42167  1 1173847 80469 1.5 23 15 8 17 25% 868744 358 12%
c x 596.81 288 19 47 42167  1 1173847 80469 1.5 23 15 8 17 25% 868737 358 12%
c I 597.77 288 19 47 42167  1 1176094 82238 1.5 23 15 8 17 25% 868737 358 12%
c B 612.72 288 18 47 42186  1 1225095 116398 1.6 23 14 8 17 26% 868737 358 12%
c - 613.46 288 18 48 42187  1 1226364 80431 1.6 23 14 8 17 26% 868737 358 12%
c p 613.51 288 18 48 42187  1 1226364 80452 1.6 23 14 8 17 26% 868737 358 12%
c u 613.92 288 18 48 42187  1 1226364 80299 1.6 23 14 8 17 26% 868737 358 12%
c v 614.14 288 18 48 42187  1 1226364 80251 1.6 23 14 8 17 26% 868737 358 12%
c 
c  seconds    reductions     conflicts         size   tier2        variables
c           MB      restarts        redundant     glue    trail        remaining
c            level        rate           size/glue  tier1   irredundant
c 
c w 614.26 288 18 48 42187  1 1226364 80250 1.6 23 14 8 17 26% 868737 358 12%
c x 614.62 288 18 48 42187  1 1226364 80250 1.6 23 14 8 17 26% 868718 358 12%
c s 616.32 288 18 48 42189  1 1230893 83370 1.6 23 15 8 17 26% 868439 358 12%
c s 616.67 288 18 48 42189  1 1230893 83320 1.6 23 15 8 17 26% 867990 358 12%
c ] 623.45 288 19 48 42197  1 1252001 97570 1.5 23 15 8 16 26% 867990 358 12%
c { 623.45 288 17 48 42197  1 1252001 97570 1.6 20 12 4 12 24% 867990 358 12%
c F 636.90 288 17 48 43939  1 1275096 113585 1.6 20 13 4 12 24% 867990 358 12%
c - 638.65 288 17 49 44078  1 1280043 83835 1.6 20 12 4 12 24% 867990 358 12%
c p 638.73 288 17 49 44078  1 1280043 83856 1.6 20 12 4 12 24% 867990 358 12%
c u 639.39 288 17 49 44078  1 1280043 83685 1.6 20 12 4 12 24% 867990 358 12%
c v 639.73 288 17 49 44078  1 1280043 83653 1.6 20 12 4 12 24% 867990 358 12%
c w 639.91 288 17 49 44078  1 1280043 83653 1.6 20 12 4 12 24% 867990 358 12%
c x 640.44 288 17 49 44078  1 1280043 83653 1.6 20 12 4 12 24% 867948 358 12%
c B 671.90 288 16 49 47886  1 1326100 115426 1.6 19 12 4 12 24% 867948 358 12%
c - 677.66 288 16 50 48553  1 1334871 91182 1.6 19 13 4 12 24% 867948 358 12%
c p 677.72 288 16 50 48553  1 1334871 91203 1.6 19 13 4 12 24% 867948 358 12%
c u 678.32 288 16 50 48553  1 1334871 91054 1.6 19 13 4 12 24% 867948 358 12%
c v 678.65 288 16 50 48553  1 1334871 91006 1.6 19 13 4 12 24% 867948 358 12%
c w 678.82 288 16 50 48553  1 1334871 91006 1.6 19 13 4 12 24% 867948 358 12%
c x 679.21 288 16 50 48553  1 1334871 91002 1.6 19 13 4 12 24% 867853 358 12%
c 
c  seconds    reductions     conflicts          size   tier2        variables
c           MB      restarts        redundant      glue    trail        remaining
c            level        rate            size/glue  tier1   irredundant
c 
c W 707.92 288 16 50 51781  1 1378102 122607 1.6 20 12 4 12 24% 867853 358 12%
c - 716.62 289 16 51 52533  1 1390863 97046 1.6 20 12 4 11 24% 867853 358 12%
c p 716.72 289 16 51 52533  1 1390863 97067 1.6 20 12 4 11 24% 867853 358 12%
c u 720.63 289 16 51 52533  1 1390863 97004 1.6 20 12 4 11 24% 867853 358 12%
c v 720.97 289 16 51 52533  1 1390863 96976 1.6 20 12 4 11 24% 867853 358 12%
c w 721.15 289 16 51 52533  1 1390863 96974 1.6 20 12 4 11 24% 867853 358 12%
c x 721.67 289 16 51 52533  1 1390863 96974 1.6 20 12 4 11 24% 867800 358 12%
c } 738.86 289 16 51 55020  1 1429996 122753 1.6 19 12 4 11 23% 867800 358 12%
c [ 738.86 289 19 51 55020  1 1429996 122753 1.5 23 15 8 16 26% 867800 358 12%
c W 740.14 289 19 51 55020  1 1431103 123547 1.5 23 15 8 16 26% 867800 358 12%
c - 745.57 289 18 52 55021  1 1448015 99896 1.5 22 15 8 16 25% 867800 358 12%
c p 745.65 289 18 52 55021  1 1448015 99917 1.5 22 15 8 16 25% 867800 358 12%
c u 746.03 289 18 52 55021  1 1448015 99716 1.5 22 15 8 16 25% 867800 358 12%
c v 746.19 289 18 52 55021  1 1448015 99683 1.5 22 15 8 16 25% 867800 358 12%
c w 746.32 289 18 52 55021  1 1448015 99683 1.5 22 15 8 16 25% 867800 358 12%
c x 746.61 289 18 52 55021  1 1448015 99672 1.5 22 15 8 16 25% 867727 358 12%
c s 757.46 289 18 52 55036  1 1478253 121013 1.6 22 14 8 16 26% 867163 358 12%
c s 757.85 289 18 52 55036  1 1478253 120983 1.6 22 14 8 16 26% 866780 358 12%
c O 759.65 289 18 52 55039  1 1485104 125415 1.5 22 14 8 16 25% 866780 358 12%
c - 764.29 288 18 53 55050  1 1506328 93994 1.5 22 15 8 16 25% 866780 358 12%
c 
c  seconds    reductions     conflicts         size   tier2        variables
c           MB      restarts        redundant     glue    trail        remaining
c            level        rate           size/glue  tier1   irredundant
c 
c p 764.35 288 18 53 55050  1 1506328 94015 1.5 22 15 8 16 25% 866780 358 12%
c u 764.68 288 18 53 55050  1 1506328 93835 1.5 22 15 8 16 25% 866780 358 12%
c v 764.86 288 18 53 55050  1 1506328 93792 1.5 22 15 8 16 25% 866780 358 12%
c w 764.97 288 18 53 55050  1 1506328 93789 1.5 22 15 8 16 25% 866780 358 12%
c x 765.30 288 18 53 55050  1 1506328 93786 1.5 22 15 8 16 25% 866652 358 12%
c B 774.30 288 19 53 55053  1 1540106 119623 1.5 23 15 7 16 25% 866652 358 12%
c - 781.15 288 18 54 55054  1 1565788 90254 1.5 22 15 7 16 25% 866652 358 12%
c p 781.22 288 18 54 55054  1 1565788 90275 1.5 22 15 7 16 25% 866652 358 12%
c u 781.70 288 18 54 55054  1 1565788 90162 1.5 22 15 7 16 25% 866652 358 12%
c v 781.94 288 18 54 55054  1 1565788 90155 1.5 22 15 7 16 25% 866652 358 12%
c w 782.05 288 18 54 55054  1 1565788 90151 1.5 22 15 7 16 25% 866652 358 12%
c x 782.41 288 18 54 55054  1 1565788 90150 1.5 22 15 7 16 25% 866577 358 12%
c W 794.01 288 17 54 55054  1 1596108 110250 1.5 21 14 7 16 24% 866577 358 12%
c - 804.73 288 17 55 55054  1 1626407 91995 1.5 21 14 7 16 24% 866577 358 12%
c p 804.80 288 17 55 55054  1 1626407 92016 1.5 21 14 7 16 24% 866577 358 12%
c u 805.44 288 17 55 55054  1 1626407 91978 1.5 21 14 7 16 24% 866577 358 12%
c v 805.72 288 17 55 55054  1 1626407 91957 1.5 21 14 7 16 24% 866577 358 12%
c w 805.86 288 17 55 55054  1 1626407 91957 1.5 21 14 7 16 24% 866577 358 12%
c x 806.19 288 17 55 55054  1 1626407 91944 1.5 21 14 7 16 24% 866525 358 12%
c I 815.04 288 17 55 55055  1 1653110 110818 1.6 21 14 7 16 25% 866525 358 12%
c 
c  seconds    reductions     conflicts          size   tier2        variables
c           MB      restarts        redundant      glue    trail        remaining
c            level        rate            size/glue  tier1   irredundant
c 
c ] 816.03 288 17 55 55055  1 1655370 112371 1.6 21 14 7 16 25% 866525 358 12%
c { 816.03 288 16 55 55055  1 1655370 112371 1.6 19 12 4 11 23% 866525 358 12%
c - 834.08 289 16 56 57556  1 1688189 100609 1.6 19 12 4 11 24% 866525 358 12%
c p 834.17 289 16 56 57556  1 1688189 100635 1.6 19 12 4 11 24% 866525 358 12%
c u 834.82 289 16 56 57556  1 1688189 100534 1.6 19 12 4 11 24% 866525 358 12%
c v 835.15 289 16 56 57556  1 1688189 100501 1.6 19 12 4 11 24% 866525 358 12%
c w 835.31 289 16 56 57556  1 1688189 100499 1.6 19 12 4 11 24% 866525 358 12%
c x 835.68 289 16 56 57556  1 1688189 100498 1.6 19 12 4 11 24% 866170 358 12%
c # 844.48 289 15 56 58296  1 1711114 115502 1.6 19 12 4 11 23% 866170 358 12%
c s 867.35 289 15 56 61469  1 1748049 141181 1.6 19 12 4 11 23% 864878 358 12%
c s 867.77 289 15 56 61469  1 1748049 141152 1.6 19 12 4 11 23% 863947 358 12%
c - 870.59 289 15 57 61857  1 1751132 107764 1.6 19 12 4 11 23% 863947 358 12%
c p 870.67 289 15 57 61857  1 1751132 107789 1.6 19 12 4 11 23% 863947 358 12%
c u 871.40 289 15 57 61857  1 1751132 107725 1.6 19 12 4 11 23% 863947 358 12%
c v 871.74 289 15 57 61857  1 1751132 107685 1.6 19 12 4 11 23% 863947 358 12%
c w 871.92 289 15 57 61857  1 1751132 107676 1.6 19 12 4 11 23% 863947 358 12%
c x 872.31 289 15 57 61857  1 1751132 107666 1.6 19 12 4 11 23% 863828 358 12%
c B 882.19 289 15 57 62759  1 1770115 120985 1.6 19 12 4 11 23% 863828 358 12%
c - 909.00 290 16 58 66820  1 1815194 114191 1.6 19 12 4 11 23% 863828 358 12%
c p 909.09 290 16 58 66820  1 1815194 114216 1.6 19 12 4 11 23% 863828 358 12%
c 
c  seconds    reductions     conflicts          size   tier2        variables
c           MB      restarts        redundant      glue    trail        remaining
c            level        rate            size/glue  tier1   irredundant
c 
c u 909.89 290 16 58 66820  1 1815194 114147 1.6 19 12 4 11 23% 863828 358 12%
c v 910.25 290 16 58 66820  1 1815194 114117 1.6 19 12 4 11 23% 863828 358 12%
c w 910.45 290 16 58 66820  1 1815194 114109 1.6 19 12 4 11 23% 863828 358 12%
c x 910.96 290 16 58 66820  1 1815194 114109 1.6 19 12 4 11 23% 863761 358 12%
c W 923.23 290 15 58 67582  1 1830117 124241 1.6 19 12 4 11 24% 863761 358 12%
c i 931.64 290 15 58 68220  1 1845002 133864 1.6 19 12 4 11 24% 863761 357 12%
c } 939.91 290 15 58 69323  1 1861879 145074 1.6 19 12 4 11 23% 863761 357 12%
c [ 939.91 290 17 58 69323  1 1861879 145074 1.6 21 14 7 16 25% 863761 357 12%
c - 945.71 280 16 59 69323  1 1880420 117968 1.6 21 13 7 16 25% 738660 357 12%
c p 945.76 280 16 59 69323  1 1880420 117976 1.6 21 13 7 16 25% 738660 357 12%
c u 946.41 280 16 59 69323  1 1880420 117862 1.6 21 13 7 16 25% 738660 357 12%
c v 946.73 280 16 59 69323  1 1880420 117853 1.6 21 13 7 16 25% 738660 357 12%
c w 946.87 280 16 59 69323  1 1880420 117839 1.6 21 13 7 16 25% 738660 357 12%
c x 947.30 280 16 59 69323  1 1880420 117836 1.6 21 13 7 16 25% 738633 357 12%
c B 950.56 280 17 59 69323  1 1891120 125402 1.6 22 14 7 16 25% 738633 357 12%
c - 967.65 215 16 60 69323  1 1944475 109342 1.6 21 14 7 16 26% 738633 357 12%
c p 967.70 215 16 60 69323  1 1944475 109350 1.6 21 14 7 16 26% 738633 357 12%
c u 968.14 215 16 60 69323  1 1944475 109206 1.6 21 14 7 16 26% 738633 357 12%
c v 968.38 215 16 60 69323  1 1944475 109191 1.6 21 14 7 16 26% 738633 357 12%
c w 968.51 215 16 60 69323  1 1944475 109189 1.6 21 14 7 16 26% 738633 357 12%
c 
c  seconds    reductions     conflicts          size   tier2        variables
c           MB      restarts        redundant      glue    trail        remaining
c            level        rate            size/glue  tier1   irredundant
c 
c x 968.87 215 16 60 69323  1 1944475 109187 1.6 21 14 7 16 26% 738607 357 12%
c W 973.80 215 16 60 69323  1 1953121 114375 1.5 21 14 7 16 25% 738607 357 12%
c - 988.43 278 16 61 69343  1 2009611 104039 1.6 20 13 7 16 26% 738607 357 12%
c p 988.49 278 16 61 69343  1 2009611 104047 1.6 20 13 7 16 26% 738607 357 12%
c u 990.85 278 16 61 69343  1 2009611 103916 1.6 20 13 7 16 26% 738607 357 12%
c v 991.13 278 16 61 69343  1 2009611 103888 1.6 20 13 7 16 26% 738607 357 12%
c w 991.27 278 16 61 69343  1 2009611 103885 1.6 20 13 7 16 26% 738607 357 12%
c x 991.67 278 16 61 69343  1 2009611 103885 1.6 20 13 7 16 26% 738582 357 12%
c O 993.64 278 16 61 69345  1 2016123 108732 1.5 21 13 7 16 26% 738582 357 12%
c s 1000.68 278 16 61 69354  1 2040206 126295 1.6 21 13 7 15 26% 737885 357 12%
c e 1000.86 278 16 61 69354  1 2040206 126295 1.6 21 13 7 15 26% 737884 356 12%
c s 1001.10 278 16 61 69354  1 2040206 126269 1.6 21 13 7 15 26% 737361 356 12%
c - 1010.66 215 16 62 69368  1 2075829 108689 1.6 21 13 7 15 25% 737361 356 12%
c p 1010.70 215 16 62 69368  1 2075829 108697 1.6 21 13 7 15 25% 737361 356 12%
c u 1011.13 215 16 62 69368  1 2075829 108556 1.6 21 13 7 15 25% 737361 356 12%
c v 1011.33 215 16 62 69368  1 2075829 108527 1.6 21 13 7 15 25% 737361 356 12%
c w 1011.45 215 16 62 69368  1 2075829 108526 1.6 21 13 7 15 25% 737361 356 12%
c x 1011.83 215 16 62 69368  1 2075829 108526 1.6 21 13 7 15 25% 737358 356 12%
c B 1013.08 215 16 62 69369  1 2080125 111455 1.6 21 13 7 15 25% 737358 356 12%
c ] 1027.44 215 16 62 69385  1 2137082 150130 1.5 21 14 6 15 25% 737358 356 12%
c 
c   seconds    reductions     conflicts          size   tier2        variables
c            MB      restarts        redundant      glue    trail        remaining
c             level        rate            size/glue  tier1   irredundant
c 
c { 1027.44 215 15 62 69385  1 2137082 150130 1.6 19 12 4 11 23% 737358 356 12%
c - 1029.54 278 15 63 69590  1 2143102 103728 1.6 19 12 4 11 23% 737358 356 12%
c p 1029.59 278 15 63 69590  1 2143102 103736 1.6 19 12 4 11 23% 737358 356 12%
c u 1030.14 278 15 63 69590  1 2143102 103637 1.6 19 12 4 11 23% 737358 356 12%
c v 1030.41 278 15 63 69590  1 2143102 103635 1.6 19 12 4 11 23% 737358 356 12%
c w 1030.54 278 15 63 69590  1 2143102 103632 1.6 19 12 4 11 23% 737358 356 12%
c x 1030.95 278 15 63 69590  1 2143102 103632 1.6 19 12 4 11 23% 737350 356 12%
c F 1032.40 278 15 63 69722  1 2145127 105106 1.6 19 12 4 11 23% 737350 356 12%
c B 1064.74 278 15 63 74747  1 2211128 148425 1.6 18 12 4 11 23% 737350 356 12%
c - 1064.98 279 15 64 74747  1 2211456 110779 1.6 18 12 4 11 23% 737350 356 12%
c p 1065.04 279 15 64 74747  1 2211456 110787 1.6 18 12 4 11 23% 737350 356 12%
c u 1065.95 279 15 64 74747  1 2211456 110711 1.6 18 12 4 11 23% 737350 356 12%
c v 1066.38 279 15 64 74747  1 2211456 110698 1.6 18 12 4 11 23% 737350 356 12%
c w 1066.61 279 15 64 74747  1 2211456 110698 1.6 18 12 4 11 23% 737350 356 12%
c x 1067.25 279 15 64 74747  1 2211456 110697 1.6 18 12 4 11 23% 737328 356 12%
c W 1110.14 279 15 64 79664  1 2278129 155763 1.6 18 12 4 11 24% 737328 356 12%
c - 1111.08 280 15 65 79696  1 2280892 123081 1.6 18 12 4 11 24% 737328 356 12%
c d 1111.20 280 15 65 79696  1 2280892 115505 1.6 18 12 4 11 24% 737326 355 12%
c p 1111.26 280 15 65 79696  1 2280892 115513 1.6 18 12 4 11 24% 737326 355 12%
c u 1111.91 280 15 65 79696  1 2280892 115311 1.6 18 12 4 11 24% 737326 355 12%
c 
c   seconds    reductions     conflicts          size   tier2        variables
c            MB      restarts        redundant      glue    trail        remaining
c             level        rate            size/glue  tier1   irredundant
c 
c v 1112.27 280 15 65 79696  1 2280892 115296 1.6 18 12 4 11 24% 737326 355 12%
c w 1112.45 280 15 65 79696  1 2280892 115290 1.6 18 12 4 11 24% 737326 355 12%
c x 1112.94 280 15 65 79696  1 2280892 115283 1.6 18 12 4 11 24% 737297 355 12%
c # 1146.29 280 14 65 84288  1 2346130 156119 1.5 18 12 4 11 23% 737297 355 12%
c s 1148.40 280 14 65 84565  1 2348662 157712 1.5 18 12 4 11 23% 735830 355 12%
c e 1148.59 280 14 65 84565  1 2348662 157709 1.5 18 12 4 11 23% 735830 353 12%
c s 1148.86 280 14 65 84565  1 2348662 157667 1.5 18 12 4 11 23% 734230 353 12%
c - 1150.86 215 14 66 84802  1 2351407 124374 1.5 18 12 4 11 23% 734230 353 12%
c p 1150.91 215 14 66 84802  1 2351407 124382 1.5 18 12 4 11 23% 734230 353 12%
c u 1151.59 215 14 66 84802  1 2351407 124221 1.5 18 12 4 11 23% 734230 353 12%
c v 1151.91 215 14 66 84802  1 2351407 124200 1.5 18 12 4 11 23% 734230 353 12%
c w 1152.08 215 14 66 84802  1 2351407 124194 1.5 18 12 4 11 23% 734230 353 12%
c x 1152.49 215 14 66 84802  1 2351407 124190 1.5 18 12 4 11 23% 734055 353 12%
c } 1170.30 231 14 66 87579  1 2392266 150797 1.5 18 12 4 11 23% 734055 353 12%
c [ 1170.30 231 16 66 87579  1 2392266 150797 1.5 21 14 6 15 25% 734055 353 12%
c W 1179.14 235 17 66 87580  1 2415132 168898 1.5 21 14 6 15 25% 734055 353 12%
c - 1181.14 264 17 67 87580  1 2422934 127693 1.5 21 14 6 15 25% 734055 353 12%
c p 1181.20 264 17 67 87580  1 2422934 127701 1.5 21 14 6 15 25% 734055 353 12%
c u 1181.76 264 17 67 87580  1 2422934 127513 1.5 21 14 6 15 25% 734055 353 12%
c v 1182.01 264 17 67 87580  1 2422934 127484 1.5 21 14 6 15 25% 734055 353 12%
c 
c   seconds    reductions     conflicts          size   tier2        variables
c            MB      restarts        redundant      glue    trail        remaining
c             level        rate            size/glue  tier1   irredundant
c 
c w 1182.19 264 17 67 87580  1 2422934 127482 1.5 21 14 6 15 25% 734055 353 12%
c x 1182.63 264 17 67 87580  1 2422934 127481 1.5 21 14 6 15 25% 733999 353 12%
c I 1199.85 264 17 67 87610  1 2485134 168517 1.5 21 14 6 15 25% 733999 353 12%
c - 1203.89 263 17 68 87611  1 2495538 122729 1.5 21 14 6 15 25% 733999 353 12%
c p 1203.94 263 17 68 87611  1 2495538 122737 1.5 21 14 6 15 25% 733999 353 12%
c u 1204.63 263 17 68 87611  1 2495538 122688 1.5 21 14 6 15 25% 733999 353 12%
c v 1204.90 263 17 68 87611  1 2495538 122642 1.5 21 14 6 15 25% 733999 353 12%
c w 1205.06 263 17 68 87611  1 2495538 122616 1.5 21 14 6 15 25% 733999 353 12%
c x 1205.47 263 17 68 87611  1 2495538 122614 1.5 21 14 6 15 25% 733948 353 12%
c B 1226.95 263 16 68 87635  1 2556135 164793 1.6 20 13 6 15 24% 733948 353 12%
c - 1231.32 264 16 69 87641  1 2569219 125392 1.6 20 13 6 15 24% 733948 353 12%
c p 1231.37 264 16 69 87641  1 2569219 125400 1.6 20 13 6 15 24% 733948 353 12%
c u 1232.01 264 16 69 87641  1 2569219 125269 1.6 20 13 6 15 24% 733948 353 12%
c v 1232.36 264 16 69 87641  1 2569219 125259 1.6 20 13 6 15 24% 733948 353 12%
c w 1232.51 264 16 69 87641  1 2569219 125253 1.6 20 13 6 15 24% 733948 353 12%
c x 1232.91 264 16 69 87641  1 2569219 125240 1.6 20 13 6 15 24% 733877 353 12%
c W 1253.99 264 15 69 87644  1 2628136 164369 1.6 19 12 6 15 24% 733877 353 12%
c - 1259.91 199 15 70 87644  1 2643978 128120 1.6 19 13 6 15 25% 733877 353 12%
c p 1259.96 199 15 70 87644  1 2643978 128128 1.6 19 13 6 15 25% 733877 353 12%
c u 1260.72 199 15 70 87644  1 2643978 128053 1.6 19 13 6 15 25% 733877 353 12%
c 
c   seconds    reductions     conflicts          size   tier2        variables
c            MB      restarts        redundant      glue    trail        remaining
c             level        rate            size/glue  tier1   irredundant
c 
c v 1261.12 199 15 70 87644  1 2643978 128044 1.6 19 13 6 15 25% 733877 353 12%
c w 1261.31 199 15 70 87644  1 2643978 128036 1.6 19 13 6 15 25% 733877 353 12%
c x 1261.87 199 15 70 87644  1 2643978 128031 1.6 19 13 6 15 25% 733818 353 12%
c s 1273.60 226 16 70 87644  1 2679333 153001 1.5 20 13 6 15 25% 732202 353 12%
c s 1274.07 228 16 70 87644  1 2679333 152950 1.5 20 13 6 15 25% 730970 353 12%
c ] 1275.31 228 16 70 87644  1 2681520 154557 1.5 20 13 6 15 25% 730970 353 12%
c { 1275.31 228 14 70 87644  1 2681520 154557 1.5 18 12 4 11 23% 730970 353 12%
c B 1284.97 228 14 70 88923  1 2701139 167610 1.5 18 11 4 11 23% 730970 353 12%
c - 1292.38 292 14 71 89630  1 2719816 130947 1.6 18 11 4 11 23% 730970 353 12%
c p 1292.44 292 14 71 89630  1 2719816 130955 1.6 18 11 4 11 23% 730970 353 12%
c u 1293.15 292 14 71 89630  1 2719816 130793 1.6 18 11 4 11 23% 730970 353 12%
c v 1293.55 292 14 71 89630  1 2719816 130783 1.6 18 11 4 11 23% 730970 353 12%
c w 1293.75 292 14 71 89630  1 2719816 130776 1.6 18 11 4 11 23% 730970 353 12%
c x 1294.20 292 14 71 89630  1 2719816 130774 1.6 18 11 4 11 23% 730939 353 12%
c W 1320.43 292 14 71 92281  1 2775140 165370 1.5 17 11 4 11 23% 730939 353 12%
c - 1334.27 292 14 72 94433  1 2796662 136719 1.5 17 11 4 11 23% 730939 353 12%
c p 1334.32 292 14 72 94433  1 2796662 136727 1.5 17 11 4 11 23% 730939 353 12%
c u 1338.87 292 14 72 94433  1 2796662 136641 1.5 17 11 4 11 23% 730939 353 12%
c v 1339.29 292 14 72 94433  1 2796662 136555 1.5 17 11 4 11 23% 730939 353 12%
c w 1339.52 292 14 72 94433  1 2796662 136527 1.5 17 11 4 11 23% 730939 353 12%
c 
c   seconds    reductions     conflicts          size   tier2        variables
c            MB      restarts        redundant      glue    trail        remaining
c             level        rate            size/glue  tier1   irredundant
c 
c x 1340.17 292 14 72 94433  1 2796662 136526 1.5 17 11 4 11 23% 730907 353 12%
c t 1340.18 292 14 72 94433  1 2796662 136525 1.5 17 11 4 11 23% 730907 353 12%
c F 1362.17 292 13 72 97314  1 2850143 168177 1.5 17 11 4 11 23% 730907 353 12%
c - 1376.48 293 13 73 99183  1 2874589 145875 1.5 17 11 4 11 23% 730907 353 12%
c p 1376.53 293 13 73 99183  1 2874589 145883 1.5 17 11 4 11 23% 730907 353 12%
c u 1377.05 293 13 73 99183  1 2874589 145677 1.5 17 11 4 11 23% 730907 353 12%
c v 1377.37 293 13 73 99183  1 2874589 145655 1.5 17 11 4 11 23% 730907 353 12%
c w 1377.53 293 13 73 99183  1 2874589 145625 1.5 17 11 4 11 23% 730907 353 12%
c x 1377.90 293 13 73 99183  1 2874589 145619 1.5 17 11 4 11 23% 730659 353 12%
c i 1389.90 293 13 73 100303  1 2912200 166508 1.5 16 10 4 10 23% 730659 352 12%
c B 1397.76 293 13 73 102713  1 2926145 175752 1.5 16 11 4 10 23% 730659 352 12%
c - 1409.83 282 13 74 103982  1 2953591 98213 1.5 16 11 4 10 23% 655349 352 12%
c 2 1409.83 282 13 74 103982  1 2953591 98213 1.5 16 11 4 10 23% 655348 352 12%
c p 1409.87 282 13 74 103982  1 2953591 98223 1.5 16 11 4 10 23% 655348 352 12%
c u 1410.49 282 13 74 103982  1 2953591 97990 1.5 16 11 4 10 23% 655348 352 12%
c v 1410.83 282 13 74 103982  1 2953591 97966 1.5 16 11 4 10 23% 655348 352 12%
c w 1410.98 282 13 74 103982  1 2953591 97917 1.5 16 11 4 10 23% 655348 352 12%
c x 1411.37 282 13 74 103982  1 2953591 97903 1.5 16 11 4 10 23% 655242 352 12%
c t 1411.37 282 13 74 103982  1 2953591 97902 1.5 16 11 4 10 23% 655241 352 12%
c } 1434.61 282 13 74 108582  1 3002463 129779 1.5 16 11 4 10 23% 655241 352 12%
c 
c   seconds    reductions      conflicts          size   tier2        variables
c            MB      restarts         redundant      glue    trail        remaining
c             level         rate            size/glue  tier1   irredundant
c 
c [ 1434.61 282 16 74 108582  1 3002463 129779 1.5 20 13 6 15 25% 655241 352 12%
c O 1434.90 282 16 74 108582  1 3003148 130150 1.5 20 13 6 15 25% 655241 352 12%
c - 1441.09 284 16 75 108594  1 3031636 110772 1.5 20 13 6 15 25% 655241 352 12%
c p 1441.14 284 16 75 108594  1 3031636 110784 1.5 20 13 6 15 25% 655241 352 12%
c u 1441.84 284 16 75 108594  1 3031636 110592 1.5 20 13 6 15 25% 655239 352 12%
c v 1442.17 284 16 75 108594  1 3031636 110570 1.5 20 13 6 15 25% 655239 352 12%
c w 1442.34 284 16 75 108594  1 3031636 110544 1.5 20 13 6 15 25% 655239 352 12%
c x 1442.91 284 16 75 108594  1 3031636 110540 1.5 20 13 6 15 25% 655175 352 12%
c t 1442.91 284 16 75 108594  1 3031636 110515 1.5 20 13 6 15 25% 655174 352 12%
c s 1443.40 284 16 75 108595  1 3031844 110610 1.5 20 13 6 15 25% 653034 352 12%
c e 1443.55 284 16 75 108595  1 3031844 110435 1.5 20 13 6 15 25% 653031 350 12%
c s 1443.87 284 16 75 108595  1 3031844 110384 1.5 20 13 6 15 25% 651085 350 12%
c B 1457.40 284 17 75 108613  1 3081150 146734 1.5 20 14 6 15 24% 651085 350 12%
c - 1464.30 228 16 76 108622  1 3110700 121039 1.5 20 13 6 15 23% 651085 350 12%
c p 1464.35 228 16 76 108622  1 3110700 121050 1.5 20 13 6 15 23% 651085 350 12%
c u 1464.92 228 16 76 108622  1 3110700 120977 1.5 20 13 6 15 23% 651085 350 12%
c v 1465.21 228 16 76 108622  1 3110700 120963 1.5 20 13 6 15 23% 651085 350 12%
c w 1465.36 228 16 76 108622  1 3110700 120961 1.5 20 13 6 15 23% 651085 350 12%
c x 1465.79 228 16 76 108622  1 3110700 120960 1.5 20 13 6 15 23% 651030 350 12%
c t 1465.79 228 16 76 108622  1 3110700 120960 1.5 20 13 6 15 23% 651027 350 12%
c 
c   seconds    reductions      conflicts          size   tier2        variables
c            MB      restarts         redundant      glue    trail        remaining
c             level         rate            size/glue  tier1   irredundant
c 
c W 1483.15 228 17 76 108643  1 3160152 159085 1.5 20 13 6 15 23% 651027 350 12%
c - 1490.84 284 17 77 108645  1 3190666 119836 1.5 20 13 6 15 23% 651027 350 12%
c p 1490.89 284 17 77 108645  1 3190666 119847 1.5 20 13 6 15 23% 651027 350 12%
c u 1491.40 284 17 77 108645  1 3190666 119736 1.5 20 13 6 15 23% 651027 350 12%
c v 1491.68 284 17 77 108645  1 3190666 119716 1.5 20 13 6 15 23% 651027 350 12%
c w 1491.82 284 17 77 108645  1 3190666 119666 1.5 20 13 6 15 23% 651027 350 12%
c x 1492.26 284 17 77 108645  1 3190666 119665 1.5 20 13 6 15 23% 651001 350 12%
c t 1492.27 284 17 77 108645  1 3190666 119665 1.5 20 13 6 15 23% 650999 350 12%
c I 1505.82 284 18 77 108660  1 3240153 157872 1.5 21 14 6 15 24% 650999 350 12%
c - 1516.22 228 17 78 108675  1 3271655 120673 1.5 20 13 6 15 23% 650999 350 12%
c p 1516.26 228 17 78 108675  1 3271655 120684 1.5 20 13 6 15 23% 650999 350 12%
c u 1516.88 228 17 78 108675  1 3271655 120582 1.5 20 13 6 15 23% 650999 350 12%
c v 1517.23 228 17 78 108675  1 3271655 120573 1.5 20 13 6 15 23% 650999 350 12%
c w 1517.41 228 17 78 108675  1 3271655 120573 1.5 20 13 6 15 23% 650999 350 12%
c x 1517.93 228 17 78 108675  1 3271655 120572 1.5 20 13 6 15 23% 650983 350 12%
c B 1531.80 228 16 78 108690  1 3321157 153551 1.5 19 13 6 15 23% 650983 350 12%
c - 1541.78 285 16 79 108705  1 3353663 126863 1.5 19 13 6 15 23% 650983 350 12%
c p 1541.83 285 16 79 108705  1 3353663 126874 1.5 19 13 6 15 23% 650983 350 12%
c u 1542.45 285 16 79 108705  1 3353663 126757 1.5 19 13 6 15 23% 650983 350 12%
c v 1542.79 285 16 79 108705  1 3353663 126739 1.5 19 13 6 15 23% 650983 350 12%
c 
c   seconds    reductions      conflicts          size   tier2        variables
c            MB      restarts         redundant      glue    trail        remaining
c             level         rate            size/glue  tier1   irredundant
c 
c w 1542.95 285 16 79 108705  1 3353663 126734 1.5 19 13 6 15 23% 650983 350 12%
c x 1543.41 285 16 79 108705  1 3353663 126732 1.5 19 13 6 15 23% 650956 350 12%
c t 1543.41 285 16 79 108705  1 3353663 126732 1.5 19 13 6 15 23% 650955 350 12%
c s 1554.83 285 16 79 108708  1 3401130 160150 1.5 19 13 6 15 23% 647111 350 12%
c s 1555.37 285 16 79 108708  1 3401130 160109 1.5 19 13 6 15 23% 643618 350 12%
c W 1559.68 285 16 79 108708  1 3403159 161347 1.5 19 13 6 15 23% 643618 350 12%
c ] 1567.58 285 16 79 108709  1 3433274 182697 1.5 19 13 6 15 23% 643618 350 12%
c { 1567.58 285 13 79 108709  1 3433274 182697 1.5 16 11 4 10 23% 643618 350 12%
c - 1570.08 228 13 80 109113  1 3436691 133117 1.5 16 11 4 10 23% 643618 350 12%
c p 1570.12 228 13 80 109113  1 3436691 133128 1.5 16 11 4 10 23% 643618 350 12%
c u 1570.82 228 13 80 109113  1 3436691 133071 1.5 16 11 4 10 23% 643618 350 12%
c v 1571.15 228 13 80 109113  1 3436691 133066 1.5 16 11 4 10 23% 643618 350 12%
c w 1571.31 228 13 80 109113  1 3436691 133065 1.5 16 11 4 10 23% 643618 350 12%
c x 1571.72 228 13 80 109113  1 3436691 133065 1.5 16 11 4 10 23% 643585 350 12%
c t 1571.73 228 13 80 109113  1 3436691 133065 1.5 16 11 4 10 23% 643582 350 12%
c i 1590.28 228 13 80 111379  1 3478689 159115 1.5 16 11 4 10 23% 643582 349 12%
c W 1596.51 277 13 80 112086  1 3486160 130156 1.5 16 11 4 10 23% 534700 349 12%
c - 1610.84 229 13 81 114435  1 3520512 117088 1.5 16 11 4 10 22% 534700 349 12%
c p 1610.88 229 13 81 114435  1 3520512 117096 1.5 16 11 4 10 22% 534700 349 12%
c u 1611.49 229 13 81 114435  1 3520512 116929 1.5 16 11 4 10 22% 534700 349 12%
c 
c   seconds    reductions      conflicts          size   tier2        variables
c            MB      restarts         redundant      glue    trail        remaining
c             level         rate            size/glue  tier1   irredundant
c 
c v 1611.81 229 13 81 114435  1 3520512 116879 1.5 16 11 4 10 22% 534700 349 12%
c w 1611.97 229 13 81 114435  1 3520512 116873 1.5 16 11 4 10 22% 534700 349 12%
c x 1612.41 229 13 81 114435  1 3520512 116866 1.5 16 11 4 10 22% 534669 349 12%
c t 1612.41 229 13 81 114435  1 3520512 116866 1.5 16 11 4 10 22% 534668 349 12%
c # 1632.60 229 13 81 117162  1 3570164 147675 1.5 16 10 4 10 22% 534668 349 12%
c - 1646.15 278 13 82 119151  1 3601573 132456 1.5 16 10 4 10 22% 534668 349 12%
c p 1646.19 278 13 82 119151  1 3601573 132464 1.5 16 10 4 10 22% 534668 349 12%
c u 1646.75 278 13 82 119151  1 3601573 132272 1.5 16 10 4 10 22% 534668 349 12%
c v 1647.04 278 13 82 119151  1 3601573 132225 1.5 16 10 4 10 22% 534668 349 12%
c w 1647.20 278 13 82 119151  1 3601573 132206 1.5 16 10 4 10 22% 534668 349 12%
c x 1647.63 278 13 82 119151  1 3601573 132203 1.5 16 10 4 10 22% 534649 349 12%
c t 1647.64 278 13 82 119151  1 3601573 132202 1.5 16 10 4 10 22% 534649 349 12%
c i 1649.23 278 13 82 119276  1 3605289 134261 1.5 16 10 4 10 22% 534649 348 12%
c B 1668.28 278 13 82 123215  1 3655165 165862 1.5 16 10 4 10 22% 534649 348 12%
c - 1680.12 229 13 83 125326  1 3683560 135325 1.5 16 10 4 10 22% 498574 348 12%
c p 1680.16 229 13 83 125326  1 3683560 135333 1.5 16 10 4 10 22% 498574 348 12%
c u 1680.84 229 13 83 125326  1 3683560 135104 1.5 16 10 4 10 22% 498567 348 12%
c v 1681.17 229 13 83 125326  1 3683560 135068 1.5 16 10 4 10 22% 498567 348 12%
c w 1681.33 229 13 83 125326  1 3683560 134831 1.5 16 10 4 10 22% 498567 348 12%
c x 1681.69 229 13 83 125326  1 3683560 134825 1.5 16 10 4 10 22% 498518 348 12%
c 
c   seconds    reductions      conflicts          size   tier2        variables
c            MB      restarts         redundant      glue    trail        remaining
c             level         rate            size/glue  tier1   irredundant
c 
c W 1704.92 229 13 83 128486  1 3741170 170472 1.6 16 10 4 10 22% 498518 348 12%
c - 1714.24 276 12 84 129722  1 3765018 149792 1.5 16 10 4 10 22% 498518 348 12%
c p 1714.28 276 12 84 129722  1 3765018 149799 1.5 16 10 4 10 22% 498518 348 12%
c u 1716.35 276 12 84 129722  1 3765018 149705 1.5 16 10 4 10 22% 498512 348 12%
c v 1716.63 276 12 84 129722  1 3765018 149683 1.5 16 10 4 10 22% 498512 348 12%
c w 1716.76 276 12 84 129722  1 3765018 149680 1.5 16 10 4 10 22% 498512 348 12%
c x 1717.09 276 12 84 129722  1 3765018 149678 1.5 16 10 4 10 22% 498484 348 12%
c s 1725.26 277 12 84 130554  1 3791538 163045 1.5 15 10 4 10 21% 493478 348 12%
c e 1725.37 277 12 84 130554  1 3791538 160472 1.5 15 10 4 10 21% 493474 345 12%
c s 1725.76 277 12 84 130554  1 3791538 160366 1.5 15 10 4 10 21% 487411 345 12%
c i 1735.26 277 11 84 131408  1 3817427 173715 1.5 15 9 4 10 21% 487411 344 12%
c F 1740.78 277 11 84 132390  1 3828172 179893 1.5 15 10 4 10 21% 487411 344 12%
c i 1746.38 277 11 84 133079  1 3841152 186871 1.5 14 9 4 10 21% 487411 343 12%
c - 1749.59 229 11 85 133489  1 3847370 122859 1.5 14 9 4 10 21% 374644 343 12%
c p 1749.63 229 11 85 133489  1 3847370 122869 1.5 14 9 4 10 21% 374644 343 12%
c u 1750.10 229 11 85 133489  1 3847370 122532 1.5 14 9 4 10 21% 374644 343 12%
c v 1750.42 229 11 85 133489  1 3847370 122511 1.5 14 9 4 10 21% 374644 343 12%
c w 1750.57 229 11 85 133489  1 3847370 122501 1.5 14 9 4 10 21% 374644 343 12%
c x 1750.99 229 11 85 133489  1 3847370 122497 1.5 14 9 4 10 21% 374609 343 12%
c } 1753.55 229 11 85 133896  1 3853793 126041 1.5 14 9 4 10 21% 374609 343 12%
c 
c   seconds    reductions      conflicts          size   tier2        variables
c            MB      restarts         redundant      glue    trail        remaining
c             level         rate            size/glue  tier1   irredundant
c 
c [ 1753.55 229 16 85 133896  1 3853793 126041 1.5 19 13 6 15 23% 374609 343 12%
c i 1754.11 229 16 85 133896  1 3856232 127390 1.5 19 13 6 15 23% 374609 342 12%
c i 1755.91 229 16 85 133896  1 3862197 130904 1.5 19 12 6 15 23% 374609 341 12%
c i 1756.16 229 16 85 133896  1 3863268 131295 1.5 19 12 6 15 23% 374609 340 12%
c i 1756.39 229 16 85 133896  1 3863951 131671 1.5 19 12 6 15 23% 374609 338 11%
c i 1756.53 229 16 85 133896  1 3864410 131901 1.5 19 12 6 15 23% 374609 337 11%
c i 1756.63 229 16 85 133896  1 3864724 132049 1.5 19 12 6 15 23% 374609 334 11%
c i 1757.22 229 15 85 133896  1 3866434 133143 1.5 18 12 6 15 23% 374609 333 11%
c i 1758.92 229 15 85 133896  1 3875309 137536 1.5 18 12 6 14 23% 374609 323 11%
c i 1758.97 229 15 85 133896  1 3875505 137644 1.5 18 12 6 14 23% 374609 322 11%
c i 1758.99 229 15 85 133896  1 3875588 137681 1.5 18 12 6 14 23% 374609 319 11%
c i 1758.99 229 15 85 133896  1 3875589 137681 1.5 18 12 6 14 23% 374609 304 10%
c i 1758.99 229 15 85 133896  1 3875591 137681 1.5 18 12 6 14 23% 374609 294 10%
c ] 1759.00 229 15 85 133896  1 3875594 137681 1.5 18 12 6 14 23% 374609 279  9%
c 0 1759.00 229 15 85 133896  1 3875594 137681 1.5 18 12 6 14 23% 374609 279  9%
c 
c --- [ closing proof ] ------------------------------------------------------
c 
c LRAT proof file '/root/earth-moon/population/f034-a4-cert/cs-a4_m12c/r/n105_n53_n95_p149_p129/round-0/F.lrat' closed
c LRAT 5184112 added clauses 46.99%
c LRAT 5849264 deleted clauses 53.01%
c LRAT 988222264 bytes (942.44 MB)
c 
c --- [ result ] -------------------------------------------------------------
c 
s UNSATISFIABLE
c 
c --- [ run-time profiling ] -------------------------------------------------
c 
c process time taken by individual solving procedures
c (percentage relative to process time for solving)
c 
c      1632.35   92.84% search
c       990.67   56.34% unstable
c       569.93   32.41% stable
c       125.94    7.16% simplify
c        87.87    5.00% vivify
c        71.52    4.07% walk
c        19.20    1.09% sweep
c         6.22    0.35% subsume
c         5.82    0.33% elim
c         2.78    0.16% probe
c         1.30    0.07% ternary
c         0.72    0.04% congruence
c         0.70    0.04% parse
c         0.24    0.01% lucky
c         0.01    0.00% backbone
c   =================================
c      1758.29   99.96% solve
c 
c last line shows process time for solving
c (percentage relative to total process time)
c 
c --- [ statistics ] ---------------------------------------------------------
c 
c chronological:            322682         8.33 %  of conflicts
c conflicts:               3875594      2204.18    per second
c backbone:                 125141      4249.27 %  of vars
c decisions:               4595671      2613.71    per second
c eliminated:                 2006        68.12 %  of all variables
c fixed:                       657        22.31 %  of all variables
c learned:                 3810143        98.31 %  per conflict
c learned_lits:          100528360       100.00 %  learned literals
c minimized:                     0         0.00 %  learned literals
c shrunken:               19338438        19.24 %  learned literals
c minishrunken:            7152540         7.11 %  learned literals
c otfs:                      27404         0.71 %  of conflict
c propagations:           53451277         0.03 M  per second
c reduced:                 2336462        60.29 %  per conflict
c rephased:                     87     44547.06    interval
c restarts:                 133896        28.94    interval
c stabilizing:                  15        50.71 %  of conflicts
c substituted:                   3         0.10 %  of all variables
c subsumed:                1213998        25.62 %  of all clauses
c strengthened:             210527         4.44 %  of all clauses
c ticks:               84899503240      1625.58    propagation
c vivified:                  26160         0.55 %  of all clauses
c walked:                       28    138414.07    interval
c weakened:                   4936         2.51    average size
c congruence:                   12    322966.17    interval
c 
c seconds are measured in process time for solving
c 
c --- [ glue usage ] ---------------------------------------------------------
c 
c focused glue 4 used 615405 clauses 8.697% accumulated 56.19% tier1
c focused glue 5 used 431380 clauses 6.096% accumulated 62.29%
c focused glue 6-8 used 950532 clauses 13.43% accumulated 75.72%
c focused glue 9 used 309688 clauses 4.376% accumulated 80.09%
c focused glue 10 used 289138 clauses 4.086% accumulated 84.18% tier2
c 
c stable glue 6 used 286692 clauses 3.765% accumulated 52.00% tier1
c stable glue 7 used 295906 clauses 3.886% accumulated 55.89%
c stable glue 8-12 used 1710108 clauses 22.46% accumulated 78.35%
c stable glue 13 used 317450 clauses 4.169% accumulated 82.52%
c stable glue 14 used 286408 clauses 3.761% accumulated 86.28% tier2
c 
c 
c --- [ resources ] ----------------------------------------------------------
c 
c total process time since initialization:      1759.00    seconds
c total real time since initialization:         1759.28    seconds
c maximum resident set size of process:          363.42    MB
c 
c --- [ shutting down ] ------------------------------------------------------
c 
c exit 20

[rc=20 1759.3s]
$ /root/earth-moon/verifier/../tools/drat-trim/lrat-check /root/earth-moon/population/f034-a4-cert/cs-a4_m12c/r/n105_n53_n95_p149_p129/round-0/F.cnf /root/earth-moon/population/f034-a4-cert/cs-a4_m12c/r/n105_n53_n95_p149_p129/round-0/F.lrat
c parsed a formula with 2945 variables and 1178100 clauses
c VERIFIED
c allocated 1024 26838589 66262
c Added clauses = 6362212.  Deleted clauses = 5849264.  Max live clauses = 1178100
c verification time = 15.75 secs

[rc=0 15.8s]
