# lean_static_resolve 2026-09-25 21:10:37
# dump=/Users/ivanspogreev/earth-moon/population/f034-a4-cert/split-m13/dump.jsonl raw=2358960 dedup=2358960 footer={'type': 'footer', 'verdict': 'UNSAT', 'counts': {'preseed': 7898, 'prop': 2351062, 'model': 0}, 'stats': {'checks': 17051403, 'confl': 1175531, 'model_rej': 0}, 'time': '2026-09-25T20:45:02-0700'}
# counters=False
# cube=[-33, 53, 16, -37]
$ /opt/homebrew/bin/cadical --lrat --no-binary --no-factor /Users/ivanspogreev/earth-moon/population/f034-a4-cert/split-m13/c10/round-0/F.cnf /Users/ivanspogreev/earth-moon/population/f034-a4-cert/split-m13/c10/round-0/F.lrat
c --- [ banner ] -------------------------------------------------------------
c 
c CaDiCaL SAT Solver
c Copyright (c) 2016-2026
c A. Biere, M. Fleury, N. Froleyks, K. Fazekas, F. Pollitt, T. Faller
c JKU Linz, University of Freiburg, TU Wien
c 
c Version 3.0.1
c Apple clang version 16.0.0 (clang-1600.0.26.6) -Wall -Wextra -O3 -DNDEBUG -std=c++11 -DNCLOSEFROM
c Sun Jul 19 15:40:55 UTC 2026 Darwin Sonoma-arm64.local 23.6.0 arm64
c 
c --- [ proof tracing ] ------------------------------------------------------
c 
c opening file to write '/Users/ivanspogreev/earth-moon/population/f034-a4-cert/split-m13/c10/round-0/F.lrat'
c writing non-binary proof trace to '/Users/ivanspogreev/earth-moon/population/f034-a4-cert/split-m13/c10/round-0/F.lrat'
c 
c --- [ parsing input ] ------------------------------------------------------
c 
c reading DIMACS file from '/Users/ivanspogreev/earth-moon/population/f034-a4-cert/split-m13/c10/round-0/F.cnf'
c opening file to read '/Users/ivanspogreev/earth-moon/population/f034-a4-cert/split-m13/c10/round-0/F.cnf'
c found 'p cnf 2945 2367317' header
c parsed 2367317 clauses in 1.41 seconds process time
c 
c --- [ options ] ------------------------------------------------------------
c 
c   --binary=false                 (different from default 'true')
c   --lrat=true                    (different from default 'false')
c 
c --- [ solving ] ------------------------------------------------------------
c 
c time measured in process time since initialization
c 
c  seconds  reduction conflicts       size tier2       variables
c         MB    restarts   redundant    glue  trail         remaining
c          level     rate       size/glu tier1  irredundant
c 
c *  1.41  0  0 0   0  0    0    0 0.0 0 0 2 6  0% 946458 2905 99%
c )  1.52  0  0 0   0  0    0    0 0.0 0 0 2 6  0% 946458 2905 99%
c {  1.54  0  0 0   0  0    0    0 0.0 0 0 2 6  0% 946458 2905 99%
c i  1.57  0 2182 0   0 136   19    9 1.5 8 6 2 6 77% 946452 2902 99%
c i  1.63  0 1746 0   6 28  148  101 1.5 10 7 2 6 64% 946427 2896 98%
c i  1.63  0 1663 0   6 27  156  103 1.5 9 6 2 6 62% 946426 2895 98%
c i  1.63  0 1630 0   6 26  160  104 1.5 9 6 2 6 60% 946424 2894 98%
c i  1.63  0 1608 0   6 26  162  104 1.5 9 6 2 6 60% 946424 2893 98%
c i  1.63  0 1598 0   6 26  163  104 1.5 9 6 2 6 59% 946424 2891 98%
c i  1.63  0 1588 0   6 26  164  104 1.5 9 6 2 6 59% 946424 2890 98%
c -  1.79  0 893 1  18 17  300  111 1.5 12 9 2 6 38% 946368 2890 98%
c i  1.81  0 802 1  26 16  337  124 1.4 12 8 2 6 35% 946352 2873 98%
c i  1.81  0 794 1  27 16  340  126 1.4 12 8 2 6 35% 946352 2871 97%
c i  1.82  0 729 1  36 15  370  141 1.4 12 8 2 6 33% 946339 2870 97%
c i  1.82  0 720 1  36 15  374  142 1.4 12 8 2 6 32% 946338 2867 97%
c i  1.82  0 707 1  36 15  381  148 1.4 12 8 2 6 32% 946338 2866 97%
c i  1.83  0 567 1  42 13  512  186 1.4 12 8 2 6 32% 946254 2865 97%
c i  1.83  0 561 1  42 13  518  187 1.4 12 8 2 6 31% 946252 2864 97%
c i  1.88  0 525 1  46 13  559  205 1.4 12 8 2 6 31% 946235 2863 97%
c i  1.88  0 523 1  46 13  561  206 1.4 12 8 2 6 31% 946235 2862 97%
c 
c  seconds   reduction conflicts       size  tier2       variables
c         MB     restarts   redundant     glue  trail         remaining
c           level     rate       size/glue tier1  irredundant
c 
c i  1.88  0 519 1  48 13  566  208 1.4 12 8 2 6 31% 946233 2859 97%
c i  1.88  0 518 1  48 13  567  208 1.4 12 8 2 6 30% 946233 2852 97%
c i  1.92  0 474 1  61 13  622  246 1.4 13 9 2 6 29% 946225 2849 97%
c i  1.92  0 471 1  62 12  626  247 1.4 13 9 2 6 29% 946224 2847 97%
c i  1.92  0 470 1  62 12  628  247 1.4 13 9 2 6 29% 946223 2843 97%
c i  1.92  0 467 1  63 12  632  248 1.4 13 9 2 6 28% 946222 2842 97%
c i  1.92  0 465 1  64 12  636  249 1.4 13 9 2 6 28% 946220 2841 96%
c i  2.11  0 355 1 109 12  866  376 1.4 14 10 2 6 26% 946141 2840 96%
c i  2.11  0 353 1 111 12  871  378 1.4 14 10 2 6 26% 946139 2838 96%
c i  2.11  0 352 1 111 12  872  378 1.4 14 10 2 6 26% 946139 2836 96%
c }  2.22  0 314 1 143 13 1002  443 1.4 15 11 2 6 26% 946084 2836 96%
c [  2.22  0  0 1 143  0 1002  443 0.0 0 0 2 6  0% 946084 2836 96%
c O  2.22  0  4 1 143  5 1003  444 4.0 4 1 2 6 18% 946084 2836 96%
c -  2.44  0 24 2 143  2 1155  274 1.6 12 7 2 6 25% 945997 2836 96%
c -  2.83  0 61 3 144  1 2832  558 1.4 29 20 2 6 34% 945972 2836 96%
c ]  2.86  0 60 3 144  1 2968  674 1.4 29 20 2 6 32% 945972 2836 96%
c {  2.86  0 314 3 144 13 2968  674 1.4 15 11 2 6 26% 945972 2836 96%
c O  2.94  0 304 3 156 13 3004  705 1.4 15 11 2 6 25% 945970 2836 96%
c i  3.05  0 275 3 188 12 3126  781 1.3 16 12 2 6 24% 945943 2835 96%
c i  3.13  0 250 3 219 12 3264  864 1.3 17 12 2 6 23% 945913 2834 96%
c 
c  seconds   reduction conflicts       size   tier2       variables
c         MB     restarts   redundant     glue   trail         remaining
c           level     rate       size/glue  tier1  irredundant
c 
c i  3.13  0 249 3 219 12 3270  865 1.3 16 12 2 6 23% 945910 2833 96%
c i  3.13  0 248 3 219 12 3271  865 1.3 16 12 2 6 23% 945910 2829 96%
c i  3.14  0 247 3 219 12 3277  866 1.3 16 12 2 6 23% 945909 2827 96%
c i  3.14  0 247 3 219 12 3279  866 1.3 16 12 2 6 23% 945909 2815 96%
c i  3.21  0 218 3 243 11 3504  981 1.3 17 13 2 6 24% 945826 2814 96%
c i  3.22  0 217 3 246 11 3517  985 1.3 17 13 2 6 24% 945819 2812 95%
c i  3.22  0 216 3 246 11 3524  987 1.3 17 13 2 6 24% 945817 2785 95%
c i  3.24  0 215 3 249 11 3533  994 1.3 17 13 2 6 24% 945816 2784 95%
c 2  3.27  0 211 3 259 11 3571 1008 1.3 17 13 2 6 24% 945795 2758 94%
c d  3.31  0 211 3 259 11 3571  991 1.3 17 13 2 6 24% 945688 2757 94%
c p  3.32  0 211 3 259 11 3571  993 1.3 17 13 2 6 24% 945688 2757 94%
c =  3.58  0 211 3 259 11 3571  989 1.3 17 13 2 6 24% 945661 2723 92%
c t  3.59  0 211 3 259 11 3571  984 1.3 17 13 2 6 24% 945661 2723 92%
c i  3.62  0 208 3 265 12 3626 1001 1.3 17 13 2 6 24% 945626 2721 92%
c i  3.62  0 207 3 265 11 3642 1002 1.3 17 13 2 6 24% 945614 2681 91%
c i  3.67  0 202 3 272 11 3696 1040 1.3 17 13 2 6 24% 945607 2680 91%
c i  3.67  0 202 3 272 11 3697 1040 1.3 17 13 2 6 24% 945607 2620 89%
c i  3.83  0 193 3 292 11 3783 1065 1.3 18 13 2 6 11% 945471 2603 88%
c i  3.86  0 186 3 297 11 3876 1091 1.3 17 13 2 6 14% 945420 2602 88%
c i  3.86  0 185 3 297 11 3886 1091 1.3 17 13 2 6 13% 945413 2569 87%
c 
c  seconds   reduction conflicts       size   tier2       variables
c         MB     restarts   redundant     glue   trail         remaining
c           level     rate       size/glue  tier1  irredundant
c 
c i  3.87  0 185 3 297 11 3894 1092 1.3 17 13 2 6 13% 945408 2568 87%
c i  3.87  0 185 3 297 11 3895 1092 1.3 17 13 2 6 13% 945408 2539 86%
c i  3.87  0 185 3 297 11 3896 1092 1.3 17 13 2 6 13% 945408 2538 86%
c i  3.99  0 158 3 316  9 4421 1541 1.5 20 13 2 6 30% 945403 2537 86%
c i  3.99  0 158 3 316  9 4422 1541 1.5 20 13 2 6 30% 945403 2536 86%
c i  3.99  0 158 3 317  9 4423 1541 1.5 20 13 2 6 30% 945403 2535 86%
c i  3.99  0 158 3 317  9 4424 1541 1.5 20 13 2 6 30% 945403 2534 86%
c i  3.99  0 158 3 317  9 4427 1542 1.5 20 13 2 6 30% 945402 2500 85%
c i  4.09  0 153 3 345  9 4552 1614 1.5 20 13 2 6 28% 945364 2497 85%
c i  4.09  0 153 3 345  9 4554 1615 1.5 20 13 2 6 28% 945364 2486 84%
c i  4.09  0 152 3 345  9 4555 1615 1.5 20 13 2 6 28% 945364 2482 84%
c i  4.10  0 151 3 345  9 4586 1628 1.5 20 13 2 6 28% 945352 2446 83%
c i  4.24  0 141 3 379  9 4871 1845 1.5 20 13 2 6 28% 945303 2424 82%
c i  4.25  0 141 3 380  9 4872 1845 1.5 20 13 2 6 28% 945303 2423 82%
c i  4.40  0 133 3 439  9 5126 1990 1.5 20 14 10 19 27% 945221 2415 82%
c i  4.40  0 133 3 439  9 5127 1990 1.5 20 14 10 19 27% 945221 2414 82%
c i  4.40  0 133 3 439  9 5128 1990 1.5 20 14 10 19 27% 945221 2413 82%
c i  4.40  0 133 3 439  9 5129 1990 1.5 20 14 10 19 27% 945221 2407 82%
c i  4.48  0 126 3 439  8 5451 2244 1.5 20 13 10 19 29% 945186 2404 82%
c -  4.58  0 125 4 439  8 5463 1952 1.5 20 13 10 19 29% 944939 2404 82%
c 
c  seconds   reduction conflicts       size    tier2        variables
c         MB     restarts   redundant     glue     trail         remaining
c           level     rate       size/glue  tier1    irredundant
c 
c i  4.65  0 123 4 449  8 5536 2011 1.5 20 13 10 19 28% 944931 2398 81%
c i  4.65  0 123 4 452  8 5544 2011 1.5 20 13 10 19 28% 944924 2316 79%
c i  4.69  0 121 4 452  8 5625 2078 1.5 20 13 10 19 28% 944923 2315 79%
c i  4.78  0 114 4 459  7 5896 2315 1.6 21 13 10 19 28% 944917 2237 76%
c i  4.82  0 112 4 467  7 6004 2392 1.5 21 13 10 19 28% 944909 2236 76%
c #  4.82  0 112 4 468  7 6005 2393 1.5 21 13 10 19 28% 944909 2236 76%
c i  4.82  0 112 4 469  7 6008 2395 1.5 21 13 10 19 28% 944909 2134 72%
c 2  4.89  0 110 4 481  7 6071 2445 1.5 21 13 10 18 28% 944909 2133 72%
c t  5.10  0 110 4 481  7 6071 2440 1.5 21 13 10 18 28% 944629 2133 72%
c }  5.79  0 73 4 506  5 9025 4959 1.6 20 12 10 17 29% 944624 2133 72%
c [  5.79  0 60 4 506  1 9025 4959 1.4 29 20 2 6 36% 944624 2133 72%
c -  5.92  0 58 5 506  1 9113 4472 1.4 29 20 15 27 36% 944624 2133 72%
c 2  5.92  0 58 5 506  1 9113 4472 1.4 29 20 15 27 36% 944624 2132 72%
c t  5.97  0 58 5 506  1 9113 4471 1.4 29 20 15 27 36% 944645 2132 72%
c I  6.33  0 47 5 507  1 10009 5233 1.4 27 19 15 27 11% 944643 2132 72%
c -  6.84  0 33 6 510  1 13826 7416 1.6 25 16 12 19 13% 944642 2132 72%
c 2  6.85  0 33 6 510  1 13826 7416 1.6 25 16 12 19 13% 944642 2131 72%
c B  7.34  0 31 6 510  1 15010 8176 1.5 24 16 12 19 13% 944640 2131 72%
c i  7.34  0 31 6 510  1 15010 8176 1.5 24 16 12 19 13% 944640 2130 72%
c s  7.66  0 29 6 511  1 16697 9415 1.5 24 16 12 19 12% 944460 2130 72%
c 
c  seconds  reductions conflicts       size    tier2        variables
c         MB    restarts    redundant     glue     trail         remaining
c          level     rate        size/glue  tier1    irredundant
c 
c t  7.68  0 29 6 511  1 16697 9413 1.5 24 16 12 19 12% 944438 2130 72%
c e  7.85  0 29 6 511  1 16697 8905 1.5 24 16 12 19 12% 874482 360 12%
c s  7.87  0 29 6 511  1 16697 8902 1.5 24 16 12 19 12% 874380 360 12%
c ]  8.52  0 26 6 511  1 18799 10330 1.5 23 15 12 19 25% 874380 360 12%
c {  8.52  0 73 6 511  5 18799 10330 1.6 20 12 10 17 209% 874380 360 12%
c -  8.67  0 66 7 511  4 19632 9377 1.7 20 12 10 17 183% 874380 360 12%
c 2  8.68  0 66 7 511  4 19632 9374 1.7 20 12 10 17 183% 874380 360 12%
c u  8.78  0 66 7 511  4 19632 9359 1.7 20 12 10 17 183% 874378 360 12%
c v  8.82  0 66 7 511  4 19632 9354 1.7 20 12 10 17 183% 874378 360 12%
c w  8.84  0 66 7 511  4 19632 9351 1.7 20 12 10 17 183% 874378 360 12%
c x  8.89  0 66 7 511  4 19632 9351 1.7 20 12 10 17 183% 874378 360 12%
c B  9.29  0 59 7 543  4 21012 10482 1.7 20 12 10 17 153% 874378 360 12%
c - 10.66  0 44 8 1015  3 26432 10076 1.6 19 12 8 14 97% 874378 360 12%
c p 10.67  0 44 8 1015  3 26432 10080 1.6 19 12 8 14 97% 874378 360 12%
c W 11.49  0 42 8 1029  3 28014 11421 1.6 19 12 8 14 89% 874394 360 12%
c - 13.08  0 34 9 1347  2 34326 12681 1.6 19 12 8 14 68% 874394 360 12%
c p 13.10  0 34 9 1347  2 34326 12684 1.6 19 12 8 14 68% 874394 360 12%
c F 13.78  0 33 9 1393  2 36016 13900 1.6 19 11 8 14 64% 874394 360 12%
c } 14.63  0 31 9 1633  2 39635 16285 1.6 18 11 8 13 57% 874394 360 12%
c [ 14.63  0 26 9 1633  1 39635 16285 1.5 23 15 12 19 25% 874394 360 12%
c 
c  seconds  reductions   conflicts        size    tier2        variables
c         MB     restarts      redundant     glue     trail        remaining
c          level       rate         size/glue  tier1    irredundant
c 
c - 15.21  0 25 10 1636  1 43318 14519 1.4 23 16 12 19 26% 874394 360 12%
c p 15.22  0 25 10 1636  1 43318 14519 1.4 23 16 12 19 26% 874394 360 12%
c u 15.35  0 25 10 1636  1 43318 14500 1.4 23 16 12 19 26% 874394 360 12%
c v 15.39  0 25 10 1636  1 43318 14490 1.4 23 16 12 19 26% 874394 360 12%
c w 15.41  0 25 10 1636  1 43318 14489 1.4 23 16 12 19 26% 874394 360 12%
c x 15.48  0 25 10 1636  1 43318 14489 1.4 23 16 12 19 26% 874393 360 12%
c W 16.14  0 25 10 1637  1 45017 15658 1.4 23 16 12 19 26% 874393 360 12%
c - 17.26  0 25 11 1641  1 53421 14987 1.4 23 16 12 19 25% 874393 360 12%
c p 17.27  0 25 11 1641  1 53421 14997 1.4 23 16 12 19 25% 874393 360 12%
c t 17.28  0 25 11 1641  1 53421 14997 1.4 23 16 12 19 25% 874391 360 12%
c O 17.67  0 24 11 1641  1 55019 16326 1.4 23 16 12 19 26% 874391 360 12%
c s 18.67  0 22 11 1642  1 61682 21018 1.4 21 15 12 19 25% 874251 360 12%
c s 18.87  0 22 11 1642  1 61682 21008 1.4 21 15 12 19 25% 874173 360 12%
c ] 19.30  0 22 11 1643  1 63187 21967 1.4 21 15 12 19 25% 874173 360 12%
c { 19.30  0 31 11 1643  2 63187 21967 1.6 18 11 8 13 57% 874173 360 12%
c - 20.18  0 30 12 1947  2 64641 18324 1.6 18 11 8 13 55% 874173 360 12%
c p 20.20  0 30 12 1947  2 64641 18331 1.6 18 11 8 13 55% 874173 360 12%
c u 20.34  0 30 12 1947  2 64641 18308 1.6 18 11 8 13 55% 874173 360 12%
c v 20.38  0 30 12 1947  2 64641 18298 1.6 18 11 8 13 55% 874173 360 12%
c w 20.40  0 30 12 1947  2 64641 18297 1.6 18 11 8 13 55% 874173 360 12%
c 
c  seconds  reductions   conflicts        size   tier2        variables
c         MB     restarts      redundant     glue    trail        remaining
c          level       rate         size/glue  tier1   irredundant
c 
c x 20.45  0 30 12 1947  2 64641 18297 1.6 18 11 8 13 55% 874173 360 12%
c B 20.93  0 29 12 2084  2 66020 19262 1.6 18 11 8 13 53% 874173 360 12%
c - 23.80  0 26 13 2664  2 76982 23837 1.6 18 11 8 13 44% 874173 360 12%
c p 23.82  0 26 13 2664  2 76982 23841 1.6 18 11 8 13 44% 874173 360 12%
c W 25.02  0 25 13 2702  2 78022 24553 1.6 18 11 8 13 43% 874173 360 12%
c - 27.91  0 23 14 3586  2 90451 28226 1.6 18 11 8 13 37% 874173 360 12%
c p 27.94  0 23 14 3586  2 90451 28237 1.6 18 11 8 13 37% 874173 360 12%
c u 28.10  0 23 14 3586  2 90451 28191 1.6 18 11 8 13 37% 874173 360 12%
c v 28.17  0 23 14 3586  2 90451 28189 1.6 18 11 8 13 37% 874173 360 12%
c w 28.20  0 23 14 3586  2 90451 28185 1.6 18 11 8 13 37% 874173 360 12%
c x 28.28  0 23 14 3586  2 90451 28185 1.6 18 11 8 13 37% 874172 360 12%
c t 28.29  0 23 14 3586  2 90451 28184 1.6 18 11 8 13 37% 874172 360 12%
c # 28.43  0 23 14 3594  2 91025 28531 1.6 18 11 8 13 37% 874172 360 12%
c } 30.05  0 22 14 4223  2 97562 33238 1.6 18 11 8 13 35% 874172 360 12%
c [ 30.05  0 22 14 4223  1 97562 33238 1.4 21 15 12 19 25% 874172 360 12%
c B 31.16  0 21 14 4228  1 105026 38291 1.4 21 15 12 19 25% 874172 360 12%
c - 31.25  0 21 15 4228  1 105047 31822 1.4 21 15 12 19 25% 874172 360 12%
c p 31.27  0 21 15 4228  1 105047 31825 1.4 21 15 12 19 25% 874172 360 12%
c W 34.27  0 21 15 4235  1 120027 42363 1.4 20 15 12 19 24% 874172 360 12%
c - 34.54  0 21 16 4235  1 120777 35056 1.4 20 15 12 19 24% 874172 360 12%
c 
c  seconds  reductions   conflicts         size    tier2        variables
c         MB     restarts       redundant     glue     trail        remaining
c          level       rate          size/glue  tier1    irredundant
c 
c p 34.58  0 21 16 4235  1 120777 35065 1.4 20 15 12 19 24% 874172 360 12%
c u 34.72  0 21 16 4235  1 120777 35011 1.4 20 15 12 19 24% 874172 360 12%
c v 34.78  0 21 16 4235  1 120777 35003 1.4 20 15 12 19 24% 874172 360 12%
c w 34.81  0 21 16 4235  1 120777 34997 1.4 20 15 12 19 24% 874172 360 12%
c x 34.91  0 21 16 4235  1 120777 34997 1.4 20 15 12 19 24% 874164 360 12%
c s 36.16  0 22 16 4236  1 129158 41264 1.4 21 15 12 19 25% 874055 360 12%
c s 36.34  0 22 16 4236  1 129158 41237 1.4 21 15 12 19 25% 873869 360 12%
c I 37.42  0 22 16 4237  1 136029 45824 1.4 21 15 12 19 25% 873869 360 12%
c ] 37.49  0 22 16 4237  1 136183 45939 1.4 21 15 9 17 25% 873869 360 12%
c { 37.49  0 22 16 4237  2 136183 45939 1.6 18 11 8 13 35% 873869 360 12%
c - 38.22  0 22 17 4520  2 137647 36019 1.6 18 11 8 13 35% 873869 360 12%
c p 38.24  0 22 17 4520  2 137647 36022 1.6 18 11 8 13 35% 873869 360 12%
c B 42.84  0 21 17 5916  2 153030 46311 1.6 18 11 8 13 31% 873869 360 12%
c - 43.74  0 21 18 6136  2 155655 39911 1.6 18 11 8 13 31% 873869 360 12%
c p 43.78  0 21 18 6136  2 155655 39920 1.6 18 11 8 13 31% 873869 360 12%
c u 44.72  0 21 18 6136  2 155655 39852 1.6 18 11 8 13 31% 873869 360 12%
c v 44.81  0 21 18 6136  2 155655 39832 1.6 18 11 8 13 31% 873869 360 12%
c w 44.84  0 21 18 6136  2 155655 39829 1.6 18 11 8 13 31% 873869 360 12%
c x 44.95  0 21 18 6136  2 155655 39829 1.6 18 11 8 13 31% 873864 360 12%
c W 48.33  0 19 18 6707  2 171032 48799 1.6 17 11 8 13 28% 873864 360 12%
c 
c  seconds  reductions   conflicts         size   tier2        variables
c         MB     restarts       redundant     glue    trail        remaining
c          level       rate          size/glue  tier1   irredundant
c 
c - 49.86  0 19 19 7191  2 174804 45703 1.6 18 11 8 13 28% 873864 360 12%
c p 49.88  0 19 19 7191  2 174804 45706 1.6 18 11 8 13 28% 873864 360 12%
c } 53.68  0 19 19 8473  2 187856 53813 1.6 18 11 8 13 27% 873864 360 12%
c [ 53.68  0 22 19 8473  1 187856 53813 1.4 21 15 9 17 25% 873864 360 12%
c B 54.02  0 22 19 8473  1 190037 55745 1.4 21 15 9 17 25% 873864 360 12%
c - 54.73  0 21 20 8473  1 195096 50582 1.4 21 15 9 17 24% 873864 360 12%
c p 54.78  0 21 20 8473  1 195096 50589 1.4 21 15 9 17 24% 873864 360 12%
c u 54.96  0 21 20 8473  1 195096 50554 1.4 21 15 9 17 24% 873864 360 12%
c v 55.05  0 21 20 8473  1 195096 50547 1.4 21 15 9 17 24% 873864 360 12%
c w 55.08  0 21 20 8473  1 195096 50543 1.4 21 15 9 17 24% 873864 360 12%
c x 55.21  0 21 20 8473  1 195096 50543 1.4 21 15 9 17 24% 873858 360 12%
c W 58.33  0 21 20 8480  1 210039 60379 1.4 21 15 9 17 24% 873858 360 12%
c - 59.39  0 21 21 8486  1 216536 54440 1.4 21 15 9 17 24% 873858 360 12%
c p 59.42  0 21 21 8486  1 216536 54447 1.4 21 15 9 17 24% 873858 360 12%
c s 59.90  0 21 21 8487  1 219120 55925 1.4 21 15 9 17 24% 873604 360 12%
c s 60.10  0 21 21 8487  1 219120 55906 1.4 21 15 9 17 24% 873356 360 12%
c O 61.87  0 21 21 8489  1 231040 65169 1.4 21 15 9 17 24% 873356 360 12%
c - 63.06  0 21 22 8494  1 239120 57697 1.4 21 15 9 17 24% 873356 360 12%
c p 63.10  0 21 22 8494  1 239120 57704 1.4 21 15 9 17 24% 873356 360 12%
c u 63.28  0 21 22 8494  1 239120 57605 1.4 21 15 9 17 24% 873356 360 12%
c 
c  seconds  reductions   conflicts         size   tier2        variables
c         MB     restarts       redundant     glue    trail        remaining
c          level       rate          size/glue  tier1   irredundant
c 
c v 63.37  0 21 22 8494  1 239120 57599 1.4 21 15 9 17 24% 873356 360 12%
c w 63.41  0 21 22 8494  1 239120 57597 1.4 21 15 9 17 24% 873356 360 12%
c x 63.55  0 21 22 8494  1 239120 57596 1.4 21 15 9 17 24% 873350 360 12%
c ] 65.45  0 20 22 8500  1 249115 64145 1.4 21 15 9 17 24% 873350 360 12%
c { 65.45  0 19 22 8500  2 249115 64145 1.6 18 11 8 13 27% 873350 360 12%
c F 66.99  0 18 22 8920  2 253041 66747 1.6 17 11 8 13 27% 873350 360 12%
c - 70.13  0 18 23 9951  2 262849 62294 1.6 18 11 8 13 26% 873350 360 12%
c p 70.17  0 18 23 9951  2 262849 62301 1.6 18 11 8 13 26% 873350 360 12%
c u 70.37  0 18 23 9951  2 262849 62251 1.6 18 11 8 13 26% 873350 360 12%
c v 70.44  0 18 23 9951  2 262849 62244 1.6 18 11 8 13 26% 873350 360 12%
c w 70.47  0 18 23 9951  2 262849 62242 1.6 18 11 8 13 26% 873350 360 12%
c x 70.56  0 18 23 9951  2 262849 62242 1.6 18 11 8 13 26% 873345 360 12%
c B 75.73  0 18 23 11460  2 276045 70952 1.5 17 11 6 12 25% 873345 360 12%
c - 79.76  0 18 24 12430  2 287730 55298 1.5 17 11 6 12 25% 873345 360 12%
c p 79.81  0 18 24 12430  2 287730 55309 1.5 17 11 6 12 25% 873345 360 12%
c u 81.08  0 18 24 12430  2 287730 55271 1.5 17 11 6 12 25% 873345 360 12%
c v 81.15  0 18 24 12430  2 287730 55266 1.5 17 11 6 12 25% 873345 360 12%
c w 81.19  0 18 24 12430  2 287730 55266 1.5 17 11 6 12 25% 873345 360 12%
c x 81.30  0 18 24 12430  2 287730 55266 1.5 17 11 6 12 25% 873339 360 12%
c W 86.14  0 17 24 13310  2 300047 63165 1.5 17 11 6 12 24% 873339 360 12%
c 
c  seconds  reductions    conflicts         size   tier2        variables
c         MB      restarts       redundant     glue    trail        remaining
c          level        rate          size/glue  tier1   irredundant
c 
c } 89.59  0 17 24 14312  2 309499 69446 1.5 17 12 6 12 24% 873339 360 12%
c [ 89.59  0 20 24 14312  1 309499 69446 1.4 21 15 9 17 24% 873339 360 12%
c - 90.58  0 20 25 14314  1 313763 56909 1.4 21 15 9 17 24% 873339 360 12%
c p 90.61  0 20 25 14314  1 313763 56916 1.4 21 15 9 17 24% 873339 360 12%
c u 90.77  0 20 25 14314  1 313763 56858 1.4 21 15 9 17 24% 873339 360 12%
c v 90.83  0 20 25 14314  1 313763 56849 1.4 21 15 9 17 24% 873339 360 12%
c w 90.85  0 20 25 14314  1 313763 56849 1.4 21 15 9 17 24% 873339 360 12%
c x 90.94  0 20 25 14314  1 313763 56848 1.4 21 15 9 17 24% 873328 360 12%
c B 92.89  0 20 25 14316  1 325051 65230 1.4 20 14 9 17 24% 873328 360 12%
c s 93.95  0 19 25 14316  1 331566 69525 1.4 20 14 9 17 24% 873124 360 12%
c s 94.17  0 19 25 14316  1 331566 69493 1.4 20 14 9 17 24% 872737 360 12%
c - 95.80  0 19 26 14316  1 340948 58320 1.4 20 15 8 16 24% 872737 360 12%
c p 95.84  0 19 26 14316  1 340948 58327 1.4 20 15 8 16 24% 872737 360 12%
c u 95.96  0 19 26 14316  1 340948 58294 1.4 20 15 8 16 24% 872737 360 12%
c v 96.00  0 19 26 14316  1 340948 58283 1.4 20 15 8 16 24% 872737 360 12%
c w 96.02  0 19 26 14316  1 340948 58279 1.4 20 15 8 16 24% 872737 360 12%
c x 96.12  0 19 26 14316  1 340948 58279 1.4 20 15 8 16 24% 872724 360 12%
c W 98.62  0 19 26 14317  1 351055 65188 1.4 20 14 8 16 24% 872724 360 12%
c - 101.23  0 19 27 14317  1 369279 58338 1.4 20 14 8 16 24% 872724 360 12%
c p 101.26  0 19 27 14317  1 369279 58345 1.4 20 14 8 16 24% 872724 360 12%
c 
c  seconds   reductions    conflicts         size   tier2        variables
c          MB      restarts       redundant     glue    trail        remaining
c           level        rate          size/glue  tier1   irredundant
c 
c u 101.38  0 19 27 14317  1 369279 58296 1.4 20 14 8 16 24% 872724 360 12%
c v 101.42  0 19 27 14317  1 369279 58294 1.4 20 14 8 16 24% 872724 360 12%
c w 101.45  0 19 27 14317  1 369279 58294 1.4 20 14 8 16 24% 872724 360 12%
c x 101.53  0 19 27 14317  1 369279 58294 1.4 20 14 8 16 24% 872716 360 12%
c I 102.94  0 19 27 14320  1 378057 63488 1.4 20 14 8 16 24% 872716 360 12%
c ] 105.89  0 18 27 14330  1 393869 72369 1.4 20 14 8 16 24% 872716 360 12%
c { 105.89  0 17 27 14330  2 393869 72369 1.5 17 12 6 12 24% 872716 360 12%
c - 107.73  0 17 28 14781  2 398765 56947 1.5 17 12 6 11 24% 872716 360 12%
c p 107.77  0 17 28 14781  2 398765 56958 1.5 17 12 6 11 24% 872716 360 12%
c u 107.93  0 17 28 14781  2 398765 56886 1.5 17 12 6 11 24% 872716 360 12%
c v 107.99  0 17 28 14781  2 398765 56882 1.5 17 12 6 11 24% 872716 360 12%
c w 108.03  0 17 28 14781  2 398765 56878 1.5 17 12 6 11 24% 872716 360 12%
c x 108.12  0 17 28 14781  2 398765 56877 1.5 17 12 6 11 24% 872713 360 12%
c # 110.11  0 17 28 15142  1 406060 62344 1.5 18 11 6 11 24% 872713 360 12%
c - 118.17  0 17 29 17041  1 429406 63105 1.5 18 12 6 11 24% 872713 360 12%
c p 118.22  0 17 29 17041  1 429406 63116 1.5 18 12 6 11 24% 872713 360 12%
c u 118.42  0 17 29 17041  1 429406 63030 1.5 18 12 6 11 24% 872713 360 12%
c v 118.50  0 17 29 17041  1 429406 63020 1.5 18 12 6 11 24% 872713 360 12%
c w 118.54  0 17 29 17041  1 429406 63017 1.5 18 12 6 11 24% 872713 360 12%
c x 118.66  0 17 29 17041  1 429406 63017 1.5 18 12 6 11 24% 872712 360 12%
c 
c  seconds   reductions    conflicts         size   tier2        variables
c          MB      restarts       redundant     glue    trail        remaining
c           level        rate          size/glue  tier1   irredundant
c 
c t 118.67  0 17 29 17041  1 429406 63016 1.5 18 12 6 11 24% 872712 360 12%
c B 120.86  0 17 29 17588  1 435061 66962 1.5 18 12 6 11 24% 872712 360 12%
c - 128.77  0 16 30 19498  1 461202 68430 1.5 18 12 6 11 23% 872712 360 12%
c p 128.81  0 16 30 19498  1 461202 68439 1.5 18 12 6 11 23% 872712 360 12%
c u 129.05  0 16 30 19498  1 461202 68359 1.5 18 12 6 11 23% 872712 360 12%
c v 129.11  0 16 30 19498  1 461202 68318 1.5 18 12 6 11 23% 872712 360 12%
c w 129.16  0 16 30 19498  1 461202 68317 1.5 18 12 6 11 23% 872712 360 12%
c x 129.30  0 16 30 19498  1 461202 68316 1.5 18 12 6 11 23% 872706 360 12%
c W 132.60  0 16 30 19690  1 465062 71224 1.5 18 12 5 11 23% 872706 360 12%
c s 133.12  0 16 30 19877  1 466487 72093 1.5 18 12 5 11 23% 872251 360 12%
c s 133.35  0 16 30 19877  1 466487 72035 1.5 18 12 5 11 23% 871678 360 12%
c } 137.20  0 16 30 20793  1 478472 80526 1.5 18 12 5 11 23% 871678 360 12%
c [ 137.20  0 18 30 20793  1 478472 80526 1.4 20 14 8 16 24% 871678 360 12%
c - 140.04  0 18 31 20797  1 494152 64224 1.4 19 14 8 16 23% 871678 360 12%
c p 140.08  0 18 31 20797  1 494152 64235 1.4 19 14 8 16 23% 871678 360 12%
c u 141.55  0 18 31 20797  1 494152 64189 1.4 19 14 8 16 23% 871677 360 12%
c v 141.64  0 18 31 20797  1 494152 64185 1.4 19 14 8 16 23% 871677 360 12%
c w 141.67  0 18 31 20797  1 494152 64176 1.4 19 14 8 16 23% 871677 360 12%
c x 141.79  0 18 31 20797  1 494152 64176 1.4 19 14 8 16 23% 871671 360 12%
c B 142.22  0 18 31 20798  1 496065 65585 1.4 19 14 8 16 23% 871671 360 12%
c 
c  seconds   reductions    conflicts         size   tier2        variables
c          MB      restarts       redundant     glue    trail        remaining
c           level        rate          size/glue  tier1   irredundant
c 
c W 148.37  0 17 31 20811  1 528067 85491 1.4 19 14 8 16 23% 871671 360 12%
c - 148.52  0 17 32 20811  1 528249 60111 1.4 19 14 8 16 23% 871671 360 12%
c p 148.56  0 17 32 20811  1 528249 60118 1.4 19 14 8 16 23% 871671 360 12%
c u 148.74  0 17 32 20811  1 528249 60080 1.4 19 14 8 16 23% 871671 360 12%
c v 148.82  0 17 32 20811  1 528249 60072 1.4 19 14 8 16 23% 871671 360 12%
c w 148.85  0 17 32 20811  1 528249 60071 1.4 19 14 8 16 23% 871671 360 12%
c x 148.96  0 17 32 20811  1 528249 60071 1.4 19 14 8 16 23% 871666 360 12%
c O 154.14  0 17 32 20823  1 561070 81532 1.4 19 14 7 15 23% 871666 360 12%
c - 154.64  0 17 33 20824  1 563507 57406 1.4 19 14 7 15 23% 871666 360 12%
c p 154.69  0 17 33 20824  1 563507 57417 1.4 19 14 7 15 23% 871666 360 12%
c u 154.85  0 17 33 20824  1 563507 57323 1.4 19 14 7 15 23% 871666 360 12%
c v 154.91  0 17 33 20824  1 563507 57322 1.4 19 14 7 15 23% 871666 360 12%
c w 154.94  0 17 33 20824  1 563507 57321 1.4 19 14 7 15 23% 871666 360 12%
c x 155.04  0 17 33 20824  1 563507 57321 1.4 19 14 7 15 23% 871655 360 12%
c B 160.21  0 16 33 20838  1 595071 74983 1.4 18 13 7 14 23% 871655 360 12%
c ] 160.23  0 16 33 20838  1 595198 75066 1.4 18 13 7 14 23% 871655 360 12%
c { 160.23  0 16 33 20838  1 595198 75066 1.5 18 12 5 11 23% 871655 360 12%
c - 162.29  0 16 34 21450  1 599922 62068 1.5 18 12 5 11 23% 871655 360 12%
c p 162.32  0 16 34 21450  1 599922 62076 1.5 18 12 5 11 23% 871655 360 12%
c u 162.50  0 16 34 21450  1 599922 61980 1.5 18 12 5 11 23% 871655 360 12%
c 
c  seconds   reductions    conflicts         size   tier2        variables
c          MB      restarts       redundant     glue    trail        remaining
c           level        rate          size/glue  tier1   irredundant
c 
c v 162.58  0 16 34 21450  1 599922 61976 1.5 18 12 5 11 23% 871655 360 12%
c w 162.62  0 16 34 21450  1 599922 61975 1.5 18 12 5 11 23% 871655 360 12%
c x 162.72  0 16 34 21450  1 599922 61975 1.5 18 12 5 11 23% 871644 360 12%
c t 162.73  0 16 34 21450  1 599922 61972 1.5 18 12 5 11 23% 871644 360 12%
c s 169.72  0 16 34 23055  1 623871 76559 1.5 17 12 5 11 23% 870931 360 12%
c e 169.90  0 16 34 23055  1 623871 76466 1.5 17 12 5 11 23% 870931 359 12%
c s 169.96  0 16 34 23055  1 623871 76443 1.5 17 12 5 11 23% 870538 359 12%
c F 172.10  0 16 34 23517  1 630072 80458 1.5 17 12 5 11 23% 870538 359 12%
c - 174.70  0 16 35 24109  1 637493 69419 1.5 17 12 5 11 23% 870538 359 12%
c p 174.75  0 16 35 24109  1 637493 69427 1.5 17 12 5 11 23% 870538 359 12%
c u 174.96  0 16 35 24109  1 637493 69352 1.5 17 12 5 11 23% 870538 359 12%
c v 175.07  0 16 35 24109  1 637493 69336 1.5 17 12 5 11 23% 870538 359 12%
c w 175.12  0 16 35 24109  1 637493 69334 1.5 17 12 5 11 23% 870538 359 12%
c x 175.29  0 16 35 24109  1 637493 69334 1.5 17 12 5 11 23% 870529 359 12%
c B 182.33  0 15 35 25550  1 666075 88153 1.5 17 11 5 11 23% 870529 359 12%
c - 184.77  0 15 36 25917  1 676212 75607 1.5 17 11 5 11 22% 870529 359 12%
c p 184.82  0 15 36 25917  1 676212 75615 1.5 17 11 5 11 22% 870529 359 12%
c u 185.01  0 15 36 25917  1 676212 75536 1.5 17 11 5 11 22% 870529 359 12%
c v 185.10  0 15 36 25917  1 676212 75524 1.5 17 11 5 11 22% 870529 359 12%
c w 185.15  0 15 36 25917  1 676212 75522 1.5 17 11 5 11 22% 870529 359 12%
c 
c  seconds   reductions    conflicts         size   tier2        variables
c          MB      restarts       redundant     glue    trail        remaining
c           level        rate          size/glue  tier1   irredundant
c 
c x 185.29  0 15 36 25917  1 676212 75522 1.5 17 11 5 11 22% 870516 359 12%
c W 195.26  0 15 36 27353  1 703076 92461 1.5 17 11 5 11 22% 870516 359 12%
c - 199.57  0 15 37 28282  1 716092 81206 1.5 17 11 5 11 22% 870516 359 12%
c p 199.61  0 15 37 28282  1 716092 81214 1.5 17 11 5 11 22% 870516 359 12%
c u 199.84  0 15 37 28282  1 716092 81102 1.5 17 11 5 11 22% 870516 359 12%
c v 199.94  0 15 37 28282  1 716092 81096 1.5 17 11 5 11 22% 870516 359 12%
c w 199.99  0 15 37 28282  1 716092 81082 1.5 17 11 5 11 22% 870516 359 12%
c x 200.15  0 15 37 28282  1 716092 81082 1.5 17 11 5 11 22% 870510 359 12%
c t 200.16  0 15 37 28282  1 716092 81079 1.5 17 11 5 11 22% 870510 359 12%
c } 200.21  0 15 37 28282  1 716152 81107 1.5 17 11 5 11 22% 870510 359 12%
c [ 200.21  0 16 37 28282  1 716152 81107 1.4 18 13 7 14 23% 870510 359 12%
c W 204.95  0 15 37 28286  1 741077 96278 1.4 18 13 7 14 22% 870510 359 12%
c - 207.47  0 15 38 28287  1 757127 82149 1.4 18 13 7 14 22% 870510 359 12%
c p 207.51  0 15 38 28287  1 757127 82157 1.4 18 13 7 14 22% 870510 359 12%
c u 207.73  0 15 38 28287  1 757127 82134 1.4 18 13 7 14 22% 870510 359 12%
c v 207.82  0 15 38 28287  1 757127 82131 1.4 18 13 7 14 22% 870510 359 12%
c w 207.86  0 15 38 28287  1 757127 82127 1.4 18 13 7 14 22% 870510 359 12%
c x 207.99  0 15 38 28287  1 757127 82127 1.4 18 13 7 14 22% 870510 359 12%
c I 211.65  0 15 38 28287  1 780079 96146 1.4 18 13 7 14 22% 870510 359 12%
c - 215.58  0 15 39 28288  1 799324 81314 1.4 17 12 6 14 21% 870510 359 12%
c 
c  seconds   reductions    conflicts         size   tier2        variables
c          MB      restarts       redundant     glue    trail        remaining
c           level        rate          size/glue  tier1   irredundant
c 
c p 215.63  0 15 39 28288  1 799324 81321 1.4 17 12 6 14 21% 870510 359 12%
c u 216.52  0 15 39 28288  1 799324 81264 1.4 17 12 6 14 21% 870510 359 12%
c v 216.61  0 15 39 28288  1 799324 81262 1.4 17 12 6 14 21% 870510 359 12%
c w 216.66  0 15 39 28288  1 799324 81262 1.4 17 12 6 14 21% 870510 359 12%
c x 216.79  0 15 39 28288  1 799324 81260 1.4 17 12 6 14 21% 870503 359 12%
c s 217.83  0 15 39 28288  1 803771 83744 1.4 17 12 6 14 21% 869470 359 12%
c s 218.06  0 15 39 28288  1 803771 83707 1.4 17 12 6 14 21% 868759 359 12%
c B 221.07  0 15 39 28288  1 820081 93815 1.4 17 12 6 14 21% 868759 359 12%
c - 225.28  0 15 40 28288  1 842679 82655 1.4 17 12 6 14 21% 868759 359 12%
c p 225.33  0 15 40 28288  1 842679 82663 1.4 17 12 6 14 21% 868759 359 12%
c u 225.55  0 15 40 28288  1 842679 82572 1.4 17 12 6 14 21% 868759 359 12%
c v 225.68  0 15 40 28288  1 842679 82569 1.4 17 12 6 14 21% 868759 359 12%
c w 225.73  0 15 40 28288  1 842679 82566 1.4 17 12 6 14 21% 868759 359 12%
c x 225.90  0 15 40 28288  1 842679 82566 1.4 17 12 6 14 21% 868744 359 12%
c W 231.28  0 15 40 28295  1 861082 93041 1.4 17 12 6 13 21% 868744 359 12%
c ] 232.41  0 15 40 28301  1 868415 97694 1.4 17 12 6 13 21% 868744 359 12%
c { 232.41  0 15 40 28301  1 868415 97694 1.5 17 11 5 11 22% 868744 359 12%
c - 238.62  0 14 41 29467  1 887174 85533 1.5 16 11 5 11 21% 868744 359 12%
c p 238.67  0 14 41 29467  1 887174 85545 1.5 16 11 5 11 21% 868744 359 12%
c u 238.93  0 14 41 29467  1 887174 85357 1.5 16 11 5 11 21% 868744 359 12%
c 
c  seconds   reductions    conflicts         size   tier2        variables
c          MB      restarts       redundant     glue    trail        remaining
c           level        rate          size/glue  tier1   irredundant
c 
c v 239.06  0 14 41 29467  1 887174 85354 1.5 16 11 5 11 21% 868744 359 12%
c w 239.13  0 14 41 29467  1 887174 85353 1.5 16 11 5 11 21% 868744 359 12%
c x 239.31  0 14 41 29467  1 887174 85352 1.5 16 11 5 11 21% 868736 359 12%
c # 243.70  0 14 41 30299  1 903083 95681 1.5 16 11 5 11 21% 868736 359 12%
c - 252.60  0 14 42 31907  1 932830 92937 1.5 16 11 5 11 21% 868736 359 12%
c p 252.65  0 14 42 31907  1 932830 92945 1.5 16 11 5 11 21% 868736 359 12%
c u 252.97  0 14 42 31907  1 932830 92870 1.5 16 11 5 11 21% 868736 359 12%
c v 253.13  0 14 42 31907  1 932830 92863 1.5 16 11 5 11 21% 868736 359 12%
c w 253.20  0 14 42 31907  1 932830 92845 1.5 16 11 5 11 21% 868736 359 12%
c x 253.43  0 14 42 31907  1 932830 92840 1.5 16 11 5 11 21% 868693 359 12%
c B 257.84  0 14 42 32655  1 946085 100540 1.5 16 11 5 11 21% 868693 359 12%
c - 269.02  0 14 43 34937  1 979646 99079 1.4 16 11 5 11 21% 868693 359 12%
c p 269.07  0 14 43 34937  1 979646 99087 1.4 16 11 5 11 21% 868693 359 12%
c u 269.41  0 14 43 34937  1 979646 99006 1.4 16 11 5 11 21% 868693 359 12%
c v 269.57  0 14 43 34937  1 979646 98871 1.4 16 11 5 11 21% 868693 359 12%
c w 269.64  0 14 43 34937  1 979646 98776 1.4 16 11 5 11 21% 868693 359 12%
c x 269.84  0 14 43 34937  1 979646 98770 1.4 16 11 5 11 21% 868403 359 12%
c W 275.53  0 13 43 35374  1 990088 104617 1.4 16 11 5 10 21% 868403 359 12%
c s 280.12  0 13 43 36537  1 1006105 114047 1.4 16 11 5 10 21% 867344 359 12%
c s 280.38  0 13 43 36537  1 1006105 113992 1.4 16 11 5 10 21% 865877 359 12%
c 
c  seconds   reductions     conflicts          size   tier2        variables
c          MB      restarts        redundant      glue    trail        remaining
c           level        rate            size/glue  tier1   irredundant
c 
c } 286.32  0 13 43 37934  1 1023733 124512 1.4 16 11 5 10 21% 865877 359 12%
c [ 286.32  0 15 43 37934  1 1023733 124512 1.4 17 12 6 13 21% 865877 359 12%
c - 287.24  0 14 44 37935  1 1027622 99570 1.4 17 12 6 13 21% 865877 359 12%
c p 287.30  0 14 44 37935  1 1027622 99578 1.4 17 12 6 13 21% 865877 359 12%
c u 287.58  0 14 44 37935  1 1027622 99420 1.4 17 12 6 13 21% 865877 359 12%
c v 287.74  0 14 44 37935  1 1027622 99395 1.4 17 12 6 13 21% 865877 359 12%
c w 287.81  0 14 44 37935  1 1027622 99182 1.4 17 12 6 13 21% 865877 359 12%
c x 288.05  0 14 44 37935  1 1027622 99180 1.4 17 12 6 13 21% 865067 359 12%
c O 289.40  0 15 44 37936  1 1035093 104184 1.4 17 12 6 13 21% 865067 359 12%
c - 297.11  0 14 45 37952  1 1076721 103619 1.5 17 12 6 13 21% 865067 359 12%
c p 297.17  0 14 45 37952  1 1076721 103627 1.5 17 12 6 13 21% 865067 359 12%
c u 297.44  0 14 45 37952  1 1076721 103520 1.5 17 12 6 13 21% 865067 359 12%
c v 297.56  0 14 45 37952  1 1076721 103518 1.5 17 12 6 13 21% 865067 359 12%
c w 297.62  0 14 45 37952  1 1076721 103502 1.5 17 12 6 13 21% 865067 359 12%
c x 297.81  0 14 45 37952  1 1076721 103501 1.5 17 12 6 13 21% 865057 359 12%
c B 298.56  0 14 45 37952  1 1081095 106254 1.5 17 12 6 13 21% 865057 359 12%
c - 307.14  0 13 46 37972  1 1126970 106821 1.5 16 11 6 13 21% 865057 359 12%
c p 307.19  0 13 46 37972  1 1126970 106829 1.5 16 11 6 13 21% 865057 359 12%
c u 307.46  0 13 46 37972  1 1126970 106744 1.5 16 11 6 13 21% 865057 359 12%
c v 307.60  0 13 46 37972  1 1126970 106736 1.5 16 11 6 13 21% 865057 359 12%
c 
c  seconds   reductions     conflicts          size   tier2        variables
c          MB      restarts        redundant      glue    trail        remaining
c           level        rate            size/glue  tier1   irredundant
c 
c w 307.66  0 13 46 37972  1 1126970 106732 1.5 16 11 6 13 21% 865057 359 12%
c x 307.85  0 13 46 37972  1 1126970 106729 1.5 16 11 6 13 21% 865022 359 12%
c W 310.29  0 13 46 37973  1 1128096 107334 1.5 16 11 6 13 21% 865022 359 12%
c I 319.64  0 13 46 37984  1 1176097 135822 1.5 16 11 6 13 20% 865022 359 12%
c - 320.39  0 13 47 37984  1 1178379 110323 1.5 16 11 6 13 20% 865022 359 12%
c p 320.44  0 13 47 37984  1 1178379 110330 1.5 16 11 6 13 20% 865022 359 12%
c u 320.72  0 13 47 37984  1 1178379 110259 1.5 16 11 6 13 20% 865022 359 12%
c v 320.83  0 13 47 37984  1 1178379 110249 1.5 16 11 6 13 20% 865022 359 12%
c w 320.90  0 13 47 37984  1 1178379 110240 1.5 16 11 6 13 20% 865022 359 12%
c x 321.08  0 13 47 37984  1 1178379 110238 1.5 16 11 6 13 20% 864989 359 12%
c ] 328.18  0 13 47 37990  1 1213356 130975 1.5 16 11 6 12 20% 864989 359 12%
c { 328.18  0 13 47 37990  1 1213356 130975 1.4 16 11 5 10 21% 864989 359 12%
c F 331.43  0 13 47 38103  1 1225100 137266 1.4 15 11 5 10 21% 864989 359 12%
c s 333.02  0 13 47 38104  1 1230825 140037 1.5 15 10 5 10 21% 862174 359 12%
c s 333.27  0 13 47 38104  1 1230825 139971 1.5 15 10 5 10 21% 857938 359 12%
c - 333.56  0 13 48 38104  1 1230946 114592 1.5 15 10 5 10 21% 857938 359 12%
c p 333.61  0 13 48 38104  1 1230946 114602 1.5 15 10 5 10 21% 857938 359 12%
c u 335.64  0 13 48 38104  1 1230946 114489 1.5 15 10 5 10 21% 857938 359 12%
c v 335.76  0 13 48 38104  1 1230946 114480 1.5 15 10 5 10 21% 857938 359 12%
c w 335.83  0 13 48 38104  1 1230946 114443 1.5 15 10 5 10 21% 857938 359 12%
c 
c  seconds   reductions     conflicts          size   tier2        variables
c          MB      restarts        redundant      glue    trail        remaining
c           level        rate            size/glue  tier1   irredundant
c 
c x 336.03  0 13 48 38104  1 1230946 114442 1.5 15 10 5 10 21% 857722 359 12%
c i 336.95  0 12 48 38148  1 1235132 116545 1.5 15 10 5 10 21% 857722 358 12%
c i 337.66  0 12 48 38148  1 1237870 117839 1.5 15 10 5 10 21% 857722 344 12%
c i 338.14  0 12 48 38148  1 1239603 118694 1.5 15 10 5 10 21% 857722 343 12%
c i 338.27  0 12 48 38148  1 1240061 118870 1.5 15 10 5 10 21% 857722 341 12%
c i 338.40  0 12 48 38148  1 1240626 119093 1.5 15 10 5 10 21% 857722 339 12%
c i 338.42  0 12 48 38148  1 1240725 119123 1.5 15 10 5 10 21% 857722 337 11%
c i 338.45  0 12 48 38148  1 1240839 119157 1.5 15 10 5 10 21% 857722 333 11%
c i 338.47  0 12 48 38148  1 1240964 119183 1.5 15 10 5 10 21% 857722 332 11%
c i 338.49  0 12 48 38148  1 1241031 119209 1.5 15 10 5 10 21% 857722 311 11%
c } 338.49  0 12 48 38148  1 1241054 119216 1.5 15 10 5 10 21% 857722 291 10%
c 0 338.49  0 12 48 38148  1 1241054 119216 1.5 15 10 5 10 21% 857722 291 10%
c 
c --- [ closing proof ] ------------------------------------------------------
c 
c LRAT proof file '/Users/ivanspogreev/earth-moon/population/f034-a4-cert/split-m13/c10/round-0/F.lrat' closed
c LRAT 1969467 added clauses 36.96%
c LRAT 3358963 deleted clauses 63.04%
c LRAT 349919521 bytes (333.71 MB)
c 
c --- [ result ] -------------------------------------------------------------
c 
s UNSATISFIABLE
c 
c --- [ run-time profiling ] -------------------------------------------------
c 
c process time taken by individual solving procedures
c (percentage relative to process time for solving)
c 
c       307.97   91.37% search
c       169.83   50.38% unstable
c       118.72   35.22% stable
c        29.10    8.63% simplify
c        19.30    5.73% walk
c        15.58    4.62% vivify
c         6.95    2.06% sweep
c         2.95    0.88% elim
c         1.41    0.42% parse
c         1.11    0.33% subsume
c         1.06    0.32% probe
c         0.34    0.10% ternary
c         0.25    0.08% congruence
c         0.13    0.04% lucky
c         0.00    0.00% backbone
c   =================================
c       337.08   99.58% solve
c 
c last line shows process time for solving
c (percentage relative to total process time)
c 
c --- [ statistics ] ---------------------------------------------------------
c 
c chronological:            117700         9.48 %  of conflicts
c conflicts:               1241054      3681.80    per second
c backbone:                  79743      2707.74 %  of vars
c decisions:               1487555      4413.09    per second
c eliminated:                 1771        60.14 %  of all variables
c fixed:                       882        29.95 %  of all variables
c learned:                 1213213        97.76 %  per conflict
c learned_lits:           29047299       100.00 %  learned literals
c minimized:                     0         0.00 %  learned literals
c shrunken:                6180217        21.28 %  learned literals
c minishrunken:            1907589         6.57 %  learned literals
c otfs:                      16327         1.32 %  of conflict
c propagations:           16489892         0.05 M  per second
c reduced:                  658588        53.07 %  per conflict
c rephased:                     49     25327.63    interval
c restarts:                  38148        32.53    interval
c stabilizing:                   9        54.22 %  of conflicts
c substituted:                   1         0.03 %  of all variables
c subsumed:                 456957        21.09 %  of all clauses
c strengthened:              61932         2.86 %  of all clauses
c ticks:               26549167428      1643.31    propagation
c vivified:                   8839         0.41 %  of all clauses
c walked:                       15     82736.93    interval
c weakened:                   4084         2.51    average size
c congruence:                    9    137894.89    interval
c 
c seconds are measured in process time for solving
c 
c --- [ glue usage ] ---------------------------------------------------------
c 
c focused glue 4 used 182265 clauses 9.223% accumulated 50.92% tier1
c focused glue 5 used 155063 clauses 7.846% accumulated 58.77%
c focused glue 6-8 used 326503 clauses 16.52% accumulated 75.29%
c focused glue 9 used 92826 clauses 4.697% accumulated 79.99%
c focused glue 10 used 85393 clauses 4.321% accumulated 84.31% tier2
c 
c stable glue 6 used 160151 clauses 5.618% accumulated 56.08% tier1
c stable glue 7 used 143534 clauses 5.035% accumulated 61.12%
c stable glue 8-10 used 432799 clauses 15.18% accumulated 76.30%
c stable glue 11 used 135647 clauses 4.758% accumulated 81.06%
c stable glue 12 used 122088 clauses 4.282% accumulated 85.34% tier2
c 
c 
c --- [ resources ] ----------------------------------------------------------
c 
c total process time since initialization:       338.49    seconds
c total real time since initialization:          340.43    seconds
c maximum resident set size of process:          840.73    MB
c 
c --- [ shutting down ] ------------------------------------------------------
c 
c exit 20

[rc=20 340.5s]
$ /Users/ivanspogreev/earth-moon/verifier/../tools/drat-trim/lrat-check /Users/ivanspogreev/earth-moon/population/f034-a4-cert/split-m13/c10/round-0/F.cnf /Users/ivanspogreev/earth-moon/population/f034-a4-cert/split-m13/c10/round-0/F.lrat
c parsed a formula with 2945 variables and 2367317 clauses
c VERIFIED
c allocated 1024 53930436 99393
c Added clauses = 4336784.  Deleted clauses = 3358963.  Max live clauses = 2367317
c verification time = 6.74 secs

[rc=0 6.7s]
