# lean_static_resolve 2026-10-02 20:38:49
# dump=/root/earth-moon/population/f034-a4-cert/cs-a4_m04c/s/n105_n94_n136_n143_n106_p145/dump.jsonl raw=875196 dedup=875196 footer={'type': 'footer', 'verdict': 'UNSAT', 'counts': {'preseed': 8426, 'prop': 866770, 'model': 0}, 'stats': {'checks': 7287276, 'confl': 433385, 'model_rej': 0}, 'time': '2026-10-02T20:38:35+0000'}
# counters=False
$ /root/bin/cadical --lrat --no-binary --no-factor /root/earth-moon/population/f034-a4-cert/cs-a4_m04c/r/n105_n94_n136_n143_n106_p145/round-0/F.cnf /root/earth-moon/population/f034-a4-cert/cs-a4_m04c/r/n105_n94_n136_n143_n106_p145/round-0/F.lrat
c --- [ banner ] -------------------------------------------------------------
c 
c CaDiCaL SAT Solver
c Copyright (c) 2016-2026
c A. Biere, M. Fleury, N. Froleyks, K. Fazekas, F. Pollitt, T. Faller
c JKU Linz, University of Freiburg, TU Wien
c 
c Version 3.0.1 c60730422e758ef1cebe7aeddf2dda31c996bf04
c g++ (Ubuntu 13.3.0-6ubuntu2~24.04.1) 13.3.0 -Wall -Wextra -O3 -DNDEBUG
c Fri Oct 2 18:00:09 UTC 2026 Linux ai-math 6.8.0-139-generic x86_64
c 
c --- [ proof tracing ] ------------------------------------------------------
c 
c opening file to write '/root/earth-moon/population/f034-a4-cert/cs-a4_m04c/r/n105_n94_n136_n143_n106_p145/round-0/F.lrat'
c writing non-binary proof trace to '/root/earth-moon/population/f034-a4-cert/cs-a4_m04c/r/n105_n94_n136_n143_n106_p145/round-0/F.lrat'
c 
c --- [ parsing input ] ------------------------------------------------------
c 
c reading DIMACS file from '/root/earth-moon/population/f034-a4-cert/cs-a4_m04c/r/n105_n94_n136_n143_n106_p145/round-0/F.cnf'
c opening file to read '/root/earth-moon/population/f034-a4-cert/cs-a4_m04c/r/n105_n94_n136_n143_n106_p145/round-0/F.cnf'
c found 'p cnf 2964 883609' header
c parsed 883609 clauses in 0.63 seconds process time
c 
c --- [ options ] ------------------------------------------------------------
c 
c   --binary=false                 (different from default 'true')
c   --lrat=true                    (different from default 'false')
c 
c --- [ solving ] ------------------------------------------------------------
c 
c time measured in process time since initialization
c 
c  seconds  reduction conflicts       size tier2       variables
c         MB    restarts   redundant    glue  trail         remaining
c          level     rate       size/glu tier1  irredundant
c 
c *  0.63 67  0 0   0  0    0    0 0.0 0 0 2 6  0% 509881 2921 99%
c )  0.64 70  0 0   0  0    0    0 0.0 0 0 2 6  0% 509881 2921 99%
c {  0.64 70  0 0   0  0    0    0 0.0 0 0 2 6  0% 509881 2921 99%
c i  0.69 75 301 0  21 37  151   77 1.5 14 9 2 6 20% 509815 2920 99%
c i  0.69 75 297 0  21 37  153   77 1.5 14 9 2 6 19% 509815 2919 98%
c i  0.69 75 291 0  21 36  156   77 1.5 13 9 2 6 19% 509814 2914 98%
c i  0.69 75 289 0  21 36  157   77 1.5 13 9 2 6 19% 509814 2913 98%
c i  0.69 75 287 0  21 36  158   77 1.5 13 8 2 6 19% 509814 2912 98%
c i  0.73 79 214 0  26 27  228  108 1.4 14 10 2 6 18% 509784 2911 98%
c i  0.73 79 213 0  27 27  229  108 1.4 14 10 2 6 18% 509784 2910 98%
c i  0.73 79 212 0  27 27  230  108 1.4 14 10 2 6 18% 509784 2909 98%
c i  0.73 79 211 0  27 27  231  108 1.4 14 9 2 6 18% 509784 2908 98%
c i  0.75 80 182 0  33 24  282  138 1.4 14 10 2 6 17% 509768 2907 98%
c -  0.80 85 174 1  39 23  301   70 1.4 15 10 2 6 17% 509732 2907 98%
c i  0.81 86 166 1  41 22  316   76 1.4 15 11 2 6 17% 509725 2859 96%
c i  0.82 86 163 1  44 22  324   83 1.4 15 11 2 6 17% 509725 2858 96%
c i  0.83 87 154 1  49 21  352   94 1.4 14 10 2 6 16% 509714 2855 96%
c i  0.83 87 146 1  49 20  372  100 1.4 14 10 2 6 16% 509705 2840 96%
c i  0.86 87 130 1  60 18  426  133 1.4 15 11 2 6 16% 509698 2839 96%
c i  0.86 87 129 1  61 18  431  135 1.4 15 11 2 6 15% 509696 2838 96%
c 
c  seconds  reduction conflicts       size   tier2       variables
c         MB    restarts   redundant     glue   trail         remaining
c          level     rate       size/glue  tier1  irredundant
c 
c i  0.92 88 95 1  68 11  789  273 1.5 15 11 2 6 20% 509513 2831 96%
c i  0.94 88 91 1  78 11  831  293 1.4 16 11 2 6 20% 509502 2829 95%
c i  0.95 88 90 1  80 11  837  296 1.4 16 11 2 6 20% 509500 2796 94%
c i  0.99 90 87 1  94 11  897  338 1.4 16 11 2 6 19% 509492 2794 94%
c i  0.99 90 87 1  94 11  898  338 1.4 16 11 2 6 19% 509492 2791 94%
c i  0.99 90 87 1  94 11  900  338 1.4 16 11 2 6 19% 509492 2786 94%
c i  0.99 90 86 1  95 11  903  340 1.4 16 11 2 6 19% 509492 2785 94%
c i  0.99 90 86 1  95 11  913  344 1.4 16 11 2 6 19% 509491 2784 94%
c i  1.00 90 85 1  99 11  931  353 1.4 16 11 2 6 19% 509484 2743 93%
c }  1.04 91 81 1 106 10 1004  394 1.4 16 12 2 6 19% 509469 2743 93%
c [  1.04 91  0 1 106  0 1004  394 0.0 0 0 2 6  0% 509469 2743 93%
c O  1.04 91  3 1 106  4 1005  395 2.0 4 2 2 6 23% 509469 2743 93%
c -  1.16 131  6 2 106  1 1044  197 2.0 9 4 2 6 26% 509279 2743 93%
c i  1.17 131  7 2 106  3 1140  246 2.0 10 5 2 6 23% 509256 2736 92%
c ]  1.37 131 65 2 106  1 1993 1018 1.9 26 14 2 6 46% 509233 2736 92%
c {  1.37 131 81 2 106 10 1993 1018 1.4 16 12 2 6 19% 509233 2736 92%
c i  1.39 131 80 2 109 10 2004 1025 1.4 16 12 2 6 19% 509233 2735 92%
c i  1.39 131 80 2 109 10 2013 1026 1.4 16 12 2 6 19% 509229 2728 92%
c i  1.39 131 80 2 110 10 2014 1026 1.4 16 12 2 6 19% 509229 2727 92%
c i  1.39 131 80 2 110 10 2015 1026 1.4 16 12 2 6 19% 509229 2722 92%
c 
c  seconds   reduction conflicts       size   tier2       variables
c          MB    restarts   redundant     glue   trail         remaining
c           level     rate       size/glue  tier1  irredundant
c 
c i  1.39 131 79 2 111 10 2020 1026 1.4 16 12 2 6 19% 509225 2721 92%
c i  1.40 131 79 2 112 10 2033 1027 1.4 16 12 2 6 19% 509215 2720 92%
c i  1.40 131 78 2 112 10 2040 1030 1.4 16 12 2 6 19% 509214 2667 90%
c i  1.50 132 78 2 113 10 2061  949 1.4 16 12 2 6  1% 508817 2657 90%
c i  1.53 132 76 2 121 10 2091  973 1.4 17 12 2 6  8% 508814 2656 90%
c i  1.53 132 76 2 122 10 2100  974 1.4 16 12 2 6  8% 508809 2615 88%
c i  1.53 132 76 2 123 10 2101  974 1.4 16 12 2 6  8% 508809 2611 88%
c i  1.58 132 71 2 147 10 2200 1043 1.3 17 13 2 6  8% 508801 2586 87%
c i  1.59 132 71 2 152  9 2219 1059 1.3 17 13 2 6  8% 508801 2574 87%
c -  1.75 110 63 3 168  8 2421  374 1.3 17 13 2 6  8% 508694 2574 87%
c i  1.82 114 56 3 171  7 2924  635 1.4 18 12 2 6 16% 508569 2573 87%
c i  1.82 114 56 3 171  7 2931  639 1.4 18 12 2 6 16% 508567 2569 87%
c i  1.82 114 56 3 171  7 2939  640 1.4 18 12 2 6 16% 508562 2524 85%
c i  1.82 114 56 3 171  7 2941  640 1.4 18 12 2 6 16% 508561 2523 85%
c i  1.82 114 56 3 171  7 2947  644 1.4 18 12 2 6 16% 508560 2521 85%
c O  1.85 114 55 3 171  6 3007  675 1.4 18 12 2 6 16% 508544 2521 85%
c i  1.97 114 53 3 210  6 3164  787 1.4 18 13 2 6 16% 508526 2518 85%
c i  1.97 114 52 3 211  6 3165  787 1.4 18 13 2 6 16% 508526 2514 85%
c i  1.97 114 52 3 211  6 3167  787 1.4 18 13 2 6 16% 508525 2513 85%
c i  1.97 114 52 3 212  6 3169  788 1.4 18 13 2 6 16% 508525 2512 85%
c 
c  seconds   reduction conflicts       size   tier2       variables
c          MB    restarts   redundant     glue   trail         remaining
c           level     rate       size/glue  tier1  irredundant
c 
c i  1.97 114 52 3 213  6 3179  793 1.4 18 13 2 6 15% 508523 2467 83%
c 2  2.00 114 51 3 215  6 3260  869 1.4 19 13 2 6 15% 508523 2458 83%
c d  2.03 114 51 3 215  6 3260  792 1.4 19 13 2 6 15% 508388 2457 83%
c p  2.04 114 51 3 215  6 3260  792 1.4 19 13 2 6 15% 508388 2456 83%
c =  2.23 131 51 3 215  6 3260  791 1.4 19 13 2 6 15% 508399 2439 82%
c t  2.23 115 51 3 215  6 3260  787 1.4 19 13 2 6 15% 508399 2439 82%
c i  2.44 115 49 3 307  7 3762 1117 1.4 19 13 2 6 17% 508280 2438 82%
c i  2.44 115 49 3 307  7 3767 1119 1.4 19 13 2 6 17% 508279 2437 82%
c i  2.44 115 49 3 307  7 3770 1119 1.4 19 13 2 6 17% 508277 2406 81%
c -  3.03 115 44 4 489  6 4521  588 1.4 20 15 2 6 16% 508229 2406 81%
c i  3.12 115 43 4 543  6 4787  759 1.4 20 15 2 6 16% 508205 2393 81%
c i  3.20 115 42 4 558  5 5021  911 1.4 20 15 12 20 17% 508161 2392 81%
c }  3.24 115 41 4 558  5 5131  988 1.4 20 15 12 20 17% 508157 2392 81%
c [  3.24 115 65 4 558  1 5131  988 1.9 26 14 2 6 52% 508157 2392 81%
c i  3.28 115 61 4 558  1 5227 1048 1.9 25 14 13 17 49% 508148 2391 81%
c i  3.28 115 61 4 558  1 5241 1052 1.9 25 14 13 17 49% 508139 2386 80%
c i  3.28 115 61 4 558  1 5244 1053 1.9 25 13 13 17 49% 508138 2383 80%
c i  3.28 115 61 4 558  2 5245 1053 1.9 25 13 13 17 49% 508138 2347 79%
c i  3.31 115 57 4 559  1 5360 1105 1.9 24 13 12 16 46% 508116 2340 79%
c i  3.31 115 57 4 559  1 5361 1105 1.9 24 13 12 16 46% 508116 2339 79%
c 
c  seconds   reduction conflicts       size    tier2        variables
c          MB    restarts   redundant     glue     trail         remaining
c           level     rate       size/glue  tier1    irredundant
c 
c i  3.31 115 57 4 559  1 5364 1105 1.9 24 13 12 16 46% 508115 2337 79%
c 2  3.37 115 45 4 559  1 5761 1261 1.7 21 13 12 16 39% 508115 2336 79%
c t  3.50 115 45 4 559  1 5761 1256 1.7 21 13 12 16 39% 508033 2336 79%
c I  3.53 115 41 4 559  1 6008 1391 1.7 20 12 12 16 37% 508033 2336 79%
c -  3.90 115 31 5 560  1 7387 2256 1.5 21 14 12 16 30% 508033 2336 79%
c 2  4.03 115 29 5 560  1 8365 2914 1.5 21 15 12 16 28% 508033 2281 77%
c B  4.41 115 26 5 562  1 10010 3962 1.4 21 15 12 17  8% 507978 2281 77%
c ]  4.56 115 26 5 563  1 10588 4449 1.4 22 15 12 17  9% 507978 2281 77%
c {  4.56 115 41 5 563  5 10588 4449 1.4 20 15 12 20 19% 507978 2281 77%
c i  4.66 115 40 5 575  5 10840 4624 1.4 20 15 12 20 18% 507975 2237 75%
c -  4.81 115 39 6 575  5 11051 4564 1.4 20 15 12 20 18% 507930 2237 75%
c d  4.85 115 38 6 575  5 11062 4574 1.4 20 15 12 20 18% 507928 2236 75%
c 2  4.86 115 38 6 575  5 11062 4574 1.4 20 15 12 20 18% 507927 2236 75%
c t  4.98 115 38 6 575  5 11062 4573 1.4 20 15 12 20 18% 507927 2236 75%
c s  5.73 131 28 6 678  3 14898 6971 1.4 20 14 12 17 12% 507878 2236 75%
c t  5.75 131 28 6 678  3 14898 6970 1.4 20 14 12 17 12% 507852 2236 75%
c e  5.83 115 28 6 678  3 14898 6672 1.4 20 14 12 17 12% 504500 359 12%
c s  5.86 131 28 6 678  3 14898 6672 1.4 20 14 12 17 12% 504474 359 12%
c #  6.05 115 28 6 690  3 15012 6741 1.4 20 14 12 17 15% 504474 359 12%
c -  6.29 115 28 7 726  3 15535 5924 1.4 21 14 12 17 23% 504474 359 12%
c 
c  seconds   reductions conflicts       size    tier2        variables
c          MB    restarts    redundant     glue     trail        remaining
c           level     rate        size/glue  tier1    irredundant
c 
c }  7.38 115 24 7 903  2 20507 9133 1.4 20 14 12 17 22% 504474 359 12%
c [  7.38 115 26 7 903  1 20507 9133 1.4 22 15 12 17 55% 504474 359 12%
c -  7.52 115 25 8 903  1 20839 7840 1.4 22 15 12 17 51% 504474 359 12%
c u  7.63 115 25 8 903  1 20839 7798 1.4 22 15 12 17 51% 504496 359 12%
c v  7.75 115 25 8 903  1 20839 7783 1.4 22 15 12 17 51% 504496 359 12%
c w  7.77 115 25 8 903  1 20839 7776 1.4 22 15 12 17 51% 504496 359 12%
c x  7.85 115 25 8 903  1 20839 7776 1.4 22 15 12 17 51% 504495 359 12%
c W  8.17 115 25 8 903  1 21013 7896 1.4 22 15 12 17 49% 504495 359 12%
c -  9.19 116 23 9 905  1 26984 9667 1.4 23 16 12 18 30% 504495 359 12%
c t  9.38 116 23 9 905  1 26984 9666 1.4 23 16 12 18 30% 504494 359 12%
c O  9.59 116 23 9 906  1 28016 10340 1.4 23 16 12 18 30% 504494 359 12%
c ] 10.27 116 22 9 908  1 31458 12808 1.4 23 16 12 18 29% 504494 359 12%
c { 10.27 116 24 9 908  2 31458 12808 1.4 20 14 12 17 22% 504494 359 12%
c - 10.93 116 23 10 970  2 33975 12037 1.4 20 14 12 17 23% 504494 359 12%
c p 10.96 116 23 10 970  2 33975 12038 1.4 20 14 12 17 23% 504494 359 12%
c B 11.48 116 22 10 1045  2 36018 13410 1.4 20 14 12 17 22% 504494 359 12%
c - 13.08 116 21 11 1409  2 41823 13239 1.5 21 14 11 15 23% 504494 359 12%
c p 13.09 116 21 11 1409  2 41823 13241 1.5 21 14 11 15 23% 504494 359 12%
c u 13.22 116 21 11 1409  2 41823 13214 1.5 21 14 11 15 23% 504494 359 12%
c v 13.28 116 21 11 1409  2 41823 13212 1.5 21 14 11 15 23% 504494 359 12%
c 
c  seconds   reductions   conflicts        size    tier2        variables
c          MB     restarts      redundant     glue     trail        remaining
c           level       rate         size/glue  tier1    irredundant
c 
c w 13.30 116 21 11 1409  2 41823 13210 1.5 21 14 11 15 23% 504494 359 12%
c x 13.36 116 21 11 1409  2 41823 13210 1.5 21 14 11 15 23% 504494 359 12%
c W 14.24 116 20 11 1688  2 45020 15265 1.5 21 14 11 15 23% 504494 359 12%
c - 15.03 116 19 12 1701  2 50527 16178 1.5 21 14 11 15 23% 504494 359 12%
c } 15.17 116 19 12 1721  2 50715 16322 1.5 21 14 11 15 23% 504494 359 12%
c [ 15.17 116 22 12 1721  1 50715 16322 1.4 23 16 12 18 29% 504494 359 12%
c B 15.77 116 22 12 1724  1 55022 19350 1.5 23 16 12 18 28% 504494 359 12%
c s 16.04 116 22 12 1724  1 56726 20652 1.5 23 16 12 18 28% 504454 359 12%
c s 16.18 116 22 12 1724  1 56726 20650 1.5 23 16 12 18 28% 504443 359 12%
c - 16.83 126 22 13 1725  1 60095 18594 1.4 23 16 12 18 27% 504443 359 12%
c W 18.13 117 22 13 1725  1 66023 22576 1.4 23 16 12 18 26% 504443 359 12%
c - 18.91 117 22 14 1728  1 70529 20436 1.4 23 16 12 18 26% 504443 359 12%
c p 18.94 117 22 14 1728  1 70529 20438 1.4 23 16 12 18 26% 504443 359 12%
c u 19.08 117 22 14 1728  1 70529 20392 1.4 23 16 12 18 26% 504443 359 12%
c v 19.15 117 22 14 1728  1 70529 20392 1.4 23 16 12 18 26% 504443 359 12%
c w 19.18 117 22 14 1728  1 70529 20381 1.4 23 16 12 18 26% 504443 359 12%
c x 19.26 117 22 14 1728  1 70529 20381 1.4 23 16 12 18 26% 504442 359 12%
c ] 19.48 117 22 14 1729  1 71553 21122 1.4 23 17 12 18 26% 504442 359 12%
c { 19.48 117 19 14 1729  2 71553 21122 1.5 21 14 11 15 23% 504442 359 12%
c F 21.39 118 19 14 2154  2 78025 25424 1.5 20 14 11 15 23% 504442 359 12%
c 
c  seconds   reductions   conflicts        size    tier2        variables
c          MB     restarts      redundant     glue     trail        remaining
c           level       rate         size/glue  tier1    irredundant
c 
c - 22.46 119 19 15 2447  2 81835 23550 1.5 20 14 11 15 22% 504442 359 12%
c B 24.71 119 18 15 2955  2 91026 29775 1.5 20 14 11 15 23% 504442 359 12%
c - 25.56 120 18 16 3065  2 94012 27889 1.5 20 14 11 15 22% 504442 359 12%
c p 25.58 120 18 16 3065  2 94012 27891 1.5 20 14 11 15 22% 504442 359 12%
c u 25.73 120 18 16 3065  2 94012 27850 1.5 20 14 11 15 22% 504442 359 12%
c v 25.79 120 18 16 3065  2 94012 27848 1.5 20 14 11 15 22% 504442 359 12%
c w 25.83 120 18 16 3065  2 94012 27838 1.5 20 14 11 15 22% 504442 359 12%
c x 25.92 120 18 16 3065  2 94012 27838 1.5 20 14 11 15 22% 504441 359 12%
c } 26.81 120 18 16 3065  1 99499 31457 1.5 20 13 11 15 23% 504441 359 12%
c [ 26.81 120 22 16 3065  1 99499 31457 1.4 23 17 12 18 26% 504441 359 12%
c I 27.65 120 22 16 3068  1 105027 35465 1.4 24 17 12 18 26% 504441 359 12%
c - 28.19 120 22 17 3068  1 107066 31745 1.4 24 16 12 18 26% 504441 359 12%
c s 30.59 126 21 17 3075  1 119466 40268 1.5 23 16 12 18 25% 504363 359 12%
c s 30.73 118 21 17 3075  1 119466 40264 1.5 23 16 12 18 25% 504330 359 12%
c B 30.95 128 21 17 3076  1 120032 40658 1.5 23 16 12 18 25% 504330 359 12%
c - 31.21 128 21 18 3076  1 120995 35373 1.5 23 16 12 18 25% 504330 359 12%
c p 31.22 128 21 18 3076  1 120995 35375 1.5 23 16 12 18 25% 504330 359 12%
c u 31.71 119 21 18 3076  1 120995 35339 1.5 23 16 12 18 25% 504330 359 12%
c v 31.78 119 21 18 3076  1 120995 35339 1.5 23 16 12 18 25% 504330 359 12%
c w 31.81 119 21 18 3076  1 120995 35327 1.5 23 16 12 18 25% 504330 359 12%
c 
c  seconds   reductions   conflicts         size    tier2        variables
c          MB     restarts       redundant     glue     trail        remaining
c           level       rate          size/glue  tier1    irredundant
c 
c x 31.91 119 21 18 3076  1 120995 35327 1.5 23 16 12 18 25% 504327 359 12%
c ] 33.19 119 21 18 3077  1 129050 40921 1.5 23 16 12 18 25% 504327 359 12%
c { 33.19 119 18 18 3077  1 129050 40921 1.5 20 13 11 15 23% 504327 359 12%
c - 34.63 119 17 19 3166  1 135802 40002 1.5 20 13 11 15 23% 504327 359 12%
c W 35.46 119 17 19 3166  1 136034 40175 1.5 20 13 11 15 23% 504327 359 12%
c - 39.60 121 17 20 4376  1 151488 34626 1.5 20 13 9 14 23% 504327 359 12%
c p 39.64 121 17 20 4376  1 151488 34628 1.5 20 13 9 14 23% 504327 359 12%
c u 39.87 121 17 20 4376  1 151488 34576 1.5 20 13 9 14 23% 504327 359 12%
c v 39.98 121 17 20 4376  1 151488 34566 1.5 20 13 9 14 23% 504327 359 12%
c w 40.04 121 17 20 4376  1 151488 34557 1.5 20 13 9 14 23% 504327 359 12%
c # 40.42 121 17 20 4376  1 153037 35482 1.5 20 13 9 14 23% 504327 359 12%
c - 42.99 122 16 21 4511  1 168055 36323 1.5 19 13 9 14 23% 504327 359 12%
c p 43.02 122 16 21 4511  1 168055 36325 1.5 19 13 9 14 23% 504327 359 12%
c } 43.43 122 16 21 4622  1 170167 37574 1.5 19 13 9 14 23% 504327 359 12%
c [ 43.43 122 21 21 4622  1 170167 37574 1.5 23 16 12 18 25% 504327 359 12%
c W 43.94 122 20 21 4622  1 171038 38138 1.5 23 16 12 18 25% 504327 359 12%
c - 46.29 122 20 22 4622  1 185505 39151 1.4 23 16 12 18 24% 504327 359 12%
c p 46.31 122 20 22 4622  1 185505 39153 1.4 23 16 12 18 24% 504327 359 12%
c u 46.47 122 20 22 4622  1 185505 39105 1.4 23 16 12 18 24% 504327 359 12%
c v 46.55 122 20 22 4622  1 185505 39102 1.4 23 16 12 18 24% 504327 359 12%
c 
c  seconds   reductions   conflicts         size    tier2        variables
c          MB     restarts       redundant     glue     trail        remaining
c           level       rate          size/glue  tier1    irredundant
c 
c w 46.60 122 20 22 4622  1 185505 39101 1.4 23 16 12 18 24% 504327 359 12%
c O 47.53 122 20 22 4626  1 190042 42238 1.4 23 16 12 18 24% 504327 359 12%
c s 49.40 119 20 22 4633  1 203116 50687 1.4 23 16 11 17 24% 504276 359 12%
c s 49.54 119 20 22 4633  1 203116 50682 1.4 23 16 11 17 24% 504213 359 12%
c - 49.84 131 20 23 4634  1 203838 40170 1.4 23 16 11 17 24% 504213 359 12%
c p 49.88 131 20 23 4634  1 203838 40172 1.4 23 16 11 17 24% 504213 359 12%
c B 50.78 131 20 23 4636  1 210044 44201 1.4 23 16 11 17 24% 504213 359 12%
c ] 51.32 131 20 23 4637  1 213725 47015 1.4 23 16 11 17 24% 504213 359 12%
c { 51.32 131 16 23 4637  1 213725 47015 1.5 19 13 9 14 23% 504213 359 12%
c - 54.10 132 16 24 5798  1 223056 41696 1.5 19 13 9 14 23% 504213 359 12%
c p 54.13 132 16 24 5798  1 223056 41698 1.5 19 13 9 14 23% 504213 359 12%
c u 54.86 119 16 24 5798  1 223056 41664 1.5 19 13 9 14 23% 504213 359 12%
c v 54.99 119 16 24 5798  1 223056 41654 1.5 19 13 9 14 23% 504213 359 12%
c w 55.05 119 16 24 5798  1 223056 41649 1.5 19 13 9 14 23% 504213 359 12%
c B 56.95 119 16 24 6373  1 231045 46711 1.5 19 13 9 14 23% 504213 359 12%
c - 59.29 121 16 25 7143  1 243159 45902 1.5 19 13 9 14 23% 504213 359 12%
c p 59.33 121 16 25 7143  1 243159 45904 1.5 19 13 9 14 23% 504213 359 12%
c u 59.49 121 16 25 7143  1 243159 45887 1.5 19 13 9 14 23% 504213 359 12%
c v 59.56 121 16 25 7143  1 243159 45879 1.5 19 13 9 14 23% 504213 359 12%
c w 59.60 121 16 25 7143  1 243159 45877 1.5 19 13 9 14 23% 504213 359 12%
c 
c  seconds   reductions   conflicts         size   tier2        variables
c          MB     restarts       redundant     glue    trail        remaining
c           level       rate          size/glue  tier1   irredundant
c 
c W 62.14 121 16 25 7164  1 253047 51559 1.5 19 13 9 14 23% 504213 359 12%
c - 65.19 124 16 26 7788  1 264149 51225 1.5 19 13 9 14 23% 504213 359 12%
c p 65.22 124 16 26 7788  1 264149 51227 1.5 19 13 9 14 23% 504213 359 12%
c u 65.33 124 16 26 7788  1 264149 51200 1.5 19 13 9 14 23% 504213 359 12%
c v 65.39 124 16 26 7788  1 264149 51200 1.5 19 13 9 14 23% 504213 359 12%
c w 65.42 124 16 26 7788  1 264149 51200 1.5 19 13 9 14 23% 504213 359 12%
c x 65.49 124 16 26 7788  1 264149 51199 1.5 19 13 9 14 23% 504213 359 12%
c } 66.21 124 15 26 7815  1 267215 52925 1.5 19 13 8 13 23% 504213 359 12%
c [ 66.21 124 20 26 7815  1 267215 52925 1.4 23 16 11 17 24% 504213 359 12%
c W 67.67 124 19 26 7818  1 276050 58434 1.4 23 16 11 17 24% 504213 359 12%
c - 69.03 123 20 27 7824  1 286024 45279 1.4 23 16 11 17 24% 504213 359 12%
c p 69.07 123 20 27 7824  1 286024 45281 1.4 23 16 11 17 24% 504213 359 12%
c u 69.23 123 20 27 7824  1 286024 45262 1.4 23 16 11 17 24% 504213 359 12%
c v 69.30 123 20 27 7824  1 286024 45260 1.4 23 16 11 17 24% 504213 359 12%
c w 69.33 123 20 27 7824  1 286024 45259 1.4 23 16 11 17 24% 504213 359 12%
c I 71.26 123 20 27 7830  1 300052 55346 1.4 23 16 11 17 24% 504213 359 12%
c s 72.43 119 20 27 7831  1 307677 59981 1.4 23 16 11 17 23% 504129 359 12%
c s 72.59 119 20 27 7831  1 307677 59978 1.4 23 16 11 17 23% 504064 359 12%
c - 72.94 130 20 28 7831  1 308789 43183 1.4 23 16 11 17 23% 504064 359 12%
c p 72.96 130 20 28 7831  1 308789 43185 1.4 23 16 11 17 23% 504064 359 12%
c 
c  seconds   reductions   conflicts         size    tier2        variables
c          MB     restarts       redundant     glue     trail        remaining
c           level       rate          size/glue  tier1    irredundant
c 
c u 73.08 130 20 28 7831  1 308789 43180 1.4 23 16 11 17 23% 504064 359 12%
c v 73.12 130 20 28 7831  1 308789 43178 1.4 23 16 11 17 23% 504064 359 12%
c w 73.14 130 20 28 7831  1 308789 43175 1.4 23 16 11 17 23% 504064 359 12%
c x 73.20 130 20 28 7831  1 308789 43174 1.4 23 16 11 17 23% 504064 359 12%
c B 75.19 130 19 28 7832  1 325053 53070 1.4 22 16 11 17 23% 504064 359 12%
c - 76.41 130 19 29 7832  1 332439 43690 1.4 22 16 11 17 23% 504064 359 12%
c p 76.44 130 19 29 7832  1 332439 43691 1.4 22 16 11 17 23% 504064 359 12%
c u 76.56 130 19 29 7832  1 332439 43681 1.4 22 16 11 17 23% 504064 359 12%
c v 76.61 130 19 29 7832  1 332439 43678 1.4 22 16 11 17 23% 504064 359 12%
c w 76.64 130 19 29 7832  1 332439 43677 1.4 22 16 11 17 23% 504064 359 12%
c x 76.70 130 19 29 7832  1 332439 43677 1.4 22 16 11 17 23% 504064 359 12%
c ] 76.95 130 19 29 7832  1 333605 44442 1.4 22 16 11 17 23% 504064 359 12%
c { 76.95 130 15 29 7832  1 333605 44442 1.5 19 13 8 13 23% 504064 359 12%
c F 81.23 131 15 29 8889  1 351055 55928 1.5 19 13 8 13 23% 504064 359 12%
c - 83.51 132 16 30 9991  1 356978 48791 1.5 19 13 8 13 23% 504064 359 12%
c p 83.54 132 16 30 9991  1 356978 48793 1.5 19 13 8 13 23% 504064 359 12%
c u 83.71 132 16 30 9991  1 356978 48771 1.5 19 13 8 13 23% 504064 359 12%
c v 83.78 132 16 30 9991  1 356978 48768 1.5 19 13 8 13 23% 504064 359 12%
c w 83.81 132 16 30 9991  1 356978 48767 1.5 19 13 8 13 23% 504064 359 12%
c x 83.89 132 16 30 9991  1 356978 48766 1.5 19 13 8 13 23% 504064 359 12%
c 
c  seconds   reductions    conflicts         size   tier2        variables
c          MB      restarts       redundant     glue    trail        remaining
c           level        rate          size/glue  tier1   irredundant
c 
c B 88.84 132 16 30 11605  1 378058 61841 1.5 19 13 8 13 22% 504064 359 12%
c - 89.83 133 16 31 11838  1 382408 53480 1.5 19 13 8 13 23% 504064 359 12%
c p 89.87 133 16 31 11838  1 382408 53482 1.5 19 13 8 13 23% 504064 359 12%
c u 90.65 120 16 31 11838  1 382408 53434 1.5 19 13 8 13 23% 504064 359 12%
c v 90.72 120 16 31 11838  1 382408 53430 1.5 19 13 8 13 23% 504064 359 12%
c w 90.75 120 16 31 11838  1 382408 53430 1.5 19 13 8 13 23% 504064 359 12%
c x 90.82 120 16 31 11838  1 382408 53430 1.5 19 13 8 13 23% 504063 359 12%
c } 95.06 122 16 31 12853  1 400614 64977 1.5 19 13 8 14 23% 504063 359 12%
c [ 95.06 122 19 31 12853  1 400614 64977 1.4 22 16 11 17 23% 504063 359 12%
c W 97.59 127 19 31 12853  1 406060 68278 1.4 22 16 11 17 23% 504063 359 12%
c - 98.15 128 19 32 12853  1 408727 57624 1.4 22 16 11 17 23% 504063 359 12%
c p 98.18 128 19 32 12853  1 408727 57626 1.4 22 16 11 17 23% 504063 359 12%
c u 98.35 128 19 32 12853  1 408727 57614 1.4 22 16 11 17 23% 504063 359 12%
c v 98.42 128 19 32 12853  1 408727 57611 1.4 22 16 11 17 23% 504063 359 12%
c w 98.45 128 19 32 12853  1 408727 57610 1.4 22 16 11 17 23% 504063 359 12%
c x 98.55 128 19 32 12853  1 408727 57607 1.4 22 16 11 17 23% 504062 359 12%
c s 102.84 121 19 32 12860  1 433143 73645 1.4 22 16 11 17 23% 503969 359 12%
c s 103.02 121 19 32 12860  1 433143 73640 1.4 22 16 11 17 23% 503882 359 12%
c O 103.53 136 19 32 12860  1 435061 74996 1.4 22 16 11 17 23% 503882 359 12%
c - 103.85 136 19 33 12861  1 435936 58968 1.4 22 16 11 17 23% 503882 359 12%
c 
c  seconds    reductions    conflicts         size    tier2        variables
c           MB      restarts       redundant     glue     trail        remaining
c            level        rate          size/glue  tier1    irredundant
c 
c p 103.88 136 19 33 12861  1 435936 58970 1.4 22 16 11 17 23% 503882 359 12%
c u 104.04 136 19 33 12861  1 435936 58959 1.4 22 16 11 17 23% 503882 359 12%
c v 104.11 136 19 33 12861  1 435936 58954 1.4 22 16 11 17 23% 503882 359 12%
c w 104.14 136 19 33 12861  1 435936 58953 1.4 22 16 11 17 23% 503882 359 12%
c x 104.22 136 19 33 12861  1 435936 58953 1.4 22 16 11 17 23% 503880 359 12%
c - 108.92 136 19 34 12874  1 464034 59884 1.4 22 16 10 17 23% 503880 359 12%
c p 108.95 136 19 34 12874  1 464034 59886 1.4 22 16 10 17 23% 503880 359 12%
c u 109.17 136 19 34 12874  1 464034 59857 1.4 22 16 10 17 23% 503880 359 12%
c v 109.27 136 19 34 12874  1 464034 59847 1.4 22 16 10 17 23% 503880 359 12%
c w 109.33 136 19 34 12874  1 464034 59846 1.4 22 16 10 17 23% 503880 359 12%
c B 109.57 136 19 34 12875  1 465062 60546 1.4 22 16 10 17 24% 503880 359 12%
c ] 110.33 136 19 34 12877  1 469946 64004 1.4 22 16 10 17 24% 503880 359 12%
c { 110.33 136 16 34 12877  1 469946 64004 1.5 19 13 8 14 23% 503880 359 12%
c - 115.91 139 16 35 14121  1 493024 65507 1.5 19 13 8 14 22% 503880 359 12%
c p 115.94 139 16 35 14121  1 493024 65509 1.5 19 13 8 14 22% 503880 359 12%
c u 116.09 139 16 35 14121  1 493024 65440 1.5 19 13 8 14 22% 503880 359 12%
c v 116.15 139 16 35 14121  1 493024 65432 1.5 19 13 8 14 22% 503880 359 12%
c w 116.19 139 16 35 14121  1 493024 65432 1.5 19 13 8 14 22% 503880 359 12%
c x 116.29 139 16 35 14121  1 493024 65431 1.5 19 13 8 14 22% 503880 359 12%
c W 117.73 139 16 35 14160  1 496064 67140 1.5 19 13 8 14 23% 503880 359 12%
c 
c  seconds    reductions    conflicts         size   tier2        variables
c           MB      restarts       redundant     glue    trail        remaining
c            level        rate          size/glue  tier1   irredundant
c 
c - 123.78 140 15 36 15385  1 522906 71183 1.5 19 13 8 14 22% 503880 359 12%
c p 123.80 140 15 36 15385  1 522906 71185 1.5 19 13 8 14 22% 503880 359 12%
c u 123.98 140 15 36 15385  1 522906 71164 1.5 19 13 8 14 22% 503880 359 12%
c v 124.05 140 15 36 15385  1 522906 71156 1.5 19 13 8 14 22% 503880 359 12%
c w 124.08 140 15 36 15385  1 522906 71154 1.5 19 13 8 14 22% 503880 359 12%
c x 124.17 140 15 36 15385  1 522906 71152 1.5 19 13 8 14 22% 503880 359 12%
c # 125.22 140 15 36 15619  1 528067 74358 1.5 19 13 8 14 22% 503880 359 12%
c - 129.34 140 15 37 16294  1 553682 73865 1.5 18 12 8 13 22% 503880 359 12%
c p 129.38 140 15 37 16294  1 553682 73867 1.5 18 12 8 13 22% 503880 359 12%
c u 129.53 140 15 37 16294  1 553682 73854 1.5 18 12 8 13 22% 503880 359 12%
c v 129.59 140 15 37 16294  1 553682 73839 1.5 18 12 8 13 22% 503880 359 12%
c w 129.63 140 15 37 16294  1 553682 73836 1.5 18 12 8 13 22% 503880 359 12%
c x 129.72 140 15 37 16294  1 553682 73836 1.5 18 12 8 13 22% 503879 359 12%
c } 131.61 140 15 37 16998  1 561067 78287 1.5 18 12 8 13 22% 503879 359 12%
c [ 131.61 140 19 37 16998  1 561067 78287 1.4 22 16 10 17 24% 503879 359 12%
c B 131.61 140 19 37 16998  1 561068 78288 1.4 22 16 10 17 24% 503879 359 12%
c s 134.69 122 18 37 17004  1 579513 90414 1.4 22 15 10 17 23% 503773 359 12%
c s 134.89 122 18 37 17004  1 579513 90384 1.4 22 15 10 17 23% 503692 359 12%
c - 135.92 131 18 38 17005  1 585348 78077 1.4 22 15 10 17 23% 503692 359 12%
c p 135.95 131 18 38 17005  1 585348 78079 1.4 22 15 10 17 23% 503692 359 12%
c 
c  seconds    reductions    conflicts         size    tier2        variables
c           MB      restarts       redundant     glue     trail        remaining
c            level        rate          size/glue  tier1    irredundant
c 
c u 136.20 131 18 38 17005  1 585348 78064 1.4 22 15 10 17 23% 503692 359 12%
c v 136.28 131 18 38 17005  1 585348 78058 1.4 22 15 10 17 23% 503692 359 12%
c w 136.33 131 18 38 17005  1 585348 78055 1.4 22 15 10 17 23% 503692 359 12%
c x 136.46 131 18 38 17005  1 585348 78055 1.4 22 15 10 17 23% 503690 359 12%
c W 139.26 131 18 38 17005  1 595070 84588 1.4 21 15 10 17 23% 503690 359 12%
c - 143.33 133 18 39 17019  1 617906 82002 1.4 21 15 10 17 23% 503690 359 12%
c p 143.36 133 18 39 17019  1 617906 82004 1.4 21 15 10 17 23% 503690 359 12%
c u 144.18 123 18 39 17019  1 617906 81983 1.4 21 15 10 17 23% 503690 359 12%
c v 144.25 123 18 39 17019  1 617906 81978 1.4 21 15 10 17 23% 503690 359 12%
c w 144.29 123 18 39 17019  1 617906 81977 1.4 21 15 10 17 23% 503690 359 12%
c x 144.40 123 18 39 17019  1 617906 81977 1.4 21 15 10 17 23% 503688 359 12%
c I 146.88 123 18 39 17020  1 630072 90565 1.4 21 15 10 17 23% 503688 359 12%
c - 151.64 127 18 40 17034  1 651355 84323 1.4 21 15 10 17 23% 503688 359 12%
c p 151.67 127 18 40 17034  1 651355 84325 1.4 21 15 10 17 23% 503688 359 12%
c u 151.88 127 18 40 17034  1 651355 84289 1.4 21 15 10 17 23% 503688 359 12%
c v 151.98 127 18 40 17034  1 651355 84283 1.4 21 15 10 17 23% 503688 359 12%
c w 152.05 127 18 40 17034  1 651355 84282 1.4 21 15 10 17 23% 503688 359 12%
c x 152.21 127 18 40 17034  1 651355 84282 1.4 21 15 10 17 23% 503686 359 12%
c ] 153.11 127 18 40 17034  1 655133 86651 1.4 21 15 10 17 23% 503686 359 12%
c { 153.11 127 15 40 17034  1 655133 86651 1.5 18 12 8 13 22% 503686 359 12%
c 
c  seconds    reductions    conflicts         size   tier2        variables
c           MB      restarts       redundant     glue    trail        remaining
c            level        rate          size/glue  tier1   irredundant
c 
c W 157.56 131 15 40 18288  1 666074 93751 1.4 18 13 8 13 22% 503686 359 12%
c - 161.69 138 15 41 19497  1 685697 88382 1.5 18 12 8 13 22% 503686 359 12%
c p 161.73 138 15 41 19497  1 685697 88384 1.5 18 12 8 13 22% 503686 359 12%
c u 161.93 138 15 41 19497  1 685697 88289 1.5 18 12 8 13 22% 503686 359 12%
c v 162.02 138 15 41 19497  1 685697 88264 1.5 18 12 8 13 22% 503686 359 12%
c w 162.07 138 15 41 19497  1 685697 88261 1.5 18 12 8 13 22% 503686 359 12%
c x 162.19 138 15 41 19497  1 685697 88261 1.5 18 12 8 13 22% 503685 359 12%
c F 166.11 140 15 41 20699  1 703076 98925 1.5 18 12 8 13 22% 503685 359 12%
c - 170.26 142 15 42 21338  1 720935 93951 1.5 18 12 8 13 22% 503685 359 12%
c p 170.30 142 15 42 21338  1 720935 93953 1.5 18 12 8 13 22% 503685 359 12%
c u 170.52 142 15 42 21338  1 720935 93918 1.5 18 12 8 13 22% 503685 359 12%
c v 170.59 142 15 42 21338  1 720935 93895 1.5 18 12 8 13 22% 503685 359 12%
c w 170.64 142 15 42 21338  1 720935 93894 1.5 18 12 8 13 22% 503685 359 12%
c x 170.78 142 15 42 21338  1 720935 93894 1.5 18 12 8 13 22% 503685 359 12%
c B 175.83 142 15 42 22329  1 741079 106328 1.5 18 12 8 13 22% 503685 359 12%
c s 177.38 124 14 42 22513  1 746784 109579 1.5 18 12 8 13 22% 503513 359 12%
c s 177.59 124 14 42 22513  1 746784 109564 1.5 18 12 8 13 22% 503208 359 12%
c } 179.74 134 14 42 22851  1 756914 115826 1.5 18 12 8 13 22% 503208 359 12%
c [ 179.74 134 18 42 22851  1 756914 115826 1.4 21 15 10 17 23% 503208 359 12%
c - 179.86 134 18 43 22852  1 757065 100717 1.4 21 15 10 17 23% 503208 359 12%
c 
c  seconds    reductions    conflicts          size    tier2        variables
c           MB      restarts       redundant      glue     trail        remaining
c            level        rate           size/glue  tier1    irredundant
c 
c p 179.89 134 18 43 22852  1 757065 100719 1.4 21 15 10 17 23% 503208 359 12%
c u 180.11 134 18 43 22852  1 757065 100672 1.4 21 15 10 17 23% 503208 359 12%
c v 180.20 134 18 43 22852  1 757065 100637 1.4 21 15 10 17 23% 503208 359 12%
c w 180.25 134 18 43 22852  1 757065 100636 1.4 21 15 10 17 23% 503208 359 12%
c x 180.38 134 18 43 22852  1 757065 100636 1.4 21 15 10 17 23% 503206 359 12%
c B 184.58 134 18 43 22853  1 780084 115673 1.4 21 15 10 17 23% 503206 359 12%
c - 187.25 135 18 44 22854  1 794081 103479 1.5 21 15 10 17 23% 503206 359 12%
c p 187.29 135 18 44 22854  1 794081 103481 1.5 21 15 10 17 23% 503206 359 12%
c u 187.52 135 18 44 22854  1 794081 103453 1.5 21 15 10 17 23% 503206 359 12%
c v 187.62 135 18 44 22854  1 794081 103399 1.5 21 15 10 17 23% 503206 359 12%
c w 187.67 135 18 44 22854  1 794081 103397 1.5 21 15 10 17 23% 503206 359 12%
c x 187.82 135 18 44 22854  1 794081 103397 1.5 21 15 10 17 23% 503201 359 12%
c W 193.65 135 17 44 22855  1 820086 120797 1.5 21 15 10 17 23% 503201 359 12%
c - 195.94 136 18 45 22855  1 831991 106014 1.5 22 15 10 17 23% 503201 359 12%
c p 195.98 136 18 45 22855  1 831991 106016 1.5 22 15 10 17 23% 503201 359 12%
c u 196.22 136 18 45 22855  1 831991 106005 1.5 22 15 10 17 23% 503201 359 12%
c v 196.31 136 18 45 22855  1 831991 105974 1.5 22 15 10 17 23% 503201 359 12%
c w 196.36 136 18 45 22855  1 831991 105970 1.5 22 15 10 17 23% 503201 359 12%
c x 196.48 136 18 45 22855  1 831991 105970 1.5 22 15 10 17 23% 503200 359 12%
c O 201.89 136 18 45 22855  1 861089 125556 1.5 22 15 10 17 24% 503200 359 12%
c 
c  seconds    reductions    conflicts          size    tier2        variables
c           MB      restarts       redundant      glue     trail        remaining
c            level        rate           size/glue  tier1    irredundant
c 
c ] 202.32 136 18 45 22855  1 863287 127101 1.5 22 15 10 17 23% 503200 359 12%
c { 202.32 136 14 45 22855  1 863287 127101 1.5 18 12 8 13 22% 503200 359 12%
c - 204.88 137 14 46 23592  1 870797 107312 1.5 18 12 8 13 22% 503200 359 12%
c p 204.92 137 14 46 23592  1 870797 107314 1.5 18 12 8 13 22% 503200 359 12%
c u 205.15 137 14 46 23592  1 870797 107276 1.5 18 12 8 13 22% 503200 359 12%
c v 205.27 137 14 46 23592  1 870797 107262 1.5 18 12 8 13 22% 503200 359 12%
c w 205.33 137 14 46 23592  1 870797 107245 1.5 18 12 8 13 22% 503200 359 12%
c x 205.47 137 14 46 23592  1 870797 107242 1.5 18 12 8 13 22% 503197 359 12%
c t 205.48 137 14 46 23592  1 870797 107241 1.5 18 12 8 13 22% 503197 359 12%
c W 214.94 142 15 46 27318  1 903090 127260 1.5 18 12 8 13 22% 503197 359 12%
c - 216.91 145 15 47 27650  1 910496 112204 1.5 18 12 8 13 22% 503197 359 12%
c p 216.95 145 15 47 27650  1 910496 112205 1.5 18 12 8 13 22% 503197 359 12%
c u 217.22 145 15 47 27650  1 910496 112150 1.5 18 12 8 13 22% 503197 359 12%
c v 217.33 145 15 47 27650  1 910496 112122 1.5 18 12 8 13 22% 503197 359 12%
c w 217.39 145 15 47 27650  1 910496 112118 1.5 18 12 8 13 22% 503197 359 12%
c x 217.54 145 15 47 27650  1 910496 112117 1.5 18 12 8 13 22% 503196 359 12%
c s 223.71 126 15 47 29111  1 934939 127093 1.5 18 12 8 13 22% 502963 359 12%
c s 223.93 126 15 47 29111  1 934939 127069 1.5 18 12 8 13 22% 502683 359 12%
c # 227.04 136 15 47 30021  1 946093 133544 1.5 18 12 8 13 22% 502683 359 12%
c - 228.16 136 15 48 30300  1 951089 119020 1.5 18 12 8 13 22% 502683 359 12%
c 
c  seconds    reductions    conflicts          size   tier2        variables
c           MB      restarts       redundant      glue    trail        remaining
c            level        rate           size/glue  tier1   irredundant
c 
c p 228.20 136 15 48 30300  1 951089 119022 1.5 18 12 8 13 22% 502683 359 12%
c u 229.52 126 15 48 30300  1 951089 118927 1.5 18 12 8 13 22% 502683 359 12%
c v 229.65 126 15 48 30300  1 951089 118918 1.5 18 12 8 13 22% 502683 359 12%
c w 229.70 126 15 48 30300  1 951089 118913 1.5 18 12 8 13 22% 502683 359 12%
c x 229.85 126 15 48 30300  1 951089 118913 1.5 18 12 8 13 22% 502682 359 12%
c } 236.20 129 14 48 31642  1 980715 135965 1.5 18 12 8 13 22% 502682 359 12%
c [ 236.20 129 18 48 31642  1 980715 135965 1.5 22 15 10 17 23% 502682 359 12%
c B 238.01 129 18 48 31642  1 990095 141318 1.5 22 15 10 17 23% 502682 359 12%
c - 238.72 131 18 49 31642  1 992571 125750 1.5 22 15 10 17 23% 502682 359 12%
c p 238.76 131 18 49 31642  1 992571 125752 1.5 22 15 10 17 23% 502682 359 12%
c u 239.03 131 18 49 31642  1 992571 125722 1.5 22 15 10 17 23% 502682 359 12%
c v 239.17 131 18 49 31642  1 992571 125718 1.5 22 15 10 17 23% 502682 359 12%
c w 239.23 131 18 49 31642  1 992571 125704 1.5 22 15 10 17 23% 502682 359 12%
c x 239.43 131 18 49 31642  1 992571 125704 1.5 22 15 10 17 23% 502678 359 12%
c - 247.93 131 18 50 31660  1 1034944 127350 1.5 22 15 10 17 24% 502678 359 12%
c p 247.96 131 18 50 31660  1 1034944 127352 1.5 22 15 10 17 24% 502678 359 12%
c u 248.24 131 18 50 31660  1 1034944 127319 1.5 22 15 10 17 24% 502678 359 12%
c v 248.36 131 18 50 31660  1 1034944 127288 1.5 22 15 10 17 24% 502678 359 12%
c w 248.42 131 18 50 31660  1 1034944 127286 1.5 22 15 10 17 24% 502678 359 12%
c x 248.60 131 18 50 31660  1 1034944 127286 1.5 22 15 10 17 24% 502677 359 12%
c 
c  seconds    reductions     conflicts          size    tier2        variables
c           MB      restarts        redundant      glue     trail        remaining
c            level        rate            size/glue  tier1    irredundant
c 
c W 250.15 131 18 50 31660  1 1035097 127406 1.5 22 15 10 17 24% 502677 359 12%
c - 258.33 133 18 51 31673  1 1078213 128318 1.5 22 15 9 17 23% 502677 359 12%
c p 258.36 133 18 51 31673  1 1078213 128320 1.5 22 15 9 17 23% 502677 359 12%
c u 258.58 133 18 51 31673  1 1078213 128283 1.5 22 15 9 17 23% 502677 359 12%
c v 258.68 133 18 51 31673  1 1078213 128266 1.5 22 15 9 17 23% 502677 359 12%
c w 258.73 133 18 51 31673  1 1078213 128265 1.5 22 15 9 17 23% 502677 359 12%
c x 258.87 133 18 51 31673  1 1078213 128265 1.5 22 15 9 17 23% 502674 359 12%
c I 259.55 133 18 51 31673  1 1081099 130327 1.5 22 15 9 17 23% 502674 359 12%
c ] 264.23 133 18 51 31686  1 1103172 145209 1.5 22 15 9 17 23% 502674 359 12%
c { 264.23 133 14 51 31686  1 1103172 145209 1.5 18 12 8 13 22% 502674 359 12%
c - 270.14 147 15 52 33822  1 1122377 110584 1.4 18 12 7 13 22% 502674 359 12%
c p 270.17 147 15 52 33822  1 1122377 110586 1.4 18 12 7 13 22% 502674 359 12%
c u 270.46 147 15 52 33822  1 1122377 110564 1.4 18 12 7 13 22% 502674 359 12%
c v 270.58 147 15 52 33822  1 1122377 110545 1.4 18 12 7 13 22% 502674 359 12%
c w 270.66 147 15 52 33822  1 1122377 110545 1.4 18 12 7 13 22% 502674 359 12%
c x 270.84 147 15 52 33822  1 1122377 110545 1.4 18 12 7 13 22% 502668 359 12%
c B 272.23 147 15 52 34092  1 1128102 113939 1.5 18 12 7 13 22% 502668 359 12%
c s 275.91 126 15 52 35310  1 1143969 123158 1.4 18 12 7 13 22% 502022 359 12%
c s 276.15 126 15 52 35310  1 1143969 123141 1.4 18 12 7 13 22% 501635 359 12%
c - 281.11 132 14 53 36349  1 1167438 110466 1.4 18 12 7 13 22% 501635 359 12%
c 
c  seconds    reductions     conflicts          size   tier2        variables
c           MB      restarts        redundant      glue    trail        remaining
c            level        rate            size/glue  tier1   irredundant
c 
c p 281.15 132 14 53 36349  1 1167438 110468 1.4 18 12 7 13 22% 501635 359 12%
c u 281.43 132 14 53 36349  1 1167438 110449 1.4 18 12 7 13 22% 501635 359 12%
c v 281.55 132 14 53 36349  1 1167438 110432 1.4 18 12 7 13 22% 501635 359 12%
c w 281.61 132 14 53 36349  1 1167438 110430 1.4 18 12 7 13 22% 501635 359 12%
c x 281.78 132 14 53 36349  1 1167438 110430 1.4 18 12 7 13 22% 501630 359 12%
c W 286.80 136 15 53 37233  1 1176104 116333 1.4 18 12 7 13 22% 501630 359 12%
c - 293.94 142 14 54 39233  1 1213368 116012 1.5 18 12 7 13 22% 501630 359 12%
c p 293.98 142 14 54 39233  1 1213368 116014 1.5 18 12 7 13 22% 501630 359 12%
c u 294.24 142 14 54 39233  1 1213368 115971 1.5 18 12 7 13 22% 501630 359 12%
c v 294.39 142 14 54 39233  1 1213368 115948 1.5 18 12 7 13 22% 501630 359 12%
c w 294.46 142 14 54 39233  1 1213368 115946 1.5 18 12 7 13 22% 501630 359 12%
c x 294.63 142 14 54 39233  1 1213368 115946 1.5 18 12 7 13 22% 501628 359 12%
c F 297.48 142 14 54 39540  1 1225105 122358 1.5 18 12 7 13 22% 501628 359 12%
c } 303.14 143 14 54 41144  1 1248422 136553 1.5 18 12 7 13 22% 501628 359 12%
c [ 303.15 143 18 54 41144  1 1248422 136553 1.5 22 15 9 17 23% 501628 359 12%
c - 305.84 145 18 55 41146  1 1260193 120641 1.5 22 15 9 17 23% 501628 359 12%
c p 305.89 145 18 55 41146  1 1260193 120643 1.5 22 15 9 17 23% 501628 359 12%
c u 306.22 145 18 55 41146  1 1260193 120606 1.5 22 15 9 17 23% 501628 359 12%
c v 306.38 145 18 55 41146  1 1260193 120596 1.5 22 15 9 17 23% 501628 359 12%
c w 306.46 145 18 55 41146  1 1260193 120596 1.5 22 15 9 17 23% 501628 359 12%
c 
c  seconds    reductions     conflicts          size   tier2        variables
c           MB      restarts        redundant      glue    trail        remaining
c            level        rate            size/glue  tier1   irredundant
c 
c x 306.69 145 18 55 41146  1 1260193 120596 1.5 22 15 9 17 23% 501628 359 12%
c B 309.81 145 18 55 41155  1 1275106 130814 1.5 22 15 9 17 23% 501628 359 12%
c - 316.86 146 17 56 41162  1 1307913 124871 1.5 22 14 9 17 23% 501628 359 12%
c p 316.90 146 17 56 41162  1 1307913 124872 1.5 22 14 9 17 23% 501628 359 12%
c u 317.22 146 17 56 41162  1 1307913 124796 1.5 22 14 9 17 23% 501628 359 12%
c v 317.37 146 17 56 41162  1 1307913 124794 1.5 22 14 9 17 23% 501628 359 12%
c w 317.45 146 17 56 41162  1 1307913 124793 1.5 22 14 9 17 23% 501628 359 12%
c x 317.66 146 17 56 41162  1 1307913 124792 1.5 22 14 9 17 23% 501624 359 12%
c W 323.20 146 16 56 41163  1 1326107 136713 1.6 22 14 9 16 23% 501624 359 12%
c - 328.95 146 17 57 41170  1 1356528 126627 1.6 22 14 9 16 23% 501624 359 12%
c p 328.99 146 17 57 41170  1 1356528 126628 1.6 22 14 9 16 23% 501624 359 12%
c u 329.36 146 17 57 41170  1 1356528 126484 1.6 22 14 9 16 23% 501624 359 12%
c v 329.51 146 17 57 41170  1 1356528 126468 1.6 22 14 9 16 23% 501624 359 12%
c w 329.59 146 17 57 41170  1 1356528 126466 1.6 22 14 9 16 23% 501624 359 12%
c x 329.81 146 17 57 41170  1 1356528 126464 1.6 22 14 9 16 23% 501623 359 12%
c s 333.37 127 18 57 41178  1 1373836 138024 1.5 23 15 9 16 23% 501310 359 12%
c s 333.64 127 18 57 41178  1 1373836 138002 1.5 23 15 9 16 23% 501123 359 12%
c O 334.55 136 18 57 41179  1 1378109 140647 1.5 23 15 9 16 23% 501123 359 12%
c ] 337.73 136 18 57 41188  1 1392081 149902 1.5 23 15 9 16 23% 501123 359 12%
c { 337.73 136 14 57 41188  1 1392081 149902 1.5 18 12 7 13 22% 501123 359 12%
c 
c  seconds    reductions     conflicts          size   tier2        variables
c           MB      restarts        redundant      glue    trail        remaining
c            level        rate            size/glue  tier1   irredundant
c 
c - 342.26 136 14 58 41929  1 1406037 123807 1.5 18 12 7 13 22% 501123 359 12%
c p 342.30 136 14 58 41929  1 1406037 123809 1.5 18 12 7 13 22% 501123 359 12%
c u 344.04 127 14 58 41929  1 1406037 123778 1.5 18 12 7 13 22% 501123 359 12%
c v 344.21 127 14 58 41929  1 1406037 123766 1.5 18 12 7 13 22% 501123 359 12%
c w 344.30 127 14 58 41929  1 1406037 123762 1.5 18 12 7 13 22% 501123 359 12%
c x 344.54 127 14 58 41929  1 1406037 123762 1.5 18 12 7 13 22% 501120 359 12%
c B 352.45 140 15 58 44351  1 1431112 139733 1.5 18 13 7 13 22% 501120 359 12%
c - 357.44 143 14 59 44538  1 1456434 127476 1.5 18 12 7 13 22% 501120 359 12%
c p 357.48 143 14 59 44538  1 1456434 127478 1.5 18 12 7 13 22% 501120 359 12%
c u 357.81 143 14 59 44538  1 1456434 127419 1.5 18 12 7 13 22% 501120 359 12%
c v 357.97 143 14 59 44538  1 1456434 127415 1.5 18 12 7 13 22% 501120 359 12%
c w 358.06 143 14 59 44538  1 1456434 127413 1.5 18 12 7 13 22% 501120 359 12%
c x 358.32 143 14 59 44538  1 1456434 127413 1.5 18 12 7 13 22% 501117 359 12%
c W 368.96 148 14 59 46745  1 1485113 144547 1.5 18 12 7 13 22% 501117 359 12%
c - 376.82 133 15 60 49614  1 1507722 136193 1.5 18 12 7 13 22% 501117 359 12%
c p 376.86 133 15 60 49614  1 1507722 136195 1.5 18 12 7 13 22% 501117 359 12%
c u 377.23 133 15 60 49614  1 1507722 136147 1.5 18 12 7 13 22% 501117 359 12%
c v 377.38 133 15 60 49614  1 1507722 136134 1.5 18 12 7 13 22% 501117 359 12%
c w 377.47 133 15 60 49614  1 1507722 136132 1.5 18 12 7 13 22% 501117 359 12%
c x 377.70 133 15 60 49614  1 1507722 136132 1.5 18 12 7 13 22% 501113 359 12%
c 
c  seconds    reductions     conflicts          size   tier2        variables
c           MB      restarts        redundant      glue    trail        remaining
c            level        rate            size/glue  tier1   irredundant
c 
c # 386.35 139 15 60 52138  1 1540115 155777 1.5 18 13 7 13 22% 501113 359 12%
c } 389.29 143 15 60 52807  1 1548345 160658 1.5 18 13 7 13 22% 501113 359 12%
c [ 389.29 143 18 60 52807  1 1548345 160658 1.5 23 15 9 16 23% 501113 359 12%
c - 391.88 144 18 61 52812  1 1559907 141188 1.5 23 15 9 16 23% 501113 359 12%
c p 391.92 144 18 61 52812  1 1559907 141190 1.5 23 15 9 16 23% 501113 359 12%
c u 392.27 144 18 61 52812  1 1559907 141152 1.5 23 15 9 16 23% 501113 359 12%
c v 392.42 144 18 61 52812  1 1559907 141146 1.5 23 15 9 16 23% 501113 359 12%
c w 392.50 144 18 61 52812  1 1559907 141144 1.5 23 15 9 16 23% 501113 359 12%
c x 392.72 144 18 61 52812  1 1559907 141143 1.5 23 15 9 16 23% 501110 359 12%
c B 400.39 144 18 61 52821  1 1596117 163524 1.5 23 15 9 16 23% 501110 359 12%
c - 404.50 144 18 62 52828  1 1612985 139750 1.5 23 15 9 16 23% 501110 359 12%
c p 404.54 144 18 62 52828  1 1612985 139752 1.5 23 15 9 16 23% 501110 359 12%
c u 404.92 144 18 62 52828  1 1612985 139718 1.5 23 15 9 16 23% 501110 359 12%
c v 405.09 144 18 62 52828  1 1612985 139709 1.5 23 15 9 16 23% 501110 359 12%
c w 405.17 144 18 62 52828  1 1612985 139704 1.5 23 15 9 16 23% 501110 359 12%
c x 405.41 144 18 62 52828  1 1612985 139704 1.5 23 15 9 16 23% 501109 359 12%
c s 408.04 128 18 62 52834  1 1624566 147675 1.5 23 15 9 16 23% 500976 359 12%
c s 408.31 128 18 62 52834  1 1624566 147635 1.5 23 15 9 16 23% 500349 359 12%
c W 416.92 137 18 62 52844  1 1653118 166154 1.5 23 15 9 16 23% 500349 359 12%
c - 419.83 137 18 63 52845  1 1666957 139187 1.5 23 15 9 16 23% 500349 359 12%
c 
c  seconds    reductions     conflicts          size   tier2        variables
c           MB      restarts        redundant      glue    trail        remaining
c            level        rate            size/glue  tier1   irredundant
c 
c p 419.87 137 18 63 52845  1 1666957 139189 1.5 23 15 9 16 23% 500349 359 12%
c u 420.28 137 18 63 52845  1 1666957 139156 1.5 23 15 9 16 23% 500349 359 12%
c v 420.47 137 18 63 52845  1 1666957 139153 1.5 23 15 9 16 23% 500349 359 12%
c w 420.56 137 18 63 52845  1 1666957 139080 1.5 23 15 9 16 23% 500349 359 12%
c x 420.81 137 18 63 52845  1 1666957 139080 1.5 23 15 9 16 23% 500349 359 12%
c ] 429.25 137 18 63 52846  1 1706511 165741 1.5 23 15 9 16 23% 500349 359 12%
c { 429.25 137 15 63 52846  1 1706511 165741 1.5 18 13 7 13 22% 500349 359 12%
c B 430.71 138 15 63 53474  1 1711121 168674 1.5 19 13 7 13 22% 500349 359 12%
c - 433.90 145 15 64 54651  1 1721804 143764 1.4 19 13 7 13 22% 500349 359 12%
c p 433.94 145 15 64 54651  1 1721804 143766 1.4 19 13 7 13 22% 500349 359 12%
c u 434.36 145 15 64 54651  1 1721804 143714 1.4 19 13 7 13 22% 500349 359 12%
c v 434.59 145 15 64 54651  1 1721804 143709 1.4 19 13 7 13 22% 500349 359 12%
c w 434.70 145 15 64 54651  1 1721804 143634 1.4 19 13 7 13 22% 500349 359 12%
c x 434.98 146 15 64 54651  1 1721804 143634 1.4 19 13 7 13 22% 500345 359 12%
c W 451.15 151 15 64 58368  1 1770123 173861 1.5 19 13 7 13 22% 500345 359 12%
c - 453.32 154 15 65 58596  1 1777547 150183 1.5 19 13 7 13 22% 500345 359 12%
c p 453.36 154 15 65 58596  1 1777547 150185 1.5 19 13 7 13 22% 500345 359 12%
c u 453.77 154 15 65 58596  1 1777547 150106 1.5 19 13 7 13 22% 500345 359 12%
c v 453.98 154 15 65 58596  1 1777547 150101 1.5 19 13 7 13 22% 500345 359 12%
c w 454.09 154 15 65 58596  1 1777547 150065 1.5 19 13 7 13 22% 500345 359 12%
c 
c  seconds    reductions     conflicts          size   tier2        variables
c           MB      restarts        redundant      glue    trail        remaining
c            level        rate            size/glue  tier1   irredundant
c 
c x 454.37 154 15 65 58596  1 1777547 150065 1.5 19 13 7 13 22% 500339 359 12%
c F 467.81 158 15 65 61524  1 1830124 180390 1.5 18 13 7 13 22% 500339 359 12%
c - 469.46 159 15 66 62045  1 1834185 156319 1.5 19 13 7 13 22% 500339 359 12%
c p 469.51 159 15 66 62045  1 1834185 156321 1.5 19 13 7 13 22% 500339 359 12%
c u 469.90 159 15 66 62045  1 1834185 156244 1.5 19 13 7 13 22% 500339 359 12%
c v 470.08 159 15 66 62045  1 1834185 156217 1.5 19 13 7 13 22% 500339 359 12%
c w 470.16 159 15 66 62045  1 1834185 156167 1.5 19 13 7 13 22% 500339 359 12%
c x 470.37 159 15 66 62045  1 1834185 156167 1.5 19 13 7 13 22% 500339 359 12%
c } 483.09 159 15 66 65168  1 1883539 186175 1.5 19 13 7 13 22% 500339 359 12%
c [ 483.09 159 18 66 65168  1 1883539 186175 1.5 23 15 9 16 23% 500339 359 12%
c I 484.53 160 18 66 65168  1 1891127 190990 1.5 23 15 9 16 23% 500339 359 12%
c - 484.85 160 18 67 65168  1 1891718 161106 1.5 23 15 9 16 23% 500339 359 12%
c p 484.89 160 18 67 65168  1 1891718 161108 1.5 23 15 9 16 23% 500339 359 12%
c u 485.30 160 18 67 65168  1 1891718 160987 1.5 23 15 9 16 23% 500339 359 12%
c v 485.50 160 18 67 65168  1 1891718 160968 1.5 23 15 9 16 23% 500339 359 12%
c w 485.61 160 18 67 65168  1 1891718 160936 1.5 23 15 9 16 23% 500339 359 12%
c x 485.89 160 18 67 65168  1 1891718 160936 1.5 23 15 9 16 23% 500337 359 12%
c s 487.32 130 17 67 65168  1 1896130 163380 1.5 22 15 9 16 23% 499605 359 12%
c s 487.65 130 17 67 65168  1 1896130 163325 1.5 22 15 9 16 23% 498386 359 12%
c - 499.72 139 16 68 65169  1 1950146 161057 1.5 21 14 9 16 22% 498386 359 12%
c 
c  seconds    reductions     conflicts          size   tier2        variables
c           MB      restarts        redundant      glue    trail        remaining
c            level        rate            size/glue  tier1   irredundant
c 
c p 499.76 139 16 68 65169  1 1950146 161059 1.5 21 14 9 16 22% 498386 359 12%
c u 500.21 139 16 68 65169  1 1950146 161027 1.5 21 14 9 16 22% 498386 359 12%
c v 500.41 139 16 68 65169  1 1950146 161014 1.5 21 14 9 16 22% 498386 359 12%
c w 500.51 139 16 68 65169  1 1950146 160978 1.5 21 14 9 16 22% 498386 359 12%
c x 500.73 139 16 68 65169  1 1950146 160976 1.5 21 14 9 16 22% 498380 359 12%
c B 501.56 139 16 68 65169  1 1953130 162601 1.5 21 14 9 16 22% 498380 359 12%
c - 514.88 139 16 69 65169  1 2009410 161846 1.5 21 14 9 16 23% 498380 359 12%
c p 514.92 139 16 69 65169  1 2009410 161848 1.5 21 14 9 16 23% 498380 359 12%
c u 517.23 130 16 69 65169  1 2009410 161793 1.5 21 14 9 16 23% 498380 359 12%
c v 517.45 130 16 69 65169  1 2009410 161783 1.5 21 14 9 16 23% 498380 359 12%
c w 517.57 130 16 69 65169  1 2009410 161764 1.5 21 14 9 16 23% 498380 359 12%
c x 517.87 130 16 69 65169  1 2009410 161763 1.5 21 14 9 16 23% 498373 359 12%
c W 522.60 135 16 69 65169  1 2016132 166482 1.5 21 14 9 16 23% 498373 359 12%
c ] 531.53 136 17 69 65169  1 2066571 199553 1.5 22 15 8 16 23% 498373 359 12%
c { 531.53 136 15 69 65169  1 2066571 199553 1.5 19 13 7 13 22% 498373 359 12%
c - 532.69 141 15 70 65402  1 2069568 160613 1.5 19 13 7 13 22% 498373 359 12%
c p 532.74 141 15 70 65402  1 2069568 160615 1.5 19 13 7 13 22% 498373 359 12%
c u 533.10 141 15 70 65402  1 2069568 160551 1.5 19 13 7 13 22% 498373 359 12%
c v 533.29 141 15 70 65402  1 2069568 160544 1.5 19 13 7 13 22% 498373 359 12%
c w 533.38 141 15 70 65402  1 2069568 160528 1.5 19 13 7 13 22% 498373 359 12%
c 
c  seconds    reductions     conflicts          size   tier2        variables
c           MB      restarts        redundant      glue    trail        remaining
c            level        rate            size/glue  tier1   irredundant
c 
c x 533.62 141 15 70 65402  1 2069568 160527 1.5 19 13 7 13 22% 498366 359 12%
c B 536.77 142 15 70 66101  1 2080133 166766 1.5 19 13 7 13 22% 498366 359 12%
c - 551.18 153 15 71 70087  1 2130621 165374 1.5 19 13 7 13 22% 498366 359 12%
c p 551.22 153 15 71 70087  1 2130621 165376 1.5 19 13 7 13 22% 498366 359 12%
c u 551.62 153 15 71 70087  1 2130621 165308 1.5 19 13 7 13 22% 498366 359 12%
c v 551.81 153 15 71 70087  1 2130621 165302 1.5 19 13 7 13 22% 498366 359 12%
c w 551.91 153 15 71 70087  1 2130621 165286 1.5 19 13 7 13 22% 498366 359 12%
c x 552.16 153 15 71 70087  1 2130621 165286 1.5 19 13 7 13 22% 498363 359 12%
c W 557.00 154 15 71 71663  1 2145135 174576 1.5 19 13 7 13 22% 498363 359 12%
c s 569.18 131 15 71 74524  1 2188425 201413 1.5 20 13 7 13 22% 497633 359 12%
c s 569.51 131 15 71 74524  1 2188425 201391 1.5 20 13 7 13 22% 496911 359 12%
c - 570.65 142 15 72 74767  1 2192566 173321 1.5 20 13 7 13 23% 496911 359 12%
c p 570.70 142 15 72 74767  1 2192566 173323 1.5 20 13 7 13 23% 496911 359 12%
c u 571.14 142 15 72 74767  1 2192566 173277 1.5 20 13 7 13 23% 496911 359 12%
c v 571.35 142 15 72 74767  1 2192566 173269 1.5 20 13 7 13 23% 496911 359 12%
c w 571.46 142 15 72 74767  1 2192566 173267 1.5 20 13 7 13 23% 496911 359 12%
c x 571.73 143 15 72 74767  1 2192566 173267 1.5 20 13 7 13 23% 496908 359 12%
c # 577.04 144 15 72 75668  1 2211137 184890 1.5 20 13 7 13 23% 496908 359 12%
c - 588.75 150 15 73 77379  1 2255359 179901 1.5 19 13 7 13 22% 496908 359 12%
c p 588.79 150 15 73 77379  1 2255359 179903 1.5 19 13 7 13 22% 496908 359 12%
c 
c  seconds    reductions     conflicts          size   tier2        variables
c           MB      restarts        redundant      glue    trail        remaining
c            level        rate            size/glue  tier1   irredundant
c 
c u 589.28 150 15 73 77379  1 2255359 179838 1.5 19 13 7 13 22% 496908 359 12%
c v 589.48 150 15 73 77379  1 2255359 179825 1.5 19 13 7 13 22% 496908 359 12%
c w 589.57 150 15 73 77379  1 2255359 179513 1.5 19 13 7 13 22% 496908 359 12%
c x 589.82 150 15 73 77379  1 2255359 179513 1.5 19 13 7 13 22% 496899 359 12%
c } 593.15 151 15 73 78334  1 2267328 186616 1.5 19 13 7 13 22% 496899 359 12%
c [ 593.15 151 17 73 78334  1 2267328 186616 1.5 22 15 8 16 23% 496899 359 12%
c O 595.82 151 17 73 78336  1 2278138 193014 1.5 22 15 8 16 23% 496899 359 12%
c - 605.99 151 17 74 78356  1 2319043 178846 1.5 22 15 8 16 23% 496899 359 12%
c p 606.04 151 17 74 78356  1 2319043 178848 1.5 22 15 8 16 23% 496899 359 12%
c u 606.60 151 17 74 78356  1 2319043 178815 1.5 22 15 8 16 23% 496899 359 12%
c v 606.86 151 17 74 78356  1 2319043 178780 1.5 22 15 8 16 23% 496899 359 12%
c w 606.99 151 17 74 78356  1 2319043 178768 1.5 22 15 8 16 23% 496899 359 12%
c x 607.36 151 17 74 78356  1 2319043 178767 1.5 22 15 8 16 23% 496893 359 12%
c B 613.89 151 17 74 78365  1 2346139 195109 1.5 22 15 8 16 23% 496893 359 12%
c - 622.22 151 17 75 78379  1 2383625 176367 1.5 22 15 8 16 23% 496893 359 12%
c p 622.26 151 17 75 78379  1 2383625 176369 1.5 22 15 8 16 23% 496893 359 12%
c u 622.69 151 17 75 78379  1 2383625 176305 1.5 22 15 8 16 23% 496893 359 12%
c v 622.89 151 17 75 78379  1 2383625 176284 1.5 22 15 8 16 23% 496893 359 12%
c w 622.99 151 17 75 78379  1 2383625 176273 1.5 22 15 8 16 23% 496893 359 12%
c x 623.25 151 17 75 78379  1 2383625 176272 1.5 22 15 8 16 23% 496888 359 12%
c 
c  seconds    reductions     conflicts          size   tier2        variables
c           MB      restarts        redundant      glue    trail        remaining
c            level        rate            size/glue  tier1   irredundant
c 
c W 634.06 151 16 75 78394  1 2415141 194064 1.5 21 14 8 16 23% 496888 359 12%
c - 640.29 151 17 76 78397  1 2449096 177580 1.5 21 15 8 16 23% 496888 359 12%
c p 640.33 151 17 76 78397  1 2449096 177582 1.5 21 15 8 16 23% 496888 359 12%
c u 640.73 151 17 76 78397  1 2449096 177516 1.5 21 15 8 16 23% 496888 359 12%
c v 640.91 151 17 76 78397  1 2449096 177493 1.5 21 15 8 16 23% 496888 359 12%
c w 641.01 151 17 76 78397  1 2449096 177480 1.5 21 15 8 16 23% 496888 359 12%
c x 641.27 151 17 76 78397  1 2449096 177478 1.5 21 15 8 16 23% 496881 359 12%
c ] 645.65 151 16 76 78397  1 2471043 189962 1.5 21 14 8 16 23% 496881 359 12%
c { 645.65 151 15 76 78397  1 2471043 189962 1.5 19 13 7 13 22% 496881 359 12%
c B 649.17 152 15 76 79640  1 2485144 198662 1.5 19 13 7 13 22% 496881 359 12%
c s 653.74 132 15 76 80435  1 2501469 208788 1.5 19 13 7 13 22% 496719 359 12%
c s 654.09 132 15 76 80435  1 2501469 208726 1.5 19 13 7 13 22% 495958 359 12%
c - 658.71 142 15 77 81412  1 2515459 185792 1.5 19 13 7 13 22% 495958 359 12%
c p 658.75 142 15 77 81412  1 2515459 185794 1.5 19 13 7 13 22% 495958 359 12%
c u 659.22 142 15 77 81412  1 2515459 185690 1.5 19 13 7 13 22% 495958 359 12%
c v 659.46 142 15 77 81412  1 2515459 185672 1.5 19 13 7 13 22% 495958 359 12%
c w 659.58 142 15 77 81412  1 2515459 185667 1.5 19 13 7 13 22% 495958 359 12%
c x 659.93 143 15 77 81412  1 2515459 185667 1.5 19 13 7 13 22% 495953 359 12%
c W 674.37 151 15 77 84376  1 2556148 210269 1.5 19 13 7 13 22% 495953 359 12%
c - 683.16 157 15 78 86264  1 2582683 195072 1.5 19 13 7 13 22% 495953 359 12%
c 
c  seconds    reductions     conflicts          size   tier2        variables
c           MB      restarts        redundant      glue    trail        remaining
c            level        rate            size/glue  tier1   irredundant
c 
c p 683.21 133 15 78 86264  1 2582683 195074 1.5 19 13 7 13 22% 495953 359 12%
c u 683.74 133 15 78 86264  1 2582683 194994 1.5 19 13 7 13 22% 495953 359 12%
c v 684.02 135 15 78 86264  1 2582683 194945 1.5 19 13 7 13 22% 495953 359 12%
c w 684.16 137 15 78 86264  1 2582683 194940 1.5 19 13 7 13 22% 495953 359 12%
c x 684.53 139 15 78 86264  1 2582683 194938 1.5 19 13 7 13 22% 495950 359 12%
c F 699.13 150 14 78 88955  1 2628149 220527 1.5 19 13 7 13 22% 495950 359 12%
c - 706.97 160 14 79 90264  1 2650799 200053 1.5 19 13 7 13 22% 495950 359 12%
c p 707.02 134 14 79 90264  1 2650799 200055 1.5 19 13 7 13 22% 495950 359 12%
c u 707.50 134 14 79 90264  1 2650799 199874 1.5 19 13 7 13 22% 495950 359 12%
c v 707.74 138 14 79 90264  1 2650799 199854 1.5 19 13 7 13 22% 495950 359 12%
c w 707.86 140 14 79 90264  1 2650799 199849 1.5 19 13 7 13 22% 495950 359 12%
c x 708.18 143 14 79 90264  1 2650799 199849 1.5 19 13 7 13 22% 495933 359 12%
c } 718.24 154 14 79 92237  1 2685809 219626 1.5 19 12 7 13 22% 495933 359 12%
c [ 718.24 154 16 79 92237  1 2685809 219626 1.5 21 14 8 16 23% 495933 359 12%
c I 721.63 154 16 79 92244  1 2701150 228225 1.5 21 14 8 16 23% 495933 359 12%
c - 725.78 156 16 80 92252  1 2719808 204099 1.5 21 14 8 16 23% 495933 359 12%
c p 725.83 134 16 80 92252  1 2719808 204101 1.5 21 14 8 16 23% 495933 359 12%
c u 726.37 134 16 80 92252  1 2719808 204034 1.5 21 14 8 16 23% 495933 359 12%
c v 726.61 138 16 80 92252  1 2719808 204008 1.5 21 14 8 16 23% 495933 359 12%
c w 726.75 139 16 80 92252  1 2719808 203982 1.5 21 14 8 16 23% 495933 359 12%
c 
c  seconds    reductions     conflicts          size   tier2        variables
c           MB      restarts        redundant      glue    trail        remaining
c            level        rate            size/glue  tier1   irredundant
c 
c x 727.07 141 16 80 92252  1 2719808 203982 1.5 21 14 8 16 23% 495918 359 12%
c B 739.86 143 15 80 92270  1 2775151 235252 1.5 20 13 8 16 23% 495918 359 12%
c - 743.28 146 15 81 92278  1 2789708 207726 1.5 20 13 8 16 23% 495918 359 12%
c p 743.33 146 15 81 92278  1 2789708 207728 1.5 20 13 8 16 23% 495918 359 12%
c u 744.55 135 15 81 92278  1 2789708 207665 1.5 20 13 8 16 23% 495918 359 12%
c v 744.76 135 15 81 92278  1 2789708 207581 1.5 20 13 8 16 23% 495918 359 12%
c w 744.88 136 15 81 92278  1 2789708 207576 1.5 20 13 8 16 23% 495918 359 12%
c x 745.18 139 15 81 92278  1 2789708 207576 1.5 20 13 8 16 23% 495903 359 12%
c s 755.58 135 15 81 92298  1 2835294 233814 1.5 20 13 8 16 23% 493419 359 12%
c s 755.99 135 15 81 92298  1 2835294 233766 1.5 20 13 8 16 23% 490911 359 12%
c W 763.34 141 14 81 92299  1 2850152 242119 1.5 20 13 8 16 23% 490911 359 12%
c - 765.69 142 14 82 92300  1 2860504 213423 1.5 20 13 8 16 23% 490911 359 12%
c p 765.73 142 14 82 92300  1 2860504 213425 1.5 20 13 8 16 23% 490911 359 12%
c u 766.20 142 14 82 92300  1 2860504 213309 1.5 20 13 8 16 23% 490911 359 12%
c v 766.42 142 14 82 92300  1 2860504 213293 1.5 20 13 8 16 23% 490911 359 12%
c w 766.54 143 14 82 92300  1 2860504 213248 1.5 20 13 8 16 23% 490911 359 12%
c x 766.83 145 14 82 92300  1 2860504 213247 1.5 20 13 8 16 23% 490905 359 12%
c i 778.25 147 14 82 92301  1 2901303 235233 1.5 19 12 8 16 22% 490905 358 12%
c ] 778.92 147 14 82 92301  1 2903766 236693 1.5 19 12 8 16 22% 490905 358 12%
c { 778.93 147 14 82 92301  1 2903766 236693 1.5 19 12 7 13 22% 490905 358 12%
c 
c  seconds    reductions     conflicts          size   tier2        variables
c           MB      restarts        redundant      glue    trail        remaining
c            level        rate            size/glue  tier1   irredundant
c 
c B 784.91 151 14 82 93232  1 2926154 248683 1.5 18 12 7 13 22% 490905 358 12%
c - 786.66 139 14 83 93373  1 2932005 154699 1.5 18 12 7 13 22% 405948 358 12%
c p 786.70 139 14 83 93373  1 2932005 154700 1.5 18 12 7 13 22% 405948 358 12%
c u 787.19 139 14 83 93373  1 2932005 154593 1.5 18 12 7 13 22% 405948 358 12%
c v 787.45 139 14 83 93373  1 2932005 154576 1.5 18 12 7 13 22% 405948 358 12%
c w 787.57 139 14 83 93373  1 2932005 154561 1.5 18 12 7 13 22% 405948 358 12%
c x 787.87 139 14 83 93373  1 2932005 154558 1.5 18 12 7 13 22% 405942 358 12%
c i 795.09 139 13 83 93785  1 2965230 169703 1.5 17 11 7 13 21% 405942 357 12%
c i 796.84 139 13 83 93855  1 2973229 173255 1.5 17 11 7 13 21% 405942 356 12%
c i 797.22 139 13 83 93855  1 2974542 173720 1.5 17 11 7 13 21% 405942 354 12%
c i 797.38 139 12 83 93855  1 2975117 173876 1.5 17 11 7 13 21% 405942 352 12%
c i 797.42 139 12 83 93855  1 2975236 173918 1.5 17 11 7 13 21% 405942 350 12%
c i 797.47 139 12 83 93855  1 2975451 173983 1.5 17 11 7 13 21% 405942 346 12%
c i 797.47 139 12 83 93855  1 2975455 173984 1.5 17 11 7 13 21% 405942 345 12%
c i 797.60 139 12 83 93855  1 2976136 174252 1.5 17 11 7 13 21% 405942 337 11%
c i 797.61 139 12 83 93855  1 2976177 174268 1.5 17 11 7 13 21% 405942 336 11%
c } 797.61 139 12 83 93855  1 2976186 174270 1.5 17 11 7 13 21% 405942 330 11%
c 0 797.61 139 12 83 93855  1 2976186 174270 1.5 17 11 7 13 21% 405942 330 11%
c 
c --- [ closing proof ] ------------------------------------------------------
c 
c LRAT proof file '/root/earth-moon/population/f034-a4-cert/cs-a4_m04c/r/n105_n94_n136_n143_n106_p145/round-0/F.lrat' closed
c LRAT 3454123 added clauses 47.90%
c LRAT 3756764 deleted clauses 52.10%
c LRAT 806598548 bytes (769.23 MB)
c 
c --- [ result ] -------------------------------------------------------------
c 
s UNSATISFIABLE
c 
c --- [ run-time profiling ] -------------------------------------------------
c 
c process time taken by individual solving procedures
c (percentage relative to process time for solving)
c 
c       733.88   92.08% search
c       396.15   49.71% unstable
c       304.85   38.25% stable
c        63.10    7.92% simplify
c        44.57    5.59% vivify
c        32.86    4.12% walk
c         7.90    0.99% sweep
c         3.97    0.50% subsume
c         2.72    0.34% elim
c         1.46    0.18% probe
c         0.79    0.10% ternary
c         0.63    0.08% parse
c         0.43    0.05% congruence
c         0.01    0.00% lucky
c         0.01    0.00% backbone
c   =================================
c       796.98   99.92% solve
c 
c last line shows process time for solving
c (percentage relative to total process time)
c 
c --- [ statistics ] ---------------------------------------------------------
c 
c chronological:            300249        10.09 %  of conflicts
c conflicts:               2976186      3734.32    per second
c backbone:                 124256      4192.17 %  of vars
c decisions:               3408532      4276.80    per second
c eliminated:                 1877        63.33 %  of all variables
c fixed:                       755        25.47 %  of all variables
c learned:                 2926890        98.34 %  per conflict
c learned_lits:           83897699       100.00 %  learned literals
c minimized:                     0         0.00 %  learned literals
c shrunken:               20705661        24.68 %  learned literals
c minishrunken:            4712003         5.62 %  learned literals
c otfs:                      12182         0.41 %  of conflict
c propagations:           39121624         0.05 M  per second
c reduced:                 1584557        53.24 %  per conflict
c rephased:                     76     39160.34    interval
c restarts:                  93855        31.71    interval
c stabilizing:                  16        49.50 %  of conflicts
c substituted:                   2         0.07 %  of all variables
c subsumed:                1109829        32.22 %  of all clauses
c strengthened:             107478         3.12 %  of all clauses
c ticks:               46053381801      1192.62    propagation
c vivified:                   8630         0.25 %  of all clauses
c walked:                       24    124007.75    interval
c weakened:                   4341         2.51    average size
c congruence:                   12    248015.50    interval
c 
c seconds are measured in process time for solving
c 
c --- [ glue usage ] ---------------------------------------------------------
c 
c focused glue 7 used 301015 clauses 6.533% accumulated 55.87% tier1
c focused glue 8 used 248617 clauses 5.396% accumulated 61.26%
c focused glue 9-10 used 530813 clauses 11.52% accumulated 72.79%
c focused glue 11 used 261305 clauses 5.671% accumulated 78.46%
c focused glue 12 used 237000 clauses 5.144% accumulated 83.60% tier2
c 
c stable glue 8 used 200259 clauses 4.131% accumulated 53.15% tier1
c stable glue 9 used 215645 clauses 4.449% accumulated 57.60%
c stable glue 10-14 used 1175519 clauses 24.25% accumulated 81.85%
c stable glue 15 used 189547 clauses 3.910% accumulated 85.76%
c stable glue 16 used 165525 clauses 3.415% accumulated 89.18% tier2
c 
c 
c --- [ resources ] ----------------------------------------------------------
c 
c total process time since initialization:       797.61    seconds
c total real time since initialization:          797.76    seconds
c maximum resident set size of process:          211.94    MB
c 
c --- [ shutting down ] ------------------------------------------------------
c 
c exit 20

[rc=20 797.8s]
$ /root/earth-moon/verifier/../tools/drat-trim/lrat-check /root/earth-moon/population/f034-a4-cert/cs-a4_m04c/r/n105_n94_n136_n143_n106_p145/round-0/F.cnf /root/earth-moon/population/f034-a4-cert/cs-a4_m04c/r/n105_n94_n136_n143_n106_p145/round-0/F.lrat
c parsed a formula with 2964 variables and 883609 clauses
c VERIFIED
c allocated 1024 20129715 100035
c Added clauses = 4337732.  Deleted clauses = 3756764.  Max live clauses = 883609
c verification time = 11.49 secs

[rc=0 11.5s]
