# lean_static_resolve 2026-10-02 20:34:30
# dump=/root/earth-moon/population/f034-a4-cert/cs-a4_m04c/s/n105_n94_n136_n143_n106_n145/dump.jsonl raw=846040 dedup=846040 footer={'type': 'footer', 'verdict': 'UNSAT', 'counts': {'preseed': 8426, 'prop': 837614, 'model': 0}, 'stats': {'checks': 4215151, 'confl': 418807, 'model_rej': 0}, 'time': '2026-10-02T20:34:17+0000'}
# counters=False
$ /root/bin/cadical --lrat --no-binary --no-factor /root/earth-moon/population/f034-a4-cert/cs-a4_m04c/r/n105_n94_n136_n143_n106_n145/round-0/F.cnf /root/earth-moon/population/f034-a4-cert/cs-a4_m04c/r/n105_n94_n136_n143_n106_n145/round-0/F.lrat
c --- [ banner ] -------------------------------------------------------------
c 
c CaDiCaL SAT Solver
c Copyright (c) 2016-2026
c A. Biere, M. Fleury, N. Froleyks, K. Fazekas, F. Pollitt, T. Faller
c JKU Linz, University of Freiburg, TU Wien
c 
c Version 3.0.1 c60730422e758ef1cebe7aeddf2dda31c996bf04
c g++ (Ubuntu 13.3.0-6ubuntu2~24.04.1) 13.3.0 -Wall -Wextra -O3 -DNDEBUG
c Fri Oct 2 18:00:09 UTC 2026 Linux ai-math 6.8.0-139-generic x86_64
c 
c --- [ proof tracing ] ------------------------------------------------------
c 
c opening file to write '/root/earth-moon/population/f034-a4-cert/cs-a4_m04c/r/n105_n94_n136_n143_n106_n145/round-0/F.lrat'
c writing non-binary proof trace to '/root/earth-moon/population/f034-a4-cert/cs-a4_m04c/r/n105_n94_n136_n143_n106_n145/round-0/F.lrat'
c 
c --- [ parsing input ] ------------------------------------------------------
c 
c reading DIMACS file from '/root/earth-moon/population/f034-a4-cert/cs-a4_m04c/r/n105_n94_n136_n143_n106_n145/round-0/F.cnf'
c opening file to read '/root/earth-moon/population/f034-a4-cert/cs-a4_m04c/r/n105_n94_n136_n143_n106_n145/round-0/F.cnf'
c found 'p cnf 2964 854453' header
c parsed 854453 clauses in 0.50 seconds process time
c 
c --- [ options ] ------------------------------------------------------------
c 
c   --binary=false                 (different from default 'true')
c   --lrat=true                    (different from default 'false')
c 
c --- [ solving ] ------------------------------------------------------------
c 
c time measured in process time since initialization
c 
c  seconds  reduction conflicts       size tier2       variables
c         MB    restarts   redundant    glue  trail         remaining
c          level     rate       size/glu tier1  irredundant
c 
c *  0.50 90  0 0   0  0    0    0 0.0 0 0 2 6  0% 668378 2921 99%
c )  0.68 137  0 0   0  0    0    0 0.0 0 0 2 6  0% 668378 2921 99%
c {  0.68 137  0 0   0  0    0    0 0.0 0 0 2 6  0% 668378 2921 99%
c i  0.80 141 411 0   9 20  217  112 1.5 22 14 2 6 25% 668287 2920 99%
c i  0.80 141 391 0   9 19  229  117 1.5 21 14 2 6 24% 668281 2919 98%
c i  0.80 141 384 0   9 19  233  117 1.5 20 13 2 6 24% 668281 2910 98%
c -  0.88 144 306 1  12 15  300   66 1.5 23 15 2 6 24% 668260 2910 98%
c i  1.29 150 130 1  63  8  872  456 1.5 24 16 2 6 20% 668139 2906 98%
c i  1.29 150 128 1  63  8  891  461 1.5 24 16 2 6 19% 668130 2902 98%
c }  1.31 150 118 1  63  7 1001  530 1.5 24 16 2 6 19% 668104 2902 98%
c [  1.31 150  0 1  63  0 1001  530 0.0 0 0 2 6  0% 668104 2902 98%
c O  1.31 150  3 1  63  4 1002  531 1.5 3 2 2 6 18% 668104 2902 98%
c -  1.48 202  7 2  63  1 1090  222 1.2 7 6 2 6 18% 668088 2902 98%
c i  1.50 202  7 2  63  1 1743  382 1.3 8 6 2 6 10% 668086 2889 97%
c i  1.66 202 17 2  64  1 2181  725 1.7 14 8 2 6 18% 668034 2887 97%
c i  1.68 202 20 2  64  1 2323  828 1.6 15 10 2 6 18% 668006 2883 97%
c i  1.70 202 20 2  64  1 2411  886 1.5 16 10 2 6 18% 667998 2882 97%
c i  1.70 202 20 2  64  1 2412  886 1.5 16 10 2 6 18% 667998 2881 97%
c -  1.89 200 21 3  64  1 2595  297 1.5 17 11 2 6 18% 648085 2881 97%
c i  1.94 200 22 3  64  1 2728  369 1.5 18 12 2 6 18% 648069 2878 97%
c 
c  seconds   reduction conflicts       size   tier2       variables
c          MB    restarts   redundant     glue   trail         remaining
c           level     rate       size/glue  tier1  irredundant
c 
c i  1.95 200 22 3  64  1 2737  375 1.5 18 12 2 6 18% 648069 2877 97%
c i  1.95 200 22 3  64  1 2738  375 1.5 18 12 2 6 18% 648069 2876 97%
c i  1.96 200 22 3  64  1 2748  382 1.5 18 12 2 6 18% 648068 2873 97%
c i  1.98 200 22 3  64  1 2809  423 1.5 18 12 2 6 18% 648056 2872 97%
c i  1.99 200 22 3  64  1 2819  430 1.5 18 12 2 6 18% 648055 2863 97%
c i  1.99 200 22 3  64  1 2821  431 1.5 18 12 2 6 18% 648055 2855 96%
c i  2.02 200 22 3  64  1 2893  484 1.5 18 12 2 6 18% 648052 2854 96%
c ]  2.02 200 22 3  64  1 2899  489 1.5 18 12 2 6 18% 648051 2854 96%
c {  2.02 200 118 3  64  7 2899  489 1.5 24 16 2 6 19% 648051 2854 96%
c i  2.05 200 113 3  64  7 2950  524 1.5 24 16 2 6 19% 648048 2852 96%
c i  2.05 200 113 3  64  7 2951  524 1.5 24 16 2 6 19% 648048 2851 96%
c i  2.05 200 113 3  64  7 2952  524 1.5 24 16 2 6 19% 648048 2850 96%
c O  2.08 200 108 3  64  7 3005  548 1.5 23 16 2 6 19% 648042 2850 96%
c i  2.09 200 108 3  64  7 3015  552 1.5 23 16 2 6 19% 648039 2849 96%
c i  2.09 200 108 3  64  7 3016  552 1.5 23 16 2 6 19% 648039 2847 96%
c i  2.09 200 108 3  64  7 3017  552 1.5 23 16 2 6 19% 648039 2846 96%
c 2  2.16 200 85 3  64  5 3395  863 1.5 23 15 2 6 19% 648036 2838 96%
c d  2.19 200 85 3  64  5 3395  857 1.5 23 15 2 6 19% 647970 2837 96%
c p  2.19 200 85 3  64  5 3395  857 1.5 23 15 2 6 19% 647970 2836 96%
c =  2.40 204 85 3  64  5 3395  841 1.5 23 15 2 6 19% 647883 2744 93%
c 
c  seconds   reduction conflicts       size   tier2       variables
c          MB    restarts   redundant     glue   trail         remaining
c           level     rate       size/glue  tier1  irredundant
c 
c t  2.40 204 85 3  64  5 3395  840 1.5 23 15 2 6 19% 647883 2744 93%
c i  2.54 204 82 3  88  5 3505  921 1.5 23 16 2 6 19% 647873 2712 91%
c -  3.41 204 54 4 146  4 4901  769 1.5 22 15 2 6 19% 647781 2712 91%
c 2  3.66 204 46 4 177  3 5896 1615 1.6 22 14 6 18 19% 647778 2706 91%
c t  3.81 205 46 4 177  3 5896 1614 1.6 22 14 6 18 19% 647766 2706 91%
c #  4.00 205 46 4 199  3 6006 1696 1.6 22 14 6 18 19% 647750 2706 91%
c }  4.71 205 39 4 288  3 7621 2914 1.5 22 14 4 17 20% 647711 2706 91%
c [  4.71 205 22 4 288  1 7621 2914 1.5 18 12 2 6 18% 647711 2706 91%
c -  5.01 205 21 5 289  1 8070 2778 1.4 18 13 2 6 18% 647708 2706 91%
c 2  5.14 205 21 5 289  1 8499 3071 1.4 18 13 2 6 18% 647707 2698 91%
c I  5.48 205 20 5 289  1 10009 4271 1.5 18 12 7 16 20% 647712 2698 91%
c -  6.19 205 22 6 292  1 12138 5038 1.4 20 14 7 16 20% 647695 2698 91%
c 2  6.19 205 22 6 292  1 12138 5038 1.4 20 14 7 16 20% 647695 2693 91%
c t  6.34 206 22 6 292  1 12138 5036 1.4 20 14 7 16 20% 647685 2693 91%
c ]  6.74 206 23 6 292  1 14072 6460 1.4 21 15 7 17 20% 647684 2693 91%
c {  6.74 206 39 6 292  3 14072 6460 1.5 22 14 4 17 20% 647684 2693 91%
c B  7.17 206 36 6 332  3 15010 7200 1.6 22 14 4 17 20% 647683 2693 91%
c s  7.38 206 35 6 347  3 15678 7724 1.6 22 14 4 17 20% 647599 2693 91%
c t  7.40 206 35 6 347  3 15678 7722 1.6 22 14 4 17 20% 647579 2693 91%
c e  7.52 206 35 6 347  3 15678 7372 1.6 22 14 4 17 20% 643377 356 12%
c 
c  seconds   reductions conflicts       size   tier2        variables
c          MB    restarts    redundant     glue    trail        remaining
c           level     rate        size/glue  tier1   irredundant
c 
c s  7.55 206 35 6 347  3 15678 7372 1.6 22 14 4 17 20% 643364 356 12%
c -  8.28 206 32 7 394  2 17128 6357 1.6 21 14 4 17 25% 643364 356 12%
c 2  8.28 206 32 7 394  2 17128 6356 1.6 21 14 4 17 25% 643364 356 12%
c u  8.43 206 32 7 394  2 17128 6322 1.6 21 14 4 17 25% 643364 356 12%
c v  8.49 206 32 7 394  2 17128 6316 1.6 21 14 4 17 25% 643364 356 12%
c w  8.52 206 32 7 394  2 17128 6311 1.6 21 14 4 17 25% 643364 356 12%
c x  8.61 206 32 7 394  2 17128 6311 1.6 21 14 4 17 25% 643359 356 12%
c t  8.62 206 32 7 394  2 17128 6310 1.6 21 14 4 17 25% 643359 356 12%
c W 10.60 206 28 7 652  2 21012 9388 1.5 21 13 4 17 27% 643359 356 12%
c - 11.20 206 27 8 693  2 23044 7839 1.5 20 13 5 15 25% 643359 356 12%
c p 11.21 206 27 8 693  2 23044 7839 1.5 20 13 5 15 25% 643359 356 12%
c F 12.55 206 24 8 845  2 28014 11252 1.5 19 13 5 15 24% 643373 356 12%
c } 12.69 206 24 8 848  2 28599 11709 1.5 19 13 5 15 24% 643373 356 12%
c [ 12.69 206 23 8 848  1 28599 11709 1.4 21 15 7 17 168% 643373 356 12%
c - 12.94 206 23 9 849  1 29907 10026 1.4 21 15 7 17 148% 643373 356 12%
c B 15.03 206 24 9 852  1 36015 14866 1.5 22 15 7 17 101% 643373 356 12%
c - 15.80 206 24 10 853  1 37725 10908 1.5 23 15 7 17 93% 643373 356 12%
c p 15.83 206 24 10 853  1 37725 10912 1.5 23 15 7 17 93% 643373 356 12%
c u 15.99 206 24 10 853  1 37725 10827 1.5 23 15 7 17 93% 643373 356 12%
c v 16.06 206 24 10 853  1 37725 10819 1.5 23 15 7 17 93% 643373 356 12%
c 
c  seconds   reductions  conflicts        size   tier2        variables
c          MB     restarts     redundant     glue    trail        remaining
c           level      rate         size/glue  tier1   irredundant
c 
c w 16.09 206 24 10 853  1 37725 10818 1.5 23 15 7 17 93% 643373 356 12%
c x 16.21 206 24 10 853  1 37725 10818 1.5 23 15 7 17 93% 643372 356 12%
c ] 16.92 206 24 10 855  1 40939 13292 1.4 23 16 7 18 83% 643372 356 12%
c { 16.92 206 24 10 855  2 40939 13292 1.5 19 13 5 15 24% 643372 356 12%
c B 17.92 206 23 10 982  2 45017 16299 1.5 19 12 5 15 24% 643372 356 12%
c - 18.77 206 22 11 1041  2 46505 11915 1.5 19 12 5 15 24% 643372 356 12%
c p 18.79 206 22 11 1041  2 46505 11918 1.5 19 12 5 15 24% 643372 356 12%
c i 21.92 206 21 11 1529  2 53680 16870 1.5 18 12 5 15 24% 643372 355 12%
c W 23.26 197 21 11 1661  2 55018 15405 1.5 18 12 5 15 24% 530601 355 12%
c - 23.77 197 21 12 1741  2 56256 12877 1.5 18 12 5 15 24% 530601 355 12%
c p 23.78 197 21 12 1741  2 56256 12879 1.5 18 12 5 15 24% 530601 355 12%
c u 23.95 197 21 12 1741  2 56256 12810 1.5 18 12 5 15 24% 530601 355 12%
c v 24.00 197 21 12 1741  2 56256 12805 1.5 18 12 5 15 24% 530601 355 12%
c w 24.02 197 21 12 1741  2 56256 12801 1.5 18 12 5 15 24% 530601 355 12%
c x 24.10 197 21 12 1741  2 56256 12797 1.5 18 12 5 15 24% 530599 355 12%
c s 25.36 197 20 12 2003  2 58958 14723 1.5 18 12 5 15 24% 530572 355 12%
c e 25.46 197 20 12 2003  2 58958 14658 1.5 18 12 5 15 24% 530571 354 12%
c s 25.49 197 20 12 2003  2 58958 14646 1.5 18 12 5 15 24% 530516 354 12%
c } 26.80 197 20 12 2295  2 61696 16450 1.5 18 12 5 15 24% 530515 354 12%
c [ 26.80 197 24 12 2295  1 61696 16450 1.4 23 16 7 18 83% 530515 354 12%
c 
c  seconds   reductions   conflicts        size   tier2        variables
c          MB     restarts      redundant     glue    trail        remaining
c           level       rate         size/glue  tier1   irredundant
c 
c W 27.58 197 23 12 2296  1 66020 19923 1.5 23 15 7 18 72% 530515 354 12%
c - 27.80 197 23 13 2297  1 66482 15542 1.5 23 15 7 18 71% 530515 354 12%
c - 29.68 198 22 14 2300  1 77600 18429 1.5 22 15 7 17 56% 530515 354 12%
c p 29.69 198 22 14 2300  1 77600 18431 1.5 22 15 7 17 56% 530515 354 12%
c u 29.81 198 22 14 2300  1 77600 18342 1.5 22 15 7 17 56% 530515 354 12%
c v 29.86 198 22 14 2300  1 77600 18338 1.5 22 15 7 17 56% 530515 354 12%
c w 29.88 198 22 14 2300  1 77600 18337 1.5 22 15 7 17 56% 530515 354 12%
c x 29.95 198 22 14 2300  1 77600 18337 1.5 22 15 7 17 56% 530507 354 12%
c O 30.09 198 22 14 2300  1 78022 18697 1.5 22 15 7 17 56% 530507 354 12%
c - 32.38 198 21 15 2307  1 89612 20481 1.5 22 14 7 17 48% 530507 354 12%
c B 32.68 198 21 15 2307  1 91024 21663 1.5 22 14 7 17 47% 530507 354 12%
c ] 33.17 198 21 15 2310  1 94364 24165 1.5 22 15 7 17 45% 530507 354 12%
c { 33.17 198 20 15 2310  2 94364 24165 1.5 18 12 5 15 24% 530507 354 12%
c - 35.45 198 20 16 2681  2 102517 21915 1.5 18 12 5 15 24% 530507 354 12%
c p 35.48 198 20 16 2681  2 102517 21917 1.5 18 12 5 15 24% 530507 354 12%
c u 35.62 198 20 16 2681  2 102517 21874 1.5 18 12 5 15 24% 530507 354 12%
c v 35.67 198 20 16 2681  2 102517 21865 1.5 18 12 5 15 24% 530507 354 12%
c w 35.70 198 20 16 2681  2 102517 21864 1.5 18 12 5 15 24% 530507 354 12%
c x 35.77 198 20 16 2681  2 102517 21861 1.5 18 12 5 15 24% 530489 354 12%
c # 36.16 198 19 16 2708  2 105025 23667 1.5 18 12 5 15 25% 530489 354 12%
c 
c  seconds   reductions   conflicts         size   tier2        variables
c          MB     restarts       redundant     glue    trail        remaining
c           level       rate          size/glue  tier1   irredundant
c 
c - 39.13 198 18 17 3313  2 116322 24522 1.5 18 12 5 15 25% 530489 354 12%
c B 39.86 198 18 17 3429  2 120026 26489 1.5 18 12 5 15 24% 530489 354 12%
c s 41.27 198 18 17 3782  2 122255 28206 1.5 18 12 5 15 24% 530292 354 12%
c s 41.42 198 18 17 3782  2 122255 28191 1.5 18 12 5 15 24% 530191 354 12%
c - 44.88 198 18 18 4248  2 131028 26344 1.5 18 12 5 15 24% 530191 354 12%
c p 44.90 198 18 18 4248  2 131028 26346 1.5 18 12 5 15 24% 530191 354 12%
c u 45.62 198 18 18 4248  2 131028 26260 1.5 18 12 5 15 24% 530191 354 12%
c v 45.71 198 18 18 4248  2 131028 26256 1.5 18 12 5 15 24% 530191 354 12%
c w 45.75 198 18 18 4248  2 131028 26254 1.5 18 12 5 15 24% 530191 354 12%
c x 45.89 198 18 18 4248  2 131028 26254 1.5 18 12 5 15 24% 530187 354 12%
c W 48.46 198 17 18 4563  2 136028 29464 1.5 18 12 5 15 24% 530187 354 12%
c } 48.78 198 17 18 4638  2 136342 29709 1.5 18 12 4 12 24% 530187 354 12%
c [ 48.78 198 21 18 4638  1 136342 29709 1.5 22 15 7 17 45% 530187 354 12%
c - 50.42 198 22 19 4640  1 146632 22111 1.5 22 15 7 17 41% 530187 354 12%
c p 50.45 198 22 19 4640  1 146632 22113 1.5 22 15 7 17 41% 530187 354 12%
c W 51.55 198 22 19 4641  1 153029 26987 1.4 23 16 7 17 39% 530187 354 12%
c - 53.01 197 22 20 4641  1 163141 17712 1.4 23 16 7 17 37% 530187 354 12%
c p 53.03 197 22 20 4641  1 163141 17714 1.4 23 16 7 17 37% 530187 354 12%
c u 53.18 197 22 20 4641  1 163141 17646 1.4 23 16 7 17 37% 530187 354 12%
c v 53.24 197 22 20 4641  1 163141 17643 1.4 23 16 7 17 37% 530187 354 12%
c 
c  seconds   reductions   conflicts         size   tier2        variables
c          MB     restarts       redundant     glue    trail        remaining
c           level       rate          size/glue  tier1   irredundant
c 
c w 53.27 197 22 20 4641  1 163141 17639 1.4 23 16 7 17 37% 530187 354 12%
c x 53.34 197 22 20 4641  1 163141 17639 1.4 23 16 7 17 37% 530183 354 12%
c I 54.78 197 22 20 4645  1 171030 23354 1.4 23 16 7 17 35% 530183 354 12%
c - 56.30 197 21 21 4650  1 180553 19479 1.4 22 15 7 17 34% 530183 354 12%
c p 56.32 197 21 21 4650  1 180553 19480 1.4 22 15 7 17 34% 530183 354 12%
c ] 57.49 197 21 21 4655  1 189879 27066 1.5 22 15 7 17 33% 530183 354 12%
c { 57.49 197 17 21 4655  2 189879 27066 1.5 18 12 4 12 24% 530183 354 12%
c F 57.62 197 17 21 4693  2 190032 27183 1.5 18 12 4 12 24% 530183 354 12%
c - 60.86 198 17 22 5488  2 198869 22814 1.5 18 12 4 12 24% 530183 354 12%
c p 60.90 198 17 22 5488  2 198869 22816 1.5 18 12 4 12 24% 530183 354 12%
c u 61.09 198 17 22 5488  2 198869 22638 1.5 18 12 4 12 24% 530183 354 12%
c v 61.17 198 17 22 5488  2 198869 22630 1.5 18 12 4 12 24% 530183 354 12%
c w 61.22 198 17 22 5488  2 198869 22623 1.5 18 12 4 12 24% 530183 354 12%
c x 61.34 198 17 22 5488  2 198869 22621 1.5 18 12 4 12 24% 530177 354 12%
c s 63.61 198 17 22 5932  2 206645 27264 1.5 17 12 4 12 23% 530115 354 12%
c s 63.76 198 17 22 5932  2 206645 27248 1.5 17 12 4 12 23% 530050 354 12%
c B 65.32 198 17 22 6270  2 210035 29683 1.5 18 12 4 12 23% 530050 354 12%
c - 67.66 198 17 23 6604  2 218092 25868 1.5 18 12 4 12 24% 530050 354 12%
c p 67.69 198 17 23 6604  2 218092 25869 1.5 18 12 4 12 24% 530050 354 12%
c u 67.85 198 17 23 6604  2 218092 25773 1.5 18 12 4 12 24% 530050 354 12%
c 
c  seconds   reductions   conflicts         size   tier2        variables
c          MB     restarts       redundant     glue    trail        remaining
c           level       rate          size/glue  tier1   irredundant
c 
c v 67.91 198 17 23 6604  2 218092 25769 1.5 18 12 4 12 24% 530050 354 12%
c w 67.95 198 17 23 6604  2 218092 25767 1.5 18 12 4 12 24% 530050 354 12%
c x 68.03 198 17 23 6604  2 218092 25766 1.5 18 12 4 12 24% 530047 354 12%
c W 74.29 198 17 23 7825  2 231036 34687 1.5 18 12 4 12 23% 530047 354 12%
c - 75.98 198 16 24 8111  2 238225 28976 1.5 17 12 4 12 23% 530047 354 12%
c p 76.01 198 16 24 8111  2 238225 28978 1.5 17 12 4 12 23% 530047 354 12%
c u 76.76 199 16 24 8111  2 238225 28966 1.5 17 12 4 12 23% 530047 354 12%
c v 76.82 199 16 24 8111  2 238225 28957 1.5 17 12 4 12 23% 530047 354 12%
c w 76.84 199 16 24 8111  2 238225 28955 1.5 17 12 4 12 23% 530047 354 12%
c x 76.92 199 16 24 8111  2 238225 28955 1.5 17 12 4 12 23% 530046 354 12%
c } 79.10 199 16 24 8545  2 245361 33678 1.5 17 12 4 12 23% 530046 354 12%
c [ 79.10 199 21 24 8545  1 245361 33678 1.5 22 15 7 17 33% 530046 354 12%
c B 80.50 199 20 24 8546  1 253038 38961 1.5 22 15 7 17 33% 530046 354 12%
c - 81.70 199 20 25 8549  1 259266 30879 1.5 22 15 7 17 32% 530046 354 12%
c p 81.73 199 20 25 8549  1 259266 30881 1.5 22 15 7 17 32% 530046 354 12%
c u 81.87 199 20 25 8549  1 259266 30856 1.5 22 15 7 17 32% 530046 354 12%
c v 81.92 199 20 25 8549  1 259266 30839 1.5 22 15 7 17 32% 530046 354 12%
c w 81.94 199 20 25 8549  1 259266 30824 1.5 22 15 7 17 32% 530046 354 12%
c x 82.01 199 20 25 8549  1 259266 30824 1.5 22 15 7 17 32% 530042 354 12%
c W 85.36 199 20 25 8559  1 276039 41655 1.4 22 15 7 17 30% 530042 354 12%
c 
c  seconds   reductions   conflicts         size   tier2        variables
c          MB     restarts       redundant     glue    trail        remaining
c           level       rate          size/glue  tier1   irredundant
c 
c - 86.56 199 20 26 8561  1 281218 27826 1.4 22 15 7 17 30% 530042 354 12%
c p 86.60 199 20 26 8561  1 281218 27828 1.4 22 15 7 17 30% 530042 354 12%
c u 86.77 199 20 26 8561  1 281218 27809 1.4 22 15 7 17 30% 530042 354 12%
c v 86.83 199 20 26 8561  1 281218 27800 1.4 22 15 7 17 30% 530042 354 12%
c w 86.85 199 20 26 8561  1 281218 27800 1.4 22 15 7 17 30% 530042 354 12%
c x 86.93 199 20 26 8561  1 281218 27799 1.4 22 15 7 17 30% 530035 354 12%
c O 89.84 199 19 26 8562  1 300043 41222 1.4 21 15 7 17 29% 530035 354 12%
c - 90.59 199 19 27 8562  1 304077 27705 1.4 21 15 7 17 29% 530035 354 12%
c p 90.61 199 19 27 8562  1 304077 27707 1.4 21 15 7 17 29% 530035 354 12%
c u 90.75 199 19 27 8562  1 304077 27685 1.4 21 15 7 17 29% 530035 354 12%
c v 90.79 199 19 27 8562  1 304077 27683 1.4 21 15 7 17 29% 530035 354 12%
c w 90.82 199 19 27 8562  1 304077 27680 1.4 21 15 7 17 29% 530035 354 12%
c x 90.89 199 19 27 8562  1 304077 27679 1.4 21 15 7 17 29% 530031 354 12%
c ] 92.02 199 19 27 8563  1 310680 32207 1.4 21 15 7 17 29% 530031 354 12%
c { 92.02 199 16 27 8563  2 310680 32207 1.5 17 12 4 12 23% 530031 354 12%
c s 92.32 199 16 27 8563  2 312130 33223 1.5 17 12 4 12 23% 529915 354 12%
c s 92.48 199 16 27 8563  2 312130 33189 1.5 17 12 4 12 23% 529832 354 12%
c # 96.93 199 16 27 9459  2 325044 42374 1.5 17 12 4 12 23% 529832 354 12%
c - 98.28 199 16 28 9848  2 327846 33832 1.5 17 12 4 12 23% 529832 354 12%
c p 98.32 199 16 28 9848  2 327846 33834 1.5 17 12 4 12 23% 529832 354 12%
c 
c  seconds   reductions   conflicts         size   tier2        variables
c          MB     restarts       redundant     glue    trail        remaining
c           level       rate          size/glue  tier1   irredundant
c 
c u 98.49 199 16 28 9848  2 327846 33734 1.5 17 12 4 12 23% 529832 354 12%
c v 98.57 199 16 28 9848  2 327846 33725 1.5 17 12 4 12 23% 529832 354 12%
c w 98.61 199 16 28 9848  2 327846 33723 1.5 17 12 4 12 23% 529832 354 12%
c x 98.71 199 16 28 9848  2 327846 33723 1.5 17 12 4 12 23% 529830 354 12%
c B 108.34 199 16 28 12068  2 351047 48930 1.5 17 12 4 12 23% 529830 354 12%
c - 108.63 200 16 29 12085  2 352528 37814 1.5 17 12 4 12 23% 529830 354 12%
c p 108.65 200 16 29 12085  2 352528 37816 1.5 17 12 4 12 23% 529830 354 12%
c u 108.85 200 16 29 12085  2 352528 37672 1.5 17 12 4 12 23% 529830 354 12%
c v 108.93 200 16 29 12085  2 352528 37630 1.5 17 12 4 12 23% 529830 354 12%
c w 108.98 200 16 29 12085  2 352528 37628 1.5 17 12 4 12 23% 529830 354 12%
c x 109.12 200 16 29 12085  2 352528 37628 1.5 17 12 4 12 23% 529829 354 12%
c W 121.07 200 16 29 13798  2 378049 55133 1.5 17 12 4 12 23% 529829 354 12%
c - 121.23 200 16 30 13798  2 378125 39970 1.5 17 12 4 12 23% 529829 354 12%
c p 121.27 200 16 30 13798  2 378125 39972 1.5 17 12 4 12 23% 529829 354 12%
c u 121.56 200 16 30 13798  2 378125 39908 1.5 17 12 4 12 23% 529829 354 12%
c v 121.67 200 16 30 13798  2 378125 39905 1.5 17 12 4 12 23% 529829 354 12%
c w 121.72 200 16 30 13798  2 378125 39903 1.5 17 12 4 12 23% 529829 354 12%
c x 121.85 200 16 30 13798  2 378125 39903 1.5 17 12 4 12 23% 529828 354 12%
c } 121.92 200 16 30 13811  2 378197 39956 1.5 17 12 4 12 23% 529828 354 12%
c [ 121.93 200 19 30 13811  1 378197 39956 1.4 21 15 7 17 29% 529828 354 12%
c 
c  seconds    reductions    conflicts         size   tier2        variables
c           MB      restarts       redundant     glue    trail        remaining
c            level        rate          size/glue  tier1   irredundant
c 
c - 127.63 200 20 31 13811  1 404628 37587 1.4 22 15 7 17 28% 529828 354 12%
c p 127.66 200 20 31 13811  1 404628 37589 1.4 22 15 7 17 28% 529828 354 12%
c u 128.62 200 20 31 13811  1 404628 37307 1.4 22 15 7 17 28% 529828 354 12%
c v 128.70 200 20 31 13811  1 404628 37305 1.4 22 15 7 17 28% 529828 354 12%
c w 128.74 200 20 31 13811  1 404628 37300 1.4 22 15 7 17 28% 529828 354 12%
c x 128.83 200 20 31 13811  1 404628 37300 1.4 22 15 7 17 28% 529826 354 12%
c t 128.84 200 20 31 13811  1 404628 37299 1.4 22 15 7 17 28% 529826 354 12%
c B 129.32 200 20 31 13812  1 406050 38485 1.4 22 15 7 17 28% 529826 354 12%
c - 135.18 199 21 32 13826  1 432047 30068 1.4 23 16 7 17 28% 529826 354 12%
c p 135.21 199 21 32 13826  1 432047 30073 1.4 23 16 7 17 28% 529826 354 12%
c u 135.47 199 21 32 13826  1 432047 30049 1.4 23 16 7 17 28% 529826 354 12%
c v 135.57 199 21 32 13826  1 432047 30033 1.4 23 16 7 17 28% 529826 354 12%
c w 135.62 199 21 32 13826  1 432047 30023 1.4 23 16 7 17 28% 529826 354 12%
c x 135.76 199 21 32 13826  1 432047 30022 1.4 23 16 7 17 28% 529824 354 12%
c W 137.23 199 21 32 13826  1 435051 32051 1.4 23 16 7 17 28% 529824 354 12%
c s 137.84 199 21 32 13826  1 438702 34402 1.4 23 16 7 17 28% 529668 354 12%
c s 138.02 199 21 32 13826  1 438702 34358 1.4 23 16 7 17 28% 529483 354 12%
c ] 140.96 199 21 32 13839  1 459133 49126 1.4 23 16 7 17 27% 529483 354 12%
c { 140.96 199 16 32 13839  2 459133 49126 1.5 17 12 4 12 23% 529483 354 12%
c - 141.95 199 16 33 13975  2 460377 29762 1.5 17 12 4 12 23% 529483 354 12%
c 
c  seconds    reductions    conflicts         size   tier2        variables
c           MB      restarts       redundant     glue    trail        remaining
c            level        rate          size/glue  tier1   irredundant
c 
c p 141.98 199 16 33 13975  2 460377 29767 1.5 17 12 4 12 23% 529483 354 12%
c u 142.17 199 16 33 13975  2 460377 29749 1.5 17 12 4 12 23% 529483 354 12%
c v 142.25 199 16 33 13975  2 460377 29724 1.5 17 12 4 12 23% 529483 354 12%
c w 142.28 199 16 33 13975  2 460377 29723 1.5 17 12 4 12 23% 529483 354 12%
c x 142.40 199 16 33 13975  2 460377 29723 1.5 17 12 4 12 23% 529482 354 12%
c F 143.36 199 15 33 13975  2 465052 33064 1.5 17 12 4 12 23% 529482 354 12%
c - 150.23 200 15 34 15239  1 489618 38024 1.5 17 12 4 12 24% 529482 354 12%
c p 150.27 200 15 34 15239  1 489618 38029 1.5 17 12 4 12 24% 529482 354 12%
c u 150.47 200 15 34 15239  1 489618 38007 1.5 17 12 4 12 24% 529482 354 12%
c v 150.56 200 15 34 15239  1 489618 38001 1.5 17 12 4 12 24% 529482 354 12%
c w 150.60 200 15 34 15239  1 489618 37999 1.5 17 12 4 12 24% 529482 354 12%
c x 150.71 200 15 34 15239  1 489618 37996 1.5 17 12 4 12 24% 529468 354 12%
c t 150.72 200 15 34 15239  1 489618 37995 1.5 17 12 4 12 24% 529468 354 12%
c B 152.24 200 15 34 15273  1 496053 42046 1.5 17 11 4 12 24% 529468 354 12%
c - 161.78 200 15 35 17172  1 519773 46912 1.5 17 11 4 12 23% 529468 354 12%
c p 161.82 200 15 35 17172  1 519773 46919 1.5 17 11 4 12 23% 529468 354 12%
c u 162.08 200 15 35 17172  1 519773 46880 1.5 17 11 4 12 23% 529468 354 12%
c v 162.20 200 15 35 17172  1 519773 46871 1.5 17 11 4 12 23% 529468 354 12%
c w 162.26 200 15 35 17172  1 519773 46866 1.5 17 11 4 12 23% 529468 354 12%
c x 162.41 200 15 35 17172  1 519773 46862 1.5 17 11 4 12 23% 529465 354 12%
c 
c  seconds    reductions    conflicts         size   tier2        variables
c           MB      restarts       redundant     glue    trail        remaining
c            level        rate          size/glue  tier1   irredundant
c 
c W 166.44 200 15 35 17522  1 528054 52020 1.5 17 11 4 12 23% 529465 354 12%
c - 174.39 200 14 36 18501  1 550845 49464 1.5 17 11 4 11 24% 529465 354 12%
c p 174.42 200 14 36 18501  1 550845 49469 1.5 17 11 4 11 24% 529465 354 12%
c u 174.61 200 14 36 18501  1 550845 49421 1.5 17 11 4 11 24% 529465 354 12%
c v 174.70 200 14 36 18501  1 550845 49417 1.5 17 11 4 11 24% 529465 354 12%
c w 174.75 200 14 36 18501  1 550845 49417 1.5 17 11 4 11 24% 529465 354 12%
c x 174.87 200 14 36 18501  1 550845 49416 1.5 17 11 4 11 24% 529463 354 12%
c # 176.96 200 14 36 18672  1 561056 54351 1.5 16 11 4 11 23% 529463 354 12%
c } 177.48 200 14 36 18783  1 562238 55145 1.5 16 11 4 11 23% 529463 354 12%
c [ 177.48 200 21 36 18783  1 562238 55145 1.4 23 16 7 17 27% 529463 354 12%
c - 180.78 201 20 37 18786  1 582829 50905 1.4 22 15 7 17 27% 529463 354 12%
c p 180.82 201 20 37 18786  1 582829 50910 1.4 22 15 7 17 27% 529463 354 12%
c u 181.00 201 20 37 18786  1 582829 50857 1.4 22 15 7 17 27% 529463 354 12%
c v 181.07 201 20 37 18786  1 582829 50843 1.4 22 15 7 17 27% 529463 354 12%
c w 181.11 201 20 37 18786  1 582829 50840 1.4 22 15 7 17 27% 529463 354 12%
c x 181.22 201 20 37 18786  1 582829 50840 1.4 22 15 7 17 27% 529462 354 12%
c s 181.93 201 20 37 18786  1 586357 53598 1.4 22 15 7 17 27% 528920 354 12%
c s 182.12 201 20 37 18786  1 586357 53540 1.4 22 15 7 17 27% 528242 354 12%
c I 183.57 201 20 37 18789  1 595057 59947 1.4 22 15 7 17 27% 528242 354 12%
c - 186.92 200 19 38 18800  1 615729 49654 1.5 21 15 7 17 26% 528242 354 12%
c 
c  seconds    reductions    conflicts         size   tier2        variables
c           MB      restarts       redundant     glue    trail        remaining
c            level        rate          size/glue  tier1   irredundant
c 
c p 186.96 200 19 38 18800  1 615729 49658 1.5 21 15 7 17 26% 528242 354 12%
c u 187.17 200 19 38 18800  1 615729 49531 1.5 21 15 7 17 26% 528242 354 12%
c v 187.25 200 19 38 18800  1 615729 49530 1.5 21 15 7 17 26% 528242 354 12%
c w 187.29 200 19 38 18800  1 615729 49529 1.5 21 15 7 17 26% 528242 354 12%
c x 187.42 200 19 38 18800  1 615729 49529 1.5 21 15 7 17 26% 528239 354 12%
c B 189.75 200 19 38 18805  1 630058 59682 1.5 21 15 7 17 26% 528239 354 12%
c - 192.92 200 19 39 18815  1 649526 46821 1.5 21 14 7 17 26% 528239 354 12%
c p 192.95 200 19 39 18815  1 649526 46826 1.5 21 14 7 17 26% 528239 354 12%
c u 193.70 200 19 39 18815  1 649526 46726 1.5 21 14 7 17 26% 528239 354 12%
c v 193.78 200 19 39 18815  1 649526 46720 1.5 21 14 7 17 26% 528239 354 12%
c w 193.83 200 19 39 18815  1 649526 46716 1.5 21 14 7 17 26% 528239 354 12%
c x 193.91 200 19 39 18815  1 649526 46711 1.5 21 14 7 17 26% 528236 354 12%
c W 197.87 200 19 39 18817  1 666060 58890 1.4 21 15 7 16 26% 528236 354 12%
c - 201.09 200 19 40 18818  1 684240 42529 1.4 21 15 7 16 26% 528236 354 12%
c p 201.14 200 19 40 18818  1 684240 42534 1.4 21 15 7 16 26% 528236 354 12%
c u 201.34 200 19 40 18818  1 684240 42488 1.4 21 15 7 16 26% 528236 354 12%
c v 201.43 200 19 40 18818  1 684240 42481 1.4 21 15 7 16 26% 528236 354 12%
c w 201.47 200 19 40 18818  1 684240 42481 1.4 21 15 7 16 26% 528236 354 12%
c x 201.58 200 19 40 18818  1 684240 42478 1.4 21 15 7 16 26% 528225 354 12%
c ] 202.84 200 20 40 18818  1 692765 49048 1.4 21 15 7 16 26% 528225 354 12%
c 
c  seconds    reductions    conflicts         size   tier2        variables
c           MB      restarts       redundant     glue    trail        remaining
c            level        rate          size/glue  tier1   irredundant
c 
c { 202.84 200 14 40 18818  1 692765 49048 1.5 16 11 4 11 23% 528225 354 12%
c B 208.04 200 14 40 19789  1 703061 55253 1.5 16 11 4 11 23% 528225 354 12%
c - 213.03 200 14 41 20633  1 719866 45306 1.5 16 11 4 11 23% 528225 354 12%
c p 213.08 200 14 41 20633  1 719866 45311 1.5 16 11 4 11 23% 528225 354 12%
c u 213.29 200 14 41 20633  1 719866 45142 1.5 16 11 4 11 23% 528225 354 12%
c v 213.39 200 14 41 20633  1 719866 45093 1.5 16 11 4 11 23% 528225 354 12%
c w 213.45 200 14 41 20633  1 719866 45081 1.5 16 11 4 11 23% 528225 354 12%
c x 213.61 200 14 41 20633  1 719866 45076 1.5 16 11 4 11 23% 528214 354 12%
c W 221.45 200 14 41 21716  1 741063 58303 1.5 16 11 4 11 23% 528214 354 12%
c s 228.24 200 14 41 23713  1 755050 67204 1.5 16 11 4 11 23% 527609 354 12%
c s 228.46 200 14 41 23713  1 755050 67174 1.5 16 11 4 11 23% 527377 354 12%
c - 228.71 201 14 42 23713  1 756410 53356 1.5 16 11 4 11 23% 527377 354 12%
c p 228.76 201 14 42 23713  1 756410 53360 1.5 16 11 4 11 23% 527377 354 12%
c u 229.01 201 14 42 23713  1 756410 53039 1.5 16 11 4 11 23% 527377 354 12%
c v 229.14 201 14 42 23713  1 756410 53033 1.5 16 11 4 11 23% 527377 354 12%
c w 229.21 201 14 42 23713  1 756410 53030 1.5 16 11 4 11 23% 527377 354 12%
c x 229.40 201 14 42 23713  1 756410 53029 1.5 16 11 4 11 23% 527162 354 12%
c F 239.68 201 14 42 25964  1 780064 67147 1.5 16 11 4 11 23% 527162 354 12%
c - 245.32 201 14 43 27340  1 793853 56984 1.4 16 11 4 11 23% 527162 354 12%
c p 245.37 201 14 43 27340  1 793853 56991 1.4 16 11 4 11 23% 527162 354 12%
c 
c  seconds    reductions    conflicts         size   tier2        variables
c           MB      restarts       redundant     glue    trail        remaining
c            level        rate          size/glue  tier1   irredundant
c 
c u 245.68 201 14 43 27340  1 793853 56909 1.4 16 11 4 11 23% 527162 354 12%
c v 245.84 201 14 43 27340  1 793853 56899 1.4 16 11 4 11 23% 527162 354 12%
c w 245.92 201 14 43 27340  1 793853 56896 1.4 16 11 4 11 23% 527162 354 12%
c x 246.12 201 14 43 27340  1 793853 56892 1.4 16 11 4 11 23% 527123 354 12%
c i 250.03 201 14 43 28018  1 806076 63707 1.4 16 11 4 11 23% 527123 353 12%
c } 251.05 201 14 43 28247  1 808372 65209 1.4 16 11 4 11 23% 527123 353 12%
c [ 251.05 201 20 43 28247  1 808372 65209 1.4 21 15 7 16 26% 527123 353 12%
c O 253.52 201 20 43 28247  1 820065 74536 1.4 22 15 7 16 26% 527123 353 12%
c - 256.04 199 19 44 28248  1 832208 51536 1.4 21 15 7 16 25% 510903 353 12%
c 2 256.04 199 19 44 28248  1 832208 51535 1.4 21 15 7 16 25% 510903 353 12%
c p 256.07 199 19 44 28248  1 832208 51542 1.4 21 15 7 16 25% 510903 353 12%
c u 256.31 199 19 44 28248  1 832208 51500 1.4 21 15 7 16 25% 510903 353 12%
c v 256.41 199 19 44 28248  1 832208 51486 1.4 21 15 7 16 25% 510903 353 12%
c w 256.46 199 19 44 28248  1 832208 51483 1.4 21 15 7 16 25% 510903 353 12%
c x 256.59 199 19 44 28248  1 832208 51479 1.4 21 15 7 16 25% 510894 353 12%
c B 261.33 199 18 44 28248  1 861066 68163 1.4 20 14 7 16 25% 510894 353 12%
c - 262.91 199 18 45 28248  1 871168 51722 1.4 20 14 7 16 25% 510894 353 12%
c p 262.94 199 18 45 28248  1 871168 51728 1.4 20 14 7 16 25% 510894 353 12%
c u 263.14 199 18 45 28248  1 871168 51702 1.4 20 14 7 16 25% 510894 353 12%
c v 263.22 199 18 45 28248  1 871168 51696 1.4 20 14 7 16 25% 510894 353 12%
c 
c  seconds    reductions    conflicts         size   tier2        variables
c           MB      restarts       redundant     glue    trail        remaining
c            level        rate          size/glue  tier1   irredundant
c 
c w 263.26 199 18 45 28248  1 871168 51694 1.4 20 14 7 16 25% 510894 353 12%
c x 263.36 199 18 45 28248  1 871168 51694 1.4 20 14 7 16 25% 510889 353 12%
c W 270.40 199 17 45 28255  1 903069 72298 1.4 20 14 7 16 24% 510889 353 12%
c - 271.76 199 18 46 28261  1 911034 54588 1.4 20 14 7 16 24% 510889 353 12%
c p 271.80 199 18 46 28261  1 911034 54595 1.4 20 14 7 16 24% 510889 353 12%
c u 272.02 199 18 46 28261  1 911034 54567 1.4 20 14 7 16 24% 510889 353 12%
c v 272.10 199 18 46 28261  1 911034 54560 1.4 20 14 7 16 24% 510889 353 12%
c w 272.14 199 18 46 28261  1 911034 54559 1.4 20 14 7 16 24% 510889 353 12%
c x 272.25 199 18 46 28261  1 911034 54558 1.4 20 14 7 16 24% 510884 353 12%
c s 279.83 199 18 46 28276  1 944786 80939 1.4 20 14 7 16 25% 510720 353 12%
c e 279.93 199 18 46 28276  1 944786 80088 1.4 20 14 7 16 25% 510719 352 12%
c s 280.04 199 18 46 28276  1 944786 80054 1.4 20 14 7 16 25% 510279 352 12%
c I 280.44 199 18 46 28277  1 946070 81019 1.4 20 14 7 16 25% 510279 352 12%
c - 281.80 199 18 47 28278  1 951800 52970 1.4 20 14 7 16 25% 510279 352 12%
c p 281.84 199 18 47 28278  1 951800 52977 1.4 20 14 7 16 25% 510279 352 12%
c u 282.14 199 18 47 28278  1 951800 52927 1.4 20 14 7 16 25% 510279 352 12%
c v 282.26 199 18 47 28278  1 951800 52924 1.4 20 14 7 16 25% 510279 352 12%
c w 282.32 199 18 47 28278  1 951800 52920 1.4 20 14 7 16 25% 510279 352 12%
c x 282.48 199 18 47 28278  1 951800 52917 1.4 20 14 7 16 25% 510275 352 12%
c ] 282.65 199 18 47 28278  1 952370 53365 1.4 20 14 7 16 25% 510275 352 12%
c 
c  seconds    reductions    conflicts         size   tier2        variables
c           MB      restarts       redundant     glue    trail        remaining
c            level        rate          size/glue  tier1   irredundant
c 
c { 282.65 199 14 47 28278  1 952370 53365 1.4 16 11 4 11 23% 510275 352 12%
c B 298.66 199 14 47 32940  1 990073 78532 1.4 16 11 4 11 23% 510275 352 12%
c - 299.91 199 14 48 33146  1 993453 56469 1.4 16 11 4 11 23% 510275 352 12%
c p 299.95 199 14 48 33146  1 993453 56476 1.4 16 11 4 11 23% 510275 352 12%
c u 301.82 199 14 48 33146  1 993453 56389 1.4 16 11 4 11 23% 510275 352 12%
c v 301.99 199 14 48 33146  1 993453 56367 1.4 16 11 4 11 23% 510275 352 12%
c w 302.07 199 14 48 33146  1 993453 56363 1.4 16 11 4 11 23% 510275 352 12%
c x 302.28 199 14 48 33146  1 993453 56363 1.4 16 11 4 11 23% 510256 352 12%
c W 317.74 199 14 48 35999  1 1035074 83113 1.4 16 11 4 11 23% 510256 352 12%
c - 318.13 200 14 49 35999  1 1036009 64748 1.4 16 11 4 11 23% 510256 352 12%
c p 318.18 200 14 49 35999  1 1036009 64755 1.4 16 11 4 11 23% 510256 352 12%
c u 318.42 200 14 49 35999  1 1036009 64476 1.4 16 11 4 11 23% 510256 352 12%
c v 318.56 200 14 49 35999  1 1036009 64455 1.4 16 11 4 11 23% 510256 352 12%
c w 318.63 200 14 49 35999  1 1036009 64448 1.4 16 11 4 11 23% 510256 352 12%
c x 318.83 200 14 49 35999  1 1036009 64445 1.4 16 11 4 11 23% 510248 352 12%
c - 331.39 200 14 50 37757  1 1079466 71964 1.5 16 11 4 11 23% 510248 352 12%
c p 331.43 200 14 50 37757  1 1079466 71971 1.5 16 11 4 11 23% 510248 352 12%
c u 331.67 200 14 50 37757  1 1079466 71885 1.5 16 11 4 11 23% 510248 352 12%
c v 331.76 200 14 50 37757  1 1079466 71783 1.5 16 11 4 11 23% 510248 352 12%
c w 331.82 200 14 50 37757  1 1079466 71782 1.5 16 11 4 11 23% 510248 352 12%
c 
c  seconds    reductions     conflicts         size   tier2        variables
c           MB      restarts        redundant     glue    trail        remaining
c            level        rate           size/glue  tier1   irredundant
c 
c x 331.99 200 14 50 37757  1 1079466 71781 1.5 16 11 4 11 23% 510239 352 12%
c # 332.71 200 14 50 38026  1 1081076 72709 1.5 16 11 4 11 23% 510239 352 12%
c } 337.91 200 14 50 39323  1 1098712 82900 1.5 16 11 4 11 22% 510239 352 12%
c [ 337.91 200 18 50 39323  1 1098712 82900 1.4 20 14 7 16 25% 510239 352 12%
c - 342.57 200 17 51 39327  1 1123823 75036 1.4 19 13 7 16 24% 510239 352 12%
c p 342.61 200 17 51 39327  1 1123823 75043 1.4 19 13 7 16 24% 510239 352 12%
c u 342.86 200 17 51 39327  1 1123823 74963 1.4 19 13 7 16 24% 510239 352 12%
c v 342.99 200 17 51 39327  1 1123823 74942 1.4 19 13 7 16 24% 510239 352 12%
c w 343.05 200 17 51 39327  1 1123823 74931 1.4 19 13 7 16 24% 510239 352 12%
c x 343.22 200 17 51 39327  1 1123823 74925 1.4 19 13 7 16 24% 510188 352 12%
c B 343.94 200 17 51 39330  1 1128078 78226 1.4 20 14 7 16 24% 510188 352 12%
c s 348.63 200 18 51 39340  1 1154818 98316 1.4 20 14 7 16 25% 509848 352 12%
c s 348.86 200 18 51 39340  1 1154818 98286 1.4 20 14 7 16 25% 509419 352 12%
c - 352.58 200 17 52 39349  1 1169083 70377 1.5 20 14 7 16 24% 509419 352 12%
c p 352.63 200 17 52 39349  1 1169083 70384 1.5 20 14 7 16 24% 509419 352 12%
c u 352.87 200 17 52 39349  1 1169083 70202 1.5 20 14 7 16 24% 509419 352 12%
c v 353.00 200 17 52 39349  1 1169083 70184 1.5 20 14 7 16 24% 509419 352 12%
c w 353.08 200 17 52 39349  1 1169083 70181 1.5 20 14 7 16 24% 509419 352 12%
c x 353.27 200 17 52 39349  1 1169083 70180 1.5 20 14 7 16 24% 509326 352 12%
c W 356.50 200 17 52 39353  1 1176080 75015 1.5 20 14 7 16 24% 509326 352 12%
c 
c  seconds    reductions     conflicts         size   tier2        variables
c           MB      restarts        redundant     glue    trail        remaining
c            level        rate           size/glue  tier1   irredundant
c 
c - 364.87 200 17 53 39356  1 1215227 66815 1.5 20 14 7 16 24% 509326 352 12%
c p 364.91 200 17 53 39356  1 1215227 66822 1.5 20 14 7 16 24% 509326 352 12%
c u 365.11 200 17 53 39356  1 1215227 66496 1.5 20 14 7 16 24% 509326 352 12%
c v 365.25 200 17 53 39356  1 1215227 66482 1.5 20 14 7 16 24% 509326 352 12%
c w 365.33 200 17 53 39356  1 1215227 66481 1.5 20 14 7 16 24% 509326 352 12%
c x 365.42 200 17 53 39356  1 1215227 66474 1.5 20 14 7 16 24% 509234 352 12%
c O 367.16 200 17 53 39356  1 1225082 73661 1.5 20 14 7 16 24% 509234 352 12%
c - 374.40 200 17 54 39370  1 1262270 69347 1.5 19 13 6 15 24% 509234 352 12%
c p 374.44 200 17 54 39370  1 1262270 69354 1.5 19 13 6 15 24% 509234 352 12%
c u 374.72 200 17 54 39370  1 1262270 69183 1.5 19 13 6 15 24% 509234 352 12%
c v 374.85 200 17 54 39370  1 1262270 69159 1.5 19 13 6 15 24% 509234 352 12%
c w 374.92 200 17 54 39370  1 1262270 69158 1.5 19 13 6 15 24% 509234 352 12%
c x 375.05 200 17 54 39370  1 1262270 69155 1.5 19 13 6 15 24% 509074 352 12%
c B 377.91 200 16 54 39374  1 1275084 76606 1.5 19 13 6 15 23% 509074 352 12%
c ] 380.48 200 16 54 39381  1 1287425 84176 1.5 19 13 6 15 23% 509074 352 12%
c { 380.48 200 14 54 39381  1 1287425 84176 1.5 16 11 4 11 22% 509074 352 12%
c - 389.59 200 14 55 41492  1 1310212 72990 1.4 16 11 4 11 22% 509074 352 12%
c p 389.64 200 14 55 41492  1 1310212 72997 1.4 16 11 4 11 22% 509074 352 12%
c u 389.98 200 14 55 41492  1 1310212 72961 1.4 16 11 4 11 22% 509074 352 12%
c v 390.10 200 14 55 41492  1 1310212 72903 1.4 16 11 4 11 22% 509074 352 12%
c 
c  seconds    reductions     conflicts         size   tier2        variables
c           MB      restarts        redundant     glue    trail        remaining
c            level        rate           size/glue  tier1   irredundant
c 
c w 390.16 200 14 55 41492  1 1310212 72903 1.4 16 11 4 11 22% 509074 352 12%
c x 390.38 200 14 55 41492  1 1310212 72902 1.4 16 11 4 11 22% 508987 352 12%
c B 394.57 200 14 55 42319  1 1326085 82241 1.4 16 11 4 11 22% 508987 352 12%
c - 406.61 201 14 56 44852  1 1359054 78595 1.4 16 11 4 11 22% 508987 352 12%
c p 406.65 201 14 56 44852  1 1359054 78602 1.4 16 11 4 11 22% 508987 352 12%
c u 407.05 201 14 56 44852  1 1359054 78532 1.4 16 11 4 11 22% 508987 352 12%
c v 407.19 201 14 56 44852  1 1359054 78500 1.4 16 11 4 11 22% 508987 352 12%
c w 407.27 201 14 56 44852  1 1359054 78494 1.4 16 11 4 11 22% 508987 352 12%
c x 407.49 201 14 56 44852  1 1359054 78494 1.4 16 11 4 11 22% 508842 352 12%
c W 415.22 201 13 56 45278  1 1378088 88377 1.5 16 11 4 11 22% 508842 352 12%
c s 419.23 201 13 56 46177  1 1385801 93568 1.5 16 11 4 10 22% 508210 352 12%
c s 419.48 201 13 56 46177  1 1385801 93500 1.5 16 11 4 10 22% 507286 352 12%
c - 426.93 200 13 57 47783  1 1408798 78415 1.5 16 11 4 10 22% 507286 352 12%
c p 426.97 200 13 57 47783  1 1408798 78422 1.5 16 11 4 10 22% 507286 352 12%
c u 427.30 200 13 57 47783  1 1408798 78349 1.5 16 11 4 10 22% 507286 352 12%
c v 427.46 200 13 57 47783  1 1408798 78335 1.5 16 11 4 10 22% 507286 352 12%
c w 427.53 200 13 57 47783  1 1408798 78331 1.5 16 11 4 10 22% 507286 352 12%
c x 427.72 200 13 57 47783  1 1408798 78331 1.5 16 11 4 10 22% 507114 352 12%
c F 433.21 200 13 57 48601  1 1431089 91299 1.5 16 11 4 10 22% 507114 352 12%
c i 439.97 200 13 57 50113  1 1449811 101821 1.5 16 11 4 10 22% 507114 351 12%
c 
c  seconds    reductions     conflicts         size   tier2        variables
c           MB      restarts        redundant     glue    trail        remaining
c            level        rate           size/glue  tier1   irredundant
c 
c - 443.72 198 13 58 51219  1 1459397 71896 1.5 16 11 4 10 22% 483137 351 12%
c 2 443.72 198 13 58 51219  1 1459397 71896 1.5 16 11 4 10 22% 483136 351 12%
c p 443.76 198 13 58 51219  1 1459397 71903 1.5 16 11 4 10 22% 483136 351 12%
c u 445.56 198 13 58 51219  1 1459397 71827 1.5 16 11 4 10 22% 483136 351 12%
c v 445.73 198 13 58 51219  1 1459397 71797 1.5 16 11 4 10 22% 483136 351 12%
c w 445.81 198 13 58 51219  1 1459397 71797 1.5 16 11 4 10 22% 483136 351 12%
c x 446.02 198 13 58 51219  1 1459397 71797 1.5 16 11 4 10 22% 483083 351 12%
c } 448.57 198 13 58 51885  1 1466964 76565 1.5 16 11 4 10 22% 483083 351 12%
c [ 448.57 198 16 58 51885  1 1466964 76565 1.5 19 13 6 15 23% 483083 351 12%
c W 452.82 198 16 58 51891  1 1485091 87566 1.5 19 13 6 15 23% 483083 351 12%
c - 457.21 198 16 59 51898  1 1510257 74097 1.5 19 13 6 15 23% 483083 351 12%
c p 457.25 198 16 59 51898  1 1510257 74104 1.5 19 13 6 15 23% 483083 351 12%
c u 457.54 198 16 59 51898  1 1510257 74068 1.5 19 13 6 15 23% 483083 351 12%
c v 457.66 198 16 59 51898  1 1510257 74026 1.5 19 13 6 15 23% 483083 351 12%
c w 457.72 198 16 59 51898  1 1510257 74022 1.5 19 13 6 15 23% 483083 351 12%
c x 457.91 198 16 59 51898  1 1510257 74020 1.5 19 13 6 15 23% 483053 351 12%
c t 457.91 198 16 59 51898  1 1510257 74020 1.5 19 13 6 15 23% 483052 351 12%
c I 463.38 198 15 59 51911  1 1540092 93295 1.5 18 12 6 15 24% 483052 351 12%
c - 467.90 198 15 60 51921  1 1561996 75936 1.5 18 12 6 15 23% 483052 351 12%
c p 467.93 198 15 60 51921  1 1561996 75943 1.5 18 12 6 15 23% 483052 351 12%
c 
c  seconds    reductions     conflicts         size   tier2        variables
c           MB      restarts        redundant     glue    trail        remaining
c            level        rate           size/glue  tier1   irredundant
c 
c u 468.20 198 15 60 51921  1 1561996 75879 1.5 18 12 6 15 23% 483052 351 12%
c v 468.32 198 15 60 51921  1 1561996 75851 1.5 18 12 6 15 23% 483052 351 12%
c w 468.38 198 15 60 51921  1 1561996 75844 1.5 18 12 6 15 23% 483052 351 12%
c x 468.55 198 15 60 51921  1 1561996 75842 1.5 18 12 6 15 23% 483050 351 12%
c B 475.23 198 14 60 51923  1 1596093 98436 1.5 18 12 6 15 23% 483050 351 12%
c - 478.87 199 14 61 51923  1 1614610 82105 1.5 18 12 6 15 24% 483050 351 12%
c p 478.90 199 14 61 51923  1 1614610 82112 1.5 18 12 6 15 24% 483050 351 12%
c u 479.17 199 14 61 51923  1 1614610 82051 1.5 18 12 6 15 24% 483050 351 12%
c v 479.29 199 14 61 51923  1 1614610 82014 1.5 18 12 6 15 24% 483050 351 12%
c w 479.36 199 14 61 51923  1 1614610 82008 1.5 18 12 6 15 24% 483050 351 12%
c x 479.55 199 14 61 51923  1 1614610 82007 1.5 18 12 6 15 24% 483039 351 12%
c s 483.78 199 14 61 51924  1 1637635 95793 1.5 17 11 6 15 24% 482202 351 12%
c e 483.87 199 14 61 51924  1 1637635 95335 1.5 17 11 6 15 24% 482200 349 12%
c s 484.05 199 14 61 51924  1 1637635 95298 1.5 17 11 6 15 24% 481283 349 12%
c W 488.30 199 14 61 51924  1 1653094 105051 1.5 17 11 6 14 23% 481283 349 12%
c - 491.33 198 14 62 51924  1 1668103 83434 1.5 17 11 6 14 23% 481283 349 12%
c p 491.37 198 14 62 51924  1 1668103 83441 1.5 17 11 6 14 23% 481283 349 12%
c u 491.66 198 14 62 51924  1 1668103 83367 1.5 17 11 6 14 23% 481283 349 12%
c v 491.81 198 14 62 51924  1 1668103 83362 1.5 17 11 6 14 23% 481283 349 12%
c w 491.87 198 14 62 51924  1 1668103 83358 1.5 17 11 6 14 23% 481283 349 12%
c 
c  seconds    reductions     conflicts         size   tier2        variables
c           MB      restarts        redundant     glue    trail        remaining
c            level        rate           size/glue  tier1   irredundant
c 
c x 492.07 198 14 62 51924  1 1668103 83358 1.5 17 11 6 14 23% 481261 349 12%
c t 492.07 198 14 62 51924  1 1668103 83358 1.5 17 11 6 14 23% 481259 349 12%
c ] 497.83 198 14 62 51925  1 1698004 102102 1.5 18 12 6 14 23% 481259 349 12%
c { 497.84 198 13 62 51925  1 1698004 102102 1.5 16 11 4 10 22% 481259 349 12%
c B 501.71 198 13 62 52498  1 1711095 109465 1.5 16 11 4 10 22% 481259 349 12%
c - 504.96 199 13 63 52760  1 1722425 85048 1.5 16 11 4 10 22% 481259 349 12%
c p 505.00 199 13 63 52760  1 1722425 85055 1.5 16 11 4 10 22% 481259 349 12%
c u 505.29 199 13 63 52760  1 1722425 84897 1.5 16 11 4 10 22% 481259 349 12%
c v 505.45 199 13 63 52760  1 1722425 84870 1.5 16 11 4 10 22% 481259 349 12%
c w 505.53 199 13 63 52760  1 1722425 84852 1.5 16 11 4 10 22% 481259 349 12%
c x 505.75 199 13 63 52760  1 1722425 84852 1.5 16 11 4 10 22% 481237 349 12%
c t 505.75 199 13 63 52760  1 1722425 84852 1.5 16 11 4 10 22% 481235 349 12%
c i 513.17 199 13 63 54534  1 1743186 96757 1.5 16 10 4 10 22% 481235 348 12%
c W 524.55 198 13 63 56502  1 1770096 107228 1.5 15 10 4 10 22% 448005 348 12%
c - 527.24 196 12 64 56738  1 1777623 85829 1.5 15 10 4 10 22% 448005 348 12%
c 2 527.24 196 12 64 56738  1 1777623 85829 1.5 15 10 4 10 22% 448004 348 12%
c p 527.28 196 12 64 56738  1 1777623 85835 1.5 15 10 4 10 22% 448004 348 12%
c u 527.64 196 12 64 56738  1 1777623 85633 1.5 15 10 4 10 22% 448003 348 12%
c v 527.85 196 12 64 56738  1 1777623 85605 1.5 15 10 4 10 22% 448003 348 12%
c w 527.95 196 12 64 56738  1 1777623 85591 1.5 15 10 4 10 22% 448003 348 12%
c 
c  seconds    reductions     conflicts         size   tier2        variables
c           MB      restarts        redundant     glue    trail        remaining
c            level        rate           size/glue  tier1   irredundant
c 
c x 528.23 196 12 64 56738  1 1777623 85591 1.5 15 10 4 10 22% 447955 348 12%
c # 545.33 196 12 64 59930  1 1830097 116017 1.5 15 10 4 10 22% 447955 348 12%
c i 545.83 196 12 64 59930  1 1832050 116865 1.5 15 10 4 10 22% 447955 345 12%
c - 546.32 192 12 65 59969  1 1832661 80804 1.5 15 10 4 10 22% 409083 345 12%
c p 546.35 192 12 65 59969  1 1832661 80809 1.5 15 10 4 10 22% 409083 345 12%
c u 546.66 192 12 65 59969  1 1832661 80666 1.5 15 10 4 10 22% 409083 345 12%
c v 546.82 192 12 65 59969  1 1832661 80546 1.5 15 10 4 10 22% 409083 345 12%
c w 546.92 192 12 65 59969  1 1832661 80543 1.5 15 10 4 10 22% 409083 345 12%
c x 547.06 192 12 65 59969  1 1832661 80527 1.5 15 10 4 10 22% 409003 345 12%
c i 552.25 192 12 65 60957  1 1849970 89154 1.5 15 10 4 10 22% 409003 344 12%
c - 562.83 187 12 66 63117  1 1887210 74284 1.5 15 10 4 10 22% 337942 344 12%
c p 562.85 187 12 66 63117  1 1887210 74289 1.5 15 10 4 10 22% 337942 344 12%
c u 563.15 187 12 66 63117  1 1887210 74194 1.5 15 10 4 10 22% 337942 344 12%
c v 563.31 187 12 66 63117  1 1887210 74152 1.5 15 10 4 10 22% 337942 344 12%
c w 563.38 187 12 66 63117  1 1887210 74077 1.5 15 10 4 10 22% 337942 344 12%
c x 563.59 187 12 66 63117  1 1887210 74066 1.5 15 10 4 10 22% 337715 344 12%
c t 563.59 187 12 66 63117  1 1887210 74065 1.5 15 10 4 10 22% 337715 344 12%
c B 564.89 187 12 66 63367  1 1891100 76387 1.5 15 10 4 10 22% 337715 344 12%
c s 569.38 187 12 66 63928  1 1908802 85305 1.5 15 10 4 10 22% 335607 344 12%
c e 569.45 187 12 66 63928  1 1908802 84915 1.5 15 10 4 10 22% 335600 337 11%
c 
c  seconds    reductions     conflicts         size   tier2        variables
c           MB      restarts        redundant     glue    trail        remaining
c            level        rate           size/glue  tier1   irredundant
c 
c s 569.63 187 12 66 63928  1 1908802 84813 1.5 15 10 4 10 22% 333041 337 11%
c } 575.21 187 11 66 64860  1 1933130 97211 1.5 14 10 4 10 22% 333041 337 11%
c [ 575.21 187 14 66 64860  1 1933130 97211 1.5 18 12 6 14 23% 333041 337 11%
c i 576.06 187 14 66 64860  1 1936782 98884 1.5 17 12 6 14 23% 333041 336 11%
c - 576.77 184 14 67 64860  1 1939715 72594 1.5 17 12 6 14 23% 303420 336 11%
c p 576.79 184 14 67 64860  1 1939715 72600 1.5 17 12 6 14 23% 303420 336 11%
c u 576.99 184 14 67 64860  1 1939715 72423 1.5 17 12 6 14 23% 303420 336 11%
c v 577.10 184 14 67 64860  1 1939715 72406 1.5 17 12 6 14 23% 303420 336 11%
c w 577.15 184 14 67 64860  1 1939715 72375 1.5 17 12 6 14 23% 303420 336 11%
c x 577.30 184 14 67 64860  1 1939715 72375 1.5 17 12 6 14 23% 303233 336 11%
c i 578.08 184 14 67 64860  1 1943634 74393 1.5 17 11 6 14 23% 303233 335 11%
c i 579.41 184 13 67 64860  1 1950487 77850 1.5 17 11 6 14 23% 303233 332 11%
c i 579.58 184 13 67 64860  1 1951182 78082 1.5 17 11 6 14 23% 303233 323 11%
c i 579.62 184 13 67 64860  1 1951350 78150 1.5 17 11 6 14 23% 303233 322 11%
c i 579.64 184 13 67 64860  1 1951465 78167 1.5 17 11 6 14 23% 303233 311 10%
c i 579.65 184 13 67 64860  1 1951475 78173 1.5 17 11 6 14 23% 303233 307 10%
c i 579.65 184 13 67 64860  1 1951477 78173 1.5 17 11 6 14 23% 303233 306 10%
c ] 579.65 184 13 67 64860  1 1951481 78174 1.5 17 11 6 14 23% 303233 286 10%
c 0 579.65 184 13 67 64860  1 1951481 78174 1.5 17 11 6 14 23% 303233 286 10%
c 
c --- [ closing proof ] ------------------------------------------------------
c 
c LRAT proof file '/root/earth-moon/population/f034-a4-cert/cs-a4_m04c/r/n105_n94_n136_n143_n106_n145/round-0/F.lrat' closed
c LRAT 2954707 added clauses 46.30%
c LRAT 3427260 deleted clauses 53.70%
c LRAT 523134438 bytes (498.90 MB)
c 
c --- [ result ] -------------------------------------------------------------
c 
s UNSATISFIABLE
c 
c --- [ run-time profiling ] -------------------------------------------------
c 
c process time taken by individual solving procedures
c (percentage relative to process time for solving)
c 
c       537.60   92.83% search
c       333.54   57.59% unstable
c       181.18   31.28% stable
c        41.55    7.17% simplify
c        27.54    4.75% vivify
c        22.69    3.92% walk
c         6.45    1.11% sweep
c         2.34    0.40% subsume
c         2.21    0.38% elim
c         1.23    0.21% probe
c         0.54    0.09% ternary
c         0.50    0.09% parse
c         0.37    0.06% congruence
c         0.18    0.03% lucky
c         0.00    0.00% backbone
c   =================================
c       579.15   99.91% solve
c 
c last line shows process time for solving
c (percentage relative to total process time)
c 
c --- [ statistics ] ---------------------------------------------------------
c 
c chronological:            190740         9.77 %  of conflicts
c conflicts:               1951481      3369.57    per second
c backbone:                 108824      3671.52 %  of vars
c decisions:               2365542      4084.52    per second
c eliminated:                 2185        73.72 %  of all variables
c fixed:                       492        16.60 %  of all variables
c learned:                 1915831        98.17 %  per conflict
c learned_lits:           47757672       100.00 %  learned literals
c minimized:                     0         0.00 %  learned literals
c shrunken:               10653072        22.31 %  learned literals
c minishrunken:            2958419         6.19 %  learned literals
c otfs:                      15038         0.77 %  of conflict
c propagations:           27729477         0.05 M  per second
c reduced:                 1110906        56.93 %  per conflict
c rephased:                     61     31991.49    interval
c restarts:                  64860        30.09    interval
c stabilizing:                  12        49.25 %  of conflicts
c substituted:                   1         0.03 %  of all variables
c subsumed:                 674156        25.99 %  of all clauses
c strengthened:             101014         3.89 %  of all clauses
c ticks:               29484114396      1088.24    propagation
c vivified:                  12811         0.49 %  of all clauses
c walked:                       19    102709.53    interval
c weakened:                   5211         2.48    average size
c congruence:                   10    195148.10    interval
c 
c seconds are measured in process time for solving
c 
c --- [ glue usage ] ---------------------------------------------------------
c 
c focused glue 4 used 259359 clauses 7.953% accumulated 54.04% tier1
c focused glue 5 used 200986 clauses 6.163% accumulated 60.21%
c focused glue 6-8 used 492405 clauses 15.10% accumulated 75.31%
c focused glue 9 used 165574 clauses 5.077% accumulated 80.38%
c focused glue 10 used 150211 clauses 4.606% accumulated 84.99% tier2
c 
c stable glue 6 used 129323 clauses 3.849% accumulated 53.30% tier1
c stable glue 7 used 133141 clauses 3.963% accumulated 57.26%
c stable glue 8-12 used 758662 clauses 22.58% accumulated 79.85%
c stable glue 13 used 133942 clauses 3.986% accumulated 83.83%
c stable glue 14 used 116895 clauses 3.479% accumulated 87.31% tier2
c 
c 
c --- [ resources ] ----------------------------------------------------------
c 
c total process time since initialization:       579.65    seconds
c total real time since initialization:          579.78    seconds
c maximum resident set size of process:          255.77    MB
c 
c --- [ shutting down ] ------------------------------------------------------
c 
c exit 20

[rc=20 579.8s]
$ /root/earth-moon/verifier/../tools/drat-trim/lrat-check /root/earth-moon/population/f034-a4-cert/cs-a4_m04c/r/n105_n94_n136_n143_n106_n145/round-0/F.cnf /root/earth-moon/population/f034-a4-cert/cs-a4_m04c/r/n105_n94_n136_n143_n106_n145/round-0/F.lrat
c parsed a formula with 2964 variables and 854453 clauses
c VERIFIED
c allocated 1024 19465503 100035
c Added clauses = 3809160.  Deleted clauses = 3427260.  Max live clauses = 854453
c verification time = 8.02 secs

[rc=0 8.0s]
