# lean_static_resolve 2026-10-02 20:31:22
# dump=/root/earth-moon/population/f034-a4-cert/cs-a4_m12c/s/n105_n53_n95_p149_n129_n106/dump.jsonl raw=962314 dedup=962314 footer={'type': 'footer', 'verdict': 'UNSAT', 'counts': {'preseed': 8300, 'prop': 954014, 'model': 0}, 'stats': {'checks': 5168316, 'confl': 477007, 'model_rej': 0}, 'time': '2026-10-02T20:31:06+0000'}
# counters=False
$ /root/bin/cadical --lrat --no-binary --no-factor /root/earth-moon/population/f034-a4-cert/cs-a4_m12c/r/n105_n53_n95_p149_n129_n106/round-0/F.cnf /root/earth-moon/population/f034-a4-cert/cs-a4_m12c/r/n105_n53_n95_p149_n129_n106/round-0/F.lrat
c --- [ banner ] -------------------------------------------------------------
c 
c CaDiCaL SAT Solver
c Copyright (c) 2016-2026
c A. Biere, M. Fleury, N. Froleyks, K. Fazekas, F. Pollitt, T. Faller
c JKU Linz, University of Freiburg, TU Wien
c 
c Version 3.0.1 c60730422e758ef1cebe7aeddf2dda31c996bf04
c g++ (Ubuntu 13.3.0-6ubuntu2~24.04.1) 13.3.0 -Wall -Wextra -O3 -DNDEBUG
c Fri Oct 2 18:00:09 UTC 2026 Linux ai-math 6.8.0-139-generic x86_64
c 
c --- [ proof tracing ] ------------------------------------------------------
c 
c opening file to write '/root/earth-moon/population/f034-a4-cert/cs-a4_m12c/r/n105_n53_n95_p149_n129_n106/round-0/F.lrat'
c writing non-binary proof trace to '/root/earth-moon/population/f034-a4-cert/cs-a4_m12c/r/n105_n53_n95_p149_n129_n106/round-0/F.lrat'
c 
c --- [ parsing input ] ------------------------------------------------------
c 
c reading DIMACS file from '/root/earth-moon/population/f034-a4-cert/cs-a4_m12c/r/n105_n53_n95_p149_n129_n106/round-0/F.cnf'
c opening file to read '/root/earth-moon/population/f034-a4-cert/cs-a4_m12c/r/n105_n53_n95_p149_n129_n106/round-0/F.cnf'
c found 'p cnf 2945 970673' header
c parsed 970673 clauses in 0.59 seconds process time
c 
c --- [ options ] ------------------------------------------------------------
c 
c   --binary=false                 (different from default 'true')
c   --lrat=true                    (different from default 'false')
c 
c --- [ solving ] ------------------------------------------------------------
c 
c time measured in process time since initialization
c 
c  seconds  reduction conflicts       size tier2       variables
c         MB    restarts   redundant    glue  trail         remaining
c          level     rate       size/glu tier1  irredundant
c 
c *  0.59 99  0 0   0  0    0    0 0.0 0 0 2 6  0% 732400 2902 99%
c )  0.77 151  0 0   0  0    0    0 0.0 0 0 2 6  0% 732400 2902 99%
c {  0.79 152  0 0   0  0    0    0 0.0 0 0 2 6  0% 732400 2902 99%
c i  0.85 155 511 0   8 23  174  109 1.6 16 10 2 6 26% 732352 2901 99%
c i  0.85 155 508 0   8 23  175  109 1.6 16 10 2 6 25% 732352 2900 98%
c i  0.87 156 487 0   8 22  182  109 1.6 15 10 2 6 25% 732347 2898 98%
c i  0.87 156 479 0   8 22  186  110 1.6 15 10 2 6 24% 732346 2894 98%
c i  0.87 156 468 0   8 22  190  112 1.6 15 9 2 6 24% 732346 2893 98%
c i  0.87 157 458 0   8 21  195  111 1.6 14 9 2 6 23% 732344 2890 98%
c i  0.87 157 455 0   8 21  196  111 1.6 14 9 2 6 23% 732344 2883 98%
c i  0.87 157 453 0   8 21  197  111 1.6 14 9 2 6 23% 732344 2882 98%
c i  0.91 158 385 0  12 19  234  130 1.5 15 10 2 6 22% 732330 2881 98%
c -  1.04 152 312 1  15 15  300   93 1.5 16 10 2 6 22% 732282 2881 98%
c i  1.17 157 215 1  51 13  457  184 1.4 17 12 2 6 18% 732239 2880 98%
c i  1.17 157 214 1  51 12  459  184 1.4 17 12 2 6 18% 732239 2879 98%
c i  1.17 157 213 1  51 12  460  184 1.4 17 12 2 6 18% 732239 2878 98%
c i  1.17 157 212 1  51 12  462  184 1.4 17 12 2 6 18% 732239 2875 98%
c i  1.27 159 119 1  54  7  846  490 1.7 16 10 2 6 15% 732219 2874 98%
c i  1.33 161 113 1  66  7  899  511 1.7 16 10 2 6 15% 732192 2873 98%
c i  1.33 161 113 1  66  7  900  511 1.7 16 10 2 6 15% 732192 2872 98%
c 
c  seconds    reduction conflicts       size   tier2       variables
c          MB     restarts   redundant     glue   trail         remaining
c            level     rate       size/glue  tier1  irredundant
c 
c i  1.33 161 113 1  66  7  902  511 1.7 16 10 2 6 15% 732192 2868 97%
c i  1.33 161 112 1  68  7  907  513 1.7 16 10 2 6 15% 732190 2867 97%
c i  1.33 161 112 1  68  7  908  513 1.7 16 10 2 6 15% 732190 2866 97%
c i  1.33 161 112 1  68  7  909  513 1.7 16 10 2 6 15% 732190 2865 97%
c }  1.35 161 102 1  68  7 1001  554 1.6 15 9 2 6 15% 732183 2865 97%
c [  1.35 161  0 1  68  0 1001  554 0.0 0 0 2 6  0% 732183 2865 97%
c O  1.35 161  8 1  68  9 1002  555 1.3 4 3 2 6 19% 732183 2865 97%
c i  1.35 161  5 1  68  1 1085  570 1.4 5 3 2 6 15% 732178 2851 97%
c i  1.36 161  5 1  68  2 1094  573 1.4 5 3 2 6 14% 732173 2850 97%
c -  1.61 217 10 2  68  2 1108  177 1.6 9 5 2 6 16% 713893 2850 97%
c i  1.77 217 26 2  68  2 1750  704 1.8 24 14 2 6 20% 713836 2849 97%
c ]  1.86 217 27 2  69  2 2238 1134 1.7 25 15 2 6 21% 713822 2849 97%
c {  1.86 217 102 2  69  7 2238 1134 1.6 15 9 2 6 15% 713822 2849 97%
c i  1.90 217 100 2  77  7 2276 1163 1.6 16 10 2 6 15% 713819 2848 97%
c i  1.92 217 99 2  81  7 2291 1173 1.6 16 10 2 6 14% 713816 2847 97%
c i  1.95 217 96 2  90  7 2327 1198 1.6 16 10 2 6 14% 713815 2846 97%
c i  2.18 217 84 2 149  7 2564 1367 1.5 17 11 2 6 15% 713774 2844 97%
c -  2.45 217 81 3 170  7 2650  512 1.5 17 11 2 6 14% 713759 2844 97%
c O  2.98 217 70 3 261  6 3003  784 1.4 18 13 2 6 14% 713726 2844 97%
c i  3.12 217 68 3 281  6 3076  841 1.4 18 13 2 6 14% 713718 2843 97%
c 
c  seconds   reduction conflicts       size   tier2       variables
c          MB    restarts   redundant     glue   trail         remaining
c           level     rate       size/glue  tier1  irredundant
c 
c i  3.32 217 63 3 308  6 3326 1053 1.5 19 13 2 6 15% 713700 2842 97%
c 2  3.41 217 61 3 326  6 3439 1133 1.5 19 13 2 6 15% 713685 2831 96%
c d  3.45 217 61 3 326  6 3439 1133 1.5 19 13 2 6 15% 713657 2830 96%
c p  3.46 217 61 3 326  6 3439 1134 1.5 19 13 2 6 15% 713657 2810 95%
c t  3.78 222 61 3 326  6 3439 1131 1.5 19 13 2 6 15% 713641 2810 95%
c -  4.17 222 43 4 326  4 5035 2079 1.8 21 12 8 13 17% 713637 2810 95%
c i  4.32 222 39 4 340  3 5777 2657 1.9 22 11 8 12 18% 713622 2772 94%
c }  4.38 222 39 4 350  3 5816 2692 1.9 22 11 8 12 18% 713621 2772 94%
c [  4.38 222 27 4 350  2 5816 2692 1.7 25 15 2 6 21% 713621 2772 94%
c 2  4.45 222 26 4 350  2 5939 2769 1.7 25 15 2 6 21% 713615 2720 92%
c t  4.47 222 26 4 350  2 5939 2768 1.7 25 15 2 6 21% 713615 2720 92%
c I  4.52 222 27 4 350  2 6005 2826 1.7 25 15 2 6 21% 713615 2720 92%
c -  5.10 222 24 5 351  1 8321 3739 1.7 21 12 10 18 19% 713499 2720 92%
c 2  5.15 222 24 5 351  1 8542 3886 1.7 20 12 10 18 19% 713499 2673 91%
c B  5.55 222 25 5 353  1 10006 5090 1.7 21 13 7 14 20% 713503 2673 91%
c ]  5.91 222 22 5 354  1 12072 6830 1.8 22 13 7 14 21% 713503 2673 91%
c {  5.91 222 39 5 354  3 12072 6830 1.9 22 11 8 12 18% 713503 2673 91%
c i  6.08 222 38 5 393  3 12230 6960 1.9 22 12 8 12 18% 713498 2662 90%
c -  6.56 222 38 6 469  4 12546 5316 1.8 21 12 8 12 18% 713420 2662 90%
c 2  6.56 222 38 6 469  4 12546 5316 1.8 21 12 8 12 18% 713420 2653 90%
c 
c  seconds   reductions conflicts       size   tier2        variables
c          MB    restarts    redundant     glue    trail         remaining
c           level     rate        size/glue  tier1   irredundant
c 
c d  6.60 222 38 6 469  4 12546 5316 1.8 21 12 8 12 18% 713401 2652 90%
c k  6.61 222 38 6 469  4 12546 5316 1.8 21 12 8 12 18% 713401 2644 90%
c 2  6.61 222 38 6 469  4 12546 5315 1.8 21 12 8 12 18% 713401 2644 90%
c =  6.85 222 38 6 469  4 12546 5315 1.8 21 12 8 12 18% 713377 2640 90%
c i  7.33 222 37 6 540  4 12822 5530 1.8 21 12 8 12 10% 713373 2623 89%
c i  7.66 222 34 6 605  3 13715 6198 1.7 21 12 8 13  9% 713370 2618 89%
c i  7.70 222 34 6 638  3 13848 6289 1.7 21 12 8 13  9% 713366 2603 88%
c #  8.38 222 31 6 742  3 15010 7044 1.7 20 12 8 13  9% 713366 2603 88%
c s  8.56 222 30 6 774  3 15959 7661 1.7 20 12 8 13  9% 713340 2603 88%
c t  8.58 222 30 6 774  3 15959 7660 1.7 20 12 8 13  9% 713332 2603 88%
c e  8.72 222 30 6 774  3 15959 7356 1.7 20 12 8 13  9% 709145 357 12%
c s  8.75 222 30 6 774  3 15959 7354 1.7 20 12 8 13  9% 709142 357 12%
c - 10.23 222 28 7 992  3 17735 6634 1.6 20 12 8 13 25% 709142 357 12%
c p 10.24 222 28 7 992  3 17735 6637 1.6 20 12 8 13 25% 709142 357 12%
c u 10.71 223 28 7 992  3 17735 6602 1.6 20 12 8 13 25% 709142 357 12%
c v 10.77 223 28 7 992  3 17735 6597 1.6 20 12 8 13 25% 709142 357 12%
c w 10.80 223 28 7 992  3 17735 6595 1.6 20 12 8 13 25% 709142 357 12%
c x 10.89 223 28 7 992  3 17735 6595 1.6 20 12 8 13 25% 709137 357 12%
c B 11.84 223 25 7 1139  2 21011 9058 1.6 20 12 8 13 28% 709137 357 12%
c } 11.96 223 25 7 1153  2 21215 9185 1.6 20 12 8 13 28% 709137 357 12%
c 
c  seconds   reductions  conflicts       size   tier2         variables
c          MB    restarts     redundant     glue    trail         remaining
c           level      rate        size/glue  tier1    irredundant
c 
c [ 11.96 223 22 7 1153  1 21215 9185 1.8 22 13 7 14 169% 709137 357 12%
c - 12.45 223 21 8 1154  1 23896 8905 1.7 21 12 9 14 128% 709137 357 12%
c W 13.82 223 21 8 1156  1 28016 12126 1.7 22 13 9 14 98% 709150 357 12%
c - 14.47 223 22 9 1158  1 31049 10348 1.6 23 14 9 14 85% 709150 357 12%
c p 14.48 223 22 9 1158  1 31049 10349 1.6 23 14 9 14 85% 709150 357 12%
c ] 15.61 224 21 9 1161  1 35328 13639 1.6 23 14 9 14 73% 709150 357 12%
c { 15.61 224 25 9 1161  2 35328 13639 1.6 20 12 8 13 28% 709150 357 12%
c W 16.09 224 25 9 1209  2 36020 14152 1.6 20 12 8 13 28% 709150 357 12%
c - 17.86 224 24 10 1579  2 39202 13101 1.6 20 12 9 13 25% 709150 357 12%
c p 17.89 224 24 10 1579  2 39202 13102 1.6 20 12 9 13 25% 709150 357 12%
c u 18.07 224 24 10 1579  2 39202 13079 1.6 20 12 9 13 25% 709150 357 12%
c v 18.15 224 24 10 1579  2 39202 13077 1.6 20 12 9 13 25% 709150 357 12%
c w 18.18 224 24 10 1579  2 39202 13075 1.6 20 12 9 13 25% 709150 357 12%
c x 18.27 224 24 10 1579  2 39202 13075 1.6 20 12 9 13 25% 709147 357 12%
c F 20.03 224 23 10 1721  2 45022 17471 1.7 20 12 9 13 25% 709147 357 12%
c - 21.82 224 22 11 2035  2 48364 17238 1.7 20 12 9 13 24% 709147 357 12%
c p 21.83 224 22 11 2035  2 48364 17239 1.7 20 12 9 13 24% 709147 357 12%
c } 24.73 224 22 11 2554  2 53163 20697 1.7 20 12 9 13 24% 709147 357 12%
c [ 24.73 224 21 11 2554  1 53163 20697 1.6 23 14 9 14 73% 709147 357 12%
c O 25.16 224 21 11 2554  1 55023 22127 1.6 23 14 9 14 69% 709147 357 12%
c 
c  seconds   reductions   conflicts        size   tier2        variables
c          MB     restarts      redundant     glue    trail        remaining
c           level       rate         size/glue  tier1   irredundant
c 
c - 25.89 225 21 12 2555  1 58537 21007 1.7 23 13 9 14 63% 709147 357 12%
c p 25.91 225 21 12 2555  1 58537 21010 1.7 23 13 9 14 63% 709147 357 12%
c u 26.62 225 21 12 2555  1 58537 20985 1.7 23 13 9 14 63% 709147 357 12%
c v 26.68 225 21 12 2555  1 58537 20977 1.7 23 13 9 14 63% 709147 357 12%
c w 26.71 225 21 12 2555  1 58537 20967 1.7 23 13 9 14 63% 709147 357 12%
c x 26.81 225 21 12 2555  1 58537 20966 1.7 23 13 9 14 63% 709145 357 12%
c s 27.18 225 21 12 2555  1 59784 21730 1.7 23 14 9 14 61% 709128 357 12%
c s 27.40 225 21 12 2555  1 59784 21721 1.7 23 14 9 14 61% 709093 357 12%
c B 28.97 225 20 12 2556  1 66024 25239 1.6 22 14 9 14 54% 709092 357 12%
c - 29.93 225 21 13 2559  1 69730 23581 1.6 22 14 9 14 51% 709092 357 12%
c p 29.95 225 21 13 2559  1 69730 23582 1.6 22 14 9 14 51% 709092 357 12%
c ] 31.10 225 21 13 2562  1 76551 28363 1.6 22 14 8 15 47% 709092 357 12%
c { 31.10 225 22 13 2562  2 76551 28363 1.7 20 12 9 13 24% 709092 357 12%
c B 32.07 225 22 13 2800  2 78026 29374 1.6 20 12 9 13 24% 709092 357 12%
c - 34.32 226 21 14 3156  2 81947 26333 1.6 20 12 9 13 24% 709092 357 12%
c p 34.37 226 21 14 3156  2 81947 26336 1.6 20 12 9 13 24% 709092 357 12%
c u 34.60 226 21 14 3156  2 81947 26321 1.6 20 12 9 13 24% 709092 357 12%
c v 34.70 226 21 14 3156  2 81947 26318 1.6 20 12 9 13 24% 709092 357 12%
c w 34.74 226 21 14 3156  2 81947 26308 1.6 20 12 9 13 24% 709092 357 12%
c x 34.88 226 21 14 3156  2 81947 26308 1.6 20 12 9 13 24% 709084 357 12%
c 
c  seconds   reductions   conflicts        size   tier2        variables
c          MB     restarts      redundant     glue    trail        remaining
c           level       rate         size/glue  tier1   irredundant
c 
c W 39.13 226 21 14 3738  2 91027 32859 1.6 20 12 9 13 23% 709084 357 12%
c - 41.14 226 20 15 4144  2 95192 31086 1.6 20 12 9 13 23% 709084 357 12%
c p 41.16 226 20 15 4144  2 95192 31092 1.6 20 12 9 13 23% 709084 357 12%
c } 45.92 226 20 15 5035  2 102571 36319 1.6 20 12 9 13 23% 709084 357 12%
c [ 45.92 226 21 15 5035  1 102571 36319 1.6 22 14 8 15 47% 709084 357 12%
c W 47.10 226 21 15 5037  1 105029 38033 1.5 22 14 8 15 46% 709084 357 12%
c - 48.30 226 21 16 5040  1 109466 34276 1.5 22 15 8 15 43% 709084 357 12%
c p 48.34 226 21 16 5040  1 109466 34283 1.5 22 15 8 15 43% 709084 357 12%
c u 49.33 226 21 16 5040  1 109466 34230 1.5 22 15 8 15 43% 709084 357 12%
c v 49.45 226 21 16 5040  1 109466 34223 1.5 22 15 8 15 43% 709084 357 12%
c w 49.51 226 21 16 5040  1 109466 34219 1.5 22 15 8 15 43% 709084 357 12%
c x 49.70 226 21 16 5040  1 109466 34218 1.5 22 15 8 15 43% 709073 357 12%
c I 51.98 226 21 16 5043  1 120031 41225 1.5 22 15 8 15 40% 709073 357 12%
c - 53.03 226 21 17 5044  1 124774 36090 1.5 22 15 8 15 38% 709073 357 12%
c p 53.07 226 21 17 5044  1 124774 36097 1.5 22 15 8 15 38% 709073 357 12%
c s 53.37 226 21 17 5044  1 125520 36616 1.5 22 15 8 15 38% 709027 357 12%
c t 53.40 226 21 17 5044  1 125520 36616 1.5 22 15 8 15 38% 709026 357 12%
c s 53.57 226 21 17 5044  1 125520 36595 1.5 22 15 8 15 38% 708945 357 12%
c ] 56.04 226 20 17 5044  1 135720 44085 1.5 22 15 8 15 36% 708945 357 12%
c { 56.04 226 20 17 5044  2 135720 44085 1.6 20 12 9 13 23% 708945 357 12%
c 
c  seconds   reductions   conflicts         size   tier2        variables
c          MB     restarts       redundant     glue    trail        remaining
c           level       rate          size/glue  tier1   irredundant
c 
c # 56.16 226 20 17 5078  2 136033 44332 1.6 20 12 9 13 23% 708945 357 12%
c - 59.16 226 20 18 5424  2 141117 31886 1.6 20 12 7 12 24% 708945 357 12%
c p 59.20 226 20 18 5424  2 141117 31891 1.6 20 12 7 12 24% 708945 357 12%
c u 59.46 226 20 18 5424  2 141117 31842 1.6 20 12 7 12 24% 708945 357 12%
c v 59.57 226 20 18 5424  2 141117 31840 1.6 20 12 7 12 24% 708945 357 12%
c w 59.63 226 20 18 5424  2 141117 31833 1.6 20 12 7 12 24% 708945 357 12%
c x 59.80 226 20 18 5424  2 141117 31833 1.6 20 12 7 12 24% 708937 357 12%
c t 59.81 226 20 18 5424  2 141117 31833 1.6 20 12 7 12 24% 708936 357 12%
c B 66.08 226 20 18 6339  2 153037 39894 1.6 20 12 7 12 24% 708936 357 12%
c i 66.25 226 20 18 6345  2 154683 40471 1.6 19 12 7 12 23% 708936 356 12%
c - 68.42 215 20 19 6602  2 158496 33752 1.6 19 12 7 12 24% 580367 356 12%
c 2 68.42 215 20 19 6602  2 158496 33751 1.6 19 12 7 12 24% 580367 356 12%
c p 68.46 215 20 19 6602  2 158496 33756 1.6 19 12 7 12 24% 580367 356 12%
c u 68.65 215 20 19 6602  2 158496 33735 1.6 19 12 7 12 24% 580367 356 12%
c v 68.72 215 20 19 6602  2 158496 33734 1.6 19 12 7 12 24% 580367 356 12%
c w 68.76 215 20 19 6602  2 158496 33734 1.6 19 12 7 12 24% 580367 356 12%
c x 68.88 215 20 19 6602  2 158496 33734 1.6 19 12 7 12 24% 580360 356 12%
c W 76.23 215 19 19 7953  2 171039 41522 1.6 19 12 7 12 23% 580360 356 12%
c - 77.91 215 19 20 8138  2 176049 36407 1.6 19 12 7 12 23% 580360 356 12%
c p 77.95 215 19 20 8138  2 176049 36412 1.6 19 12 7 12 23% 580360 356 12%
c 
c  seconds   reductions   conflicts         size   tier2        variables
c          MB     restarts       redundant     glue    trail        remaining
c           level       rate          size/glue  tier1   irredundant
c 
c u 78.13 215 19 20 8138  2 176049 36389 1.6 19 12 7 12 23% 580360 356 12%
c v 78.21 215 19 20 8138  2 176049 36387 1.6 19 12 7 12 23% 580360 356 12%
c w 78.24 215 19 20 8138  2 176049 36384 1.6 19 12 7 12 23% 580360 356 12%
c x 78.36 215 19 20 8138  2 176049 36384 1.6 19 12 7 12 23% 580357 356 12%
c } 78.61 215 19 20 8144  2 176638 36754 1.6 19 12 7 12 23% 580357 356 12%
c [ 78.61 215 20 20 8144  1 176638 36754 1.5 22 15 8 15 36% 580357 356 12%
c B 81.94 215 20 20 8150  1 190044 46682 1.5 22 14 8 15 34% 580357 356 12%
c - 82.33 216 19 21 8152  1 194548 40833 1.5 21 14 8 15 33% 580357 356 12%
c p 82.36 216 19 21 8152  1 194548 40838 1.5 21 14 8 15 33% 580357 356 12%
c W 86.32 216 18 21 8159  1 210045 52081 1.5 21 14 7 15 31% 580357 356 12%
c s 87.04 216 19 21 8159  1 213167 54444 1.5 21 14 7 15 31% 580291 356 12%
c e 87.17 216 19 21 8159  1 213167 54301 1.5 21 14 7 15 31% 580289 354 12%
c s 87.22 216 19 21 8159  1 213167 54268 1.5 21 14 7 15 31% 580211 354 12%
c - 87.66 216 19 22 8159  1 213996 43776 1.5 21 14 7 15 31% 580211 354 12%
c p 87.69 216 19 22 8159  1 213996 43780 1.5 21 14 7 15 31% 580211 354 12%
c u 87.93 216 19 22 8159  1 213996 43722 1.5 21 14 7 15 31% 580211 354 12%
c v 88.01 216 19 22 8159  1 213996 43689 1.5 21 14 7 15 31% 580211 354 12%
c w 88.06 216 19 22 8159  1 213996 43683 1.5 21 14 7 15 31% 580211 354 12%
c x 88.23 216 19 22 8159  1 213996 43683 1.5 21 14 7 15 31% 580210 354 12%
c O 91.09 216 19 22 8169  1 231047 54440 1.5 21 14 7 15 29% 580210 354 12%
c 
c  seconds   reductions   conflicts         size   tier2        variables
c          MB     restarts       redundant     glue    trail        remaining
c           level       rate          size/glue  tier1   irredundant
c 
c - 91.62 216 19 23 8172  1 234391 42277 1.5 21 14 7 15 29% 580210 354 12%
c p 91.66 216 19 23 8172  1 234391 42282 1.5 21 14 7 15 29% 580210 354 12%
c ] 92.53 216 19 23 8173  1 239759 45936 1.5 21 14 7 15 29% 580210 354 12%
c { 92.53 216 19 23 8173  2 239759 45936 1.6 19 12 7 12 23% 580210 354 12%
c F 98.03 216 18 23 9239  2 253050 55258 1.6 19 12 7 12 23% 580210 354 12%
c - 99.62 216 18 24 9542  2 255737 45152 1.6 19 12 7 12 23% 580210 354 12%
c p 99.65 216 18 24 9542  2 255737 45157 1.6 19 12 7 12 23% 580210 354 12%
c u 99.96 216 18 24 9542  2 255737 45078 1.6 19 12 7 12 23% 580210 354 12%
c v 100.11 216 18 24 9542  2 255737 45073 1.6 19 12 7 12 23% 580210 354 12%
c w 100.18 216 18 24 9542  2 255737 45065 1.6 19 12 7 12 23% 580210 354 12%
c x 100.42 216 18 24 9542  2 255737 45065 1.6 19 12 7 12 23% 580208 354 12%
c B 105.09 216 17 24 10285  2 276051 57342 1.5 18 12 6 12 22% 580208 354 12%
c - 106.44 216 17 25 10557  2 278033 46682 1.5 18 12 6 12 22% 580208 354 12%
c p 106.48 216 17 25 10557  2 278033 46684 1.5 18 12 6 12 22% 580208 354 12%
c u 106.64 216 17 25 10557  2 278033 46681 1.5 18 12 6 12 22% 580208 354 12%
c v 106.69 216 17 25 10557  2 278033 46681 1.5 18 12 6 12 22% 580208 354 12%
c w 106.72 216 17 25 10557  2 278033 46680 1.5 18 12 6 12 22% 580208 354 12%
c x 106.82 216 17 25 10557  2 278033 46680 1.5 18 12 6 12 22% 580207 354 12%
c W 118.64 216 17 25 12930  2 300054 61302 1.5 18 12 6 12 22% 580207 354 12%
c - 119.78 216 17 26 13119  2 301282 48829 1.5 18 12 6 12 22% 580207 354 12%
c 
c  seconds    reductions    conflicts         size   tier2        variables
c           MB      restarts       redundant     glue    trail        remaining
c            level        rate          size/glue  tier1   irredundant
c 
c p 119.80 216 17 26 13119  2 301282 48834 1.5 18 12 6 12 22% 580207 354 12%
c u 120.03 216 17 26 13119  2 301282 48737 1.5 18 12 6 12 22% 580207 354 12%
c v 120.14 216 17 26 13119  2 301282 48733 1.5 18 12 6 12 22% 580207 354 12%
c w 120.20 216 17 26 13119  2 301282 48732 1.5 18 12 6 12 22% 580207 354 12%
c x 120.36 216 17 26 13119  2 301282 48732 1.5 18 12 6 12 22% 580205 354 12%
c } 121.06 216 17 26 13238  2 302209 49433 1.5 18 12 6 12 22% 580205 354 12%
c [ 121.06 216 19 26 13238  1 302209 49433 1.5 21 14 7 15 29% 580205 354 12%
c s 125.19 216 19 26 13240  1 319955 61046 1.5 21 14 7 15 28% 580127 354 12%
c s 125.37 216 19 26 13240  1 319955 61033 1.5 21 14 7 15 28% 580051 354 12%
c B 126.45 216 19 26 13240  1 325055 64258 1.5 21 15 7 15 28% 580051 354 12%
c - 126.78 216 19 27 13240  1 325481 46803 1.5 21 15 7 15 28% 580051 354 12%
c p 126.82 216 19 27 13240  1 325481 46808 1.5 21 15 7 15 28% 580051 354 12%
c u 127.65 216 19 27 13240  1 325481 46733 1.5 21 15 7 15 28% 580051 354 12%
c v 127.71 216 19 27 13240  1 325481 46732 1.5 21 15 7 15 28% 580051 354 12%
c w 127.75 216 19 27 13240  1 325481 46731 1.5 21 15 7 15 28% 580051 354 12%
c x 127.85 216 19 27 13240  1 325481 46731 1.5 21 15 7 15 28% 580051 354 12%
c - 133.08 216 19 28 13241  1 350632 45730 1.4 21 14 7 15 27% 580051 354 12%
c p 133.11 216 19 28 13241  1 350632 45732 1.4 21 14 7 15 27% 580051 354 12%
c u 133.28 216 19 28 13241  1 350632 45703 1.4 21 14 7 15 27% 580051 354 12%
c v 133.36 216 19 28 13241  1 350632 45701 1.4 21 14 7 15 27% 580051 354 12%
c 
c  seconds    reductions    conflicts         size   tier2        variables
c           MB      restarts       redundant     glue    trail        remaining
c            level        rate          size/glue  tier1   irredundant
c 
c w 133.38 216 19 28 13241  1 350632 45693 1.4 21 14 7 15 27% 580051 354 12%
c x 133.48 216 19 28 13241  1 350632 45693 1.4 21 14 7 15 27% 580051 354 12%
c W 134.49 216 19 28 13241  1 351058 45992 1.4 21 14 7 15 26% 580051 354 12%
c ] 140.51 216 18 28 13249  1 374597 62045 1.5 21 14 7 15 26% 580051 354 12%
c { 140.51 216 17 28 13249  2 374597 62045 1.5 18 12 6 12 22% 580051 354 12%
c - 141.95 216 17 29 13493  2 376736 50227 1.5 18 12 6 12 22% 580051 354 12%
c p 141.99 216 17 29 13493  2 376736 50232 1.5 18 12 6 12 22% 580051 354 12%
c u 142.20 216 17 29 13493  2 376736 50177 1.5 18 12 6 12 22% 580051 354 12%
c v 142.30 216 17 29 13493  2 376736 50172 1.5 18 12 6 12 22% 580051 354 12%
c w 142.34 216 17 29 13493  2 376736 50171 1.5 18 12 6 12 22% 580051 354 12%
c x 142.49 216 17 29 13493  2 376736 50171 1.5 18 12 6 12 22% 580051 354 12%
c # 143.32 216 17 29 13568  2 378060 51163 1.5 18 12 6 12 22% 580051 354 12%
c - 155.67 216 17 30 16466  2 403799 49891 1.5 19 12 5 12 23% 580051 354 12%
c p 155.71 216 17 30 16466  2 403799 49896 1.5 19 12 5 12 23% 580051 354 12%
c u 156.01 216 17 30 16466  2 403799 49836 1.5 19 12 5 12 23% 580051 354 12%
c v 156.10 216 17 30 16466  2 403799 49829 1.5 19 12 5 12 23% 580051 354 12%
c w 156.15 216 17 30 16466  2 403799 49828 1.5 19 12 5 12 23% 580051 354 12%
c x 156.31 216 17 30 16466  2 403799 49828 1.5 19 12 5 12 23% 580051 354 12%
c B 157.09 216 17 30 16619  2 406062 51519 1.5 19 12 5 12 23% 580051 354 12%
c - 167.28 217 16 31 18303  2 431813 53891 1.5 18 12 5 12 23% 580051 354 12%
c 
c  seconds    reductions    conflicts         size   tier2        variables
c           MB      restarts       redundant     glue    trail        remaining
c            level        rate          size/glue  tier1   irredundant
c 
c p 167.32 217 16 31 18303  2 431813 53896 1.5 18 12 5 12 23% 580051 354 12%
c u 167.55 217 16 31 18303  2 431813 53837 1.5 18 12 5 12 23% 580051 354 12%
c v 167.66 217 16 31 18303  2 431813 53830 1.5 18 12 5 12 23% 580051 354 12%
c w 167.71 217 16 31 18303  2 431813 53827 1.5 18 12 5 12 23% 580051 354 12%
c x 167.87 217 16 31 18303  2 431813 53827 1.5 18 12 5 12 23% 580048 354 12%
c W 170.25 217 16 31 18511  2 435063 56197 1.5 19 12 5 12 23% 580048 354 12%
c } 174.46 217 16 31 19180  2 446217 63866 1.6 19 12 5 12 23% 580048 354 12%
c [ 174.46 217 18 31 19180  1 446217 63866 1.5 21 14 7 15 26% 580048 354 12%
c s 174.96 217 18 31 19182  1 448095 65207 1.5 21 14 7 15 26% 579892 354 12%
c s 175.15 217 18 31 19182  1 448095 65190 1.5 21 14 7 15 26% 579792 354 12%
c - 177.62 217 18 32 19187  1 460783 57425 1.5 21 14 7 15 26% 579792 354 12%
c p 177.65 217 18 32 19187  1 460783 57430 1.5 21 14 7 15 26% 579792 354 12%
c u 177.83 217 18 32 19187  1 460783 57326 1.5 21 14 7 15 26% 579792 354 12%
c v 177.90 217 18 32 19187  1 460783 57318 1.5 21 14 7 15 26% 579792 354 12%
c w 177.94 217 18 32 19187  1 460783 57317 1.5 21 14 7 15 26% 579792 354 12%
c x 178.06 217 18 32 19187  1 460783 57317 1.5 21 14 7 15 26% 579786 354 12%
c I 179.03 217 18 32 19187  1 465065 60420 1.5 21 14 7 15 26% 579786 354 12%
c - 184.04 217 18 33 19201  1 490706 58816 1.5 21 14 7 15 25% 579786 354 12%
c p 184.07 217 18 33 19201  1 490706 58820 1.5 21 14 7 15 25% 579786 354 12%
c u 184.23 217 18 33 19201  1 490706 58758 1.5 21 14 7 15 25% 579786 354 12%
c 
c  seconds    reductions    conflicts         size   tier2        variables
c           MB      restarts       redundant     glue    trail        remaining
c            level        rate          size/glue  tier1   irredundant
c 
c v 184.31 217 18 33 19201  1 490706 58757 1.5 21 14 7 15 25% 579786 354 12%
c w 184.34 217 18 33 19201  1 490706 58753 1.5 21 14 7 15 25% 579786 354 12%
c x 184.43 217 18 33 19201  1 490706 58752 1.5 21 14 7 15 25% 579767 354 12%
c B 185.39 217 18 33 19202  1 496068 62729 1.5 21 14 7 15 25% 579767 354 12%
c - 191.51 217 18 34 19207  1 521584 57636 1.5 21 14 7 15 25% 579767 354 12%
c p 191.54 217 18 34 19207  1 521584 57641 1.5 21 14 7 15 25% 579767 354 12%
c u 192.97 217 18 34 19207  1 521584 57608 1.5 21 14 7 15 25% 579767 354 12%
c v 193.08 217 18 34 19207  1 521584 57605 1.5 21 14 7 15 25% 579767 354 12%
c w 193.13 217 18 34 19207  1 521584 57603 1.5 21 14 7 15 25% 579767 354 12%
c x 193.29 217 18 34 19207  1 521584 57603 1.5 21 14 7 15 25% 579764 354 12%
c W 197.28 217 17 34 19210  1 528069 62006 1.5 21 14 7 15 25% 579764 354 12%
c ] 200.33 217 17 34 19217  1 541085 70966 1.5 21 13 7 15 25% 579764 354 12%
c { 200.33 217 16 34 19217  2 541085 70966 1.6 19 12 5 12 23% 579764 354 12%
c - 206.61 217 16 35 20614  2 553420 59596 1.5 19 12 5 12 23% 579764 354 12%
c p 206.65 217 16 35 20614  2 553420 59601 1.5 19 12 5 12 23% 579764 354 12%
c u 206.94 217 16 35 20614  2 553420 59556 1.5 19 12 5 12 23% 579764 354 12%
c v 207.07 217 16 35 20614  2 553420 59544 1.5 19 12 5 12 23% 579764 354 12%
c w 207.14 217 16 35 20614  2 553420 59544 1.5 19 12 5 12 23% 579764 354 12%
c x 207.33 217 16 35 20614  2 553420 59543 1.5 19 12 5 12 23% 579745 354 12%
c F 211.01 217 16 35 21253  2 561070 64743 1.5 19 12 5 12 23% 579745 354 12%
c 
c  seconds    reductions    conflicts         size   tier2        variables
c           MB      restarts       redundant     glue    trail        remaining
c            level        rate          size/glue  tier1   irredundant
c 
c - 223.51 218 16 36 23257  1 586213 64830 1.5 19 12 5 12 24% 579745 354 12%
c p 223.55 218 16 36 23257  1 586213 64835 1.5 19 12 5 12 24% 579745 354 12%
c u 223.85 218 16 36 23257  1 586213 64712 1.5 19 12 5 12 24% 579745 354 12%
c v 224.00 218 16 36 23257  1 586213 64704 1.5 19 12 5 12 24% 579745 354 12%
c w 224.09 218 16 36 23257  1 586213 64702 1.5 19 12 5 12 24% 579745 354 12%
c x 224.31 218 16 36 23257  1 586213 64702 1.5 19 12 5 12 24% 579729 354 12%
c B 228.55 218 16 36 24147  1 595071 71168 1.6 19 12 5 11 24% 579729 354 12%
c s 230.13 218 16 36 24452  1 597581 72986 1.6 19 12 5 11 24% 579465 354 12%
c s 230.35 218 16 36 24452  1 597581 72955 1.6 19 12 5 11 24% 579305 354 12%
c - 239.14 218 16 37 26302  1 619963 64894 1.6 19 12 5 11 24% 579305 354 12%
c p 239.17 218 16 37 26302  1 619963 64899 1.6 19 12 5 11 24% 579305 354 12%
c u 239.45 218 16 37 26302  1 619963 64852 1.6 19 12 5 11 24% 579305 354 12%
c v 239.58 218 16 37 26302  1 619963 64845 1.6 19 12 5 11 24% 579305 354 12%
c w 239.65 218 16 37 26302  1 619963 64843 1.6 19 12 5 11 24% 579305 354 12%
c x 239.82 218 16 37 26302  1 619963 64842 1.6 19 12 5 11 24% 579291 354 12%
c W 244.22 218 16 37 26745  1 630072 71772 1.6 19 12 5 11 24% 579291 354 12%
c } 245.01 218 16 37 26861  1 632145 73185 1.6 19 12 5 11 24% 579291 354 12%
c [ 245.01 218 17 37 26861  1 632145 73185 1.5 21 13 7 15 25% 579291 354 12%
c - 249.45 218 16 38 26871  1 654664 65913 1.5 20 13 7 15 25% 579291 354 12%
c p 249.48 218 16 38 26871  1 654664 65918 1.5 20 13 7 15 25% 579291 354 12%
c 
c  seconds    reductions    conflicts         size   tier2        variables
c           MB      restarts       redundant     glue    trail        remaining
c            level        rate          size/glue  tier1   irredundant
c 
c u 249.70 218 16 38 26871  1 654664 65817 1.5 20 13 7 15 25% 579291 354 12%
c v 249.78 218 16 38 26871  1 654664 65808 1.5 20 13 7 15 25% 579291 354 12%
c w 249.84 218 16 38 26871  1 654664 65807 1.5 20 13 7 15 25% 579291 354 12%
c x 249.97 218 16 38 26871  1 654664 65807 1.5 20 13 7 15 25% 579283 354 12%
c O 252.51 218 16 38 26877  1 666074 73059 1.5 20 13 6 14 25% 579283 354 12%
c - 257.20 218 16 39 26878  1 690323 67337 1.5 19 13 6 14 25% 579283 354 12%
c p 257.25 218 16 39 26878  1 690323 67342 1.5 19 13 6 14 25% 579283 354 12%
c u 257.47 218 16 39 26878  1 690323 67271 1.5 19 13 6 14 25% 579283 354 12%
c v 257.57 218 16 39 26878  1 690323 67265 1.5 19 13 6 14 25% 579283 354 12%
c w 257.63 218 16 39 26878  1 690323 67265 1.5 19 13 6 14 25% 579283 354 12%
c x 257.80 218 16 39 26878  1 690323 67265 1.5 19 13 6 14 25% 579273 354 12%
c B 260.85 218 16 39 26879  1 703075 76257 1.5 19 13 6 14 25% 579273 354 12%
c - 266.11 218 16 40 26880  1 726942 67690 1.5 19 13 6 14 25% 579273 354 12%
c p 266.15 218 16 40 26880  1 726942 67695 1.5 19 13 6 14 25% 579273 354 12%
c u 266.42 218 16 40 26880  1 726942 67631 1.5 19 13 6 14 25% 579273 354 12%
c v 266.56 218 16 40 26880  1 726942 67621 1.5 19 13 6 14 25% 579273 354 12%
c w 266.62 218 16 40 26880  1 726942 67621 1.5 19 13 6 14 25% 579273 354 12%
c x 266.80 218 16 40 26880  1 726942 67621 1.5 19 13 6 14 25% 579260 354 12%
c W 272.09 218 16 40 26880  1 741077 78413 1.5 20 13 6 14 25% 579260 354 12%
c ] 274.63 218 16 40 26880  1 756740 88787 1.5 20 13 6 14 25% 579260 354 12%
c 
c  seconds    reductions    conflicts         size   tier2        variables
c           MB      restarts       redundant     glue    trail        remaining
c            level        rate          size/glue  tier1   irredundant
c 
c { 274.63 218 16 40 26880  1 756740 88787 1.6 19 12 5 11 24% 579260 354 12%
c - 277.53 218 16 41 27351  1 764518 68605 1.6 19 12 5 11 24% 579260 354 12%
c p 277.57 218 16 41 27351  1 764518 68610 1.6 19 12 5 11 24% 579260 354 12%
c u 277.80 218 16 41 27351  1 764518 68532 1.6 19 12 5 11 24% 579260 354 12%
c v 277.90 218 16 41 27351  1 764518 68527 1.6 19 12 5 11 24% 579260 354 12%
c w 277.96 218 16 41 27351  1 764518 68527 1.6 19 12 5 11 24% 579260 354 12%
c x 278.08 218 16 41 27351  1 764518 68527 1.6 19 12 5 11 24% 579256 354 12%
c s 279.23 218 16 41 27441  1 768403 71088 1.6 19 12 5 11 24% 578901 354 12%
c s 279.45 218 16 41 27441  1 768403 71060 1.6 19 12 5 11 24% 578665 354 12%
c # 284.80 218 16 41 28383  1 780079 79275 1.6 19 12 5 11 24% 578665 354 12%
c - 293.89 217 16 42 30455  1 803054 64576 1.5 19 12 4 11 24% 578665 354 12%
c p 293.93 217 16 42 30455  1 803054 64581 1.5 19 12 4 11 24% 578665 354 12%
c u 294.44 217 16 42 30455  1 803054 64445 1.5 19 12 4 11 24% 578665 354 12%
c v 294.60 217 16 42 30455  1 803054 64439 1.5 19 12 4 11 24% 578665 354 12%
c w 294.69 217 16 42 30455  1 803054 64439 1.5 19 12 4 11 24% 578665 354 12%
c x 294.93 217 16 42 30455  1 803054 64439 1.5 19 12 4 11 24% 578660 354 12%
c B 301.70 217 16 42 31467  1 820080 76342 1.6 19 12 4 11 24% 578660 354 12%
c - 309.98 218 16 43 32584  1 842538 69458 1.6 19 12 4 11 24% 578660 354 12%
c p 310.02 218 16 43 32584  1 842538 69463 1.6 19 12 4 11 24% 578660 354 12%
c u 310.32 218 16 43 32584  1 842538 69338 1.6 19 12 4 11 24% 578660 354 12%
c 
c  seconds    reductions    conflicts         size   tier2        variables
c           MB      restarts       redundant     glue    trail        remaining
c            level        rate          size/glue  tier1   irredundant
c 
c v 310.47 218 16 43 32584  1 842538 69329 1.6 19 12 4 11 24% 578660 354 12%
c w 310.55 218 16 43 32584  1 842538 69329 1.6 19 12 4 11 24% 578660 354 12%
c x 310.76 218 16 43 32584  1 842538 69327 1.6 19 12 4 11 24% 578652 354 12%
c W 320.24 218 16 43 34258  1 861083 81662 1.6 19 12 4 11 24% 578652 354 12%
c } 325.26 218 16 43 35325  1 873101 89913 1.6 19 12 4 11 24% 578652 354 12%
c [ 325.26 218 16 43 35325  1 873101 89913 1.5 20 13 6 14 25% 578652 354 12%
c - 327.48 218 16 44 35325  1 882980 71947 1.5 20 13 6 14 25% 578652 354 12%
c p 327.52 218 16 44 35325  1 882980 71952 1.5 20 13 6 14 25% 578652 354 12%
c u 327.85 218 16 44 35325  1 882980 71825 1.5 20 13 6 14 25% 578652 354 12%
c v 328.02 218 16 44 35325  1 882980 71813 1.5 20 13 6 14 25% 578652 354 12%
c w 328.11 218 16 44 35325  1 882980 71810 1.5 20 13 6 14 25% 578652 354 12%
c x 328.34 218 16 44 35325  1 882980 71808 1.5 20 13 6 14 25% 578638 354 12%
c I 333.48 218 15 44 35325  1 903084 86246 1.6 20 12 6 14 25% 578638 354 12%
c - 339.05 219 15 45 35336  1 924380 75375 1.6 20 12 6 14 25% 578638 354 12%
c p 339.09 219 15 45 35336  1 924380 75377 1.6 20 12 6 14 25% 578638 354 12%
c u 339.44 219 15 45 35336  1 924380 75297 1.6 20 12 6 14 25% 578638 354 12%
c v 339.61 219 15 45 35336  1 924380 75291 1.6 20 12 6 14 25% 578638 354 12%
c w 339.69 219 15 45 35336  1 924380 75291 1.6 20 12 6 14 25% 578638 354 12%
c x 339.87 219 15 45 35336  1 924380 75291 1.6 20 12 6 14 25% 578626 354 12%
c B 345.90 219 15 45 35344  1 946085 91719 1.7 20 12 6 14 26% 578626 354 12%
c 
c  seconds    reductions    conflicts          size   tier2        variables
c           MB      restarts       redundant      glue    trail        remaining
c            level        rate           size/glue  tier1   irredundant
c 
c s 348.90 219 16 45 35353  1 960550 101267 1.6 20 13 6 14 26% 578361 354 12%
c s 349.16 219 16 45 35353  1 960550 101253 1.6 20 13 6 14 26% 578136 354 12%
c - 350.85 219 16 46 35355  1 966745 75120 1.6 21 13 6 14 26% 578136 354 12%
c p 350.89 219 16 46 35355  1 966745 75125 1.6 21 13 6 14 26% 578136 354 12%
c u 351.18 219 16 46 35355  1 966745 75039 1.6 21 13 6 14 26% 578136 354 12%
c v 351.33 219 16 46 35355  1 966745 75037 1.6 21 13 6 14 26% 578136 354 12%
c w 351.41 219 16 46 35355  1 966745 75035 1.6 21 13 6 14 26% 578136 354 12%
c x 351.61 219 16 46 35355  1 966745 75035 1.6 21 13 6 14 26% 578129 354 12%
c W 358.60 219 16 46 35356  1 990086 92499 1.6 21 13 6 14 26% 578129 354 12%
c ] 363.32 219 16 46 35368  1 1008829 104823 1.6 21 13 6 14 26% 578129 354 12%
c { 363.32 219 16 46 35368  1 1008829 104823 1.6 19 12 4 11 24% 578129 354 12%
c - 364.17 218 16 47 35580  1 1010055 69886 1.6 19 12 4 11 24% 578129 354 12%
c p 364.21 218 16 47 35580  1 1010055 69891 1.6 19 12 4 11 24% 578129 354 12%
c u 364.64 218 16 47 35580  1 1010055 69772 1.6 19 12 4 11 24% 578129 354 12%
c v 364.83 218 16 47 35580  1 1010055 69770 1.6 19 12 4 11 24% 578129 354 12%
c w 364.91 218 16 47 35580  1 1010055 69770 1.6 19 12 4 11 24% 578129 354 12%
c x 365.16 218 16 47 35580  1 1010055 69769 1.6 19 12 4 11 24% 578121 354 12%
c F 374.58 218 16 47 36942  1 1035087 87226 1.6 19 12 4 11 24% 578121 354 12%
c - 384.53 218 15 48 38326  1 1054326 73798 1.6 19 12 4 11 24% 578121 354 12%
c p 384.57 218 15 48 38326  1 1054326 73803 1.6 19 12 4 11 24% 578121 354 12%
c 
c  seconds    reductions     conflicts         size   tier2        variables
c           MB      restarts        redundant     glue    trail        remaining
c            level        rate           size/glue  tier1   irredundant
c 
c u 385.01 218 15 48 38326  1 1054326 73698 1.6 19 12 4 11 24% 578121 354 12%
c v 385.23 218 15 48 38326  1 1054326 73694 1.6 19 12 4 11 24% 578121 354 12%
c w 385.34 218 15 48 38326  1 1054326 73691 1.6 19 12 4 11 24% 578121 354 12%
c x 385.66 218 15 48 38326  1 1054326 73690 1.6 19 12 4 11 24% 578111 354 12%
c B 396.28 218 16 48 40783  1 1081089 91580 1.6 19 12 4 11 24% 578111 354 12%
c - 403.77 219 16 49 42006  1 1099558 79490 1.6 19 12 4 11 24% 578111 354 12%
c p 403.81 219 16 49 42006  1 1099558 79495 1.6 19 12 4 11 24% 578111 354 12%
c u 404.22 219 16 49 42006  1 1099558 79420 1.6 19 12 4 11 24% 578111 354 12%
c v 404.41 219 16 49 42006  1 1099558 79403 1.6 19 12 4 11 24% 578111 354 12%
c w 404.52 219 16 49 42006  1 1099558 79403 1.6 19 12 4 11 24% 578111 354 12%
c x 404.81 219 16 49 42006  1 1099558 79403 1.6 19 12 4 11 24% 578094 354 12%
c W 417.05 219 15 49 43896  1 1128091 97921 1.6 19 12 4 11 24% 578094 354 12%
c - 424.69 219 15 50 45194  1 1145748 81877 1.6 19 12 4 11 24% 578094 354 12%
c p 424.74 219 15 50 45194  1 1145748 81882 1.6 19 12 4 11 24% 578094 354 12%
c u 425.08 219 15 50 45194  1 1145748 81817 1.6 19 12 4 11 24% 578094 354 12%
c v 425.27 219 15 50 45194  1 1145748 81798 1.6 19 12 4 11 24% 578094 354 12%
c w 425.35 219 15 50 45194  1 1145748 81786 1.6 19 12 4 11 24% 578094 354 12%
c x 425.60 219 15 50 45194  1 1145748 81785 1.6 19 12 4 11 24% 578081 354 12%
c } 429.15 219 16 50 45994  1 1155643 88565 1.6 19 12 4 11 24% 578081 354 12%
c [ 429.15 219 16 50 45994  1 1155643 88565 1.6 21 13 6 14 26% 578081 354 12%
c 
c  seconds    reductions     conflicts          size   tier2        variables
c           MB      restarts        redundant      glue    trail        remaining
c            level        rate            size/glue  tier1   irredundant
c 
c s 433.05 219 16 50 46000  1 1174019 101628 1.6 21 13 6 14 25% 577632 354 12%
c s 433.33 219 16 50 46000  1 1174019 101613 1.6 21 13 6 14 25% 577365 354 12%
c O 433.96 219 16 50 46001  1 1176093 103040 1.6 21 13 6 14 25% 577365 354 12%
c - 438.94 219 16 51 46011  1 1192897 83255 1.6 21 13 5 13 25% 577365 354 12%
c p 438.99 219 16 51 46011  1 1192897 83260 1.6 21 13 5 13 25% 577365 354 12%
c u 440.79 219 16 51 46011  1 1192897 83115 1.6 21 13 5 13 25% 577365 354 12%
c v 440.96 219 16 51 46011  1 1192897 83104 1.6 21 13 5 13 25% 577365 354 12%
c w 441.04 219 16 51 46011  1 1192897 83100 1.6 21 13 5 13 25% 577365 354 12%
c x 441.27 219 16 51 46011  1 1192897 83098 1.6 21 13 5 13 25% 577265 354 12%
c B 448.72 219 16 51 46014  1 1225094 104760 1.6 20 13 5 13 25% 577265 354 12%
c - 452.36 219 16 52 46014  1 1240991 80225 1.6 21 13 5 13 25% 577265 354 12%
c p 452.39 219 16 52 46014  1 1240991 80230 1.6 21 13 5 13 25% 577265 354 12%
c u 452.74 219 16 52 46014  1 1240991 80171 1.6 21 13 5 13 25% 577265 354 12%
c v 452.91 219 16 52 46014  1 1240991 80162 1.6 21 13 5 13 25% 577265 354 12%
c w 452.99 219 16 52 46014  1 1240991 80162 1.6 21 13 5 13 25% 577265 354 12%
c x 453.23 219 16 52 46014  1 1240991 80162 1.6 21 13 5 13 25% 577256 354 12%
c W 463.27 219 16 52 46027  1 1275097 102989 1.6 20 13 5 13 25% 577256 354 12%
c - 467.22 218 16 53 46032  1 1290043 79269 1.6 20 13 5 13 25% 577256 354 12%
c p 467.26 218 16 53 46032  1 1290043 79274 1.6 20 13 5 13 25% 577256 354 12%
c u 467.58 218 16 53 46032  1 1290043 79198 1.6 20 13 5 13 25% 577256 354 12%
c 
c  seconds    reductions     conflicts         size   tier2        variables
c           MB      restarts        redundant     glue    trail        remaining
c            level        rate           size/glue  tier1   irredundant
c 
c v 467.75 218 16 53 46032  1 1290043 79191 1.6 20 13 5 13 25% 577256 354 12%
c w 467.83 218 16 53 46032  1 1290043 79191 1.6 20 13 5 13 25% 577256 354 12%
c x 468.07 218 16 53 46032  1 1290043 79191 1.6 20 13 5 13 25% 577242 354 12%
c I 477.13 218 15 53 46045  1 1326098 103449 1.6 20 13 5 13 25% 577242 354 12%
c ] 477.39 218 15 53 46045  1 1326690 103910 1.6 20 13 5 13 25% 577242 354 12%
c { 477.39 218 16 53 46045  1 1326690 103910 1.6 19 12 4 11 24% 577242 354 12%
c - 482.33 219 16 54 46884  1 1340059 83716 1.6 19 12 4 11 24% 577242 354 12%
c p 482.37 219 16 54 46884  1 1340059 83721 1.6 19 12 4 11 24% 577242 354 12%
c u 482.74 219 16 54 46884  1 1340059 83658 1.6 19 12 4 11 24% 577242 354 12%
c v 482.93 219 16 54 46884  1 1340059 83648 1.6 19 12 4 11 24% 577242 354 12%
c w 483.02 219 16 54 46884  1 1340059 83645 1.6 19 12 4 11 24% 577242 354 12%
c x 483.28 219 16 54 46884  1 1340059 83645 1.6 19 12 4 11 24% 577234 354 12%
c # 497.93 219 15 54 48929  1 1378099 109664 1.6 19 12 4 11 24% 577234 354 12%
c - 503.37 220 15 55 49633  1 1391032 90551 1.6 19 12 4 11 24% 577234 354 12%
c p 503.41 220 15 55 49633  1 1391032 90556 1.6 19 12 4 11 24% 577234 354 12%
c u 503.86 220 15 55 49633  1 1391032 90473 1.6 19 12 4 11 24% 577234 354 12%
c v 504.07 220 15 55 49633  1 1391032 90451 1.6 19 12 4 11 24% 577234 354 12%
c w 504.18 220 15 55 49633  1 1391032 90451 1.6 19 12 4 11 24% 577234 354 12%
c x 504.52 220 15 55 49633  1 1391032 90448 1.6 19 12 4 11 24% 577221 354 12%
c s 511.40 220 15 55 50557  1 1408795 103146 1.6 19 12 4 11 24% 576609 354 12%
c 
c  seconds    reductions     conflicts          size   tier2        variables
c           MB      restarts        redundant      glue    trail        remaining
c            level        rate            size/glue  tier1   irredundant
c 
c s 511.69 220 15 55 50557  1 1408795 103119 1.6 19 12 4 11 24% 576275 354 12%
c B 521.72 220 15 55 52722  1 1431101 118545 1.6 19 12 4 11 24% 576275 354 12%
c - 525.23 220 15 56 52970  1 1442969 95844 1.6 19 12 4 11 24% 576275 354 12%
c p 525.28 220 15 56 52970  1 1442969 95849 1.6 19 12 4 11 24% 576275 354 12%
c u 525.76 220 15 56 52970  1 1442969 95788 1.6 19 12 4 11 24% 576275 354 12%
c v 525.95 220 15 56 52970  1 1442969 95773 1.6 19 12 4 11 24% 576275 354 12%
c w 526.05 220 15 56 52970  1 1442969 95760 1.6 19 12 4 11 24% 576275 354 12%
c x 526.33 220 15 56 52970  1 1442969 95759 1.6 19 12 4 11 24% 576237 354 12%
c W 545.71 220 15 56 56117  1 1485102 123999 1.6 19 12 4 11 24% 576237 354 12%
c } 549.83 220 15 56 56700  1 1493996 130641 1.6 19 12 4 11 24% 576237 354 12%
c [ 549.83 220 15 56 56700  1 1493996 130641 1.6 20 13 5 13 25% 576237 354 12%
c - 550.55 220 15 57 56700  1 1495840 99679 1.6 20 12 5 13 25% 576237 354 12%
c p 550.59 220 15 57 56700  1 1495840 99684 1.6 20 12 5 13 25% 576237 354 12%
c u 551.11 220 15 57 56700  1 1495840 99575 1.6 20 12 5 13 25% 576237 354 12%
c v 551.36 220 15 57 56700  1 1495840 99562 1.6 20 12 5 13 25% 576237 354 12%
c w 551.47 220 15 57 56700  1 1495840 99550 1.6 20 12 5 13 25% 576237 354 12%
c x 551.82 220 15 57 56700  1 1495840 99547 1.6 20 12 5 13 25% 576215 354 12%
c B 565.56 220 14 57 56717  1 1540104 132266 1.7 20 12 5 13 25% 576215 354 12%
c - 568.58 221 15 58 56722  1 1549672 106010 1.7 20 12 5 13 25% 576215 354 12%
c p 568.63 221 15 58 56722  1 1549672 106015 1.7 20 12 5 13 25% 576215 354 12%
c 
c  seconds    reductions     conflicts          size   tier2        variables
c           MB      restarts        redundant      glue    trail        remaining
c            level        rate            size/glue  tier1   irredundant
c 
c u 569.08 221 15 58 56722  1 1549672 105936 1.7 20 12 5 13 25% 576215 354 12%
c v 569.31 221 15 58 56722  1 1549672 105925 1.7 20 12 5 13 25% 576215 354 12%
c w 569.42 221 15 58 56722  1 1549672 105924 1.7 20 12 5 13 25% 576215 354 12%
c x 569.74 221 15 58 56722  1 1549672 105918 1.7 20 12 5 13 25% 576149 354 12%
c t 569.74 221 15 58 56722  1 1549672 105916 1.7 20 12 5 13 25% 576148 354 12%
c W 585.28 221 14 58 56732  1 1596106 137785 1.7 20 12 5 13 25% 576148 354 12%
c - 588.05 221 14 59 56732  1 1604464 109862 1.7 20 12 5 13 25% 576148 354 12%
c p 588.09 221 14 59 56732  1 1604464 109867 1.7 20 12 5 13 25% 576148 354 12%
c u 588.44 221 14 59 56732  1 1604464 109684 1.7 20 12 5 13 25% 576148 354 12%
c v 588.65 221 14 59 56732  1 1604464 109668 1.7 20 12 5 13 25% 576148 354 12%
c w 588.75 221 14 59 56732  1 1604464 109638 1.7 20 12 5 13 25% 576148 354 12%
c x 589.05 221 14 59 56732  1 1604464 109637 1.7 20 12 5 13 25% 576127 354 12%
c t 589.06 221 14 59 56732  1 1604464 109636 1.7 20 12 5 13 25% 576127 354 12%
c O 601.61 221 14 59 56733  1 1653109 141902 1.7 19 11 5 13 25% 576127 354 12%
c - 604.14 221 14 60 56733  1 1660213 109641 1.7 20 11 5 13 25% 576127 354 12%
c p 604.18 221 14 60 56733  1 1660213 109646 1.7 20 11 5 13 25% 576127 354 12%
c u 604.55 221 14 60 56733  1 1660213 109562 1.7 20 11 5 13 25% 576127 354 12%
c v 604.79 221 14 60 56733  1 1660213 109553 1.7 20 11 5 13 25% 576127 354 12%
c w 604.91 221 14 60 56733  1 1660213 109552 1.7 20 11 5 13 25% 576127 354 12%
c x 605.24 221 14 60 56733  1 1660213 109552 1.7 20 11 5 13 25% 576116 354 12%
c 
c  seconds    reductions     conflicts          size   tier2        variables
c           MB      restarts        redundant      glue    trail        remaining
c            level        rate            size/glue  tier1   irredundant
c 
c t 605.25 221 14 60 56733  1 1660213 109551 1.7 20 11 5 13 25% 576116 354 12%
c s 607.08 221 14 60 56733  1 1664847 112639 1.7 20 11 5 13 25% 575303 354 12%
c s 607.39 221 14 60 56733  1 1664847 112624 1.7 20 11 5 13 25% 574575 354 12%
c ] 609.46 221 14 60 56733  1 1671100 116376 1.7 19 11 5 13 25% 574575 354 12%
c { 609.46 221 15 60 56733  1 1671100 116376 1.6 19 12 4 11 24% 574575 354 12%
c F 620.94 221 14 60 58215  1 1711110 141486 1.6 18 11 4 11 24% 574575 354 12%
c - 623.30 221 14 61 58431  1 1716923 109908 1.6 18 11 4 11 24% 574575 354 12%
c p 623.34 221 14 61 58431  1 1716923 109913 1.6 18 11 4 11 24% 574575 354 12%
c u 625.87 222 14 61 58431  1 1716923 109852 1.6 18 11 4 11 24% 574575 354 12%
c v 626.12 222 14 61 58431  1 1716923 109834 1.6 18 11 4 11 24% 574575 354 12%
c w 626.22 222 14 61 58431  1 1716923 109811 1.6 18 11 4 11 24% 574575 354 12%
c x 626.50 222 14 61 58431  1 1716923 109810 1.6 18 11 4 11 24% 574554 354 12%
c t 626.51 222 14 61 58431  1 1716923 109805 1.6 18 11 4 11 24% 574553 354 12%
c i 643.62 222 13 61 60425  1 1765600 138725 1.6 17 11 4 11 24% 574553 353 12%
c B 645.62 222 13 61 60669  1 1770112 141537 1.6 17 11 4 11 24% 574553 353 12%
c - 647.46 217 13 62 60944  1 1774553 101577 1.6 17 11 4 10 24% 528596 353 12%
c 2 647.46 217 13 62 60944  1 1774553 101576 1.6 17 11 4 10 24% 528596 353 12%
c p 647.50 217 13 62 60944  1 1774553 101581 1.6 17 11 4 10 24% 528596 353 12%
c u 647.94 217 13 62 60944  1 1774553 101497 1.6 17 11 4 10 24% 528596 353 12%
c v 648.17 217 13 62 60944  1 1774553 101477 1.6 17 11 4 10 24% 528596 353 12%
c 
c  seconds    reductions     conflicts          size   tier2        variables
c           MB      restarts        redundant      glue    trail        remaining
c            level        rate            size/glue  tier1   irredundant
c 
c w 648.28 217 13 62 60944  1 1774553 101405 1.6 17 11 4 10 24% 528596 353 12%
c x 648.54 217 13 62 60944  1 1774553 101398 1.6 17 11 4 10 24% 528524 353 12%
c t 648.55 217 13 62 60944  1 1774553 101398 1.6 17 11 4 10 24% 528507 353 12%
c i 653.51 217 13 62 61087  1 1794311 110980 1.6 17 10 4 10 24% 528507 352 12%
c i 661.70 217 12 62 62043  1 1822255 125770 1.6 16 10 4 10 24% 528507 351 12%
c i 661.90 217 12 62 62043  1 1822937 126121 1.6 16 10 4 10 23% 528507 350 12%
c i 663.18 217 12 62 62058  1 1827604 128329 1.6 16 10 4 10 24% 528507 349 12%
c W 667.03 170 12 62 62076  1 1830113 48929 1.6 16 10 4 10 23% 385699 349 12%
c - 667.46 201 12 63 62088  1 1831940 41728 1.6 16 10 4 10 23% 385699 349 12%
c 2 667.46 201 12 63 62088  1 1831940 41724 1.6 16 10 4 10 23% 385698 349 12%
c p 667.49 201 12 63 62088  1 1831940 41734 1.6 16 10 4 10 23% 385698 349 12%
c u 667.79 201 12 63 62088  1 1831940 41320 1.6 16 10 4 10 23% 385695 349 12%
c v 667.95 201 12 63 62088  1 1831940 41271 1.6 16 10 4 10 23% 385695 349 12%
c w 668.03 201 12 63 62088  1 1831940 41226 1.6 16 10 4 10 23% 385695 349 12%
c x 668.20 201 12 63 62088  1 1831940 41198 1.6 16 10 4 10 23% 384911 349 12%
c t 668.20 201 12 63 62088  1 1831940 41198 1.6 16 10 4 10 23% 384907 349 12%
c i 668.33 201 12 63 62088  1 1832343 41304 1.6 16 10 4 10 23% 384907 348 12%
c i 669.27 201 12 63 62088  1 1836751 43390 1.6 15 10 4 10 23% 384907 346 12%
c i 669.56 201 12 63 62088  1 1838307 44032 1.6 15 10 4 10 23% 384907 336 11%
c i 669.56 201 12 63 62088  1 1838308 44032 1.6 15 10 4 10 23% 384907 333 11%
c 
c  seconds    reductions     conflicts         size   tier2        variables
c           MB      restarts        redundant     glue    trail        remaining
c            level        rate           size/glue  tier1   irredundant
c 
c i 669.56 201 12 63 62088  1 1838310 44032 1.6 15 10 4 10 23% 384907 332 11%
c } 669.56 201 12 63 62088  1 1838313 44032 1.6 15 10 4 10 23% 384907 321 11%
c 0 669.56 201 12 63 62088  1 1838313 44032 1.6 15 10 4 10 23% 384907 321 11%
c 
c --- [ closing proof ] ------------------------------------------------------
c 
c LRAT proof file '/root/earth-moon/population/f034-a4-cert/cs-a4_m12c/r/n105_n53_n95_p149_n129_n106/round-0/F.lrat' closed
c LRAT 2626919 added clauses 45.33%
c LRAT 3168031 deleted clauses 54.67%
c LRAT 489525056 bytes (466.85 MB)
c 
c --- [ result ] -------------------------------------------------------------
c 
s UNSATISFIABLE
c 
c --- [ run-time profiling ] -------------------------------------------------
c 
c process time taken by individual solving procedures
c (percentage relative to process time for solving)
c 
c       618.64   92.48% search
c       370.94   55.45% unstable
c       219.42   32.80% stable
c        50.33    7.52% simplify
c        33.90    5.07% vivify
c        28.09    4.20% walk
c         8.36    1.25% sweep
c         2.65    0.40% elim
c         2.09    0.31% subsume
c         1.19    0.18% probe
c         0.62    0.09% ternary
c         0.59    0.09% parse
c         0.44    0.07% congruence
c         0.19    0.03% lucky
c         0.00    0.00% backbone
c   =================================
c       668.97   99.91% solve
c 
c last line shows process time for solving
c (percentage relative to total process time)
c 
c --- [ statistics ] ---------------------------------------------------------
c 
c chronological:            173471         9.44 %  of conflicts
c conflicts:               1838313      2747.98    per second
c backbone:                 109935      3732.94 %  of vars
c decisions:               2231782      3336.15    per second
c eliminated:                 2010        68.25 %  of all variables
c fixed:                       612        20.78 %  of all variables
c learned:                 1803219        98.09 %  per conflict
c learned_lits:           46741844       100.00 %  learned literals
c minimized:                     0         0.00 %  learned literals
c shrunken:                8588130        18.37 %  learned literals
c minishrunken:            3549749         7.59 %  learned literals
c otfs:                      16783         0.91 %  of conflict
c propagations:           26695924         0.04 M  per second
c reduced:                 1103458        60.03 %  per conflict
c rephased:                     60     30638.55    interval
c restarts:                  62088        29.61    interval
c stabilizing:                  12        49.62 %  of conflicts
c substituted:                   2         0.07 %  of all variables
c subsumed:                 576045        22.64 %  of all clauses
c strengthened:              75250         2.96 %  of all clauses
c ticks:               33011160063      1262.35    propagation
c vivified:                  10717         0.42 %  of all clauses
c walked:                       19     96753.32    interval
c weakened:                   4877         2.50    average size
c congruence:                   10    183831.30    interval
c 
c seconds are measured in process time for solving
c 
c --- [ glue usage ] ---------------------------------------------------------
c 
c focused glue 4 used 290225 clauses 8.027% accumulated 56.62% tier1
c focused glue 5 used 215137 clauses 5.950% accumulated 62.57%
c focused glue 6-8 used 463585 clauses 12.82% accumulated 75.39%
c focused glue 9 used 154192 clauses 4.264% accumulated 79.66%
c focused glue 10 used 149558 clauses 4.136% accumulated 83.80% tier2
c 
c stable glue 5 used 201063 clauses 5.226% accumulated 53.88% tier1
c stable glue 6 used 151321 clauses 3.933% accumulated 57.82%
c stable glue 7-11 used 863957 clauses 22.45% accumulated 80.27%
c stable glue 12 used 164628 clauses 4.279% accumulated 84.55%
c stable glue 13 used 145590 clauses 3.784% accumulated 88.34% tier2
c 
c 
c --- [ resources ] ----------------------------------------------------------
c 
c total process time since initialization:       669.56    seconds
c total real time since initialization:          669.71    seconds
c maximum resident set size of process:          283.76    MB
c 
c --- [ shutting down ] ------------------------------------------------------
c 
c exit 20

[rc=20 669.7s]
$ /root/earth-moon/verifier/../tools/drat-trim/lrat-check /root/earth-moon/population/f034-a4-cert/cs-a4_m12c/r/n105_n53_n95_p149_n129_n106/round-0/F.cnf /root/earth-moon/population/f034-a4-cert/cs-a4_m12c/r/n105_n53_n95_p149_n129_n106/round-0/F.lrat
c parsed a formula with 2945 variables and 970673 clauses
c VERIFIED
c allocated 1024 22113141 44175
c Added clauses = 3597592.  Deleted clauses = 3168031.  Max live clauses = 970673
c verification time = 7.56 secs

[rc=0 7.6s]
