# lean_static_resolve 2026-10-02 19:27:01
# dump=/root/earth-moon/population/f034-a4-cert/cs-a4_m04c/s/n105_n94_p136_p143/dump.jsonl raw=806968 dedup=806968 footer={'type': 'footer', 'verdict': 'UNSAT', 'counts': {'preseed': 8426, 'prop': 798542, 'model': 0}, 'stats': {'checks': 3945272, 'confl': 399271, 'model_rej': 0}, 'time': '2026-10-02T19:26:21+0000'}
# counters=False
$ /root/bin/cadical --lrat --no-binary --no-factor /root/earth-moon/population/f034-a4-cert/cs-a4_m04c/r/n105_n94_p136_p143/round-0/F.cnf /root/earth-moon/population/f034-a4-cert/cs-a4_m04c/r/n105_n94_p136_p143/round-0/F.lrat
c --- [ banner ] -------------------------------------------------------------
c 
c CaDiCaL SAT Solver
c Copyright (c) 2016-2026
c A. Biere, M. Fleury, N. Froleyks, K. Fazekas, F. Pollitt, T. Faller
c JKU Linz, University of Freiburg, TU Wien
c 
c Version 3.0.1 c60730422e758ef1cebe7aeddf2dda31c996bf04
c g++ (Ubuntu 13.3.0-6ubuntu2~24.04.1) 13.3.0 -Wall -Wextra -O3 -DNDEBUG
c Fri Oct 2 18:00:09 UTC 2026 Linux ai-math 6.8.0-139-generic x86_64
c 
c --- [ proof tracing ] ------------------------------------------------------
c 
c opening file to write '/root/earth-moon/population/f034-a4-cert/cs-a4_m04c/r/n105_n94_p136_p143/round-0/F.lrat'
c writing non-binary proof trace to '/root/earth-moon/population/f034-a4-cert/cs-a4_m04c/r/n105_n94_p136_p143/round-0/F.lrat'
c 
c --- [ parsing input ] ------------------------------------------------------
c 
c reading DIMACS file from '/root/earth-moon/population/f034-a4-cert/cs-a4_m04c/r/n105_n94_p136_p143/round-0/F.cnf'
c opening file to read '/root/earth-moon/population/f034-a4-cert/cs-a4_m04c/r/n105_n94_p136_p143/round-0/F.cnf'
c found 'p cnf 2964 815379' header
c parsed 815379 clauses in 0.56 seconds process time
c 
c --- [ options ] ------------------------------------------------------------
c 
c   --binary=false                 (different from default 'true')
c   --lrat=true                    (different from default 'false')
c 
c --- [ solving ] ------------------------------------------------------------
c 
c time measured in process time since initialization
c 
c  seconds  reduction conflicts       size tier2       variables
c         MB    restarts   redundant    glue  trail         remaining
c          level     rate       size/glu tier1  irredundant
c 
c *  0.56 88  0 0   0  0    0    0 0.0 0 0 2 6  0% 642696 2923 99%
c )  0.75 129  0 0   0  0    0    0 0.0 0 0 2 6  0% 642696 2923 99%
c {  0.75 129  0 0   0  0    0    0 0.0 0 0 2 6  0% 642696 2923 99%
c i  0.81 130 654 0   0 16   74   22 1.5 14 9 2 6 31% 642648 2922 99%
c -  1.04 136 213 1   8  8  302   67 1.4 18 13 2 6 17% 642585 2922 99%
c i  1.08 140 198 1  14  8  330   79 1.4 18 13 2 6 17% 642572 2921 99%
c }  1.74 147 85 1 108  6 1001  516 1.3 21 16 2 6 15% 642433 2921 99%
c [  1.74 147  0 1 108  0 1001  516 0.0 0 0 2 6  0% 642433 2921 99%
c O  1.74 147  3 1 108  4 1002  517 2.0 2 1 2 6 18% 642433 2921 99%
c -  1.92 197  5 2 108  1 1087  241 1.4 6 4 2 6 21% 642427 2921 99%
c i  1.92 197  5 2 108  1 1110  245 1.4 5 4 2 6 19% 642427 2899 98%
c -  2.61 196 34 3 109  1 2576  437 1.6 26 16 2 6 27% 624904 2899 98%
c ]  2.64 196 34 3 109  1 2600  457 1.6 26 16 2 6 27% 624902 2899 98%
c {  2.64 196 85 3 109  6 2600  457 1.3 21 16 2 6 15% 624902 2899 98%
c O  2.94 196 67 3 128  5 3005  764 1.4 22 16 2 6 16% 624858 2899 98%
c i  3.00 196 64 3 128  5 3135  823 1.4 22 15 2 6 16% 624817 2896 98%
c 2  3.09 196 58 3 128  4 3374 1009 1.5 22 15 2 6 17% 624790 2878 97%
c d  3.12 196 58 3 128  4 3374 1009 1.5 22 15 2 6 17% 624751 2877 97%
c p  3.13 196 58 3 128  4 3374 1012 1.5 22 15 2 6 17% 624751 2877 97%
c =  3.40 197 58 3 128  4 3374  998 1.5 22 15 2 6 17% 624657 2792 94%
c 
c  seconds   reduction conflicts       size   tier2       variables
c          MB    restarts   redundant     glue   trail         remaining
c           level     rate       size/glue  tier1  irredundant
c 
c t  3.41 197 58 3 128  4 3374  992 1.5 22 15 2 6 17% 624657 2792 94%
c i  3.47 197 54 3 128  4 3523 1099 1.5 21 14 2 6 17% 624655 2746 93%
c -  3.85 197 39 4 134  3 4853  903 1.5 19 12 2 6 20% 624599 2746 93%
c i  4.70 197 37 4 289  3 5544 1447 1.5 19 13 5 14 20% 624574 2739 92%
c i  4.70 197 37 4 290  3 5545 1447 1.5 19 13 5 14 20% 624574 2700 91%
c 2  5.04 197 35 4 329  3 5876 1702 1.5 19 13 5 14 20% 624570 2695 91%
c t  5.22 197 35 4 329  3 5876 1696 1.5 19 13 5 14 20% 624512 2695 91%
c #  5.44 197 35 4 363  3 6006 1806 1.5 19 13 5 14 20% 624508 2695 91%
c -  6.57 198 31 5 506  3 7979 2466 1.5 20 13 4 13 21% 624503 2695 91%
c }  6.83 198 30 5 530  3 8250 2675 1.5 20 13 4 13 21% 624500 2695 91%
c [  6.83 198 34 5 530  1 8250 2675 1.6 26 16 2 6 27% 624500 2695 91%
c 2  6.94 198 32 5 530  1 8482 2828 1.6 25 15 2 6 26% 624494 2690 91%
c I  7.53 198 31 5 531  1 10009 4151 1.5 27 18 11 21 25% 624502 2690 91%
c -  8.33 198 27 6 532  1 11988 3493 1.5 26 17 11 21 24% 624492 2690 91%
c 2  8.33 198 27 6 532  1 11988 3493 1.5 26 17 11 21 24% 624492 2685 91%
c u  8.67 198 27 6 532  1 11988 3439 1.5 26 17 11 21 24% 624482 2685 91%
c v  8.73 198 27 6 532  1 11988 3435 1.5 26 17 11 21 24% 624482 2685 91%
c w  8.75 198 27 6 532  1 11988 3434 1.5 26 17 11 21 24% 624482 2685 91%
c x  8.84 198 27 6 532  1 11988 3434 1.5 26 17 11 21 24% 624482 2685 91%
c t  8.84 198 27 6 532  1 11988 3431 1.5 26 17 11 21 24% 624482 2685 91%
c 
c  seconds   reductions conflicts       size    tier2        variables
c          MB    restarts    redundant     glue     trail         remaining
c           level     rate        size/glue  tier1    irredundant
c 
c B  9.62 198 25 6 534  1 15012 5919 1.5 26 17 12 19 23% 624482 2685 91%
c ]  9.73 198 25 6 535  1 15283 6108 1.5 25 17 12 19 23% 624482 2685 91%
c {  9.73 198 30 6 535  3 15283 6108 1.5 20 13 4 13 21% 624482 2685 91%
c s 10.15 198 30 6 609  3 15562 6313 1.5 20 13 4 13 21% 624432 2685 91%
c t 10.17 198 30 6 609  3 15562 6311 1.5 20 13 4 13 21% 624411 2685 91%
c e 10.29 198 30 6 609  3 15562 6078 1.5 20 13 4 13 21% 620213 364 12%
c s 10.32 198 30 6 609  3 15562 6075 1.5 20 13 4 13 21% 620202 364 12%
c - 11.08 201 29 7 648  3 16902 4081 1.6 20 13 4 13 30% 620202 364 12%
c 2 11.08 201 29 7 648  3 16902 4080 1.6 20 13 4 13 30% 620202 364 12%
c p 11.09 201 29 7 648  3 16902 4087 1.6 20 13 4 13 30% 620202 364 12%
c B 12.95 201 26 7 863  2 21013 7288 1.6 19 12 4 13 28% 620202 364 12%
c - 14.54 201 25 8 1098  2 22729 6509 1.5 19 13 5 14 27% 620202 364 12%
c p 14.55 201 25 8 1098  2 22729 6515 1.5 19 13 5 14 27% 620202 364 12%
c W 17.33 201 23 8 1304  2 28016 10441 1.6 19 12 5 14 27% 620213 364 12%
c - 18.34 202 23 9 1426  2 29486 9166 1.6 19 12 5 14 27% 620213 364 12%
c p 18.37 202 23 9 1426  2 29486 9169 1.6 19 12 5 14 27% 620213 364 12%
c u 18.88 202 23 9 1426  2 29486 9070 1.6 19 12 5 14 27% 620213 364 12%
c v 18.96 202 23 9 1426  2 29486 9065 1.6 19 12 5 14 27% 620213 364 12%
c w 19.01 202 23 9 1426  2 29486 9065 1.6 19 12 5 14 27% 620213 364 12%
c x 19.13 202 23 9 1426  2 29486 9065 1.6 19 12 5 14 27% 620213 364 12%
c 
c  seconds   reductions  conflicts       size   tier2        variables
c          MB    restarts     redundant     glue    trail        remaining
c           level      rate        size/glue  tier1   irredundant
c 
c } 19.18 202 23 9 1426  2 29514 9091 1.6 19 12 5 14 27% 620213 364 12%
c [ 19.18 202 25 9 1426  1 29514 9091 1.5 25 17 12 19 189% 620213 364 12%
c W 20.74 202 23 9 1429  1 36017 14184 1.5 24 16 12 19 117% 620213 364 12%
c - 21.00 154 23 10 1429  1 37179 10796 1.5 24 16 12 19 110% 620213 364 12%
c p 21.01 154 23 10 1429  1 37179 10802 1.5 24 16 12 19 110% 620213 364 12%
c t 21.03 154 23 10 1429  1 37179 10801 1.5 24 16 12 19 110% 620213 364 12%
c O 22.18 154 23 10 1433  1 45018 16015 1.4 23 16 8 18 80% 620213 364 12%
c - 22.52 202 23 11 1433  1 45822 11612 1.4 23 16 8 18 79% 620213 364 12%
c ] 24.06 202 23 11 1434  1 54112 18049 1.4 23 16 8 18 64% 620213 364 12%
c { 24.06 202 23 11 1434  2 54112 18049 1.6 19 12 5 14 27% 620213 364 12%
c F 24.55 202 22 11 1525  2 55019 18763 1.6 19 12 5 14 27% 620213 364 12%
c - 25.09 154 23 12 1620  2 55415 11950 1.6 19 12 5 14 27% 620213 364 12%
c p 25.11 154 23 12 1620  2 55415 11966 1.6 19 12 5 14 27% 620213 364 12%
c u 25.32 154 23 12 1620  2 55415 11901 1.6 19 12 5 14 27% 620214 364 12%
c v 25.39 154 23 12 1620  2 55415 11665 1.6 19 12 5 14 27% 620214 364 12%
c w 25.43 154 23 12 1620  2 55415 11663 1.6 19 12 5 14 27% 620214 364 12%
c x 25.53 154 23 12 1620  2 55415 11663 1.6 19 12 5 14 27% 620214 364 12%
c s 26.93 163 22 12 1795  2 58503 13975 1.6 19 12 5 14 27% 620155 364 12%
c s 27.11 171 22 12 1795  2 58503 13966 1.6 19 12 5 14 27% 620112 364 12%
c - 31.87 221 21 13 2716  2 65964 13510 1.5 19 13 5 14 26% 620112 364 12%
c 
c  seconds   reductions   conflicts        size   tier2        variables
c          MB     restarts      redundant     glue    trail        remaining
c           level       rate         size/glue  tier1   irredundant
c 
c p 31.92 221 21 13 2716  2 65964 13548 1.5 19 13 5 14 26% 620112 364 12%
c B 32.60 221 21 13 2716  2 66020 13597 1.5 19 13 5 14 27% 620112 364 12%
c i 33.68 221 21 13 2969  2 68795 15433 1.5 19 13 5 14 26% 620112 363 12%
c - 37.19 173 20 14 3681  2 77472 15514 1.5 19 13 5 14 25% 505300 363 12%
c 2 37.19 173 20 14 3681  2 77472 15514 1.5 19 13 5 14 25% 505299 363 12%
c p 37.21 173 20 14 3681  2 77472 15522 1.5 19 13 5 14 25% 505299 363 12%
c u 37.41 173 20 14 3681  2 77472 15448 1.5 19 13 5 14 25% 505299 363 12%
c v 37.52 173 20 14 3681  2 77472 15439 1.5 19 13 5 14 25% 505299 363 12%
c w 37.57 173 20 14 3681  2 77472 15438 1.5 19 13 5 14 25% 505299 363 12%
c x 37.70 173 20 14 3681  2 77472 15436 1.5 19 13 5 14 25% 505297 363 12%
c W 38.52 173 20 14 3704  2 78021 15876 1.5 19 13 5 14 25% 505297 363 12%
c } 39.54 173 20 14 3831  2 81096 18211 1.5 19 13 5 14 25% 505297 363 12%
c [ 39.54 173 23 14 3831  1 81096 18211 1.4 23 16 8 18 64% 505297 363 12%
c - 40.86 212 22 15 3837  1 89326 17728 1.4 23 16 8 18 55% 505297 363 12%
c p 40.88 212 22 15 3837  1 89326 17736 1.4 23 16 8 18 55% 505297 363 12%
c B 41.20 212 22 15 3838  1 91022 18978 1.4 23 16 8 18 54% 505297 363 12%
c - 42.99 173 22 16 3844  1 102053 18290 1.5 23 16 8 18 48% 505297 363 12%
c u 43.15 173 22 16 3844  1 102053 18245 1.5 23 16 8 18 48% 505297 363 12%
c v 43.21 173 22 16 3844  1 102053 18240 1.5 23 16 8 18 48% 505297 363 12%
c w 43.24 173 22 16 3844  1 102053 18234 1.5 23 16 8 18 48% 505297 363 12%
c 
c  seconds   reductions   conflicts         size   tier2        variables
c          MB     restarts       redundant     glue    trail        remaining
c           level       rate          size/glue  tier1   irredundant
c 
c x 43.32 173 22 16 3844  1 102053 18234 1.5 23 16 8 18 48% 505296 363 12%
c W 44.45 173 22 16 3845  1 105023 20633 1.4 23 16 8 18 46% 505296 363 12%
c - 46.36 212 22 17 3847  1 115658 16363 1.4 23 16 8 18 42% 505296 363 12%
c p 46.38 212 22 17 3847  1 115658 16371 1.4 23 16 8 18 42% 505296 363 12%
c I 47.35 212 22 17 3847  1 120025 19562 1.4 23 16 8 18 41% 505296 363 12%
c s 48.45 212 22 17 3847  1 122912 21529 1.4 23 16 8 18 40% 505141 363 12%
c e 48.57 212 22 17 3847  1 122912 21400 1.4 23 16 8 18 40% 505139 361 12%
c s 48.61 212 22 17 3847  1 122912 21388 1.4 23 16 8 18 40% 505054 361 12%
c ] 49.33 212 22 17 3847  1 125692 23444 1.4 23 16 8 18 39% 505054 361 12%
c { 49.33 212 20 17 3847  2 125692 23444 1.5 19 13 5 14 25% 505054 361 12%
c - 50.32 173 20 18 3945  2 130141 18003 1.5 19 13 5 14 25% 505054 361 12%
c p 50.34 173 20 18 3945  2 130141 18011 1.5 19 13 5 14 25% 505054 361 12%
c u 50.95 173 20 18 3945  2 130141 17856 1.5 19 13 5 14 25% 505054 361 12%
c v 51.03 173 20 18 3945  2 130141 17845 1.5 19 13 5 14 25% 505054 361 12%
c w 51.07 173 20 18 3945  2 130141 17843 1.5 19 13 5 14 25% 505054 361 12%
c x 51.19 173 20 18 3945  2 130141 17843 1.5 19 13 5 14 25% 505054 361 12%
c # 52.21 173 19 18 4079  2 136027 20640 1.5 18 12 5 14 24% 505054 361 12%
c - 55.49 212 18 19 4607  2 145501 20079 1.5 18 12 5 13 23% 505054 361 12%
c p 55.52 212 18 19 4607  2 145501 20087 1.5 18 12 5 13 23% 505054 361 12%
c B 58.72 212 18 19 5059  2 153028 25542 1.5 18 12 5 13 24% 505054 361 12%
c 
c  seconds   reductions   conflicts         size   tier2        variables
c          MB     restarts       redundant     glue    trail        remaining
c           level       rate          size/glue  tier1   irredundant
c 
c - 61.95 212 18 20 5630  2 161748 23956 1.5 18 12 5 13 24% 505054 361 12%
c p 61.97 212 18 20 5630  2 161748 23964 1.5 18 12 5 13 24% 505054 361 12%
c u 62.20 212 18 20 5630  2 161748 23932 1.5 18 12 5 13 24% 505054 361 12%
c v 62.30 212 18 20 5630  2 161748 23910 1.5 18 12 5 13 24% 505054 361 12%
c w 62.34 212 18 20 5630  2 161748 23903 1.5 18 12 5 13 24% 505054 361 12%
c x 62.47 212 18 20 5630  2 161748 23903 1.5 18 12 5 13 24% 505052 361 12%
c W 66.69 212 18 20 6392  2 171030 29553 1.5 18 12 5 13 23% 505052 361 12%
c - 69.25 212 17 21 6702  2 178873 26711 1.5 18 12 5 13 24% 505052 361 12%
c p 69.29 212 17 21 6702  2 178873 26719 1.5 18 12 5 13 24% 505052 361 12%
c u 69.42 212 17 21 6702  2 178873 26688 1.5 18 12 5 13 24% 505052 361 12%
c v 69.49 212 17 21 6702  2 178873 26684 1.5 18 12 5 13 24% 505052 361 12%
c w 69.52 212 17 21 6702  2 178873 26681 1.5 18 12 5 13 24% 505052 361 12%
c x 69.60 212 17 21 6702  2 178873 26681 1.5 18 12 5 13 24% 505052 361 12%
c } 71.69 212 17 21 7050  2 183209 29504 1.5 18 12 5 13 24% 505052 361 12%
c [ 71.69 212 22 21 7050  1 183209 29504 1.4 23 16 8 18 39% 505052 361 12%
c B 72.93 212 21 21 7052  1 190031 34568 1.4 22 16 8 18 38% 505052 361 12%
c - 74.68 213 21 22 7056  1 196883 27962 1.4 22 16 8 18 36% 505052 361 12%
c p 74.70 213 21 22 7056  1 196883 27969 1.4 22 16 8 18 36% 505052 361 12%
c u 74.84 213 21 22 7056  1 196883 27931 1.4 22 16 8 18 36% 505052 361 12%
c v 74.90 213 21 22 7056  1 196883 27929 1.4 22 16 8 18 36% 505052 361 12%
c 
c  seconds   reductions   conflicts         size   tier2        variables
c          MB     restarts       redundant     glue    trail        remaining
c           level       rate          size/glue  tier1   irredundant
c 
c w 74.93 213 21 22 7056  1 196883 27925 1.4 22 16 8 18 36% 505052 361 12%
c x 75.02 213 21 22 7056  1 196883 27924 1.4 22 16 8 18 36% 505050 361 12%
c s 77.39 213 21 22 7062  1 206514 35153 1.4 22 16 9 17 35% 504935 361 12%
c s 77.57 213 21 22 7062  1 206514 35129 1.4 22 16 9 17 35% 504803 361 12%
c W 79.32 213 21 22 7064  1 210032 37776 1.4 22 16 9 17 34% 504803 361 12%
c - 80.60 213 21 23 7065  1 215776 28521 1.4 22 15 9 17 34% 504803 361 12%
c p 80.63 213 21 23 7065  1 215776 28529 1.4 22 15 9 17 34% 504803 361 12%
c u 80.79 213 21 23 7065  1 215776 28449 1.4 22 15 9 17 34% 504803 361 12%
c v 80.84 213 21 23 7065  1 215776 28444 1.4 22 15 9 17 34% 504803 361 12%
c w 80.87 213 21 23 7065  1 215776 28443 1.4 22 15 9 17 34% 504803 361 12%
c x 80.93 213 21 23 7065  1 215776 28443 1.4 22 15 9 17 34% 504803 361 12%
c O 83.69 213 21 23 7072  1 231033 40181 1.4 22 15 9 17 32% 504803 361 12%
c - 84.76 213 21 24 7074  1 235552 29072 1.4 22 15 9 17 32% 504803 361 12%
c p 84.79 213 21 24 7074  1 235552 29080 1.4 22 15 9 17 32% 504803 361 12%
c B 88.53 213 21 24 7080  1 253037 41705 1.4 22 16 9 17 31% 504803 361 12%
c ] 88.53 213 21 24 7080  1 253037 41705 1.4 22 16 9 17 31% 504803 361 12%
c { 88.53 213 17 24 7080  2 253037 41705 1.5 18 12 5 13 24% 504803 361 12%
c - 89.42 212 17 25 7206  2 256215 28007 1.5 18 12 5 13 23% 504803 361 12%
c p 89.46 212 17 25 7206  2 256215 28015 1.5 18 12 5 13 23% 504803 361 12%
c u 89.71 212 17 25 7206  2 256215 27980 1.5 18 12 5 13 23% 504803 361 12%
c 
c  seconds   reductions   conflicts         size   tier2        variables
c          MB     restarts       redundant     glue    trail        remaining
c           level       rate          size/glue  tier1   irredundant
c 
c v 89.82 212 17 25 7206  2 256215 27968 1.5 18 12 5 13 23% 504803 361 12%
c w 89.88 212 17 25 7206  2 256215 27965 1.5 18 12 5 13 23% 504803 361 12%
c x 90.05 212 17 25 7206  2 256215 27964 1.5 18 12 5 13 23% 504800 361 12%
c F 97.97 212 17 25 8384  2 276038 40874 1.5 18 12 5 13 23% 504800 361 12%
c - 98.30 213 17 26 8400  2 277769 30758 1.5 18 12 5 13 23% 504800 361 12%
c p 98.33 213 17 26 8400  2 277769 30766 1.5 18 12 5 13 23% 504800 361 12%
c u 98.49 213 17 26 8400  2 277769 30721 1.5 18 12 5 13 23% 504800 361 12%
c v 98.56 213 17 26 8400  2 277769 30718 1.5 18 12 5 13 23% 504800 361 12%
c w 98.59 213 17 26 8400  2 277769 30715 1.5 18 12 5 13 23% 504800 361 12%
c x 98.69 213 17 26 8400  2 277769 30714 1.5 18 12 5 13 23% 504798 361 12%
c B 106.88 213 16 26 9730  2 300040 46438 1.5 18 12 5 13 24% 504798 361 12%
c - 107.14 213 16 27 9765  2 300210 38169 1.5 18 12 5 13 24% 504798 361 12%
c p 107.18 213 16 27 9765  2 300210 38177 1.5 18 12 5 13 24% 504798 361 12%
c u 107.37 213 16 27 9765  2 300210 38135 1.5 18 12 5 13 24% 504798 361 12%
c v 107.46 213 16 27 9765  2 300210 38125 1.5 18 12 5 13 24% 504798 361 12%
c w 107.50 213 16 27 9765  2 300210 38114 1.5 18 12 5 13 24% 504798 361 12%
c x 107.62 213 16 27 9765  2 300210 38113 1.5 18 12 5 13 24% 504795 361 12%
c s 111.21 213 16 27 10301  2 311011 44863 1.5 18 12 5 13 23% 504694 361 12%
c e 111.33 213 16 27 10301  2 311011 44769 1.5 18 12 5 13 23% 504694 360 12%
c s 111.39 213 16 27 10301  2 311011 44743 1.5 18 12 5 13 23% 504562 360 12%
c 
c  seconds    reductions    conflicts         size   tier2        variables
c           MB      restarts       redundant     glue    trail        remaining
c            level        rate          size/glue  tier1   irredundant
c 
c - 114.57 173 16 28 10526  1 323537 41404 1.5 18 12 5 13 23% 504562 360 12%
c p 114.60 173 16 28 10526  1 323537 41412 1.5 18 12 5 13 23% 504562 360 12%
c u 114.75 173 16 28 10526  1 323537 41378 1.5 18 12 5 13 23% 504562 360 12%
c v 114.81 173 16 28 10526  1 323537 41373 1.5 18 12 5 13 23% 504562 360 12%
c w 114.84 173 16 28 10526  1 323537 41370 1.5 18 12 5 13 23% 504562 360 12%
c x 114.93 173 16 28 10526  1 323537 41370 1.5 18 12 5 13 23% 504562 360 12%
c W 116.93 173 16 28 10629  1 325042 42509 1.5 18 12 5 13 23% 504562 360 12%
c } 120.75 173 16 28 11379  2 332796 47950 1.5 18 12 4 12 23% 504562 360 12%
c [ 120.75 173 21 28 11379  1 332796 47950 1.4 22 16 9 17 31% 504562 360 12%
c - 123.54 214 20 29 11380  1 347752 40361 1.4 22 15 9 17 30% 504562 360 12%
c p 123.57 214 20 29 11380  1 347752 40369 1.4 22 15 9 17 30% 504562 360 12%
c u 123.75 214 20 29 11380  1 347752 40302 1.4 22 15 9 17 30% 504562 360 12%
c v 123.82 214 20 29 11380  1 347752 40279 1.4 22 15 9 17 30% 504562 360 12%
c w 123.87 214 20 29 11380  1 347752 40274 1.4 22 15 9 17 30% 504562 360 12%
c x 123.98 214 20 29 11380  1 347752 40274 1.4 22 15 9 17 30% 504560 360 12%
c W 125.24 214 20 29 11380  1 351045 42655 1.4 22 15 9 17 30% 504560 360 12%
c - 129.25 173 19 30 11381  1 372858 39591 1.5 22 15 9 17 29% 504560 360 12%
c p 129.28 173 19 30 11381  1 372858 39598 1.5 22 15 9 17 29% 504560 360 12%
c u 129.47 173 19 30 11381  1 372858 39572 1.5 22 15 9 17 29% 504560 360 12%
c v 129.53 173 19 30 11381  1 372858 39572 1.5 22 15 9 17 29% 504560 360 12%
c 
c  seconds    reductions    conflicts         size   tier2        variables
c           MB      restarts       redundant     glue    trail        remaining
c            level        rate          size/glue  tier1   irredundant
c 
c w 129.56 173 19 30 11381  1 372858 39571 1.5 22 15 9 17 29% 504560 360 12%
c x 129.64 173 19 30 11381  1 372858 39571 1.5 22 15 9 17 29% 504559 360 12%
c I 130.45 173 19 30 11381  1 378047 43285 1.5 22 15 9 17 29% 504559 360 12%
c - 133.98 213 18 31 11390  1 398852 38160 1.5 21 14 7 16 27% 504559 360 12%
c p 134.01 213 18 31 11390  1 398852 38168 1.5 21 14 7 16 27% 504559 360 12%
c u 134.72 213 18 31 11390  1 398852 38119 1.5 21 14 7 16 27% 504559 360 12%
c v 134.79 213 18 31 11390  1 398852 38118 1.5 21 14 7 16 27% 504559 360 12%
c w 134.82 213 18 31 11390  1 398852 38118 1.5 21 14 7 16 27% 504559 360 12%
c x 134.88 213 18 31 11390  1 398852 38117 1.5 21 14 7 16 27% 504556 360 12%
c B 136.34 213 18 31 11395  1 406049 41774 1.5 20 14 7 16 26% 504556 360 12%
c - 139.81 173 19 32 11402  1 425738 36745 1.5 21 14 7 16 26% 504556 360 12%
c p 139.83 173 19 32 11402  1 425738 36753 1.5 21 14 7 16 26% 504556 360 12%
c u 139.98 173 19 32 11402  1 425738 36702 1.5 21 14 7 16 26% 504556 360 12%
c v 140.05 173 19 32 11402  1 425738 36702 1.5 21 14 7 16 26% 504556 360 12%
c w 140.08 173 19 32 11402  1 425738 36702 1.5 21 14 7 16 26% 504556 360 12%
c x 140.13 173 19 32 11402  1 425738 36699 1.5 21 14 7 16 26% 504543 360 12%
c ] 141.59 173 19 32 11406  1 434375 42583 1.4 21 15 7 16 26% 504543 360 12%
c { 141.59 173 16 32 11406  2 434375 42583 1.5 18 12 4 12 23% 504543 360 12%
c # 141.77 173 16 32 11435  2 435051 43013 1.5 18 12 4 12 23% 504543 360 12%
c s 142.51 173 16 32 11581  2 436447 43958 1.5 18 12 4 12 23% 504411 360 12%
c 
c  seconds    reductions    conflicts         size   tier2        variables
c           MB      restarts       redundant     glue    trail        remaining
c            level        rate          size/glue  tier1   irredundant
c 
c s 142.69 173 16 32 11581  2 436447 43923 1.5 18 12 4 12 23% 504204 360 12%
c - 146.06 213 15 33 11625  1 453515 37637 1.5 17 11 4 12 23% 504204 360 12%
c p 146.09 213 15 33 11625  1 453515 37644 1.5 17 11 4 12 23% 504204 360 12%
c u 146.26 213 15 33 11625  1 453515 37483 1.5 17 11 4 12 23% 504204 360 12%
c v 146.34 213 15 33 11625  1 453515 37480 1.5 17 11 4 12 23% 504204 360 12%
c w 146.38 213 15 33 11625  1 453515 37479 1.5 17 11 4 12 23% 504204 360 12%
c x 146.44 213 15 33 11625  1 453515 37476 1.5 17 11 4 12 23% 504189 360 12%
c B 151.96 213 15 33 12608  1 465052 45362 1.5 17 11 5 12 23% 504189 360 12%
c - 160.17 214 15 34 14171  1 482178 45807 1.5 17 11 5 12 23% 504189 360 12%
c p 160.21 214 15 34 14171  1 482178 45815 1.5 17 11 5 12 23% 504189 360 12%
c u 160.51 214 15 34 14171  1 482178 45787 1.5 17 11 5 12 23% 504189 360 12%
c v 160.64 214 15 34 14171  1 482178 45777 1.5 17 11 5 12 23% 504189 360 12%
c w 160.72 214 15 34 14171  1 482178 45775 1.5 17 11 5 12 23% 504189 360 12%
c x 160.86 214 15 34 14171  1 482178 45773 1.5 17 11 5 12 23% 504177 360 12%
c W 168.12 214 15 34 15313  1 496053 54840 1.5 17 11 5 12 23% 504177 360 12%
c - 174.54 214 15 35 16810  1 511734 50351 1.5 17 11 5 12 22% 504177 360 12%
c p 174.58 214 15 35 16810  1 511734 50359 1.5 17 11 5 12 22% 504177 360 12%
c u 174.82 214 15 35 16810  1 511734 50315 1.5 17 11 5 12 22% 504177 360 12%
c v 174.93 214 15 35 16810  1 511734 50306 1.5 17 11 5 12 22% 504177 360 12%
c w 175.02 214 15 35 16810  1 511734 50302 1.5 17 11 5 12 22% 504177 360 12%
c 
c  seconds    reductions    conflicts         size   tier2        variables
c           MB      restarts       redundant     glue    trail        remaining
c            level        rate          size/glue  tier1   irredundant
c 
c x 175.26 214 15 35 16810  1 511734 50300 1.5 17 11 5 12 22% 504169 360 12%
c F 181.01 214 15 35 17463  1 528054 61410 1.5 17 11 5 12 23% 504169 360 12%
c } 184.48 214 15 35 18300  1 535121 66011 1.5 17 11 4 11 23% 504169 360 12%
c [ 184.48 214 19 35 18300  1 535121 66011 1.4 21 15 7 16 26% 504169 360 12%
c - 186.05 173 20 36 18304  1 542183 47467 1.4 22 15 7 16 26% 504169 360 12%
c p 186.08 173 20 36 18304  1 542183 47475 1.4 22 15 7 16 26% 504169 360 12%
c u 186.34 173 20 36 18304  1 542183 47449 1.4 22 15 7 16 26% 504169 360 12%
c v 186.44 173 20 36 18304  1 542183 47445 1.4 22 15 7 16 26% 504169 360 12%
c w 186.49 173 20 36 18304  1 542183 47444 1.4 22 15 7 16 26% 504169 360 12%
c x 186.64 173 20 36 18304  1 542183 47444 1.4 22 15 7 16 26% 504159 360 12%
c W 191.13 173 20 36 18306  1 561056 61391 1.4 22 15 7 16 26% 504159 360 12%
c - 193.30 214 20 37 18310  1 573525 44137 1.4 22 15 7 16 26% 504159 360 12%
c p 193.32 214 20 37 18310  1 573525 44145 1.4 22 15 7 16 26% 504159 360 12%
c u 193.52 214 20 37 18310  1 573525 44116 1.4 22 15 7 16 26% 504159 360 12%
c v 193.61 214 20 37 18310  1 573525 44110 1.4 22 15 7 16 26% 504159 360 12%
c w 193.65 214 20 37 18310  1 573525 44109 1.4 22 15 7 16 26% 504159 360 12%
c x 193.77 214 20 37 18310  1 573525 44109 1.4 22 15 7 16 26% 504159 360 12%
c s 195.45 214 20 37 18314  1 582773 50748 1.4 22 15 7 16 26% 503639 360 12%
c s 195.65 214 20 37 18314  1 582773 50715 1.4 22 15 7 16 26% 503149 360 12%
c O 197.88 214 20 37 18321  1 595058 59353 1.4 22 15 7 16 26% 503149 360 12%
c 
c  seconds    reductions    conflicts         size   tier2        variables
c           MB      restarts       redundant     glue    trail        remaining
c            level        rate          size/glue  tier1   irredundant
c 
c - 200.30 173 19 38 18324  1 605760 40637 1.4 21 15 7 16 25% 503149 360 12%
c p 200.33 173 19 38 18324  1 605760 40645 1.4 21 15 7 16 25% 503149 360 12%
c u 200.58 173 19 38 18324  1 605760 40607 1.4 21 15 7 16 25% 503149 360 12%
c v 200.67 173 19 38 18324  1 605760 40601 1.4 21 15 7 16 25% 503149 360 12%
c w 200.72 173 19 38 18324  1 605760 40599 1.4 21 15 7 16 25% 503149 360 12%
c x 200.85 173 19 38 18324  1 605760 40599 1.4 21 15 7 16 25% 503149 360 12%
c B 205.42 173 19 38 18336  1 630059 57701 1.4 21 15 7 16 25% 503149 360 12%
c - 207.07 213 19 39 18337  1 638869 40637 1.4 21 15 7 16 25% 503149 360 12%
c p 207.10 213 19 39 18337  1 638869 40644 1.4 21 15 7 16 25% 503149 360 12%
c u 208.20 213 19 39 18337  1 638869 40569 1.4 21 15 7 16 25% 503149 360 12%
c v 208.30 213 19 39 18337  1 638869 40565 1.4 21 15 7 16 25% 503149 360 12%
c w 208.34 213 19 39 18337  1 638869 40554 1.4 21 15 7 16 25% 503149 360 12%
c x 208.46 213 19 39 18337  1 638869 40554 1.4 21 15 7 16 25% 503149 360 12%
c W 214.82 213 18 39 18338  1 666061 57682 1.4 21 14 7 16 24% 503149 360 12%
c ] 215.24 213 18 39 18338  1 668019 58851 1.4 21 14 7 16 24% 503149 360 12%
c { 215.24 213 15 39 18338  1 668019 58851 1.5 17 11 4 11 23% 503149 360 12%
c - 216.87 173 15 40 18453  1 672873 41783 1.5 17 11 4 11 23% 503149 360 12%
c p 216.91 173 15 40 18453  1 672873 41791 1.5 17 11 4 11 23% 503149 360 12%
c u 217.11 173 15 40 18453  1 672873 41697 1.5 17 11 4 11 23% 503149 360 12%
c v 217.21 173 15 40 18453  1 672873 41694 1.5 17 11 4 11 23% 503149 360 12%
c 
c  seconds    reductions    conflicts         size   tier2        variables
c           MB      restarts       redundant     glue    trail        remaining
c            level        rate          size/glue  tier1   irredundant
c 
c w 217.25 173 15 40 18453  1 672873 41691 1.5 17 11 4 11 23% 503149 360 12%
c x 217.40 173 15 40 18453  1 672873 41691 1.5 17 11 4 11 23% 503149 360 12%
c B 228.78 173 15 40 20746  1 703064 61639 1.5 17 11 4 11 23% 503149 360 12%
c - 230.43 214 15 41 20945  1 707769 49902 1.5 17 11 4 11 23% 503149 360 12%
c p 230.47 214 15 41 20945  1 707769 49910 1.5 17 11 4 11 23% 503149 360 12%
c u 230.75 214 15 41 20945  1 707769 49839 1.5 17 11 4 11 23% 503149 360 12%
c v 230.88 214 15 41 20945  1 707769 49830 1.5 17 11 4 11 23% 503149 360 12%
c w 230.95 214 15 41 20945  1 707769 49828 1.5 17 11 4 11 23% 503149 360 12%
c x 231.15 214 15 41 20945  1 707769 49828 1.5 17 11 4 11 23% 503149 360 12%
c W 244.37 214 15 41 23272  1 741065 70070 1.5 17 11 4 11 22% 503149 360 12%
c - 245.81 214 15 42 23601  1 743560 54106 1.5 17 11 4 11 22% 503149 360 12%
c p 245.85 214 15 42 23601  1 743560 54114 1.5 17 11 4 11 22% 503149 360 12%
c u 246.09 214 15 42 23601  1 743560 53963 1.5 17 11 4 11 22% 503149 360 12%
c v 246.22 214 15 42 23601  1 743560 53955 1.5 17 11 4 11 22% 503149 360 12%
c w 246.29 214 15 42 23601  1 743560 53952 1.5 17 11 4 11 22% 503149 360 12%
c x 246.46 214 15 42 23601  1 743560 53951 1.5 17 11 4 11 22% 503094 360 12%
c s 248.54 214 14 42 23855  1 749955 58063 1.5 17 11 4 11 22% 502696 360 12%
c s 248.74 214 14 42 23855  1 749955 58005 1.5 17 11 4 11 22% 502076 360 12%
c i 252.63 214 14 42 23855  1 769471 69502 1.5 16 11 4 11 22% 502076 359 12%
c # 256.68 214 14 42 24915  1 780067 76192 1.5 16 11 4 11 23% 502076 359 12%
c 
c  seconds    reductions    conflicts         size   tier2        variables
c           MB      restarts       redundant     glue    trail        remaining
c            level        rate          size/glue  tier1   irredundant
c 
c - 256.93 173 14 43 24915  1 780243 46162 1.5 16 11 4 11 23% 483893 359 12%
c 2 256.93 173 14 43 24915  1 780243 46162 1.5 16 11 4 11 23% 483892 359 12%
c p 256.98 173 14 43 24915  1 780243 46170 1.5 16 11 4 11 23% 483892 359 12%
c u 257.16 173 14 43 24915  1 780243 45910 1.5 16 11 4 11 23% 483892 359 12%
c v 257.28 173 14 43 24915  1 780243 45906 1.5 16 11 4 11 23% 483892 359 12%
c w 257.34 173 14 43 24915  1 780243 45904 1.5 16 11 4 11 23% 483892 359 12%
c x 257.52 173 14 43 24915  1 780243 45904 1.5 16 11 4 11 23% 483892 359 12%
c } 266.52 173 14 43 27001  1 803430 60023 1.5 16 11 4 11 23% 483892 359 12%
c [ 266.52 173 18 43 27001  1 803430 60023 1.4 21 14 7 16 24% 483892 359 12%
c - 269.16 212 18 44 27001  1 817447 48796 1.4 20 14 7 16 24% 483892 359 12%
c p 269.20 212 18 44 27001  1 817447 48804 1.4 20 14 7 16 24% 483892 359 12%
c u 269.48 212 18 44 27001  1 817447 48634 1.4 20 14 7 16 24% 483892 359 12%
c v 269.62 212 18 44 27001  1 817447 48624 1.4 20 14 7 16 24% 483892 359 12%
c w 269.69 212 18 44 27001  1 817447 48608 1.4 20 14 7 16 24% 483892 359 12%
c x 269.90 212 18 44 27001  1 817447 48606 1.4 20 14 7 16 24% 483824 359 12%
c I 270.61 212 18 44 27001  1 820071 50319 1.4 20 14 7 16 24% 483824 359 12%
c - 278.27 173 17 45 27002  1 855527 56008 1.5 20 14 7 16 24% 483824 359 12%
c p 278.30 173 17 45 27002  1 855527 56016 1.5 20 14 7 16 24% 483824 359 12%
c u 278.52 173 17 45 27002  1 855527 55968 1.5 20 14 7 16 24% 483824 359 12%
c v 278.63 173 17 45 27002  1 855527 55960 1.5 20 14 7 16 24% 483824 359 12%
c 
c  seconds    reductions    conflicts         size   tier2        variables
c           MB      restarts       redundant     glue    trail        remaining
c            level        rate          size/glue  tier1   irredundant
c 
c w 278.68 173 17 45 27002  1 855527 55949 1.5 20 14 7 16 24% 483824 359 12%
c x 278.82 173 17 45 27002  1 855527 55949 1.5 20 14 7 16 24% 483802 359 12%
c B 279.87 173 17 45 27002  1 861072 59878 1.5 20 14 7 16 24% 483802 359 12%
c - 286.28 213 17 46 27008  1 894482 56258 1.5 20 14 7 16 24% 483802 359 12%
c p 286.31 213 17 46 27008  1 894482 56266 1.5 20 14 7 16 24% 483802 359 12%
c u 286.56 213 17 46 27008  1 894482 56244 1.5 20 14 7 16 24% 483802 359 12%
c v 286.66 213 17 46 27008  1 894482 56242 1.5 20 14 7 16 24% 483802 359 12%
c w 286.71 213 17 46 27008  1 894482 56241 1.5 20 14 7 16 24% 483802 359 12%
c x 286.86 213 17 46 27008  1 894482 56241 1.5 20 14 7 16 24% 483780 359 12%
c W 289.99 213 17 46 27012  1 903075 62358 1.5 20 14 7 16 24% 483780 359 12%
c - 295.81 173 17 47 27025  1 934314 52432 1.5 20 14 7 15 24% 483780 359 12%
c p 295.84 173 17 47 27025  1 934314 52439 1.5 20 14 7 15 24% 483780 359 12%
c u 296.11 173 17 47 27025  1 934314 52404 1.5 20 14 7 15 24% 483780 359 12%
c v 296.24 173 17 47 27025  1 934314 52402 1.5 20 14 7 15 24% 483780 359 12%
c w 296.29 173 17 47 27025  1 934314 52402 1.5 20 14 7 15 24% 483780 359 12%
c x 296.45 173 17 47 27025  1 934314 52402 1.5 20 14 7 15 24% 483763 359 12%
c s 297.37 173 18 47 27027  1 937978 55179 1.5 20 14 7 15 24% 483333 359 12%
c e 297.49 173 18 47 27027  1 937978 54982 1.5 20 14 7 15 24% 483329 356 12%
c s 297.60 173 18 47 27027  1 937978 54935 1.5 20 14 7 15 24% 482756 356 12%
c O 299.27 173 18 47 27031  1 946078 61162 1.5 21 14 7 15 24% 482756 356 12%
c 
c  seconds    reductions    conflicts         size   tier2        variables
c           MB      restarts       redundant     glue    trail        remaining
c            level        rate          size/glue  tier1   irredundant
c 
c - 304.60 212 18 48 27036  1 975022 51286 1.4 20 14 7 15 23% 482756 356 12%
c p 304.63 212 18 48 27036  1 975022 51294 1.4 20 14 7 15 23% 482756 356 12%
c u 305.23 212 18 48 27036  1 975022 51226 1.4 20 14 7 15 23% 482756 356 12%
c v 305.35 212 18 48 27036  1 975022 51213 1.4 20 14 7 15 23% 482756 356 12%
c w 305.41 212 18 48 27036  1 975022 51212 1.4 20 14 7 15 23% 482756 356 12%
c x 305.57 212 18 48 27036  1 975022 51212 1.4 20 14 7 15 23% 482747 356 12%
c ] 305.63 212 18 48 27036  1 975057 51240 1.4 20 14 7 15 23% 482747 356 12%
c { 305.63 212 14 48 27036  1 975057 51240 1.5 16 11 4 11 23% 482747 356 12%
c B 312.88 212 14 48 29226  1 990079 61181 1.5 16 11 4 11 22% 482747 356 12%
c - 323.28 213 14 49 31209  1 1016584 58680 1.5 17 11 4 11 22% 482747 356 12%
c p 323.31 213 14 49 31209  1 1016584 58688 1.5 17 11 4 11 22% 482747 356 12%
c u 323.69 213 14 49 31209  1 1016584 58580 1.5 17 11 4 11 22% 482747 356 12%
c v 323.87 213 14 49 31209  1 1016584 58572 1.5 17 11 4 11 22% 482747 356 12%
c w 323.95 213 14 49 31209  1 1016584 58569 1.5 17 11 4 11 22% 482747 356 12%
c x 324.20 213 14 49 31209  1 1016584 58567 1.5 17 11 4 11 22% 482723 356 12%
c W 332.76 213 14 49 32201  1 1035083 70570 1.5 17 11 4 11 22% 482723 356 12%
c - 341.95 213 14 50 34185  1 1059023 66768 1.5 17 11 4 11 22% 482723 356 12%
c p 342.00 213 14 50 34185  1 1059023 66776 1.5 17 11 4 11 22% 482723 356 12%
c u 342.30 213 14 50 34185  1 1059023 66708 1.5 17 11 4 11 22% 482723 356 12%
c v 342.46 213 14 50 34185  1 1059023 66700 1.5 17 11 4 11 22% 482723 356 12%
c 
c  seconds    reductions     conflicts         size   tier2        variables
c           MB      restarts        redundant     glue    trail        remaining
c            level        rate           size/glue  tier1   irredundant
c 
c w 342.54 213 14 50 34185  1 1059023 66694 1.5 17 11 4 11 22% 482723 356 12%
c x 342.76 213 14 50 34185  1 1059023 66692 1.5 17 11 4 11 22% 482708 356 12%
c F 349.57 213 14 50 35240  1 1081085 79449 1.5 16 11 4 11 22% 482708 356 12%
c - 358.07 173 14 51 37136  1 1102342 70779 1.5 17 11 4 11 22% 482708 356 12%
c p 358.11 173 14 51 37136  1 1102342 70811 1.5 17 11 4 11 22% 482708 355 12%
c u 358.47 173 14 51 37136  1 1102342 70758 1.5 17 11 4 11 22% 482708 355 12%
c v 358.64 173 14 51 37136  1 1102342 70742 1.5 17 11 4 11 22% 482708 355 12%
c w 358.72 173 14 51 37136  1 1102342 70739 1.5 17 11 4 11 22% 482708 355 12%
c x 358.95 173 14 51 37136  1 1102342 70737 1.5 17 11 4 11 22% 482706 355 12%
c i 364.49 173 13 51 37904  1 1121522 80935 1.5 16 11 4 11 22% 482706 354 12%
c B 367.82 173 13 51 38813  1 1128086 85130 1.5 16 11 4 11 22% 482706 354 12%
c } 370.99 173 13 51 39473  1 1136896 90051 1.5 16 11 4 11 22% 482706 354 12%
c [ 370.99 173 18 51 39473  1 1136896 90051 1.4 20 14 7 15 23% 482706 354 12%
c s 372.80 173 17 51 39478  1 1146084 94639 1.4 20 14 7 15 23% 482150 354 12%
c e 372.91 173 17 51 39478  1 1146084 93754 1.4 20 14 7 15 23% 436472 351 12%
c s 373.03 173 17 51 39478  1 1146084 93736 1.4 20 14 7 15 23% 436137 351 12%
c - 373.41 209 17 52 39478  1 1146535 64501 1.5 20 14 7 15 23% 436137 351 12%
c 2 373.41 209 17 52 39478  1 1146535 64500 1.5 20 14 7 15 23% 436137 351 12%
c p 373.44 209 17 52 39478  1 1146535 64508 1.5 20 14 7 15 23% 436137 351 12%
c u 373.70 209 17 52 39478  1 1146535 64384 1.5 20 14 7 15 23% 436137 351 12%
c 
c  seconds    reductions     conflicts         size   tier2        variables
c           MB      restarts        redundant     glue    trail        remaining
c            level        rate           size/glue  tier1   irredundant
c 
c v 373.85 209 17 52 39478  1 1146535 64372 1.5 20 14 7 15 23% 436137 351 12%
c w 373.93 209 17 52 39478  1 1146535 64369 1.5 20 14 7 15 23% 436137 351 12%
c x 374.15 209 17 52 39478  1 1146535 64365 1.5 20 14 7 15 23% 436124 351 12%
c B 378.97 209 16 52 39492  1 1176087 81185 1.5 19 13 7 15 22% 436124 351 12%
c - 381.87 173 16 53 39499  1 1190428 66971 1.5 19 13 7 15 22% 436124 351 12%
c p 381.90 173 16 53 39499  1 1190428 66979 1.5 19 13 7 15 22% 436124 351 12%
c u 382.14 173 16 53 39499  1 1190428 66907 1.5 19 13 7 15 22% 436124 351 12%
c v 382.24 173 16 53 39499  1 1190428 66903 1.5 19 13 7 15 22% 436124 351 12%
c w 382.30 173 16 53 39499  1 1190428 66899 1.5 19 13 7 15 22% 436124 351 12%
c x 382.45 173 16 53 39499  1 1190428 66899 1.5 19 13 7 15 22% 436116 351 12%
c W 392.16 173 15 53 39502  1 1225088 89294 1.5 18 12 7 15 22% 436116 351 12%
c - 394.24 210 15 54 39502  1 1235152 72879 1.5 18 12 7 15 22% 436116 351 12%
c p 394.27 210 15 54 39502  1 1235152 72887 1.5 18 12 7 15 22% 436116 351 12%
c u 394.51 210 15 54 39502  1 1235152 72810 1.5 18 12 7 15 22% 436116 351 12%
c v 394.63 210 15 54 39502  1 1235152 72796 1.5 18 12 7 15 22% 436116 351 12%
c w 394.70 210 15 54 39502  1 1235152 72791 1.5 18 12 7 15 22% 436116 351 12%
c x 394.89 210 15 54 39502  1 1235152 72790 1.5 18 12 7 15 22% 436102 351 12%
c I 403.24 210 15 54 39517  1 1275089 99755 1.5 18 12 6 15 23% 436102 351 12%
c - 404.06 173 14 55 39517  1 1280708 76294 1.5 18 12 6 15 23% 436102 351 12%
c p 404.09 173 14 55 39517  1 1280708 76302 1.5 18 12 6 15 23% 436102 351 12%
c 
c  seconds    reductions     conflicts         size   tier2        variables
c           MB      restarts        redundant     glue    trail        remaining
c            level        rate           size/glue  tier1   irredundant
c 
c u 404.31 173 14 55 39517  1 1280708 76207 1.5 18 12 6 15 23% 436102 351 12%
c v 404.42 173 14 55 39517  1 1280708 76191 1.5 18 12 6 15 23% 436102 351 12%
c w 404.48 173 14 55 39517  1 1280708 76180 1.5 18 12 6 15 23% 436102 351 12%
c x 404.63 173 14 55 39517  1 1280708 76180 1.5 18 12 6 15 23% 436091 351 12%
c B 413.36 173 14 55 39533  1 1326092 103138 1.5 18 12 6 14 22% 436091 351 12%
c - 413.73 210 14 56 39533  1 1327096 76638 1.5 18 12 6 14 22% 436091 351 12%
c p 413.76 210 14 56 39533  1 1327096 76646 1.5 18 12 6 14 22% 436091 351 12%
c u 414.01 210 14 56 39533  1 1327096 76574 1.5 18 12 6 14 22% 436091 351 12%
c v 414.13 210 14 56 39533  1 1327096 76554 1.5 18 12 6 14 22% 436091 351 12%
c w 414.18 210 14 56 39533  1 1327096 76546 1.5 18 12 6 14 22% 436091 351 12%
c x 414.37 210 14 56 39533  1 1327096 76546 1.5 18 12 6 14 22% 436082 351 12%
c ] 420.92 210 15 56 39548  1 1362259 101541 1.5 18 12 6 14 22% 436082 351 12%
c { 420.92 210 13 56 39548  1 1362259 101541 1.5 16 11 4 11 22% 436082 351 12%
c s 423.67 210 13 56 39888  1 1372226 106523 1.5 16 11 4 11 22% 435129 351 12%
c s 423.90 210 13 56 39888  1 1372226 106502 1.5 16 11 4 11 22% 433629 351 12%
c - 424.55 173 13 57 39888  1 1374314 74621 1.5 16 11 4 11 22% 433629 351 12%
c p 424.59 173 13 57 39888  1 1374314 74629 1.5 16 11 4 11 22% 433629 351 12%
c u 424.89 173 13 57 39888  1 1374314 74518 1.5 16 11 4 11 22% 433629 351 12%
c v 425.02 173 13 57 39888  1 1374314 74493 1.5 16 11 4 11 22% 433629 351 12%
c w 425.09 173 13 57 39888  1 1374314 74487 1.5 16 11 4 11 22% 433629 351 12%
c 
c  seconds    reductions     conflicts         size   tier2        variables
c           MB      restarts        redundant     glue    trail        remaining
c            level        rate           size/glue  tier1   irredundant
c 
c x 425.30 173 13 57 39888  1 1374314 74487 1.5 16 11 4 11 22% 433626 351 12%
c W 428.27 173 13 57 39888  1 1378095 76614 1.5 16 11 4 11 22% 433626 351 12%
c i 429.56 173 13 57 39921  1 1383827 79152 1.5 15 11 4 11 22% 433626 350 12%
c - 444.13 206 13 58 43590  1 1422294 59287 1.4 16 11 4 11 22% 395784 350 12%
c p 444.16 206 13 58 43590  1 1422294 59295 1.4 16 11 4 11 22% 395784 350 12%
c u 445.87 206 13 58 43590  1 1422294 58889 1.4 16 11 4 11 22% 395784 350 12%
c v 446.06 206 13 58 43590  1 1422294 58876 1.4 16 11 4 11 22% 395784 350 12%
c w 446.15 206 13 58 43590  1 1422294 58851 1.4 16 11 4 11 22% 395784 350 12%
c x 446.42 206 13 58 43590  1 1422294 58847 1.4 16 11 4 11 22% 395764 350 12%
c # 449.55 206 13 58 44538  1 1431096 64349 1.4 16 11 4 11 22% 395764 350 12%
c - 462.79 173 13 59 47589  1 1469920 67127 1.4 16 11 4 11 21% 395764 350 12%
c p 462.83 173 13 59 47589  1 1469920 67135 1.4 16 11 4 11 21% 395764 350 12%
c u 463.19 173 13 59 47589  1 1469920 67037 1.4 16 11 4 11 21% 395764 350 12%
c v 463.36 173 13 59 47589  1 1469920 67012 1.4 16 11 4 11 21% 395764 350 12%
c w 463.44 173 13 59 47589  1 1469920 67001 1.4 16 11 4 11 21% 395764 350 12%
c x 463.69 173 13 59 47589  1 1469920 67000 1.4 16 11 4 11 21% 395711 350 12%
c B 468.88 173 13 59 48744  1 1485099 75654 1.4 16 11 4 11 21% 395711 350 12%
c - 479.99 206 13 60 51011  1 1518338 69352 1.4 16 11 4 10 21% 395711 350 12%
c p 480.02 206 13 60 51011  1 1518338 69360 1.4 16 11 4 10 21% 395711 350 12%
c u 480.39 206 13 60 51011  1 1518338 69276 1.4 16 11 4 10 21% 395711 350 12%
c 
c  seconds    reductions     conflicts         size   tier2        variables
c           MB      restarts        redundant     glue    trail        remaining
c            level        rate           size/glue  tier1   irredundant
c 
c v 480.56 206 13 60 51011  1 1518338 69260 1.4 16 11 4 10 21% 395711 350 12%
c w 480.64 206 13 60 51011  1 1518338 69242 1.4 16 11 4 10 21% 395711 350 12%
c x 480.90 206 13 60 51011  1 1518338 69242 1.4 16 11 4 10 21% 395693 350 12%
c W 489.82 206 13 60 52756  1 1540100 82078 1.4 16 11 4 10 21% 395693 350 12%
c - 497.44 173 13 61 53562  1 1567549 73393 1.4 15 11 4 10 21% 395693 350 12%
c p 497.48 173 13 61 53562  1 1567549 73401 1.4 15 11 4 10 21% 395693 350 12%
c u 497.81 173 13 61 53562  1 1567549 73337 1.4 15 11 4 10 21% 395693 350 12%
c v 497.97 173 13 61 53562  1 1567549 73325 1.4 15 11 4 10 21% 395693 350 12%
c w 498.05 173 13 61 53562  1 1567549 73322 1.4 15 11 4 10 21% 395693 350 12%
c x 498.29 173 13 61 53562  1 1567549 73320 1.4 15 11 4 10 21% 395635 350 12%
c } 504.85 173 13 61 55213  1 1588321 85239 1.4 16 11 4 10 21% 395635 350 12%
c [ 504.85 173 15 61 55213  1 1588321 85239 1.5 18 12 6 14 22% 395635 350 12%
c W 507.13 173 15 61 55216  1 1596101 90569 1.5 19 12 6 14 22% 395635 350 12%
c - 511.67 207 15 62 55227  1 1617548 74643 1.5 18 12 6 14 22% 395635 350 12%
c p 511.70 207 15 62 55227  1 1617548 74651 1.5 18 12 6 14 22% 395635 350 12%
c u 512.00 207 15 62 55227  1 1617548 74575 1.5 18 12 6 14 22% 395635 350 12%
c v 512.16 207 15 62 55227  1 1617548 74570 1.5 18 12 6 14 22% 395635 350 12%
c w 512.24 207 15 62 55227  1 1617548 74566 1.5 18 12 6 14 22% 395635 350 12%
c x 512.45 207 15 62 55227  1 1617548 74565 1.5 18 12 6 14 22% 395605 350 12%
c s 512.97 207 15 62 55228  1 1618725 75250 1.5 18 12 6 14 22% 394419 350 12%
c 
c  seconds    reductions     conflicts         size   tier2        variables
c           MB      restarts        redundant     glue    trail        remaining
c            level        rate           size/glue  tier1   irredundant
c 
c e 513.05 207 15 62 55228  1 1618725 75250 1.5 18 12 6 14 22% 394418 349 12%
c s 513.21 207 15 62 55228  1 1618725 75192 1.5 18 12 6 14 22% 393924 349 12%
c O 520.54 207 14 62 55230  1 1653102 93908 1.5 18 12 6 14 22% 393924 349 12%
c - 524.32 173 14 63 55230  1 1668333 75047 1.5 17 11 6 14 22% 393924 349 12%
c p 524.35 173 14 63 55230  1 1668333 75054 1.5 17 11 6 14 22% 393924 349 12%
c u 524.72 173 14 63 55230  1 1668333 74914 1.5 17 11 6 14 22% 393924 349 12%
c v 524.91 173 14 63 55230  1 1668333 74898 1.5 17 11 6 14 22% 393924 349 12%
c w 525.01 173 14 63 55230  1 1668333 74877 1.5 17 11 6 14 22% 393924 349 12%
c B 534.69 173 13 63 55231  1 1711103 100032 1.5 17 11 6 14 22% 393924 349 12%
c - 536.95 207 13 64 55231  1 1719848 80966 1.5 17 11 6 14 22% 393924 349 12%
c p 536.99 207 13 64 55231  1 1719848 80975 1.5 17 11 6 14 22% 393924 349 12%
c u 537.32 207 13 64 55231  1 1719848 80945 1.5 17 11 6 14 22% 393924 349 12%
c v 537.48 207 13 64 55231  1 1719848 80901 1.5 17 11 6 14 22% 393924 349 12%
c w 537.55 207 13 64 55231  1 1719848 80878 1.5 17 11 6 14 22% 393924 349 12%
c x 537.76 207 13 64 55231  1 1719848 80877 1.5 17 11 6 14 22% 393728 349 12%
c W 549.24 207 13 64 55232  1 1770110 109332 1.5 16 11 6 14 21% 393728 349 12%
c - 549.92 173 12 65 55232  1 1772154 86322 1.5 16 11 6 14 21% 393728 349 12%
c p 549.97 173 12 65 55232  1 1772154 86332 1.5 16 11 6 14 21% 393728 349 12%
c u 550.28 173 12 65 55232  1 1772154 86282 1.5 16 11 6 14 21% 393728 349 12%
c v 550.41 173 12 65 55232  1 1772154 86260 1.5 16 11 6 14 21% 393728 349 12%
c 
c  seconds    reductions     conflicts         size   tier2        variables
c           MB      restarts        redundant     glue    trail        remaining
c            level        rate           size/glue  tier1   irredundant
c 
c w 550.48 173 12 65 55232  1 1772154 86225 1.5 16 11 6 14 21% 393728 349 12%
c x 550.68 173 12 65 55232  1 1772154 86222 1.5 16 11 6 14 21% 393647 349 12%
c i 558.65 173 12 65 55232  1 1814752 111219 1.5 16 10 6 14 21% 393647 339 11%
c i 559.10 173 12 65 55232  1 1817168 112650 1.5 15 10 6 14 21% 393647 337 11%
c i 559.26 173 12 65 55232  1 1817717 112941 1.5 15 10 6 14 21% 393647 329 11%
c i 559.26 173 12 65 55232  1 1817718 112941 1.5 15 10 6 14 21% 393647 324 11%
c i 559.28 173 12 65 55232  1 1817781 112955 1.5 15 10 6 14 21% 393647 319 11%
c i 559.28 173 12 65 55232  1 1817787 112956 1.5 15 10 6 14 21% 393647 318 11%
c ] 559.28 173 12 65 55232  1 1817789 112956 1.5 15 10 6 14 21% 393647 294 10%
c 0 559.28 173 12 65 55232  1 1817789 112956 1.5 15 10 6 14 21% 393647 294 10%
c 
c --- [ closing proof ] ------------------------------------------------------
c 
c LRAT proof file '/root/earth-moon/population/f034-a4-cert/cs-a4_m04c/r/n105_n94_p136_p143/round-0/F.lrat' closed
c LRAT 2564174 added clauses 47.16%
c LRAT 2872453 deleted clauses 52.84%
c LRAT 466030302 bytes (444.44 MB)
c 
c --- [ result ] -------------------------------------------------------------
c 
s UNSATISFIABLE
c 
c --- [ run-time profiling ] -------------------------------------------------
c 
c process time taken by individual solving procedures
c (percentage relative to process time for solving)
c 
c       518.05   92.72% search
c       294.89   52.78% unstable
c       201.16   36.00% stable
c        40.66    7.28% simplify
c        27.75    4.97% vivify
c        21.81    3.90% walk
c         5.91    1.06% sweep
c         2.25    0.40% elim
c         1.92    0.34% subsume
c         1.11    0.20% probe
c         0.56    0.10% parse
c         0.50    0.09% ternary
c         0.38    0.07% congruence
c         0.19    0.03% lucky
c         0.00    0.00% backbone
c   =================================
c       558.71   99.90% solve
c 
c last line shows process time for solving
c (percentage relative to total process time)
c 
c --- [ statistics ] ---------------------------------------------------------
c 
c chronological:            178667         9.83 %  of conflicts
c conflicts:               1817789      3253.52    per second
c backbone:                 108527      3661.50 %  of vars
c decisions:               2185794      3912.19    per second
c eliminated:                 2173        73.31 %  of all variables
c fixed:                       496        16.73 %  of all variables
c learned:                 1784137        98.15 %  per conflict
c learned_lits:           44120901       100.00 %  learned literals
c minimized:                     0         0.00 %  learned literals
c shrunken:                9573043        21.70 %  learned literals
c minishrunken:            2688471         6.09 %  learned literals
c otfs:                      14747         0.81 %  of conflict
c propagations:           25346335         0.05 M  per second
c reduced:                 1005517        55.32 %  per conflict
c rephased:                     59     30809.98    interval
c restarts:                  55232        32.91    interval
c stabilizing:                  10        55.20 %  of conflicts
c substituted:                   1         0.03 %  of all variables
c subsumed:                 628166        25.79 %  of all clauses
c strengthened:              71831         2.95 %  of all clauses
c ticks:               25342779605      1020.33    propagation
c vivified:                   9269         0.38 %  of all clauses
c walked:                       19     95673.11    interval
c weakened:                   5232         2.49    average size
c congruence:                   10    181778.90    interval
c 
c seconds are measured in process time for solving
c 
c --- [ glue usage ] ---------------------------------------------------------
c 
c focused glue 4 used 201119 clauses 7.960% accumulated 51.26% tier1
c focused glue 5 used 157646 clauses 6.240% accumulated 57.50%
c focused glue 6-8 used 374403 clauses 14.82% accumulated 72.32%
c focused glue 9 used 132521 clauses 5.245% accumulated 77.57%
c focused glue 10 used 125000 clauses 4.947% accumulated 82.52% tier2
c 
c stable glue 6 used 151579 clauses 4.403% accumulated 54.10% tier1
c stable glue 7 used 154002 clauses 4.474% accumulated 58.58%
c stable glue 8-11 used 659658 clauses 19.16% accumulated 77.74%
c stable glue 12 used 146466 clauses 4.255% accumulated 82.00%
c stable glue 13 used 128457 clauses 3.732% accumulated 85.73% tier2
c 
c 
c --- [ resources ] ----------------------------------------------------------
c 
c total process time since initialization:       559.28    seconds
c total real time since initialization:          559.44    seconds
c maximum resident set size of process:          255.07    MB
c 
c --- [ shutting down ] ------------------------------------------------------
c 
c exit 20

[rc=20 559.5s]
$ /root/earth-moon/verifier/../tools/drat-trim/lrat-check /root/earth-moon/population/f034-a4-cert/cs-a4_m04c/r/n105_n94_p136_p143/round-0/F.cnf /root/earth-moon/population/f034-a4-cert/cs-a4_m04c/r/n105_n94_p136_p143/round-0/F.lrat
c parsed a formula with 2964 variables and 815379 clauses
c VERIFIED
c allocated 1024 18575347 66690
c Added clauses = 3379553.  Deleted clauses = 2872453.  Max live clauses = 815379
c verification time = 7.53 secs

[rc=0 7.5s]
