# lean_static_resolve 2026-09-25 21:51:53
# dump=/Users/ivanspogreev/earth-moon/population/f034-a4-cert/split-m07/dump.jsonl raw=2525806 dedup=2525806 footer={'type': 'footer', 'verdict': 'UNSAT', 'counts': {'preseed': 9556, 'prop': 2516250, 'model': 0}, 'stats': {'checks': 27068821, 'confl': 1258125, 'model_rej': 0}, 'time': '2026-09-25T21:06:59-0700'}
# counters=False
# cube=[-53, -151, 73, -86]
$ /opt/homebrew/bin/cadical --lrat --no-binary --no-factor /Users/ivanspogreev/earth-moon/population/f034-a4-cert/split-m07/c14/round-0/F.cnf /Users/ivanspogreev/earth-moon/population/f034-a4-cert/split-m07/c14/round-0/F.lrat
c --- [ banner ] -------------------------------------------------------------
c 
c CaDiCaL SAT Solver
c Copyright (c) 2016-2026
c A. Biere, M. Fleury, N. Froleyks, K. Fazekas, F. Pollitt, T. Faller
c JKU Linz, University of Freiburg, TU Wien
c 
c Version 3.0.1
c Apple clang version 16.0.0 (clang-1600.0.26.6) -Wall -Wextra -O3 -DNDEBUG -std=c++11 -DNCLOSEFROM
c Sun Jul 19 15:40:55 UTC 2026 Darwin Sonoma-arm64.local 23.6.0 arm64
c 
c --- [ proof tracing ] ------------------------------------------------------
c 
c opening file to write '/Users/ivanspogreev/earth-moon/population/f034-a4-cert/split-m07/c14/round-0/F.lrat'
c writing non-binary proof trace to '/Users/ivanspogreev/earth-moon/population/f034-a4-cert/split-m07/c14/round-0/F.lrat'
c 
c --- [ parsing input ] ------------------------------------------------------
c 
c reading DIMACS file from '/Users/ivanspogreev/earth-moon/population/f034-a4-cert/split-m07/c14/round-0/F.cnf'
c opening file to read '/Users/ivanspogreev/earth-moon/population/f034-a4-cert/split-m07/c14/round-0/F.cnf'
c found 'p cnf 3276 2535151' header
c parsed 2535151 clauses in 1.49 seconds process time
c 
c --- [ options ] ------------------------------------------------------------
c 
c   --binary=false                 (different from default 'true')
c   --lrat=true                    (different from default 'false')
c 
c --- [ solving ] ------------------------------------------------------------
c 
c time measured in process time since initialization
c 
c  seconds  reduction conflicts       size tier2        variables
c         MB    restarts   redundant    glue  trail          remaining
c          level     rate       size/glu tier1   irredundant
c 
c *  1.49  0  0 0   0  0    0    0 0.0 0 0 2 6  0% 1359084 3233 99%
c )  1.51  0  0 0   0  0    0    0 0.0 0 0 2 6  0% 1359084 3233 99%
c {  1.52  0  0 0   0  0    0    0 0.0 0 0 2 6  0% 1359084 3233 99%
c i  1.67  0 417 0   8 19  154  118 1.7 17 10 2 6 26% 1359062 3232 99%
c i  1.72  0 312 0  22 16  211  147 1.6 17 11 2 6 22% 1359045 3224 98%
c i  1.72  0 311 0  22 16  212  147 1.6 17 11 2 6 22% 1359045 3223 98%
c i  1.72  0 309 0  22 16  213  147 1.6 17 11 2 6 22% 1359045 3222 98%
c i  1.72  0 291 0  22 15  229  150 1.6 17 10 2 6 21% 1359038 3221 98%
c i  1.72  0 283 0  22 15  236  152 1.6 16 10 2 6 20% 1359035 3220 98%
c i  1.72  0 280 0  22 15  239  153 1.6 16 10 2 6 20% 1359034 3219 98%
c i  1.72  0 277 0  22 15  243  153 1.6 16 10 2 6 20% 1359033 3206 98%
c i  1.75  0 252 0  25 14  270  169 1.5 17 11 2 6 19% 1359030 3205 98%
c i  1.76  0 247 0  27 14  277  173 1.5 17 11 2 6 19% 1359028 3199 98%
c -  1.84  0 230 1  33 14  301   73 1.5 17 11 2 6 19% 1358964 3199 98%
c i  1.86  0 175 1  40 11  425  151 1.5 16 11 2 6 18% 1358936 3198 98%
c i  1.86  0 175 1  40 11  427  152 1.5 16 11 2 6 18% 1358936 3197 98%
c i  1.86  0 174 1  40 11  428  152 1.5 16 11 2 6 18% 1358936 3196 98%
c i  1.92  0 160 1  50 11  478  189 1.4 17 12 2 6 18% 1358929 3195 98%
c i  1.92  0 159 1  50 11  480  190 1.4 17 12 2 6 17% 1358929 3189 97%
c i  1.92  0 158 1  51 11  482  191 1.4 17 12 2 6 17% 1358929 3188 97%
c 
c  seconds   reduction conflicts       size   tier2        variables
c         MB     restarts   redundant     glue   trail          remaining
c           level     rate       size/glue  tier1   irredundant
c 
c i  1.92  0 158 1  51 11  483  191 1.4 17 12 2 6 17% 1358929 3187 97%
c i  1.92  0 158 1  52 11  484  191 1.4 17 12 2 6 17% 1358929 3183 97%
c i  1.94  0 144 1  61 10  540  217 1.4 17 12 2 6 17% 1358912 3168 97%
c i  1.94  0 140 1  61 10  560  224 1.4 17 12 2 6 17% 1358901 3147 96%
c i  1.98  0 127 1  69  9  650  259 1.4 16 12 2 6 17% 1358857 3146 96%
c i  1.98  0 127 1  69  9  652  259 1.4 16 12 2 6 17% 1358857 3134 96%
c i  1.98  0 126 1  69  9  654  259 1.4 16 12 2 6 17% 1358856 3116 95%
c i  2.07  0 110 1  88  9  807  334 1.4 17 12 2 6 17% 1358801 3115 95%
c i  2.07  0 110 1  88  9  808  334 1.4 17 12 2 6 17% 1358801 3114 95%
c i  2.07  0 110 1  88  9  809  334 1.4 17 12 2 6 17% 1358801 3113 95%
c }  2.07  0 91 1  88  7 1002  445 1.4 16 11 2 6 16% 1358774 3113 95%
c [  2.07  0  0 1  88  0 1002  445 0.0 0 0 2 6  0% 1358774 3113 95%
c O  2.07  0  4 1  88  5 1003  446 1.7 5 3 2 6 14% 1358774 3113 95%
c i  2.07  0  2 1  88  1 1015  450 1.7 3 2 2 6 13% 1358771 3107 95%
c -  2.47  0 42 2  88  1 1227  232 2.1 21 10 2 6 28% 1357986 3107 95%
c ]  2.71  0 54 2  88  1 1981  854 2.4 24 10 2 6 34% 1357955 3107 95%
c {  2.71  0 91 2  88  7 1981  854 1.4 16 11 2 6 16% 1357955 3107 95%
c i  2.82  0 78 2  95  5 2527 1301 1.9 19 10 2 6 22% 1357939 3086 94%
c i  3.10  0 70 2 191  6 2928 1566 1.7 20 12 2 6 21% 1357857 3084 94%
c O  3.16  0 70 2 209  7 3007 1604 1.7 20 12 2 6 21% 1357822 3084 94%
c 
c  seconds  reduction conflicts       size   tier2        variables
c         MB    restarts   redundant     glue   trail          remaining
c          level     rate       size/glue  tier1   irredundant
c 
c i  3.19  0 70 2 213  7 3021 1611 1.7 20 12 2 6 21% 1357818 3038 93%
c i  3.20  0 70 2 216  7 3033 1618 1.7 20 12 2 6 21% 1357815 3037 93%
c -  3.42  0 69 3 230  7 3094  802 1.7 20 12 2 6 21% 1357730 3037 93%
c i  3.47  0 67 3 249  7 3176  843 1.7 20 12 2 6 21% 1357705 3035 93%
c i  3.47  0 67 3 250  7 3178  843 1.7 20 12 2 6 21% 1357705 3029 92%
c i  3.47  0 67 3 250  7 3179  843 1.7 20 12 2 6 21% 1357705 3027 92%
c i  3.47  0 67 3 250  7 3199  849 1.7 20 12 2 6 21% 1357693 3026 92%
c i  3.68  0 63 3 301  7 3490 1061 1.6 20 12 2 6 20% 1357670 3025 92%
c i  3.79  0 61 3 331  6 3696 1224 1.6 20 12 2 6 20% 1357660 3023 92%
c i  3.80  0 61 3 337  6 3716 1238 1.6 20 13 2 6 20% 1357656 2975 91%
c 2  3.82  0 60 3 350  6 3762 1278 1.6 20 13 2 6 20% 1357656 2964 90%
c d  3.88  0 60 3 350  6 3762 1259 1.6 20 13 2 6 20% 1357563 2963 90%
c p  3.90  0 60 3 350  6 3762 1277 1.6 20 13 2 6 20% 1357563 2963 90%
c t  4.27  0 60 3 350  6 3762 1273 1.6 20 13 2 6 20% 1357588 2955 90%
c i  4.57  0 54 3 425  6 4251 1639 1.6 21 13 2 6 19% 1357579 2938 90%
c i  4.84  0 54 3 432  6 4335 1688 1.6 21 13 2 6 21% 1357533 2918 89%
c i  5.25  0 48 3 521  5 5184 2321 1.6 21 13 9 17 10% 1357492 2905 89%
c i  5.26  0 48 3 532  5 5225 2342 1.5 21 13 9 17 10% 1357482 2901 89%
c i  5.30  0 48 3 544  5 5267 2379 1.5 21 13 9 17 10% 1357480 2871 88%
c i  5.38  0 47 3 588  5 5467 2519 1.5 21 13 9 17 11% 1357458 2870 88%
c 
c  seconds  reduction conflicts       size   tier2         variables
c         MB    restarts   redundant     glue    trail          remaining
c          level     rate       size/glue  tier1    irredundant
c 
c i  5.39  0 47 3 588  5 5470 2520 1.5 21 13 9 17 11% 1357457 2856 87%
c i  5.39  0 47 3 588  5 5471 2520 1.5 21 13 9 17 11% 1357457 2855 87%
c i  5.39  0 47 3 588  5 5472 2520 1.5 21 13 9 17 11% 1357457 2852 87%
c i  5.39  0 47 3 588  5 5475 2520 1.5 21 13 9 17 11% 1357456 2846 87%
c }  5.42  0 47 3 588  5 5513 2547 1.5 21 13 9 17 11% 1357452 2846 87%
c [  5.42  0 54 3 588  1 5513 2547 2.4 24 10 2 6 37% 1357452 2846 87%
c I  5.56  0 48 3 589  1 6009 2977 1.9 26 14 2 6 30% 1357452 2846 87%
c -  5.78  0 47 4 589  1 6059 2432 1.9 25 14 11 20 29% 1357351 2846 87%
c 2  5.88  0 44 4 589  1 6263 2571 1.8 24 14 11 20 27% 1357351 2839 87%
c d  5.94  0 44 4 589  1 6263 2571 1.8 24 14 11 20 27% 1357335 2838 87%
c k  5.95  0 44 4 589  1 6263 2571 1.8 24 14 11 20 27% 1357335 2834 87%
c 2  5.95  0 44 4 589  1 6263 2571 1.8 24 14 11 20 27% 1357334 2834 87%
c i  6.38  0 29 4 590  1 7959 3441 1.6 20 13 11 15 17% 1357334 2815 86%
c i  6.39  0 30 4 590  1 8036 3475 1.6 20 13 11 15 18% 1357306 2814 86%
c i  6.39  0 30 4 590  1 8064 3484 1.6 20 13 11 15 18% 1357294 2813 86%
c i  6.69  0 31 4 591  1 8835 4080 1.5 22 15 11 15 17% 1357279 2812 86%
c B  6.97  0 31 4 592  1 10010 4855 1.4 23 16 11 18 16% 1357276 2812 86%
c i  7.02  0 31 4 592  1 10163 4972 1.4 23 16 11 18 16% 1357275 2768 84%
c -  7.19  0 31 5 592  1 10207 4206 1.4 23 16 11 18 16% 1357196 2768 84%
c 2  7.19  0 31 5 592  1 10207 4206 1.4 23 16 11 18 16% 1357196 2765 84%
c 
c  seconds  reductions conflicts       size    tier2         variables
c         MB    restarts    redundant     glue     trail          remaining
c          level     rate        size/glue  tier1     irredundant
c 
c ]  7.68  0 30 5 592  1 10643 4513 1.4 23 17 11 18 16% 1357182 2765 84%
c {  7.68  0 47 5 592  5 10643 4513 1.5 21 13 9 17 11% 1357182 2765 84%
c #  8.99  0 33 5 977  3 15012 7645 1.5 22 14 10 17 15% 1357160 2765 84%
c -  9.33  0 32 6 990  3 15595 6625 1.6 22 14 10 17 16% 1357158 2765 84%
c 2  9.33  0 32 6 990  3 15595 6625 1.6 22 14 10 17 16% 1357158 2761 84%
c s  9.77  0 30 6 1013  3 17433 8064 1.6 23 14 10 17 16% 1357072 2761 84%
c t  9.80  0 30 6 1013  3 17433 8063 1.6 23 14 10 17 16% 1357043 2761 84%
c e 10.04  0 30 6 1013  3 17433 7533 1.6 23 14 10 17 16% 1353237 652 20%
c s 10.08  0 30 6 1013  3 17433 7532 1.6 23 14 10 17 16% 1353180 652 20%
c B 11.38  0 26 6 1177  2 21013 9955 1.6 22 14 10 17 17% 1353180 652 20%
c - 11.80  0 26 7 1238  2 22251 8428 1.6 23 14 9 15 17% 1353180 652 20%
c 2 11.80  0 26 7 1238  2 22251 8427 1.6 23 14 9 15 17% 1353180 652 20%
c u 11.98  0 26 7 1238  2 22251 8404 1.6 23 14 9 15 17% 1353180 652 20%
c v 12.05  0 26 7 1238  2 22251 8396 1.6 23 14 9 15 17% 1353180 652 20%
c w 12.09  0 26 7 1238  2 22251 8395 1.6 23 14 9 15 17% 1353180 652 20%
c x 12.19  0 26 7 1238  2 22251 8394 1.6 23 14 9 15 17% 1353179 652 20%
c t 12.20  0 26 7 1238  2 22251 8392 1.6 23 14 9 15 17% 1353179 652 20%
c } 13.01  0 24 7 1347  2 25557 10675 1.6 22 14 9 15 16% 1353179 652 20%
c [ 13.01  0 30 7 1347  1 25557 10675 1.4 23 17 11 18 71% 1353179 652 20%
c W 14.02  0 26 7 1349  1 28014 12255 1.5 22 15 11 18 55% 1353179 652 20%
c 
c  seconds  reductions  conflicts        size    tier2         variables
c         MB    restarts      redundant     glue     trail         remaining
c          level      rate         size/glue  tier1     irredundant
c 
c - 14.48  0 26 8 1349  1 30200 10752 1.4 24 16 11 18 47% 1353179 652 20%
c O 15.81  0 25 8 1352  1 36017 15202 1.5 25 17 11 18 36% 1353200 652 20%
c - 16.44  0 24 9 1355  1 39458 11653 1.5 25 17 9 20 32% 1353200 652 20%
c ] 17.03  0 23 9 1356  1 43710 14457 1.5 24 17 9 20 29% 1353200 652 20%
c { 17.03  0 24 9 1356  2 43710 14457 1.6 22 14 9 15 16% 1353200 652 20%
c W 17.55  0 24 9 1399  2 45018 15294 1.6 22 14 9 15 16% 1353200 652 20%
c - 18.61  0 22 10 1532  2 50043 14252 1.7 22 14 9 15 16% 1353200 652 20%
c F 20.91  0 21 10 2185  2 55022 17815 1.6 22 14 9 15 16% 1353200 652 20%
c s 22.90  0 20 10 2587  2 61512 22324 1.6 22 14 9 15 16% 1353157 652 20%
c s 23.19  0 20 10 2587  2 61512 22322 1.6 22 14 9 15 16% 1353121 652 20%
c - 23.62  0 20 11 2587  2 61962 18187 1.6 22 14 9 15 16% 1353121 652 20%
c p 23.67  0 20 11 2587  2 61962 18197 1.6 22 14 9 15 16% 1353121 652 20%
c u 23.91  0 20 11 2587  2 61962 18127 1.6 22 14 9 15 16% 1353121 652 20%
c v 24.01  0 20 11 2587  2 61962 18121 1.6 22 14 9 15 16% 1353121 652 20%
c w 24.06  0 20 11 2587  2 61962 18118 1.6 22 14 9 15 16% 1353121 652 20%
c x 24.19  0 20 11 2587  2 61962 18118 1.6 22 14 9 15 16% 1353121 652 20%
c B 25.21  0 20 11 2670  2 66023 21050 1.6 22 13 9 15 16% 1353121 652 20%
c } 25.78  0 19 11 2759  2 67496 22025 1.6 22 13 9 15 16% 1353121 652 20%
c [ 25.78  0 23 11 2759  1 67496 22025 1.5 24 17 9 20 29% 1353121 652 20%
c - 27.44  0 21 12 2760  1 75226 21405 1.5 24 16 9 19 26% 1353121 652 20%
c 
c  seconds  reductions   conflicts        size   tier2         variables
c         MB     restarts      redundant     glue    trail         remaining
c          level       rate         size/glue  tier1    irredundant
c 
c p 27.47  0 21 12 2760  1 75226 21420 1.5 24 16 9 19 26% 1353121 652 20%
c B 28.76  0 21 12 2762  1 78024 23567 1.5 24 16 9 19 25% 1353121 652 20%
c - 30.84  0 21 13 2768  1 89840 22997 1.5 25 16 9 19 23% 1353121 652 20%
c p 30.87  0 21 13 2768  1 89840 23006 1.5 25 16 9 19 23% 1353121 652 20%
c u 31.08  0 21 13 2768  1 89840 22994 1.5 25 16 9 19 23% 1353121 652 20%
c v 31.17  0 21 13 2768  1 89840 22994 1.5 25 16 9 19 23% 1353121 652 20%
c w 31.21  0 21 13 2768  1 89840 22994 1.5 25 16 9 19 23% 1353121 652 20%
c x 31.33  0 21 13 2768  1 89840 22994 1.5 25 16 9 19 23% 1353118 652 20%
c ] 31.54  0 21 13 2769  1 90440 23394 1.5 25 17 9 19 23% 1353118 652 20%
c { 31.54  0 19 13 2769  2 90440 23394 1.6 22 13 9 15 16% 1353118 652 20%
c W 32.60  0 19 13 2907  2 91025 23846 1.6 22 13 9 15 16% 1353118 652 20%
c # 36.16  0 19 13 3711  2 105029 33128 1.6 22 13 9 15 16% 1353118 652 20%
c - 36.44  0 18 14 3734  2 105810 26673 1.6 22 13 9 15 16% 1353118 652 20%
c p 36.47  0 18 14 3734  2 105810 26684 1.6 22 13 9 15 16% 1353118 652 20%
c B 39.69  0 18 14 4328  1 120033 35678 1.6 21 13 9 15 16% 1353118 652 20%
c - 41.04  0 18 15 4849  2 123143 31766 1.6 21 13 9 15 16% 1353118 652 20%
c p 41.09  0 18 15 4849  2 123143 31774 1.6 21 13 9 15 16% 1353118 652 20%
c u 41.29  0 18 15 4849  2 123143 31731 1.6 21 13 9 15 16% 1353118 652 20%
c v 41.37  0 18 15 4849  2 123143 31731 1.6 21 13 9 15 16% 1353118 652 20%
c w 41.41  0 18 15 4849  2 123143 31730 1.6 21 13 9 15 16% 1353118 652 20%
c 
c  seconds  reductions   conflicts         size   tier2         variables
c         MB     restarts       redundant     glue    trail         remaining
c          level       rate          size/glue  tier1    irredundant
c 
c x 41.52  0 18 15 4849  2 123143 31730 1.6 21 13 9 15 16% 1353116 652 20%
c s 42.56  0 18 15 4915  1 127628 34810 1.6 21 13 9 15 16% 1353004 652 20%
c e 42.80  0 18 15 4915  1 127628 34794 1.6 21 13 9 15 16% 1353000 649 20%
c s 42.85  0 18 15 4915  1 127628 34783 1.6 21 13 9 15 16% 1352868 649 20%
c } 43.54  0 17 15 4934  1 129400 36005 1.6 21 13 9 15 16% 1352868 649 20%
c [ 43.54  0 21 15 4934  1 129400 36005 1.5 25 17 9 19 23% 1352868 649 20%
c W 45.83  0 20 15 4938  1 136035 40726 1.5 25 16 9 19 22% 1352868 649 20%
c - 46.98  0 20 16 4940  1 141839 37234 1.6 25 16 10 18 21% 1352868 649 20%
c p 47.02  0 20 16 4940  1 141839 37242 1.6 25 16 10 18 21% 1352868 649 20%
c I 49.04  0 20 16 4941  1 153038 45228 1.5 25 16 10 18 20% 1352868 649 20%
c - 51.17  0 20 17 4941  1 161905 41078 1.6 24 16 10 18 19% 1352868 649 20%
c p 51.20  0 20 17 4941  1 161905 41083 1.6 24 16 10 18 19% 1352868 649 20%
c u 52.31  0 20 17 4941  1 161905 41063 1.6 24 16 10 18 19% 1352869 649 20%
c v 52.42  0 20 17 4941  1 161905 41060 1.6 24 16 10 18 19% 1352869 649 20%
c w 52.47  0 20 17 4941  1 161905 41058 1.6 24 16 10 18 19% 1352869 649 20%
c x 52.63  0 20 17 4941  1 161905 41058 1.6 24 16 10 18 19% 1352860 649 20%
c t 52.64  0 20 17 4941  1 161905 41058 1.6 24 16 10 18 19% 1352859 649 20%
c ] 54.14  0 20 17 4944  1 168668 46364 1.6 25 16 10 18 19% 1352859 649 20%
c { 54.14  0 17 17 4944  1 168668 46364 1.6 21 13 9 15 16% 1352859 649 20%
c W 55.64  0 17 17 5006  1 171040 47858 1.6 21 13 9 15 16% 1352859 649 20%
c 
c  seconds  reductions   conflicts         size   tier2         variables
c         MB     restarts       redundant     glue    trail         remaining
c          level       rate          size/glue  tier1    irredundant
c 
c - 59.48  0 17 18 6428  1 183343 44718 1.6 21 13 9 15 16% 1352859 649 20%
c p 59.53  0 17 18 6428  1 183343 44726 1.6 21 13 9 15 16% 1352859 649 20%
c F 60.99  0 17 18 6602  1 190042 48573 1.6 21 13 9 15 16% 1352859 649 20%
c - 64.39  0 17 19 7244  1 206159 40075 1.6 21 13 7 14 16% 1352859 649 20%
c p 64.42  0 17 19 7244  1 206159 40079 1.6 21 13 7 14 16% 1352859 649 20%
c u 64.68  0 17 19 7244  1 206159 40050 1.6 21 13 7 14 16% 1352859 649 20%
c v 64.80  0 17 19 7244  1 206159 40046 1.6 21 13 7 14 16% 1352859 649 20%
c w 64.86  0 17 19 7244  1 206159 40046 1.6 21 13 7 14 16% 1352859 649 20%
c x 65.02  0 17 19 7244  1 206159 40046 1.6 21 13 7 14 16% 1352856 649 20%
c B 66.09  0 17 19 7357  1 210044 42720 1.6 21 13 7 14 16% 1352856 649 20%
c s 67.35  0 17 19 7851  1 215833 46464 1.6 21 13 7 14 16% 1352744 649 20%
c s 67.67  0 17 19 7851  1 215833 46443 1.6 21 13 7 14 16% 1352662 649 20%
c } 70.58  0 17 19 8441  1 226169 53213 1.6 21 13 7 14 16% 1352662 649 20%
c [ 70.58  0 20 19 8441  1 226169 53213 1.6 25 16 10 18 19% 1352662 649 20%
c - 71.43  0 19 20 8444  1 230352 42430 1.6 24 15 10 18 19% 1352662 649 20%
c p 71.47  0 19 20 8444  1 230352 42437 1.6 24 15 10 18 19% 1352662 649 20%
c B 71.78  0 19 20 8444  1 231046 42953 1.6 24 15 10 18 19% 1352662 649 20%
c W 77.27  0 20 20 8453  1 253050 58528 1.6 25 16 10 18 18% 1352662 649 20%
c - 78.13  0 20 21 8453  1 255923 42070 1.6 25 16 10 18 18% 1352662 649 20%
c p 78.18  0 20 21 8453  1 255923 42074 1.6 25 16 10 18 18% 1352662 649 20%
c 
c  seconds  reductions   conflicts         size    tier2         variables
c         MB     restarts       redundant     glue     trail         remaining
c          level       rate          size/glue  tier1     irredundant
c 
c u 78.51  0 20 21 8453  1 255923 42027 1.6 25 16 10 18 18% 1352662 649 20%
c v 78.64  0 20 21 8453  1 255923 42026 1.6 25 16 10 18 18% 1352662 649 20%
c w 78.70  0 20 21 8453  1 255923 42026 1.6 25 16 10 18 18% 1352662 649 20%
c x 78.87  0 20 21 8453  1 255923 42026 1.6 25 16 10 18 18% 1352654 649 20%
c O 82.30  0 20 21 8466  1 276052 56125 1.5 25 16 8 17 18% 1352654 649 20%
c - 83.91  0 20 22 8468  1 282878 39904 1.5 25 16 8 17 18% 1352654 649 20%
c p 83.96  0 20 22 8468  1 282878 39911 1.5 25 16 8 17 18% 1352654 649 20%
c ] 84.20  0 20 22 8468  1 283860 40739 1.5 25 16 8 17 18% 1352654 649 20%
c { 84.20  0 17 22 8468  1 283860 40739 1.6 21 13 7 14 16% 1352654 649 20%
c W 89.67  0 17 22 9699  1 300055 52310 1.6 21 13 7 14 16% 1352654 649 20%
c - 92.74  0 16 23 10337  1 311215 44242 1.6 21 13 7 14 15% 1352654 649 20%
c p 92.81  0 16 23 10337  1 311215 44248 1.6 21 13 7 14 15% 1352654 649 20%
c u 94.50  0 16 23 10337  1 311215 44184 1.6 21 13 7 14 15% 1352655 649 20%
c v 94.67  0 16 23 10337  1 311215 44178 1.6 21 13 7 14 15% 1352655 649 20%
c w 94.76  0 16 23 10337  1 311215 44177 1.6 21 13 7 14 15% 1352655 649 20%
c x 95.00  0 16 23 10337  1 311215 44177 1.6 21 13 7 14 15% 1352644 649 20%
c t 95.01  0 16 23 10337  1 311215 44177 1.6 21 13 7 14 15% 1352643 649 20%
c # 98.52  0 16 23 10694  1 325057 52187 1.6 20 13 7 14 15% 1352643 649 20%
c s 98.89  0 16 23 10705  1 326089 52990 1.6 20 13 7 14 15% 1352293 649 20%
c s 99.22  0 16 23 10705  1 326089 52983 1.6 20 13 7 14 15% 1351947 649 20%
c 
c  seconds   reductions    conflicts         size   tier2         variables
c          MB      restarts       redundant     glue    trail         remaining
c           level        rate          size/glue  tier1    irredundant
c 
c - 103.85  0 16 24 11736  1 340936 50097 1.6 21 13 7 13 15% 1351947 649 20%
c p 103.90  0 16 24 11736  1 340936 50104 1.6 21 13 7 13 15% 1351947 649 20%
c u 104.09  0 16 24 11736  1 340936 50075 1.6 21 13 7 13 15% 1351947 649 20%
c v 104.15  0 16 24 11736  1 340936 50066 1.6 21 13 7 13 15% 1351947 649 20%
c w 104.18  0 16 24 11736  1 340936 50066 1.6 21 13 7 13 15% 1351947 649 20%
c x 104.29  0 16 24 11736  1 340936 50066 1.6 21 13 7 13 15% 1351947 649 20%
c B 107.38  0 16 24 12937  1 351060 56751 1.6 21 13 7 13 15% 1351947 649 20%
c } 109.47  0 16 24 13427  1 357293 60996 1.6 21 13 7 13 15% 1351947 649 20%
c [ 109.47  0 20 24 13427  1 357293 60996 1.5 25 16 8 17 18% 1351947 649 20%
c - 112.00  0 20 25 13428  1 372042 52443 1.5 25 16 8 17 18% 1351947 649 20%
c p 112.07  0 20 25 13428  1 372042 52449 1.5 25 16 8 17 18% 1351947 649 20%
c u 112.30  0 20 25 13428  1 372042 52435 1.5 25 16 8 17 18% 1351947 649 20%
c v 112.39  0 20 25 13428  1 372042 52433 1.5 25 16 8 17 18% 1351947 649 20%
c w 112.43  0 20 25 13428  1 372042 52433 1.5 25 16 8 17 18% 1351947 649 20%
c x 112.55  0 20 25 13428  1 372042 52433 1.5 25 16 8 17 18% 1351944 649 20%
c B 113.63  0 20 25 13428  1 378064 56588 1.5 25 16 8 17 17% 1351944 649 20%
c - 118.02  0 19 26 13429  1 404535 54518 1.5 24 16 8 17 17% 1351944 649 20%
c p 118.07  0 19 26 13429  1 404535 54523 1.5 24 16 8 17 17% 1351944 649 20%
c u 118.28  0 19 26 13429  1 404535 54494 1.5 24 16 8 17 17% 1351944 649 20%
c v 118.36  0 19 26 13429  1 404535 54491 1.5 24 16 8 17 17% 1351944 649 20%
c 
c  seconds   reductions    conflicts         size   tier2         variables
c          MB      restarts       redundant     glue    trail         remaining
c           level        rate          size/glue  tier1    irredundant
c 
c w 118.39  0 19 26 13429  1 404535 54491 1.5 24 16 8 17 17% 1351944 649 20%
c x 118.51  0 19 26 13429  1 404535 54491 1.5 24 16 8 17 17% 1351941 649 20%
c W 121.08  0 19 26 13429  1 406068 55615 1.5 24 16 8 17 17% 1351941 649 20%
c I 126.77  0 19 26 13443  1 435075 75791 1.6 24 15 8 17 17% 1351941 649 20%
c ] 127.67  0 19 26 13444  1 437931 77763 1.6 24 15 8 17 17% 1351941 649 20%
c { 127.67  0 16 26 13444  1 437931 77763 1.6 21 13 7 13 15% 1351941 649 20%
c - 127.95  0 16 27 13486  1 438420 57870 1.6 21 13 7 13 15% 1351941 649 20%
c p 128.01  0 16 27 13486  1 438420 57875 1.6 21 13 7 13 15% 1351941 649 20%
c u 128.27  0 16 27 13486  1 438420 57855 1.6 21 13 7 13 15% 1351941 649 20%
c v 128.37  0 16 27 13486  1 438420 57847 1.6 21 13 7 13 15% 1351941 649 20%
c w 128.41  0 16 27 13486  1 438420 57847 1.6 21 13 7 13 15% 1351941 649 20%
c x 128.55  0 16 27 13486  1 438420 57847 1.6 21 13 7 13 15% 1351932 649 20%
c s 133.03  0 16 27 13806  1 458386 69666 1.6 20 13 7 13 15% 1351621 649 20%
c s 133.38  0 16 27 13806  1 458386 69655 1.6 20 13 7 13 15% 1351399 649 20%
c W 135.86  0 15 27 13977  1 465077 73729 1.6 20 13 6 13 15% 1351399 649 20%
c - 139.51  0 16 28 15072  1 473693 56723 1.6 20 13 6 13 15% 1351399 649 20%
c p 139.57  0 16 28 15072  1 473693 56728 1.6 20 13 6 13 15% 1351399 649 20%
c u 139.81  0 16 28 15072  1 473693 56675 1.6 20 13 6 13 15% 1351399 649 20%
c v 139.92  0 16 28 15072  1 473693 56673 1.6 20 13 6 13 15% 1351399 649 20%
c w 139.97  0 16 28 15072  1 473693 56671 1.6 20 13 6 13 15% 1351399 649 20%
c 
c  seconds   reductions    conflicts         size   tier2         variables
c          MB      restarts       redundant     glue    trail         remaining
c           level        rate          size/glue  tier1    irredundant
c 
c x 140.13  0 16 28 15072  1 473693 56671 1.6 20 13 6 13 15% 1351396 649 20%
c F 144.65  0 15 28 15760  1 496079 70393 1.6 20 12 6 13 15% 1351396 649 20%
c - 148.66  0 15 29 16686  1 510355 61835 1.6 20 13 6 13 15% 1351396 649 20%
c p 148.73  0 15 29 16686  1 510355 61840 1.6 20 13 6 13 15% 1351396 649 20%
c u 148.97  0 15 29 16686  1 510355 61794 1.6 20 13 6 13 15% 1351396 649 20%
c v 149.08  0 15 29 16686  1 510355 61794 1.6 20 13 6 13 15% 1351396 649 20%
c w 149.13  0 15 29 16686  1 510355 61791 1.6 20 13 6 13 15% 1351396 649 20%
c x 149.28  0 15 29 16686  1 510355 61791 1.6 20 13 6 13 15% 1351393 649 20%
c B 154.95  0 15 29 18032  1 528080 72736 1.6 20 13 6 13 15% 1351393 649 20%
c } 158.05  0 15 29 18821  1 540075 80273 1.6 20 13 6 13 15% 1351393 649 20%
c [ 158.05  0 19 29 18821  1 540075 80273 1.6 24 15 8 17 17% 1351393 649 20%
c - 159.49  0 18 30 18822  1 548408 64691 1.6 23 15 8 17 17% 1351393 649 20%
c p 159.54  0 18 30 18822  1 548408 64696 1.6 23 15 8 17 17% 1351393 649 20%
c u 161.43  0 18 30 18822  1 548408 64660 1.6 23 15 8 17 17% 1351394 649 20%
c v 161.53  0 18 30 18822  1 548408 64656 1.6 23 15 8 17 17% 1351394 649 20%
c w 161.58  0 18 30 18822  1 548408 64656 1.6 23 15 8 17 17% 1351394 649 20%
c x 161.73  0 18 30 18822  1 548408 64656 1.6 23 15 8 17 17% 1351394 649 20%
c t 161.74  0 18 30 18822  1 548408 64656 1.6 23 15 8 17 17% 1351393 649 20%
c B 164.03  0 18 30 18829  1 561081 71849 1.6 23 15 8 17 16% 1351393 649 20%
c - 168.26  0 17 31 18837  1 587856 66452 1.6 22 14 8 17 16% 1351393 649 20%
c 
c  seconds   reductions    conflicts         size   tier2         variables
c          MB      restarts       redundant     glue    trail         remaining
c           level        rate          size/glue  tier1    irredundant
c 
c p 168.32  0 17 31 18837  1 587856 66457 1.6 22 14 8 17 16% 1351393 649 20%
c u 168.54  0 17 31 18837  1 587856 66386 1.6 22 14 8 17 16% 1351393 649 20%
c v 168.62  0 17 31 18837  1 587856 66383 1.6 22 14 8 17 16% 1351393 649 20%
c w 168.66  0 17 31 18837  1 587856 66380 1.6 22 14 8 17 16% 1351393 649 20%
c x 168.79  0 17 31 18837  1 587856 66380 1.6 22 14 8 17 16% 1351387 649 20%
c W 172.98  0 17 31 18837  1 595082 71626 1.6 22 14 7 16 16% 1351387 649 20%
c s 175.67  0 16 31 18847  1 612722 81972 1.6 21 14 7 16 15% 1351012 649 20%
c s 176.01  0 16 31 18847  1 612722 81954 1.6 21 14 7 16 15% 1350479 649 20%
c - 178.56  0 16 32 18852  1 628698 70366 1.6 21 13 7 16 15% 1350479 649 20%
c p 178.61  0 16 32 18852  1 628698 70371 1.6 21 13 7 16 15% 1350479 649 20%
c u 178.82  0 16 32 18852  1 628698 70342 1.6 21 13 7 16 15% 1350479 649 20%
c v 178.90  0 16 32 18852  1 628698 70333 1.6 21 13 7 16 15% 1350479 649 20%
c w 178.94  0 16 32 18852  1 628698 70332 1.6 21 13 7 16 15% 1350479 649 20%
c x 179.08  0 16 32 18852  1 628698 70332 1.6 21 13 7 16 15% 1350475 649 20%
c O 179.39  0 16 32 18852  1 630085 71240 1.6 21 13 7 16 15% 1350475 649 20%
c ] 183.49  0 16 32 18865  1 650418 85099 1.6 22 14 7 16 15% 1350475 649 20%
c { 183.49  0 15 32 18865  1 650418 85099 1.6 20 13 6 13 15% 1350475 649 20%
c W 188.06  0 15 32 19589  1 666086 94234 1.6 20 13 6 13 15% 1350475 649 20%
c - 189.43  0 15 33 19839  1 670929 72870 1.6 20 13 6 13 15% 1350475 649 20%
c p 189.49  0 15 33 19839  1 670929 72875 1.6 20 13 6 13 15% 1350475 649 20%
c 
c  seconds   reductions    conflicts         size   tier2         variables
c          MB      restarts       redundant     glue    trail         remaining
c           level        rate          size/glue  tier1    irredundant
c 
c u 189.76  0 15 33 19839  1 670929 72834 1.6 20 13 6 13 15% 1350475 649 20%
c v 189.87  0 15 33 19839  1 670929 72815 1.6 20 13 6 13 15% 1350475 649 20%
c w 189.92  0 15 33 19839  1 670929 72815 1.6 20 13 6 13 15% 1350475 649 20%
c x 190.08  0 15 33 19839  1 670929 72815 1.6 20 13 6 13 15% 1350468 649 20%
c # 197.53  0 15 33 22304  1 703088 92699 1.6 20 13 6 13 15% 1350468 649 20%
c - 199.76  0 15 34 22733  1 714554 75381 1.6 20 13 6 13 15% 1350468 649 20%
c p 199.81  0 15 34 22733  1 714554 75386 1.6 20 13 6 13 15% 1350468 649 20%
c u 200.07  0 15 34 22733  1 714554 75367 1.6 20 13 6 13 15% 1350468 649 20%
c v 200.16  0 15 34 22733  1 714554 75351 1.6 20 13 6 13 15% 1350468 649 20%
c w 200.22  0 15 34 22733  1 714554 75349 1.6 20 13 6 13 15% 1350468 649 20%
c x 200.37  0 15 34 22733  1 714554 75347 1.6 20 13 6 13 15% 1350465 649 20%
c B 207.78  0 15 34 24522  1 741090 92044 1.6 20 13 6 13 15% 1350465 649 20%
c - 213.33  0 16 35 27446  1 759575 79517 1.6 20 13 6 13 15% 1350465 649 20%
c p 213.40  0 16 35 27446  1 759575 79522 1.6 20 13 6 13 15% 1350465 649 20%
c u 213.71  0 16 35 27446  1 759575 79471 1.6 20 13 6 13 15% 1350465 649 20%
c v 213.83  0 16 35 27446  1 759575 79464 1.6 20 13 6 13 15% 1350465 649 20%
c w 213.89  0 16 35 27446  1 759575 79463 1.6 20 13 6 13 15% 1350465 649 20%
c x 214.07  0 16 35 27446  1 759575 79463 1.6 20 13 6 13 15% 1350457 649 20%
c } 216.43  0 15 35 27916  1 770865 86466 1.6 20 13 6 13 15% 1350457 649 20%
c [ 216.43  0 16 35 27916  1 770865 86466 1.6 22 14 7 16 15% 1350457 649 20%
c 
c  seconds   reductions    conflicts         size   tier2         variables
c          MB      restarts       redundant     glue    trail         remaining
c           level        rate          size/glue  tier1    irredundant
c 
c B 218.09  0 17 35 27918  1 780094 93103 1.6 22 14 7 16 15% 1350457 649 20%
c s 220.04  0 17 35 27919  1 789091 98921 1.6 22 14 7 16 15% 1349940 649 20%
c s 220.42  0 17 35 27919  1 789091 98902 1.6 22 14 7 16 15% 1349307 649 20%
c - 224.04  0 17 36 27920  1 805997 81649 1.6 22 14 7 16 15% 1349307 649 20%
c p 224.09  0 17 36 27920  1 805997 81654 1.6 22 14 7 16 15% 1349307 649 20%
c u 224.36  0 17 36 27920  1 805997 81612 1.6 22 14 7 16 15% 1349307 649 20%
c v 224.47  0 17 36 27920  1 805997 81607 1.6 22 14 7 16 15% 1349307 649 20%
c w 224.53  0 17 36 27920  1 805997 81607 1.6 22 14 7 16 15% 1349307 649 20%
c x 224.68  0 17 36 27920  1 805997 81607 1.6 22 14 7 16 15% 1349302 649 20%
c W 230.55  0 16 36 27920  1 820096 90662 1.6 22 14 7 16 15% 1349302 649 20%
c - 237.67  0 16 37 27921  1 853808 85649 1.6 22 14 7 16 16% 1349302 649 20%
c p 237.74  0 16 37 27921  1 853808 85654 1.6 22 14 7 16 16% 1349302 649 20%
c u 238.05  0 16 37 27921  1 853808 85616 1.6 22 14 7 16 16% 1349302 649 20%
c v 238.18  0 16 37 27921  1 853808 85612 1.6 22 14 7 16 16% 1349302 649 20%
c w 238.24  0 16 37 27921  1 853808 85611 1.6 22 14 7 16 16% 1349302 649 20%
c x 238.42  0 16 37 27921  1 853808 85611 1.6 22 14 7 16 16% 1349296 649 20%
c I 240.23  0 16 37 27921  1 861100 90165 1.6 22 13 7 15 15% 1349296 649 20%
c ] 245.17  0 16 37 27921  1 885172 105817 1.7 22 13 7 15 16% 1349296 649 20%
c { 245.17  0 15 37 27921  1 885172 105817 1.6 20 13 6 13 15% 1349296 649 20%
c - 249.04  0 15 38 28731  1 903013 91060 1.6 20 13 6 13 15% 1349296 649 20%
c 
c  seconds   reductions    conflicts         size   tier2         variables
c          MB      restarts       redundant     glue    trail         remaining
c           level        rate          size/glue  tier1    irredundant
c 
c p 249.10  0 15 38 28731  1 903013 91065 1.6 20 13 6 13 15% 1349296 649 20%
c u 251.42  0 15 38 28731  1 903013 90980 1.6 20 13 6 13 15% 1349297 649 20%
c v 251.56  0 15 38 28731  1 903013 90977 1.6 20 13 6 13 15% 1349297 649 20%
c w 251.63  0 15 38 28731  1 903013 90975 1.6 20 13 6 13 15% 1349297 649 20%
c x 251.85  0 15 38 28731  1 903013 90975 1.6 20 13 6 13 15% 1349289 649 20%
c t 251.86  0 15 38 28731  1 903013 90975 1.6 20 13 6 13 15% 1349288 649 20%
c W 253.61  0 15 38 28731  1 903103 91038 1.6 20 13 6 13 15% 1349288 649 20%
c F 263.89  0 15 38 31088  1 946105 118454 1.6 20 13 6 12 15% 1349288 649 20%
c - 265.98  0 15 39 31552  1 953615 93811 1.6 20 13 6 12 15% 1349288 649 20%
c p 266.06  0 15 39 31552  1 953615 93816 1.6 20 13 6 12 15% 1349288 649 20%
c u 266.37  0 15 39 31552  1 953615 93759 1.6 20 13 6 12 15% 1349288 649 20%
c v 266.50  0 15 39 31552  1 953615 93752 1.6 20 13 6 12 15% 1349288 649 20%
c w 266.57  0 15 39 31552  1 953615 93726 1.6 20 13 6 12 15% 1349288 649 20%
c x 266.76  0 15 39 31552  1 953615 93726 1.6 20 13 6 12 15% 1349284 649 20%
c s 275.61  0 15 39 33578  1 987483 114930 1.6 20 12 6 12 15% 1348690 649 20%
c s 275.98  0 15 39 33578  1 987483 114923 1.6 20 12 6 12 15% 1348374 649 20%
c B 277.27  0 15 39 34143  1 990107 116740 1.6 20 13 6 12 15% 1348374 649 20%
c - 281.66  0 15 40 35255  1 1005617 98183 1.6 20 13 6 12 15% 1348374 649 20%
c p 281.73  0 15 40 35255  1 1005617 98188 1.6 20 13 6 12 15% 1348374 649 20%
c u 282.03  0 15 40 35255  1 1005617 98097 1.6 20 13 6 12 15% 1348374 649 20%
c 
c  seconds   reductions     conflicts         size   tier2         variables
c          MB      restarts        redundant     glue    trail         remaining
c           level        rate           size/glue  tier1    irredundant
c 
c v 282.17  0 15 40 35255  1 1005617 98092 1.6 20 13 6 12 15% 1348374 649 20%
c w 282.24  0 15 40 35255  1 1005617 98076 1.6 20 13 6 12 15% 1348374 649 20%
c x 282.44  0 15 40 35255  1 1005617 98076 1.6 20 13 6 12 15% 1348364 649 20%
c } 287.13  0 15 40 36162  1 1028136 110994 1.6 20 12 6 12 15% 1348364 649 20%
c [ 287.13  0 16 40 36162  1 1028136 110994 1.7 22 13 7 15 16% 1348364 649 20%
c B 288.48  0 16 40 36162  1 1035108 115290 1.7 22 13 7 15 15% 1348364 649 20%
c - 293.73  0 16 41 36172  1 1059012 99729 1.6 22 14 7 15 16% 1348364 649 20%
c p 293.81  0 16 41 36172  1 1059012 99735 1.6 22 14 7 15 16% 1348364 649 20%
c u 294.13  0 16 41 36172  1 1059012 99657 1.6 22 14 7 15 16% 1348364 649 20%
c v 294.28  0 16 41 36172  1 1059012 99649 1.6 22 14 7 15 16% 1348364 649 20%
c w 294.35  0 16 41 36172  1 1059012 99639 1.6 22 14 7 15 16% 1348364 649 20%
c x 294.57  0 16 41 36172  1 1059012 99636 1.6 22 14 7 15 16% 1348351 649 20%
c W 302.89  0 16 41 36180  1 1081110 113350 1.6 22 14 7 15 16% 1348351 649 20%
c - 309.25  0 17 42 36193  1 1113807 95644 1.6 23 14 7 15 16% 1348351 649 20%
c p 309.32  0 17 42 36193  1 1113807 95650 1.6 23 14 7 15 16% 1348351 649 20%
c u 309.68  0 17 42 36193  1 1113807 95578 1.6 23 14 7 15 16% 1348351 649 20%
c v 309.83  0 17 42 36193  1 1113807 95571 1.6 23 14 7 15 16% 1348351 649 20%
c w 309.91  0 17 42 36193  1 1113807 95558 1.6 23 14 7 15 16% 1348351 649 20%
c x 310.14  0 17 42 36193  1 1113807 95556 1.6 23 14 7 15 16% 1348329 649 20%
c O 313.34  0 17 42 36194  1 1128113 104170 1.6 23 14 7 15 16% 1348329 649 20%
c 
c  seconds   reductions     conflicts          size   tier2         variables
c          MB      restarts        redundant      glue    trail         remaining
c           level        rate            size/glue  tier1    irredundant
c 
c ] 319.68  0 17 42 36208  1 1158122 122680 1.6 22 14 7 15 16% 1348329 649 20%
c { 319.68  0 15 42 36208  1 1158122 122680 1.6 20 12 6 12 15% 1348329 649 20%
c - 322.96  0 15 43 37130  1 1169999 96715 1.6 20 12 6 12 15% 1348329 649 20%
c p 323.03  0 15 43 37130  1 1169999 96720 1.6 20 12 6 12 15% 1348329 649 20%
c u 323.38  0 15 43 37130  1 1169999 96636 1.6 20 12 6 12 15% 1348329 649 20%
c v 323.55  0 15 43 37130  1 1169999 96627 1.6 20 12 6 12 15% 1348329 649 20%
c w 323.63  0 15 43 37130  1 1169999 96623 1.6 20 12 6 12 15% 1348329 649 20%
c x 323.86  0 15 43 37130  1 1169999 96623 1.6 20 12 6 12 15% 1348312 649 20%
c W 327.30  0 15 43 37322  1 1176116 100421 1.6 20 12 6 12 15% 1348312 649 20%
c s 335.59  0 14 43 38514  1 1207900 119860 1.6 20 12 6 12 15% 1346958 649 20%
c s 335.95  0 14 43 38514  1 1207900 119813 1.6 20 12 6 12 15% 1345511 649 20%
c # 340.29  0 14 43 39076  1 1225120 129732 1.6 19 12 6 12 15% 1345511 649 20%
c - 341.07  0 14 44 39078  1 1227591 109580 1.6 19 12 6 12 15% 1345511 649 20%
c p 341.14  0 14 44 39078  1 1227591 109585 1.6 19 12 6 12 15% 1345511 649 20%
c u 341.46  0 14 44 39078  1 1227591 109493 1.6 19 12 6 12 15% 1345511 649 20%
c v 341.60  0 14 44 39078  1 1227591 109486 1.6 19 12 6 12 15% 1345511 649 20%
c w 341.66  0 14 44 39078  1 1227591 109459 1.6 19 12 6 12 15% 1345511 649 20%
c x 341.86  0 14 44 39078  1 1227591 109458 1.6 19 12 6 12 15% 1345482 649 20%
c B 351.30  0 13 44 40409  1 1275122 134091 1.6 18 11 6 12 15% 1345482 649 20%
c i 352.37  0 13 44 40411  1 1280586 136386 1.6 18 11 6 12 14% 1345482 648 20%
c 
c  seconds   reductions     conflicts         size   tier2         variables
c          MB      restarts        redundant     glue    trail         remaining
c           level        rate           size/glue  tier1    irredundant
c 
c - 353.97  0 13 45 40498  1 1286559 83744 1.6 18 11 6 12 15% 1225044 648 20%
c 2 353.98  0 13 45 40498  1 1286559 83743 1.6 18 11 6 12 15% 1225044 648 20%
c p 354.04  0 13 45 40498  1 1286559 83749 1.6 18 11 6 12 15% 1225044 647 20%
c u 354.34  0 13 45 40498  1 1286559 83631 1.6 18 11 6 12 15% 1225044 647 20%
c v 354.46  0 13 45 40498  1 1286559 83582 1.6 18 11 6 12 15% 1225044 647 20%
c w 354.52  0 13 45 40498  1 1286559 83517 1.6 18 11 6 12 15% 1225044 647 20%
c x 354.70  0 13 45 40498  1 1286559 83514 1.6 18 11 6 12 15% 1224590 647 20%
c i 361.34  0 12 45 41500  1 1311996 97433 1.7 17 10 6 12 14% 1224590 646 20%
c i 361.65  0 12 45 41500  1 1313363 97875 1.7 17 10 6 12 14% 1224590 645 20%
c i 364.21  0 12 45 42092  1 1324097 103966 1.7 17 10 5 11 14% 1224590 644 20%
c i 364.29  0 12 45 42092  1 1324479 104188 1.7 17 10 5 11 14% 1224590 643 20%
c i 364.45  0 12 45 42092  1 1325095 104418 1.7 17 10 5 11 14% 1224590 641 20%
c i 364.45  0 12 45 42092  1 1325098 104419 1.7 17 10 5 11 14% 1224590 638 19%
c i 364.51  0 12 45 42092  1 1325324 104525 1.7 17 10 5 11 14% 1224590 631 19%
c i 364.54  0 12 45 42092  1 1325421 104568 1.7 17 10 5 11 14% 1224590 629 19%
c i 364.54  0 12 45 42092  1 1325447 104574 1.7 17 10 5 11 14% 1224590 622 19%
c i 364.54  0 12 45 42092  1 1325460 104576 1.7 17 10 5 11 14% 1224590 621 19%
c i 364.54  0 12 45 42092  1 1325463 104577 1.7 17 10 5 11 14% 1224590 619 19%
c i 364.54  0 12 45 42092  1 1325468 104580 1.7 17 10 5 11 14% 1224590 615 19%
c i 364.54  0 12 45 42092  1 1325469 104580 1.7 17 10 5 11 14% 1224590 605 18%
c 
c  seconds   reductions     conflicts          size   tier2         variables
c          MB      restarts        redundant      glue    trail         remaining
c           level        rate            size/glue  tier1    irredundant
c 
c } 364.54  0 12 45 42092  1 1325473 104582 1.7 17 10 5 11 14% 1224590 595 18%
c 0 364.54  0 12 45 42092  1 1325473 104582 1.7 17 10 5 11 14% 1224590 595 18%
c 
c --- [ closing proof ] ------------------------------------------------------
c 
c LRAT proof file '/Users/ivanspogreev/earth-moon/population/f034-a4-cert/split-m07/c14/round-0/F.lrat' closed
c LRAT 2348031 added clauses 39.79%
c LRAT 3553334 deleted clauses 60.21%
c LRAT 435427565 bytes (415.26 MB)
c 
c --- [ result ] -------------------------------------------------------------
c 
s UNSATISFIABLE
c 
c --- [ run-time profiling ] -------------------------------------------------
c 
c process time taken by individual solving procedures
c (percentage relative to process time for solving)
c 
c       328.75   90.55% search
c       191.36   52.71% unstable
c       114.04   31.41% stable
c        34.31    9.45% simplify
c        23.32    6.42% walk
c        17.94    4.94% vivify
c         7.12    1.96% sweep
c         4.43    1.22% elim
c         1.53    0.42% subsume
c         1.49    0.41% parse
c         1.30    0.36% probe
c         0.40    0.11% ternary
c         0.34    0.09% congruence
c         0.03    0.01% lucky
c         0.00    0.00% backbone
c   =================================
c       363.05   99.59% solve
c 
c last line shows process time for solving
c (percentage relative to total process time)
c 
c --- [ statistics ] ---------------------------------------------------------
c 
c chronological:            132948        10.03 %  of conflicts
c conflicts:               1325473      3650.92    per second
c backbone:                 113910      3477.11 %  of vars
c decisions:               1544991      4255.57    per second
c eliminated:                 2005        61.20 %  of all variables
c fixed:                       674        20.57 %  of all variables
c learned:                 1304103        98.39 %  per conflict
c learned_lits:           38382665       100.00 %  learned literals
c minimized:                     0         0.00 %  learned literals
c shrunken:                8752406        22.80 %  learned literals
c minishrunken:            2311349         6.02 %  learned literals
c otfs:                       6731         0.51 %  of conflict
c propagations:           21363001         0.06 M  per second
c reduced:                  692864        52.27 %  per conflict
c rephased:                     50     26509.46    interval
c restarts:                  42092        31.49    interval
c stabilizing:                  10        43.60 %  of conflicts
c substituted:                   2         0.06 %  of all variables
c subsumed:                 471471        17.67 %  of all clauses
c strengthened:              45739         1.71 %  of all clauses
c ticks:               31066893584      1475.88    propagation
c vivified:                   4990         0.19 %  of all clauses
c walked:                       15     88364.87    interval
c weakened:                   4819         2.53    average size
c congruence:                    8    165684.12    interval
c 
c seconds are measured in process time for solving
c 
c --- [ glue usage ] ---------------------------------------------------------
c 
c focused glue 5 used 195810 clauses 7.513% accumulated 50.46% tier1
c focused glue 6 used 172972 clauses 6.637% accumulated 57.10%
c focused glue 7-9 used 409690 clauses 15.72% accumulated 72.82%
c focused glue 10 used 134330 clauses 5.154% accumulated 77.97%
c focused glue 11 used 124285 clauses 4.769% accumulated 82.74% tier2
c 
c stable glue 7 used 92406 clauses 4.515% accumulated 52.13% tier1
c stable glue 8 used 84982 clauses 4.153% accumulated 56.28%
c stable glue 9-13 used 469922 clauses 22.96% accumulated 79.25%
c stable glue 14 used 80966 clauses 3.956% accumulated 83.20%
c stable glue 15 used 71804 clauses 3.509% accumulated 86.71% tier2
c 
c 
c --- [ resources ] ----------------------------------------------------------
c 
c total process time since initialization:       364.54    seconds
c total real time since initialization:          368.56    seconds
c maximum resident set size of process:         1138.67    MB
c 
c --- [ shutting down ] ------------------------------------------------------
c 
c exit 20

[rc=20 368.6s]
$ /Users/ivanspogreev/earth-moon/verifier/../tools/drat-trim/lrat-check /Users/ivanspogreev/earth-moon/population/f034-a4-cert/split-m07/c14/round-0/F.cnf /Users/ivanspogreev/earth-moon/population/f034-a4-cert/split-m07/c14/round-0/F.lrat
c parsed a formula with 3276 variables and 2535151 clauses
c VERIFIED
c allocated 1024 57753904 49140
c Added clauses = 4883182.  Deleted clauses = 3553334.  Max live clauses = 2535151
c verification time = 8.28 secs

[rc=0 8.3s]
