# lean_static_resolve 2026-10-02 19:57:25
# dump=/root/earth-moon/population/f034-a4-cert/cs-a4_m04c/s/n105_n94_n136_n143_p106/dump.jsonl raw=242854 dedup=242854 footer={'type': 'footer', 'verdict': 'UNSAT', 'counts': {'preseed': 8426, 'prop': 234428, 'model': 0}, 'stats': {'checks': 888458, 'confl': 117214, 'model_rej': 0}, 'time': '2026-10-02T19:57:20+0000'}
# counters=False
$ /root/bin/cadical --lrat --no-binary --no-factor /root/earth-moon/population/f034-a4-cert/cs-a4_m04c/r/n105_n94_n136_n143_p106/round-0/F.cnf /root/earth-moon/population/f034-a4-cert/cs-a4_m04c/r/n105_n94_n136_n143_p106/round-0/F.lrat
c --- [ banner ] -------------------------------------------------------------
c 
c CaDiCaL SAT Solver
c Copyright (c) 2016-2026
c A. Biere, M. Fleury, N. Froleyks, K. Fazekas, F. Pollitt, T. Faller
c JKU Linz, University of Freiburg, TU Wien
c 
c Version 3.0.1 c60730422e758ef1cebe7aeddf2dda31c996bf04
c g++ (Ubuntu 13.3.0-6ubuntu2~24.04.1) 13.3.0 -Wall -Wextra -O3 -DNDEBUG
c Fri Oct 2 18:00:09 UTC 2026 Linux ai-math 6.8.0-139-generic x86_64
c 
c --- [ proof tracing ] ------------------------------------------------------
c 
c opening file to write '/root/earth-moon/population/f034-a4-cert/cs-a4_m04c/r/n105_n94_n136_n143_p106/round-0/F.lrat'
c writing non-binary proof trace to '/root/earth-moon/population/f034-a4-cert/cs-a4_m04c/r/n105_n94_n136_n143_p106/round-0/F.lrat'
c 
c --- [ parsing input ] ------------------------------------------------------
c 
c reading DIMACS file from '/root/earth-moon/population/f034-a4-cert/cs-a4_m04c/r/n105_n94_n136_n143_p106/round-0/F.cnf'
c opening file to read '/root/earth-moon/population/f034-a4-cert/cs-a4_m04c/r/n105_n94_n136_n143_p106/round-0/F.cnf'
c found 'p cnf 2964 251266' header
c parsed 251266 clauses in 0.17 seconds process time
c 
c --- [ options ] ------------------------------------------------------------
c 
c   --binary=false                 (different from default 'true')
c   --lrat=true                    (different from default 'false')
c 
c --- [ solving ] ------------------------------------------------------------
c 
c time measured in process time since initialization
c 
c  seconds  reduction conflicts       size tier2       variables
c         MB    restarts   redundant    glue  trail         remaining
c          level     rate       size/glu tier1  irredundant
c 
c *  0.18 26  0 0   0  0    0    0 0.0 0 0 2 6  0% 165911 2921 99%
c )  0.19 31  0 0   0  0    0    0 0.0 0 0 2 6  0% 165911 2921 99%
c {  0.19 31  0 0   0  0    0    0 0.0 0 0 2 6  0% 165911 2921 99%
c i  0.22 34 255 0  14 19  241  113 1.6 18 11 2 6 25% 165799 2873 97%
c i  0.22 34 254 0  14 19  242  113 1.6 17 11 2 6 25% 165799 2872 97%
c i  0.22 34 252 0  14 19  244  113 1.6 17 11 2 6 25% 165798 2868 97%
c -  0.23 34 217 1  14 16  305   64 1.5 16 11 2 6 25% 165725 2868 97%
c i  0.23 35 185 1  14 13  370   84 1.5 15 10 2 6 23% 165694 2866 97%
c i  0.23 35 183 1  14 13  373   86 1.5 15 10 2 6 22% 165694 2865 97%
c i  0.25 35 109 1  21  9  681  239 1.6 14 9 2 6 19% 165636 2864 97%
c -  0.29 47 91 2  27  7  836  195 1.6 13 8 2 6 18% 165608 2864 97%
c i  0.30 47 90 2  32  8  889  214 1.5 13 9 2 6 18% 165580 2848 96%
c i  0.30 47 90 2  35  8  904  220 1.5 13 9 2 6 18% 165573 2844 96%
c i  0.30 47 89 2  37  8  912  222 1.5 13 8 2 6 18% 165568 2843 96%
c i  0.30 47 89 2  38  8  915  224 1.5 13 8 2 6 18% 165568 2842 96%
c i  0.30 47 89 2  38  8  916  224 1.5 13 8 2 6 18% 165568 2841 96%
c }  0.30 47 87 2  38  7 1002  272 1.6 13 8 2 6 19% 165538 2841 96%
c [  0.30 47  0 2  38  0 1002  272 0.0 0 0 2 6  0% 165538 2841 96%
c O  0.30 47  0 2  38  1 1003  272 0.0 1 0 2 6  5% 165538 2841 96%
c i  0.30 47  0 2  38  1 1003  272 0.0 1 0 2 6  5% 165538 2829 95%
c 
c  seconds  reduction conflicts       size   tier2       variables
c         MB    restarts   redundant     glue   trail         remaining
c          level     rate       size/glue  tier1  irredundant
c 
c i  0.32 47 25 2  38  2 1280  475 2.3 27 12 2 6 41% 165487 2791 94%
c -  0.39 47 35 3  38  1 1716  304 1.7 29 17 2 6 44% 158544 2791 94%
c i  0.39 47 37 3  38  2 1751  329 1.7 29 17 2 6 44% 158538 2790 94%
c i  0.39 47 38 3  38  2 1817  349 1.7 28 17 2 6 42% 158507 2786 94%
c ]  0.40 47 38 3  38  2 1821  353 1.7 28 17 2 6 42% 158507 2786 94%
c {  0.40 47 87 3  38  7 1821  353 1.6 13 8 2 6 19% 158507 2786 94%
c i  0.40 47 86 3  42  7 1851  375 1.6 13 9 2 6 20% 158505 2785 94%
c i  0.41 47 86 3  50  8 1889  382 1.6 13 9 2 6 20% 158477 2783 94%
c i  0.42 47 80 3  81  8 2072  458 1.5 13 9 2 6 20% 158384 2782 94%
c i  0.44 47 78 3  87  8 2171  502 1.5 13 9 2 6 20% 158355 2781 94%
c i  0.44 47 78 3  87  8 2172  502 1.5 13 9 2 6 20% 158355 2780 94%
c i  0.44 47 78 3  87  8 2178  503 1.5 13 9 2 6 20% 158353 2767 93%
c i  0.44 47 78 3  87  8 2179  503 1.5 13 9 2 6 20% 158353 2765 93%
c i  0.44 47 77 3  91  8 2217  523 1.5 13 9 2 6 20% 158341 2762 93%
c i  0.45 47 75 3 113  9 2315  570 1.5 13 9 2 6 20% 158301 2761 93%
c i  0.45 47 75 3 114  9 2316  570 1.5 13 9 2 6 20% 158301 2759 93%
c i  0.45 47 75 3 114  9 2317  570 1.5 13 9 2 6 20% 158301 2756 93%
c i  0.47 47 74 3 127  9 2404  610 1.5 14 9 2 6 21% 158257 2755 93%
c i  0.47 47 74 3 128  9 2410  612 1.5 14 9 2 6 21% 158255 2735 92%
c i  0.47 47 74 3 129  9 2411  612 1.5 14 9 2 6 21% 158255 2734 92%
c 
c  seconds  reduction conflicts       size  tier2       variables
c         MB    restarts   redundant     glue  trail         remaining
c          level     rate       size/glue tier1  irredundant
c 
c i  0.47 47 74 3 131  9 2421  619 1.5 13 9 2 6 21% 158255 2733 92%
c i  0.48 47 74 3 138  9 2452  637 1.5 13 9 2 6 21% 158245 2732 92%
c i  0.48 47 73 3 143  9 2479  649 1.5 13 9 2 6 21% 158234 2723 92%
c i  0.48 47 72 3 143  9 2498  659 1.5 13 9 2 6 21% 158228 2722 92%
c i  0.49 47 72 3 146  9 2576  700 1.5 13 9 2 6 22% 158199 2721 92%
c i  0.49 47 71 3 148  9 2594  713 1.5 13 9 2 6 22% 158195 2719 92%
c i  0.49 47 71 3 148  9 2595  713 1.5 13 9 2 6 22% 158195 2718 92%
c i  0.49 47 71 3 149  9 2598  713 1.5 13 9 2 6 22% 158193 2674 90%
c i  0.49 47 71 3 149  9 2599  713 1.5 13 9 2 6 22% 158193 2671 90%
c i  0.49 47 71 3 149  9 2601  714 1.5 13 9 2 6 22% 158193 2670 90%
c i  0.49 47 71 3 149  9 2602  714 1.5 13 9 2 6 22% 158193 2666 90%
c i  0.49 47 71 3 149  9 2603  714 1.5 13 9 2 6 22% 158193 2665 90%
c i  0.49 47 71 3 149  9 2604  714 1.5 13 9 2 6 22% 158193 2661 90%
c i  0.50 47 71 3 149  9 2625  723 1.5 13 9 2 6 22% 158183 2660 90%
c i  0.50 47 70 3 149  9 2635  726 1.5 13 9 2 6 22% 158178 2659 90%
c i  0.50 47 70 3 149  9 2638  726 1.5 13 9 2 6 22% 158177 2651 89%
c i  0.50 47 70 3 151  9 2665  745 1.5 13 9 2 6 22% 158174 2585 87%
c i  0.53 46 69 3 159  9 2691  696 1.5 13 9 2 6 13% 157927 2584 87%
c i  0.54 46 69 3 165  9 2718  711 1.5 13 9 2 6 15% 157920 2583 87%
c 2  0.54 46 69 3 167  9 2724  713 1.5 13 9 2 6 15% 157917 2566 87%
c 
c  seconds  reduction conflicts       size  tier2       variables
c         MB    restarts   redundant     glue  trail         remaining
c          level     rate       size/glue tier1  irredundant
c 
c d  0.55 46 69 3 167  9 2724  709 1.5 13 9 2 6 15% 157885 2565 87%
c p  0.55 46 69 3 167  9 2724  714 1.5 13 9 2 6 15% 157885 2565 87%
c t  0.60 46 69 3 167  9 2724  705 1.5 13 9 2 6 15% 157893 2547 86%
c i  0.62 46 67 3 192  9 2830  765 1.5 14 9 2 6 17% 157860 2519 85%
c i  0.62 46 67 3 196  9 2852  777 1.5 14 9 2 6 17% 157853 2432 82%
c i  0.62 46 67 3 203  9 2873  796 1.5 14 9 2 6 17% 157852 2431 82%
c i  0.63 46 66 3 210  9 2908  815 1.5 14 9 2 6 17% 157840 2388 81%
c i  0.63 46 66 3 211  9 2912  816 1.5 14 9 2 6 17% 157839 2312 78%
c -  0.67 56 65 4 212  9 2960  374 1.5 14 9 2 6 17% 153284 2312 78%
c O  0.67 56 64 4 212  9 3004  412 1.5 14 9 2 6 16% 153284 2312 78%
c i  0.67 56 64 4 212  9 3005  412 1.5 14 9 2 6 16% 153284 2307 78%
c }  0.75 56 48 4 403  6 4093 1176 1.4 15 11 2 6 15% 153280 2307 78%
c [  0.75 56 38 4 403  2 4093 1176 1.7 28 17 2 6 48% 153280 2307 78%
c -  0.81 56 32 5 404  2 4573  595 1.5 25 17 2 6 37% 153258 2307 78%
c 2  0.83 56 28 5 404  1 5226 1093 1.5 24 16 11 19 30% 153256 2303 78%
c t  0.84 56 28 5 404  1 5226 1092 1.5 24 16 11 19 30% 153256 2303 78%
c I  0.87 56 25 5 405  1 6005 1615 1.5 23 16 11 18 26% 153254 2303 78%
c -  0.92 56 24 6 405  1 6578  718 1.4 22 15 11 17 24% 153244 2303 78%
c 2  0.96 56 22 6 406  1 7829 1570 1.4 21 14 10 16 22% 153241 2302 78%
c ]  1.06 65 20 6 407  1 8906 2382 1.5 20 14 10 16  6% 153246 2302 78%
c 
c  seconds  reduction conflicts       size   tier2       variables
c         MB    restarts   redundant     glue   trail         remaining
c          level     rate       size/glue  tier1  irredundant
c 
c {  1.06 65 48 6 407  6 8906 2382 1.4 15 11 2 6 17% 153246 2302 78%
c -  1.08 65 47 7 424  6 8980  961 1.4 15 11 2 6 16% 153246 2302 78%
c #  1.14 65 40 7 578  5 10008 1726 1.4 16 12 7 13 12% 153245 2302 78%
c 2  1.17 65 37 7 627  5 10527 2130 1.4 17 12 7 13 11% 153245 2301 78%
c s  1.29 66 33 7 789  4 11659 2941 1.4 17 12 7 13  9% 152980 2301 78%
c t  1.29 66 33 7 789  4 11659 2940 1.4 17 12 7 13  9% 152960 2301 78%
c e  1.32 66 33 7 789  4 11659 2748 1.4 17 12 7 13  9% 149490 334 11%
c s  1.32 66 33 7 789  4 11659 2744 1.4 17 12 7 13  9% 149378 334 11%
c -  1.38 66 33 8 814  4 11791 2272 1.4 17 12 7 13  9% 149378 334 11%
c 2  1.47 66 30 8 961  4 13311 3425 1.4 17 12 8 14  8% 149378 334 11%
c -  1.61 77 27 9 1118  3 14978 4201 1.4 17 12 8 14 23% 149378 334 11%
c B  1.61 77 27 9 1118  3 15012 4230 1.4 17 12 8 14 23% 149378 334 11%
c }  1.73 77 24 9 1248  3 17733 5993 1.4 18 12 8 14 22% 149399 334 11%
c [  1.73 77 20 9 1248  1 17733 5993 1.5 20 14 10 16 44% 149399 334 11%
c -  1.78 77 20 10 1249  1 18572 5356 1.5 20 13 10 16 34% 149399 334 11%
c u  1.82 77 19 10 1249  1 19119 5671 1.5 20 13 10 16 32% 149399 334 11%
c v  1.82 77 19 10 1249  1 19119 5665 1.5 20 13 10 16 32% 149399 334 11%
c w  1.83 77 19 10 1249  1 19119 5656 1.5 20 13 10 16 32% 149399 334 11%
c x  1.84 77 19 10 1249  1 19119 5656 1.5 20 13 10 16 32% 149397 334 11%
c B  1.92 77 18 10 1250  1 21018 6870 1.5 20 13 10 16 27% 149397 334 11%
c 
c  seconds  reductions   conflicts       size   tier2        variables
c         MB     restarts     redundant     glue    trail        remaining
c          level       rate        size/glue  tier1   irredundant
c 
c -  1.99 77 18 11 1250  1 22572 6126 1.5 20 14 9 14 26% 149397 334 11%
c -  2.22 78 17 12 1253  1 26982 6915 1.5 20 14 9 14 24% 149397 334 11%
c t  2.23 78 17 12 1253  1 26982 6915 1.5 20 14 9 14 24% 149396 334 11%
c W  2.33 78 17 12 1253  1 28020 7646 1.5 20 13 9 14 24% 149396 334 11%
c ]  2.38 78 17 12 1254  1 28951 8264 1.5 20 13 9 14 23% 149396 334 11%
c {  2.38 78 24 12 1254  3 28951 8264 1.4 18 12 8 14 22% 149396 334 11%
c -  2.54 78 22 13 1320  3 31805 8509 1.5 17 12 8 14 22% 149396 334 11%
c W  2.79 78 20 13 1357  2 36021 11199 1.5 17 12 8 14 23% 149396 334 11%
c -  2.86 78 19 14 1467  2 37041 9889 1.5 17 12 8 14 23% 149396 334 11%
c -  3.23 79 18 15 2130  2 42692 9551 1.5 18 12 7 12 22% 149396 334 11%
c u  3.30 79 18 15 2130  2 42692 9519 1.5 18 12 7 12 22% 149396 334 11%
c v  3.30 79 18 15 2130  2 42692 9516 1.5 18 12 7 12 22% 149396 334 11%
c w  3.31 79 18 15 2130  2 42692 9515 1.5 18 12 7 12 22% 149396 334 11%
c x  3.31 79 18 15 2130  2 42692 9515 1.5 18 12 7 12 22% 149395 334 11%
c F  3.45 79 18 15 2314  2 45024 11129 1.5 18 12 7 12 22% 149395 334 11%
c }  3.45 79 18 15 2314  2 45095 11189 1.5 18 12 7 12 22% 149395 334 11%
c [  3.45 79 17 15 2314  1 45095 11189 1.5 20 13 9 14 23% 149395 334 11%
c s  3.53 79 17 15 2315  1 46879 12295 1.5 20 13 9 14 23% 149365 334 11%
c s  3.57 79 17 15 2315  1 46879 12291 1.5 20 13 9 14 23% 149341 334 11%
c -  3.67 79 16 16 2316  1 48757 10483 1.5 20 13 9 14 23% 149341 334 11%
c 
c  seconds  reductions   conflicts        size   tier2        variables
c         MB     restarts      redundant     glue    trail        remaining
c          level       rate         size/glue  tier1   irredundant
c 
c O  3.94 79 16 16 2318  1 55025 14434 1.5 19 13 9 14 23% 149341 334 11%
c -  3.96 79 16 17 2318  1 55238 11670 1.5 19 13 9 14 23% 149341 334 11%
c -  4.24 79 16 18 2319  1 62136 12478 1.5 19 13 9 14 22% 149341 334 11%
c ]  4.34 79 16 18 2321  1 63944 13762 1.5 19 13 9 14 22% 149341 334 11%
c {  4.34 79 18 18 2321  2 63944 13762 1.5 18 12 7 12 22% 149341 334 11%
c B  4.45 79 18 18 2460  2 66026 15140 1.5 18 12 7 12 22% 149341 334 11%
c -  4.61 79 17 19 2636  2 69454 13623 1.5 18 12 7 12 22% 149341 334 11%
c u  4.64 79 17 19 2636  2 69454 13553 1.5 18 12 7 12 22% 149341 334 11%
c v  4.65 79 17 19 2636  2 69454 13553 1.5 18 12 7 12 22% 149341 334 11%
c w  4.65 79 17 19 2636  2 69454 13553 1.5 18 12 7 12 22% 149341 334 11%
c x  4.66 79 17 19 2636  2 69454 13553 1.5 18 12 7 12 22% 149339 334 11%
c -  5.10 79 17 20 3538  2 77189 14971 1.5 18 12 7 12 22% 149339 334 11%
c p  5.10 79 17 20 3538  2 77189 14973 1.5 18 12 7 12 22% 149339 334 11%
c W  5.28 79 17 20 3634  2 78028 15548 1.5 18 12 7 12 22% 149339 334 11%
c -  5.63 56 16 21 3669  2 85345 17146 1.5 18 12 7 12 22% 149339 334 11%
c }  5.89 56 16 21 3678  2 90651 20921 1.6 18 12 7 12 22% 149339 334 11%
c [  5.89 56 16 21 3678  1 90651 20921 1.5 19 13 9 14 22% 149339 334 11%
c B  5.91 56 16 21 3678  1 91030 21199 1.5 19 13 9 14 22% 149339 334 11%
c -  6.10 57 16 22 3680  1 93920 19526 1.5 19 13 9 14 22% 149339 334 11%
c u  6.13 57 16 22 3680  1 93920 19504 1.5 19 13 9 14 22% 149339 334 11%
c 
c  seconds  reductions   conflicts        size   tier2        variables
c         MB     restarts      redundant     glue    trail        remaining
c          level       rate         size/glue  tier1   irredundant
c 
c v  6.14 57 16 22 3680  1 93920 19496 1.5 19 13 9 14 22% 149339 334 11%
c w  6.14 57 16 22 3680  1 93920 19495 1.5 19 13 9 14 22% 149339 334 11%
c x  6.16 57 16 22 3680  1 93920 19495 1.5 19 13 9 14 22% 149337 334 11%
c s  6.49 57 15 22 3682  1 99708 22815 1.5 19 12 9 14 22% 149255 334 11%
c s  6.53 57 15 22 3682  1 99708 22798 1.5 19 12 9 14 22% 149177 334 11%
c -  6.74 57 15 23 3684  1 102917 20554 1.5 19 13 9 14 22% 149177 334 11%
c p  6.74 57 15 23 3684  1 102917 20555 1.5 19 13 9 14 22% 149177 334 11%
c W  6.96 57 15 23 3685  1 105031 21934 1.5 19 13 9 14 22% 149177 334 11%
c -  7.43 57 15 24 3689  1 112331 21852 1.5 19 12 9 14 22% 149177 334 11%
c p  7.43 57 15 24 3689  1 112331 21854 1.5 19 12 9 14 22% 149177 334 11%
c ]  7.61 57 15 24 3690  1 114946 23402 1.5 19 12 9 14 22% 149177 334 11%
c {  7.61 57 16 24 3690  2 114946 23402 1.6 18 12 7 12 22% 149177 334 11%
c #  7.90 57 16 24 4061  2 120032 26748 1.5 18 12 7 12 22% 149177 334 11%
c -  8.04 57 15 25 4088  2 122164 24342 1.6 18 11 7 12 22% 149177 334 11%
c u  8.07 57 15 25 4088  2 122164 24313 1.6 18 11 7 12 22% 149177 334 11%
c v  8.08 57 15 25 4088  2 122164 24298 1.6 18 11 7 12 22% 149177 334 11%
c w  8.09 57 15 25 4088  2 122164 24290 1.6 18 11 7 12 22% 149177 334 11%
c x  8.10 57 15 25 4088  2 122164 24290 1.6 18 11 7 12 22% 149177 334 11%
c -  8.73 57 15 26 4482  1 132418 26098 1.6 18 11 7 12 22% 149177 334 11%
c p  8.73 57 15 26 4482  1 132418 26101 1.6 18 11 7 12 22% 149177 334 11%
c 
c  seconds  reductions   conflicts         size   tier2        variables
c         MB     restarts       redundant     glue    trail        remaining
c          level       rate          size/glue  tier1   irredundant
c 
c B  8.99 57 15 26 4554  1 136034 28015 1.6 17 11 7 12 22% 149177 334 11%
c -  9.38 57 14 27 4615  1 143096 24603 1.6 17 11 6 11 22% 149177 334 11%
c p  9.39 57 14 27 4615  1 143096 24606 1.6 17 11 6 11 22% 149177 334 11%
c u  9.42 57 14 27 4615  1 143096 24568 1.6 17 11 6 11 22% 149177 334 11%
c v  9.42 57 14 27 4615  1 143096 24548 1.6 17 11 6 11 22% 149177 334 11%
c w  9.43 57 14 27 4615  1 143096 24539 1.6 17 11 6 11 22% 149177 334 11%
c x  9.44 57 14 27 4615  1 143096 24539 1.6 17 11 6 11 22% 149176 334 11%
c }  9.73 57 14 27 5168  1 148068 27815 1.6 18 11 6 11 22% 149176 334 11%
c [  9.73 57 15 27 5168  1 148068 27815 1.5 19 12 9 14 22% 149176 334 11%
c I  9.97 57 15 27 5168  1 153035 30828 1.5 19 12 9 14 22% 149176 334 11%
c - 10.06 69 15 28 5168  1 154196 24355 1.5 19 12 9 14 22% 149176 334 11%
c - 10.71 69 15 29 5169  1 165718 24306 1.5 19 12 9 14 22% 149176 334 11%
c p 10.72 69 15 29 5169  1 165718 24309 1.5 19 12 9 14 22% 149176 334 11%
c u 10.75 69 15 29 5169  1 165718 24265 1.5 19 12 9 14 22% 149176 334 11%
c v 10.75 69 15 29 5169  1 165718 24260 1.5 19 12 9 14 22% 149176 334 11%
c w 10.76 69 15 29 5169  1 165718 24257 1.5 19 12 9 14 22% 149176 334 11%
c x 10.77 69 15 29 5169  1 165718 24257 1.5 19 12 9 14 22% 149173 334 11%
c s 11.01 69 15 29 5169  1 170132 26719 1.5 19 12 9 14 22% 149083 334 11%
c s 11.06 69 15 29 5169  1 170132 26709 1.5 19 12 9 14 22% 149013 334 11%
c B 11.13 69 15 29 5169  1 171036 27327 1.5 19 12 9 14 22% 149013 334 11%
c 
c  seconds  reductions   conflicts         size   tier2        variables
c         MB     restarts       redundant     glue    trail        remaining
c          level       rate          size/glue  tier1   irredundant
c 
c - 11.48 69 15 30 5174  1 177664 25201 1.5 19 12 9 14 22% 149013 334 11%
c ] 11.75 69 15 30 5176  1 182652 28329 1.5 19 12 9 14 22% 149013 334 11%
c { 11.75 69 14 30 5176  1 182652 28329 1.6 18 11 6 11 22% 149013 334 11%
c - 12.22 82 14 31 5395  1 190026 26938 1.6 17 11 6 11 22% 149013 334 11%
c p 12.22 82 14 31 5395  1 190026 26941 1.6 17 11 6 11 22% 149013 334 11%
c u 12.26 82 14 31 5395  1 190026 26921 1.6 17 11 6 11 22% 149013 334 11%
c v 12.27 82 14 31 5395  1 190026 26908 1.6 17 11 6 11 22% 149013 334 11%
c w 12.27 82 14 31 5395  1 190026 26906 1.6 17 11 6 11 22% 149013 334 11%
c x 12.29 82 14 31 5395  1 190026 26906 1.6 17 11 6 11 22% 149013 334 11%
c W 12.48 82 14 31 5396  1 190038 26914 1.6 17 11 6 11 22% 149013 334 11%
c - 13.20 82 13 32 5795  1 202811 29598 1.6 17 11 6 11 22% 149013 334 11%
c i 13.54 82 13 32 5852  1 208493 32345 1.6 17 10 6 11 22% 149013 333 11%
c i 13.60 82 13 32 5861  1 209347 32717 1.6 16 10 6 11 21% 149013 332 11%
c F 13.64 82 13 32 5861  1 210039 33169 1.6 16 10 6 11 21% 149013 332 11%
c i 13.79 82 13 32 5862  1 212904 34592 1.6 16 10 6 11 21% 149013 331 11%
c i 13.89 82 13 32 5862  1 214430 35376 1.6 16 10 6 11 21% 149013 330 11%
c i 13.90 82 13 32 5862  1 214537 35408 1.6 16 10 6 11 21% 149013 329 11%
c i 13.92 82 13 32 5862  1 214890 35560 1.6 16 10 6 11 21% 149013 328 11%
c i 13.97 82 13 32 5862  1 215657 35834 1.6 16 10 6 11 21% 149013 320 11%
c i 13.98 82 13 32 5862  1 215711 35850 1.6 16 10 6 11 21% 149013 319 11%
c 
c  seconds  reductions   conflicts         size   tier2        variables
c         MB     restarts       redundant     glue    trail        remaining
c          level       rate          size/glue  tier1   irredundant
c 
c i 13.98 82 13 32 5862  1 215761 35857 1.6 16 10 6 11 21% 149013 317 11%
c i 13.98 82 13 32 5862  1 215792 35877 1.6 16 10 6 11 21% 149013 312 11%
c i 13.98 82 13 32 5862  1 215793 35877 1.6 16 10 6 11 21% 149013 292 10%
c i 13.98 82 13 32 5862  1 215794 35877 1.6 16 10 6 11 21% 149013 286 10%
c } 13.98 82 13 32 5862  1 215798 35878 1.6 16 10 6 11 21% 149013 268  9%
c 0 13.98 82 13 32 5862  1 215798 35878 1.6 16 10 6 11 21% 149013 268  9%
c 
c --- [ closing proof ] ------------------------------------------------------
c 
c LRAT proof file '/root/earth-moon/population/f034-a4-cert/cs-a4_m04c/r/n105_n94_n136_n143_p106/round-0/F.lrat' closed
c LRAT 347696 added clauses 45.69%
c LRAT 413342 deleted clauses 54.31%
c LRAT 61347904 bytes (58.51 MB)
c 
c --- [ result ] -------------------------------------------------------------
c 
s UNSATISFIABLE
c 
c --- [ run-time profiling ] -------------------------------------------------
c 
c process time taken by individual solving procedures
c (percentage relative to process time for solving)
c 
c        12.65   91.63% search
c         7.16   51.83% unstable
c         5.03   36.43% stable
c         1.16    8.37% simplify
c         0.45    3.26% walk
c         0.38    2.74% vivify
c         0.27    1.93% sweep
c         0.18    1.27% parse
c         0.14    1.04% elim
c         0.12    0.88% subsume
c         0.07    0.49% congruence
c         0.04    0.32% probe
c         0.02    0.11% ternary
c         0.01    0.10% lucky
c         0.00    0.01% backbone
c   =================================
c        13.81   98.75% solve
c 
c last line shows process time for solving
c (percentage relative to total process time)
c 
c --- [ statistics ] ---------------------------------------------------------
c 
c chronological:             24138        11.19 %  of conflicts
c conflicts:                215798     15627.64    per second
c backbone:                  83281      2809.75 %  of vars
c decisions:                266766     19318.64    per second
c eliminated:                 1967        66.36 %  of all variables
c fixed:                       728        24.56 %  of all variables
c learned:                  210916        97.74 %  per conflict
c learned_lits:            5484481       100.00 %  learned literals
c minimized:                     0         0.00 %  learned literals
c shrunken:                1388892        25.32 %  learned literals
c minishrunken:             389855         7.11 %  learned literals
c otfs:                       2987         1.38 %  of conflict
c propagations:            3104170         0.22 M  per second
c reduced:                   98678        45.73 %  per conflict
c rephased:                     20     10789.90    interval
c restarts:                   5862        36.81    interval
c stabilizing:                   6        43.68 %  of conflicts
c substituted:                   1         0.03 %  of all variables
c subsumed:                  78475        20.74 %  of all clauses
c strengthened:               9770         2.58 %  of all clauses
c ticks:                 736972698       240.21    propagation
c vivified:                    491         0.13 %  of all clauses
c walked:                        5     43159.60    interval
c weakened:                   4383         2.48    average size
c congruence:                    7     30828.29    interval
c 
c seconds are measured in process time for solving
c 
c --- [ glue usage ] ---------------------------------------------------------
c 
c focused glue 6 used 31969 clauses 8.461% accumulated 57.04% tier1
c focused glue 7 used 27893 clauses 7.382% accumulated 64.42%
c focused glue 8 used 25204 clauses 6.670% accumulated 71.09%
c focused glue 9 used 23810 clauses 6.301% accumulated 77.40%
c focused glue 10 used 20721 clauses 5.484% accumulated 82.88% tier2
c 
c stable glue 9 used 18690 clauses 5.981% accumulated 66.18% tier1
c stable glue 10 used 18312 clauses 5.860% accumulated 72.05%
c stable glue 11-12 used 32690 clauses 10.46% accumulated 82.51%
c stable glue 13 used 13573 clauses 4.344% accumulated 86.85%
c stable glue 14 used 11557 clauses 3.698% accumulated 90.55% tier2
c 
c 
c --- [ resources ] ----------------------------------------------------------
c 
c total process time since initialization:        13.98    seconds
c total real time since initialization:           13.98    seconds
c maximum resident set size of process:           90.80    MB
c 
c --- [ shutting down ] ------------------------------------------------------
c 
c exit 20

[rc=20 14.0s]
$ /root/earth-moon/verifier/../tools/drat-trim/lrat-check /root/earth-moon/population/f034-a4-cert/cs-a4_m04c/r/n105_n94_n136_n143_p106/round-0/F.cnf /root/earth-moon/population/f034-a4-cert/cs-a4_m04c/r/n105_n94_n136_n143_p106/round-0/F.lrat
c parsed a formula with 2964 variables and 251266 clauses
c VERIFIED
c allocated 1024 5724150 29640
c Added clauses = 598962.  Deleted clauses = 413342.  Max live clauses = 251266
c verification time = 0.98 secs

[rc=0 1.0s]
