# lean_static_resolve 2026-09-25 21:10:36
# dump=/Users/ivanspogreev/earth-moon/population/f034-a4-cert/split-m13/dump.jsonl raw=2358960 dedup=2358960 footer={'type': 'footer', 'verdict': 'UNSAT', 'counts': {'preseed': 7898, 'prop': 2351062, 'model': 0}, 'stats': {'checks': 17051403, 'confl': 1175531, 'model_rej': 0}, 'time': '2026-09-25T20:45:02-0700'}
# counters=False
# cube=[-33, 53, 16, 37]
$ /opt/homebrew/bin/cadical --lrat --no-binary --no-factor /Users/ivanspogreev/earth-moon/population/f034-a4-cert/split-m13/c9/round-0/F.cnf /Users/ivanspogreev/earth-moon/population/f034-a4-cert/split-m13/c9/round-0/F.lrat
c --- [ banner ] -------------------------------------------------------------
c 
c CaDiCaL SAT Solver
c Copyright (c) 2016-2026
c A. Biere, M. Fleury, N. Froleyks, K. Fazekas, F. Pollitt, T. Faller
c JKU Linz, University of Freiburg, TU Wien
c 
c Version 3.0.1
c Apple clang version 16.0.0 (clang-1600.0.26.6) -Wall -Wextra -O3 -DNDEBUG -std=c++11 -DNCLOSEFROM
c Sun Jul 19 15:40:55 UTC 2026 Darwin Sonoma-arm64.local 23.6.0 arm64
c 
c --- [ proof tracing ] ------------------------------------------------------
c 
c opening file to write '/Users/ivanspogreev/earth-moon/population/f034-a4-cert/split-m13/c9/round-0/F.lrat'
c writing non-binary proof trace to '/Users/ivanspogreev/earth-moon/population/f034-a4-cert/split-m13/c9/round-0/F.lrat'
c 
c --- [ parsing input ] ------------------------------------------------------
c 
c reading DIMACS file from '/Users/ivanspogreev/earth-moon/population/f034-a4-cert/split-m13/c9/round-0/F.cnf'
c opening file to read '/Users/ivanspogreev/earth-moon/population/f034-a4-cert/split-m13/c9/round-0/F.cnf'
c found 'p cnf 2945 2367317' header
c parsed 2367317 clauses in 1.40 seconds process time
c 
c --- [ options ] ------------------------------------------------------------
c 
c   --binary=false                 (different from default 'true')
c   --lrat=true                    (different from default 'false')
c 
c --- [ solving ] ------------------------------------------------------------
c 
c time measured in process time since initialization
c 
c  seconds  reduction conflicts       size tier2       variables
c         MB    restarts   redundant    glue  trail         remaining
c          level     rate       size/glu tier1  irredundant
c 
c *  1.40  0  0 0   0  0    0    0 0.0 0 0 2 6  0% 914680 2905 99%
c )  1.50  0  0 0   0  0    0    0 0.0 0 0 2 6  0% 914680 2905 99%
c {  1.52  0  0 0   0  0    0    0 0.0 0 0 2 6  0% 914680 2905 99%
c i  1.54  0 2205 0   0 117   23   11 1.6 7 5 2 6 79% 914671 2903 99%
c i  1.54  0 2192 0   0 99   27   13 1.7 7 4 2 6 78% 914670 2901 99%
c i  1.59  0 986 0  20 64  109   48 1.3 12 9 2 6 44% 914627 2900 98%
c i  1.59  0 976 0  20 63  110   48 1.3 11 9 2 6 44% 914627 2899 98%
c i  1.59  0 967 0  21 63  111   48 1.3 11 9 2 6 44% 914627 2898 98%
c -  1.71  0 403 1  47 31  300   74 1.3 14 11 2 6 29% 914538 2898 98%
c i  1.81  0 280 1  79 24  460  156 1.3 16 13 2 6 24% 914476 2893 98%
c i  1.81  0 280 1  79 24  461  156 1.3 16 13 2 6 24% 914476 2892 98%
c i  1.83  0 197 1  84 17  754  236 1.3 16 12 2 6 28% 914310 2888 98%
c i  1.83  0 197 1  84 17  757  237 1.3 16 12 2 6 28% 914309 2887 98%
c i  1.83  0 195 1  84 16  763  240 1.3 16 12 2 6 28% 914307 2886 98%
c i  1.83  0 195 1  84 16  764  240 1.3 16 12 2 6 28% 914307 2884 98%
c }  1.93  0 157 1 112 13 1001  435 1.5 19 13 2 6 27% 914289 2884 98%
c [  1.93  0  0 1 112  0 1001  435 0.0 0 0 2 6  0% 914289 2884 98%
c O  1.93  0  4 1 112  5 1002  436 2.0 6 3 2 6 16% 914289 2884 98%
c -  2.10  0  7 2 112  1 1149  257 1.9 11 6 2 6 19% 914261 2884 98%
c ]  2.34  0 58 2 113  2 2676 1498 1.7 30 18 2 6 37% 914173 2884 98%
c 
c  seconds   reduction conflicts       size   tier2       variables
c         MB     restarts   redundant     glue   trail         remaining
c           level     rate       size/glue  tier1  irredundant
c 
c {  2.34  0 157 2 113 13 2676 1498 1.5 19 13 2 6 27% 914173 2884 98%
c -  2.50  0 146 3 141 13 2811  555 1.5 19 13 2 6 26% 914118 2884 98%
c i  2.53  0 143 3 147 13 2834  575 1.5 19 13 2 6 26% 914117 2883 98%
c i  2.53  0 142 3 148 13 2839  577 1.5 19 13 2 6 26% 914116 2882 98%
c i  2.53  0 142 3 148 13 2840  577 1.5 19 13 2 6 26% 914116 2881 98%
c i  2.53  0 142 3 148 13 2841  577 1.5 19 13 2 6 26% 914116 2880 98%
c i  2.53  0 142 3 148 13 2842  577 1.5 19 13 2 6 26% 914116 2879 98%
c i  2.58  0 132 3 150 12 2964  645 1.5 19 13 2 6 25% 914079 2878 98%
c i  2.58  0 132 3 150 12 2970  647 1.5 19 13 2 6 25% 914077 2877 98%
c i  2.58  0 132 3 150 12 2971  647 1.5 19 13 2 6 25% 914077 2875 98%
c i  2.58  0 131 3 150 12 2972  647 1.5 19 13 2 6 25% 914077 2832 96%
c O  2.61  0 129 3 150 12 3005  675 1.5 19 13 2 6 25% 914076 2832 96%
c i  2.71  0 122 3 163 11 3109  756 1.5 19 13 2 6 24% 914060 2825 96%
c i  2.71  0 121 3 163 11 3111  756 1.5 19 13 2 6 24% 914059 2821 96%
c i  2.71  0 121 3 163 11 3112  756 1.5 19 13 2 6 24% 914059 2815 96%
c i  2.71  0 121 3 163 11 3115  756 1.5 19 13 2 6 24% 914057 2811 95%
c i  2.71  0 121 3 163 11 3118  756 1.5 19 13 2 6 24% 914056 2803 95%
c i  2.77  0 112 3 171 10 3257  867 1.5 19 13 2 6 24% 914048 2802 95%
c i  2.85  0 106 3 188 10 3403  973 1.5 20 13 2 6 24% 914027 2800 95%
c i  2.86  0 105 3 194 10 3424  984 1.5 20 13 2 6 24% 914019 2794 95%
c 
c  seconds   reduction conflicts       size   tier2       variables
c         MB     restarts   redundant     glue   trail         remaining
c           level     rate       size/glue  tier1  irredundant
c 
c i  2.86  0 105 3 194 10 3425  984 1.5 20 13 2 6 24% 914019 2730 93%
c i  2.91  0 104 3 202 10 3455 1009 1.5 20 13 2 6 24% 914016 2671 91%
c i  2.92  0 103 3 207 10 3477 1026 1.5 20 13 2 6 24% 914015 2667 91%
c 2  2.95  0 100 3 207 10 3555 1095 1.5 20 13 2 6 24% 914013 2643 90%
c d  2.99  0 100 3 207 10 3555 1040 1.5 20 13 2 6 24% 913741 2642 90%
c p  3.00  0 100 3 207 10 3555 1043 1.5 20 13 2 6 24% 913741 2642 90%
c =  3.25  0 100 3 207 10 3555 1039 1.5 20 13 2 6 24% 913727 2620 89%
c t  3.26  0 100 3 207 10 3555 1036 1.5 20 13 2 6 24% 913727 2620 89%
c -  3.72  0 59 4 207  5 5409 2134 1.9 22 11 9 13 21% 913640 2620 89%
c #  3.80  0 53 4 207  5 6007 2624 2.0 22 11 9 13 21% 913639 2620 89%
c i  3.80  0 53 4 207  5 6014 2625 2.0 22 11 9 13 21% 913635 2619 89%
c i  3.80  0 53 4 207  5 6021 2626 2.0 22 11 9 13 21% 913631 2618 89%
c i  3.81  0 53 4 207  5 6049 2633 2.0 22 11 9 12 21% 913618 2590 88%
c i  3.81  0 53 4 207  5 6051 2633 2.0 22 11 9 12 21% 913618 2576 87%
c i  3.81  0 53 4 207  5 6055 2634 2.0 22 11 9 12 21% 913617 2503 85%
c 2  3.81  0 53 4 207  5 6055 2633 2.0 22 11 9 12 21% 913617 2499 85%
c t  3.83  0 53 4 207  5 6055 2632 2.0 22 11 9 12 21% 913617 2499 85%
c i  3.94  0 52 4 227  5 6190 2743 2.0 22 11 9 12 21% 913612 2405 82%
c i  3.95  0 52 4 230  5 6203 2753 1.9 22 11 9 12 21% 913612 2383 81%
c i  4.04  0 51 4 274  5 6424 2932 1.9 22 11 9 12 20% 913612 2307 78%
c 
c  seconds  reduction conflicts       size   tier2        variables
c         MB    restarts   redundant     glue    trail         remaining
c          level     rate       size/glue  tier1   irredundant
c 
c }  4.44  0 43 4 348  4 7961 4118 1.8 21 11 9 13 20% 913609 2307 78%
c [  4.44  0 58 4 348  2 7961 4118 1.7 30 18 2 6 42% 913609 2307 78%
c -  4.90  0 44 5 349  1 9012 4274 1.7 25 15 2 6 34% 835748 2307 78%
c 2  4.91  0 44 5 349  1 9012 4274 1.7 25 15 2 6 34% 835748 2301 78%
c d  4.94  0 44 5 349  1 9012 4274 1.7 25 15 2 6 34% 835734 2300 78%
c t  5.21  0 44 5 349  1 9012 4268 1.7 25 15 2 6 34% 835725 2289 78%
c I  5.57  0 38 5 349  1 10009 4940 1.6 23 15 8 18  9% 835724 2289 78%
c -  6.15  0 29 6 352  1 13573 5851 1.5 22 15 10 17 10% 835724 2289 78%
c 2  6.15  0 29 6 352  1 13573 5850 1.5 22 15 10 17 10% 835724 2285 78%
c ]  6.33  0 29 6 352  1 14106 6315 1.5 22 15 10 17 10% 835724 2285 78%
c {  6.33  0 43 6 352  4 14106 6315 1.8 21 11 9 13 23% 835724 2285 78%
c B  6.66  0 40 6 446  4 15010 6989 1.8 20 11 9 13 21% 835722 2285 78%
c s  7.33  0 36 6 692  3 16598 7981 1.7 20 12 9 13 18% 835461 2285 78%
c t  7.34  0 36 6 692  3 16598 7981 1.7 20 12 9 13 18% 835444 2285 78%
c e  7.48  0 36 6 692  3 16598 7680 1.7 20 12 9 13 18% 831866 358 12%
c s  7.50  0 36 6 692  3 16598 7677 1.7 20 12 9 13 18% 831848 358 12%
c -  8.57  0 33 7 881  3 19171 7566 1.7 20 12 9 13 24% 831848 358 12%
c 2  8.57  0 33 7 881  3 19171 7565 1.7 20 12 9 13 24% 831848 358 12%
c p  8.59  0 33 7 881  3 19171 7570 1.7 20 12 9 13 24% 831848 358 12%
c u  9.02  0 33 7 881  3 19171 7533 1.7 20 12 9 13 24% 831848 358 12%
c 
c  seconds  reductions conflicts       size   tier2        variables
c         MB    restarts    redundant     glue    trail        remaining
c          level     rate        size/glue  tier1   irredundant
c 
c v  9.07  0 33 7 881  3 19171 7527 1.7 20 12 9 13 24% 831848 358 12%
c w  9.09  0 33 7 881  3 19171 7521 1.7 20 12 9 13 24% 831848 358 12%
c x  9.16  0 33 7 881  3 19171 7521 1.7 20 12 9 13 24% 831840 358 12%
c W  9.70  0 30 7 937  3 21011 8884 1.7 20 12 9 13 23% 831840 358 12%
c - 10.82  0 27 8 1334  2 25816 10511 1.7 19 12 9 14 24% 831840 358 12%
c } 11.34  0 26 8 1384  2 27648 11865 1.7 19 12 9 14 24% 831857 358 12%
c [ 11.34  0 29 8 1384  1 27648 11865 1.5 22 15 10 17 64% 831857 358 12%
c B 11.45  0 29 8 1384  1 28012 12148 1.5 22 15 10 17 62% 831857 358 12%
c - 12.26  0 26 9 1386  1 33527 12773 1.4 22 15 10 17 42% 831857 358 12%
c p 12.29  0 26 9 1386  1 33527 12781 1.4 22 15 10 17 42% 831857 358 12%
c W 13.15  0 25 9 1388  1 36015 14251 1.4 21 16 10 17 38% 831857 358 12%
c ] 14.16  0 23 9 1392  1 42151 18041 1.3 21 16 10 17 33% 831857 358 12%
c { 14.16  0 26 9 1392  2 42151 18041 1.7 19 12 9 14 24% 831857 358 12%
c - 14.28  0 26 10 1404  2 42315 14051 1.7 19 12 9 14 24% 831857 358 12%
c p 14.29  0 26 10 1404  2 42315 14053 1.7 19 12 9 14 24% 831857 358 12%
c u 14.76  0 26 10 1404  2 42315 14028 1.7 19 12 9 14 24% 831857 358 12%
c v 14.80  0 26 10 1404  2 42315 14027 1.7 19 12 9 14 24% 831857 358 12%
c w 14.82  0 26 10 1404  2 42315 14024 1.7 19 12 9 14 24% 831857 358 12%
c x 14.88  0 26 10 1404  2 42315 14024 1.7 19 12 9 14 24% 831852 358 12%
c F 15.47  0 25 10 1687  2 45016 16085 1.6 19 12 9 14 24% 831852 358 12%
c 
c  seconds  reductions   conflicts        size   tier2        variables
c         MB     restarts      redundant     glue    trail        remaining
c          level       rate         size/glue  tier1   irredundant
c 
c - 16.60  0 23 11 2004  2 52188 17981 1.7 19 11 9 14 23% 831852 358 12%
c p 16.62  0 23 11 2004  2 52188 17990 1.7 19 11 9 14 23% 831852 358 12%
c t 16.63  0 23 11 2004  2 52188 17989 1.7 19 11 9 14 23% 831851 358 12%
c B 17.60  0 22 11 2321  2 55019 20043 1.6 19 11 9 14 23% 831851 358 12%
c s 19.28  0 21 11 2886  2 61327 24591 1.6 19 11 9 14 23% 831574 358 12%
c s 19.47  0 21 11 2886  2 61327 24586 1.6 19 11 9 14 23% 831552 358 12%
c - 20.44  0 21 12 3144  2 63153 22705 1.6 19 12 9 14 23% 831552 358 12%
c p 20.46  0 21 12 3144  2 63153 22713 1.6 19 12 9 14 23% 831552 358 12%
c u 20.61  0 21 12 3144  2 63153 22662 1.6 19 12 9 14 23% 831552 358 12%
c v 20.65  0 21 12 3144  2 63153 22658 1.6 19 12 9 14 23% 831552 358 12%
c w 20.68  0 21 12 3144  2 63153 22658 1.6 19 12 9 14 23% 831552 358 12%
c x 20.74  0 21 12 3144  2 63153 22658 1.6 19 12 9 14 23% 831546 358 12%
c t 20.75  0 21 12 3144  2 63153 22657 1.6 19 12 9 14 23% 831546 358 12%
c W 21.69  0 21 12 3207  2 66022 24475 1.6 19 11 9 14 23% 831546 358 12%
c } 22.26  0 20 12 3310  2 68164 26025 1.6 19 11 9 14 23% 831546 358 12%
c [ 22.26  0 23 12 3310  1 68164 26025 1.3 21 16 10 17 33% 831546 358 12%
c - 23.40  0 22 13 3311  1 75214 27452 1.4 21 15 10 17 31% 831546 358 12%
c p 23.43  0 22 13 3311  1 75214 27459 1.4 21 15 10 17 31% 831546 358 12%
c O 23.93  0 22 13 3311  1 78024 29329 1.4 21 15 10 17 30% 831546 358 12%
c - 25.95  0 22 14 3318  1 88376 30029 1.4 21 15 10 17 28% 831546 358 12%
c 
c  seconds  reductions   conflicts        size    tier2        variables
c         MB     restarts      redundant     glue     trail        remaining
c          level       rate         size/glue  tier1    irredundant
c 
c p 25.97  0 22 14 3318  1 88376 30031 1.4 21 15 10 17 28% 831546 358 12%
c u 26.59  0 22 14 3318  1 88376 29983 1.4 21 15 10 17 28% 831546 358 12%
c v 26.64  0 22 14 3318  1 88376 29981 1.4 21 15 10 17 28% 831546 358 12%
c w 26.67  0 22 14 3318  1 88376 29980 1.4 21 15 10 17 28% 831546 358 12%
c x 26.75  0 22 14 3318  1 88376 29980 1.4 21 15 10 17 28% 831543 358 12%
c B 27.24  0 22 14 3318  1 91026 31910 1.4 21 15 10 17 28% 831543 358 12%
c ] 27.86  0 22 14 3321  1 95177 34695 1.4 21 15 10 17 27% 831543 358 12%
c { 27.86  0 20 14 3321  2 95177 34695 1.6 19 11 9 14 23% 831543 358 12%
c - 29.38  0 20 15 3653  2 102644 34249 1.6 19 11 9 14 23% 831543 358 12%
c p 29.40  0 20 15 3653  2 102644 34257 1.6 19 11 9 14 23% 831543 358 12%
c # 30.03  0 19 15 3810  2 105027 35754 1.6 18 11 9 14 23% 831543 358 12%
c - 33.85  0 19 16 5065  2 118020 39829 1.6 19 11 9 14 23% 831543 358 12%
c p 33.88  0 19 16 5065  2 118020 39836 1.6 19 11 9 14 23% 831543 358 12%
c u 34.05  0 19 16 5065  2 118020 39795 1.6 19 11 9 14 23% 831543 358 12%
c v 34.12  0 19 16 5065  2 118020 39788 1.6 19 11 9 14 23% 831543 358 12%
c w 34.15  0 19 16 5065  2 118020 39787 1.6 19 11 9 14 23% 831543 358 12%
c x 34.23  0 19 16 5065  2 118020 39787 1.6 19 11 9 14 23% 831507 358 12%
c B 34.91  0 19 16 5212  2 120029 41032 1.6 18 11 9 14 23% 831507 358 12%
c s 37.44  0 19 16 5883  2 128417 46158 1.6 18 11 9 14 23% 831406 358 12%
c s 37.63  0 19 16 5883  2 128417 46138 1.6 18 11 9 14 23% 831175 358 12%
c 
c  seconds  reductions   conflicts         size   tier2        variables
c         MB     restarts       redundant     glue    trail        remaining
c          level       rate          size/glue  tier1   irredundant
c 
c } 38.83  0 19 16 6369  2 131346 47932 1.6 18 11 9 14 23% 831175 358 12%
c [ 38.83  0 22 16 6369  1 131346 47932 1.4 21 15 10 17 27% 831175 358 12%
c - 39.40  0 21 17 6371  1 134508 44599 1.4 21 15 10 17 27% 831175 358 12%
c p 39.42  0 21 17 6371  1 134508 44609 1.4 21 15 10 17 27% 831175 358 12%
c t 39.45  0 21 17 6371  1 134508 44609 1.4 21 15 10 17 27% 831175 358 12%
c W 40.95  0 21 17 6372  1 136031 45696 1.4 21 15 10 17 27% 831175 358 12%
c - 43.34  0 21 18 6375  1 152107 48327 1.4 20 15 9 16 26% 831175 358 12%
c p 43.36  0 21 18 6375  1 152107 48328 1.4 20 15 9 16 26% 831175 358 12%
c u 43.52  0 21 18 6375  1 152107 48270 1.4 20 15 9 16 26% 831175 358 12%
c v 43.59  0 21 18 6375  1 152107 48255 1.4 20 15 9 16 26% 831175 358 12%
c w 43.62  0 21 18 6375  1 152107 48255 1.4 20 15 9 16 26% 831175 358 12%
c x 43.73  0 21 18 6375  1 152107 48255 1.4 20 15 9 16 26% 831165 358 12%
c I 43.96  0 21 18 6375  1 153033 48863 1.4 20 15 9 16 26% 831165 358 12%
c - 46.79  0 19 19 6379  1 170824 52553 1.4 20 15 9 16 25% 831165 358 12%
c p 46.83  0 19 19 6379  1 170824 52562 1.4 20 15 9 16 25% 831165 358 12%
c B 47.54  0 19 19 6379  1 171035 52689 1.4 20 15 9 16 25% 831165 358 12%
c ] 47.94  0 19 19 6381  1 173328 54057 1.4 20 15 9 16 25% 831165 358 12%
c { 47.94  0 19 19 6381  2 173328 54057 1.6 18 11 9 14 23% 831165 358 12%
c W 53.78  0 18 19 7923  2 190038 64714 1.6 18 12 9 14 23% 831165 358 12%
c - 54.16  0 18 20 7958  2 190661 57611 1.6 18 12 9 14 23% 831165 358 12%
c 
c  seconds  reductions   conflicts         size   tier2        variables
c         MB     restarts       redundant     glue    trail        remaining
c          level       rate          size/glue  tier1   irredundant
c 
c p 54.19  0 18 20 7958  2 190661 57624 1.6 18 12 9 14 23% 831165 358 12%
c u 54.40  0 18 20 7958  2 190661 57584 1.6 18 12 9 14 23% 831165 358 12%
c v 54.47  0 18 20 7958  2 190661 57519 1.6 18 12 9 14 23% 831165 358 12%
c w 54.51  0 18 20 7958  2 190661 57517 1.6 18 12 9 14 23% 831165 358 12%
c x 54.65  0 18 20 7958  2 190661 57517 1.6 18 12 9 14 23% 831119 358 12%
c F 61.47  0 18 20 10001  2 210039 70244 1.5 18 12 7 12 23% 831119 358 12%
c - 61.97  0 18 21 10068  2 211617 50112 1.5 18 12 7 12 23% 831119 358 12%
c p 62.01  0 18 21 10068  2 211617 50125 1.5 18 12 7 12 23% 831119 358 12%
c u 62.15  0 18 21 10068  2 211617 50058 1.5 18 12 7 12 23% 831119 358 12%
c v 62.19  0 18 21 10068  2 211617 50031 1.5 18 12 7 12 23% 831119 358 12%
c w 62.22  0 18 21 10068  2 211617 50028 1.5 18 12 7 12 23% 831119 358 12%
c x 62.29  0 18 21 10068  2 211617 50028 1.5 18 12 7 12 23% 831102 358 12%
c } 63.77  0 18 21 10479  2 215612 52871 1.5 18 12 7 12 23% 831102 358 12%
c [ 63.77  0 19 21 10479  1 215612 52871 1.4 20 15 9 16 25% 831102 358 12%
c s 64.23  0 19 21 10480  1 217865 54543 1.4 20 14 9 16 25% 830577 358 12%
c s 64.44  0 19 21 10480  1 217865 54528 1.4 20 14 9 16 25% 830342 358 12%
c W 67.56  0 19 21 10487  1 231041 63946 1.4 20 15 9 16 24% 830342 358 12%
c - 68.14  0 19 22 10488  1 233693 50177 1.4 20 15 9 16 25% 830342 358 12%
c p 68.18  0 19 22 10488  1 233693 50186 1.4 20 15 9 16 25% 830342 358 12%
c u 68.29  0 19 22 10488  1 233693 50143 1.4 20 15 9 16 25% 830342 358 12%
c 
c  seconds  reductions    conflicts         size   tier2        variables
c         MB      restarts       redundant     glue    trail        remaining
c          level        rate          size/glue  tier1   irredundant
c 
c v 68.33  0 19 22 10488  1 233693 50133 1.4 20 15 9 16 25% 830342 358 12%
c w 68.36  0 19 22 10488  1 233693 50130 1.4 20 15 9 16 25% 830342 358 12%
c x 68.42  0 19 22 10488  1 233693 50130 1.4 20 15 9 16 25% 830326 358 12%
c O 71.54  0 19 22 10495  1 253044 63301 1.4 20 15 9 16 24% 830326 358 12%
c - 72.37  0 19 23 10498  1 256887 50242 1.4 20 14 9 16 24% 830326 358 12%
c p 72.41  0 19 23 10498  1 256887 50251 1.4 20 14 9 16 24% 830326 358 12%
c u 72.55  0 19 23 10498  1 256887 50194 1.4 20 14 9 16 24% 830327 358 12%
c v 72.60  0 19 23 10498  1 256887 50185 1.4 20 14 9 16 24% 830327 358 12%
c w 72.63  0 19 23 10498  1 256887 50183 1.4 20 14 9 16 24% 830327 358 12%
c x 72.70  0 19 23 10498  1 256887 50183 1.4 20 14 9 16 24% 830319 358 12%
c t 72.71  0 19 23 10498  1 256887 50183 1.4 20 14 9 16 24% 830318 358 12%
c ] 75.81  0 18 23 10504  1 275459 61733 1.4 20 14 8 15 24% 830318 358 12%
c { 75.81  0 18 23 10504  2 275459 61733 1.5 18 12 7 12 23% 830318 358 12%
c B 75.96  0 18 23 10531  2 276048 62013 1.5 18 12 7 12 23% 830318 358 12%
c - 76.94  0 18 24 10615  2 281207 53238 1.5 18 12 7 12 22% 830318 358 12%
c p 76.98  0 18 24 10615  2 281207 53247 1.5 18 12 7 12 22% 830318 358 12%
c u 77.08  0 18 24 10615  2 281207 53196 1.5 18 12 7 12 22% 830318 358 12%
c v 77.13  0 18 24 10615  2 281207 53192 1.5 18 12 7 12 22% 830318 358 12%
c w 77.15  0 18 24 10615  2 281207 53188 1.5 18 12 7 12 22% 830318 358 12%
c x 77.21  0 18 24 10615  2 281207 53188 1.5 18 12 7 12 22% 830307 358 12%
c 
c  seconds  reductions    conflicts         size   tier2        variables
c         MB      restarts       redundant     glue    trail        remaining
c          level        rate          size/glue  tier1   irredundant
c 
c W 84.83  0 17 24 12145  2 300050 65552 1.5 18 12 7 12 22% 830307 358 12%
c - 86.89  0 17 25 12387  2 306651 59422 1.5 18 12 7 12 22% 830307 358 12%
c p 86.93  0 17 25 12387  2 306651 59435 1.5 18 12 7 12 22% 830307 358 12%
c u 88.24  0 17 25 12387  2 306651 59391 1.5 18 12 7 12 22% 830307 358 12%
c v 88.31  0 17 25 12387  2 306651 59381 1.5 18 12 7 12 22% 830307 358 12%
c w 88.34  0 17 25 12387  2 306651 59374 1.5 18 12 7 12 22% 830307 358 12%
c x 88.45  0 17 25 12387  2 306651 59373 1.5 18 12 7 12 22% 830297 358 12%
c # 95.11  0 17 25 13987  2 325051 72124 1.5 18 12 7 12 23% 830297 358 12%
c s 95.96  0 17 25 13994  1 329661 75637 1.5 18 12 7 12 23% 830034 358 12%
c s 96.17  0 17 25 13994  1 329661 75624 1.5 18 12 7 12 23% 829851 358 12%
c - 97.72  0 17 26 14309  1 333220 57158 1.5 18 12 6 11 23% 829851 358 12%
c p 97.75  0 17 26 14309  1 333220 57166 1.5 18 12 6 11 23% 829851 358 12%
c u 97.95  0 17 26 14309  1 333220 57117 1.5 18 12 6 11 23% 829851 358 12%
c v 98.04  0 17 26 14309  1 333220 57111 1.5 18 12 6 11 23% 829851 358 12%
c w 98.08  0 17 26 14309  1 333220 57099 1.5 18 12 6 11 23% 829851 358 12%
c x 98.20  0 17 26 14309  1 333220 57098 1.5 18 12 6 11 23% 829830 358 12%
c } 98.68  0 16 26 14337  1 335485 58196 1.5 18 12 6 11 23% 829830 358 12%
c [ 98.68  0 18 26 14337  1 335485 58196 1.4 20 14 8 15 24% 829830 358 12%
c B 101.32  0 18 26 14337  1 351052 67304 1.4 19 14 8 15 24% 829830 358 12%
c - 102.98  0 18 27 14338  1 360918 56174 1.4 19 14 8 15 24% 829830 358 12%
c 
c  seconds   reductions    conflicts         size   tier2        variables
c          MB      restarts       redundant     glue    trail        remaining
c           level        rate          size/glue  tier1   irredundant
c 
c p 103.02  0 18 27 14338  1 360918 56183 1.4 19 14 8 15 24% 829830 358 12%
c u 103.15  0 18 27 14338  1 360918 56123 1.4 19 14 8 15 24% 829830 358 12%
c v 103.21  0 18 27 14338  1 360918 56121 1.4 19 14 8 15 24% 829830 358 12%
c w 103.25  0 18 27 14338  1 360918 56117 1.4 19 14 8 15 24% 829830 358 12%
c x 103.34  0 18 27 14338  1 360918 56117 1.4 19 14 8 15 24% 829824 358 12%
c W 107.53  0 18 27 14338  1 378053 67082 1.4 19 14 8 15 23% 829824 358 12%
c - 109.29  0 17 28 14342  1 389739 54706 1.4 19 14 8 15 23% 829824 358 12%
c p 109.32  0 17 28 14342  1 389739 54715 1.4 19 14 8 15 23% 829824 358 12%
c u 109.45  0 17 28 14342  1 389739 54660 1.4 19 14 8 15 23% 829824 358 12%
c v 109.50  0 17 28 14342  1 389739 54658 1.4 19 14 8 15 23% 829824 358 12%
c w 109.52  0 17 28 14342  1 389739 54650 1.4 19 14 8 15 23% 829824 358 12%
c x 109.60  0 17 28 14342  1 389739 54650 1.4 19 14 8 15 23% 829815 358 12%
c I 112.31  0 17 28 14351  1 406056 64686 1.4 19 14 8 14 23% 829815 358 12%
c ] 114.28  0 17 28 14353  1 418524 72340 1.4 19 14 8 14 23% 829815 358 12%
c { 114.28  0 16 28 14353  1 418524 72340 1.5 18 12 6 11 23% 829815 358 12%
c - 114.67  0 16 29 14477  1 419688 55401 1.5 18 12 6 11 23% 829815 358 12%
c p 114.71  0 16 29 14477  1 419688 55414 1.5 18 12 6 11 23% 829815 358 12%
c u 114.86  0 16 29 14477  1 419688 55366 1.5 18 12 6 11 23% 829815 358 12%
c v 114.92  0 16 29 14477  1 419688 55355 1.5 18 12 6 11 23% 829815 358 12%
c w 114.95  0 16 29 14477  1 419688 55351 1.5 18 12 6 11 23% 829815 358 12%
c 
c  seconds   reductions    conflicts         size   tier2        variables
c          MB      restarts       redundant     glue    trail        remaining
c           level        rate          size/glue  tier1   irredundant
c 
c x 115.05  0 16 29 14477  1 419688 55351 1.5 18 12 6 11 23% 829809 358 12%
c t 115.06  0 16 29 14477  1 419688 55350 1.5 18 12 6 11 23% 829809 358 12%
c B 120.06  0 16 29 15959  1 435058 64925 1.5 18 12 6 11 22% 829809 358 12%
c - 124.98  0 16 30 17110  1 450765 60743 1.5 17 12 6 11 22% 829809 358 12%
c p 125.02  0 16 30 17110  1 450765 60752 1.5 17 12 6 11 22% 829809 358 12%
c u 125.27  0 16 30 17110  1 450765 60721 1.5 17 12 6 11 22% 829810 358 12%
c v 125.34  0 16 30 17110  1 450765 60687 1.5 17 12 6 11 22% 829810 358 12%
c w 125.38  0 16 30 17110  1 450765 60680 1.5 17 12 6 11 22% 829810 358 12%
c x 125.52  0 16 30 17110  1 450765 60679 1.5 17 12 6 11 22% 829778 358 12%
c t 125.53  0 16 30 17110  1 450765 60679 1.5 17 12 6 11 22% 829776 358 12%
c s 129.53  0 16 30 17928  1 463806 69373 1.5 17 12 5 11 22% 828960 358 12%
c s 129.75  0 16 30 17928  1 463806 69340 1.5 17 12 5 11 22% 828704 358 12%
c W 131.96  0 16 30 18055  1 465060 70067 1.5 17 12 5 11 22% 828704 358 12%
c - 136.48  0 16 31 18511  1 482973 61825 1.5 17 11 5 11 22% 828704 358 12%
c p 136.52  0 16 31 18511  1 482973 61833 1.5 17 11 5 11 22% 828704 358 12%
c u 136.72  0 16 31 18511  1 482973 61754 1.5 17 11 5 11 22% 828704 358 12%
c v 136.80  0 16 31 18511  1 482973 61739 1.5 17 11 5 11 22% 828704 358 12%
c w 136.84  0 16 31 18511  1 482973 61738 1.5 17 11 5 11 22% 828704 358 12%
c x 136.97  0 16 31 18511  1 482973 61737 1.5 17 11 5 11 22% 828695 358 12%
c t 136.98  0 16 31 18511  1 482973 61736 1.5 17 11 5 11 22% 828695 358 12%
c 
c  seconds   reductions    conflicts         size   tier2        variables
c          MB      restarts       redundant     glue    trail        remaining
c           level        rate          size/glue  tier1   irredundant
c 
c F 140.12  0 15 31 19192  1 496061 70889 1.5 17 11 5 11 23% 828695 358 12%
c } 141.46  0 15 31 19528  1 500959 73747 1.5 17 11 5 11 23% 828695 358 12%
c [ 141.46  0 17 31 19528  1 500959 73747 1.4 19 14 8 14 23% 828695 358 12%
c - 143.64  0 17 32 19538  1 516303 65348 1.4 19 13 8 14 23% 828695 358 12%
c p 143.67  0 17 32 19538  1 516303 65357 1.4 19 13 8 14 23% 828695 358 12%
c u 144.92  0 17 32 19538  1 516303 65305 1.4 19 13 8 14 23% 828695 358 12%
c v 145.00  0 17 32 19538  1 516303 65294 1.4 19 13 8 14 23% 828695 358 12%
c w 145.03  0 17 32 19538  1 516303 65282 1.4 19 13 8 14 23% 828695 358 12%
c x 145.15  0 17 32 19538  1 516303 65280 1.4 19 13 8 14 23% 828674 358 12%
c t 145.16  0 17 32 19538  1 516303 65279 1.4 19 13 8 14 23% 828674 358 12%
c B 147.03  0 17 32 19543  1 528062 73455 1.4 19 13 8 14 23% 828674 358 12%
c - 150.50  0 16 33 19544  1 550763 64040 1.4 19 13 7 14 22% 828674 358 12%
c p 150.54  0 16 33 19544  1 550763 64049 1.4 19 13 7 14 22% 828674 358 12%
c u 150.66  0 16 33 19544  1 550763 63938 1.4 19 13 7 14 22% 828674 358 12%
c v 150.73  0 16 33 19544  1 550763 63933 1.4 19 13 7 14 22% 828674 358 12%
c w 150.76  0 16 33 19544  1 550763 63931 1.4 19 13 7 14 22% 828674 358 12%
c x 150.85  0 16 33 19544  1 550763 63930 1.4 19 13 7 14 22% 828666 358 12%
c t 150.85  0 16 33 19544  1 550763 63930 1.4 19 13 7 14 22% 828665 358 12%
c W 154.21  0 16 33 19551  1 561064 70219 1.4 19 13 7 14 22% 828665 358 12%
c - 158.63  0 16 34 19561  1 586354 61818 1.4 19 13 7 14 22% 828665 358 12%
c 
c  seconds   reductions    conflicts         size   tier2        variables
c          MB      restarts       redundant     glue    trail        remaining
c           level        rate          size/glue  tier1   irredundant
c 
c p 158.67  0 16 34 19561  1 586354 61827 1.4 19 13 7 14 22% 828665 358 12%
c u 158.82  0 16 34 19561  1 586354 61720 1.4 19 13 7 14 22% 828665 358 12%
c v 158.88  0 16 34 19561  1 586354 61713 1.4 19 13 7 14 22% 828665 358 12%
c w 158.91  0 16 34 19561  1 586354 61709 1.4 19 13 7 14 22% 828665 358 12%
c x 159.04  0 16 34 19561  1 586354 61709 1.4 19 13 7 14 22% 828658 358 12%
c O 160.60  0 16 34 19566  1 595065 66882 1.4 19 13 7 14 22% 828658 358 12%
c ] 163.40  0 16 34 19573  1 610088 76264 1.4 19 13 7 14 22% 828658 358 12%
c { 163.40  0 15 34 19573  1 610088 76264 1.5 17 11 5 11 23% 828658 358 12%
c s 167.08  0 15 34 20613  1 620280 83187 1.5 17 12 5 11 22% 828410 358 12%
c s 167.29  0 15 34 20613  1 620280 83180 1.5 17 12 5 11 22% 828073 358 12%
c - 168.54  0 15 35 20782  1 623077 63366 1.5 17 12 5 11 22% 828073 358 12%
c p 168.58  0 15 35 20782  1 623077 63375 1.5 17 12 5 11 22% 828073 358 12%
c u 168.76  0 15 35 20782  1 623077 63197 1.5 17 12 5 11 22% 828073 358 12%
c v 168.85  0 15 35 20782  1 623077 63194 1.5 17 12 5 11 22% 828073 358 12%
c w 168.90  0 15 35 20782  1 623077 63193 1.5 17 12 5 11 22% 828073 358 12%
c x 169.04  0 15 35 20782  1 623077 63193 1.5 17 12 5 11 22% 828027 358 12%
c B 170.46  0 15 35 20991  1 630066 67705 1.5 17 11 5 11 23% 828027 358 12%
c - 179.20  0 15 36 23355  1 660926 69179 1.5 17 12 5 11 22% 828027 358 12%
c p 179.24  0 15 36 23355  1 660926 69188 1.5 17 12 5 11 22% 828027 358 12%
c u 179.45  0 15 36 23355  1 660926 68985 1.5 17 12 5 11 22% 828027 358 12%
c 
c  seconds   reductions    conflicts         size   tier2        variables
c          MB      restarts       redundant     glue    trail        remaining
c           level        rate          size/glue  tier1   irredundant
c 
c v 179.54  0 15 36 23355  1 660926 68936 1.5 17 12 5 11 22% 828027 358 12%
c w 179.59  0 15 36 23355  1 660926 68933 1.5 17 12 5 11 22% 828027 358 12%
c x 179.76  0 15 36 23355  1 660926 68933 1.5 17 12 5 11 22% 828001 358 12%
c t 179.76  0 15 36 23355  1 660926 68929 1.5 17 12 5 11 22% 828001 358 12%
c W 183.00  0 15 36 23831  1 666067 72357 1.5 17 12 5 11 22% 828001 358 12%
c - 191.86  0 15 37 25622  1 699908 75029 1.5 17 12 5 11 22% 828001 358 12%
c p 191.90  0 15 37 25622  1 699908 75038 1.5 17 12 5 11 22% 828001 358 12%
c u 192.10  0 15 37 25622  1 699908 74909 1.5 17 12 5 11 22% 828001 358 12%
c v 192.18  0 15 37 25622  1 699908 74870 1.5 17 12 5 11 22% 828001 358 12%
c w 192.24  0 15 37 25622  1 699908 74861 1.5 17 12 5 11 22% 828001 358 12%
c x 192.39  0 15 37 25622  1 699908 74861 1.5 17 12 5 11 22% 827973 358 12%
c # 193.68  0 15 37 26001  1 703069 77002 1.5 17 12 5 11 22% 827973 358 12%
c } 197.85  0 15 37 26936  1 719141 87807 1.5 17 12 5 11 22% 827973 358 12%
c [ 197.85  0 16 37 26936  1 719141 87807 1.4 19 13 7 14 22% 827973 358 12%
c - 201.41  0 16 38 26938  1 740023 79419 1.4 18 13 7 14 21% 827973 358 12%
c p 201.45  0 16 38 26938  1 740023 79428 1.4 18 13 7 14 21% 827973 358 12%
c u 201.69  0 16 38 26938  1 740023 79335 1.4 18 13 7 14 21% 827974 358 12%
c v 201.78  0 16 38 26938  1 740023 79319 1.4 18 13 7 14 21% 827974 358 12%
c w 201.83  0 16 38 26938  1 740023 79313 1.4 18 13 7 14 21% 827974 358 12%
c x 201.97  0 16 38 26938  1 740023 79313 1.4 18 13 7 14 21% 827958 358 12%
c 
c  seconds   reductions    conflicts         size   tier2        variables
c          MB      restarts       redundant     glue    trail        remaining
c           level        rate          size/glue  tier1   irredundant
c 
c t 201.98  0 16 38 26938  1 740023 79313 1.4 18 13 7 14 21% 827957 358 12%
c B 202.23  0 16 38 26938  1 741072 80005 1.4 18 13 7 14 21% 827957 358 12%
c W 210.63  0 15 38 26940  1 780073 101929 1.4 17 12 7 14 21% 827957 358 12%
c - 211.02  0 15 39 26940  1 781272 80586 1.4 17 12 7 14 21% 827957 358 12%
c p 211.08  0 15 39 26940  1 781272 80595 1.4 17 12 7 14 21% 827957 358 12%
c u 211.29  0 15 39 26940  1 781272 80476 1.4 17 12 7 14 21% 827957 358 12%
c v 211.40  0 15 39 26940  1 781272 80466 1.4 17 12 7 14 21% 827957 358 12%
c w 211.45  0 15 39 26940  1 781272 80466 1.4 17 12 7 14 21% 827957 358 12%
c x 211.59  0 15 39 26940  1 781272 80466 1.4 17 12 7 14 21% 827937 358 12%
c s 215.16  0 15 39 26940  1 799091 90522 1.4 17 12 7 13 21% 826810 358 12%
c s 215.40  0 15 39 26940  1 799091 90456 1.4 17 12 7 13 21% 825749 358 12%
c I 219.85  0 14 39 26940  1 820074 102655 1.4 17 12 7 13 20% 825749 358 12%
c - 220.92  0 14 40 26940  1 823654 81275 1.4 17 12 7 13 20% 825749 358 12%
c p 220.96  0 14 40 26940  1 823654 81284 1.4 17 12 7 13 20% 825749 358 12%
c u 221.70  0 14 40 26940  1 823654 81184 1.4 17 12 7 13 20% 825749 358 12%
c v 221.81  0 14 40 26940  1 823654 81177 1.4 17 12 7 13 20% 825749 358 12%
c w 221.86  0 14 40 26940  1 823654 81172 1.4 17 12 7 13 20% 825749 358 12%
c x 222.02  0 14 40 26940  1 823654 81172 1.4 17 12 7 13 20% 825702 358 12%
c t 222.02  0 14 40 26940  1 823654 81172 1.4 17 12 7 13 20% 825701 358 12%
c ] 226.96  0 14 40 26946  1 851487 97662 1.4 17 12 7 13 20% 825701 358 12%
c 
c  seconds   reductions    conflicts         size   tier2        variables
c          MB      restarts       redundant     glue    trail        remaining
c           level        rate          size/glue  tier1   irredundant
c 
c { 226.96  0 15 40 26946  1 851487 97662 1.5 17 12 5 11 22% 825701 358 12%
c B 229.82  0 15 40 27322  1 861076 103820 1.5 17 11 5 11 21% 825701 358 12%
c - 231.71  0 15 41 27756  1 867146 85111 1.5 17 11 5 11 21% 825701 358 12%
c p 231.75  0 15 41 27756  1 867146 85120 1.5 17 11 5 11 21% 825701 358 12%
c u 231.97  0 15 41 27756  1 867146 85073 1.5 17 11 5 11 21% 825701 358 12%
c v 232.07  0 15 41 27756  1 867146 85059 1.5 17 11 5 11 21% 825701 358 12%
c w 232.11  0 15 41 27756  1 867146 85055 1.5 17 11 5 11 21% 825701 358 12%
c x 232.26  0 15 41 27756  1 867146 85052 1.5 17 11 5 11 21% 825680 358 12%
c t 232.27  0 15 41 27756  1 867146 85052 1.5 17 11 5 11 21% 825679 358 12%
c W 242.88  0 14 41 28609  1 903077 105677 1.5 16 11 5 11 21% 825679 358 12%
c - 245.06  0 14 42 28903  1 911771 90165 1.5 16 11 5 11 21% 825679 358 12%
c p 245.11  0 14 42 28903  1 911771 90174 1.5 16 11 5 11 21% 825679 358 12%
c u 245.38  0 14 42 28903  1 911771 90127 1.5 16 11 5 11 21% 825679 358 12%
c v 245.49  0 14 42 28903  1 911771 90121 1.5 16 11 5 11 21% 825679 358 12%
c w 245.54  0 14 42 28903  1 911771 90116 1.5 16 11 5 11 21% 825679 358 12%
c x 245.71  0 14 42 28903  1 911771 90113 1.5 16 11 5 11 21% 825664 358 12%
c t 245.72  0 14 42 28903  1 911771 90113 1.5 16 11 5 11 21% 825662 358 12%
c F 256.72  0 14 42 31178  1 946079 111470 1.5 16 11 5 11 21% 825662 358 12%
c - 260.47  0 14 43 31823  1 957527 96820 1.5 16 11 5 11 21% 825662 358 12%
c p 260.52  0 14 43 31823  1 957527 96829 1.5 16 11 5 11 21% 825662 358 12%
c 
c  seconds   reductions    conflicts         size   tier2        variables
c          MB      restarts       redundant     glue    trail        remaining
c           level        rate          size/glue  tier1   irredundant
c 
c u 260.79  0 14 43 31823  1 957527 96680 1.5 16 11 5 11 21% 825662 358 12%
c v 260.94  0 14 43 31823  1 957527 96664 1.5 16 11 5 11 21% 825662 358 12%
c w 261.00  0 14 43 31823  1 957527 96652 1.5 16 11 5 11 21% 825662 358 12%
c x 261.21  0 14 43 31823  1 957527 96650 1.5 16 11 5 11 21% 825616 358 12%
c t 261.22  0 14 43 31823  1 957527 96650 1.5 16 11 5 11 21% 825614 358 12%
c B 267.82  0 13 43 32419  1 990080 114627 1.5 16 11 5 11 21% 825614 358 12%
c } 269.77  0 13 43 32584  1 997575 118540 1.5 16 11 5 11 21% 825614 358 12%
c [ 269.77  0 14 43 32584  1 997575 118540 1.4 17 12 7 13 20% 825614 358 12%
c s 270.54  0 14 43 32585  1 1000184 120308 1.4 17 12 7 13 21% 824614 358 12%
c s 270.80  0 14 43 32585  1 1000184 120275 1.4 17 12 7 13 21% 823641 358 12%
c - 272.12  0 14 44 32586  1 1004417 101101 1.4 17 12 7 13 20% 823641 358 12%
c p 272.17  0 14 44 32586  1 1004417 101110 1.4 17 12 7 13 20% 823641 358 12%
c u 272.40  0 14 44 32586  1 1004417 101046 1.4 17 12 7 13 20% 823641 358 12%
c v 272.50  0 14 44 32586  1 1004417 101030 1.4 17 12 7 13 20% 823641 358 12%
c w 272.55  0 14 44 32586  1 1004417 101017 1.4 17 12 7 13 20% 823641 358 12%
c x 272.70  0 14 44 32586  1 1004417 101016 1.4 17 12 7 13 20% 823617 358 12%
c t 272.71  0 14 44 32586  1 1004417 101016 1.4 17 12 7 13 20% 823615 358 12%
c B 278.52  0 14 44 32600  1 1035084 119432 1.5 17 11 7 13 20% 823615 358 12%
c - 282.45  0 13 45 32608  1 1052416 106674 1.5 16 11 7 13 20% 823615 358 12%
c p 282.49  0 13 45 32608  1 1052416 106683 1.5 16 11 7 13 20% 823615 358 12%
c 
c  seconds   reductions     conflicts          size   tier2        variables
c          MB      restarts        redundant      glue    trail        remaining
c           level        rate            size/glue  tier1   irredundant
c 
c u 282.76  0 13 45 32608  1 1052416 106602 1.5 16 11 7 13 20% 823615 358 12%
c v 282.89  0 13 45 32608  1 1052416 106598 1.5 16 11 7 13 20% 823615 358 12%
c w 282.96  0 13 45 32608  1 1052416 106590 1.5 16 11 7 13 20% 823615 358 12%
c x 283.14  0 13 45 32608  1 1052416 106589 1.5 16 11 7 13 20% 823566 358 12%
c t 283.15  0 13 45 32608  1 1052416 106589 1.5 16 11 7 13 20% 823564 358 12%
c i 287.44  0 13 45 32609  1 1070380 115758 1.5 16 11 6 13 20% 823564 357 12%
c W 293.13  0 13 45 32614  1 1081085 76143 1.5 16 11 6 13 20% 748161 357 12%
c - 297.17  0 13 46 32624  1 1101547 69667 1.5 16 11 6 13 20% 748161 357 12%
c p 297.22  0 13 46 32624  1 1101547 69676 1.5 16 11 6 13 20% 748161 357 12%
c u 297.46  0 13 46 32624  1 1101547 69576 1.5 16 11 6 13 20% 748161 357 12%
c v 297.58  0 13 46 32624  1 1101547 69559 1.5 16 11 6 13 20% 748161 357 12%
c w 297.64  0 13 46 32624  1 1101547 69554 1.5 16 11 6 13 20% 748161 357 12%
c x 297.82  0 13 46 32624  1 1101547 69550 1.5 16 11 6 13 20% 748030 357 12%
c O 303.05  0 12 46 32637  1 1128086 84987 1.5 15 10 6 12 20% 748030 357 12%
c - 307.75  0 12 47 32640  1 1150716 87502 1.5 15 10 6 12 20% 748030 357 12%
c p 307.80  0 12 47 32640  1 1150716 87512 1.5 15 10 6 12 20% 748030 357 12%
c u 308.05  0 12 47 32640  1 1150716 87271 1.5 15 10 6 12 20% 748031 357 12%
c v 308.17  0 12 47 32640  1 1150716 87250 1.5 15 10 6 12 20% 748031 357 12%
c w 308.23  0 12 47 32640  1 1150716 87242 1.5 15 10 6 12 20% 748031 357 12%
c x 308.39  0 12 47 32640  1 1150716 87239 1.5 15 10 6 12 20% 747057 357 12%
c 
c  seconds   reductions     conflicts         size   tier2        variables
c          MB      restarts        redundant     glue    trail        remaining
c           level        rate           size/glue  tier1   irredundant
c 
c t 308.40  0 12 47 32640  1 1150716 87239 1.5 15 10 6 12 20% 747056 357 12%
c i 309.29  0 12 47 32640  1 1154035 88840 1.5 15 10 6 12 20% 747056 356 12%
c ] 310.50  0 12 47 32641  1 1159513 92392 1.5 15 10 6 12 20% 747056 356 12%
c { 310.50  0 13 47 32641  1 1159513 92392 1.5 16 11 5 11 21% 747056 356 12%
c i 313.45  0 12 47 32671  1 1174265 100580 1.5 15 10 5 11 21% 747056 337 11%
c i 313.52  0 12 47 32671  1 1174400 100614 1.5 15 10 5 11 21% 747056 330 11%
c W 315.38  0 12 47 32671  1 1176088 42055 1.5 15 10 5 11 21% 239309 330 11%
c i 316.16  0 12 47 32671  1 1182457 45143 1.5 15 10 5 11 21% 239309 328 11%
c i 316.30  0 12 47 32671  1 1183308 45298 1.5 15 10 5 11 21% 239309 327 11%
c i 316.37  0 12 47 32671  1 1183866 45422 1.5 15 10 5 11 21% 239309 326 11%
c i 316.40  0 12 47 32671  1 1184163 45482 1.5 15 10 5 11 21% 239309 324 11%
c i 316.41  0 12 47 32671  1 1184255 45508 1.5 15 10 5 11 21% 239309 321 11%
c i 316.42  0 12 47 32671  1 1184308 45517 1.5 15 10 5 11 21% 239309 319 11%
c i 316.42  0 12 47 32671  1 1184318 45521 1.5 15 10 5 11 21% 239309 318 11%
c i 316.42  0 12 47 32671  1 1184330 45523 1.5 15 10 5 11 21% 239309 312 11%
c } 316.42  0 12 47 32671  1 1184342 45526 1.5 15 10 5 11 21% 239309 283 10%
c 0 316.42  0 12 47 32671  1 1184342 45526 1.5 15 10 5 11 21% 239309 283 10%
c 
c --- [ closing proof ] ------------------------------------------------------
c 
c LRAT proof file '/Users/ivanspogreev/earth-moon/population/f034-a4-cert/split-m13/c9/round-0/F.lrat' closed
c LRAT 2124367 added clauses 33.56%
c LRAT 4205992 deleted clauses 66.44%
c LRAT 361447447 bytes (344.70 MB)
c 
c --- [ result ] -------------------------------------------------------------
c 
s UNSATISFIABLE
c 
c --- [ run-time profiling ] -------------------------------------------------
c 
c process time taken by individual solving procedures
c (percentage relative to process time for solving)
c 
c       290.36   92.17% search
c       153.58   48.75% unstable
c       116.56   37.00% stable
c        24.66    7.83% simplify
c        20.10    6.38% walk
c        14.12    4.48% vivify
c         4.97    1.58% sweep
c         2.44    0.77% elim
c         1.40    0.44% parse
c         0.92    0.29% probe
c         0.89    0.28% subsume
c         0.32    0.10% ternary
c         0.24    0.08% congruence
c         0.12    0.04% lucky
c         0.00    0.00% backbone
c   =================================
c       315.02   99.56% solve
c 
c last line shows process time for solving
c (percentage relative to total process time)
c 
c --- [ statistics ] ---------------------------------------------------------
c 
c chronological:            118425        10.00 %  of conflicts
c conflicts:               1184342      3759.57    per second
c backbone:                  77003      2614.70 %  of vars
c decisions:               1408651      4471.62    per second
c eliminated:                 1804        61.26 %  of all variables
c fixed:                       856        29.07 %  of all variables
c learned:                 1156901        97.68 %  per conflict
c learned_lits:           27310384       100.00 %  learned literals
c minimized:                     0         0.00 %  learned literals
c shrunken:                5921419        21.68 %  learned literals
c minishrunken:            1697040         6.21 %  learned literals
c otfs:                      15791         1.33 %  of conflict
c propagations:           15855447         0.05 M  per second
c reduced:                  584626        49.36 %  per conflict
c rephased:                     48     24673.79    interval
c restarts:                  32671        36.25    interval
c stabilizing:                  10        53.41 %  of conflicts
c substituted:                   2         0.07 %  of all variables
c subsumed:                 435329        20.94 %  of all clauses
c strengthened:              53312         2.56 %  of all clauses
c ticks:               24781875550      1599.19    propagation
c vivified:                   8596         0.41 %  of all clauses
c walked:                       15     78956.13    interval
c weakened:                   4377         2.54    average size
c congruence:                    9    131593.56    interval
c 
c seconds are measured in process time for solving
c 
c --- [ glue usage ] ---------------------------------------------------------
c 
c focused glue 5 used 139384 clauses 7.430% accumulated 57.07% tier1
c focused glue 6 used 116553 clauses 6.213% accumulated 63.28%
c focused glue 7-8 used 197167 clauses 10.51% accumulated 73.80%
c focused glue 9 used 94087 clauses 5.015% accumulated 78.81%
c focused glue 10 used 87929 clauses 4.687% accumulated 83.50% tier2
c 
c stable glue 6 used 152976 clauses 5.878% accumulated 55.69% tier1
c stable glue 7 used 141385 clauses 5.432% accumulated 61.13%
c stable glue 8-10 used 411885 clauses 15.82% accumulated 76.95%
c stable glue 11 used 125958 clauses 4.839% accumulated 81.79%
c stable glue 12 used 108939 clauses 4.185% accumulated 85.98% tier2
c 
c 
c --- [ resources ] ----------------------------------------------------------
c 
c total process time since initialization:       316.42    seconds
c total real time since initialization:          318.04    seconds
c maximum resident set size of process:          694.72    MB
c 
c --- [ shutting down ] ------------------------------------------------------
c 
c exit 20

[rc=20 318.1s]
$ /Users/ivanspogreev/earth-moon/verifier/../tools/drat-trim/lrat-check /Users/ivanspogreev/earth-moon/population/f034-a4-cert/split-m13/c9/round-0/F.cnf /Users/ivanspogreev/earth-moon/population/f034-a4-cert/split-m13/c9/round-0/F.lrat
c parsed a formula with 2945 variables and 2367317 clauses
c VERIFIED
c allocated 1024 53930436 66262
c Added clauses = 4491684.  Deleted clauses = 4205992.  Max live clauses = 2367317
c verification time = 6.91 secs

[rc=0 6.9s]
