# A4 member 4: slack=0 e=156 n=28 mults=[05:2 06:6 14:4 15:4 23:5 24:1 25:2 34:2 36:1 46:1] generators=18 backend=boyer Fri Oct  2 20:19:29 2026 cube=[-105, -94, 136, -143, -106, -145]
[f034-a4-04-e156] n=28 m=156 cap=78 | 415 K5s, 3798 K3,3s, 18 sym generators, 41175 clauses, propagator check_at=9 planarity=boyer, clause dump -> /root/earth-moon/population/f034-a4-cert/cs-a4_m04c/s/n105_n94_p136_n143_n106_n145/dump.jsonl
    ... {'checks': 50000, 'confl': 11134, 'model_rej': 0} 3s
    ... {'checks': 100000, 'confl': 20761, 'model_rej': 0} 5s
    ... {'checks': 150000, 'confl': 29665, 'model_rej': 0} 8s
    ... {'checks': 200000, 'confl': 38898, 'model_rej': 0} 11s
    ... {'checks': 250000, 'confl': 47955, 'model_rej': 0} 13s
    ... {'checks': 300000, 'confl': 56971, 'model_rej': 0} 17s
    ... {'checks': 350000, 'confl': 65407, 'model_rej': 0} 20s
    ... {'checks': 400000, 'confl': 72941, 'model_rej': 0} 23s
    ... {'checks': 450000, 'confl': 81663, 'model_rej': 0} 26s
    ... {'checks': 500000, 'confl': 89590, 'model_rej': 0} 30s
    ... {'checks': 550000, 'confl': 97427, 'model_rej': 0} 33s
    ... {'checks': 600000, 'confl': 103288, 'model_rej': 0} 37s
    ... {'checks': 650000, 'confl': 109415, 'model_rej': 0} 41s
    ... {'checks': 700000, 'confl': 114931, 'model_rej': 0} 45s
    ... {'checks': 750000, 'confl': 122291, 'model_rej': 0} 48s
    ... {'checks': 800000, 'confl': 127773, 'model_rej': 0} 53s
    ... {'checks': 850000, 'confl': 135976, 'model_rej': 0} 56s
    ... {'checks': 900000, 'confl': 143905, 'model_rej': 0} 60s
    ... {'checks': 950000, 'confl': 152054, 'model_rej': 0} 65s
    ... {'checks': 1000000, 'confl': 158327, 'model_rej': 0} 69s
    ... {'checks': 1050000, 'confl': 165098, 'model_rej': 0} 74s
    ... {'checks': 1100000, 'confl': 171865, 'model_rej': 0} 80s
    ... {'checks': 1150000, 'confl': 179324, 'model_rej': 0} 85s
    ... {'checks': 1200000, 'confl': 185470, 'model_rej': 0} 91s
    ... {'checks': 1250000, 'confl': 191202, 'model_rej': 0} 95s
    ... {'checks': 1300000, 'confl': 197444, 'model_rej': 0} 100s
    ... {'checks': 1350000, 'confl': 204263, 'model_rej': 0} 106s
    ... {'checks': 1400000, 'confl': 210169, 'model_rej': 0} 111s
    ... {'checks': 1450000, 'confl': 216081, 'model_rej': 0} 117s
    ... {'checks': 1500000, 'confl': 222094, 'model_rej': 0} 122s
    ... {'checks': 1550000, 'confl': 227794, 'model_rej': 0} 126s
    ... {'checks': 1600000, 'confl': 233502, 'model_rej': 0} 132s
    ... {'checks': 1650000, 'confl': 238611, 'model_rej': 0} 136s
    ... {'checks': 1700000, 'confl': 244212, 'model_rej': 0} 144s
    ... {'checks': 1750000, 'confl': 249162, 'model_rej': 0} 148s
    ... {'checks': 1800000, 'confl': 254592, 'model_rej': 0} 156s
    ... {'checks': 1850000, 'confl': 261240, 'model_rej': 0} 160s
    ... {'checks': 1900000, 'confl': 268317, 'model_rej': 0} 164s
    ... {'checks': 1950000, 'confl': 273909, 'model_rej': 0} 168s
    ... {'checks': 2000000, 'confl': 278523, 'model_rej': 0} 172s
    ... {'checks': 2050000, 'confl': 281731, 'model_rej': 0} 178s
    ... {'checks': 2100000, 'confl': 285862, 'model_rej': 0} 182s
    ... {'checks': 2150000, 'confl': 289771, 'model_rej': 0} 186s
    ... {'checks': 2200000, 'confl': 293671, 'model_rej': 0} 193s
    ... {'checks': 2250000, 'confl': 297184, 'model_rej': 0} 198s
    ... {'checks': 2300000, 'confl': 300357, 'model_rej': 0} 203s
    ... {'checks': 2350000, 'confl': 304346, 'model_rej': 0} 207s
    ... {'checks': 2400000, 'confl': 309531, 'model_rej': 0} 211s
    ... {'checks': 2450000, 'confl': 314684, 'model_rej': 0} 215s
    ... {'checks': 2500000, 'confl': 319900, 'model_rej': 0} 219s
    ... {'checks': 2550000, 'confl': 324010, 'model_rej': 0} 229s
    ... {'checks': 2600000, 'confl': 326697, 'model_rej': 0} 234s
    ... {'checks': 2650000, 'confl': 330050, 'model_rej': 0} 238s
    ... {'checks': 2700000, 'confl': 333177, 'model_rej': 0} 242s
    ... {'checks': 2750000, 'confl': 336286, 'model_rej': 0} 246s
    ... {'checks': 2800000, 'confl': 339939, 'model_rej': 0} 251s
    ... {'checks': 2850000, 'confl': 342148, 'model_rej': 0} 255s
    ... {'checks': 2900000, 'confl': 347053, 'model_rej': 0} 261s
    ... {'checks': 2950000, 'confl': 351485, 'model_rej': 0} 266s
    ... {'checks': 3000000, 'confl': 356179, 'model_rej': 0} 270s
    ... {'checks': 3050000, 'confl': 360911, 'model_rej': 0} 274s
    ... {'checks': 3100000, 'confl': 364369, 'model_rej': 0} 280s
    ... {'checks': 3150000, 'confl': 368301, 'model_rej': 0} 289s
    ... {'checks': 3200000, 'confl': 372686, 'model_rej': 0} 294s
    ... {'checks': 3250000, 'confl': 377168, 'model_rej': 0} 299s
    ... {'checks': 3300000, 'confl': 381287, 'model_rej': 0} 304s
    ... {'checks': 3350000, 'confl': 385099, 'model_rej': 0} 310s
    ... {'checks': 3400000, 'confl': 388903, 'model_rej': 0} 315s
    ... {'checks': 3450000, 'confl': 392880, 'model_rej': 0} 320s
    ... {'checks': 3500000, 'confl': 396245, 'model_rej': 0} 327s
    ... {'checks': 3550000, 'confl': 399891, 'model_rej': 0} 332s
    ... {'checks': 3600000, 'confl': 403273, 'model_rej': 0} 338s
    ... {'checks': 3650000, 'confl': 406721, 'model_rej': 0} 349s
    ... {'checks': 3700000, 'confl': 409766, 'model_rej': 0} 355s
    ... {'checks': 3750000, 'confl': 413210, 'model_rej': 0} 360s
    ... {'checks': 3800000, 'confl': 416373, 'model_rej': 0} 365s
    ... {'checks': 3850000, 'confl': 419182, 'model_rej': 0} 371s
    ... {'checks': 3900000, 'confl': 421970, 'model_rej': 0} 376s
    ... {'checks': 3950000, 'confl': 424465, 'model_rej': 0} 382s
    ... {'checks': 4000000, 'confl': 426641, 'model_rej': 0} 388s
    ... {'checks': 4050000, 'confl': 429203, 'model_rej': 0} 394s
    ... {'checks': 4100000, 'confl': 431323, 'model_rej': 0} 404s
    ... {'checks': 4150000, 'confl': 433104, 'model_rej': 0} 412s
    ... {'checks': 4200000, 'confl': 435271, 'model_rej': 0} 418s
    ... {'checks': 4250000, 'confl': 437716, 'model_rej': 0} 424s
[f034-a4-04-e156] stats: {'checks': 4260306, 'confl': 438119, 'model_rej': 0}
[f034-a4-04-e156] clause dump closed: {'preseed': 8426, 'prop': 876238, 'model': 0}
[f034-a4-04-e156] UNSAT in 425.4s — NOT BIPLANAR (subject to control validation)
RESULT f034-a4-04-e156 UNSAT 425.6s
