[f035-K4vC10(1.4.5)] n=14 e=71 generators=10
[f035-K4vC10(1.4.5)] n=14 m=71 cap=36 | 250 K5s, 3110 K3,3s, 10 sym generators, 13879 clauses, propagator check_at=9 planarity=boyer
    ... {'checks': 50000, 'confl': 11692, 'model_rej': 0} 2s
    ... {'checks': 100000, 'confl': 23265, 'model_rej': 0} 4s
    ... {'checks': 150000, 'confl': 32618, 'model_rej': 0} 6s
    ... {'checks': 200000, 'confl': 40971, 'model_rej': 0} 8s
    ... {'checks': 250000, 'confl': 48641, 'model_rej': 0} 11s
    ... {'checks': 300000, 'confl': 59236, 'model_rej': 0} 14s
    ... {'checks': 350000, 'confl': 68713, 'model_rej': 0} 18s
    ... {'checks': 400000, 'confl': 77538, 'model_rej': 0} 22s
    ... {'checks': 450000, 'confl': 87618, 'model_rej': 0} 24s
    ... {'checks': 500000, 'confl': 95492, 'model_rej': 0} 27s
    ... {'checks': 550000, 'confl': 102840, 'model_rej': 0} 29s
    ... {'checks': 600000, 'confl': 108684, 'model_rej': 0} 32s
    ... {'checks': 650000, 'confl': 114829, 'model_rej': 0} 34s
    ... {'checks': 700000, 'confl': 120725, 'model_rej': 0} 36s
    ... {'checks': 750000, 'confl': 125230, 'model_rej': 0} 39s
    ... {'checks': 800000, 'confl': 130844, 'model_rej': 0} 43s
    ... {'checks': 850000, 'confl': 138491, 'model_rej': 0} 46s
    ... {'checks': 900000, 'confl': 146103, 'model_rej': 0} 49s
    ... {'checks': 950000, 'confl': 151499, 'model_rej': 0} 51s
    ... {'checks': 1000000, 'confl': 156413, 'model_rej': 0} 54s
    ... {'checks': 1050000, 'confl': 163303, 'model_rej': 0} 58s
    ... {'checks': 1100000, 'confl': 169943, 'model_rej': 0} 61s
    ... {'checks': 1150000, 'confl': 176331, 'model_rej': 0} 65s
    ... {'checks': 1200000, 'confl': 185151, 'model_rej': 0} 67s
    ... {'checks': 1250000, 'confl': 191071, 'model_rej': 0} 71s
    ... {'checks': 1300000, 'confl': 197505, 'model_rej': 0} 74s
    ... {'checks': 1350000, 'confl': 203967, 'model_rej': 0} 78s
    ... {'checks': 1400000, 'confl': 209307, 'model_rej': 0} 82s
    ... {'checks': 1450000, 'confl': 214291, 'model_rej': 0} 85s
    ... {'checks': 1500000, 'confl': 220700, 'model_rej': 0} 91s
    ... {'checks': 1550000, 'confl': 225683, 'model_rej': 0} 94s
    ... {'checks': 1600000, 'confl': 229967, 'model_rej': 0} 98s
    ... {'checks': 1650000, 'confl': 233676, 'model_rej': 0} 102s
    ... {'checks': 1700000, 'confl': 237116, 'model_rej': 0} 105s
    ... {'checks': 1750000, 'confl': 240276, 'model_rej': 0} 110s
    ... {'checks': 1800000, 'confl': 243586, 'model_rej': 0} 114s
    ... {'checks': 1850000, 'confl': 247149, 'model_rej': 0} 118s
    ... {'checks': 1900000, 'confl': 252194, 'model_rej': 0} 129s
    ... {'checks': 1950000, 'confl': 256711, 'model_rej': 0} 133s
    ... {'checks': 2000000, 'confl': 260315, 'model_rej': 0} 137s
    ... {'checks': 2050000, 'confl': 263086, 'model_rej': 0} 141s
    ... {'checks': 2100000, 'confl': 265356, 'model_rej': 0} 145s
    ... {'checks': 2150000, 'confl': 268062, 'model_rej': 0} 150s
    ... {'checks': 2200000, 'confl': 269854, 'model_rej': 0} 157s
    ... {'checks': 2250000, 'confl': 271692, 'model_rej': 0} 163s
    ... {'checks': 2300000, 'confl': 273828, 'model_rej': 0} 168s
    ... {'checks': 2350000, 'confl': 277382, 'model_rej': 0} 172s
    ... {'checks': 2400000, 'confl': 280906, 'model_rej': 0} 176s
    ... {'checks': 2450000, 'confl': 283600, 'model_rej': 0} 180s
    ... {'checks': 2500000, 'confl': 285453, 'model_rej': 0} 188s
    ... {'checks': 2550000, 'confl': 288557, 'model_rej': 0} 193s
    ... {'checks': 2600000, 'confl': 293418, 'model_rej': 0} 198s
    ... {'checks': 2650000, 'confl': 298715, 'model_rej': 0} 203s
    ... {'checks': 2700000, 'confl': 304637, 'model_rej': 0} 209s
    ... {'checks': 2750000, 'confl': 309840, 'model_rej': 0} 213s
    ... {'checks': 2800000, 'confl': 314957, 'model_rej': 0} 219s
    ... {'checks': 2850000, 'confl': 319759, 'model_rej': 0} 225s
    ... {'checks': 2900000, 'confl': 324225, 'model_rej': 0} 232s
    ... {'checks': 2950000, 'confl': 328682, 'model_rej': 0} 241s
    ... {'checks': 3000000, 'confl': 332650, 'model_rej': 0} 246s
    ... {'checks': 3050000, 'confl': 337341, 'model_rej': 0} 251s
    ... {'checks': 3100000, 'confl': 342035, 'model_rej': 0} 257s
    ... {'checks': 3150000, 'confl': 346699, 'model_rej': 0} 263s
    ... {'checks': 3200000, 'confl': 351609, 'model_rej': 0} 269s
    ... {'checks': 3250000, 'confl': 355261, 'model_rej': 0} 275s
    ... {'checks': 3300000, 'confl': 359458, 'model_rej': 0} 281s
    ... {'checks': 3350000, 'confl': 364239, 'model_rej': 0} 287s
    ... {'checks': 3400000, 'confl': 369097, 'model_rej': 0} 294s
    ... {'checks': 3450000, 'confl': 374109, 'model_rej': 0} 306s
    ... {'checks': 3500000, 'confl': 378724, 'model_rej': 0} 313s
    ... {'checks': 3550000, 'confl': 382832, 'model_rej': 0} 318s
    ... {'checks': 3600000, 'confl': 386118, 'model_rej': 0} 324s
    ... {'checks': 3650000, 'confl': 389651, 'model_rej': 0} 331s
    ... {'checks': 3700000, 'confl': 392830, 'model_rej': 0} 338s
    ... {'checks': 3750000, 'confl': 396489, 'model_rej': 0} 344s
    ... {'checks': 3800000, 'confl': 400119, 'model_rej': 0} 352s
    ... {'checks': 3850000, 'confl': 404090, 'model_rej': 0} 358s
    ... {'checks': 3900000, 'confl': 408908, 'model_rej': 0} 364s
    ... {'checks': 3950000, 'confl': 412936, 'model_rej': 0} 370s
    ... {'checks': 4000000, 'confl': 416869, 'model_rej': 0} 384s
    ... {'checks': 4050000, 'confl': 419944, 'model_rej': 0} 393s
    ... {'checks': 4100000, 'confl': 423843, 'model_rej': 0} 399s
    ... {'checks': 4150000, 'confl': 427300, 'model_rej': 0} 407s
    ... {'checks': 4200000, 'confl': 431458, 'model_rej': 0} 413s
    ... {'checks': 4250000, 'confl': 435743, 'model_rej': 0} 420s
    ... {'checks': 4300000, 'confl': 439034, 'model_rej': 0} 437s
    ... {'checks': 4350000, 'confl': 441714, 'model_rej': 0} 444s
    ... {'checks': 4400000, 'confl': 444153, 'model_rej': 0} 451s
    ... {'checks': 4450000, 'confl': 447053, 'model_rej': 0} 458s
    ... {'checks': 4500000, 'confl': 450916, 'model_rej': 0} 465s
    ... {'checks': 4550000, 'confl': 454598, 'model_rej': 0} 473s
    ... {'checks': 4600000, 'confl': 458038, 'model_rej': 0} 480s
    ... {'checks': 4650000, 'confl': 461661, 'model_rej': 0} 488s
    ... {'checks': 4700000, 'confl': 464968, 'model_rej': 0} 496s
    ... {'checks': 4750000, 'confl': 467448, 'model_rej': 0} 503s
    ... {'checks': 4800000, 'confl': 470442, 'model_rej': 0} 510s
    ... {'checks': 4850000, 'confl': 472454, 'model_rej': 0} 518s
    ... {'checks': 4900000, 'confl': 474254, 'model_rej': 0} 526s
    ... {'checks': 4950000, 'confl': 477072, 'model_rej': 0} 533s
    ... {'checks': 5000000, 'confl': 479176, 'model_rej': 0} 539s
    ... {'checks': 5050000, 'confl': 481306, 'model_rej': 0} 546s
    ... {'checks': 5100000, 'confl': 484352, 'model_rej': 0} 552s
    ... {'checks': 5150000, 'confl': 486966, 'model_rej': 0} 557s
    ... {'checks': 5200000, 'confl': 489411, 'model_rej': 0} 575s
    ... {'checks': 5250000, 'confl': 492554, 'model_rej': 0} 580s
    ... {'checks': 5300000, 'confl': 494926, 'model_rej': 0} 585s
    ... {'checks': 5350000, 'confl': 496961, 'model_rej': 0} 592s
    ... {'checks': 5400000, 'confl': 499174, 'model_rej': 0} 619s
    ... {'checks': 5450000, 'confl': 501680, 'model_rej': 0} 626s
    ... {'checks': 5500000, 'confl': 505110, 'model_rej': 0} 632s
    ... {'checks': 5550000, 'confl': 507719, 'model_rej': 0} 638s
    ... {'checks': 5600000, 'confl': 511128, 'model_rej': 0} 651s
    ... {'checks': 5650000, 'confl': 514256, 'model_rej': 0} 656s
    ... {'checks': 5700000, 'confl': 516613, 'model_rej': 0} 661s
    ... {'checks': 5750000, 'confl': 519059, 'model_rej': 0} 668s
    ... {'checks': 5800000, 'confl': 521085, 'model_rej': 0} 674s
    ... {'checks': 5850000, 'confl': 522647, 'model_rej': 0} 682s
    ... {'checks': 5900000, 'confl': 525192, 'model_rej': 0} 689s
    ... {'checks': 5950000, 'confl': 527386, 'model_rej': 0} 696s
    ... {'checks': 6000000, 'confl': 529533, 'model_rej': 0} 709s
    ... {'checks': 6050000, 'confl': 531126, 'model_rej': 0} 717s
    ... {'checks': 6100000, 'confl': 532968, 'model_rej': 0} 724s
    ... {'checks': 6150000, 'confl': 534556, 'model_rej': 0} 732s
    ... {'checks': 6200000, 'confl': 536111, 'model_rej': 0} 739s
    ... {'checks': 6250000, 'confl': 537533, 'model_rej': 0} 747s
    ... {'checks': 6300000, 'confl': 538611, 'model_rej': 0} 755s
    ... {'checks': 6350000, 'confl': 539767, 'model_rej': 0} 763s
    ... {'checks': 6400000, 'confl': 541059, 'model_rej': 0} 771s
    ... {'checks': 6450000, 'confl': 542487, 'model_rej': 0} 778s
    ... {'checks': 6500000, 'confl': 544233, 'model_rej': 0} 786s
    ... {'checks': 6550000, 'confl': 545579, 'model_rej': 0} 794s
    ... {'checks': 6600000, 'confl': 546748, 'model_rej': 0} 803s
    ... {'checks': 6650000, 'confl': 547880, 'model_rej': 0} 811s
    ... {'checks': 6700000, 'confl': 549106, 'model_rej': 0} 819s
    ... {'checks': 6750000, 'confl': 550771, 'model_rej': 0} 828s
    ... {'checks': 6800000, 'confl': 552156, 'model_rej': 0} 836s
    ... {'checks': 6850000, 'confl': 553735, 'model_rej': 0} 871s
    ... {'checks': 6900000, 'confl': 554837, 'model_rej': 0} 878s
    ... {'checks': 6950000, 'confl': 556407, 'model_rej': 0} 886s
    ... {'checks': 7000000, 'confl': 557533, 'model_rej': 0} 893s
    ... {'checks': 7050000, 'confl': 559106, 'model_rej': 0} 902s
    ... {'checks': 7100000, 'confl': 560738, 'model_rej': 0} 910s
    ... {'checks': 7150000, 'confl': 562246, 'model_rej': 0} 917s
    ... {'checks': 7200000, 'confl': 563726, 'model_rej': 0} 925s
    ... {'checks': 7250000, 'confl': 565103, 'model_rej': 0} 960s
    ... {'checks': 7300000, 'confl': 566035, 'model_rej': 0} 969s
    ... {'checks': 7350000, 'confl': 567226, 'model_rej': 0} 977s
    ... {'checks': 7400000, 'confl': 569157, 'model_rej': 0} 986s
    ... {'checks': 7450000, 'confl': 570467, 'model_rej': 0} 994s
    ... {'checks': 7500000, 'confl': 571591, 'model_rej': 0} 1003s
    ... {'checks': 7550000, 'confl': 572899, 'model_rej': 0} 1012s
    ... {'checks': 7600000, 'confl': 574570, 'model_rej': 0} 1020s
    ... {'checks': 7650000, 'confl': 576087, 'model_rej': 0} 1028s
    ... {'checks': 7700000, 'confl': 577350, 'model_rej': 0} 1062s
    ... {'checks': 7750000, 'confl': 578096, 'model_rej': 0} 1070s
    ... {'checks': 7800000, 'confl': 579413, 'model_rej': 0} 1087s
    ... {'checks': 7850000, 'confl': 581704, 'model_rej': 0} 1095s
    ... {'checks': 7900000, 'confl': 582888, 'model_rej': 0} 1104s
    ... {'checks': 7950000, 'confl': 584123, 'model_rej': 0} 1112s
    ... {'checks': 8000000, 'confl': 585081, 'model_rej': 0} 1120s
    ... {'checks': 8050000, 'confl': 586678, 'model_rej': 0} 1127s
    ... {'checks': 8100000, 'confl': 587660, 'model_rej': 0} 1136s
    ... {'checks': 8150000, 'confl': 589002, 'model_rej': 0} 1145s
    ... {'checks': 8200000, 'confl': 589863, 'model_rej': 0} 1153s
    ... {'checks': 8250000, 'confl': 590914, 'model_rej': 0} 1161s
    ... {'checks': 8300000, 'confl': 592015, 'model_rej': 0} 1169s
    ... {'checks': 8350000, 'confl': 593069, 'model_rej': 0} 1176s
    ... {'checks': 8400000, 'confl': 594614, 'model_rej': 0} 1183s
    ... {'checks': 8450000, 'confl': 595762, 'model_rej': 0} 1191s
    ... {'checks': 8500000, 'confl': 597272, 'model_rej': 0} 1199s
    ... {'checks': 8550000, 'confl': 598180, 'model_rej': 0} 1207s
    ... {'checks': 8600000, 'confl': 599416, 'model_rej': 0} 1214s
    ... {'checks': 8650000, 'confl': 602856, 'model_rej': 0} 1224s
    ... {'checks': 8700000, 'confl': 606360, 'model_rej': 0} 1234s
    ... {'checks': 8750000, 'confl': 608892, 'model_rej': 0} 1243s
    ... {'checks': 8800000, 'confl': 611160, 'model_rej': 0} 1259s
    ... {'checks': 8850000, 'confl': 613970, 'model_rej': 0} 1268s
    ... {'checks': 8900000, 'confl': 616028, 'model_rej': 0} 1278s
    ... {'checks': 8950000, 'confl': 617980, 'model_rej': 0} 1288s
    ... {'checks': 9000000, 'confl': 620320, 'model_rej': 0} 1298s
    ... {'checks': 9050000, 'confl': 621948, 'model_rej': 0} 1309s
    ... {'checks': 9100000, 'confl': 624138, 'model_rej': 0} 1318s
    ... {'checks': 9150000, 'confl': 626648, 'model_rej': 0} 1329s
    ... {'checks': 9200000, 'confl': 629343, 'model_rej': 0} 1341s
    ... {'checks': 9250000, 'confl': 631270, 'model_rej': 0} 1353s
    ... {'checks': 9300000, 'confl': 633582, 'model_rej': 0} 1363s
    ... {'checks': 9350000, 'confl': 636514, 'model_rej': 0} 1374s
    ... {'checks': 9400000, 'confl': 638988, 'model_rej': 0} 1385s
    ... {'checks': 9450000, 'confl': 641552, 'model_rej': 0} 1398s
    ... {'checks': 9500000, 'confl': 644478, 'model_rej': 0} 1412s
    ... {'checks': 9550000, 'confl': 647086, 'model_rej': 0} 1422s
    ... {'checks': 9600000, 'confl': 650008, 'model_rej': 0} 1433s
    ... {'checks': 9650000, 'confl': 652342, 'model_rej': 0} 1444s
    ... {'checks': 9700000, 'confl': 654649, 'model_rej': 0} 1454s
    ... {'checks': 9750000, 'confl': 656580, 'model_rej': 0} 1466s
    ... {'checks': 9800000, 'confl': 658724, 'model_rej': 0} 1477s
    ... {'checks': 9850000, 'confl': 660821, 'model_rej': 0} 1487s
    ... {'checks': 9900000, 'confl': 662847, 'model_rej': 0} 1533s
    ... {'checks': 9950000, 'confl': 664390, 'model_rej': 0} 1564s
    ... {'checks': 10000000, 'confl': 665705, 'model_rej': 0} 1574s
    ... {'checks': 10050000, 'confl': 667611, 'model_rej': 0} 1585s
    ... {'checks': 10100000, 'confl': 669184, 'model_rej': 0} 1596s
    ... {'checks': 10150000, 'confl': 671346, 'model_rej': 0} 1605s
    ... {'checks': 10200000, 'confl': 673235, 'model_rej': 0} 1614s
    ... {'checks': 10250000, 'confl': 675326, 'model_rej': 0} 1626s
    ... {'checks': 10300000, 'confl': 676682, 'model_rej': 0} 1637s
    ... {'checks': 10350000, 'confl': 679161, 'model_rej': 0} 1647s
    ... {'checks': 10400000, 'confl': 681277, 'model_rej': 0} 1659s
    ... {'checks': 10450000, 'confl': 682571, 'model_rej': 0} 1670s
    ... {'checks': 10500000, 'confl': 684275, 'model_rej': 0} 1709s
    ... {'checks': 10550000, 'confl': 686028, 'model_rej': 0} 1720s
    ... {'checks': 10600000, 'confl': 688338, 'model_rej': 0} 1746s
    ... {'checks': 10650000, 'confl': 690327, 'model_rej': 0} 1755s
    ... {'checks': 10700000, 'confl': 692098, 'model_rej': 0} 1767s
    ... {'checks': 10750000, 'confl': 693923, 'model_rej': 0} 1779s
    ... {'checks': 10800000, 'confl': 696043, 'model_rej': 0} 1788s
    ... {'checks': 10850000, 'confl': 698110, 'model_rej': 0} 1797s
    ... {'checks': 10900000, 'confl': 700416, 'model_rej': 0} 1805s
    ... {'checks': 10950000, 'confl': 702386, 'model_rej': 0} 1815s
    ... {'checks': 11000000, 'confl': 703874, 'model_rej': 0} 1824s
    ... {'checks': 11050000, 'confl': 706104, 'model_rej': 0} 1834s
    ... {'checks': 11100000, 'confl': 707386, 'model_rej': 0} 1848s
    ... {'checks': 11150000, 'confl': 708916, 'model_rej': 0} 1858s
    ... {'checks': 11200000, 'confl': 710788, 'model_rej': 0} 1868s
    ... {'checks': 11250000, 'confl': 712604, 'model_rej': 0} 1879s
    ... {'checks': 11300000, 'confl': 714511, 'model_rej': 0} 1891s
    ... {'checks': 11350000, 'confl': 715572, 'model_rej': 0} 1900s
    ... {'checks': 11400000, 'confl': 716999, 'model_rej': 0} 1910s
    ... {'checks': 11450000, 'confl': 718596, 'model_rej': 0} 1921s
    ... {'checks': 11500000, 'confl': 720093, 'model_rej': 0} 1931s
    ... {'checks': 11550000, 'confl': 722955, 'model_rej': 0} 1944s
    ... {'checks': 11600000, 'confl': 724616, 'model_rej': 0} 1957s
    ... {'checks': 11650000, 'confl': 726285, 'model_rej': 0} 1968s
    ... {'checks': 11700000, 'confl': 728139, 'model_rej': 0} 2000s
    ... {'checks': 11750000, 'confl': 729854, 'model_rej': 0} 2011s
    ... {'checks': 11800000, 'confl': 730765, 'model_rej': 0} 2022s
    ... {'checks': 11850000, 'confl': 733317, 'model_rej': 0} 2054s
    ... {'checks': 11900000, 'confl': 735627, 'model_rej': 0} 2065s
    ... {'checks': 11950000, 'confl': 737911, 'model_rej': 0} 2078s
    ... {'checks': 12000000, 'confl': 739674, 'model_rej': 0} 2088s
    ... {'checks': 12050000, 'confl': 741101, 'model_rej': 0} 2098s
    ... {'checks': 12100000, 'confl': 742402, 'model_rej': 0} 2108s
    ... {'checks': 12150000, 'confl': 744409, 'model_rej': 0} 2120s
    ... {'checks': 12200000, 'confl': 746672, 'model_rej': 0} 2129s
    ... {'checks': 12250000, 'confl': 748554, 'model_rej': 0} 2140s
    ... {'checks': 12300000, 'confl': 750015, 'model_rej': 0} 2151s
    ... {'checks': 12350000, 'confl': 752543, 'model_rej': 0} 2206s
    ... {'checks': 12400000, 'confl': 755023, 'model_rej': 0} 2219s
    ... {'checks': 12450000, 'confl': 757233, 'model_rej': 0} 2231s
    ... {'checks': 12500000, 'confl': 758995, 'model_rej': 0} 2244s
    ... {'checks': 12550000, 'confl': 760695, 'model_rej': 0} 2256s
    ... {'checks': 12600000, 'confl': 763228, 'model_rej': 0} 2271s
    ... {'checks': 12650000, 'confl': 764819, 'model_rej': 0} 2305s
    ... {'checks': 12700000, 'confl': 767213, 'model_rej': 0} 2315s
    ... {'checks': 12750000, 'confl': 768933, 'model_rej': 0} 2328s
    ... {'checks': 12800000, 'confl': 770606, 'model_rej': 0} 2339s
    ... {'checks': 12850000, 'confl': 771614, 'model_rej': 0} 2348s
    ... {'checks': 12900000, 'confl': 773212, 'model_rej': 0} 2359s
    ... {'checks': 12950000, 'confl': 776057, 'model_rej': 0} 2372s
    ... {'checks': 13000000, 'confl': 777499, 'model_rej': 0} 2424s
    ... {'checks': 13050000, 'confl': 779272, 'model_rej': 0} 2437s
    ... {'checks': 13100000, 'confl': 780699, 'model_rej': 0} 2449s
    ... {'checks': 13150000, 'confl': 782322, 'model_rej': 0} 2458s
    ... {'checks': 13200000, 'confl': 783752, 'model_rej': 0} 2470s
    ... {'checks': 13250000, 'confl': 784964, 'model_rej': 0} 2480s
    ... {'checks': 13300000, 'confl': 786505, 'model_rej': 0} 2494s
    ... {'checks': 13350000, 'confl': 788807, 'model_rej': 0} 2508s
    ... {'checks': 13400000, 'confl': 791070, 'model_rej': 0} 2521s
    ... {'checks': 13450000, 'confl': 792404, 'model_rej': 0} 2556s
    ... {'checks': 13500000, 'confl': 794175, 'model_rej': 0} 2569s
    ... {'checks': 13550000, 'confl': 796227, 'model_rej': 0} 2580s
    ... {'checks': 13600000, 'confl': 797789, 'model_rej': 0} 2595s
    ... {'checks': 13650000, 'confl': 800038, 'model_rej': 0} 2646s
    ... {'checks': 13700000, 'confl': 802149, 'model_rej': 0} 2659s
    ... {'checks': 13750000, 'confl': 803328, 'model_rej': 0} 2670s
    ... {'checks': 13800000, 'confl': 804490, 'model_rej': 0} 2682s
    ... {'checks': 13850000, 'confl': 806551, 'model_rej': 0} 2696s
    ... {'checks': 13900000, 'confl': 808464, 'model_rej': 0} 2708s
    ... {'checks': 13950000, 'confl': 810354, 'model_rej': 0} 2722s
    ... {'checks': 14000000, 'confl': 811688, 'model_rej': 0} 2735s
    ... {'checks': 14050000, 'confl': 813230, 'model_rej': 0} 2749s
    ... {'checks': 14100000, 'confl': 815128, 'model_rej': 0} 2761s
    ... {'checks': 14150000, 'confl': 816187, 'model_rej': 0} 2773s
    ... {'checks': 14200000, 'confl': 818477, 'model_rej': 0} 2784s
    ... {'checks': 14250000, 'confl': 820194, 'model_rej': 0} 2794s
    ... {'checks': 14300000, 'confl': 821783, 'model_rej': 0} 2841s
    ... {'checks': 14350000, 'confl': 823264, 'model_rej': 0} 2853s
    ... {'checks': 14400000, 'confl': 824617, 'model_rej': 0} 2864s
    ... {'checks': 14450000, 'confl': 825567, 'model_rej': 0} 2877s
    ... {'checks': 14500000, 'confl': 826448, 'model_rej': 0} 2890s
    ... {'checks': 14550000, 'confl': 827453, 'model_rej': 0} 2926s
    ... {'checks': 14600000, 'confl': 828771, 'model_rej': 0} 2938s
    ... {'checks': 14650000, 'confl': 829948, 'model_rej': 0} 2951s
    ... {'checks': 14700000, 'confl': 831448, 'model_rej': 0} 2964s
    ... {'checks': 14750000, 'confl': 833059, 'model_rej': 0} 2977s
    ... {'checks': 14800000, 'confl': 834621, 'model_rej': 0} 2990s
    ... {'checks': 14850000, 'confl': 836056, 'model_rej': 0} 3003s
    ... {'checks': 14900000, 'confl': 838063, 'model_rej': 0} 3014s
    ... {'checks': 14950000, 'confl': 839577, 'model_rej': 0} 3025s
    ... {'checks': 15000000, 'confl': 840970, 'model_rej': 0} 3066s
    ... {'checks': 15050000, 'confl': 842699, 'model_rej': 0} 3081s
    ... {'checks': 15100000, 'confl': 843616, 'model_rej': 0} 3092s
    ... {'checks': 15150000, 'confl': 844574, 'model_rej': 0} 3102s
    ... {'checks': 15200000, 'confl': 845799, 'model_rej': 0} 3113s
    ... {'checks': 15250000, 'confl': 847557, 'model_rej': 0} 3126s
    ... {'checks': 15300000, 'confl': 848827, 'model_rej': 0} 3138s
    ... {'checks': 15350000, 'confl': 850539, 'model_rej': 0} 3151s
    ... {'checks': 15400000, 'confl': 852119, 'model_rej': 0} 3163s
    ... {'checks': 15450000, 'confl': 853212, 'model_rej': 0} 3196s
    ... {'checks': 15500000, 'confl': 854309, 'model_rej': 0} 3207s
    ... {'checks': 15550000, 'confl': 855402, 'model_rej': 0} 3219s
    ... {'checks': 15600000, 'confl': 856795, 'model_rej': 0} 3235s
    ... {'checks': 15650000, 'confl': 858112, 'model_rej': 0} 3248s
    ... {'checks': 15700000, 'confl': 859906, 'model_rej': 0} 3277s
    ... {'checks': 15750000, 'confl': 861237, 'model_rej': 0} 3289s
    ... {'checks': 15800000, 'confl': 862819, 'model_rej': 0} 3301s
    ... {'checks': 15850000, 'confl': 864045, 'model_rej': 0} 3314s
    ... {'checks': 15900000, 'confl': 865381, 'model_rej': 0} 3326s
    ... {'checks': 15950000, 'confl': 866803, 'model_rej': 0} 3338s
    ... {'checks': 16000000, 'confl': 868087, 'model_rej': 0} 3352s
    ... {'checks': 16050000, 'confl': 869690, 'model_rej': 0} 3363s
    ... {'checks': 16100000, 'confl': 871062, 'model_rej': 0} 3374s
    ... {'checks': 16150000, 'confl': 872507, 'model_rej': 0} 3383s
    ... {'checks': 16200000, 'confl': 873817, 'model_rej': 0} 3397s
    ... {'checks': 16250000, 'confl': 875092, 'model_rej': 0} 3410s
    ... {'checks': 16300000, 'confl': 876011, 'model_rej': 0} 3421s
    ... {'checks': 16350000, 'confl': 876765, 'model_rej': 0} 3457s
    ... {'checks': 16400000, 'confl': 878046, 'model_rej': 0} 3534s
    ... {'checks': 16450000, 'confl': 879019, 'model_rej': 0} 3546s
    ... {'checks': 16500000, 'confl': 880263, 'model_rej': 0} 3557s
    ... {'checks': 16550000, 'confl': 882647, 'model_rej': 0} 3565s
    ... {'checks': 16600000, 'confl': 884292, 'model_rej': 0} 3574s
    ... {'checks': 16650000, 'confl': 885289, 'model_rej': 0} 3627s
    ... {'checks': 16700000, 'confl': 886038, 'model_rej': 0} 3638s
    ... {'checks': 16750000, 'confl': 886803, 'model_rej': 0} 3650s
    ... {'checks': 16800000, 'confl': 887468, 'model_rej': 0} 3660s
    ... {'checks': 16850000, 'confl': 888725, 'model_rej': 0} 3671s
    ... {'checks': 16900000, 'confl': 890185, 'model_rej': 0} 3681s
    ... {'checks': 16950000, 'confl': 891196, 'model_rej': 0} 3689s
    ... {'checks': 17000000, 'confl': 892187, 'model_rej': 0} 3699s
    ... {'checks': 17050000, 'confl': 893008, 'model_rej': 0} 3710s
    ... {'checks': 17100000, 'confl': 894402, 'model_rej': 0} 3720s
    ... {'checks': 17150000, 'confl': 895428, 'model_rej': 0} 3731s
    ... {'checks': 17200000, 'confl': 896163, 'model_rej': 0} 3740s
    ... {'checks': 17250000, 'confl': 897106, 'model_rej': 0} 3766s
    ... {'checks': 17300000, 'confl': 897470, 'model_rej': 0} 3818s
    ... {'checks': 17350000, 'confl': 897846, 'model_rej': 0} 3830s
    ... {'checks': 17400000, 'confl': 898107, 'model_rej': 0} 3841s
    ... {'checks': 17450000, 'confl': 898767, 'model_rej': 0} 3852s
    ... {'checks': 17500000, 'confl': 899474, 'model_rej': 0} 3864s
    ... {'checks': 17550000, 'confl': 899803, 'model_rej': 0} 3877s
    ... {'checks': 17600000, 'confl': 900355, 'model_rej': 0} 3887s
    ... {'checks': 17650000, 'confl': 901095, 'model_rej': 0} 3898s
    ... {'checks': 17700000, 'confl': 901661, 'model_rej': 0} 3908s
    ... {'checks': 17750000, 'confl': 902301, 'model_rej': 0} 3918s
    ... {'checks': 17800000, 'confl': 902986, 'model_rej': 0} 3927s
    ... {'checks': 17850000, 'confl': 903553, 'model_rej': 0} 3936s
    ... {'checks': 17900000, 'confl': 904236, 'model_rej': 0} 3946s
    ... {'checks': 17950000, 'confl': 904748, 'model_rej': 0} 4034s
    ... {'checks': 18000000, 'confl': 905314, 'model_rej': 0} 4046s
    ... {'checks': 18050000, 'confl': 905686, 'model_rej': 0} 4056s
    ... {'checks': 18100000, 'confl': 906053, 'model_rej': 0} 4066s
    ... {'checks': 18150000, 'confl': 906524, 'model_rej': 0} 4092s
    ... {'checks': 18200000, 'confl': 907916, 'model_rej': 0} 4102s
    ... {'checks': 18250000, 'confl': 908669, 'model_rej': 0} 4112s
    ... {'checks': 18300000, 'confl': 909352, 'model_rej': 0} 4123s
    ... {'checks': 18350000, 'confl': 910003, 'model_rej': 0} 4133s
    ... {'checks': 18400000, 'confl': 910516, 'model_rej': 0} 4143s
    ... {'checks': 18450000, 'confl': 911176, 'model_rej': 0} 4153s
    ... {'checks': 18500000, 'confl': 911797, 'model_rej': 0} 4163s
    ... {'checks': 18550000, 'confl': 912255, 'model_rej': 0} 4173s
    ... {'checks': 18600000, 'confl': 912710, 'model_rej': 0} 4183s
    ... {'checks': 18650000, 'confl': 913364, 'model_rej': 0} 4228s
    ... {'checks': 18700000, 'confl': 913873, 'model_rej': 0} 4239s
    ... {'checks': 18750000, 'confl': 914663, 'model_rej': 0} 4249s
    ... {'checks': 18800000, 'confl': 915370, 'model_rej': 0} 4258s
    ... {'checks': 18850000, 'confl': 916002, 'model_rej': 0} 4268s
    ... {'checks': 18900000, 'confl': 916526, 'model_rej': 0} 4279s
    ... {'checks': 18950000, 'confl': 917167, 'model_rej': 0} 4289s
    ... {'checks': 19000000, 'confl': 917550, 'model_rej': 0} 4300s
    ... {'checks': 19050000, 'confl': 918160, 'model_rej': 0} 4311s
    ... {'checks': 19100000, 'confl': 918900, 'model_rej': 0} 4345s
    ... {'checks': 19150000, 'confl': 919963, 'model_rej': 0} 4354s
    ... {'checks': 19200000, 'confl': 920539, 'model_rej': 0} 4365s
    ... {'checks': 19250000, 'confl': 920950, 'model_rej': 0} 4376s
    ... {'checks': 19300000, 'confl': 921299, 'model_rej': 0} 4387s
    ... {'checks': 19350000, 'confl': 921736, 'model_rej': 0} 4399s
    ... {'checks': 19400000, 'confl': 922096, 'model_rej': 0} 4472s
    ... {'checks': 19450000, 'confl': 922563, 'model_rej': 0} 4483s
    ... {'checks': 19500000, 'confl': 923141, 'model_rej': 0} 4493s
    ... {'checks': 19550000, 'confl': 923567, 'model_rej': 0} 4503s
    ... {'checks': 19600000, 'confl': 924016, 'model_rej': 0} 4513s
    ... {'checks': 19650000, 'confl': 924676, 'model_rej': 0} 4524s
    ... {'checks': 19700000, 'confl': 925139, 'model_rej': 0} 4535s
    ... {'checks': 19750000, 'confl': 925491, 'model_rej': 0} 4546s
    ... {'checks': 19800000, 'confl': 925893, 'model_rej': 0} 4557s
    ... {'checks': 19850000, 'confl': 926182, 'model_rej': 0} 4567s
    ... {'checks': 19900000, 'confl': 926589, 'model_rej': 0} 4577s
    ... {'checks': 19950000, 'confl': 926977, 'model_rej': 0} 4587s
[f035-K4vC10(1.4.5)] stats: {'checks': 19953368, 'confl': 927012, 'model_rej': 0}
[f035-K4vC10(1.4.5)] UNSAT in 4588.3s — NOT BIPLANAR (subject to control validation)
RESULT f035-K4vC10(1.4.5) UNSAT 4588.3s
