'Biplanar.Enum.seven_not_biplanar' depends on axioms: [propext,
 Classical.choice,
 Quot.sound,
 Biplanar.A4M00.F_unsat._native.native_decide.ax_1_1,
 Biplanar.A4M00.not_biplanar._native.native_decide.ax_1_1,
 Biplanar.A4M00.not_biplanar._native.native_decide.ax_1_2,
 Biplanar.A4M00.not_biplanar._native.native_decide.ax_1_3,
 Biplanar.A4M01.F_unsat._native.native_decide.ax_1_1,
 Biplanar.A4M01.not_biplanar._native.native_decide.ax_1_1,
 Biplanar.A4M01.not_biplanar._native.native_decide.ax_1_2,
 Biplanar.A4M01.not_biplanar._native.native_decide.ax_1_3,
 Biplanar.A4M02.F_unsat._native.native_decide.ax_1_1,
 Biplanar.A4M02.not_biplanar._native.native_decide.ax_1_1,
 Biplanar.A4M02.not_biplanar._native.native_decide.ax_1_2,
 Biplanar.A4M02.not_biplanar._native.native_decide.ax_1_3,
 Biplanar.A4M03.F_unsat._native.native_decide.ax_1_1,
 Biplanar.A4M03.not_biplanar._native.native_decide.ax_1_1,
 Biplanar.A4M03.not_biplanar._native.native_decide.ax_1_2,
 Biplanar.A4M03.not_biplanar._native.native_decide.ax_1_3,
 Biplanar.A4M04C.cover_unsat._native.native_decide.ax_1_1,
 Biplanar.A4M04C.leaf1._native.native_decide.ax_1_1,
 Biplanar.A4M04C.leaf1._native.native_decide.ax_1_2,
 Biplanar.A4M04C.leaf1._native.native_decide.ax_1_3,
 Biplanar.A4M04C.leaf10._native.native_decide.ax_1_1,
 Biplanar.A4M04C.leaf10._native.native_decide.ax_1_2,
 Biplanar.A4M04C.leaf10._native.native_decide.ax_1_3,
 Biplanar.A4M04C.leaf10_unsat._native.native_decide.ax_1_1,
 Biplanar.A4M04C.leaf11._native.native_decide.ax_1_1,
 Biplanar.A4M04C.leaf11._native.native_decide.ax_1_2,
 Biplanar.A4M04C.leaf11._native.native_decide.ax_1_3,
 Biplanar.A4M04C.leaf11_unsat._native.native_decide.ax_1_1,
 Biplanar.A4M04C.leaf12._native.native_decide.ax_1_1,
 Biplanar.A4M04C.leaf12._native.native_decide.ax_1_2,
 Biplanar.A4M04C.leaf12._native.native_decide.ax_1_3,
 Biplanar.A4M04C.leaf12_unsat._native.native_decide.ax_1_1,
 Biplanar.A4M04C.leaf13._native.native_decide.ax_1_1,
 Biplanar.A4M04C.leaf13._native.native_decide.ax_1_2,
 Biplanar.A4M04C.leaf13._native.native_decide.ax_1_3,
 Biplanar.A4M04C.leaf13_unsat._native.native_decide.ax_1_1,
 Biplanar.A4M04C.leaf14._native.native_decide.ax_1_1,
 Biplanar.A4M04C.leaf14._native.native_decide.ax_1_2,
 Biplanar.A4M04C.leaf14._native.native_decide.ax_1_3,
 Biplanar.A4M04C.leaf14_unsat._native.native_decide.ax_1_1,
 Biplanar.A4M04C.leaf15._native.native_decide.ax_1_1,
 Biplanar.A4M04C.leaf15._native.native_decide.ax_1_2,
 Biplanar.A4M04C.leaf15._native.native_decide.ax_1_3,
 Biplanar.A4M04C.leaf15_unsat._native.native_decide.ax_1_1,
 Biplanar.A4M04C.leaf16._native.native_decide.ax_1_1,
 Biplanar.A4M04C.leaf16._native.native_decide.ax_1_2,
 Biplanar.A4M04C.leaf16._native.native_decide.ax_1_3,
 Biplanar.A4M04C.leaf16_unsat._native.native_decide.ax_1_1,
 Biplanar.A4M04C.leaf17._native.native_decide.ax_1_1,
 Biplanar.A4M04C.leaf17._native.native_decide.ax_1_2,
 Biplanar.A4M04C.leaf17._native.native_decide.ax_1_3,
 Biplanar.A4M04C.leaf17_unsat._native.native_decide.ax_1_1,
 Biplanar.A4M04C.leaf18._native.native_decide.ax_1_1,
 Biplanar.A4M04C.leaf18._native.native_decide.ax_1_2,
 Biplanar.A4M04C.leaf18._native.native_decide.ax_1_3,
 Biplanar.A4M04C.leaf18_unsat._native.native_decide.ax_1_1,
 Biplanar.A4M04C.leaf19._native.native_decide.ax_1_1,
 Biplanar.A4M04C.leaf19._native.native_decide.ax_1_2,
 Biplanar.A4M04C.leaf19._native.native_decide.ax_1_3,
 Biplanar.A4M04C.leaf19_unsat._native.native_decide.ax_1_1,
 Biplanar.A4M04C.leaf1_unsat._native.native_decide.ax_1_1,
 Biplanar.A4M04C.leaf2._native.native_decide.ax_1_1,
 Biplanar.A4M04C.leaf2._native.native_decide.ax_1_2,
 Biplanar.A4M04C.leaf2._native.native_decide.ax_1_3,
 Biplanar.A4M04C.leaf20._native.native_decide.ax_1_1,
 Biplanar.A4M04C.leaf20._native.native_decide.ax_1_2,
 Biplanar.A4M04C.leaf20._native.native_decide.ax_1_3,
 Biplanar.A4M04C.leaf20_unsat._native.native_decide.ax_1_1,
 Biplanar.A4M04C.leaf21._native.native_decide.ax_1_1,
 Biplanar.A4M04C.leaf21._native.native_decide.ax_1_2,
 Biplanar.A4M04C.leaf21._native.native_decide.ax_1_3,
 Biplanar.A4M04C.leaf21_unsat._native.native_decide.ax_1_1,
 Biplanar.A4M04C.leaf22._native.native_decide.ax_1_1,
 Biplanar.A4M04C.leaf22._native.native_decide.ax_1_2,
 Biplanar.A4M04C.leaf22._native.native_decide.ax_1_3,
 Biplanar.A4M04C.leaf22_unsat._native.native_decide.ax_1_1,
 Biplanar.A4M04C.leaf2_unsat._native.native_decide.ax_1_1,
 Biplanar.A4M04C.leaf3._native.native_decide.ax_1_1,
 Biplanar.A4M04C.leaf3._native.native_decide.ax_1_2,
 Biplanar.A4M04C.leaf3._native.native_decide.ax_1_3,
 Biplanar.A4M04C.leaf3_unsat._native.native_decide.ax_1_1,
 Biplanar.A4M04C.leaf4._native.native_decide.ax_1_1,
 Biplanar.A4M04C.leaf4._native.native_decide.ax_1_2,
 Biplanar.A4M04C.leaf4._native.native_decide.ax_1_3,
 Biplanar.A4M04C.leaf4_unsat._native.native_decide.ax_1_1,
 Biplanar.A4M04C.leaf5._native.native_decide.ax_1_1,
 Biplanar.A4M04C.leaf5._native.native_decide.ax_1_2,
 Biplanar.A4M04C.leaf5._native.native_decide.ax_1_3,
 Biplanar.A4M04C.leaf5_unsat._native.native_decide.ax_1_1,
 Biplanar.A4M04C.leaf6._native.native_decide.ax_1_1,
 Biplanar.A4M04C.leaf6._native.native_decide.ax_1_2,
 Biplanar.A4M04C.leaf6._native.native_decide.ax_1_3,
 Biplanar.A4M04C.leaf6_unsat._native.native_decide.ax_1_1,
 Biplanar.A4M04C.leaf7._native.native_decide.ax_1_1,
 Biplanar.A4M04C.leaf7._native.native_decide.ax_1_2,
 Biplanar.A4M04C.leaf7._native.native_decide.ax_1_3,
 Biplanar.A4M04C.leaf7_unsat._native.native_decide.ax_1_1,
 Biplanar.A4M04C.leaf8._native.native_decide.ax_1_1,
 Biplanar.A4M04C.leaf8._native.native_decide.ax_1_2,
 Biplanar.A4M04C.leaf8._native.native_decide.ax_1_3,
 Biplanar.A4M04C.leaf8_unsat._native.native_decide.ax_1_1,
 Biplanar.A4M04C.leaf9._native.native_decide.ax_1_1,
 Biplanar.A4M04C.leaf9._native.native_decide.ax_1_2,
 Biplanar.A4M04C.leaf9._native.native_decide.ax_1_3,
 Biplanar.A4M04C.leaf9_unsat._native.native_decide.ax_1_1,
 Biplanar.A4M04C.not_biplanar._native.native_decide.ax_1_1,
 Biplanar.A4M04C.not_biplanar._native.native_decide.ax_1_2,
 Biplanar.A4M05.F_unsat._native.native_decide.ax_1_1,
 Biplanar.A4M05.not_biplanar._native.native_decide.ax_1_1,
 Biplanar.A4M05.not_biplanar._native.native_decide.ax_1_2,
 Biplanar.A4M05.not_biplanar._native.native_decide.ax_1_3,
 Biplanar.A4M06.F_unsat._native.native_decide.ax_1_1,
 Biplanar.A4M06.not_biplanar._native.native_decide.ax_1_1,
 Biplanar.A4M06.not_biplanar._native.native_decide.ax_1_2,
 Biplanar.A4M06.not_biplanar._native.native_decide.ax_1_3,
 Biplanar.A4M07S.cover_unsat._native.native_decide.ax_1_1,
 Biplanar.A4M07S.leaf1._native.native_decide.ax_1_1,
 Biplanar.A4M07S.leaf1._native.native_decide.ax_1_2,
 Biplanar.A4M07S.leaf1._native.native_decide.ax_1_3,
 Biplanar.A4M07S.leaf10._native.native_decide.ax_1_1,
 Biplanar.A4M07S.leaf10._native.native_decide.ax_1_2,
 Biplanar.A4M07S.leaf10._native.native_decide.ax_1_3,
 Biplanar.A4M07S.leaf10_unsat._native.native_decide.ax_1_1,
 Biplanar.A4M07S.leaf11._native.native_decide.ax_1_1,
 Biplanar.A4M07S.leaf11._native.native_decide.ax_1_2,
 Biplanar.A4M07S.leaf11._native.native_decide.ax_1_3,
 Biplanar.A4M07S.leaf11_unsat._native.native_decide.ax_1_1,
 Biplanar.A4M07S.leaf12._native.native_decide.ax_1_1,
 Biplanar.A4M07S.leaf12._native.native_decide.ax_1_2,
 Biplanar.A4M07S.leaf12._native.native_decide.ax_1_3,
 Biplanar.A4M07S.leaf12_unsat._native.native_decide.ax_1_1,
 Biplanar.A4M07S.leaf13._native.native_decide.ax_1_1,
 Biplanar.A4M07S.leaf13._native.native_decide.ax_1_2,
 Biplanar.A4M07S.leaf13._native.native_decide.ax_1_3,
 Biplanar.A4M07S.leaf13_unsat._native.native_decide.ax_1_1,
 Biplanar.A4M07S.leaf14._native.native_decide.ax_1_1,
 Biplanar.A4M07S.leaf14._native.native_decide.ax_1_2,
 Biplanar.A4M07S.leaf14._native.native_decide.ax_1_3,
 Biplanar.A4M07S.leaf14_unsat._native.native_decide.ax_1_1,
 Biplanar.A4M07S.leaf15._native.native_decide.ax_1_1,
 Biplanar.A4M07S.leaf15._native.native_decide.ax_1_2,
 Biplanar.A4M07S.leaf15._native.native_decide.ax_1_3,
 Biplanar.A4M07S.leaf15_unsat._native.native_decide.ax_1_1,
 Biplanar.A4M07S.leaf16._native.native_decide.ax_1_1,
 Biplanar.A4M07S.leaf16._native.native_decide.ax_1_2,
 Biplanar.A4M07S.leaf16._native.native_decide.ax_1_3,
 Biplanar.A4M07S.leaf16_unsat._native.native_decide.ax_1_1,
 Biplanar.A4M07S.leaf1_unsat._native.native_decide.ax_1_1,
 Biplanar.A4M07S.leaf2._native.native_decide.ax_1_1,
 Biplanar.A4M07S.leaf2._native.native_decide.ax_1_2,
 Biplanar.A4M07S.leaf2._native.native_decide.ax_1_3,
 Biplanar.A4M07S.leaf2_unsat._native.native_decide.ax_1_1,
 Biplanar.A4M07S.leaf3._native.native_decide.ax_1_1,
 Biplanar.A4M07S.leaf3._native.native_decide.ax_1_2,
 Biplanar.A4M07S.leaf3._native.native_decide.ax_1_3,
 Biplanar.A4M07S.leaf3_unsat._native.native_decide.ax_1_1,
 Biplanar.A4M07S.leaf4._native.native_decide.ax_1_1,
 Biplanar.A4M07S.leaf4._native.native_decide.ax_1_2,
 Biplanar.A4M07S.leaf4._native.native_decide.ax_1_3,
 Biplanar.A4M07S.leaf4_unsat._native.native_decide.ax_1_1,
 Biplanar.A4M07S.leaf5._native.native_decide.ax_1_1,
 Biplanar.A4M07S.leaf5._native.native_decide.ax_1_2,
 Biplanar.A4M07S.leaf5._native.native_decide.ax_1_3,
 Biplanar.A4M07S.leaf5_unsat._native.native_decide.ax_1_1,
 Biplanar.A4M07S.leaf6._native.native_decide.ax_1_1,
 Biplanar.A4M07S.leaf6._native.native_decide.ax_1_2,
 Biplanar.A4M07S.leaf6._native.native_decide.ax_1_3,
 Biplanar.A4M07S.leaf6_unsat._native.native_decide.ax_1_1,
 Biplanar.A4M07S.leaf7._native.native_decide.ax_1_1,
 Biplanar.A4M07S.leaf7._native.native_decide.ax_1_2,
 Biplanar.A4M07S.leaf7._native.native_decide.ax_1_3,
 Biplanar.A4M07S.leaf7_unsat._native.native_decide.ax_1_1,
 Biplanar.A4M07S.leaf8._native.native_decide.ax_1_1,
 Biplanar.A4M07S.leaf8._native.native_decide.ax_1_2,
 Biplanar.A4M07S.leaf8._native.native_decide.ax_1_3,
 Biplanar.A4M07S.leaf8_unsat._native.native_decide.ax_1_1,
 Biplanar.A4M07S.leaf9._native.native_decide.ax_1_1,
 Biplanar.A4M07S.leaf9._native.native_decide.ax_1_2,
 Biplanar.A4M07S.leaf9._native.native_decide.ax_1_3,
 Biplanar.A4M07S.leaf9_unsat._native.native_decide.ax_1_1,
 Biplanar.A4M07S.not_biplanar._native.native_decide.ax_1_1,
 Biplanar.A4M07S.not_biplanar._native.native_decide.ax_1_2,
 Biplanar.A4M08.F_unsat._native.native_decide.ax_1_1,
 Biplanar.A4M08.not_biplanar._native.native_decide.ax_1_1,
 Biplanar.A4M08.not_biplanar._native.native_decide.ax_1_2,
 Biplanar.A4M08.not_biplanar._native.native_decide.ax_1_3,
 Biplanar.A4M09C.cover_unsat._native.native_decide.ax_1_1,
 Biplanar.A4M09C.leaf1._native.native_decide.ax_1_1,
 Biplanar.A4M09C.leaf1._native.native_decide.ax_1_2,
 Biplanar.A4M09C.leaf1._native.native_decide.ax_1_3,
 Biplanar.A4M09C.leaf10._native.native_decide.ax_1_1,
 Biplanar.A4M09C.leaf10._native.native_decide.ax_1_2,
 Biplanar.A4M09C.leaf10._native.native_decide.ax_1_3,
 Biplanar.A4M09C.leaf10_unsat._native.native_decide.ax_1_1,
 Biplanar.A4M09C.leaf11._native.native_decide.ax_1_1,
 Biplanar.A4M09C.leaf11._native.native_decide.ax_1_2,
 Biplanar.A4M09C.leaf11._native.native_decide.ax_1_3,
 Biplanar.A4M09C.leaf11_unsat._native.native_decide.ax_1_1,
 Biplanar.A4M09C.leaf12._native.native_decide.ax_1_1,
 Biplanar.A4M09C.leaf12._native.native_decide.ax_1_2,
 Biplanar.A4M09C.leaf12._native.native_decide.ax_1_3,
 Biplanar.A4M09C.leaf12_unsat._native.native_decide.ax_1_1,
 Biplanar.A4M09C.leaf13._native.native_decide.ax_1_1,
 Biplanar.A4M09C.leaf13._native.native_decide.ax_1_2,
 Biplanar.A4M09C.leaf13._native.native_decide.ax_1_3,
 Biplanar.A4M09C.leaf13_unsat._native.native_decide.ax_1_1,
 Biplanar.A4M09C.leaf14._native.native_decide.ax_1_1,
 Biplanar.A4M09C.leaf14._native.native_decide.ax_1_2,
 Biplanar.A4M09C.leaf14._native.native_decide.ax_1_3,
 Biplanar.A4M09C.leaf14_unsat._native.native_decide.ax_1_1,
 Biplanar.A4M09C.leaf15._native.native_decide.ax_1_1,
 Biplanar.A4M09C.leaf15._native.native_decide.ax_1_2,
 Biplanar.A4M09C.leaf15._native.native_decide.ax_1_3,
 Biplanar.A4M09C.leaf15_unsat._native.native_decide.ax_1_1,
 Biplanar.A4M09C.leaf16._native.native_decide.ax_1_1,
 Biplanar.A4M09C.leaf16._native.native_decide.ax_1_2,
 Biplanar.A4M09C.leaf16._native.native_decide.ax_1_3,
 Biplanar.A4M09C.leaf16_unsat._native.native_decide.ax_1_1,
 Biplanar.A4M09C.leaf17._native.native_decide.ax_1_1,
 Biplanar.A4M09C.leaf17._native.native_decide.ax_1_2,
 Biplanar.A4M09C.leaf17._native.native_decide.ax_1_3,
 Biplanar.A4M09C.leaf17_unsat._native.native_decide.ax_1_1,
 Biplanar.A4M09C.leaf18._native.native_decide.ax_1_1,
 Biplanar.A4M09C.leaf18._native.native_decide.ax_1_2,
 Biplanar.A4M09C.leaf18._native.native_decide.ax_1_3,
 Biplanar.A4M09C.leaf18_unsat._native.native_decide.ax_1_1,
 Biplanar.A4M09C.leaf1_unsat._native.native_decide.ax_1_1,
 Biplanar.A4M09C.leaf2._native.native_decide.ax_1_1,
 Biplanar.A4M09C.leaf2._native.native_decide.ax_1_2,
 Biplanar.A4M09C.leaf2._native.native_decide.ax_1_3,
 Biplanar.A4M09C.leaf2_unsat._native.native_decide.ax_1_1,
 Biplanar.A4M09C.leaf3._native.native_decide.ax_1_1,
 Biplanar.A4M09C.leaf3._native.native_decide.ax_1_2,
 Biplanar.A4M09C.leaf3._native.native_decide.ax_1_3,
 Biplanar.A4M09C.leaf3_unsat._native.native_decide.ax_1_1,
 Biplanar.A4M09C.leaf4._native.native_decide.ax_1_1,
 Biplanar.A4M09C.leaf4._native.native_decide.ax_1_2,
 Biplanar.A4M09C.leaf4._native.native_decide.ax_1_3,
 Biplanar.A4M09C.leaf4_unsat._native.native_decide.ax_1_1,
 Biplanar.A4M09C.leaf5._native.native_decide.ax_1_1,
 Biplanar.A4M09C.leaf5._native.native_decide.ax_1_2,
 Biplanar.A4M09C.leaf5._native.native_decide.ax_1_3,
 Biplanar.A4M09C.leaf5_unsat._native.native_decide.ax_1_1,
 Biplanar.A4M09C.leaf6._native.native_decide.ax_1_1,
 Biplanar.A4M09C.leaf6._native.native_decide.ax_1_2,
 Biplanar.A4M09C.leaf6._native.native_decide.ax_1_3,
 Biplanar.A4M09C.leaf6_unsat._native.native_decide.ax_1_1,
 Biplanar.A4M09C.leaf7._native.native_decide.ax_1_1,
 Biplanar.A4M09C.leaf7._native.native_decide.ax_1_2,
 Biplanar.A4M09C.leaf7._native.native_decide.ax_1_3,
 Biplanar.A4M09C.leaf7_unsat._native.native_decide.ax_1_1,
 Biplanar.A4M09C.leaf8._native.native_decide.ax_1_1,
 Biplanar.A4M09C.leaf8._native.native_decide.ax_1_2,
 Biplanar.A4M09C.leaf8._native.native_decide.ax_1_3,
 Biplanar.A4M09C.leaf8_unsat._native.native_decide.ax_1_1,
 Biplanar.A4M09C.leaf9._native.native_decide.ax_1_1,
 Biplanar.A4M09C.leaf9._native.native_decide.ax_1_2,
 Biplanar.A4M09C.leaf9._native.native_decide.ax_1_3,
 Biplanar.A4M09C.leaf9_unsat._native.native_decide.ax_1_1,
 Biplanar.A4M09C.not_biplanar._native.native_decide.ax_1_1,
 Biplanar.A4M09C.not_biplanar._native.native_decide.ax_1_2,
 Biplanar.A4M10.F_unsat._native.native_decide.ax_1_1,
 Biplanar.A4M10.not_biplanar._native.native_decide.ax_1_1,
 Biplanar.A4M10.not_biplanar._native.native_decide.ax_1_2,
 Biplanar.A4M10.not_biplanar._native.native_decide.ax_1_3,
 Biplanar.A4M11C.cover_unsat._native.native_decide.ax_1_1,
 Biplanar.A4M11C.leaf1._native.native_decide.ax_1_1,
 Biplanar.A4M11C.leaf1._native.native_decide.ax_1_2,
 Biplanar.A4M11C.leaf1._native.native_decide.ax_1_3,
 Biplanar.A4M11C.leaf10._native.native_decide.ax_1_1,
 Biplanar.A4M11C.leaf10._native.native_decide.ax_1_2,
 Biplanar.A4M11C.leaf10._native.native_decide.ax_1_3,
 Biplanar.A4M11C.leaf10_unsat._native.native_decide.ax_1_1,
 Biplanar.A4M11C.leaf11._native.native_decide.ax_1_1,
 Biplanar.A4M11C.leaf11._native.native_decide.ax_1_2,
 Biplanar.A4M11C.leaf11._native.native_decide.ax_1_3,
 Biplanar.A4M11C.leaf11_unsat._native.native_decide.ax_1_1,
 Biplanar.A4M11C.leaf12._native.native_decide.ax_1_1,
 Biplanar.A4M11C.leaf12._native.native_decide.ax_1_2,
 Biplanar.A4M11C.leaf12._native.native_decide.ax_1_3,
 Biplanar.A4M11C.leaf12_unsat._native.native_decide.ax_1_1,
 Biplanar.A4M11C.leaf13._native.native_decide.ax_1_1,
 Biplanar.A4M11C.leaf13._native.native_decide.ax_1_2,
 Biplanar.A4M11C.leaf13._native.native_decide.ax_1_3,
 Biplanar.A4M11C.leaf13_unsat._native.native_decide.ax_1_1,
 Biplanar.A4M11C.leaf14._native.native_decide.ax_1_1,
 Biplanar.A4M11C.leaf14._native.native_decide.ax_1_2,
 Biplanar.A4M11C.leaf14._native.native_decide.ax_1_3,
 Biplanar.A4M11C.leaf14_unsat._native.native_decide.ax_1_1,
 Biplanar.A4M11C.leaf15._native.native_decide.ax_1_1,
 Biplanar.A4M11C.leaf15._native.native_decide.ax_1_2,
 Biplanar.A4M11C.leaf15._native.native_decide.ax_1_3,
 Biplanar.A4M11C.leaf15_unsat._native.native_decide.ax_1_1,
 Biplanar.A4M11C.leaf16._native.native_decide.ax_1_1,
 Biplanar.A4M11C.leaf16._native.native_decide.ax_1_2,
 Biplanar.A4M11C.leaf16._native.native_decide.ax_1_3,
 Biplanar.A4M11C.leaf16_unsat._native.native_decide.ax_1_1,
 Biplanar.A4M11C.leaf17._native.native_decide.ax_1_1,
 Biplanar.A4M11C.leaf17._native.native_decide.ax_1_2,
 Biplanar.A4M11C.leaf17._native.native_decide.ax_1_3,
 Biplanar.A4M11C.leaf17_unsat._native.native_decide.ax_1_1,
 Biplanar.A4M11C.leaf18._native.native_decide.ax_1_1,
 Biplanar.A4M11C.leaf18._native.native_decide.ax_1_2,
 Biplanar.A4M11C.leaf18._native.native_decide.ax_1_3,
 Biplanar.A4M11C.leaf18_unsat._native.native_decide.ax_1_1,
 Biplanar.A4M11C.leaf1_unsat._native.native_decide.ax_1_1,
 Biplanar.A4M11C.leaf2._native.native_decide.ax_1_1,
 Biplanar.A4M11C.leaf2._native.native_decide.ax_1_2,
 Biplanar.A4M11C.leaf2._native.native_decide.ax_1_3,
 Biplanar.A4M11C.leaf2_unsat._native.native_decide.ax_1_1,
 Biplanar.A4M11C.leaf3._native.native_decide.ax_1_1,
 Biplanar.A4M11C.leaf3._native.native_decide.ax_1_2,
 Biplanar.A4M11C.leaf3._native.native_decide.ax_1_3,
 Biplanar.A4M11C.leaf3_unsat._native.native_decide.ax_1_1,
 Biplanar.A4M11C.leaf4._native.native_decide.ax_1_1,
 Biplanar.A4M11C.leaf4._native.native_decide.ax_1_2,
 Biplanar.A4M11C.leaf4._native.native_decide.ax_1_3,
 Biplanar.A4M11C.leaf4_unsat._native.native_decide.ax_1_1,
 Biplanar.A4M11C.leaf5._native.native_decide.ax_1_1,
 Biplanar.A4M11C.leaf5._native.native_decide.ax_1_2,
 Biplanar.A4M11C.leaf5._native.native_decide.ax_1_3,
 Biplanar.A4M11C.leaf5_unsat._native.native_decide.ax_1_1,
 Biplanar.A4M11C.leaf6._native.native_decide.ax_1_1,
 Biplanar.A4M11C.leaf6._native.native_decide.ax_1_2,
 Biplanar.A4M11C.leaf6._native.native_decide.ax_1_3,
 Biplanar.A4M11C.leaf6_unsat._native.native_decide.ax_1_1,
 Biplanar.A4M11C.leaf7._native.native_decide.ax_1_1,
 Biplanar.A4M11C.leaf7._native.native_decide.ax_1_2,
 Biplanar.A4M11C.leaf7._native.native_decide.ax_1_3,
 Biplanar.A4M11C.leaf7_unsat._native.native_decide.ax_1_1,
 Biplanar.A4M11C.leaf8._native.native_decide.ax_1_1,
 Biplanar.A4M11C.leaf8._native.native_decide.ax_1_2,
 Biplanar.A4M11C.leaf8._native.native_decide.ax_1_3,
 Biplanar.A4M11C.leaf8_unsat._native.native_decide.ax_1_1,
 Biplanar.A4M11C.leaf9._native.native_decide.ax_1_1,
 Biplanar.A4M11C.leaf9._native.native_decide.ax_1_2,
 Biplanar.A4M11C.leaf9._native.native_decide.ax_1_3,
 Biplanar.A4M11C.leaf9_unsat._native.native_decide.ax_1_1,
 Biplanar.A4M11C.not_biplanar._native.native_decide.ax_1_1,
 Biplanar.A4M11C.not_biplanar._native.native_decide.ax_1_2,
 Biplanar.A4M12C.cover_unsat._native.native_decide.ax_1_1,
 Biplanar.A4M12C.leaf1._native.native_decide.ax_1_1,
 Biplanar.A4M12C.leaf1._native.native_decide.ax_1_2,
 Biplanar.A4M12C.leaf1._native.native_decide.ax_1_3,
 Biplanar.A4M12C.leaf10._native.native_decide.ax_1_1,
 Biplanar.A4M12C.leaf10._native.native_decide.ax_1_2,
 Biplanar.A4M12C.leaf10._native.native_decide.ax_1_3,
 Biplanar.A4M12C.leaf10_unsat._native.native_decide.ax_1_1,
 Biplanar.A4M12C.leaf11._native.native_decide.ax_1_1,
 Biplanar.A4M12C.leaf11._native.native_decide.ax_1_2,
 Biplanar.A4M12C.leaf11._native.native_decide.ax_1_3,
 Biplanar.A4M12C.leaf11_unsat._native.native_decide.ax_1_1,
 Biplanar.A4M12C.leaf12._native.native_decide.ax_1_1,
 Biplanar.A4M12C.leaf12._native.native_decide.ax_1_2,
 Biplanar.A4M12C.leaf12._native.native_decide.ax_1_3,
 Biplanar.A4M12C.leaf12_unsat._native.native_decide.ax_1_1,
 Biplanar.A4M12C.leaf13._native.native_decide.ax_1_1,
 Biplanar.A4M12C.leaf13._native.native_decide.ax_1_2,
 Biplanar.A4M12C.leaf13._native.native_decide.ax_1_3,
 Biplanar.A4M12C.leaf13_unsat._native.native_decide.ax_1_1,
 Biplanar.A4M12C.leaf14._native.native_decide.ax_1_1,
 Biplanar.A4M12C.leaf14._native.native_decide.ax_1_2,
 Biplanar.A4M12C.leaf14._native.native_decide.ax_1_3,
 Biplanar.A4M12C.leaf14_unsat._native.native_decide.ax_1_1,
 Biplanar.A4M12C.leaf15._native.native_decide.ax_1_1,
 Biplanar.A4M12C.leaf15._native.native_decide.ax_1_2,
 Biplanar.A4M12C.leaf15._native.native_decide.ax_1_3,
 Biplanar.A4M12C.leaf15_unsat._native.native_decide.ax_1_1,
 Biplanar.A4M12C.leaf16._native.native_decide.ax_1_1,
 Biplanar.A4M12C.leaf16._native.native_decide.ax_1_2,
 Biplanar.A4M12C.leaf16._native.native_decide.ax_1_3,
 Biplanar.A4M12C.leaf16_unsat._native.native_decide.ax_1_1,
 Biplanar.A4M12C.leaf17._native.native_decide.ax_1_1,
 Biplanar.A4M12C.leaf17._native.native_decide.ax_1_2,
 Biplanar.A4M12C.leaf17._native.native_decide.ax_1_3,
 Biplanar.A4M12C.leaf17_unsat._native.native_decide.ax_1_1,
 Biplanar.A4M12C.leaf18._native.native_decide.ax_1_1,
 Biplanar.A4M12C.leaf18._native.native_decide.ax_1_2,
 Biplanar.A4M12C.leaf18._native.native_decide.ax_1_3,
 Biplanar.A4M12C.leaf18_unsat._native.native_decide.ax_1_1,
 Biplanar.A4M12C.leaf1_unsat._native.native_decide.ax_1_1,
 Biplanar.A4M12C.leaf2._native.native_decide.ax_1_1,
 Biplanar.A4M12C.leaf2._native.native_decide.ax_1_2,
 Biplanar.A4M12C.leaf2._native.native_decide.ax_1_3,
 Biplanar.A4M12C.leaf2_unsat._native.native_decide.ax_1_1,
 Biplanar.A4M12C.leaf3._native.native_decide.ax_1_1,
 Biplanar.A4M12C.leaf3._native.native_decide.ax_1_2,
 Biplanar.A4M12C.leaf3._native.native_decide.ax_1_3,
 Biplanar.A4M12C.leaf3_unsat._native.native_decide.ax_1_1,
 Biplanar.A4M12C.leaf4._native.native_decide.ax_1_1,
 Biplanar.A4M12C.leaf4._native.native_decide.ax_1_2,
 Biplanar.A4M12C.leaf4._native.native_decide.ax_1_3,
 Biplanar.A4M12C.leaf4_unsat._native.native_decide.ax_1_1,
 Biplanar.A4M12C.leaf5._native.native_decide.ax_1_1,
 Biplanar.A4M12C.leaf5._native.native_decide.ax_1_2,
 Biplanar.A4M12C.leaf5._native.native_decide.ax_1_3,
 Biplanar.A4M12C.leaf5_unsat._native.native_decide.ax_1_1,
 Biplanar.A4M12C.leaf6._native.native_decide.ax_1_1,
 Biplanar.A4M12C.leaf6._native.native_decide.ax_1_2,
 Biplanar.A4M12C.leaf6._native.native_decide.ax_1_3,
 Biplanar.A4M12C.leaf6_unsat._native.native_decide.ax_1_1,
 Biplanar.A4M12C.leaf7._native.native_decide.ax_1_1,
 Biplanar.A4M12C.leaf7._native.native_decide.ax_1_2,
 Biplanar.A4M12C.leaf7._native.native_decide.ax_1_3,
 Biplanar.A4M12C.leaf7_unsat._native.native_decide.ax_1_1,
 Biplanar.A4M12C.leaf8._native.native_decide.ax_1_1,
 Biplanar.A4M12C.leaf8._native.native_decide.ax_1_2,
 Biplanar.A4M12C.leaf8._native.native_decide.ax_1_3,
 Biplanar.A4M12C.leaf8_unsat._native.native_decide.ax_1_1,
 Biplanar.A4M12C.leaf9._native.native_decide.ax_1_1,
 Biplanar.A4M12C.leaf9._native.native_decide.ax_1_2,
 Biplanar.A4M12C.leaf9._native.native_decide.ax_1_3,
 Biplanar.A4M12C.leaf9_unsat._native.native_decide.ax_1_1,
 Biplanar.A4M12C.not_biplanar._native.native_decide.ax_1_1,
 Biplanar.A4M12C.not_biplanar._native.native_decide.ax_1_2,
 Biplanar.A4M13S.cover_unsat._native.native_decide.ax_1_1,
 Biplanar.A4M13S.leaf1._native.native_decide.ax_1_1,
 Biplanar.A4M13S.leaf1._native.native_decide.ax_1_2,
 Biplanar.A4M13S.leaf1._native.native_decide.ax_1_3,
 Biplanar.A4M13S.leaf10._native.native_decide.ax_1_1,
 Biplanar.A4M13S.leaf10._native.native_decide.ax_1_2,
 Biplanar.A4M13S.leaf10._native.native_decide.ax_1_3,
 Biplanar.A4M13S.leaf10_unsat._native.native_decide.ax_1_1,
 Biplanar.A4M13S.leaf11._native.native_decide.ax_1_1,
 Biplanar.A4M13S.leaf11._native.native_decide.ax_1_2,
 Biplanar.A4M13S.leaf11._native.native_decide.ax_1_3,
 Biplanar.A4M13S.leaf11_unsat._native.native_decide.ax_1_1,
 Biplanar.A4M13S.leaf12._native.native_decide.ax_1_1,
 Biplanar.A4M13S.leaf12._native.native_decide.ax_1_2,
 Biplanar.A4M13S.leaf12._native.native_decide.ax_1_3,
 Biplanar.A4M13S.leaf12_unsat._native.native_decide.ax_1_1,
 Biplanar.A4M13S.leaf13._native.native_decide.ax_1_1,
 Biplanar.A4M13S.leaf13._native.native_decide.ax_1_2,
 Biplanar.A4M13S.leaf13._native.native_decide.ax_1_3,
 Biplanar.A4M13S.leaf13_unsat._native.native_decide.ax_1_1,
 Biplanar.A4M13S.leaf14._native.native_decide.ax_1_1,
 Biplanar.A4M13S.leaf14._native.native_decide.ax_1_2,
 Biplanar.A4M13S.leaf14._native.native_decide.ax_1_3,
 Biplanar.A4M13S.leaf14_unsat._native.native_decide.ax_1_1,
 Biplanar.A4M13S.leaf15._native.native_decide.ax_1_1,
 Biplanar.A4M13S.leaf15._native.native_decide.ax_1_2,
 Biplanar.A4M13S.leaf15._native.native_decide.ax_1_3,
 Biplanar.A4M13S.leaf15_unsat._native.native_decide.ax_1_1,
 Biplanar.A4M13S.leaf16._native.native_decide.ax_1_1,
 Biplanar.A4M13S.leaf16._native.native_decide.ax_1_2,
 Biplanar.A4M13S.leaf16._native.native_decide.ax_1_3,
 Biplanar.A4M13S.leaf16_unsat._native.native_decide.ax_1_1,
 Biplanar.A4M13S.leaf1_unsat._native.native_decide.ax_1_1,
 Biplanar.A4M13S.leaf2._native.native_decide.ax_1_1,
 Biplanar.A4M13S.leaf2._native.native_decide.ax_1_2,
 Biplanar.A4M13S.leaf2._native.native_decide.ax_1_3,
 Biplanar.A4M13S.leaf2_unsat._native.native_decide.ax_1_1,
 Biplanar.A4M13S.leaf3._native.native_decide.ax_1_1,
 Biplanar.A4M13S.leaf3._native.native_decide.ax_1_2,
 Biplanar.A4M13S.leaf3._native.native_decide.ax_1_3,
 Biplanar.A4M13S.leaf3_unsat._native.native_decide.ax_1_1,
 Biplanar.A4M13S.leaf4._native.native_decide.ax_1_1,
 Biplanar.A4M13S.leaf4._native.native_decide.ax_1_2,
 Biplanar.A4M13S.leaf4._native.native_decide.ax_1_3,
 Biplanar.A4M13S.leaf4_unsat._native.native_decide.ax_1_1,
 Biplanar.A4M13S.leaf5._native.native_decide.ax_1_1,
 Biplanar.A4M13S.leaf5._native.native_decide.ax_1_2,
 Biplanar.A4M13S.leaf5._native.native_decide.ax_1_3,
 Biplanar.A4M13S.leaf5_unsat._native.native_decide.ax_1_1,
 Biplanar.A4M13S.leaf6._native.native_decide.ax_1_1,
 Biplanar.A4M13S.leaf6._native.native_decide.ax_1_2,
 Biplanar.A4M13S.leaf6._native.native_decide.ax_1_3,
 Biplanar.A4M13S.leaf6_unsat._native.native_decide.ax_1_1,
 Biplanar.A4M13S.leaf7._native.native_decide.ax_1_1,
 Biplanar.A4M13S.leaf7._native.native_decide.ax_1_2,
 Biplanar.A4M13S.leaf7._native.native_decide.ax_1_3,
 Biplanar.A4M13S.leaf7_unsat._native.native_decide.ax_1_1,
 Biplanar.A4M13S.leaf8._native.native_decide.ax_1_1,
 Biplanar.A4M13S.leaf8._native.native_decide.ax_1_2,
 Biplanar.A4M13S.leaf8._native.native_decide.ax_1_3,
 Biplanar.A4M13S.leaf8_unsat._native.native_decide.ax_1_1,
 Biplanar.A4M13S.leaf9._native.native_decide.ax_1_1,
 Biplanar.A4M13S.leaf9._native.native_decide.ax_1_2,
 Biplanar.A4M13S.leaf9._native.native_decide.ax_1_3,
 Biplanar.A4M13S.leaf9_unsat._native.native_decide.ax_1_1,
 Biplanar.A4M13S.not_biplanar._native.native_decide.ax_1_1,
 Biplanar.A4M13S.not_biplanar._native.native_decide.ax_1_2,
 Biplanar.A4M14.F_unsat._native.native_decide.ax_1_1,
 Biplanar.A4M14.not_biplanar._native.native_decide.ax_1_1,
 Biplanar.A4M14.not_biplanar._native.native_decide.ax_1_2,
 Biplanar.A4M14.not_biplanar._native.native_decide.ax_1_3,
 Biplanar.A4M15.F_unsat._native.native_decide.ax_1_1,
 Biplanar.A4M15.not_biplanar._native.native_decide.ax_1_1,
 Biplanar.A4M15.not_biplanar._native.native_decide.ax_1_2,
 Biplanar.A4M15.not_biplanar._native.native_decide.ax_1_3,
 Biplanar.A4M16.F_unsat._native.native_decide.ax_1_1,
 Biplanar.A4M16.not_biplanar._native.native_decide.ax_1_1,
 Biplanar.A4M16.not_biplanar._native.native_decide.ax_1_2,
 Biplanar.A4M16.not_biplanar._native.native_decide.ax_1_3,
 Biplanar.A4M17.F_unsat._native.native_decide.ax_1_1,
 Biplanar.A4M17.not_biplanar._native.native_decide.ax_1_1,
 Biplanar.A4M17.not_biplanar._native.native_decide.ax_1_2,
 Biplanar.A4M17.not_biplanar._native.native_decide.ax_1_3,
 Biplanar.A4M18.F_unsat._native.native_decide.ax_1_1,
 Biplanar.A4M18.not_biplanar._native.native_decide.ax_1_1,
 Biplanar.A4M18.not_biplanar._native.native_decide.ax_1_2,
 Biplanar.A4M18.not_biplanar._native.native_decide.ax_1_3,
 Biplanar.A4M19.F_unsat._native.native_decide.ax_1_1,
 Biplanar.A4M19.not_biplanar._native.native_decide.ax_1_1,
 Biplanar.A4M19.not_biplanar._native.native_decide.ax_1_2,
 Biplanar.A4M19.not_biplanar._native.native_decide.ax_1_3,
 Biplanar.A4M20.F_unsat._native.native_decide.ax_1_1,
 Biplanar.A4M20.not_biplanar._native.native_decide.ax_1_1,
 Biplanar.A4M20.not_biplanar._native.native_decide.ax_1_2,
 Biplanar.A4M20.not_biplanar._native.native_decide.ax_1_3,
 Biplanar.A4M21.F_unsat._native.native_decide.ax_1_1,
 Biplanar.A4M21.not_biplanar._native.native_decide.ax_1_1,
 Biplanar.A4M21.not_biplanar._native.native_decide.ax_1_2,
 Biplanar.A4M21.not_biplanar._native.native_decide.ax_1_3,
 Biplanar.Enum.all7._native.native_decide.ax_1_1]
'Biplanar.Enum.five_not_biplanar' depends on axioms: [propext,
 Classical.choice,
 Quot.sound,
 Biplanar.Enum.all5._native.native_decide.ax_1_1]
	Command being timed: "lake env lean Biplanar/EnumFinal.lean"
	User time (seconds): 0.95
	System time (seconds): 0.77
	Percent of CPU this job got: 100%
	Elapsed (wall clock) time (h:mm:ss or m:ss): 0:01.71
	Average shared text size (kbytes): 0
	Average unshared data size (kbytes): 0
	Average stack size (kbytes): 0
	Average total size (kbytes): 0
	Maximum resident set size (kbytes): 2194120
	Average resident set size (kbytes): 0
	Major (requiring I/O) page faults: 45
	Minor (reclaiming a frame) page faults: 198136
	Voluntary context switches: 272
	Involuntary context switches: 66
	Swaps: 0
	File system inputs: 12240
	File system outputs: 64
	Socket messages sent: 0
	Socket messages received: 0
	Signals delivered: 0
	Page size (bytes): 4096
	Exit status: 0
