⚠ [7/12] Replayed Biplanar.Basic
warning: Biplanar/Basic.lean:204:12: unused variable `G`

Note: This linter can be disabled with `set_option linter.unusedVariables false`
ℹ [12/12] Built Biplanar.Instances.A4M03 (31s)
info: Biplanar/Instances/A4M03.lean:33:0: 'Biplanar.A4M03.not_biplanar' depends on axioms: [propext,
 Classical.choice,
 Quot.sound,
 F_unsat._native.native_decide.ax_1_1,
 not_biplanar._native.native_decide.ax_1_1,
 not_biplanar._native.native_decide.ax_1_2,
 not_biplanar._native.native_decide.ax_1_3]
Build completed successfully (12 jobs).
       31.33 real        25.70 user         1.62 sys
          2996174848  maximum resident set size
                   0  average shared memory size
                   0  average unshared data size
                   0  average unshared stack size
              307533  page reclaims
               56435  page faults
                   0  swaps
                   0  block input operations
                   0  block output operations
                   0  messages sent
                   0  messages received
                   0  signals received
                9094  voluntary context switches
               36849  involuntary context switches
           562905382  instructions retired
           267782247  cycles elapsed
           155912640  peak memory footprint
