c --- [ banner ] -------------------------------------------------------------
c 
c CaDiCaL SAT Solver
c Copyright (c) 2016-2026
c A. Biere, M. Fleury, N. Froleyks, K. Fazekas, F. Pollitt, T. Faller
c JKU Linz, University of Freiburg, TU Wien
c 
c Version 3.0.1
c Apple clang version 16.0.0 (clang-1600.0.26.6) -Wall -Wextra -O3 -DNDEBUG -std=c++11 -DNCLOSEFROM
c Sun Jul 19 15:40:55 UTC 2026 Darwin Sonoma-arm64.local 23.6.0 arm64
c 
c --- [ proof tracing ] ------------------------------------------------------
c 
c opening file to write 'data/a4_m03/F.lrat'
c writing non-binary proof trace to 'data/a4_m03/F.lrat'
c 
c --- [ parsing input ] ------------------------------------------------------
c 
c reading DIMACS file from 'data/a4_m03/F.cnf'
c opening file to read 'data/a4_m03/F.cnf'
c found 'p cnf 2808 129757' header
c parsed 129757 clauses in 0.07 seconds process time
c 
c --- [ options ] ------------------------------------------------------------
c 
c   --binary=false                 (different from default 'true')
c   --lrat=true                    (different from default 'false')
c 
c --- [ solving ] ------------------------------------------------------------
c 
c time measured in process time since initialization
c 
c  seconds  reduction conflicts       size tier2       variables
c         MB    restarts   redundant    glue  trail         remaining
c          level     rate       size/glu tier1  irredundant
c 
c *  0.07  0  0 0   0  0    0    0 0.0 0 0 2 6  0% 129705 2772 99%
c )  0.08  0  0 0   0  0    0    0 0.0 0 0 2 6  0% 129705 2772 99%
c {  0.08  0  0 0   0  0    0    0 0.0 0 0 2 6  0% 129705 2772 99%
c i  0.09  0 1098 0  10 85  114   59 1.4 13 9 2 6 47% 129655 2766 99%
c i  0.09  0 671 0  14 52  195  103 1.4 14 10 2 6 34% 129630 2765 98%
c i  0.09  0 667 0  14 52  196  103 1.4 14 10 2 6 34% 129630 2764 98%
c -  0.11  0 453 1  22 36  300   87 1.4 15 11 2 6 27% 129579 2764 98%
c i  0.11  0 386 1  35 31  353  118 1.3 15 11 2 6 24% 129565 2761 98%
c i  0.12  0 251 1  61 21  574  235 1.4 17 13 2 6 21% 129485 2758 98%
c -  0.15  0 184 2  65 15  786  198 1.4 14 11 2 6 18% 129460 2758 98%
c }  0.16  0 147 2  90 13 1003  319 1.4 14 11 2 6 17% 129440 2758 98%
c [  0.16  0  0 2  90  0 1003  319 0.0 0 0 2 6  0% 129440 2758 98%
c O  0.16  0  0 2  90  1 1004  319 0.0 1 0 2 6  2% 129440 2758 98%
c i  0.16  0  0 2  90  1 1004  319 0.0 1 0 2 6  2% 129440 2747 98%
c -  0.21  0 18 3  90  1 1565  354 1.9 19 10 2 6 22% 129322 2747 98%
c ]  0.25  0 18 3  91  1 2535 1085 1.7 20 12 2 6 19% 129305 2747 98%
c {  0.25  0 147 3  91 13 2535 1085 1.4 14 11 2 6 17% 129305 2747 98%
c i  0.26  0 140 3 106 12 2591 1121 1.4 15 11 2 6 17% 129294 2746 98%
c 2  0.26  0 137 3 109 12 2614 1135 1.4 15 11 2 6 17% 129289 2735 97%
c d  0.27  0 137 3 109 12 2614 1135 1.4 15 11 2 6 17% 129263 2734 97%
c 
c  seconds   reduction conflicts       size   tier2       variables
c         MB     restarts   redundant     glue   trail         remaining
c           level     rate       size/glue  tier1  irredundant
c 
c =  0.30  0 137 3 109 12 2614 1134 1.4 15 11 2 6 17% 129246 2718 97%
c t  0.30  0 137 3 109 12 2614 1132 1.4 15 11 2 6 17% 129246 2718 97%
c -  0.32  0 132 4 115 12 2664  531 1.4 15 11 2 6 17% 129245 2718 97%
c O  0.35  0 107 4 167 10 3005  796 1.5 17 12 2 6 17% 129215 2718 97%
c i  0.39  0 87 4 269  9 3456 1135 1.5 19 13 2 6 17% 129171 2716 97%
c i  0.39  0 87 4 270  9 3465 1138 1.5 19 13 2 6 17% 129167 2714 97%
c i  0.42  0 70 4 322  7 4050 1502 1.5 19 13 2 6 16% 129156 2699 96%
c -  0.44  0 69 5 329  7 4097  588 1.5 19 13 2 6 16% 129133 2699 96%
c 2  0.49  0 54 5 345  5 5114 1375 1.6 19 12 4 14 16% 129122 2656 95%
c t  0.52  0 54 5 345  5 5114 1373 1.6 19 12 4 14 16% 129069 2656 95%
c i  0.58  0 49 5 474  5 5868 1904 1.5 19 13 4 14 17% 129044 2612 93%
c -  0.59  0 49 6 476  5 5879 1492 1.5 19 13 4 14 17% 128999 2612 93%
c #  0.60  0 48 6 507  5 6008 1579 1.5 19 13 4 14 17% 128998 2612 93%
c }  0.62  0 44 6 509  5 6607 1974 1.5 19 13 5 15 17% 128997 2612 93%
c [  0.62  0 18 6 509  1 6607 1974 1.7 20 12 2 6 19% 128997 2612 93%
c 2  0.65  0 15 6 510  1 7717 2532 1.6 18 12 9 14 18% 128997 2562 91%
c t  0.65  0 15 6 510  1 7717 2531 1.6 18 12 9 14 18% 129003 2562 91%
c -  0.68  0 15 7 510  1 8006 2537 1.5 18 11 9 14 17% 128946 2562 91%
c I  0.73  0 14 7 511  1 10011 3515 1.5 16 11 9 13 16% 128946 2562 91%
c 2  0.75  0 14 7 512  1 10415 3763 1.5 16 11 9 13 16% 128946 2553 91%
c 
c  seconds  reductions conflicts       size   tier2        variables
c         MB    restarts    redundant     glue    trail         remaining
c          level     rate        size/glue  tier1   irredundant
c 
c t  0.77  0 14 7 512  1 10415 3760 1.5 16 11 9 13 16% 128931 2553 91%
c -  0.78  0 14 8 512  1 10491 3111 1.5 16 11 9 13 16% 128931 2553 91%
c s  0.82  0 15 8 512  1 11097 3515 1.5 17 12 9 13 17% 128913 2553 91%
c t  0.82  0 15 8 512  1 11097 3512 1.5 17 12 9 13 17% 128910 2553 91%
c e  0.84  0 15 8 512  1 11097 3320 1.5 17 12 9 13 17% 124463 207  7%
c s  0.84  0 15 8 512  1 11097 3320 1.5 17 12 9 13 17% 124462 207  7%
c 2  0.95  0 15 8 513  1 13200 4797 1.5 19 12 9 13 46% 124462 207  7%
c u  0.96  0 15 8 513  1 13200 4767 1.5 19 12 9 13 46% 124462 207  7%
c v  0.97  0 15 8 513  1 13200 4765 1.5 19 12 9 13 46% 124462 207  7%
c w  0.97  0 15 8 513  1 13200 4762 1.5 19 12 9 13 46% 124462 207  7%
c -  0.99  0 15 9 513  1 13334 3488 1.5 19 12 9 13 46% 124462 207  7%
c ]  1.01  0 15 9 514  1 13903 3876 1.5 19 12 9 13 46% 124462 207  7%
c {  1.01  0 44 9 514  5 13903 3876 1.5 19 13 5 15 228% 124462 207  7%
c B  1.06  0 39 9 614  4 15013 4702 1.5 20 13 5 15 193% 124462 207  7%
c -  1.14  0 35 10 740  3 16494 4158 1.5 20 13 5 15 163% 124473 207  7%
c -  1.31  0 27 11 774  3 20009 5456 1.7 20 12 5 15 123% 124473 207  7%
c W  1.40  0 27 11 836  3 21017 6280 1.7 20 12 5 15 117% 124473 207  7%
c -  1.54  0 25 12 1088  2 23882 6225 1.7 20 12 6 13 102% 124473 207  7%
c }  1.68  0 23 12 1328  2 26802 8278 1.7 20 12 6 13 92% 124473 207  7%
c [  1.68  0 15 12 1328  1 26802 8278 1.5 19 12 9 13 46% 124473 207  7%
c 
c  seconds  reductions   conflicts       size   tier2        variables
c         MB     restarts     redundant     glue    trail        remaining
c          level       rate        size/glue  tier1   irredundant
c 
c B  1.72  0 16 12 1328  1 28019 9128 1.5 20 13 9 13 46% 124473 207  7%
c -  1.73  0 16 13 1328  1 28114 6398 1.5 20 13 9 13 46% 124473 207  7%
c u  1.76  0 16 13 1328  1 28234 6420 1.5 20 13 9 13 46% 124473 207  7%
c v  1.77  0 16 13 1328  1 28234 6410 1.5 20 13 9 13 46% 124473 207  7%
c w  1.77  0 16 13 1328  1 28234 6409 1.5 20 13 9 13 46% 124473 207  7%
c -  1.97  0 18 14 1331  1 32703 5889 1.5 21 14 9 13 45% 124473 207  7%
c W  2.18  0 19 14 1333  1 36021 8340 1.5 22 15 9 13 45% 124473 207  7%
c -  2.25  0 18 15 1334  1 37652 5904 1.5 22 15 9 13 44% 124473 207  7%
c ]  2.38  0 18 15 1335  1 40694 8270 1.5 22 14 7 16 44% 124473 207  7%
c {  2.38  0 23 15 1335  2 40694 8270 1.7 20 12 6 13 92% 124473 207  7%
c -  2.53  0 23 16 1691  2 42967 6972 1.6 20 13 6 13 86% 124473 207  7%
c p  2.54  0 23 16 1691  2 42967 6975 1.6 20 13 6 13 86% 124473 207  7%
c u  2.55  0 23 16 1691  2 42967 6969 1.6 20 13 6 13 86% 124473 207  7%
c v  2.56  0 23 16 1691  2 42967 6968 1.6 20 13 6 13 86% 124473 207  7%
c w  2.56  0 23 16 1691  2 42967 6968 1.6 20 13 6 13 86% 124473 207  7%
c F  2.69  0 22 16 1996  2 45022 8347 1.6 20 13 6 13 81% 124473 207  7%
c s  2.82  0 22 16 1996  2 48025 10488 1.6 20 12 6 13 76% 124472 207  7%
c s  2.84  0 22 16 1996  2 48025 10488 1.6 20 12 6 13 76% 124458 207  7%
c -  2.89  0 21 17 2014  2 48643 8461 1.6 20 12 6 13 75% 124458 207  7%
c p  2.89  0 21 17 2014  2 48643 8462 1.6 20 12 6 13 75% 124458 207  7%
c 
c  seconds  reductions   conflicts        size   tier2        variables
c         MB     restarts      redundant     glue    trail        remaining
c          level       rate         size/glue  tier1   irredundant
c 
c -  3.14  0 20 18 2224  2 54679 10116 1.6 20 12 6 13 68% 124458 207  7%
c p  3.14  0 20 18 2224  2 54679 10117 1.6 20 12 6 13 68% 124458 207  7%
c B  3.17  0 20 18 2224  2 55023 10317 1.6 20 12 6 13 67% 124458 207  7%
c -  3.45  0 19 19 2779  2 61080 10822 1.6 20 12 6 13 63% 124458 207  7%
c u  3.52  0 19 19 2779  2 61080 10732 1.6 20 12 6 13 63% 124458 207  7%
c v  3.53  0 19 19 2779  2 61080 10726 1.6 20 12 6 13 63% 124458 207  7%
c w  3.53  0 19 19 2779  2 61080 10725 1.6 20 12 6 13 63% 124458 207  7%
c }  3.59  0 19 19 2779  2 62538 11514 1.6 20 12 6 13 62% 124458 207  7%
c [  3.59  0 18 19 2779  1 62538 11514 1.5 22 14 7 16 44% 124458 207  7%
c O  3.74  0 18 19 2780  1 66025 14014 1.5 22 15 7 16 44% 124458 207  7%
c -  3.87  0 18 20 2780  1 67849 10707 1.5 22 14 7 16 44% 124458 207  7%
c -  4.17  0 18 21 2782  1 74982 11132 1.5 22 14 6 15 43% 124458 207  7%
c p  4.17  0 18 21 2782  1 74982 11133 1.5 22 14 6 15 43% 124458 207  7%
c u  4.19  0 18 21 2782  1 74982 11102 1.5 22 14 6 15 43% 124458 207  7%
c v  4.20  0 18 21 2782  1 74982 11097 1.5 22 14 6 15 43% 124458 207  7%
c w  4.20  0 18 21 2782  1 74982 11097 1.5 22 14 6 15 43% 124458 207  7%
c B  4.33  0 18 21 2784  1 78026 13155 1.5 22 14 6 15 43% 124458 207  7%
c -  4.53  0 18 22 2787  1 82477 11831 1.5 22 14 6 15 44% 124458 207  7%
c ]  4.62  0 18 22 2787  1 84544 13204 1.5 23 15 6 15 44% 124458 207  7%
c {  4.62  0 19 22 2787  2 84544 13204 1.6 20 12 6 13 62% 124458 207  7%
c 
c  seconds  reductions   conflicts        size   tier2        variables
c         MB     restarts      redundant     glue    trail        remaining
c          level       rate         size/glue  tier1   irredundant
c 
c -  4.89  0 18 23 3153  2 90339 12717 1.6 19 12 6 13 58% 124458 207  7%
c p  4.89  0 18 23 3153  2 90339 12718 1.6 19 12 6 13 58% 124458 207  7%
c u  4.91  0 18 23 3153  2 90339 12706 1.6 19 12 6 13 58% 124458 207  7%
c v  4.91  0 18 23 3153  2 90339 12701 1.6 19 12 6 13 58% 124458 207  7%
c w  4.91  0 18 23 3153  2 90339 12701 1.6 19 12 6 13 58% 124458 207  7%
c x  4.92  0 18 23 3153  2 90339 12701 1.6 19 12 6 13 58% 124458 207  7%
c W  5.14  0 18 23 3156  2 91027 13098 1.6 19 12 6 13 58% 124458 207  7%
c -  5.53  0 17 24 3469  2 98567 14271 1.6 19 12 6 13 54% 124458 207  7%
c s  5.85  0 17 24 4353  2 103417 17746 1.6 19 12 6 13 53% 124441 207  7%
c s  5.88  0 17 24 4353  2 103417 17742 1.6 19 12 6 13 53% 124421 207  7%
c #  5.99  0 17 24 4537  2 105029 18922 1.6 19 12 6 13 53% 124421 207  7%
c -  6.08  0 17 25 4553  2 107162 15753 1.6 19 12 6 13 52% 124421 207  7%
c p  6.08  0 17 25 4553  2 107162 15754 1.6 19 12 6 13 52% 124421 207  7%
c u  6.17  0 17 25 4553  2 107162 15673 1.6 19 12 6 13 52% 124421 207  7%
c v  6.17  0 17 25 4553  2 107162 15668 1.6 19 12 6 13 52% 124421 207  7%
c w  6.18  0 17 25 4553  2 107162 15667 1.6 19 12 6 13 52% 124421 207  7%
c -  6.54  0 16 26 4764  1 116122 16352 1.6 19 12 6 13 49% 124421 207  7%
c }  6.63  0 16 26 5022  1 117165 17076 1.6 19 12 6 13 49% 124421 207  7%
c [  6.63  0 18 26 5022  1 117165 17076 1.5 23 15 6 15 44% 124421 207  7%
c W  6.84  0 18 26 5024  1 120032 19169 1.5 23 15 6 15 44% 124421 207  7%
c 
c  seconds  reductions   conflicts         size   tier2        variables
c         MB     restarts       redundant     glue    trail        remaining
c          level       rate          size/glue  tier1   irredundant
c 
c -  7.08  0 18 27 5028  1 125449 16597 1.5 23 15 6 15 44% 124421 207  7%
c p  7.08  0 18 27 5028  1 125449 16598 1.5 23 15 6 15 44% 124421 207  7%
c u  7.10  0 18 27 5028  1 125449 16580 1.5 23 15 6 15 44% 124421 207  7%
c v  7.10  0 18 27 5028  1 125449 16576 1.5 23 15 6 15 44% 124421 207  7%
c w  7.10  0 18 27 5028  1 125449 16575 1.5 23 15 6 15 44% 124421 207  7%
c x  7.11  0 18 27 5028  1 125449 16575 1.5 23 15 6 15 44% 124419 207  7%
c -  7.56  0 18 28 5030  1 135145 15973 1.6 23 15 6 15 44% 124419 207  7%
c p  7.56  0 18 28 5030  1 135145 15974 1.6 23 15 6 15 44% 124419 207  7%
c I  7.60  0 19 28 5030  1 136034 16626 1.6 23 15 6 15 44% 124419 207  7%
c -  7.99  0 17 29 5031  1 145207 17204 1.6 22 14 6 16 42% 124419 207  7%
c u  8.01  0 17 29 5031  1 145207 17184 1.6 22 14 6 16 42% 124419 207  7%
c v  8.01  0 17 29 5031  1 145207 17156 1.6 22 14 6 16 42% 124419 207  7%
c w  8.01  0 17 29 5031  1 145207 17153 1.6 22 14 6 16 42% 124419 207  7%
c x  8.02  0 17 29 5031  1 145207 17149 1.6 22 14 6 16 42% 124259 207  7%
c i  8.05  0 17 29 5031  1 145693 17260 1.6 22 14 6 16 42% 124259 206  7%
c ]  8.33  0 17 29 5031  1 151614 21326 1.6 22 14 6 16 42% 124259 206  7%
c {  8.33  0 16 29 5031  1 151614 21326 1.6 19 12 6 13 49% 124259 206  7%
c B  8.43  0 16 29 5374  2 153035 22357 1.6 19 12 6 13 48% 124259 206  7%
c -  8.59  0 16 30 5514  2 155637 15878 1.6 19 12 6 13 48% 121025 206  7%
c p  8.60  0 16 30 5514  2 155637 15882 1.6 19 12 6 13 48% 121025 206  7%
c 
c  seconds  reductions   conflicts         size   tier2        variables
c         MB     restarts       redundant     glue    trail        remaining
c          level       rate          size/glue  tier1   irredundant
c 
c -  9.15  0 16 31 6294  1 166316 19838 1.6 19 12 6 13 47% 121025 206  7%
c p  9.15  0 16 31 6294  1 166316 19842 1.6 19 12 6 13 47% 121025 206  7%
c u  9.18  0 16 31 6294  1 166316 19819 1.6 19 12 6 13 47% 121025 206  7%
c v  9.19  0 16 31 6294  1 166316 19817 1.6 19 12 6 13 47% 121025 206  7%
c w  9.19  0 16 31 6294  1 166316 19816 1.6 19 12 6 13 47% 121025 206  7%
c x  9.20  0 16 31 6294  1 166316 19816 1.6 19 12 6 13 47% 121021 206  7%
c W  9.61  0 16 31 6521  1 171038 22824 1.6 19 12 6 13 47% 121021 206  7%
c s 10.05  0 16 31 7244  1 177269 27124 1.6 19 12 6 13 46% 121005 206  7%
c e 10.06  0 16 31 7244  1 177269 26885 1.6 19 12 6 13 46% 121003 204  7%
c s 10.08  0 16 31 7244  1 177269 26878 1.6 19 12 6 13 46% 120985 204  7%
c - 10.11  0 16 32 7260  1 177355 21827 1.6 19 12 6 13 46% 120985 204  7%
c p 10.11  0 16 32 7260  1 177355 21831 1.6 19 12 6 13 46% 120985 204  7%
c u 10.22  0 16 32 7260  1 177355 21818 1.6 19 12 6 13 46% 120985 204  7%
c v 10.22  0 16 32 7260  1 177355 21813 1.6 19 12 6 13 46% 120985 204  7%
c w 10.23  0 16 32 7260  1 177355 21811 1.6 19 12 6 13 46% 120985 204  7%
c x 10.23  0 16 32 7260  1 177355 21811 1.6 19 12 6 13 46% 120985 204  7%
c - 10.85  0 16 33 8362  1 188757 23006 1.6 19 12 6 13 45% 120985 204  7%
c p 10.85  0 16 33 8362  1 188757 23010 1.6 19 12 6 13 45% 120985 204  7%
c F 10.92  0 16 33 8411  1 190039 23853 1.6 19 12 6 13 45% 120985 204  7%
c } 11.11  0 16 33 8894  1 193246 25945 1.6 19 12 6 13 45% 120985 204  7%
c 
c  seconds  reductions   conflicts         size   tier2        variables
c         MB     restarts       redundant     glue    trail        remaining
c          level       rate          size/glue  tier1   irredundant
c 
c [ 11.11  0 17 33 8894  1 193246 25945 1.6 22 14 6 16 42% 120985 204  7%
c - 11.51  0 17 34 8897  1 200518 23920 1.6 22 14 6 16 42% 120985 204  7%
c p 11.51  0 17 34 8897  1 200518 23924 1.6 22 14 6 16 42% 120985 204  7%
c u 11.53  0 17 34 8897  1 200518 23887 1.6 22 14 6 16 42% 120985 204  7%
c v 11.54  0 17 34 8897  1 200518 23877 1.6 22 14 6 16 42% 120985 204  7%
c w 11.54  0 17 34 8897  1 200518 23866 1.6 22 14 6 16 42% 120985 204  7%
c x 11.55  0 17 34 8897  1 200518 23866 1.6 22 14 6 16 42% 120980 204  7%
c B 12.02  0 16 34 8902  1 210040 30014 1.6 21 14 6 15 42% 120980 204  7%
c - 12.17  0 17 35 8904  1 212638 24305 1.6 21 14 6 15 42% 120980 204  7%
c p 12.17  0 17 35 8904  1 212638 24309 1.6 21 14 6 15 42% 120980 204  7%
c - 12.77  0 16 36 8909  1 225120 24390 1.5 21 14 6 15 42% 120980 204  7%
c p 12.78  0 16 36 8909  1 225120 24394 1.5 21 14 6 15 42% 120980 204  7%
c u 12.80  0 16 36 8909  1 225120 24302 1.5 21 14 6 15 42% 120980 204  7%
c v 12.80  0 16 36 8909  1 225120 24291 1.5 21 14 6 15 42% 120980 204  7%
c w 12.81  0 16 36 8909  1 225120 24266 1.5 21 14 6 15 42% 120980 204  7%
c x 12.81  0 16 36 8909  1 225120 24266 1.5 21 14 6 15 42% 120978 204  7%
c W 13.30  0 16 36 8910  1 231042 27647 1.5 21 14 6 15 42% 120978 204  7%
c ] 13.59  0 16 36 8915  1 237269 31335 1.5 21 14 6 15 41% 120978 204  7%
c { 13.59  0 16 36 8915  1 237269 31335 1.6 19 12 6 13 45% 120978 204  7%
c - 13.65  0 16 37 8929  1 237965 24915 1.6 19 12 6 13 45% 120978 204  7%
c 
c  seconds  reductions   conflicts         size   tier2        variables
c         MB     restarts       redundant     glue    trail        remaining
c          level       rate          size/glue  tier1   irredundant
c 
c p 13.65  0 16 37 8929  1 237965 24919 1.6 19 12 6 13 45% 120978 204  7%
c u 13.67  0 16 37 8929  1 237965 24909 1.6 19 12 6 13 45% 120978 204  7%
c v 13.68  0 16 37 8929  1 237965 24907 1.6 19 12 6 13 45% 120978 204  7%
c w 13.68  0 16 37 8929  1 237965 24903 1.6 19 12 6 13 45% 120978 204  7%
c x 13.68  0 16 37 8929  1 237965 24903 1.6 19 12 6 13 45% 120975 204  7%
c - 14.38  0 16 38 10008  1 251168 26767 1.6 19 12 6 13 44% 120975 204  7%
c p 14.38  0 16 38 10008  1 251168 26771 1.6 19 12 6 13 44% 120975 204  7%
c u 14.40  0 16 38 10008  1 251168 26761 1.6 19 12 6 13 44% 120975 204  7%
c v 14.41  0 16 38 10008  1 251168 26757 1.6 19 12 6 13 44% 120975 204  7%
c w 14.41  0 16 38 10008  1 251168 26751 1.6 19 12 6 13 44% 120975 204  7%
c x 14.41  0 16 38 10008  1 251168 26749 1.6 19 12 6 13 44% 120974 204  7%
c B 14.52  0 16 38 10265  1 253043 28011 1.6 19 12 6 13 44% 120974 204  7%
c - 15.14  0 16 39 11233  1 264733 27907 1.5 19 12 6 13 43% 120974 204  7%
c p 15.14  0 16 39 11233  1 264733 27911 1.5 19 12 6 13 43% 120974 204  7%
c u 15.18  0 16 39 11233  1 264733 27901 1.5 19 12 6 13 43% 120974 204  7%
c v 15.18  0 16 39 11233  1 264733 27897 1.5 19 12 6 13 43% 120974 204  7%
c w 15.19  0 16 39 11233  1 264733 27892 1.5 19 12 6 13 43% 120974 204  7%
c x 15.19  0 16 39 11233  1 264733 27892 1.5 19 12 6 13 43% 120971 204  7%
c s 15.45  0 15 39 11353  1 269390 30408 1.5 19 12 5 12 43% 120938 204  7%
c s 15.48  0 15 39 11353  1 269390 30390 1.5 19 12 5 12 43% 120911 204  7%
c 
c  seconds  reductions    conflicts         size   tier2        variables
c         MB      restarts       redundant     glue    trail        remaining
c          level        rate          size/glue  tier1   irredundant
c 
c W 16.07  0 15 39 11964  1 276044 34557 1.5 19 12 5 12 43% 120911 204  7%
c - 16.19  0 15 40 11980  1 278660 24885 1.5 19 12 5 12 43% 120911 204  7%
c p 16.19  0 15 40 11980  1 278660 24889 1.5 19 12 5 12 43% 120911 204  7%
c u 16.31  0 15 40 11980  1 278660 24877 1.5 19 12 5 12 43% 120911 204  7%
c v 16.32  0 15 40 11980  1 278660 24873 1.5 19 12 5 12 43% 120911 204  7%
c w 16.32  0 15 40 11980  1 278660 24872 1.5 19 12 5 12 43% 120911 204  7%
c x 16.33  0 15 40 11980  1 278660 24871 1.5 19 12 5 12 43% 120910 204  7%
c - 17.06  0 15 41 13122  1 292946 25226 1.5 19 12 5 12 42% 120910 204  7%
c p 17.07  0 15 41 13122  1 292946 25230 1.5 19 12 5 12 42% 120910 204  7%
c u 17.09  0 15 41 13122  1 292946 25209 1.5 19 12 5 12 42% 120910 204  7%
c v 17.09  0 15 41 13122  1 292946 25206 1.5 19 12 5 12 42% 120910 204  7%
c w 17.09  0 15 41 13122  1 292946 25205 1.5 19 12 5 12 42% 120910 204  7%
c x 17.10  0 15 41 13122  1 292946 25204 1.5 19 12 5 12 42% 120906 204  7%
c } 17.26  0 15 41 13187  1 295874 26759 1.5 19 12 5 12 42% 120906 204  7%
c [ 17.26  0 16 41 13187  1 295874 26759 1.5 21 14 6 15 41% 120906 204  7%
c O 17.48  0 16 41 13188  1 300045 29278 1.5 21 14 6 15 41% 120906 204  7%
c - 17.89  0 16 42 13193  1 307592 25769 1.6 21 13 6 15 41% 120906 204  7%
c p 17.90  0 16 42 13193  1 307592 25773 1.6 21 13 6 15 41% 120906 204  7%
c u 17.91  0 16 42 13193  1 307592 25760 1.6 21 13 6 15 41% 120906 204  7%
c v 17.92  0 16 42 13193  1 307592 25755 1.6 21 13 6 15 41% 120906 204  7%
c 
c  seconds  reductions    conflicts         size   tier2        variables
c         MB      restarts       redundant     glue    trail        remaining
c          level        rate          size/glue  tier1   irredundant
c 
c w 17.92  0 16 42 13193  1 307592 25753 1.6 21 13 6 15 41% 120906 204  7%
c x 17.93  0 16 42 13193  1 307592 25753 1.6 21 13 6 15 41% 120905 204  7%
c - 18.63  0 15 43 13197  1 322601 27298 1.6 20 13 6 15 41% 120905 204  7%
c p 18.64  0 15 43 13197  1 322601 27302 1.6 20 13 6 15 41% 120905 204  7%
c u 18.66  0 15 43 13197  1 322601 27278 1.6 20 13 6 15 41% 120905 204  7%
c v 18.66  0 15 43 13197  1 322601 27275 1.6 20 13 6 15 41% 120905 204  7%
c w 18.67  0 15 43 13197  1 322601 27254 1.6 20 13 6 15 41% 120905 204  7%
c x 18.68  0 15 43 13197  1 322601 27254 1.6 20 13 6 15 41% 120904 204  7%
c B 18.79  0 15 43 13197  1 325047 28794 1.6 20 13 6 15 41% 120904 204  7%
c - 19.41  0 15 44 13197  1 337970 28424 1.6 20 13 5 13 41% 120904 204  7%
c p 19.41  0 15 44 13197  1 337970 28428 1.6 20 13 5 13 41% 120904 204  7%
c u 19.43  0 15 44 13197  1 337970 28417 1.6 20 13 5 13 41% 120904 204  7%
c v 19.43  0 15 44 13197  1 337970 28398 1.6 20 13 5 13 41% 120904 204  7%
c w 19.44  0 15 44 13197  1 337970 28397 1.6 20 13 5 13 41% 120904 204  7%
c x 19.45  0 15 44 13197  1 337970 28397 1.6 20 13 5 13 41% 120903 204  7%
c W 20.39  0 15 44 13198  1 351049 37165 1.6 21 13 5 13 41% 120903 204  7%
c - 20.52  0 15 45 13198  1 353705 28504 1.6 21 13 5 13 41% 120903 204  7%
c p 20.53  0 15 45 13198  1 353705 28508 1.6 21 13 5 13 41% 120903 204  7%
c u 20.54  0 15 45 13198  1 353705 28492 1.6 21 13 5 13 41% 120903 204  7%
c v 20.55  0 15 45 13198  1 353705 28488 1.6 21 13 5 13 41% 120903 204  7%
c 
c  seconds  reductions    conflicts         size   tier2        variables
c         MB      restarts       redundant     glue    trail        remaining
c          level        rate          size/glue  tier1   irredundant
c 
c w 20.55  0 15 45 13198  1 353705 28488 1.6 21 13 5 13 41% 120903 204  7%
c x 20.57  0 15 45 13198  1 353705 28488 1.6 21 13 5 13 41% 120900 204  7%
c ] 20.60  0 15 45 13198  1 354263 28907 1.6 21 13 5 13 41% 120900 204  7%
c { 20.60  0 15 45 13198  1 354263 28907 1.5 19 12 5 12 42% 120900 204  7%
c - 21.52  0 15 46 14410  1 369799 29053 1.5 19 12 5 12 42% 120900 204  7%
c p 21.53  0 15 46 14410  1 369799 29057 1.5 19 12 5 12 42% 120900 204  7%
c u 21.55  0 15 46 14410  1 369799 29042 1.5 19 12 5 12 42% 120900 204  7%
c v 21.56  0 15 46 14410  1 369799 29028 1.5 19 12 5 12 42% 120900 204  7%
c w 21.56  0 15 46 14410  1 369799 29028 1.5 19 12 5 12 42% 120900 204  7%
c x 21.57  0 15 46 14410  1 369799 29028 1.5 19 12 5 12 42% 120893 204  7%
c # 22.00  0 15 46 14657  1 378051 34166 1.6 19 12 5 12 42% 120893 204  7%
c s 22.14  0 15 46 14675  1 379924 35289 1.6 19 12 5 12 42% 120834 204  7%
c s 22.18  0 15 46 14675  1 379924 35277 1.6 19 12 5 12 42% 120741 204  7%
c - 22.59  0 15 47 14891  1 386256 31253 1.6 19 12 5 12 42% 120741 204  7%
c p 22.59  0 15 47 14891  1 386256 31257 1.6 19 12 5 12 42% 120741 204  7%
c u 22.61  0 15 47 14891  1 386256 31225 1.6 19 12 5 12 42% 120741 204  7%
c v 22.62  0 15 47 14891  1 386256 31224 1.6 19 12 5 12 42% 120741 204  7%
c w 22.62  0 15 47 14891  1 386256 31224 1.6 19 12 5 12 42% 120741 204  7%
c x 22.63  0 15 47 14891  1 386256 31224 1.6 19 12 5 12 42% 120735 204  7%
c - 23.62  0 15 48 15910  1 403064 32520 1.6 19 12 5 12 41% 120735 204  7%
c 
c  seconds  reductions    conflicts         size   tier2        variables
c         MB      restarts       redundant     glue    trail        remaining
c          level        rate          size/glue  tier1   irredundant
c 
c p 23.62  0 15 48 15910  1 403064 32524 1.6 19 12 5 12 41% 120735 204  7%
c u 23.64  0 15 48 15910  1 403064 32501 1.6 19 12 5 12 41% 120735 204  7%
c v 23.65  0 15 48 15910  1 403064 32500 1.6 19 12 5 12 41% 120735 204  7%
c w 23.65  0 15 48 15910  1 403064 32499 1.6 19 12 5 12 41% 120735 204  7%
c x 23.66  0 15 48 15910  1 403064 32499 1.6 19 12 5 12 41% 120733 204  7%
c B 23.84  0 15 48 15962  1 406056 34293 1.6 19 12 5 12 41% 120733 204  7%
c - 24.55  0 14 49 16228  1 420234 34621 1.6 19 12 5 12 42% 120733 204  7%
c p 24.56  0 14 49 16228  1 420234 34625 1.6 19 12 5 12 42% 120733 204  7%
c u 24.66  0 14 49 16228  1 420234 34609 1.6 19 12 5 12 42% 120733 204  7%
c v 24.66  0 14 49 16228  1 420234 34609 1.6 19 12 5 12 42% 120733 204  7%
c w 24.67  0 14 49 16228  1 420234 34609 1.6 19 12 5 12 42% 120733 204  7%
c x 24.67  0 14 49 16228  1 420234 34609 1.6 19 12 5 12 42% 120729 204  7%
c } 25.05  0 14 49 16652  1 426802 38708 1.6 19 12 5 12 42% 120729 204  7%
c [ 25.05  0 15 49 16652  1 426802 38708 1.6 21 13 5 13 41% 120729 204  7%
c I 25.45  0 15 49 16652  1 435058 43516 1.6 21 13 5 13 41% 120729 204  7%
c - 25.65  0 15 50 16652  1 437768 35512 1.6 21 13 5 13 41% 120729 204  7%
c p 25.65  0 15 50 16652  1 437768 35516 1.6 21 13 5 13 41% 120729 204  7%
c u 25.67  0 15 50 16652  1 437768 35504 1.6 21 13 5 13 41% 120729 204  7%
c v 25.68  0 15 50 16652  1 437768 35502 1.6 21 13 5 13 41% 120729 204  7%
c w 25.68  0 15 50 16652  1 437768 35464 1.6 21 13 5 13 41% 120729 204  7%
c 
c  seconds  reductions    conflicts         size   tier2        variables
c         MB      restarts       redundant     glue    trail        remaining
c          level        rate          size/glue  tier1   irredundant
c 
c x 25.69  0 15 50 16652  1 437768 35463 1.6 21 13 5 13 41% 120724 204  7%
c - 26.70  0 15 51 16659  1 455662 35193 1.6 20 12 5 13 41% 120724 204  7%
c p 26.70  0 15 51 16659  1 455662 35197 1.6 20 12 5 13 41% 120724 204  7%
c u 26.73  0 15 51 16659  1 455662 35174 1.6 20 12 5 13 41% 120724 204  7%
c v 26.73  0 15 51 16659  1 455662 35169 1.6 20 12 5 13 41% 120724 204  7%
c w 26.74  0 15 51 16659  1 455662 35157 1.6 20 12 5 13 41% 120724 204  7%
c x 26.74  0 15 51 16659  1 455662 35157 1.6 20 12 5 13 41% 120715 204  7%
c B 27.24  0 14 51 16665  1 465062 40093 1.6 19 12 5 13 41% 120715 204  7%
c - 27.83  0 14 52 16667  1 473917 37082 1.6 20 12 5 13 40% 120715 204  7%
c p 27.83  0 14 52 16667  1 473917 37086 1.6 20 12 5 13 40% 120715 204  7%
c u 27.85  0 14 52 16667  1 473917 37067 1.6 20 12 5 13 40% 120715 204  7%
c v 27.86  0 14 52 16667  1 473917 37022 1.6 20 12 5 13 40% 120715 204  7%
c w 27.87  0 14 52 16667  1 473917 36842 1.6 20 12 5 13 40% 120715 204  7%
c x 27.88  0 14 52 16667  1 473917 36840 1.6 20 12 5 13 40% 120690 204  7%
c - 28.93  0 14 53 16677  1 492537 37403 1.6 19 12 5 13 40% 120690 204  7%
c p 28.94  0 14 53 16677  1 492537 37407 1.6 19 12 5 13 40% 120690 204  7%
c u 28.96  0 14 53 16677  1 492537 37308 1.6 19 12 5 13 40% 120690 204  7%
c v 28.96  0 14 53 16677  1 492537 37305 1.6 19 12 5 13 40% 120690 204  7%
c w 28.97  0 14 53 16677  1 492537 37303 1.6 19 12 5 13 40% 120690 204  7%
c x 28.98  0 14 53 16677  1 492537 37302 1.6 19 12 5 13 40% 120665 204  7%
c 
c  seconds  reductions    conflicts         size   tier2        variables
c         MB      restarts       redundant     glue    trail        remaining
c          level        rate          size/glue  tier1   irredundant
c 
c ] 29.18  0 14 53 16679  1 495809 39424 1.6 19 12 5 13 40% 120665 204  7%
c { 29.18  0 14 53 16679  1 495809 39424 1.6 19 12 5 12 42% 120665 204  7%
c W 29.76  0 14 53 16743  1 496063 39607 1.6 19 12 5 12 42% 120665 204  7%
c s 30.66  0 14 53 17606  1 508852 47202 1.6 19 12 5 12 41% 120471 204  7%
c s 30.71  0 14 53 17606  1 508852 47189 1.6 19 12 5 12 41% 120335 204  7%
c - 30.87  0 14 54 17618  1 511514 38119 1.6 19 12 5 12 41% 120335 204  7%
c p 30.88  0 14 54 17618  1 511514 38123 1.6 19 12 5 12 41% 120335 204  7%
c u 30.90  0 14 54 17618  1 511514 38079 1.6 19 12 5 12 41% 120335 204  7%
c v 30.91  0 14 54 17618  1 511514 38074 1.6 19 12 5 12 41% 120335 204  7%
c w 30.92  0 14 54 17618  1 511514 38070 1.6 19 12 5 12 41% 120335 204  7%
c x 30.93  0 14 54 17618  1 511514 38069 1.6 19 12 5 12 41% 120329 204  7%
c F 31.99  0 14 54 17822  1 528065 46595 1.6 18 11 5 12 41% 120329 204  7%
c - 32.18  0 14 55 17911  1 530833 38326 1.6 18 11 5 11 41% 120329 204  7%
c p 32.18  0 14 55 17911  1 530833 38337 1.6 18 11 5 11 41% 120329 204  7%
c u 32.21  0 14 55 17911  1 530833 38299 1.6 18 11 5 11 41% 120329 204  7%
c v 32.21  0 14 55 17911  1 530833 38226 1.6 18 11 5 11 41% 120329 204  7%
c w 32.22  0 14 55 17911  1 530833 38216 1.6 18 11 5 11 41% 120329 204  7%
c x 32.23  0 14 55 17911  1 530833 38208 1.6 18 11 5 11 41% 119420 204  7%
c t 32.23  0 14 55 17911  1 530833 38193 1.6 18 11 5 11 41% 119420 204  7%
c - 33.23  0 13 56 18124  1 550510 41053 1.6 18 11 5 11 41% 119420 204  7%
c 
c  seconds  reductions    conflicts         size   tier2        variables
c         MB      restarts       redundant     glue    trail        remaining
c          level        rate          size/glue  tier1   irredundant
c 
c 2 33.23  0 13 56 18124  1 550510 41053 1.6 18 11 5 11 41% 119420 203  7%
c p 33.23  0 13 56 18124  1 550510 41057 1.6 18 11 5 11 41% 119420 203  7%
c u 33.25  0 13 56 18124  1 550510 40999 1.6 18 11 5 11 41% 119420 203  7%
c v 33.26  0 13 56 18124  1 550510 40977 1.6 18 11 5 11 41% 119420 203  7%
c w 33.27  0 13 56 18124  1 550510 40976 1.6 18 11 5 11 41% 119420 203  7%
c x 33.28  0 13 56 18124  1 550510 40972 1.6 18 11 5 11 41% 118629 203  7%
c t 33.28  0 13 56 18124  1 550510 40971 1.6 18 11 5 11 41% 118629 203  7%
c i 33.37  0 13 56 18124  1 552434 41748 1.6 18 11 5 11 41% 118629 202  7%
c i 33.66  0 13 56 18160  1 557756 44625 1.6 17 11 5 11 41% 118629 201  7%
c i 33.82  0 13 56 18160  1 560560 45962 1.6 17 11 5 11 41% 118629 194  7%
c i 33.83  0 13 56 18160  1 560698 46024 1.6 17 11 5 11 41% 118629 193  7%
c i 33.83  0 13 56 18160  1 560702 46026 1.6 17 11 5 11 41% 118629 188  7%
c i 33.83  0 13 56 18160  1 560703 46026 1.6 17 11 5 11 41% 118629 187  7%
c i 33.84  0 13 56 18160  1 560762 46043 1.6 17 11 5 11 41% 118629 186  7%
c i 33.84  0 13 56 18160  1 560764 46044 1.6 17 11 5 11 41% 118629 180  6%
c } 33.84  0 13 56 18160  1 560766 46044 1.6 17 11 5 11 41% 118629 169  6%
c 0 33.84  0 13 56 18160  1 560766 46044 1.6 17 11 5 11 41% 118629 169  6%
c 
c --- [ closing proof ] ------------------------------------------------------
c 
c LRAT proof file 'data/a4_m03/F.lrat' closed
c LRAT 688184 added clauses 51.33%
c LRAT 652475 deleted clauses 48.67%
c LRAT 142964616 bytes (136.34 MB)
c 
c --- [ result ] -------------------------------------------------------------
c 
s UNSATISFIABLE
c 
c --- [ run-time profiling ] -------------------------------------------------
c 
c process time taken by individual solving procedures
c (percentage relative to process time for solving)
c 
c        31.35   92.85% search
c        17.06   50.52% unstable
c        12.58   37.25% stable
c         2.41    7.15% simplify
c         1.71    5.06% walk
c         1.18    3.49% vivify
c         0.51    1.50% sweep
c         0.27    0.80% subsume
c         0.16    0.46% elim
c         0.10    0.30% probe
c         0.07    0.22% parse
c         0.04    0.11% ternary
c         0.03    0.10% congruence
c         0.01    0.02% lucky
c         0.00    0.00% backbone
c   =================================
c        33.76   99.78% solve
c 
c last line shows process time for solving
c (percentage relative to total process time)
c 
c --- [ statistics ] ---------------------------------------------------------
c 
c chronological:             60945        10.87 %  of conflicts
c conflicts:                560766     16609.71    per second
c backbone:                  79708      2838.60 %  of vars
c decisions:                667971     19785.09    per second
c eliminated:                 1846        65.74 %  of all variables
c fixed:                       791        28.17 %  of all variables
c learned:                  551461        98.34 %  per conflict
c learned_lits:           15558324       100.00 %  learned literals
c minimized:                     0         0.00 %  learned literals
c shrunken:                3762881        24.19 %  learned literals
c minishrunken:            1203779         7.74 %  learned literals
c otfs:                       3115         0.56 %  of conflict
c propagations:            8607686         0.25 M  per second
c reduced:                  294003        52.43 %  per conflict
c rephased:                     32     17523.94    interval
c restarts:                  18160        30.88    interval
c stabilizing:                   8        44.58 %  of conflicts
c substituted:                   1         0.04 %  of all variables
c subsumed:                 211639        30.91 %  of all clauses
c strengthened:              19119         2.79 %  of all clauses
c ticks:                2944865900       347.23    propagation
c vivified:                   3910         0.57 %  of all clauses
c walked:                        9     62307.33    interval
c weakened:                   4548         2.69    average size
c congruence:                    9     62307.33    interval
c 
c seconds are measured in process time for solving
c 
c --- [ glue usage ] ---------------------------------------------------------
c 
c focused glue 5 used 83189 clauses 7.191% accumulated 55.17% tier1
c focused glue 6 used 66161 clauses 5.719% accumulated 60.89%
c focused glue 7-9 used 183243 clauses 15.84% accumulated 76.73%
c focused glue 10 used 57298 clauses 4.953% accumulated 81.69%
c focused glue 11 used 50795 clauses 4.390% accumulated 86.08% tier2
c 
c stable glue 5 used 63491 clauses 6.490% accumulated 52.97% tier1
c stable glue 6 used 46685 clauses 4.772% accumulated 57.74%
c stable glue 7-11 used 219916 clauses 22.48% accumulated 80.23%
c stable glue 12 used 39316 clauses 4.019% accumulated 84.25%
c stable glue 13 used 33986 clauses 3.474% accumulated 87.72% tier2
c 
c 
c --- [ resources ] ----------------------------------------------------------
c 
c total process time since initialization:        33.84    seconds
c total real time since initialization:           34.26    seconds
c maximum resident set size of process:          343.34    MB
c 
c --- [ shutting down ] ------------------------------------------------------
c 
c exit 20
