# lean_static_resolve 2026-10-02 19:34:59
# dump=/root/earth-moon/population/f034-a4-cert/cs-a4_m12c/s/n105_n53_p95_n149/dump.jsonl raw=1184662 dedup=1184662 footer={'type': 'footer', 'verdict': 'UNSAT', 'counts': {'preseed': 8300, 'prop': 1176362, 'model': 0}, 'stats': {'checks': 5824852, 'confl': 588181, 'model_rej': 0}, 'time': '2026-10-02T19:34:39+0000'}
# counters=False
$ /root/bin/cadical --lrat --no-binary --no-factor /root/earth-moon/population/f034-a4-cert/cs-a4_m12c/r/n105_n53_p95_n149/round-0/F.cnf /root/earth-moon/population/f034-a4-cert/cs-a4_m12c/r/n105_n53_p95_n149/round-0/F.lrat
c --- [ banner ] -------------------------------------------------------------
c 
c CaDiCaL SAT Solver
c Copyright (c) 2016-2026
c A. Biere, M. Fleury, N. Froleyks, K. Fazekas, F. Pollitt, T. Faller
c JKU Linz, University of Freiburg, TU Wien
c 
c Version 3.0.1 c60730422e758ef1cebe7aeddf2dda31c996bf04
c g++ (Ubuntu 13.3.0-6ubuntu2~24.04.1) 13.3.0 -Wall -Wextra -O3 -DNDEBUG
c Fri Oct 2 18:00:09 UTC 2026 Linux ai-math 6.8.0-139-generic x86_64
c 
c --- [ proof tracing ] ------------------------------------------------------
c 
c opening file to write '/root/earth-moon/population/f034-a4-cert/cs-a4_m12c/r/n105_n53_p95_n149/round-0/F.lrat'
c writing non-binary proof trace to '/root/earth-moon/population/f034-a4-cert/cs-a4_m12c/r/n105_n53_p95_n149/round-0/F.lrat'
c 
c --- [ parsing input ] ------------------------------------------------------
c 
c reading DIMACS file from '/root/earth-moon/population/f034-a4-cert/cs-a4_m12c/r/n105_n53_p95_n149/round-0/F.cnf'
c opening file to read '/root/earth-moon/population/f034-a4-cert/cs-a4_m12c/r/n105_n53_p95_n149/round-0/F.cnf'
c found 'p cnf 2945 1193019' header
c parsed 1193019 clauses in 0.88 seconds process time
c 
c --- [ options ] ------------------------------------------------------------
c 
c   --binary=false                 (different from default 'true')
c   --lrat=true                    (different from default 'false')
c 
c --- [ solving ] ------------------------------------------------------------
c 
c time measured in process time since initialization
c 
c  seconds   reduction conflicts       size tier2       variables
c          MB    restarts   redundant    glue  trail         remaining
c           level     rate       size/glu tier1  irredundant
c 
c *  0.88 124  0 0   0  0    0    0 0.0 0 0 2 6  0% 911415 2904 99%
c )  1.11 181  0 0   0  0    0    0 0.0 0 0 2 6  0% 911415 2904 99%
c {  1.13 182  0 0   0  0    0    0 0.0 0 0 2 6  0% 911415 2904 99%
c -  1.53 195 496 1  28 23  304  126 1.8 18 10 2 6 25% 911341 2904 99%
c i  1.65 202 425 1  43 21  365  160 1.7 18 11 2 6 22% 911326 2903 99%
c i  1.72 203 368 1  57 19  426  191 1.7 18 11 2 6 21% 911300 2900 98%
c i  1.72 203 367 1  57 19  427  191 1.7 18 11 2 6 21% 911300 2884 98%
c i  1.72 203 365 1  57 19  429  191 1.7 18 11 2 6 21% 911300 2881 98%
c i  2.09 209 190 1  87 12  913  471 1.6 16 10 2 6 19% 911197 2880 98%
c i  2.09 209 189 1  87 11  917  471 1.6 16 10 2 6 19% 911194 2876 98%
c i  2.09 209 187 1  90 11  929  479 1.6 16 10 2 6 19% 911192 2875 98%
c i  2.11 209 182 1  97 11  957  497 1.6 16 10 2 6 18% 911187 2872 98%
c i  2.22 210 177 1 104 11  992  520 1.6 16 11 2 6 18% 911180 2854 97%
c }  2.23 210 176 1 107 11 1002  528 1.6 16 11 2 6 18% 911179 2854 97%
c [  2.23 210  0 1 107  0 1002  528 0.0 0 0 2 6  0% 911179 2854 97%
c O  2.23 210 12 1 107 13 1003  529 1.5 3 2 2 6 21% 911179 2854 97%
c -  2.75 279 19 2 107  1 1156  306 2.3 18 8 2 6 31% 894487 2854 97%
c ]  3.26 280 20 2 108  1 2325 1349 2.1 25 12 2 6 31% 894457 2854 97%
c {  3.26 280 176 2 108 11 2325 1349 1.6 16 11 2 6 18% 894457 2854 97%
c i  3.28 280 173 2 112 11 2344 1357 1.6 16 11 2 6 18% 894448 2849 97%
c 
c  seconds    reduction conflicts       size   tier2       variables
c          MB     restarts   redundant     glue   trail         remaining
c            level     rate       size/glue  tier1  irredundant
c 
c i  3.28 280 173 2 112 11 2345 1357 1.6 16 11 2 6 18% 894448 2847 97%
c i  3.28 280 173 2 113 11 2346 1357 1.6 16 11 2 6 18% 894448 2846 97%
c i  3.28 280 172 2 113 11 2348 1358 1.6 16 10 2 6 18% 894448 2845 97%
c i  3.43 280 146 2 156 10 2563 1529 1.6 18 11 2 6 17% 894431 2844 97%
c i  3.68 280 136 2 187  9 2685 1619 1.5 18 12 2 6 17% 894423 2843 97%
c i  3.72 280 135 2 191  9 2708 1632 1.5 18 12 2 6 17% 894418 2838 96%
c i  3.73 280 134 2 193  9 2718 1634 1.5 18 12 2 6 17% 894412 2836 96%
c i  3.74 280 133 2 194  9 2722 1634 1.5 18 12 2 6 17% 894410 2816 96%
c i  3.82 280 129 2 202  9 2786 1680 1.5 18 12 2 6 17% 894401 2813 96%
c i  3.85 280 126 2 209  9 2818 1696 1.5 19 12 2 6 17% 894388 2812 95%
c -  4.01 280 126 3 210  9 2818  585 1.5 19 12 2 6 17% 894333 2812 95%
c i  4.16 280 120 3 233  9 2909  653 1.5 19 13 2 6 17% 894331 2811 95%
c O  4.36 280 115 3 255  9 3004  715 1.5 19 13 2 6 16% 894327 2811 95%
c i  4.40 280 114 3 260  9 3029  733 1.5 19 13 2 6 16% 894323 2805 95%
c i  4.57 280 108 3 290  8 3158  830 1.5 20 14 2 6 16% 894300 2800 95%
c i  5.15 280 93 3 356  8 3550 1120 1.4 20 14 2 6 16% 894266 2799 95%
c 2  5.15 280 93 3 356  8 3551 1120 1.4 20 14 2 6 16% 894265 2787 95%
c d  5.21 280 93 3 356  8 3551 1117 1.4 20 14 2 6 16% 894223 2786 95%
c p  5.22 280 93 3 356  8 3551 1172 1.4 20 14 2 6 16% 894223 2728 93%
c =  5.66 283 93 3 356  8 3551 1164 1.4 20 14 2 6 16% 894156 2725 93%
c 
c  seconds   reduction conflicts       size   tier2       variables
c          MB    restarts   redundant     glue   trail         remaining
c           level     rate       size/glue  tier1  irredundant
c 
c t  5.67 283 93 3 356  8 3551 1161 1.4 20 14 2 6 16% 894153 2725 93%
c i  5.80 283 90 3 370  7 3676 1257 1.4 20 14 2 6 16% 894148 2714 92%
c i  5.87 283 87 3 370  7 3786 1356 1.4 20 14 2 6 16% 894144 2676 91%
c i  6.42 283 65 3 383  5 5078 2333 1.5 20 13 7 17 17% 894116 2659 90%
c -  6.74 283 61 4 385  5 5407 2051 1.5 20 13 6 16 18% 894046 2659 90%
c #  7.27 283 56 4 429  4 6005 2492 1.5 20 13 6 16 17% 894041 2659 90%
c 2  7.34 283 55 4 438  4 6051 2528 1.5 20 13 7 16 17% 894041 2642 90%
c d  7.39 283 55 4 438  4 6051 2521 1.5 20 13 7 16 17% 894003 2641 90%
c k  7.41 283 55 4 438  4 6051 2521 1.5 20 13 7 16 17% 894003 2634 89%
c t  7.62 284 55 4 438  4 6051 2516 1.5 20 13 7 16 17% 893989 2634 89%
c }  8.26 284 43 4 476  3 8155 3924 1.6 20 12 8 15  7% 893987 2634 89%
c [  8.26 284 20 4 476  1 8155 3924 2.1 25 12 2 6 34% 893987 2634 89%
c -  8.61 284 18 5 477  1 8996 4129 2.0 22 11 2 6 24% 893987 2634 89%
c 2  8.61 284 18 5 477  1 8996 4129 2.0 22 11 2 6 24% 893987 2627 89%
c p  8.62 284 18 5 477  1 8996 4129 2.0 22 11 2 6 24% 893987 2627 89%
c I  9.14 284 22 5 477  1 10006 4924 1.7 22 13 9 14 19% 893994 2627 89%
c - 10.49 285 20 6 480  1 13622 6538 1.7 23 13 9 15 16% 893979 2627 89%
c 2 10.49 285 20 6 480  1 13622 6538 1.7 23 13 9 15 16% 893979 2616 89%
c B 11.23 285 21 6 480  1 15007 7608 1.7 23 14 9 15 15% 893945 2616 89%
c ] 11.57 285 21 6 481  1 15759 8221 1.7 23 14 9 15 15% 893945 2616 89%
c 
c  seconds   reductions conflicts       size   tier2        variables
c          MB    restarts    redundant     glue    trail         remaining
c           level     rate        size/glue  tier1   irredundant
c 
c { 11.57 285 43 6 481  3 15759 8221 1.6 20 12 8 15  7% 893945 2616 89%
c s 11.85 285 40 6 481  3 16588 8921 1.7 20 12 8 15  8% 893891 2616 89%
c t 11.89 285 40 6 481  3 16588 8919 1.7 20 12 8 15  8% 893888 2616 89%
c e 12.10 285 40 6 481  3 16588 8569 1.7 20 12 8 15  8% 889714 367 12%
c s 12.14 285 40 6 481  3 16588 8568 1.7 20 12 8 15  8% 889704 367 12%
c - 14.74 285 34 7 768  3 19314 8381 1.6 20 12 8 15 23% 889704 367 12%
c 2 14.74 285 34 7 768  3 19314 8380 1.6 20 12 8 15 23% 889704 367 12%
c p 14.76 285 34 7 768  3 19314 8387 1.6 20 12 8 15 23% 889704 367 12%
c u 15.03 285 34 7 768  3 19314 8339 1.6 20 12 8 15 23% 889704 367 12%
c v 15.14 285 34 7 768  3 19314 8337 1.6 20 12 8 15 23% 889704 367 12%
c w 15.19 285 34 7 768  3 19314 8334 1.6 20 12 8 15 23% 889704 367 12%
c x 15.34 285 34 7 768  3 19314 8334 1.6 20 12 8 15 23% 889698 367 12%
c B 17.39 285 33 7 1019  3 21009 9692 1.6 20 13 8 15 23% 889698 367 12%
c - 19.49 285 29 8 1168  2 26085 11180 1.7 21 12 8 15 25% 889698 367 12%
c p 19.52 285 29 8 1168  2 26085 11183 1.7 21 12 8 15 25% 889698 367 12%
c } 21.51 285 28 8 1420  2 27870 12496 1.6 21 12 8 15 25% 889702 367 12%
c [ 21.51 285 21 8 1420  1 27870 12496 1.7 23 14 9 15 106% 889702 367 12%
c W 22.13 285 21 8 1420  1 28014 12587 1.7 23 14 9 15 104% 889702 367 12%
c - 24.04 286 20 9 1423  1 33954 13339 1.6 23 14 9 15 73% 889702 367 12%
c p 24.09 286 20 9 1423  1 33954 13348 1.6 23 14 9 15 73% 889702 367 12%
c 
c  seconds   reductions  conflicts        size   tier2        variables
c          MB    restarts      redundant     glue    trail        remaining
c           level      rate         size/glue  tier1   irredundant
c 
c O 25.27 287 20 9 1424  1 36016 14925 1.6 23 14 9 15 67% 889702 367 12%
c - 27.33 287 21 10 1427  1 42932 14742 1.6 23 15 10 16 54% 889702 367 12%
c u 27.62 287 21 10 1427  1 42932 14696 1.6 23 15 10 16 54% 889702 367 12%
c v 27.73 287 21 10 1427  1 42932 14694 1.6 23 15 10 16 54% 889702 367 12%
c w 27.78 287 21 10 1427  1 42932 14691 1.6 23 15 10 16 54% 889702 367 12%
c x 27.94 287 21 10 1427  1 42932 14691 1.6 23 15 10 16 54% 889701 367 12%
c ] 28.52 287 21 10 1428  1 44691 15952 1.5 23 15 10 16 52% 889701 367 12%
c { 28.52 287 28 10 1428  2 44691 15952 1.6 21 12 8 15 25% 889701 367 12%
c W 29.25 287 28 10 1439  2 45017 16220 1.6 21 12 8 15 25% 889701 367 12%
c - 35.25 289 25 11 2082  2 53029 17591 1.7 21 12 8 15 25% 889701 367 12%
c p 35.28 289 25 11 2082  2 53029 17599 1.7 21 12 8 15 25% 889701 367 12%
c F 36.83 289 25 11 2250  2 55018 19098 1.7 20 12 8 15 25% 889701 367 12%
c s 41.48 289 23 11 2715  2 61562 23574 1.6 20 12 8 15 24% 889659 367 12%
c e 41.71 289 23 11 2715  2 61562 23555 1.6 20 12 8 15 24% 889659 366 12%
c s 41.76 289 23 11 2715  2 61562 23555 1.6 20 12 8 15 24% 889642 366 12%
c - 43.11 289 23 12 2771  2 64250 21125 1.7 20 12 8 15 25% 889642 366 12%
c u 43.55 289 23 12 2771  2 64250 21090 1.7 20 12 8 15 25% 889642 366 12%
c v 43.69 289 23 12 2771  2 64250 21090 1.7 20 12 8 15 25% 889642 366 12%
c w 43.75 289 23 12 2771  2 64250 21087 1.7 20 12 8 15 25% 889642 366 12%
c x 43.94 289 23 12 2771  2 64250 21087 1.7 20 12 8 15 25% 889640 366 12%
c 
c  seconds   reductions   conflicts        size   tier2        variables
c          MB     restarts      redundant     glue    trail        remaining
c           level       rate         size/glue  tier1   irredundant
c 
c B 45.41 289 23 12 2940  2 66021 22524 1.7 20 12 8 15 25% 889640 366 12%
c } 45.79 289 23 12 2973  2 66382 22796 1.6 20 12 8 15 25% 889640 366 12%
c [ 45.79 289 21 12 2973  1 66382 22796 1.5 23 15 10 16 52% 889640 366 12%
c - 48.01 290 20 13 2976  1 76600 23590 1.5 22 15 10 16 42% 889640 366 12%
c p 48.04 290 20 13 2976  1 76600 23598 1.5 22 15 10 16 42% 889640 366 12%
c B 49.05 290 20 13 2976  1 78023 24562 1.5 22 15 10 16 41% 889640 366 12%
c - 53.30 290 21 14 2983  1 90087 26177 1.5 23 15 10 16 38% 889640 366 12%
c p 53.32 290 21 14 2983  1 90087 26185 1.5 23 15 10 16 38% 889640 366 12%
c u 53.61 290 21 14 2983  1 90087 26131 1.5 23 15 10 16 38% 889640 366 12%
c v 53.75 290 21 14 2983  1 90087 26129 1.5 23 15 10 16 38% 889640 366 12%
c w 53.82 290 21 14 2983  1 90087 26128 1.5 23 15 10 16 38% 889640 366 12%
c x 53.99 290 21 14 2983  1 90087 26128 1.5 23 15 10 16 38% 889639 366 12%
c W 55.38 290 21 14 2984  1 91026 26836 1.5 23 15 10 16 37% 889639 366 12%
c ] 57.43 290 21 14 2987  1 98190 32428 1.5 23 15 10 16 36% 889639 366 12%
c { 57.43 290 23 14 2987  2 98190 32428 1.6 20 12 8 15 25% 889639 366 12%
c - 60.34 290 22 15 3257  2 104711 29708 1.7 20 12 8 15 24% 889639 366 12%
c p 60.39 290 22 15 3257  2 104711 29716 1.7 20 12 8 15 24% 889639 366 12%
c W 61.33 290 22 15 3299  2 105028 29940 1.7 20 12 8 15 24% 889639 366 12%
c # 70.51 290 20 15 4238  2 120030 40690 1.7 20 12 8 15 24% 889639 366 12%
c - 70.99 291 20 16 4253  2 120480 34167 1.7 20 12 8 15 24% 889639 366 12%
c 
c  seconds   reductions   conflicts         size   tier2        variables
c          MB     restarts       redundant     glue    trail        remaining
c           level       rate          size/glue  tier1   irredundant
c 
c p 71.03 291 20 16 4253  2 120480 34175 1.7 20 12 8 15 24% 889639 366 12%
c u 71.39 291 20 16 4253  2 120480 34142 1.7 20 12 8 15 24% 889639 366 12%
c v 71.56 291 20 16 4253  2 120480 34137 1.7 20 12 8 15 24% 889639 366 12%
c w 71.65 291 20 16 4253  2 120480 34136 1.7 20 12 8 15 24% 889639 366 12%
c x 71.88 291 20 16 4253  2 120480 34136 1.7 20 12 8 15 24% 889634 366 12%
c s 76.89 291 20 16 4636  2 129045 40357 1.7 20 12 8 15 25% 889567 366 12%
c s 77.16 291 20 16 4636  2 129045 40346 1.7 20 12 8 15 25% 889520 366 12%
c } 82.07 291 20 16 5360  2 132426 42975 1.7 20 12 8 15 25% 889520 366 12%
c [ 82.07 291 21 16 5360  1 132426 42975 1.5 23 15 10 16 36% 889520 366 12%
c I 83.07 291 21 16 5361  1 136031 45721 1.5 23 15 10 16 35% 889520 366 12%
c - 83.97 291 21 17 5361  1 137393 38922 1.5 23 15 10 16 35% 889520 366 12%
c p 84.03 291 21 17 5361  1 137393 38930 1.5 23 15 10 16 35% 889520 366 12%
c u 84.36 291 21 17 5361  1 137393 38913 1.5 23 15 10 16 35% 889520 366 12%
c v 84.47 291 21 17 5361  1 137393 38912 1.5 23 15 10 16 35% 889520 366 12%
c w 84.52 291 21 17 5361  1 137393 38912 1.5 23 15 10 16 35% 889520 366 12%
c x 84.68 291 21 17 5361  1 137393 38911 1.5 23 15 10 16 35% 889519 366 12%
c B 88.22 291 21 17 5362  1 153032 50675 1.5 23 16 10 16 32% 889519 366 12%
c - 89.17 291 22 18 5362  1 155457 40791 1.5 23 16 10 16 32% 889519 366 12%
c p 89.20 291 22 18 5362  1 155457 40798 1.5 23 16 10 16 32% 889519 366 12%
c W 94.49 291 22 18 5370  1 171033 51962 1.5 23 16 10 16 31% 889519 366 12%
c 
c  seconds   reductions   conflicts         size    tier2        variables
c          MB     restarts       redundant     glue     trail        remaining
c           level       rate          size/glue  tier1    irredundant
c 
c - 95.73 291 22 19 5372  1 174669 42379 1.5 23 16 10 16 31% 889519 366 12%
c p 95.78 291 22 19 5372  1 174669 42387 1.5 23 16 10 16 31% 889519 366 12%
c u 96.10 291 22 19 5372  1 174669 42283 1.5 23 16 10 16 31% 889519 366 12%
c v 96.26 291 22 19 5372  1 174669 42274 1.5 23 16 10 16 31% 889519 366 12%
c w 96.34 291 22 19 5372  1 174669 42274 1.5 23 16 10 16 31% 889519 366 12%
c x 96.55 291 22 19 5372  1 174669 42272 1.5 23 16 10 16 31% 889518 366 12%
c ] 99.33 291 21 19 5377  1 187425 50624 1.4 23 16 10 16 29% 889518 366 12%
c { 99.33 291 20 19 5377  2 187425 50624 1.7 20 12 8 15 25% 889518 366 12%
c B 101.85 291 20 19 5731  2 190037 52426 1.7 20 12 8 15 24% 889518 366 12%
c - 107.16 292 20 20 6493  2 195033 46281 1.7 20 12 8 15 24% 889518 366 12%
c p 107.22 292 20 20 6493  2 195033 46293 1.7 20 12 8 15 24% 889518 366 12%
c u 107.46 292 20 20 6493  2 195033 46232 1.7 20 12 8 15 24% 889518 366 12%
c v 107.56 292 20 20 6493  2 195033 46225 1.7 20 12 8 15 24% 889518 366 12%
c w 107.61 292 20 20 6493  2 195033 46224 1.7 20 12 8 15 24% 889518 366 12%
c W 120.97 292 19 20 7762  2 210039 57356 1.7 20 12 7 12 24% 889518 366 12%
c - 123.98 291 19 21 7997  2 216552 44510 1.7 20 12 7 12 24% 889518 366 12%
c p 124.03 291 19 21 7997  2 216552 44522 1.7 20 12 7 12 24% 889518 366 12%
c u 124.49 291 19 21 7997  2 216552 44484 1.7 20 12 7 12 24% 889518 366 12%
c v 124.68 291 19 21 7997  2 216552 44477 1.7 20 12 7 12 24% 889518 366 12%
c w 124.77 291 19 21 7997  2 216552 44475 1.7 20 12 7 12 24% 889518 366 12%
c 
c  seconds    reductions   conflicts         size   tier2        variables
c           MB     restarts       redundant     glue    trail        remaining
c            level       rate          size/glue  tier1   irredundant
c 
c s 126.23 291 19 21 8120  2 219022 45976 1.7 20 12 7 12 24% 889419 366 12%
c s 126.49 291 19 21 8120  2 219022 45961 1.7 20 12 7 12 24% 889346 366 12%
c F 136.95 291 19 21 9592  2 231040 54581 1.6 20 12 7 12 24% 889346 366 12%
c } 138.03 291 19 21 9738  2 231702 55084 1.6 20 12 7 12 24% 889346 366 12%
c [ 138.03 291 21 21 9738  1 231702 55084 1.4 23 16 10 16 29% 889346 366 12%
c - 139.92 292 21 22 9741  1 239227 47801 1.4 22 15 10 16 28% 889346 366 12%
c p 139.98 292 21 22 9741  1 239227 47813 1.4 22 15 10 16 28% 889346 366 12%
c u 140.33 292 21 22 9741  1 239227 47789 1.4 22 15 10 16 28% 889346 366 12%
c v 140.46 292 21 22 9741  1 239227 47787 1.4 22 15 10 16 28% 889346 366 12%
c w 140.53 292 21 22 9741  1 239227 47787 1.4 22 15 10 16 28% 889346 366 12%
c x 140.75 292 21 22 9741  1 239227 47787 1.4 22 15 10 16 28% 889346 366 12%
c O 145.45 292 20 22 9749  1 253041 58569 1.5 23 15 10 16 28% 889346 366 12%
c - 148.53 292 21 23 9753  1 263059 50076 1.5 23 15 10 16 28% 889346 366 12%
c p 148.56 292 21 23 9753  1 263059 50088 1.5 23 15 10 16 28% 889346 366 12%
c u 148.90 292 21 23 9753  1 263059 50035 1.5 23 15 10 16 28% 889346 366 12%
c v 149.02 292 21 23 9753  1 263059 50032 1.5 23 15 10 16 28% 889346 366 12%
c w 149.08 292 21 23 9753  1 263059 50031 1.5 23 15 10 16 28% 889346 366 12%
c x 149.26 292 21 23 9753  1 263059 50030 1.5 23 15 10 16 28% 889346 366 12%
c B 151.90 292 21 23 9754  1 276044 58942 1.5 23 15 9 17 27% 889346 366 12%
c - 155.45 292 20 24 9755  1 288049 50404 1.5 23 15 9 17 28% 889346 366 12%
c 
c  seconds    reductions   conflicts         size   tier2        variables
c           MB     restarts       redundant     glue    trail        remaining
c            level       rate          size/glue  tier1   irredundant
c 
c p 155.51 292 20 24 9755  1 288049 50415 1.5 23 15 9 17 28% 889346 366 12%
c u 157.07 292 20 24 9755  1 288049 50393 1.5 23 15 9 17 28% 889346 366 12%
c v 157.18 292 20 24 9755  1 288049 50389 1.5 23 15 9 17 28% 889346 366 12%
c w 157.23 292 20 24 9755  1 288049 50387 1.5 23 15 9 17 28% 889346 366 12%
c x 157.40 292 20 24 9755  1 288049 50386 1.5 23 15 9 17 28% 889346 366 12%
c W 162.41 292 20 24 9755  1 300045 59873 1.5 23 15 9 17 27% 889346 366 12%
c ] 163.20 292 20 24 9755  1 302418 61735 1.5 23 15 9 17 27% 889346 366 12%
c { 163.20 292 19 24 9755  2 302418 61735 1.6 20 12 7 12 24% 889346 366 12%
c i 172.55 292 18 24 10880  2 313998 69510 1.6 20 12 7 12 24% 889346 365 12%
c - 173.06 281 18 25 10905  2 314202 51028 1.6 20 12 7 12 24% 757626 365 12%
c p 173.09 281 18 25 10905  2 314202 51039 1.6 20 12 7 12 24% 757626 365 12%
c u 173.42 281 18 25 10905  2 314202 50999 1.6 20 12 7 12 24% 757626 365 12%
c v 173.56 281 18 25 10905  2 314202 50994 1.6 20 12 7 12 24% 757626 365 12%
c w 173.63 281 18 25 10905  2 314202 50991 1.6 20 12 7 12 24% 757626 365 12%
c x 173.85 281 18 25 10905  2 314202 50991 1.6 20 12 7 12 24% 757626 365 12%
c B 180.28 281 18 25 11614  2 325047 58966 1.6 20 12 7 12 24% 757626 365 12%
c s 184.62 281 18 25 12403  2 331489 63559 1.6 20 12 7 12 24% 757588 365 12%
c e 184.80 281 18 25 12403  2 331489 63322 1.6 20 12 7 12 24% 757586 363 12%
c s 184.86 281 18 25 12403  2 331489 63313 1.6 20 12 7 12 24% 757511 363 12%
c - 190.69 281 18 26 13072  2 340539 51754 1.6 20 12 6 12 24% 757511 363 12%
c 
c  seconds    reductions    conflicts         size   tier2        variables
c           MB      restarts       redundant     glue    trail        remaining
c            level        rate          size/glue  tier1   irredundant
c 
c p 190.73 281 18 26 13072  2 340539 51765 1.6 20 12 6 12 24% 757511 363 12%
c u 191.21 281 18 26 13072  2 340539 51703 1.6 20 12 6 12 24% 757511 363 12%
c v 191.39 281 18 26 13072  2 340539 51699 1.6 20 12 6 12 24% 757511 363 12%
c w 191.47 281 18 26 13072  2 340539 51698 1.6 20 12 6 12 24% 757511 363 12%
c x 191.71 281 18 26 13072  2 340539 51698 1.6 20 12 6 12 24% 757510 363 12%
c W 202.45 281 18 26 14221  2 351048 59548 1.6 20 12 6 12 24% 757510 363 12%
c - 205.37 282 17 27 14300  2 367956 59470 1.6 19 12 6 12 23% 757510 363 12%
c p 205.41 282 17 27 14300  2 367956 59481 1.6 19 12 6 12 23% 757510 363 12%
c u 205.69 282 17 27 14300  2 367956 59378 1.6 19 12 6 12 23% 757510 363 12%
c v 205.81 282 17 27 14300  2 367956 59376 1.6 19 12 6 12 23% 757510 363 12%
c w 205.87 282 17 27 14300  2 367956 59374 1.6 19 12 6 12 23% 757510 363 12%
c x 206.06 282 17 27 14300  2 367956 59374 1.6 19 12 6 12 23% 757509 363 12%
c } 212.74 282 17 27 15381  2 376645 65288 1.6 19 12 6 12 23% 757509 363 12%
c [ 212.74 282 20 27 15381  1 376645 65288 1.5 23 15 9 17 27% 757509 363 12%
c I 213.17 282 20 27 15381  1 378050 66283 1.5 23 15 9 17 27% 757509 363 12%
c - 218.80 282 20 28 15384  1 396456 62189 1.5 23 15 9 17 27% 757509 363 12%
c p 218.84 282 20 28 15384  1 396456 62200 1.5 23 15 9 17 27% 757509 363 12%
c u 219.12 282 20 28 15384  1 396456 62103 1.5 23 15 9 17 27% 757509 363 12%
c v 219.26 282 20 28 15384  1 396456 62095 1.5 23 15 9 17 27% 757509 363 12%
c w 219.32 282 20 28 15384  1 396456 62092 1.5 23 15 9 17 27% 757509 363 12%
c 
c  seconds    reductions    conflicts         size   tier2        variables
c           MB      restarts       redundant     glue    trail        remaining
c            level        rate          size/glue  tier1   irredundant
c 
c x 219.53 282 20 28 15384  1 396456 62092 1.5 23 15 9 17 27% 757509 363 12%
c B 221.97 282 19 28 15389  1 406052 68182 1.5 22 15 9 16 27% 757509 363 12%
c - 227.49 282 20 29 15396  1 426041 57851 1.5 23 15 9 16 27% 757509 363 12%
c p 227.52 282 20 29 15396  1 426041 57861 1.5 23 15 9 16 27% 757509 363 12%
c u 227.81 282 20 29 15396  1 426041 57810 1.5 23 15 9 16 27% 757509 363 12%
c v 227.94 282 20 29 15396  1 426041 57802 1.5 23 15 9 16 27% 757509 363 12%
c w 228.01 282 20 29 15396  1 426041 57800 1.5 23 15 9 16 27% 757509 363 12%
c x 228.20 282 20 29 15396  1 426041 57800 1.5 23 15 9 16 27% 757508 363 12%
c W 231.56 282 20 29 15403  1 435053 64826 1.5 23 15 9 16 27% 757508 363 12%
c - 236.67 281 21 30 15411  1 456706 53578 1.5 23 16 9 16 27% 757508 363 12%
c p 236.72 281 21 30 15411  1 456706 53589 1.5 23 16 9 16 27% 757508 363 12%
c u 237.08 281 21 30 15411  1 456706 53573 1.5 23 16 9 16 27% 757508 363 12%
c v 237.20 281 21 30 15411  1 456706 53572 1.5 23 16 9 16 27% 757508 363 12%
c w 237.25 281 21 30 15411  1 456706 53569 1.5 23 16 9 16 27% 757508 363 12%
c s 239.22 281 21 30 15412  1 463815 59272 1.5 23 16 9 17 27% 757374 363 12%
c s 239.48 281 21 30 15412  1 463815 59260 1.5 23 16 9 17 27% 757237 363 12%
c O 240.01 281 21 30 15412  1 465054 60284 1.5 23 16 9 17 27% 757237 363 12%
c ] 243.56 281 21 30 15413  1 477125 69701 1.5 23 16 9 17 27% 757237 363 12%
c { 243.56 281 17 30 15413  2 477125 69701 1.6 19 12 6 12 23% 757237 363 12%
c - 249.72 282 17 31 16396  2 488458 57099 1.6 19 12 6 12 23% 757237 363 12%
c 
c  seconds    reductions    conflicts         size   tier2        variables
c           MB      restarts       redundant     glue    trail        remaining
c            level        rate          size/glue  tier1   irredundant
c 
c p 249.75 282 17 31 16396  2 488458 57110 1.6 19 12 6 12 23% 757237 363 12%
c u 251.48 282 17 31 16396  2 488458 57024 1.6 19 12 6 12 23% 757237 363 12%
c v 251.68 282 17 31 16396  2 488458 57013 1.6 19 12 6 12 23% 757237 363 12%
c w 251.77 282 17 31 16396  2 488458 57008 1.6 19 12 6 12 23% 757237 363 12%
c # 253.70 282 17 31 16608  2 496055 60778 1.6 19 12 6 12 22% 757237 363 12%
c - 274.03 282 17 32 19649  2 521291 64879 1.6 19 12 6 12 23% 757237 363 12%
c p 274.08 282 17 32 19649  2 521291 64886 1.6 19 12 6 12 23% 757237 363 12%
c u 274.51 282 17 32 19649  2 521291 64825 1.6 19 12 6 12 23% 757237 363 12%
c v 274.68 282 17 32 19649  2 521291 64786 1.6 19 12 6 12 23% 757237 363 12%
c w 274.78 282 17 32 19649  2 521291 64781 1.6 19 12 6 12 23% 757237 363 12%
c x 275.11 282 17 32 19649  2 521291 64780 1.6 19 12 6 12 23% 757236 363 12%
c B 279.78 282 17 32 20146  2 528056 69763 1.6 19 12 6 12 23% 757236 363 12%
c - 297.64 282 16 33 22439  2 555211 63361 1.6 18 12 5 11 22% 757236 363 12%
c p 297.69 282 16 33 22439  2 555211 63369 1.6 18 12 5 11 22% 757236 363 12%
c u 298.11 282 16 33 22439  2 555211 63269 1.6 18 12 5 11 22% 757236 363 12%
c v 298.31 282 16 33 22439  2 555211 63255 1.6 18 12 5 11 22% 757236 363 12%
c w 298.42 282 16 33 22439  2 555211 63255 1.6 18 12 5 11 22% 757236 363 12%
c x 298.74 282 16 33 22439  2 555211 63255 1.6 18 12 5 11 22% 757230 363 12%
c W 306.10 282 16 33 22843  2 561058 67143 1.6 18 12 5 11 23% 757230 363 12%
c } 312.12 282 16 33 23932  2 569290 73176 1.6 18 12 5 11 23% 757230 363 12%
c 
c  seconds    reductions    conflicts         size   tier2        variables
c           MB      restarts       redundant     glue    trail        remaining
c            level        rate          size/glue  tier1   irredundant
c 
c [ 312.12 282 21 33 23932  1 569290 73176 1.5 23 16 9 17 27% 757230 363 12%
c - 318.88 282 20 34 23945  1 590219 65546 1.5 23 15 9 17 27% 757230 363 12%
c p 318.93 282 20 34 23945  1 590219 65557 1.5 23 15 9 17 27% 757230 363 12%
c u 319.36 282 20 34 23945  1 590219 65528 1.5 23 15 9 17 27% 757230 363 12%
c v 319.56 282 20 34 23945  1 590219 65524 1.5 23 15 9 17 27% 757230 363 12%
c w 319.66 282 20 34 23945  1 590219 65522 1.5 23 15 9 17 27% 757230 363 12%
c x 319.92 282 20 34 23945  1 590219 65522 1.5 23 15 9 17 27% 757228 363 12%
c B 321.74 282 20 34 23946  1 595062 68865 1.5 23 15 9 16 27% 757228 363 12%
c s 327.36 282 19 34 23956  1 618187 84713 1.5 22 15 9 16 26% 757026 363 12%
c s 327.65 282 19 34 23956  1 618187 84688 1.5 22 15 9 16 26% 756876 363 12%
c - 330.27 282 19 35 23960  1 626312 63868 1.5 22 15 9 16 26% 756876 363 12%
c p 330.30 282 19 35 23960  1 626312 63879 1.5 22 15 9 16 26% 756876 363 12%
c u 330.65 282 19 35 23960  1 626312 63852 1.5 22 15 9 16 26% 756876 363 12%
c v 330.80 282 19 35 23960  1 626312 63845 1.5 22 15 9 16 26% 756876 363 12%
c w 330.88 282 19 35 23960  1 626312 63843 1.5 22 15 9 16 26% 756876 363 12%
c x 331.10 282 19 35 23960  1 626312 63842 1.5 22 15 9 16 26% 756871 363 12%
c W 333.62 282 19 35 23961  1 630065 66413 1.5 22 15 9 16 26% 756871 363 12%
c - 342.75 282 19 36 23963  1 663486 63626 1.6 22 14 8 16 26% 756871 363 12%
c p 342.79 282 19 36 23963  1 663486 63637 1.6 22 14 8 16 26% 756871 363 12%
c u 343.14 282 19 36 23963  1 663486 63600 1.6 22 14 8 16 26% 756871 363 12%
c 
c  seconds    reductions    conflicts         size   tier2        variables
c           MB      restarts       redundant     glue    trail        remaining
c            level        rate          size/glue  tier1   irredundant
c 
c v 343.29 282 19 36 23963  1 663486 63598 1.6 22 14 8 16 26% 756871 363 12%
c w 343.36 282 19 36 23963  1 663486 63594 1.6 22 14 8 16 26% 756871 363 12%
c x 343.62 282 19 36 23963  1 663486 63594 1.6 22 14 8 16 26% 756871 363 12%
c I 344.04 282 19 36 23963  1 666069 65661 1.6 22 14 8 16 26% 756871 363 12%
c - 353.84 283 18 37 23964  1 701748 67839 1.6 22 14 8 16 26% 756871 363 12%
c p 353.89 283 18 37 23964  1 701748 67849 1.6 22 14 8 16 26% 756871 363 12%
c u 354.22 283 18 37 23964  1 701748 67783 1.6 22 14 8 16 26% 756871 363 12%
c v 354.37 283 18 37 23964  1 701748 67775 1.6 22 14 8 16 26% 756871 363 12%
c w 354.45 283 18 37 23964  1 701748 67774 1.6 22 14 8 16 26% 756871 363 12%
c x 354.66 283 18 37 23964  1 701748 67774 1.6 22 14 8 16 26% 756871 363 12%
c B 355.19 283 18 37 23964  1 703070 68922 1.6 23 14 8 16 26% 756871 363 12%
c ] 355.38 283 18 37 23964  1 703484 69243 1.6 23 14 8 16 26% 756871 363 12%
c { 355.38 283 16 37 23964  2 703484 69243 1.6 18 12 5 11 23% 756871 363 12%
c F 377.86 283 16 37 27475  2 741071 95602 1.6 19 12 5 11 23% 756871 363 12%
c - 378.08 283 16 38 27482  2 741098 73374 1.6 19 12 5 11 23% 756871 363 12%
c p 378.13 283 16 38 27482  2 741098 73385 1.6 19 12 5 11 23% 756871 363 12%
c u 378.71 283 16 38 27482  2 741098 73294 1.6 19 12 5 11 23% 756871 363 12%
c v 378.98 283 16 38 27482  2 741098 73279 1.6 19 12 5 11 23% 756871 363 12%
c w 379.10 283 16 38 27482  2 741098 73278 1.6 19 12 5 11 23% 756871 363 12%
c x 379.46 283 16 38 27482  2 741098 73278 1.6 19 12 5 11 23% 756861 363 12%
c 
c  seconds    reductions    conflicts         size   tier2        variables
c           MB      restarts       redundant     glue    trail        remaining
c            level        rate          size/glue  tier1   irredundant
c 
c B 400.02 283 16 38 30527  1 780074 99849 1.5 19 12 5 11 23% 756861 363 12%
c - 401.49 283 16 39 30831  1 781537 77091 1.5 19 12 5 11 23% 756861 363 12%
c p 401.53 283 16 39 30831  1 781537 77102 1.5 19 12 5 11 23% 756861 363 12%
c u 403.30 283 16 39 30831  1 781537 76963 1.5 19 12 5 11 23% 756861 363 12%
c v 403.52 283 16 39 30831  1 781537 76962 1.5 19 12 5 11 23% 756861 363 12%
c w 403.63 283 16 39 30831  1 781537 76957 1.5 19 12 5 11 23% 756861 363 12%
c x 403.91 283 16 39 30831  1 781537 76957 1.5 19 12 5 11 23% 756811 363 12%
c s 413.54 283 16 39 32473  2 794602 86604 1.6 19 12 5 11 23% 756532 363 12%
c s 413.83 283 16 39 32473  2 794602 86538 1.6 19 12 5 11 23% 756256 363 12%
c W 430.44 283 16 39 33889  1 820075 103417 1.6 19 12 5 11 23% 756256 363 12%
c - 432.53 283 16 40 34180  1 823066 80238 1.6 19 12 5 11 23% 756256 363 12%
c p 432.58 283 16 40 34180  1 823066 80249 1.6 19 12 5 11 23% 756256 363 12%
c u 433.10 283 16 40 34180  1 823066 80091 1.6 19 12 5 11 23% 756256 363 12%
c v 433.38 283 16 40 34180  1 823066 80088 1.6 19 12 5 11 23% 756256 363 12%
c w 433.51 283 16 40 34180  1 823066 80087 1.6 19 12 5 11 23% 756256 363 12%
c x 433.89 283 16 40 34180  1 823066 80084 1.6 19 12 5 11 23% 756242 363 12%
c } 434.71 283 16 40 34231  1 825893 81538 1.6 19 12 5 11 23% 756242 363 12%
c [ 434.71 283 18 40 34231  1 825893 81538 1.6 23 14 8 16 26% 756242 363 12%
c W 447.54 283 18 40 34231  1 861076 108731 1.7 23 13 8 16 27% 756242 363 12%
c - 449.26 284 18 41 34231  1 865674 84410 1.7 23 13 8 16 27% 756242 363 12%
c 
c  seconds    reductions    conflicts         size   tier2        variables
c           MB      restarts       redundant     glue    trail        remaining
c            level        rate          size/glue  tier1   irredundant
c 
c p 449.31 284 18 41 34231  1 865674 84423 1.7 23 13 8 16 27% 756242 363 12%
c u 449.76 284 18 41 34231  1 865674 84273 1.7 23 13 8 16 27% 756242 363 12%
c v 450.04 284 18 41 34231  1 865674 84269 1.7 23 13 8 16 27% 756242 363 12%
c w 450.17 284 18 41 34231  1 865674 84266 1.7 23 13 8 16 27% 756242 363 12%
c x 450.49 284 18 41 34231  1 865674 84266 1.7 23 13 8 16 27% 756234 363 12%
c O 463.41 284 18 41 34246  1 903078 112110 1.6 23 14 8 16 27% 756234 363 12%
c - 465.39 284 19 42 34248  1 909371 83652 1.6 23 14 8 16 27% 756234 363 12%
c p 465.45 284 19 42 34248  1 909371 83665 1.6 23 14 8 16 27% 756234 363 12%
c u 465.90 284 19 42 34248  1 909371 83535 1.6 23 14 8 16 27% 756234 363 12%
c v 466.12 284 19 42 34248  1 909371 83530 1.6 23 14 8 16 27% 756234 363 12%
c w 466.24 284 19 42 34248  1 909371 83530 1.6 23 14 8 16 27% 756234 363 12%
c x 466.54 284 19 42 34248  1 909371 83528 1.6 23 14 8 16 27% 756221 363 12%
c B 476.84 284 19 42 34262  1 946080 111580 1.6 23 14 7 16 27% 756221 363 12%
c - 478.51 283 19 43 34262  1 954159 79631 1.6 23 14 7 16 27% 756221 363 12%
c p 478.56 283 19 43 34262  1 954159 79645 1.6 23 14 7 16 27% 756221 363 12%
c u 478.99 283 19 43 34262  1 954159 79597 1.6 23 14 7 16 27% 756221 363 12%
c v 479.18 283 19 43 34262  1 954159 79597 1.6 23 14 7 16 27% 756221 363 12%
c w 479.28 283 19 43 34262  1 954159 79595 1.6 23 14 7 16 27% 756221 363 12%
c x 479.54 283 19 43 34262  1 954159 79595 1.6 23 14 7 16 27% 756217 363 12%
c ] 486.77 283 18 43 34276  1 981604 99452 1.6 22 14 7 16 26% 756217 363 12%
c 
c  seconds    reductions    conflicts         size   tier2        variables
c           MB      restarts       redundant     glue    trail        remaining
c            level        rate          size/glue  tier1   irredundant
c 
c { 486.77 283 16 43 34276  1 981604 99452 1.6 19 12 5 11 23% 756217 363 12%
c # 491.38 283 16 43 34943  1 990081 105627 1.6 19 12 5 11 23% 756217 363 12%
c s 494.45 283 16 43 35409  1 993048 107717 1.5 19 12 5 11 23% 755858 363 12%
c s 494.78 283 16 43 35409  1 993048 107697 1.5 19 12 5 11 23% 755675 363 12%
c - 500.90 284 16 44 36136  1 1000035 83430 1.6 19 12 5 11 23% 755675 363 12%
c p 500.96 284 16 44 36136  1 1000035 83442 1.6 19 12 5 11 23% 755675 363 12%
c u 501.47 284 16 44 36136  1 1000035 83375 1.6 19 12 5 11 23% 755675 363 12%
c v 501.72 284 16 44 36136  1 1000035 83360 1.6 19 12 5 11 23% 755675 363 12%
c w 501.87 284 16 44 36136  1 1000035 83360 1.6 19 12 5 11 23% 755675 363 12%
c x 502.21 284 16 44 36136  1 1000035 83360 1.6 19 12 5 11 23% 755668 363 12%
c B 519.65 284 16 44 38618  1 1035082 106966 1.5 19 12 5 11 23% 755668 363 12%
c - 525.95 284 16 45 39165  1 1046994 92502 1.6 19 12 5 11 23% 755668 363 12%
c p 526.01 284 16 45 39165  1 1046994 92513 1.6 19 12 5 11 23% 755668 363 12%
c u 526.49 284 16 45 39165  1 1046994 92454 1.6 19 12 5 11 23% 755668 363 12%
c v 526.73 284 16 45 39165  1 1046994 92448 1.6 19 12 5 11 23% 755668 363 12%
c w 526.86 284 16 45 39165  1 1046994 92447 1.6 19 12 5 11 23% 755668 363 12%
c x 527.19 284 16 45 39165  1 1046994 92447 1.6 19 12 5 11 23% 755659 363 12%
c W 551.54 284 16 45 42674  1 1081083 116921 1.5 19 12 4 11 23% 755659 363 12%
c - 556.66 284 16 46 43174  1 1095043 89514 1.6 19 12 4 11 23% 755659 363 12%
c p 556.72 284 16 46 43174  1 1095043 89524 1.6 19 12 4 11 23% 755659 363 12%
c 
c  seconds    reductions     conflicts         size   tier2        variables
c           MB      restarts        redundant     glue    trail        remaining
c            level        rate           size/glue  tier1   irredundant
c 
c u 557.24 284 16 46 43174  1 1095043 89435 1.6 19 12 4 11 23% 755659 363 12%
c v 557.52 284 16 46 43174  1 1095043 89432 1.6 19 12 4 11 23% 755659 363 12%
c w 557.65 284 16 46 43174  1 1095043 89432 1.6 19 12 4 11 23% 755659 363 12%
c x 558.05 284 16 46 43174  1 1095043 89432 1.6 19 12 4 11 23% 755655 363 12%
c F 577.25 284 16 46 45744  1 1128084 114336 1.6 19 12 4 11 23% 755655 363 12%
c } 584.43 284 16 46 46549  1 1138056 121546 1.6 19 12 4 11 23% 755655 363 12%
c [ 584.43 284 18 46 46549  1 1138056 121546 1.6 22 14 7 16 26% 755655 363 12%
c - 586.11 284 18 47 46550  1 1144181 92470 1.6 22 14 7 16 26% 755655 363 12%
c p 586.17 284 18 47 46550  1 1144181 92481 1.6 22 14 7 16 26% 755655 363 12%
c u 586.78 284 18 47 46550  1 1144181 92336 1.6 22 14 7 16 26% 755655 363 12%
c v 587.08 284 18 47 46550  1 1144181 92331 1.6 22 14 7 16 26% 755655 363 12%
c w 587.24 284 18 47 46550  1 1144181 92322 1.6 22 14 7 16 26% 755655 363 12%
c x 587.67 284 18 47 46550  1 1144181 92322 1.6 22 14 7 16 26% 755651 363 12%
c W 598.63 284 18 47 46565  1 1176086 115748 1.6 22 14 7 16 26% 755651 363 12%
c - 604.46 285 17 48 46566  1 1194411 92016 1.7 22 13 7 15 26% 755651 363 12%
c p 604.51 285 17 48 46566  1 1194411 92028 1.7 22 13 7 15 26% 755651 363 12%
c u 607.00 285 17 48 46566  1 1194411 91981 1.7 22 13 7 15 26% 755651 363 12%
c v 607.23 285 17 48 46566  1 1194411 91966 1.7 22 13 7 15 26% 755651 363 12%
c w 607.35 285 17 48 46566  1 1194411 91966 1.7 22 13 7 15 26% 755651 363 12%
c x 607.70 285 17 48 46566  1 1194411 91964 1.7 22 13 7 15 26% 755648 363 12%
c 
c  seconds    reductions     conflicts          size   tier2        variables
c           MB      restarts        redundant      glue    trail        remaining
c            level        rate            size/glue  tier1   irredundant
c 
c s 613.83 285 17 48 46567  1 1213520 106462 1.6 22 13 7 15 26% 755274 363 12%
c s 614.19 285 17 48 46567  1 1213520 106439 1.6 22 13 7 15 26% 755070 363 12%
c I 616.68 285 18 48 46567  1 1225088 114730 1.6 22 14 7 15 26% 755070 363 12%
c - 624.44 284 17 49 46577  1 1245731 85670 1.6 22 14 7 15 26% 755070 363 12%
c p 624.48 284 17 49 46577  1 1245731 85682 1.6 22 14 7 15 26% 755070 363 12%
c u 625.02 284 17 49 46577  1 1245731 85618 1.6 22 14 7 15 26% 755070 363 12%
c v 625.26 284 17 49 46577  1 1245731 85609 1.6 22 14 7 15 26% 755070 363 12%
c w 625.39 284 17 49 46577  1 1245731 85606 1.6 22 14 7 15 26% 755070 363 12%
c x 625.77 284 17 49 46577  1 1245731 85605 1.6 22 14 7 15 26% 755066 363 12%
c B 633.84 284 18 49 46589  1 1275089 106523 1.6 22 14 7 15 26% 755066 363 12%
c - 641.35 283 18 50 46598  1 1298132 80170 1.6 23 14 7 15 27% 755066 363 12%
c p 641.40 283 18 50 46598  1 1298132 80182 1.6 23 14 7 15 27% 755066 363 12%
c u 641.89 283 18 50 46598  1 1298132 80060 1.6 23 14 7 15 27% 755066 363 12%
c v 642.14 283 18 50 46598  1 1298132 80049 1.6 23 14 7 15 27% 755066 363 12%
c w 642.27 283 18 50 46598  1 1298132 80048 1.6 23 14 7 15 27% 755066 363 12%
c x 642.63 283 18 50 46598  1 1298132 80047 1.6 23 14 7 15 27% 755063 363 12%
c ] 651.74 283 18 50 46605  1 1325038 101832 1.6 23 14 7 15 27% 755063 363 12%
c { 651.74 283 16 50 46605  1 1325038 101832 1.6 19 12 4 11 23% 755063 363 12%
c B 652.82 283 16 50 46781  1 1326090 102583 1.6 19 12 4 11 23% 755063 363 12%
c - 664.95 283 16 51 47968  1 1351624 83378 1.6 19 12 4 11 24% 755063 363 12%
c 
c  seconds    reductions     conflicts         size   tier2        variables
c           MB      restarts        redundant     glue    trail        remaining
c            level        rate           size/glue  tier1   irredundant
c 
c p 665.00 283 16 51 47968  1 1351624 83390 1.6 19 12 4 11 24% 755063 363 12%
c u 665.59 283 16 51 47968  1 1351624 83340 1.6 19 12 4 11 24% 755063 363 12%
c v 665.88 283 16 51 47968  1 1351624 83332 1.6 19 12 4 11 24% 755063 363 12%
c w 666.03 283 16 51 47968  1 1351624 83330 1.6 19 12 4 11 24% 755063 363 12%
c x 666.45 283 16 51 47968  1 1351624 83328 1.6 19 12 4 11 24% 755057 363 12%
c W 687.50 283 16 51 50650  1 1378091 101968 1.6 19 12 4 11 24% 755057 363 12%
c - 704.03 284 16 52 52692  1 1406205 92385 1.6 19 12 4 11 24% 755057 363 12%
c p 704.09 284 16 52 52692  1 1406205 92397 1.6 19 12 4 11 24% 755057 363 12%
c u 704.80 284 16 52 52692  1 1406205 92290 1.6 19 12 4 11 24% 755057 363 12%
c v 705.18 284 16 52 52692  1 1406205 92283 1.6 19 12 4 11 24% 755057 363 12%
c w 705.37 284 16 52 52692  1 1406205 92283 1.6 19 12 4 11 24% 755057 363 12%
c x 705.95 284 16 52 52692  1 1406205 92282 1.6 19 12 4 11 24% 755051 363 12%
c # 719.58 284 16 52 54730  1 1431092 108424 1.6 19 12 4 11 23% 755051 363 12%
c s 736.13 284 16 52 57376  1 1456015 126378 1.6 19 12 4 11 23% 754696 363 12%
c s 736.50 284 16 52 57376  1 1456015 126348 1.6 19 12 4 11 23% 754294 363 12%
c - 739.21 285 16 53 57513  1 1461877 97454 1.6 19 12 4 11 23% 754294 363 12%
c p 739.27 285 16 53 57513  1 1461877 97466 1.6 19 12 4 11 23% 754294 363 12%
c u 739.84 285 16 53 57513  1 1461877 97374 1.6 19 12 4 11 23% 754294 363 12%
c v 740.11 285 16 53 57513  1 1461877 97354 1.6 19 12 4 11 23% 754294 363 12%
c w 740.26 285 16 53 57513  1 1461877 97354 1.6 19 12 4 11 23% 754294 363 12%
c 
c  seconds    reductions     conflicts         size   tier2        variables
c           MB      restarts        redundant     glue    trail        remaining
c            level        rate           size/glue  tier1   irredundant
c 
c x 740.70 285 16 53 57513  1 1461877 97353 1.6 19 12 4 11 23% 754287 363 12%
c B 756.42 285 16 53 59403  1 1485096 113598 1.5 19 12 4 11 23% 754287 363 12%
c - 767.09 285 15 54 60486  1 1518631 102321 1.5 18 12 4 11 22% 754287 363 12%
c p 767.14 285 15 54 60486  1 1518631 102333 1.5 18 12 4 11 22% 754287 363 12%
c u 767.72 285 15 54 60486  1 1518631 102262 1.5 18 12 4 11 22% 754287 363 12%
c v 768.01 285 15 54 60486  1 1518631 102249 1.5 18 12 4 11 22% 754287 363 12%
c w 768.15 285 15 54 60486  1 1518631 102248 1.5 18 12 4 11 22% 754287 363 12%
c x 768.54 285 15 54 60486  1 1518631 102244 1.5 18 12 4 11 22% 754284 363 12%
c } 769.10 285 15 54 60566  1 1519706 103014 1.5 18 12 4 11 22% 754284 363 12%
c [ 769.10 285 18 54 60566  1 1519706 103014 1.6 23 14 7 15 27% 754284 363 12%
c W 776.73 285 17 54 60574  1 1540097 115284 1.6 22 14 7 15 27% 754284 363 12%
c - 789.62 285 17 55 60590  1 1576474 106825 1.7 23 13 7 15 27% 754284 363 12%
c p 789.67 285 17 55 60590  1 1576474 106837 1.7 23 13 7 15 27% 754284 363 12%
c u 790.20 285 17 55 60590  1 1576474 106682 1.7 23 13 7 15 27% 754284 363 12%
c v 790.47 285 17 55 60590  1 1576474 106653 1.7 23 13 7 15 27% 754284 363 12%
c w 790.60 285 17 55 60590  1 1576474 106647 1.7 23 13 7 15 27% 754284 363 12%
c x 791.00 285 17 55 60590  1 1576474 106644 1.7 23 13 7 15 27% 754275 363 12%
c O 797.79 285 17 55 60591  1 1596098 121417 1.7 23 14 6 15 27% 754275 363 12%
c - 807.37 286 16 56 60592  1 1635407 109176 1.7 21 13 6 15 26% 754275 363 12%
c p 807.41 286 16 56 60592  1 1635407 109188 1.7 21 13 6 15 26% 754275 363 12%
c 
c  seconds    reductions     conflicts          size   tier2        variables
c           MB      restarts        redundant      glue    trail        remaining
c            level        rate            size/glue  tier1   irredundant
c 
c u 807.84 286 16 56 60592  1 1635407 108963 1.7 21 13 6 15 26% 754275 363 12%
c v 808.09 286 16 56 60592  1 1635407 108932 1.7 21 13 6 15 26% 754275 363 12%
c w 808.22 286 16 56 60592  1 1635407 108924 1.7 21 13 6 15 26% 754275 363 12%
c x 808.58 286 16 56 60592  1 1635407 108919 1.7 21 13 6 15 26% 754270 363 12%
c B 812.21 286 15 56 60592  1 1653100 118958 1.6 20 12 6 15 25% 754270 363 12%
c - 824.77 286 16 57 60593  1 1695431 109836 1.6 20 13 6 15 25% 754270 363 12%
c p 824.82 286 16 57 60593  1 1695431 109848 1.6 20 13 6 15 25% 754270 363 12%
c u 825.34 286 16 57 60593  1 1695431 109738 1.6 20 13 6 15 25% 754270 363 12%
c v 825.59 286 16 57 60593  1 1695431 109728 1.6 20 13 6 15 25% 754270 363 12%
c w 825.71 286 16 57 60593  1 1695431 109727 1.6 20 13 6 15 25% 754270 363 12%
c x 826.06 286 16 57 60593  1 1695431 109725 1.6 20 13 6 15 25% 754264 363 12%
c W 833.63 286 16 57 60593  1 1711102 120113 1.6 21 13 6 15 25% 754264 363 12%
c s 836.66 286 16 57 60593  1 1720519 125882 1.6 20 13 6 15 25% 753853 363 12%
c s 837.03 286 16 57 60593  1 1720519 125830 1.6 20 13 6 15 25% 753164 363 12%
c - 847.90 285 15 58 60593  1 1756548 105521 1.6 20 13 6 15 25% 753164 363 12%
c p 847.95 285 15 58 60593  1 1756548 105533 1.6 20 13 6 15 25% 753164 363 12%
c u 850.71 285 15 58 60593  1 1756548 105413 1.6 20 13 6 15 25% 753164 363 12%
c v 851.00 285 15 58 60593  1 1756548 105412 1.6 20 13 6 15 25% 753164 363 12%
c w 851.15 285 15 58 60593  1 1756548 105409 1.6 20 13 6 15 25% 753164 363 12%
c x 851.55 285 15 58 60593  1 1756548 105406 1.6 20 13 6 15 25% 753160 363 12%
c 
c  seconds    reductions     conflicts          size   tier2        variables
c           MB      restarts        redundant      glue    trail        remaining
c            level        rate            size/glue  tier1   irredundant
c 
c ] 854.28 285 15 58 60593  1 1766778 112053 1.6 20 13 6 15 25% 753160 363 12%
c { 854.28 285 15 58 60593  1 1766778 112053 1.5 18 12 4 11 22% 753160 363 12%
c W 855.75 285 15 58 60596  1 1770104 113995 1.5 18 12 4 11 22% 753160 363 12%
c - 885.55 285 16 59 64864  1 1818734 109644 1.6 19 12 4 11 23% 753160 363 12%
c p 885.60 285 16 59 64864  1 1818734 109656 1.6 19 12 4 11 23% 753160 363 12%
c u 886.34 285 16 59 64864  1 1818734 109577 1.6 19 12 4 11 23% 753160 363 12%
c v 886.65 285 16 59 64864  1 1818734 109563 1.6 19 12 4 11 23% 753160 363 12%
c w 886.87 285 16 59 64864  1 1818734 109562 1.6 19 12 4 11 23% 753160 363 12%
c x 887.35 285 16 59 64864  1 1818734 109557 1.6 19 12 4 11 23% 753150 363 12%
c F 893.99 285 16 59 65832  1 1830105 118085 1.6 19 12 4 11 23% 753150 363 12%
c - 918.08 286 15 60 68699  1 1882013 118787 1.6 19 12 4 11 23% 753150 363 12%
c p 918.13 286 15 60 68699  1 1882013 118799 1.6 19 12 4 11 23% 753150 363 12%
c u 918.75 286 15 60 68699  1 1882013 118726 1.6 19 12 4 11 23% 753150 363 12%
c v 919.07 286 15 60 68699  1 1882013 118708 1.6 19 12 4 11 23% 753150 363 12%
c w 919.21 286 15 60 68699  1 1882013 118537 1.6 19 12 4 11 23% 753150 363 12%
c x 919.64 286 15 60 68699  1 1882013 118535 1.6 19 12 4 11 23% 753138 363 12%
c B 924.38 286 15 60 69074  1 1891106 124349 1.6 18 12 4 11 23% 753138 363 12%
c - 954.73 287 15 61 72849  1 1946383 125657 1.6 18 12 4 11 23% 753138 363 12%
c p 954.79 287 15 61 72849  1 1946383 125668 1.6 18 12 4 11 23% 753138 363 12%
c u 955.56 287 15 61 72849  1 1946383 125623 1.6 18 12 4 11 23% 753138 363 12%
c 
c  seconds    reductions     conflicts          size   tier2        variables
c           MB      restarts        redundant      glue    trail        remaining
c            level        rate            size/glue  tier1   irredundant
c 
c v 955.96 287 15 61 72849  1 1946383 125615 1.6 18 12 4 11 23% 753138 363 12%
c w 956.14 287 15 61 72849  1 1946383 125614 1.6 18 12 4 11 23% 753138 363 12%
c x 956.71 287 15 61 72849  1 1946383 125612 1.6 18 12 4 11 23% 753106 363 12%
c W 966.11 287 15 61 73700  1 1953107 130321 1.6 19 12 4 11 23% 753106 363 12%
c } 986.38 287 15 61 76490  1 1983106 151829 1.6 19 12 4 11 23% 753106 363 12%
c [ 986.39 287 15 61 76490  1 1983106 151829 1.6 20 13 6 15 25% 753106 363 12%
c s 992.79 287 15 61 76490  1 2007011 164591 1.6 19 12 6 15 24% 752391 363 12%
c s 993.21 287 15 61 76490  1 2007011 164535 1.6 19 12 6 15 24% 751621 363 12%
c - 995.24 287 15 62 76490  1 2011844 128033 1.6 19 12 6 15 24% 751621 363 12%
c p 995.30 287 15 62 76490  1 2011844 128045 1.6 19 12 6 15 24% 751621 363 12%
c u 996.02 287 15 62 76490  1 2011844 127989 1.6 19 12 6 15 24% 751621 363 12%
c v 996.40 287 15 62 76490  1 2011844 127979 1.6 19 12 6 15 24% 751621 363 12%
c w 996.58 287 15 62 76490  1 2011844 127921 1.6 19 12 6 15 24% 751621 363 12%
c x 997.15 287 15 62 76490  1 2011844 127919 1.6 19 12 6 15 24% 751595 363 12%
c I 998.71 287 15 62 76490  1 2016108 130917 1.6 19 12 6 15 24% 751595 363 12%
c - 1015.70 287 14 63 76508  1 2078365 126869 1.6 19 12 6 14 24% 751595 363 12%
c p 1015.75 287 14 63 76508  1 2078365 126881 1.6 19 12 6 14 24% 751595 363 12%
c u 1016.23 287 14 63 76508  1 2078365 126742 1.6 19 12 6 14 24% 751595 363 12%
c v 1016.48 287 14 63 76508  1 2078365 126734 1.6 19 12 6 14 24% 751595 363 12%
c w 1016.61 287 14 63 76508  1 2078365 126721 1.6 19 12 6 14 24% 751595 363 12%
c 
c   seconds    reductions     conflicts          size   tier2        variables
c            MB      restarts        redundant      glue    trail        remaining
c             level        rate            size/glue  tier1   irredundant
c 
c x 1017.01 287 14 63 76508  1 2078365 126720 1.6 19 12 6 14 24% 751575 363 12%
c B 1017.68 287 14 63 76510  1 2080109 127978 1.6 19 12 6 14 24% 751575 363 12%
c W 1042.23 287 17 63 76535  1 2145110 179697 1.6 22 14 6 14 26% 751575 363 12%
c - 1042.55 286 17 64 76535  1 2145978 118642 1.6 22 14 6 14 26% 751575 363 12%
c p 1042.63 286 17 64 76535  1 2145978 118654 1.6 22 14 6 14 26% 751575 363 12%
c u 1043.42 286 17 64 76535  1 2145978 118613 1.6 22 14 6 14 26% 751575 363 12%
c v 1043.81 286 17 64 76535  1 2145978 118601 1.6 22 14 6 14 26% 751575 363 12%
c w 1044.01 286 17 64 76535  1 2145978 118597 1.6 22 14 6 14 26% 751575 363 12%
c x 1044.51 286 17 64 76535  1 2145978 118597 1.6 22 14 6 14 26% 751549 363 12%
c O 1063.81 286 17 64 76553  1 2211113 168722 1.6 22 13 5 14 26% 751549 363 12%
c - 1065.32 285 17 65 76553  1 2214679 113426 1.6 22 13 5 14 26% 751549 363 12%
c p 1065.38 285 17 65 76553  1 2214679 113438 1.6 22 13 5 14 26% 751549 363 12%
c u 1066.00 285 17 65 76553  1 2214679 113361 1.6 22 13 5 14 26% 751549 363 12%
c v 1066.33 285 17 65 76553  1 2214679 113343 1.6 22 13 5 14 26% 751549 363 12%
c w 1066.50 285 17 65 76553  1 2214679 113341 1.6 22 13 5 14 26% 751549 363 12%
c x 1067.00 285 17 65 76553  1 2214679 113341 1.6 22 13 5 14 26% 751534 363 12%
c ] 1078.83 285 16 65 76561  1 2253485 140947 1.6 21 13 5 14 26% 751534 363 12%
c { 1078.83 285 15 65 76561  1 2253485 140947 1.6 19 12 4 11 23% 751534 363 12%
c # 1093.62 285 15 65 78070  1 2278115 158520 1.6 19 12 4 11 23% 751534 363 12%
c - 1097.92 287 15 66 78563  1 2284472 124506 1.6 19 12 4 11 23% 751534 363 12%
c 
c   seconds    reductions     conflicts          size   tier2        variables
c            MB      restarts        redundant      glue    trail        remaining
c             level        rate            size/glue  tier1   irredundant
c 
c p 1097.99 287 15 66 78563  1 2284472 124518 1.6 19 12 4 11 23% 751534 363 12%
c u 1098.82 287 15 66 78563  1 2284472 124477 1.6 19 12 4 11 23% 751534 363 12%
c v 1099.24 287 15 66 78563  1 2284472 124471 1.6 19 12 4 11 23% 751534 363 12%
c w 1099.42 287 15 66 78563  1 2284472 124460 1.6 19 12 4 11 23% 751534 363 12%
c x 1100.04 287 15 66 78563  1 2284472 124457 1.6 19 12 4 11 23% 751511 363 12%
c s 1119.64 287 15 66 81423  1 2315455 145726 1.6 19 12 4 11 23% 750133 363 12%
c s 1120.09 287 15 66 81423  1 2315455 145684 1.6 19 12 4 11 23% 749299 363 12%
c B 1137.52 287 15 66 83534  1 2346118 165956 1.6 19 12 4 11 23% 749299 363 12%
c - 1143.66 287 15 67 84328  1 2355356 133479 1.6 19 12 4 11 23% 749299 363 12%
c p 1143.72 287 15 67 84328  1 2355356 133489 1.6 19 12 4 11 23% 749299 363 12%
c u 1144.43 287 15 67 84328  1 2355356 133377 1.6 19 12 4 11 23% 749299 363 12%
c v 1144.85 287 15 67 84328  1 2355356 133373 1.6 19 12 4 11 23% 749299 363 12%
c w 1145.04 287 15 67 84328  1 2355356 133371 1.6 19 12 4 11 23% 749299 363 12%
c x 1145.62 287 15 67 84328  1 2355356 133366 1.6 19 12 4 11 23% 749282 363 12%
c W 1182.82 287 15 67 87709  1 2415121 173111 1.6 18 12 4 11 23% 749282 363 12%
c - 1190.16 287 15 68 88951  1 2427282 139787 1.6 18 12 4 11 23% 749282 363 12%
c p 1190.23 287 15 68 88951  1 2427282 139799 1.6 18 12 4 11 23% 749282 363 12%
c u 1191.15 287 15 68 88951  1 2427282 139675 1.6 18 12 4 11 23% 749282 363 12%
c v 1191.58 287 15 68 88951  1 2427282 139668 1.6 18 12 4 11 23% 749282 363 12%
c w 1191.79 287 15 68 88951  1 2427282 139667 1.6 18 12 4 11 23% 749282 363 12%
c 
c   seconds    reductions     conflicts          size   tier2        variables
c            MB      restarts        redundant      glue    trail        remaining
c             level        rate            size/glue  tier1   irredundant
c 
c x 1192.39 287 15 68 88951  1 2427282 139663 1.6 18 12 4 11 23% 749251 363 12%
c F 1219.37 287 15 68 92216  1 2485122 180072 1.6 18 12 4 11 23% 749251 363 12%
c - 1226.97 288 15 69 92847  1 2500297 148322 1.6 18 12 4 11 23% 749251 363 12%
c p 1227.02 288 15 69 92847  1 2500297 148334 1.6 18 12 4 11 23% 749251 363 12%
c u 1228.55 288 15 69 92847  1 2500297 148225 1.6 18 12 4 11 23% 749251 363 12%
c v 1228.91 288 15 69 92847  1 2500297 148217 1.6 18 12 4 11 23% 749251 363 12%
c w 1229.10 288 15 69 92847  1 2500297 148217 1.6 18 12 4 11 23% 749251 363 12%
c x 1229.63 288 15 69 92847  1 2500297 148214 1.6 18 12 4 11 23% 749181 363 12%
c } 1235.83 288 14 69 93345  1 2516167 157981 1.6 18 11 4 11 23% 749181 363 12%
c [ 1235.83 288 16 69 93345  1 2516167 157981 1.6 21 13 5 14 26% 749181 363 12%
c B 1248.67 288 17 69 93365  1 2556124 186344 1.6 22 13 5 14 26% 749181 363 12%
c - 1253.37 288 17 70 93368  1 2574402 145321 1.6 22 14 5 14 26% 749181 363 12%
c p 1253.43 288 17 70 93368  1 2574402 145332 1.6 22 14 5 14 26% 749181 363 12%
c u 1254.11 288 17 70 93368  1 2574402 145178 1.6 22 14 5 14 26% 749181 363 12%
c v 1254.48 288 17 70 93368  1 2574402 145151 1.6 22 14 5 14 26% 749181 363 12%
c w 1254.68 288 17 70 93368  1 2574402 145151 1.6 22 14 5 14 26% 749181 363 12%
c x 1255.25 288 17 70 93368  1 2574402 145150 1.6 22 14 5 14 26% 749157 363 12%
c W 1271.39 288 18 70 93390  1 2628129 183632 1.5 22 14 5 14 25% 749157 363 12%
c s 1276.34 288 18 70 93398  1 2645796 197239 1.5 22 14 5 14 25% 747638 363 12%
c s 1276.83 288 18 70 93398  1 2645796 197215 1.5 22 14 5 14 25% 745932 363 12%
c 
c   seconds    reductions     conflicts          size   tier2        variables
c            MB      restarts        redundant      glue    trail        remaining
c             level        rate            size/glue  tier1   irredundant
c 
c - 1278.29 286 18 71 93398  1 2649596 130676 1.5 22 14 5 14 25% 745932 363 12%
c p 1278.38 286 18 71 93398  1 2649596 130687 1.5 22 14 5 14 25% 745932 363 12%
c u 1279.12 286 18 71 93398  1 2649596 130622 1.5 22 14 5 14 25% 745932 363 12%
c v 1279.47 286 18 71 93398  1 2649596 130595 1.5 22 14 5 14 25% 745932 363 12%
c w 1279.65 286 18 71 93398  1 2649596 130593 1.5 22 14 5 14 25% 745932 363 12%
c x 1280.16 286 18 71 93398  1 2649596 130591 1.5 22 14 5 14 25% 745902 363 12%
c I 1296.49 286 17 71 93400  1 2701131 166420 1.5 21 14 5 14 25% 745902 363 12%
c - 1305.52 286 17 72 93401  1 2725802 129133 1.5 21 14 5 14 26% 745902 363 12%
c p 1305.57 286 17 72 93401  1 2725802 129145 1.5 21 14 5 14 26% 745902 363 12%
c u 1306.26 286 17 72 93401  1 2725802 129050 1.5 21 14 5 14 26% 745902 363 12%
c v 1306.63 286 17 72 93401  1 2725802 129048 1.5 21 14 5 14 26% 745902 363 12%
c w 1306.80 286 17 72 93401  1 2725802 129047 1.5 21 14 5 14 26% 745902 363 12%
c x 1307.32 286 17 72 93401  1 2725802 129047 1.5 21 14 5 14 26% 745874 363 12%
c B 1324.66 286 17 72 93406  1 2775132 166263 1.6 22 14 5 14 26% 745874 363 12%
c - 1333.25 287 17 73 93417  1 2803096 134589 1.6 22 14 5 14 26% 745874 363 12%
c p 1333.32 287 17 73 93417  1 2803096 134600 1.6 22 14 5 14 26% 745874 363 12%
c u 1334.18 287 17 73 93417  1 2803096 134463 1.6 22 14 5 14 26% 745874 363 12%
c v 1334.59 287 17 73 93417  1 2803096 134459 1.6 22 14 5 14 26% 745874 363 12%
c w 1334.80 287 17 73 93417  1 2803096 134457 1.6 22 14 5 14 26% 745874 363 12%
c x 1335.38 287 17 73 93417  1 2803096 134455 1.6 22 14 5 14 26% 745859 363 12%
c 
c   seconds    reductions     conflicts          size   tier2        variables
c            MB      restarts        redundant      glue    trail        remaining
c             level        rate            size/glue  tier1   irredundant
c 
c ] 1344.69 287 17 73 93431  1 2833437 157750 1.6 22 14 5 14 26% 745859 363 12%
c { 1344.69 287 14 73 93431  1 2833437 157750 1.6 18 11 4 11 23% 745859 363 12%
c B 1354.66 287 14 73 94856  1 2850137 168861 1.6 18 11 4 11 23% 745859 363 12%
c - 1374.92 287 14 74 97331  1 2881479 141150 1.6 18 12 4 11 23% 745859 363 12%
c p 1374.98 287 14 74 97331  1 2881479 141161 1.6 18 12 4 11 23% 745859 363 12%
c u 1375.97 287 14 74 97331  1 2881479 141014 1.6 18 12 4 11 23% 745859 363 12%
c v 1376.44 287 14 74 97331  1 2881479 140974 1.6 18 12 4 11 23% 745859 363 12%
c w 1376.67 287 14 74 97331  1 2881479 140973 1.6 18 12 4 11 23% 745859 363 12%
c x 1377.35 287 14 74 97331  1 2881479 140973 1.6 18 12 4 11 23% 745819 363 12%
c W 1407.64 287 14 74 99809  1 2926138 169489 1.6 18 11 4 10 23% 745819 363 12%
c - 1429.77 287 14 75 103345  1 2960948 145441 1.6 18 12 4 10 24% 745819 363 12%
c p 1429.83 287 14 75 103345  1 2960948 145453 1.6 18 12 4 10 24% 745819 363 12%
c u 1430.74 287 14 75 103345  1 2960948 145339 1.6 18 12 4 10 24% 745819 363 12%
c v 1431.17 287 14 75 103345  1 2960948 145280 1.6 18 12 4 10 24% 745819 363 12%
c w 1431.40 287 14 75 103345  1 2960948 145280 1.6 18 12 4 10 24% 745819 363 12%
c x 1432.05 287 14 75 103345  1 2960948 145274 1.6 18 12 4 10 24% 745784 363 12%
c s 1451.91 287 14 75 106043  1 2997954 169722 1.6 18 11 4 10 23% 744173 363 12%
c s 1452.44 287 14 75 106043  1 2997954 169661 1.6 18 11 4 10 23% 742202 363 12%
c # 1455.16 287 14 75 106163  1 3003139 172360 1.6 18 11 4 10 23% 742202 363 12%
c - 1478.99 288 14 76 109482  1 3041505 153136 1.6 18 11 4 10 23% 742202 363 12%
c 
c   seconds    reductions      conflicts          size   tier2        variables
c            MB      restarts         redundant      glue    trail        remaining
c             level         rate            size/glue  tier1   irredundant
c 
c p 1479.05 288 14 76 109482  1 3041505 153148 1.6 18 11 4 10 23% 742202 363 12%
c u 1479.96 288 14 76 109482  1 3041505 152957 1.6 18 11 4 10 23% 742202 363 12%
c v 1480.49 288 14 76 109482  1 3041505 152853 1.6 18 11 4 10 23% 742202 363 12%
c w 1480.74 288 14 76 109482  1 3041505 152791 1.6 18 11 4 10 23% 742202 363 12%
c x 1481.50 288 14 76 109482  1 3041505 152789 1.6 18 11 4 10 23% 742182 363 12%
c i 1492.14 288 14 76 110338  1 3066993 167228 1.6 17 11 4 10 23% 742182 362 12%
c B 1499.54 288 14 76 111623  1 3081141 175856 1.6 17 11 4 10 23% 742182 362 12%
c - 1521.53 282 13 77 114254  1 3123058 132080 1.6 17 11 4 10 23% 693764 362 12%
c p 1521.58 282 13 77 114254  1 3123058 132093 1.6 17 11 4 10 23% 693764 362 12%
c u 1522.35 282 13 77 114254  1 3123058 131980 1.6 17 11 4 10 23% 693764 362 12%
c v 1522.74 282 13 77 114254  1 3123058 131918 1.6 17 11 4 10 23% 693764 362 12%
c w 1522.93 282 13 77 114254  1 3123058 131875 1.6 17 11 4 10 23% 693764 362 12%
c x 1523.48 282 13 77 114254  1 3123058 131868 1.6 17 11 4 10 23% 693692 362 12%
c t 1523.48 282 13 77 114254  1 3123058 131868 1.6 17 11 4 10 23% 693691 362 12%
c } 1531.58 282 13 77 115507  1 3142899 143837 1.6 17 11 4 10 23% 693691 362 12%
c [ 1531.58 282 17 77 115507  1 3142899 143837 1.6 22 14 5 14 26% 693691 362 12%
c i 1535.00 282 17 77 115508  1 3155972 151001 1.6 21 13 5 14 26% 693691 361 12%
c W 1540.00 276 17 77 115508  1 3160142 129049 1.6 21 13 5 14 26% 615626 361 12%
c - 1552.54 275 17 78 115530  1 3204405 119035 1.6 21 13 5 14 26% 615626 361 12%
c p 1552.59 275 17 78 115530  1 3204405 119047 1.6 21 13 5 14 26% 615626 361 12%
c 
c   seconds    reductions      conflicts          size   tier2        variables
c            MB      restarts         redundant      glue    trail        remaining
c             level         rate            size/glue  tier1   irredundant
c 
c u 1553.15 275 17 78 115530  1 3204405 118907 1.6 21 13 5 14 26% 615626 361 12%
c v 1553.43 275 17 78 115530  1 3204405 118788 1.6 21 13 5 14 26% 615626 361 12%
c w 1553.58 275 17 78 115530  1 3204405 118773 1.6 21 13 5 14 26% 615626 361 12%
c x 1553.95 275 17 78 115530  1 3204405 118770 1.6 21 13 5 14 26% 615501 361 12%
c O 1561.07 275 17 78 115539  1 3240146 142340 1.5 20 13 5 14 24% 615501 361 12%
c - 1576.32 275 16 79 115545  1 3284481 122939 1.6 20 13 5 14 25% 615501 361 12%
c p 1576.37 275 16 79 115545  1 3284481 122951 1.6 20 13 5 14 25% 615501 361 12%
c u 1576.99 275 16 79 115545  1 3284481 122818 1.6 20 13 5 14 25% 615501 361 12%
c v 1577.30 275 16 79 115545  1 3284481 122748 1.6 20 13 5 14 25% 615501 361 12%
c w 1577.44 275 16 79 115545  1 3284481 122747 1.6 20 13 5 14 25% 615501 361 12%
c x 1577.86 275 16 79 115545  1 3284481 122739 1.6 20 13 5 14 25% 615454 361 12%
c B 1590.21 275 16 79 115562  1 3321147 149834 1.6 20 13 5 14 25% 615454 361 12%
c - 1602.36 275 17 80 115574  1 3365545 128950 1.6 21 13 5 14 25% 615454 361 12%
c p 1602.40 275 17 80 115574  1 3365545 128962 1.6 21 13 5 14 25% 615454 361 12%
c u 1603.06 275 17 80 115574  1 3365545 128899 1.6 21 13 5 14 25% 615454 361 12%
c v 1603.38 275 17 80 115574  1 3365545 128854 1.6 21 13 5 14 25% 615454 361 12%
c w 1603.54 275 17 80 115574  1 3365545 128848 1.6 21 13 5 14 25% 615454 361 12%
c x 1604.00 275 17 80 115574  1 3365545 128843 1.6 21 13 5 14 25% 615401 361 12%
c s 1606.11 275 17 80 115578  1 3371874 133948 1.6 21 13 5 14 26% 613782 361 12%
c e 1606.26 275 17 80 115578  1 3371874 133833 1.6 21 13 5 14 26% 613779 358 12%
c 
c   seconds    reductions      conflicts          size   tier2        variables
c            MB      restarts         redundant      glue    trail        remaining
c             level         rate            size/glue  tier1   irredundant
c 
c s 1606.60 275 17 80 115578  1 3371874 133781 1.6 21 13 5 14 26% 612391 358 12%
c W 1618.97 275 17 80 115592  1 3403148 157317 1.5 21 14 5 14 26% 612391 358 12%
c - 1630.85 275 17 81 115603  1 3447602 128216 1.5 20 13 5 14 24% 612391 358 12%
c p 1630.90 275 17 81 115603  1 3447602 128228 1.5 20 13 5 14 24% 612391 358 12%
c u 1634.19 275 17 81 115603  1 3447602 128160 1.5 20 13 5 14 24% 612391 358 12%
c v 1634.48 275 17 81 115603  1 3447602 128111 1.5 20 13 5 14 24% 612391 358 12%
c w 1634.63 275 17 81 115603  1 3447602 128109 1.5 20 13 5 14 24% 612391 358 12%
c x 1635.10 275 17 81 115603  1 3447602 128109 1.5 20 13 5 14 24% 612363 358 12%
c t 1635.11 275 17 81 115603  1 3447602 128107 1.5 20 13 5 14 24% 612363 358 12%
c I 1645.37 275 16 81 115604  1 3486149 155393 1.5 20 13 5 14 24% 612363 358 12%
c i 1647.21 275 16 81 115604  1 3492483 158848 1.5 20 13 5 14 24% 612363 357 12%
c - 1658.93 271 16 82 115604  1 3530555 122054 1.6 20 13 5 14 25% 560797 357 12%
c 2 1658.93 271 16 82 115604  1 3530555 122053 1.6 20 13 5 14 25% 560797 357 12%
c p 1658.97 271 16 82 115604  1 3530555 122068 1.6 20 13 5 14 25% 560797 357 12%
c u 1659.50 271 16 82 115604  1 3530555 121846 1.6 20 13 5 14 25% 560797 357 12%
c v 1659.75 271 16 82 115604  1 3530555 121781 1.6 20 13 5 14 25% 560797 357 12%
c w 1659.90 271 16 82 115604  1 3530555 121774 1.6 20 13 5 14 25% 560797 357 12%
c x 1660.29 271 16 82 115604  1 3530555 121773 1.6 20 13 5 14 25% 560770 357 12%
c t 1660.30 271 16 82 115604  1 3530555 121772 1.6 20 13 5 14 25% 560769 357 12%
c ] 1669.06 271 15 82 115605  1 3566487 144655 1.6 19 12 5 13 24% 560769 357 12%
c 
c   seconds    reductions      conflicts          size   tier2        variables
c            MB      restarts         redundant      glue    trail        remaining
c             level         rate            size/glue  tier1   irredundant
c 
c { 1669.06 271 13 82 115605  1 3566487 144655 1.6 17 11 4 10 23% 560769 357 12%
c W 1672.11 271 13 82 115605  1 3570151 146664 1.6 17 11 4 10 23% 560769 357 12%
c - 1692.17 272 13 83 118012  1 3612703 137242 1.6 17 11 4 10 23% 560769 357 12%
c p 1692.23 272 13 83 118012  1 3612703 137256 1.6 17 11 4 10 23% 560769 356 12%
c u 1692.88 272 13 83 118012  1 3612703 137146 1.6 17 11 4 10 23% 560769 356 12%
c v 1693.20 272 13 83 118012  1 3612703 137131 1.6 17 11 4 10 23% 560769 356 12%
c w 1693.35 272 13 83 118012  1 3612703 137125 1.6 17 11 4 10 23% 560769 356 12%
c x 1693.80 272 13 83 118012  1 3612703 137125 1.6 17 11 4 10 23% 560744 356 12%
c F 1709.79 272 12 83 119778  1 3655152 160635 1.5 16 10 4 10 22% 560744 356 12%
c i 1713.20 272 12 83 119803  1 3664631 164980 1.5 16 10 4 10 22% 560744 354 12%
c - 1724.55 221 12 84 120756  1 3695800 127522 1.5 15 10 4 10 22% 464130 354 12%
c p 1724.60 221 12 84 120756  1 3695800 127545 1.5 15 10 4 10 22% 464130 354 12%
c u 1725.19 221 12 84 120756  1 3695800 127209 1.5 15 10 4 10 22% 464125 354 12%
c v 1725.45 221 12 84 120756  1 3695800 127080 1.5 15 10 4 10 22% 464125 354 12%
c w 1725.59 221 12 84 120756  1 3695800 127061 1.5 15 10 4 10 22% 464125 354 12%
c x 1726.03 221 12 84 120756  1 3695800 127051 1.5 15 10 4 10 22% 463930 354 12%
c t 1726.03 221 12 84 120756  1 3695800 127050 1.5 15 10 4 10 22% 463930 354 12%
c i 1733.25 221 11 84 121264  1 3720401 139736 1.5 15 9 4 10 22% 463930 351 12%
c B 1740.39 221 11 84 122515  1 3741153 153302 1.6 15 9 4 10 22% 463930 351 12%
c i 1744.04 221 11 84 122788  1 3753476 160112 1.6 15 9 4 10 23% 463930 350 12%
c 
c   seconds    reductions      conflicts          size  tier2        variables
c            MB      restarts         redundant      glue   trail        remaining
c             level         rate            size/glue tier1   irredundant
c 
c s 1745.75 221 11 84 122943  1 3758524 162386 1.6 14 9 4 10 22% 459417 350 12%
c e 1745.83 221 11 84 122943  1 3758524 159426 1.6 14 9 4 10 22% 308921 324 11%
c s 1746.23 221 11 84 122943  1 3758524 159363 1.6 14 9 4 10 22% 304620 324 11%
c i 1747.95 221 11 84 122965  1 3767386 162917 1.6 14 9 4 10 22% 304620 323 11%
c i 1748.68 221 11 84 123080  1 3770050 164017 1.6 14 9 4 10 22% 304620 322 11%
c i 1748.96 221 11 84 123094  1 3771038 164537 1.6 14 9 4 10 22% 304620 316 11%
c i 1749.06 221 11 84 123094  1 3771278 164609 1.6 14 9 4 10 22% 304620 314 11%
c i 1749.12 221 11 84 123094  1 3771479 164697 1.6 14 9 4 10 22% 304620 313 11%
c i 1749.19 221 11 84 123094  1 3771800 164817 1.6 14 9 4 10 22% 304620 312 11%
c i 1749.20 221 11 84 123094  1 3771830 164821 1.6 14 9 4 10 22% 304620 310 11%
c i 1749.20 221 11 84 123094  1 3771848 164829 1.6 14 9 4 10 22% 304620 309 10%
c i 1749.20 221 11 84 123094  1 3771849 164829 1.6 14 9 4 10 22% 304620 308 10%
c i 1749.20 221 11 84 123094  1 3771869 164831 1.6 14 9 4 10 22% 304620 284 10%
c i 1749.20 221 11 84 123094  1 3771874 164833 1.6 14 9 4 10 22% 304620 279  9%
c } 1749.20 221 11 84 123094  1 3771878 164833 1.6 14 9 4 10 22% 304620 275  9%
c 0 1749.20 221 11 84 123094  1 3771878 164833 1.6 14 9 4 10 22% 304620 275  9%
c 
c --- [ closing proof ] ------------------------------------------------------
c 
c LRAT proof file '/root/earth-moon/population/f034-a4-cert/cs-a4_m12c/r/n105_n53_p95_n149/round-0/F.lrat' closed
c LRAT 4962760 added clauses 46.61%
c LRAT 5685684 deleted clauses 53.39%
c LRAT 968968674 bytes (924.08 MB)
c 
c --- [ result ] -------------------------------------------------------------
c 
s UNSATISFIABLE
c 
c --- [ run-time profiling ] -------------------------------------------------
c 
c process time taken by individual solving procedures
c (percentage relative to process time for solving)
c 
c      1625.31   92.96% search
c       965.61   55.23% unstable
c       592.54   33.89% stable
c       123.01    7.04% simplify
c        91.23    5.22% vivify
c        66.92    3.83% walk
c        14.32    0.82% sweep
c         5.94    0.34% subsume
c         5.49    0.31% elim
c         2.27    0.13% probe
c         1.22    0.07% ternary
c         0.88    0.05% parse
c         0.69    0.04% congruence
c         0.25    0.01% lucky
c         0.01    0.00% backbone
c   =================================
c      1748.32   99.95% solve
c 
c last line shows process time for solving
c (percentage relative to total process time)
c 
c --- [ statistics ] ---------------------------------------------------------
c 
c chronological:            310715         8.24 %  of conflicts
c conflicts:               3771878      2157.43    per second
c backbone:                 123451      4191.88 %  of vars
c decisions:               4462030      2552.18    per second
c eliminated:                 2027        68.83 %  of all variables
c fixed:                       641        21.77 %  of all variables
c learned:                 3708438        98.32 %  per conflict
c learned_lits:           99593073       100.00 %  learned literals
c minimized:                     0         0.00 %  learned literals
c shrunken:               18714606        18.79 %  learned literals
c minishrunken:            7412706         7.44 %  learned literals
c otfs:                      27408         0.73 %  of conflict
c propagations:           51645347         0.03 M  per second
c reduced:                 2340637        62.05 %  per conflict
c rephased:                     86     43859.05    interval
c restarts:                 123094        30.64    interval
c stabilizing:                  14        53.30 %  of conflicts
c substituted:                   2         0.07 %  of all variables
c subsumed:                1124642        24.25 %  of all clauses
c strengthened:             211996         4.57 %  of all clauses
c ticks:               79097874182      1562.98    propagation
c vivified:                  21694         0.47 %  of all clauses
c walked:                       27    139699.19    interval
c weakened:                   4958         2.51    average size
c congruence:                   12    314323.17    interval
c 
c seconds are measured in process time for solving
c 
c --- [ glue usage ] ---------------------------------------------------------
c 
c focused glue 4 used 590483 clauses 8.837% accumulated 56.88% tier1
c focused glue 5 used 408588 clauses 6.114% accumulated 63.00%
c focused glue 6-8 used 871326 clauses 13.04% accumulated 76.04%
c focused glue 9 used 283471 clauses 4.242% accumulated 80.28%
c focused glue 10 used 266157 clauses 3.983% accumulated 84.26% tier2
c 
c stable glue 5 used 426525 clauses 5.282% accumulated 51.40% tier1
c stable glue 6 used 319396 clauses 3.955% accumulated 55.35%
c stable glue 7-11 used 1733968 clauses 21.47% accumulated 76.83%
c stable glue 12 used 342495 clauses 4.242% accumulated 81.07%
c stable glue 13 used 314548 clauses 3.895% accumulated 84.97% tier2
c 
c 
c --- [ resources ] ----------------------------------------------------------
c 
c total process time since initialization:      1749.21    seconds
c total real time since initialization:         1749.49    seconds
c maximum resident set size of process:          363.45    MB
c 
c --- [ shutting down ] ------------------------------------------------------
c 
c exit 20

[rc=20 1749.5s]
$ /root/earth-moon/verifier/../tools/drat-trim/lrat-check /root/earth-moon/population/f034-a4-cert/cs-a4_m12c/r/n105_n53_p95_n149/round-0/F.cnf /root/earth-moon/population/f034-a4-cert/cs-a4_m12c/r/n105_n53_p95_n149/round-0/F.lrat
c parsed a formula with 2945 variables and 1193019 clauses
c VERIFIED
c allocated 1024 27178458 223633
c Added clauses = 6155779.  Deleted clauses = 5685684.  Max live clauses = 1193019
c verification time = 15.54 secs

[rc=0 15.5s]
