# lean_static_resolve 2026-10-02 19:27:38
# dump=/root/earth-moon/population/f034-a4-cert/cs-a4_m04c/s/n105_p94_p136_n143/dump.jsonl raw=909430 dedup=909430 footer={'type': 'footer', 'verdict': 'UNSAT', 'counts': {'preseed': 8426, 'prop': 901004, 'model': 0}, 'stats': {'checks': 4146425, 'confl': 450502, 'model_rej': 0}, 'time': '2026-10-02T19:26:50+0000'}
# counters=False
$ /root/bin/cadical --lrat --no-binary --no-factor /root/earth-moon/population/f034-a4-cert/cs-a4_m04c/r/n105_p94_p136_n143/round-0/F.cnf /root/earth-moon/population/f034-a4-cert/cs-a4_m04c/r/n105_p94_p136_n143/round-0/F.lrat
c --- [ banner ] -------------------------------------------------------------
c 
c CaDiCaL SAT Solver
c Copyright (c) 2016-2026
c A. Biere, M. Fleury, N. Froleyks, K. Fazekas, F. Pollitt, T. Faller
c JKU Linz, University of Freiburg, TU Wien
c 
c Version 3.0.1 c60730422e758ef1cebe7aeddf2dda31c996bf04
c g++ (Ubuntu 13.3.0-6ubuntu2~24.04.1) 13.3.0 -Wall -Wextra -O3 -DNDEBUG
c Fri Oct 2 18:00:09 UTC 2026 Linux ai-math 6.8.0-139-generic x86_64
c 
c --- [ proof tracing ] ------------------------------------------------------
c 
c opening file to write '/root/earth-moon/population/f034-a4-cert/cs-a4_m04c/r/n105_p94_p136_n143/round-0/F.lrat'
c writing non-binary proof trace to '/root/earth-moon/population/f034-a4-cert/cs-a4_m04c/r/n105_p94_p136_n143/round-0/F.lrat'
c 
c --- [ parsing input ] ------------------------------------------------------
c 
c reading DIMACS file from '/root/earth-moon/population/f034-a4-cert/cs-a4_m04c/r/n105_p94_p136_n143/round-0/F.cnf'
c opening file to read '/root/earth-moon/population/f034-a4-cert/cs-a4_m04c/r/n105_p94_p136_n143/round-0/F.cnf'
c found 'p cnf 2964 917841' header
c parsed 917841 clauses in 0.60 seconds process time
c 
c --- [ options ] ------------------------------------------------------------
c 
c   --binary=false                 (different from default 'true')
c   --lrat=true                    (different from default 'false')
c 
c --- [ solving ] ------------------------------------------------------------
c 
c time measured in process time since initialization
c 
c  seconds  reduction conflicts       size tier2       variables
c         MB    restarts   redundant    glue  trail         remaining
c          level     rate       size/glu tier1  irredundant
c 
c *  0.60 91  0 0   0  0    0    0 0.0 0 0 2 6  0% 673264 2923 99%
c )  0.80 135  0 0   0  0    0    0 0.0 0 0 2 6  0% 673264 2923 99%
c {  0.81 136  0 0   0  0    0    0 0.0 0 0 2 6  0% 673264 2923 99%
c i  0.86 137 657 0   0 18   96   33 1.5 11 7 2 6 31% 673206 2922 99%
c i  0.86 137 657 0   0 17  101   35 1.5 11 7 2 6 32% 673206 2921 99%
c i  1.05 145 364 0  23 12  211  105 1.3 16 12 2 6 23% 673179 2920 99%
c i  1.05 145 360 0  23 12  213  105 1.3 15 12 2 6 23% 673179 2918 98%
c i  1.05 145 359 0  23 12  214  105 1.3 15 11 2 6 22% 673179 2917 98%
c i  1.05 145 350 0  23 12  221  108 1.3 15 11 2 6 22% 673178 2916 98%
c -  1.13 146 266 1  23  9  301   76 1.5 16 11 2 6 21% 673147 2916 98%
c i  1.29 150 190 1  50  9  452  158 1.4 18 13 2 6 18% 673088 2915 98%
c i  1.29 150 190 1  51  9  453  158 1.4 18 13 2 6 18% 673088 2914 98%
c i  1.29 150 189 1  51  9  454  158 1.4 18 13 2 6 18% 673088 2913 98%
c i  1.29 150 189 1  51  9  455  158 1.4 18 13 2 6 18% 673088 2911 98%
c i  1.29 150 188 1  51  9  457  158 1.4 18 13 2 6 18% 673087 2910 98%
c i  1.29 150 187 1  51  9  458  158 1.4 18 13 2 6 18% 673087 2908 98%
c i  1.29 150 186 1  51  9  461  160 1.4 17 13 2 6 18% 673087 2907 98%
c }  1.32 150 88 1  52  5 1001  423 1.4 15 10 2 6 13% 673087 2907 98%
c [  1.32 150  0 1  52  0 1001  423 0.0 0 0 2 6  0% 673087 2907 98%
c O  1.32 150  3 1  52  4 1002  424 1.3 4 3 2 6 18% 673087 2907 98%
c 
c  seconds   reduction conflicts       size  tier2       variables
c          MB    restarts   redundant     glue  trail         remaining
c           level     rate       size/glue tier1  irredundant
c 
c -  1.51 203  5 2  52  1 1093  244 2.1 10 5 2 6 22% 673071 2907 98%
c i  1.53 203  6 2  52  1 1922  447 1.3 8 6 2 6 10% 673069 2897 98%
c ]  1.81 204 19 2  53  1 2446  848 1.4 15 11 2 6 15% 673014 2897 98%
c {  1.81 204 88 2  53  5 2446  848 1.4 15 10 2 6 13% 673014 2897 98%
c -  2.11 202 81 3  91  5 2604  210 1.4 16 11 2 6 13% 651262 2897 98%
c i  2.16 202 80 3 105  5 2662  250 1.4 16 11 2 6 13% 651254 2894 98%
c i  2.17 202 79 3 106  5 2663  250 1.4 16 11 2 6 13% 651254 2893 98%
c i  2.17 202 79 3 106  5 2664  250 1.4 16 11 2 6 13% 651254 2892 98%
c i  2.41 202 74 3 147  6 2829  365 1.4 16 12 2 6 13% 651227 2890 98%
c i  2.41 202 74 3 147  6 2831  366 1.4 16 12 2 6 13% 651227 2887 97%
c i  2.42 202 73 3 148  6 2834  368 1.4 16 12 2 6 13% 651227 2886 97%
c i  2.42 202 73 3 149  6 2839  369 1.4 16 12 2 6 13% 651225 2871 97%
c i  2.61 203 68 3 188  6 3005  490 1.3 17 13 2 6 13% 651204 2848 96%
c O  2.61 203 68 3 189  6 3006  491 1.3 17 13 2 6 13% 651204 2848 96%
c i  2.68 203 67 3 194  6 3038  513 1.3 17 13 2 6 13% 651203 2847 96%
c i  2.68 203 67 3 194  6 3039  513 1.3 17 13 2 6 13% 651203 2846 96%
c i  2.68 203 67 3 194  6 3040  513 1.3 17 13 2 6 13% 651203 2843 96%
c i  2.80 203 65 3 219  6 3135  578 1.3 18 13 2 6 13% 651190 2812 95%
c 2  3.22 203 61 3 282  6 3397  786 1.3 19 14 2 6 13% 651172 2804 95%
c d  3.26 203 61 3 282  6 3397  766 1.3 19 14 2 6 13% 651056 2803 95%
c 
c  seconds   reduction conflicts       size   tier2       variables
c          MB    restarts   redundant     glue   trail         remaining
c           level     rate       size/glue  tier1  irredundant
c 
c p  3.26 203 61 3 282  6 3397  792 1.3 19 14 2 6 13% 651056 2803 95%
c =  3.53 209 61 3 282  6 3397  787 1.3 19 14 2 6 13% 651028 2765 93%
c t  3.54 209 61 3 282  6 3397  780 1.3 19 14 2 6 13% 651028 2765 93%
c i  3.88 209 45 3 326  4 4360 1303 1.3 17 13 2 6 13% 651018 2764 93%
c }  4.05 209 44 3 360  4 4483 1411 1.3 18 13 2 6 13% 651016 2764 93%
c [  4.05 209 19 3 360  1 4483 1411 1.4 15 11 2 6 15% 651016 2764 93%
c -  4.34 209 20 4 360  1 4918  651 1.4 17 12 2 6 16% 650995 2764 93%
c 2  4.68 209 22 4 361  1 5899 1385 1.4 20 14 9 22 17% 650968 2757 93%
c I  4.89 209 23 4 361  1 6008 1450 1.4 20 15 9 22 17% 650938 2757 93%
c ]  5.65 209 23 4 362  1 7637 2866 1.4 22 15 10 22 19% 650909 2757 93%
c {  5.65 209 44 4 362  4 7637 2866 1.3 18 13 2 6 13% 650909 2757 93%
c i  5.85 209 44 4 394  5 7755 2959 1.3 18 13 2 6 14% 650893 2756 93%
c i  5.89 209 43 4 401  5 7790 2984 1.3 18 13 2 6 14% 650888 2755 93%
c i  5.99 209 43 4 408  4 7933 3096 1.3 18 13 2 6 14% 650876 2710 91%
c -  6.28 209 42 5 441  4 8099 1122 1.3 18 14 2 6 14% 650825 2710 91%
c 2  6.39 209 40 5 445  4 8502 1441 1.4 18 13 2 6 15% 650812 2703 91%
c #  7.36 209 34 5 565  3 10012 2523 1.4 18 13 4 16 16% 650805 2703 91%
c -  8.44 209 30 6 670  3 12177 3604 1.4 18 12 4 16 17% 650788 2703 91%
c 2  8.44 209 30 6 670  3 12177 3604 1.4 18 12 4 16 17% 650788 2697 91%
c =  8.64 209 30 6 670  3 12177 3604 1.4 18 12 4 16 17% 650774 2696 91%
c 
c  seconds   reductions conflicts       size   tier2        variables
c          MB    restarts    redundant     glue    trail         remaining
c           level     rate        size/glue  tier1   irredundant
c 
c B  9.56 209 25 6 775  3 15014 5318 1.4 17 12 3 13 17% 650772 2696 91%
c }  9.80 209 25 6 801  3 15158 5427 1.4 17 12 3 13 17% 650772 2696 91%
c [  9.80 209 23 6 801  1 15158 5427 1.4 22 15 10 22 19% 650772 2696 91%
c s 10.10 209 23 6 801  1 15697 5698 1.4 22 15 10 22 19% 650669 2696 91%
c t 10.12 209 23 6 801  1 15697 5698 1.4 22 15 10 22 19% 650651 2696 91%
c e 10.27 209 23 6 801  1 15697 5400 1.4 22 15 10 22 19% 646410 365 12%
c s 10.30 209 23 6 801  1 15697 5398 1.4 22 15 10 22 19% 646403 365 12%
c - 11.06 209 23 7 803  1 17178 5023 1.4 22 15 10 22 31% 646403 365 12%
c u 11.42 210 23 7 803  1 17178 4941 1.4 22 15 10 22 31% 646403 365 12%
c v 11.50 210 23 7 803  1 17178 4939 1.4 22 15 10 22 31% 646403 365 12%
c w 11.53 210 23 7 803  1 17178 4937 1.4 22 15 10 22 31% 646403 365 12%
c x 11.65 210 23 7 803  1 17178 4935 1.4 22 15 10 22 31% 646400 365 12%
c t 11.65 210 23 7 803  1 17178 4933 1.4 22 15 10 22 31% 646400 365 12%
c B 12.30 210 23 7 804  1 21015 8067 1.4 23 16 10 22 29% 646400 365 12%
c - 12.76 210 23 8 804  1 23109 5520 1.4 22 16 10 20 28% 646400 365 12%
c ] 13.56 210 23 8 807  1 25743 7396 1.4 23 16 10 20 27% 646425 365 12%
c { 13.56 210 25 8 807  3 25743 7396 1.4 17 12 3 13 138% 646425 365 12%
c W 15.61 210 24 8 1156  3 28016 9106 1.4 17 12 3 13 116% 646425 365 12%
c - 16.77 210 23 9 1343  2 29988 6063 1.4 17 12 3 13 103% 646425 365 12%
c p 16.79 210 23 9 1343  2 29988 6077 1.4 17 12 3 13 103% 646425 365 12%
c 
c  seconds   reductions  conflicts       size   tier2        variables
c          MB    restarts     redundant     glue    trail        remaining
c           level      rate        size/glue  tier1   irredundant
c 
c F 17.79 210 20 9 1401  2 36018 9642 1.4 16 12 3 13 76% 646425 365 12%
c - 19.06 211 20 10 1588  2 37825 8323 1.4 17 12 5 12 72% 646425 365 12%
c t 19.11 211 20 10 1588  2 37825 8323 1.4 17 12 5 12 72% 646424 365 12%
c } 20.83 211 20 10 1861  2 40503 10277 1.4 17 12 5 12 66% 646424 365 12%
c [ 20.83 211 23 10 1861  1 40503 10277 1.4 23 16 10 20 27% 646424 365 12%
c W 22.24 211 22 10 1864  1 45020 13557 1.4 22 16 10 20 28% 646424 365 12%
c - 22.71 211 22 11 1865  1 46627 10584 1.4 22 16 10 20 28% 646424 365 12%
c p 22.73 211 22 11 1865  1 46627 10586 1.4 22 16 10 20 28% 646424 365 12%
c u 22.94 211 22 11 1865  1 46627 10525 1.4 22 16 10 20 28% 646424 365 12%
c v 23.03 211 22 11 1865  1 46627 10504 1.4 22 16 10 20 28% 646424 365 12%
c w 23.07 211 22 11 1865  1 46627 10492 1.4 22 16 10 20 28% 646424 365 12%
c x 23.21 211 22 11 1865  1 46627 10490 1.4 22 16 10 20 28% 646411 365 12%
c O 24.92 211 22 11 1866  1 55022 16307 1.4 22 16 10 20 27% 646411 365 12%
c - 25.44 211 22 12 1866  1 56400 10157 1.4 22 16 10 20 27% 646411 365 12%
c p 25.46 211 22 12 1866  1 56400 10161 1.4 22 16 10 20 27% 646411 365 12%
c ] 26.23 211 22 12 1866  1 58090 11642 1.4 22 16 10 20 27% 646411 365 12%
c { 26.23 211 20 12 1866  2 58090 11642 1.4 17 12 5 12 66% 646411 365 12%
c s 27.09 211 20 12 2068  2 58861 12225 1.4 17 12 5 12 65% 646363 365 12%
c s 27.29 211 20 12 2068  2 58861 12194 1.4 17 12 5 12 65% 646234 365 12%
c B 31.39 211 19 12 2650  2 66025 17422 1.4 17 12 5 12 56% 646234 365 12%
c 
c  seconds   reductions   conflicts        size   tier2        variables
c          MB     restarts      redundant     glue    trail        remaining
c           level       rate         size/glue  tier1   irredundant
c 
c - 31.76 211 19 13 2652  2 67149 12260 1.5 17 12 5 12 55% 646234 365 12%
c p 31.80 211 19 13 2652  2 67149 12272 1.5 17 12 5 12 55% 646234 365 12%
c u 32.00 211 19 13 2652  2 67149 12225 1.5 17 12 5 12 55% 646234 365 12%
c v 32.08 211 19 13 2652  2 67149 12204 1.5 17 12 5 12 55% 646234 365 12%
c w 32.12 211 19 13 2652  2 67149 12202 1.5 17 12 5 12 55% 646234 365 12%
c x 32.24 211 19 13 2652  2 67149 12202 1.5 17 12 5 12 55% 646228 365 12%
c } 36.63 211 18 13 3721  2 77871 19169 1.4 17 12 4 12 45% 646228 365 12%
c [ 36.63 211 22 13 3721  1 77871 19169 1.4 22 16 10 20 27% 646228 365 12%
c B 36.71 211 22 13 3721  1 78027 19301 1.4 22 16 10 20 27% 646228 365 12%
c - 37.02 211 22 14 3722  1 78879 14409 1.4 22 16 10 20 27% 646228 365 12%
c p 37.05 211 22 14 3722  1 78879 14413 1.4 22 16 10 20 27% 646228 365 12%
c W 39.96 211 22 14 3728  1 91030 22581 1.4 22 17 10 20 26% 646228 365 12%
c - 40.18 211 22 15 3729  1 91589 12945 1.3 23 17 10 20 26% 646228 365 12%
c p 40.21 211 22 15 3729  1 91589 12953 1.3 23 17 10 20 26% 646228 365 12%
c u 40.37 211 22 15 3729  1 91589 12728 1.3 23 17 10 20 26% 646228 365 12%
c v 40.45 211 22 15 3729  1 91589 12721 1.3 23 17 10 20 26% 646228 365 12%
c w 40.48 211 22 15 3729  1 91589 12719 1.3 23 17 10 20 26% 646228 365 12%
c x 40.61 211 22 15 3729  1 91589 12719 1.3 23 17 10 20 26% 646221 365 12%
c I 43.69 211 22 15 3736  1 105031 22448 1.4 22 16 10 20 26% 646221 365 12%
c - 43.89 211 22 16 3736  1 105285 12083 1.4 22 16 10 20 26% 646221 365 12%
c 
c  seconds   reductions   conflicts         size    tier2        variables
c          MB     restarts       redundant     glue     trail        remaining
c           level       rate          size/glue  tier1    irredundant
c 
c p 43.91 211 22 16 3736  1 105285 12087 1.4 22 16 10 20 26% 646221 365 12%
c ] 44.57 211 22 16 3736  1 105783 12391 1.4 22 16 10 20 26% 646221 365 12%
c { 44.57 211 18 16 3736  2 105783 12391 1.4 17 12 4 12 45% 646221 365 12%
c i 45.35 211 18 16 3910  2 107107 13233 1.4 17 12 4 12 44% 646221 364 12%
c - 51.65 205 18 17 5509  2 119969 13752 1.4 17 12 4 12 38% 580178 364 12%
c 2 51.65 205 18 17 5509  2 119969 13751 1.4 17 12 4 12 38% 580177 364 12%
c p 51.69 205 18 17 5509  2 119969 13759 1.4 17 12 4 12 38% 580177 364 12%
c u 51.95 205 18 17 5509  2 119969 13729 1.4 17 12 4 12 38% 580177 364 12%
c v 52.05 205 18 17 5509  2 119969 13719 1.4 17 12 4 12 38% 580177 364 12%
c w 52.09 205 18 17 5509  2 119969 13686 1.4 17 12 4 12 38% 580177 364 12%
c x 52.23 205 18 17 5509  2 119969 13685 1.4 17 12 4 12 38% 580171 364 12%
c W 52.99 205 18 17 5524  2 120032 13730 1.4 17 12 4 12 38% 580171 364 12%
c s 54.55 205 18 17 5805  2 123601 16384 1.4 17 12 4 12 37% 580112 364 12%
c e 54.68 205 18 17 5805  2 123601 16312 1.4 17 12 4 12 37% 580110 362 12%
c s 54.72 205 18 17 5805  2 123601 16301 1.4 17 12 4 12 37% 580066 362 12%
c - 58.03 206 17 18 6315  2 135241 17822 1.4 17 12 4 12 34% 580066 362 12%
c p 58.06 206 17 18 6315  2 135241 17830 1.4 17 12 4 12 34% 580066 362 12%
c # 58.51 206 17 18 6398  2 136038 18345 1.4 17 12 4 12 34% 580066 362 12%
c } 59.03 206 17 18 6464  2 137241 19319 1.4 17 12 4 12 34% 580066 362 12%
c [ 59.03 206 22 18 6464  1 137241 19319 1.4 22 16 10 20 26% 580066 362 12%
c 
c  seconds   reductions   conflicts         size    tier2        variables
c          MB     restarts       redundant     glue     trail        remaining
c           level       rate          size/glue  tier1    irredundant
c 
c - 62.88 206 21 19 6465  1 151453 20057 1.4 22 16 10 20 26% 580066 362 12%
c p 62.91 206 21 19 6465  1 151453 20065 1.4 22 16 10 20 26% 580066 362 12%
c u 63.08 206 21 19 6465  1 151453 19950 1.4 22 16 10 20 26% 580066 362 12%
c v 63.17 206 21 19 6465  1 151453 19940 1.4 22 16 10 20 26% 580066 362 12%
c w 63.22 206 21 19 6465  1 151453 19910 1.4 22 16 10 20 26% 580066 362 12%
c x 63.37 206 21 19 6465  1 151453 19909 1.4 22 16 10 20 26% 580065 362 12%
c B 63.83 206 21 19 6465  1 153039 20947 1.4 22 16 10 20 26% 580065 362 12%
c - 66.99 206 21 20 6472  1 168609 18612 1.4 22 16 10 20 25% 580065 362 12%
c p 67.02 206 21 20 6472  1 168609 18620 1.4 22 16 10 20 25% 580065 362 12%
c u 67.14 206 21 20 6472  1 168609 18535 1.4 22 16 10 20 25% 580065 362 12%
c v 67.20 206 21 20 6472  1 168609 18526 1.4 22 16 10 20 25% 580065 362 12%
c w 67.22 206 21 20 6472  1 168609 18519 1.4 22 16 10 20 25% 580065 362 12%
c x 67.30 206 21 20 6472  1 168609 18519 1.4 22 16 10 20 25% 580064 362 12%
c W 68.74 206 20 20 6472  1 171041 20088 1.4 22 16 10 20 25% 580064 362 12%
c ] 68.97 206 20 20 6473  1 172539 21161 1.4 22 16 10 20 25% 580064 362 12%
c { 68.97 206 17 20 6473  2 172539 21161 1.4 17 12 4 12 34% 580064 362 12%
c - 74.74 206 17 21 7564  2 186711 19882 1.4 17 12 4 12 32% 580064 362 12%
c p 74.78 206 17 21 7564  2 186711 19890 1.4 17 12 4 12 32% 580064 362 12%
c u 75.65 206 17 21 7564  2 186711 19875 1.4 17 12 4 12 32% 580064 362 12%
c v 75.71 206 17 21 7564  2 186711 19868 1.4 17 12 4 12 32% 580064 362 12%
c 
c  seconds   reductions   conflicts         size   tier2        variables
c          MB     restarts       redundant     glue    trail        remaining
c           level       rate          size/glue  tier1   irredundant
c 
c x 75.82 206 17 21 7564  2 186711 19863 1.4 17 12 4 12 32% 580059 362 12%
c B 77.68 206 17 21 7994  2 190042 22408 1.4 18 12 4 12 31% 580059 362 12%
c - 83.72 207 17 22 9103  2 205760 26469 1.5 18 12 5 13 30% 580059 362 12%
c p 83.75 207 17 22 9103  2 205760 26477 1.5 18 12 5 13 30% 580059 362 12%
c u 83.94 207 17 22 9103  2 205760 26451 1.5 18 12 5 13 30% 580059 362 12%
c v 84.00 207 17 22 9103  2 205760 26442 1.5 18 12 5 13 30% 580059 362 12%
c w 84.04 207 17 22 9103  2 205760 26441 1.5 18 12 5 13 30% 580059 362 12%
c x 84.16 207 17 22 9103  2 205760 26441 1.5 18 12 5 13 30% 580057 362 12%
c s 85.02 207 17 22 9103  2 208770 28603 1.5 18 12 5 13 30% 579954 362 12%
c s 85.20 207 17 22 9103  2 208770 28585 1.5 18 12 5 13 30% 579701 362 12%
c W 86.90 207 17 22 9292  2 210044 29523 1.5 18 12 5 13 30% 579701 362 12%
c } 88.49 207 17 22 9577  2 213343 31829 1.5 18 12 5 13 30% 579701 362 12%
c [ 88.49 207 20 22 9577  1 213343 31829 1.4 22 16 10 20 25% 579701 362 12%
c - 90.88 207 20 23 9583  1 225757 31822 1.4 22 15 10 20 26% 579701 362 12%
c p 90.92 207 20 23 9583  1 225757 31829 1.4 22 15 10 20 26% 579701 362 12%
c u 91.09 207 20 23 9583  1 225757 31786 1.4 22 15 10 20 26% 579701 362 12%
c v 91.16 207 20 23 9583  1 225757 31784 1.4 22 15 10 20 26% 579701 362 12%
c w 91.19 207 20 23 9583  1 225757 31782 1.4 22 15 10 20 26% 579701 362 12%
c x 91.29 207 20 23 9583  1 225757 31781 1.4 22 15 10 20 26% 579695 362 12%
c O 92.31 207 20 23 9584  1 231045 35673 1.4 22 15 10 20 26% 579695 362 12%
c 
c  seconds   reductions   conflicts         size    tier2        variables
c          MB     restarts       redundant     glue     trail        remaining
c           level       rate          size/glue  tier1    irredundant
c 
c - 95.78 207 20 24 9591  1 246700 32224 1.4 22 15 10 20 26% 579695 362 12%
c p 95.81 207 20 24 9591  1 246700 32232 1.4 22 15 10 20 26% 579695 362 12%
c u 95.94 207 20 24 9591  1 246700 32188 1.4 22 15 10 20 26% 579695 362 12%
c v 96.00 207 20 24 9591  1 246700 32183 1.4 22 15 10 20 26% 579695 362 12%
c w 96.03 207 20 24 9591  1 246700 32181 1.4 22 15 10 20 26% 579695 362 12%
c x 96.12 207 20 24 9591  1 246700 32181 1.4 22 15 10 20 26% 579687 362 12%
c B 97.20 207 21 24 9597  1 253046 36876 1.4 22 15 10 20 26% 579687 362 12%
c - 100.08 207 21 25 9600  1 268593 27756 1.4 22 16 9 17 26% 579687 362 12%
c p 100.12 207 21 25 9600  1 268593 27764 1.4 22 16 9 17 26% 579687 362 12%
c u 100.24 207 21 25 9600  1 268593 27694 1.4 22 16 9 17 26% 579687 362 12%
c v 100.30 207 21 25 9600  1 268593 27691 1.4 22 16 9 17 26% 579687 362 12%
c w 100.33 207 21 25 9600  1 268593 27691 1.4 22 16 9 17 26% 579687 362 12%
c x 100.42 207 21 25 9600  1 268593 27690 1.4 22 16 9 17 26% 579681 362 12%
c ] 100.76 207 21 25 9600  1 270073 28805 1.4 22 16 9 17 26% 579681 362 12%
c { 100.76 207 17 25 9600  2 270073 28805 1.5 18 12 5 13 30% 579681 362 12%
c F 103.82 207 17 25 10188  2 276048 32990 1.5 18 12 5 13 29% 579681 362 12%
c - 110.88 207 17 26 11911  2 291437 28426 1.4 18 12 5 13 28% 579681 362 12%
c p 110.90 207 17 26 11911  2 291437 28437 1.4 18 12 5 13 28% 579681 362 12%
c u 111.07 207 17 26 11911  2 291437 28277 1.4 18 12 5 13 28% 579681 362 12%
c v 111.15 207 17 26 11911  2 291437 28246 1.4 18 12 5 13 28% 579681 362 12%
c 
c  seconds    reductions    conflicts         size   tier2        variables
c           MB      restarts       redundant     glue    trail        remaining
c            level        rate          size/glue  tier1   irredundant
c 
c w 111.19 207 17 26 11911  2 291437 28242 1.4 18 12 5 13 28% 579681 362 12%
c x 111.34 207 17 26 11911  2 291437 28241 1.4 18 12 5 13 28% 579676 362 12%
c B 115.37 207 17 26 12715  2 300049 34273 1.4 18 12 5 13 27% 579676 362 12%
c s 120.13 207 16 26 13299  2 315224 44656 1.5 18 12 5 13 27% 579521 362 12%
c s 120.32 207 16 26 13299  2 315224 44617 1.5 18 12 5 13 27% 579423 362 12%
c - 120.56 207 16 27 13301  2 315232 35361 1.5 18 12 5 13 27% 579423 362 12%
c p 120.61 207 16 27 13301  2 315232 35372 1.5 18 12 5 13 27% 579423 362 12%
c u 121.76 207 16 27 13301  2 315232 35360 1.5 18 12 5 13 27% 579423 362 12%
c v 121.87 207 16 27 13301  2 315232 35352 1.5 18 12 5 13 27% 579423 362 12%
c w 121.92 207 16 27 13301  2 315232 35339 1.5 18 12 5 13 27% 579423 362 12%
c x 122.03 207 16 27 13301  2 315232 35339 1.5 18 12 5 13 27% 579402 362 12%
c W 126.67 207 16 27 13750  2 325051 42077 1.5 18 12 5 13 26% 579402 362 12%
c } 127.31 207 16 27 13867  2 326708 43183 1.5 18 12 5 13 26% 579402 362 12%
c [ 127.31 207 21 27 13867  1 326708 43183 1.4 22 16 9 17 26% 579402 362 12%
c - 130.08 208 20 28 13867  1 339977 41691 1.4 22 15 9 17 26% 579402 362 12%
c p 130.12 208 20 28 13867  1 339977 41702 1.4 22 15 9 17 26% 579402 362 12%
c u 130.31 208 20 28 13867  1 339977 41687 1.4 22 15 9 17 26% 579402 362 12%
c v 130.38 208 20 28 13867  1 339977 41683 1.4 22 15 9 17 26% 579402 362 12%
c w 130.42 208 20 28 13867  1 339977 41682 1.4 22 15 9 17 26% 579402 362 12%
c x 130.51 208 20 28 13867  1 339977 41682 1.4 22 15 9 17 26% 579396 362 12%
c 
c  seconds    reductions    conflicts         size   tier2        variables
c           MB      restarts       redundant     glue    trail        remaining
c            level        rate          size/glue  tier1   irredundant
c 
c W 133.41 208 20 28 13868  1 351054 49663 1.4 22 15 9 17 26% 579396 362 12%
c - 136.45 208 20 29 13868  1 365674 44418 1.5 22 15 9 17 27% 579396 362 12%
c p 136.50 208 20 29 13868  1 365674 44429 1.5 22 15 9 17 27% 579396 362 12%
c u 136.68 208 20 29 13868  1 365674 44413 1.5 22 15 9 17 27% 579396 362 12%
c v 136.76 208 20 29 13868  1 365674 44412 1.5 22 15 9 17 27% 579396 362 12%
c w 136.79 208 20 29 13868  1 365674 44410 1.5 22 15 9 17 27% 579396 362 12%
c x 136.90 208 20 29 13868  1 365674 44410 1.5 22 15 9 17 27% 579394 362 12%
c I 139.64 208 19 29 13871  1 378055 53727 1.5 22 15 9 17 27% 579394 362 12%
c - 142.86 208 19 30 13880  1 392324 44706 1.5 22 15 9 17 27% 579394 362 12%
c p 142.89 208 19 30 13880  1 392324 44717 1.5 22 15 9 17 27% 579394 362 12%
c u 143.13 208 19 30 13880  1 392324 44675 1.5 22 15 9 17 27% 579394 362 12%
c v 143.21 208 19 30 13880  1 392324 44669 1.5 22 15 9 17 27% 579394 362 12%
c w 143.26 208 19 30 13880  1 392324 44666 1.5 22 15 9 17 27% 579394 362 12%
c x 143.38 208 19 30 13880  1 392324 44665 1.5 22 15 9 17 27% 579394 362 12%
c ] 145.59 208 20 30 13883  1 401169 51823 1.5 22 15 8 17 27% 579394 362 12%
c { 145.59 208 16 30 13883  2 401169 51823 1.5 18 12 5 13 26% 579394 362 12%
c # 147.17 208 16 30 14066  2 406056 54905 1.5 18 12 5 13 26% 579394 362 12%
c - 151.83 208 16 31 14575  2 419929 46214 1.5 18 12 5 13 26% 579394 362 12%
c p 151.89 208 16 31 14575  2 419929 46225 1.5 18 12 5 13 26% 579394 362 12%
c u 152.10 208 16 31 14575  2 419929 46193 1.5 18 12 5 13 26% 579394 362 12%
c 
c  seconds    reductions    conflicts         size   tier2        variables
c           MB      restarts       redundant     glue    trail        remaining
c            level        rate          size/glue  tier1   irredundant
c 
c v 152.19 208 16 31 14575  2 419929 46186 1.5 18 12 5 13 26% 579394 362 12%
c w 152.23 208 16 31 14575  2 419929 46170 1.5 18 12 5 13 26% 579394 362 12%
c x 152.36 208 16 31 14575  2 419929 46170 1.5 18 12 5 13 26% 579390 362 12%
c B 159.34 208 16 31 16026  2 435057 56094 1.5 18 12 5 13 25% 579390 362 12%
c s 162.28 208 16 31 16492  2 442957 61690 1.5 18 12 5 13 25% 579182 362 12%
c s 162.51 208 16 31 16492  2 442957 61668 1.5 18 12 5 13 25% 578950 362 12%
c - 164.35 208 16 32 16712  2 448489 49856 1.5 18 12 5 13 25% 578950 362 12%
c p 164.40 208 16 32 16712  2 448489 49867 1.5 18 12 5 13 25% 578950 362 12%
c u 164.61 208 16 32 16712  2 448489 49751 1.5 18 12 5 13 25% 578950 362 12%
c v 164.73 208 16 32 16712  2 448489 49741 1.5 18 12 5 13 25% 578950 362 12%
c w 164.78 208 16 32 16712  2 448489 49739 1.5 18 12 5 13 25% 578950 362 12%
c x 164.96 208 16 32 16712  2 448489 49738 1.5 18 12 5 13 25% 578946 362 12%
c W 171.28 208 15 32 17118  1 465058 59789 1.5 17 12 5 12 25% 578946 362 12%
c } 175.81 208 15 32 18072  1 473490 65377 1.5 17 12 5 12 25% 578946 362 12%
c [ 175.81 208 20 32 18072  1 473490 65377 1.5 22 15 8 17 27% 578946 362 12%
c - 176.85 209 19 33 18072  1 477999 51144 1.5 22 15 8 17 27% 578946 362 12%
c p 176.89 209 19 33 18072  1 477999 51155 1.5 22 15 8 17 27% 578946 362 12%
c u 177.08 209 19 33 18072  1 477999 50914 1.5 22 15 8 17 27% 578946 362 12%
c v 177.19 209 19 33 18072  1 477999 50906 1.5 22 15 8 17 27% 578946 362 12%
c w 177.25 209 19 33 18072  1 477999 50902 1.5 22 15 8 17 27% 578946 362 12%
c 
c  seconds    reductions    conflicts         size   tier2        variables
c           MB      restarts       redundant     glue    trail        remaining
c            level        rate          size/glue  tier1   irredundant
c 
c x 177.41 209 19 33 18072  1 477999 50902 1.5 22 15 8 17 27% 578944 362 12%
c B 181.07 209 19 33 18082  1 496061 64475 1.5 21 14 8 17 27% 578944 362 12%
c - 183.49 208 19 34 18087  1 508465 50863 1.5 22 14 8 17 27% 578944 362 12%
c p 183.54 208 19 34 18087  1 508465 50874 1.5 22 14 8 17 27% 578944 362 12%
c u 184.63 208 19 34 18087  1 508465 50847 1.5 22 14 8 17 27% 578944 362 12%
c v 184.71 208 19 34 18087  1 508465 50843 1.5 22 14 8 17 27% 578944 362 12%
c w 184.76 208 19 34 18087  1 508465 50843 1.5 22 14 8 17 27% 578944 362 12%
c x 184.88 208 19 34 18087  1 508465 50843 1.5 22 14 8 17 27% 578941 362 12%
c W 189.39 208 19 34 18088  1 528062 65810 1.5 22 14 8 17 27% 578941 362 12%
c - 191.85 208 19 35 18095  1 539885 48250 1.5 22 14 8 16 27% 578941 362 12%
c p 191.89 208 19 35 18095  1 539885 48261 1.5 22 14 8 16 27% 578941 362 12%
c u 192.11 208 19 35 18095  1 539885 48240 1.5 22 14 8 16 27% 578941 362 12%
c v 192.19 208 19 35 18095  1 539885 48228 1.5 22 14 8 16 27% 578941 362 12%
c w 192.24 208 19 35 18095  1 539885 48225 1.5 22 14 8 16 27% 578941 362 12%
c x 192.37 208 19 35 18095  1 539885 48225 1.5 22 14 8 16 27% 578934 362 12%
c O 196.58 208 19 35 18103  1 561066 62457 1.5 21 15 8 16 26% 578934 362 12%
c ] 198.41 208 19 35 18107  1 568355 67234 1.5 21 14 8 16 26% 578934 362 12%
c { 198.41 208 15 35 18107  1 568355 67234 1.5 17 12 5 12 25% 578934 362 12%
c - 199.76 208 15 36 18306  1 572262 47891 1.5 17 12 5 12 25% 578934 362 12%
c p 199.81 208 15 36 18306  1 572262 47902 1.5 17 12 5 12 25% 578934 362 12%
c 
c  seconds    reductions    conflicts         size   tier2        variables
c           MB      restarts       redundant     glue    trail        remaining
c            level        rate          size/glue  tier1   irredundant
c 
c u 200.04 208 15 36 18306  1 572262 47857 1.5 17 12 5 12 25% 578934 362 12%
c v 200.13 208 15 36 18306  1 572262 47850 1.5 17 12 5 12 25% 578934 362 12%
c w 200.18 208 15 36 18306  1 572262 47847 1.5 17 12 5 12 25% 578934 362 12%
c x 200.32 208 15 36 18306  1 572262 47846 1.5 17 12 5 12 25% 578934 362 12%
c s 207.49 208 15 36 19682  1 591965 61118 1.5 18 12 5 12 25% 578714 362 12%
c s 207.71 208 15 36 19682  1 591965 61085 1.5 18 12 5 12 25% 578193 362 12%
c F 208.82 208 15 36 19766  1 595067 62986 1.5 17 12 5 12 25% 578193 362 12%
c - 212.15 209 15 37 20859  1 605597 53118 1.5 18 12 5 12 25% 578193 362 12%
c p 212.19 209 15 37 20859  1 605597 53129 1.5 18 12 5 12 25% 578193 362 12%
c u 212.49 209 15 37 20859  1 605597 53110 1.5 18 12 5 12 25% 578193 362 12%
c v 212.61 209 15 37 20859  1 605597 53102 1.5 18 12 5 12 25% 578193 362 12%
c w 212.67 209 15 37 20859  1 605597 53101 1.5 18 12 5 12 25% 578193 362 12%
c x 212.86 209 15 37 20859  1 605597 53101 1.5 18 12 5 12 25% 578187 362 12%
c B 223.06 209 15 37 22968  1 630069 68390 1.5 17 12 5 12 24% 578187 362 12%
c - 225.87 209 15 38 23344  1 639880 58424 1.5 17 12 5 12 24% 578187 362 12%
c p 225.92 209 15 38 23344  1 639880 58435 1.5 17 12 5 12 24% 578187 362 12%
c u 226.25 209 15 38 23344  1 639880 58381 1.5 17 12 5 12 24% 578187 362 12%
c v 226.39 209 15 38 23344  1 639880 58377 1.5 17 12 5 12 24% 578187 362 12%
c w 226.45 209 15 38 23344  1 639880 58374 1.5 17 12 5 12 24% 578187 362 12%
c x 226.61 209 15 38 23344  1 639880 58372 1.5 17 12 5 12 24% 578177 362 12%
c 
c  seconds    reductions    conflicts         size   tier2        variables
c           MB      restarts       redundant     glue    trail        remaining
c            level        rate          size/glue  tier1   irredundant
c 
c } 233.43 209 15 38 24607  1 663693 73145 1.5 17 12 5 12 23% 578177 362 12%
c [ 233.43 209 19 38 24607  1 663693 73145 1.5 21 14 8 16 26% 578177 362 12%
c B 234.07 209 18 38 24609  1 666070 74824 1.5 21 14 8 16 26% 578177 362 12%
c - 236.43 209 18 39 24613  1 675117 61297 1.5 21 14 8 16 26% 578177 362 12%
c p 236.48 209 18 39 24613  1 675117 61308 1.5 21 14 8 16 26% 578177 362 12%
c u 236.72 209 18 39 24613  1 675117 61251 1.5 21 14 8 16 26% 578177 362 12%
c v 236.84 209 18 39 24613  1 675117 61246 1.5 21 14 8 16 26% 578177 362 12%
c w 236.89 209 18 39 24613  1 675117 61244 1.5 21 14 8 16 26% 578177 362 12%
c x 237.06 209 18 39 24613  1 675117 61244 1.5 21 14 8 16 26% 578176 362 12%
c W 244.58 209 18 39 24619  1 703073 78366 1.5 21 14 8 16 25% 578176 362 12%
c - 246.25 209 18 40 24620  1 711311 59889 1.4 21 14 8 16 25% 578176 362 12%
c p 246.28 209 18 40 24620  1 711311 59900 1.4 21 14 8 16 25% 578176 362 12%
c u 246.50 209 18 40 24620  1 711311 59864 1.4 21 14 8 16 25% 578176 362 12%
c v 246.61 209 18 40 24620  1 711311 59855 1.4 21 14 8 16 25% 578176 362 12%
c w 246.66 209 18 40 24620  1 711311 59854 1.4 21 14 8 16 25% 578176 362 12%
c x 246.80 209 18 40 24620  1 711311 59854 1.4 21 14 8 16 25% 578175 362 12%
c I 252.75 209 17 40 24620  1 741074 78085 1.4 20 14 8 16 24% 578175 362 12%
c - 254.49 209 17 41 24621  1 748464 57529 1.4 20 14 8 16 24% 578175 362 12%
c p 254.53 209 17 41 24621  1 748464 57540 1.4 20 14 8 16 24% 578175 362 12%
c u 254.78 209 17 41 24621  1 748464 57492 1.4 20 14 8 16 24% 578175 362 12%
c 
c  seconds    reductions    conflicts         size   tier2        variables
c           MB      restarts       redundant     glue    trail        remaining
c            level        rate          size/glue  tier1   irredundant
c 
c v 254.89 209 17 41 24621  1 748464 57491 1.4 20 14 8 16 24% 578175 362 12%
c w 254.95 209 17 41 24621  1 748464 57487 1.4 20 14 8 16 24% 578175 362 12%
c x 255.11 209 17 41 24621  1 748464 57487 1.4 20 14 8 16 24% 578170 362 12%
c s 258.66 209 17 41 24621  1 762227 66141 1.4 20 14 8 16 24% 577670 362 12%
c s 258.89 209 17 41 24621  1 762227 66105 1.4 20 14 8 16 24% 576607 362 12%
c ] 261.14 209 17 41 24621  1 771107 71633 1.4 20 14 8 16 24% 576607 362 12%
c { 261.14 209 15 41 24621  1 771107 71633 1.5 17 12 5 12 23% 576607 362 12%
c W 265.33 209 15 41 25082  1 780075 77072 1.5 17 12 5 12 23% 576607 362 12%
c - 268.62 209 15 42 25840  1 786574 60941 1.5 17 12 5 12 23% 576607 362 12%
c p 268.66 209 15 42 25840  1 786574 60952 1.5 17 12 5 12 23% 576607 362 12%
c u 269.26 209 15 42 25840  1 786574 60716 1.5 17 12 5 12 23% 576607 362 12%
c v 269.41 209 15 42 25840  1 786574 60706 1.5 17 12 5 12 23% 576607 362 12%
c w 269.48 209 15 42 25840  1 786574 60703 1.5 17 12 5 12 23% 576607 362 12%
c x 269.69 209 15 42 25840  1 786574 60703 1.5 17 12 5 12 23% 576606 362 12%
c # 280.34 209 15 42 27881  1 820076 81820 1.5 17 12 5 12 23% 576606 362 12%
c - 282.95 210 15 43 28518  1 825616 67286 1.5 17 12 5 12 23% 576606 362 12%
c p 283.00 210 15 43 28518  1 825616 67297 1.5 17 12 5 12 23% 576606 362 12%
c u 283.25 210 15 43 28518  1 825616 67035 1.5 17 12 5 12 23% 576606 362 12%
c v 283.40 210 15 43 28518  1 825616 67029 1.5 17 12 5 12 23% 576606 362 12%
c w 283.48 210 15 43 28518  1 825616 67025 1.5 17 12 5 12 23% 576606 362 12%
c 
c  seconds    reductions    conflicts         size   tier2        variables
c           MB      restarts       redundant     glue    trail        remaining
c            level        rate          size/glue  tier1   irredundant
c 
c x 283.72 210 15 43 28518  1 825616 67025 1.5 17 12 5 12 23% 576594 362 12%
c B 299.08 210 15 43 31308  1 861077 89611 1.5 17 12 5 12 23% 576594 362 12%
c - 301.18 210 15 44 31689  1 865615 72194 1.5 17 12 5 12 23% 576594 362 12%
c p 301.23 210 15 44 31689  1 865615 72205 1.5 17 12 5 12 23% 576594 362 12%
c u 301.61 210 15 44 31689  1 865615 72172 1.5 17 12 5 12 23% 576594 362 12%
c v 301.77 210 15 44 31689  1 865615 72161 1.5 17 12 5 12 23% 576594 362 12%
c w 301.85 210 15 44 31689  1 865615 72155 1.5 17 12 5 12 23% 576594 362 12%
c x 302.08 210 15 44 31689  1 865615 72153 1.5 17 12 5 12 23% 576568 362 12%
c } 305.86 210 14 44 32365  1 877697 79475 1.5 17 12 5 12 23% 576568 362 12%
c [ 305.86 210 17 44 32365  1 877697 79475 1.4 20 14 8 16 24% 576568 362 12%
c B 311.02 210 17 44 32365  1 903079 96898 1.4 20 14 8 16 24% 576568 362 12%
c - 311.91 210 17 45 32365  1 906572 74190 1.4 20 14 8 16 24% 576568 362 12%
c p 311.96 210 17 45 32365  1 906572 74201 1.4 20 14 8 16 24% 576568 362 12%
c u 312.29 210 17 45 32365  1 906572 74162 1.4 20 14 8 16 24% 576568 362 12%
c v 312.44 210 17 45 32365  1 906572 74137 1.4 20 14 8 16 24% 576568 362 12%
c w 312.51 210 17 45 32365  1 906572 74132 1.4 20 14 8 16 24% 576568 362 12%
c x 312.71 210 17 45 32365  1 906572 74132 1.4 20 14 8 16 24% 576561 362 12%
c t 312.71 210 17 45 32365  1 906572 74132 1.4 20 14 8 16 24% 576557 362 12%
c W 321.55 210 18 45 32380  1 946080 101850 1.4 21 14 8 16 25% 576557 362 12%
c - 322.21 210 18 46 32380  1 948486 69192 1.4 21 15 8 16 25% 576557 362 12%
c 
c  seconds    reductions    conflicts         size   tier2        variables
c           MB      restarts       redundant     glue    trail        remaining
c            level        rate          size/glue  tier1   irredundant
c 
c p 322.26 210 18 46 32380  1 948486 69203 1.4 21 15 8 16 25% 576557 362 12%
c u 322.57 210 18 46 32380  1 948486 69175 1.4 21 15 8 16 25% 576557 362 12%
c v 322.74 210 18 46 32380  1 948486 69170 1.4 21 15 8 16 25% 576557 362 12%
c w 322.81 210 18 46 32380  1 948486 69166 1.4 21 15 8 16 25% 576557 362 12%
c x 322.99 210 18 46 32380  1 948486 69165 1.4 21 15 8 16 25% 576507 362 12%
c t 323.00 210 18 46 32380  1 948486 69165 1.4 21 15 8 16 25% 576506 362 12%
c s 325.04 210 18 46 32384  1 953700 73394 1.4 21 15 8 16 25% 576064 362 12%
c s 325.28 210 18 46 32384  1 953700 73372 1.4 21 15 8 16 25% 575724 362 12%
c O 334.54 210 19 46 32396  1 990081 97780 1.4 21 15 8 16 24% 575724 362 12%
c - 335.18 209 19 47 32396  1 991358 62363 1.4 21 15 8 16 24% 575724 362 12%
c p 335.23 209 19 47 32396  1 991358 62374 1.4 21 15 8 16 24% 575724 362 12%
c u 335.61 209 19 47 32396  1 991358 62314 1.4 21 15 8 16 24% 575724 362 12%
c v 335.78 209 19 47 32396  1 991358 62287 1.4 21 15 8 16 24% 575724 362 12%
c w 335.86 209 19 47 32396  1 991358 62281 1.4 21 15 8 16 24% 575724 362 12%
c x 336.02 209 19 47 32396  1 991358 62279 1.4 21 15 8 16 24% 575705 362 12%
c ] 338.38 209 19 47 32399  1 1000622 68456 1.4 21 15 8 16 24% 575705 362 12%
c { 338.38 209 14 47 32399  1 1000622 68456 1.5 17 12 5 12 23% 575705 362 12%
c W 352.04 209 14 47 35359  1 1035082 88929 1.5 17 12 5 12 23% 575705 362 12%
c - 352.20 209 14 48 35359  1 1035171 67367 1.5 17 12 5 12 23% 575705 362 12%
c p 352.25 209 14 48 35359  1 1035171 67378 1.5 17 12 5 12 23% 575705 362 12%
c 
c  seconds    reductions     conflicts         size   tier2        variables
c           MB      restarts        redundant     glue    trail        remaining
c            level        rate           size/glue  tier1   irredundant
c 
c u 352.64 209 14 48 35359  1 1035171 67346 1.5 17 12 5 12 23% 575705 362 12%
c v 352.81 209 14 48 35359  1 1035171 67327 1.5 17 12 5 12 23% 575705 362 12%
c w 352.89 209 14 48 35359  1 1035171 67322 1.5 17 12 5 12 23% 575705 362 12%
c x 353.12 209 14 48 35359  1 1035171 67321 1.5 17 12 5 12 23% 575695 362 12%
c i 357.87 209 14 48 35564  1 1053266 76475 1.5 16 11 5 12 23% 575695 360 12%
c - 364.88 165 14 49 37030  1 1079941 68421 1.4 16 11 5 12 22% 515121 360 12%
c 2 364.88 165 14 49 37030  1 1079941 68420 1.4 16 11 5 12 22% 515120 360 12%
c p 364.92 165 14 49 37030  1 1079941 68430 1.4 16 11 5 12 22% 515120 360 12%
c u 365.30 165 14 49 37030  1 1079941 68378 1.4 16 11 5 12 22% 515120 360 12%
c v 365.47 165 14 49 37030  1 1079941 68367 1.4 16 11 5 12 22% 515120 360 12%
c w 365.55 165 14 49 37030  1 1079941 68362 1.4 16 11 5 12 22% 515120 360 12%
c x 365.65 165 14 49 37030  1 1079941 68360 1.4 16 11 5 12 22% 515076 360 12%
c F 366.60 165 14 49 37270  1 1081086 69111 1.4 16 11 5 12 22% 515076 360 12%
c - 378.49 208 13 50 38350  1 1124417 71924 1.4 15 11 5 11 22% 515076 360 12%
c p 378.53 208 13 50 38350  1 1124417 71938 1.4 15 11 5 11 22% 515076 360 12%
c u 378.79 208 13 50 38350  1 1124417 71862 1.4 15 11 5 11 22% 515076 360 12%
c v 378.91 208 13 50 38350  1 1124417 71845 1.4 15 11 5 11 22% 515076 360 12%
c w 378.97 208 13 50 38350  1 1124417 71348 1.4 15 11 5 11 22% 515076 360 12%
c x 379.07 208 13 50 38350  1 1124417 71346 1.4 15 11 5 11 22% 515047 360 12%
c t 379.07 208 13 50 38350  1 1124417 71338 1.4 15 11 5 11 22% 515047 360 12%
c 
c  seconds    reductions     conflicts         size   tier2        variables
c           MB      restarts        redundant     glue    trail        remaining
c            level        rate           size/glue  tier1   irredundant
c 
c B 380.63 208 13 50 38998  1 1128089 73586 1.4 15 11 5 11 22% 515047 360 12%
c } 386.30 208 13 50 41307  1 1143381 83013 1.4 16 11 5 11 22% 515047 360 12%
c [ 386.30 208 19 50 41307  1 1143381 83013 1.4 21 15 8 16 24% 515047 360 12%
c s 390.43 208 18 50 41319  1 1166409 96751 1.4 20 15 8 16 24% 513770 360 12%
c t 390.45 208 18 50 41319  1 1166409 96749 1.4 20 15 8 16 24% 513770 360 12%
c e 390.55 208 18 50 41319  1 1166409 95722 1.4 20 15 8 16 24% 513767 357 12%
c s 390.67 208 18 50 41319  1 1166409 95703 1.4 20 15 8 16 24% 513248 357 12%
c - 391.47 165 18 51 41319  1 1169799 75027 1.4 20 14 8 16 24% 513248 357 12%
c p 391.52 165 18 51 41319  1 1169799 75041 1.4 20 14 8 16 24% 513248 357 12%
c u 393.15 169 18 51 41319  1 1169799 74985 1.4 20 14 8 16 24% 513248 357 12%
c v 393.31 169 18 51 41319  1 1169799 74965 1.4 20 14 8 16 24% 513248 357 12%
c w 393.39 169 18 51 41319  1 1169799 74962 1.4 20 14 8 16 24% 513248 357 12%
c x 393.62 169 18 51 41319  1 1169799 74960 1.4 20 14 8 16 24% 513234 357 12%
c B 395.05 169 18 51 41321  1 1176090 78546 1.4 20 14 8 16 24% 513234 357 12%
c - 404.55 212 17 52 41335  1 1216047 73750 1.4 20 14 8 16 23% 513234 357 12%
c p 404.59 212 17 52 41335  1 1216047 73764 1.4 20 14 8 16 23% 513234 357 12%
c u 404.89 212 17 52 41335  1 1216047 73722 1.4 20 14 8 16 23% 513234 357 12%
c v 405.02 212 17 52 41335  1 1216047 73711 1.4 20 14 8 16 23% 513234 357 12%
c w 405.09 212 17 52 41335  1 1216047 73710 1.4 20 14 8 16 23% 513234 357 12%
c x 405.22 212 17 52 41335  1 1216047 73707 1.4 20 14 8 16 23% 513199 357 12%
c 
c  seconds    reductions     conflicts         size   tier2        variables
c           MB      restarts        redundant     glue    trail        remaining
c            level        rate           size/glue  tier1   irredundant
c 
c W 408.90 212 17 52 41336  1 1225092 80257 1.4 20 14 8 16 24% 513199 357 12%
c - 417.14 169 17 53 41341  1 1263198 75434 1.5 20 14 8 16 24% 513199 357 12%
c p 417.19 169 17 53 41341  1 1263198 75448 1.5 20 14 8 16 24% 513199 357 12%
c u 417.50 169 17 53 41341  1 1263198 75375 1.5 20 14 8 16 24% 513199 357 12%
c v 417.64 169 17 53 41341  1 1263198 75361 1.5 20 14 8 16 24% 513199 357 12%
c w 417.71 169 17 53 41341  1 1263198 75360 1.5 20 14 8 16 24% 513199 357 12%
c x 417.89 169 17 53 41341  1 1263198 75359 1.5 20 14 8 16 24% 513190 357 12%
c I 420.68 169 17 53 41347  1 1275094 83522 1.5 20 14 8 16 24% 513190 357 12%
c ] 430.87 169 16 53 41363  1 1309847 106630 1.5 20 13 8 16 24% 513190 357 12%
c { 430.87 169 13 53 41363  1 1309847 106630 1.4 16 11 5 11 22% 513190 357 12%
c - 431.92 213 13 54 41569  1 1311253 82111 1.4 16 11 5 11 22% 513190 357 12%
c p 431.96 213 13 54 41569  1 1311253 82125 1.4 16 11 5 11 22% 513190 357 12%
c u 432.22 213 13 54 41569  1 1311253 81938 1.4 16 11 5 11 22% 513190 357 12%
c v 432.40 213 13 54 41569  1 1311253 81917 1.4 16 11 5 11 22% 513190 357 12%
c w 432.47 213 13 54 41569  1 1311253 81913 1.4 16 11 5 11 22% 513190 357 12%
c x 432.59 213 13 54 41569  1 1311253 81906 1.4 16 11 5 11 22% 513155 357 12%
c W 440.56 213 13 54 43367  1 1326098 90678 1.4 16 11 5 11 22% 513155 357 12%
c - 452.21 213 13 55 45527  1 1360215 86328 1.4 16 11 5 11 22% 513155 357 12%
c p 452.25 213 13 55 45527  1 1360215 86341 1.4 16 11 5 11 22% 513155 357 12%
c u 452.52 213 13 55 45527  1 1360215 85933 1.4 16 11 5 11 22% 513155 357 12%
c 
c  seconds    reductions     conflicts         size   tier2        variables
c           MB      restarts        redundant     glue    trail        remaining
c            level        rate           size/glue  tier1   irredundant
c 
c v 452.69 213 13 55 45527  1 1360215 85893 1.4 16 11 5 11 22% 513155 357 12%
c w 452.79 213 13 55 45527  1 1360215 85892 1.4 16 11 5 11 22% 513155 357 12%
c x 453.07 213 13 55 45527  1 1360215 85889 1.4 16 11 5 11 22% 513138 357 12%
c # 460.13 213 13 55 46897  1 1378103 95985 1.4 16 11 5 11 22% 513138 357 12%
c s 466.72 213 13 55 48359  1 1397180 106655 1.4 16 11 5 11 22% 512381 357 12%
c s 466.99 213 13 55 48359  1 1397180 106581 1.4 16 11 5 11 22% 510930 357 12%
c - 471.58 213 13 56 49429  1 1410081 89520 1.4 16 11 5 11 22% 510930 357 12%
c p 471.62 213 13 56 49429  1 1410081 89536 1.4 16 11 5 11 22% 510930 357 12%
c u 471.98 213 13 56 49429  1 1410081 89417 1.4 16 11 5 11 22% 510930 357 12%
c v 472.17 213 13 56 49429  1 1410081 89397 1.4 16 11 5 11 22% 510930 357 12%
c w 472.27 213 13 56 49429  1 1410081 89391 1.4 16 11 5 11 22% 510930 357 12%
c x 472.53 213 13 56 49429  1 1410081 89390 1.4 16 11 5 11 22% 510913 357 12%
c t 472.54 213 13 56 49429  1 1410081 89385 1.4 16 11 5 11 22% 510913 357 12%
c B 479.63 213 13 56 51029  1 1431104 101503 1.4 16 11 5 11 22% 510913 357 12%
c - 488.15 213 13 57 52933  1 1460795 93451 1.4 16 11 5 11 22% 510913 357 12%
c p 488.19 213 13 57 52933  1 1460795 93465 1.4 16 11 5 11 22% 510913 357 12%
c u 488.62 213 13 57 52933  1 1460795 93417 1.4 16 11 5 11 22% 510913 357 12%
c v 488.80 213 13 57 52933  1 1460795 93395 1.4 16 11 5 11 22% 510913 357 12%
c w 488.89 213 13 57 52933  1 1460795 93393 1.4 16 11 5 11 22% 510913 357 12%
c x 489.11 213 13 57 52933  1 1460795 93389 1.4 16 11 5 11 22% 510828 357 12%
c 
c  seconds    reductions     conflicts         size   tier2        variables
c           MB      restarts        redundant     glue    trail        remaining
c            level        rate           size/glue  tier1   irredundant
c 
c t 489.11 213 13 57 52933  1 1460795 93389 1.4 16 11 5 11 22% 510827 357 12%
c } 491.54 213 13 57 53550  1 1467062 97278 1.4 16 11 5 11 22% 510827 357 12%
c [ 491.54 213 16 57 53550  1 1467062 97278 1.5 20 13 8 16 24% 510827 357 12%
c B 496.36 213 16 57 53554  1 1485106 108359 1.5 19 13 8 16 23% 510827 357 12%
c - 502.68 214 16 58 53563  1 1512412 96501 1.5 19 13 7 15 23% 510827 357 12%
c p 502.72 214 16 58 53563  1 1512412 96514 1.5 19 13 7 15 23% 510827 357 12%
c u 503.10 214 16 58 53563  1 1512412 96450 1.5 19 13 7 15 23% 510827 357 12%
c v 503.27 214 16 58 53563  1 1512412 96426 1.5 19 13 7 15 23% 510827 357 12%
c w 503.35 214 16 58 53563  1 1512412 96420 1.5 19 13 7 15 23% 510827 357 12%
c x 503.49 214 16 58 53563  1 1512412 96415 1.5 19 13 7 15 23% 510766 357 12%
c W 512.20 214 16 58 53575  1 1540107 114727 1.5 20 13 7 15 24% 510766 357 12%
c - 517.36 214 16 59 53584  1 1564934 94678 1.5 19 13 7 15 23% 510766 357 12%
c p 517.40 214 16 59 53584  1 1564934 94692 1.5 19 13 7 15 23% 510766 357 12%
c u 517.76 214 16 59 53584  1 1564934 94645 1.5 19 13 7 15 23% 510766 357 12%
c v 517.92 214 16 59 53584  1 1564934 94634 1.5 19 13 7 15 23% 510766 357 12%
c w 518.00 214 16 59 53584  1 1564934 94629 1.5 19 13 7 15 23% 510766 357 12%
c x 518.16 214 16 59 53584  1 1564934 94629 1.5 19 13 7 15 23% 510741 357 12%
c t 518.17 214 16 59 53584  1 1564934 94628 1.5 19 13 7 15 23% 510741 357 12%
c O 525.86 214 16 59 53586  1 1596109 114715 1.5 19 13 7 15 23% 510741 357 12%
c - 532.30 214 15 60 53587  1 1618356 95354 1.5 19 13 7 15 23% 510741 357 12%
c 
c  seconds    reductions     conflicts         size   tier2        variables
c           MB      restarts        redundant     glue    trail        remaining
c            level        rate           size/glue  tier1   irredundant
c 
c p 532.35 214 15 60 53587  1 1618356 95369 1.5 19 13 7 15 23% 510741 357 12%
c u 532.71 214 15 60 53587  1 1618356 95299 1.5 19 13 7 15 23% 510741 357 12%
c v 532.91 214 15 60 53587  1 1618356 95289 1.5 19 13 7 15 23% 510741 357 12%
c w 533.00 214 15 60 53587  1 1618356 95286 1.5 19 13 7 15 23% 510741 357 12%
c x 533.13 214 15 60 53587  1 1618356 95278 1.5 19 13 7 15 23% 510691 357 12%
c t 533.13 214 15 60 53587  1 1618356 95277 1.5 19 13 7 15 23% 510691 357 12%
c ] 541.03 214 14 60 53587  1 1648214 111880 1.5 18 12 7 15 23% 510691 357 12%
c { 541.03 214 13 60 53587  1 1648214 111880 1.4 16 11 5 11 22% 510691 357 12%
c s 541.50 214 13 60 53694  1 1648772 112183 1.4 16 11 5 11 22% 509441 357 12%
c s 541.80 214 13 60 53694  1 1648772 112129 1.4 16 11 5 11 22% 507356 357 12%
c W 544.89 214 13 60 53769  1 1653111 114289 1.4 16 11 5 11 22% 507356 357 12%
c - 551.00 214 13 61 54158  1 1672681 102942 1.4 16 11 5 11 22% 507356 357 12%
c p 551.04 214 13 61 54158  1 1672681 102955 1.4 16 11 5 11 22% 507356 357 12%
c u 553.10 214 13 61 54158  1 1672681 102869 1.4 16 11 5 11 22% 507356 357 12%
c v 553.28 214 13 61 54158  1 1672681 102862 1.4 16 11 5 11 22% 507356 357 12%
c w 553.37 214 13 61 54158  1 1672681 102858 1.4 16 11 5 11 22% 507356 357 12%
c x 553.58 214 13 61 54158  1 1672681 102858 1.4 16 11 5 11 22% 507330 357 12%
c F 565.65 214 12 61 55412  1 1711112 122766 1.5 15 10 5 11 22% 507330 357 12%
c i 571.20 214 12 61 56022  1 1725610 130464 1.5 15 10 5 11 22% 507330 356 12%
c - 572.04 169 12 62 56046  1 1727819 95361 1.5 15 10 5 11 22% 455355 356 12%
c 
c  seconds    reductions     conflicts         size   tier2        variables
c           MB      restarts        redundant     glue    trail        remaining
c            level        rate           size/glue  tier1   irredundant
c 
c p 572.08 169 12 62 56046  1 1727819 95373 1.5 15 10 5 11 22% 455355 356 12%
c u 572.45 169 12 62 56046  1 1727819 95242 1.5 15 10 5 11 22% 455355 356 12%
c v 572.58 169 12 62 56046  1 1727819 95133 1.5 15 10 5 11 22% 455355 356 12%
c w 572.67 169 12 62 56046  1 1727819 95036 1.5 15 10 5 11 22% 455355 356 12%
c x 572.90 169 12 62 56046  1 1727819 95026 1.5 15 10 5 11 22% 455277 356 12%
c t 572.90 169 12 62 56046  1 1727819 95025 1.5 15 10 5 11 22% 455277 356 12%
c B 585.91 169 12 62 57710  1 1770113 117846 1.5 15 10 5 11 22% 455277 356 12%
c i 588.27 169 11 62 57821  1 1776161 120843 1.5 15 10 5 11 22% 455277 355 12%
c - 590.49 206 11 63 57919  1 1782315 92303 1.5 14 10 5 11 22% 422115 355 12%
c p 590.55 206 11 63 57919  1 1782315 92315 1.5 14 10 5 11 22% 422115 354 12%
c u 590.91 206 11 63 57919  1 1782315 92115 1.5 14 10 5 11 22% 422115 354 12%
c v 591.08 206 11 63 57919  1 1782315 91976 1.5 14 10 5 11 22% 422115 354 12%
c w 591.16 206 11 63 57919  1 1782315 91631 1.5 14 10 5 11 22% 422115 354 12%
c x 591.32 206 11 63 57919  1 1782315 91623 1.5 14 10 5 11 22% 421905 354 12%
c t 591.32 206 11 63 57919  1 1782315 91617 1.5 14 10 5 11 22% 421905 354 12%
c i 591.38 206 11 63 57919  1 1782429 91677 1.5 14 10 5 11 22% 421905 353 12%
c i 591.88 206 11 63 57919  1 1783995 92440 1.5 14 10 5 11 22% 421905 351 12%
c i 591.99 206 11 63 57919  1 1784290 92514 1.5 14 10 5 11 22% 421905 350 12%
c i 592.39 206 11 63 57934  1 1785579 93156 1.5 14 10 5 11 22% 421905 347 12%
c i 592.40 206 11 63 57934  1 1785633 93171 1.5 14 10 5 11 22% 421905 346 12%
c 
c  seconds    reductions     conflicts         size   tier2        variables
c           MB      restarts        redundant     glue    trail        remaining
c            level        rate           size/glue  tier1   irredundant
c 
c i 592.42 206 11 63 57934  1 1785655 93181 1.5 14 10 5 11 22% 421905 345 12%
c i 592.44 206 11 63 57934  1 1785711 93212 1.5 14 10 5 11 22% 421905 344 12%
c i 592.46 206 11 63 57934  1 1785783 93229 1.5 14 10 5 11 22% 421905 332 11%
c } 592.47 206 11 63 57934  1 1785819 93232 1.5 14 10 5 11 22% 421905 318 11%
c 0 592.47 206 11 63 57934  1 1785819 93232 1.5 14 10 5 11 22% 421905 318 11%
c 
c --- [ closing proof ] ------------------------------------------------------
c 
c LRAT proof file '/root/earth-moon/population/f034-a4-cert/cs-a4_m04c/r/n105_p94_p136_n143/round-0/F.lrat' closed
c LRAT 2636613 added clauses 46.46%
c LRAT 3038829 deleted clauses 53.54%
c LRAT 488393406 bytes (465.77 MB)
c 
c --- [ result ] -------------------------------------------------------------
c 
s UNSATISFIABLE
c 
c --- [ run-time profiling ] -------------------------------------------------
c 
c process time taken by individual solving procedures
c (percentage relative to process time for solving)
c 
c       546.98   92.41% search
c       319.83   54.04% unstable
c       204.91   34.62% stable
c        44.89    7.59% simplify
c        29.16    4.93% vivify
c        22.04    3.72% walk
c         7.68    1.30% sweep
c         2.58    0.44% elim
c         2.06    0.35% subsume
c         1.46    0.25% probe
c         0.60    0.10% parse
c         0.56    0.09% ternary
c         0.43    0.07% congruence
c         0.20    0.03% lucky
c         0.00    0.00% backbone
c   =================================
c       591.87   99.90% solve
c 
c last line shows process time for solving
c (percentage relative to total process time)
c 
c --- [ statistics ] ---------------------------------------------------------
c 
c chronological:            198383        11.11 %  of conflicts
c conflicts:               1785819      3017.24    per second
c backbone:                 105046      3544.06 %  of vars
c decisions:               2177531      3679.06    per second
c eliminated:                 2164        73.01 %  of all variables
c fixed:                       481        16.23 %  of all variables
c learned:                 1752241        98.12 %  per conflict
c learned_lits:           45251739       100.00 %  learned literals
c minimized:                     0         0.00 %  learned literals
c shrunken:               10595800        23.42 %  learned literals
c minishrunken:            2678121         5.92 %  learned literals
c otfs:                      12029         0.67 %  of conflict
c propagations:           26262900         0.04 M  per second
c reduced:                  992959        55.60 %  per conflict
c rephased:                     59     30268.12    interval
c restarts:                  57934        30.83    interval
c stabilizing:                  13        50.18 %  of conflicts
c substituted:                   1         0.03 %  of all variables
c subsumed:                 637504        26.18 %  of all clauses
c strengthened:              78197         3.21 %  of all clauses
c ticks:               26868471955      1048.50    propagation
c vivified:                  11380         0.47 %  of all clauses
c walked:                       18     99212.17    interval
c weakened:                   5276         2.50    average size
c congruence:                   10    178581.90    interval
c 
c seconds are measured in process time for solving
c 
c --- [ glue usage ] ---------------------------------------------------------
c 
c focused glue 5 used 184972 clauses 6.912% accumulated 54.94% tier1
c focused glue 6 used 153836 clauses 5.748% accumulated 60.69%
c focused glue 7-9 used 432229 clauses 16.15% accumulated 76.84%
c focused glue 10 used 137309 clauses 5.131% accumulated 81.97%
c focused glue 11 used 118384 clauses 4.424% accumulated 86.39% tier2
c 
c stable glue 7 used 108657 clauses 3.688% accumulated 52.67% tier1
c stable glue 8 used 119967 clauses 4.072% accumulated 56.75%
c stable glue 9-13 used 700799 clauses 23.78% accumulated 80.53%
c stable glue 14 used 126075 clauses 4.279% accumulated 84.81%
c stable glue 15 used 110192 clauses 3.740% accumulated 88.55% tier2
c 
c 
c --- [ resources ] ----------------------------------------------------------
c 
c total process time since initialization:       592.47    seconds
c total real time since initialization:          592.65    seconds
c maximum resident set size of process:          260.59    MB
c 
c --- [ shutting down ] ------------------------------------------------------
c 
c exit 20

[rc=20 592.7s]
$ /root/earth-moon/verifier/../tools/drat-trim/lrat-check /root/earth-moon/population/f034-a4-cert/cs-a4_m04c/r/n105_p94_p136_n143/round-0/F.cnf /root/earth-moon/population/f034-a4-cert/cs-a4_m04c/r/n105_p94_p136_n143/round-0/F.lrat
c parsed a formula with 2964 variables and 917841 clauses
c VERIFIED
c allocated 1024 20909562 66690
c Added clauses = 3554454.  Deleted clauses = 3038829.  Max live clauses = 917841
c verification time = 8.01 secs

[rc=0 8.0s]
