# A4 member 11: slack=1 e=155 n=28 mults=[05:2 06:6 14:4 15:3 16:1 23:5 25:3 34:3 46:1] generators=19 backend=boyer Fri Oct  2 18:34:55 2026 cube=[-107, 128, 146, 60]
[f034-a4-11-e155] n=28 m=155 cap=78 | 389 K5s, 3363 K3,3s, 19 sym generators, 40347 clauses, propagator check_at=9 planarity=boyer, clause dump -> /root/earth-moon/population/f034-a4-cert/cs-a4_m11c/s/n107_p128_p146_p60/dump.jsonl
    ... {'checks': 50000, 'confl': 11548, 'model_rej': 0} 3s
    ... {'checks': 100000, 'confl': 22935, 'model_rej': 0} 5s
    ... {'checks': 150000, 'confl': 34602, 'model_rej': 0} 8s
    ... {'checks': 200000, 'confl': 45893, 'model_rej': 0} 11s
    ... {'checks': 250000, 'confl': 55423, 'model_rej': 0} 13s
    ... {'checks': 300000, 'confl': 64574, 'model_rej': 0} 16s
    ... {'checks': 350000, 'confl': 73365, 'model_rej': 0} 19s
    ... {'checks': 400000, 'confl': 82125, 'model_rej': 0} 22s
    ... {'checks': 450000, 'confl': 92055, 'model_rej': 0} 24s
    ... {'checks': 500000, 'confl': 99252, 'model_rej': 0} 27s
    ... {'checks': 550000, 'confl': 107205, 'model_rej': 0} 31s
    ... {'checks': 600000, 'confl': 113824, 'model_rej': 0} 34s
    ... {'checks': 650000, 'confl': 120681, 'model_rej': 0} 37s
    ... {'checks': 700000, 'confl': 126119, 'model_rej': 0} 40s
    ... {'checks': 750000, 'confl': 132175, 'model_rej': 0} 43s
    ... {'checks': 800000, 'confl': 136431, 'model_rej': 0} 46s
    ... {'checks': 850000, 'confl': 142175, 'model_rej': 0} 49s
    ... {'checks': 900000, 'confl': 148723, 'model_rej': 0} 53s
    ... {'checks': 950000, 'confl': 155625, 'model_rej': 0} 57s
    ... {'checks': 1000000, 'confl': 163026, 'model_rej': 0} 60s
    ... {'checks': 1050000, 'confl': 169990, 'model_rej': 0} 63s
    ... {'checks': 1100000, 'confl': 176284, 'model_rej': 0} 67s
    ... {'checks': 1150000, 'confl': 183692, 'model_rej': 0} 70s
    ... {'checks': 1200000, 'confl': 190105, 'model_rej': 0} 75s
    ... {'checks': 1250000, 'confl': 195511, 'model_rej': 0} 79s
    ... {'checks': 1300000, 'confl': 200287, 'model_rej': 0} 82s
    ... {'checks': 1350000, 'confl': 206452, 'model_rej': 0} 86s
    ... {'checks': 1400000, 'confl': 212248, 'model_rej': 0} 90s
    ... {'checks': 1450000, 'confl': 217043, 'model_rej': 0} 94s
    ... {'checks': 1500000, 'confl': 223851, 'model_rej': 0} 99s
    ... {'checks': 1550000, 'confl': 229913, 'model_rej': 0} 103s
    ... {'checks': 1600000, 'confl': 237541, 'model_rej': 0} 106s
    ... {'checks': 1650000, 'confl': 244056, 'model_rej': 0} 109s
    ... {'checks': 1700000, 'confl': 249391, 'model_rej': 0} 113s
    ... {'checks': 1750000, 'confl': 254969, 'model_rej': 0} 117s
    ... {'checks': 1800000, 'confl': 258705, 'model_rej': 0} 121s
    ... {'checks': 1850000, 'confl': 262008, 'model_rej': 0} 128s
    ... {'checks': 1900000, 'confl': 265655, 'model_rej': 0} 132s
    ... {'checks': 1950000, 'confl': 269712, 'model_rej': 0} 136s
    ... {'checks': 2000000, 'confl': 273580, 'model_rej': 0} 139s
    ... {'checks': 2050000, 'confl': 276714, 'model_rej': 0} 146s
    ... {'checks': 2100000, 'confl': 279367, 'model_rej': 0} 151s
    ... {'checks': 2150000, 'confl': 284002, 'model_rej': 0} 155s
    ... {'checks': 2200000, 'confl': 288305, 'model_rej': 0} 158s
    ... {'checks': 2250000, 'confl': 291943, 'model_rej': 0} 162s
    ... {'checks': 2300000, 'confl': 295141, 'model_rej': 0} 166s
    ... {'checks': 2350000, 'confl': 297876, 'model_rej': 0} 170s
    ... {'checks': 2400000, 'confl': 302253, 'model_rej': 0} 173s
    ... {'checks': 2450000, 'confl': 306877, 'model_rej': 0} 179s
    ... {'checks': 2500000, 'confl': 310174, 'model_rej': 0} 183s
    ... {'checks': 2550000, 'confl': 313825, 'model_rej': 0} 193s
    ... {'checks': 2600000, 'confl': 317270, 'model_rej': 0} 197s
    ... {'checks': 2650000, 'confl': 320457, 'model_rej': 0} 201s
    ... {'checks': 2700000, 'confl': 322866, 'model_rej': 0} 205s
    ... {'checks': 2750000, 'confl': 325255, 'model_rej': 0} 209s
    ... {'checks': 2800000, 'confl': 327261, 'model_rej': 0} 215s
    ... {'checks': 2850000, 'confl': 329696, 'model_rej': 0} 221s
    ... {'checks': 2900000, 'confl': 332643, 'model_rej': 0} 225s
    ... {'checks': 2950000, 'confl': 335341, 'model_rej': 0} 230s
    ... {'checks': 3000000, 'confl': 339133, 'model_rej': 0} 235s
    ... {'checks': 3050000, 'confl': 342777, 'model_rej': 0} 240s
    ... {'checks': 3100000, 'confl': 347476, 'model_rej': 0} 245s
    ... {'checks': 3150000, 'confl': 351932, 'model_rej': 0} 254s
    ... {'checks': 3200000, 'confl': 355238, 'model_rej': 0} 262s
    ... {'checks': 3250000, 'confl': 359582, 'model_rej': 0} 267s
    ... {'checks': 3300000, 'confl': 362609, 'model_rej': 0} 272s
    ... {'checks': 3350000, 'confl': 365328, 'model_rej': 0} 276s
    ... {'checks': 3400000, 'confl': 368688, 'model_rej': 0} 281s
    ... {'checks': 3450000, 'confl': 371715, 'model_rej': 0} 285s
    ... {'checks': 3500000, 'confl': 374991, 'model_rej': 0} 297s
    ... {'checks': 3550000, 'confl': 377178, 'model_rej': 0} 301s
    ... {'checks': 3600000, 'confl': 379494, 'model_rej': 0} 306s
    ... {'checks': 3650000, 'confl': 382494, 'model_rej': 0} 311s
    ... {'checks': 3700000, 'confl': 385169, 'model_rej': 0} 321s
    ... {'checks': 3750000, 'confl': 388102, 'model_rej': 0} 326s
    ... {'checks': 3800000, 'confl': 390549, 'model_rej': 0} 331s
    ... {'checks': 3850000, 'confl': 393604, 'model_rej': 0} 336s
    ... {'checks': 3900000, 'confl': 396255, 'model_rej': 0} 341s
    ... {'checks': 3950000, 'confl': 398740, 'model_rej': 0} 346s
    ... {'checks': 4000000, 'confl': 401634, 'model_rej': 0} 350s
    ... {'checks': 4050000, 'confl': 403899, 'model_rej': 0} 355s
    ... {'checks': 4100000, 'confl': 406594, 'model_rej': 0} 360s
    ... {'checks': 4150000, 'confl': 408561, 'model_rej': 0} 365s
    ... {'checks': 4200000, 'confl': 410198, 'model_rej': 0} 369s
    ... {'checks': 4250000, 'confl': 411719, 'model_rej': 0} 380s
    ... {'checks': 4300000, 'confl': 414040, 'model_rej': 0} 384s
    ... {'checks': 4350000, 'confl': 416375, 'model_rej': 0} 389s
    ... {'checks': 4400000, 'confl': 418359, 'model_rej': 0} 393s
    ... {'checks': 4450000, 'confl': 419898, 'model_rej': 0} 398s
    ... {'checks': 4500000, 'confl': 422351, 'model_rej': 0} 402s
    ... {'checks': 4550000, 'confl': 424925, 'model_rej': 0} 407s
    ... {'checks': 4600000, 'confl': 427911, 'model_rej': 0} 423s
    ... {'checks': 4650000, 'confl': 430083, 'model_rej': 0} 428s
    ... {'checks': 4700000, 'confl': 432950, 'model_rej': 0} 433s
    ... {'checks': 4750000, 'confl': 435066, 'model_rej': 0} 438s
    ... {'checks': 4800000, 'confl': 437315, 'model_rej': 0} 448s
    ... {'checks': 4850000, 'confl': 439803, 'model_rej': 0} 453s
    ... {'checks': 4900000, 'confl': 442290, 'model_rej': 0} 458s
    ... {'checks': 4950000, 'confl': 444524, 'model_rej': 0} 463s
    ... {'checks': 5000000, 'confl': 447258, 'model_rej': 0} 468s
    ... {'checks': 5050000, 'confl': 449723, 'model_rej': 0} 496s
    ... {'checks': 5100000, 'confl': 452062, 'model_rej': 0} 502s
    ... {'checks': 5150000, 'confl': 454084, 'model_rej': 0} 508s
    ... {'checks': 5200000, 'confl': 456397, 'model_rej': 0} 513s
    ... {'checks': 5250000, 'confl': 458014, 'model_rej': 0} 518s
    ... {'checks': 5300000, 'confl': 459692, 'model_rej': 0} 524s
    ... {'checks': 5350000, 'confl': 461707, 'model_rej': 0} 529s
    ... {'checks': 5400000, 'confl': 463478, 'model_rej': 0} 538s
    ... {'checks': 5450000, 'confl': 465023, 'model_rej': 0} 544s
    ... {'checks': 5500000, 'confl': 466082, 'model_rej': 0} 550s
    ... {'checks': 5550000, 'confl': 467359, 'model_rej': 0} 571s
    ... {'checks': 5600000, 'confl': 468675, 'model_rej': 0} 575s
    ... {'checks': 5650000, 'confl': 470083, 'model_rej': 0} 580s
    ... {'checks': 5700000, 'confl': 471459, 'model_rej': 0} 586s
    ... {'checks': 5750000, 'confl': 472814, 'model_rej': 0} 591s
    ... {'checks': 5800000, 'confl': 473889, 'model_rej': 0} 596s
    ... {'checks': 5850000, 'confl': 475110, 'model_rej': 0} 601s
    ... {'checks': 5900000, 'confl': 476569, 'model_rej': 0} 612s
    ... {'checks': 5950000, 'confl': 477979, 'model_rej': 0} 630s
    ... {'checks': 6000000, 'confl': 479462, 'model_rej': 0} 635s
    ... {'checks': 6050000, 'confl': 480997, 'model_rej': 0} 640s
    ... {'checks': 6100000, 'confl': 482683, 'model_rej': 0} 645s
    ... {'checks': 6150000, 'confl': 484520, 'model_rej': 0} 650s
    ... {'checks': 6200000, 'confl': 485870, 'model_rej': 0} 656s
    ... {'checks': 6250000, 'confl': 486750, 'model_rej': 0} 661s
[f034-a4-11-e155] stats: {'checks': 6257857, 'confl': 486986, 'model_rej': 0}
[f034-a4-11-e155] clause dump closed: {'preseed': 7504, 'prop': 973972, 'model': 0}
[f034-a4-11-e155] UNSAT in 662.5s — NOT BIPLANAR (subject to control validation)
RESULT f034-a4-11-e155 UNSAT 662.7s
