# lean_static_resolve 2026-09-25 20:45:51
# dump=/Users/ivanspogreev/earth-moon/population/f034-a4-cert/split-m13/dump.jsonl raw=2358960 dedup=2358960 footer={'type': 'footer', 'verdict': 'UNSAT', 'counts': {'preseed': 7898, 'prop': 2351062, 'model': 0}, 'stats': {'checks': 17051403, 'confl': 1175531, 'model_rej': 0}, 'time': '2026-09-25T20:45:02-0700'}
# counters=False
# cube=[33, 53, 16, 37]
$ /opt/homebrew/bin/cadical --lrat --no-binary --no-factor /Users/ivanspogreev/earth-moon/population/f034-a4-cert/split-m13/c1/round-0/F.cnf /Users/ivanspogreev/earth-moon/population/f034-a4-cert/split-m13/c1/round-0/F.lrat
c --- [ banner ] -------------------------------------------------------------
c 
c CaDiCaL SAT Solver
c Copyright (c) 2016-2026
c A. Biere, M. Fleury, N. Froleyks, K. Fazekas, F. Pollitt, T. Faller
c JKU Linz, University of Freiburg, TU Wien
c 
c Version 3.0.1
c Apple clang version 16.0.0 (clang-1600.0.26.6) -Wall -Wextra -O3 -DNDEBUG -std=c++11 -DNCLOSEFROM
c Sun Jul 19 15:40:55 UTC 2026 Darwin Sonoma-arm64.local 23.6.0 arm64
c 
c --- [ proof tracing ] ------------------------------------------------------
c 
c opening file to write '/Users/ivanspogreev/earth-moon/population/f034-a4-cert/split-m13/c1/round-0/F.lrat'
c writing non-binary proof trace to '/Users/ivanspogreev/earth-moon/population/f034-a4-cert/split-m13/c1/round-0/F.lrat'
c 
c --- [ parsing input ] ------------------------------------------------------
c 
c reading DIMACS file from '/Users/ivanspogreev/earth-moon/population/f034-a4-cert/split-m13/c1/round-0/F.cnf'
c opening file to read '/Users/ivanspogreev/earth-moon/population/f034-a4-cert/split-m13/c1/round-0/F.cnf'
c found 'p cnf 2945 2367317' header
c parsed 2367317 clauses in 1.49 seconds process time
c 
c --- [ options ] ------------------------------------------------------------
c 
c   --binary=false                 (different from default 'true')
c   --lrat=true                    (different from default 'false')
c 
c --- [ solving ] ------------------------------------------------------------
c 
c time measured in process time since initialization
c 
c  seconds  reduction conflicts       size tier2        variables
c         MB    restarts   redundant    glue  trail          remaining
c          level     rate       size/glu tier1   irredundant
c 
c *  1.49  0  0 0   0  0    0    0 0.0 0 0 2 6  0% 1045376 2905 99%
c )  1.62  0  0 0   0  0    0    0 0.0 0 0 2 6  0% 1045376 2905 99%
c {  1.64  0  0 0   0  0    0    0 0.0 0 0 2 6  0% 1045376 2905 99%
c i  1.67  0 2187 0   0 99   27   15 1.6 7 5 2 6 78% 1045368 2903 99%
c i  1.67  0 2176 0   0 83   32   19 1.6 7 4 2 6 78% 1045368 2902 99%
c i  1.67  0 2174 0   0 81   33   19 1.6 7 4 2 6 78% 1045368 2901 99%
c i  1.73  0 1345 0   7 45   79   49 1.6 11 7 2 6 49% 1045357 2900 98%
c i  1.73  0 1311 0   7 44   81   49 1.6 11 7 2 6 48% 1045357 2899 98%
c i  1.74  0 1176 0  10 41   90   54 1.6 10 7 2 6 44% 1045356 2898 98%
c i  1.74  0 1111 0  10 39   96   56 1.6 10 6 2 6 42% 1045355 2896 98%
c i  1.80  0 583 0  17 22  210   94 1.5 11 7 2 6 30% 1045290 2894 98%
c i  1.80  0 580 0  18 22  211   94 1.5 10 7 2 6 30% 1045290 2893 98%
c -  1.93  0 426 1  32 18  300   86 1.4 11 7 2 6 26% 1045220 2893 98%
c i  1.97  0 383 1  37 17  347  105 1.4 11 8 2 6 27% 1045198 2891 98%
c i  2.16  0 220 1 105 15  686  245 1.4 14 10 2 6 22% 1045029 2890 98%
c i  2.16  0 219 1 105 15  687  245 1.4 14 10 2 6 22% 1045029 2889 98%
c i  2.16  0 219 1 106 15  688  245 1.4 14 10 2 6 22% 1045029 2888 98%
c i  2.16  0 218 1 106 15  689  245 1.4 14 10 2 6 22% 1045029 2883 98%
c i  2.17  0 218 1 106 15  690  245 1.4 14 10 2 6 22% 1045029 2882 98%
c i  2.17  0 216 1 108 15  696  248 1.4 13 10 2 6 22% 1045027 2881 98%
c 
c  seconds   reduction conflicts       size   tier2        variables
c         MB     restarts   redundant     glue   trail          remaining
c           level     rate       size/glue  tier1   irredundant
c 
c i  2.17  0 216 1 108 15  697  248 1.4 13 10 2 6 22% 1045027 2880 98%
c i  2.17  0 215 1 108 15  698  248 1.4 13 10 2 6 22% 1045027 2870 97%
c i  2.22  0 196 1 127 14  794  312 1.4 15 11 2 6 22% 1045003 2867 97%
c i  2.22  0 196 1 128 15  797  312 1.4 14 11 2 6 22% 1045001 2866 97%
c i  2.23  0 193 1 130 14  813  316 1.4 14 11 2 6 21% 1044995 2858 97%
c i  2.23  0 192 1 130 14  814  316 1.4 14 11 2 6 21% 1044995 2857 97%
c i  2.23  0 192 1 130 14  815  316 1.4 14 10 2 6 21% 1044995 2856 97%
c }  2.34  0 167 1 156 14 1002  406 1.4 15 11 2 6 23% 1044911 2856 97%
c [  2.34  0  0 1 156  0 1002  406 0.0 0 0 2 6  0% 1044911 2856 97%
c O  2.34  0  5 1 156  6 1003  407 1.3 4 3 2 6 22% 1044911 2856 97%
c -  2.59  0 64 2 156  2 1176  252 1.9 21 11 2 6 47% 1044849 2856 97%
c -  2.96  0 52 3 157  1 2906  533 1.6 24 15 2 6 35% 1044825 2856 97%
c I  3.01  0 51 3 157  1 3005  620 1.6 23 14 2 6 34% 1044824 2856 97%
c ]  3.07  0 49 3 157  1 3195  791 1.6 24 15 2 6 32% 1044823 2856 97%
c {  3.07  0 167 3 157 14 3195  791 1.4 15 11 2 6 23% 1044823 2856 97%
c i  3.12  0 162 3 167 13 3232  816 1.3 15 11 2 6 23% 1044822 2852 97%
c i  3.15  0 150 3 172 12 3376  855 1.4 15 11 2 6 24% 1044731 2851 97%
c i  3.17  0 147 3 173 12 3437  873 1.3 15 11 2 6 25% 1044697 2850 97%
c i  3.18  0 145 3 173 12 3473  877 1.3 15 11 2 6 25% 1044675 2849 97%
c i  3.18  0 145 3 173 12 3474  877 1.3 15 11 2 6 25% 1044675 2847 97%
c 
c  seconds   reduction conflicts       size   tier2        variables
c         MB     restarts   redundant     glue   trail          remaining
c           level     rate       size/glue  tier1   irredundant
c 
c i  3.18  0 144 3 173 12 3479  879 1.3 15 11 2 6 25% 1044675 2843 97%
c i  3.18  0 142 3 173 11 3508  882 1.3 15 11 2 6 24% 1044657 2790 95%
c i  3.18  0 140 3 173 11 3523  882 1.3 15 11 2 6 24% 1044646 2757 94%
c i  3.19  0 139 3 173 11 3533  884 1.3 15 11 2 6 24% 1044639 2715 92%
c 2  3.29  0 133 3 186 11 3624  941 1.3 15 11 2 6 24% 1044621 2698 92%
c d  3.34  0 133 3 186 11 3624  914 1.3 15 11 2 6 24% 1044440 2697 92%
c p  3.35  0 133 3 186 11 3624  915 1.3 15 11 2 6 24% 1044440 2697 92%
c =  3.62  0 133 3 186 11 3624  896 1.3 15 11 2 6 24% 1044323 2574 87%
c t  3.64  0 133 3 186 11 3624  886 1.3 15 11 2 6 24% 1044323 2574 87%
c i  3.79  0 133 3 186 11 3628  887 1.3 15 11 2 6 20% 1044321 2570 87%
c i  3.79  0 133 3 187 11 3633  888 1.3 15 11 2 6 10% 1044320 2566 87%
c i  3.84  0 129 3 199 11 3696  910 1.3 15 11 2 6 19% 1044284 2563 87%
c i  4.23  0 91 3 241  7 4601 1600 1.7 18 11 2 6 27% 1044170 2562 87%
c i  4.23  0 91 3 242  7 4602 1600 1.7 18 11 2 6 27% 1044170 2561 87%
c i  4.23  0 91 3 242  7 4604 1600 1.7 18 11 2 6 27% 1044170 2551 87%
c i  4.28  0 90 3 247  8 4623 1616 1.7 18 11 2 6 27% 1044169 2544 86%
c i  4.28  0 90 3 248  8 4624 1616 1.7 18 11 2 6 27% 1044169 2541 86%
c i  4.28  0 90 3 248  8 4625 1616 1.7 18 11 2 6 27% 1044169 2518 86%
c i  4.28  0 90 3 248  8 4626 1616 1.7 18 11 2 6 27% 1044169 2507 85%
c i  4.28  0 90 3 249  8 4627 1616 1.7 18 11 2 6 27% 1044169 2448 83%
c 
c  seconds  reduction conflicts       size   tier2        variables
c         MB    restarts   redundant     glue   trail          remaining
c          level     rate       size/glue  tier1   irredundant
c 
c i  4.29  0 90 3 249  8 4637 1617 1.7 18 11 2 6 27% 1044163 2447 83%
c i  4.35  0 89 3 257  7 4677 1644 1.7 18 11 2 6 26% 1044155 2358 80%
c i  4.61  0 77 3 328  7 5160 1996 1.6 18 11 8 15 24% 1044133 2265 77%
c -  5.03  0 69 4 374  6 5626 1910 1.6 19 12 8 15 23% 933987 2265 77%
c O  5.10  0 63 4 374  5 6007 2198 1.6 18 11 8 15 23% 933987 2265 77%
c 2  5.17  0 62 4 374  5 6125 2288 1.6 18 11 8 14 23% 933987 2260 77%
c d  5.21  0 62 4 374  5 6125 2288 1.6 18 11 8 14 23% 933975 2259 77%
c k  5.22  0 62 4 374  5 6125 2288 1.6 18 11 8 14 23% 933975 2247 76%
c 2  5.22  0 62 4 374  5 6125 2287 1.6 18 11 8 14 23% 933975 2247 76%
c -  6.36  0 41 5 593  4 9322 4055 1.6 19 11 8 14 21% 933958 2247 76%
c 2  6.36  0 41 5 593  4 9322 4055 1.6 19 11 8 14 21% 933958 2232 76%
c #  6.74  0 39 5 665  3 10011 4591 1.6 19 11 8 14 11% 933946 2232 76%
c }  6.80  0 39 5 683  3 10109 4666 1.6 19 12 8 14 11% 933946 2232 76%
c [  6.80  0 49 5 683  1 10109 4666 1.6 24 15 2 6 43% 933946 2232 76%
c -  7.72  0 31 6 686  1 14076 5579 1.4 22 16 12 18 22% 933943 2232 76%
c 2  7.73  0 31 6 686  1 14076 5579 1.4 22 16 12 18 22% 933943 2225 76%
c d  7.76  0 31 6 686  1 14076 5577 1.4 22 16 12 18 22% 933923 2217 75%
c k  7.77  0 31 6 686  1 14076 5577 1.4 22 16 12 18 22% 933923 2213 75%
c 2  7.77  0 31 6 686  1 14076 5576 1.4 22 16 12 18 22% 933923 2213 75%
c B  8.29  0 30 6 687  1 15012 6187 1.4 22 16 12 18 20% 933916 2213 75%
c 
c  seconds  reductions conflicts       size    tier2        variables
c         MB    restarts    redundant     glue     trail         remaining
c          level     rate        size/glue  tier1    irredundant
c 
c s  8.68  0 27 6 688  1 16984 7560 1.4 21 15 12 18 19% 933714 2213 75%
c t  8.70  0 27 6 688  1 16984 7557 1.4 21 15 12 18 19% 933696 2213 75%
c e  8.86  0 27 6 688  1 16984 6919 1.4 21 15 12 18 19% 930336 363 12%
c s  8.89  0 27 6 688  1 16984 6918 1.4 21 15 12 18 19% 930254 363 12%
c ]  9.39  0 26 6 688  1 18288 7829 1.4 21 15 12 18 26% 930254 363 12%
c {  9.39  0 39 6 688  3 18288 7829 1.6 19 12 8 14 65% 930254 363 12%
c - 10.26  0 35 7 806  3 19920 6861 1.6 19 12 8 14 39% 930254 363 12%
c 2 10.27  0 35 7 806  3 19920 6860 1.6 19 12 8 14 39% 930254 363 12%
c p 10.28  0 35 7 806  3 19920 6867 1.6 19 12 8 14 39% 930254 363 12%
c u 10.41  0 35 7 806  3 19920 6821 1.6 19 12 8 14 39% 930254 363 12%
c v 10.48  0 35 7 806  3 19920 6818 1.6 19 12 8 14 39% 930254 363 12%
c w 10.51  0 35 7 806  3 19920 6817 1.6 19 12 8 14 39% 930254 363 12%
c x 10.59  0 35 7 806  3 19920 6817 1.6 19 12 8 14 39% 930229 363 12%
c t 10.60  0 35 7 806  3 19920 6816 1.6 19 12 8 14 39% 930229 363 12%
c B 11.15  0 33 7 913  3 21013 7585 1.6 19 12 8 14 33% 930229 363 12%
c - 12.98  0 27 8 1258  2 26865 9708 1.6 18 12 9 13 27% 930229 363 12%
c p 13.00  0 27 8 1258  2 26865 9712 1.6 18 12 9 13 27% 930229 363 12%
c W 14.09  0 27 8 1366  2 28014 10494 1.5 18 12 9 13 26% 930241 363 12%
c } 15.58  0 22 8 1371  2 34746 14228 1.5 17 11 9 13 24% 930241 363 12%
c [ 15.58  0 26 8 1371  1 34746 14228 1.4 21 15 12 18 26% 930241 363 12%
c 
c  seconds  reductions  conflicts        size    tier2        variables
c         MB    restarts      redundant     glue     trail        remaining
c          level      rate         size/glue  tier1    irredundant
c 
c - 15.71  0 26 9 1371  1 34930 12463 1.4 21 15 12 18 25% 930241 363 12%
c p 15.74  0 26 9 1371  1 34930 12471 1.4 21 15 12 18 25% 930241 363 12%
c W 16.56  0 24 9 1371  1 36017 13072 1.4 20 15 12 18 24% 930241 363 12%
c - 17.76  0 22 10 1377  1 44129 14955 1.4 20 15 10 16 24% 930241 363 12%
c p 17.77  0 22 10 1377  1 44129 14956 1.4 20 15 10 16 24% 930241 363 12%
c u 17.91  0 22 10 1377  1 44129 14930 1.4 20 15 10 16 24% 930241 363 12%
c v 17.96  0 22 10 1377  1 44129 14924 1.4 20 15 10 16 24% 930241 363 12%
c w 17.98  0 22 10 1377  1 44129 14921 1.4 20 15 10 16 24% 930241 363 12%
c x 18.06  0 22 10 1377  1 44129 14919 1.4 20 15 10 16 24% 930216 363 12%
c O 18.28  0 22 10 1377  1 45018 15454 1.4 20 15 10 16 24% 930216 363 12%
c - 19.78  0 22 11 1379  1 54466 18322 1.5 21 14 10 16 27% 930216 363 12%
c p 19.80  0 22 11 1379  1 54466 18327 1.5 21 14 10 16 27% 930216 363 12%
c B 19.95  0 22 11 1379  1 55019 18697 1.5 21 14 10 16 27% 930216 363 12%
c ] 20.60  0 22 11 1381  1 59147 21197 1.5 21 14 10 16 26% 930216 363 12%
c { 20.60  0 22 11 1381  2 59147 21197 1.5 17 11 9 13 24% 930216 363 12%
c s 22.26  0 22 11 1914  2 62279 23287 1.5 17 11 9 13 24% 930140 363 12%
c s 22.45  0 22 11 1914  2 62279 23278 1.5 17 11 9 13 24% 929953 363 12%
c - 23.00  0 21 12 1925  2 65950 21669 1.5 17 11 9 13 24% 929953 363 12%
c p 23.03  0 21 12 1925  2 65950 21685 1.5 17 11 9 13 24% 929953 363 12%
c F 23.10  0 21 12 1925  2 66020 21742 1.5 17 11 9 13 24% 929954 363 12%
c 
c  seconds  reductions   conflicts        size   tier2        variables
c         MB     restarts      redundant     glue    trail        remaining
c          level       rate         size/glue  tier1   irredundant
c 
c B 27.51  0 20 12 3333  2 78022 30342 1.5 18 11 8 12 23% 929954 363 12%
c - 27.78  0 20 13 3347  2 78587 23061 1.5 18 11 8 12 23% 929954 363 12%
c p 27.81  0 20 13 3347  2 78587 23066 1.5 18 11 8 12 23% 929954 363 12%
c u 28.65  0 20 13 3347  2 78587 23003 1.5 18 11 8 12 23% 929954 363 12%
c v 28.74  0 20 13 3347  2 78587 22997 1.5 18 11 8 12 23% 929954 363 12%
c w 28.78  0 20 13 3347  2 78587 22995 1.5 18 11 8 12 23% 929954 363 12%
c x 28.91  0 20 13 3347  2 78587 22994 1.5 18 11 8 12 23% 929922 363 12%
c t 28.92  0 20 13 3347  2 78587 22994 1.5 18 11 8 12 23% 929921 363 12%
c } 32.00  0 19 13 4071  2 87675 29454 1.5 18 11 8 12 23% 929921 363 12%
c [ 32.00  0 22 13 4071  1 87675 29454 1.5 21 14 10 16 26% 929921 363 12%
c W 33.62  0 21 13 4073  1 91023 31574 1.4 21 14 10 16 26% 929921 363 12%
c - 33.93  0 21 14 4074  1 92382 25753 1.4 21 14 10 16 26% 929921 363 12%
c p 33.95  0 21 14 4074  1 92382 25761 1.4 21 14 10 16 26% 929921 363 12%
c I 35.68  0 20 14 4081  1 105024 32924 1.4 20 14 10 16 24% 929921 363 12%
c - 36.32  0 20 15 4082  1 107339 26924 1.4 20 14 10 16 24% 929921 363 12%
c p 36.35  0 20 15 4082  1 107339 26928 1.4 20 14 10 16 24% 929921 363 12%
c u 36.51  0 20 15 4082  1 107339 26884 1.4 20 14 10 16 24% 929921 363 12%
c v 36.58  0 20 15 4082  1 107339 26879 1.4 20 14 10 16 24% 929921 363 12%
c w 36.61  0 20 15 4082  1 107339 26879 1.4 20 14 10 16 24% 929921 363 12%
c x 36.72  0 20 15 4082  1 107339 26879 1.4 20 14 10 16 24% 929915 363 12%
c 
c  seconds  reductions   conflicts         size    tier2        variables
c         MB     restarts       redundant     glue     trail        remaining
c          level       rate          size/glue  tier1    irredundant
c 
c B 39.03  0 19 15 4085  1 120027 36307 1.4 20 14 10 16 24% 929915 363 12%
c - 39.77  0 20 16 4085  1 123462 30310 1.4 20 14 10 16 25% 929915 363 12%
c p 39.81  0 20 16 4085  1 123462 30318 1.4 20 14 10 16 25% 929915 363 12%
c ] 40.12  0 20 16 4085  1 125610 31889 1.4 20 14 10 16 25% 929915 363 12%
c { 40.12  0 19 16 4085  2 125610 31889 1.5 18 11 8 12 23% 929915 363 12%
c s 42.23  0 19 16 4639  2 130217 35170 1.5 18 12 8 12 23% 929668 363 12%
c s 42.45  0 19 16 4639  2 130217 35166 1.5 18 12 8 12 23% 929548 363 12%
c W 44.63  0 19 16 4888  2 136031 39412 1.6 18 11 8 12 23% 929548 363 12%
c - 47.31  0 19 17 5701  2 140753 31869 1.5 18 12 7 12 23% 929548 363 12%
c p 47.34  0 19 17 5701  2 140753 31879 1.5 18 12 7 12 23% 929548 363 12%
c u 47.59  0 19 17 5701  2 140753 31833 1.5 18 12 7 12 23% 929548 363 12%
c v 47.69  0 19 17 5701  2 140753 31827 1.5 18 12 7 12 23% 929548 363 12%
c w 47.73  0 19 17 5701  2 140753 31827 1.5 18 12 7 12 23% 929548 363 12%
c x 47.89  0 19 17 5701  2 140753 31827 1.5 18 12 7 12 23% 929513 363 12%
c t 47.89  0 19 17 5701  2 140753 31827 1.5 18 12 7 12 23% 929512 363 12%
c # 52.27  0 19 17 6889  2 153032 40565 1.5 18 12 7 12 23% 929512 363 12%
c - 54.30  0 19 18 7286  2 159215 35579 1.5 18 12 7 12 24% 929512 363 12%
c p 54.34  0 19 18 7286  2 159215 35593 1.5 18 12 7 12 24% 929512 363 12%
c u 55.39  0 19 18 7286  2 159215 35563 1.5 18 12 7 12 24% 929512 363 12%
c v 55.45  0 19 18 7286  2 159215 35561 1.5 18 12 7 12 24% 929512 363 12%
c 
c  seconds  reductions   conflicts         size   tier2        variables
c         MB     restarts       redundant     glue    trail        remaining
c          level       rate          size/glue  tier1   irredundant
c 
c w 55.48  0 19 18 7286  2 159215 35561 1.5 18 12 7 12 24% 929512 363 12%
c x 55.55  0 19 18 7286  2 159215 35560 1.5 18 12 7 12 24% 929468 363 12%
c t 55.56  0 19 18 7286  2 159215 35560 1.5 18 12 7 12 24% 929467 363 12%
c } 58.70  0 18 18 8051  2 168089 41607 1.5 18 12 7 12 23% 929467 363 12%
c [ 58.70  0 20 18 8051  1 168089 41607 1.4 20 14 10 16 25% 929467 363 12%
c W 59.88  0 20 18 8051  1 171033 43573 1.4 21 14 10 16 25% 929467 363 12%
c - 61.49  0 20 19 8051  1 178850 38635 1.4 21 15 10 16 25% 929467 363 12%
c p 61.53  0 20 19 8051  1 178850 38649 1.4 21 15 10 16 25% 929467 363 12%
c u 61.66  0 20 19 8051  1 178850 38627 1.4 21 15 10 16 25% 929467 363 12%
c v 61.71  0 20 19 8051  1 178850 38627 1.4 21 15 10 16 25% 929467 363 12%
c w 61.73  0 20 19 8051  1 178850 38627 1.4 21 15 10 16 25% 929467 363 12%
c x 61.80  0 20 19 8051  1 178850 38627 1.4 21 15 10 16 25% 929431 363 12%
c O 64.21  0 20 19 8058  1 190034 46429 1.4 21 15 10 16 25% 929431 363 12%
c - 67.34  0 20 20 8064  1 199658 37703 1.4 21 15 10 16 24% 929431 363 12%
c p 67.39  0 20 20 8064  1 199658 37713 1.4 21 15 10 16 24% 929431 363 12%
c u 67.52  0 20 20 8064  1 199658 37669 1.4 21 15 10 16 24% 929431 363 12%
c v 67.58  0 20 20 8064  1 199658 37667 1.4 21 15 10 16 24% 929431 363 12%
c w 67.61  0 20 20 8064  1 199658 37667 1.4 21 15 10 16 24% 929431 363 12%
c x 67.69  0 20 20 8064  1 199658 37665 1.4 21 15 10 16 24% 929379 363 12%
c B 70.42  0 20 20 8066  1 210036 43794 1.4 20 15 9 15 24% 929379 363 12%
c 
c  seconds  reductions   conflicts         size   tier2        variables
c         MB     restarts       redundant     glue    trail        remaining
c          level       rate          size/glue  tier1   irredundant
c 
c ] 72.39  0 19 20 8070  1 217794 49013 1.4 20 15 9 15 24% 929379 363 12%
c { 72.39  0 18 20 8070  2 217794 49013 1.5 18 12 7 12 23% 929379 363 12%
c s 73.15  0 18 20 8078  2 220797 50961 1.5 18 12 7 12 23% 928781 363 12%
c s 73.36  0 18 20 8078  2 220797 50946 1.5 18 12 7 12 23% 928579 363 12%
c - 73.99  0 18 21 8163  2 221642 39899 1.5 18 12 7 12 23% 928579 363 12%
c p 74.02  0 18 21 8163  2 221642 39913 1.5 18 12 7 12 23% 928579 363 12%
c u 74.17  0 18 21 8163  2 221642 39866 1.5 18 12 7 12 23% 928579 363 12%
c v 74.23  0 18 21 8163  2 221642 39866 1.5 18 12 7 12 23% 928579 363 12%
c w 74.26  0 18 21 8163  2 221642 39866 1.5 18 12 7 12 23% 928579 363 12%
c x 74.35  0 18 21 8163  2 221642 39866 1.5 18 12 7 12 23% 928570 363 12%
c B 77.59  0 18 21 8952  2 231037 46497 1.5 18 12 7 12 23% 928570 363 12%
c - 83.56  0 18 22 10129  2 244801 46411 1.5 18 12 7 12 23% 928570 363 12%
c p 83.61  0 18 22 10129  2 244801 46425 1.5 18 12 7 12 23% 928570 363 12%
c u 83.77  0 18 22 10129  2 244801 46411 1.5 18 12 7 12 23% 928570 363 12%
c v 83.85  0 18 22 10129  2 244801 46408 1.5 18 12 7 12 23% 928570 363 12%
c w 83.88  0 18 22 10129  2 244801 46407 1.5 18 12 7 12 23% 928570 363 12%
c x 83.98  0 18 22 10129  2 244801 46406 1.5 18 12 7 12 23% 928547 363 12%
c t 83.98  0 18 22 10129  2 244801 46406 1.5 18 12 7 12 23% 928546 363 12%
c W 89.08  0 17 22 10991  2 253038 51682 1.5 18 12 7 12 23% 928546 363 12%
c - 95.84  0 17 23 12461  2 269140 47127 1.5 18 12 6 12 23% 928546 363 12%
c 
c  seconds  reductions    conflicts         size   tier2        variables
c         MB      restarts       redundant     glue    trail        remaining
c          level        rate          size/glue  tier1   irredundant
c 
c p 95.88  0 17 23 12461  2 269140 47136 1.5 18 12 6 12 23% 928546 363 12%
c u 96.10  0 17 23 12461  2 269140 47105 1.5 18 12 6 12 23% 928546 363 12%
c v 96.18  0 17 23 12461  2 269140 47096 1.5 18 12 6 12 23% 928546 363 12%
c w 96.22  0 17 23 12461  2 269140 47095 1.5 18 12 6 12 23% 928546 363 12%
c x 96.34  0 17 23 12461  2 269140 47095 1.5 18 12 6 12 23% 928457 363 12%
c F 98.02  0 17 23 12594  2 276039 51026 1.5 17 12 6 12 22% 928457 363 12%
c } 98.84  0 17 23 12740  2 277318 51908 1.5 17 12 6 12 22% 928457 363 12%
c [ 98.84  0 19 23 12740  1 277318 51908 1.4 20 15 9 15 24% 928457 363 12%
c - 102.54  0 19 24 12750  1 294660 49308 1.4 20 14 9 15 24% 928457 363 12%
c p 102.59  0 19 24 12750  1 294660 49319 1.4 20 14 9 15 24% 928457 363 12%
c u 103.75  0 19 24 12750  1 294660 49283 1.4 20 14 9 15 24% 928457 363 12%
c v 103.82  0 19 24 12750  1 294660 49276 1.4 20 14 9 15 24% 928457 363 12%
c w 103.85  0 19 24 12750  1 294660 49276 1.4 20 14 9 15 24% 928457 363 12%
c x 103.94  0 19 24 12750  1 294660 49276 1.4 20 14 9 15 24% 928430 363 12%
c t 103.95  0 19 24 12750  1 294660 49276 1.4 20 14 9 15 24% 928429 363 12%
c W 106.07  0 19 24 12751  1 300041 52777 1.4 20 14 9 15 24% 928429 363 12%
c - 109.62  0 19 25 12752  1 321362 49206 1.4 20 14 9 15 23% 928429 363 12%
c p 109.65  0 19 25 12752  1 321362 49216 1.4 20 14 9 15 23% 928429 363 12%
c u 109.80  0 19 25 12752  1 321362 49189 1.4 20 14 9 15 23% 928429 363 12%
c v 109.86  0 19 25 12752  1 321362 49183 1.4 20 14 9 15 23% 928429 363 12%
c 
c  seconds   reductions    conflicts         size   tier2        variables
c          MB      restarts       redundant     glue    trail        remaining
c           level        rate          size/glue  tier1   irredundant
c 
c w 109.89  0 19 25 12752  1 321362 49182 1.4 20 14 9 15 23% 928429 363 12%
c x 109.98  0 19 25 12752  1 321362 49182 1.4 20 14 9 15 23% 928408 363 12%
c I 110.66  0 19 25 12753  1 325043 51650 1.4 20 14 9 15 23% 928408 363 12%
c s 112.15  0 18 25 12753  1 334008 57135 1.4 20 14 8 15 23% 927920 363 12%
c s 112.38  0 18 25 12753  1 334008 57110 1.4 20 14 8 15 23% 927571 363 12%
c - 115.36  0 18 26 12753  1 349248 49651 1.4 20 14 8 15 23% 927571 363 12%
c p 115.40  0 18 26 12753  1 349248 49661 1.4 20 14 8 15 23% 927571 363 12%
c u 115.55  0 18 26 12753  1 349248 49630 1.4 20 14 8 15 23% 927571 363 12%
c v 115.61  0 18 26 12753  1 349248 49627 1.4 20 14 8 15 23% 927571 363 12%
c w 115.65  0 18 26 12753  1 349248 49626 1.4 20 14 8 15 23% 927571 363 12%
c x 115.74  0 18 26 12753  1 349248 49626 1.4 20 14 8 15 23% 927540 363 12%
c t 115.75  0 18 26 12753  1 349248 49626 1.4 20 14 8 15 23% 927539 363 12%
c B 116.17  0 18 26 12753  1 351045 50727 1.4 20 14 8 15 23% 927539 363 12%
c ] 117.67  0 18 26 12756  1 359151 55711 1.4 20 14 8 15 22% 927539 363 12%
c { 117.67  0 17 26 12756  2 359151 55711 1.5 17 12 6 12 22% 927539 363 12%
c B 125.46  0 17 26 14372  2 378047 68418 1.5 17 12 6 12 23% 927539 363 12%
c - 125.57  0 17 27 14391  2 378314 54122 1.5 17 12 6 12 23% 927539 363 12%
c p 125.61  0 17 27 14391  2 378314 54136 1.5 17 12 6 12 23% 927539 363 12%
c u 125.80  0 17 27 14391  2 378314 54046 1.5 17 12 6 12 23% 927539 363 12%
c v 125.88  0 17 27 14391  2 378314 54033 1.5 17 12 6 12 23% 927539 363 12%
c 
c  seconds   reductions    conflicts         size   tier2        variables
c          MB      restarts       redundant     glue    trail        remaining
c           level        rate          size/glue  tier1   irredundant
c 
c w 125.93  0 17 27 14391  2 378314 54033 1.5 17 12 6 12 23% 927539 363 12%
c x 126.07  0 17 27 14391  2 378314 54033 1.5 17 12 6 12 23% 927499 363 12%
c t 126.08  0 17 27 14391  2 378314 54033 1.5 17 12 6 12 23% 927498 363 12%
c W 138.01  0 17 27 16166  1 406049 73537 1.5 18 12 6 12 23% 927498 363 12%
c - 139.04  0 17 28 16302  1 408563 61232 1.5 18 12 6 12 23% 927498 363 12%
c p 139.09  0 17 28 16302  1 408563 61242 1.5 18 12 6 12 23% 927498 363 12%
c u 139.31  0 17 28 16302  1 408563 61133 1.5 18 12 6 12 23% 927498 363 12%
c v 139.38  0 17 28 16302  1 408563 61121 1.5 18 12 6 12 23% 927498 363 12%
c w 139.42  0 17 28 16302  1 408563 61120 1.5 18 12 6 12 23% 927498 363 12%
c x 139.54  0 17 28 16302  1 408563 61120 1.5 18 12 6 12 23% 927477 363 12%
c t 139.55  0 17 28 16302  1 408563 61120 1.5 18 12 6 12 23% 927475 363 12%
c # 148.15  0 16 28 17504  1 435051 79454 1.5 17 12 6 12 23% 927475 363 12%
c } 148.76  0 16 28 17559  1 438176 81638 1.5 17 12 6 12 23% 927475 363 12%
c [ 148.76  0 18 28 17559  1 438176 81638 1.4 20 14 8 15 22% 927475 363 12%
c - 149.14  0 18 29 17560  1 439998 69061 1.4 20 14 8 15 22% 927475 363 12%
c p 149.19  0 18 29 17560  1 439998 69071 1.4 20 14 8 15 22% 927475 363 12%
c u 149.41  0 18 29 17560  1 439998 68999 1.4 20 14 8 15 22% 927475 363 12%
c v 149.50  0 18 29 17560  1 439998 68983 1.4 20 14 8 15 22% 927475 363 12%
c w 149.54  0 18 29 17560  1 439998 68978 1.4 20 14 8 15 22% 927475 363 12%
c x 149.67  0 18 29 17560  1 439998 68977 1.4 20 14 8 15 22% 927449 363 12%
c 
c  seconds   reductions    conflicts         size   tier2        variables
c          MB      restarts       redundant     glue    trail        remaining
c           level        rate          size/glue  tier1   irredundant
c 
c t 149.68  0 18 29 17560  1 439998 68977 1.4 20 14 8 15 22% 927438 363 12%
c W 155.30  0 17 29 17571  1 465052 84201 1.4 19 14 8 14 22% 927438 363 12%
c s 156.27  0 17 29 17572  1 469840 87257 1.4 19 14 8 14 22% 927040 363 12%
c s 156.52  0 17 29 17572  1 469840 87239 1.4 19 14 8 14 22% 926831 363 12%
c - 157.32  0 17 30 17574  1 472622 70802 1.4 19 14 8 14 22% 926831 363 12%
c p 157.36  0 17 30 17574  1 472622 70812 1.4 19 14 8 14 22% 926831 363 12%
c u 157.58  0 17 30 17574  1 472622 70788 1.4 19 14 8 14 22% 926831 363 12%
c v 157.67  0 17 30 17574  1 472622 70775 1.4 19 14 8 14 22% 926831 363 12%
c w 157.71  0 17 30 17574  1 472622 70771 1.4 19 14 8 14 22% 926831 363 12%
c x 157.82  0 17 30 17574  1 472622 70771 1.4 19 14 8 14 22% 926797 363 12%
c O 162.56  0 17 30 17586  1 496054 84040 1.4 19 14 8 14 21% 926797 363 12%
c - 166.27  0 17 31 17587  1 506428 69311 1.4 19 14 8 14 21% 926797 363 12%
c p 166.32  0 17 31 17587  1 506428 69321 1.4 19 14 8 14 21% 926797 363 12%
c u 167.84  0 17 31 17587  1 506428 69295 1.4 19 14 8 14 21% 926797 363 12%
c v 167.93  0 17 31 17587  1 506428 69278 1.4 19 14 8 14 21% 926797 363 12%
c w 167.99  0 17 31 17587  1 506428 69271 1.4 19 14 8 14 21% 926797 363 12%
c x 168.13  0 17 31 17587  1 506428 69271 1.4 19 14 8 14 21% 926758 363 12%
c B 174.53  0 17 31 17594  1 528056 84153 1.4 19 13 8 14 22% 926758 363 12%
c ] 176.30  0 17 31 17597  1 535954 89513 1.4 19 13 7 14 22% 926758 363 12%
c { 176.30  0 16 31 17597  1 535954 89513 1.5 17 12 6 12 23% 926758 363 12%
c 
c  seconds   reductions    conflicts         size   tier2        variables
c          MB      restarts       redundant     glue    trail        remaining
c           level        rate          size/glue  tier1   irredundant
c 
c - 179.51  0 16 32 18261  1 541421 73171 1.5 17 12 6 12 23% 926758 363 12%
c p 179.56  0 16 32 18261  1 541421 73185 1.5 17 12 6 12 23% 926758 363 12%
c u 179.82  0 16 32 18261  1 541421 73132 1.5 17 12 6 12 23% 926758 363 12%
c v 179.94  0 16 32 18261  1 541421 73122 1.5 17 12 6 12 23% 926758 363 12%
c w 180.00  0 16 32 18261  1 541421 73113 1.5 17 12 6 12 23% 926758 363 12%
c x 180.18  0 16 32 18261  1 541421 73113 1.5 17 12 6 12 23% 926721 363 12%
c B 186.26  0 16 32 18943  1 561057 85231 1.5 17 12 6 12 22% 926721 363 12%
c - 191.34  0 15 33 19699  1 577606 79769 1.5 17 11 6 12 22% 926721 363 12%
c p 191.39  0 15 33 19699  1 577606 79779 1.5 17 11 6 12 22% 926721 363 12%
c u 191.63  0 15 33 19699  1 577606 79749 1.5 17 11 6 12 22% 926721 363 12%
c v 191.73  0 15 33 19699  1 577606 79746 1.5 17 11 6 12 22% 926721 363 12%
c w 191.78  0 15 33 19699  1 577606 79735 1.5 17 11 6 12 22% 926721 363 12%
c x 191.94  0 15 33 19699  1 577606 79733 1.5 17 11 6 12 22% 926672 363 12%
c t 191.95  0 15 33 19699  1 577606 79733 1.5 17 11 6 12 22% 926661 363 12%
c W 202.61  0 15 33 20805  1 595058 91189 1.5 17 11 5 11 22% 926661 363 12%
c - 211.71  0 15 34 22540  1 614979 76415 1.5 17 11 5 11 22% 926661 363 12%
c p 211.76  0 15 34 22540  1 614979 76429 1.5 17 11 5 11 22% 926661 363 12%
c u 212.07  0 15 34 22540  1 614979 76366 1.5 17 11 5 11 22% 926660 363 12%
c v 212.21  0 15 34 22540  1 614979 76363 1.5 17 11 5 11 22% 926660 363 12%
c w 212.27  0 15 34 22540  1 614979 76363 1.5 17 11 5 11 22% 926660 363 12%
c 
c  seconds   reductions    conflicts         size   tier2        variables
c          MB      restarts       redundant     glue    trail        remaining
c           level        rate          size/glue  tier1   irredundant
c 
c x 212.47  0 15 34 22540  1 614979 76362 1.5 17 11 5 11 22% 926574 363 12%
c s 218.08  0 15 34 23522  1 628294 85399 1.5 17 11 5 11 22% 925688 363 12%
c s 218.33  0 15 34 23522  1 628294 85353 1.5 17 11 5 11 22% 924963 363 12%
c F 219.23  0 15 34 23629  1 630060 86435 1.5 17 11 5 11 22% 924963 363 12%
c } 222.16  0 15 34 24229  1 636637 90876 1.5 17 11 5 11 22% 924963 363 12%
c [ 222.16  0 17 34 24229  1 636637 90876 1.4 19 13 7 14 22% 924963 363 12%
c - 225.12  0 16 35 24235  1 653541 77589 1.4 18 13 7 14 21% 924963 363 12%
c p 225.17  0 16 35 24235  1 653541 77599 1.4 18 13 7 14 21% 924963 363 12%
c u 225.42  0 16 35 24235  1 653541 77555 1.4 18 13 7 14 21% 924963 363 12%
c v 225.54  0 16 35 24235  1 653541 77552 1.4 18 13 7 14 21% 924963 363 12%
c w 225.59  0 16 35 24235  1 653541 77550 1.4 18 13 7 14 21% 924963 363 12%
c x 225.78  0 16 35 24235  1 653541 77549 1.4 18 13 7 14 21% 924880 363 12%
c W 229.53  0 15 35 24242  1 666061 85317 1.4 18 13 7 14 21% 924880 363 12%
c - 234.47  0 15 36 24250  1 693278 80035 1.4 17 12 7 14 21% 924880 363 12%
c p 234.51  0 15 36 24250  1 693278 80045 1.4 17 12 7 14 21% 924880 363 12%
c u 234.72  0 15 36 24250  1 693278 79966 1.4 17 12 7 14 21% 924880 363 12%
c v 234.80  0 15 36 24250  1 693278 79956 1.4 17 12 7 14 21% 924880 363 12%
c w 234.84  0 15 36 24250  1 693278 79955 1.4 17 12 7 14 21% 924880 363 12%
c x 234.98  0 15 36 24250  1 693278 79954 1.4 17 12 7 14 21% 924819 363 12%
c I 237.11  0 15 36 24250  1 703063 85543 1.4 17 12 7 14 21% 924819 363 12%
c 
c  seconds   reductions    conflicts         size   tier2        variables
c          MB      restarts       redundant     glue    trail        remaining
c           level        rate          size/glue  tier1   irredundant
c 
c - 242.27  0 15 37 24251  1 734203 80400 1.4 17 12 7 13 21% 924819 363 12%
c p 242.32  0 15 37 24251  1 734203 80410 1.4 17 12 7 13 21% 924819 363 12%
c u 242.53  0 15 37 24251  1 734203 80334 1.4 17 12 7 13 21% 924819 363 12%
c v 242.63  0 15 37 24251  1 734203 80333 1.4 17 12 7 13 21% 924819 363 12%
c w 242.67  0 15 37 24251  1 734203 80331 1.4 17 12 7 13 21% 924819 363 12%
c x 242.83  0 15 37 24251  1 734203 80331 1.4 17 12 7 13 21% 924787 363 12%
c t 242.84  0 15 37 24251  1 734203 80331 1.4 17 12 7 13 21% 924786 363 12%
c B 244.07  0 15 37 24252  1 741066 84539 1.4 17 12 7 13 21% 924786 363 12%
c - 250.98  0 14 38 24252  1 776317 84735 1.5 17 12 7 13 21% 924786 363 12%
c p 251.03  0 14 38 24252  1 776317 84745 1.5 17 12 7 13 21% 924786 363 12%
c u 251.27  0 14 38 24252  1 776317 84509 1.5 17 12 7 13 21% 924786 363 12%
c v 251.38  0 14 38 24252  1 776317 84506 1.5 17 12 7 13 21% 924786 363 12%
c w 251.43  0 14 38 24252  1 776317 84505 1.5 17 12 7 13 21% 924786 363 12%
c x 251.59  0 14 38 24252  1 776317 84505 1.5 17 12 7 13 21% 924732 363 12%
c W 254.73  0 14 38 24252  1 780068 87033 1.5 17 12 7 13 21% 924732 363 12%
c ] 255.12  0 14 38 24252  1 781065 87725 1.5 17 12 7 13 21% 924732 363 12%
c { 255.12  0 15 38 24252  1 781065 87725 1.5 17 11 5 11 22% 924732 363 12%
c s 265.63  0 15 38 26269  1 809340 106301 1.5 17 11 5 11 22% 924031 363 12%
c s 265.88  0 15 38 26269  1 809340 106272 1.5 17 11 5 11 22% 923491 363 12%
c - 269.97  0 15 39 26917  1 819622 89787 1.5 17 11 5 11 21% 923491 363 12%
c 
c  seconds   reductions    conflicts         size   tier2        variables
c          MB      restarts       redundant     glue    trail        remaining
c           level        rate          size/glue  tier1   irredundant
c 
c p 270.01  0 15 39 26917  1 819622 89797 1.5 17 11 5 11 21% 923491 363 12%
c u 271.20  0 15 39 26917  1 819622 89569 1.5 17 11 5 11 21% 923491 363 12%
c v 271.33  0 15 39 26917  1 819622 89566 1.5 17 11 5 11 21% 923491 363 12%
c w 271.39  0 15 39 26917  1 819622 89564 1.5 17 11 5 11 21% 923491 363 12%
c x 271.58  0 15 39 26917  1 819622 89564 1.5 17 11 5 11 21% 923460 363 12%
c t 271.58  0 15 39 26917  1 819622 89564 1.5 17 11 5 11 21% 923430 363 12%
c B 271.80  0 15 39 26917  1 820070 89786 1.5 17 11 5 11 21% 923430 363 12%
c W 284.09  0 14 39 28303  1 861074 114122 1.5 16 11 5 11 21% 923430 363 12%
c - 285.73  0 14 40 28770  1 864107 92486 1.5 16 11 5 11 21% 923430 363 12%
c p 285.79  0 14 40 28770  1 864107 92496 1.5 16 11 5 11 21% 923430 363 12%
c u 286.07  0 14 40 28770  1 864107 92334 1.5 16 11 5 11 21% 923430 363 12%
c v 286.18  0 14 40 28770  1 864107 92324 1.5 16 11 5 11 21% 923430 363 12%
c w 286.24  0 14 40 28770  1 864107 92324 1.5 16 11 5 11 21% 923430 363 12%
c x 286.40  0 14 40 28770  1 864107 92324 1.5 16 11 5 11 21% 923330 363 12%
c t 286.41  0 14 40 28770  1 864107 92324 1.5 16 11 5 11 21% 923321 363 12%
c # 300.09  0 14 40 31748  1 903078 116392 1.5 16 11 5 11 21% 923321 363 12%
c - 302.28  0 14 41 32022  1 909783 97608 1.5 16 11 5 11 21% 923321 363 12%
c p 302.32  0 14 41 32022  1 909783 97618 1.5 16 11 5 11 21% 923321 363 12%
c u 302.64  0 14 41 32022  1 909783 97469 1.5 16 11 5 11 21% 923321 363 12%
c v 302.80  0 14 41 32022  1 909783 97463 1.5 16 11 5 11 21% 923321 363 12%
c 
c  seconds   reductions    conflicts         size   tier2        variables
c          MB      restarts       redundant     glue    trail        remaining
c           level        rate          size/glue  tier1   irredundant
c 
c w 302.88  0 14 41 32022  1 909783 97461 1.5 16 11 5 11 21% 923321 363 12%
c x 303.11  0 14 41 32022  1 909783 97461 1.5 16 11 5 11 21% 923273 363 12%
c } 305.82  0 14 41 32695  1 918280 102137 1.5 16 11 5 11 21% 923273 363 12%
c [ 305.82  0 14 41 32695  1 918280 102137 1.5 17 12 7 13 21% 923273 363 12%
c O 310.64  0 14 41 32699  1 946079 120557 1.5 18 12 6 13 21% 923273 363 12%
c - 313.39  0 14 42 32705  1 956647 100463 1.5 17 12 6 13 21% 923273 363 12%
c p 313.43  0 14 42 32705  1 956647 100473 1.5 17 12 6 13 21% 923273 363 12%
c u 313.71  0 14 42 32705  1 956647 100396 1.5 17 12 6 13 21% 923273 363 12%
c v 313.85  0 14 42 32705  1 956647 100388 1.5 17 12 6 13 21% 923273 363 12%
c w 313.92  0 14 42 32705  1 956647 100386 1.5 17 12 6 13 21% 923273 363 12%
c x 314.06  0 14 42 32705  1 956647 100385 1.5 17 12 6 13 21% 923177 363 12%
c t 314.07  0 14 42 32705  1 956647 100385 1.5 17 12 6 13 21% 923176 363 12%
c B 321.01  0 14 42 32720  1 990080 120634 1.5 17 12 6 13 21% 923176 363 12%
c - 324.77  0 14 43 32725  1 1004706 101296 1.5 17 12 6 13 21% 923176 363 12%
c p 324.82  0 14 43 32725  1 1004706 101306 1.5 17 12 6 13 21% 923176 363 12%
c u 325.09  0 14 43 32725  1 1004706 101225 1.5 17 12 6 13 21% 923176 363 12%
c v 325.20  0 14 43 32725  1 1004706 101218 1.5 17 12 6 13 21% 923176 363 12%
c w 325.26  0 14 43 32725  1 1004706 101217 1.5 17 12 6 13 21% 923176 363 12%
c x 325.43  0 14 43 32725  1 1004706 101216 1.5 17 12 6 13 21% 923122 363 12%
c t 325.44  0 14 43 32725  1 1004706 101216 1.5 17 12 6 13 21% 923120 363 12%
c 
c  seconds   reductions     conflicts          size   tier2        variables
c          MB      restarts        redundant      glue    trail        remaining
c           level        rate            size/glue  tier1   irredundant
c 
c s 327.67  0 14 43 32726  1 1012975 106315 1.5 17 12 6 13 21% 921721 363 12%
c s 327.91  0 14 43 32726  1 1012975 106277 1.5 17 12 6 13 21% 920315 363 12%
c W 336.13  0 14 43 32733  1 1035082 119193 1.5 17 11 6 13 20% 920315 363 12%
c - 341.44  0 13 44 32741  1 1053952 106977 1.5 16 11 6 12 20% 920315 363 12%
c p 341.50  0 13 44 32741  1 1053952 106987 1.5 16 11 6 12 20% 920315 363 12%
c u 341.81  0 13 44 32741  1 1053952 106911 1.5 16 11 6 12 20% 920315 363 12%
c v 341.95  0 13 44 32741  1 1053952 106893 1.5 16 11 6 12 20% 920315 363 12%
c w 342.02  0 13 44 32741  1 1053952 106886 1.5 16 11 6 12 20% 920315 363 12%
c x 342.22  0 13 44 32741  1 1053952 106886 1.5 16 11 6 12 20% 920212 363 12%
c t 342.23  0 13 44 32741  1 1053952 106886 1.5 16 11 6 12 20% 920211 363 12%
c ] 346.60  0 13 44 32748  1 1071155 115542 1.4 16 11 6 12 20% 920211 363 12%
c { 346.60  0 14 44 32748  1 1071155 115542 1.5 16 11 5 11 21% 920211 363 12%
c B 348.94  0 13 44 33003  1 1081083 121828 1.5 16 11 5 11 21% 920211 363 12%
c - 355.92  0 13 45 33862  1 1104356 112752 1.4 16 11 5 11 20% 920211 363 12%
c p 355.98  0 13 45 33862  1 1104356 112762 1.4 16 11 5 11 20% 920211 363 12%
c u 356.33  0 13 45 33862  1 1104356 112658 1.4 16 11 5 11 20% 920211 363 12%
c v 356.51  0 13 45 33862  1 1104356 112639 1.4 16 11 5 11 20% 920211 363 12%
c w 356.59  0 13 45 33862  1 1104356 112633 1.4 16 11 5 11 20% 920211 363 12%
c x 356.78  0 13 45 33862  1 1104356 112632 1.4 16 11 5 11 20% 920125 363 12%
c t 356.79  0 13 45 33862  1 1104356 112632 1.4 16 11 5 11 20% 920124 363 12%
c 
c  seconds   reductions     conflicts          size   tier2        variables
c          MB      restarts        redundant      glue    trail        remaining
c           level        rate            size/glue  tier1   irredundant
c 
c W 367.26  0 13 45 34494  1 1128085 124656 1.4 15 10 5 10 20% 920124 363 12%
c - 375.33  0 12 46 35518  1 1155954 112486 1.4 15 10 5 10 20% 920124 363 12%
c p 375.39  0 12 46 35518  1 1155954 112500 1.4 15 10 5 10 20% 920124 363 12%
c u 375.71  0 12 46 35518  1 1155954 112418 1.4 15 10 5 10 20% 920124 363 12%
c v 375.88  0 12 46 35518  1 1155954 112372 1.4 15 10 5 10 20% 920124 363 12%
c w 375.96  0 12 46 35518  1 1155954 112350 1.4 15 10 5 10 20% 920124 363 12%
c x 376.23  0 12 46 35518  1 1155954 112346 1.4 15 10 5 10 20% 920042 363 12%
c t 376.24  0 12 46 35518  1 1155954 112346 1.4 15 10 5 10 20% 920039 363 12%
c F 383.75  0 12 46 36807  1 1176086 123124 1.4 14 10 5 10 20% 920039 363 12%
c - 394.89  0 12 47 38550  1 1208738 103822 1.4 14 10 4 10 20% 920039 363 12%
c p 394.94  0 12 47 38550  1 1208738 103832 1.4 14 10 4 10 20% 920039 363 12%
c u 395.34  0 12 47 38550  1 1208738 103740 1.4 14 10 4 10 20% 920039 363 12%
c v 395.50  0 12 47 38550  1 1208738 103714 1.4 14 10 4 10 20% 920039 363 12%
c w 395.58  0 12 47 38550  1 1208738 103671 1.4 14 10 4 10 20% 920039 363 12%
c x 395.82  0 12 47 38550  1 1208738 103671 1.4 14 10 4 10 20% 919929 363 12%
c B 400.65  0 12 47 38883  1 1225088 111286 1.4 14 10 4 10 20% 919929 363 12%
c s 406.15  0 12 47 39686  1 1239134 119022 1.4 14 10 4 10 19% 917775 363 12%
c s 406.43  0 12 47 39686  1 1239134 118982 1.4 14 10 4 10 19% 916535 363 12%
c } 408.51  0 11 47 39761  1 1245859 121920 1.4 14 10 4 10 19% 916535 363 12%
c [ 408.51  0 13 47 39761  1 1245859 121920 1.4 16 11 6 12 20% 916535 363 12%
c 
c  seconds   reductions     conflicts          size   tier2        variables
c          MB      restarts        redundant      glue    trail        remaining
c           level        rate            size/glue  tier1   irredundant
c 
c i 409.76  0 13 47 39765  1 1250735 124065 1.5 16 11 6 12 20% 916535 362 12%
c - 412.68  0 13 48 39769  1 1262717 73794 1.4 16 11 6 12 20% 783387 362 12%
c p 412.72  0 13 48 39769  1 1262717 73804 1.4 16 11 6 12 20% 783387 362 12%
c u 415.22  0 13 48 39769  1 1262717 73653 1.4 16 11 6 12 20% 783387 362 12%
c v 415.40  0 13 48 39769  1 1262717 73645 1.4 16 11 6 12 20% 783387 362 12%
c w 415.46  0 13 48 39769  1 1262717 73638 1.4 16 11 6 12 20% 783387 362 12%
c x 415.71  0 13 48 39769  1 1262717 73638 1.4 16 11 6 12 20% 783274 362 12%
c t 415.72  0 13 48 39769  1 1262717 73638 1.4 16 11 6 12 20% 783271 362 12%
c I 418.57  0 12 48 39770  1 1275091 79824 1.5 15 11 6 12 20% 783271 362 12%
c i 421.63  0 12 48 39771  1 1285619 84682 1.5 15 10 6 12 20% 783271 361 12%
c i 422.15  0 12 48 39771  1 1287011 85206 1.5 15 10 6 12 20% 783271 360 12%
c i 422.41  0 12 48 39771  1 1287913 85517 1.5 15 10 6 12 20% 783271 357 12%
c i 422.52  0 12 48 39771  1 1288181 85638 1.5 15 10 6 12 20% 783271 344 12%
c i 422.52  0 12 48 39771  1 1288201 85647 1.5 15 10 6 12 20% 783271 343 12%
c i 422.55  0 12 48 39771  1 1288284 85664 1.5 15 10 6 12 20% 783271 335 11%
c ] 422.56  0 12 48 39771  1 1288324 85678 1.5 15 10 6 12 20% 783271 316 11%
c 0 422.56  0 12 48 39771  1 1288324 85678 1.5 15 10 6 12 20% 783271 316 11%
c 
c --- [ closing proof ] ------------------------------------------------------
c 
c LRAT proof file '/Users/ivanspogreev/earth-moon/population/f034-a4-cert/split-m13/c1/round-0/F.lrat' closed
c LRAT 2121506 added clauses 36.96%
c LRAT 3619045 deleted clauses 63.04%
c LRAT 376314334 bytes (358.88 MB)
c 
c --- [ result ] -------------------------------------------------------------
c 
s UNSATISFIABLE
c 
c --- [ run-time profiling ] -------------------------------------------------
c 
c process time taken by individual solving procedures
c (percentage relative to process time for solving)
c 
c       387.63   92.06% search
c       227.98   54.14% unstable
c       137.14   32.57% stable
c        33.44    7.94% simplify
c        22.36    5.31% walk
c        18.53    4.40% vivify
c         7.98    1.89% sweep
c         3.07    0.73% elim
c         1.49    0.35% parse
c         1.12    0.27% subsume
c         1.11    0.26% probe
c         0.41    0.10% ternary
c         0.28    0.07% congruence
c         0.16    0.04% lucky
c         0.00    0.00% backbone
c   =================================
c       421.08   99.65% solve
c 
c last line shows process time for solving
c (percentage relative to total process time)
c 
c --- [ statistics ] ---------------------------------------------------------
c 
c chronological:            127829         9.92 %  of conflicts
c conflicts:               1288324      3059.59    per second
c backbone:                  77043      2616.06 %  of vars
c decisions:               1542645      3663.56    per second
c eliminated:                 1794        60.92 %  of all variables
c fixed:                       825        28.01 %  of all variables
c learned:                 1258465        97.68 %  per conflict
c learned_lits:           29530139       100.00 %  learned literals
c minimized:                     0         0.00 %  learned literals
c shrunken:                6528823        22.11 %  learned literals
c minishrunken:            1870919         6.34 %  learned literals
c otfs:                      16852         1.31 %  of conflict
c propagations:           17728721         0.04 M  per second
c reduced:                  669964        52.00 %  per conflict
c rephased:                     50     25766.48    interval
c restarts:                  39771        32.39    interval
c stabilizing:                  10        49.42 %  of conflicts
c substituted:                  10         0.34 %  of all variables
c subsumed:                 482669        20.89 %  of all clauses
c strengthened:              65300         2.83 %  of all clauses
c ticks:               31649876591      1819.78    propagation
c vivified:                   8263         0.36 %  of all clauses
c walked:                       15     85888.27    interval
c weakened:                   4263         2.52    average size
c congruence:                    9    143147.11    interval
c 
c seconds are measured in process time for solving
c 
c --- [ glue usage ] ---------------------------------------------------------
c 
c focused glue 4 used 227645 clauses 9.526% accumulated 51.25% tier1
c focused glue 5 used 191754 clauses 8.024% accumulated 59.28%
c focused glue 6-8 used 407374 clauses 17.04% accumulated 76.32%
c focused glue 9 used 117516 clauses 4.917% accumulated 81.24%
c focused glue 10 used 106594 clauses 4.460% accumulated 85.70% tier2
c 
c stable glue 5 used 195058 clauses 6.970% accumulated 50.21% tier1
c stable glue 6 used 163786 clauses 5.852% accumulated 56.06%
c stable glue 7-10 used 597142 clauses 21.33% accumulated 77.40%
c stable glue 11 used 135243 clauses 4.832% accumulated 82.23%
c stable glue 12 used 116846 clauses 4.175% accumulated 86.41% tier2
c 
c 
c --- [ resources ] ----------------------------------------------------------
c 
c total process time since initialization:       422.56    seconds
c total real time since initialization:          424.66    seconds
c maximum resident set size of process:          769.20    MB
c 
c --- [ shutting down ] ------------------------------------------------------
c 
c exit 20

[rc=20 424.7s]
$ /Users/ivanspogreev/earth-moon/verifier/../tools/drat-trim/lrat-check /Users/ivanspogreev/earth-moon/population/f034-a4-cert/split-m13/c1/round-0/F.cnf /Users/ivanspogreev/earth-moon/population/f034-a4-cert/split-m13/c1/round-0/F.lrat
c parsed a formula with 2945 variables and 2367317 clauses
c VERIFIED
c allocated 1024 53930436 44175
c Added clauses = 4488823.  Deleted clauses = 3619045.  Max live clauses = 2367317
c verification time = 7.09 secs

[rc=0 7.1s]
