c --- [ banner ] -------------------------------------------------------------
c 
c CaDiCaL SAT Solver
c Copyright (c) 2016-2026
c A. Biere, M. Fleury, N. Froleyks, K. Fazekas, F. Pollitt, T. Faller
c JKU Linz, University of Freiburg, TU Wien
c 
c Version 3.0.1
c Apple clang version 16.0.0 (clang-1600.0.26.6) -Wall -Wextra -O3 -DNDEBUG -std=c++11 -DNCLOSEFROM
c Sun Jul 19 15:40:55 UTC 2026 Darwin Sonoma-arm64.local 23.6.0 arm64
c 
c --- [ proof tracing ] ------------------------------------------------------
c 
c opening file to write 'data/a4_m16/F.lrat'
c writing non-binary proof trace to 'data/a4_m16/F.lrat'
c 
c --- [ parsing input ] ------------------------------------------------------
c 
c reading DIMACS file from 'data/a4_m16/F.cnf'
c opening file to read 'data/a4_m16/F.cnf'
c found 'p cnf 3080 304268' header
c parsed 304268 clauses in 0.18 seconds process time
c 
c --- [ options ] ------------------------------------------------------------
c 
c   --binary=false                 (different from default 'true')
c   --lrat=true                    (different from default 'false')
c 
c --- [ solving ] ------------------------------------------------------------
c 
c time measured in process time since initialization
c 
c  seconds  reduction conflicts       size tier2       variables
c         MB    restarts   redundant    glue  trail         remaining
c          level     rate       size/glu tier1  irredundant
c 
c *  0.18  0  0 0   0  0    0    0 0.0 0 0 2 6  0% 304210 3041 99%
c )  0.21  0  0 0   0  0    0    0 0.0 0 0 2 6  0% 304210 3041 99%
c {  0.21  0  0 0   0  0    0    0 0.0 0 0 2 6  0% 304210 3041 99%
c i  0.22  0 1512 0   0 35   93   55 1.4 13 9 2 6 54% 304176 3040 99%
c i  0.24  0 1317 0   4 21  175  120 1.5 15 10 2 6 50% 304166 3039 99%
c i  0.24  0 1272 0   4 20  181  120 1.5 14 9 2 6 48% 304163 3032 98%
c i  0.24  0 1265 0   4 20  182  120 1.5 14 9 2 6 48% 304163 3031 98%
c i  0.24  0 1258 0   4 20  183  120 1.5 14 9 2 6 48% 304163 3030 98%
c i  0.24  0 1224 0   4 19  189  122 1.5 14 9 2 6 47% 304161 3029 98%
c i  0.24  0 1198 0   4 19  194  123 1.5 14 9 2 6 46% 304159 3028 98%
c i  0.24  0 1191 0   4 19  195  123 1.5 13 9 2 6 46% 304159 3027 98%
c -  0.27  0 785 1   8 14  303  101 1.5 14 9 2 6 34% 304097 3027 98%
c i  0.32  0 454 1  34 10  556  246 1.7 16 10 2 6 26% 304038 3020 98%
c i  0.35  0 407 1  51 10  630  299 1.6 18 11 2 6 25% 304027 3019 98%
c i  0.35  0 402 1  51 10  637  300 1.6 18 11 2 6 25% 304022 3017 98%
c i  0.38  0 344 1  79 10  756  375 1.5 18 12 2 6 23% 303991 3015 98%
c i  0.41  0 312 1  99  9  839  421 1.5 18 12 2 6 22% 303960 3014 98%
c i  0.41  0 312 1  99  9  840  421 1.5 18 12 2 6 22% 303960 3003 98%
c -  0.46  0 275 2  99  8  949  226 1.5 17 12 2 6 21% 303924 3003 98%
c }  0.46  0 261 2  99  8 1001  246 1.5 17 11 2 6 21% 303922 3003 98%
c 
c  seconds  reduction conflicts       size tier2       variables
c         MB    restarts   redundant    glue  trail         remaining
c          level     rate       size/glu tier1  irredundant
c 
c [  0.46  0  0 2  99  0 1001  246 0.0 0 0 2 6  0% 303922 3003 98%
c O  0.46  0  0 2  99  1 1002  246 0.0 1 0 2 6  3% 303922 3003 98%
c i  0.46  0  0 2  99  1 1002  246 0.0 1 0 2 6  3% 303922 2992 97%
c -  0.64  0 24 3  99  1 2090  479 1.9 24 12 2 6 31% 303755 2992 97%
c ]  0.66  0 24 3 100  1 2176  557 2.0 24 12 2 6 30% 303752 2992 97%
c {  0.66  0 261 3 100  8 2176  557 1.5 17 11 2 6 21% 303752 2992 97%
c i  0.71  0 217 3 128  8 2411  718 1.4 18 12 2 6 20% 303703 2991 97%
c i  0.71  0 216 3 129  8 2412  718 1.4 18 12 2 6 20% 303703 2990 97%
c i  0.71  0 216 3 129  8 2413  718 1.4 18 12 2 6 20% 303703 2955 96%
c i  0.74  0 203 3 151  8 2509  785 1.4 17 12 2 6 20% 303685 2951 96%
c i  0.77  0 181 3 161  7 2678  895 1.4 17 12 2 6 19% 303676 2949 96%
c i  0.80  0 175 3 178  7 2740  952 1.4 18 12 2 6 18% 303673 2947 96%
c i  0.84  0 166 3 203  7 2846 1025 1.4 18 13 2 6 18% 303652 2945 96%
c O  0.89  0 154 3 245  7 3004 1140 1.4 18 13 2 6 18% 303634 2945 96%
c 2  0.89  0 154 3 246  7 3008 1142 1.4 18 13 2 6 18% 303634 2932 95%
c d  0.91  0 154 3 246  7 3008 1126 1.4 18 13 2 6 18% 303553 2931 95%
c p  0.91  0 154 3 246  7 3008 1148 1.4 18 13 2 6 18% 303553 2922 95%
c t  1.00  0 154 3 246  7 3008 1139 1.4 18 13 2 6 18% 303548 2922 95%
c -  1.10  0 111 4 259  5 3784  700 1.4 18 13 2 6 16% 303539 2922 95%
c i  1.33  0 88 4 339  5 4781 1483 1.4 19 13 2 6 17% 303488 2921 95%
c 
c  seconds  reduction conflicts       size   tier2       variables
c         MB    restarts   redundant     glue   trail         remaining
c          level     rate       size/glue  tier1  irredundant
c 
c i  1.33  0 88 4 339  5 4786 1484 1.4 19 13 2 6 17% 303487 2874 93%
c i  1.33  0 87 4 339  5 4805 1487 1.4 19 13 2 6 17% 303472 2827 92%
c 2  1.40  0 75 4 339  4 5509 2045 1.5 18 12 5 15 18% 303471 2819 92%
c t  1.40  0 75 4 339  4 5509 2044 1.5 18 12 5 15 18% 303471 2819 92%
c #  1.44  0 68 4 355  4 6006 2327 1.5 18 12 5 14 17% 303471 2819 92%
c -  1.51  0 68 5 372  4 6064 1870 1.5 18 12 5 14 17% 303356 2819 92%
c }  1.54  0 67 5 392  4 6153 1945 1.5 18 12 5 14 17% 303356 2819 92%
c [  1.54  0 24 5 392  1 6153 1945 2.0 24 12 2 6 30% 303356 2819 92%
c 2  1.67  0 23 5 393  1 8112 3594 1.7 24 14 9 16 24% 303347 2813 91%
c t  1.72  0 23 5 393  1 8112 3593 1.7 24 14 9 16 24% 303340 2813 91%
c -  1.82  0 24 6 393  1 8948 3030 1.6 24 15 9 16 23% 303340 2813 91%
c I  1.90  0 24 6 394  1 10007 3808 1.5 24 16 8 17 22% 303339 2813 91%
c 2  1.96  0 23 6 395  1 10810 4472 1.6 24 15 8 17 22% 303338 2807 91%
c -  2.16  0 22 7 396  1 12451 4091 1.6 23 15 8 17 22% 303325 2807 91%
c ]  2.24  0 22 7 396  1 13024 4596 1.6 23 15 8 17 22% 303325 2807 91%
c {  2.24  0 67 7 396  4 13024 4596 1.5 18 12 5 14 17% 303325 2807 91%
c s  2.31  0 65 7 432  4 13290 4682 1.4 18 12 5 14 17% 303303 2807 91%
c t  2.31  0 65 7 432  4 13290 4681 1.4 18 12 5 14 17% 303297 2807 91%
c e  2.35  0 65 7 432  4 13290 4372 1.4 18 12 5 14 17% 298622 317 10%
c s  2.36  0 65 7 432  4 13290 4370 1.4 18 12 5 14 17% 298620 317 10%
c 
c  seconds  reductions conflicts       size   tier2        variables
c         MB    restarts    redundant     glue    trail        remaining
c          level     rate        size/glue  tier1   irredundant
c 
c u  2.55  0 62 7 484  4 13595 4567 1.4 18 13 5 14 27% 298620 317 10%
c v  2.57  0 62 7 484  4 13595 4561 1.4 18 13 5 14 27% 298620 317 10%
c w  2.57  0 62 7 484  4 13595 4561 1.4 18 13 5 14 27% 298620 317 10%
c x  2.59  0 62 7 484  4 13595 4561 1.4 18 13 5 14 27% 298620 317 10%
c B  2.73  0 53 7 552  3 15009 5691 1.5 18 12 5 14 30% 298620 317 10%
c -  2.94  0 45 8 604  3 16584 5098 1.5 17 12 5 14 29% 298620 317 10%
c W  3.96  0 36 8 1077  3 21010 8252 1.5 17 12 5 14 29% 298635 317 10%
c -  4.01  0 35 9 1082  3 21335 6200 1.5 17 12 5 14 29% 298635 317 10%
c p  4.01  0 35 9 1082  3 21335 6203 1.5 17 12 5 14 29% 298635 317 10%
c }  4.44  0 34 9 1288  3 22902 7301 1.5 17 12 5 13 29% 298635 317 10%
c [  4.44  0 22 9 1288  1 22902 7301 1.6 23 15 8 17 212% 298635 317 10%
c -  4.90  0 21 10 1289  1 26720 6061 1.5 23 15 8 17 150% 298635 317 10%
c p  4.90  0 21 10 1289  1 26720 6069 1.5 23 15 8 17 150% 298635 317 10%
c u  4.94  0 21 10 1289  1 26720 6045 1.5 23 15 8 17 150% 298635 317 10%
c v  4.95  0 21 10 1289  1 26720 6041 1.5 23 15 8 17 150% 298635 317 10%
c w  4.96  0 21 10 1289  1 26720 6041 1.5 23 15 8 17 150% 298635 317 10%
c x  4.98  0 21 10 1289  1 26720 6041 1.5 23 15 8 17 150% 298635 317 10%
c B  5.11  0 21 10 1290  1 28012 6918 1.5 23 16 8 17 137% 298635 317 10%
c -  5.55  0 22 11 1294  1 32747 6075 1.4 23 16 8 17 108% 298635 317 10%
c t  5.55  0 22 11 1294  1 32747 6075 1.4 23 16 8 17 108% 298634 317 10%
c 
c  seconds  reductions   conflicts       size   tier2        variables
c         MB     restarts     redundant     glue    trail        remaining
c          level       rate        size/glue  tier1   irredundant
c 
c W  5.92  0 22 11 1296  1 36014 8605 1.4 23 16 8 17 95% 298634 317 10%
c ]  5.98  0 22 11 1296  1 37250 9571 1.4 23 16 8 17 91% 298634 317 10%
c {  5.98  0 34 11 1296  3 37250 9571 1.5 17 12 5 13 29% 298634 317 10%
c -  6.33  0 32 12 1527  3 39421 7594 1.5 17 12 5 13 29% 298634 317 10%
c p  6.33  0 32 12 1527  3 39421 7602 1.5 17 12 5 13 29% 298634 317 10%
c F  7.36  0 28 12 1954  2 45016 12040 1.5 18 12 5 13 30% 298634 317 10%
c i  7.55  0 28 12 2124  2 45850 12574 1.5 18 12 5 13 30% 298634 316 10%
c -  7.92  0 28 13 2299  2 46742 9281 1.5 18 12 5 13 30% 298005 316 10%
c 2  7.92  0 28 13 2299  2 46742 9281 1.5 18 12 5 13 30% 298004 316 10%
c u  7.98  0 28 13 2299  2 46742 9234 1.5 18 12 5 13 30% 298004 316 10%
c v  7.99  0 28 13 2299  2 46742 9224 1.5 18 12 5 13 30% 298004 316 10%
c w  8.00  0 28 13 2299  2 46742 9223 1.5 18 12 5 13 30% 298004 316 10%
c x  8.02  0 28 13 2299  2 46742 9222 1.5 18 12 5 13 30% 298003 316 10%
c s  8.94  0 26 13 2829  2 52809 13724 1.5 18 13 5 13 30% 297994 316 10%
c e  8.98  0 26 13 2829  2 52809 13688 1.5 18 13 5 13 30% 297992 314 10%
c s  9.00  0 26 13 2829  2 52809 13683 1.5 18 13 5 13 30% 297987 314 10%
c }  9.26  0 25 13 2930  2 54227 14636 1.5 18 13 5 13 29% 297987 314 10%
c [  9.26  0 22 13 2930  1 54227 14636 1.4 23 16 8 17 91% 297987 314 10%
c -  9.34  0 22 14 2930  1 54709 10889 1.4 23 16 8 17 89% 297987 314 10%
c p  9.35  0 22 14 2930  1 54709 10897 1.4 23 16 8 17 89% 297987 314 10%
c 
c  seconds  reductions   conflicts        size   tier2        variables
c         MB     restarts      redundant     glue    trail        remaining
c          level       rate         size/glue  tier1   irredundant
c 
c O  9.40  0 22 14 2930  1 55018 11148 1.4 23 16 8 17 89% 297987 314 10%
c - 10.07  0 20 15 2931  1 63329 13353 1.5 22 15 8 17 72% 297987 314 10%
c u 10.12  0 20 15 2931  1 63329 13307 1.5 22 15 8 17 72% 297987 314 10%
c v 10.13  0 20 15 2931  1 63329 13293 1.5 22 15 8 17 72% 297987 314 10%
c w 10.14  0 20 15 2931  1 63329 13290 1.5 22 15 8 17 72% 297987 314 10%
c B 10.33  0 20 15 2932  1 66022 15656 1.5 22 14 8 17 68% 297987 314 10%
c - 10.73  0 20 16 2937  1 72605 13953 1.5 22 15 8 17 61% 297987 314 10%
c p 10.74  0 20 16 2937  1 72605 13961 1.5 22 15 8 17 61% 297987 314 10%
c W 11.42  0 20 16 2939  1 78025 17521 1.5 22 15 8 17 56% 297987 314 10%
c - 11.90  0 20 17 2942  1 82539 13250 1.5 22 15 8 17 54% 297987 314 10%
c u 12.12  0 20 17 2942  1 82539 13191 1.5 22 15 8 17 54% 297987 314 10%
c v 12.14  0 20 17 2942  1 82539 13186 1.5 22 15 8 17 54% 297987 314 10%
c w 12.15  0 20 17 2942  1 82539 13183 1.5 22 15 8 17 54% 297987 314 10%
c ] 12.17  0 20 17 2942  1 82594 13229 1.5 22 15 8 17 54% 297987 314 10%
c { 12.17  0 25 17 2942  2 82594 13229 1.5 18 13 5 13 29% 297987 314 10%
c B 13.07  0 23 17 3352  2 91027 18050 1.4 18 12 5 13 28% 297987 314 10%
c - 13.72  0 23 18 3737  2 93127 14059 1.4 18 12 5 13 27% 297987 314 10%
c p 13.73  0 23 18 3737  2 93127 14067 1.4 18 12 5 13 27% 297987 314 10%
c - 15.09  0 21 19 4200  2 104375 17513 1.5 18 12 5 13 28% 297987 314 10%
c p 15.10  0 21 19 4200  2 104375 17520 1.5 18 12 5 13 28% 297987 314 10%
c 
c  seconds  reductions   conflicts         size   tier2        variables
c         MB     restarts       redundant     glue    trail        remaining
c          level       rate          size/glue  tier1   irredundant
c 
c u 15.15  0 21 19 4200  2 104375 17479 1.5 18 12 5 13 28% 297987 314 10%
c v 15.18  0 21 19 4200  2 104375 17477 1.5 18 12 5 13 28% 297987 314 10%
c w 15.18  0 21 19 4200  2 104375 17472 1.5 18 12 5 13 28% 297987 314 10%
c x 15.21  0 21 19 4200  2 104375 17472 1.5 18 12 5 13 28% 297987 314 10%
c W 15.56  0 21 19 4210  2 105029 17948 1.5 18 12 5 13 28% 297987 314 10%
c s 16.63  0 20 19 4977  2 112151 22904 1.5 18 12 5 13 27% 297980 314 10%
c s 16.69  0 20 19 4977  2 112151 22904 1.5 18 12 5 13 27% 297972 314 10%
c - 17.28  0 20 20 5207  2 116281 19688 1.5 18 12 5 13 27% 297972 314 10%
c p 17.29  0 20 20 5207  2 116281 19695 1.5 18 12 5 13 27% 297972 314 10%
c } 17.40  0 20 20 5330  2 116786 20083 1.5 18 12 5 13 27% 297972 314 10%
c [ 17.40  0 20 20 5330  1 116786 20083 1.5 22 15 8 17 54% 297972 314 10%
c I 17.60  0 20 20 5332  1 120032 22173 1.5 22 15 8 17 52% 297972 314 10%
c - 18.53  0 20 21 5334  1 128848 19565 1.5 22 15 8 17 48% 297972 314 10%
c p 18.55  0 20 21 5334  1 128848 19572 1.5 22 15 8 17 48% 297972 314 10%
c u 18.60  0 20 21 5334  1 128848 19508 1.5 22 15 8 17 48% 297972 314 10%
c v 18.62  0 20 21 5334  1 128848 19504 1.5 22 15 8 17 48% 297972 314 10%
c w 18.63  0 20 21 5334  1 128848 19499 1.5 22 15 8 17 48% 297972 314 10%
c x 18.65  0 20 21 5334  1 128848 19499 1.5 22 15 8 17 48% 297971 314 10%
c B 19.22  0 19 21 5335  1 136033 24572 1.5 21 15 8 17 45% 297971 314 10%
c - 19.69  0 19 22 5335  1 142075 18753 1.5 21 15 9 16 43% 297971 314 10%
c 
c  seconds  reductions   conflicts         size   tier2        variables
c         MB     restarts       redundant     glue    trail        remaining
c          level       rate          size/glue  tier1   irredundant
c 
c p 19.70  0 19 22 5335  1 142075 18761 1.5 21 15 9 16 43% 297971 314 10%
c W 20.85  0 19 22 5338  1 153037 26600 1.5 21 15 9 16 41% 297971 314 10%
c - 21.07  0 19 23 5341  1 155966 19098 1.4 21 15 9 16 40% 297971 314 10%
c p 21.08  0 19 23 5341  1 155966 19106 1.4 21 15 9 16 40% 297971 314 10%
c u 21.30  0 19 23 5341  1 155966 19003 1.4 21 15 9 16 40% 297971 314 10%
c v 21.32  0 19 23 5341  1 155966 18997 1.4 21 15 9 16 40% 297971 314 10%
c w 21.34  0 19 23 5341  1 155966 18995 1.4 21 15 9 16 40% 297971 314 10%
c x 21.36  0 19 23 5341  1 155966 18995 1.4 21 15 9 16 40% 297971 314 10%
c ] 21.49  0 19 23 5342  1 157627 20236 1.4 21 15 9 16 40% 297971 314 10%
c { 21.49  0 20 23 5342  2 157627 20236 1.5 18 12 5 13 27% 297971 314 10%
c - 23.27  0 19 24 6355  2 170521 22299 1.5 18 12 5 13 27% 297971 314 10%
c p 23.28  0 19 24 6355  2 170521 22307 1.5 18 12 5 13 27% 297971 314 10%
c u 23.32  0 19 24 6355  2 170521 22256 1.5 18 12 5 13 27% 297971 314 10%
c v 23.34  0 19 24 6355  2 170521 22241 1.5 18 12 5 13 27% 297971 314 10%
c w 23.35  0 19 24 6355  2 170521 22194 1.5 18 12 5 13 27% 297971 314 10%
c x 23.36  0 19 24 6355  2 170521 22193 1.5 18 12 5 13 27% 297966 314 10%
c # 23.49  0 19 24 6392  2 171039 22575 1.5 18 12 5 13 27% 297966 314 10%
c - 25.28  0 18 25 7058  2 185738 26244 1.5 18 12 5 13 27% 297966 314 10%
c p 25.29  0 18 25 7058  2 185738 26251 1.5 18 12 5 13 27% 297966 314 10%
c u 25.32  0 18 25 7058  2 185738 26169 1.5 18 12 5 13 27% 297966 314 10%
c 
c  seconds  reductions   conflicts         size   tier2        variables
c         MB     restarts       redundant     glue    trail        remaining
c          level       rate          size/glue  tier1   irredundant
c 
c v 25.34  0 18 25 7058  2 185738 26160 1.5 18 12 5 13 27% 297966 314 10%
c w 25.34  0 18 25 7058  2 185738 26151 1.5 18 12 5 13 27% 297966 314 10%
c x 25.36  0 18 25 7058  2 185738 26150 1.5 18 12 5 13 27% 297955 314 10%
c B 26.21  0 18 25 7589  2 190041 29287 1.5 18 12 5 13 27% 297955 314 10%
c s 26.58  0 18 25 7822  2 191273 30138 1.5 18 12 5 13 27% 297893 314 10%
c s 26.64  0 18 25 7822  2 191273 30124 1.5 18 12 5 13 27% 297873 314 10%
c - 28.19  0 18 26 8236  2 201626 26646 1.5 18 12 4 12 27% 297873 314 10%
c p 28.21  0 18 26 8236  2 201626 26654 1.5 18 12 4 12 27% 297873 314 10%
c u 28.25  0 18 26 8236  2 201626 26622 1.5 18 12 4 12 27% 297873 314 10%
c v 28.27  0 18 26 8236  2 201626 26615 1.5 18 12 4 12 27% 297873 314 10%
c w 28.28  0 18 26 8236  2 201626 26615 1.5 18 12 4 12 27% 297873 314 10%
c x 28.30  0 18 26 8236  2 201626 26614 1.5 18 12 4 12 27% 297870 314 10%
c } 28.48  0 18 26 8274  2 203082 27582 1.5 18 12 4 12 27% 297870 314 10%
c [ 28.48  0 19 26 8274  1 203082 27582 1.4 21 15 9 16 40% 297870 314 10%
c O 28.97  0 18 26 8277  1 210043 32370 1.4 21 14 9 16 38% 297870 314 10%
c - 29.68  0 18 27 8281  1 218172 27260 1.5 20 14 9 16 37% 297870 314 10%
c p 29.69  0 18 27 8281  1 218172 27268 1.5 20 14 9 16 37% 297870 314 10%
c B 30.65  0 17 27 8285  1 231044 36347 1.5 20 14 9 16 35% 297870 314 10%
c - 31.11  0 18 28 8288  1 235384 28742 1.5 20 14 9 16 35% 297870 314 10%
c p 31.13  0 18 28 8288  1 235384 28750 1.5 20 14 9 16 35% 297870 314 10%
c 
c  seconds  reductions   conflicts         size   tier2        variables
c         MB     restarts       redundant     glue    trail        remaining
c          level       rate          size/glue  tier1   irredundant
c 
c u 31.19  0 18 28 8288  1 235384 28724 1.5 20 14 9 16 35% 297870 314 10%
c v 31.21  0 18 28 8288  1 235384 28709 1.5 20 14 9 16 35% 297870 314 10%
c w 31.22  0 18 28 8288  1 235384 28706 1.5 20 14 9 16 35% 297870 314 10%
c x 31.25  0 18 28 8288  1 235384 28703 1.5 20 14 9 16 35% 297852 314 10%
c W 33.81  0 18 28 8297  1 253048 42275 1.5 21 14 9 16 34% 297852 314 10%
c - 33.89  0 18 29 8297  1 253263 26460 1.5 21 14 9 16 34% 297852 314 10%
c p 33.89  0 18 29 8297  1 253263 26468 1.5 21 14 9 16 34% 297852 314 10%
c u 33.93  0 18 29 8297  1 253263 26379 1.5 21 14 9 16 34% 297852 314 10%
c v 33.95  0 18 29 8297  1 253263 26375 1.5 21 14 9 16 34% 297852 314 10%
c w 33.95  0 18 29 8297  1 253263 26374 1.5 21 14 9 16 34% 297852 314 10%
c x 33.97  0 18 29 8297  1 253263 26374 1.5 21 14 9 16 34% 297852 314 10%
c ] 34.57  0 19 29 8297  1 259285 31001 1.5 21 14 9 16 34% 297852 314 10%
c { 34.57  0 18 29 8297  2 259285 31001 1.5 18 12 4 12 27% 297852 314 10%
c - 36.07  0 17 30 8941  2 271808 24117 1.5 17 12 4 12 27% 297852 314 10%
c p 36.08  0 17 30 8941  2 271808 24125 1.5 17 12 4 12 27% 297852 314 10%
c u 36.44  0 17 30 8941  2 271808 24106 1.5 17 12 4 12 27% 297852 314 10%
c v 36.46  0 17 30 8941  2 271808 24104 1.5 17 12 4 12 27% 297852 314 10%
c w 36.46  0 17 30 8941  2 271808 24096 1.5 17 12 4 12 27% 297852 314 10%
c x 36.48  0 17 30 8941  2 271808 24095 1.5 17 12 4 12 27% 297850 314 10%
c W 37.03  0 17 30 8982  2 276049 26922 1.5 17 12 4 12 27% 297850 314 10%
c 
c  seconds  reductions   conflicts         size   tier2        variables
c         MB     restarts       redundant     glue    trail        remaining
c          level       rate          size/glue  tier1   irredundant
c 
c s 38.11  0 16 30 9031  2 290171 34858 1.5 17 11 4 12 27% 297818 314 10%
c s 38.18  0 16 30 9031  2 290171 34823 1.5 17 11 4 12 27% 297765 314 10%
c - 38.34  0 16 31 9031  2 291022 28494 1.5 17 11 4 12 27% 297765 314 10%
c p 38.35  0 16 31 9031  2 291022 28502 1.5 17 11 4 12 27% 297765 314 10%
c u 38.39  0 16 31 9031  2 291022 28473 1.5 17 11 4 12 27% 297765 314 10%
c v 38.40  0 16 31 9031  2 291022 28387 1.5 17 11 4 12 27% 297765 314 10%
c w 38.41  0 16 31 9031  2 291022 28166 1.5 17 11 4 12 27% 297765 314 10%
c x 38.43  0 16 31 9031  2 291022 28166 1.5 17 11 4 12 27% 297765 314 10%
c F 39.48  0 16 31 9527  2 300052 33783 1.5 17 11 4 12 27% 297765 314 10%
c - 40.99  0 15 32 10500  2 310898 32719 1.5 17 11 4 12 27% 297765 314 10%
c p 41.01  0 15 32 10500  2 310898 32727 1.5 17 11 4 12 27% 297765 314 10%
c u 41.06  0 15 32 10500  2 310898 32694 1.5 17 11 4 12 27% 297765 314 10%
c v 41.08  0 15 32 10500  2 310898 32686 1.5 17 11 4 12 27% 297765 314 10%
c w 41.09  0 15 32 10500  2 310898 32680 1.5 17 11 4 12 27% 297765 314 10%
c x 41.12  0 15 32 10500  2 310898 32680 1.5 17 11 4 12 27% 297739 314 10%
c i 41.77  0 15 32 10500  1 319324 36994 1.5 16 11 4 12 27% 297739 313 10%
c B 42.62  0 15 32 11125  1 325056 40994 1.5 16 11 4 12 26% 297739 313 10%
c } 43.43  0 15 32 11862  2 329835 44321 1.5 16 11 4 12 26% 297739 313 10%
c [ 43.43  0 19 32 11862  1 329835 44321 1.5 21 14 9 16 34% 297739 313 10%
c - 43.65  0 19 33 11862  1 331442 18928 1.5 21 14 9 16 33% 289483 313 10%
c 
c  seconds  reductions    conflicts         size   tier2        variables
c         MB      restarts       redundant     glue    trail        remaining
c          level        rate          size/glue  tier1   irredundant
c 
c 2 43.65  0 19 33 11862  1 331442 18928 1.5 21 14 9 16 33% 289482 313 10%
c p 43.66  0 19 33 11862  1 331442 18935 1.5 21 14 9 16 33% 289482 313 10%
c u 43.70  0 19 33 11862  1 331442 18898 1.5 21 14 9 16 33% 289482 313 10%
c v 43.71  0 19 33 11862  1 331442 18893 1.5 21 14 9 16 33% 289482 313 10%
c w 43.72  0 19 33 11862  1 331442 18890 1.5 21 14 9 16 33% 289482 313 10%
c x 43.74  0 19 33 11862  1 331442 18889 1.5 21 14 9 16 33% 289482 313 10%
c I 45.12  0 19 33 11864  1 351058 33682 1.5 21 15 8 15 33% 289482 313 10%
c - 45.31  0 19 34 11864  1 352477 22962 1.5 21 15 8 15 33% 289482 313 10%
c p 45.32  0 19 34 11864  1 352477 22970 1.5 21 15 8 15 33% 289482 313 10%
c u 45.37  0 19 34 11864  1 352477 22934 1.5 21 15 8 15 33% 289482 313 10%
c v 45.38  0 19 34 11864  1 352477 22930 1.5 21 15 8 15 33% 289482 313 10%
c w 45.39  0 19 34 11864  1 352477 22926 1.5 21 15 8 15 33% 289482 313 10%
c x 45.41  0 19 34 11864  1 352477 22926 1.5 21 15 8 15 33% 289481 313 10%
c - 47.17  0 19 35 11864  1 374174 27120 1.5 21 14 8 15 32% 289481 313 10%
c p 47.18  0 19 35 11864  1 374174 27127 1.5 21 14 8 15 32% 289481 313 10%
c u 47.23  0 19 35 11864  1 374174 27062 1.5 21 14 8 15 32% 289481 313 10%
c v 47.24  0 19 35 11864  1 374174 27057 1.5 21 14 8 15 32% 289481 313 10%
c w 47.25  0 19 35 11864  1 374174 27056 1.5 21 14 8 15 32% 289481 313 10%
c x 47.28  0 19 35 11864  1 374174 27056 1.5 21 14 8 15 32% 289481 313 10%
c B 47.59  0 19 35 11864  1 378059 29858 1.5 21 14 8 15 32% 289481 313 10%
c 
c  seconds  reductions    conflicts         size   tier2        variables
c         MB      restarts       redundant     glue    trail        remaining
c          level        rate          size/glue  tier1   irredundant
c 
c - 49.06  0 19 36 11874  1 396526 29560 1.5 21 14 8 15 32% 289481 313 10%
c p 49.07  0 19 36 11874  1 396526 29568 1.5 21 14 8 15 32% 289481 313 10%
c u 49.11  0 19 36 11874  1 396526 29511 1.5 21 14 8 15 32% 289481 313 10%
c v 49.13  0 19 36 11874  1 396526 29506 1.5 21 14 8 15 32% 289481 313 10%
c w 49.13  0 19 36 11874  1 396526 29505 1.5 21 14 8 15 32% 289481 313 10%
c x 49.15  0 19 36 11874  1 396526 29505 1.5 21 14 8 15 32% 289481 313 10%
c W 50.98  0 19 36 11878  1 406060 36452 1.5 21 14 7 16 31% 289481 313 10%
c s 51.22  0 19 36 11879  1 408842 38620 1.4 21 15 7 16 31% 289460 313 10%
c e 51.27  0 19 36 11879  1 408842 38368 1.4 21 15 7 16 31% 289456 310 10%
c s 51.30  0 19 36 11879  1 408842 38362 1.4 21 15 7 16 31% 289438 310 10%
c ] 51.79  0 19 36 11879  1 414632 42684 1.5 21 15 7 16 31% 289438 310 10%
c { 51.79  0 15 36 11879  2 414632 42684 1.5 16 11 4 12 26% 289438 310 10%
c - 53.00  0 15 37 12748  2 419535 28968 1.5 16 11 4 12 26% 289438 310 10%
c p 53.01  0 15 37 12748  2 419535 28976 1.5 16 11 4 12 26% 289438 310 10%
c u 53.06  0 15 37 12748  2 419535 28881 1.5 16 11 4 12 26% 289438 310 10%
c v 53.08  0 15 37 12748  2 419535 28878 1.5 16 11 4 12 26% 289438 310 10%
c w 53.10  0 15 37 12748  2 419535 28878 1.5 16 11 4 12 26% 289438 310 10%
c x 53.13  0 15 37 12748  2 419535 28878 1.5 16 11 4 12 26% 289438 310 10%
c W 54.98  0 15 37 13507  2 435061 38514 1.5 16 11 4 12 26% 289438 310 10%
c - 56.56  0 15 38 14440  2 443201 32563 1.5 16 11 4 12 26% 289438 310 10%
c 
c  seconds  reductions    conflicts         size   tier2        variables
c         MB      restarts       redundant     glue    trail        remaining
c          level        rate          size/glue  tier1   irredundant
c 
c p 56.57  0 15 38 14440  2 443201 32571 1.5 16 11 4 12 26% 289438 310 10%
c u 57.01  0 15 38 14440  2 443201 32489 1.5 16 11 4 12 26% 289438 310 10%
c v 57.03  0 15 38 14440  2 443201 32482 1.5 16 11 4 12 26% 289438 310 10%
c w 57.05  0 15 38 14440  2 443201 32480 1.5 16 11 4 12 26% 289438 310 10%
c x 57.07  0 15 38 14440  2 443201 32477 1.5 16 11 4 12 26% 289434 310 10%
c # 61.09  0 15 38 17466  2 465064 47652 1.5 17 12 4 11 26% 289434 310 10%
c - 61.52  0 15 39 17630  2 467525 35374 1.5 17 12 4 11 26% 289434 310 10%
c p 61.53  0 15 39 17630  2 467525 35382 1.5 17 12 4 11 26% 289434 310 10%
c u 61.61  0 15 39 17630  2 467525 35313 1.5 17 12 4 11 26% 289434 310 10%
c v 61.64  0 15 39 17630  2 467525 35280 1.5 17 12 4 11 26% 289434 310 10%
c w 61.65  0 15 39 17630  2 467525 35276 1.5 17 12 4 11 26% 289434 310 10%
c x 61.69  0 15 39 17630  2 467525 35276 1.5 17 12 4 11 26% 289433 310 10%
c } 64.54  0 16 39 19480  2 483558 46796 1.5 17 12 4 11 26% 289433 310 10%
c [ 64.54  0 19 39 19480  1 483558 46796 1.5 21 15 7 16 31% 289433 310 10%
c - 65.32  0 19 40 19487  1 492510 37403 1.5 21 14 7 16 31% 289433 310 10%
c p 65.33  0 19 40 19487  1 492510 37410 1.5 21 14 7 16 31% 289433 310 10%
c u 65.40  0 19 40 19487  1 492510 37369 1.5 21 14 7 16 31% 289433 310 10%
c v 65.43  0 19 40 19487  1 492510 37362 1.5 21 14 7 16 31% 289433 310 10%
c w 65.44  0 19 40 19487  1 492510 37356 1.5 21 14 7 16 31% 289433 310 10%
c x 65.48  0 19 40 19487  1 492510 37356 1.5 21 14 7 16 31% 289432 310 10%
c 
c  seconds  reductions    conflicts         size   tier2        variables
c         MB      restarts       redundant     glue    trail        remaining
c          level        rate          size/glue  tier1   irredundant
c 
c O 65.73  0 19 40 19487  1 496065 40293 1.5 21 15 7 16 31% 289432 310 10%
c - 67.61  0 19 41 19496  1 518153 37340 1.5 21 14 7 16 30% 289432 310 10%
c p 67.62  0 19 41 19496  1 518153 37348 1.5 21 14 7 16 30% 289432 310 10%
c u 67.67  0 19 41 19496  1 518153 37326 1.5 21 14 7 16 30% 289432 310 10%
c v 67.69  0 19 41 19496  1 518153 37318 1.5 21 14 7 16 30% 289432 310 10%
c w 67.70  0 19 41 19496  1 518153 37317 1.5 21 14 7 16 30% 289432 310 10%
c x 67.73  0 19 41 19496  1 518153 37317 1.5 21 14 7 16 30% 289420 310 10%
c B 68.64  0 19 41 19496  1 528066 43259 1.5 21 14 7 16 30% 289420 310 10%
c - 69.93  0 19 42 19503  1 544456 33616 1.4 21 15 7 16 30% 289420 310 10%
c p 69.94  0 19 42 19503  1 544456 33624 1.4 21 15 7 16 30% 289420 310 10%
c u 69.99  0 19 42 19503  1 544456 33598 1.4 21 15 7 16 30% 289420 310 10%
c v 70.01  0 19 42 19503  1 544456 33587 1.4 21 15 7 16 30% 289420 310 10%
c w 70.02  0 19 42 19503  1 544456 33585 1.4 21 15 7 16 30% 289420 310 10%
c x 70.05  0 19 42 19503  1 544456 33584 1.4 21 15 7 16 30% 289418 310 10%
c s 70.30  0 19 42 19504  1 546977 35409 1.4 21 15 7 16 30% 289380 310 10%
c s 70.39  0 19 42 19504  1 546977 35393 1.4 21 15 7 16 30% 289323 310 10%
c W 72.81  0 20 42 19511  1 561068 45854 1.4 21 15 7 16 29% 289323 310 10%
c - 73.73  0 20 43 19514  1 571415 30619 1.4 21 15 7 16 29% 289323 310 10%
c p 73.74  0 20 43 19514  1 571415 30626 1.4 21 15 7 16 29% 289323 310 10%
c u 73.81  0 20 43 19514  1 571415 30575 1.4 21 15 7 16 29% 289323 310 10%
c 
c  seconds  reductions    conflicts         size   tier2        variables
c         MB      restarts       redundant     glue    trail        remaining
c          level        rate          size/glue  tier1   irredundant
c 
c v 73.84  0 20 43 19514  1 571415 30568 1.4 21 15 7 16 29% 289323 310 10%
c w 73.85  0 20 43 19514  1 571415 30565 1.4 21 15 7 16 29% 289323 310 10%
c x 73.89  0 20 43 19514  1 571415 30565 1.4 21 15 7 16 29% 289313 310 10%
c ] 75.07  0 20 43 19524  1 586407 41930 1.4 22 15 7 16 29% 289313 310 10%
c { 75.07  0 16 43 19524  2 586407 41930 1.5 17 12 4 11 26% 289313 310 10%
c B 76.17  0 16 43 20051  2 595069 47843 1.5 17 12 4 11 26% 289313 310 10%
c - 76.89  0 16 44 20458  2 599032 32507 1.5 17 12 4 11 26% 289313 310 10%
c p 76.91  0 16 44 20458  2 599032 32515 1.5 17 12 4 11 26% 289313 310 10%
c u 76.96  0 16 44 20458  2 599032 32397 1.5 17 12 4 11 26% 289313 310 10%
c v 76.98  0 16 44 20458  2 599032 32397 1.5 17 12 4 11 26% 289313 310 10%
c w 77.00  0 16 44 20458  2 599032 32396 1.5 17 12 4 11 26% 289313 310 10%
c x 77.02  0 16 44 20458  2 599032 32392 1.5 17 12 4 11 26% 289306 310 10%
c - 79.99  0 15 45 22123  2 627312 38627 1.5 17 11 4 11 25% 289306 310 10%
c p 80.00  0 15 45 22123  2 627312 38635 1.5 17 11 4 11 25% 289306 310 10%
c u 80.05  0 15 45 22123  2 627312 38570 1.5 17 11 4 11 25% 289306 310 10%
c v 80.07  0 15 45 22123  2 627312 38559 1.5 17 11 4 11 25% 289306 310 10%
c w 80.09  0 15 45 22123  2 627312 38556 1.5 17 11 4 11 25% 289306 310 10%
c x 80.11  0 15 45 22123  2 627312 38554 1.5 17 11 4 11 25% 289304 310 10%
c W 80.99  0 15 45 22422  2 630072 40018 1.5 17 11 4 11 25% 289304 310 10%
c - 85.44  0 15 46 25057  2 656246 44365 1.5 17 12 4 11 25% 289304 310 10%
c 
c  seconds  reductions    conflicts         size   tier2        variables
c         MB      restarts       redundant     glue    trail        remaining
c          level        rate          size/glue  tier1   irredundant
c 
c p 85.46  0 15 46 25057  2 656246 44373 1.5 17 12 4 11 25% 289304 310 10%
c u 85.53  0 15 46 25057  2 656246 44316 1.5 17 12 4 11 25% 289304 310 10%
c v 85.58  0 15 46 25057  2 656246 44310 1.5 17 12 4 11 25% 289304 310 10%
c w 85.61  0 15 46 25057  2 656246 44301 1.5 17 12 4 11 25% 289304 310 10%
c x 85.65  0 15 46 25057  2 656246 44293 1.5 17 12 4 11 25% 289292 310 10%
c F 86.84  0 15 46 25545  2 666076 50599 1.5 17 12 4 11 25% 289292 310 10%
c - 89.84  0 15 47 27043  2 685844 49234 1.5 17 12 4 11 26% 289292 310 10%
c p 89.85  0 15 47 27043  2 685844 49243 1.5 17 12 4 11 26% 289292 310 10%
c u 90.17  0 15 47 27043  2 685844 49192 1.5 17 12 4 11 26% 289292 310 10%
c v 90.20  0 15 47 27043  2 685844 49182 1.5 17 12 4 11 26% 289292 310 10%
c w 90.21  0 15 47 27043  2 685844 49180 1.5 17 12 4 11 26% 289292 310 10%
c x 90.24  0 15 47 27043  2 685844 49178 1.5 17 12 4 11 26% 289274 310 10%
c } 90.93  0 15 47 27464  2 690523 52124 1.5 17 12 4 11 26% 289274 310 10%
c [ 90.93  0 20 47 27464  1 690523 52124 1.4 22 15 7 16 29% 289274 310 10%
c I 92.36  0 20 47 27466  1 703078 61335 1.4 21 15 7 16 29% 289274 310 10%
c s 92.60  0 20 47 27466  1 704838 62566 1.4 21 15 7 16 29% 289108 310 10%
c s 92.70  0 20 47 27466  1 704838 62541 1.4 21 15 7 16 29% 288946 310 10%
c - 94.25  0 19 48 27467  1 716098 51572 1.5 21 15 7 16 29% 288946 310 10%
c p 94.26  0 19 48 27467  1 716098 51580 1.5 21 15 7 16 29% 288946 310 10%
c u 94.33  0 19 48 27467  1 716098 51499 1.5 21 15 7 16 29% 288946 310 10%
c 
c  seconds  reductions    conflicts         size   tier2        variables
c         MB      restarts       redundant     glue    trail        remaining
c          level        rate          size/glue  tier1   irredundant
c 
c v 94.36  0 19 48 27467  1 716098 51489 1.5 21 15 7 16 29% 288946 310 10%
c w 94.38  0 19 48 27467  1 716098 51481 1.5 21 15 7 16 29% 288946 310 10%
c x 94.42  0 19 48 27467  1 716098 51478 1.5 21 15 7 16 29% 288931 310 10%
c B 96.79  0 19 48 27468  1 741079 68488 1.4 21 15 7 16 29% 288931 310 10%
c - 97.40  0 19 49 27468  1 747001 45287 1.4 21 15 7 16 28% 288931 310 10%
c p 97.41  0 19 49 27468  1 747001 45295 1.4 21 15 7 16 28% 288931 310 10%
c u 97.48  0 19 49 27468  1 747001 45234 1.4 21 15 7 16 28% 288931 310 10%
c v 97.52  0 19 49 27468  1 747001 45231 1.4 21 15 7 16 28% 288931 310 10%
c w 97.54  0 19 49 27468  1 747001 45227 1.4 21 15 7 16 28% 288931 310 10%
c x 97.58  0 19 49 27468  1 747001 45227 1.4 21 15 7 16 28% 288916 310 10%
c - 100.08  0 18 50 27469  1 778564 43772 1.5 21 14 7 16 28% 288916 310 10%
c p 100.10  0 18 50 27469  1 778564 43780 1.5 21 14 7 16 28% 288916 310 10%
c u 100.16  0 18 50 27469  1 778564 43656 1.5 21 14 7 16 28% 288916 310 10%
c v 100.18  0 18 50 27469  1 778564 43641 1.5 21 14 7 16 28% 288916 310 10%
c w 100.20  0 18 50 27469  1 778564 43641 1.5 21 14 7 16 28% 288916 310 10%
c x 100.23  0 18 50 27469  1 778564 43641 1.5 21 14 7 16 28% 288909 310 10%
c W 101.62  0 18 50 27469  1 780080 44829 1.5 21 14 7 16 28% 288909 310 10%
c ] 103.59  0 18 50 27469  1 807350 64884 1.5 21 14 7 16 28% 288909 310 10%
c { 103.59  0 15 50 27469  2 807350 64884 1.5 17 12 4 11 26% 288909 310 10%
c - 104.18  0 15 51 27854  2 810790 45299 1.5 17 12 4 11 26% 288909 310 10%
c 
c  seconds   reductions    conflicts         size   tier2        variables
c          MB      restarts       redundant     glue    trail        remaining
c           level        rate          size/glue  tier1   irredundant
c 
c p 104.19  0 15 51 27854  2 810790 45310 1.5 17 12 4 11 26% 288909 310 10%
c u 104.24  0 15 51 27854  2 810790 45263 1.5 17 12 4 11 26% 288909 310 10%
c v 104.26  0 15 51 27854  2 810790 45251 1.5 17 12 4 11 26% 288909 310 10%
c w 104.27  0 15 51 27854  2 810790 45247 1.5 17 12 4 11 26% 288909 310 10%
c x 104.31  0 15 51 27854  2 810790 45246 1.5 17 12 4 11 26% 288901 310 10%
c B 105.60  0 15 51 28847  2 820081 51192 1.5 17 12 4 11 25% 288901 310 10%
c - 108.96  0 15 52 30601  1 843672 47491 1.5 17 12 4 11 26% 288901 310 10%
c p 108.97  0 15 52 30601  1 843672 47502 1.5 17 12 4 11 26% 288901 310 10%
c u 109.04  0 15 52 30601  1 843672 47354 1.5 17 12 4 11 26% 288901 310 10%
c v 109.06  0 15 52 30601  1 843672 47344 1.5 17 12 4 11 26% 288901 310 10%
c w 109.08  0 15 52 30601  1 843672 47342 1.5 17 12 4 11 26% 288901 310 10%
c x 109.13  0 15 52 30601  1 843672 47342 1.5 17 12 4 11 26% 288900 310 10%
c W 111.83  0 15 52 31623  1 861082 57560 1.5 17 12 4 11 25% 288900 310 10%
c - 114.01  0 15 53 32580  1 877214 53618 1.5 17 12 4 11 25% 288900 310 10%
c p 114.03  0 15 53 32580  1 877214 53629 1.5 17 12 4 11 25% 288900 310 10%
c u 114.09  0 15 53 32580  1 877214 53410 1.5 17 12 4 11 25% 288900 310 10%
c v 114.13  0 15 53 32580  1 877214 53400 1.5 17 12 4 11 25% 288900 310 10%
c w 114.14  0 15 53 32580  1 877214 53387 1.5 17 12 4 11 25% 288900 310 10%
c x 114.19  0 15 53 32580  1 877214 53387 1.5 17 12 4 11 25% 288898 310 10%
c s 115.18  0 15 53 33001  1 882398 56675 1.5 17 12 4 11 25% 288764 310 10%
c 
c  seconds   reductions    conflicts         size   tier2        variables
c          MB      restarts       redundant     glue    trail        remaining
c           level        rate          size/glue  tier1   irredundant
c 
c s 115.28  0 15 53 33001  1 882398 56637 1.5 17 12 4 11 25% 288363 310 10%
c # 117.54  0 15 53 33698  1 903083 70475 1.5 17 11 4 11 26% 288363 310 10%
c - 118.73  0 15 54 34262  1 911416 58601 1.5 17 11 4 11 26% 288363 310 10%
c p 118.74  0 15 54 34262  1 911416 58612 1.5 17 11 4 11 26% 288363 310 10%
c u 118.83  0 15 54 34262  1 911416 58462 1.5 17 11 4 11 26% 288363 310 10%
c v 118.87  0 15 54 34262  1 911416 58455 1.5 17 11 4 11 26% 288363 310 10%
c w 118.89  0 15 54 34262  1 911416 58455 1.5 17 11 4 11 26% 288363 310 10%
c x 118.95  0 15 54 34262  1 911416 58455 1.5 17 11 4 11 26% 288362 310 10%
c } 121.37  0 15 54 35482  1 932906 71210 1.5 17 11 4 11 25% 288362 310 10%
c [ 121.37  0 18 54 35482  1 932906 71210 1.5 21 14 7 16 28% 288362 310 10%
c O 122.71  0 18 54 35482  1 946084 79913 1.5 21 14 7 16 28% 288362 310 10%
c - 122.79  0 18 55 35482  1 946261 61898 1.5 21 14 7 16 28% 288362 310 10%
c p 122.81  0 18 55 35482  1 946261 61909 1.5 21 14 7 16 28% 288362 310 10%
c u 122.87  0 18 55 35482  1 946261 61862 1.5 21 14 7 16 28% 288362 310 10%
c v 122.90  0 18 55 35482  1 946261 61855 1.5 21 14 7 16 28% 288362 310 10%
c w 122.91  0 18 55 35482  1 946261 61845 1.5 21 14 7 16 28% 288362 310 10%
c x 122.95  0 18 55 35482  1 946261 61845 1.5 21 14 7 16 28% 288361 310 10%
c t 122.95  0 18 55 35482  1 946261 61844 1.5 21 14 7 16 28% 288361 310 10%
c - 126.25  0 17 56 35499  1 981765 60957 1.5 20 14 7 16 28% 288361 310 10%
c p 126.26  0 17 56 35499  1 981765 60968 1.5 20 14 7 16 28% 288361 310 10%
c 
c  seconds   reductions    conflicts         size   tier2        variables
c          MB      restarts       redundant     glue    trail        remaining
c           level        rate          size/glue  tier1   irredundant
c 
c u 126.34  0 17 56 35499  1 981765 60947 1.5 20 14 7 16 28% 288361 310 10%
c v 126.37  0 17 56 35499  1 981765 60938 1.5 20 14 7 16 28% 288361 310 10%
c w 126.38  0 17 56 35499  1 981765 60937 1.5 20 14 7 16 28% 288361 310 10%
c x 126.42  0 17 56 35499  1 981765 60937 1.5 20 14 7 16 28% 288361 310 10%
c t 126.42  0 17 56 35499  1 981765 60936 1.5 20 14 7 16 28% 288361 310 10%
c B 127.10  0 17 56 35504  1 990085 67135 1.5 20 14 7 15 28% 288361 310 10%
c - 129.46  0 17 57 35513  1 1017930 58023 1.5 20 14 7 15 28% 288361 310 10%
c p 129.47  0 17 57 35513  1 1017930 58033 1.5 20 14 7 15 28% 288361 310 10%
c u 130.08  0 17 57 35513  1 1017930 57974 1.5 20 14 7 15 28% 288361 310 10%
c v 130.10  0 17 57 35513  1 1017930 57969 1.5 20 14 7 15 28% 288361 310 10%
c w 130.12  0 17 57 35513  1 1017930 57961 1.5 20 14 7 15 28% 288361 310 10%
c x 130.16  0 17 57 35513  1 1017930 57961 1.5 20 14 7 15 28% 288361 310 10%
c W 132.80  0 17 57 35517  1 1035089 69464 1.5 20 14 7 15 28% 288361 310 10%
c - 134.47  0 17 58 35527  1 1054753 55237 1.5 20 14 6 15 28% 288361 310 10%
c p 134.48  0 17 58 35527  1 1054753 55247 1.5 20 14 6 15 28% 288361 310 10%
c u 134.54  0 17 58 35527  1 1054753 55215 1.5 20 14 6 15 28% 288361 310 10%
c v 134.57  0 17 58 35527  1 1054753 55212 1.5 20 14 6 15 28% 288361 310 10%
c w 134.59  0 17 58 35527  1 1054753 55208 1.5 20 14 6 15 28% 288361 310 10%
c x 134.62  0 17 58 35527  1 1054753 55208 1.5 20 14 6 15 28% 288361 310 10%
c s 136.67  0 17 58 35538  1 1079627 71464 1.5 20 14 6 15 28% 287882 310 10%
c 
c  seconds   reductions     conflicts         size   tier2        variables
c          MB      restarts        redundant     glue    trail        remaining
c           level        rate           size/glue  tier1   irredundant
c 
c s 136.80  0 17 58 35538  1 1079627 71421 1.5 20 14 6 15 28% 287633 310 10%
c ] 136.94  0 17 58 35539  1 1080430 71957 1.5 20 14 6 15 28% 287633 310 10%
c { 136.94  0 15 58 35539  1 1080430 71957 1.5 17 11 4 11 25% 287633 310 10%
c B 137.07  0 15 58 35629  1 1081090 72429 1.5 17 11 4 11 25% 287633 310 10%
c - 138.57  0 15 59 36437  1 1092236 56193 1.5 17 11 4 11 25% 287633 310 10%
c p 138.59  0 15 59 36437  1 1092236 56204 1.5 17 11 4 11 25% 287633 310 10%
c u 138.67  0 15 59 36437  1 1092236 56164 1.5 17 11 4 11 25% 287633 310 10%
c v 138.70  0 15 59 36437  1 1092236 56160 1.5 17 11 4 11 25% 287633 310 10%
c w 138.72  0 15 59 36437  1 1092236 56159 1.5 17 11 4 11 25% 287633 310 10%
c x 138.75  0 15 59 36437  1 1092236 56155 1.5 17 11 4 11 25% 287632 310 10%
c W 143.50  0 14 59 38482  1 1128091 77883 1.5 17 11 4 11 25% 287632 310 10%
c - 143.88  0 14 60 38595  1 1130352 61579 1.5 17 11 4 11 25% 287632 310 10%
c p 143.89  0 14 60 38595  1 1130352 61590 1.5 17 11 4 11 25% 287632 310 10%
c u 143.99  0 14 60 38595  1 1130352 61552 1.5 17 11 4 11 25% 287632 310 10%
c v 144.04  0 14 60 38595  1 1130352 61539 1.5 17 11 4 11 25% 287632 310 10%
c w 144.06  0 14 60 38595  1 1130352 61500 1.5 17 11 4 11 25% 287632 310 10%
c x 144.11  0 14 60 38595  1 1130352 61494 1.5 17 11 4 11 25% 287608 310 10%
c - 149.22  0 14 61 41441  1 1169127 66367 1.5 17 11 4 11 25% 287608 310 10%
c p 149.23  0 14 61 41441  1 1169127 66378 1.5 17 11 4 11 25% 287608 310 10%
c u 149.31  0 14 61 41441  1 1169127 66311 1.5 17 11 4 11 25% 287608 310 10%
c 
c  seconds   reductions     conflicts         size   tier2        variables
c          MB      restarts        redundant     glue    trail        remaining
c           level        rate           size/glue  tier1   irredundant
c 
c v 149.34  0 14 61 41441  1 1169127 66299 1.5 17 11 4 11 25% 287608 310 10%
c w 149.36  0 14 61 41441  1 1169127 66276 1.5 17 11 4 11 25% 287608 310 10%
c x 149.40  0 14 61 41441  1 1169127 66270 1.5 17 11 4 11 25% 287592 310 10%
c F 150.26  0 14 61 41813  1 1176095 70405 1.5 17 11 4 11 25% 287592 310 10%
c - 154.06  0 14 62 43104  1 1208563 70772 1.5 16 11 4 11 25% 287592 310 10%
c p 154.07  0 14 62 43104  1 1208563 70783 1.5 16 11 4 11 25% 287592 310 10%
c u 154.16  0 14 62 43104  1 1208563 70718 1.5 16 11 4 11 25% 287592 310 10%
c v 154.20  0 14 62 43104  1 1208563 70706 1.5 16 11 4 11 25% 287592 310 10%
c w 154.22  0 14 62 43104  1 1208563 70697 1.5 16 11 4 11 25% 287592 310 10%
c x 154.27  0 14 62 43104  1 1208563 70696 1.5 16 11 4 11 25% 287580 310 10%
c B 156.97  0 14 62 45138  1 1225098 81481 1.5 16 11 4 11 25% 287580 310 10%
c } 157.45  0 14 62 45346  1 1229654 84390 1.5 16 11 4 11 25% 287580 310 10%
c [ 157.45  0 17 62 45346  1 1229654 84390 1.5 20 14 6 15 28% 287580 310 10%
c - 159.02  0 16 63 45351  1 1248657 74334 1.5 19 13 6 15 28% 287580 310 10%
c p 159.03  0 16 63 45351  1 1248657 74344 1.5 19 13 6 15 28% 287580 310 10%
c u 159.10  0 16 63 45351  1 1248657 74273 1.5 19 13 6 15 28% 287580 310 10%
c v 159.14  0 16 63 45351  1 1248657 74266 1.5 19 13 6 15 28% 287580 310 10%
c w 159.16  0 16 63 45351  1 1248657 74264 1.5 19 13 6 15 28% 287580 310 10%
c x 159.20  0 16 63 45351  1 1248657 74254 1.5 19 13 6 15 28% 287560 310 10%
c I 161.36  0 16 63 45352  1 1275099 89839 1.5 19 13 6 15 27% 287560 310 10%
c 
c  seconds   reductions     conflicts         size   tier2        variables
c          MB      restarts        redundant     glue    trail        remaining
c           level        rate           size/glue  tier1   irredundant
c 
c - 162.62  0 16 64 45352  1 1289408 71322 1.5 19 13 6 15 27% 287560 310 10%
c p 162.64  0 16 64 45352  1 1289408 71333 1.5 19 13 6 15 27% 287560 310 10%
c u 162.73  0 16 64 45352  1 1289408 71278 1.5 19 13 6 15 27% 287560 310 10%
c v 162.78  0 16 64 45352  1 1289408 71271 1.5 19 13 6 15 27% 287560 310 10%
c w 162.80  0 16 64 45352  1 1289408 71271 1.5 19 13 6 15 27% 287560 310 10%
c x 162.85  0 16 64 45352  1 1289408 71268 1.5 19 13 6 15 27% 287552 310 10%
c t 162.86  0 16 64 45352  1 1289408 71267 1.5 19 13 6 15 27% 287552 310 10%
c s 163.61  0 16 64 45353  1 1296499 76057 1.5 19 13 6 15 27% 286974 310 10%
c s 163.72  0 16 64 45353  1 1296499 76031 1.5 19 13 6 15 27% 286609 310 10%
c B 166.64  0 15 64 45367  1 1326101 92752 1.5 18 12 6 15 26% 286609 310 10%
c - 167.15  0 15 65 45369  1 1330819 71507 1.5 18 12 6 15 26% 286609 310 10%
c p 167.17  0 15 65 45369  1 1330819 71518 1.5 18 12 6 15 26% 286609 310 10%
c u 167.25  0 15 65 45369  1 1330819 71402 1.5 18 12 6 15 26% 286609 310 10%
c v 167.29  0 15 65 45369  1 1330819 71398 1.5 18 12 6 15 26% 286609 310 10%
c w 167.32  0 15 65 45369  1 1330819 71397 1.5 18 12 6 15 26% 286609 310 10%
c x 167.36  0 15 65 45369  1 1330819 71393 1.5 18 12 6 15 26% 286591 310 10%
c - 171.36  0 15 66 45383  1 1372848 75610 1.5 18 12 6 15 26% 286591 310 10%
c p 171.37  0 15 66 45383  1 1372848 75621 1.5 18 12 6 15 26% 286591 310 10%
c u 171.46  0 15 66 45383  1 1372848 75515 1.5 18 12 6 15 26% 286591 310 10%
c v 171.49  0 15 66 45383  1 1372848 75501 1.5 18 12 6 15 26% 286591 310 10%
c 
c  seconds   reductions     conflicts         size   tier2        variables
c          MB      restarts        redundant     glue    trail        remaining
c           level        rate           size/glue  tier1   irredundant
c 
c w 171.51  0 15 66 45383  1 1372848 75471 1.5 18 12 6 15 26% 286591 310 10%
c x 171.55  0 15 66 45383  1 1372848 75468 1.5 18 12 6 15 26% 286579 310 10%
c W 174.35  0 15 66 45383  1 1378103 78737 1.5 18 12 6 15 26% 286579 310 10%
c ] 176.34  0 15 66 45394  1 1396678 89907 1.5 18 12 6 14 26% 286579 310 10%
c { 176.34  0 14 66 45394  1 1396678 89907 1.5 16 11 4 11 25% 286579 310 10%
c - 178.55  0 14 67 45982  1 1415537 77083 1.5 16 11 4 11 25% 286579 310 10%
c p 178.57  0 14 67 45982  1 1415537 77094 1.5 16 11 4 11 25% 286579 310 10%
c u 178.67  0 14 67 45982  1 1415537 77025 1.5 16 11 4 11 25% 286579 310 10%
c v 178.71  0 14 67 45982  1 1415537 77016 1.5 16 11 4 11 25% 286579 310 10%
c w 178.73  0 14 67 45982  1 1415537 77006 1.5 16 11 4 11 25% 286579 310 10%
c x 178.77  0 14 67 45982  1 1415537 77000 1.5 16 11 4 11 25% 286558 310 10%
c t 178.77  0 14 67 45982  1 1415537 76999 1.5 16 11 4 11 25% 286558 310 10%
c W 181.28  0 14 67 47246  1 1431105 86564 1.5 16 11 4 11 25% 286558 310 10%
c - 184.41  0 13 68 49015  1 1458881 81625 1.5 16 11 4 11 25% 286558 310 10%
c p 184.42  0 13 68 49015  1 1458881 81636 1.5 16 11 4 11 25% 286558 310 10%
c u 185.20  0 13 68 49015  1 1458881 81544 1.5 16 11 4 11 25% 286558 310 10%
c v 185.24  0 13 68 49015  1 1458881 81539 1.5 16 11 4 11 25% 286558 310 10%
c w 185.26  0 13 68 49015  1 1458881 81538 1.5 16 11 4 11 25% 286558 310 10%
c x 185.32  0 13 68 49015  1 1458881 81537 1.5 16 11 4 11 25% 286545 310 10%
c # 188.50  0 13 68 50578  1 1485107 97030 1.5 16 11 4 11 25% 286545 310 10%
c 
c  seconds   reductions     conflicts         size   tier2        variables
c          MB      restarts        redundant     glue    trail        remaining
c           level        rate           size/glue  tier1   irredundant
c 
c - 190.70  0 13 69 51646  1 1502884 82755 1.5 16 11 4 11 25% 286545 310 10%
c p 190.71  0 13 69 51646  1 1502884 82767 1.5 16 11 4 11 25% 286545 310 10%
c u 190.80  0 13 69 51646  1 1502884 82633 1.5 16 11 4 11 25% 286545 310 10%
c v 190.84  0 13 69 51646  1 1502884 82625 1.5 16 11 4 11 25% 286545 310 10%
c w 190.86  0 13 69 51646  1 1502884 82614 1.5 16 11 4 11 25% 286545 310 10%
c x 190.91  0 13 69 51646  1 1502884 82614 1.5 16 11 4 11 25% 286536 310 10%
c i 194.12  0 13 69 53308  1 1528595 96717 1.5 16 11 4 10 25% 286536 307 10%
c s 194.69  0 13 69 53458  1 1532963 99272 1.5 16 11 4 10 25% 285572 307 10%
c e 194.73  0 13 69 53458  1 1532963 98872 1.5 16 11 4 10 25% 271552 305 10%
c s 194.82  0 13 69 53458  1 1532963 98847 1.5 16 11 4 10 25% 270547 305 10%
c B 195.75  0 13 69 53561  1 1540108 102535 1.5 16 10 4 10 25% 270547 305 10%
c - 197.16  0 13 70 54637  1 1547544 74303 1.5 16 11 4 10 25% 270547 305 10%
c p 197.17  0 13 70 54637  1 1547544 74322 1.5 16 11 4 10 25% 270547 305 10%
c u 197.26  0 13 70 54637  1 1547544 74055 1.5 16 11 4 10 25% 270547 305 10%
c v 197.32  0 13 70 54637  1 1547544 74047 1.5 16 11 4 10 25% 270547 305 10%
c w 197.34  0 13 70 54637  1 1547544 74042 1.5 16 11 4 10 25% 270547 305 10%
c x 197.41  0 13 70 54637  1 1547544 74029 1.5 16 11 4 10 25% 270523 305 10%
c } 199.60  0 12 70 55155  1 1567189 84096 1.5 15 10 4 10 24% 270523 305 10%
c [ 199.60  0 15 70 55155  1 1567189 84096 1.5 18 12 6 14 26% 270523 305 10%
c - 201.97  0 14 71 55166  1 1592088 77337 1.5 17 11 6 14 26% 270523 305 10%
c 
c  seconds   reductions     conflicts         size   tier2        variables
c          MB      restarts        redundant     glue    trail        remaining
c           level        rate           size/glue  tier1   irredundant
c 
c p 201.99  0 14 71 55166  1 1592088 77349 1.5 17 11 6 14 26% 270523 305 10%
c u 202.08  0 14 71 55166  1 1592088 77139 1.5 17 11 6 14 26% 270523 305 10%
c v 202.13  0 14 71 55166  1 1592088 77127 1.5 17 11 6 14 26% 270523 305 10%
c w 202.14  0 14 71 55166  1 1592088 77116 1.5 17 11 6 14 26% 270523 305 10%
c x 202.18  0 14 71 55166  1 1592088 77113 1.5 17 11 6 14 26% 270505 305 10%
c O 202.60  0 14 71 55167  1 1596109 79262 1.5 17 11 6 14 26% 270505 305 10%
c - 206.64  0 13 72 55176  1 1637265 81841 1.5 17 11 6 14 25% 270505 305 10%
c p 206.65  0 13 72 55176  1 1637265 81853 1.5 17 11 6 14 25% 270505 305 10%
c u 206.73  0 13 72 55176  1 1637265 81703 1.5 17 11 6 14 25% 270505 305 10%
c v 206.77  0 13 72 55176  1 1637265 81702 1.5 17 11 6 14 25% 270505 305 10%
c w 206.79  0 13 72 55176  1 1637265 81699 1.5 17 11 6 14 25% 270505 305 10%
c x 206.83  0 13 72 55176  1 1637265 81693 1.5 17 11 6 14 25% 270482 305 10%
c B 208.19  0 13 72 55176  1 1653111 90523 1.5 17 11 6 14 25% 270482 305 10%
c - 211.08  0 13 73 55177  1 1683078 82589 1.5 16 11 6 14 25% 270482 305 10%
c p 211.09  0 13 73 55177  1 1683078 82601 1.5 16 11 6 14 25% 270482 305 10%
c u 211.18  0 13 73 55177  1 1683078 82535 1.5 16 11 6 14 25% 270482 305 10%
c v 211.23  0 13 73 55177  1 1683078 82516 1.5 16 11 6 14 25% 270482 305 10%
c w 211.25  0 13 73 55177  1 1683078 82509 1.5 16 11 6 14 25% 270482 305 10%
c x 211.29  0 13 73 55177  1 1683078 82509 1.5 16 11 6 14 25% 270480 305 10%
c t 211.29  0 13 73 55177  1 1683078 82506 1.5 16 11 6 14 25% 270480 305 10%
c 
c  seconds   reductions     conflicts         size   tier2        variables
c          MB      restarts        redundant     glue    trail        remaining
c           level        rate           size/glue  tier1   irredundant
c 
c i 212.25  0 12 73 55177  1 1691720 86745 1.5 16 11 6 14 25% 270480 304 10%
c i 212.85  0 12 73 55177  1 1698002 89967 1.5 16 10 6 14 25% 270480 302 10%
c i 212.92  0 12 73 55177  1 1698389 90199 1.5 16 10 6 14 25% 270480 301 10%
c i 212.93  0 12 73 55177  1 1698442 90206 1.5 16 10 6 14 25% 270480 300 10%
c i 212.96  0 12 73 55177  1 1698593 90264 1.5 16 10 6 14 25% 270480 291  9%
c i 212.97  0 12 73 55177  1 1698637 90278 1.5 16 10 6 14 25% 270480 287  9%
c i 212.97  0 12 73 55177  1 1698641 90281 1.5 16 10 6 14 25% 270480 285  9%
c i 212.98  0 12 73 55177  1 1698665 90292 1.5 16 10 6 14 25% 270480 283  9%
c i 212.98  0 12 73 55177  1 1698676 90296 1.5 16 10 6 14 25% 270480 279  9%
c ] 212.98  0 12 73 55177  1 1698689 90299 1.5 16 10 6 14 25% 270480 255  8%
c 0 212.98  0 12 73 55177  1 1698689 90299 1.5 16 10 6 14 25% 270480 255  8%
c 
c --- [ closing proof ] ------------------------------------------------------
c 
c LRAT proof file 'data/a4_m16/F.lrat' closed
c LRAT 2168347 added clauses 50.67%
c LRAT 2111059 deleted clauses 49.33%
c LRAT 404582858 bytes (385.84 MB)
c 
c --- [ result ] -------------------------------------------------------------
c 
s UNSATISFIABLE
c 
c --- [ run-time profiling ] -------------------------------------------------
c 
c process time taken by individual solving procedures
c (percentage relative to process time for solving)
c 
c       199.17   93.59% search
c       107.33   50.44% unstable
c        80.11   37.65% stable
c        13.63    6.41% simplify
c        11.69    5.49% walk
c         7.81    3.67% vivify
c         2.72    1.28% sweep
c         1.03    0.48% subsume
c         0.86    0.40% elim
c         0.45    0.21% probe
c         0.22    0.10% ternary
c         0.18    0.08% parse
c         0.11    0.05% congruence
c         0.03    0.01% lucky
c         0.00    0.00% backbone
c   =================================
c       212.80   99.92% solve
c 
c last line shows process time for solving
c (percentage relative to total process time)
c 
c --- [ statistics ] ---------------------------------------------------------
c 
c chronological:            165349         9.73 %  of conflicts
c conflicts:               1698689      7982.39    per second
c backbone:                 117296      3808.31 %  of vars
c decisions:               2082636      9786.61    per second
c eliminated:                 2051        66.59 %  of all variables
c fixed:                       773        25.10 %  of all variables
c learned:                 1668396        98.22 %  per conflict
c learned_lits:           42104131       100.00 %  learned literals
c minimized:                     0         0.00 %  learned literals
c shrunken:                9322009        22.14 %  learned literals
c minishrunken:            2760344         6.56 %  learned literals
c otfs:                      12370         0.73 %  of conflict
c propagations:           24340977         0.11 M  per second
c reduced:                  983728        57.91 %  per conflict
c rephased:                     57     29801.56    interval
c restarts:                  55177        30.79    interval
c stabilizing:                  12        52.66 %  of conflicts
c substituted:                   1         0.03 %  of all variables
c subsumed:                 568475        28.68 %  of all clauses
c strengthened:              73005         3.68 %  of all clauses
c ticks:               17787386284       748.93    propagation
c vivified:                   9673         0.49 %  of all clauses
c walked:                       17     99922.88    interval
c weakened:                   5217         2.61    average size
c congruence:                   11    154426.27    interval
c 
c seconds are measured in process time for solving
c 
c --- [ glue usage ] ---------------------------------------------------------
c 
c focused glue 4 used 197803 clauses 7.424% accumulated 54.94% tier1
c focused glue 5 used 150317 clauses 5.641% accumulated 60.58%
c focused glue 6-8 used 363200 clauses 13.63% accumulated 74.22%
c focused glue 9 used 129577 clauses 4.863% accumulated 79.08%
c focused glue 10 used 120337 clauses 4.516% accumulated 83.60% tier2
c 
c stable glue 5 used 153785 clauses 4.777% accumulated 50.33% tier1
c stable glue 6 used 124717 clauses 3.874% accumulated 54.20%
c stable glue 7-12 used 870781 clauses 27.05% accumulated 81.25%
c stable glue 13 used 124596 clauses 3.870% accumulated 85.12%
c stable glue 14 used 110015 clauses 3.417% accumulated 88.54% tier2
c 
c 
c --- [ resources ] ----------------------------------------------------------
c 
c total process time since initialization:       212.98    seconds
c total real time since initialization:          213.69    seconds
c maximum resident set size of process:          818.72    MB
c 
c --- [ shutting down ] ------------------------------------------------------
c 
c exit 20
