# A4 member 11: slack=1 e=155 n=28 mults=[05:2 06:6 14:4 15:3 16:1 23:5 25:3 34:3 46:1] generators=19 backend=boyer Fri Oct  2 18:34:55 2026 cube=[-107, -128, -146, 60]
[f034-a4-11-e155] n=28 m=155 cap=78 | 389 K5s, 3363 K3,3s, 19 sym generators, 40347 clauses, propagator check_at=9 planarity=boyer, clause dump -> /root/earth-moon/population/f034-a4-cert/cs-a4_m11c/s/n107_n128_n146_p60/dump.jsonl
    ... {'checks': 50000, 'confl': 11611, 'model_rej': 0} 2s
    ... {'checks': 100000, 'confl': 22478, 'model_rej': 0} 5s
    ... {'checks': 150000, 'confl': 33665, 'model_rej': 0} 7s
    ... {'checks': 200000, 'confl': 44181, 'model_rej': 0} 10s
    ... {'checks': 250000, 'confl': 52657, 'model_rej': 0} 13s
    ... {'checks': 300000, 'confl': 61682, 'model_rej': 0} 16s
    ... {'checks': 350000, 'confl': 71148, 'model_rej': 0} 19s
    ... {'checks': 400000, 'confl': 80443, 'model_rej': 0} 21s
    ... {'checks': 450000, 'confl': 88744, 'model_rej': 0} 24s
    ... {'checks': 500000, 'confl': 96832, 'model_rej': 0} 27s
    ... {'checks': 550000, 'confl': 104516, 'model_rej': 0} 30s
    ... {'checks': 600000, 'confl': 112040, 'model_rej': 0} 33s
    ... {'checks': 650000, 'confl': 119602, 'model_rej': 0} 35s
    ... {'checks': 700000, 'confl': 126067, 'model_rej': 0} 39s
    ... {'checks': 750000, 'confl': 132673, 'model_rej': 0} 42s
    ... {'checks': 800000, 'confl': 139426, 'model_rej': 0} 45s
    ... {'checks': 850000, 'confl': 144791, 'model_rej': 0} 49s
    ... {'checks': 900000, 'confl': 150702, 'model_rej': 0} 52s
    ... {'checks': 950000, 'confl': 157734, 'model_rej': 0} 55s
    ... {'checks': 1000000, 'confl': 164627, 'model_rej': 0} 58s
    ... {'checks': 1050000, 'confl': 170760, 'model_rej': 0} 61s
    ... {'checks': 1100000, 'confl': 176819, 'model_rej': 0} 65s
    ... {'checks': 1150000, 'confl': 182571, 'model_rej': 0} 69s
    ... {'checks': 1200000, 'confl': 187649, 'model_rej': 0} 72s
    ... {'checks': 1250000, 'confl': 192564, 'model_rej': 0} 75s
    ... {'checks': 1300000, 'confl': 198189, 'model_rej': 0} 79s
    ... {'checks': 1350000, 'confl': 202879, 'model_rej': 0} 83s
    ... {'checks': 1400000, 'confl': 207908, 'model_rej': 0} 86s
    ... {'checks': 1450000, 'confl': 212549, 'model_rej': 0} 90s
    ... {'checks': 1500000, 'confl': 217192, 'model_rej': 0} 93s
    ... {'checks': 1550000, 'confl': 222055, 'model_rej': 0} 97s
    ... {'checks': 1600000, 'confl': 226009, 'model_rej': 0} 102s
    ... {'checks': 1650000, 'confl': 229261, 'model_rej': 0} 108s
    ... {'checks': 1700000, 'confl': 234220, 'model_rej': 0} 111s
    ... {'checks': 1750000, 'confl': 238629, 'model_rej': 0} 114s
    ... {'checks': 1800000, 'confl': 242604, 'model_rej': 0} 118s
    ... {'checks': 1850000, 'confl': 247443, 'model_rej': 0} 121s
    ... {'checks': 1900000, 'confl': 251213, 'model_rej': 0} 127s
    ... {'checks': 1950000, 'confl': 253928, 'model_rej': 0} 130s
    ... {'checks': 2000000, 'confl': 258304, 'model_rej': 0} 133s
    ... {'checks': 2050000, 'confl': 263405, 'model_rej': 0} 137s
    ... {'checks': 2100000, 'confl': 267304, 'model_rej': 0} 140s
    ... {'checks': 2150000, 'confl': 270478, 'model_rej': 0} 146s
    ... {'checks': 2200000, 'confl': 273697, 'model_rej': 0} 150s
    ... {'checks': 2250000, 'confl': 276271, 'model_rej': 0} 153s
    ... {'checks': 2300000, 'confl': 278590, 'model_rej': 0} 157s
    ... {'checks': 2350000, 'confl': 280739, 'model_rej': 0} 160s
    ... {'checks': 2400000, 'confl': 284006, 'model_rej': 0} 166s
    ... {'checks': 2450000, 'confl': 286299, 'model_rej': 0} 169s
    ... {'checks': 2500000, 'confl': 289387, 'model_rej': 0} 173s
    ... {'checks': 2550000, 'confl': 291907, 'model_rej': 0} 177s
    ... {'checks': 2600000, 'confl': 295011, 'model_rej': 0} 181s
    ... {'checks': 2650000, 'confl': 297477, 'model_rej': 0} 188s
    ... {'checks': 2700000, 'confl': 299971, 'model_rej': 0} 193s
    ... {'checks': 2750000, 'confl': 302440, 'model_rej': 0} 197s
    ... {'checks': 2800000, 'confl': 306091, 'model_rej': 0} 202s
    ... {'checks': 2850000, 'confl': 309265, 'model_rej': 0} 207s
    ... {'checks': 2900000, 'confl': 312266, 'model_rej': 0} 211s
    ... {'checks': 2950000, 'confl': 314671, 'model_rej': 0} 215s
    ... {'checks': 3000000, 'confl': 316972, 'model_rej': 0} 223s
    ... {'checks': 3050000, 'confl': 318860, 'model_rej': 0} 228s
    ... {'checks': 3100000, 'confl': 321544, 'model_rej': 0} 234s
    ... {'checks': 3150000, 'confl': 323781, 'model_rej': 0} 238s
    ... {'checks': 3200000, 'confl': 326477, 'model_rej': 0} 242s
    ... {'checks': 3250000, 'confl': 329120, 'model_rej': 0} 246s
    ... {'checks': 3300000, 'confl': 331751, 'model_rej': 0} 257s
    ... {'checks': 3350000, 'confl': 334256, 'model_rej': 0} 262s
    ... {'checks': 3400000, 'confl': 336936, 'model_rej': 0} 266s
    ... {'checks': 3450000, 'confl': 339527, 'model_rej': 0} 273s
    ... {'checks': 3500000, 'confl': 342037, 'model_rej': 0} 278s
    ... {'checks': 3550000, 'confl': 343909, 'model_rej': 0} 282s
    ... {'checks': 3600000, 'confl': 345908, 'model_rej': 0} 286s
    ... {'checks': 3650000, 'confl': 347775, 'model_rej': 0} 296s
    ... {'checks': 3700000, 'confl': 350006, 'model_rej': 0} 301s
    ... {'checks': 3750000, 'confl': 352138, 'model_rej': 0} 306s
    ... {'checks': 3800000, 'confl': 353758, 'model_rej': 0} 311s
    ... {'checks': 3850000, 'confl': 355871, 'model_rej': 0} 316s
    ... {'checks': 3900000, 'confl': 357877, 'model_rej': 0} 321s
    ... {'checks': 3950000, 'confl': 359839, 'model_rej': 0} 327s
    ... {'checks': 4000000, 'confl': 361633, 'model_rej': 0} 333s
    ... {'checks': 4050000, 'confl': 363558, 'model_rej': 0} 338s
    ... {'checks': 4100000, 'confl': 365441, 'model_rej': 0} 343s
    ... {'checks': 4150000, 'confl': 367398, 'model_rej': 0} 348s
    ... {'checks': 4200000, 'confl': 369020, 'model_rej': 0} 353s
    ... {'checks': 4250000, 'confl': 370934, 'model_rej': 0} 358s
    ... {'checks': 4300000, 'confl': 372617, 'model_rej': 0} 363s
    ... {'checks': 4350000, 'confl': 373897, 'model_rej': 0} 368s
    ... {'checks': 4400000, 'confl': 375146, 'model_rej': 0} 380s
    ... {'checks': 4450000, 'confl': 376443, 'model_rej': 0} 384s
    ... {'checks': 4500000, 'confl': 378084, 'model_rej': 0} 389s
    ... {'checks': 4550000, 'confl': 379773, 'model_rej': 0} 393s
    ... {'checks': 4600000, 'confl': 381157, 'model_rej': 0} 399s
    ... {'checks': 4650000, 'confl': 382347, 'model_rej': 0} 404s
    ... {'checks': 4700000, 'confl': 383654, 'model_rej': 0} 409s
    ... {'checks': 4750000, 'confl': 385550, 'model_rej': 0} 420s
    ... {'checks': 4800000, 'confl': 386942, 'model_rej': 0} 425s
    ... {'checks': 4850000, 'confl': 388365, 'model_rej': 0} 429s
    ... {'checks': 4900000, 'confl': 389662, 'model_rej': 0} 438s
    ... {'checks': 4950000, 'confl': 390807, 'model_rej': 0} 442s
    ... {'checks': 5000000, 'confl': 391744, 'model_rej': 0} 446s
    ... {'checks': 5050000, 'confl': 392717, 'model_rej': 0} 449s
    ... {'checks': 5100000, 'confl': 393757, 'model_rej': 0} 453s
    ... {'checks': 5150000, 'confl': 394497, 'model_rej': 0} 457s
    ... {'checks': 5200000, 'confl': 395286, 'model_rej': 0} 460s
    ... {'checks': 5250000, 'confl': 396191, 'model_rej': 0} 475s
    ... {'checks': 5300000, 'confl': 397146, 'model_rej': 0} 479s
    ... {'checks': 5350000, 'confl': 398097, 'model_rej': 0} 484s
[f034-a4-11-e155] stats: {'checks': 5375055, 'confl': 398688, 'model_rej': 0}
[f034-a4-11-e155] clause dump closed: {'preseed': 7504, 'prop': 797376, 'model': 0}
[f034-a4-11-e155] UNSAT in 486.0s — NOT BIPLANAR (subject to control validation)
RESULT f034-a4-11-e155 UNSAT 486.2s
