# A4 member 9: slack=0 e=156 n=28 mults=[05:3 06:5 14:5 15:1 16:2 23:6 25:1 26:1 34:1 35:1 45:2] generators=17 backend=boyer Fri Oct  2 19:49:20 2026 cube=[-101, 106, -108, 141, 38]
[f034-a4-09-e156] n=28 m=156 cap=78 | 434 K5s, 4016 K3,3s, 17 sym generators, 41181 clauses, propagator check_at=9 planarity=boyer, clause dump -> /root/earth-moon/population/f034-a4-cert/cs-a4_m09c/s/n101_p106_n108_p141_p38/dump.jsonl
    ... {'checks': 50000, 'confl': 12335, 'model_rej': 0} 3s
    ... {'checks': 100000, 'confl': 22670, 'model_rej': 0} 6s
    ... {'checks': 150000, 'confl': 34466, 'model_rej': 0} 9s
    ... {'checks': 200000, 'confl': 46101, 'model_rej': 0} 12s
    ... {'checks': 250000, 'confl': 53311, 'model_rej': 0} 15s
    ... {'checks': 300000, 'confl': 63055, 'model_rej': 0} 18s
    ... {'checks': 350000, 'confl': 73127, 'model_rej': 0} 22s
    ... {'checks': 400000, 'confl': 82755, 'model_rej': 0} 25s
    ... {'checks': 450000, 'confl': 91977, 'model_rej': 0} 28s
    ... {'checks': 500000, 'confl': 100897, 'model_rej': 0} 32s
    ... {'checks': 550000, 'confl': 109483, 'model_rej': 0} 35s
    ... {'checks': 600000, 'confl': 116521, 'model_rej': 0} 38s
    ... {'checks': 650000, 'confl': 123578, 'model_rej': 0} 42s
    ... {'checks': 700000, 'confl': 130227, 'model_rej': 0} 45s
    ... {'checks': 750000, 'confl': 136998, 'model_rej': 0} 49s
    ... {'checks': 800000, 'confl': 142126, 'model_rej': 0} 53s
    ... {'checks': 850000, 'confl': 149563, 'model_rej': 0} 57s
    ... {'checks': 900000, 'confl': 157519, 'model_rej': 0} 61s
    ... {'checks': 950000, 'confl': 165388, 'model_rej': 0} 65s
    ... {'checks': 1000000, 'confl': 172290, 'model_rej': 0} 69s
    ... {'checks': 1050000, 'confl': 179156, 'model_rej': 0} 74s
    ... {'checks': 1100000, 'confl': 186393, 'model_rej': 0} 78s
    ... {'checks': 1150000, 'confl': 192800, 'model_rej': 0} 83s
    ... {'checks': 1200000, 'confl': 199873, 'model_rej': 0} 87s
    ... {'checks': 1250000, 'confl': 206904, 'model_rej': 0} 92s
    ... {'checks': 1300000, 'confl': 213888, 'model_rej': 0} 97s
    ... {'checks': 1350000, 'confl': 220147, 'model_rej': 0} 103s
    ... {'checks': 1400000, 'confl': 225392, 'model_rej': 0} 107s
    ... {'checks': 1450000, 'confl': 231357, 'model_rej': 0} 112s
    ... {'checks': 1500000, 'confl': 236522, 'model_rej': 0} 117s
    ... {'checks': 1550000, 'confl': 243123, 'model_rej': 0} 123s
    ... {'checks': 1600000, 'confl': 248921, 'model_rej': 0} 129s
    ... {'checks': 1650000, 'confl': 254919, 'model_rej': 0} 134s
    ... {'checks': 1700000, 'confl': 261553, 'model_rej': 0} 139s
    ... {'checks': 1750000, 'confl': 266830, 'model_rej': 0} 143s
    ... {'checks': 1800000, 'confl': 272055, 'model_rej': 0} 148s
    ... {'checks': 1850000, 'confl': 276414, 'model_rej': 0} 156s
    ... {'checks': 1900000, 'confl': 282178, 'model_rej': 0} 161s
    ... {'checks': 1950000, 'confl': 287541, 'model_rej': 0} 166s
    ... {'checks': 2000000, 'confl': 292858, 'model_rej': 0} 171s
    ... {'checks': 2050000, 'confl': 298787, 'model_rej': 0} 176s
    ... {'checks': 2100000, 'confl': 304440, 'model_rej': 0} 182s
    ... {'checks': 2150000, 'confl': 310221, 'model_rej': 0} 187s
    ... {'checks': 2200000, 'confl': 316164, 'model_rej': 0} 193s
    ... {'checks': 2250000, 'confl': 321994, 'model_rej': 0} 200s
    ... {'checks': 2300000, 'confl': 327698, 'model_rej': 0} 209s
    ... {'checks': 2350000, 'confl': 332418, 'model_rej': 0} 214s
    ... {'checks': 2400000, 'confl': 336792, 'model_rej': 0} 220s
    ... {'checks': 2450000, 'confl': 341772, 'model_rej': 0} 225s
    ... {'checks': 2500000, 'confl': 346264, 'model_rej': 0} 232s
    ... {'checks': 2550000, 'confl': 350512, 'model_rej': 0} 237s
    ... {'checks': 2600000, 'confl': 354916, 'model_rej': 0} 243s
    ... {'checks': 2650000, 'confl': 358645, 'model_rej': 0} 248s
    ... {'checks': 2700000, 'confl': 363231, 'model_rej': 0} 257s
    ... {'checks': 2750000, 'confl': 368040, 'model_rej': 0} 262s
    ... {'checks': 2800000, 'confl': 372718, 'model_rej': 0} 267s
    ... {'checks': 2850000, 'confl': 378396, 'model_rej': 0} 273s
    ... {'checks': 2900000, 'confl': 383154, 'model_rej': 0} 279s
    ... {'checks': 2950000, 'confl': 388674, 'model_rej': 0} 286s
    ... {'checks': 3000000, 'confl': 393726, 'model_rej': 0} 291s
    ... {'checks': 3050000, 'confl': 399124, 'model_rej': 0} 298s
    ... {'checks': 3100000, 'confl': 403605, 'model_rej': 0} 305s
    ... {'checks': 3150000, 'confl': 408300, 'model_rej': 0} 312s
    ... {'checks': 3200000, 'confl': 412367, 'model_rej': 0} 322s
    ... {'checks': 3250000, 'confl': 416455, 'model_rej': 0} 329s
    ... {'checks': 3300000, 'confl': 420863, 'model_rej': 0} 336s
    ... {'checks': 3350000, 'confl': 425684, 'model_rej': 0} 343s
    ... {'checks': 3400000, 'confl': 429513, 'model_rej': 0} 349s
    ... {'checks': 3450000, 'confl': 433472, 'model_rej': 0} 355s
    ... {'checks': 3500000, 'confl': 437049, 'model_rej': 0} 362s
    ... {'checks': 3550000, 'confl': 440832, 'model_rej': 0} 370s
    ... {'checks': 3600000, 'confl': 444128, 'model_rej': 0} 378s
    ... {'checks': 3650000, 'confl': 446872, 'model_rej': 0} 385s
    ... {'checks': 3700000, 'confl': 450104, 'model_rej': 0} 395s
    ... {'checks': 3750000, 'confl': 454693, 'model_rej': 0} 402s
    ... {'checks': 3800000, 'confl': 457901, 'model_rej': 0} 409s
    ... {'checks': 3850000, 'confl': 460759, 'model_rej': 0} 416s
    ... {'checks': 3900000, 'confl': 463324, 'model_rej': 0} 425s
    ... {'checks': 3950000, 'confl': 465735, 'model_rej': 0} 431s
    ... {'checks': 4000000, 'confl': 468602, 'model_rej': 0} 439s
    ... {'checks': 4050000, 'confl': 471100, 'model_rej': 0} 446s
    ... {'checks': 4100000, 'confl': 473797, 'model_rej': 0} 454s
    ... {'checks': 4150000, 'confl': 476560, 'model_rej': 0} 461s
    ... {'checks': 4200000, 'confl': 479712, 'model_rej': 0} 470s
    ... {'checks': 4250000, 'confl': 482121, 'model_rej': 0} 482s
    ... {'checks': 4300000, 'confl': 483896, 'model_rej': 0} 489s
    ... {'checks': 4350000, 'confl': 485661, 'model_rej': 0} 495s
    ... {'checks': 4400000, 'confl': 487561, 'model_rej': 0} 501s
    ... {'checks': 4450000, 'confl': 490009, 'model_rej': 0} 508s
    ... {'checks': 4500000, 'confl': 491954, 'model_rej': 0} 514s
[f034-a4-09-e156] stats: {'checks': 4535169, 'confl': 493136, 'model_rej': 0}
[f034-a4-09-e156] clause dump closed: {'preseed': 8900, 'prop': 986272, 'model': 0}
[f034-a4-09-e156] UNSAT in 517.4s — NOT BIPLANAR (subject to control validation)
RESULT f034-a4-09-e156 UNSAT 517.6s
