c --- [ banner ] -------------------------------------------------------------
c 
c CaDiCaL SAT Solver
c Copyright (c) 2016-2026
c A. Biere, M. Fleury, N. Froleyks, K. Fazekas, F. Pollitt, T. Faller
c JKU Linz, University of Freiburg, TU Wien
c 
c Version 3.0.1
c Apple clang version 16.0.0 (clang-1600.0.26.6) -Wall -Wextra -O3 -DNDEBUG -std=c++11 -DNCLOSEFROM
c Sun Jul 19 15:40:55 UTC 2026 Darwin Sonoma-arm64.local 23.6.0 arm64
c 
c --- [ proof tracing ] ------------------------------------------------------
c 
c opening file to write 'data/a4_m10/F.lrat'
c writing non-binary proof trace to 'data/a4_m10/F.lrat'
c 
c --- [ parsing input ] ------------------------------------------------------
c 
c reading DIMACS file from 'data/a4_m10/F.cnf'
c opening file to read 'data/a4_m10/F.cnf'
c found 'p cnf 2790 216272' header
c parsed 216272 clauses in 0.12 seconds process time
c 
c --- [ options ] ------------------------------------------------------------
c 
c   --binary=false                 (different from default 'true')
c   --lrat=true                    (different from default 'false')
c 
c --- [ solving ] ------------------------------------------------------------
c 
c time measured in process time since initialization
c 
c  seconds  reduction conflicts       size tier2       variables
c         MB    restarts   redundant    glue  trail         remaining
c          level     rate       size/glu tier1  irredundant
c 
c *  0.12  0  0 0   0  0    0    0 0.0 0 0 2 6  0% 216220 2755 99%
c )  0.14  0  0 0   0  0    0    0 0.0 0 0 2 6  0% 216220 2755 99%
c {  0.14  0  0 0   0  0    0    0 0.0 0 0 2 6  0% 216220 2755 99%
c i  0.17  0 505 0  39 27  257  121 1.4 16 11 2 6 27% 216106 2753 99%
c -  0.18  0 430 1  39 23  303   74 1.4 16 11 2 6 26% 216101 2753 99%
c i  0.20  0 205 1  49 12  655  254 1.4 15 11 2 6 18% 216029 2751 99%
c i  0.20  0 204 1  49 12  661  256 1.4 15 11 2 6 18% 216027 2750 99%
c -  0.27  0 162 2  90 11  885  174 1.3 18 13 2 6 17% 215978 2750 99%
c i  0.28  0 149 2 112 10  982  236 1.4 18 13 2 6 17% 215949 2749 99%
c }  0.29  0 147 2 117 10 1001  247 1.4 18 13 2 6 17% 215946 2749 99%
c [  0.29  0  0 2 117  0 1001  247 0.0 0 0 2 6  0% 215946 2749 99%
c O  0.29  0  5 2 117  6 1002  248 1.5 3 2 2 6 22% 215946 2749 99%
c i  0.29  0  5 2 117  1 1111  287 1.4 5 4 2 6 19% 215938 2723 98%
c -  0.37  0 26 3 117  2 1876  329 2.0 25 13 2 6 23% 215751 2723 98%
c ]  0.43  0 26 3 118  1 2776 1064 1.9 27 14 2 6 22% 215722 2723 98%
c {  0.43  0 147 3 118 10 2776 1064 1.4 18 13 2 6 17% 215722 2723 98%
c 2  0.45  0 139 3 133 10 2851 1121 1.4 19 14 2 6 17% 215708 2710 97%
c d  0.45  0 139 3 133 10 2851 1121 1.4 19 14 2 6 17% 215682 2709 97%
c p  0.46  0 139 3 133 10 2851 1121 1.4 19 14 2 6 17% 215682 2708 97%
c =  0.51  0 139 3 133 10 2851 1116 1.4 19 14 2 6 17% 215634 2668 96%
c 
c  seconds   reduction conflicts       size   tier2       variables
c         MB     restarts   redundant     glue   trail         remaining
c           level     rate       size/glue  tier1  irredundant
c 
c i  0.52  0 136 3 141 10 2885 1130 1.4 19 14 2 6 16% 215621 2666 96%
c O  0.54  0 125 3 162  9 3004 1218 1.3 19 14 2 6 16% 215609 2666 96%
c -  0.62  0 104 4 230  8 3320  538 1.3 20 15 2 6 16% 215575 2666 96%
c i  0.64  0 98 4 236  8 3450  636 1.4 20 15 2 6 17% 215568 2665 96%
c i  0.64  0 97 4 242  8 3482  658 1.4 21 15 2 6 17% 215563 2664 95%
c i  0.64  0 97 4 244  8 3495  665 1.4 20 15 2 6 17% 215560 2656 95%
c i  0.64  0 96 4 244  8 3497  665 1.4 20 15 2 6 17% 215559 2640 95%
c -  0.80  0 57 5 277  5 5241 1797 1.6 22 14 8 16 19% 215494 2640 95%
c 2  0.80  0 56 5 277  4 5352 1901 1.6 22 14 8 16 19% 215493 2604 93%
c t  0.85  0 56 5 277  4 5352 1897 1.6 22 14 8 16 19% 215448 2604 93%
c i  0.86  0 56 5 281  4 5399 1932 1.6 22 14 8 16 19% 215443 2602 93%
c i  0.86  0 56 5 281  4 5411 1936 1.6 22 14 8 16 19% 215436 2565 92%
c #  0.94  0 51 5 312  4 6006 2342 1.6 22 14 7 16 19% 215410 2565 92%
c }  1.09  0 43 5 490  4 7472 3418 1.5 22 14 5 16 19% 215399 2565 92%
c [  1.09  0 26 5 490  1 7472 3418 1.9 27 14 2 6 22% 215399 2565 92%
c -  1.14  0 26 6 490  1 7655 2929 1.9 27 14 2 6 22% 215358 2565 92%
c 2  1.18  0 26 6 491  1 7955 3210 1.8 26 14 2 6 22% 215358 2560 92%
c t  1.19  0 26 6 491  1 7955 3209 1.8 26 14 2 6 22% 215368 2560 92%
c I  1.36  0 27 6 492  1 10008 5074 1.8 25 14 7 18 24% 215367 2560 92%
c -  1.44  0 27 7 492  1 10571 3881 1.7 25 14 7 18 24% 215357 2560 92%
c 
c  seconds  reductions conflicts       size   tier2        variables
c         MB    restarts    redundant     glue    trail         remaining
c          level     rate        size/glue  tier1   irredundant
c 
c 2  1.46  0 27 7 492  1 10653 3949 1.7 25 14 7 18 24% 215357 2555 92%
c u  1.52  0 27 7 492  1 10653 3911 1.7 25 14 7 18 24% 215347 2555 92%
c v  1.53  0 27 7 492  1 10653 3907 1.7 25 14 7 18 24% 215347 2555 92%
c w  1.53  0 27 7 492  1 10653 3904 1.7 25 14 7 18 24% 215347 2555 92%
c x  1.54  0 27 7 492  1 10653 3902 1.7 25 14 7 18 24% 215346 2555 92%
c t  1.54  0 27 7 492  1 10653 3895 1.7 25 14 7 18 24% 215346 2555 92%
c ]  1.67  0 26 7 494  1 12329 5153 1.6 24 14 7 18 22% 215346 2555 92%
c {  1.67  0 43 7 494  4 12329 5153 1.5 22 14 5 16 19% 215346 2555 92%
c s  1.73  0 42 7 519  4 12591 5316 1.5 22 14 5 16 19% 215332 2555 92%
c t  1.73  0 42 7 519  4 12591 5314 1.5 22 14 5 16 19% 215320 2555 92%
c e  1.76  0 42 7 519  4 12591 5026 1.5 22 14 5 16 19% 211071 233  8%
c s  1.77  0 42 7 519  4 12591 5021 1.5 22 14 5 16 19% 211069 233  8%
c -  1.91  0 37 8 519  3 13998 4722 1.5 21 14 6 16 36% 211069 233  8%
c B  1.97  0 34 8 526  3 15008 5328 1.5 20 13 6 16 36% 211069 233  8%
c -  2.24  0 30 9 730  3 17915 6056 1.5 20 13 6 16 39% 211069 233  8%
c W  2.78  0 29 9 1096  2 21009 8562 1.5 20 13 6 16 41% 211082 233  8%
c -  2.90  0 28 10 1145  2 22347 6738 1.5 20 13 6 15 41% 211082 233  8%
c u  3.00  0 28 10 1145  2 22347 6718 1.5 20 13 6 15 41% 211082 233  8%
c v  3.01  0 28 10 1145  2 22347 6717 1.5 20 13 6 15 41% 211082 233  8%
c w  3.01  0 28 10 1145  2 22347 6715 1.5 20 13 6 15 41% 211082 233  8%
c 
c  seconds  reductions   conflicts       size   tier2        variables
c         MB     restarts     redundant     glue    trail        remaining
c          level       rate        size/glue  tier1   irredundant
c 
c x  3.02  0 28 10 1145  2 22347 6715 1.5 20 13 6 15 41% 211080 233  8%
c }  3.15  0 27 10 1263  2 23704 7729 1.5 20 13 6 15 41% 211080 233  8%
c [  3.15  0 26 10 1263  1 23704 7729 1.6 24 14 7 18 264% 211080 233  8%
c -  3.35  0 22 11 1264  1 27298 7949 1.6 21 13 7 18 182% 211080 233  8%
c B  3.39  0 21 11 1264  1 28011 8392 1.6 21 13 7 18 172% 211080 233  8%
c -  3.66  0 20 12 1267  1 32768 9230 1.6 21 13 7 18 129% 211080 233  8%
c W  3.92  0 20 12 1270  1 36013 11749 1.6 22 14 7 18 114% 211080 233  8%
c -  4.07  0 20 13 1271  1 38762 9782 1.6 22 14 8 16 104% 211080 233  8%
c u  4.10  0 20 13 1271  1 38762 9730 1.6 22 14 8 16 104% 211080 233  8%
c v  4.11  0 20 13 1271  1 38762 9730 1.6 22 14 8 16 104% 211080 233  8%
c w  4.11  0 20 13 1271  1 38762 9730 1.6 22 14 8 16 104% 211080 233  8%
c x  4.12  0 20 13 1271  1 38762 9727 1.6 22 14 8 16 104% 211076 233  8%
c ]  4.25  0 19 13 1271  1 41994 11882 1.6 21 13 8 16 94% 211076 233  8%
c {  4.25  0 27 13 1271  2 41994 11882 1.5 20 13 6 15 41% 211076 233  8%
c F  4.35  0 25 13 1271  2 45015 13854 1.6 20 13 6 15 41% 211076 233  8%
c -  4.40  0 25 14 1276  2 45282 10889 1.6 20 13 6 15 41% 211076 233  8%
c s  4.90  0 22 14 1672  2 51884 15521 1.6 20 13 6 15 39% 211061 233  8%
c s  4.94  0 22 14 1672  2 51884 15518 1.6 20 13 6 15 39% 211055 233  8%
c -  5.05  0 22 15 1768  2 52327 12859 1.6 20 13 6 15 39% 211055 233  8%
c B  5.28  0 22 15 2087  2 55016 14568 1.5 20 13 6 15 39% 211055 233  8%
c 
c  seconds  reductions   conflicts        size   tier2        variables
c         MB     restarts      redundant     glue    trail        remaining
c          level       rate         size/glue  tier1   irredundant
c 
c -  5.68  0 21 16 2360  2 59899 13746 1.5 20 13 6 15 39% 211055 233  8%
c u  5.71  0 21 16 2360  2 59899 13716 1.5 20 13 6 15 39% 211055 233  8%
c v  5.72  0 21 16 2360  2 59899 13714 1.5 20 13 6 15 39% 211055 233  8%
c w  5.72  0 21 16 2360  2 59899 13714 1.5 20 13 6 15 39% 211055 233  8%
c x  5.73  0 21 16 2360  2 59899 13714 1.5 20 13 6 15 39% 211055 233  8%
c W  6.47  0 21 16 3147  2 66019 18279 1.5 20 13 6 15 40% 211055 233  8%
c }  6.49  0 21 16 3148  2 66177 18369 1.5 20 13 6 15 39% 211055 233  8%
c [  6.49  0 19 16 3148  1 66177 18369 1.6 21 13 8 16 94% 211055 233  8%
c -  6.58  0 19 17 3149  1 68003 14635 1.6 21 13 8 16 90% 211055 233  8%
c -  7.02  0 20 18 3151  1 76637 14810 1.6 23 14 8 16 77% 211055 233  8%
c u  7.06  0 20 18 3151  1 76637 14794 1.6 23 14 8 16 77% 211055 233  8%
c v  7.07  0 20 18 3151  1 76637 14791 1.6 23 14 8 16 77% 211055 233  8%
c w  7.07  0 20 18 3151  1 76637 14788 1.6 23 14 8 16 77% 211055 233  8%
c O  7.16  0 20 18 3152  1 78020 15771 1.6 23 15 8 16 76% 211055 233  8%
c -  7.57  0 20 19 3156  1 85804 15113 1.6 24 15 8 16 69% 211055 233  8%
c B  7.94  0 20 19 3159  1 91021 18529 1.6 24 15 8 16 65% 211055 233  8%
c -  8.18  0 21 20 3163  1 95509 14808 1.5 24 16 8 16 63% 211055 233  8%
c u  8.21  0 21 20 3163  1 95509 14765 1.5 24 16 8 16 63% 211055 233  8%
c v  8.22  0 21 20 3163  1 95509 14762 1.5 24 16 8 16 63% 211055 233  8%
c w  8.23  0 21 20 3163  1 95509 14760 1.5 24 16 8 16 63% 211055 233  8%
c 
c  seconds  reductions   conflicts        size   tier2        variables
c         MB     restarts      redundant     glue    trail        remaining
c          level       rate         size/glue  tier1   irredundant
c 
c ]  8.33  0 21 20 3163  1 96993 15630 1.5 24 16 8 16 62% 211055 233  8%
c {  8.33  0 21 20 3163  2 96993 15630 1.5 20 13 6 15 39% 211055 233  8%
c #  8.79  0 20 20 3365  2 105022 20777 1.5 19 13 6 15 39% 211055 233  8%
c -  8.86  0 20 21 3405  2 105741 15910 1.5 19 13 6 15 39% 211055 233  8%
c p  8.87  0 20 21 3405  2 105741 15914 1.5 19 13 6 15 39% 211055 233  8%
c s  9.30  0 19 21 3923  2 110823 19458 1.5 19 13 6 15 39% 211044 233  8%
c s  9.34  0 19 21 3923  2 110823 19450 1.5 19 13 6 15 39% 211030 233  8%
c -  9.68  0 19 22 3970  2 116507 19243 1.5 19 13 6 15 39% 211030 233  8%
c p  9.69  0 19 22 3970  2 116507 19247 1.5 19 13 6 15 39% 211030 233  8%
c u  9.72  0 19 22 3970  2 116507 19209 1.5 19 13 6 15 39% 211030 233  8%
c v  9.73  0 19 22 3970  2 116507 19208 1.5 19 13 6 15 39% 211030 233  8%
c w  9.73  0 19 22 3970  2 116507 19207 1.5 19 13 6 15 39% 211030 233  8%
c x  9.74  0 19 22 3970  2 116507 19207 1.5 19 13 6 15 39% 211030 233  8%
c B  9.99  0 18 22 4010  2 120023 21553 1.5 19 13 6 15 39% 211030 233  8%
c - 10.77  0 19 23 5140  2 127807 21184 1.5 20 13 6 15 40% 211030 233  8%
c p 10.77  0 19 23 5140  2 127807 21188 1.5 20 13 6 15 40% 211030 233  8%
c u 10.79  0 19 23 5140  2 127807 21122 1.5 20 13 6 15 40% 211030 233  8%
c v 10.80  0 19 23 5140  2 127807 21121 1.5 20 13 6 15 40% 211030 233  8%
c w 10.80  0 19 23 5140  2 127807 21120 1.5 20 13 6 15 40% 211030 233  8%
c x 10.81  0 19 23 5140  2 127807 21120 1.5 20 13 6 15 40% 211030 233  8%
c 
c  seconds  reductions   conflicts         size   tier2        variables
c         MB     restarts       redundant     glue    trail        remaining
c          level       rate          size/glue  tier1   irredundant
c 
c } 11.29  0 19 23 5775  2 134560 25907 1.5 20 13 6 15 40% 211030 233  8%
c [ 11.29  0 21 23 5775  1 134560 25907 1.5 24 16 8 16 62% 211030 233  8%
c W 11.70  0 21 23 5775  1 136025 26878 1.5 24 16 8 16 61% 211030 233  8%
c - 11.93  0 20 24 5776  1 139644 22824 1.5 24 16 9 18 60% 211030 233  8%
c p 11.93  0 20 24 5776  1 139644 22828 1.5 24 16 9 18 60% 211030 233  8%
c - 12.59  0 19 25 5777  1 152016 23640 1.5 23 15 9 18 56% 211030 233  8%
c p 12.59  0 19 25 5777  1 152016 23644 1.5 23 15 9 18 56% 211030 233  8%
c u 12.75  0 19 25 5777  1 152016 23620 1.5 23 15 9 18 56% 211030 233  8%
c v 12.76  0 19 25 5777  1 152016 23615 1.5 23 15 9 18 56% 211030 233  8%
c w 12.77  0 19 25 5777  1 152016 23612 1.5 23 15 9 18 56% 211030 233  8%
c x 12.78  0 19 25 5777  1 152016 23612 1.5 23 15 9 18 56% 211024 233  8%
c I 12.85  0 19 25 5777  1 153026 24276 1.5 23 15 9 18 56% 211024 233  8%
c - 13.50  0 19 26 5780  1 164924 24395 1.6 23 15 9 18 53% 211024 233  8%
c p 13.50  0 19 26 5780  1 164924 24399 1.6 23 15 9 18 53% 211024 233  8%
c B 13.82  0 19 26 5784  1 171027 28913 1.6 24 15 9 18 52% 211024 233  8%
c - 14.22  0 19 27 5787  1 178368 24761 1.5 24 15 9 18 51% 211024 233  8%
c p 14.23  0 19 27 5787  1 178368 24765 1.5 24 15 9 18 51% 211024 233  8%
c u 14.26  0 19 27 5787  1 178368 24734 1.5 24 15 9 18 51% 211024 233  8%
c v 14.27  0 19 27 5787  1 178368 24724 1.5 24 15 9 18 51% 211024 233  8%
c w 14.28  0 19 27 5787  1 178368 24724 1.5 24 15 9 18 51% 211024 233  8%
c 
c  seconds  reductions   conflicts         size   tier2        variables
c         MB     restarts       redundant     glue    trail        remaining
c          level       rate          size/glue  tier1   irredundant
c 
c x 14.29  0 19 27 5787  1 178368 24724 1.5 24 15 9 18 51% 211023 233  8%
c ] 14.39  0 19 27 5788  1 179687 25724 1.5 24 15 9 18 51% 211023 233  8%
c { 14.39  0 19 27 5788  2 179687 25724 1.5 20 13 6 15 40% 211023 233  8%
c s 15.15  0 19 27 7077  2 189407 32802 1.5 20 13 6 15 40% 210996 233  8%
c s 15.20  0 19 27 7077  2 189407 32795 1.5 20 13 6 15 40% 210988 233  8%
c W 15.55  0 19 27 7151  2 190030 33253 1.5 20 13 6 15 40% 210988 233  8%
c - 15.77  0 19 28 7546  2 192350 25423 1.5 20 14 6 15 40% 210988 233  8%
c p 15.78  0 19 28 7546  2 192350 25427 1.5 20 14 6 15 40% 210988 233  8%
c u 15.80  0 19 28 7546  2 192350 25414 1.5 20 14 6 15 40% 210988 233  8%
c v 15.81  0 19 28 7546  2 192350 25411 1.5 20 14 6 15 40% 210988 233  8%
c w 15.81  0 19 28 7546  2 192350 25409 1.5 20 14 6 15 40% 210988 233  8%
c x 15.82  0 19 28 7546  2 192350 25409 1.5 20 14 6 15 40% 210987 233  8%
c - 17.04  0 19 29 8732  2 206869 26675 1.5 21 14 6 14 40% 210987 233  8%
c p 17.05  0 19 29 8732  2 206869 26679 1.5 21 14 6 14 40% 210987 233  8%
c u 17.07  0 19 29 8732  2 206869 26661 1.5 21 14 6 14 40% 210987 233  8%
c v 17.08  0 19 29 8732  2 206869 26659 1.5 21 14 6 14 40% 210987 233  8%
c w 17.09  0 19 29 8732  2 206869 26659 1.5 21 14 6 14 40% 210987 233  8%
c x 17.10  0 19 29 8732  2 206869 26659 1.5 21 14 6 14 40% 210985 233  8%
c F 17.43  0 19 29 9172  2 210037 29014 1.5 21 14 6 14 40% 210985 233  8%
c - 18.52  0 19 30 10243  2 221925 28606 1.5 21 14 6 14 41% 210985 233  8%
c 
c  seconds  reductions    conflicts         size   tier2        variables
c         MB      restarts       redundant     glue    trail        remaining
c          level        rate          size/glue  tier1   irredundant
c 
c p 18.53  0 19 30 10243  2 221925 28610 1.5 21 14 6 14 41% 210985 233  8%
c u 18.55  0 19 30 10243  2 221925 28586 1.5 21 14 6 14 41% 210985 233  8%
c v 18.56  0 19 30 10243  2 221925 28582 1.5 21 14 6 14 41% 210985 233  8%
c w 18.57  0 19 30 10243  2 221925 28579 1.5 21 14 6 14 41% 210985 233  8%
c x 18.58  0 19 30 10243  2 221925 28579 1.5 21 14 6 14 41% 210985 233  8%
c } 19.28  0 18 30 10693  2 230969 34663 1.5 21 14 6 14 41% 210985 233  8%
c [ 19.28  0 19 30 10693  1 230969 34663 1.5 24 15 9 18 51% 210985 233  8%
c W 19.53  0 19 30 10693  1 231038 34705 1.5 24 15 9 18 51% 210985 233  8%
c - 19.91  0 19 31 10696  1 237521 29700 1.5 24 15 9 18 50% 210985 233  8%
c p 19.92  0 19 31 10696  1 237521 29704 1.5 24 15 9 18 50% 210985 233  8%
c u 19.95  0 19 31 10696  1 237521 29691 1.5 24 15 9 18 50% 210985 233  8%
c v 19.96  0 19 31 10696  1 237521 29690 1.5 24 15 9 18 50% 210985 233  8%
c w 19.96  0 19 31 10696  1 237521 29690 1.5 24 15 9 18 50% 210985 233  8%
c O 20.83  0 19 31 10703  1 253039 39620 1.5 23 15 9 18 48% 210985 233  8%
c - 20.89  0 19 32 10703  1 253656 29414 1.5 23 15 9 18 48% 210985 233  8%
c p 20.90  0 19 32 10703  1 253656 29418 1.5 23 15 9 18 48% 210985 233  8%
c u 21.10  0 19 32 10703  1 253656 29379 1.5 23 15 9 18 48% 210985 233  8%
c v 21.11  0 19 32 10703  1 253656 29377 1.5 23 15 9 18 48% 210985 233  8%
c w 21.12  0 19 32 10703  1 253656 29373 1.5 23 15 9 18 48% 210985 233  8%
c - 22.14  0 19 33 10711  1 270330 28644 1.5 24 16 9 17 47% 210985 233  8%
c 
c  seconds  reductions    conflicts         size   tier2        variables
c         MB      restarts       redundant     glue    trail        remaining
c          level        rate          size/glue  tier1   irredundant
c 
c p 22.15  0 19 33 10711  1 270330 28648 1.5 24 16 9 17 47% 210985 233  8%
c u 22.17  0 19 33 10711  1 270330 28619 1.5 24 16 9 17 47% 210985 233  8%
c v 22.18  0 19 33 10711  1 270330 28618 1.5 24 16 9 17 47% 210985 233  8%
c w 22.18  0 19 33 10711  1 270330 28601 1.5 24 16 9 17 47% 210985 233  8%
c x 22.19  0 19 33 10711  1 270330 28601 1.5 24 16 9 17 47% 210985 233  8%
c B 22.54  0 19 33 10712  1 276044 32743 1.5 24 16 9 17 46% 210985 233  8%
c - 23.19  0 19 34 10713  1 287543 29156 1.5 24 16 9 17 46% 210985 233  8%
c p 23.20  0 19 34 10713  1 287543 29160 1.5 24 16 9 17 46% 210985 233  8%
c u 23.22  0 19 34 10713  1 287543 29144 1.5 24 16 9 17 46% 210985 233  8%
c v 23.23  0 19 34 10713  1 287543 29142 1.5 24 16 9 17 46% 210985 233  8%
c w 23.24  0 19 34 10713  1 287543 29124 1.5 24 16 9 17 46% 210985 233  8%
c x 23.25  0 19 34 10713  1 287543 29124 1.5 24 16 9 17 46% 210984 233  8%
c s 23.29  0 19 34 10713  1 287635 29166 1.5 24 16 9 17 46% 210941 233  8%
c s 23.34  0 19 34 10713  1 287635 29161 1.5 24 16 9 17 46% 210926 233  8%
c ] 23.70  0 19 34 10713  1 293357 32805 1.5 24 16 9 17 46% 210926 233  8%
c { 23.70  0 18 34 10713  2 293357 32805 1.5 21 14 6 14 41% 210926 233  8%
c B 24.26  0 18 34 11323  2 300046 37587 1.5 21 14 6 14 41% 210926 233  8%
c - 24.84  0 18 35 11998  2 305294 31352 1.5 21 14 6 14 41% 210926 233  8%
c p 24.84  0 18 35 11998  2 305294 31356 1.5 21 14 6 14 41% 210926 233  8%
c u 24.88  0 18 35 11998  2 305294 31143 1.5 21 14 6 14 41% 210926 233  8%
c 
c  seconds  reductions    conflicts         size   tier2        variables
c         MB      restarts       redundant     glue    trail        remaining
c          level        rate          size/glue  tier1   irredundant
c 
c v 24.90  0 18 35 11998  2 305294 31140 1.5 21 14 6 14 41% 210926 233  8%
c w 24.91  0 18 35 11998  2 305294 31110 1.5 21 14 6 14 41% 210926 233  8%
c - 26.25  0 18 36 13163  2 323589 33831 1.5 21 14 6 14 39% 210926 233  8%
c p 26.26  0 18 36 13163  2 323589 33835 1.5 21 14 6 14 39% 210926 233  8%
c u 26.29  0 18 36 13163  2 323589 33814 1.5 21 14 6 14 39% 210926 233  8%
c v 26.29  0 18 36 13163  2 323589 33812 1.5 21 14 6 14 39% 210926 233  8%
c w 26.30  0 18 36 13163  2 323589 33807 1.5 21 14 6 14 39% 210926 233  8%
c W 26.98  0 18 36 13431  2 325048 34903 1.5 21 14 6 14 39% 210926 233  8%
c - 28.39  0 18 37 14981  2 342419 35984 1.5 21 14 6 14 39% 210926 233  8%
c p 28.40  0 18 37 14981  2 342419 35988 1.5 21 14 6 14 39% 210926 233  8%
c u 28.45  0 18 37 14981  2 342419 35964 1.5 21 14 6 14 39% 210926 233  8%
c v 28.46  0 18 37 14981  2 342419 35962 1.5 21 14 6 14 39% 210926 233  8%
c w 28.47  0 18 37 14981  2 342419 35951 1.5 21 14 6 14 39% 210926 233  8%
c # 29.02  0 18 37 15011  2 351049 42455 1.5 21 13 6 14 39% 210926 233  8%
c - 30.02  0 18 38 16384  2 361789 39142 1.5 21 14 6 14 39% 210926 233  8%
c p 30.03  0 18 38 16384  2 361789 39146 1.5 21 14 6 14 39% 210926 233  8%
c u 30.07  0 18 38 16384  2 361789 39120 1.5 21 14 6 14 39% 210926 233  8%
c v 30.08  0 18 38 16384  2 361789 39116 1.5 21 14 6 14 39% 210926 233  8%
c w 30.09  0 18 38 16384  2 361789 39110 1.5 21 14 6 14 39% 210926 233  8%
c } 30.27  0 18 38 16737  2 363363 40226 1.5 21 14 6 14 39% 210926 233  8%
c 
c  seconds  reductions    conflicts         size   tier2        variables
c         MB      restarts       redundant     glue    trail        remaining
c          level        rate          size/glue  tier1   irredundant
c 
c [ 30.27  0 19 38 16737  1 363363 40226 1.5 24 16 9 17 46% 210926 233  8%
c W 31.46  0 19 38 16738  1 378052 49661 1.5 24 16 9 17 45% 210926 233  8%
c - 31.70  0 19 39 16738  1 381699 38737 1.5 24 16 9 17 45% 210926 233  8%
c p 31.71  0 19 39 16738  1 381699 38741 1.5 24 16 9 17 45% 210926 233  8%
c u 31.75  0 19 39 16738  1 381699 38727 1.5 24 16 9 17 45% 210926 233  8%
c v 31.76  0 19 39 16738  1 381699 38725 1.5 24 16 9 17 45% 210926 233  8%
c w 31.77  0 19 39 16738  1 381699 38723 1.5 24 16 9 17 45% 210926 233  8%
c x 31.78  0 19 39 16738  1 381699 38723 1.5 24 16 9 17 45% 210925 233  8%
c - 33.09  0 19 40 16741  1 402150 37753 1.5 24 16 9 17 44% 210925 233  8%
c p 33.10  0 19 40 16741  1 402150 37757 1.5 24 16 9 17 44% 210925 233  8%
c u 33.36  0 19 40 16741  1 402150 37711 1.5 24 16 9 17 44% 210925 233  8%
c v 33.37  0 19 40 16741  1 402150 37711 1.5 24 16 9 17 44% 210925 233  8%
c w 33.38  0 19 40 16741  1 402150 37703 1.5 24 16 9 17 44% 210925 233  8%
c s 33.61  0 19 40 16743  1 405504 40106 1.5 24 16 9 17 44% 210903 233  8%
c s 33.67  0 19 40 16743  1 405504 40096 1.5 24 16 9 17 44% 210876 233  8%
c I 33.73  0 19 40 16743  1 406053 40410 1.5 24 16 9 17 44% 210876 233  8%
c - 34.70  0 19 41 16752  1 423141 37292 1.5 24 16 9 17 44% 210876 233  8%
c p 34.71  0 19 41 16752  1 423141 37296 1.5 24 16 9 17 44% 210876 233  8%
c u 34.73  0 19 41 16752  1 423141 37279 1.5 24 16 9 17 44% 210876 233  8%
c v 34.74  0 19 41 16752  1 423141 37276 1.5 24 16 9 17 44% 210876 233  8%
c 
c  seconds  reductions    conflicts         size   tier2        variables
c         MB      restarts       redundant     glue    trail        remaining
c          level        rate          size/glue  tier1   irredundant
c 
c w 34.75  0 19 41 16752  1 423141 37272 1.5 24 16 9 17 44% 210876 233  8%
c x 34.76  0 19 41 16752  1 423141 37272 1.5 24 16 9 17 44% 210876 233  8%
c B 35.40  0 20 41 16755  1 435058 45392 1.5 24 16 9 17 44% 210876 233  8%
c - 36.04  0 20 42 16760  1 444672 35242 1.5 24 16 9 17 43% 210876 233  8%
c p 36.05  0 20 42 16760  1 444672 35246 1.5 24 16 9 17 43% 210876 233  8%
c u 36.08  0 20 42 16760  1 444672 35227 1.5 24 16 9 17 43% 210876 233  8%
c v 36.10  0 20 42 16760  1 444672 35224 1.5 24 16 9 17 43% 210876 233  8%
c w 36.10  0 20 42 16760  1 444672 35218 1.5 24 16 9 17 43% 210876 233  8%
c x 36.11  0 20 42 16760  1 444672 35218 1.5 24 16 9 17 43% 210876 233  8%
c ] 36.14  0 20 42 16760  1 445028 35488 1.5 24 16 9 17 43% 210876 233  8%
c { 36.14  0 18 42 16760  2 445028 35488 1.5 21 14 6 14 39% 210876 233  8%
c B 37.74  0 17 42 17821  2 465059 48675 1.5 20 13 6 14 40% 210876 233  8%
c - 37.95  0 17 43 18038  2 466743 39622 1.5 20 13 6 14 40% 210876 233  8%
c p 37.96  0 17 43 18038  2 466743 39626 1.5 20 13 6 14 40% 210876 233  8%
c u 37.99  0 17 43 18038  2 466743 39602 1.5 20 13 6 14 40% 210876 233  8%
c v 38.00  0 17 43 18038  2 466743 39599 1.5 20 13 6 14 40% 210876 233  8%
c w 38.01  0 17 43 18038  2 466743 39593 1.5 20 13 6 14 40% 210876 233  8%
c x 38.02  0 17 43 18038  2 466743 39593 1.5 20 13 6 14 40% 210876 233  8%
c t 38.03  0 17 43 18038  2 466743 39592 1.5 20 13 6 14 40% 210876 233  8%
c - 40.07  0 17 44 19689  2 489358 45244 1.5 20 13 6 14 39% 210876 233  8%
c 
c  seconds  reductions    conflicts         size   tier2        variables
c         MB      restarts       redundant     glue    trail        remaining
c          level        rate          size/glue  tier1   irredundant
c 
c p 40.08  0 17 44 19689  2 489358 45247 1.5 20 13 6 14 39% 210876 233  8%
c u 40.11  0 17 44 19689  2 489358 45206 1.5 20 13 6 14 39% 210876 233  8%
c v 40.13  0 17 44 19689  2 489358 45200 1.5 20 13 6 14 39% 210876 233  8%
c w 40.13  0 17 44 19689  2 489358 45195 1.5 20 13 6 14 39% 210876 233  8%
c x 40.15  0 17 44 19689  2 489358 45195 1.5 20 13 6 14 39% 210876 233  8%
c W 41.51  0 17 44 20641  2 496060 49681 1.5 20 13 6 14 39% 210876 233  8%
c - 42.85  0 17 45 21470  1 512513 47361 1.5 20 13 6 14 39% 210876 233  8%
c p 42.86  0 17 45 21470  1 512513 47364 1.5 20 13 6 14 39% 210876 233  8%
c u 42.90  0 17 45 21470  1 512513 47332 1.5 20 13 6 14 39% 210876 233  8%
c v 42.92  0 17 45 21470  1 512513 47329 1.5 20 13 6 14 39% 210876 233  8%
c w 42.92  0 17 45 21470  1 512513 47326 1.5 20 13 6 14 39% 210876 233  8%
c x 42.94  0 17 45 21470  1 512513 47326 1.5 20 13 6 14 39% 210876 233  8%
c F 44.41  0 17 45 23140  1 528062 58583 1.5 20 13 6 14 39% 210876 233  8%
c } 44.93  0 17 45 23689  2 532078 61560 1.5 20 13 6 14 39% 210876 233  8%
c [ 44.93  0 20 45 23689  1 532078 61560 1.5 24 16 9 17 43% 210876 233  8%
c - 45.21  0 20 46 23692  1 536210 50458 1.5 24 16 9 17 43% 210876 233  8%
c p 45.22  0 20 46 23692  1 536210 50461 1.5 24 16 9 17 43% 210876 233  8%
c u 45.27  0 20 46 23692  1 536210 50378 1.5 24 16 9 17 43% 210876 233  8%
c v 45.28  0 20 46 23692  1 536210 50374 1.5 24 16 9 17 43% 210876 233  8%
c w 45.29  0 20 46 23692  1 536210 50369 1.5 24 16 9 17 43% 210876 233  8%
c 
c  seconds  reductions    conflicts         size   tier2        variables
c         MB      restarts       redundant     glue    trail        remaining
c          level        rate          size/glue  tier1   irredundant
c 
c x 45.30  0 20 46 23692  1 536210 50368 1.5 24 16 9 17 43% 210876 233  8%
c s 45.78  0 20 46 23696  1 543012 55214 1.5 24 16 9 17 43% 210834 233  8%
c s 45.85  0 20 46 23696  1 543012 55179 1.5 24 16 9 17 43% 210805 233  8%
c - 47.06  0 19 47 23698  1 560447 53405 1.5 24 16 9 17 42% 210805 233  8%
c p 47.07  0 19 47 23698  1 560447 53408 1.5 24 16 9 17 42% 210805 233  8%
c u 47.10  0 19 47 23698  1 560447 53224 1.5 24 16 9 17 42% 210805 233  8%
c v 47.11  0 19 47 23698  1 560447 53221 1.5 24 16 9 17 42% 210805 233  8%
c w 47.12  0 19 47 23698  1 560447 53220 1.5 24 16 9 17 42% 210805 233  8%
c x 47.13  0 19 47 23698  1 560447 53219 1.5 24 16 9 17 42% 210804 233  8%
c W 47.51  0 19 47 23698  1 561063 53649 1.5 24 16 9 17 42% 210804 233  8%
c - 48.89  0 19 48 23708  1 585223 52489 1.5 24 16 9 17 42% 210804 233  8%
c p 48.90  0 19 48 23708  1 585223 52492 1.5 24 16 9 17 42% 210804 233  8%
c u 48.94  0 19 48 23708  1 585223 52469 1.5 24 16 9 17 42% 210804 233  8%
c v 48.96  0 19 48 23708  1 585223 52468 1.5 24 16 9 17 42% 210804 233  8%
c w 48.96  0 19 48 23708  1 585223 52466 1.5 24 16 9 17 42% 210804 233  8%
c x 48.98  0 19 48 23708  1 585223 52466 1.5 24 16 9 17 42% 210804 233  8%
c O 49.59  0 19 48 23713  1 595064 59620 1.5 24 16 9 17 42% 210804 233  8%
c - 50.78  0 18 49 23719  1 610541 53029 1.5 23 15 9 17 42% 210804 233  8%
c p 50.79  0 18 49 23719  1 610541 53032 1.5 23 15 9 17 42% 210804 233  8%
c u 51.04  0 18 49 23719  1 610541 52983 1.5 23 15 9 17 42% 210804 233  8%
c 
c  seconds  reductions    conflicts         size   tier2        variables
c         MB      restarts       redundant     glue    trail        remaining
c          level        rate          size/glue  tier1   irredundant
c 
c v 51.05  0 18 49 23719  1 610541 52977 1.5 23 15 9 17 42% 210804 233  8%
c w 51.06  0 18 49 23719  1 610541 52965 1.5 23 15 9 17 42% 210804 233  8%
c x 51.07  0 18 49 23719  1 610541 52965 1.5 23 15 9 17 42% 210804 233  8%
c B 52.24  0 18 49 23728  1 630066 67323 1.6 24 15 9 17 42% 210804 233  8%
c ] 52.31  0 18 49 23728  1 630983 67994 1.6 24 15 9 17 42% 210804 233  8%
c { 52.31  0 17 49 23728  2 630983 67994 1.5 20 13 6 14 39% 210804 233  8%
c - 52.89  0 17 50 24380  2 636404 55406 1.5 21 14 6 14 39% 210804 233  8%
c p 52.90  0 17 50 24380  2 636404 55416 1.5 21 14 6 14 39% 210804 233  8%
c u 52.95  0 17 50 24380  2 636404 55391 1.5 21 14 6 14 39% 210804 233  8%
c v 52.97  0 17 50 24380  2 636404 55384 1.5 21 14 6 14 39% 210804 233  8%
c w 52.97  0 17 50 24380  2 636404 55376 1.5 21 14 6 14 39% 210804 233  8%
c x 52.99  0 17 50 24380  2 636404 55376 1.5 21 14 6 14 39% 210804 233  8%
c - 54.86  0 17 51 25498  1 662807 58379 1.5 20 13 6 14 39% 210804 233  8%
c p 54.87  0 17 51 25498  1 662807 58385 1.5 20 13 6 14 39% 210804 233  8%
c u 54.90  0 17 51 25498  1 662807 58360 1.5 20 13 6 14 39% 210804 233  8%
c v 54.91  0 17 51 25498  1 662807 58346 1.5 20 13 6 14 39% 210804 233  8%
c w 54.92  0 17 51 25498  1 662807 58334 1.5 20 13 6 14 39% 210804 233  8%
c x 54.94  0 17 51 25498  1 662807 58333 1.5 20 13 6 14 39% 210803 233  8%
c B 55.25  0 17 51 25908  1 666068 60456 1.5 20 13 6 14 39% 210803 233  8%
c - 57.07  0 17 52 28009  1 689751 61731 1.5 21 13 6 14 40% 210803 233  8%
c 
c  seconds  reductions    conflicts         size   tier2        variables
c         MB      restarts       redundant     glue    trail        remaining
c          level        rate          size/glue  tier1   irredundant
c 
c p 57.08  0 17 52 28009  1 689751 61736 1.5 21 13 6 14 40% 210803 233  8%
c u 57.12  0 17 52 28009  1 689751 61718 1.5 21 13 6 14 40% 210803 233  8%
c v 57.13  0 17 52 28009  1 689751 61705 1.5 21 13 6 14 40% 210803 233  8%
c w 57.14  0 17 52 28009  1 689751 61696 1.5 21 13 6 14 40% 210803 233  8%
c x 57.16  0 17 52 28009  1 689751 61695 1.5 21 13 6 14 40% 210789 233  8%
c s 58.03  0 17 52 28895  1 700156 68858 1.5 21 14 6 14 40% 210639 233  8%
c s 58.10  0 17 52 28895  1 700156 68833 1.5 21 14 6 14 40% 210582 233  8%
c W 59.13  0 17 52 29001  1 703070 70762 1.5 21 14 6 14 40% 210582 233  8%
c - 60.55  0 17 53 30635  1 717238 61750 1.5 21 14 6 14 40% 210582 233  8%
c p 60.56  0 17 53 30635  1 717238 61754 1.5 21 14 6 14 40% 210582 233  8%
c u 60.61  0 17 53 30635  1 717238 61725 1.5 21 14 6 14 40% 210582 233  8%
c v 60.63  0 17 53 30635  1 717238 61720 1.5 21 14 6 14 40% 210582 233  8%
c w 60.64  0 17 53 30635  1 717238 61713 1.5 21 14 6 14 40% 210582 233  8%
c x 60.66  0 17 53 30635  1 717238 61713 1.5 21 14 6 14 40% 210582 233  8%
c # 62.63  0 17 53 32321  1 741071 77804 1.5 21 14 6 14 40% 210582 233  8%
c - 62.95  0 17 54 32346  1 745261 64180 1.5 21 14 6 14 40% 210582 233  8%
c p 62.96  0 17 54 32346  1 745261 64184 1.5 21 14 6 14 40% 210582 233  8%
c u 63.01  0 17 54 32346  1 745261 64134 1.5 21 14 6 14 40% 210582 233  8%
c v 63.02  0 17 54 32346  1 745261 64126 1.5 21 14 6 14 40% 210582 233  8%
c w 63.03  0 17 54 32346  1 745261 64123 1.5 21 14 6 14 40% 210582 233  8%
c 
c  seconds  reductions    conflicts         size   tier2        variables
c         MB      restarts       redundant     glue    trail        remaining
c          level        rate          size/glue  tier1   irredundant
c 
c x 63.06  0 17 54 32346  1 745261 64122 1.5 21 14 6 14 40% 210577 233  8%
c } 63.13  0 17 54 32357  1 746145 64696 1.5 21 14 6 14 40% 210577 233  8%
c [ 63.13  0 18 54 32357  1 746145 64696 1.6 24 15 9 17 42% 210577 233  8%
c - 64.92  0 18 55 32359  1 773824 63521 1.5 24 15 9 17 41% 210577 233  8%
c p 64.93  0 18 55 32359  1 773824 63525 1.5 24 15 9 17 41% 210577 233  8%
c u 64.98  0 18 55 32359  1 773824 63466 1.5 24 15 9 17 41% 210577 233  8%
c v 64.99  0 18 55 32359  1 773824 63453 1.5 24 15 9 17 41% 210577 233  8%
c w 65.00  0 18 55 32359  1 773824 63450 1.5 24 15 9 17 41% 210577 233  8%
c x 65.03  0 18 55 32359  1 773824 63449 1.5 24 15 9 17 41% 210576 233  8%
c W 65.87  0 18 55 32359  1 780074 67337 1.5 24 15 9 17 41% 210576 233  8%
c - 67.53  0 18 56 32360  1 802927 61377 1.5 23 15 9 17 41% 210576 233  8%
c p 67.54  0 18 56 32360  1 802927 61381 1.5 23 15 9 17 41% 210576 233  8%
c u 67.59  0 18 56 32360  1 802927 61333 1.5 23 15 9 17 41% 210576 233  8%
c v 67.60  0 18 56 32360  1 802927 61326 1.5 23 15 9 17 41% 210576 233  8%
c w 67.61  0 18 56 32360  1 802927 61322 1.5 23 15 9 17 41% 210576 233  8%
c x 67.63  0 18 56 32360  1 802927 61322 1.5 23 15 9 17 41% 210576 233  8%
c I 68.80  0 17 56 32360  1 820079 72103 1.5 23 15 9 17 41% 210576 233  8%
c - 69.72  0 17 57 32360  1 832572 64403 1.6 23 15 9 17 41% 210576 233  8%
c p 69.73  0 17 57 32360  1 832572 64407 1.6 23 15 9 17 41% 210576 233  8%
c u 69.78  0 17 57 32360  1 832572 64361 1.6 23 15 9 17 41% 210576 233  8%
c 
c  seconds  reductions    conflicts         size   tier2        variables
c         MB      restarts       redundant     glue    trail        remaining
c          level        rate          size/glue  tier1   irredundant
c 
c v 69.79  0 17 57 32360  1 832572 64346 1.6 23 15 9 17 41% 210576 233  8%
c w 69.80  0 17 57 32360  1 832572 64338 1.6 23 15 9 17 41% 210576 233  8%
c x 69.82  0 17 57 32360  1 832572 64338 1.6 23 15 9 17 41% 210576 233  8%
c B 71.65  0 17 57 32360  1 861080 82281 1.6 22 14 9 16 41% 210576 233  8%
c - 71.79  0 17 58 32360  1 862760 67885 1.6 22 14 9 16 41% 210576 233  8%
c p 71.80  0 17 58 32360  1 862760 67889 1.6 22 14 9 16 41% 210576 233  8%
c u 71.85  0 17 58 32360  1 862760 67841 1.6 22 14 9 16 41% 210576 233  8%
c v 71.87  0 17 58 32360  1 862760 67833 1.6 22 14 9 16 41% 210576 233  8%
c w 71.88  0 17 58 32360  1 862760 67816 1.6 22 14 9 16 41% 210576 233  8%
c x 71.91  0 17 58 32360  1 862760 67816 1.6 22 14 9 16 41% 210575 233  8%
c ] 72.51  0 17 58 32364  1 872665 74535 1.5 23 15 9 16 41% 210575 233  8%
c { 72.51  0 17 58 32364  1 872665 74535 1.5 21 14 6 14 40% 210575 233  8%
c s 72.92  0 17 58 32791  1 876916 77189 1.5 21 14 6 14 40% 210440 233  8%
c s 73.01  0 17 58 32791  1 876916 77182 1.5 21 14 6 14 40% 210330 233  8%
c - 74.66  0 17 59 34670  1 893490 66483 1.5 21 14 6 14 40% 210330 233  8%
c p 74.67  0 17 59 34670  1 893490 66487 1.5 21 14 6 14 40% 210330 233  8%
c u 75.06  0 17 59 34670  1 893490 66438 1.5 21 14 6 14 40% 210330 233  8%
c v 75.08  0 17 59 34670  1 893490 66430 1.5 21 14 6 14 40% 210330 233  8%
c w 75.08  0 17 59 34670  1 893490 66417 1.5 21 14 6 14 40% 210330 233  8%
c x 75.10  0 17 59 34670  1 893490 66417 1.5 21 14 6 14 40% 210330 233  8%
c 
c  seconds  reductions    conflicts         size   tier2        variables
c         MB      restarts       redundant     glue    trail        remaining
c          level        rate          size/glue  tier1   irredundant
c 
c B 75.63  0 17 59 34721  1 903086 72594 1.5 21 14 6 14 40% 210330 233  8%
c - 77.19  0 17 60 36520  1 924754 67842 1.5 21 14 6 14 40% 210330 233  8%
c p 77.21  0 17 60 36520  1 924754 67846 1.5 21 14 6 14 40% 210330 233  8%
c u 77.25  0 17 60 36520  1 924754 67809 1.5 21 14 6 14 40% 210330 233  8%
c v 77.27  0 17 60 36520  1 924754 67795 1.5 21 14 6 14 40% 210330 233  8%
c w 77.27  0 17 60 36520  1 924754 67771 1.5 21 14 6 14 40% 210330 233  8%
c x 77.29  0 17 60 36520  1 924754 67771 1.5 21 14 6 14 40% 210330 233  8%
c W 79.78  0 17 60 37328  1 946088 81695 1.5 21 14 6 14 40% 210330 233  8%
c - 80.63  0 16 61 37683  1 956557 74011 1.6 21 14 6 14 40% 210330 233  8%
c p 80.64  0 16 61 37683  1 956557 74018 1.6 21 14 6 14 40% 210330 233  8%
c u 80.70  0 16 61 37683  1 956557 73977 1.6 21 14 6 14 40% 210330 233  8%
c v 80.72  0 16 61 37683  1 956557 73970 1.6 21 14 6 14 40% 210330 233  8%
c w 80.73  0 16 61 37683  1 956557 73945 1.6 21 14 6 14 40% 210330 233  8%
c x 80.76  0 16 61 37683  1 956557 73945 1.6 21 14 6 14 40% 210328 233  8%
c - 83.70  0 16 62 39962  1 988902 76211 1.5 21 14 6 14 40% 210328 233  8%
c p 83.71  0 16 62 39962  1 988902 76218 1.5 21 14 6 14 40% 210328 233  8%
c u 83.77  0 16 62 39962  1 988902 76175 1.5 21 14 6 14 40% 210328 233  8%
c v 83.79  0 16 62 39962  1 988902 76170 1.5 21 14 6 14 40% 210328 233  8%
c w 83.81  0 16 62 39962  1 988902 76161 1.5 21 14 6 14 40% 210328 233  8%
c x 83.84  0 16 62 39962  1 988902 76160 1.5 21 14 6 14 40% 210327 233  8%
c 
c  seconds  reductions    conflicts         size   tier2        variables
c         MB      restarts       redundant     glue    trail        remaining
c          level        rate          size/glue  tier1   irredundant
c 
c F 83.98  0 16 62 40007  1 990090 76943 1.5 21 14 6 14 40% 210327 233  8%
c i 85.27  0 16 62 40973  1 1005354 87570 1.6 21 13 6 14 40% 210327 232  8%
c } 85.97  0 16 62 41520  1 1012054 92017 1.6 21 14 6 14 40% 210327 232  8%
c [ 85.97  0 17 62 41520  1 1012054 92017 1.5 23 15 9 16 41% 210327 232  8%
c - 86.80  0 17 63 41525  1 1021790 78175 1.5 22 15 9 16 41% 209859 232  8%
c 2 86.80  0 17 63 41525  1 1021790 78174 1.5 22 15 9 16 41% 209859 232  8%
c p 86.81  0 17 63 41525  1 1021790 78180 1.5 22 15 9 16 41% 209859 232  8%
c u 86.87  0 17 63 41525  1 1021790 78117 1.5 22 15 9 16 41% 209859 232  8%
c v 86.89  0 17 63 41525  1 1021790 78101 1.5 22 15 9 16 41% 209859 232  8%
c w 86.90  0 17 63 41525  1 1021790 78033 1.5 22 15 9 16 41% 209859 232  8%
c x 86.93  0 17 63 41525  1 1021790 78033 1.5 22 15 9 16 41% 209859 232  8%
c W 88.38  0 17 63 41531  1 1035091 86531 1.6 22 14 9 16 41% 209859 232  8%
c - 89.79  0 17 64 41540  1 1055198 78375 1.5 22 15 9 16 41% 209859 232  8%
c p 89.80  0 17 64 41540  1 1055198 78381 1.5 22 15 9 16 41% 209859 232  8%
c u 89.85  0 17 64 41540  1 1055198 78158 1.5 22 15 9 16 41% 209859 232  8%
c v 89.88  0 17 64 41540  1 1055198 78151 1.5 22 15 9 16 41% 209859 232  8%
c w 89.89  0 17 64 41540  1 1055198 78144 1.5 22 15 9 16 41% 209859 232  8%
c x 89.93  0 17 64 41540  1 1055198 78144 1.5 22 15 9 16 41% 209859 232  8%
c s 91.27  0 17 64 41546  1 1073280 89534 1.5 22 14 9 16 40% 209612 232  8%
c e 91.30  0 17 64 41546  1 1073280 89256 1.5 22 14 9 16 40% 209610 230  8%
c 
c  seconds  reductions     conflicts         size   tier2        variables
c         MB      restarts        redundant     glue    trail        remaining
c          level        rate           size/glue  tier1   irredundant
c 
c s 91.37  0 17 64 41546  1 1073280 89235 1.5 22 14 9 16 40% 209372 230  8%
c O 92.05  0 17 64 41547  1 1081093 94460 1.5 22 14 9 16 40% 209372 230  8%
c - 92.70  0 17 65 41547  1 1089145 78763 1.5 22 14 9 16 40% 209372 230  8%
c p 92.71  0 17 65 41547  1 1089145 78769 1.5 22 14 9 16 40% 209372 230  8%
c u 92.76  0 17 65 41547  1 1089145 78651 1.5 22 14 9 16 40% 209372 230  8%
c v 92.78  0 17 65 41547  1 1089145 78644 1.5 22 14 9 16 40% 209372 230  8%
c w 92.79  0 17 65 41547  1 1089145 78641 1.5 22 14 9 16 40% 209372 230  8%
c x 92.81  0 17 65 41547  1 1089145 78640 1.5 22 14 9 16 40% 209372 230  8%
c - 95.24  0 17 66 41562  1 1123607 82078 1.6 22 14 8 16 40% 209372 230  8%
c p 95.25  0 17 66 41562  1 1123607 82084 1.6 22 14 8 16 40% 209372 230  8%
c u 95.30  0 17 66 41562  1 1123607 82052 1.6 22 14 8 16 40% 209372 230  8%
c v 95.32  0 17 66 41562  1 1123607 82050 1.6 22 14 8 16 40% 209372 230  8%
c w 95.33  0 17 66 41562  1 1123607 82050 1.6 22 14 8 16 40% 209372 230  8%
c x 95.35  0 17 66 41562  1 1123607 82049 1.6 22 14 8 16 40% 209372 230  8%
c B 95.67  0 17 66 41565  1 1128094 85178 1.6 22 14 8 16 40% 209372 230  8%
c ] 98.02  0 17 66 41577  1 1156949 104156 1.6 22 14 8 16 40% 209372 230  8%
c { 98.02  0 16 66 41577  1 1156949 104156 1.6 21 14 6 14 40% 209372 230  8%
c - 98.27  0 16 67 41809  1 1158612 83879 1.6 21 14 6 14 40% 209372 230  8%
c p 98.28  0 16 67 41809  1 1158612 83885 1.6 21 14 6 14 40% 209372 230  8%
c u 98.33  0 16 67 41809  1 1158612 83835 1.6 21 14 6 14 40% 209372 230  8%
c 
c  seconds  reductions     conflicts         size   tier2        variables
c         MB      restarts        redundant     glue    trail        remaining
c          level        rate           size/glue  tier1   irredundant
c 
c v 98.35  0 16 67 41809  1 1158612 83831 1.6 21 14 6 14 40% 209372 230  8%
c w 98.36  0 16 67 41809  1 1158612 83831 1.6 21 14 6 14 40% 209372 230  8%
c x 98.39  0 16 67 41809  1 1158612 83830 1.6 21 14 6 14 40% 209372 230  8%
c B 99.86  0 16 67 42498  1 1176097 94815 1.6 21 13 6 14 40% 209372 230  8%
c - 101.59  0 16 68 43058  1 1194156 83259 1.6 21 13 6 13 39% 209372 230  8%
c p 101.60  0 16 68 43058  1 1194156 83273 1.6 21 13 6 13 39% 209372 230  8%
c u 101.66  0 16 68 43058  1 1194156 83233 1.6 21 13 6 13 39% 209372 230  8%
c v 101.68  0 16 68 43058  1 1194156 83212 1.6 21 13 6 13 39% 209372 230  8%
c w 101.69  0 16 68 43058  1 1194156 83184 1.6 21 13 6 13 39% 209372 230  8%
c x 101.72  0 16 68 43058  1 1194156 83183 1.6 21 13 6 13 39% 209372 230  8%
c W 105.10  0 16 68 44906  1 1225098 102201 1.5 20 13 6 13 39% 209372 230  8%
c - 105.81  0 16 69 45415  1 1230242 85272 1.5 20 13 6 13 39% 209372 230  8%
c p 105.82  0 16 69 45415  1 1230242 85284 1.5 20 13 6 13 39% 209372 230  8%
c u 105.89  0 16 69 45415  1 1230242 85258 1.5 20 13 6 13 39% 209372 230  8%
c v 105.92  0 16 69 45415  1 1230242 85248 1.5 20 13 6 13 39% 209372 230  8%
c w 105.93  0 16 69 45415  1 1230242 85247 1.5 20 13 6 13 39% 209372 230  8%
c x 105.96  0 16 69 45415  1 1230242 85247 1.5 20 13 6 13 39% 209372 230  8%
c t 105.97  0 16 69 45415  1 1230242 85246 1.5 20 13 6 13 39% 209372 230  8%
c - 108.76  0 15 70 46524  1 1266870 88852 1.6 20 13 6 13 40% 209372 230  8%
c p 108.77  0 15 70 46524  1 1266870 88865 1.6 20 13 6 13 40% 209372 230  8%
c 
c  seconds   reductions     conflicts         size   tier2        variables
c          MB      restarts        redundant     glue    trail        remaining
c           level        rate           size/glue  tier1   irredundant
c 
c u 109.27  0 15 70 46524  1 1266870 88684 1.6 20 13 6 13 40% 209372 230  8%
c v 109.29  0 15 70 46524  1 1266870 88647 1.6 20 13 6 13 40% 209372 230  8%
c w 109.31  0 15 70 46524  1 1266870 88646 1.6 20 13 6 13 40% 209372 230  8%
c x 109.34  0 15 70 46524  1 1266870 88643 1.6 20 13 6 13 40% 209209 230  8%
c # 109.95  0 15 70 46746  1 1275100 93840 1.6 20 13 6 13 40% 209209 230  8%
c s 111.18  0 15 70 47938  1 1289546 103333 1.6 20 13 6 13 40% 208445 230  8%
c s 111.29  0 15 70 47938  1 1289546 103318 1.6 20 13 6 13 40% 208074 230  8%
c - 112.47  0 15 71 48855  1 1304038 92289 1.6 20 13 6 13 39% 208074 230  8%
c p 112.48  0 15 71 48855  1 1304038 92300 1.6 20 13 6 13 39% 208074 230  8%
c u 112.54  0 15 71 48855  1 1304038 92180 1.6 20 13 6 13 39% 208074 230  8%
c v 112.56  0 15 71 48855  1 1304038 92174 1.6 20 13 6 13 39% 208074 230  8%
c w 112.57  0 15 71 48855  1 1304038 92173 1.6 20 13 6 13 39% 208074 230  8%
c x 112.59  0 15 71 48855  1 1304038 92172 1.6 20 13 6 13 39% 208055 230  8%
c t 112.60  0 15 71 48855  1 1304038 92171 1.6 20 13 6 13 39% 208055 230  8%
c } 113.91  0 15 71 50170  1 1319225 101767 1.6 20 13 6 13 39% 208055 230  8%
c [ 113.91  0 17 71 50170  1 1319225 101767 1.6 22 14 8 16 40% 208055 230  8%
c W 115.07  0 17 71 50171  1 1326102 106094 1.6 22 14 8 16 40% 208055 230  8%
c - 116.14  0 17 72 50172  1 1341670 93064 1.6 22 14 8 16 40% 208055 230  8%
c p 116.16  0 17 72 50172  1 1341670 93075 1.6 22 14 8 16 40% 208055 230  8%
c u 116.22  0 17 72 50172  1 1341670 93025 1.6 22 14 8 16 40% 208055 230  8%
c 
c  seconds   reductions     conflicts         size   tier2        variables
c          MB      restarts        redundant     glue    trail        remaining
c           level        rate           size/glue  tier1   irredundant
c 
c v 116.25  0 17 72 50172  1 1341670 93009 1.6 22 14 8 16 40% 208055 230  8%
c w 116.26  0 17 72 50172  1 1341670 92974 1.6 22 14 8 16 40% 208055 230  8%
c x 116.30  0 17 72 50172  1 1341670 92973 1.6 22 14 8 16 40% 208042 230  8%
c t 116.30  0 17 72 50172  1 1341670 92968 1.6 22 14 8 16 40% 208042 230  8%
c I 119.14  0 16 72 50179  1 1378104 118428 1.6 22 14 8 16 40% 208042 230  8%
c - 119.33  0 16 73 50179  1 1379840 96197 1.6 22 14 8 16 40% 208042 230  8%
c p 119.34  0 16 73 50179  1 1379840 96208 1.6 22 14 8 16 40% 208042 230  8%
c u 119.39  0 16 73 50179  1 1379840 96136 1.6 22 14 8 16 40% 208042 230  8%
c v 119.41  0 16 73 50179  1 1379840 96133 1.6 22 14 8 16 40% 208042 230  8%
c w 119.42  0 16 73 50179  1 1379840 96119 1.6 22 14 8 16 40% 208042 230  8%
c x 119.45  0 16 73 50179  1 1379840 96116 1.6 22 14 8 16 40% 208040 230  8%
c t 119.45  0 16 73 50179  1 1379840 96115 1.6 22 14 8 16 40% 208040 230  8%
c - 122.43  0 16 74 50197  1 1418548 94499 1.6 22 14 8 16 40% 208040 230  8%
c p 122.45  0 16 74 50197  1 1418548 94510 1.6 22 14 8 16 40% 208040 230  8%
c u 122.51  0 16 74 50197  1 1418548 94446 1.6 22 14 8 16 40% 208040 230  8%
c v 122.53  0 16 74 50197  1 1418548 94443 1.6 22 14 8 16 40% 208040 230  8%
c w 122.55  0 16 74 50197  1 1418548 94442 1.6 22 14 8 16 40% 208040 230  8%
c x 122.58  0 16 74 50197  1 1418548 94442 1.6 22 14 8 16 40% 208038 230  8%
c B 123.41  0 17 74 50202  1 1431108 102842 1.6 23 14 8 16 40% 208038 230  8%
c - 125.65  0 16 75 50207  1 1457795 91889 1.6 22 14 8 16 40% 208038 230  8%
c 
c  seconds   reductions     conflicts         size   tier2        variables
c          MB      restarts        redundant     glue    trail        remaining
c           level        rate           size/glue  tier1   irredundant
c 
c p 125.67  0 16 75 50207  1 1457795 91907 1.6 22 14 8 16 40% 208038 230  8%
c u 125.73  0 16 75 50207  1 1457795 91858 1.6 22 14 8 16 40% 208038 230  8%
c v 125.77  0 16 75 50207  1 1457795 91854 1.6 22 14 8 16 40% 208038 230  8%
c w 125.78  0 16 75 50207  1 1457795 91854 1.6 22 14 8 16 40% 208038 230  8%
c x 125.82  0 16 75 50207  1 1457795 91854 1.6 22 14 8 16 40% 208036 230  8%
c t 125.82  0 16 75 50207  1 1457795 91853 1.6 22 14 8 16 40% 208036 230  8%
c ] 127.77  0 16 75 50218  1 1482535 107974 1.6 22 14 8 16 40% 208036 230  8%
c { 127.77  0 15 75 50218  1 1482535 107974 1.6 20 13 6 13 39% 208036 230  8%
c B 127.99  0 15 75 50244  1 1485109 109613 1.6 20 13 6 13 39% 208036 230  8%
c - 129.17  0 15 76 50456  1 1497581 95776 1.6 20 12 6 13 39% 208036 230  8%
c p 129.18  0 15 76 50456  1 1497581 95790 1.6 20 12 6 13 39% 208036 230  8%
c u 129.24  0 15 76 50456  1 1497581 95649 1.6 20 12 6 13 39% 208036 230  8%
c v 129.27  0 15 76 50456  1 1497581 95646 1.6 20 12 6 13 39% 208036 230  8%
c w 129.28  0 15 76 50456  1 1497581 95646 1.6 20 12 6 13 39% 208036 230  8%
c x 129.31  0 15 76 50456  1 1497581 95646 1.6 20 12 6 13 39% 208031 230  8%
c t 129.31  0 15 76 50456  1 1497581 95643 1.6 20 12 6 13 39% 208031 230  8%
c i 130.62  0 14 76 50460  1 1511538 102889 1.6 19 12 6 13 38% 208031 229  8%
c s 132.02  0 14 76 51378  1 1525258 110718 1.6 19 12 6 13 39% 206895 229  8%
c e 132.05  0 14 76 51378  1 1525258 110468 1.6 19 12 6 13 39% 197313 227  8%
c s 132.14  0 14 76 51378  1 1525258 110453 1.6 19 12 6 13 39% 196406 227  8%
c 
c  seconds   reductions     conflicts         size   tier2        variables
c          MB      restarts        redundant     glue    trail        remaining
c           level        rate           size/glue  tier1   irredundant
c 
c - 133.44  0 14 77 51666  1 1537907 84600 1.6 18 12 6 13 38% 196406 227  8%
c 2 133.44  0 14 77 51666  1 1537907 84600 1.6 18 12 6 13 38% 196405 227  8%
c p 133.46  0 14 77 51666  1 1537907 84616 1.6 18 12 6 13 38% 196405 227  8%
c u 133.51  0 14 77 51666  1 1537907 84562 1.6 18 12 6 13 38% 196405 227  8%
c v 133.54  0 14 77 51666  1 1537907 84551 1.6 18 12 6 13 38% 196405 227  8%
c w 133.55  0 14 77 51666  1 1537907 84550 1.6 18 12 6 13 38% 196405 227  8%
c x 133.59  0 14 77 51666  1 1537907 84548 1.6 18 12 6 13 38% 196372 227  8%
c W 135.19  0 14 77 51666  1 1540110 85673 1.6 18 12 6 13 38% 196372 227  8%
c i 137.14  0 13 77 52474  1 1561481 96731 1.6 18 11 6 13 39% 196372 226  8%
c i 137.41  0 13 77 52511  1 1563938 98045 1.6 18 11 6 13 39% 196372 218  8%
c i 137.42  0 13 77 52511  1 1564007 98073 1.6 18 11 6 13 39% 196372 217  8%
c i 137.42  0 13 77 52511  1 1564019 98078 1.6 18 11 6 13 39% 196372 201  7%
c } 137.42  0 13 77 52511  1 1564027 98080 1.6 18 11 6 13 39% 196372 145  5%
c 0 137.42  0 13 77 52511  1 1564027 98080 1.6 18 11 6 13 39% 196372 145  5%
c 
c --- [ closing proof ] ------------------------------------------------------
c 
c LRAT proof file 'data/a4_m10/F.lrat' closed
c LRAT 1855302 added clauses 51.08%
c LRAT 1776691 deleted clauses 48.92%
c LRAT 404184838 bytes (385.46 MB)
c 
c --- [ result ] -------------------------------------------------------------
c 
s UNSATISFIABLE
c 
c --- [ run-time profiling ] -------------------------------------------------
c 
c process time taken by individual solving procedures
c (percentage relative to process time for solving)
c 
c       128.08   93.29% search
c        66.77   48.63% unstable
c        52.74   38.41% stable
c         9.21    6.71% simplify
c         8.56    6.24% walk
c         4.86    3.54% vivify
c         1.84    1.34% sweep
c         1.04    0.75% subsume
c         0.57    0.41% elim
c         0.34    0.25% probe
c         0.17    0.12% ternary
c         0.12    0.09% parse
c         0.07    0.05% congruence
c         0.02    0.01% lucky
c         0.00    0.00% backbone
c   =================================
c       137.30   99.91% solve
c 
c last line shows process time for solving
c (percentage relative to total process time)
c 
c --- [ statistics ] ---------------------------------------------------------
c 
c chronological:            168928        10.80 %  of conflicts
c conflicts:               1564027     11391.71    per second
c backbone:                  96145      3446.06 %  of vars
c decisions:               1894754     13800.59    per second
c eliminated:                 2215        79.39 %  of all variables
c fixed:                       429        15.38 %  of all variables
c learned:                 1536677        98.25 %  per conflict
c learned_lits:           46849781       100.00 %  learned literals
c minimized:                     0         0.00 %  learned literals
c shrunken:               10649117        22.73 %  learned literals
c minishrunken:            3256403         6.95 %  learned literals
c otfs:                       8615         0.55 %  of conflict
c propagations:           22278698         0.16 M  per second
c reduced:                  910735        58.23 %  per conflict
c rephased:                     55     28436.85    interval
c restarts:                  52511        29.78    interval
c stabilizing:                  11        49.62 %  of conflicts
c substituted:                   1         0.04 %  of all variables
c subsumed:                 514644        29.25 %  of all clauses
c strengthened:              72945         4.15 %  of all clauses
c ticks:               12308666742       560.97    propagation
c vivified:                   6456         0.37 %  of all clauses
c walked:                       17     92001.59    interval
c weakened:                   5681         2.60    average size
c congruence:                   11    142184.27    interval
c 
c seconds are measured in process time for solving
c 
c --- [ glue usage ] ---------------------------------------------------------
c 
c focused glue 6 used 180838 clauses 6.809% accumulated 54.18% tier1
c focused glue 7 used 129832 clauses 4.888% accumulated 59.07%
c focused glue 8-11 used 521073 clauses 19.62% accumulated 78.69%
c focused glue 12 used 116952 clauses 4.403% accumulated 83.09%
c focused glue 13 used 101462 clauses 3.820% accumulated 86.91% tier2
c 
c stable glue 8 used 112955 clauses 4.069% accumulated 53.00% tier1
c stable glue 9 used 122584 clauses 4.416% accumulated 57.42%
c stable glue 10-14 used 671673 clauses 24.19% accumulated 81.62%
c stable glue 15 used 108038 clauses 3.892% accumulated 85.51%
c stable glue 16 used 93643 clauses 3.373% accumulated 88.88% tier2
c 
c 
c --- [ resources ] ----------------------------------------------------------
c 
c total process time since initialization:       137.42    seconds
c total real time since initialization:          137.76    seconds
c maximum resident set size of process:          719.75    MB
c 
c --- [ shutting down ] ------------------------------------------------------
c 
c exit 20
