⚠ [7/12] Replayed Biplanar.Basic
warning: Biplanar/Basic.lean:204:12: unused variable `G`

Note: This linter can be disabled with `set_option linter.unusedVariables false`
ℹ [12/12] Built Biplanar.Instances.A4M10 (72s)
info: Biplanar/Instances/A4M10.lean:33:0: 'Biplanar.A4M10.not_biplanar' depends on axioms: [propext,
 Classical.choice,
 Quot.sound,
 F_unsat._native.native_decide.ax_1_1,
 not_biplanar._native.native_decide.ax_1_1,
 not_biplanar._native.native_decide.ax_1_2,
 not_biplanar._native.native_decide.ax_1_3]
Build completed successfully (12 jobs).
       72.18 real        61.21 user         4.04 sys
          4428267520  maximum resident set size
                   0  average shared memory size
                   0  average unshared data size
                   0  average unshared stack size
             1029585  page reclaims
               58916  page faults
                   0  swaps
                   0  block input operations
                   0  block output operations
                   0  messages sent
                   0  messages received
                   0  signals received
               10774  voluntary context switches
               95290  involuntary context switches
           997826248  instructions retired
           535495199  cycles elapsed
           417188736  peak memory footprint
