# lean_static_resolve 2026-09-25 21:29:01
# dump=/Users/ivanspogreev/earth-moon/population/f034-a4-cert/split-m07/dump.jsonl raw=2525806 dedup=2525806 footer={'type': 'footer', 'verdict': 'UNSAT', 'counts': {'preseed': 9556, 'prop': 2516250, 'model': 0}, 'stats': {'checks': 27068821, 'confl': 1258125, 'model_rej': 0}, 'time': '2026-09-25T21:06:59-0700'}
# counters=False
# cube=[-53, 151, -73, 86]
$ /opt/homebrew/bin/cadical --lrat --no-binary --no-factor /Users/ivanspogreev/earth-moon/population/f034-a4-cert/split-m07/c11/round-0/F.cnf /Users/ivanspogreev/earth-moon/population/f034-a4-cert/split-m07/c11/round-0/F.lrat
c --- [ banner ] -------------------------------------------------------------
c 
c CaDiCaL SAT Solver
c Copyright (c) 2016-2026
c A. Biere, M. Fleury, N. Froleyks, K. Fazekas, F. Pollitt, T. Faller
c JKU Linz, University of Freiburg, TU Wien
c 
c Version 3.0.1
c Apple clang version 16.0.0 (clang-1600.0.26.6) -Wall -Wextra -O3 -DNDEBUG -std=c++11 -DNCLOSEFROM
c Sun Jul 19 15:40:55 UTC 2026 Darwin Sonoma-arm64.local 23.6.0 arm64
c 
c --- [ proof tracing ] ------------------------------------------------------
c 
c opening file to write '/Users/ivanspogreev/earth-moon/population/f034-a4-cert/split-m07/c11/round-0/F.lrat'
c writing non-binary proof trace to '/Users/ivanspogreev/earth-moon/population/f034-a4-cert/split-m07/c11/round-0/F.lrat'
c 
c --- [ parsing input ] ------------------------------------------------------
c 
c reading DIMACS file from '/Users/ivanspogreev/earth-moon/population/f034-a4-cert/split-m07/c11/round-0/F.cnf'
c opening file to read '/Users/ivanspogreev/earth-moon/population/f034-a4-cert/split-m07/c11/round-0/F.cnf'
c found 'p cnf 3276 2535151' header
c parsed 2535151 clauses in 1.47 seconds process time
c 
c --- [ options ] ------------------------------------------------------------
c 
c   --binary=false                 (different from default 'true')
c   --lrat=true                    (different from default 'false')
c 
c --- [ solving ] ------------------------------------------------------------
c 
c time measured in process time since initialization
c 
c  seconds  reduction conflicts       size tier2        variables
c         MB    restarts   redundant    glue  trail          remaining
c          level     rate       size/glu tier1   irredundant
c 
c *  1.47  0  0 0   0  0    0    0 0.0 0 0 2 6  0% 1276250 3233 99%
c )  1.50  0  0 0   0  0    0    0 0.0 0 0 2 6  0% 1276250 3233 99%
c {  1.50  0  0 0   0  0    0    0 0.0 0 0 2 6  0% 1276250 3233 99%
c i  1.54  0 1772 0   0 196   10    8 1.9 7 4 2 6 58% 1276250 3232 99%
c i  1.66  0 783 0   5 39   72   48 1.5 13 9 2 6 33% 1276236 3231 99%
c i  1.66  0 760 0   5 38   74   48 1.5 12 8 2 6 32% 1276236 3228 99%
c i  1.70  0 501 0   9 26  113   70 1.4 14 10 2 6 25% 1276229 3227 99%
c i  1.70  0 487 0  10 26  116   70 1.4 13 10 2 6 24% 1276229 3224 98%
c i  1.70  0 483 0  10 25  117   70 1.4 13 10 2 6 24% 1276229 3223 98%
c -  1.80  0 188 1  23 11  301  136 1.5 14 9 2 6 13% 1276211 3223 98%
c }  1.81  0 61 1  40  4 1002  597 1.7 14 8 2 6  8% 1276211 3223 98%
c [  1.81  0  0 1  40  0 1002  597 0.0 0 0 2 6  0% 1276211 3223 98%
c O  1.81  0  3 1  40  4 1003  598 2.0 4 2 2 6 16% 1276211 3223 98%
c -  2.01  0  9 2  40  1 1213  448 1.5 11 8 2 6 14% 1276196 3223 98%
c i  2.02  0  8 2  41  1 2534  779 1.3 9 7 2 6  8% 1276196 3211 98%
c i  2.03  0  9 2  41  1 2592  801 1.3 9 7 2 6  8% 1276166 3210 98%
c i  2.03  0  9 2  41  1 2595  802 1.3 9 7 2 6  8% 1276165 3209 98%
c ]  2.19  0 13 2  41  1 2766  939 1.4 11 8 2 6 11% 1276157 3209 98%
c {  2.19  0 61 2  41  4 2766  939 1.7 14 8 2 6  8% 1276157 3209 98%
c i  2.21  0 61 2  44  4 2775  943 1.7 14 8 2 6  8% 1276153 3208 98%
c 
c  seconds  reduction conflicts       size  tier2        variables
c         MB    restarts   redundant     glue  trail          remaining
c          level     rate       size/glue tier1   irredundant
c 
c i  2.23  0 61 2  53  4 2818  956 1.7 14 8 2 6  9% 1276130 3206 98%
c i  2.23  0 61 2  53  4 2819  956 1.7 14 8 2 6  9% 1276130 3204 98%
c i  2.23  0 60 2  57  4 2833  960 1.7 14 8 2 6  9% 1276124 3201 98%
c i  2.23  0 60 2  57  4 2834  960 1.7 14 8 2 6  9% 1276124 3200 98%
c O  2.23  0 56 2  62  4 3007 1091 1.7 14 8 2 6 10% 1276096 3200 98%
c -  2.43  0 55 3  69  4 3045  179 1.7 14 8 2 6 10% 1275386 3200 98%
c i  2.44  0 55 3  71  4 3058  189 1.7 14 8 2 6 10% 1275384 3198 98%
c i  2.45  0 55 3  72  4 3065  190 1.7 14 8 2 6 10% 1275379 3195 98%
c i  2.45  0 55 3  73  4 3069  193 1.7 14 8 2 6 10% 1275379 3194 97%
c i  2.45  0 54 3  75  4 3079  196 1.7 14 8 2 6 10% 1275378 3193 97%
c i  2.45  0 54 3  75  4 3080  196 1.7 14 8 2 6 10% 1275378 3189 97%
c i  2.45  0 54 3  81  4 3109  208 1.7 14 8 2 6 10% 1275363 3180 97%
c i  2.45  0 54 3  81  4 3117  209 1.7 14 8 2 6 10% 1275359 3149 96%
c i  2.45  0 53 3  81  4 3127  214 1.7 14 8 2 6 10% 1275355 3142 96%
c i  2.50  0 53 3 102  5 3284  267 1.6 14 9 2 6 10% 1275264 3141 96%
c i  2.50  0 53 3 102  5 3285  267 1.6 14 8 2 6 10% 1275264 3137 96%
c i  2.55  0 52 3 131  5 3395  334 1.6 14 9 2 6 11% 1275229 3136 96%
c i  2.58  0 51 3 145  5 3467  381 1.6 15 9 2 6 11% 1275223 3091 94%
c i  2.61  0 50 3 158  5 3519  411 1.6 15 10 2 6 11% 1275211 3090 94%
c i  2.61  0 50 3 158  5 3522  413 1.6 15 10 2 6 11% 1275211 3089 94%
c 
c  seconds  reduction conflicts       size   tier2        variables
c         MB    restarts   redundant     glue   trail          remaining
c          level     rate       size/glue  tier1   irredundant
c 
c i  2.61  0 50 3 162  5 3534  419 1.6 15 10 2 6 11% 1275206 3088 94%
c i  2.61  0 50 3 162  5 3535  419 1.6 15 10 2 6 11% 1275206 3087 94%
c i  2.61  0 50 3 162  5 3536  419 1.6 15 10 2 6 11% 1275206 3083 94%
c i  2.61  0 50 3 163  5 3540  420 1.6 15 10 2 6 11% 1275205 3081 94%
c i  2.61  0 50 3 164  5 3544  421 1.6 15 10 2 6 11% 1275204 3039 93%
c i  2.61  0 50 3 165  5 3547  422 1.6 15 10 2 6 11% 1275203 3038 93%
c i  2.63  0 50 3 176  5 3600  449 1.5 15 10 2 6 11% 1275185 3036 93%
c i  2.63  0 50 3 176  5 3601  449 1.5 15 10 2 6 11% 1275185 3035 93%
c i  2.63  0 50 3 176  5 3602  449 1.5 15 10 2 6 11% 1275185 3032 93%
c i  2.65  0 49 3 189  5 3690  482 1.5 15 10 2 6 11% 1275136 3026 92%
c 2  2.68  0 50 3 200  6 3729  514 1.5 15 10 2 6 12% 1275134 3018 92%
c d  2.73  0 50 3 200  6 3729  465 1.5 15 10 2 6 12% 1274918 3017 92%
c d  2.78  0 50 3 200  6 3729  465 1.5 15 10 2 6 12% 1274916 3016 92%
c p  2.79  0 50 3 200  6 3729  469 1.5 15 10 2 6 12% 1274916 3016 92%
c t  2.84  0 50 3 200  6 3729  465 1.5 15 10 2 6 12% 1274957 3007 92%
c i  2.88  0 50 3 210  6 3781  498 1.5 15 10 2 6 12% 1274954 2969 91%
c }  3.27  0 43 3 387  6 4502 1035 1.4 17 12 2 6 13% 1274921 2969 91%
c [  3.27  0 13 3 387  1 4502 1035 1.4 11 8 2 6 11% 1274921 2969 91%
c i  3.27  0 14 3 387  1 4621 1109 1.4 11 8 2 6 12% 1274896 2966 91%
c i  3.42  0 18 3 388  1 5669 1884 1.6 16 10 8 12 15% 1274801 2965 91%
c 
c  seconds  reduction conflicts       size   tier2         variables
c         MB    restarts   redundant     glue    trail          remaining
c          level     rate       size/glue  tier1    irredundant
c 
c i  3.42  0 18 3 388  1 5695 1892 1.6 16 10 8 12 15% 1274791 2963 90%
c -  3.59  0 18 4 388  1 5950  719 1.6 16 10 8 12 15% 1274718 2963 90%
c i  3.62  0 19 4 388  1 5994  736 1.6 16 10 8 12 15% 1274695 2962 90%
c I  3.64  0 19 4 388  1 6008  750 1.6 16 10 8 12 16% 1274695 2962 90%
c i  3.69  0 19 4 388  1 6187  873 1.6 17 11 8 13 15% 1274692 2961 90%
c i  3.69  0 19 4 388  1 6188  873 1.6 17 11 8 13 15% 1274692 2960 90%
c i  3.69  0 19 4 388  1 6191  874 1.6 17 11 8 13 15% 1274692 2958 90%
c i  3.69  0 19 4 388  1 6192  874 1.6 17 11 8 13 15% 1274692 2916 89%
c 2  3.71  0 19 4 388  1 6229  899 1.6 17 11 8 13 15% 1274692 2913 89%
c ]  4.49  0 19 4 389  1 7699 1912 1.5 18 12 9 14  7% 1274629 2913 89%
c {  4.49  0 43 4 389  6 7699 1912 1.4 17 12 2 6 14% 1274629 2913 89%
c -  5.22  0 32 5 661  4 10009 3124 1.5 19 13 9 17 11% 1274615 2913 89%
c 2  5.22  0 32 5 661  4 10009 3124 1.5 19 13 9 17 11% 1274615 2907 89%
c t  5.28  0 32 5 661  4 10009 3123 1.5 19 13 9 17 11% 1274620 2907 89%
c #  5.29  0 32 5 661  4 10010 3124 1.5 19 13 9 17 11% 1274620 2907 89%
c i  6.25  0 26 5 1053  3 13935 5958 1.5 20 13 9 15  9% 1274589 2906 89%
c }  6.30  0 26 5 1061  3 14258 6164 1.5 20 13 9 15  9% 1274542 2906 89%
c [  6.30  0 19 5 1061  1 14258 6164 1.5 18 12 9 14  7% 1274542 2906 89%
c i  6.35  0 20 5 1061  1 14510 6338 1.5 19 12 9 14  8% 1274534 2905 89%
c B  6.44  0 21 5 1062  1 15011 6698 1.5 19 13 9 14  9% 1274528 2905 89%
c 
c  seconds  reductions  conflicts       size   tier2         variables
c         MB    restarts     redundant     glue    trail          remaining
c          level      rate        size/glue  tier1    irredundant
c 
c -  6.74  0 21 6 1062  1 15277 5543 1.5 19 13 9 14  8% 1274514 2905 89%
c 2  6.74  0 21 6 1062  1 15277 5543 1.5 19 13 9 14  8% 1274514 2860 87%
c s  7.78  0 21 6 1063  1 17251 6948 1.4 19 13 9 14  7% 1274420 2860 87%
c t  7.81  0 21 6 1063  1 17251 6945 1.4 19 13 9 14  7% 1274390 2860 87%
c e  8.00  0 21 6 1063  1 17251 6260 1.4 19 13 9 14  7% 1270452 648 20%
c s  8.04  0 21 6 1063  1 17251 6260 1.4 19 13 9 14  7% 1270401 648 20%
c ]  8.91  0 20 6 1064  1 19425 7800 1.5 20 14 9 14 14% 1270401 648 20%
c {  8.91  0 26 6 1064  3 19425 7800 1.5 20 13 9 15 42% 1270401 648 20%
c B  9.72  0 25 6 1221  3 21013 8905 1.5 20 14 9 15 38% 1270401 648 20%
c - 10.04  0 24 7 1236  3 21782 7427 1.5 20 13 10 15 36% 1270401 648 20%
c 2 10.05  0 24 7 1236  3 21782 7426 1.5 20 13 10 15 36% 1270401 648 20%
c W 12.40  0 22 7 1739  2 28017 11820 1.5 21 13 10 15 28% 1270401 648 20%
c } 12.52  0 22 7 1789  2 28401 12076 1.5 21 14 10 15 28% 1270401 648 20%
c [ 12.52  0 20 7 1789  1 28401 12076 1.5 20 14 9 14 14% 1270401 648 20%
c - 12.85  0 20 8 1789  1 29543 10125 1.5 20 14 9 14 14% 1270401 648 20%
c u 13.10  0 20 8 1789  1 29543 10066 1.5 20 14 9 14 14% 1270422 648 20%
c v 13.19  0 20 8 1789  1 29543 10063 1.5 20 14 9 14 14% 1270422 648 20%
c w 13.24  0 20 8 1789  1 29543 10061 1.5 20 14 9 14 14% 1270422 648 20%
c x 13.35  0 20 8 1789  1 29543 10057 1.5 20 14 9 14 14% 1269974 648 20%
c W 14.68  0 19 8 1793  1 36018 14042 1.4 20 14 9 14 14% 1269974 648 20%
c 
c  seconds  reductions  conflicts        size    tier2         variables
c         MB    restarts      redundant     glue     trail         remaining
c          level      rate         size/glue  tier1     irredundant
c 
c - 15.16  0 20 9 1795  1 38583 12009 1.4 21 15 11 17 15% 1269974 648 20%
c ] 16.20  0 20 9 1796  1 41922 14032 1.4 21 15 11 17 15% 1269974 648 20%
c { 16.20  0 22 9 1796  2 41922 14032 1.5 21 14 10 15 28% 1269974 648 20%
c F 16.95  0 21 9 1985  2 45021 16183 1.5 21 14 10 15 26% 1269974 648 20%
c - 17.62  0 20 10 1992  2 48912 14954 1.5 20 13 10 15 23% 1269974 648 20%
c B 19.06  0 19 10 2217  2 55023 18682 1.5 20 13 10 15 21% 1269974 648 20%
c } 20.68  0 19 10 2745  2 59317 21517 1.5 20 13 10 15 20% 1269974 648 20%
c [ 20.68  0 20 10 2745  1 59317 21517 1.4 21 15 11 17 15% 1269974 648 20%
c - 21.15  0 20 11 2745  1 60544 18437 1.4 21 15 11 17 15% 1269974 648 20%
c p 21.19  0 20 11 2745  1 60544 18441 1.4 21 15 11 17 15% 1269974 648 20%
c u 21.38  0 20 11 2745  1 60544 18386 1.4 21 15 11 17 15% 1269974 648 20%
c v 21.45  0 20 11 2745  1 60544 18383 1.4 21 15 11 17 15% 1269974 648 20%
c w 21.49  0 20 11 2745  1 60544 18380 1.4 21 15 11 17 15% 1269974 648 20%
c x 21.61  0 20 11 2745  1 60544 18380 1.4 21 15 11 17 15% 1269968 648 20%
c t 21.62  0 20 11 2745  1 60544 18379 1.4 21 15 11 17 15% 1269968 648 20%
c s 21.82  0 20 11 2746  1 61001 18685 1.4 21 15 11 17 15% 1269931 648 20%
c t 21.86  0 20 11 2746  1 61001 18685 1.4 21 15 11 17 15% 1269930 648 20%
c e 22.09  0 20 11 2746  1 61001 18662 1.4 21 15 11 17 15% 1269930 647 20%
c s 22.14  0 20 11 2746  1 61001 18658 1.4 21 15 11 17 15% 1269775 647 20%
c O 23.35  0 19 11 2746  1 66024 21741 1.4 21 15 11 17 15% 1269775 647 20%
c 
c  seconds  reductions   conflicts        size    tier2         variables
c         MB     restarts      redundant     glue     trail         remaining
c          level       rate         size/glue  tier1     irredundant
c 
c - 24.65  0 18 12 2749  1 73484 21446 1.4 20 14 11 17 14% 1269775 647 20%
c p 24.67  0 18 12 2749  1 73484 21448 1.4 20 14 11 17 14% 1269775 647 20%
c B 25.58  0 18 12 2753  1 78025 24216 1.4 20 14 11 17 14% 1269775 647 20%
c ] 25.69  0 18 12 2753  1 78586 24598 1.4 21 14 11 17 14% 1269775 647 20%
c { 25.69  0 19 12 2753  2 78586 24598 1.5 20 13 10 15 20% 1269775 647 20%
c - 26.95  0 17 13 2869  2 87740 25830 1.5 19 13 10 15 18% 1269775 647 20%
c p 26.97  0 17 13 2869  2 87740 25831 1.5 19 13 10 15 18% 1269775 647 20%
c W 28.85  0 17 13 2933  2 91026 27686 1.5 19 13 10 15 17% 1269775 647 20%
c - 33.94  0 17 14 4159  2 103318 30516 1.5 19 13 10 15 16% 1269775 647 20%
c p 33.98  0 17 14 4159  2 103318 30519 1.5 19 13 10 15 16% 1269775 647 20%
c u 34.24  0 17 14 4159  2 103318 30453 1.5 19 13 10 15 16% 1269775 647 20%
c v 34.37  0 17 14 4159  2 103318 30451 1.5 19 13 10 15 16% 1269775 647 20%
c w 34.43  0 17 14 4159  2 103318 30445 1.5 19 13 10 15 16% 1269775 647 20%
c x 34.57  0 17 14 4159  2 103318 30445 1.5 19 13 10 15 16% 1269764 647 20%
c } 34.76  0 17 14 4222  2 103723 30707 1.5 19 13 10 15 16% 1269764 647 20%
c [ 34.76  0 18 14 4222  1 103723 30707 1.4 21 14 11 17 14% 1269764 647 20%
c W 35.48  0 18 14 4222  1 105027 31580 1.4 21 15 11 17 14% 1269764 647 20%
c I 37.96  0 20 14 4230  1 120028 42341 1.4 22 16 11 17 14% 1269764 647 20%
c - 38.16  0 20 15 4230  1 120222 32212 1.4 22 16 11 17 14% 1269764 647 20%
c p 38.21  0 20 15 4230  1 120222 32215 1.4 22 16 11 17 14% 1269764 647 20%
c 
c  seconds  reductions   conflicts         size    tier2         variables
c         MB     restarts       redundant     glue     trail         remaining
c          level       rate          size/glue  tier1     irredundant
c 
c s 39.47  0 20 15 4230  1 126633 36574 1.4 22 16 11 17 15% 1269663 647 20%
c s 39.79  0 20 15 4230  1 126633 36569 1.4 22 16 11 17 15% 1269559 647 20%
c ] 41.14  0 20 15 4231  1 132886 40699 1.4 22 16 11 17 14% 1269559 647 20%
c { 41.14  0 17 15 4231  2 132886 40699 1.5 19 13 10 15 16% 1269559 647 20%
c # 42.37  0 17 15 4487  2 136030 42838 1.5 19 13 10 15 16% 1269559 647 20%
c - 43.76  0 17 16 5013  2 138457 33232 1.5 20 13 10 14 16% 1269559 647 20%
c p 43.79  0 17 16 5013  2 138457 33235 1.5 20 13 10 14 16% 1269559 647 20%
c u 44.02  0 17 16 5013  2 138457 33206 1.5 20 13 10 14 16% 1269559 647 20%
c v 44.11  0 17 16 5013  2 138457 33196 1.5 20 13 10 14 16% 1269559 647 20%
c w 44.15  0 17 16 5013  2 138457 33194 1.5 20 13 10 14 16% 1269559 647 20%
c x 44.30  0 17 16 5013  2 138457 33194 1.5 20 13 10 14 16% 1269552 647 20%
c B 48.03  0 17 16 5924  1 153032 43119 1.5 20 13 10 14 16% 1269552 647 20%
c - 49.38  0 17 17 6475  1 158027 39142 1.5 20 13 10 14 15% 1269552 647 20%
c p 49.42  0 17 17 6475  1 158027 39143 1.5 20 13 10 14 15% 1269552 647 20%
c } 51.07  0 17 17 6728  1 162602 42483 1.5 20 13 10 14 15% 1269552 647 20%
c [ 51.07  0 20 17 6728  1 162602 42483 1.4 22 16 11 17 14% 1269552 647 20%
c B 52.70  0 20 17 6728  1 171035 47939 1.4 22 16 11 17 14% 1269552 647 20%
c - 54.30  0 20 18 6732  1 178934 43226 1.4 22 16 11 17 14% 1269552 647 20%
c p 54.34  0 20 18 6732  1 178934 43228 1.4 22 16 11 17 14% 1269552 647 20%
c u 55.40  0 20 18 6732  1 178934 43177 1.4 22 16 11 17 14% 1269552 647 20%
c 
c  seconds  reductions   conflicts         size    tier2         variables
c         MB     restarts       redundant     glue     trail         remaining
c          level       rate          size/glue  tier1     irredundant
c 
c v 55.50  0 20 18 6732  1 178934 43162 1.4 22 16 11 17 14% 1269552 647 20%
c w 55.55  0 20 18 6732  1 178934 43160 1.4 22 16 11 17 14% 1269552 647 20%
c x 55.71  0 20 18 6732  1 178934 43160 1.4 22 16 11 17 14% 1269546 647 20%
c W 59.64  0 20 18 6738  1 190037 50486 1.4 22 16 11 17 14% 1269546 647 20%
c ] 61.07  0 20 18 6742  1 197139 55436 1.4 22 16 11 17 14% 1269546 647 20%
c { 61.07  0 17 18 6742  1 197139 55436 1.5 20 13 10 14 15% 1269546 647 20%
c - 62.25  0 17 19 7023  1 201181 46041 1.5 20 13 10 14 15% 1269546 647 20%
c p 62.29  0 17 19 7023  1 201181 46042 1.5 20 13 10 14 15% 1269546 647 20%
c W 65.90  0 17 19 7860  1 210039 51759 1.5 20 13 10 14 15% 1269546 647 20%
c s 66.75  0 17 19 7908  1 214141 54334 1.5 20 13 10 14 15% 1269420 647 20%
c s 67.11  0 17 19 7908  1 214141 54323 1.5 20 13 10 14 15% 1269375 647 20%
c - 69.28  0 17 20 8324  1 224769 52222 1.5 20 13 10 14 15% 1269375 647 20%
c p 69.31  0 17 20 8324  1 224769 52224 1.5 20 13 10 14 15% 1269375 647 20%
c u 69.63  0 17 20 8324  1 224769 52184 1.5 20 13 10 14 15% 1269375 647 20%
c v 69.79  0 17 20 8324  1 224769 52177 1.5 20 13 10 14 15% 1269375 647 20%
c w 69.86  0 17 20 8324  1 224769 52175 1.5 20 13 10 14 15% 1269375 647 20%
c x 70.05  0 17 20 8324  1 224769 52175 1.5 20 13 10 14 15% 1269366 647 20%
c F 72.15  0 17 20 8670  1 231041 56574 1.5 20 13 10 14 15% 1269366 647 20%
c } 74.82  0 17 20 9270  1 239872 62899 1.5 20 13 10 14 15% 1269366 647 20%
c [ 74.82  0 20 20 9270  1 239872 62899 1.4 22 16 11 17 14% 1269366 647 20%
c 
c  seconds  reductions   conflicts         size    tier2         variables
c         MB     restarts       redundant     glue     trail         remaining
c          level       rate          size/glue  tier1     irredundant
c 
c - 76.82  0 20 21 9271  1 249701 59610 1.4 22 16 11 17 14% 1269366 647 20%
c p 76.87  0 20 21 9271  1 249701 59614 1.4 22 16 11 17 14% 1269366 647 20%
c u 77.06  0 20 21 9271  1 249701 59584 1.4 22 16 11 17 14% 1269366 647 20%
c v 77.14  0 20 21 9271  1 249701 59578 1.4 22 16 11 17 14% 1269366 647 20%
c w 77.17  0 20 21 9271  1 249701 59578 1.4 22 16 11 17 14% 1269366 647 20%
c x 77.27  0 20 21 9271  1 249701 59578 1.4 22 16 11 17 14% 1269362 647 20%
c O 78.02  0 20 21 9274  1 253042 61668 1.4 22 16 11 17 14% 1269362 647 20%
c - 81.42  0 18 22 9286  1 275980 65329 1.4 21 15 11 17 14% 1269362 647 20%
c B 81.50  0 18 22 9286  1 276046 65367 1.4 21 15 11 17 14% 1269362 647 20%
c ] 83.97  0 18 22 9287  1 296298 77768 1.4 21 15 11 17 14% 1269362 647 20%
c { 83.97  0 17 22 9287  1 296298 77768 1.5 20 13 10 14 15% 1269362 647 20%
c B 84.72  0 17 22 9710  1 300050 80023 1.5 20 13 10 14 15% 1269362 647 20%
c - 85.52  0 17 23 10322  1 303612 70548 1.5 20 13 10 14 15% 1269362 647 20%
c p 85.57  0 17 23 10322  1 303612 70551 1.5 20 13 10 14 15% 1269362 647 20%
c u 85.89  0 17 23 10322  1 303612 70520 1.5 20 13 10 14 15% 1269362 647 20%
c v 86.01  0 17 23 10322  1 303612 70513 1.5 20 13 10 14 15% 1269362 647 20%
c w 86.06  0 17 23 10322  1 303612 70512 1.5 20 13 10 14 15% 1269362 647 20%
c x 86.21  0 17 23 10322  1 303612 70512 1.5 20 13 10 14 15% 1269355 647 20%
c s 92.17  0 17 23 11658  1 323523 83415 1.5 20 13 10 14 14% 1269216 647 20%
c s 92.50  0 17 23 11658  1 323523 83404 1.5 20 13 10 14 14% 1269069 647 20%
c 
c  seconds  reductions    conflicts         size    tier2         variables
c         MB      restarts       redundant     glue     trail         remaining
c          level        rate          size/glue  tier1     irredundant
c 
c W 94.86  0 17 23 11741  1 325051 84413 1.5 20 13 10 14 14% 1269069 647 20%
c - 97.64  0 17 24 12412  1 332589 77012 1.5 20 14 10 14 14% 1269069 647 20%
c p 97.71  0 17 24 12412  1 332589 77014 1.5 20 14 10 14 14% 1269069 647 20%
c u 99.17  0 17 24 12412  1 332589 76974 1.5 20 14 10 14 14% 1269069 647 20%
c v 99.25  0 17 24 12412  1 332589 76972 1.5 20 14 10 14 14% 1269069 647 20%
c w 99.29  0 17 24 12412  1 332589 76972 1.5 20 14 10 14 14% 1269069 647 20%
c x 99.43  0 17 24 12412  1 332589 76972 1.5 20 14 10 14 14% 1269063 647 20%
c # 103.04  0 16 24 13133  1 351052 87282 1.5 20 13 9 14 14% 1269063 647 20%
c } 103.08  0 16 24 13141  1 351185 87368 1.5 20 13 9 14 14% 1269063 647 20%
c [ 103.08  0 18 24 13141  1 351185 87368 1.4 21 15 11 17 14% 1269063 647 20%
c - 105.21  0 18 25 13142  1 362916 72929 1.4 21 15 11 17 14% 1269063 647 20%
c p 105.26  0 18 25 13142  1 362916 72931 1.4 21 15 11 17 14% 1269063 647 20%
c u 105.43  0 18 25 13142  1 362916 72916 1.4 21 15 11 17 14% 1269063 647 20%
c v 105.49  0 18 25 13142  1 362916 72909 1.4 21 15 11 17 14% 1269063 647 20%
c w 105.52  0 18 25 13142  1 362916 72909 1.4 21 15 11 17 14% 1269063 647 20%
c x 105.62  0 18 25 13142  1 362916 72909 1.4 21 15 11 17 14% 1269061 647 20%
c W 109.16  0 17 25 13142  1 378054 82189 1.5 21 14 11 17 14% 1269061 647 20%
c - 112.34  0 18 26 13147  1 394595 75599 1.5 21 15 11 17 14% 1269061 647 20%
c p 112.40  0 18 26 13147  1 394595 75601 1.5 21 15 11 17 14% 1269061 647 20%
c u 112.58  0 18 26 13147  1 394595 75574 1.5 21 15 11 17 14% 1269061 647 20%
c 
c  seconds   reductions    conflicts         size    tier2         variables
c          MB      restarts       redundant     glue     trail         remaining
c           level        rate          size/glue  tier1     irredundant
c 
c v 112.66  0 18 26 13147  1 394595 75570 1.5 21 15 11 17 14% 1269061 647 20%
c w 112.69  0 18 26 13147  1 394595 75569 1.5 21 15 11 17 14% 1269061 647 20%
c x 112.80  0 18 26 13147  1 394595 75569 1.5 21 15 11 17 14% 1269059 647 20%
c I 114.86  0 18 26 13153  1 406055 83349 1.5 22 15 10 16 14% 1269059 647 20%
c ] 116.41  0 18 26 13156  1 413301 87947 1.5 22 15 10 16 14% 1269059 647 20%
c { 116.41  0 16 26 13156  1 413301 87947 1.5 20 13 9 14 14% 1269059 647 20%
c - 120.07  0 16 27 13686  1 427628 79195 1.5 20 13 9 14 14% 1269059 647 20%
c p 120.12  0 16 27 13686  1 427628 79197 1.5 20 13 9 14 14% 1269059 647 20%
c u 120.33  0 16 27 13686  1 427628 79176 1.5 20 13 9 14 14% 1269059 647 20%
c v 120.40  0 16 27 13686  1 427628 79172 1.5 20 13 9 14 14% 1269059 647 20%
c w 120.44  0 16 27 13686  1 427628 79172 1.5 20 13 9 14 14% 1269059 647 20%
c x 120.56  0 16 27 13686  1 427628 79172 1.5 20 13 9 14 14% 1269057 647 20%
c B 122.25  0 16 27 13719  1 435057 83580 1.5 20 13 9 14 14% 1269057 647 20%
c s 127.19  0 16 27 14720  1 454779 95909 1.5 20 13 9 14 14% 1268785 647 20%
c s 127.50  0 16 27 14720  1 454779 95897 1.5 20 13 9 14 14% 1268452 647 20%
c - 129.67  0 16 28 15211  1 462015 86130 1.5 20 13 9 14 14% 1268452 647 20%
c p 129.73  0 16 28 15211  1 462015 86132 1.5 20 13 9 14 14% 1268452 647 20%
c u 129.94  0 16 28 15211  1 462015 86084 1.5 20 13 9 14 14% 1268452 647 20%
c v 130.04  0 16 28 15211  1 462015 86081 1.5 20 13 9 14 14% 1268452 647 20%
c w 130.08  0 16 28 15211  1 462015 86081 1.5 20 13 9 14 14% 1268452 647 20%
c 
c  seconds   reductions    conflicts         size   tier2         variables
c          MB      restarts       redundant     glue    trail         remaining
c           level        rate          size/glue  tier1    irredundant
c 
c x 130.21  0 16 28 15211  1 462015 86081 1.5 20 13 9 14 14% 1268447 647 20%
c W 132.66  0 16 28 15306  1 465058 88256 1.5 20 13 9 14 14% 1268447 647 20%
c } 136.52  0 15 28 15503  1 479739 97778 1.6 20 13 9 14 14% 1268447 647 20%
c [ 136.52  0 18 28 15503  1 479739 97778 1.5 22 15 10 16 14% 1268447 647 20%
c B 139.94  0 17 28 15510  1 496061 107659 1.5 21 14 10 16 14% 1268447 647 20%
c - 140.56  0 17 29 15511  1 497755 96339 1.5 21 14 10 16 14% 1268447 647 20%
c p 140.61  0 17 29 15511  1 497755 96348 1.5 21 14 10 16 14% 1268447 647 20%
c u 140.87  0 17 29 15511  1 497755 96315 1.5 21 14 10 16 14% 1268447 647 20%
c v 140.98  0 17 29 15511  1 497755 96311 1.5 21 14 10 16 14% 1268447 647 20%
c w 141.03  0 17 29 15511  1 497755 96311 1.5 21 14 10 16 14% 1268447 647 20%
c x 141.20  0 17 29 15511  1 497755 96310 1.5 21 14 10 16 14% 1268443 647 20%
c W 148.20  0 17 29 15520  1 528063 114316 1.5 21 14 10 16 14% 1268443 647 20%
c - 149.75  0 17 30 15520  1 534851 102027 1.5 21 14 10 16 14% 1268443 647 20%
c p 149.82  0 17 30 15520  1 534851 102034 1.5 21 14 10 16 14% 1268443 647 20%
c u 150.08  0 17 30 15520  1 534851 101997 1.5 21 14 10 16 14% 1268443 647 20%
c v 150.17  0 17 30 15520  1 534851 101995 1.5 21 14 10 16 14% 1268443 647 20%
c w 150.23  0 17 30 15520  1 534851 101995 1.5 21 14 10 16 14% 1268443 647 20%
c x 150.39  0 17 30 15520  1 534851 101995 1.5 21 14 10 16 14% 1268439 647 20%
c ] 154.01  0 17 30 15530  1 554757 114501 1.5 21 14 10 16 14% 1268439 647 20%
c { 154.01  0 15 30 15530  1 554757 114501 1.6 20 13 9 14 14% 1268439 647 20%
c 
c  seconds   reductions    conflicts          size   tier2         variables
c          MB      restarts       redundant      glue    trail         remaining
c           level        rate           size/glue  tier1    irredundant
c 
c F 156.03  0 15 30 16282  1 561067 118313 1.5 20 13 9 14 14% 1268439 647 20%
c - 159.10  0 15 31 16944  1 573306 108398 1.5 20 13 9 14 14% 1268439 647 20%
c p 159.16  0 15 31 16944  1 573306 108405 1.5 20 13 9 14 14% 1268439 647 20%
c u 160.91  0 15 31 16944  1 573306 108375 1.5 20 13 9 14 14% 1268439 647 20%
c v 161.01  0 15 31 16944  1 573306 108372 1.5 20 13 9 14 14% 1268439 647 20%
c w 161.07  0 15 31 16944  1 573306 108372 1.5 20 13 9 14 14% 1268439 647 20%
c x 161.24  0 15 31 16944  1 573306 108372 1.5 20 13 9 14 14% 1268425 647 20%
c B 165.24  0 15 31 17407  1 595069 120941 1.5 19 12 8 14 13% 1268425 647 20%
c s 169.04  0 15 31 18854  1 607900 129010 1.5 19 13 8 14 13% 1268181 647 20%
c s 169.41  0 15 31 18854  1 607900 128992 1.5 19 13 8 14 13% 1267677 647 20%
c - 171.89  0 15 32 19579  1 613118 100920 1.5 19 13 8 14 13% 1267677 647 20%
c p 171.96  0 15 32 19579  1 613118 100926 1.5 19 13 8 14 13% 1267677 647 20%
c u 172.22  0 15 32 19579  1 613118 100890 1.5 19 13 8 14 13% 1267677 647 20%
c v 172.33  0 15 32 19579  1 613118 100886 1.5 19 13 8 14 13% 1267677 647 20%
c w 172.38  0 15 32 19579  1 613118 100883 1.5 19 13 8 14 13% 1267677 647 20%
c x 172.55  0 15 32 19579  1 613118 100883 1.5 19 13 8 14 13% 1267671 647 20%
c W 179.41  0 15 32 20701  1 630071 111169 1.5 19 13 8 14 13% 1267671 647 20%
c } 181.13  0 15 32 21105  1 636644 114810 1.5 19 13 8 14 13% 1267671 647 20%
c [ 181.13  0 17 32 21105  1 636644 114810 1.5 21 14 10 16 14% 1267671 647 20%
c - 184.80  0 17 33 21111  1 654285 102587 1.5 21 15 10 16 14% 1267671 647 20%
c 
c  seconds   reductions    conflicts          size    tier2         variables
c          MB      restarts       redundant      glue     trail         remaining
c           level        rate           size/glue  tier1     irredundant
c 
c p 184.86  0 17 33 21111  1 654285 102593 1.5 21 15 10 16 14% 1267671 647 20%
c u 185.14  0 17 33 21111  1 654285 102548 1.5 21 15 10 16 14% 1267671 647 20%
c v 185.28  0 17 33 21111  1 654285 102541 1.5 21 15 10 16 14% 1267671 647 20%
c w 185.35  0 17 33 21111  1 654285 102538 1.5 21 15 10 16 14% 1267671 647 20%
c x 185.53  0 17 33 21111  1 654285 102538 1.5 21 15 10 16 14% 1267664 647 20%
c O 188.27  0 17 33 21117  1 666073 110322 1.5 22 15 10 16 14% 1267664 647 20%
c - 194.27  0 16 34 21126  1 696812 106346 1.5 20 13 10 16 14% 1267664 647 20%
c p 194.34  0 16 34 21126  1 696812 106352 1.5 20 13 10 16 14% 1267664 647 20%
c u 194.62  0 16 34 21126  1 696812 106313 1.5 20 13 10 16 14% 1267664 647 20%
c v 194.74  0 16 34 21126  1 696812 106310 1.5 20 13 10 16 14% 1267664 647 20%
c w 194.80  0 16 34 21126  1 696812 106309 1.5 20 13 10 16 14% 1267664 647 20%
c x 194.97  0 16 34 21126  1 696812 106308 1.5 20 13 10 16 14% 1267644 647 20%
c B 196.33  0 15 34 21126  1 703074 109633 1.5 20 13 10 16 14% 1267644 647 20%
c ] 200.50  0 16 34 21127  1 724183 124061 1.5 20 14 10 16 14% 1267644 647 20%
c { 200.50  0 15 34 21127  1 724183 124061 1.5 19 13 8 14 13% 1267644 647 20%
c - 205.24  0 15 35 21985  1 740698 112172 1.5 19 13 8 14 13% 1267644 647 20%
c p 205.30  0 15 35 21985  1 740698 112178 1.5 19 13 8 14 13% 1267644 647 20%
c u 205.60  0 15 35 21985  1 740698 112147 1.5 19 13 8 14 13% 1267644 647 20%
c v 205.74  0 15 35 21985  1 740698 112123 1.5 19 13 8 14 13% 1267644 647 20%
c w 205.81  0 15 35 21985  1 740698 112123 1.5 19 13 8 14 13% 1267644 647 20%
c 
c  seconds   reductions    conflicts          size   tier2         variables
c          MB      restarts       redundant      glue    trail         remaining
c           level        rate           size/glue  tier1    irredundant
c 
c x 206.00  0 15 35 21985  1 740698 112123 1.5 19 13 8 14 13% 1267614 647 20%
c # 206.18  0 15 35 21985  1 741075 112323 1.5 19 13 8 14 13% 1267614 647 20%
c B 216.03  0 15 35 24350  1 780077 134464 1.5 19 12 8 14 13% 1267614 647 20%
c s 217.61  0 15 35 25009  1 782880 136364 1.5 19 13 8 14 13% 1266853 647 20%
c s 218.02  0 15 35 25009  1 782880 136342 1.5 19 13 8 14 13% 1266393 647 20%
c - 219.68  0 15 36 25540  1 785944 120217 1.5 19 13 8 14 13% 1266393 647 20%
c p 219.76  0 15 36 25540  1 785944 120223 1.5 19 13 8 14 13% 1266393 647 20%
c u 220.05  0 15 36 25540  1 785944 120171 1.5 19 13 8 14 13% 1266393 647 20%
c v 220.18  0 15 36 25540  1 785944 120164 1.5 19 13 8 14 13% 1266393 647 20%
c w 220.25  0 15 36 25540  1 785944 120164 1.5 19 13 8 14 13% 1266393 647 20%
c x 220.46  0 15 36 25540  1 785944 120164 1.5 19 13 8 14 13% 1266314 647 20%
c } 228.51  0 15 36 27537  1 818187 138914 1.5 19 12 8 13 13% 1266314 647 20%
c [ 228.51  0 16 36 27537  1 818187 138914 1.5 20 14 10 16 14% 1266314 647 20%
c W 232.20  0 16 36 27537  1 820082 139874 1.5 20 14 10 16 14% 1266314 647 20%
c - 234.68  0 16 37 27538  1 832543 126228 1.5 20 13 10 16 14% 1266314 647 20%
c p 234.74  0 16 37 27538  1 832543 126234 1.5 20 13 10 16 14% 1266314 647 20%
c u 235.06  0 16 37 27538  1 832543 126198 1.5 20 13 10 16 14% 1266314 647 20%
c v 235.19  0 16 37 27538  1 832543 126196 1.5 20 13 10 16 14% 1266314 647 20%
c w 235.26  0 16 37 27538  1 832543 126196 1.5 20 13 10 16 14% 1266314 647 20%
c x 235.46  0 16 37 27538  1 832543 126196 1.5 20 13 10 16 14% 1266222 647 20%
c 
c  seconds   reductions    conflicts          size   tier2         variables
c          MB      restarts       redundant      glue    trail         remaining
c           level        rate           size/glue  tier1    irredundant
c 
c I 240.86  0 14 37 27538  1 861083 140818 1.5 18 12 9 15 14% 1266222 647 20%
c - 245.25  0 15 38 27538  1 880503 134763 1.5 19 12 9 15 14% 1266222 647 20%
c p 245.33  0 15 38 27538  1 880503 134768 1.5 19 12 9 15 14% 1266222 646 20%
c u 245.72  0 15 38 27538  1 880503 134722 1.5 19 12 9 15 14% 1232971 646 20%
c v 245.88  0 15 38 27538  1 880503 134705 1.5 19 12 9 15 14% 1232971 646 20%
c w 245.96  0 15 38 27538  1 880503 134704 1.5 19 12 9 15 14% 1232971 646 20%
c x 246.18  0 15 38 27538  1 880503 134704 1.5 19 12 9 15 14% 1232924 646 20%
c B 251.04  0 15 38 27543  1 903084 149680 1.6 20 13 9 15 14% 1232924 646 20%
c ] 254.63  0 15 38 27553  1 923115 159868 1.5 19 12 8 15 14% 1232924 646 20%
c { 254.63  0 15 38 27553  1 923115 159868 1.5 19 12 8 13 13% 1232924 646 20%
c - 256.11  0 14 39 27559  1 929826 140531 1.5 18 12 8 13 13% 1205702 646 20%
c 2 256.11  0 14 39 27559  1 929826 140529 1.5 18 12 8 13 13% 1205701 646 20%
c p 256.16  0 14 39 27559  1 929826 140534 1.5 18 12 8 13 13% 1205701 646 20%
c u 258.29  0 14 39 27559  1 929826 140458 1.5 18 12 8 13 13% 1205701 646 20%
c v 258.42  0 14 39 27559  1 929826 140435 1.5 18 12 8 13 13% 1205701 646 20%
c w 258.47  0 14 39 27559  1 929826 140380 1.5 18 12 8 13 13% 1205701 646 20%
c x 258.64  0 14 39 27559  1 929826 140379 1.5 18 12 8 13 13% 1205563 646 20%
c W 265.65  0 14 39 28573  1 946088 150313 1.5 18 12 8 13 13% 1205563 646 20%
c s 275.37  0 15 39 31381  1 979705 171082 1.5 19 12 8 13 13% 1205107 646 20%
c e 275.61  0 15 39 31381  1 979705 170558 1.5 19 12 8 13 13% 1205103 642 20%
c 
c  seconds   reductions    conflicts          size   tier2         variables
c          MB      restarts       redundant      glue    trail         remaining
c           level        rate           size/glue  tier1    irredundant
c 
c s 275.71  0 15 39 31381  1 979705 170544 1.5 19 12 8 13 13% 1204453 642 20%
c - 276.20  0 15 40 31381  1 979997 150053 1.5 19 12 8 13 13% 1204453 642 20%
c p 276.28  0 15 40 31381  1 979997 150056 1.5 19 12 8 13 13% 1204453 642 20%
c u 276.65  0 15 40 31381  1 979997 149985 1.5 19 12 8 13 13% 1204453 642 20%
c v 276.82  0 15 40 31381  1 979997 149970 1.5 19 12 8 13 13% 1204453 642 20%
c w 276.91  0 15 40 31381  1 979997 149968 1.5 19 12 8 13 13% 1204453 642 20%
c x 277.17  0 15 40 31381  1 979997 149966 1.5 19 12 8 13 13% 1204338 642 20%
c F 280.96  0 15 40 32981  1 990090 156149 1.5 19 13 8 13 13% 1204338 642 20%
c } 292.41  0 15 40 35262  1 1026390 177728 1.5 19 13 8 13 13% 1204338 642 20%
c [ 292.41  0 15 40 35262  1 1026390 177728 1.5 19 12 8 15 14% 1204338 642 20%
c - 293.83  0 15 41 35262  1 1031492 158415 1.5 19 12 8 15 14% 1204338 642 20%
c p 293.90  0 15 41 35262  1 1031492 158418 1.5 19 12 8 15 14% 1204338 642 20%
c u 294.30  0 15 41 35262  1 1031492 158311 1.5 19 12 8 15 14% 1204338 642 20%
c v 294.47  0 15 41 35262  1 1031492 158306 1.5 19 12 8 15 14% 1204338 642 20%
c w 294.56  0 15 41 35262  1 1031492 158304 1.5 19 12 8 15 14% 1204338 642 20%
c x 294.86  0 15 41 35262  1 1031492 158303 1.5 19 12 8 15 14% 1204237 642 20%
c W 297.60  0 15 41 35263  1 1035094 160604 1.5 19 13 8 15 14% 1204237 642 20%
c O 307.76  0 14 41 35278  1 1081095 184819 1.5 19 12 8 15 14% 1204237 642 20%
c - 308.70  0 14 42 35279  1 1084323 163888 1.5 19 12 8 15 14% 1204237 642 20%
c p 308.76  0 14 42 35279  1 1084323 163891 1.5 19 12 8 15 14% 1204237 642 20%
c 
c  seconds   reductions     conflicts          size   tier2         variables
c          MB      restarts        redundant      glue    trail         remaining
c           level        rate            size/glue  tier1    irredundant
c 
c u 309.07  0 14 42 35279  1 1084323 163696 1.5 19 12 8 15 14% 1204237 642 20%
c v 309.21  0 14 42 35279  1 1084323 163680 1.5 19 12 8 15 14% 1204237 642 20%
c w 309.29  0 14 42 35279  1 1084323 163676 1.5 19 12 8 15 14% 1204237 642 20%
c x 309.51  0 14 42 35279  1 1084323 163676 1.5 19 12 8 15 14% 1204233 642 20%
c B 316.17  0 15 42 35300  1 1128096 191533 1.5 19 13 8 14 13% 1204233 642 20%
c - 318.71  0 15 43 35307  1 1138490 172216 1.5 19 13 8 14 13% 1204233 642 20%
c p 318.77  0 15 43 35307  1 1138490 172221 1.5 19 13 8 14 13% 1204233 642 20%
c u 319.08  0 15 43 35307  1 1138490 172175 1.5 19 13 8 14 13% 1204233 642 20%
c v 319.20  0 15 43 35307  1 1138490 172162 1.5 19 13 8 14 13% 1204233 642 20%
c w 319.26  0 15 43 35307  1 1138490 172153 1.5 19 13 8 14 13% 1204233 642 20%
c x 319.44  0 15 43 35307  1 1138490 172153 1.5 19 13 8 14 13% 1204226 642 20%
c ] 322.07  0 15 43 35309  1 1153988 181534 1.5 20 13 8 14 14% 1204226 642 20%
c { 322.07  0 15 43 35309  1 1153988 181534 1.5 19 13 8 13 13% 1204226 642 20%
c B 327.64  0 15 43 36520  1 1176097 194468 1.5 19 12 8 13 13% 1204226 642 20%
c - 332.90  0 15 44 38170  1 1193993 153364 1.5 19 13 7 13 14% 1204226 642 20%
c p 332.97  0 15 44 38170  1 1193993 153367 1.5 19 13 7 13 14% 1204226 642 20%
c u 333.37  0 15 44 38170  1 1193993 153283 1.5 19 13 7 13 14% 1204226 642 20%
c v 333.56  0 15 44 38170  1 1193993 153272 1.5 19 13 7 13 14% 1204226 642 20%
c w 333.65  0 15 44 38170  1 1193993 153270 1.5 19 13 7 13 14% 1204226 642 20%
c x 333.90  0 15 44 38170  1 1193993 153268 1.5 19 13 7 13 14% 1204214 642 20%
c 
c  seconds   reductions     conflicts          size   tier2         variables
c          MB      restarts        redundant      glue    trail         remaining
c           level        rate            size/glue  tier1    irredundant
c 
c s 335.36  0 15 44 38436  1 1197177 155080 1.5 19 13 7 13 14% 1203388 642 20%
c s 335.74  0 15 44 38436  1 1197177 155055 1.5 19 13 7 13 14% 1202871 642 20%
c W 345.56  0 15 44 39873  1 1225099 170382 1.5 19 13 7 13 13% 1202871 642 20%
c - 352.51  0 15 45 41845  1 1250833 152839 1.5 19 13 7 13 13% 1202871 642 20%
c p 352.57  0 15 45 41845  1 1250833 152842 1.5 19 13 7 13 13% 1202871 642 20%
c u 352.91  0 15 45 41845  1 1250833 152787 1.5 19 13 7 13 13% 1202871 642 20%
c v 353.06  0 15 45 41845  1 1250833 152767 1.5 19 13 7 13 13% 1202871 642 20%
c w 353.14  0 15 45 41845  1 1250833 152764 1.5 19 13 7 13 13% 1202871 642 20%
c x 353.35  0 15 45 41845  1 1250833 152763 1.5 19 13 7 13 13% 1202866 642 20%
c # 360.11  0 14 45 42983  1 1275100 165321 1.5 18 12 7 13 13% 1202866 642 20%
c } 362.61  0 14 45 43396  1 1285930 170926 1.5 18 12 7 13 13% 1202866 642 20%
c [ 362.61  0 15 45 43396  1 1285930 170926 1.5 20 13 8 14 14% 1202866 642 20%
c - 366.76  0 15 46 43397  1 1308995 157967 1.5 19 13 8 14 13% 1202866 642 20%
c p 366.82  0 15 46 43397  1 1308995 157970 1.5 19 13 8 14 13% 1202866 642 20%
c u 367.19  0 15 46 43397  1 1308995 157933 1.5 19 13 8 14 13% 1202866 642 20%
c v 367.36  0 15 46 43397  1 1308995 157925 1.5 19 13 8 14 13% 1202866 642 20%
c w 367.44  0 15 46 43397  1 1308995 157916 1.5 19 13 8 14 13% 1202866 642 20%
c x 367.68  0 15 46 43397  1 1308995 157915 1.5 19 13 8 14 13% 1202850 642 20%
c W 373.16  0 15 46 43397  1 1326101 168045 1.5 19 13 8 14 14% 1202850 642 20%
c - 383.47  0 14 47 43415  1 1368494 163437 1.5 19 13 8 14 14% 1202850 642 20%
c 
c  seconds   reductions     conflicts          size   tier2         variables
c          MB      restarts        redundant      glue    trail         remaining
c           level        rate            size/glue  tier1    irredundant
c 
c p 383.54  0 14 47 43415  1 1368494 163440 1.5 19 13 8 14 14% 1202850 642 20%
c u 383.94  0 14 47 43415  1 1368494 163347 1.5 19 13 8 14 14% 1202850 642 20%
c v 384.10  0 14 47 43415  1 1368494 163311 1.5 19 13 8 14 14% 1202850 642 20%
c w 384.19  0 14 47 43415  1 1368494 163304 1.5 19 13 8 14 14% 1202850 642 20%
c x 384.44  0 14 47 43415  1 1368494 163302 1.5 19 13 8 14 14% 1202803 642 20%
c I 386.80  0 14 47 43419  1 1378102 168580 1.5 19 12 8 14 14% 1202803 642 20%
c i 395.90  0 14 47 43431  1 1418347 190570 1.5 18 12 8 14 14% 1202803 632 19%
c i 396.62  0 13 47 43433  1 1421398 191805 1.5 18 12 8 14 13% 1202803 631 19%
c ] 396.76  0 13 47 43433  1 1421820 192010 1.5 18 12 8 14 13% 1202803 631 19%
c { 396.76  0 14 47 43433  1 1421820 192010 1.5 18 12 7 13 13% 1202803 631 19%
c i 397.38  0 14 47 43433  1 1424317 193085 1.5 18 12 7 13 13% 1202803 630 19%
c i 397.63  0 14 47 43433  1 1425164 193485 1.5 18 12 7 13 13% 1202803 628 19%
c i 397.67  0 14 47 43433  1 1425325 193527 1.5 18 12 7 13 13% 1202803 625 19%
c i 397.75  0 14 47 43433  1 1425547 193596 1.5 18 12 7 13 13% 1202803 624 19%
c i 397.76  0 14 47 43433  1 1425563 193602 1.5 18 12 7 13 13% 1202803 622 19%
c i 397.82  0 14 47 43433  1 1425845 193792 1.5 18 12 7 13 13% 1202803 619 19%
c i 397.82  0 14 47 43433  1 1425849 193795 1.5 18 12 7 13 13% 1202803 618 19%
c i 397.82  0 14 47 43433  1 1425851 193795 1.5 18 12 7 13 13% 1202803 599 18%
c i 397.82  0 14 47 43433  1 1425853 193794 1.5 18 12 7 13 13% 1202803 590 18%
c i 397.82  0 14 47 43433  1 1425874 193804 1.5 18 12 7 13 13% 1202803 578 18%
c 
c  seconds   reductions     conflicts          size   tier2         variables
c          MB      restarts        redundant      glue    trail         remaining
c           level        rate            size/glue  tier1    irredundant
c 
c i 397.84  0 14 47 43433  1 1425939 193823 1.5 18 12 7 13 13% 1202803 561 17%
c i 397.84  0 14 47 43433  1 1425941 193823 1.5 18 12 7 13 13% 1202803 557 17%
c } 397.84  0 14 47 43433  1 1425943 193823 1.5 18 12 7 13 13% 1202803 552 17%
c 0 397.84  0 14 47 43433  1 1425943 193823 1.5 18 12 7 13 13% 1202803 552 17%
c 
c --- [ closing proof ] ------------------------------------------------------
c 
c LRAT proof file '/Users/ivanspogreev/earth-moon/population/f034-a4-cert/split-m07/c11/round-0/F.lrat' closed
c LRAT 2235091 added clauses 39.85%
c LRAT 3372967 deleted clauses 60.15%
c LRAT 419353483 bytes (399.93 MB)
c 
c --- [ result ] -------------------------------------------------------------
c 
s UNSATISFIABLE
c 
c --- [ run-time profiling ] -------------------------------------------------
c 
c process time taken by individual solving procedures
c (percentage relative to process time for solving)
c 
c       360.42   90.93% search
c       185.07   46.69% unstable
c       151.89   38.32% stable
c        35.95    9.07% simplify
c        23.42    5.91% walk
c        20.14    5.08% vivify
c         6.67    1.68% sweep
c         4.38    1.11% elim
c         1.47    0.37% parse
c         1.39    0.35% subsume
c         1.37    0.35% probe
c         0.37    0.09% congruence
c         0.36    0.09% ternary
c         0.03    0.01% lucky
c         0.00    0.00% backbone
c   =================================
c       396.37   99.63% solve
c 
c last line shows process time for solving
c (percentage relative to total process time)
c 
c --- [ statistics ] ---------------------------------------------------------
c 
c chronological:            157977        11.08 %  of conflicts
c conflicts:               1425943      3597.52    per second
c backbone:                 117804      3595.97 %  of vars
c decisions:               1654171      4173.31    per second
c eliminated:                 2074        63.31 %  of all variables
c fixed:                       648        19.78 %  of all variables
c learned:                 1400502        98.22 %  per conflict
c learned_lits:           38467784       100.00 %  learned literals
c minimized:                     0         0.00 %  learned literals
c shrunken:                9296537        24.17 %  learned literals
c minishrunken:            1987904         5.17 %  learned literals
c otfs:                       7706         0.54 %  of conflict
c propagations:           20644445         0.05 M  per second
c reduced:                  653627        45.84 %  per conflict
c rephased:                     52     27421.98    interval
c restarts:                  43433        32.83    interval
c stabilizing:                  14        52.86 %  of conflicts
c substituted:                   2         0.06 %  of all variables
c subsumed:                 560578        20.90 %  of all clauses
c strengthened:              42560         1.59 %  of all clauses
c ticks:               30466098659      1495.49    propagation
c vivified:                   5309         0.20 %  of all clauses
c walked:                       16     89121.44    interval
c weakened:                   4976         2.52    average size
c congruence:                    9    158438.11    interval
c 
c seconds are measured in process time for solving
c 
c --- [ glue usage ] ---------------------------------------------------------
c 
c focused glue 7 used 127834 clauses 6.652% accumulated 51.66% tier1
c focused glue 8 used 123882 clauses 6.446% accumulated 58.10%
c focused glue 9-11 used 349992 clauses 18.21% accumulated 76.32%
c focused glue 12 used 105242 clauses 5.476% accumulated 81.79%
c focused glue 13 used 90199 clauses 4.693% accumulated 86.49% tier2
c 
c stable glue 8 used 145156 clauses 6.113% accumulated 55.99% tier1
c stable glue 9 used 134029 clauses 5.644% accumulated 61.64%
c stable glue 10-12 used 383617 clauses 16.15% accumulated 77.80%
c stable glue 13 used 109529 clauses 4.613% accumulated 82.41%
c stable glue 14 used 94795 clauses 3.992% accumulated 86.40% tier2
c 
c 
c --- [ resources ] ----------------------------------------------------------
c 
c total process time since initialization:       397.84    seconds
c total real time since initialization:          399.89    seconds
c maximum resident set size of process:         1280.83    MB
c 
c --- [ shutting down ] ------------------------------------------------------
c 
c exit 20

[rc=20 399.9s]
$ /Users/ivanspogreev/earth-moon/verifier/../tools/drat-trim/lrat-check /Users/ivanspogreev/earth-moon/population/f034-a4-cert/split-m07/c11/round-0/F.cnf /Users/ivanspogreev/earth-moon/population/f034-a4-cert/split-m07/c11/round-0/F.lrat
c parsed a formula with 3276 variables and 2535151 clauses
c VERIFIED
c allocated 1024 57753904 73710
c Added clauses = 4770242.  Deleted clauses = 3372967.  Max live clauses = 2535151
c verification time = 7.86 secs

[rc=0 7.9s]
