# A4 member 9: slack=0 e=156 n=28 mults=[05:3 06:5 14:5 15:1 16:2 23:6 25:1 26:1 34:1 35:1 45:2] generators=17 backend=boyer Fri Oct  2 19:19:16 2026 cube=[-101, -106, -108, 141]
[f034-a4-09-e156] n=28 m=156 cap=78 | 434 K5s, 4016 K3,3s, 17 sym generators, 41180 clauses, propagator check_at=9 planarity=boyer, clause dump -> /root/earth-moon/population/f034-a4-cert/cs-a4_m09c/s/n101_n106_n108_p141/dump.jsonl
    ... {'checks': 50000, 'confl': 12088, 'model_rej': 0} 3s
    ... {'checks': 100000, 'confl': 21967, 'model_rej': 0} 6s
    ... {'checks': 150000, 'confl': 32947, 'model_rej': 0} 9s
    ... {'checks': 200000, 'confl': 43322, 'model_rej': 0} 12s
    ... {'checks': 250000, 'confl': 53053, 'model_rej': 0} 14s
    ... {'checks': 300000, 'confl': 63376, 'model_rej': 0} 17s
    ... {'checks': 350000, 'confl': 73987, 'model_rej': 0} 20s
    ... {'checks': 400000, 'confl': 83954, 'model_rej': 0} 23s
    ... {'checks': 450000, 'confl': 94749, 'model_rej': 0} 27s
    ... {'checks': 500000, 'confl': 104716, 'model_rej': 0} 31s
    ... {'checks': 550000, 'confl': 113528, 'model_rej': 0} 36s
    ... {'checks': 600000, 'confl': 122648, 'model_rej': 0} 39s
    ... {'checks': 650000, 'confl': 130481, 'model_rej': 0} 43s
    ... {'checks': 700000, 'confl': 137507, 'model_rej': 0} 47s
    ... {'checks': 750000, 'confl': 144598, 'model_rej': 0} 52s
    ... {'checks': 800000, 'confl': 150152, 'model_rej': 0} 56s
    ... {'checks': 850000, 'confl': 155932, 'model_rej': 0} 61s
    ... {'checks': 900000, 'confl': 161501, 'model_rej': 0} 65s
    ... {'checks': 950000, 'confl': 170145, 'model_rej': 0} 70s
    ... {'checks': 1000000, 'confl': 178151, 'model_rej': 0} 75s
    ... {'checks': 1050000, 'confl': 185951, 'model_rej': 0} 80s
    ... {'checks': 1100000, 'confl': 195380, 'model_rej': 0} 84s
    ... {'checks': 1150000, 'confl': 202783, 'model_rej': 0} 89s
    ... {'checks': 1200000, 'confl': 210992, 'model_rej': 0} 95s
    ... {'checks': 1250000, 'confl': 219532, 'model_rej': 0} 98s
    ... {'checks': 1300000, 'confl': 227321, 'model_rej': 0} 103s
    ... {'checks': 1350000, 'confl': 235723, 'model_rej': 0} 107s
    ... {'checks': 1400000, 'confl': 243348, 'model_rej': 0} 117s
    ... {'checks': 1450000, 'confl': 249879, 'model_rej': 0} 122s
    ... {'checks': 1500000, 'confl': 255485, 'model_rej': 0} 126s
    ... {'checks': 1550000, 'confl': 262324, 'model_rej': 0} 131s
    ... {'checks': 1600000, 'confl': 269804, 'model_rej': 0} 137s
    ... {'checks': 1650000, 'confl': 276800, 'model_rej': 0} 143s
    ... {'checks': 1700000, 'confl': 283190, 'model_rej': 0} 149s
    ... {'checks': 1750000, 'confl': 289774, 'model_rej': 0} 156s
    ... {'checks': 1800000, 'confl': 295874, 'model_rej': 0} 161s
    ... {'checks': 1850000, 'confl': 303064, 'model_rej': 0} 167s
    ... {'checks': 1900000, 'confl': 308890, 'model_rej': 0} 173s
    ... {'checks': 1950000, 'confl': 315444, 'model_rej': 0} 179s
    ... {'checks': 2000000, 'confl': 320568, 'model_rej': 0} 185s
    ... {'checks': 2050000, 'confl': 325100, 'model_rej': 0} 190s
    ... {'checks': 2100000, 'confl': 329587, 'model_rej': 0} 196s
    ... {'checks': 2150000, 'confl': 333914, 'model_rej': 0} 202s
    ... {'checks': 2200000, 'confl': 337502, 'model_rej': 0} 208s
    ... {'checks': 2250000, 'confl': 340094, 'model_rej': 0} 214s
    ... {'checks': 2300000, 'confl': 342127, 'model_rej': 0} 220s
    ... {'checks': 2350000, 'confl': 345050, 'model_rej': 0} 227s
    ... {'checks': 2400000, 'confl': 348515, 'model_rej': 0} 232s
    ... {'checks': 2450000, 'confl': 352268, 'model_rej': 0} 235s
    ... {'checks': 2500000, 'confl': 355710, 'model_rej': 0} 241s
    ... {'checks': 2550000, 'confl': 357840, 'model_rej': 0} 248s
    ... {'checks': 2600000, 'confl': 359806, 'model_rej': 0} 253s
    ... {'checks': 2650000, 'confl': 362928, 'model_rej': 0} 258s
    ... {'checks': 2700000, 'confl': 365699, 'model_rej': 0} 263s
    ... {'checks': 2750000, 'confl': 368328, 'model_rej': 0} 269s
    ... {'checks': 2800000, 'confl': 371015, 'model_rej': 0} 276s
    ... {'checks': 2850000, 'confl': 373201, 'model_rej': 0} 289s
    ... {'checks': 2900000, 'confl': 379324, 'model_rej': 0} 298s
    ... {'checks': 2950000, 'confl': 384344, 'model_rej': 0} 305s
    ... {'checks': 3000000, 'confl': 390119, 'model_rej': 0} 313s
    ... {'checks': 3050000, 'confl': 396455, 'model_rej': 0} 319s
    ... {'checks': 3100000, 'confl': 401035, 'model_rej': 0} 325s
    ... {'checks': 3150000, 'confl': 405908, 'model_rej': 0} 333s
    ... {'checks': 3200000, 'confl': 410410, 'model_rej': 0} 340s
    ... {'checks': 3250000, 'confl': 416842, 'model_rej': 0} 352s
    ... {'checks': 3300000, 'confl': 423558, 'model_rej': 0} 360s
    ... {'checks': 3350000, 'confl': 428120, 'model_rej': 0} 367s
    ... {'checks': 3400000, 'confl': 431780, 'model_rej': 0} 374s
    ... {'checks': 3450000, 'confl': 437038, 'model_rej': 0} 384s
    ... {'checks': 3500000, 'confl': 440032, 'model_rej': 0} 391s
    ... {'checks': 3550000, 'confl': 444468, 'model_rej': 0} 397s
    ... {'checks': 3600000, 'confl': 449440, 'model_rej': 0} 403s
    ... {'checks': 3650000, 'confl': 454722, 'model_rej': 0} 412s
    ... {'checks': 3700000, 'confl': 459618, 'model_rej': 0} 425s
    ... {'checks': 3750000, 'confl': 463884, 'model_rej': 0} 432s
    ... {'checks': 3800000, 'confl': 469830, 'model_rej': 0} 441s
    ... {'checks': 3850000, 'confl': 472514, 'model_rej': 0} 445s
    ... {'checks': 3900000, 'confl': 474243, 'model_rej': 0} 456s
    ... {'checks': 3950000, 'confl': 477744, 'model_rej': 0} 461s
    ... {'checks': 4000000, 'confl': 481454, 'model_rej': 0} 468s
    ... {'checks': 4050000, 'confl': 484352, 'model_rej': 0} 476s
    ... {'checks': 4100000, 'confl': 488301, 'model_rej': 0} 487s
    ... {'checks': 4150000, 'confl': 491992, 'model_rej': 0} 496s
    ... {'checks': 4200000, 'confl': 496402, 'model_rej': 0} 504s
    ... {'checks': 4250000, 'confl': 500546, 'model_rej': 0} 515s
    ... {'checks': 4300000, 'confl': 506838, 'model_rej': 0} 523s
    ... {'checks': 4350000, 'confl': 512288, 'model_rej': 0} 534s
    ... {'checks': 4400000, 'confl': 516950, 'model_rej': 0} 538s
    ... {'checks': 4450000, 'confl': 520444, 'model_rej': 0} 545s
    ... {'checks': 4500000, 'confl': 522523, 'model_rej': 0} 553s
    ... {'checks': 4550000, 'confl': 527271, 'model_rej': 0} 560s
    ... {'checks': 4600000, 'confl': 535188, 'model_rej': 0} 567s
    ... {'checks': 4650000, 'confl': 541451, 'model_rej': 0} 578s
    ... {'checks': 4700000, 'confl': 548719, 'model_rej': 0} 585s
    ... {'checks': 4750000, 'confl': 556688, 'model_rej': 0} 597s
    ... {'checks': 4800000, 'confl': 563929, 'model_rej': 0} 605s
    ... {'checks': 4850000, 'confl': 568876, 'model_rej': 0} 609s
    ... {'checks': 4900000, 'confl': 574345, 'model_rej': 0} 614s
    ... {'checks': 4950000, 'confl': 581432, 'model_rej': 0} 621s
    ... {'checks': 5000000, 'confl': 588874, 'model_rej': 0} 627s
    ... {'checks': 5050000, 'confl': 595047, 'model_rej': 0} 634s
    ... {'checks': 5100000, 'confl': 599454, 'model_rej': 0} 642s
    ... {'checks': 5150000, 'confl': 604704, 'model_rej': 0} 648s
    ... {'checks': 5200000, 'confl': 610058, 'model_rej': 0} 656s
    ... {'checks': 5250000, 'confl': 614571, 'model_rej': 0} 663s
    ... {'checks': 5300000, 'confl': 619040, 'model_rej': 0} 675s
    ... {'checks': 5350000, 'confl': 623492, 'model_rej': 0} 680s
    ... {'checks': 5400000, 'confl': 628248, 'model_rej': 0} 686s
    ... {'checks': 5450000, 'confl': 632275, 'model_rej': 0} 692s
    ... {'checks': 5500000, 'confl': 637141, 'model_rej': 0} 698s
    ... {'checks': 5550000, 'confl': 641740, 'model_rej': 0} 704s
    ... {'checks': 5600000, 'confl': 645721, 'model_rej': 0} 708s
    ... {'checks': 5650000, 'confl': 649830, 'model_rej': 0} 713s
    ... {'checks': 5700000, 'confl': 653625, 'model_rej': 0} 718s
    ... {'checks': 5750000, 'confl': 657053, 'model_rej': 0} 723s
    ... {'checks': 5800000, 'confl': 660662, 'model_rej': 0} 730s
    ... {'checks': 5850000, 'confl': 664571, 'model_rej': 0} 749s
    ... {'checks': 5900000, 'confl': 668136, 'model_rej': 0} 754s
    ... {'checks': 5950000, 'confl': 672571, 'model_rej': 0} 759s
    ... {'checks': 6000000, 'confl': 676004, 'model_rej': 0} 764s
    ... {'checks': 6050000, 'confl': 680861, 'model_rej': 0} 769s
    ... {'checks': 6100000, 'confl': 685000, 'model_rej': 0} 775s
    ... {'checks': 6150000, 'confl': 688774, 'model_rej': 0} 780s
    ... {'checks': 6200000, 'confl': 693974, 'model_rej': 0} 785s
    ... {'checks': 6250000, 'confl': 698737, 'model_rej': 0} 789s
    ... {'checks': 6300000, 'confl': 702300, 'model_rej': 0} 795s
    ... {'checks': 6350000, 'confl': 705376, 'model_rej': 0} 802s
    ... {'checks': 6400000, 'confl': 708815, 'model_rej': 0} 808s
    ... {'checks': 6450000, 'confl': 711532, 'model_rej': 0} 824s
    ... {'checks': 6500000, 'confl': 714698, 'model_rej': 0} 829s
[f034-a4-09-e156] stats: {'checks': 6531271, 'confl': 716027, 'model_rej': 0}
[f034-a4-09-e156] clause dump closed: {'preseed': 8900, 'prop': 1432054, 'model': 0}
[f034-a4-09-e156] UNSAT in 832.1s — NOT BIPLANAR (subject to control validation)
RESULT f034-a4-09-e156 UNSAT 832.3s
