⚠ [7/16] Replayed Biplanar.Basic
warning: Biplanar/Basic.lean:204:12: unused variable `G`

Note: This linter can be disabled with `set_option linter.unusedVariables false`
✔ [13/16] Built Biplanar.Instances.A4M09C.W13 (792ms)
✔ [14/16] Built Biplanar.Instances.A4M09C.W14 (844ms)
✔ [15/16] Built Biplanar.Instances.A4M09C.Leaf13 (905ms)
✔ [16/16] Built Biplanar.Instances.A4M09C.Leaf14 (924ms)
Build completed successfully (16 jobs).
	Command being timed: "lake build Biplanar.Instances.A4M09C.Leaf13 Biplanar.Instances.A4M09C.Leaf14"
	User time (seconds): 2.21
	System time (seconds): 1.33
	Percent of CPU this job got: 192%
	Elapsed (wall clock) time (h:mm:ss or m:ss): 0:01.85
	Average shared text size (kbytes): 0
	Average unshared data size (kbytes): 0
	Average stack size (kbytes): 0
	Average total size (kbytes): 0
	Maximum resident set size (kbytes): 1534580
	Average resident set size (kbytes): 0
	Major (requiring I/O) page faults: 0
	Minor (reclaiming a frame) page faults: 148229
	Voluntary context switches: 861
	Involuntary context switches: 169
	Swaps: 0
	File system inputs: 0
	File system outputs: 2240
	Socket messages sent: 0
	Socket messages received: 0
	Signals delivered: 0
	Page size (bytes): 4096
	Exit status: 0
