⚠ [7/16] Replayed Biplanar.Basic
warning: Biplanar/Basic.lean:204:12: unused variable `G`

Note: This linter can be disabled with `set_option linter.unusedVariables false`
✔ [13/16] Built Biplanar.Instances.A4M09C.W6 (1.8s)
✔ [14/16] Built Biplanar.Instances.A4M09C.W5 (2.3s)
✔ [15/16] Built Biplanar.Instances.A4M09C.Leaf6 (84s)
✔ [16/16] Built Biplanar.Instances.A4M09C.Leaf5 (142s)
Build completed successfully (16 jobs).
	Command being timed: "lake build Biplanar.Instances.A4M09C.Leaf5 Biplanar.Instances.A4M09C.Leaf6"
	User time (seconds): 221.82
	System time (seconds): 9.99
	Percent of CPU this job got: 159%
	Elapsed (wall clock) time (h:mm:ss or m:ss): 2:25.01
	Average shared text size (kbytes): 0
	Average unshared data size (kbytes): 0
	Average stack size (kbytes): 0
	Average total size (kbytes): 0
	Maximum resident set size (kbytes): 11157660
	Average resident set size (kbytes): 0
	Major (requiring I/O) page faults: 0
	Minor (reclaiming a frame) page faults: 800495
	Voluntary context switches: 2177
	Involuntary context switches: 553
	Swaps: 0
	File system inputs: 0
	File system outputs: 2468208
	Socket messages sent: 0
	Socket messages received: 0
	Signals delivered: 0
	Page size (bytes): 4096
	Exit status: 0
