⚠ [7/16] Replayed Biplanar.Basic
warning: Biplanar/Basic.lean:204:12: unused variable `G`

Note: This linter can be disabled with `set_option linter.unusedVariables false`
✔ [13/16] Built Biplanar.Instances.A4M09C.W10 (771ms)
✔ [14/16] Built Biplanar.Instances.A4M09C.W9 (802ms)
✔ [15/16] Built Biplanar.Instances.A4M09C.Leaf9 (883ms)
✔ [16/16] Built Biplanar.Instances.A4M09C.Leaf10 (870ms)
Build completed successfully (16 jobs).
	Command being timed: "lake build Biplanar.Instances.A4M09C.Leaf9 Biplanar.Instances.A4M09C.Leaf10"
	User time (seconds): 2.15
	System time (seconds): 1.26
	Percent of CPU this job got: 194%
	Elapsed (wall clock) time (h:mm:ss or m:ss): 0:01.75
	Average shared text size (kbytes): 0
	Average unshared data size (kbytes): 0
	Average stack size (kbytes): 0
	Average total size (kbytes): 0
	Maximum resident set size (kbytes): 1529628
	Average resident set size (kbytes): 0
	Major (requiring I/O) page faults: 0
	Minor (reclaiming a frame) page faults: 147380
	Voluntary context switches: 799
	Involuntary context switches: 185
	Swaps: 0
	File system inputs: 0
	File system outputs: 1600
	Socket messages sent: 0
	Socket messages received: 0
	Signals delivered: 0
	Page size (bytes): 4096
	Exit status: 0
