c --- [ banner ] -------------------------------------------------------------
c 
c CaDiCaL SAT Solver
c Copyright (c) 2016-2026
c A. Biere, M. Fleury, N. Froleyks, K. Fazekas, F. Pollitt, T. Faller
c JKU Linz, University of Freiburg, TU Wien
c 
c Version 3.0.1 c60730422e758ef1cebe7aeddf2dda31c996bf04
c g++ (Ubuntu 13.3.0-6ubuntu2~24.04.1) 13.3.0 -Wall -Wextra -O3 -DNDEBUG
c Fri Oct 2 18:00:09 UTC 2026 Linux ai-math 6.8.0-139-generic x86_64
c 
c --- [ proof tracing ] ------------------------------------------------------
c 
c opening file to write '/root/earth-moon/lean/data/a4_m09c/cover.lrat'
c writing non-binary proof trace to '/root/earth-moon/lean/data/a4_m09c/cover.lrat'
c 
c --- [ parsing input ] ------------------------------------------------------
c 
c reading DIMACS file from '/root/earth-moon/lean/data/a4_m09c/negcubes.cnf'
c opening file to read '/root/earth-moon/lean/data/a4_m09c/negcubes.cnf'
c found 'p cnf 141 18' header
c parsed 18 clauses in 0.00 seconds process time
c 
c --- [ options ] ------------------------------------------------------------
c 
c   --binary=false                 (different from default 'true')
c   --lrat=true                    (different from default 'false')
c 
c --- [ solving ] ------------------------------------------------------------
c 
c time measured in process time since initialization
c 
c  seconds  reduction conflicts       size tier2     variables
c         MB    restarts   redundant    glue  trail      remaining
c          level     rate       size/glu tier1 irredundant
c 
c *  0.00  5  0 0   0  0    0    0 0.0 0 0 2 6  0%   18   6  4%
c )  0.00  5  0 0   0  0    0    0 0.0 0 0 2 6  0%   18   6  4%
c {  0.00  5  0 0   0  0    0    0 0.0 0 0 2 6  0%   18   6  4%
c i  0.00  5 17 0   1  9    9    0 0.0 1 0 2 6 15%   10   5  4%
c i  0.00  5 12 0   1  6   12    0 0.0 1 0 2 6 11%    8   4  3%
c }  0.00  5 10 0   1  5   14    0 0.0 1 0 2 6  9%    8   2  1%
c 0  0.00  5 10 0   1  5   14    0 0.0 1 0 2 6  9%    8   2  1%
c 
c --- [ closing proof ] ------------------------------------------------------
c 
c LRAT proof file '/root/earth-moon/lean/data/a4_m09c/cover.lrat' closed
c LRAT 15 added clauses 42.86%
c LRAT 20 deleted clauses 57.14%
c LRAT 484 bytes (0.00 MB)
c 
c --- [ result ] -------------------------------------------------------------
c 
s UNSATISFIABLE
c 
c --- [ run-time profiling ] -------------------------------------------------
c 
c process time taken by individual solving procedures
c (percentage relative to process time for solving)
c 
c         0.00   59.11% search
c         0.00   49.33% parse
c         0.00   40.44% unstable
c         0.00    9.78% lucky
c         0.00    0.00% simplify
c   =================================
c         0.00   40.61% solve
c 
c last line shows process time for solving
c (percentage relative to total process time)
c 
c --- [ statistics ] ---------------------------------------------------------
c 
c chronological:                 2        14.29 %  of conflicts
c conflicts:                    14     62222.22    per second
c decisions:                    40    177777.78    per second
c fixed:                         4         2.84 %  of all variables
c learned:                       3        21.43 %  per conflict
c learned_lits:                  3       100.00 %  learned literals
c minimized:                     0         0.00 %  learned literals
c shrunken:                      0         0.00 %  learned literals
c minishrunken:                  0         0.00 %  learned literals
c otfs:                         20       142.86 %  of conflict
c propagations:                 50         0.22 M  per second
c restarts:                      1        14.00    interval
c subsumed:                     20       111.11 %  of all clauses
c strengthened:                 10        55.56 %  of all clauses
c ticks:                       154         3.08    propagation
c 
c seconds are measured in process time for solving
c 
c --- [ glue usage ] ---------------------------------------------------------
c 
c focused glue 2 used 0 clauses 0.000% accumulated 0.000% tier1
c focused glue 3 used 0 clauses 0.000% accumulated 0.000%
c focused glue 4 used 0 clauses 0.000% accumulated 0.000%
c focused glue 5 used 0 clauses 0.000% accumulated 0.000%
c focused glue 6 used 0 clauses 0.000% accumulated 0.000% tier2
c 
c stable glue 2 used 0 clauses 0.000% accumulated 0.000% tier1
c stable glue 3 used 0 clauses 0.000% accumulated 0.000%
c stable glue 4 used 0 clauses 0.000% accumulated 0.000%
c stable glue 5 used 0 clauses 0.000% accumulated 0.000%
c stable glue 6 used 0 clauses 0.000% accumulated 0.000% tier2
c 
c 
c --- [ resources ] ----------------------------------------------------------
c 
c total process time since initialization:         0.00    seconds
c total real time since initialization:            0.00    seconds
c maximum resident set size of process:           24.46    MB
c 
c --- [ shutting down ] ------------------------------------------------------
c 
c exit 20
