c --- [ banner ] -------------------------------------------------------------
c 
c CaDiCaL SAT Solver
c Copyright (c) 2016-2026
c A. Biere, M. Fleury, N. Froleyks, K. Fazekas, F. Pollitt, T. Faller
c JKU Linz, University of Freiburg, TU Wien
c 
c Version 3.0.1 c60730422e758ef1cebe7aeddf2dda31c996bf04
c g++ (Ubuntu 13.3.0-6ubuntu2~24.04.1) 13.3.0 -Wall -Wextra -O3 -DNDEBUG
c Fri Oct 2 18:00:09 UTC 2026 Linux ai-math 6.8.0-139-generic x86_64
c 
c --- [ proof tracing ] ------------------------------------------------------
c 
c opening file to write '/root/earth-moon/lean/data/a4_m09c/leaf8.lrat'
c writing non-binary proof trace to '/root/earth-moon/lean/data/a4_m09c/leaf8.lrat'
c 
c --- [ parsing input ] ------------------------------------------------------
c 
c reading DIMACS file from '/root/earth-moon/lean/data/a4_m09c/leaf8.cnf'
c opening file to read '/root/earth-moon/lean/data/a4_m09c/leaf8.cnf'
c found 'p cnf 2808 267043' header
c parsed 267043 clauses in 0.20 seconds process time
c 
c --- [ options ] ------------------------------------------------------------
c 
c   --binary=false                 (different from default 'true')
c   --lrat=true                    (different from default 'false')
c 
c --- [ solving ] ------------------------------------------------------------
c 
c time measured in process time since initialization
c 
c  seconds  reduction conflicts       size tier2       variables
c         MB    restarts   redundant    glue  trail         remaining
c          level     rate       size/glu tier1  irredundant
c 
c *  0.20 38  0 0   0  0    0    0 0.0 0 0 2 6  0% 266888 2769 99%
c )  0.27 56  0 0   0  0    0    0 0.0 0 0 2 6  0% 266888 2769 99%
c {  0.28 56  0 0   0  0    0    0 0.0 0 0 2 6  0% 266888 2769 99%
c i  0.33 58 1377 0   4 27  107   77 1.9 26 14 2 6 56% 266865 2768 99%
c i  0.33 58 1339 0   5 26  111   79 1.8 25 14 2 6 54% 266865 2767 99%
c i  0.34 58 1119 0   5 30  137   85 1.8 24 14 2 6 47% 266849 2766 99%
c i  0.35 59 706 0   5 19  227  127 1.6 20 12 2 6 33% 266827 2765 98%
c -  0.38 58 536 1   5 15  300   65 1.6 19 12 2 6 27% 266799 2765 98%
c i  0.45 61 291 1  16  9  587  217 1.6 21 13 2 6 22% 266715 2763 98%
c i  0.45 61 289 1  17  9  590  219 1.6 21 13 2 6 22% 266715 2762 98%
c i  0.51 62 231 1  47  8  758  313 1.6 21 14 2 6 20% 266653 2760 98%
c i  0.51 62 230 1  47  8  759  313 1.6 21 14 2 6 20% 266653 2759 98%
c i  0.51 62 230 1  48  8  760  313 1.6 21 14 2 6 20% 266653 2748 98%
c -  0.64 83 196 2  91  8  918  163 1.5 23 16 2 6 19% 266613 2748 98%
c }  0.66 83 183 2 110  8 1001  221 1.5 24 16 2 6 19% 266603 2748 98%
c [  0.66 83  0 2 110  0 1001  221 0.0 0 0 2 6  0% 266603 2748 98%
c O  0.66 83  6 2 110  7 1002  222 6.0 6 1 2 6 16% 266603 2748 98%
c -  0.83 83 24 3 110  1 1999  373 1.7 27 16 2 6 25% 266557 2748 98%
c ]  0.91 83 24 3 111  1 2609  870 1.7 27 16 2 6 23% 266554 2748 98%
c {  0.91 83 183 3 111  8 2609  870 1.5 24 16 2 6 19% 266554 2748 98%
c 
c  seconds   reduction conflicts       size   tier2       variables
c         MB     restarts   redundant     glue   trail         remaining
c           level     rate       size/glue  tier1  irredundant
c 
c i  0.94 83 174 3 127  8 2668  914 1.5 24 16 2 6 19% 266543 2746 98%
c 2  0.97 83 142 3 128  7 2944 1141 1.6 25 16 2 6 19% 266528 2707 96%
c d  1.01 83 142 3 128  7 2944 1139 1.6 25 16 2 6 19% 266457 2706 96%
c p  1.01 83 142 3 128  7 2944 1139 1.6 25 16 2 6 19% 266457 2705 96%
c t  1.11 85 142 3 128  7 2944 1136 1.6 25 16 2 6 19% 266450 2695 96%
c i  1.12 85 142 3 128  7 2949 1139 1.6 25 16 2 6 19% 266449 2694 96%
c i  1.12 85 141 3 128  7 2959 1144 1.6 25 16 2 6 19% 266447 2693 96%
c i  1.12 85 140 3 128  7 2965 1147 1.6 25 16 2 6 19% 266447 2692 96%
c i  1.12 85 139 3 129  6 2978 1153 1.6 25 16 2 6 19% 266447 2691 96%
c O  1.12 85 137 3 129  6 3003 1170 1.6 25 16 2 6 19% 266445 2691 96%
c -  1.22 80 100 4 129  5 3591  594 1.6 24 15 2 6 19% 266431 2691 96%
c i  1.33 80 73 4 140  4 4530 1298 1.7 25 15 2 6 20% 266403 2690 96%
c i  1.33 80 73 4 140  4 4531 1298 1.7 25 15 2 6 20% 266403 2667 95%
c i  1.40 80 69 4 160  4 4821 1538 1.7 25 15 2 6 20% 266391 2666 95%
c i  1.40 80 69 4 161  4 4828 1539 1.7 25 15 2 6 20% 266387 2654 95%
c 2  1.50 80 60 4 166  3 5446 1964 1.7 25 14 11 15 20% 266380 2646 94%
c -  1.59 99 57 5 168  3 5728 1863 1.7 24 14 10 15 20% 266322 2646 94%
c #  1.63 99 55 5 176  3 6008 2076 1.8 24 14 10 15 20% 266322 2646 94%
c i  1.72 99 49 5 206  3 6805 2620 1.7 23 14 10 15 19% 266318 2645 94%
c 2  1.88 99 42 5 219  2 8051 3382 1.7 22 13 10 15 19% 266307 2606 93%
c 
c  seconds  reduction conflicts       size    tier2        variables
c         MB    restarts   redundant     glue     trail         remaining
c          level     rate       size/glue  tier1    irredundant
c 
c i  2.01 99 41 5 234  2 8383 3660 1.7 22 13 10 15 19% 266254 2599 93%
c -  2.05 99 41 6 237  2 8424 3441 1.7 22 13 10 15 19% 266244 2599 93%
c i  2.26 99 39 6 401  2 9281 4123 1.6 23 14 9 15 19% 266226 2589 92%
c }  2.31 99 38 6 475  2 9591 4369 1.6 23 14 9 15 19% 266226 2589 92%
c [  2.31 99 24 6 475  1 9591 4369 1.7 27 16 2 6 23% 266226 2589 92%
c I  2.36 99 23 6 475  1 10009 4639 1.7 27 16 2 6 23% 266226 2589 92%
c i  2.38 99 23 6 475  1 10032 4654 1.7 27 16 2 6 23% 266225 2585 92%
c 2  2.49 99 22 6 476  1 10750 5216 1.6 25 16 2 6 22% 266220 2566 91%
c i  2.57 99 22 6 476  1 11252 5563 1.6 25 16 2 6 22% 266220 2559 91%
c -  2.65 99 22 7 476  1 11693 4300 1.5 24 16 2 6 21% 266169 2559 91%
c s  2.83 100 23 7 477  1 13182 5395 1.5 25 17 2 6 22% 266160 2559 91%
c t  2.84 100 23 7 477  1 13182 5393 1.5 25 17 2 6 22% 266149 2559 91%
c e  2.88 100 23 7 477  1 13182 4769 1.5 25 17 2 6 22% 261931 258  9%
c s  2.89 100 23 7 477  1 13182 4768 1.5 25 17 2 6 22% 261929 258  9%
c 2  3.02 100 23 7 478  1 13534 5071 1.5 25 17 11 20 43% 261910 257  9%
c t  3.03 100 23 7 478  1 13534 5070 1.5 25 17 11 20 43% 261909 257  9%
c B  3.17 100 23 7 479  1 15011 6112 1.5 24 16 11 20 33% 261909 257  9%
c -  3.24 100 22 8 479  1 15547 4500 1.5 23 16 11 20 31% 261909 257  9%
c u  3.45 100 21 8 480  1 16399 5049 1.5 23 15 11 20 33% 261921 257  9%
c v  3.47 100 21 8 480  1 16399 5046 1.5 23 15 11 20 33% 261921 257  9%
c 
c  seconds   reductions conflicts       size    tier2        variables
c          MB    restarts    redundant     glue     trail        remaining
c           level     rate        size/glue  tier1    irredundant
c 
c w  3.48 100 21 8 480  1 16399 5041 1.5 23 15 11 20 33% 261921 257  9%
c x  3.50 100 21 8 480  1 16399 5041 1.5 23 15 11 20 33% 261920 257  9%
c t  3.50 100 21 8 480  1 16399 5040 1.5 23 15 11 20 33% 261920 257  9%
c ]  3.63 100 20 8 480  1 17620 5814 1.5 22 15 11 20 34% 261920 257  9%
c {  3.63 100 38 8 480  2 17620 5814 1.6 23 14 9 15 209% 261920 257  9%
c -  3.88 100 33 9 563  2 19970 5872 1.6 22 14 9 15 167% 261920 257  9%
c B  4.22 100 31 9 677  2 21012 6695 1.6 22 14 9 15 154% 261920 257  9%
c -  4.65 100 26 10 706  2 24978 7390 1.6 20 13 9 15 121% 261920 257  9%
c W  5.43 100 25 10 1090  2 28014 9752 1.6 21 13 9 15 106% 261920 257  9%
c -  6.03 72 25 11 1431  2 30583 9143 1.6 21 13 9 15 97% 261920 257  9%
c p  6.04 72 25 11 1431  2 30583 9148 1.6 21 13 9 15 97% 261920 257  9%
c }  6.28 72 24 11 1661  2 31867 10057 1.5 21 14 9 15 93% 261920 257  9%
c [  6.28 72 20 11 1661  1 31867 10057 1.5 22 15 11 20 34% 261920 257  9%
c W  6.63 72 19 11 1663  1 36016 12784 1.5 23 15 11 20 38% 261920 257  9%
c -  6.70 72 20 12 1663  1 36782 10522 1.5 23 15 11 20 39% 261920 257  9%
c u  6.85 78 20 12 1663  1 36782 10497 1.5 23 15 11 20 39% 261920 257  9%
c v  6.87 78 20 12 1663  1 36782 10493 1.5 23 15 11 20 39% 261920 257  9%
c w  6.87 78 20 12 1663  1 36782 10492 1.5 23 15 11 20 39% 261920 257  9%
c x  6.89 78 20 12 1663  1 36782 10491 1.5 23 15 11 20 39% 261920 257  9%
c -  7.48 78 21 13 1668  1 43580 11776 1.5 23 15 11 17 38% 261920 257  9%
c 
c  seconds  reductions   conflicts        size    tier2        variables
c         MB     restarts      redundant     glue     trail        remaining
c          level       rate         size/glue  tier1    irredundant
c 
c O  7.59 78 21 13 1668  1 45017 13042 1.5 23 15 11 17 39% 261920 257  9%
c -  8.23 78 20 14 1669  1 50981 13760 1.5 22 15 11 17 37% 261920 257  9%
c p  8.23 78 20 14 1669  1 50981 13761 1.5 22 15 11 17 37% 261920 257  9%
c ]  8.34 78 20 14 1669  1 51878 14299 1.5 22 15 11 17 37% 261920 257  9%
c {  8.34 78 24 14 1669  2 51878 14299 1.5 21 14 9 15 93% 261920 257  9%
c s  8.50 79 24 14 1735  2 53156 15122 1.5 21 14 9 15 90% 261913 257  9%
c e  8.55 79 24 14 1735  2 53156 14950 1.5 21 14 9 15 90% 261912 256  9%
c s  8.56 79 24 14 1735  2 53156 14939 1.5 21 14 9 15 90% 261906 256  9%
c F  8.99 79 24 14 2015  2 55019 16366 1.5 21 14 9 15 86% 261906 256  9%
c -  9.60 79 23 15 2230  2 58986 15572 1.5 21 14 9 15 78% 261906 256  9%
c p  9.61 79 23 15 2230  2 58986 15573 1.5 21 14 9 15 78% 261906 256  9%
c u  9.66 79 23 15 2230  2 58986 15546 1.5 21 14 9 15 78% 261906 256  9%
c v  9.68 79 23 15 2230  2 58986 15541 1.5 21 14 9 15 78% 261906 256  9%
c w  9.69 79 23 15 2230  2 58986 15539 1.5 21 14 9 15 78% 261906 256  9%
c x  9.71 79 23 15 2230  2 58986 15539 1.5 21 14 9 15 78% 261906 256  9%
c B 10.42 79 21 15 2547  2 66020 21023 1.6 22 13 9 15 71% 261906 256  9%
c - 10.71 79 21 16 2648  2 67597 18656 1.6 22 13 9 15 69% 261906 256  9%
c p 10.72 79 21 16 2648  2 67597 18658 1.6 22 13 9 15 69% 261906 256  9%
c - 12.03 80 20 17 3256  2 76814 20825 1.6 21 13 9 15 62% 261906 256  9%
c p 12.04 80 20 17 3256  2 76814 20826 1.6 21 13 9 15 62% 261906 256  9%
c 
c  seconds  reductions   conflicts        size   tier2        variables
c         MB     restarts      redundant     glue    trail        remaining
c          level       rate         size/glue  tier1   irredundant
c 
c u 12.26 85 20 17 3256  2 76814 20795 1.6 21 13 9 15 62% 261906 256  9%
c v 12.27 85 20 17 3256  2 76814 20788 1.6 21 13 9 15 62% 261906 256  9%
c w 12.28 85 20 17 3256  2 76814 20788 1.6 21 13 9 15 62% 261906 256  9%
c x 12.30 85 20 17 3256  2 76814 20787 1.6 21 13 9 15 62% 261906 256  9%
c } 12.49 85 20 17 3351  2 77855 21393 1.6 21 13 9 15 61% 261906 256  9%
c [ 12.49 85 20 17 3351  1 77855 21393 1.5 22 15 11 17 37% 261906 256  9%
c B 12.52 85 20 17 3351  1 78022 21497 1.5 22 15 11 17 37% 261906 256  9%
c - 13.33 85 20 18 3355  1 86638 21623 1.5 23 15 11 17 37% 261906 256  9%
c p 13.34 85 20 18 3355  1 86638 21626 1.5 23 15 11 17 37% 261906 256  9%
c W 14.02 85 20 18 3358  1 91023 24734 1.5 23 16 11 17 37% 261906 256  9%
c - 14.63 85 20 19 3361  1 97074 22565 1.5 23 15 11 17 37% 261906 256  9%
c p 14.64 85 20 19 3361  1 97074 22566 1.5 23 15 11 17 37% 261906 256  9%
c u 14.70 85 20 19 3361  1 97074 22531 1.5 23 15 11 17 37% 261906 256  9%
c v 14.72 85 20 19 3361  1 97074 22526 1.5 23 15 11 17 37% 261906 256  9%
c w 14.73 85 20 19 3361  1 97074 22523 1.5 23 15 11 17 37% 261906 256  9%
c x 14.75 85 20 19 3361  1 97074 22523 1.5 23 15 11 17 37% 261906 256  9%
c I 15.56 85 19 19 3365  1 105029 27988 1.5 23 15 11 17 37% 261906 256  9%
c - 15.96 86 19 20 3366  1 108120 25523 1.5 23 15 11 17 37% 261906 256  9%
c p 15.97 86 19 20 3366  1 108120 25526 1.5 23 15 11 17 37% 261906 256  9%
c ] 16.14 86 19 20 3366  1 109646 26602 1.5 23 15 11 17 37% 261906 256  9%
c 
c  seconds  reductions   conflicts         size   tier2        variables
c         MB     restarts       redundant     glue    trail        remaining
c          level       rate          size/glue  tier1   irredundant
c 
c { 16.14 86 20 20 3366  2 109646 26602 1.6 21 13 9 15 61% 261906 256  9%
c s 16.79 86 20 20 4003  2 113150 28983 1.6 21 14 9 15 59% 261880 256  9%
c s 16.86 86 20 20 4003  2 113150 28976 1.6 21 14 9 15 59% 261859 256  9%
c - 17.85 86 20 21 4425  2 119777 27677 1.6 21 14 9 15 55% 261859 256  9%
c p 17.86 86 20 21 4425  2 119777 27678 1.6 21 14 9 15 55% 261859 256  9%
c u 17.92 86 20 21 4425  2 119777 27650 1.6 21 14 9 15 55% 261859 256  9%
c v 17.95 86 20 21 4425  2 119777 27649 1.6 21 14 9 15 55% 261859 256  9%
c w 17.96 86 20 21 4425  2 119777 27644 1.6 21 14 9 15 55% 261859 256  9%
c x 17.99 86 20 21 4425  2 119777 27643 1.6 21 14 9 15 55% 261858 256  9%
c W 18.26 86 20 21 4425  2 120030 27788 1.6 21 14 9 15 55% 261858 256  9%
c - 20.00 86 19 22 5457  2 132046 29025 1.5 21 14 9 15 51% 261858 256  9%
c p 20.01 86 19 22 5457  2 132046 29028 1.5 21 14 9 15 51% 261858 256  9%
c # 20.50 86 19 22 5687  2 136031 31724 1.5 21 14 9 15 50% 261858 256  9%
c - 21.87 86 19 23 6158  2 144927 32253 1.5 21 13 9 15 47% 261858 256  9%
c p 21.89 86 19 23 6158  2 144927 32256 1.5 21 13 9 15 47% 261858 256  9%
c u 22.18 90 19 23 6158  2 144927 32218 1.5 21 13 9 15 47% 261858 256  9%
c v 22.21 90 19 23 6158  2 144927 32213 1.5 21 13 9 15 47% 261858 256  9%
c w 22.22 90 19 23 6158  2 144927 32210 1.5 21 13 9 15 47% 261858 256  9%
c x 22.26 90 19 23 6158  2 144927 32209 1.5 21 13 9 15 47% 261854 256  9%
c } 23.01 90 18 23 6447  2 151216 36395 1.5 21 13 9 15 46% 261854 256  9%
c 
c  seconds  reductions   conflicts         size    tier2        variables
c         MB     restarts       redundant     glue     trail        remaining
c          level       rate          size/glue  tier1    irredundant
c 
c [ 23.01 90 19 23 6447  1 151216 36395 1.5 23 15 11 17 37% 261854 256  9%
c B 23.17 90 19 23 6447  1 153032 37787 1.5 23 15 11 17 37% 261854 256  9%
c - 23.68 90 20 24 6448  1 158424 34358 1.5 23 15 11 17 37% 261854 256  9%
c W 25.02 90 19 24 6448  1 171035 42473 1.5 23 16 11 17 37% 261854 256  9%
c - 25.22 90 19 25 6448  1 172534 35628 1.5 23 16 11 17 37% 261854 256  9%
c p 25.23 90 19 25 6448  1 172534 35630 1.5 23 16 11 17 37% 261854 256  9%
c u 25.30 90 19 25 6448  1 172534 35597 1.5 23 16 11 17 37% 261854 256  9%
c v 25.32 90 19 25 6448  1 172534 35595 1.5 23 16 11 17 37% 261854 256  9%
c w 25.34 90 19 25 6448  1 172534 35594 1.5 23 16 11 17 37% 261854 256  9%
c x 25.37 90 19 25 6448  1 172534 35593 1.5 23 16 11 17 37% 261852 256  9%
c - 27.20 90 19 26 6457  1 187259 39144 1.5 23 15 11 17 37% 261852 256  9%
c p 27.21 90 19 26 6457  1 187259 39146 1.5 23 15 11 17 37% 261852 256  9%
c O 27.54 90 19 26 6459  1 190036 41178 1.5 23 15 11 17 37% 261852 256  9%
c s 27.89 90 19 26 6461  1 193138 43197 1.5 23 15 11 17 37% 261828 256  9%
c s 27.97 90 19 26 6461  1 193138 43192 1.5 23 15 11 17 37% 261809 256  9%
c ] 28.69 90 19 26 6463  1 199622 48133 1.5 23 15 11 17 37% 261809 256  9%
c { 28.69 90 18 26 6463  2 199622 48133 1.5 21 13 9 15 46% 261809 256  9%
c - 29.36 91 18 27 6987  2 202600 41705 1.5 21 14 9 15 45% 261809 256  9%
c p 29.37 91 18 27 6987  2 202600 41707 1.5 21 14 9 15 45% 261809 256  9%
c u 29.47 91 18 27 6987  2 202600 41634 1.5 21 14 9 15 45% 261809 256  9%
c 
c  seconds  reductions   conflicts         size   tier2        variables
c         MB     restarts       redundant     glue    trail        remaining
c          level       rate          size/glue  tier1   irredundant
c 
c v 29.51 91 18 27 6987  2 202600 41632 1.5 21 14 9 15 45% 261809 256  9%
c w 29.54 91 18 27 6987  2 202600 41628 1.5 21 14 9 15 45% 261809 256  9%
c x 29.59 91 18 27 6987  2 202600 41624 1.5 21 14 9 15 45% 261808 256  9%
c B 30.39 91 18 27 7131  2 210039 46105 1.5 20 13 9 15 44% 261808 256  9%
c - 31.54 91 18 28 7856  1 218556 43907 1.5 21 13 9 15 43% 261808 256  9%
c p 31.56 91 18 28 7856  1 218556 43909 1.5 21 13 9 15 43% 261808 256  9%
c W 33.45 91 17 28 8026  1 231040 51554 1.6 21 13 9 15 42% 261808 256  9%
c - 34.00 91 17 29 8055  1 235127 47457 1.6 20 13 9 15 42% 261808 256  9%
c p 34.01 91 17 29 8055  1 235127 47459 1.6 20 13 9 15 42% 261808 256  9%
c u 34.11 91 17 29 8055  1 235127 47426 1.6 20 13 9 15 42% 261808 256  9%
c v 34.15 91 17 29 8055  1 235127 47415 1.6 20 13 9 15 42% 261808 256  9%
c w 34.17 91 17 29 8055  1 235127 47415 1.6 20 13 9 15 42% 261808 256  9%
c x 34.22 91 17 29 8055  1 235127 47415 1.6 20 13 9 15 42% 261808 256  9%
c - 36.76 91 17 30 9366  1 252315 51528 1.6 20 13 9 15 40% 261808 256  9%
c p 36.77 91 17 30 9366  1 252315 51530 1.6 20 13 9 15 40% 261808 256  9%
c u 37.13 96 17 30 9366  1 252315 51501 1.6 20 13 9 15 40% 261808 256  9%
c v 37.15 96 17 30 9366  1 252315 51488 1.6 20 13 9 15 40% 261808 256  9%
c w 37.16 96 17 30 9366  1 252315 51488 1.6 20 13 9 15 40% 261808 256  9%
c x 37.18 96 17 30 9366  1 252315 51487 1.6 20 13 9 15 40% 261806 256  9%
c F 37.39 96 17 30 9527  1 253043 52034 1.6 20 13 9 15 40% 261806 256  9%
c 
c  seconds  reductions    conflicts         size   tier2        variables
c         MB      restarts       redundant     glue    trail        remaining
c          level        rate          size/glue  tier1   irredundant
c 
c } 38.63 96 17 30 10042  1 260193 56850 1.6 20 13 9 15 40% 261806 256  9%
c [ 38.63 96 19 30 10042  1 260193 56850 1.5 23 15 11 17 37% 261806 256  9%
c - 39.62 96 18 31 10045  1 270121 55068 1.5 23 15 10 17 37% 261806 256  9%
c p 39.63 96 18 31 10045  1 270121 55070 1.5 23 15 10 17 37% 261806 256  9%
c u 39.69 96 18 31 10045  1 270121 55060 1.5 23 15 10 17 37% 261806 256  9%
c v 39.71 96 18 31 10045  1 270121 55059 1.5 23 15 10 17 37% 261806 256  9%
c w 39.72 96 18 31 10045  1 270121 55058 1.5 23 15 10 17 37% 261806 256  9%
c x 39.75 96 18 31 10045  1 270121 55056 1.5 23 15 10 17 37% 261806 256  9%
c B 40.22 96 19 31 10049  1 276044 60165 1.5 23 15 10 17 38% 261806 256  9%
c - 41.40 96 19 32 10056  1 288544 58118 1.5 23 15 10 17 37% 261806 256  9%
c p 41.41 96 19 32 10056  1 288544 58120 1.5 23 15 10 17 37% 261806 256  9%
c s 41.89 96 19 32 10057  1 293120 61057 1.5 23 16 10 17 37% 261781 256  9%
c s 41.97 96 19 32 10057  1 293120 61043 1.5 23 16 10 17 37% 261726 256  9%
c W 43.13 96 19 32 10057  1 300046 65637 1.5 23 16 10 17 37% 261726 256  9%
c - 43.96 96 19 33 10058  1 307589 58881 1.5 23 16 10 17 37% 261726 256  9%
c p 43.97 96 19 33 10058  1 307589 58883 1.5 23 16 10 17 37% 261726 256  9%
c u 44.06 96 19 33 10058  1 307589 58846 1.5 23 16 10 17 37% 261726 256  9%
c v 44.10 96 19 33 10058  1 307589 58845 1.5 23 16 10 17 37% 261726 256  9%
c w 44.12 96 19 33 10058  1 307589 58844 1.5 23 16 10 17 37% 261726 256  9%
c x 44.17 96 19 33 10058  1 307589 58844 1.5 23 16 10 17 37% 261723 256  9%
c 
c  seconds  reductions    conflicts         size    tier2        variables
c         MB      restarts       redundant     glue     trail        remaining
c          level        rate          size/glue  tier1    irredundant
c 
c I 45.85 96 19 33 10059  1 325047 69507 1.5 23 16 10 17 37% 261723 256  9%
c - 46.19 96 19 34 10059  1 327247 60513 1.5 23 15 10 17 37% 261723 256  9%
c p 46.21 96 19 34 10059  1 327247 60515 1.5 23 15 10 17 37% 261723 256  9%
c ] 46.26 96 19 34 10059  1 327375 60584 1.5 23 15 10 17 37% 261723 256  9%
c { 46.26 96 17 34 10059  1 327375 60584 1.6 20 13 9 15 40% 261723 256  9%
c - 50.44 84 17 35 12593  1 347525 54034 1.5 21 13 8 14 39% 261723 256  9%
c p 50.45 84 17 35 12593  1 347525 54036 1.5 21 13 8 14 39% 261723 256  9%
c u 50.59 84 17 35 12593  1 347525 53981 1.5 21 13 8 14 39% 261723 256  9%
c v 50.65 84 17 35 12593  1 347525 53953 1.5 21 13 8 14 39% 261723 256  9%
c w 50.68 84 17 35 12593  1 347525 53951 1.5 21 13 8 14 39% 261723 256  9%
c x 50.76 84 17 35 12593  1 347525 53951 1.5 21 13 8 14 39% 261722 256  9%
c B 51.19 84 17 35 12614  1 351048 56228 1.5 21 13 8 14 39% 261722 256  9%
c - 53.95 108 17 36 13697  1 368419 54663 1.5 20 13 8 14 38% 261722 256  9%
c p 53.96 108 17 36 13697  1 368419 54665 1.5 20 13 8 14 38% 261722 256  9%
c u 54.05 108 17 36 13697  1 368419 54631 1.5 20 13 8 14 38% 261722 256  9%
c v 54.08 108 17 36 13697  1 368419 54628 1.5 20 13 8 14 38% 261722 256  9%
c w 54.10 108 17 36 13697  1 368419 54628 1.5 20 13 8 14 38% 261722 256  9%
c x 54.15 108 17 36 13697  1 368419 54628 1.5 20 13 8 14 38% 261722 256  9%
c W 56.55 108 17 36 14495  1 378052 60777 1.5 20 13 8 14 38% 261722 256  9%
c - 58.60 132 17 37 15131  1 389933 57102 1.5 20 13 8 14 38% 261722 256  9%
c 
c  seconds   reductions    conflicts         size   tier2        variables
c          MB      restarts       redundant     glue    trail        remaining
c           level        rate          size/glue  tier1   irredundant
c 
c p 58.61 132 17 37 15131  1 389933 57104 1.5 20 13 8 14 38% 261722 256  9%
c u 58.69 132 17 37 15131  1 389933 57060 1.5 20 13 8 14 38% 261722 256  9%
c v 58.72 132 17 37 15131  1 389933 57052 1.5 20 13 8 14 38% 261722 256  9%
c w 58.73 132 17 37 15131  1 389933 57051 1.5 20 13 8 14 38% 261722 256  9%
c x 58.77 132 17 37 15131  1 389933 57049 1.5 20 13 8 14 38% 261722 256  9%
c # 60.04 132 16 37 15578  1 406053 65467 1.5 20 13 8 14 36% 261722 256  9%
c } 60.63 132 16 37 15820  1 408911 67470 1.5 20 13 8 14 36% 261722 256  9%
c [ 60.63 132 19 37 15820  1 408911 67470 1.5 23 15 10 17 37% 261722 256  9%
c - 61.02 80 19 38 15820  1 412066 59505 1.5 23 15 10 17 37% 261722 256  9%
c p 61.03 80 19 38 15820  1 412066 59506 1.5 23 15 10 17 37% 261722 256  9%
c s 61.47 94 19 38 15820  1 413093 60146 1.5 23 15 10 17 37% 261676 256  9%
c s 61.57 94 19 38 15820  1 413093 60098 1.5 23 15 10 17 37% 261613 256  9%
c - 63.96 104 18 39 15823  1 434821 61087 1.5 23 15 10 17 37% 261613 256  9%
c p 63.97 104 18 39 15823  1 434821 61089 1.5 23 15 10 17 37% 261613 256  9%
c u 64.09 104 18 39 15823  1 434821 61065 1.5 23 15 10 17 37% 261613 256  9%
c v 64.14 104 18 39 15823  1 434821 61053 1.5 23 15 10 17 37% 261613 256  9%
c w 64.16 104 18 39 15823  1 434821 61052 1.5 23 15 10 17 37% 261613 256  9%
c x 64.23 104 18 39 15823  1 434821 61052 1.5 23 15 10 17 37% 261613 256  9%
c B 64.30 104 18 39 15823  1 435054 61228 1.5 23 15 10 17 37% 261613 256  9%
c - 66.61 104 18 40 15835  1 458192 64293 1.5 23 15 10 17 37% 261613 256  9%
c 
c  seconds   reductions    conflicts         size    tier2        variables
c          MB      restarts       redundant     glue     trail        remaining
c           level        rate          size/glue  tier1    irredundant
c 
c p 66.62 104 18 40 15835  1 458192 64295 1.5 23 15 10 17 37% 261613 256  9%
c u 66.68 104 18 40 15835  1 458192 64262 1.5 23 15 10 17 37% 261613 256  9%
c v 66.70 104 18 40 15835  1 458192 64257 1.5 23 15 10 17 37% 261613 256  9%
c w 66.71 104 18 40 15835  1 458192 64256 1.5 23 15 10 17 37% 261613 256  9%
c x 66.75 104 18 40 15835  1 458192 64253 1.5 23 15 10 17 37% 261613 256  9%
c W 67.98 104 18 40 15836  1 465056 68772 1.5 22 15 10 16 37% 261613 256  9%
c - 70.03 104 17 41 15846  1 482183 68332 1.5 22 14 10 16 37% 261613 256  9%
c p 70.05 104 17 41 15846  1 482183 68334 1.5 22 14 10 16 37% 261613 256  9%
c u 70.13 104 17 41 15846  1 482183 68313 1.5 22 14 10 16 37% 261613 256  9%
c v 70.16 104 17 41 15846  1 482183 68299 1.5 22 14 10 16 37% 261613 256  9%
c w 70.17 104 17 41 15846  1 482183 68299 1.5 22 14 10 16 37% 261613 256  9%
c x 70.20 104 17 41 15846  1 482183 68299 1.5 22 14 10 16 37% 261613 256  9%
c O 71.83 104 17 41 15850  1 496059 76413 1.6 21 14 10 16 37% 261613 256  9%
c ] 72.15 104 16 41 15851  1 498887 77868 1.6 21 14 10 16 37% 261613 256  9%
c { 72.15 104 16 41 15851  1 498887 77868 1.5 20 13 8 14 36% 261613 256  9%
c - 73.03 77 16 42 15863  1 506792 72023 1.5 19 13 8 14 36% 261613 256  9%
c p 73.04 77 16 42 15863  1 506792 72026 1.5 19 13 8 14 36% 261613 256  9%
c u 73.13 77 16 42 15863  1 506792 72003 1.5 19 13 8 14 36% 261613 256  9%
c v 73.17 77 16 42 15863  1 506792 71991 1.5 19 13 8 14 36% 261613 256  9%
c w 73.18 77 16 42 15863  1 506792 71987 1.5 19 13 8 14 36% 261613 256  9%
c 
c  seconds  reductions    conflicts         size   tier2        variables
c         MB      restarts       redundant     glue    trail        remaining
c          level        rate          size/glue  tier1   irredundant
c 
c x 73.24 77 16 42 15863  1 506792 71984 1.5 19 13 8 14 36% 261511 256  9%
c i 74.45 77 15 42 15931  1 517143 77094 1.5 19 12 8 14 35% 261511 255  9%
c B 76.32 79 15 42 16471  1 528061 84748 1.5 19 12 8 14 36% 261511 255  9%
c - 77.21 76 15 43 17286  1 532023 40158 1.5 19 12 7 13 36% 245556 255  9%
c p 77.23 76 15 43 17286  1 532023 40161 1.5 19 12 7 13 36% 245556 255  9%
c u 77.33 76 15 43 17286  1 532023 40120 1.5 19 12 7 13 36% 245556 255  9%
c v 77.38 76 15 43 17286  1 532023 40117 1.5 19 12 7 13 36% 245556 255  9%
c w 77.40 76 15 43 17286  1 532023 40112 1.5 19 12 7 13 36% 245556 255  9%
c x 77.46 76 15 43 17286  1 532023 40112 1.5 19 12 7 13 36% 245547 255  9%
c s 80.64 82 15 43 18829  1 553053 52671 1.5 19 12 7 13 35% 245519 255  9%
c t 80.65 82 15 43 18829  1 553053 52671 1.5 19 12 7 13 35% 245518 255  9%
c e 80.69 82 15 43 18829  1 553053 52573 1.5 19 12 7 13 35% 245516 253  9%
c s 80.75 82 15 43 18829  1 553053 52534 1.5 19 12 7 13 35% 245426 253  9%
c - 81.60 99 15 44 19290  1 557372 46935 1.5 19 13 7 13 35% 245426 253  9%
c p 81.61 99 15 44 19290  1 557372 46938 1.5 19 13 7 13 35% 245426 253  9%
c u 81.70 99 15 44 19290  1 557372 46900 1.5 19 13 7 13 35% 245426 253  9%
c v 81.74 99 15 44 19290  1 557372 46892 1.5 19 13 7 13 35% 245426 253  9%
c w 81.76 99 15 44 19290  1 557372 46889 1.5 19 13 7 13 35% 245426 253  9%
c x 81.81 99 15 44 19290  1 557372 46889 1.5 19 13 7 13 35% 245420 253  9%
c W 83.23 99 15 44 19409  1 561063 48842 1.5 19 12 7 13 35% 245420 253  9%
c 
c  seconds   reductions    conflicts         size   tier2        variables
c          MB      restarts       redundant     glue    trail        remaining
c           level        rate          size/glue  tier1   irredundant
c 
c - 86.43 121 15 45 20468  1 583314 53411 1.5 18 12 7 13 35% 245420 253  9%
c p 86.45 121 15 45 20468  1 583314 53414 1.5 18 12 7 13 35% 245420 253  9%
c u 86.52 121 15 45 20468  1 583314 53376 1.5 18 12 7 13 35% 245420 253  9%
c v 86.55 121 15 45 20468  1 583314 53362 1.5 18 12 7 13 35% 245420 253  9%
c w 86.57 121 15 45 20468  1 583314 53353 1.5 18 12 7 13 35% 245420 253  9%
c x 86.62 121 15 45 20468  1 583314 53352 1.5 18 12 7 13 35% 245414 253  9%
c F 88.30 121 15 45 20893  1 595064 61067 1.5 18 12 7 13 35% 245414 253  9%
c } 90.36 121 15 45 22345  1 606193 68071 1.5 18 12 7 13 35% 245414 253  9%
c [ 90.36 121 16 45 22345  1 606193 68071 1.6 21 14 10 16 37% 245414 253  9%
c - 90.87 122 16 46 22345  1 609852 58868 1.6 21 14 10 16 37% 245414 253  9%
c p 90.88 122 16 46 22345  1 609852 58871 1.6 21 14 10 16 37% 245414 253  9%
c u 90.99 122 16 46 22345  1 609852 58843 1.6 21 14 10 16 37% 245414 253  9%
c v 91.03 122 16 46 22345  1 609852 58834 1.6 21 14 10 16 37% 245414 253  9%
c w 91.05 122 16 46 22345  1 609852 58833 1.6 21 14 10 16 37% 245414 253  9%
c x 91.10 122 16 46 22345  1 609852 58832 1.6 21 14 10 16 37% 245411 253  9%
c t 91.11 122 16 46 22345  1 609852 58831 1.6 21 14 10 16 37% 245411 253  9%
c B 93.21 122 17 46 22351  1 630066 73118 1.6 22 14 10 16 37% 245411 253  9%
c - 93.99 122 17 47 22355  1 636987 60111 1.6 22 14 10 16 37% 245411 253  9%
c p 94.01 122 17 47 22355  1 636987 60114 1.6 22 14 10 16 37% 245411 253  9%
c u 94.47 122 17 47 22355  1 636987 60075 1.6 22 14 10 16 37% 245411 253  9%
c 
c  seconds   reductions    conflicts         size    tier2        variables
c          MB      restarts       redundant     glue     trail        remaining
c           level        rate          size/glue  tier1    irredundant
c 
c v 94.52 122 17 47 22355  1 636987 60067 1.6 22 14 10 16 37% 245411 253  9%
c w 94.54 122 17 47 22355  1 636987 60066 1.6 22 14 10 16 37% 245411 253  9%
c x 94.58 122 17 47 22355  1 636987 60066 1.6 22 14 10 16 37% 245408 253  9%
c - 98.25 122 16 48 22367  1 664719 60547 1.6 22 14 9 16 37% 245408 253  9%
c p 98.26 122 16 48 22367  1 664719 60550 1.6 22 14 9 16 37% 245408 253  9%
c u 98.35 122 16 48 22367  1 664719 60511 1.6 22 14 9 16 37% 245408 253  9%
c v 98.39 122 16 48 22367  1 664719 60504 1.6 22 14 9 16 37% 245408 253  9%
c w 98.41 122 16 48 22367  1 664719 60502 1.6 22 14 9 16 37% 245408 253  9%
c x 98.46 122 16 48 22367  1 664719 60502 1.6 22 14 9 16 37% 245405 253  9%
c t 98.46 122 16 48 22367  1 664719 60501 1.6 22 14 9 16 37% 245405 253  9%
c W 99.21 122 16 48 22367  1 666067 61281 1.6 22 14 9 16 37% 245405 253  9%
c - 101.47 122 18 49 22376  1 693049 63109 1.6 23 15 9 16 39% 245405 253  9%
c p 101.48 122 18 49 22376  1 693049 63112 1.6 23 15 9 16 39% 245405 253  9%
c u 101.56 122 18 49 22376  1 693049 63040 1.6 23 15 9 16 39% 245405 253  9%
c v 101.59 122 18 49 22376  1 693049 63026 1.6 23 15 9 16 39% 245405 253  9%
c w 101.61 122 18 49 22376  1 693049 63026 1.6 23 15 9 16 39% 245405 253  9%
c x 101.66 122 18 49 22376  1 693049 63026 1.6 23 15 9 16 39% 245405 253  9%
c I 102.89 122 19 49 22376  1 703069 70540 1.6 23 15 9 16 39% 245405 253  9%
c s 103.92 122 19 49 22377  1 711809 76573 1.5 23 15 9 16 39% 245279 253  9%
c s 104.05 122 19 49 22377  1 711809 76556 1.5 23 15 9 16 39% 245151 253  9%
c 
c  seconds    reductions    conflicts         size   tier2        variables
c           MB      restarts       redundant     glue    trail        remaining
c            level        rate          size/glue  tier1   irredundant
c 
c - 105.35 122 19 50 22377  1 721979 61808 1.5 23 15 9 16 39% 245151 253  9%
c p 105.37 122 19 50 22377  1 721979 61811 1.5 23 15 9 16 39% 245151 253  9%
c u 105.46 122 19 50 22377  1 721979 61763 1.5 23 15 9 16 39% 245151 253  9%
c v 105.50 122 19 50 22377  1 721979 61755 1.5 23 15 9 16 39% 245151 253  9%
c w 105.52 122 19 50 22377  1 721979 61752 1.5 23 15 9 16 39% 245151 253  9%
c x 105.57 122 19 50 22377  1 721979 61751 1.5 23 15 9 16 39% 245149 253  9%
c t 105.57 122 19 50 22377  1 721979 61750 1.5 23 15 9 16 39% 245149 253  9%
c ] 106.25 122 19 50 22377  1 727328 65460 1.5 23 15 9 16 39% 245149 253  9%
c { 106.25 122 15 50 22377  1 727328 65460 1.5 18 12 7 13 35% 245149 253  9%
c B 108.59 122 15 50 24225  1 741073 74532 1.5 19 13 7 13 35% 245149 253  9%
c - 109.10 122 15 51 24396  1 751495 64201 1.5 18 12 7 13 34% 245149 253  9%
c p 109.12 122 15 51 24396  1 751495 64204 1.5 18 12 7 13 34% 245149 253  9%
c u 109.21 122 15 51 24396  1 751495 64183 1.5 18 12 7 13 34% 245149 253  9%
c v 109.26 122 15 51 24396  1 751495 64179 1.5 18 12 7 13 34% 245149 253  9%
c w 109.29 122 15 51 24396  1 751495 64178 1.5 18 12 7 13 34% 245149 253  9%
c x 109.37 122 15 51 24396  1 751495 64178 1.5 18 12 7 13 34% 245147 253  9%
c W 113.17 122 15 51 26128  1 780074 80684 1.5 18 12 7 13 34% 245147 253  9%
c - 113.31 126 15 52 26129  1 781607 69349 1.5 18 12 7 13 33% 245147 253  9%
c p 113.33 126 15 52 26129  1 781607 69352 1.5 18 12 7 13 33% 245147 253  9%
c u 113.40 126 15 52 26129  1 781607 69321 1.5 18 12 7 13 33% 245147 253  9%
c 
c  seconds    reductions    conflicts         size   tier2        variables
c           MB      restarts       redundant     glue    trail        remaining
c            level        rate          size/glue  tier1   irredundant
c 
c v 113.43 126 15 52 26129  1 781607 69310 1.5 18 12 7 13 33% 245147 253  9%
c w 113.44 126 15 52 26129  1 781607 69308 1.5 18 12 7 13 33% 245147 253  9%
c x 113.48 126 15 52 26129  1 781607 69308 1.5 18 12 7 13 33% 245144 253  9%
c - 117.04 126 14 53 27934  1 812317 73885 1.5 18 12 7 13 34% 245144 253  9%
c p 117.06 126 14 53 27934  1 812317 73888 1.5 18 12 7 13 34% 245144 253  9%
c u 117.14 126 14 53 27934  1 812317 73867 1.5 18 12 7 13 34% 245144 253  9%
c v 117.17 126 14 53 27934  1 812317 73855 1.5 18 12 7 13 34% 245144 253  9%
c w 117.18 126 14 53 27934  1 812317 73850 1.5 18 12 7 13 34% 245144 253  9%
c x 117.22 126 14 53 27934  1 812317 73848 1.5 18 12 7 13 34% 245141 253  9%
c # 118.03 126 14 53 28005  1 820076 77891 1.5 18 12 7 13 34% 245141 253  9%
c - 120.98 126 14 54 30806  1 843623 76920 1.5 18 12 7 13 34% 245141 253  9%
c p 120.99 126 14 54 30806  1 843623 76923 1.5 18 12 7 13 34% 245141 253  9%
c u 121.07 126 14 54 30806  1 843623 76846 1.5 18 12 7 13 34% 245141 253  9%
c v 121.10 126 14 54 30806  1 843623 76831 1.5 18 12 7 13 34% 245141 253  9%
c w 121.11 126 14 54 30806  1 843623 76829 1.5 18 12 7 13 34% 245141 253  9%
c x 121.16 126 14 54 30806  1 843623 76828 1.5 18 12 7 13 34% 245133 253  9%
c B 123.33 126 14 54 31882  1 861077 86707 1.5 18 12 7 13 34% 245133 253  9%
c } 125.12 126 14 54 32824  1 874437 94188 1.5 18 12 7 13 34% 245133 253  9%
c [ 125.12 126 19 54 32824  1 874437 94188 1.5 23 15 9 16 39% 245133 253  9%
c - 125.31 126 19 55 32824  1 875528 80538 1.5 23 15 9 16 39% 245133 253  9%
c 
c  seconds    reductions    conflicts         size   tier2        variables
c           MB      restarts       redundant     glue    trail        remaining
c            level        rate          size/glue  tier1   irredundant
c 
c p 125.33 126 19 55 32824  1 875528 80541 1.5 23 15 9 16 39% 245133 253  9%
c u 125.43 126 19 55 32824  1 875528 80519 1.5 23 15 9 16 39% 245133 253  9%
c v 125.48 126 19 55 32824  1 875528 80511 1.5 23 15 9 16 39% 245133 253  9%
c w 125.50 126 19 55 32824  1 875528 80510 1.5 23 15 9 16 39% 245133 253  9%
c x 125.56 126 19 55 32824  1 875528 80507 1.5 23 15 9 16 39% 245128 253  9%
c s 127.49 126 18 55 32825  1 890375 90088 1.5 23 15 9 16 39% 244677 253  9%
c s 127.63 126 18 55 32825  1 890375 90072 1.5 23 15 9 16 39% 244445 253  9%
c B 129.31 126 18 55 32825  1 903078 98592 1.6 22 15 9 16 39% 244445 253  9%
c - 129.93 126 18 56 32825  1 908028 84179 1.5 23 15 9 16 38% 244445 253  9%
c p 129.95 126 18 56 32825  1 908028 84182 1.5 23 15 9 16 38% 244445 253  9%
c u 130.05 126 18 56 32825  1 908028 84127 1.5 23 15 9 16 38% 244445 253  9%
c v 130.10 126 18 56 32825  1 908028 84120 1.5 23 15 9 16 38% 244445 253  9%
c w 130.12 126 18 56 32825  1 908028 84117 1.5 23 15 9 16 38% 244445 253  9%
c x 130.19 126 18 56 32825  1 908028 84116 1.5 23 15 9 16 38% 244427 253  9%
c t 130.19 126 18 56 32825  1 908028 84115 1.5 23 15 9 16 38% 244427 253  9%
c - 133.87 126 17 57 32825  1 941099 85686 1.6 22 14 9 16 38% 244427 253  9%
c p 133.89 126 17 57 32825  1 941099 85690 1.6 22 14 9 16 38% 244427 253  9%
c u 134.15 126 17 57 32825  1 941099 85642 1.6 22 14 9 16 38% 244427 253  9%
c v 134.19 126 17 57 32825  1 941099 85586 1.6 22 14 9 16 38% 244427 253  9%
c w 134.22 126 17 57 32825  1 941099 85585 1.6 22 14 9 16 38% 244427 253  9%
c 
c  seconds    reductions    conflicts         size   tier2        variables
c           MB      restarts       redundant     glue    trail        remaining
c            level        rate          size/glue  tier1   irredundant
c 
c x 134.27 126 17 57 32825  1 941099 85584 1.6 22 14 9 16 38% 244401 253  9%
c t 134.28 126 17 57 32825  1 941099 85580 1.6 22 14 9 16 38% 244401 253  9%
c W 135.81 126 17 57 32825  1 946082 89445 1.6 22 14 9 16 38% 244401 253  9%
c - 139.16 126 17 58 32839  1 974764 87312 1.6 22 14 9 16 38% 244401 253  9%
c p 139.17 126 17 58 32839  1 974764 87317 1.6 22 14 9 16 38% 244401 253  9%
c u 139.27 126 17 58 32839  1 974764 87266 1.6 22 14 9 16 38% 244401 253  9%
c v 139.32 126 17 58 32839  1 974764 87234 1.6 22 14 9 16 38% 244401 253  9%
c w 139.34 126 17 58 32839  1 974764 87212 1.6 22 14 9 16 38% 244401 253  9%
c x 139.40 126 17 58 32839  1 974764 87209 1.6 22 14 9 16 38% 244342 253  9%
c t 139.40 126 17 58 32839  1 974764 87207 1.6 22 14 9 16 38% 244342 253  9%
c i 139.75 126 17 58 32839  1 976617 88132 1.6 22 14 9 16 38% 244342 252  9%
c i 140.05 126 17 58 32840  1 978478 88889 1.6 22 14 9 16 38% 244342 251  9%
c i 140.72 126 16 58 32841  1 985273 92147 1.6 22 14 9 16 38% 244342 247  9%
c i 140.87 126 16 58 32842  1 986812 93005 1.6 22 14 9 16 38% 244342 243  9%
c i 140.91 126 16 58 32843  1 987436 93183 1.6 21 14 9 16 37% 244342 242  9%
c i 140.92 126 16 58 32843  1 987579 93216 1.6 21 14 9 16 37% 244342 226  8%
c i 140.92 126 16 58 32843  1 987580 93216 1.6 21 14 9 16 37% 244342 225  8%
c i 140.92 126 16 58 32843  1 987583 93217 1.6 21 14 9 16 37% 244342 224  8%
c i 140.92 126 16 58 32843  1 987584 93217 1.6 21 14 9 16 37% 244342 207  7%
c ] 140.92 126 16 58 32843  1 987586 93217 1.6 21 14 9 16 37% 244342 194  7%
c 
c  seconds    reductions    conflicts         size   tier2        variables
c           MB      restarts       redundant     glue    trail        remaining
c            level        rate          size/glue  tier1   irredundant
c 
c 0 140.92 126 16 58 32843  1 987586 93217 1.6 21 14 9 16 37% 244342 194  7%
c 
c --- [ closing proof ] ------------------------------------------------------
c 
c LRAT proof file '/root/earth-moon/lean/data/a4_m09c/leaf8.lrat' closed
c LRAT 1353140 added clauses 51.35%
c LRAT 1281946 deleted clauses 48.65%
c LRAT 268584457 bytes (256.14 MB)
c 
c --- [ result ] -------------------------------------------------------------
c 
s UNSATISFIABLE
c 
c --- [ run-time profiling ] -------------------------------------------------
c 
c process time taken by individual solving procedures
c (percentage relative to process time for solving)
c 
c       130.21   92.53% search
c        68.65   48.78% unstable
c        55.20   39.23% stable
c        10.51    7.47% simplify
c         6.30    4.48% vivify
c         6.27    4.45% walk
c         1.59    1.13% sweep
c         0.82    0.59% subsume
c         0.65    0.46% elim
c         0.39    0.28% probe
c         0.20    0.14% parse
c         0.18    0.13% congruence
c         0.14    0.10% ternary
c         0.09    0.06% lucky
c         0.00    0.00% backbone
c   =================================
c       140.72   99.86% solve
c 
c last line shows process time for solving
c (percentage relative to total process time)
c 
c --- [ statistics ] ---------------------------------------------------------
c 
c chronological:            112189        11.36 %  of conflicts
c conflicts:                987586      7018.02    per second
c backbone:                  95363      3396.12 %  of vars
c decisions:               1190893      8462.77    per second
c eliminated:                 1938        69.02 %  of all variables
c fixed:                       675        24.04 %  of all variables
c learned:                  971446        98.37 %  per conflict
c learned_lits:           28650342       100.00 %  learned literals
c minimized:                     0         0.00 %  learned literals
c shrunken:                6855517        23.93 %  learned literals
c minishrunken:            1742986         6.08 %  learned literals
c otfs:                       4862         0.49 %  of conflict
c propagations:           14085847         0.10 M  per second
c reduced:                  504869        51.12 %  per conflict
c rephased:                     43     22967.12    interval
c restarts:                  32843        30.07    interval
c stabilizing:                   9        50.62 %  of conflicts
c substituted:                   1         0.04 %  of all variables
c subsumed:                 340668        27.43 %  of all clauses
c strengthened:              36272         2.92 %  of all clauses
c ticks:                7251146470       521.75    propagation
c vivified:                   3093         0.25 %  of all clauses
c walked:                       13     75968.15    interval
c weakened:                   4651         2.61    average size
c congruence:                   10     98758.60    interval
c 
c seconds are measured in process time for solving
c 
c --- [ glue usage ] ---------------------------------------------------------
c 
c focused glue 7 used 82595 clauses 6.142% accumulated 53.56% tier1
c focused glue 8 used 75900 clauses 5.644% accumulated 59.20%
c focused glue 9-11 used 231970 clauses 17.25% accumulated 76.45%
c focused glue 12 used 69743 clauses 5.186% accumulated 81.64%
c focused glue 13 used 59456 clauses 4.421% accumulated 86.06% tier2
c 
c stable glue 8 used 71283 clauses 4.604% accumulated 50.33% tier1
c stable glue 9 used 73330 clauses 4.737% accumulated 55.07%
c stable glue 10-14 used 392487 clauses 25.35% accumulated 80.42%
c stable glue 15 used 65058 clauses 4.202% accumulated 84.63%
c stable glue 16 used 55279 clauses 3.571% accumulated 88.20% tier2
c 
c 
c --- [ resources ] ----------------------------------------------------------
c 
c total process time since initialization:       140.92    seconds
c total real time since initialization:          140.93    seconds
c maximum resident set size of process:          131.82    MB
c 
c --- [ shutting down ] ------------------------------------------------------
c 
c exit 20
