c --- [ banner ] -------------------------------------------------------------
c 
c CaDiCaL SAT Solver
c Copyright (c) 2016-2026
c A. Biere, M. Fleury, N. Froleyks, K. Fazekas, F. Pollitt, T. Faller
c JKU Linz, University of Freiburg, TU Wien
c 
c Version 3.0.1 c60730422e758ef1cebe7aeddf2dda31c996bf04
c g++ (Ubuntu 13.3.0-6ubuntu2~24.04.1) 13.3.0 -Wall -Wextra -O3 -DNDEBUG
c Fri Oct 2 18:00:09 UTC 2026 Linux ai-math 6.8.0-139-generic x86_64
c 
c --- [ proof tracing ] ------------------------------------------------------
c 
c opening file to write '/root/earth-moon/lean/data/a4_m09c/leaf11.lrat'
c writing non-binary proof trace to '/root/earth-moon/lean/data/a4_m09c/leaf11.lrat'
c 
c --- [ parsing input ] ------------------------------------------------------
c 
c reading DIMACS file from '/root/earth-moon/lean/data/a4_m09c/leaf11.cnf'
c opening file to read '/root/earth-moon/lean/data/a4_m09c/leaf11.cnf'
c found 'p cnf 2808 530604' header
c parsed 530604 clauses in 0.34 seconds process time
c 
c --- [ options ] ------------------------------------------------------------
c 
c   --binary=false                 (different from default 'true')
c   --lrat=true                    (different from default 'false')
c 
c --- [ solving ] ------------------------------------------------------------
c 
c time measured in process time since initialization
c 
c  seconds  reduction conflicts       size tier2       variables
c         MB    restarts   redundant    glue  trail         remaining
c          level     rate       size/glu tier1  irredundant
c 
c *  0.34 71  0 0   0  0    0    0 0.0 0 0 2 6  0% 530471 2770 99%
c )  0.46 103  0 0   0  0    0    0 0.0 0 0 2 6  0% 530471 2770 99%
c {  0.48 104  0 0   0  0    0    0 0.0 0 0 2 6  0% 530471 2770 99%
c i  0.53 105 1517 0   0 60   65   41 2.0 19 10 2 6 62% 530451 2769 99%
c i  0.53 105 1504 0   0 56   70   44 2.0 19 9 2 6 61% 530451 2768 99%
c i  0.53 105 1499 0   0 55   72   45 2.0 18 9 2 6 61% 530451 2767 99%
c i  0.53 105 1491 0   0 52   78   48 2.0 18 9 2 6 61% 530451 2766 99%
c i  0.56 106 1443 0   0 36  112   76 2.3 19 9 2 6 60% 530451 2765 98%
c i  0.56 106 1437 0   0 34  118   81 2.3 20 9 2 6 59% 530451 2764 98%
c i  0.57 106 1429 0   0 32  127   89 2.3 20 9 2 6 59% 530451 2763 98%
c -  0.70 109 1367 1   0 14  300  114 2.8 24 9 2 6 57% 530427 2763 98%
c i  0.76 113 1204 1  10 14  340  132 2.6 23 9 2 6 51% 530412 2762 98%
c i  0.76 113 1197 1  10 14  343  133 2.6 23 9 2 6 51% 530411 2761 98%
c i  0.82 113 950 1  28 12  441  167 2.2 23 11 2 6 43% 530363 2760 98%
c i  0.99 115 613 1  89 10  692  339 1.8 24 13 2 6 32% 530303 2758 98%
c i  1.17 116 484 1 138 10  887  481 1.6 24 15 2 6 28% 530270 2757 98%
c }  1.23 117 430 1 164  9 1006  539 1.6 24 15 2 6 26% 530224 2757 98%
c [  1.23 117  0 1 164  0 1006  539 0.0 0 0 2 6  0% 530224 2757 98%
c O  1.24 117  6 1 164  7 1007  540 3.5 7 2 2 6 17% 530224 2757 98%
c -  1.38 156 11 2 164  1 1053  224 1.7 13 8 2 6 25% 530208 2757 98%
c 
c  seconds   reduction conflicts       size   tier2       variables
c          MB    restarts   redundant     glue   trail         remaining
c           level     rate       size/glue  tier1  irredundant
c 
c -  1.71 156 20 3 165  1 2451  449 1.7 21 13 2 6 20% 530150 2757 98%
c I  1.83 156 20 3 165  1 3009  934 1.7 22 13 2 6 20% 530131 2757 98%
c ]  1.91 156 20 3 166  1 3197 1107 1.8 23 13 2 6 20% 530129 2757 98%
c {  1.91 156 430 3 166  9 3197 1107 1.6 24 15 2 6 26% 530129 2757 98%
c 2  1.97 156 399 3 187  9 3277 1171 1.5 24 16 2 6 25% 530128 2743 98%
c d  2.00 156 399 3 187  9 3277 1170 1.5 24 16 2 6 25% 530100 2742 98%
c p  2.00 156 399 3 187  9 3277 1170 1.5 24 16 2 6 25% 530100 2741 98%
c =  2.19 159 399 3 187  9 3277 1166 1.5 24 16 2 6 25% 530059 2699 96%
c i  2.23 159 391 3 194  9 3302 1188 1.5 24 16 2 6 25% 530059 2698 96%
c i  2.23 159 390 3 194  9 3304 1189 1.5 24 16 2 6 25% 530059 2697 96%
c i  2.23 159 390 3 195  9 3305 1189 1.5 24 16 2 6 25% 530059 2644 94%
c i  2.28 159 375 3 203  9 3357 1217 1.5 24 16 2 6 25% 530040 2621 93%
c i  2.47 159 235 3 212  6 4124 1916 1.8 26 15 2 6 24% 530027 2614 93%
c i  2.47 159 234 3 213  6 4125 1916 1.8 26 15 2 6 24% 530027 2611 93%
c i  2.48 159 233 3 215  6 4138 1926 1.8 26 15 2 6 24% 530026 2608 93%
c i  2.62 159 193 3 226  5 4580 2306 1.9 27 15 2 6 24% 530014 2607 93%
c -  2.71 159 193 4 228  5 4584  865 1.8 27 15 2 6 24% 529913 2607 93%
c i  2.84 159 179 4 284  5 4807 1008 1.8 27 15 2 6 23% 529902 2606 93%
c i  2.85 159 178 4 285  5 4815 1009 1.8 27 15 2 6 23% 529898 2576 92%
c i  3.08 159 151 4 337  5 5377 1472 1.7 27 15 9 19 22% 529888 2573 92%
c 
c  seconds    reduction conflicts       size   tier2        variables
c          MB     restarts   redundant     glue    trail         remaining
c            level     rate       size/glue  tier1   irredundant
c 
c 2  3.21 159 136 4 338  4 5777 1765 1.7 26 15 9 18 22% 529882 2565 91%
c O  3.40 159 129 4 338  4 6010 1939 1.7 25 15 9 18 22% 529828 2565 91%
c -  3.84 159 97 5 338  3 7502 2654 1.7 24 14 8 16 21% 529816 2565 91%
c 2  4.03 159 85 5 338  3 8380 3299 1.8 24 14 8 16 21% 529809 2558 91%
c t  4.08 159 85 5 338  3 8380 3298 1.8 24 14 8 16 21% 529817 2558 91%
c #  4.69 159 71 5 435  3 10013 4511 1.7 23 13 8 15 21% 529799 2558 91%
c i  4.92 159 69 5 476  3 10343 4777 1.7 23 14 8 15 21% 529787 2527 90%
c }  5.27 160 66 5 557  3 10759 5083 1.7 23 14 8 15 11% 529737 2527 90%
c [  5.27 160 20 5 557  1 10759 5083 1.8 23 13 2 6 22% 529737 2527 90%
c -  5.47 160 19 6 557  1 11234 4662 1.8 23 13 2 6 21% 529734 2527 90%
c 2  5.47 160 19 6 557  1 11234 4662 1.8 23 13 2 6 21% 529734 2500 89%
c B  6.64 160 21 6 560  1 15016 7666 1.7 25 14 9 16 17% 529696 2500 89%
c s  6.74 160 21 6 560  1 15163 7712 1.7 25 14 9 16 17% 529681 2500 89%
c t  6.76 160 21 6 560  1 15163 7710 1.7 25 14 9 16 17% 529666 2500 89%
c e  6.86 160 21 6 560  1 15163 7383 1.7 25 14 9 16 17% 525610 310 11%
c s  6.89 160 21 6 560  1 15163 7383 1.7 25 14 9 16 17% 525610 310 11%
c -  7.34 159 20 7 560  1 15802 5717 1.7 24 14 9 16 27% 525606 309 11%
c u  7.47 159 20 7 560  1 15802 5682 1.7 24 14 9 16 27% 525606 309 11%
c v  7.52 159 20 7 560  1 15802 5675 1.7 24 14 9 16 27% 525606 309 11%
c ]  8.48 159 22 7 561  1 19760 9014 1.7 25 15 9 16 35% 525606 309 11%
c 
c  seconds   reductions conflicts       size   tier2        variables
c          MB    restarts    redundant     glue    trail        remaining
c           level     rate        size/glue  tier1   irredundant
c 
c {  8.48 159 66 7 561  3 19760 9014 1.7 23 14 8 15 87% 525606 309 11%
c B  8.93 159 60 7 600  2 21017 9931 1.7 23 14 8 15 47% 525606 309 11%
c -  9.12 159 59 8 647  2 21210 7146 1.7 23 14 8 15 45% 525606 309 11%
c - 11.15 160 42 9 960  2 27473 8935 1.6 21 13 9 15 31% 525624 309 11%
c p 11.16 160 42 9 960  2 27473 8948 1.6 21 13 9 15 31% 525624 309 11%
c W 11.98 160 41 9 1020  2 28021 9371 1.6 21 13 9 15 31% 525624 309 11%
c - 14.53 160 34 10 1549  2 34602 11447 1.6 21 13 9 15 32% 525624 309 11%
c p 14.56 160 34 10 1549  2 34602 11450 1.6 21 13 9 15 32% 525624 309 11%
c u 14.75 160 34 10 1549  2 34602 11395 1.6 21 13 9 15 32% 525624 309 11%
c v 14.83 160 34 10 1549  2 34602 11389 1.6 21 13 9 15 32% 525624 309 11%
c w 14.87 160 34 10 1549  2 34602 11388 1.6 21 13 9 15 32% 525624 309 11%
c F 15.33 160 33 10 1564  2 36022 12585 1.6 21 13 9 15 33% 525624 309 11%
c } 15.45 160 33 10 1564  2 36334 12861 1.6 21 13 9 15 33% 525624 309 11%
c [ 15.45 160 22 10 1564  1 36334 12861 1.7 25 15 9 16 35% 525624 309 11%
c - 16.50 161 23 11 1568  1 42603 14347 1.7 26 16 10 17 40% 525624 309 11%
c p 16.51 161 23 11 1568  1 42603 14357 1.7 26 16 10 17 40% 525624 309 11%
c t 16.53 161 23 11 1568  1 42603 14357 1.7 26 16 10 17 40% 525623 309 11%
c W 17.42 161 23 11 1570  1 45027 16061 1.6 26 16 10 17 40% 525623 309 11%
c - 18.53 161 22 12 1572  1 51481 16637 1.6 24 15 10 17 37% 525623 309 11%
c p 18.54 161 22 12 1572  1 51481 16639 1.6 24 15 10 17 37% 525623 309 11%
c 
c  seconds   reductions   conflicts        size    tier2        variables
c          MB     restarts      redundant     glue     trail        remaining
c           level       rate         size/glue  tier1    irredundant
c 
c O 19.32 161 21 12 1572  1 55028 19183 1.6 24 15 10 17 36% 525623 309 11%
c s 20.01 161 21 12 1572  1 58093 21306 1.6 24 15 10 17 36% 525610 309 11%
c e 20.12 161 21 12 1572  1 58093 21010 1.6 24 15 10 17 36% 525609 308 11%
c s 20.15 161 21 12 1572  1 58093 20993 1.6 24 15 10 17 36% 525599 308 11%
c ] 20.56 161 21 12 1574  1 60022 22284 1.6 24 15 10 17 36% 525599 308 11%
c { 20.56 161 33 12 1574  2 60022 22284 1.6 21 13 9 15 33% 525599 308 11%
c - 21.11 161 32 13 1751  2 61240 18323 1.6 21 13 9 15 33% 525599 308 11%
c p 21.13 161 32 13 1751  2 61240 18324 1.6 21 13 9 15 33% 525599 308 11%
c u 21.54 163 32 13 1751  2 61240 18273 1.6 21 13 9 15 33% 525599 308 11%
c v 21.61 163 32 13 1751  2 61240 18272 1.6 21 13 9 15 33% 525599 308 11%
c w 21.64 163 32 13 1751  2 61240 18270 1.6 21 13 9 15 33% 525599 308 11%
c x 21.72 163 32 13 1751  2 61240 18270 1.6 21 13 9 15 33% 525599 308 11%
c B 24.23 163 30 13 2335  2 66029 21772 1.6 21 13 9 15 32% 525599 308 11%
c - 26.59 163 28 14 2879  2 71884 19325 1.6 21 14 8 15 32% 525599 308 11%
c p 26.62 163 28 14 2879  2 71884 19336 1.6 21 14 8 15 32% 525599 308 11%
c W 28.28 163 26 14 2984  2 78031 23664 1.6 21 13 8 15 32% 525599 308 11%
c - 29.89 164 24 15 3303  2 83415 21488 1.6 21 13 8 15 31% 525599 308 11%
c p 29.90 164 24 15 3303  2 83415 21500 1.6 21 13 8 15 31% 525599 308 11%
c u 30.06 164 24 15 3303  2 83415 21438 1.6 21 13 8 15 31% 525599 308 11%
c v 30.13 164 24 15 3303  2 83415 21433 1.6 21 13 8 15 31% 525599 308 11%
c 
c  seconds   reductions   conflicts        size   tier2        variables
c          MB     restarts      redundant     glue    trail        remaining
c           level       rate         size/glue  tier1   irredundant
c 
c w 30.17 164 24 15 3303  2 83415 21432 1.6 21 13 8 15 31% 525599 308 11%
c x 30.25 164 24 15 3303  2 83415 21432 1.6 21 13 8 15 31% 525599 308 11%
c # 30.67 164 22 15 3303  2 91032 24609 1.5 20 13 8 15 29% 525599 308 11%
c - 31.78 164 22 16 3503  2 95838 22279 1.5 19 13 8 15 28% 525599 308 11%
c p 31.79 164 22 16 3503  2 95838 22280 1.5 19 13 8 15 28% 525599 308 11%
c } 32.07 164 22 16 3579  2 96262 22604 1.5 19 13 8 15 28% 525599 308 11%
c [ 32.07 164 21 16 3579  1 96262 22604 1.6 24 15 10 17 36% 525599 308 11%
c B 33.97 164 21 16 3584  1 105034 29790 1.6 25 15 10 17 36% 525599 308 11%
c - 34.64 164 21 17 3586  1 109154 24486 1.6 24 15 10 17 35% 525599 308 11%
c p 34.66 164 21 17 3586  1 109154 24498 1.6 24 15 10 17 35% 525599 308 11%
c W 37.15 164 21 17 3592  1 120043 32340 1.6 25 16 10 17 35% 525599 308 11%
c s 37.58 164 20 17 3592  1 122515 33837 1.6 24 15 10 17 34% 525580 308 11%
c s 37.73 164 20 17 3592  1 122515 33830 1.6 24 15 10 17 34% 525567 308 11%
c - 38.12 164 20 18 3592  1 123364 25740 1.6 24 15 10 17 34% 525567 308 11%
c p 38.14 164 20 18 3592  1 123364 25741 1.6 24 15 10 17 34% 525567 308 11%
c u 38.65 164 20 18 3592  1 123364 25697 1.6 24 15 10 17 34% 525567 308 11%
c v 38.74 164 20 18 3592  1 123364 25690 1.6 24 15 10 17 34% 525567 308 11%
c w 38.78 164 20 18 3592  1 123364 25689 1.6 24 15 10 17 34% 525567 308 11%
c x 38.90 164 20 18 3592  1 123364 25689 1.6 24 15 10 17 34% 525567 308 11%
c t 38.90 164 20 18 3592  1 123364 25688 1.6 24 15 10 17 34% 525567 308 11%
c 
c  seconds   reductions   conflicts         size    tier2        variables
c          MB     restarts       redundant     glue     trail        remaining
c           level       rate          size/glue  tier1    irredundant
c 
c I 41.10 164 21 18 3593  1 136044 35359 1.5 25 16 10 17 35% 525567 308 11%
c ] 41.32 164 21 18 3593  1 136948 36079 1.5 25 16 10 18 35% 525567 308 11%
c { 41.32 164 22 18 3593  2 136948 36079 1.5 19 13 8 15 28% 525567 308 11%
c - 41.97 164 21 19 3775  2 138472 26031 1.5 19 13 8 15 28% 525567 308 11%
c p 41.99 164 21 19 3775  2 138472 26043 1.5 19 13 8 15 28% 525567 308 11%
c B 46.06 164 20 19 4591  2 153045 36269 1.6 20 13 8 15 29% 525567 308 11%
c - 46.61 164 20 20 4671  2 154477 30373 1.6 20 13 8 15 29% 525567 308 11%
c p 46.64 164 20 20 4671  2 154477 30383 1.6 20 13 8 15 29% 525567 308 11%
c u 46.82 164 20 20 4671  2 154477 30328 1.6 20 13 8 15 29% 525567 308 11%
c v 46.90 164 20 20 4671  2 154477 30321 1.6 20 13 8 15 29% 525567 308 11%
c w 46.95 164 20 20 4671  2 154477 30321 1.6 20 13 8 15 29% 525567 308 11%
c x 47.06 164 20 20 4671  2 154477 30321 1.6 20 13 8 15 29% 525562 308 11%
c W 54.88 164 20 20 7021  2 171046 42624 1.5 20 13 8 15 30% 525562 308 11%
c - 55.24 165 20 21 7076  2 171382 34589 1.5 20 13 8 15 30% 525562 308 11%
c p 55.28 165 20 21 7076  2 171382 34600 1.5 20 13 8 15 30% 525562 308 11%
c u 55.45 165 20 21 7076  2 171382 34569 1.5 20 13 8 15 30% 525562 308 11%
c v 55.53 165 20 21 7076  2 171382 34564 1.5 20 13 8 15 30% 525562 308 11%
c w 55.57 165 20 21 7076  2 171382 34564 1.5 20 13 8 15 30% 525562 308 11%
c x 55.68 165 20 21 7076  2 171382 34564 1.5 20 13 8 15 30% 525562 308 11%
c } 59.05 165 19 21 7677  2 182807 42401 1.5 21 13 8 15 30% 525562 308 11%
c 
c  seconds   reductions   conflicts         size    tier2        variables
c          MB     restarts       redundant     glue     trail        remaining
c           level       rate          size/glue  tier1    irredundant
c 
c [ 59.05 165 21 21 7677  1 182807 42401 1.5 25 16 10 18 35% 525562 308 11%
c - 60.18 165 21 22 7677  1 189192 37834 1.6 25 16 10 18 35% 525562 308 11%
c p 60.20 165 21 22 7677  1 189192 37844 1.6 25 16 10 18 35% 525562 308 11%
c B 60.41 165 21 22 7677  1 190048 38502 1.6 25 16 10 18 35% 525562 308 11%
c - 63.11 165 21 23 7688  1 207903 39399 1.5 24 16 9 18 35% 525562 308 11%
c p 63.13 165 21 23 7688  1 207903 39410 1.5 24 16 9 18 35% 525562 308 11%
c u 63.37 165 21 23 7688  1 207903 39346 1.5 24 16 9 18 35% 525562 308 11%
c v 63.44 165 21 23 7688  1 207903 39338 1.5 24 16 9 18 35% 525562 308 11%
c w 63.48 165 21 23 7688  1 207903 39336 1.5 24 16 9 18 35% 525562 308 11%
c x 63.57 165 21 23 7688  1 207903 39336 1.5 24 16 9 18 35% 525560 308 11%
c t 63.57 165 21 23 7688  1 207903 39335 1.5 24 16 9 18 35% 525560 308 11%
c s 63.74 165 21 23 7689  1 208409 39753 1.5 24 16 9 18 35% 525539 308 11%
c s 63.90 165 21 23 7689  1 208409 39737 1.5 24 16 9 18 35% 525520 308 11%
c W 65.13 165 21 23 7690  1 210049 41038 1.5 25 16 9 18 35% 525520 308 11%
c - 66.73 165 19 24 7695  1 227517 40643 1.5 22 15 9 18 31% 525520 308 11%
c p 66.76 165 19 24 7695  1 227517 40654 1.5 22 15 9 18 31% 525520 308 11%
c O 67.83 165 19 24 7698  1 231050 43128 1.5 22 15 9 18 32% 525520 308 11%
c - 71.23 165 20 25 7706  1 248038 42983 1.5 23 15 9 18 32% 525520 308 11%
c p 71.25 165 20 25 7706  1 248038 42994 1.5 23 15 9 18 32% 525520 308 11%
c u 71.45 165 20 25 7706  1 248038 42969 1.5 23 15 9 18 32% 525520 308 11%
c 
c  seconds   reductions   conflicts         size   tier2        variables
c          MB     restarts       redundant     glue    trail        remaining
c           level       rate          size/glue  tier1   irredundant
c 
c v 71.53 165 20 25 7706  1 248038 42963 1.5 23 15 9 18 32% 525520 308 11%
c w 71.57 165 20 25 7706  1 248038 42961 1.5 23 15 9 18 32% 525520 308 11%
c x 71.68 165 20 25 7706  1 248038 42961 1.5 23 15 9 18 32% 525517 308 11%
c ] 72.41 165 20 25 7707  1 251527 45451 1.5 24 16 9 18 33% 525517 308 11%
c { 72.41 165 19 25 7707  2 251527 45451 1.5 21 13 8 15 30% 525517 308 11%
c F 72.85 165 19 25 7883  2 253051 46393 1.5 21 13 8 15 30% 525517 308 11%
c - 77.15 166 19 26 8886  2 269459 44429 1.5 20 13 8 14 30% 525517 308 11%
c p 77.18 166 19 26 8886  2 269459 44439 1.5 20 13 8 14 30% 525517 308 11%
c u 77.32 166 19 26 8886  2 269459 44414 1.5 20 13 8 14 30% 525517 308 11%
c v 77.37 166 19 26 8886  2 269459 44410 1.5 20 13 8 14 30% 525517 308 11%
c w 77.39 166 19 26 8886  2 269459 44407 1.5 20 13 8 14 30% 525517 308 11%
c x 77.45 166 19 26 8886  2 269459 44407 1.5 20 13 8 14 30% 525516 308 11%
c B 79.36 166 19 26 9216  2 276052 49190 1.5 20 13 8 14 30% 525516 308 11%
c - 83.86 166 18 27 10191  2 291787 49582 1.5 20 13 8 14 30% 525516 308 11%
c p 83.88 166 18 27 10191  2 291787 49595 1.5 20 13 8 14 30% 525516 308 11%
c u 84.04 166 18 27 10191  2 291787 49505 1.5 20 13 8 14 30% 525516 308 11%
c v 84.10 166 18 27 10191  2 291787 49496 1.5 20 13 8 14 30% 525516 308 11%
c w 84.14 166 18 27 10191  2 291787 49496 1.5 20 13 8 14 30% 525516 308 11%
c x 84.24 166 18 27 10191  2 291787 49495 1.5 20 13 8 14 30% 525516 308 11%
c W 88.63 166 19 27 11336  2 300053 55490 1.5 20 13 8 14 30% 525516 308 11%
c 
c  seconds   reductions    conflicts         size   tier2        variables
c          MB      restarts       redundant     glue    trail        remaining
c           level        rate          size/glue  tier1   irredundant
c 
c - 91.95 166 18 28 11622  2 315021 53653 1.5 20 13 8 14 30% 525516 308 11%
c p 91.99 166 18 28 11622  2 315021 53665 1.5 20 13 8 14 30% 525516 308 11%
c u 92.14 166 18 28 11622  2 315021 53636 1.5 20 13 8 14 30% 525516 308 11%
c v 92.21 166 18 28 11622  2 315021 53633 1.5 20 13 8 14 30% 525516 308 11%
c w 92.24 166 18 28 11622  2 315021 53632 1.5 20 13 8 14 30% 525516 308 11%
c x 92.34 166 18 28 11622  2 315021 53632 1.5 20 13 8 14 30% 525515 308 11%
c s 92.62 166 18 28 11622  1 315777 54096 1.5 20 13 8 14 30% 525467 308 11%
c e 92.75 166 18 28 11622  1 315777 53980 1.5 20 13 8 14 30% 525467 307 11%
c s 92.81 166 18 28 11622  1 315777 53968 1.5 20 13 8 14 30% 525436 307 11%
c # 96.03 166 18 28 12562  2 325056 60539 1.5 20 13 8 14 30% 525436 307 11%
c } 96.28 166 18 28 12585  2 326166 61120 1.5 20 13 8 14 30% 525436 307 11%
c [ 96.28 166 20 28 12585  1 326166 61120 1.5 24 16 9 18 33% 525436 307 11%
c - 97.76 167 19 29 12586  1 339162 55875 1.5 23 15 9 18 31% 525436 307 11%
c p 97.78 167 19 29 12586  1 339162 55887 1.5 23 15 9 18 31% 525436 307 11%
c u 97.92 167 19 29 12586  1 339162 55844 1.5 23 15 9 18 31% 525436 307 11%
c v 97.98 167 19 29 12586  1 339162 55843 1.5 23 15 9 18 31% 525436 307 11%
c w 98.00 167 19 29 12586  1 339162 55843 1.5 23 15 9 18 31% 525436 307 11%
c x 98.08 167 19 29 12586  1 339162 55843 1.5 23 15 9 18 31% 525435 307 11%
c B 100.12 167 20 29 12587  1 351057 65265 1.5 24 16 9 18 32% 525435 307 11%
c - 102.14 166 20 30 12587  1 364213 55118 1.5 24 16 9 18 32% 525435 307 11%
c 
c  seconds    reductions    conflicts         size   tier2        variables
c           MB      restarts       redundant     glue    trail        remaining
c            level        rate          size/glue  tier1   irredundant
c 
c p 102.17 166 20 30 12587  1 364213 55130 1.5 24 16 9 18 32% 525435 307 11%
c u 102.35 166 20 30 12587  1 364213 55103 1.5 24 16 9 18 32% 525435 307 11%
c v 102.41 166 20 30 12587  1 364213 55102 1.5 24 16 9 18 32% 525435 307 11%
c w 102.44 166 20 30 12587  1 364213 55102 1.5 24 16 9 18 32% 525435 307 11%
c x 102.51 166 20 30 12587  1 364213 55102 1.5 24 16 9 18 32% 525435 307 11%
c W 106.28 166 21 30 12587  1 378058 65508 1.5 25 16 9 18 33% 525435 307 11%
c - 107.80 166 21 31 12594  1 390171 54625 1.5 25 16 9 18 33% 525435 307 11%
c p 107.82 166 21 31 12594  1 390171 54636 1.5 25 16 9 18 33% 525435 307 11%
c u 108.48 166 21 31 12594  1 390171 54614 1.5 25 16 9 18 33% 525435 307 11%
c v 108.52 166 21 31 12594  1 390171 54608 1.5 25 16 9 18 33% 525435 307 11%
c w 108.55 166 21 31 12594  1 390171 54608 1.5 25 16 9 18 33% 525435 307 11%
c x 108.62 166 21 31 12594  1 390171 54608 1.5 25 16 9 18 33% 525434 307 11%
c I 109.56 166 20 31 12601  1 406060 61559 1.5 23 16 9 18 31% 525434 307 11%
c - 110.35 166 19 32 12602  1 417038 57053 1.5 22 15 9 18 29% 525434 307 11%
c p 110.36 166 19 32 12602  1 417038 57065 1.5 22 15 9 18 29% 525434 307 11%
c B 111.41 166 17 32 12613  1 435063 64813 1.5 21 14 9 18 27% 525434 307 11%
c s 112.13 166 17 32 12617  1 444671 69089 1.5 20 14 9 18 26% 525400 307 11%
c s 112.32 166 17 32 12617  1 444671 69063 1.5 20 14 9 18 26% 525349 307 11%
c - 112.54 167 17 33 12617  1 444817 61300 1.5 20 14 9 18 26% 525349 307 11%
c W 114.43 167 16 33 12618  1 465065 70583 1.4 19 13 9 17 24% 525349 307 11%
c 
c  seconds    reductions    conflicts         size   tier2        variables
c           MB      restarts       redundant     glue    trail        remaining
c            level        rate          size/glue  tier1   irredundant
c 
c ] 114.95 167 16 33 12618  1 467461 72739 1.4 19 13 9 17 25% 525349 307 11%
c { 114.95 167 18 33 12618  2 467461 72739 1.5 20 13 8 14 30% 525349 307 11%
c - 116.71 167 18 34 12896  1 473503 66792 1.5 20 13 8 14 30% 525349 307 11%
c p 116.73 167 18 34 12896  1 473503 66804 1.5 20 13 8 14 30% 525349 307 11%
c u 116.93 167 18 34 12896  1 473503 66701 1.5 20 13 8 14 30% 525349 307 11%
c v 117.02 167 18 34 12896  1 473503 66697 1.5 20 13 8 14 30% 525349 307 11%
c w 117.06 167 18 34 12896  1 473503 66695 1.5 20 13 8 14 30% 525349 307 11%
c x 117.16 167 18 34 12896  1 473503 66695 1.5 20 13 8 14 30% 525348 307 11%
c t 117.16 167 18 34 12896  1 473503 66694 1.5 20 13 8 14 30% 525348 307 11%
c B 123.19 167 18 34 14835  1 496066 82185 1.5 20 13 8 14 30% 525348 307 11%
c - 124.62 168 17 35 15411  1 503099 73306 1.5 20 13 8 14 30% 525348 307 11%
c p 124.65 168 17 35 15411  1 503099 73317 1.5 20 13 8 14 30% 525348 307 11%
c u 124.87 168 17 35 15411  1 503099 73287 1.5 20 13 8 14 30% 525348 307 11%
c v 124.96 168 17 35 15411  1 503099 73282 1.5 20 13 8 14 30% 525348 307 11%
c w 124.99 168 17 35 15411  1 503099 73280 1.5 20 13 8 14 30% 525348 307 11%
c x 125.10 168 17 35 15411  1 503099 73280 1.5 20 13 8 14 30% 525347 307 11%
c t 125.10 168 17 35 15411  1 503099 73279 1.5 20 13 8 14 30% 525347 307 11%
c W 127.60 168 16 35 15411  1 528067 83190 1.5 19 13 8 14 27% 525347 307 11%
c - 130.12 168 16 36 16267  1 533606 75590 1.5 19 13 8 14 27% 525347 307 11%
c p 130.14 168 16 36 16267  1 533606 75602 1.5 19 13 8 14 27% 525347 307 11%
c 
c  seconds    reductions    conflicts         size   tier2        variables
c           MB      restarts       redundant     glue    trail        remaining
c            level        rate          size/glue  tier1   irredundant
c 
c F 137.54 168 16 36 18527  1 561069 94540 1.5 19 13 8 14 27% 525347 307 11%
c - 138.15 168 16 37 18537  1 565025 81770 1.5 19 13 8 14 27% 525347 307 11%
c p 138.19 168 16 37 18537  1 565025 81782 1.5 19 13 8 14 27% 525347 307 11%
c u 138.49 168 16 37 18537  1 565025 81736 1.5 19 13 8 14 27% 525347 307 11%
c v 138.61 168 16 37 18537  1 565025 81719 1.5 19 13 8 14 27% 525347 307 11%
c w 138.68 168 16 37 18537  1 565025 81717 1.5 19 13 8 14 27% 525347 307 11%
c x 138.84 168 16 37 18537  1 565025 81717 1.5 19 13 8 14 27% 525346 307 11%
c t 138.84 168 16 37 18537  1 565025 81716 1.5 19 13 8 14 27% 525346 307 11%
c } 143.88 168 16 37 19878  1 583890 92982 1.5 19 13 8 14 27% 525346 307 11%
c [ 143.88 168 16 37 19878  1 583890 92982 1.4 19 13 9 17 25% 525346 307 11%
c s 146.32 168 16 37 19885  1 595044 100569 1.5 19 13 9 17 26% 525302 307 11%
c s 146.54 168 16 37 19885  1 595044 100557 1.5 19 13 9 17 26% 525097 307 11%
c O 146.67 168 16 37 19885  1 595072 100580 1.5 19 13 9 17 26% 525097 307 11%
c - 147.30 169 16 38 19885  1 597356 88541 1.5 19 13 9 17 26% 525097 307 11%
c p 147.33 169 16 38 19885  1 597356 88553 1.5 19 13 9 17 26% 525097 307 11%
c u 147.58 169 16 38 19885  1 597356 88528 1.5 19 13 9 17 26% 525097 307 11%
c v 147.65 169 16 38 19885  1 597356 88504 1.5 19 13 9 17 26% 525097 307 11%
c w 147.70 169 16 38 19885  1 597356 88504 1.5 19 13 9 17 26% 525097 307 11%
c x 147.81 169 16 38 19885  1 597356 88504 1.5 19 13 9 17 26% 525097 307 11%
c B 154.61 169 19 38 19900  1 630074 114435 1.5 21 14 9 17 29% 525097 307 11%
c 
c  seconds    reductions    conflicts         size   tier2        variables
c           MB      restarts       redundant     glue    trail        remaining
c            level        rate          size/glue  tier1   irredundant
c 
c - 154.92 170 19 39 19900  1 630597 94596 1.5 21 14 9 17 30% 525097 307 11%
c p 154.96 170 19 39 19900  1 630597 94606 1.5 21 14 9 17 30% 525097 307 11%
c u 155.98 179 19 39 19900  1 630597 94557 1.5 21 14 9 17 30% 525097 307 11%
c v 156.07 179 19 39 19900  1 630597 94553 1.5 21 14 9 17 30% 525097 307 11%
c w 156.12 179 19 39 19900  1 630597 94552 1.5 21 14 9 17 30% 525097 307 11%
c x 156.24 179 19 39 19900  1 630597 94552 1.5 21 14 9 17 30% 525097 307 11%
c t 156.25 179 19 39 19900  1 630597 94551 1.5 21 14 9 17 30% 525097 307 11%
c - 161.99 179 19 40 19909  1 664749 94167 1.5 22 15 9 17 30% 525097 307 11%
c p 162.01 179 19 40 19909  1 664749 94178 1.5 22 15 9 17 30% 525097 307 11%
c u 162.20 179 19 40 19909  1 664749 94116 1.5 22 15 9 17 30% 525097 307 11%
c v 162.28 179 19 40 19909  1 664749 94110 1.5 22 15 9 17 30% 525097 307 11%
c w 162.33 179 19 40 19909  1 664749 94107 1.5 22 15 9 17 30% 525097 307 11%
c x 162.45 179 19 40 19909  1 664749 94107 1.5 22 15 9 17 30% 525097 307 11%
c W 164.08 179 19 40 19909  1 666075 95166 1.5 22 15 9 17 31% 525097 307 11%
c ] 169.02 179 19 40 19910  1 694225 114862 1.5 23 15 9 17 31% 525097 307 11%
c { 169.02 179 16 40 19910  1 694225 114862 1.5 19 13 8 14 27% 525097 307 11%
c - 171.14 180 16 41 20715  1 699812 95145 1.5 19 13 8 14 27% 525097 307 11%
c p 171.17 180 16 41 20715  1 699812 95156 1.5 19 13 8 14 27% 525097 307 11%
c u 171.38 180 16 41 20715  1 699812 95095 1.5 19 13 8 14 27% 525097 307 11%
c v 171.46 180 16 41 20715  1 699812 95089 1.5 19 13 8 14 27% 525097 307 11%
c 
c  seconds    reductions    conflicts         size   tier2        variables
c           MB      restarts       redundant     glue    trail        remaining
c            level        rate          size/glue  tier1   irredundant
c 
c w 171.51 180 16 41 20715  1 699812 95084 1.5 19 13 8 14 27% 525097 307 11%
c x 171.63 180 16 41 20715  1 699812 95084 1.5 19 13 8 14 27% 525097 307 11%
c B 172.55 180 16 41 20974  1 703079 97364 1.5 19 13 8 14 27% 525097 307 11%
c - 177.91 179 15 42 22477  1 735790 86341 1.5 18 12 7 14 26% 525097 307 11%
c p 177.93 179 15 42 22477  1 735790 86352 1.5 18 12 7 14 26% 525097 307 11%
c u 178.11 179 15 42 22477  1 735790 86312 1.5 18 12 7 14 26% 525097 307 11%
c v 178.18 179 15 42 22477  1 735790 86290 1.5 18 12 7 14 26% 525097 307 11%
c w 178.21 179 15 42 22477  1 735790 86287 1.5 18 12 7 14 26% 525097 307 11%
c x 178.32 179 15 42 22477  1 735790 86287 1.5 18 12 7 14 26% 525096 307 11%
c W 180.07 179 15 42 22488  1 741082 87853 1.5 18 12 7 14 26% 525096 307 11%
c s 189.15 179 15 42 25460  1 766887 104982 1.5 18 13 7 14 26% 524756 307 11%
c s 189.36 179 15 42 25460  1 766887 104954 1.5 18 13 7 14 26% 524517 307 11%
c - 191.57 178 16 43 26284  1 772678 87034 1.5 19 13 7 14 26% 524517 307 11%
c p 191.61 178 16 43 26284  1 772678 87045 1.5 19 13 7 14 26% 524517 307 11%
c u 191.86 178 16 43 26284  1 772678 86957 1.5 19 13 7 14 26% 524517 307 11%
c v 191.96 178 16 43 26284  1 772678 86917 1.5 19 13 7 14 26% 524517 307 11%
c w 192.03 178 16 43 26284  1 772678 86903 1.5 19 13 7 14 26% 524517 307 11%
c x 192.18 178 16 43 26284  1 772678 86902 1.5 19 13 7 14 26% 524517 307 11%
c t 192.18 178 16 43 26284  1 772678 86901 1.5 19 13 7 14 26% 524517 307 11%
c # 193.94 178 16 43 26515  1 780085 91711 1.5 19 13 7 14 26% 524517 307 11%
c 
c  seconds    reductions    conflicts         size   tier2        variables
c           MB      restarts       redundant     glue    trail        remaining
c            level        rate          size/glue  tier1   irredundant
c 
c - 203.55 179 16 44 30361  1 810470 90115 1.4 19 13 7 14 27% 524517 307 11%
c p 203.58 179 16 44 30361  1 810470 90126 1.4 19 13 7 14 27% 524517 307 11%
c u 203.82 179 16 44 30361  1 810470 89998 1.4 19 13 7 14 27% 524517 307 11%
c v 203.93 179 16 44 30361  1 810470 89972 1.4 19 13 7 14 27% 524517 307 11%
c w 203.99 179 16 44 30361  1 810470 89968 1.4 19 13 7 14 27% 524517 307 11%
c x 204.14 179 16 44 30361  1 810470 89968 1.4 19 13 7 14 27% 524516 307 11%
c t 204.15 179 16 44 30361  1 810470 89967 1.4 19 13 7 14 27% 524516 307 11%
c B 207.97 179 16 44 31920  1 820086 96782 1.4 19 13 7 14 27% 524516 307 11%
c } 208.39 179 16 44 32016  1 821115 97536 1.4 19 13 7 14 27% 524516 307 11%
c [ 208.39 179 19 44 32016  1 821115 97536 1.5 23 15 9 17 31% 524516 307 11%
c - 212.37 179 20 45 32017  1 849177 91544 1.5 23 15 9 17 30% 524516 307 11%
c p 212.40 179 20 45 32017  1 849177 91555 1.5 23 15 9 17 30% 524516 307 11%
c u 212.64 179 20 45 32017  1 849177 91458 1.5 23 15 9 17 30% 524516 307 11%
c v 212.73 179 20 45 32017  1 849177 91435 1.5 23 15 9 17 30% 524516 307 11%
c w 212.78 179 20 45 32017  1 849177 91421 1.5 23 15 9 17 30% 524516 307 11%
c x 212.90 179 20 45 32017  1 849177 91421 1.5 23 15 9 17 30% 524515 307 11%
c t 212.90 179 20 45 32017  1 849177 91420 1.5 23 15 9 17 30% 524515 307 11%
c I 214.43 179 19 45 32017  1 861089 99335 1.5 23 15 9 17 30% 524515 307 11%
c - 218.97 179 20 46 32017  1 888795 89718 1.5 24 16 9 17 31% 524515 307 11%
c p 219.00 179 20 46 32017  1 888795 89729 1.5 24 16 9 17 31% 524515 307 11%
c 
c  seconds    reductions    conflicts         size   tier2        variables
c           MB      restarts       redundant     glue    trail        remaining
c            level        rate          size/glue  tier1   irredundant
c 
c u 219.19 179 20 46 32017  1 888795 89690 1.5 24 16 9 17 31% 524515 307 11%
c v 219.29 179 20 46 32017  1 888795 89685 1.5 24 16 9 17 31% 524515 307 11%
c w 219.33 179 20 46 32017  1 888795 89677 1.5 24 16 9 17 31% 524515 307 11%
c x 219.44 179 20 46 32017  1 888795 89677 1.5 24 16 9 17 31% 524515 307 11%
c t 219.45 179 20 46 32017  1 888795 89676 1.5 24 16 9 17 31% 524515 307 11%
c B 221.81 179 20 46 32023  1 903093 100078 1.5 24 16 9 17 31% 524515 307 11%
c - 225.86 179 20 47 32034  1 929329 88040 1.5 25 17 9 17 31% 524515 307 11%
c p 225.89 179 20 47 32034  1 929329 88051 1.5 25 17 9 17 31% 524515 307 11%
c u 226.16 179 20 47 32034  1 929329 88023 1.5 25 17 9 17 31% 524515 307 11%
c v 226.25 179 20 47 32034  1 929329 88006 1.5 25 17 9 17 31% 524515 307 11%
c w 226.30 179 20 47 32034  1 929329 88005 1.5 25 17 9 17 31% 524515 307 11%
c x 226.43 179 20 47 32034  1 929329 88005 1.5 25 17 9 17 31% 524512 307 11%
c t 226.44 179 20 47 32034  1 929329 88004 1.5 25 17 9 17 31% 524512 307 11%
c W 230.87 179 21 47 32044  1 946094 99225 1.5 25 17 9 17 32% 524512 307 11%
c s 233.37 179 20 47 32047  1 960181 108897 1.5 25 17 9 17 32% 524440 307 11%
c s 233.59 179 20 47 32047  1 960181 108871 1.5 25 17 9 17 32% 524400 307 11%
c - 235.71 179 20 48 32048  1 970775 87140 1.5 25 17 9 17 32% 524400 307 11%
c p 235.73 179 20 48 32048  1 970775 87151 1.5 25 17 9 17 32% 524400 307 11%
c u 236.39 179 20 48 32048  1 970775 87115 1.5 25 17 9 17 32% 524400 307 11%
c v 236.49 179 20 48 32048  1 970775 87101 1.5 25 17 9 17 32% 524400 307 11%
c 
c  seconds    reductions    conflicts         size   tier2        variables
c           MB      restarts       redundant     glue    trail        remaining
c            level        rate          size/glue  tier1   irredundant
c 
c w 236.54 179 20 48 32048  1 970775 87101 1.5 25 17 9 17 32% 524400 307 11%
c x 236.68 179 20 48 32048  1 970775 87101 1.5 25 17 9 17 32% 524399 307 11%
c ] 237.44 179 20 48 32048  1 974423 89600 1.5 25 17 9 17 32% 524399 307 11%
c { 237.44 179 16 48 32048  1 974423 89600 1.4 19 13 7 14 27% 524399 307 11%
c W 241.67 179 16 48 33054  1 990097 99247 1.4 19 13 7 14 28% 524399 307 11%
c - 247.92 179 16 49 35090  1 1013132 93539 1.4 19 13 7 14 27% 524399 307 11%
c p 247.96 179 16 49 35090  1 1013132 93550 1.4 19 13 7 14 27% 524399 307 11%
c u 248.23 179 16 49 35090  1 1013132 93499 1.4 19 13 7 14 27% 524399 307 11%
c v 248.34 179 16 49 35090  1 1013132 93461 1.4 19 13 7 14 27% 524399 307 11%
c w 248.41 179 16 49 35090  1 1013132 93458 1.4 19 13 7 14 27% 524399 307 11%
c x 248.58 179 16 49 35090  1 1013132 93458 1.4 19 13 7 14 27% 524398 307 11%
c F 255.45 179 17 49 37102  1 1035099 107644 1.4 20 14 7 14 28% 524398 307 11%
c - 259.92 180 17 50 38173  1 1056403 101344 1.4 20 14 7 14 28% 524398 307 11%
c p 259.96 180 17 50 38173  1 1056403 101355 1.4 20 14 7 14 28% 524398 307 11%
c u 260.23 180 17 50 38173  1 1056403 101303 1.4 20 14 7 14 28% 524398 307 11%
c v 260.34 180 17 50 38173  1 1056403 101261 1.4 20 14 7 14 28% 524398 307 11%
c w 260.40 180 17 50 38173  1 1056403 101256 1.4 20 14 7 14 28% 524398 307 11%
c x 260.56 180 17 50 38173  1 1056403 101256 1.4 20 14 7 14 28% 524397 307 11%
c t 260.57 180 17 50 38173  1 1056403 101255 1.4 20 14 7 14 28% 524397 307 11%
c B 265.23 180 16 50 38937  1 1081101 115718 1.4 19 13 7 14 27% 524397 307 11%
c 
c  seconds    reductions     conflicts          size   tier2        variables
c           MB      restarts        redundant      glue    trail        remaining
c            level        rate            size/glue  tier1   irredundant
c 
c - 271.04 180 16 51 40297  1 1100593 107425 1.5 19 13 7 14 28% 524397 307 11%
c p 271.08 180 16 51 40297  1 1100593 107436 1.5 19 13 7 14 28% 524397 307 11%
c u 271.32 180 16 51 40297  1 1100593 107324 1.5 19 13 7 14 28% 524397 307 11%
c v 271.43 180 16 51 40297  1 1100593 107252 1.5 19 13 7 14 28% 524397 307 11%
c w 271.49 180 16 51 40297  1 1100593 107251 1.5 19 13 7 14 28% 524397 307 11%
c x 271.66 180 16 51 40297  1 1100593 107250 1.5 19 13 7 14 28% 524396 307 11%
c t 271.67 180 16 51 40297  1 1100593 107249 1.5 19 13 7 14 28% 524396 307 11%
c W 278.11 180 15 51 40855  1 1128103 123013 1.5 19 13 7 14 28% 524396 307 11%
c - 283.33 181 16 52 43212  1 1145696 111754 1.4 19 13 7 14 28% 524396 307 11%
c p 283.37 181 16 52 43212  1 1145696 111765 1.4 19 13 7 14 28% 524396 307 11%
c u 283.60 181 16 52 43212  1 1145696 111687 1.4 19 13 7 14 28% 524396 307 11%
c v 283.71 181 16 52 43212  1 1145696 111682 1.4 19 13 7 14 28% 524396 307 11%
c w 283.76 181 16 52 43212  1 1145696 111682 1.4 19 13 7 14 28% 524396 307 11%
c x 283.89 181 16 52 43212  1 1145696 111680 1.4 19 13 7 14 28% 524394 307 11%
c } 284.83 181 16 52 43269  1 1150458 114434 1.4 19 13 7 14 28% 524394 307 11%
c [ 284.83 181 20 52 43269  1 1150458 114434 1.5 25 17 9 17 32% 524394 307 11%
c s 289.07 181 19 52 43283  1 1174946 128882 1.5 23 16 9 17 32% 524326 307 11%
c s 289.33 181 19 52 43283  1 1174946 128811 1.5 23 16 9 17 32% 524203 307 11%
c O 289.75 181 19 52 43283  1 1176106 129868 1.5 23 16 9 17 32% 524203 307 11%
c - 293.28 181 19 53 43288  1 1191713 117415 1.5 23 15 9 17 32% 524203 307 11%
c 
c  seconds    reductions     conflicts          size   tier2        variables
c           MB      restarts        redundant      glue    trail        remaining
c            level        rate            size/glue  tier1   irredundant
c 
c p 293.31 181 19 53 43288  1 1191713 117426 1.5 23 15 9 17 32% 524203 307 11%
c u 293.56 181 19 53 43288  1 1191713 117332 1.5 23 15 9 17 32% 524203 307 11%
c v 293.68 181 19 53 43288  1 1191713 117316 1.5 23 15 9 17 32% 524203 307 11%
c w 293.74 181 19 53 43288  1 1191713 117314 1.5 23 15 9 17 32% 524203 307 11%
c x 293.90 181 19 53 43288  1 1191713 117313 1.5 23 15 9 17 32% 524199 307 11%
c B 299.99 181 18 53 43300  1 1225109 139667 1.5 23 15 9 17 32% 524199 307 11%
c - 303.06 182 18 54 43301  1 1238639 119881 1.5 23 15 9 17 32% 524199 307 11%
c p 303.10 182 18 54 43301  1 1238639 119892 1.5 23 15 9 17 32% 524199 307 11%
c u 303.38 182 18 54 43301  1 1238639 119827 1.5 23 15 9 17 32% 524199 307 11%
c v 303.53 182 18 54 43301  1 1238639 119816 1.5 23 15 9 17 32% 524199 307 11%
c w 303.59 182 18 54 43301  1 1238639 119810 1.5 23 15 9 17 32% 524199 307 11%
c x 303.79 182 18 54 43301  1 1238639 119810 1.5 23 15 9 17 32% 524199 307 11%
c W 313.63 182 18 54 43305  1 1275112 144943 1.5 23 15 9 17 32% 524199 307 11%
c - 315.32 181 18 55 43311  1 1286481 118490 1.5 23 15 9 17 31% 524199 307 11%
c p 315.36 181 18 55 43311  1 1286481 118501 1.5 23 15 9 17 31% 524199 307 11%
c u 315.58 181 18 55 43311  1 1286481 118396 1.5 23 15 9 17 31% 524199 307 11%
c v 315.69 181 18 55 43311  1 1286481 118355 1.5 23 15 9 17 31% 524199 307 11%
c w 315.74 181 18 55 43311  1 1286481 118349 1.5 23 15 9 17 31% 524199 307 11%
c x 315.88 181 18 55 43311  1 1286481 118349 1.5 23 15 9 17 31% 524196 307 11%
c I 323.16 181 17 55 43330  1 1326113 143714 1.6 22 14 9 17 31% 524196 307 11%
c 
c  seconds    reductions     conflicts          size   tier2        variables
c           MB      restarts        redundant      glue    trail        remaining
c            level        rate            size/glue  tier1   irredundant
c 
c - 325.65 182 17 56 43331  1 1335237 126193 1.6 22 14 9 17 31% 524196 307 11%
c p 325.68 182 17 56 43331  1 1335237 126204 1.6 22 14 9 17 31% 524196 307 11%
c u 325.92 182 17 56 43331  1 1335237 126120 1.6 22 14 9 17 31% 524196 307 11%
c v 326.04 182 17 56 43331  1 1335237 126109 1.6 22 14 9 17 31% 524196 307 11%
c w 326.10 182 17 56 43331  1 1335237 126103 1.6 22 14 9 17 31% 524196 307 11%
c x 326.22 182 17 56 43331  1 1335237 126101 1.6 22 14 9 17 31% 524194 307 11%
c ] 326.25 182 17 56 43331  1 1335237 126101 1.6 22 14 9 17 31% 524194 307 11%
c { 326.25 182 16 56 43331  1 1335237 126101 1.4 19 13 7 14 28% 524194 307 11%
c # 338.56 182 16 56 47785  1 1378117 153345 1.5 19 13 7 14 29% 524194 307 11%
c - 340.22 183 16 57 47997  1 1384910 132273 1.5 19 13 7 14 29% 524194 307 11%
c p 340.25 183 16 57 47997  1 1384910 132284 1.5 19 13 7 14 29% 524194 307 11%
c u 340.57 183 16 57 47997  1 1384910 132162 1.5 19 13 7 14 29% 524194 307 11%
c v 340.71 183 16 57 47997  1 1384910 132154 1.5 19 13 7 14 29% 524194 307 11%
c w 340.78 183 16 57 47997  1 1384910 132145 1.5 19 13 7 14 29% 524194 307 11%
c x 340.94 183 16 57 47997  1 1384910 132145 1.5 19 13 7 14 29% 524194 307 11%
c s 347.36 183 16 57 49921  1 1411176 149380 1.5 19 13 7 14 29% 524127 307 11%
c s 347.63 183 16 57 49921  1 1411176 149347 1.5 19 13 7 14 29% 524043 307 11%
c B 352.05 183 16 57 51046  1 1431118 161540 1.5 19 13 7 14 29% 524043 307 11%
c - 353.27 183 16 58 51442  1 1435498 134538 1.5 19 13 7 14 29% 524043 307 11%
c p 353.31 183 16 58 51442  1 1435498 134549 1.5 19 13 7 14 29% 524043 307 11%
c 
c  seconds    reductions     conflicts          size   tier2        variables
c           MB      restarts        redundant      glue    trail        remaining
c            level        rate            size/glue  tier1   irredundant
c 
c u 354.83 154 16 58 51442  1 1435498 134427 1.5 19 13 7 14 29% 524043 307 11%
c v 354.97 154 16 58 51442  1 1435498 134146 1.5 19 13 7 14 29% 524043 307 11%
c w 355.02 154 16 58 51442  1 1435498 134138 1.5 19 13 7 14 29% 524043 307 11%
c x 355.18 154 16 58 51442  1 1435498 134138 1.5 19 13 7 14 29% 524043 307 11%
c t 355.18 154 16 58 51442  1 1435498 134137 1.5 19 13 7 14 29% 524043 307 11%
c W 369.67 163 16 58 56359  1 1485119 166042 1.5 20 14 7 14 29% 524043 307 11%
c - 370.24 164 16 59 56444  1 1487001 137777 1.5 20 14 7 14 29% 524043 307 11%
c p 370.29 164 16 59 56444  1 1487001 137788 1.5 20 14 7 14 29% 524043 307 11%
c u 370.60 164 16 59 56444  1 1487001 137734 1.5 20 14 7 14 29% 524043 307 11%
c v 370.75 164 16 59 56444  1 1487001 137719 1.5 20 14 7 14 29% 524043 307 11%
c w 370.82 164 16 59 56444  1 1487001 137711 1.5 20 14 7 14 29% 524043 307 11%
c x 370.98 164 16 59 56444  1 1487001 137711 1.5 20 14 7 14 29% 524041 307 11%
c } 381.22 166 17 59 60144  1 1526049 163525 1.5 20 14 7 14 29% 524041 307 11%
c [ 381.22 166 17 59 60144  1 1526049 163525 1.6 22 14 9 17 31% 524041 307 11%
c - 383.43 167 17 60 60145  1 1539416 140423 1.6 22 14 9 17 31% 524041 307 11%
c p 383.46 167 17 60 60145  1 1539416 140434 1.6 22 14 9 17 31% 524041 307 11%
c u 383.75 167 17 60 60145  1 1539416 140333 1.6 22 14 9 17 31% 524041 307 11%
c v 383.89 167 17 60 60145  1 1539416 140324 1.6 22 14 9 17 31% 524041 307 11%
c w 383.95 167 17 60 60145  1 1539416 140322 1.6 22 14 9 17 31% 524041 307 11%
c x 384.08 167 17 60 60145  1 1539416 140319 1.6 22 14 9 17 31% 524036 307 11%
c 
c  seconds    reductions     conflicts          size   tier2        variables
c           MB      restarts        redundant      glue    trail        remaining
c            level        rate            size/glue  tier1   irredundant
c 
c B 384.31 167 17 60 60145  1 1540123 140803 1.6 22 14 9 17 31% 524036 307 11%
c - 393.26 167 17 61 60170  1 1592755 140045 1.5 22 14 9 17 31% 524036 307 11%
c p 393.29 167 17 61 60170  1 1592755 140056 1.5 22 14 9 17 31% 524036 307 11%
c u 393.55 167 17 61 60170  1 1592755 140008 1.5 22 14 9 17 31% 524036 307 11%
c v 393.67 167 17 61 60170  1 1592755 139991 1.5 22 14 9 17 31% 524036 307 11%
c w 393.72 167 17 61 60170  1 1592755 139968 1.5 22 14 9 17 31% 524036 307 11%
c x 393.87 167 17 61 60170  1 1592755 139967 1.5 22 14 9 17 31% 524033 307 11%
c t 393.88 167 17 61 60170  1 1592755 139966 1.5 22 14 9 17 31% 524033 307 11%
c W 396.19 167 17 61 60172  1 1596124 142016 1.5 22 14 9 17 31% 524033 307 11%
c - 405.03 168 16 62 60177  1 1647002 144350 1.6 22 14 8 17 31% 524033 307 11%
c p 405.07 168 16 62 60177  1 1647002 144361 1.6 22 14 8 17 31% 524033 307 11%
c u 405.34 168 16 62 60177  1 1647002 144310 1.6 22 14 8 17 31% 524033 307 11%
c v 405.47 168 16 62 60177  1 1647002 144299 1.6 22 14 8 17 31% 524033 307 11%
c w 405.53 168 16 62 60177  1 1647002 144236 1.6 22 14 8 17 31% 524033 307 11%
c x 405.65 168 16 62 60177  1 1647002 144235 1.6 22 14 8 17 31% 524033 307 11%
c O 406.82 168 16 62 60177  1 1653126 148772 1.6 22 14 8 17 31% 524033 307 11%
c s 409.62 169 17 62 60178  1 1668870 158901 1.6 22 14 8 17 31% 523798 307 11%
c s 409.92 169 17 62 60178  1 1668870 158890 1.6 22 14 8 17 31% 522988 307 11%
c - 416.77 170 16 63 60178  1 1702165 147461 1.6 22 14 8 17 31% 522988 307 11%
c p 416.81 170 16 63 60178  1 1702165 147472 1.6 22 14 8 17 31% 522988 307 11%
c 
c  seconds    reductions     conflicts          size   tier2        variables
c           MB      restarts        redundant      glue    trail        remaining
c            level        rate            size/glue  tier1   irredundant
c 
c u 417.13 170 16 63 60178  1 1702165 147433 1.6 22 14 8 17 31% 522988 307 11%
c v 417.28 170 16 63 60178  1 1702165 147426 1.6 22 14 8 17 31% 522988 307 11%
c w 417.35 170 16 63 60178  1 1702165 147402 1.6 22 14 8 17 31% 522988 307 11%
c x 417.48 170 16 63 60178  1 1702165 147401 1.6 22 14 8 17 31% 522981 307 11%
c B 419.17 170 16 63 60178  1 1711128 153079 1.6 22 14 8 16 31% 522981 307 11%
c ] 424.21 170 17 63 60179  1 1739648 171085 1.6 22 14 8 16 31% 522981 307 11%
c { 424.21 170 17 63 60179  1 1739648 171085 1.5 20 14 7 14 29% 522981 307 11%
c - 428.54 170 16 64 60749  1 1758217 148175 1.5 20 14 7 14 29% 522981 307 11%
c p 428.57 170 16 64 60749  1 1758217 148186 1.5 20 14 7 14 29% 522981 307 11%
c u 428.88 170 16 64 60749  1 1758217 148111 1.5 20 14 7 14 29% 522981 307 11%
c v 429.04 170 16 64 60749  1 1758217 148105 1.5 20 14 7 14 29% 522981 307 11%
c w 429.12 170 16 64 60749  1 1758217 148098 1.5 20 14 7 14 29% 522981 307 11%
c x 429.29 170 16 64 60749  1 1758217 148097 1.5 20 14 7 14 29% 522977 307 11%
c F 431.45 170 16 64 60763  1 1770129 155195 1.5 20 13 7 14 29% 522977 307 11%
c - 442.44 172 16 65 64394  1 1815184 154583 1.5 20 13 7 14 30% 522977 307 11%
c p 442.48 172 16 65 64394  1 1815184 154602 1.5 20 13 7 14 30% 522977 307 11%
c u 442.82 172 16 65 64394  1 1815184 154501 1.5 20 13 7 14 30% 522977 307 11%
c v 442.98 172 16 65 64394  1 1815184 154486 1.5 20 13 7 14 30% 522977 307 11%
c w 443.05 172 16 65 64394  1 1815184 154477 1.5 20 13 7 14 30% 522977 307 11%
c x 443.24 172 16 65 64394  1 1815184 154477 1.5 20 13 7 14 30% 522977 307 11%
c 
c  seconds    reductions     conflicts          size   tier2        variables
c           MB      restarts        redundant      glue    trail        remaining
c            level        rate            size/glue  tier1   irredundant
c 
c B 447.30 172 16 65 66308  1 1830132 163609 1.5 20 13 7 14 30% 522977 307 11%
c - 456.79 172 16 66 69323  1 1873066 156663 1.5 20 13 7 14 29% 522977 307 11%
c p 456.83 172 16 66 69323  1 1873066 156676 1.5 20 13 7 14 29% 522977 307 11%
c u 457.15 172 16 66 69323  1 1873066 156556 1.5 20 13 7 14 29% 522977 307 11%
c v 457.32 172 16 66 69323  1 1873066 156547 1.5 20 13 7 14 29% 522977 307 11%
c w 457.42 172 16 66 69323  1 1873066 156541 1.5 20 13 7 14 29% 522977 307 11%
c x 457.65 172 16 66 69323  1 1873066 156541 1.5 20 13 7 14 29% 522977 307 11%
c W 465.15 172 16 66 70637  1 1891133 168117 1.5 20 13 7 14 29% 522977 307 11%
c - 475.52 178 15 67 73593  1 1931863 158574 1.5 19 13 7 14 28% 522977 307 11%
c p 475.56 178 15 67 73593  1 1931863 158587 1.5 19 13 7 14 28% 522977 307 11%
c u 475.88 178 15 67 73593  1 1931863 158407 1.5 19 13 7 14 28% 522977 307 11%
c v 476.05 178 15 67 73593  1 1931863 158371 1.5 19 13 7 14 28% 522977 307 11%
c w 476.14 178 15 67 73593  1 1931863 158361 1.5 19 13 7 14 28% 522977 307 11%
c x 476.36 178 15 67 73593  1 1931863 158361 1.5 19 13 7 14 28% 522977 307 11%
c s 481.48 178 15 67 74844  1 1947963 168995 1.5 19 13 7 14 28% 522116 307 11%
c e 481.60 178 15 67 74844  1 1947963 168683 1.5 19 13 7 14 28% 522115 306 11%
c s 481.81 178 15 67 74844  1 1947963 168641 1.5 19 13 7 14 28% 521967 306 11%
c # 483.25 178 15 67 74903  1 1953134 172191 1.5 19 13 7 14 28% 521967 306 11%
c } 490.16 178 15 67 76572  1 1989009 191679 1.5 18 13 7 14 27% 521967 306 11%
c [ 490.16 178 17 67 76572  1 1989009 191679 1.6 22 14 8 16 31% 521967 306 11%
c 
c  seconds    reductions     conflicts          size   tier2        variables
c           MB      restarts        redundant      glue    trail        remaining
c            level        rate            size/glue  tier1   irredundant
c 
c - 490.97 178 17 68 76572  1 1991575 164049 1.6 22 14 8 16 31% 521967 306 11%
c p 491.01 178 17 68 76572  1 1991575 164062 1.6 22 14 8 16 31% 521967 306 11%
c u 491.40 178 17 68 76572  1 1991575 163961 1.6 22 14 8 16 31% 521967 306 11%
c v 491.58 178 17 68 76572  1 1991575 163952 1.6 22 14 8 16 31% 521967 306 11%
c w 491.66 178 17 68 76572  1 1991575 163947 1.6 22 14 8 16 31% 521967 306 11%
c x 491.88 178 17 68 76572  1 1991575 163946 1.6 22 14 8 16 31% 521965 306 11%
c W 499.02 178 17 68 76572  1 2016138 181160 1.6 23 14 8 16 31% 521965 306 11%
c - 505.42 178 17 69 76572  1 2052174 166631 1.5 23 15 8 16 31% 521965 306 11%
c p 505.47 178 17 69 76572  1 2052174 166643 1.5 23 15 8 16 31% 521965 306 11%
c u 507.20 157 17 69 76572  1 2052174 166564 1.5 23 15 8 16 31% 521965 306 11%
c v 507.38 157 17 69 76572  1 2052174 166548 1.5 23 15 8 16 31% 521965 306 11%
c w 507.46 157 17 69 76572  1 2052174 166544 1.5 23 15 8 16 31% 521965 306 11%
c x 507.65 157 17 69 76572  1 2052174 166544 1.5 23 15 8 16 31% 521965 306 11%
c t 507.66 157 17 69 76572  1 2052174 166544 1.5 23 15 8 16 31% 521963 306 11%
c I 513.70 157 17 69 76572  1 2080140 183807 1.5 22 15 8 16 31% 521963 306 11%
c - 521.29 157 17 70 76575  1 2113688 169767 1.6 23 14 8 16 31% 521963 306 11%
c p 521.33 157 17 70 76575  1 2113688 169780 1.6 23 14 8 16 31% 521963 306 11%
c u 521.68 157 17 70 76575  1 2113688 169682 1.6 23 14 8 16 31% 521963 306 11%
c v 521.85 157 17 70 76575  1 2113688 169659 1.6 23 14 8 16 31% 521963 306 11%
c w 521.94 157 17 70 76575  1 2113688 169652 1.6 23 14 8 16 31% 521963 306 11%
c 
c  seconds    reductions     conflicts          size   tier2        variables
c           MB      restarts        redundant      glue    trail        remaining
c            level        rate            size/glue  tier1   irredundant
c 
c x 522.16 157 17 70 76575  1 2113688 169648 1.6 23 14 8 16 31% 521957 306 11%
c B 529.02 157 17 70 76590  1 2145142 190557 1.6 23 14 8 16 31% 521957 306 11%
c - 534.76 157 17 71 76602  1 2176117 171371 1.6 23 15 8 16 31% 521957 306 11%
c p 534.80 157 17 71 76602  1 2176117 171384 1.6 23 15 8 16 31% 521957 306 11%
c u 535.17 157 17 71 76602  1 2176117 171272 1.6 23 15 8 16 31% 521957 306 11%
c v 535.34 157 17 71 76602  1 2176117 171262 1.6 23 15 8 16 31% 521957 306 11%
c w 535.43 157 17 71 76602  1 2176117 171250 1.6 23 15 8 16 31% 521957 306 11%
c x 535.64 157 17 71 76602  1 2176117 171248 1.6 23 15 8 16 31% 521954 306 11%
c W 543.45 157 17 71 76615  1 2211144 193188 1.5 23 15 8 16 31% 521954 306 11%
c - 549.18 157 17 72 76626  1 2239462 167487 1.5 22 15 8 16 30% 521954 306 11%
c p 549.23 157 17 72 76626  1 2239462 167502 1.5 22 15 8 16 30% 521954 306 11%
c u 549.60 157 17 72 76626  1 2239462 167368 1.5 22 15 8 16 30% 521954 306 11%
c v 549.79 157 17 72 76626  1 2239462 167348 1.5 22 15 8 16 30% 521954 306 11%
c w 549.88 157 17 72 76626  1 2239462 167345 1.5 22 15 8 16 30% 521954 306 11%
c x 550.14 157 17 72 76626  1 2239462 167345 1.5 22 15 8 16 30% 521951 306 11%
c t 550.14 157 17 72 76626  1 2239462 167344 1.5 22 15 8 16 30% 521951 306 11%
c ] 550.51 157 17 72 76627  1 2240305 167836 1.5 22 15 8 16 30% 521951 306 11%
c { 550.51 157 15 72 76627  1 2240305 167836 1.5 18 13 7 14 27% 521951 306 11%
c s 552.55 157 15 72 77235  1 2248577 172526 1.5 18 13 7 14 27% 521680 306 11%
c t 552.57 157 15 72 77235  1 2248577 172526 1.5 18 13 7 14 27% 521679 306 11%
c 
c  seconds    reductions     conflicts          size   tier2        variables
c           MB      restarts        redundant      glue    trail        remaining
c            level        rate            size/glue  tier1   irredundant
c 
c s 552.91 157 15 72 77235  1 2248577 172467 1.5 18 13 7 14 27% 521405 306 11%
c B 560.48 158 15 72 80522  1 2278146 190615 1.5 19 13 7 14 27% 521405 306 11%
c - 567.85 164 15 73 82749  1 2303724 169163 1.5 19 13 7 14 28% 521405 306 11%
c p 567.90 164 15 73 82749  1 2303724 169177 1.5 19 13 7 14 28% 521405 306 11%
c u 568.32 164 15 73 82749  1 2303724 169003 1.5 19 13 7 14 28% 521405 306 11%
c v 568.52 164 15 73 82749  1 2303724 168972 1.5 19 13 7 14 28% 521405 306 11%
c w 568.63 164 15 73 82749  1 2303724 168969 1.5 19 13 7 14 28% 521405 306 11%
c x 568.92 164 15 73 82749  1 2303724 168968 1.5 19 13 7 14 28% 521403 306 11%
c t 568.92 164 15 73 82749  1 2303724 168966 1.5 19 13 7 14 28% 521402 306 11%
c W 582.25 167 15 73 85758  1 2346149 193258 1.5 19 13 7 14 28% 521402 306 11%
c - 588.75 176 15 74 87105  1 2368884 175269 1.5 19 13 7 14 28% 521402 306 11%
c p 588.79 176 15 74 87105  1 2368884 175286 1.5 19 13 7 14 28% 521402 306 11%
c u 589.20 176 15 74 87105  1 2368884 175210 1.5 19 13 7 14 28% 521402 306 11%
c v 589.39 176 15 74 87105  1 2368884 175171 1.5 19 13 7 14 28% 521402 306 11%
c w 589.49 176 15 74 87105  1 2368884 175167 1.5 19 13 7 14 28% 521402 306 11%
c x 589.77 176 15 74 87105  1 2368884 175166 1.5 19 13 7 14 28% 521397 306 11%
c t 589.78 176 15 74 87105  1 2368884 175165 1.5 19 13 7 14 28% 521397 306 11%
c F 602.59 177 15 74 91153  1 2415150 203502 1.5 19 13 7 14 29% 521397 306 11%
c - 608.66 178 15 75 92753  1 2434956 181038 1.5 19 13 7 14 29% 521397 306 11%
c p 608.70 178 15 75 92753  1 2434956 181055 1.5 19 13 7 14 29% 521397 306 11%
c 
c  seconds    reductions     conflicts          size   tier2        variables
c           MB      restarts        redundant      glue    trail        remaining
c            level        rate            size/glue  tier1   irredundant
c 
c u 609.18 178 15 75 92753  1 2434956 180924 1.5 19 13 7 14 29% 521397 306 11%
c v 609.41 178 15 75 92753  1 2434956 180889 1.5 19 13 7 14 29% 521397 306 11%
c w 609.51 178 15 75 92753  1 2434956 180873 1.5 19 13 7 14 29% 521397 306 11%
c x 609.83 178 15 75 92753  1 2434956 180873 1.5 19 13 7 14 29% 521397 306 11%
c t 609.83 178 15 75 92753  1 2434956 180871 1.5 19 13 7 14 29% 521397 306 11%
c B 622.58 178 15 75 96648  1 2485151 209362 1.5 19 13 7 14 29% 521397 306 11%
c - 627.95 179 15 76 97661  1 2501942 186131 1.5 19 13 7 14 29% 521397 306 11%
c p 627.99 179 15 76 97661  1 2501942 186148 1.5 19 13 7 14 29% 521397 306 11%
c u 628.46 179 15 76 97661  1 2501942 186082 1.5 19 13 7 14 29% 521397 306 11%
c v 628.66 179 15 76 97661  1 2501942 186052 1.5 19 13 7 14 29% 521397 306 11%
c w 628.78 179 15 76 97661  1 2501942 186046 1.5 19 13 7 14 29% 521397 306 11%
c x 629.07 179 15 76 97661  1 2501942 186045 1.5 19 13 7 14 29% 521395 306 11%
c t 629.07 179 15 76 97661  1 2501942 186044 1.5 19 13 7 14 29% 521395 306 11%
c } 633.39 179 15 76 99445  1 2516954 195059 1.5 19 13 7 14 29% 521395 306 11%
c [ 633.39 179 17 76 99445  1 2516954 195059 1.5 22 15 8 16 30% 521395 306 11%
c O 640.76 179 16 76 99453  1 2556152 217763 1.5 22 14 8 16 30% 521395 306 11%
c - 644.23 179 16 77 99453  1 2569843 191071 1.5 21 14 8 16 30% 521395 306 11%
c p 644.27 179 16 77 99453  1 2569843 191088 1.5 21 14 8 16 30% 521395 306 11%
c u 644.65 179 16 77 99453  1 2569843 191002 1.5 21 14 8 16 30% 521395 306 11%
c v 644.84 179 16 77 99453  1 2569843 190984 1.5 21 14 8 16 30% 521395 306 11%
c 
c  seconds    reductions     conflicts          size   tier2        variables
c           MB      restarts        redundant      glue    trail        remaining
c            level        rate            size/glue  tier1   irredundant
c 
c w 644.93 179 16 77 99453  1 2569843 190957 1.5 21 14 8 16 30% 521395 306 11%
c x 645.19 179 16 77 99453  1 2569843 190956 1.5 21 14 8 16 30% 521390 306 11%
c t 645.19 179 16 77 99453  1 2569843 190955 1.5 21 14 8 16 30% 521390 306 11%
c s 645.79 179 16 77 99453  1 2570617 191336 1.5 21 14 8 16 30% 520477 306 11%
c s 646.16 179 16 77 99453  1 2570617 191321 1.5 21 14 8 16 30% 519754 306 11%
c B 655.67 179 16 77 99475  1 2628154 225268 1.5 21 14 8 16 30% 519754 306 11%
c i 656.01 179 16 77 99475  1 2628895 225657 1.5 21 14 8 16 30% 519754 305 11%
c - 658.48 177 16 78 99481  1 2638660 185980 1.5 21 14 8 16 30% 510952 305 11%
c p 658.51 177 16 78 99481  1 2638660 185997 1.5 21 14 8 16 30% 510952 305 11%
c u 658.89 177 16 78 99481  1 2638660 185928 1.5 21 14 8 16 30% 510952 305 11%
c v 659.09 177 16 78 99481  1 2638660 185911 1.5 21 14 8 16 30% 510952 305 11%
c w 659.19 177 16 78 99481  1 2638660 185900 1.5 21 14 8 16 30% 510952 305 11%
c x 659.45 177 16 78 99481  1 2638660 185899 1.5 21 14 8 16 30% 510945 305 11%
c W 674.27 177 15 78 99499  1 2701155 224699 1.5 21 13 8 16 30% 510945 305 11%
c - 675.61 178 15 79 99504  1 2708035 191051 1.5 20 13 8 16 30% 510945 305 11%
c p 675.65 178 15 79 99504  1 2708035 191068 1.5 20 13 8 16 30% 510945 305 11%
c u 676.06 178 15 79 99504  1 2708035 190990 1.5 20 13 8 16 30% 510945 305 11%
c v 676.26 178 15 79 99504  1 2708035 190977 1.5 20 13 8 16 30% 510945 305 11%
c w 676.36 178 15 79 99504  1 2708035 190969 1.5 20 13 8 16 30% 510945 305 11%
c x 676.62 178 15 79 99504  1 2708035 190969 1.5 20 13 8 16 30% 510944 305 11%
c 
c  seconds    reductions     conflicts          size   tier2        variables
c           MB      restarts        redundant      glue    trail        remaining
c            level        rate            size/glue  tier1   irredundant
c 
c t 676.63 178 15 79 99504  1 2708035 190969 1.5 20 13 8 16 30% 510943 305 11%
c I 690.34 178 14 79 99516  1 2775157 230370 1.6 20 12 8 16 29% 510943 305 11%
c - 691.25 179 14 80 99516  1 2778322 199523 1.6 20 12 8 16 29% 510943 305 11%
c p 691.29 179 14 80 99516  1 2778322 199540 1.6 20 12 8 16 29% 510943 305 11%
c u 691.73 179 14 80 99516  1 2778322 199405 1.6 20 12 8 16 29% 510944 305 11%
c v 691.95 179 14 80 99516  1 2778322 199373 1.6 20 12 8 16 29% 510944 305 11%
c w 692.06 179 14 80 99516  1 2778322 199357 1.6 20 12 8 16 29% 510944 305 11%
c x 692.29 179 14 80 99516  1 2778322 199355 1.6 20 12 8 16 29% 510942 305 11%
c t 692.29 179 14 80 99516  1 2778322 199353 1.6 20 12 8 16 29% 510941 305 11%
c ] 699.76 179 14 80 99517  1 2808150 217262 1.6 20 12 8 16 30% 510941 305 11%
c { 699.76 179 15 80 99517  1 2808150 217262 1.5 19 13 7 14 29% 510941 305 11%
c - 709.26 179 14 81 100894  1 2849509 205531 1.5 18 12 7 14 29% 510941 305 11%
c p 709.31 179 14 81 100894  1 2849509 205553 1.5 18 12 7 14 29% 510941 305 11%
c u 709.93 159 14 81 100894  1 2849509 205410 1.5 18 12 7 14 29% 510941 305 11%
c v 710.15 159 14 81 100894  1 2849509 205364 1.5 18 12 7 14 29% 510941 305 11%
c w 710.26 159 14 81 100894  1 2849509 205340 1.5 18 12 7 14 29% 510941 305 11%
c x 710.48 159 14 81 100894  1 2849509 205338 1.5 18 12 7 14 29% 510938 305 11%
c W 712.61 159 14 81 100947  1 2850162 205751 1.5 18 12 7 14 29% 510938 305 11%
c i 722.42 162 14 81 103140  1 2890010 226928 1.5 18 12 7 13 29% 510938 304 11%
c i 726.52 163 14 81 103999  1 2908426 236962 1.5 18 12 7 13 29% 510938 303 11%
c 
c  seconds    reductions      conflicts          size   tier2        variables
c           MB      restarts         redundant      glue    trail        remaining
c            level         rate            size/glue  tier1   irredundant
c 
c s 728.23 163 13 81 104150  1 2913982 239978 1.5 17 12 7 13 29% 508678 303 11%
c e 728.33 163 13 81 104150  1 2913982 237847 1.5 17 12 7 13 29% 390111 295 11%
c s 728.64 163 13 81 104150  1 2913982 237809 1.5 17 12 7 13 29% 389080 295 11%
c i 728.97 163 13 81 104150  1 2915534 238450 1.5 17 12 7 13 29% 389080 294 10%
c i 729.59 163 13 81 104153  1 2919490 240812 1.5 17 12 7 13 29% 389080 293 10%
c - 730.27 137 13 82 104153  1 2921605 87278 1.5 17 11 7 13 29% 317386 293 10%
c 2 730.27 137 13 82 104153  1 2921605 87272 1.5 17 11 7 13 29% 317385 293 10%
c p 730.29 137 13 82 104153  1 2921605 87304 1.5 17 11 7 13 29% 317385 292 10%
c u 730.58 137 13 82 104153  1 2921605 86918 1.5 17 11 7 13 29% 317385 292 10%
c v 730.72 137 13 82 104153  1 2921605 86836 1.5 17 11 7 13 29% 317385 292 10%
c w 730.80 137 13 82 104153  1 2921605 86789 1.5 17 11 7 13 29% 317385 292 10%
c x 730.95 137 13 82 104153  1 2921605 86788 1.5 17 11 7 13 29% 317323 292 10%
c t 730.95 137 13 82 104153  1 2921605 86776 1.5 17 11 7 13 29% 317318 292 10%
c # 731.60 137 13 82 104353  1 2926166 89402 1.5 17 11 7 13 29% 317318 292 10%
c } 732.64 137 13 82 104471  1 2933521 93045 1.5 17 11 7 13 29% 317318 242  9%
c 0 732.64 137 13 82 104471  1 2933521 93045 1.5 17 11 7 13 29% 317318 242  9%
c 
c --- [ closing proof ] ------------------------------------------------------
c 
c LRAT proof file '/root/earth-moon/lean/data/a4_m09c/leaf11.lrat' closed
c LRAT 3700685 added clauses 49.20%
c LRAT 3820486 deleted clauses 50.80%
c LRAT 789422153 bytes (752.85 MB)
c 
c --- [ result ] -------------------------------------------------------------
c 
s UNSATISFIABLE
c 
c --- [ run-time profiling ] -------------------------------------------------
c 
c process time taken by individual solving procedures
c (percentage relative to process time for solving)
c 
c       678.00   92.59% search
c       375.09   51.22% unstable
c       269.59   36.81% stable
c        54.30    7.41% simplify
c        37.53    5.13% vivify
c        33.19    4.53% walk
c         6.11    0.83% sweep
c         4.17    0.57% subsume
c         2.82    0.38% elim
c         1.34    0.18% probe
c         0.72    0.10% ternary
c         0.45    0.06% congruence
c         0.34    0.05% parse
c         0.14    0.02% lucky
c         0.00    0.00% backbone
c   =================================
c       732.30   99.95% solve
c 
c last line shows process time for solving
c (percentage relative to total process time)
c 
c --- [ statistics ] ---------------------------------------------------------
c 
c chronological:            305664        10.42 %  of conflicts
c conflicts:               2933521      4005.91    per second
c backbone:                 115890      4127.14 %  of vars
c decisions:               3511941      4795.78    per second
c eliminated:                 2150        76.57 %  of all variables
c fixed:                       415        14.78 %  of all variables
c learned:                 2881384        98.22 %  per conflict
c learned_lits:           86359414       100.00 %  learned literals
c minimized:                     0         0.00 %  learned literals
c shrunken:               21894175        25.35 %  learned literals
c minishrunken:            5043808         5.84 %  learned literals
c otfs:                      18492         0.63 %  of conflict
c propagations:           40985064         0.06 M  per second
c reduced:                 1603912        54.68 %  per conflict
c rephased:                     76     38598.96    interval
c restarts:                 104471        28.08    interval
c stabilizing:                  12        50.56 %  of conflicts
c substituted:                   1         0.04 %  of all variables
c subsumed:                1046269        30.58 %  of all clauses
c strengthened:             147376         4.31 %  of all clauses
c ticks:               38430667192       951.32    propagation
c vivified:                  10555         0.31 %  of all clauses
c walked:                       24    122230.04    interval
c weakened:                   5308         2.51    average size
c congruence:                   12    244460.08    interval
c 
c seconds are measured in process time for solving
c 
c --- [ glue usage ] ---------------------------------------------------------
c 
c focused glue 7 used 231734 clauses 5.600% accumulated 55.34% tier1
c focused glue 8 used 196735 clauses 4.755% accumulated 60.09%
c focused glue 9-11 used 658097 clauses 15.90% accumulated 76.00%
c focused glue 12 used 204130 clauses 4.933% accumulated 80.93%
c focused glue 13 used 178581 clauses 4.316% accumulated 85.25% tier2
c 
c stable glue 8 used 183442 clauses 3.864% accumulated 51.67% tier1
c stable glue 9 used 210483 clauses 4.434% accumulated 56.11%
c stable glue 10-14 used 1181615 clauses 24.89% accumulated 81.00%
c stable glue 15 used 186820 clauses 3.936% accumulated 84.94%
c stable glue 16 used 160637 clauses 3.384% accumulated 88.32% tier2
c 
c 
c --- [ resources ] ----------------------------------------------------------
c 
c total process time since initialization:       732.64    seconds
c total real time since initialization:          732.81    seconds
c maximum resident set size of process:          233.45    MB
c 
c --- [ shutting down ] ------------------------------------------------------
c 
c exit 20
