c --- [ banner ] -------------------------------------------------------------
c 
c CaDiCaL SAT Solver
c Copyright (c) 2016-2026
c A. Biere, M. Fleury, N. Froleyks, K. Fazekas, F. Pollitt, T. Faller
c JKU Linz, University of Freiburg, TU Wien
c 
c Version 3.0.1 c60730422e758ef1cebe7aeddf2dda31c996bf04
c g++ (Ubuntu 13.3.0-6ubuntu2~24.04.1) 13.3.0 -Wall -Wextra -O3 -DNDEBUG
c Fri Oct 2 18:00:09 UTC 2026 Linux ai-math 6.8.0-139-generic x86_64
c 
c --- [ proof tracing ] ------------------------------------------------------
c 
c opening file to write '/root/earth-moon/lean/data/a4_m09c/leaf6.lrat'
c writing non-binary proof trace to '/root/earth-moon/lean/data/a4_m09c/leaf6.lrat'
c 
c --- [ parsing input ] ------------------------------------------------------
c 
c reading DIMACS file from '/root/earth-moon/lean/data/a4_m09c/leaf6.cnf'
c opening file to read '/root/earth-moon/lean/data/a4_m09c/leaf6.cnf'
c found 'p cnf 2808 291646' header
c parsed 291646 clauses in 0.23 seconds process time
c 
c --- [ options ] ------------------------------------------------------------
c 
c   --binary=false                 (different from default 'true')
c   --lrat=true                    (different from default 'false')
c 
c --- [ solving ] ------------------------------------------------------------
c 
c time measured in process time since initialization
c 
c  seconds  reduction conflicts       size tier2       variables
c         MB    restarts   redundant    glue  trail         remaining
c          level     rate       size/glu tier1  irredundant
c 
c *  0.23 40  0 0   0  0    0    0 0.0 0 0 2 6  0% 291471 2768 99%
c )  0.28 56  0 0   0  0    0    0 0.0 0 0 2 6  0% 291471 2768 99%
c {  0.29 56  0 0   0  0    0    0 0.0 0 0 2 6  0% 291471 2768 99%
c i  0.31 57 1676 0   0 44   66   26 1.6 16 9 2 6 67% 291444 2764 98%
c i  0.31 57 1667 0   0 31  100   39 1.7 16 9 2 6 67% 291426 2763 98%
c i  0.31 57 1666 0   0 29  104   39 1.7 15 9 2 6 67% 291423 2727 97%
c i  0.31 58 1661 0   0 27  113   41 1.7 15 9 2 6 67% 291417 2726 97%
c -  0.38 59 1453 1   0 11  301  120 2.2 19 8 2 6 60% 291356 2726 97%
c i  0.41 60 1180 1   7 10  378  147 2.1 18 9 2 6 51% 291313 2725 97%
c i  0.41 60 1173 1   7 10  380  147 2.1 18 9 2 6 51% 291313 2722 97%
c i  0.41 60 1170 1   7 10  381  147 2.1 18 9 2 6 51% 291313 2717 97%
c i  0.41 60 1157 1   7 10  385  149 2.1 18 9 2 6 50% 291313 2716 97%
c i  0.46 61 917 1  31 10  492  229 1.7 20 11 2 6 42% 291294 2695 96%
c i  0.47 61 856 1  40 10  531  259 1.7 20 12 2 6 40% 291287 2694 96%
c i  0.47 61 835 1  44 10  544  266 1.6 20 12 2 6 40% 291285 2693 96%
c i  0.47 61 824 1  46 10  551  267 1.6 20 12 2 6 39% 291280 2691 96%
c i  0.57 63 644 1  87 10  716  361 1.6 20 13 2 6 33% 291222 2690 96%
c -  0.73 87 500 2 130  9  935  233 1.5 20 14 2 6 29% 291145 2690 96%
c i  0.73 87 496 2 132  9  943  235 1.5 20 14 2 6 29% 291140 2688 96%
c }  0.76 87 467 2 147  9 1004  290 1.5 20 14 2 6 28% 291137 2688 96%
c 
c  seconds  reduction conflicts       size tier2       variables
c         MB    restarts   redundant    glue  trail         remaining
c          level     rate       size/glu tier1  irredundant
c 
c [  0.76 87  0 2 147  0 1004  290 0.0 0 0 2 6  0% 291137 2688 96%
c O  0.76 87  6 2 147  7 1005  291 5.0 5 1 2 6 17% 291137 2688 96%
c -  0.95 87 36 3 147  1 2054  435 1.8 28 15 2 6 33% 291080 2688 96%
c ]  1.06 87 35 3 148  1 2845 1167 1.7 30 17 2 6 30% 291071 2688 96%
c {  1.06 87 467 3 148  9 2845 1167 1.5 20 14 2 6 28% 291071 2688 96%
c 2  1.13 87 414 3 175  9 2986 1268 1.4 21 14 2 6 26% 291049 2670 95%
c d  1.15 87 414 3 175  9 2986 1266 1.4 21 14 2 6 26% 291017 2669 95%
c p  1.15 87 414 3 175  9 2986 1296 1.4 21 14 2 6 26% 291017 2669 95%
c t  1.26 88 414 3 175  9 2986 1291 1.4 21 14 2 6 26% 291019 2652 94%
c O  1.28 88 405 3 180  9 3014 1311 1.4 21 14 2 6 26% 291012 2652 94%
c i  1.33 88 356 3 209  8 3181 1420 1.4 21 15 2 6 25% 291001 2651 94%
c i  1.39 88 321 3 244  8 3340 1526 1.4 21 15 2 6 24% 290978 2650 94%
c i  1.39 88 320 3 244  8 3344 1527 1.4 21 15 2 6 24% 290976 2649 94%
c i  1.42 88 306 3 259  8 3418 1586 1.4 22 16 2 6 24% 290968 2648 94%
c -  1.52 88 261 4 264  7 3712  616 1.5 23 15 2 6 24% 290956 2648 94%
c i  1.63 88 203 4 289  5 4311 1141 1.6 24 15 2 6 23% 290943 2617 93%
c 2  1.83 88 143 4 326  4 5486 1980 1.6 24 15 11 19 22% 290919 2609 93%
c t  1.84 88 143 4 326  4 5486 1979 1.6 24 15 11 19 22% 290919 2609 93%
c i  1.97 88 133 4 347  4 5829 2254 1.5 24 15 11 18 22% 290917 2605 93%
c -  2.06 88 129 5 356  4 5942 2078 1.5 24 15 11 18 22% 290860 2605 93%
c 
c  seconds   reduction conflicts       size    tier2        variables
c         MB     restarts   redundant     glue     trail         remaining
c           level     rate       size/glue  tier1    irredundant
c 
c #  2.07 88 127 5 356  4 6015 2122 1.5 24 15 11 18 22% 290860 2605 93%
c i  2.18 88 115 5 382  4 6571 2597 1.6 24 15 11 18 22% 290857 2552 91%
c i  2.22 88 112 5 387  4 6683 2692 1.6 24 15 11 18 22% 290854 2546 91%
c i  2.22 88 112 5 387  4 6688 2693 1.6 24 15 11 18 22% 290852 2544 91%
c i  2.22 88 112 5 387  4 6689 2693 1.6 24 15 11 18 22% 290852 2498 89%
c 2  2.59 88 92 5 515  3 8090 3848 1.6 24 16 10 19 11% 290727 2482 88%
c d  2.61 88 92 5 515  3 8090 3847 1.6 24 16 10 19 11% 290699 2481 88%
c =  2.71 88 92 5 515  3 8090 3845 1.6 24 16 10 19 11% 290652 2448 87%
c t  2.71 88 92 5 515  3 8090 3844 1.6 24 16 10 19 11% 290651 2448 87%
c -  2.88 88 84 6 532  3 8763 3906 1.5 23 15 10 19 10% 290645 2448 87%
c }  2.95 88 74 6 532  3 9857 4399 1.5 22 15 10 18  8% 290645 2448 87%
c [  2.95 88 35 6 532  1 9857 4399 1.7 30 17 2 6 34% 290645 2448 87%
c I  2.97 88 33 6 532  1 10017 4480 1.7 28 17 2 6 32% 290645 2448 87%
c 2  3.04 88 28 6 533  1 10787 4851 1.6 25 16 2 6 25% 290645 2443 87%
c -  3.23 88 23 7 533  1 12187 4599 1.5 22 14 2 6 18% 290635 2443 87%
c s  3.33 89 21 7 535  1 13438 5176 1.5 20 14 11 16 15% 290611 2443 87%
c t  3.34 89 21 7 535  1 13438 5176 1.5 20 14 11 16 15% 290600 2443 87%
c e  3.39 89 21 7 535  1 13438 4821 1.5 20 14 11 16 15% 286518 250  9%
c s  3.40 89 21 7 535  1 13438 4819 1.5 20 14 11 16 15% 286500 250  9%
c t  3.59 84 21 7 535  1 13571 4904 1.5 20 14 11 16 21% 286499 250  9%
c 
c  seconds  reductions conflicts       size    tier2        variables
c         MB    restarts    redundant     glue     trail        remaining
c          level     rate        size/glue  tier1    irredundant
c 
c B  3.70 84 19 7 536  1 15018 5644 1.4 19 13 11 16 21% 286499 250  9%
c -  3.90 102 20 8 536  1 16224 5616 1.5 20 14 11 16 35% 286499 250  9%
c u  4.01 102 20 8 536  1 16437 5780 1.5 20 14 11 16 36% 286510 250  9%
c v  4.03 102 20 8 536  1 16437 5777 1.5 20 14 11 16 36% 286510 250  9%
c w  4.04 102 20 8 536  1 16437 5776 1.5 20 14 11 16 36% 286510 250  9%
c x  4.08 102 20 8 536  1 16437 5776 1.5 20 14 11 16 36% 286510 250  9%
c t  4.08 102 20 8 536  1 16437 5775 1.5 20 14 11 16 36% 286510 250  9%
c -  4.54 123 21 9 538  1 20865 7760 1.4 20 14 11 16 38% 286510 250  9%
c W  4.79 123 21 9 538  1 21019 7850 1.4 20 14 11 16 38% 286510 250  9%
c ]  4.86 123 21 9 538  1 21562 8251 1.4 20 14 10 16 38% 286510 250  9%
c {  4.86 123 74 9 538  3 21562 8251 1.5 22 15 10 18 85% 286510 250  9%
c -  5.23 102 51 10 538  2 26128 9696 1.5 21 14 10 18 58% 286510 250  9%
c B  5.80 102 47 10 766  2 28020 11213 1.5 21 14 10 18 54% 286510 250  9%
c -  6.45 123 40 11 861  2 32016 11333 1.5 20 13 10 18 47% 286510 250  9%
c p  6.46 123 40 11 861  2 32016 11334 1.5 20 13 10 18 47% 286510 250  9%
c W  7.48 123 36 11 1245  2 36021 14088 1.5 20 14 10 18 44% 286510 250  9%
c -  7.93 102 34 12 1294  2 38533 11462 1.5 20 13 9 15 42% 286510 250  9%
c p  7.93 102 34 12 1294  2 38533 11465 1.5 20 13 9 15 42% 286510 250  9%
c u  8.15 102 34 12 1294  2 38533 11441 1.5 20 13 9 15 42% 286510 250  9%
c v  8.18 102 34 12 1294  2 38533 11430 1.5 20 13 9 15 42% 286510 250  9%
c 
c  seconds   reductions   conflicts        size   tier2        variables
c          MB     restarts      redundant     glue    trail        remaining
c           level       rate         size/glue  tier1   irredundant
c 
c w  8.19 102 34 12 1294  2 38533 11430 1.5 20 13 9 15 42% 286510 250  9%
c }  8.50 102 31 12 1294  2 42448 13250 1.5 19 13 9 15 39% 286510 250  9%
c [  8.50 102 21 12 1294  1 42448 13250 1.4 20 14 10 16 38% 286510 250  9%
c O  8.66 102 19 12 1296  1 45022 14339 1.4 19 13 10 16 34% 286510 250  9%
c -  8.79 123 19 13 1296  1 45685 12404 1.4 19 13 10 16 34% 286510 250  9%
c -  9.60 102 18 14 1300  1 53470 14641 1.4 19 13 10 16 35% 286510 250  9%
c p  9.60 102 18 14 1300  1 53470 14642 1.4 19 13 10 16 35% 286510 250  9%
c s  9.70 102 18 14 1300  1 54088 15102 1.4 19 13 10 16 35% 286493 250  9%
c s  9.76 102 18 14 1300  1 54088 15095 1.4 19 13 10 16 35% 286466 250  9%
c B  9.92 102 19 14 1301  1 55025 15830 1.4 19 13 10 16 36% 286466 250  9%
c - 10.89 124 21 15 1301  1 61893 16764 1.5 22 14 10 16 40% 286466 250  9%
c p 10.89 124 21 15 1301  1 61893 16765 1.5 22 14 10 16 40% 286466 250  9%
c u 10.98 124 21 15 1301  1 61893 16708 1.5 22 14 10 16 40% 286466 250  9%
c v 11.01 124 21 15 1301  1 61893 16694 1.5 22 14 10 16 40% 286466 250  9%
c w 11.03 124 21 15 1301  1 61893 16694 1.5 22 14 10 16 40% 286466 250  9%
c W 11.57 124 23 15 1304  1 66026 20269 1.5 23 16 10 16 41% 286466 250  9%
c ] 11.58 124 23 15 1304  1 66107 20336 1.5 23 16 10 16 41% 286466 250  9%
c { 11.58 124 31 15 1304  2 66107 20336 1.5 19 13 9 15 39% 286466 250  9%
c - 11.95 102 28 16 1343  2 70954 17577 1.4 19 13 10 14 36% 286466 250  9%
c p 11.96 102 28 16 1343  2 70954 17578 1.4 19 13 10 14 36% 286466 250  9%
c 
c  seconds   reductions   conflicts        size    tier2        variables
c          MB     restarts      redundant     glue     trail        remaining
c           level       rate         size/glue  tier1    irredundant
c 
c F 12.47 102 25 16 1366  2 78027 20983 1.4 18 13 10 14 32% 286466 250  9%
c - 12.82 124 24 17 1416  2 80656 20041 1.4 18 13 10 14 33% 286466 250  9%
c p 12.83 124 24 17 1416  2 80656 20042 1.4 18 13 10 14 33% 286466 250  9%
c - 13.70 102 21 18 1468  1 91002 22626 1.4 17 12 10 14 31% 286466 250  9%
c p 13.70 102 21 18 1468  1 91002 22627 1.4 17 12 10 14 31% 286466 250  9%
c u 13.77 102 21 18 1468  1 91002 22582 1.4 17 12 10 14 31% 286466 250  9%
c v 13.79 102 21 18 1468  1 91002 22578 1.4 17 12 10 14 31% 286466 250  9%
c w 13.81 102 21 18 1468  1 91002 22578 1.4 17 12 10 14 31% 286466 250  9%
c x 13.85 102 21 18 1468  1 91002 22578 1.4 17 12 10 14 31% 286465 250  9%
c B 13.87 102 21 18 1468  1 91028 22597 1.4 17 12 10 14 31% 286465 250  9%
c - 14.93 124 19 19 1703  1 101992 25183 1.4 16 12 10 14 30% 286465 250  9%
c p 14.94 124 19 19 1703  1 101992 25184 1.4 16 12 10 14 30% 286465 250  9%
c W 15.77 124 19 19 1943  1 105029 27110 1.4 16 12 10 14 30% 286465 250  9%
c - 16.55 102 18 20 2110  1 113626 29424 1.4 16 12 10 14 29% 286465 250  9%
c p 16.56 102 18 20 2110  1 113626 29427 1.4 16 12 10 14 29% 286465 250  9%
c u 16.62 102 18 20 2110  1 113626 29413 1.4 16 12 10 14 29% 286465 250  9%
c v 16.65 102 18 20 2110  1 113626 29409 1.4 16 12 10 14 29% 286465 250  9%
c w 16.66 102 18 20 2110  1 113626 29409 1.4 16 12 10 14 29% 286465 250  9%
c x 16.70 102 18 20 2110  1 113626 29409 1.4 16 12 10 14 29% 286465 250  9%
c } 16.73 102 18 20 2110  1 113733 29456 1.4 16 12 10 14 29% 286465 250  9%
c 
c  seconds   reductions   conflicts         size    tier2        variables
c          MB     restarts       redundant     glue     trail        remaining
c           level       rate          size/glue  tier1    irredundant
c 
c [ 16.73 102 23 20 2110  1 113733 29456 1.5 23 16 10 16 41% 286465 250  9%
c s 16.92 102 23 20 2111  1 115062 30462 1.5 23 16 10 16 42% 286410 250  9%
c s 16.99 102 23 20 2111  1 115062 30429 1.5 23 16 10 16 42% 286387 250  9%
c I 17.62 102 24 20 2114  1 120031 34608 1.5 24 17 10 16 43% 286387 250  9%
c - 18.13 125 23 21 2117  1 125906 32237 1.4 23 16 10 16 40% 286387 250  9%
c p 18.14 125 23 21 2117  1 125906 32238 1.4 23 16 10 16 40% 286387 250  9%
c B 18.90 125 21 21 2122  1 136034 37442 1.4 22 16 10 16 36% 286387 250  9%
c - 19.19 102 23 22 2122  1 138829 35069 1.4 23 16 11 17 37% 286387 250  9%
c p 19.20 102 23 22 2122  1 138829 35071 1.4 23 16 11 17 37% 286387 250  9%
c u 19.25 102 23 22 2122  1 138829 35044 1.4 23 16 11 17 37% 286387 250  9%
c v 19.27 102 23 22 2122  1 138829 35035 1.4 23 16 11 17 37% 286387 250  9%
c w 19.28 102 23 22 2122  1 138829 35035 1.4 23 16 11 17 37% 286387 250  9%
c x 19.31 102 23 22 2122  1 138829 35035 1.4 23 16 11 17 37% 286381 250  9%
c - 20.69 125 25 23 2123  1 152401 36965 1.4 24 18 11 17 41% 286381 250  9%
c p 20.70 125 25 23 2123  1 152401 36966 1.4 24 18 11 17 41% 286381 250  9%
c W 21.04 125 25 23 2123  1 153038 37470 1.4 25 18 11 17 41% 286381 250  9%
c ] 21.39 125 25 23 2123  1 157092 40575 1.4 25 18 11 17 42% 286381 250  9%
c { 21.39 125 18 23 2123  1 157092 40575 1.4 16 12 10 14 29% 286381 250  9%
c - 22.25 102 17 24 2270  1 166620 37375 1.4 15 11 10 14 29% 286381 250  9%
c p 22.26 102 17 24 2270  1 166620 37377 1.4 15 11 10 14 29% 286381 250  9%
c 
c  seconds   reductions   conflicts         size    tier2        variables
c          MB     restarts       redundant     glue     trail        remaining
c           level       rate          size/glue  tier1    irredundant
c 
c u 22.34 102 17 24 2270  1 166620 37349 1.4 15 11 10 14 29% 286381 250  9%
c v 22.36 102 17 24 2270  1 166620 37332 1.4 15 11 10 14 29% 286381 250  9%
c w 22.38 102 17 24 2270  1 166620 37332 1.4 15 11 10 14 29% 286381 250  9%
c x 22.42 102 17 24 2270  1 166620 37330 1.4 15 11 10 14 29% 286375 250  9%
c # 23.32 102 17 24 2873  1 171039 39974 1.4 16 11 10 14 29% 286375 250  9%
c - 24.14 125 16 25 3148  1 181487 40542 1.4 15 11 10 14 28% 286375 250  9%
c p 24.15 125 16 25 3148  1 181487 40543 1.4 15 11 10 14 28% 286375 250  9%
c B 24.83 125 15 25 3366  1 190041 44164 1.4 15 11 10 14 27% 286375 250  9%
c s 26.08 125 15 25 4140  1 196357 48314 1.4 15 11 10 14 28% 286265 250  9%
c s 26.16 125 15 25 4140  1 196357 48312 1.4 15 11 10 14 28% 286142 250  9%
c - 26.58 102 15 26 4289  1 197004 45807 1.4 15 11 10 14 28% 286142 250  9%
c p 26.60 102 15 26 4289  1 197004 45810 1.4 15 11 10 14 28% 286142 250  9%
c u 26.70 102 15 26 4289  1 197004 45763 1.4 15 11 10 14 28% 286142 250  9%
c v 26.74 102 15 26 4289  1 197004 45750 1.4 15 11 10 14 28% 286142 250  9%
c w 26.76 102 15 26 4289  1 197004 45747 1.4 15 11 10 14 28% 286142 250  9%
c x 26.81 102 15 26 4289  1 197004 45747 1.4 15 11 10 14 28% 286136 250  9%
c W 29.17 102 15 26 5105  1 210043 52167 1.4 15 11 8 12 27% 286136 250  9%
c - 29.95 111 15 27 5552  1 213166 36902 1.4 16 11 8 12 27% 286136 250  9%
c p 29.97 111 15 27 5552  1 213166 36905 1.4 16 11 8 12 27% 286136 250  9%
c } 30.55 111 15 27 5562  1 217217 38659 1.4 15 11 8 12 27% 286136 250  9%
c 
c  seconds   reductions   conflicts         size    tier2        variables
c          MB     restarts       redundant     glue     trail        remaining
c           level       rate          size/glue  tier1    irredundant
c 
c [ 30.55 111 25 27 5562  1 217217 38659 1.4 25 18 11 17 42% 286136 250  9%
c - 31.43 111 22 28 5569  1 229977 36302 1.4 22 16 11 17 38% 286136 250  9%
c p 31.45 111 22 28 5569  1 229977 36303 1.4 22 16 11 17 38% 286136 250  9%
c u 31.55 111 22 28 5569  1 229977 36272 1.4 22 16 11 17 38% 286136 250  9%
c v 31.59 111 22 28 5569  1 229977 36252 1.4 22 16 11 17 38% 286136 250  9%
c w 31.61 111 22 28 5569  1 229977 36226 1.4 22 16 11 17 38% 286136 250  9%
c x 31.66 111 22 28 5569  1 229977 36224 1.4 22 16 11 17 38% 286126 250  9%
c O 31.80 111 23 28 5569  1 231045 37207 1.4 22 16 11 17 38% 286126 250  9%
c - 33.38 111 23 29 5577  1 247438 38317 1.4 22 16 11 17 39% 286126 250  9%
c p 33.39 111 23 29 5577  1 247438 38319 1.4 22 16 11 17 39% 286126 250  9%
c B 33.79 111 23 29 5577  1 253046 41252 1.4 22 16 11 17 38% 286126 250  9%
c - 35.05 130 23 30 5584  1 265552 38915 1.4 23 16 11 17 39% 286126 250  9%
c p 35.06 130 23 30 5584  1 265552 38918 1.4 23 16 11 17 39% 286126 250  9%
c u 35.18 130 23 30 5584  1 265552 38877 1.4 23 16 11 17 39% 286126 250  9%
c v 35.23 130 23 30 5584  1 265552 38874 1.4 23 16 11 17 39% 286126 250  9%
c w 35.25 130 23 30 5584  1 265552 38870 1.4 23 16 11 17 39% 286126 250  9%
c x 35.29 130 23 30 5584  1 265552 38870 1.4 23 16 11 17 39% 286116 250  9%
c W 36.55 130 23 30 5591  1 276048 46815 1.4 23 17 11 19 39% 286116 250  9%
c - 37.59 130 25 31 5592  1 284316 39048 1.4 24 17 11 19 41% 286116 250  9%
c p 37.61 130 25 31 5592  1 284316 39050 1.4 24 17 11 19 41% 286116 250  9%
c 
c  seconds   reductions   conflicts         size    tier2        variables
c          MB     restarts       redundant     glue     trail        remaining
c           level       rate          size/glue  tier1    irredundant
c 
c ] 37.68 130 25 31 5592  1 284697 39311 1.4 24 17 11 19 41% 286116 250  9%
c { 37.68 130 15 31 5592  1 284697 39311 1.4 15 11 8 12 27% 286116 250  9%
c s 39.75 130 15 31 6795  1 297965 46492 1.4 16 11 8 12 27% 286024 250  9%
c s 39.84 130 15 31 6795  1 297965 46468 1.4 16 11 8 12 27% 285951 250  9%
c F 40.23 130 15 31 6979  1 300049 47690 1.4 16 11 8 12 27% 285951 250  9%
c - 40.61 130 15 32 7119  1 303731 41072 1.4 16 11 8 12 27% 285951 250  9%
c p 40.63 130 15 32 7119  1 303731 41075 1.4 16 11 8 12 27% 285951 250  9%
c u 40.74 130 15 32 7119  1 303731 41013 1.4 16 11 8 12 27% 285951 250  9%
c v 40.79 130 15 32 7119  1 303731 41007 1.4 16 11 8 12 27% 285951 250  9%
c w 40.81 130 15 32 7119  1 303731 40993 1.4 16 11 8 12 27% 285951 250  9%
c x 40.88 130 15 32 7119  1 303731 40993 1.4 16 11 8 12 27% 285941 250  9%
c - 42.59 85 14 33 7361  1 323795 44289 1.4 15 11 8 12 26% 285941 250  9%
c p 42.61 85 14 33 7361  1 323795 44292 1.4 15 11 8 12 26% 285941 250  9%
c B 42.77 85 14 33 7367  1 325050 44806 1.4 15 11 8 12 26% 285941 250  9%
c - 44.82 85 13 34 8404  1 344510 47277 1.3 15 11 8 12 25% 285941 250  9%
c p 44.83 85 13 34 8404  1 344510 47280 1.3 15 11 8 12 25% 285941 250  9%
c u 45.18 93 13 34 8404  1 344510 47216 1.3 15 11 8 12 25% 285941 250  9%
c v 45.22 93 13 34 8404  1 344510 47210 1.3 15 11 8 12 25% 285941 250  9%
c w 45.23 93 13 34 8404  1 344510 47199 1.3 15 11 8 12 25% 285941 250  9%
c x 45.28 93 13 34 8404  1 344510 47195 1.3 15 11 8 12 25% 285929 250  9%
c 
c  seconds  reductions   conflicts         size   tier2        variables
c         MB     restarts       redundant     glue    trail        remaining
c          level       rate          size/glue  tier1   irredundant
c 
c t 45.29 93 13 34 8404  1 344510 47194 1.3 15 11 8 12 25% 285929 250  9%
c W 46.72 93 13 34 8666  1 351052 50201 1.3 15 11 8 12 25% 285929 250  9%
c - 48.23 95 13 35 9934  1 365877 50398 1.3 15 11 8 12 24% 285929 250  9%
c p 48.25 95 13 35 9934  1 365877 50400 1.3 15 11 8 12 24% 285929 250  9%
c } 49.38 95 13 35 10273  1 377606 55487 1.3 15 11 8 12 24% 285929 250  9%
c [ 49.38 95 25 35 10273  1 377606 55487 1.4 24 17 11 19 41% 285929 250  9%
c I 49.42 95 25 35 10273  1 378053 55656 1.4 24 17 11 19 41% 285929 250  9%
c - 50.25 96 23 36 10274  1 387898 53871 1.4 23 16 11 19 38% 285929 250  9%
c p 50.27 96 23 36 10274  1 387898 53874 1.4 23 16 11 19 38% 285929 250  9%
c u 50.38 96 23 36 10274  1 387898 53834 1.4 23 16 11 19 38% 285929 250  9%
c v 50.43 96 23 36 10274  1 387898 53829 1.4 23 16 11 19 38% 285929 250  9%
c w 50.45 96 23 36 10274  1 387898 53828 1.4 23 16 11 19 38% 285929 250  9%
c x 50.52 96 23 36 10274  1 387898 53825 1.4 23 16 11 19 38% 285921 250  9%
c B 52.63 96 25 36 10275  1 406056 70005 1.5 24 16 11 19 42% 285921 250  9%
c - 53.09 96 25 37 10275  1 410572 57065 1.5 24 17 11 19 42% 285921 250  9%
c p 53.11 96 25 37 10275  1 410572 57068 1.5 24 17 11 19 42% 285921 250  9%
c u 53.20 96 25 37 10275  1 410572 57049 1.5 24 17 11 19 42% 285921 250  9%
c v 53.23 96 25 37 10275  1 410572 57041 1.5 24 17 11 19 42% 285921 250  9%
c w 53.24 96 25 37 10275  1 410572 57036 1.5 24 17 11 19 42% 285921 250  9%
c x 53.28 96 25 37 10275  1 410572 57033 1.5 24 17 11 19 42% 285913 250  9%
c 
c  seconds  reductions    conflicts         size    tier2        variables
c         MB      restarts       redundant     glue     trail        remaining
c          level        rate          size/glue  tier1    irredundant
c 
c s 54.20 96 25 37 10275  1 419883 64047 1.4 24 17 11 19 42% 285802 250  9%
c s 54.30 96 25 37 10275  1 419883 64019 1.4 24 17 11 19 42% 285678 250  9%
c - 55.59 96 25 38 10278  1 433898 55267 1.5 25 17 11 19 42% 285678 250  9%
c p 55.60 96 25 38 10278  1 433898 55270 1.5 25 17 11 19 42% 285678 250  9%
c u 55.68 96 25 38 10278  1 433898 55248 1.5 25 17 11 19 42% 285678 250  9%
c v 55.70 96 25 38 10278  1 433898 55243 1.5 25 17 11 19 42% 285678 250  9%
c w 55.71 96 25 38 10278  1 433898 55242 1.5 25 17 11 19 42% 285678 250  9%
c x 55.73 96 25 38 10278  1 433898 55240 1.5 25 17 11 19 42% 285666 250  9%
c W 56.25 96 25 38 10278  1 435058 56266 1.5 25 17 11 19 42% 285666 250  9%
c - 58.27 85 24 39 10290  1 457871 56948 1.4 23 16 11 19 39% 285666 250  9%
c p 58.29 85 24 39 10290  1 457871 56949 1.4 23 16 11 19 39% 285666 250  9%
c u 58.35 85 24 39 10290  1 457871 56917 1.4 23 16 11 19 39% 285666 250  9%
c v 58.37 85 24 39 10290  1 457871 56912 1.4 23 16 11 19 39% 285666 250  9%
c w 58.38 85 24 39 10290  1 457871 56908 1.4 23 16 11 19 39% 285666 250  9%
c x 58.42 85 24 39 10290  1 457871 56908 1.4 23 16 11 19 39% 285654 250  9%
c O 59.07 85 23 39 10290  1 465061 59719 1.4 23 16 11 19 38% 285654 250  9%
c ] 59.49 85 23 39 10294  1 469417 62879 1.4 23 16 11 19 38% 285654 250  9%
c { 59.49 85 13 39 10294  1 469417 62879 1.3 15 11 8 12 24% 285654 250  9%
c - 60.99 110 13 40 10775  1 482501 61060 1.3 15 11 8 12 24% 285654 250  9%
c p 61.00 110 13 40 10775  1 482501 61062 1.3 15 11 8 12 24% 285654 250  9%
c 
c  seconds   reductions    conflicts         size   tier2        variables
c          MB      restarts       redundant     glue    trail        remaining
c           level        rate          size/glue  tier1   irredundant
c 
c u 61.08 110 13 40 10775  1 482501 61037 1.3 15 11 8 12 24% 285654 250  9%
c v 61.10 110 13 40 10775  1 482501 61033 1.3 15 11 8 12 24% 285654 250  9%
c w 61.12 110 13 40 10775  1 482501 61032 1.3 15 11 8 12 24% 285654 250  9%
c x 61.15 110 13 40 10775  1 482501 61030 1.3 15 11 8 12 24% 285648 250  9%
c # 62.80 110 13 40 11299  1 496063 67568 1.3 15 11 8 12 24% 285648 250  9%
c - 64.43 111 13 41 12216  1 507785 65238 1.3 15 11 8 12 24% 285648 250  9%
c p 64.45 111 13 41 12216  1 507785 65240 1.3 15 11 8 12 24% 285648 250  9%
c u 64.52 111 13 41 12216  1 507785 65207 1.3 15 11 8 12 24% 285648 250  9%
c v 64.55 111 13 41 12216  1 507785 65200 1.3 15 11 8 12 24% 285648 250  9%
c w 64.57 111 13 41 12216  1 507785 65196 1.3 15 11 8 12 24% 285648 250  9%
c x 64.61 111 13 41 12216  1 507785 65195 1.3 15 11 8 12 24% 285638 250  9%
c B 66.91 111 13 41 13530  1 528064 75246 1.3 15 11 8 12 24% 285638 250  9%
c - 67.45 111 13 42 13556  1 533720 69772 1.3 15 11 8 12 24% 285638 250  9%
c p 67.46 111 13 42 13556  1 533720 69774 1.3 15 11 8 12 24% 285638 250  9%
c u 67.84 111 13 42 13556  1 533720 69736 1.3 15 11 8 12 24% 285638 250  9%
c v 67.87 111 13 42 13556  1 533720 69729 1.3 15 11 8 12 24% 285638 250  9%
c w 67.89 111 13 42 13556  1 533720 69724 1.3 15 11 8 12 24% 285638 250  9%
c x 67.92 111 13 42 13556  1 533720 69722 1.3 15 11 8 12 24% 285618 250  9%
c - 70.96 111 12 43 14017  1 560309 73022 1.3 14 11 8 12 24% 285618 250  9%
c p 70.98 111 12 43 14017  1 560309 73023 1.3 14 11 8 12 24% 285618 250  9%
c 
c  seconds   reductions    conflicts         size   tier2        variables
c          MB      restarts       redundant     glue    trail        remaining
c           level        rate          size/glue  tier1   irredundant
c 
c u 71.06 111 12 43 14017  1 560309 72993 1.3 14 11 8 12 24% 285618 250  9%
c v 71.09 111 12 43 14017  1 560309 72991 1.3 14 11 8 12 24% 285618 250  9%
c w 71.11 111 12 43 14017  1 560309 72986 1.3 14 11 8 12 24% 285618 250  9%
c x 71.16 111 12 43 14017  1 560309 72984 1.3 14 11 8 12 24% 285614 250  9%
c W 72.33 111 12 43 14127  1 561066 73328 1.3 14 11 8 12 24% 285614 250  9%
c s 72.63 111 12 43 14184  1 562099 73793 1.3 14 11 8 12 24% 285482 250  9%
c s 72.74 111 12 43 14184  1 562099 73792 1.3 14 11 8 12 24% 285459 250  9%
c } 75.56 111 12 43 15816  1 580605 83476 1.3 15 11 8 12 24% 285459 250  9%
c [ 75.56 111 23 43 15816  1 580605 83476 1.4 23 16 11 19 38% 285459 250  9%
c - 76.19 112 22 44 15819  1 587551 77734 1.4 22 15 11 19 37% 285459 250  9%
c p 76.21 112 22 44 15819  1 587551 77736 1.4 22 15 11 19 37% 285459 250  9%
c u 76.30 112 22 44 15819  1 587551 77701 1.4 22 15 11 19 37% 285459 250  9%
c v 76.34 112 22 44 15819  1 587551 77698 1.4 22 15 11 19 37% 285459 250  9%
c w 76.36 112 22 44 15819  1 587551 77689 1.4 22 15 11 19 37% 285459 250  9%
c x 76.40 112 22 44 15819  1 587551 77689 1.4 22 15 11 19 37% 285452 250  9%
c B 77.29 112 22 44 15825  1 595069 84140 1.4 22 16 11 19 37% 285452 250  9%
c - 79.33 112 23 45 15828  1 615443 79813 1.5 24 16 11 19 39% 285452 250  9%
c p 79.35 112 23 45 15828  1 615443 79815 1.5 24 16 11 19 39% 285452 250  9%
c u 79.42 112 23 45 15828  1 615443 79747 1.5 24 16 11 19 39% 285452 250  9%
c v 79.45 112 23 45 15828  1 615443 79742 1.5 24 16 11 19 39% 285452 250  9%
c 
c  seconds   reductions    conflicts         size    tier2        variables
c          MB      restarts       redundant     glue     trail        remaining
c           level        rate          size/glue  tier1    irredundant
c 
c w 79.47 112 23 45 15828  1 615443 79738 1.5 24 16 11 19 39% 285452 250  9%
c x 79.51 112 23 45 15828  1 615443 79737 1.5 24 16 11 19 39% 285447 250  9%
c W 81.35 112 23 45 15831  1 630070 90795 1.5 24 17 11 19 39% 285447 250  9%
c - 83.41 112 23 46 15840  1 643989 81812 1.5 24 16 11 19 40% 285447 250  9%
c p 83.43 112 23 46 15840  1 643989 81813 1.5 24 16 11 19 40% 285447 250  9%
c u 83.54 112 23 46 15840  1 643989 81766 1.5 24 16 11 19 40% 285447 250  9%
c v 83.58 112 23 46 15840  1 643989 81747 1.5 24 16 11 19 40% 285447 250  9%
c w 83.60 112 23 46 15840  1 643989 81744 1.5 24 16 11 19 40% 285447 250  9%
c x 83.66 112 23 46 15840  1 643989 81742 1.5 24 16 11 19 40% 285433 250  9%
c t 83.67 112 23 46 15840  1 643989 81741 1.5 24 16 11 19 40% 285433 250  9%
c I 88.96 112 22 46 15849  1 666074 100916 1.5 24 16 10 19 43% 285433 250  9%
c - 89.97 113 22 47 15852  1 673192 90347 1.5 24 16 10 19 43% 285433 250  9%
c p 89.99 113 22 47 15852  1 673192 90348 1.5 24 16 10 19 43% 285433 250  9%
c u 90.17 113 22 47 15852  1 673192 90308 1.5 24 16 10 19 43% 285433 250  9%
c v 90.23 113 22 47 15852  1 673192 90287 1.5 24 16 10 19 43% 285433 250  9%
c w 90.26 113 22 47 15852  1 673192 90284 1.5 24 16 10 19 43% 285433 250  9%
c x 90.36 113 22 47 15852  1 673192 90281 1.5 24 16 10 19 43% 285417 250  9%
c t 90.36 113 22 47 15852  1 673192 90280 1.5 24 16 10 19 43% 285417 250  9%
c ] 90.86 113 22 47 15854  1 677096 93345 1.5 24 16 10 19 43% 285417 250  9%
c { 90.86 113 12 47 15854  1 677096 93345 1.3 15 11 8 12 24% 285417 250  9%
c 
c  seconds   reductions    conflicts         size   tier2        variables
c          MB      restarts       redundant     glue    trail        remaining
c           level        rate          size/glue  tier1   irredundant
c 
c - 94.08 113 12 48 16419  1 703047 92295 1.3 14 11 8 12 24% 285417 250  9%
c p 94.10 113 12 48 16419  1 703047 92296 1.3 14 11 8 12 24% 285417 250  9%
c u 94.19 113 12 48 16419  1 703047 92261 1.3 14 11 8 12 24% 285417 250  9%
c v 94.22 113 12 48 16419  1 703047 92254 1.3 14 11 8 12 24% 285417 250  9%
c w 94.24 113 12 48 16419  1 703047 92247 1.3 14 11 8 12 24% 285417 250  9%
c x 94.28 113 12 48 16419  1 703047 92243 1.3 14 11 8 12 24% 285396 250  9%
c F 94.31 113 12 48 16419  1 703075 92265 1.3 14 11 8 12 24% 285396 250  9%
c s 96.41 113 11 48 16591  1 724615 100021 1.3 14 10 8 12 24% 284751 250  9%
c s 96.55 113 11 48 16591  1 724615 99973 1.3 14 10 8 12 24% 284290 250  9%
c - 97.42 88 11 49 16632  1 733556 77060 1.3 13 10 7 11 24% 284290 250  9%
c p 97.44 88 11 49 16632  1 733556 77062 1.3 13 10 7 11 24% 284290 250  9%
c u 97.51 88 11 49 16632  1 733556 77043 1.3 13 10 7 11 24% 284290 250  9%
c v 97.53 88 11 49 16632  1 733556 77024 1.3 13 10 7 11 24% 284290 250  9%
c w 97.55 88 11 49 16632  1 733556 77011 1.3 13 10 7 11 24% 284290 250  9%
c x 97.60 88 11 49 16632  1 733556 77007 1.3 13 10 7 11 24% 284231 250  9%
c B 98.30 88 11 49 16637  1 741076 79572 1.3 13 10 7 11 24% 284231 250  9%
c - 101.68 120 11 50 18413  1 764683 78459 1.4 14 10 7 11 24% 284231 250  9%
c u 101.79 120 11 50 18413  1 764683 78403 1.4 14 10 7 11 24% 284231 250  9%
c v 101.83 120 11 50 18413  1 764683 78392 1.4 14 10 7 11 24% 284231 250  9%
c w 101.86 120 11 50 18413  1 764683 78380 1.4 14 10 7 11 24% 284231 250  9%
c 
c  seconds    reductions    conflicts         size   tier2        variables
c           MB      restarts       redundant     glue    trail        remaining
c            level        rate          size/glue  tier1   irredundant
c 
c x 101.91 120 11 50 18413  1 764683 78375 1.4 14 10 7 11 24% 284166 250  9%
c W 105.53 120 11 50 19752  1 780077 85673 1.4 14 10 7 11 24% 284166 250  9%
c i 106.53 120 11 50 19940  1 789933 88770 1.4 13 10 7 11 25% 284166 249  9%
c - 107.53 121 11 51 20522  1 796461 43457 1.3 13 10 7 11 25% 253853 249  9%
c p 107.54 121 11 51 20522  1 796461 43459 1.3 13 10 7 11 25% 253853 249  9%
c u 107.75 121 11 51 20522  1 796461 43396 1.3 13 10 7 11 25% 253853 249  9%
c v 107.78 121 11 51 20522  1 796461 43344 1.3 13 10 7 11 25% 253853 249  9%
c w 107.80 121 11 51 20522  1 796461 43342 1.3 13 10 7 11 25% 253853 249  9%
c x 107.85 121 11 51 20522  1 796461 43341 1.3 13 10 7 11 25% 253789 249  9%
c t 107.85 121 11 51 20522  1 796461 43340 1.3 13 10 7 11 25% 253789 249  9%
c # 110.47 121 11 51 22505  1 820080 55178 1.4 14 10 7 11 25% 253789 249  9%
c } 111.18 121 12 51 22951  1 824488 57502 1.4 14 10 7 11 25% 253789 249  9%
c [ 111.18 121 22 51 22951  1 824488 57502 1.5 24 16 10 19 43% 253789 249  9%
c - 111.52 121 22 52 22953  1 827799 49977 1.5 24 15 10 19 43% 253789 249  9%
c p 111.53 121 22 52 22953  1 827799 49979 1.5 24 15 10 19 43% 253789 249  9%
c u 111.62 121 22 52 22953  1 827799 49949 1.5 24 15 10 19 43% 253789 249  9%
c v 111.66 121 22 52 22953  1 827799 49867 1.5 24 15 10 19 43% 253789 249  9%
c w 111.68 121 22 52 22953  1 827799 49865 1.5 24 15 10 19 43% 253789 249  9%
c x 111.72 121 22 52 22953  1 827799 49859 1.5 24 15 10 19 43% 253664 249  9%
c t 111.72 121 22 52 22953  1 827799 49858 1.5 24 15 10 19 43% 253664 249  9%
c 
c  seconds    reductions    conflicts         size    tier2        variables
c           MB      restarts       redundant     glue     trail        remaining
c            level        rate          size/glue  tier1    irredundant
c 
c - 115.90 121 23 53 22957  1 859743 57184 1.6 25 16 10 18 46% 253664 249  9%
c p 115.92 121 23 53 22957  1 859743 57185 1.6 25 16 10 18 46% 253664 249  9%
c u 116.02 121 23 53 22957  1 859743 57137 1.6 25 16 10 18 46% 253664 249  9%
c v 116.05 121 23 53 22957  1 859743 57076 1.6 25 16 10 18 46% 253664 249  9%
c w 116.07 121 23 53 22957  1 859743 57074 1.6 25 16 10 18 46% 253664 249  9%
c x 116.12 121 23 53 22957  1 859743 57073 1.6 25 16 10 18 46% 253547 249  9%
c B 116.32 121 24 53 22957  1 861081 58191 1.6 25 16 10 18 46% 253547 249  9%
c - 119.14 121 22 54 22958  1 892293 56207 1.6 24 16 10 18 44% 253547 249  9%
c p 119.16 121 22 54 22958  1 892293 56209 1.6 24 16 10 18 44% 253547 249  9%
c u 119.24 121 22 54 22958  1 892293 56186 1.6 24 16 10 18 44% 253547 249  9%
c v 119.27 121 22 54 22958  1 892293 56179 1.6 24 16 10 18 44% 253547 249  9%
c w 119.29 121 22 54 22958  1 892293 56175 1.6 24 16 10 18 44% 253547 249  9%
c x 119.34 121 22 54 22958  1 892293 56175 1.6 24 16 10 18 44% 253533 249  9%
c t 119.34 121 22 54 22958  1 892293 56174 1.6 24 16 10 18 44% 253533 249  9%
c W 120.95 121 22 54 22958  1 903084 63934 1.6 24 15 10 18 43% 253533 249  9%
c s 121.45 121 22 54 22958  1 907341 67188 1.6 24 15 10 18 43% 253491 249  9%
c e 121.50 121 22 54 22958  1 907341 67132 1.6 24 15 10 18 43% 253475 241  9%
c s 121.58 121 22 54 22958  1 907341 67113 1.6 24 15 10 18 43% 253299 241  9%
c - 123.30 121 21 55 22958  1 925451 56254 1.6 24 16 10 18 43% 253299 241  9%
c p 123.32 121 21 55 22958  1 925451 56256 1.6 24 16 10 18 43% 253299 241  9%
c 
c  seconds    reductions    conflicts         size    tier2        variables
c           MB      restarts       redundant     glue     trail        remaining
c            level        rate          size/glue  tier1    irredundant
c 
c u 123.40 121 21 55 22958  1 925451 56215 1.6 24 16 10 18 43% 253299 241  9%
c v 123.42 121 21 55 22958  1 925451 56206 1.6 24 16 10 18 43% 253299 241  9%
c w 123.44 121 21 55 22958  1 925451 56200 1.6 24 16 10 18 43% 253299 241  9%
c x 123.47 121 21 55 22958  1 925451 56199 1.6 24 16 10 18 43% 253275 241  9%
c t 123.48 121 21 55 22958  1 925451 56198 1.6 24 16 10 18 43% 253275 241  9%
c O 125.20 121 21 55 22958  1 946087 70348 1.5 24 16 10 18 42% 253275 241  9%
c - 126.29 121 21 56 22961  1 959210 56163 1.5 24 16 10 18 42% 253275 241  9%
c p 126.30 121 21 56 22961  1 959210 56165 1.5 24 16 10 18 42% 253275 241  9%
c u 126.38 121 21 56 22961  1 959210 56127 1.5 24 16 10 18 42% 253275 241  9%
c v 126.41 121 21 56 22961  1 959210 56124 1.5 24 16 10 18 42% 253275 241  9%
c w 126.42 121 21 56 22961  1 959210 56088 1.5 24 16 10 18 42% 253275 241  9%
c x 126.45 121 21 56 22961  1 959210 56087 1.5 24 16 10 18 42% 253250 241  9%
c B 129.01 121 20 56 22974  1 990088 77820 1.5 24 16 10 18 41% 253250 241  9%
c - 129.44 127 20 57 22976  1 993575 57800 1.5 24 16 10 18 41% 253250 241  9%
c p 129.46 127 20 57 22976  1 993575 57802 1.5 24 16 10 18 41% 253250 241  9%
c u 129.56 127 20 57 22976  1 993575 57770 1.5 24 16 10 18 41% 253250 241  9%
c v 129.59 127 20 57 22976  1 993575 57751 1.5 24 16 10 18 41% 253250 241  9%
c w 129.61 127 20 57 22976  1 993575 57743 1.5 24 16 10 18 41% 253250 241  9%
c x 129.64 127 20 57 22976  1 993575 57742 1.5 24 16 10 18 41% 253216 241  9%
c ] 130.14 127 20 57 22980  1 998820 61844 1.5 24 15 10 18 41% 253216 241  9%
c 
c  seconds    reductions    conflicts         size   tier2        variables
c           MB      restarts       redundant     glue    trail        remaining
c            level        rate          size/glue  tier1   irredundant
c 
c { 130.14 127 12 57 22980  1 998820 61844 1.4 14 10 7 11 25% 253216 241  9%
c - 133.89 127 11 58 24933  1 1028550 61788 1.4 13 10 7 11 25% 253216 241  9%
c p 133.90 127 11 58 24933  1 1028550 61792 1.4 13 10 7 11 25% 253216 241  9%
c u 133.99 127 11 58 24933  1 1028550 61745 1.4 13 10 7 11 25% 253216 241  9%
c v 134.03 127 11 58 24933  1 1028550 61684 1.4 13 10 7 11 25% 253216 241  9%
c w 134.04 127 11 58 24933  1 1028550 61074 1.4 13 10 7 11 25% 253216 241  9%
c x 134.09 127 11 58 24933  1 1028550 61069 1.4 13 10 7 11 25% 253155 241  9%
c t 134.10 127 11 58 24933  1 1028550 61068 1.4 13 10 7 11 25% 253155 241  9%
c i 134.12 127 11 58 24933  1 1028702 61107 1.4 13 10 7 11 25% 253155 240  9%
c B 135.22 127 12 58 26216  1 1035090 65392 1.4 14 10 7 11 26% 253155 240  9%
c - 140.42 127 13 59 31657  1 1064134 48804 1.4 15 11 7 11 28% 233457 240  9%
c p 140.43 127 13 59 31657  1 1064134 48809 1.4 15 11 7 11 28% 233457 240  9%
c u 140.56 127 13 59 31657  1 1064134 48737 1.4 15 11 7 11 28% 233457 240  9%
c v 140.61 127 13 59 31657  1 1064134 48729 1.4 15 11 7 11 28% 233457 240  9%
c w 140.64 127 13 59 31657  1 1064134 48725 1.4 15 11 7 11 28% 233457 240  9%
c x 140.71 127 13 59 31657  1 1064134 48725 1.4 15 11 7 11 28% 233454 240  9%
c W 144.73 127 14 59 34330  1 1081091 59772 1.4 16 11 7 11 29% 233454 240  9%
c - 147.13 127 14 60 36215  1 1099419 56704 1.4 16 12 7 11 30% 233454 240  9%
c p 147.14 127 14 60 36215  1 1099419 56706 1.4 16 12 7 11 30% 233454 240  9%
c u 147.24 127 14 60 36215  1 1099419 56651 1.4 16 12 7 11 30% 233454 240  9%
c 
c  seconds    reductions     conflicts         size   tier2        variables
c           MB      restarts        redundant     glue    trail        remaining
c            level        rate           size/glue  tier1   irredundant
c 
c v 147.28 127 14 60 36215  1 1099419 56644 1.4 16 12 7 11 30% 233454 240  9%
c w 147.30 127 14 60 36215  1 1099419 56643 1.4 16 12 7 11 30% 233454 240  9%
c x 147.36 127 14 60 36215  1 1099419 56643 1.4 16 12 7 11 30% 233454 240  9%
c s 148.78 127 14 60 37390  1 1108096 62468 1.4 17 12 7 11 30% 233364 240  9%
c e 148.82 127 14 60 37390  1 1108096 62374 1.4 17 12 7 11 30% 233362 237  8%
c s 148.91 127 14 60 37390  1 1108096 62349 1.4 17 12 7 11 30% 233270 237  8%
c i 149.75 127 14 60 37632  1 1115132 66548 1.4 17 12 7 11 31% 233270 236  8%
c F 150.98 127 14 60 38187  1 1128092 74457 1.4 17 12 7 11 31% 233270 236  8%
c - 151.98 127 14 61 38450  1 1135284 60743 1.4 17 11 7 11 31% 232005 236  8%
c 2 151.98 127 14 61 38450  1 1135284 60743 1.4 17 11 7 11 31% 232004 236  8%
c p 151.99 127 14 61 38450  1 1135284 60745 1.4 17 11 7 11 31% 232004 236  8%
c u 152.48 127 14 61 38450  1 1135284 60699 1.4 17 11 7 11 31% 231987 236  8%
c v 152.52 127 14 61 38450  1 1135284 60697 1.4 17 11 7 11 31% 231987 236  8%
c w 152.54 127 14 61 38450  1 1135284 60694 1.4 17 11 7 11 31% 231987 236  8%
c x 152.59 127 14 61 38450  1 1135284 60694 1.4 17 11 7 11 31% 231986 236  8%
c - 157.98 127 14 62 42014  1 1171656 66562 1.5 17 12 7 11 32% 231986 236  8%
c p 158.00 127 14 62 42014  1 1171656 66564 1.5 17 12 7 11 32% 231986 236  8%
c u 158.10 127 14 62 42014  1 1171656 66510 1.5 17 12 7 11 32% 231986 236  8%
c v 158.15 127 14 62 42014  1 1171656 66505 1.5 17 12 7 11 32% 231986 236  8%
c w 158.18 127 14 62 42014  1 1171656 66502 1.5 17 12 7 11 32% 231986 236  8%
c 
c  seconds    reductions     conflicts         size   tier2        variables
c           MB      restarts        redundant     glue    trail        remaining
c            level        rate           size/glue  tier1   irredundant
c 
c x 158.23 127 14 62 42014  1 1171656 66502 1.5 17 12 7 11 32% 231985 236  8%
c } 158.60 127 14 62 42195  1 1174764 68341 1.5 17 12 7 11 33% 231985 236  8%
c [ 158.60 127 20 62 42195  1 1174764 68341 1.5 24 15 10 18 41% 231985 236  8%
c W 159.25 127 20 62 42195  1 1176095 69208 1.5 24 15 10 18 41% 231985 236  8%
c - 161.86 127 18 63 42204  1 1208605 71050 1.5 21 14 10 18 38% 231985 236  8%
c p 161.87 127 18 63 42204  1 1208605 71052 1.5 21 14 10 18 38% 231985 236  8%
c u 161.94 127 18 63 42204  1 1208605 70992 1.5 21 14 10 18 38% 231985 236  8%
c v 161.98 127 18 63 42204  1 1208605 70990 1.5 21 14 10 18 38% 231985 236  8%
c w 162.00 127 18 63 42204  1 1208605 70989 1.5 21 14 10 18 38% 231985 236  8%
c x 162.04 127 18 63 42204  1 1208605 70989 1.5 21 14 10 18 38% 231984 236  8%
c I 163.62 127 17 63 42211  1 1225097 81885 1.5 21 14 10 18 38% 231984 236  8%
c - 165.73 127 17 64 42219  1 1246135 77331 1.6 21 13 10 18 38% 231984 236  8%
c p 165.75 127 17 64 42219  1 1246135 77333 1.6 21 13 10 18 38% 231984 236  8%
c u 165.87 127 17 64 42219  1 1246135 77230 1.6 21 13 10 18 38% 231984 236  8%
c v 165.93 127 17 64 42219  1 1246135 77228 1.6 21 13 10 18 38% 231984 236  8%
c w 165.96 127 17 64 42219  1 1246135 77222 1.6 21 13 10 18 38% 231984 236  8%
c B 168.84 127 17 64 42234  1 1275098 98916 1.6 22 14 9 17 39% 231984 236  8%
c - 169.92 127 17 65 42235  1 1284241 78751 1.6 22 14 9 17 39% 231984 236  8%
c p 169.94 127 17 65 42235  1 1284241 78753 1.6 22 14 9 17 39% 231984 236  8%
c u 170.04 127 17 65 42235  1 1284241 78701 1.6 22 14 9 17 39% 231984 236  8%
c 
c  seconds    reductions     conflicts         size   tier2        variables
c           MB      restarts        redundant     glue    trail        remaining
c            level        rate           size/glue  tier1   irredundant
c 
c v 170.08 127 17 65 42235  1 1284241 78691 1.6 22 14 9 17 39% 231984 236  8%
c w 170.10 127 17 65 42235  1 1284241 78691 1.6 22 14 9 17 39% 231984 236  8%
c x 170.14 127 17 65 42235  1 1284241 78691 1.6 22 14 9 17 39% 231981 236  8%
c - 174.35 127 18 66 42236  1 1322925 78554 1.6 22 14 9 17 39% 231981 236  8%
c p 174.36 127 18 66 42236  1 1322925 78556 1.6 22 14 9 17 39% 231981 236  8%
c u 174.47 127 18 66 42236  1 1322925 78511 1.6 22 14 9 17 39% 231981 236  8%
c v 174.51 127 18 66 42236  1 1322925 78506 1.6 22 14 9 17 39% 231981 236  8%
c w 174.54 127 18 66 42236  1 1322925 78504 1.6 22 14 9 17 39% 231981 236  8%
c x 174.60 127 18 66 42236  1 1322925 78504 1.6 22 14 9 17 39% 231981 236  8%
c W 176.08 127 18 66 42236  1 1326101 80891 1.6 23 14 9 17 39% 231981 236  8%
c s 176.32 127 18 66 42236  1 1326840 81337 1.6 23 14 9 17 39% 231902 236  8%
c e 176.37 127 18 66 42236  1 1326840 81179 1.6 23 14 9 17 39% 231901 235  8%
c s 176.50 127 18 66 42236  1 1326840 81148 1.6 23 14 9 17 39% 231736 235  8%
c - 180.76 128 17 67 42251  1 1362187 80981 1.6 23 14 9 17 39% 231736 235  8%
c p 180.78 128 17 67 42251  1 1362187 80983 1.6 23 14 9 17 39% 231736 235  8%
c u 180.90 128 17 67 42251  1 1362187 80944 1.6 23 14 9 17 39% 231736 235  8%
c v 180.95 128 17 67 42251  1 1362187 80941 1.6 23 14 9 17 39% 231736 235  8%
c w 180.97 128 17 67 42251  1 1362187 80939 1.6 23 14 9 17 39% 231736 235  8%
c x 181.04 128 17 67 42251  1 1362187 80939 1.6 23 14 9 17 39% 231735 235  8%
c O 182.95 128 17 67 42259  1 1378103 92707 1.6 23 14 9 17 39% 231735 235  8%
c 
c  seconds    reductions     conflicts          size   tier2        variables
c           MB      restarts        redundant      glue    trail        remaining
c            level        rate            size/glue  tier1   irredundant
c 
c ] 184.41 128 17 67 42265  1 1388783 100659 1.6 23 14 9 17 39% 231735 235  8%
c { 184.41 128 14 67 42265  1 1388783 100659 1.5 17 12 7 11 33% 231735 235  8%
c - 186.80 128 14 68 43330  1 1402017 86810 1.5 17 12 7 11 33% 231735 235  8%
c p 186.82 128 14 68 43330  1 1402017 86812 1.5 17 12 7 11 33% 231735 235  8%
c u 186.95 128 14 68 43330  1 1402017 86731 1.5 17 12 7 11 33% 231735 235  8%
c v 187.01 128 14 68 43330  1 1402017 86728 1.5 17 12 7 11 33% 231735 235  8%
c w 187.04 128 14 68 43330  1 1402017 86726 1.5 17 12 7 11 33% 231735 235  8%
c x 187.12 128 14 68 43330  1 1402017 86726 1.5 17 12 7 11 33% 231734 235  8%
c B 192.24 128 15 68 46000  1 1431104 105635 1.5 18 12 7 11 33% 231734 235  8%
c - 193.77 128 15 69 46649  1 1442422 93555 1.5 18 12 7 11 33% 231734 235  8%
c p 193.78 128 15 69 46649  1 1442422 93557 1.5 18 12 7 11 33% 231734 235  8%
c u 193.91 128 15 69 46649  1 1442422 93455 1.5 18 12 7 11 33% 231734 235  8%
c v 193.96 128 15 69 46649  1 1442422 93453 1.5 18 12 7 11 33% 231734 235  8%
c w 193.99 128 15 69 46649  1 1442422 93452 1.5 18 12 7 11 33% 231734 235  8%
c x 194.07 128 15 69 46649  1 1442422 93452 1.5 18 12 7 11 33% 231727 235  8%
c - 199.92 133 14 70 49060  1 1483407 89298 1.5 18 12 6 11 34% 231727 235  8%
c p 199.94 133 14 70 49060  1 1483407 89302 1.5 18 12 6 11 34% 231727 235  8%
c u 200.07 133 14 70 49060  1 1483407 89217 1.5 18 12 6 11 34% 231727 235  8%
c v 200.13 133 14 70 49060  1 1483407 89202 1.5 18 12 6 11 34% 231727 235  8%
c w 200.16 133 14 70 49060  1 1483407 89200 1.5 18 12 6 11 34% 231727 235  8%
c 
c  seconds    reductions     conflicts         size   tier2        variables
c           MB      restarts        redundant     glue    trail        remaining
c            level        rate           size/glue  tier1   irredundant
c 
c x 200.23 133 14 70 49060  1 1483407 89199 1.5 18 12 6 11 34% 231723 235  8%
c W 201.46 133 14 70 49474  1 1485106 90418 1.5 18 12 6 11 34% 231723 235  8%
c - 207.29 133 14 71 52074  1 1524968 91236 1.5 18 12 6 11 33% 231723 235  8%
c p 207.31 133 14 71 52074  1 1524968 91238 1.5 18 12 6 11 33% 231723 235  8%
c u 207.43 133 14 71 52074  1 1524968 91184 1.5 18 12 6 11 33% 231722 235  8%
c v 207.49 133 14 71 52074  1 1524968 91167 1.5 18 12 6 11 33% 231722 235  8%
c w 207.52 133 14 71 52074  1 1524968 91164 1.5 18 12 6 11 33% 231722 235  8%
c x 207.60 133 14 71 52074  1 1524968 91163 1.5 18 12 6 11 33% 231719 235  8%
c # 209.35 133 14 71 52520  1 1540107 101430 1.5 17 11 6 11 33% 231719 235  8%
c s 213.32 133 14 71 54194  1 1565535 116771 1.5 17 11 6 11 33% 231139 235  8%
c s 213.52 133 14 71 54194  1 1565535 116736 1.5 17 11 6 11 33% 230964 235  8%
c - 213.99 133 14 72 54371  1 1567108 96332 1.5 17 11 6 11 33% 230964 235  8%
c p 214.01 133 14 72 54371  1 1567108 96333 1.5 17 11 6 11 33% 230964 235  8%
c u 214.69 133 14 72 54371  1 1567108 96242 1.5 17 11 6 11 33% 230963 235  8%
c v 214.77 133 14 72 54371  1 1567108 96235 1.5 17 11 6 11 33% 230963 235  8%
c w 214.80 133 14 72 54371  1 1567108 96224 1.5 17 11 6 11 33% 230963 235  8%
c x 214.89 133 14 72 54371  1 1567108 96224 1.5 17 11 6 11 33% 230961 235  8%
c B 218.96 133 13 72 56535  1 1596108 112561 1.5 17 11 6 11 34% 230961 235  8%
c } 220.91 133 14 72 57685  1 1605832 118562 1.5 17 11 6 11 34% 230961 235  8%
c [ 220.91 133 17 72 57685  1 1605832 118562 1.6 23 14 9 17 39% 230961 235  8%
c 
c  seconds    reductions     conflicts         size   tier2        variables
c           MB      restarts        redundant     glue    trail        remaining
c            level        rate           size/glue  tier1   irredundant
c 
c - 221.54 133 17 73 57686  1 1609781 98633 1.6 23 14 9 17 39% 230961 235  8%
c p 221.56 133 17 73 57686  1 1609781 98635 1.6 23 14 9 17 39% 230961 235  8%
c u 221.67 133 17 73 57686  1 1609781 98493 1.6 23 14 9 17 39% 230961 235  8%
c v 221.73 133 17 73 57686  1 1609781 98469 1.6 23 14 9 17 39% 230961 235  8%
c w 221.76 133 17 73 57686  1 1609781 98465 1.6 23 14 9 17 39% 230961 235  8%
c x 221.83 133 17 73 57686  1 1609781 98464 1.6 23 14 9 17 39% 230961 235  8%
c t 221.84 133 17 73 57686  1 1609781 98463 1.6 23 14 9 17 39% 230961 235  8%
c - 227.01 133 17 74 57701  1 1653031 99636 1.6 22 13 9 16 39% 230961 235  8%
c p 227.03 133 17 74 57701  1 1653031 99639 1.6 22 13 9 16 39% 230961 235  8%
c u 227.18 133 17 74 57701  1 1653031 99575 1.6 22 13 9 16 39% 230960 235  8%
c v 227.24 133 17 74 57701  1 1653031 99564 1.6 22 13 9 16 39% 230960 235  8%
c w 227.27 133 17 74 57701  1 1653031 99556 1.6 22 13 9 16 39% 230960 235  8%
c x 227.35 133 17 74 57701  1 1653031 99556 1.6 22 13 9 16 39% 230956 235  8%
c B 227.40 133 17 74 57701  1 1653110 99594 1.6 22 13 9 16 39% 230956 235  8%
c i 232.32 133 15 74 57717  1 1690344 123031 1.7 21 13 9 16 38% 230956 234  8%
c - 233.36 133 15 75 57717  1 1696857 80495 1.7 21 13 9 16 38% 216383 234  8%
c p 233.37 133 15 75 57717  1 1696857 80498 1.7 21 13 9 16 38% 216383 234  8%
c u 233.49 133 15 75 57717  1 1696857 80393 1.7 21 13 9 16 38% 216383 234  8%
c v 233.55 133 15 75 57717  1 1696857 80303 1.7 21 13 9 16 38% 216383 234  8%
c w 233.57 133 15 75 57717  1 1696857 80285 1.7 21 13 9 16 38% 216383 234  8%
c 
c  seconds    reductions     conflicts         size   tier2        variables
c           MB      restarts        redundant     glue    trail        remaining
c            level        rate           size/glue  tier1   irredundant
c 
c x 233.65 133 15 75 57717  1 1696857 80281 1.7 21 13 9 16 38% 216362 234  8%
c t 233.65 133 15 75 57717  1 1696857 80271 1.7 21 13 9 16 38% 216362 234  8%
c W 236.42 133 15 75 57718  1 1711111 87283 1.6 20 12 8 16 38% 216362 234  8%
c i 238.81 133 14 75 57719  1 1730597 97995 1.7 20 12 8 16 37% 216362 233  8%
c - 240.17 133 14 76 57719  1 1740338 73905 1.6 19 12 8 16 37% 202265 233  8%
c 2 240.17 133 14 76 57719  1 1740338 73904 1.6 19 12 8 16 37% 202265 233  8%
c p 240.19 133 14 76 57719  1 1740338 73912 1.6 19 12 8 16 37% 202265 233  8%
c u 240.29 133 14 76 57719  1 1740338 73644 1.6 19 12 8 16 37% 202265 233  8%
c v 240.34 133 14 76 57719  1 1740338 73550 1.6 19 12 8 16 37% 202265 233  8%
c w 240.36 133 14 76 57719  1 1740338 73426 1.6 19 12 8 16 37% 202265 233  8%
c x 240.43 133 14 76 57719  1 1740338 73422 1.6 19 12 8 16 37% 202233 233  8%
c t 240.44 133 14 76 57719  1 1740338 73403 1.6 19 12 8 16 37% 202233 233  8%
c i 241.29 133 14 76 57719  1 1747606 77392 1.7 19 12 8 16 37% 202233 221  8%
c i 241.31 133 14 76 57719  1 1747689 77403 1.7 19 12 8 16 37% 202233 213  8%
c i 241.32 133 14 76 57719  1 1747791 77467 1.7 19 12 8 16 37% 202233 209  7%
c ] 241.33 133 14 76 57719  1 1747838 77477 1.7 19 12 8 16 37% 202233 170  6%
c 0 241.33 133 14 76 57719  1 1747838 77477 1.7 19 12 8 16 37% 202233 170  6%
c 
c --- [ closing proof ] ------------------------------------------------------
c 
c LRAT proof file '/root/earth-moon/lean/data/a4_m09c/leaf6.lrat' closed
c LRAT 2182655 added clauses 49.87%
c LRAT 2193783 deleted clauses 50.13%
c LRAT 415136215 bytes (395.90 MB)
c 
c --- [ result ] -------------------------------------------------------------
c 
s UNSATISFIABLE
c 
c --- [ run-time profiling ] -------------------------------------------------
c 
c process time taken by individual solving procedures
c (percentage relative to process time for solving)
c 
c       223.84   92.84% search
c       117.58   48.77% unstable
c        94.95   39.38% stable
c        17.26    7.16% simplify
c        11.25    4.67% walk
c        10.68    4.43% vivify
c         2.56    1.06% sweep
c         1.54    0.64% subsume
c         0.88    0.36% elim
c         0.55    0.23% probe
c         0.26    0.11% ternary
c         0.23    0.10% parse
c         0.22    0.09% congruence
c         0.06    0.02% lucky
c         0.00    0.00% backbone
c   =================================
c       241.10   99.90% solve
c 
c last line shows process time for solving
c (percentage relative to total process time)
c 
c --- [ statistics ] ---------------------------------------------------------
c 
c chronological:            153113         8.76 %  of conflicts
c conflicts:               1747838      7249.47    per second
c backbone:                 102248      3641.31 %  of vars
c decisions:               2068477      8579.38    per second
c eliminated:                 1848        65.81 %  of all variables
c fixed:                       787        28.03 %  of all variables
c learned:                 1710309        97.85 %  per conflict
c learned_lits:           45181467       100.00 %  learned literals
c minimized:                     0         0.00 %  learned literals
c shrunken:                9818710        21.73 %  learned literals
c minishrunken:            2694976         5.96 %  learned literals
c otfs:                      19415         1.11 %  of conflict
c propagations:           23577569         0.10 M  per second
c reduced:                  884641        50.61 %  per conflict
c rephased:                     58     30135.14    interval
c restarts:                  57719        30.28    interval
c stabilizing:                  10        49.34 %  of conflicts
c substituted:                   3         0.11 %  of all variables
c sweep equivs:                  1         0.20 %  of swept variables
c subsumed:                 637130        31.74 %  of all clauses
c strengthened:              67059         3.34 %  of all clauses
c ticks:               12477598964       535.86    propagation
c vivified:                   7141         0.36 %  of all clauses
c walked:                       18     97102.11    interval
c weakened:                   4496         2.65    average size
c congruence:                   11    158894.36    interval
c 
c seconds are measured in process time for solving
c 
c --- [ glue usage ] ---------------------------------------------------------
c 
c focused glue 6 used 159476 clauses 6.996% accumulated 52.04% tier1
c focused glue 7 used 154298 clauses 6.768% accumulated 58.81%
c focused glue 8-9 used 306008 clauses 13.42% accumulated 72.23%
c focused glue 10 used 145909 clauses 6.400% accumulated 78.63%
c focused glue 11 used 126901 clauses 5.567% accumulated 84.20% tier2
c 
c stable glue 8 used 129346 clauses 4.727% accumulated 52.93% tier1
c stable glue 9 used 134695 clauses 4.923% accumulated 57.85%
c stable glue 10-14 used 638142 clauses 23.32% accumulated 81.18%
c stable glue 15 used 95632 clauses 3.495% accumulated 84.67%
c stable glue 16 used 82189 clauses 3.004% accumulated 87.68% tier2
c 
c 
c --- [ resources ] ----------------------------------------------------------
c 
c total process time since initialization:       241.33    seconds
c total real time since initialization:          241.35    seconds
c maximum resident set size of process:          153.22    MB
c 
c --- [ shutting down ] ------------------------------------------------------
c 
c exit 20
