c --- [ banner ] -------------------------------------------------------------
c 
c CaDiCaL SAT Solver
c Copyright (c) 2016-2026
c A. Biere, M. Fleury, N. Froleyks, K. Fazekas, F. Pollitt, T. Faller
c JKU Linz, University of Freiburg, TU Wien
c 
c Version 3.0.1 c60730422e758ef1cebe7aeddf2dda31c996bf04
c g++ (Ubuntu 13.3.0-6ubuntu2~24.04.1) 13.3.0 -Wall -Wextra -O3 -DNDEBUG
c Fri Oct 2 18:00:09 UTC 2026 Linux ai-math 6.8.0-139-generic x86_64
c 
c --- [ proof tracing ] ------------------------------------------------------
c 
c opening file to write '/root/earth-moon/lean/data/a4_m09c/leaf3.lrat'
c writing non-binary proof trace to '/root/earth-moon/lean/data/a4_m09c/leaf3.lrat'
c 
c --- [ parsing input ] ------------------------------------------------------
c 
c reading DIMACS file from '/root/earth-moon/lean/data/a4_m09c/leaf3.cnf'
c opening file to read '/root/earth-moon/lean/data/a4_m09c/leaf3.cnf'
c found 'p cnf 2808 5789' header
c parsed 5789 clauses in 0.00 seconds process time
c 
c --- [ options ] ------------------------------------------------------------
c 
c   --binary=false                 (different from default 'true')
c   --lrat=true                    (different from default 'false')
c 
c --- [ solving ] ------------------------------------------------------------
c 
c time measured in process time since initialization
c 
c  seconds  reduction conflicts       size tier2     variables
c         MB    restarts   redundant    glue  trail       remaining
c          level     rate       size/glu tier1 irredundant
c 
c *  0.00  6  0 0   0  0    0    0 0.0 0 0 2 6  0% 5656 2769 99%
c )  0.00  6  0 0   0  0    0    0 0.0 0 0 2 6  0% 5656 2769 99%
c {  0.00  6  0 0   0  0    0    0 0.0 0 0 2 6  0% 5656 2769 99%
c i  0.00  6 855 0   0 17  102   11 1.4 6 4 2 6 38% 5566 2768 99%
c i  0.00  6 856 0   0 17  105   11 1.4 5 3 2 6 38% 5566 2766 99%
c i  0.00  6 859 0   0 15  113   14 1.5 4 3 2 6 39% 5565 2765 98%
c i  0.00  6 856 0   0 14  125   12 1.6 3 2 2 6 38% 5563 2662 95%
c i  0.00  6 855 0   0 14  126   12 1.6 3 2 2 6 38% 5563 2661 95%
c i  0.00  6 852 0   0 14  129   13 1.7 3 2 2 6 38% 5562 2660 95%
c i  0.01  6 630 0   4 12  230   42 1.9 5 3 2 6 38% 5496 2659 95%
c i  0.01  6 627 0   4 12  231   42 1.9 5 3 2 6 38% 5496 2658 95%
c i  0.01  6 529 0   6 11  282   59 1.8 5 3 2 6 36% 5467 2657 95%
c i  0.01  6 527 0   6 11  283   59 1.8 5 3 2 6 36% 5467 2656 95%
c i  0.01  6 525 0   6 11  284   59 1.8 5 3 2 6 36% 5467 2602 93%
c -  0.01  6 498 1   6 11  302   33 1.8 5 3 2 6 35% 5271 2602 93%
c i  0.01  6 473 1   9 10  321   37 1.8 5 3 2 6 33% 5261 2601 93%
c i  0.01  6 464 1   9 10  327   40 1.8 5 3 2 6 33% 5259 2600 93%
c i  0.01  6 462 1   9 10  328   40 1.8 5 3 2 6 33% 5259 2599 93%
c i  0.01  6 460 1   9 10  330   40 1.8 5 3 2 6 33% 5259 2598 93%
c i  0.01  6 388 1  16 11  436   59 1.7 6 4 2 6 35% 5196 2597 92%
c 
c  seconds   reduction conflicts       size tier2     variables
c         MB     restarts   redundant    glue  trail       remaining
c           level     rate       size/glu tier1 irredundant
c 
c i  0.01  6 379 1  19 12  456   64 1.7 6 4 2 6 35% 5183 2593 92%
c i  0.01  6 333 1  37 13  537   87 1.6 6 4 2 6 34% 5131 2592 92%
c i  0.01  6 333 1  37 13  538   87 1.6 6 4 2 6 34% 5131 2591 92%
c i  0.01  6 332 1  37 13  539   87 1.6 6 4 2 6 34% 5131 2588 92%
c i  0.01  6 331 1  38 13  540   87 1.6 6 4 2 6 34% 5131 2582 92%
c i  0.01  6 329 1  38 13  544   87 1.6 6 4 2 6 33% 5128 2574 92%
c i  0.01  6 329 1  39 13  545   87 1.6 6 4 2 6 33% 5128 2573 92%
c i  0.01  6 324 1  42 14  557   91 1.6 6 4 2 6 33% 5122 2572 92%
c i  0.01  6 318 1  45 14  569   95 1.6 6 4 2 6 33% 5116 2571 92%
c i  0.01  6 317 1  45 14  570   95 1.6 6 4 2 6 33% 5116 2569 91%
c -  0.01  7 263 2  68 14  737  100 1.6 6 4 2 6 32% 4948 2569 91%
c i  0.01  7 254 2  74 14  768  103 1.6 6 4 2 6 31% 4922 2568 91%
c i  0.01  7 235 2  88 14  854  123 1.5 6 4 2 6 31% 4868 2566 91%
c i  0.01  7 228 2  96 14  894  129 1.5 6 4 2 6 31% 4836 2559 91%
c }  0.01  7 203 2 123 13 1002  141 1.3 8 6 2 6 29% 4836 2559 91%
c [  0.01  7  0 2 123  0 1002  141 0.0 0 0 2 6  0% 4836 2559 91%
c O  0.01  7  6 2 123  7 1003  142 3.0 6 2 2 6 24% 4836 2559 91%
c 2  0.01  7 24 2 123  2 1408  344 2.5 15 6 2 6 42% 4712 2550 91%
c d  0.02  7 24 2 123  2 1408  344 2.5 15 6 2 6 42% 4679 2549 91%
c p  0.02  7 24 2 123  2 1408  345 2.5 15 6 2 6 42% 4679 2549 91%
c 
c  seconds  reduction conflicts       size  tier2     variables
c         MB    restarts   redundant     glue  trail       remaining
c          level     rate       size/glue tier1 irredundant
c 
c t  0.02  7 24 2 123  2 1408  338 2.5 15 6 2 6 42% 4545 2449 87%
c -  0.02  7 24 3 123  2 1417  244 2.5 15 6 2 6 41% 4543 2449 87%
c i  0.02  7 23 3 123  2 1424  245 2.5 15 6 2 6 41% 4540 2379 85%
c i  0.02  7 23 3 123  2 1476  256 2.4 14 6 2 6 40% 4506 2332 83%
c i  0.02  7 23 3 123  2 1488  258 2.4 14 6 2 6 40% 4498 2331 83%
c i  0.02  7 23 3 123  2 1489  258 2.4 14 6 2 6 40% 4498 2330 83%
c i  0.02  7 23 3 123  2 1493  259 2.4 14 6 2 6 40% 4497 2280 81%
c i  0.02  7 23 3 123  2 1508  261 2.4 14 6 2 6 39% 4485 2279 81%
c i  0.02  7 22 3 123  2 1521  263 2.4 14 6 2 6 39% 4477 2278 81%
c i  0.02  7 22 3 123  2 1524  263 2.4 14 6 2 6 39% 4475 2238 80%
c i  0.02  7 22 3 123  2 1548  267 2.4 14 6 2 6 39% 4458 2237 80%
c i  0.02  7 22 3 123  2 1556  269 2.4 13 6 2 6 38% 4455 2236 80%
c i  0.02  7 22 3 123  2 1567  268 2.4 13 6 2 6 38% 4450 2235 80%
c i  0.02  7 22 3 123  2 1571  268 2.4 13 6 2 6 38% 4448 2095 75%
c i  0.02  7 21 3 123  2 1600  283 2.3 13 6 2 6 38% 4441 2094 75%
c i  0.02  7 21 3 123  2 1602  283 2.3 13 6 2 6 38% 4440 2093 75%
c i  0.02  7 21 3 123  2 1608  284 2.3 13 6 2 6 38% 4436 2083 74%
c i  0.02  7 21 3 123  2 1614  284 2.3 13 5 2 6 37% 4435 2047 73%
c ]  0.02  7 21 3 123  2 1616  284 2.3 13 5 2 6 37% 4435 2044 73%
c 0  0.02  7 21 3 123  2 1616  284 2.3 13 5 2 6 37% 4435 2044 73%
c 
c --- [ closing proof ] ------------------------------------------------------
c 
c LRAT proof file '/root/earth-moon/lean/data/a4_m09c/leaf3.lrat' closed
c LRAT 7114 added clauses 48.94%
c LRAT 7421 deleted clauses 51.06%
c LRAT 455185 bytes (0.43 MB)
c 
c --- [ result ] -------------------------------------------------------------
c 
s UNSATISFIABLE
c 
c --- [ run-time profiling ] -------------------------------------------------
c 
c process time taken by individual solving procedures
c (percentage relative to process time for solving)
c 
c         0.01   76.11% search
c         0.01   38.44% unstable
c         0.01   34.05% stable
c         0.00   23.14% simplify
c         0.00   15.37% parse
c         0.00    8.37% sweep
c         0.00    8.29% congruence
c         0.00    3.40% lucky
c         0.00    0.73% backbone
c         0.00    0.25% probe
c   =================================
c         0.02   85.68% solve
c 
c last line shows process time for solving
c (percentage relative to total process time)
c 
c --- [ statistics ] ---------------------------------------------------------
c 
c chronological:               887        54.89 %  of conflicts
c conflicts:                  1616     87950.36    per second
c backbone:                   6208       221.08 %  of vars
c decisions:                 13537    736747.58    per second
c fixed:                       762        27.14 %  of all variables
c learned:                     693        42.88 %  per conflict
c learned_lits:               8566       100.00 %  learned literals
c minimized:                     0         0.00 %  learned literals
c shrunken:                    633         7.39 %  learned literals
c minishrunken:                671         7.83 %  learned literals
c otfs:                       1728       106.93 %  of conflict
c propagations:             114670         6.24 M  per second
c reduced:                     113         6.99 %  per conflict
c rephased:                      1      1616.00    interval
c restarts:                    123        13.14    interval
c stabilizing:                   1        34.65 %  of conflicts
c substituted:                   1         0.04 %  of all variables
c subsumed:                   1836        29.09 %  of all clauses
c strengthened:                905        14.34 %  of all clauses
c ticks:                    544168         4.77    propagation
c weakened:                      2         2.00    average size
c congruence:                    1      1616.00    interval
c 
c seconds are measured in process time for solving
c 
c --- [ glue usage ] ---------------------------------------------------------
c 
c focused glue 2 used 189 clauses 41.26% accumulated 49.56% tier1
c focused glue 3 used 52 clauses 11.35% accumulated 60.91%
c focused glue 4 used 17 clauses 3.711% accumulated 64.62%
c focused glue 5 used 15 clauses 3.275% accumulated 67.90%
c focused glue 6 used 13 clauses 2.838% accumulated 70.74% tier2
c 
c stable glue 3 used 120 clauses 15.36% accumulated 55.95% tier1
c stable glue 4 used 86 clauses 11.01% accumulated 66.96%
c stable glue 5 used 70 clauses 8.962% accumulated 75.92% tier2
c 
c 
c --- [ resources ] ----------------------------------------------------------
c 
c total process time since initialization:         0.02    seconds
c total real time since initialization:            0.02    seconds
c maximum resident set size of process:           20.75    MB
c 
c --- [ shutting down ] ------------------------------------------------------
c 
c exit 20
