c --- [ banner ] -------------------------------------------------------------
c 
c CaDiCaL SAT Solver
c Copyright (c) 2016-2026
c A. Biere, M. Fleury, N. Froleyks, K. Fazekas, F. Pollitt, T. Faller
c JKU Linz, University of Freiburg, TU Wien
c 
c Version 3.0.1 c60730422e758ef1cebe7aeddf2dda31c996bf04
c g++ (Ubuntu 13.3.0-6ubuntu2~24.04.1) 13.3.0 -Wall -Wextra -O3 -DNDEBUG
c Fri Oct 2 18:00:09 UTC 2026 Linux ai-math 6.8.0-139-generic x86_64
c 
c --- [ proof tracing ] ------------------------------------------------------
c 
c opening file to write '/root/earth-moon/lean/data/a4_m09c/leaf1.lrat'
c writing non-binary proof trace to '/root/earth-moon/lean/data/a4_m09c/leaf1.lrat'
c 
c --- [ parsing input ] ------------------------------------------------------
c 
c reading DIMACS file from '/root/earth-moon/lean/data/a4_m09c/leaf1.cnf'
c opening file to read '/root/earth-moon/lean/data/a4_m09c/leaf1.cnf'
c found 'p cnf 2808 281340' header
c parsed 281340 clauses in 0.19 seconds process time
c 
c --- [ options ] ------------------------------------------------------------
c 
c   --binary=false                 (different from default 'true')
c   --lrat=true                    (different from default 'false')
c 
c --- [ solving ] ------------------------------------------------------------
c 
c time measured in process time since initialization
c 
c  seconds  reduction conflicts       size tier2       variables
c         MB    restarts   redundant    glue  trail         remaining
c          level     rate       size/glu tier1  irredundant
c 
c *  0.19 40  0 0   0  0    0    0 0.0 0 0 2 6  0% 281207 2770 99%
c )  0.25 59  0 0   0  0    0    0 0.0 0 0 2 6  0% 281207 2770 99%
c {  0.26 60  0 0   0  0    0    0 0.0 0 0 2 6  0% 281207 2770 99%
c i  0.28 60 1651 0   0 57   66   40 1.4 17 12 2 6 65% 281184 2768 99%
c i  0.28 60 1636 0   0 52   73   46 1.5 17 11 2 6 65% 281184 2767 99%
c i  0.28 60 1632 0   0 51   75   46 1.5 17 11 2 6 65% 281184 2766 99%
c i  0.28 60 1623 0   0 47   80   50 1.6 17 11 2 6 65% 281184 2765 98%
c -  0.37 60 1528 1   0 14  300  105 2.2 25 11 2 6 63% 281159 2765 98%
c i  0.40 62 1402 1   6 13  328  123 2.1 25 12 2 6 59% 281151 2764 98%
c i  0.49 63 850 1  56 10  541  250 1.7 24 14 2 6 39% 281106 2763 98%
c -  0.68 84 506 2  75  7  928  197 1.6 22 13 2 6 27% 281052 2763 98%
c }  0.69 84 468 2  75  6 1003  252 1.6 21 13 2 6 26% 281052 2763 98%
c [  0.69 84  0 2  75  0 1003  252 0.0 0 0 2 6  0% 281052 2763 98%
c O  0.70 84  6 2  75  7 1004  253 6.0 6 1 2 6 16% 281052 2763 98%
c -  0.87 85 19 3  75  1 2031  387 1.5 20 13 2 6 16% 280993 2763 98%
c 2  0.95 85 25 3  76  1 2969 1164 1.6 28 18 2 6 18% 280964 2744 98%
c d  0.96 85 25 3  76  1 2969 1164 1.6 28 18 2 6 18% 280930 2743 98%
c p  0.97 85 25 3  76  1 2969 1164 1.6 28 18 2 6 18% 280930 2742 98%
c =  1.06 86 25 3  76  1 2969 1163 1.6 28 18 2 6 18% 280917 2728 97%
c t  1.06 86 25 3  76  1 2969 1162 1.6 28 18 2 6 18% 280917 2728 97%
c 
c  seconds  reduction conflicts       size   tier2       variables
c         MB    restarts   redundant     glue   trail         remaining
c          level     rate       size/glue  tier1  irredundant
c 
c I  1.08 86 25 3  76  1 3006 1188 1.6 28 18 2 6 18% 280916 2728 97%
c ]  1.12 86 24 3  77  1 3283 1334 1.6 27 17 2 6 18% 280897 2728 97%
c {  1.12 86 468 3  77  6 3283 1334 1.6 21 13 2 6 26% 280897 2728 97%
c i  1.17 86 399 3 101  6 3464 1477 1.7 22 13 2 6 25% 280877 2727 97%
c i  1.17 86 399 3 101  6 3465 1477 1.7 22 13 2 6 25% 280877 2726 97%
c -  1.28 72 344 4 149  6 3662  604 1.6 22 14 2 6 23% 280865 2726 97%
c 2  1.57 72 156 4 265  3 5469 1624 1.5 21 14 11 16 18% 280828 2716 97%
c t  1.65 83 156 4 265  3 5469 1622 1.5 21 14 11 16 18% 280808 2716 97%
c i  1.67 83 153 4 274  3 5548 1678 1.5 21 14 11 16 18% 280799 2715 97%
c -  1.76 92 141 5 283  3 5852 1732 1.5 21 14 11 16 18% 280792 2715 97%
c O  1.78 92 135 5 283  3 6007 1830 1.5 21 14 11 16 18% 280792 2715 97%
c 2  2.05 92 93 5 534  3 8073 3175 1.5 22 15 11 17 17% 280763 2675 95%
c -  2.18 72 86 6 534  2 8621 3186 1.4 21 15 11 17 17% 280715 2675 95%
c #  2.33 72 73 6 560  2 10010 3904 1.4 21 15 11 16 16% 280715 2675 95%
c 2  2.42 72 67 6 560  2 10772 4307 1.4 20 14 11 16 16% 280713 2661 95%
c t  2.48 81 67 6 560  2 10772 4306 1.4 20 14 11 16 16% 280690 2661 95%
c }  2.50 81 66 6 560  2 10932 4380 1.4 20 14 11 16 16% 280690 2661 95%
c [  2.50 81 24 6 560  1 10932 4380 1.6 27 17 2 6 18% 280690 2661 95%
c -  2.64 81 21 7 560  1 11983 4139 1.5 24 15 2 6 17% 280689 2661 95%
c s  2.78 83 19 7 561  1 13332 4768 1.5 21 14 10 18 16% 280678 2661 95%
c 
c  seconds  reductions conflicts       size    tier2        variables
c         MB    restarts    redundant     glue     trail         remaining
c          level     rate        size/glue  tier1    irredundant
c 
c t  2.79 83 19 7 561  1 13332 4766 1.5 21 14 10 18 16% 280670 2661 95%
c e  2.83 83 19 7 561  1 13332 4435 1.5 21 14 10 18 16% 276357 312 11%
c s  2.85 83 19 7 561  1 13332 4431 1.5 21 14 10 18 16% 276351 312 11%
c B  3.09 68 17 7 563  1 15013 5500 1.6 20 13 10 18 28% 276341 311 11%
c -  3.21 89 16 8 563  1 15945 5382 1.6 20 13 10 18 29% 276341 311 11%
c u  3.32 89 16 8 563  1 16425 5712 1.6 21 13 10 18 30% 276361 311 11%
c v  3.35 89 16 8 563  1 16425 5711 1.6 21 13 10 18 30% 276361 311 11%
c w  3.36 89 16 8 563  1 16425 5710 1.6 21 13 10 18 30% 276361 311 11%
c x  3.38 89 16 8 563  1 16425 5710 1.6 21 13 10 18 30% 276359 311 11%
c -  3.77 110 18 9 564  1 20495 7044 1.6 22 14 10 18 32% 276359 311 11%
c ]  3.89 110 18 9 564  1 20915 7313 1.6 23 14 10 18 32% 276359 311 11%
c {  3.89 110 66 9 564  2 20915 7313 1.4 20 14 11 16 141% 276359 311 11%
c B  3.90 110 66 9 584  2 21014 7393 1.4 20 14 11 16 140% 276359 311 11%
c -  4.30 89 48 10 760  2 25654 8964 1.4 21 14 11 16 99% 276359 311 11%
c W  4.72 89 43 10 786  2 28016 10379 1.5 20 14 11 16 87% 276359 311 11%
c -  5.06 110 37 11 786  2 31425 11159 1.5 20 13 11 16 75% 276359 311 11%
c F  5.57 110 32 11 1157  2 36018 13988 1.5 20 13 11 16 66% 276359 311 11%
c -  5.90 89 31 12 1311  1 37813 11864 1.5 20 13 10 15 63% 276359 311 11%
c p  5.91 89 31 12 1311  1 37813 11872 1.5 20 13 10 15 63% 276359 311 11%
c u  6.00 89 31 12 1311  1 37813 11839 1.5 20 13 10 15 63% 276359 311 11%
c 
c  seconds  reductions   conflicts        size    tier2        variables
c         MB     restarts      redundant     glue     trail        remaining
c          level       rate         size/glue  tier1    irredundant
c 
c v  6.02 89 31 12 1311  1 37813 11839 1.5 20 13 10 15 63% 276359 311 11%
c w  6.03 89 31 12 1311  1 37813 11839 1.5 20 13 10 15 63% 276359 311 11%
c x  6.05 89 31 12 1311  1 37813 11839 1.5 20 13 10 15 63% 276359 311 11%
c }  6.42 89 31 12 1745  2 39563 13276 1.5 20 14 10 15 61% 276359 311 11%
c [  6.42 89 18 12 1745  1 39563 13276 1.6 23 14 10 18 32% 276359 311 11%
c -  6.87 110 19 13 1749  1 44820 13263 1.6 24 15 10 18 32% 276359 311 11%
c p  6.88 110 19 13 1749  1 44820 13265 1.6 24 15 10 18 32% 276359 311 11%
c W  7.19 110 19 13 1749  1 45021 13437 1.6 24 15 10 18 32% 276359 311 11%
c -  7.85 89 20 14 1753  1 52450 14192 1.5 24 16 10 18 31% 276359 311 11%
c s  7.89 89 20 14 1753  1 52514 14199 1.5 24 16 10 18 31% 276350 311 11%
c e  7.95 89 20 14 1753  1 52514 14078 1.5 24 16 10 18 31% 276349 310 11%
c s  7.96 89 20 14 1753  1 52514 14076 1.5 24 16 10 18 31% 276340 310 11%
c O  8.23 89 20 14 1753  1 55022 15801 1.5 24 16 10 18 31% 276340 310 11%
c -  8.87 111 19 15 1754  1 60702 15531 1.5 23 16 10 18 30% 276340 310 11%
c p  8.87 111 19 15 1754  1 60702 15536 1.5 23 16 10 18 30% 276340 310 11%
c u  8.93 111 19 15 1754  1 60702 15507 1.5 23 16 10 18 30% 276340 310 11%
c v  8.95 111 19 15 1754  1 60702 15504 1.5 23 16 10 18 30% 276340 310 11%
c w  8.96 111 19 15 1754  1 60702 15504 1.5 23 16 10 18 30% 276340 310 11%
c x  8.99 111 19 15 1754  1 60702 15504 1.5 23 16 10 18 30% 276340 310 11%
c ]  9.13 111 19 15 1755  1 62383 16427 1.5 23 15 10 18 30% 276340 310 11%
c 
c  seconds   reductions   conflicts        size    tier2        variables
c          MB     restarts      redundant     glue     trail        remaining
c           level       rate         size/glue  tier1    irredundant
c 
c {  9.13 111 31 15 1755  2 62383 16427 1.5 20 14 10 15 61% 276340 310 11%
c B  9.47 111 29 15 1836  2 66023 18794 1.5 20 14 10 15 56% 276340 310 11%
c -  9.81 89 27 16 1878  2 69580 18229 1.5 20 13 10 15 53% 276340 310 11%
c p  9.82 89 27 16 1878  2 69580 18240 1.5 20 13 10 15 53% 276340 310 11%
c W 11.14 89 25 16 2892  2 78024 23809 1.5 21 14 10 15 47% 276340 310 11%
c - 11.33 111 25 17 3108  2 79084 20603 1.5 21 14 10 15 47% 276340 310 11%
c p 11.35 111 25 17 3108  2 79084 20605 1.5 21 14 10 15 47% 276340 310 11%
c u 11.43 111 25 17 3108  2 79084 20582 1.5 21 14 10 15 47% 276340 310 11%
c v 11.45 111 25 17 3108  2 79084 20578 1.5 21 14 10 15 47% 276340 310 11%
c w 11.46 111 25 17 3108  2 79084 20578 1.5 21 14 10 15 47% 276340 310 11%
c x 11.48 111 25 17 3108  2 79084 20578 1.5 21 14 10 15 47% 276340 310 11%
c - 12.56 89 23 18 3737  2 89219 23622 1.5 21 14 10 15 43% 276340 310 11%
c p 12.56 89 23 18 3737  2 89219 23633 1.5 21 14 10 15 43% 276340 310 11%
c # 13.10 96 23 18 3794  2 91026 24739 1.5 21 14 10 15 42% 276340 310 11%
c } 13.44 96 22 18 3794  1 93661 26272 1.5 20 14 10 15 41% 276340 310 11%
c [ 13.44 96 19 18 3794  1 93661 26272 1.5 23 15 10 18 30% 276340 310 11%
c - 14.10 97 18 19 3798  1 99982 25892 1.5 22 15 10 18 29% 276340 310 11%
c p 14.11 97 18 19 3798  1 99982 25894 1.5 22 15 10 18 29% 276340 310 11%
c u 14.17 97 18 19 3798  1 99982 25861 1.5 22 15 10 18 29% 276340 310 11%
c v 14.20 97 18 19 3798  1 99982 25859 1.5 22 15 10 18 29% 276340 310 11%
c 
c  seconds  reductions   conflicts        size    tier2        variables
c         MB     restarts      redundant     glue     trail        remaining
c          level       rate         size/glue  tier1    irredundant
c 
c w 14.21 97 18 19 3798  1 99982 25855 1.5 22 15 10 18 29% 276340 310 11%
c x 14.24 97 18 19 3798  1 99982 25855 1.5 22 15 10 18 29% 276340 310 11%
c B 14.77 97 18 19 3800  1 105027 28845 1.5 22 15 10 18 29% 276340 310 11%
c s 15.38 97 18 19 3805  1 111315 33008 1.5 23 15 10 18 30% 276328 310 11%
c s 15.45 97 18 19 3805  1 111315 33004 1.5 23 15 10 18 30% 276321 310 11%
c - 15.57 71 18 20 3805  1 111375 27982 1.5 23 15 10 18 30% 276321 310 11%
c p 15.57 71 18 20 3805  1 111375 27993 1.5 23 15 10 18 30% 276321 310 11%
c W 16.68 71 18 20 3807  1 120028 33666 1.5 23 15 10 18 30% 276321 310 11%
c - 17.06 72 18 21 3807  1 123400 29644 1.5 23 15 10 18 30% 276321 310 11%
c p 17.07 72 18 21 3807  1 123400 29646 1.5 23 15 10 18 30% 276321 310 11%
c u 17.13 73 18 21 3807  1 123400 29626 1.5 23 15 10 18 30% 276321 310 11%
c v 17.15 73 18 21 3807  1 123400 29617 1.5 23 15 10 18 30% 276321 310 11%
c w 17.16 73 18 21 3807  1 123400 29615 1.5 23 15 10 18 30% 276321 310 11%
c x 17.19 73 18 21 3807  1 123400 29615 1.5 23 15 10 18 30% 276321 310 11%
c ] 17.68 73 19 21 3808  1 129982 33737 1.5 24 16 10 18 31% 276321 310 11%
c { 17.68 73 22 21 3808  1 129982 33737 1.5 20 14 10 15 41% 276321 310 11%
c B 18.59 74 22 21 4654  2 136031 37719 1.5 21 14 10 15 40% 276321 310 11%
c - 18.65 74 22 22 4662  2 136059 31084 1.5 21 14 10 15 40% 276321 310 11%
c p 18.66 74 22 22 4662  2 136059 31096 1.5 21 14 10 15 40% 276321 310 11%
c - 20.42 74 21 23 5853  2 149352 33571 1.5 21 14 10 15 37% 276321 310 11%
c 
c  seconds  reductions   conflicts         size    tier2        variables
c         MB     restarts       redundant     glue     trail        remaining
c          level       rate          size/glue  tier1    irredundant
c 
c p 20.43 74 21 23 5853  2 149352 33583 1.5 21 14 10 15 37% 276321 310 11%
c u 20.52 74 21 23 5853  2 149352 33558 1.5 21 14 10 15 37% 276321 310 11%
c v 20.55 74 21 23 5853  2 149352 33555 1.5 21 14 10 15 37% 276321 310 11%
c w 20.57 74 21 23 5853  2 149352 33555 1.5 21 14 10 15 37% 276321 310 11%
c x 20.61 74 21 23 5853  2 149352 33555 1.5 21 14 10 15 37% 276320 310 11%
c W 21.22 74 20 23 5920  1 153032 35573 1.5 21 14 10 15 36% 276320 310 11%
c - 22.29 75 20 24 6271  1 163278 37559 1.5 20 14 10 15 35% 276320 310 11%
c p 22.30 75 20 24 6271  1 163278 37571 1.5 20 14 10 15 35% 276320 310 11%
c t 22.51 92 20 24 6271  1 163278 37570 1.5 20 14 10 15 35% 276320 310 11%
c F 23.42 92 19 24 6761  1 171036 41924 1.5 20 14 10 15 34% 276320 310 11%
c } 23.89 92 19 24 7100  1 174010 43875 1.5 20 14 10 15 34% 276320 310 11%
c [ 23.89 92 19 24 7100  1 174010 43875 1.5 24 16 10 18 31% 276320 310 11%
c - 24.30 75 19 25 7100  1 177837 40183 1.5 24 16 10 18 30% 276320 310 11%
c p 24.31 75 19 25 7100  1 177837 40195 1.5 24 16 10 18 30% 276320 310 11%
c u 24.39 75 19 25 7100  1 177837 40124 1.5 24 16 10 18 30% 276320 310 11%
c v 24.43 75 19 25 7100  1 177837 40119 1.5 24 16 10 18 30% 276320 310 11%
c w 24.45 75 19 25 7100  1 177837 40119 1.5 24 16 10 18 30% 276320 310 11%
c x 24.50 75 19 25 7100  1 177837 40119 1.5 24 16 10 18 30% 276320 310 11%
c s 25.43 86 20 25 7103  1 189714 49236 1.5 25 16 10 18 31% 276302 310 11%
c s 25.51 86 20 25 7103  1 189714 49232 1.5 25 16 10 18 31% 276296 310 11%
c 
c  seconds  reductions   conflicts         size    tier2        variables
c         MB     restarts       redundant     glue     trail        remaining
c          level       rate          size/glue  tier1    irredundant
c 
c I 25.60 86 20 25 7104  1 190039 49449 1.5 25 16 10 18 31% 276296 310 11%
c - 25.92 110 20 26 7106  1 193032 40686 1.5 25 17 10 18 31% 276296 310 11%
c p 25.93 110 20 26 7106  1 193032 40697 1.5 25 17 10 18 31% 276296 310 11%
c - 27.23 86 21 27 7114  1 208862 40475 1.4 25 17 12 19 31% 276296 310 11%
c p 27.25 86 21 27 7114  1 208862 40477 1.4 25 17 12 19 31% 276296 310 11%
c u 27.33 86 21 27 7114  1 208862 40457 1.4 25 17 12 19 31% 276296 310 11%
c v 27.37 86 21 27 7114  1 208862 40454 1.4 25 17 12 19 31% 276296 310 11%
c w 27.38 86 21 27 7114  1 208862 40452 1.4 25 17 12 19 31% 276296 310 11%
c x 27.43 86 21 27 7114  1 208862 40452 1.4 25 17 12 19 31% 276294 310 11%
c B 27.57 86 21 27 7114  1 210040 41177 1.4 25 17 12 19 31% 276294 310 11%
c - 28.90 110 21 28 7121  1 225329 41535 1.4 25 17 12 19 32% 276294 310 11%
c p 28.91 110 21 28 7121  1 225329 41547 1.4 25 17 12 19 32% 276294 310 11%
c ] 29.57 110 21 28 7122  1 230570 44384 1.4 25 17 12 19 32% 276294 310 11%
c { 29.57 110 19 28 7122  1 230570 44384 1.5 20 14 10 15 34% 276294 310 11%
c B 29.63 110 19 28 7221  1 231042 44779 1.5 20 14 10 15 34% 276294 310 11%
c - 31.23 86 19 29 7987  1 242434 46294 1.5 21 14 10 15 33% 276294 310 11%
c p 31.24 86 19 29 7987  1 242434 46306 1.5 21 14 10 15 33% 276294 310 11%
c u 31.34 86 19 29 7987  1 242434 46281 1.5 21 14 10 15 33% 276294 310 11%
c v 31.38 86 19 29 7987  1 242434 46275 1.5 21 14 10 15 33% 276294 310 11%
c w 31.40 86 19 29 7987  1 242434 46273 1.5 21 14 10 15 33% 276294 310 11%
c 
c  seconds  reductions   conflicts         size    tier2        variables
c         MB     restarts       redundant     glue     trail        remaining
c          level       rate          size/glue  tier1    irredundant
c 
c x 31.46 86 19 29 7987  1 242434 46273 1.5 21 14 10 15 33% 276293 310 11%
c W 33.76 88 19 29 9004  1 253043 53209 1.5 21 14 10 15 33% 276293 310 11%
c - 34.61 113 18 30 9095  1 260177 51217 1.5 21 14 10 15 32% 276293 310 11%
c p 34.63 113 18 30 9095  1 260177 51229 1.5 21 14 10 15 32% 276293 310 11%
c # 36.78 113 18 30 9969  1 276045 61207 1.5 21 14 10 15 32% 276293 310 11%
c - 37.12 88 18 31 10044  1 278556 55910 1.5 21 14 10 15 31% 276293 310 11%
c p 37.13 88 18 31 10044  1 278556 55922 1.5 21 14 10 15 31% 276293 310 11%
c u 37.50 101 18 31 10044  1 278556 55889 1.5 21 14 10 15 31% 276293 310 11%
c v 37.54 101 18 31 10044  1 278556 55885 1.5 21 14 10 15 31% 276293 310 11%
c w 37.57 101 18 31 10044  1 278556 55883 1.5 21 14 10 15 31% 276293 310 11%
c x 37.64 101 18 31 10044  1 278556 55882 1.5 21 14 10 15 31% 276293 310 11%
c s 38.99 102 18 31 10898  1 287712 61882 1.5 21 14 10 15 31% 276271 310 11%
c s 39.08 102 18 31 10898  1 287712 61879 1.5 21 14 10 15 31% 276250 310 11%
c } 40.17 102 18 31 11696  1 294398 65719 1.5 21 14 10 15 31% 276250 310 11%
c [ 40.17 102 21 31 11696  1 294398 65719 1.4 25 17 12 19 32% 276250 310 11%
c - 40.55 104 21 32 11699  1 297574 59314 1.4 24 17 12 19 31% 276250 310 11%
c p 40.57 104 21 32 11699  1 297574 59326 1.4 24 17 12 19 31% 276250 310 11%
c u 40.64 104 21 32 11699  1 297574 59289 1.4 24 17 12 19 31% 276250 310 11%
c v 40.67 104 21 32 11699  1 297574 59283 1.4 24 17 12 19 31% 276250 310 11%
c w 40.68 104 21 32 11699  1 297574 59282 1.4 24 17 12 19 31% 276250 310 11%
c 
c  seconds   reductions    conflicts         size    tier2        variables
c          MB      restarts       redundant     glue     trail        remaining
c           level        rate          size/glue  tier1    irredundant
c 
c x 40.72 104 21 32 11699  1 297574 59282 1.4 24 17 12 19 31% 276248 310 11%
c W 41.35 104 21 32 11700  1 300046 60754 1.4 24 17 12 19 31% 276248 310 11%
c - 42.98 104 20 33 11705  1 317229 61009 1.4 24 17 12 19 31% 276248 310 11%
c p 43.00 104 20 33 11705  1 317229 61021 1.4 24 17 12 19 31% 276248 310 11%
c O 43.89 104 19 33 11705  1 325048 65885 1.4 23 16 12 19 31% 276248 310 11%
c - 45.38 104 19 34 11706  1 337524 63536 1.4 23 16 12 18 31% 276248 310 11%
c p 45.39 104 19 34 11706  1 337524 63548 1.4 23 16 12 18 31% 276248 310 11%
c u 45.53 104 19 34 11706  1 337524 63487 1.4 23 16 12 18 31% 276248 310 11%
c v 45.59 104 19 34 11706  1 337524 63466 1.4 23 16 12 18 31% 276248 310 11%
c w 45.62 104 19 34 11706  1 337524 63453 1.4 23 16 12 18 31% 276248 310 11%
c x 45.71 104 19 34 11706  1 337524 63452 1.4 23 16 12 18 31% 276246 310 11%
c B 47.31 104 18 34 11706  1 351053 71212 1.4 23 16 12 18 30% 276246 310 11%
c - 48.07 104 19 35 11706  1 358458 67869 1.4 23 16 12 18 30% 276246 310 11%
c p 48.09 104 19 35 11706  1 358458 67881 1.4 23 16 12 18 30% 276246 310 11%
c u 48.16 104 19 35 11706  1 358458 67867 1.4 23 16 12 18 30% 276246 310 11%
c v 48.18 104 19 35 11706  1 358458 67866 1.4 23 16 12 18 30% 276246 310 11%
c w 48.19 104 19 35 11706  1 358458 67865 1.4 23 16 12 18 30% 276246 310 11%
c x 48.23 104 19 35 11706  1 358458 67865 1.4 23 16 12 18 30% 276245 310 11%
c ] 48.78 104 19 35 11706  1 363911 71155 1.4 23 16 12 18 30% 276245 310 11%
c { 48.78 104 18 35 11706  1 363911 71155 1.5 21 14 10 15 31% 276245 310 11%
c 
c  seconds   reductions    conflicts         size    tier2        variables
c          MB      restarts       redundant     glue     trail        remaining
c           level        rate          size/glue  tier1    irredundant
c 
c B 50.28 104 17 35 11803  1 378056 79160 1.5 20 14 10 15 30% 276245 310 11%
c - 50.59 104 17 36 11869  1 380029 72326 1.5 20 14 10 15 30% 276245 310 11%
c p 50.61 104 17 36 11869  1 380029 72338 1.5 20 14 10 15 30% 276245 310 11%
c u 50.69 104 17 36 11869  1 380029 72325 1.5 20 14 10 15 30% 276245 310 11%
c v 50.72 104 17 36 11869  1 380029 72319 1.5 20 14 10 15 30% 276245 310 11%
c w 50.73 104 17 36 11869  1 380029 72317 1.5 20 14 10 15 30% 276245 310 11%
c x 50.77 104 17 36 11869  1 380029 72317 1.5 20 14 10 15 30% 276245 310 11%
c - 53.81 76 17 37 12678  1 402240 76434 1.5 20 14 10 15 30% 276245 310 11%
c p 53.83 76 17 37 12678  1 402240 76446 1.5 20 14 10 15 30% 276245 310 11%
c u 53.92 78 17 37 12678  1 402240 76425 1.5 20 14 10 15 30% 276245 310 11%
c v 53.95 78 17 37 12678  1 402240 76422 1.5 20 14 10 15 30% 276245 310 11%
c w 53.97 78 17 37 12678  1 402240 76422 1.5 20 14 10 15 30% 276245 310 11%
c x 54.03 78 17 37 12678  1 402240 76422 1.5 20 14 10 15 30% 276245 310 11%
c s 54.60 90 17 37 12945  1 405308 78261 1.5 20 14 10 15 30% 276209 310 11%
c s 54.71 91 17 37 12945  1 405308 78251 1.5 20 14 10 15 30% 276190 310 11%
c W 56.00 93 17 37 13131  1 406060 78798 1.5 20 14 10 15 30% 276190 310 11%
c - 58.46 93 16 38 13881  1 425093 81178 1.5 20 14 10 15 29% 276190 310 11%
c p 58.48 93 16 38 13881  1 425093 81190 1.5 20 14 10 15 29% 276190 310 11%
c u 58.61 93 16 38 13881  1 425093 81159 1.5 20 14 10 15 29% 276190 310 11%
c v 58.65 93 16 38 13881  1 425093 81153 1.5 20 14 10 15 29% 276190 310 11%
c 
c  seconds  reductions    conflicts         size    tier2        variables
c         MB      restarts       redundant     glue     trail        remaining
c          level        rate          size/glue  tier1    irredundant
c 
c w 58.67 93 16 38 13881  1 425093 81151 1.5 20 14 10 15 29% 276190 310 11%
c x 58.74 93 16 38 13881  1 425093 81151 1.5 20 14 10 15 29% 276189 310 11%
c F 60.31 93 16 38 14543  1 435061 87237 1.5 20 14 10 15 29% 276189 310 11%
c } 62.24 93 16 38 14991  1 447801 95253 1.5 20 14 10 15 29% 276189 310 11%
c [ 62.24 93 19 38 14991  1 447801 95253 1.4 23 16 12 18 30% 276189 310 11%
c - 62.38 94 19 39 14991  1 448584 86340 1.4 23 16 12 18 30% 276189 310 11%
c p 62.40 94 19 39 14991  1 448584 86352 1.4 23 16 12 18 30% 276189 310 11%
c u 62.94 111 19 39 14991  1 448584 86320 1.4 23 16 12 18 30% 276189 310 11%
c v 62.98 111 19 39 14991  1 448584 86315 1.4 23 16 12 18 30% 276189 310 11%
c w 63.00 111 19 39 14991  1 448584 86315 1.4 23 16 12 18 30% 276189 310 11%
c x 63.06 111 19 39 14991  1 448584 86314 1.4 23 16 12 18 30% 276188 310 11%
c W 65.32 111 18 39 15001  1 465062 96244 1.4 23 16 11 18 30% 276188 310 11%
c - 66.18 88 18 40 15005  1 472718 90120 1.5 23 16 11 18 30% 276188 310 11%
c p 66.20 88 18 40 15005  1 472718 90138 1.5 23 16 11 18 30% 276188 310 11%
c u 66.30 88 18 40 15005  1 472718 90117 1.5 23 16 11 18 30% 276188 310 11%
c v 66.34 88 18 40 15005  1 472718 90102 1.5 23 16 11 18 30% 276188 310 11%
c w 66.35 88 18 40 15005  1 472718 90102 1.5 23 16 11 18 30% 276188 310 11%
c x 66.40 88 18 40 15005  1 472718 90102 1.5 23 16 11 18 30% 276188 310 11%
c t 66.40 88 18 40 15005  1 472718 90101 1.5 23 16 11 18 30% 276188 310 11%
c I 68.94 88 17 40 15014  1 496063 103368 1.5 22 15 11 18 29% 276188 310 11%
c 
c  seconds   reductions    conflicts         size    tier2        variables
c          MB      restarts       redundant     glue     trail        remaining
c           level        rate          size/glue  tier1    irredundant
c 
c - 69.21 118 17 41 15016  1 497489 93917 1.5 22 15 11 18 29% 276188 310 11%
c p 69.22 118 17 41 15016  1 497489 93935 1.5 22 15 11 18 29% 276188 310 11%
c u 69.32 118 17 41 15016  1 497489 93912 1.5 22 15 11 18 29% 276188 310 11%
c v 69.36 118 17 41 15016  1 497489 93886 1.5 22 15 11 18 29% 276188 310 11%
c w 69.38 118 17 41 15016  1 497489 93882 1.5 22 15 11 18 29% 276188 310 11%
c x 69.43 118 17 41 15016  1 497489 93882 1.5 22 15 11 18 29% 276188 310 11%
c t 69.44 118 17 41 15016  1 497489 93881 1.5 22 15 11 18 29% 276188 310 11%
c - 72.14 88 17 42 15022  1 522901 98098 1.5 22 15 11 18 29% 276188 310 11%
c p 72.16 88 17 42 15022  1 522901 98116 1.5 22 15 11 18 29% 276188 310 11%
c u 72.27 88 17 42 15022  1 522901 98087 1.5 22 15 11 18 29% 276188 310 11%
c v 72.32 88 17 42 15022  1 522901 98079 1.5 22 15 11 18 29% 276188 310 11%
c w 72.34 88 17 42 15022  1 522901 98079 1.5 22 15 11 18 29% 276188 310 11%
c x 72.40 88 17 42 15022  1 522901 98079 1.5 22 15 11 18 29% 276187 310 11%
c B 73.08 88 17 42 15022  1 528065 101216 1.5 22 15 11 18 29% 276187 310 11%
c ] 73.91 88 17 42 15025  1 535293 105234 1.5 22 15 11 17 29% 276187 310 11%
c { 73.91 88 16 42 15025  1 535293 105234 1.5 20 14 10 15 29% 276187 310 11%
c s 75.19 95 16 42 15639  1 542498 109497 1.5 20 14 10 15 29% 276146 310 11%
c s 75.32 95 16 42 15639  1 542498 109491 1.5 20 14 10 15 29% 276115 310 11%
c - 76.29 125 16 43 16304  1 548953 100528 1.5 20 14 10 15 29% 276115 310 11%
c p 76.31 125 16 43 16304  1 548953 100545 1.5 20 14 10 15 29% 276115 310 11%
c 
c  seconds   reductions    conflicts          size    tier2        variables
c          MB      restarts       redundant      glue     trail        remaining
c           level        rate           size/glue  tier1    irredundant
c 
c u 76.43 125 16 43 16304  1 548953 100514 1.5 20 14 10 15 29% 276115 310 11%
c v 76.47 125 16 43 16304  1 548953 100511 1.5 20 14 10 15 29% 276115 310 11%
c w 76.49 125 16 43 16304  1 548953 100511 1.5 20 14 10 15 29% 276115 310 11%
c x 76.56 125 16 43 16304  1 548953 100511 1.5 20 14 10 15 29% 276115 310 11%
c B 78.64 125 16 43 17192  1 561069 107729 1.5 20 14 10 15 29% 276115 310 11%
c - 80.48 95 16 44 18234  1 575645 105096 1.5 20 14 10 15 29% 276115 310 11%
c p 80.50 95 16 44 18234  1 575645 105110 1.5 20 14 10 15 29% 276115 310 11%
c u 80.63 95 16 44 18234  1 575645 105095 1.5 20 14 10 15 29% 276115 310 11%
c v 80.67 95 16 44 18234  1 575645 105090 1.5 20 14 10 15 29% 276115 310 11%
c w 80.70 95 16 44 18234  1 575645 105090 1.5 20 14 10 15 29% 276115 310 11%
c x 80.77 95 16 44 18234  1 575645 105088 1.5 20 14 10 15 29% 276114 310 11%
c W 85.07 95 16 44 19677  1 595072 116137 1.5 20 14 10 15 29% 276114 310 11%
c - 86.45 128 16 45 20468  1 602978 109147 1.5 20 14 10 15 29% 276114 310 11%
c p 86.47 128 16 45 20468  1 602978 109161 1.5 20 14 10 15 29% 276114 310 11%
c u 86.59 128 16 45 20468  1 602978 109100 1.5 20 14 10 15 29% 276114 310 11%
c v 86.65 128 16 45 20468  1 602978 109092 1.5 20 14 10 15 29% 276114 310 11%
c w 86.68 128 16 45 20468  1 602978 109092 1.5 20 14 10 15 29% 276114 310 11%
c x 86.76 128 16 45 20468  1 602978 109092 1.5 20 14 10 15 29% 276113 310 11%
c # 91.23 128 16 45 22124  1 630073 124501 1.5 20 14 10 15 29% 276113 310 11%
c - 91.44 97 16 46 22155  1 630953 113074 1.5 20 14 10 15 29% 276113 310 11%
c 
c  seconds  reductions    conflicts          size    tier2        variables
c         MB      restarts       redundant      glue     trail        remaining
c          level        rate           size/glue  tier1    irredundant
c 
c p 91.47 97 16 46 22155  1 630953 113087 1.5 20 14 10 15 29% 276113 310 11%
c u 91.59 97 16 46 22155  1 630953 113061 1.5 20 14 10 15 29% 276113 310 11%
c v 91.65 97 16 46 22155  1 630953 113046 1.5 20 14 10 15 29% 276113 310 11%
c w 91.68 97 16 46 22155  1 630953 113046 1.5 20 14 10 15 29% 276113 310 11%
c x 91.77 97 16 46 22155  1 630953 113046 1.5 20 14 10 15 29% 276113 310 11%
c } 92.72 97 16 46 22217  1 636327 115936 1.5 20 14 10 15 29% 276113 310 11%
c [ 92.72 97 17 46 22217  1 636327 115936 1.5 22 15 11 17 29% 276113 310 11%
c - 95.81 129 17 47 22229  1 659570 116603 1.5 22 15 11 17 29% 276113 310 11%
c p 95.82 129 17 47 22229  1 659570 116616 1.5 22 15 11 17 29% 276113 310 11%
c u 95.97 129 17 47 22229  1 659570 116600 1.5 22 15 11 17 29% 276113 310 11%
c v 96.03 129 17 47 22229  1 659570 116568 1.5 22 15 11 17 29% 276113 310 11%
c w 96.05 129 17 47 22229  1 659570 116567 1.5 22 15 11 17 29% 276113 310 11%
c x 96.12 129 17 47 22229  1 659570 116567 1.5 22 15 11 17 29% 276112 310 11%
c W 97.53 129 17 47 22229  1 666076 120645 1.5 22 15 11 17 29% 276112 310 11%
c i 100.51 129 16 47 22242  1 686634 131155 1.5 20 14 11 17 28% 276112 309 11%
c - 101.02 97 16 48 22243  1 688828 109050 1.5 20 14 11 17 28% 268420 309 11%
c p 101.04 97 16 48 22243  1 688828 109063 1.5 20 14 11 17 28% 268420 309 11%
c u 101.39 114 16 48 22243  1 688828 109024 1.5 20 14 11 17 28% 268417 309 11%
c v 101.44 114 16 48 22243  1 688828 109009 1.5 20 14 11 17 28% 268417 309 11%
c w 101.47 114 16 48 22243  1 688828 109004 1.5 20 14 11 17 28% 268417 309 11%
c 
c  seconds    reductions    conflicts          size    tier2        variables
c           MB      restarts       redundant      glue     trail        remaining
c            level        rate           size/glue  tier1    irredundant
c 
c x 101.53 114 16 48 22243  1 688828 109003 1.5 20 14 11 17 28% 268407 309 11%
c s 103.11 114 16 48 22244  1 699279 114753 1.5 20 14 11 17 28% 268357 309 11%
c e 103.16 114 16 48 22244  1 699279 114179 1.5 20 14 11 17 28% 268354 306 11%
c s 103.24 114 16 48 22244  1 699279 114170 1.5 20 14 11 17 28% 268324 306 11%
c O 103.82 114 16 48 22245  1 703079 116153 1.5 20 14 11 17 28% 268324 306 11%
c - 105.67 121 15 49 22246  1 718473 112848 1.5 20 14 11 17 28% 268324 306 11%
c p 105.69 121 15 49 22246  1 718473 112861 1.5 20 14 11 17 28% 268324 306 11%
c u 105.81 121 15 49 22246  1 718473 112838 1.5 20 14 11 17 28% 268324 306 11%
c v 105.85 121 15 49 22246  1 718473 112833 1.5 20 14 11 17 28% 268324 306 11%
c w 105.87 121 15 49 22246  1 718473 112828 1.5 20 14 11 17 28% 268324 306 11%
c x 105.94 121 15 49 22246  1 718473 112828 1.5 20 14 11 17 28% 268324 306 11%
c t 105.94 121 15 49 22246  1 718473 112826 1.5 20 14 11 17 28% 268324 306 11%
c ] 108.16 121 15 49 22246  1 735864 122667 1.5 20 13 10 16 28% 268324 306 11%
c { 108.16 121 16 49 22246  1 735864 122667 1.5 20 14 10 15 29% 268324 306 11%
c B 108.75 121 16 49 22323  1 741081 125155 1.5 20 14 10 15 29% 268324 306 11%
c - 110.03 121 16 50 22654  1 748746 120719 1.5 20 14 10 15 29% 268324 306 11%
c p 110.06 121 16 50 22654  1 748746 120732 1.5 20 14 10 15 29% 268324 306 11%
c u 110.19 121 16 50 22654  1 748746 120704 1.5 20 14 10 15 29% 268324 306 11%
c v 110.24 121 16 50 22654  1 748746 120695 1.5 20 14 10 15 29% 268324 306 11%
c w 110.27 121 16 50 22654  1 748746 120693 1.5 20 14 10 15 29% 268324 306 11%
c 
c  seconds    reductions    conflicts          size    tier2        variables
c           MB      restarts       redundant      glue     trail        remaining
c            level        rate           size/glue  tier1    irredundant
c 
c x 110.35 121 16 50 22654  1 748746 120693 1.5 20 14 10 15 29% 268321 306 11%
c - 114.65 123 16 51 25221  1 779650 127665 1.5 20 14 10 15 29% 268321 306 11%
c p 114.67 123 16 51 25221  1 779650 127677 1.5 20 14 10 15 29% 268321 306 11%
c u 114.79 123 16 51 25221  1 779650 127644 1.5 20 14 10 15 29% 268321 306 11%
c v 114.84 123 16 51 25221  1 779650 127639 1.5 20 14 10 15 29% 268321 306 11%
c w 114.87 123 16 51 25221  1 779650 127638 1.5 20 14 10 15 29% 268321 306 11%
c x 114.93 123 16 51 25221  1 779650 127637 1.5 20 14 10 15 29% 268317 306 11%
c t 114.94 123 16 51 25221  1 779650 127636 1.5 20 14 10 15 29% 268317 306 11%
c W 115.92 123 16 51 25307  1 780082 127907 1.5 20 14 10 15 29% 268317 306 11%
c - 121.33 153 15 52 26114  1 811187 115746 1.5 20 13 9 15 28% 268317 306 11%
c p 121.35 153 15 52 26114  1 811187 115759 1.5 20 13 9 15 28% 268317 306 11%
c u 121.47 153 15 52 26114  1 811187 115685 1.5 20 13 9 15 28% 268317 306 11%
c v 121.53 153 15 52 26114  1 811187 115679 1.5 20 13 9 15 28% 268317 306 11%
c w 121.56 153 15 52 26114  1 811187 115676 1.5 20 13 9 15 28% 268317 306 11%
c x 121.65 153 15 52 26114  1 811187 115673 1.5 20 13 9 15 28% 268316 306 11%
c F 122.88 153 15 52 26299  1 820083 120345 1.5 19 13 9 15 28% 268316 306 11%
c - 126.29 153 15 53 27963  1 843355 115857 1.5 20 13 9 15 28% 268316 306 11%
c p 126.31 153 15 53 27963  1 843355 115870 1.5 20 13 9 15 28% 268316 306 11%
c u 126.45 153 15 53 27963  1 843355 115845 1.5 20 13 9 15 28% 268316 306 11%
c v 126.50 153 15 53 27963  1 843355 115840 1.5 20 13 9 15 28% 268316 306 11%
c 
c  seconds    reductions    conflicts          size   tier2        variables
c           MB      restarts       redundant      glue    trail        remaining
c            level        rate           size/glue  tier1   irredundant
c 
c w 126.53 153 15 53 27963  1 843355 115839 1.5 20 13 9 15 28% 268316 306 11%
c x 126.61 153 15 53 27963  1 843355 115839 1.5 20 13 9 15 28% 268314 306 11%
c B 128.89 153 15 53 28943  1 861086 126028 1.5 19 13 9 14 28% 268314 306 11%
c } 129.12 153 15 53 29162  1 862351 126828 1.5 20 13 9 14 28% 268314 306 11%
c [ 129.12 153 15 53 29162  1 862351 126828 1.5 20 13 10 16 28% 268314 306 11%
c s 130.62 153 15 53 29162  1 875253 134236 1.5 20 14 10 16 28% 268227 306 11%
c s 130.77 153 15 53 29162  1 875253 134221 1.5 20 14 10 16 28% 268155 306 11%
c - 130.98 153 15 54 29162  1 876156 117552 1.5 20 14 10 16 28% 268155 306 11%
c p 131.01 153 15 54 29162  1 876156 117565 1.5 20 14 10 16 28% 268155 306 11%
c u 131.17 153 15 54 29162  1 876156 117550 1.5 20 14 10 16 28% 268155 306 11%
c v 131.22 153 15 54 29162  1 876156 117534 1.5 20 14 10 16 28% 268155 306 11%
c w 131.25 153 15 54 29162  1 876156 117532 1.5 20 14 10 16 28% 268155 306 11%
c x 131.34 153 15 54 29162  1 876156 117532 1.5 20 14 10 16 28% 268152 306 11%
c t 131.35 153 15 54 29162  1 876156 117531 1.5 20 14 10 16 28% 268152 306 11%
c B 134.85 153 16 54 29163  1 903087 132126 1.5 20 14 10 16 28% 268152 306 11%
c - 135.73 83 16 55 29163  1 909581 118943 1.5 20 14 10 16 29% 268152 306 11%
c p 135.74 83 16 55 29163  1 909581 118956 1.5 20 14 10 16 29% 268152 306 11%
c u 135.90 83 16 55 29163  1 909581 118929 1.5 20 14 10 16 29% 268152 306 11%
c v 135.97 83 16 55 29163  1 909581 118922 1.5 20 14 10 16 29% 268152 306 11%
c w 136.00 83 16 55 29163  1 909581 118920 1.5 20 14 10 16 29% 268152 306 11%
c 
c  seconds   reductions    conflicts          size    tier2        variables
c          MB      restarts       redundant      glue     trail        remaining
c           level        rate           size/glue  tier1    irredundant
c 
c x 136.10 83 16 55 29163  1 909581 118920 1.5 20 14 10 16 29% 268152 306 11%
c t 136.10 83 16 55 29163  1 909581 118919 1.5 20 14 10 16 29% 268152 306 11%
c - 140.51 114 16 56 29164  1 943639 122250 1.5 20 14 10 16 28% 268152 306 11%
c p 140.53 114 16 56 29164  1 943639 122263 1.5 20 14 10 16 28% 268152 306 11%
c u 140.66 114 16 56 29164  1 943639 122212 1.5 20 14 10 16 28% 268152 306 11%
c v 140.73 114 16 56 29164  1 943639 122194 1.5 20 14 10 16 28% 268152 306 11%
c w 140.76 114 16 56 29164  1 943639 122193 1.5 20 14 10 16 28% 268152 306 11%
c x 140.86 114 16 56 29164  1 943639 122193 1.5 20 14 10 16 28% 268150 306 11%
c t 140.86 114 16 56 29164  1 943639 122192 1.5 20 14 10 16 28% 268150 306 11%
c W 142.32 114 16 56 29166  1 946091 123559 1.5 20 14 10 16 28% 268150 306 11%
c - 146.04 145 16 57 29181  1 978327 127052 1.5 21 14 10 16 28% 268150 306 11%
c p 146.06 145 16 57 29181  1 978327 127065 1.5 21 14 10 16 28% 268150 306 11%
c u 146.24 145 16 57 29181  1 978327 127027 1.5 21 14 10 16 28% 268150 306 11%
c v 146.30 145 16 57 29181  1 978327 127012 1.5 21 14 10 16 28% 268150 306 11%
c w 146.33 145 16 57 29181  1 978327 127006 1.5 21 14 10 16 28% 268150 306 11%
c x 146.42 145 16 57 29181  1 978327 127006 1.5 21 14 10 16 28% 268144 306 11%
c t 146.43 145 16 57 29181  1 978327 127005 1.5 21 14 10 16 28% 268144 306 11%
c I 148.12 145 16 57 29187  1 990093 133453 1.5 21 14 10 16 28% 268144 306 11%
c ] 149.33 145 15 57 29191  1 996145 137161 1.5 20 14 10 16 28% 268144 306 11%
c { 149.33 145 15 57 29191  1 996145 137161 1.5 20 13 9 14 28% 268144 306 11%
c 
c  seconds    reductions     conflicts          size   tier2        variables
c           MB      restarts        redundant      glue    trail        remaining
c            level        rate            size/glue  tier1   irredundant
c 
c - 151.83 145 15 58 29939  1 1013647 132393 1.5 19 13 9 14 28% 268144 306 11%
c p 151.86 145 15 58 29939  1 1013647 132406 1.5 19 13 9 14 28% 268144 306 11%
c u 152.55 145 15 58 29939  1 1013647 132373 1.5 19 13 9 14 28% 268144 306 11%
c v 152.59 145 15 58 29939  1 1013647 132347 1.5 19 13 9 14 28% 268144 306 11%
c w 152.62 145 15 58 29939  1 1013647 132345 1.5 19 13 9 14 28% 268144 306 11%
c x 152.70 145 15 58 29939  1 1013647 132344 1.5 19 13 9 14 28% 268138 306 11%
c t 152.70 145 15 58 29939  1 1013647 132343 1.5 19 13 9 14 28% 268138 306 11%
c W 155.83 145 15 58 31474  1 1035096 144639 1.5 19 13 9 14 28% 268138 306 11%
c - 157.82 145 15 59 32324  1 1049600 137930 1.5 19 13 9 14 28% 268138 306 11%
c p 157.84 145 15 59 32324  1 1049600 137943 1.5 19 13 9 14 28% 268138 306 11%
c u 158.01 145 15 59 32324  1 1049600 137913 1.5 19 13 9 14 28% 268138 306 11%
c v 158.08 145 15 59 32324  1 1049600 137879 1.5 19 13 9 14 28% 268138 306 11%
c w 158.12 145 15 59 32324  1 1049600 137878 1.5 19 13 9 14 28% 268138 306 11%
c x 158.23 145 15 59 32324  1 1049600 137877 1.5 19 13 9 14 28% 268133 306 11%
c s 161.68 145 15 59 33838  1 1070761 149133 1.5 19 13 9 14 28% 268031 306 11%
c s 161.86 145 15 59 33838  1 1070761 149114 1.5 19 13 9 14 28% 267903 306 11%
c # 163.25 145 15 59 33895  1 1081099 153874 1.5 19 13 9 14 27% 267903 306 11%
c - 163.96 145 15 60 34492  1 1086185 142246 1.5 19 13 9 14 27% 267903 306 11%
c p 163.99 83 15 60 34492  1 1086185 142259 1.5 19 13 9 14 27% 267903 306 11%
c u 164.16 85 15 60 34492  1 1086185 142217 1.5 19 13 9 14 27% 267903 306 11%
c 
c  seconds   reductions     conflicts          size   tier2        variables
c          MB      restarts        redundant      glue    trail        remaining
c           level        rate            size/glue  tier1   irredundant
c 
c v 164.23 85 15 60 34492  1 1086185 142197 1.5 19 13 9 14 27% 267903 306 11%
c w 164.26 85 15 60 34492  1 1086185 142172 1.5 19 13 9 14 27% 267903 306 11%
c x 164.37 85 15 60 34492  1 1086185 142171 1.5 19 13 9 14 27% 267887 306 11%
c - 170.08 124 14 61 36052  1 1123393 148596 1.5 19 13 9 14 27% 267887 306 11%
c p 170.11 124 14 61 36052  1 1123393 148609 1.5 19 13 9 14 27% 267887 306 11%
c u 170.28 124 14 61 36052  1 1123393 148552 1.5 19 13 9 14 27% 267887 306 11%
c v 170.35 124 14 61 36052  1 1123393 148539 1.5 19 13 9 14 27% 267887 306 11%
c w 170.39 124 14 61 36052  1 1123393 148535 1.5 19 13 9 14 27% 267887 306 11%
c x 170.49 124 14 61 36052  1 1123393 148535 1.5 19 13 9 14 27% 267880 306 11%
c t 170.50 124 14 61 36052  1 1123393 148534 1.5 19 13 9 14 27% 267880 306 11%
c B 171.43 124 14 61 36220  1 1128100 150970 1.5 19 13 9 14 27% 267880 306 11%
c } 174.40 124 14 61 37634  1 1143378 159780 1.5 19 13 9 14 27% 267880 306 11%
c [ 174.40 124 15 61 37634  1 1143378 159780 1.5 20 14 10 16 28% 267880 306 11%
c - 177.30 124 15 62 37637  1 1161230 154274 1.5 20 13 10 16 28% 267880 306 11%
c p 177.33 124 15 62 37637  1 1161230 154288 1.5 20 13 10 16 28% 267880 306 11%
c u 177.52 124 15 62 37637  1 1161230 154253 1.5 20 13 10 16 28% 267879 306 11%
c v 177.61 124 15 62 37637  1 1161230 154242 1.5 20 13 10 16 28% 267879 306 11%
c w 177.65 124 15 62 37637  1 1161230 154239 1.5 20 13 10 16 28% 267879 306 11%
c x 177.78 124 15 62 37637  1 1161230 154238 1.5 20 13 10 16 28% 267864 306 11%
c B 180.39 124 15 62 37640  1 1176101 162364 1.5 20 13 10 16 28% 267864 306 11%
c 
c  seconds   reductions     conflicts          size    tier2        variables
c          MB      restarts        redundant      glue     trail        remaining
c           level        rate            size/glue  tier1    irredundant
c 
c - 184.03 91 14 63 37652  1 1199698 160317 1.5 19 12 10 16 27% 267864 306 11%
c p 184.06 91 14 63 37652  1 1199698 160346 1.5 19 12 10 16 27% 267864 306 11%
c u 184.26 91 14 63 37652  1 1199698 160244 1.5 19 12 10 16 27% 267864 306 11%
c v 184.33 91 14 63 37652  1 1199698 160022 1.5 19 12 10 16 27% 267864 306 11%
c w 184.37 91 14 63 37652  1 1199698 159932 1.5 19 12 10 16 27% 267864 306 11%
c x 184.49 91 14 63 37652  1 1199698 159924 1.5 19 12 10 16 27% 267687 306 11%
c t 184.49 91 14 63 37652  1 1199698 159912 1.5 19 12 10 16 27% 267687 306 11%
c i 185.00 91 14 63 37652  1 1203309 161522 1.5 18 12 10 16 27% 267687 305 11%
c W 190.33 118 14 63 37665  1 1225102 129271 1.5 18 12 10 16 27% 238993 305 11%
c - 192.42 118 13 64 37667  1 1238798 125560 1.5 18 12 10 16 27% 238993 305 11%
c p 192.44 118 13 64 37667  1 1238798 125578 1.5 18 12 10 16 27% 238993 305 11%
c u 192.61 118 13 64 37667  1 1238798 125481 1.5 18 12 10 16 27% 238992 305 11%
c v 192.68 118 13 64 37667  1 1238798 125391 1.5 18 12 10 16 27% 238992 305 11%
c w 192.72 118 13 64 37667  1 1238798 125364 1.5 18 12 10 16 27% 238992 305 11%
c x 192.82 118 13 64 37667  1 1238798 125355 1.5 18 12 10 16 27% 238921 305 11%
c i 196.71 118 13 64 37669  1 1264526 137928 1.5 17 12 9 15 27% 238921 304 11%
c i 197.31 118 13 64 37669  1 1268503 139871 1.5 17 11 9 15 27% 238921 302 11%
c O 198.14 118 13 64 37669  1 1275104 143045 1.5 17 11 9 15 27% 238921 302 11%
c - 198.57 118 13 65 37669  1 1277151 69545 1.5 17 11 9 15 27% 177142 302 11%
c 2 198.57 118 13 65 37669  1 1277151 69545 1.5 17 11 9 15 27% 177139 302 11%
c 
c  seconds    reductions     conflicts         size   tier2        variables
c           MB      restarts        redundant     glue    trail        remaining
c            level        rate           size/glue  tier1   irredundant
c 
c p 198.59 118 13 65 37669  1 1277151 69570 1.5 17 11 9 15 27% 177139 300 11%
c u 198.72 118 13 65 37669  1 1277151 69390 1.5 17 11 9 15 27% 177128 300 11%
c v 198.77 118 13 65 37669  1 1277151 69264 1.5 17 11 9 15 27% 177128 300 11%
c w 198.80 118 13 65 37669  1 1277151 69231 1.5 17 11 9 15 27% 177128 300 11%
c x 198.86 118 13 65 37669  1 1277151 69228 1.5 17 11 9 15 27% 177105 300 11%
c t 198.87 118 13 65 37669  1 1277151 69224 1.5 17 11 9 15 27% 177104 300 11%
c i 199.36 118 13 65 37669  1 1281221 70678 1.5 17 11 9 15 27% 177104 287 10%
c i 199.51 118 13 65 37669  1 1282474 71148 1.5 17 11 9 15 27% 177104 286 10%
c i 199.66 118 12 65 37669  1 1284174 71613 1.5 17 11 9 15 27% 177104 273 10%
c i 199.67 118 12 65 37669  1 1284226 71624 1.5 17 11 9 15 27% 177104 270 10%
c ] 199.67 118 12 65 37669  1 1284266 71630 1.5 17 11 9 15 27% 177104 257  9%
c 0 199.67 118 12 65 37669  1 1284266 71630 1.5 17 11 9 15 27% 177104 257  9%
c 
c --- [ closing proof ] ------------------------------------------------------
c 
c LRAT proof file '/root/earth-moon/lean/data/a4_m09c/leaf1.lrat' closed
c LRAT 1708018 added clauses 49.53%
c LRAT 1740270 deleted clauses 50.47%
c LRAT 358685944 bytes (342.07 MB)
c 
c --- [ result ] -------------------------------------------------------------
c 
s UNSATISFIABLE
c 
c --- [ run-time profiling ] -------------------------------------------------
c 
c process time taken by individual solving procedures
c (percentage relative to process time for solving)
c 
c       182.87   91.67% search
c        90.46   45.35% unstable
c        83.02   41.62% stable
c        16.61    8.33% simplify
c        11.00    5.51% vivify
c         9.31    4.67% walk
c         2.26    1.13% sweep
c         1.08    0.54% subsume
c         0.81    0.41% elim
c         0.52    0.26% probe
c         0.23    0.12% ternary
c         0.20    0.10% congruence
c         0.19    0.09% parse
c         0.07    0.04% lucky
c         0.00    0.00% backbone
c   =================================
c       199.48   99.91% solve
c 
c last line shows process time for solving
c (percentage relative to total process time)
c 
c --- [ statistics ] ---------------------------------------------------------
c 
c chronological:            133461        10.39 %  of conflicts
c conflicts:               1284266      6437.93    per second
c backbone:                 104187      3710.36 %  of vars
c decisions:               1472624      7382.15    per second
c eliminated:                 2205        78.53 %  of all variables
c fixed:                       345        12.29 %  of all variables
c learned:                 1265023        98.50 %  per conflict
c learned_lits:           38159178       100.00 %  learned literals
c minimized:                     0         0.00 %  learned literals
c shrunken:               10721209        28.10 %  learned literals
c minishrunken:            2130560         5.58 %  learned literals
c otfs:                       3688         0.29 %  of conflict
c propagations:           17910360         0.09 M  per second
c reduced:                  537849        41.88 %  per conflict
c rephased:                     50     25685.32    interval
c restarts:                  37669        34.09    interval
c stabilizing:                  10        51.25 %  of conflicts
c substituted:                   1         0.04 %  of all variables
c subsumed:                 528073        34.04 %  of all clauses
c strengthened:              36692         2.37 %  of all clauses
c ticks:               11461674376       648.43    propagation
c vivified:                   4076         0.26 %  of all clauses
c walked:                       15     85617.73    interval
c weakened:                   5463         2.50    average size
c congruence:                   10    128426.60    interval
c 
c seconds are measured in process time for solving
c 
c --- [ glue usage ] ---------------------------------------------------------
c 
c focused glue 9 used 112570 clauses 6.981% accumulated 55.23% tier1
c focused glue 10 used 110184 clauses 6.833% accumulated 62.06%
c focused glue 11-12 used 210544 clauses 13.05% accumulated 75.12%
c focused glue 13 used 93936 clauses 5.826% accumulated 80.95%
c focused glue 14 used 78912 clauses 4.894% accumulated 85.84% tier2
c 
c stable glue 9 used 120781 clauses 6.781% accumulated 54.09% tier1
c stable glue 10 used 110296 clauses 6.192% accumulated 60.28%
c stable glue 11-13 used 297432 clauses 16.69% accumulated 76.98%
c stable glue 14 used 81169 clauses 4.557% accumulated 81.54%
c stable glue 15 used 67460 clauses 3.787% accumulated 85.32% tier2
c 
c 
c --- [ resources ] ----------------------------------------------------------
c 
c total process time since initialization:       199.67    seconds
c total real time since initialization:          199.70    seconds
c maximum resident set size of process:          156.97    MB
c 
c --- [ shutting down ] ------------------------------------------------------
c 
c exit 20
