⚠ [7/14] Replayed Biplanar.Basic
warning: Biplanar/Basic.lean:204:12: unused variable `G`

Note: This linter can be disabled with `set_option linter.unusedVariables false`
✔ [13/14] Built Biplanar.Instances.A4M07S.W4 (795ms)
✔ [14/14] Built Biplanar.Instances.A4M07S.Leaf4 (878ms)
Build completed successfully (14 jobs).
        1.77 real         0.84 user         0.85 sys
          1240678400  maximum resident set size
                   0  average shared memory size
                   0  average unshared data size
                   0  average unshared stack size
              165336  page reclaims
                  19  page faults
                   0  swaps
                   0  block input operations
                   0  block output operations
                   0  messages sent
                   0  messages received
                   0  signals received
                  14  voluntary context switches
                 831  involuntary context switches
           346449352  instructions retired
           137558000  cycles elapsed
            13518976  peak memory footprint
