⚠ [7/11] Replayed Biplanar.Basic
warning: Biplanar/Basic.lean:204:12: unused variable `G`

Note: This linter can be disabled with `set_option linter.unusedVariables false`
✔ [11/11] Built Biplanar.Instances.A4M07S.Cover (813ms)
Build completed successfully (11 jobs).
        0.93 real         0.39 user         0.45 sys
          1225048064  maximum resident set size
                   0  average shared memory size
                   0  average unshared data size
                   0  average unshared stack size
               82440  page reclaims
                 286  page faults
                   0  swaps
                   0  block input operations
                   0  block output operations
                   0  messages sent
                   0  messages received
                   0  signals received
                 249  voluntary context switches
                 374  involuntary context switches
           340444820  instructions retired
           135820484  cycles elapsed
            12617984  peak memory footprint
