⚠ [7/14] Replayed Biplanar.Basic
warning: Biplanar/Basic.lean:204:12: unused variable `G`

Note: This linter can be disabled with `set_option linter.unusedVariables false`
✔ [13/14] Built Biplanar.Instances.A4M07S.W2 (716ms)
✔ [14/14] Built Biplanar.Instances.A4M07S.Leaf2 (888ms)
Build completed successfully (14 jobs).
        1.66 real         0.84 user         0.80 sys
          1241628672  maximum resident set size
                   0  average shared memory size
                   0  average unshared data size
                   0  average unshared stack size
              165357  page reclaims
                  31  page faults
                   0  swaps
                   0  block input operations
                   0  block output operations
                   0  messages sent
                   0  messages received
                   0  signals received
                 102  voluntary context switches
                 595  involuntary context switches
           347263563  instructions retired
           128596031  cycles elapsed
            13240512  peak memory footprint
