c --- [ banner ] -------------------------------------------------------------
c 
c CaDiCaL SAT Solver
c Copyright (c) 2016-2026
c A. Biere, M. Fleury, N. Froleyks, K. Fazekas, F. Pollitt, T. Faller
c JKU Linz, University of Freiburg, TU Wien
c 
c Version 3.0.1
c Apple clang version 16.0.0 (clang-1600.0.26.6) -Wall -Wextra -O3 -DNDEBUG -std=c++11 -DNCLOSEFROM
c Sun Jul 19 15:40:55 UTC 2026 Darwin Sonoma-arm64.local 23.6.0 arm64
c 
c --- [ proof tracing ] ------------------------------------------------------
c 
c opening file to write '/Users/ivanspogreev/earth-moon/lean/data/a4_m07s/leaf9.lrat'
c writing non-binary proof trace to '/Users/ivanspogreev/earth-moon/lean/data/a4_m07s/leaf9.lrat'
c 
c --- [ parsing input ] ------------------------------------------------------
c 
c reading DIMACS file from '/Users/ivanspogreev/earth-moon/lean/data/a4_m07s/leaf9.cnf'
c opening file to read '/Users/ivanspogreev/earth-moon/lean/data/a4_m07s/leaf9.cnf'
c found 'p cnf 3276 355855' header
c parsed 355855 clauses in 0.25 seconds process time
c 
c --- [ options ] ------------------------------------------------------------
c 
c   --binary=false                 (different from default 'true')
c   --lrat=true                    (different from default 'false')
c 
c --- [ solving ] ------------------------------------------------------------
c 
c time measured in process time since initialization
c 
c  seconds  reduction conflicts       size tier2       variables
c         MB    restarts   redundant    glue  trail         remaining
c          level     rate       size/glu tier1  irredundant
c 
c *  0.25  0  0 0   0  0    0    0 0.0 0 0 2 6  0% 355674 3233 99%
c )  0.26  0  0 0   0  0    0    0 0.0 0 0 2 6  0% 355674 3233 99%
c {  0.26  0  0 0   0  0    0    0 0.0 0 0 2 6  0% 355674 3233 99%
c i  0.27  0 1772 0   0 386    5    2 1.8 5 3 2 6 58% 355674 3231 99%
c i  0.27  0 1771 0   0 320    7    3 1.9 3 2 2 6 59% 355674 3230 99%
c i  0.27  0 1748 0   0 280    8    3 2.0 3 2 2 6 58% 355674 3229 99%
c i  0.29  0 251 0  11 21  220   98 1.4 10 7 2 6 27% 355598 3228 99%
c i  0.29  0 250 0  11 20  221   98 1.4 10 7 2 6 26% 355598 3227 99%
c i  0.29  0 247 0  12 20  224   99 1.4 10 7 2 6 26% 355597 3226 98%
c i  0.29  0 217 0  16 18  263  119 1.4 10 8 2 6 24% 355585 3220 98%
c i  0.29  0 214 0  16 18  268  120 1.4 10 8 2 6 24% 355584 3217 98%
c i  0.29  0 209 0  18 18  274  124 1.4 10 8 2 6 24% 355583 3215 98%
c -  0.32  0 196 1  22 17  300   86 1.4 10 8 2 6 24% 355539 3215 98%
c i  0.32  0 194 1  23 17  306   91 1.4 11 8 2 6 24% 355539 3211 98%
c i  0.32  0 185 1  27 17  323   95 1.4 11 8 2 6 23% 355530 3210 98%
c i  0.32  0 183 1  28 17  326   97 1.4 11 8 2 6 23% 355530 3209 98%
c i  0.33  0 171 1  33 16  352  112 1.3 12 9 2 6 22% 355528 3208 98%
c i  0.33  0 166 1  35 16  365  118 1.3 12 9 2 6 22% 355525 3206 98%
c i  0.33  0 166 1  35 16  366  118 1.3 11 9 2 6 22% 355525 3202 98%
c i  0.33  0 164 1  36 16  370  121 1.3 11 9 2 6 22% 355525 3201 98%
c 
c  seconds   reduction conflicts       size  tier2       variables
c         MB     restarts   redundant     glue  trail         remaining
c           level     rate       size/glue tier1  irredundant
c 
c i  0.34  0 156 1  43 16  396  140 1.3 12 9 2 6 21% 355520 3197 98%
c i  0.35  0 152 1  46 15  409  150 1.3 13 10 2 6 21% 355519 3186 97%
c i  0.35  0 151 1  47 16  410  150 1.3 13 10 2 6 21% 355519 3153 96%
c i  0.37  0 127 1  72 15  532  195 1.3 13 10 2 6 19% 355460 3151 96%
c i  0.37  0 126 1  73 15  533  195 1.3 13 10 2 6 19% 355460 3150 96%
c i  0.37  0 126 1  73 15  534  195 1.3 13 10 2 6 19% 355460 3147 96%
c i  0.38  0 111 1  77 12  712  252 1.3 13 10 2 6 20% 355358 3146 96%
c i  0.38  0 111 1  77 12  716  253 1.3 13 10 2 6 20% 355357 3139 96%
c i  0.38  0 110 1  77 12  718  254 1.3 13 10 2 6 20% 355357 3138 96%
c i  0.38  0 110 1  77 12  723  256 1.3 12 10 2 6 20% 355356 3137 96%
c i  0.38  0 110 1  77 12  725  256 1.3 12 10 2 6 20% 355356 3102 95%
c i  0.40  0 104 1  88 11  786  302 1.3 14 11 2 6 19% 355354 3101 95%
c i  0.40  0 103 1  88 11  789  302 1.3 14 11 2 6 19% 355353 3094 94%
c i  0.41  0 95 1 112 11  892  342 1.3 14 11 2 6 19% 355299 3091 94%
c i  0.42  0 91 1 127 11  949  387 1.3 14 11 2 6 19% 355292 3087 94%
c i  0.43  0 91 1 128 11  954  390 1.3 14 11 2 6 19% 355291 3084 94%
c -  0.48  0 89 2 132 11  971  182 1.3 15 11 2 6 19% 355134 3084 94%
c i  0.49  0 87 2 138 11 1006  204 1.3 15 11 2 6 19% 355126 3043 93%
c }  0.49  0 87 2 138 11 1006  204 1.3 15 11 2 6 19% 355126 3043 93%
c [  0.49  0  0 2 138  0 1006  204 0.0 0 0 2 6  0% 355126 3043 93%
c 
c  seconds  reduction conflicts       size tier2       variables
c         MB    restarts   redundant    glue  trail         remaining
c          level     rate       size/glu tier1  irredundant
c 
c O  0.49  0  5 2 138  6 1007  205 3.5 7 2 2 6 24% 355126 3043 93%
c -  0.53  0  9 3 139  1 2181  508 1.5 11 7 2 6 14% 355066 3043 93%
c i  0.53  0  9 3 139  1 2250  517 1.5 11 7 2 6 14% 355066 3036 93%
c I  0.62  0 30 3 139  1 3008 1171 1.7 15 9 2 6 22% 355035 3036 93%
c i  0.63  0 30 3 139  1 3009 1171 1.7 15 9 2 6 22% 355035 3031 93%
c i  0.63  0 30 3 139  1 3010 1171 1.7 15 9 2 6 22% 355035 2987 91%
c 2  0.64  0 30 3 139  1 3082 1225 1.7 16 9 2 6 22% 355034 2980 91%
c p  0.64  0 30 3 139  1 3082 1231 1.7 16 9 2 6 22% 355034 2980 91%
c t  0.71  0 30 3 139  1 3082 1221 1.7 16 9 2 6 22% 354636 2980 91%
c ]  0.74  0 31 3 140  1 3709 1620 1.6 19 12 2 6 23% 354506 2980 91%
c {  0.74  0 87 3 140 11 3709 1620 1.3 15 11 2 6 19% 354506 2980 91%
c -  0.82  0 89 4 167 10 3991  567 1.4 16 12 2 6 20% 354434 2980 91%
c i  0.88  0 82 4 209 10 4156  701 1.4 17 13 2 6 20% 354420 2975 91%
c i  0.93  0 69 4 264  8 4543 1006 1.4 19 13 2 6 19% 354413 2969 91%
c i  0.93  0 69 4 264  8 4548 1009 1.4 19 13 2 6 19% 354412 2967 91%
c i  0.93  0 69 4 264  8 4556 1012 1.4 19 13 2 6 19% 354409 2966 91%
c i  0.93  0 65 4 264  8 4688 1124 1.5 20 13 2 6 19% 354403 2964 90%
c i  0.94  0 65 4 264  8 4704 1132 1.5 20 13 2 6 19% 354400 2963 90%
c i  0.97  0 59 4 342  7 5031 1390 1.5 21 14 12 20 19% 354388 2922 89%
c i  1.04  0 59 4 356  7 5080 1399 1.5 21 15 13 19  6% 354317 2905 89%
c 
c  seconds  reduction conflicts       size    tier2        variables
c         MB    restarts   redundant     glue     trail         remaining
c          level     rate       size/glue  tier1    irredundant
c 
c i  1.04  0 59 4 356  7 5081 1399 1.5 21 15 13 19  6% 354317 2873 88%
c 2  1.09  0 52 4 381  6 5582 1786 1.5 22 14 12 18 11% 354314 2860 87%
c d  1.10  0 52 4 381  6 5582 1769 1.5 22 14 12 18 11% 354238 2859 87%
c d  1.12  0 52 4 381  6 5582 1769 1.5 22 14 12 18 11% 354236 2858 87%
c k  1.12  0 52 4 381  6 5582 1769 1.5 22 14 12 18 11% 354236 2812 86%
c 2  1.12  0 52 4 381  6 5582 1768 1.5 22 14 12 18 11% 354235 2812 86%
c O  1.22  0 49 4 471  6 6009 2101 1.5 22 15 12 18 11% 354210 2812 86%
c -  1.30  0 45 5 493  5 6438 2057 1.5 22 15 12 19 12% 354158 2812 86%
c 2  1.46  0 37 5 568  4 8186 3322 1.5 22 15 12 18 13% 354117 2809 86%
c i  1.62  0 34 5 594  3 9389 4291 1.5 23 15 11 17 14% 354108 2808 86%
c -  1.66  0 34 6 594  3 9545 3914 1.5 23 15 11 17 14% 354102 2808 86%
c }  1.67  0 34 6 594  3 9600 3960 1.5 23 15 11 17 14% 354102 2808 86%
c [  1.67  0 31 6 594  1 9600 3960 1.6 19 12 2 6 26% 354102 2808 86%
c i  1.68  0 31 6 594  1 9709 4048 1.6 19 12 2 6 26% 354101 2807 86%
c B  1.71  0 30 6 594  1 10010 4270 1.6 20 13 2 6 24% 354100 2807 86%
c i  1.71  0 31 6 594  1 10075 4323 1.6 20 13 2 6 24% 354098 2766 84%
c i  1.72  0 31 6 594  1 10110 4342 1.6 20 13 2 6 24% 354096 2765 84%
c 2  1.78  0 30 6 594  1 10884 4899 1.5 22 14 2 6 22% 354074 2764 84%
c -  2.02  0 29 7 596  1 13327 4760 1.4 24 17 13 23 20% 354021 2764 84%
c s  2.06  0 29 7 597  1 13565 4895 1.4 24 17 13 23 20% 353982 2764 84%
c 
c  seconds  reductions conflicts       size    tier2        variables
c         MB    restarts    redundant     glue     trail         remaining
c          level     rate        size/glue  tier1    irredundant
c 
c t  2.07  0 29 7 597  1 13565 4894 1.4 24 17 13 23 20% 353953 2764 84%
c e  2.12  0 29 7 597  1 13565 4503 1.4 24 17 13 23 20% 350171 650 20%
c s  2.13  0 29 7 597  1 13565 4503 1.4 24 17 13 23 20% 350156 650 20%
c 2  2.22  0 29 7 597  1 13669 4560 1.4 24 17 13 23 17% 350156 650 20%
c t  2.23  0 29 7 597  1 13669 4560 1.4 24 17 13 23 17% 350155 650 20%
c W  2.43  0 29 7 597  1 15011 5336 1.4 24 18 13 23 16% 350155 650 20%
c ]  2.52  0 27 7 598  1 16307 6290 1.4 24 18 13 23 16% 350155 650 20%
c {  2.52  0 34 7 598  3 16307 6290 1.5 23 15 11 17 63% 350155 650 20%
c -  2.72  0 31 8 672  3 17799 5095 1.5 23 15 11 17 51% 350155 650 20%
c #  3.06  0 28 8 766  3 21014 7498 1.6 23 15 11 17 38% 350176 650 20%
c -  3.24  0 26 9 767  2 22951 7419 1.5 22 15 12 16 33% 350176 650 20%
c u  3.28  0 26 9 767  2 22951 7368 1.5 22 15 12 16 33% 350176 650 20%
c v  3.29  0 26 9 767  2 22951 7366 1.5 22 15 12 16 33% 350176 650 20%
c w  3.30  0 26 9 767  2 22951 7364 1.5 22 15 12 16 33% 350176 650 20%
c x  3.31  0 26 9 767  2 22951 7364 1.5 22 15 12 16 33% 350175 650 20%
c B  3.64  0 23 9 884  2 28017 10579 1.5 22 14 12 16 27% 350175 650 20%
c -  3.73  0 23 10 918  2 28801 9886 1.5 22 14 12 16 27% 350175 650 20%
c }  3.94  0 22 10 986  2 31510 11901 1.5 22 14 12 16 25% 350175 650 20%
c [  3.94  0 27 10 986  1 31510 11901 1.4 24 18 13 23 16% 350175 650 20%
c -  4.21  0 24 11 987  1 35355 12561 1.4 23 16 13 23 14% 350175 650 20%
c 
c  seconds  reductions  conflicts        size    tier2        variables
c         MB     restarts     redundant     glue     trail        remaining
c          level      rate         size/glue  tier1    irredundant
c 
c O  4.27  0 24 11 988  1 36020 13101 1.4 23 16 13 23 15% 350175 650 20%
c -  4.71  0 23 12 992  1 42615 14259 1.5 24 17 12 21 16% 350175 650 20%
c B  4.94  0 24 12 993  1 45021 16015 1.4 25 17 12 21 16% 350175 650 20%
c ]  5.18  0 24 12 994  1 49262 19176 1.4 25 18 12 21 16% 350175 650 20%
c {  5.18  0 22 12 994  2 49262 19176 1.5 22 14 12 16 25% 350175 650 20%
c s  5.25  0 22 12 1036  2 49869 19630 1.5 22 14 12 16 25% 350169 650 20%
c e  5.29  0 22 12 1036  2 49869 19628 1.5 22 14 12 16 25% 350168 649 20%
c s  5.31  0 22 12 1036  2 49869 19627 1.5 22 14 12 16 25% 350160 649 20%
c -  5.45  0 22 13 1052  2 50584 15680 1.5 22 14 12 16 25% 350160 649 20%
c u  5.50  0 22 13 1052  2 50584 15660 1.5 22 14 12 16 25% 350160 649 20%
c v  5.52  0 22 13 1052  2 50584 15659 1.5 22 14 12 16 25% 350160 649 20%
c w  5.53  0 22 13 1052  2 50584 15657 1.5 22 14 12 16 25% 350160 649 20%
c x  5.55  0 22 13 1052  2 50584 15657 1.5 22 14 12 16 25% 350160 649 20%
c W  6.18  0 21 13 1441  2 55024 18829 1.5 22 14 12 16 23% 350160 649 20%
c -  6.46  0 21 14 1441  2 59266 19259 1.6 22 14 12 16 21% 350160 649 20%
c p  6.47  0 21 14 1441  2 59266 19260 1.6 22 14 12 16 21% 350160 649 20%
c F  7.09  0 20 14 1742  2 66025 23685 1.5 22 14 12 16 20% 350160 649 20%
c -  7.42  0 20 15 1945  2 68665 23266 1.6 22 14 12 16 20% 350160 649 20%
c p  7.42  0 20 15 1945  2 68665 23275 1.6 22 14 12 16 20% 350160 649 20%
c u  7.46  0 20 15 1945  2 68665 23237 1.6 22 14 12 16 20% 350160 649 20%
c 
c  seconds  reductions   conflicts        size    tier2        variables
c         MB     restarts      redundant     glue     trail        remaining
c          level       rate         size/glue  tier1    irredundant
c 
c v  7.47  0 20 15 1945  2 68665 23236 1.6 22 14 12 16 20% 350160 649 20%
c x  7.49  0 20 15 1945  2 68665 23236 1.6 22 14 12 16 20% 350160 649 20%
c }  7.87  0 19 15 1991  2 74163 27213 1.6 22 14 10 15 19% 350160 649 20%
c [  7.87  0 24 15 1991  1 74163 27213 1.4 25 18 12 21 16% 350160 649 20%
c W  8.29  0 23 15 1991  1 78026 29760 1.5 25 17 12 21 16% 350160 649 20%
c -  8.38  0 22 16 1991  1 78781 22586 1.5 25 17 12 21 16% 350160 649 20%
c p  8.39  0 22 16 1991  1 78781 22593 1.5 25 17 12 21 16% 350160 649 20%
c -  9.09  0 21 17 1998  1 89617 23410 1.4 24 16 12 21 15% 350160 649 20%
c p  9.10  0 21 17 1998  1 89617 23419 1.4 24 16 12 21 15% 350160 649 20%
c I  9.33  0 21 17 1998  1 91027 24316 1.4 24 16 12 21 15% 350160 649 20%
c -  9.97  0 21 18 2004  1 101174 24592 1.5 24 16 12 21 16% 350160 649 20%
c p  9.98  0 21 18 2004  1 101174 24599 1.5 24 16 12 21 16% 350160 649 20%
c u 10.02  0 21 18 2004  1 101174 24575 1.5 24 16 12 21 16% 350160 649 20%
c v 10.04  0 21 18 2004  1 101174 24574 1.5 24 16 12 21 16% 350160 649 20%
c w 10.05  0 21 18 2004  1 101174 24574 1.5 24 16 12 21 16% 350160 649 20%
c x 10.07  0 21 18 2004  1 101174 24574 1.5 24 16 12 21 16% 350159 649 20%
c ] 10.29  0 21 18 2005  1 103981 26457 1.5 24 16 12 21 16% 350159 649 20%
c { 10.29  0 19 18 2005  2 103981 26457 1.6 22 14 10 15 19% 350159 649 20%
c s 10.34  0 19 18 2051  2 104323 26703 1.6 22 14 10 15 19% 350134 649 20%
c s 10.40  0 19 18 2051  2 104323 26694 1.6 22 14 10 15 19% 350064 649 20%
c 
c  seconds  reductions   conflicts         size    tier2        variables
c         MB     restarts       redundant     glue     trail        remaining
c          level       rate          size/glue  tier1    irredundant
c 
c B 10.50  0 19 18 2116  2 105031 27252 1.6 22 14 10 15 19% 350064 649 20%
c - 11.31  0 19 19 2907  1 113454 26027 1.5 21 14 10 15 18% 350064 649 20%
c p 11.32  0 19 19 2907  1 113454 26036 1.5 21 14 10 15 18% 350064 649 20%
c W 12.22  0 19 19 3169  1 120032 30178 1.5 21 14 10 15 17% 350064 649 20%
c - 12.82  0 18 20 3303  1 126456 29241 1.5 21 14 10 15 17% 350064 649 20%
c p 12.83  0 18 20 3303  1 126456 29255 1.5 21 14 10 15 17% 350064 649 20%
c u 12.89  0 18 20 3303  1 126456 29189 1.5 21 14 10 15 17% 350064 649 20%
c v 12.91  0 18 20 3303  1 126456 29186 1.5 21 14 10 15 17% 350064 649 20%
c w 12.92  0 18 20 3303  1 126456 29186 1.5 21 14 10 15 17% 350064 649 20%
c x 12.94  0 18 20 3303  1 126456 29186 1.5 21 14 10 15 17% 350063 649 20%
c # 13.77  0 18 20 3670  1 136035 34849 1.5 21 14 10 15 16% 350063 649 20%
c } 14.06  0 18 20 3693  1 139516 37019 1.5 21 14 10 15 16% 350063 649 20%
c [ 14.06  0 21 20 3693  1 139516 37019 1.5 24 16 12 21 16% 350063 649 20%
c - 14.13  0 21 21 3693  1 140183 32500 1.5 24 16 12 21 16% 350063 649 20%
c p 14.14  0 21 21 3693  1 140183 32512 1.5 24 16 12 21 16% 350063 649 20%
c B 15.03  0 19 21 3695  1 153038 40430 1.5 23 15 12 21 15% 350063 649 20%
c - 15.15  0 19 22 3695  1 154636 36160 1.5 22 15 12 21 15% 350063 649 20%
c p 15.16  0 19 22 3695  1 154636 36166 1.5 22 15 12 21 15% 350063 649 20%
c u 15.22  0 19 22 3695  1 154636 36143 1.5 22 15 12 21 15% 350063 649 20%
c v 15.23  0 19 22 3695  1 154636 36133 1.5 22 15 12 21 15% 350063 649 20%
c 
c  seconds  reductions   conflicts         size    tier2        variables
c         MB     restarts       redundant     glue     trail        remaining
c          level       rate          size/glue  tier1    irredundant
c 
c w 15.24  0 19 22 3695  1 154636 36133 1.5 22 15 12 21 15% 350063 649 20%
c x 15.26  0 19 22 3695  1 154636 36132 1.5 22 15 12 21 15% 350059 649 20%
c - 16.19  0 19 23 3698  1 169814 39244 1.5 23 15 12 21 15% 350059 649 20%
c p 16.20  0 19 23 3698  1 169814 39252 1.5 23 15 12 21 15% 350059 649 20%
c W 16.85  0 19 23 3699  1 171041 40077 1.5 23 15 12 21 15% 350059 649 20%
c s 17.34  0 19 23 3702  1 176929 43953 1.5 23 15 12 21 15% 350029 649 20%
c s 17.42  0 19 23 3702  1 176929 43949 1.5 23 15 12 21 15% 349956 649 20%
c ] 17.82  0 19 23 3705  1 181286 47041 1.5 23 15 12 21 15% 349956 649 20%
c { 17.82  0 18 23 3705  1 181286 47041 1.5 21 14 10 15 16% 349956 649 20%
c - 18.30  0 18 24 3940  1 185721 42775 1.5 21 14 10 15 16% 349956 649 20%
c p 18.31  0 18 24 3940  1 185721 42780 1.5 21 14 10 15 16% 349956 649 20%
c u 18.36  0 18 24 3940  1 185721 42730 1.5 21 14 10 15 16% 349956 649 20%
c v 18.38  0 18 24 3940  1 185721 42727 1.5 21 14 10 15 16% 349956 649 20%
c w 18.39  0 18 24 3940  1 185721 42726 1.5 21 14 10 15 16% 349956 649 20%
c x 18.41  0 18 24 3940  1 185721 42726 1.5 21 14 10 15 16% 349955 649 20%
c B 18.78  0 17 24 3940  1 190044 45548 1.5 20 14 10 15 15% 349955 649 20%
c - 19.97  0 17 25 4960  1 202354 46396 1.5 20 14 10 15 15% 349955 649 20%
c p 19.98  0 17 25 4960  1 202354 46402 1.5 20 14 10 15 15% 349955 649 20%
c W 20.91  0 17 25 5228  1 210045 51951 1.5 21 14 10 15 15% 349955 649 20%
c - 21.94  0 17 26 5840  1 219716 51029 1.5 21 14 10 15 15% 349955 649 20%
c 
c  seconds  reductions   conflicts         size    tier2        variables
c         MB     restarts       redundant     glue     trail        remaining
c          level       rate          size/glue  tier1    irredundant
c 
c p 21.95  0 17 26 5840  1 219716 51034 1.5 21 14 10 15 15% 349955 649 20%
c u 22.01  0 17 26 5840  1 219716 50983 1.5 21 14 10 15 15% 349955 649 20%
c v 22.04  0 17 26 5840  1 219716 50978 1.5 21 14 10 15 15% 349955 649 20%
c w 22.06  0 17 26 5840  1 219716 50977 1.5 21 14 10 15 15% 349955 649 20%
c F 23.01  0 17 26 5922  1 231046 58317 1.5 20 13 10 15 15% 349955 649 20%
c } 23.12  0 17 26 5933  1 232201 59035 1.5 20 13 10 15 15% 349955 649 20%
c [ 23.12  0 19 26 5933  1 232201 59035 1.5 23 15 12 21 15% 349955 649 20%
c - 23.59  0 19 27 5936  1 237810 55887 1.5 23 15 12 21 15% 349955 649 20%
c p 23.60  0 19 27 5936  1 237810 55892 1.5 23 15 12 21 15% 349955 649 20%
c O 24.66  0 18 27 5941  1 253047 66096 1.6 23 15 12 21 15% 349955 649 20%
c - 24.98  0 18 28 5943  1 256633 60867 1.6 23 15 12 21 15% 349955 649 20%
c p 24.99  0 18 28 5943  1 256633 60871 1.6 23 15 12 21 15% 349955 649 20%
c u 25.07  0 18 28 5943  1 256633 60844 1.6 23 15 12 21 15% 349955 649 20%
c v 25.11  0 18 28 5943  1 256633 60841 1.6 23 15 12 21 15% 349955 649 20%
c w 25.13  0 18 28 5943  1 256633 60841 1.6 23 15 12 21 15% 349955 649 20%
c s 25.96  0 18 28 5949  1 267677 68545 1.6 23 15 10 16 15% 349738 649 20%
c s 26.04  0 18 28 5949  1 267677 68545 1.6 23 15 10 16 15% 349597 649 20%
c B 26.66  0 18 28 5953  1 276048 74206 1.6 23 15 10 16 15% 349597 649 20%
c - 26.71  0 18 29 5953  1 276187 65571 1.6 23 15 10 16 15% 349597 649 20%
c p 26.73  0 18 29 5953  1 276187 65575 1.6 23 15 10 16 15% 349597 649 20%
c 
c  seconds  reductions   conflicts         size    tier2        variables
c         MB     restarts       redundant     glue     trail        remaining
c          level       rate          size/glue  tier1    irredundant
c 
c ] 27.63  0 18 29 5954  1 291417 75992 1.6 23 15 10 16 15% 349597 649 20%
c { 27.63  0 17 29 5954  1 291417 75992 1.5 20 13 10 15 15% 349597 649 20%
c - 28.24  0 17 30 6519  1 296466 69220 1.5 20 13 10 15 15% 349597 649 20%
c p 28.25  0 17 30 6519  1 296466 69225 1.5 20 13 10 15 15% 349597 649 20%
c u 28.56  0 17 30 6519  1 296466 69157 1.5 20 13 10 15 15% 349597 649 20%
c v 28.59  0 17 30 6519  1 296466 69156 1.5 20 13 10 15 15% 349597 649 20%
c w 28.60  0 17 30 6519  1 296466 69155 1.5 20 13 10 15 15% 349597 649 20%
c x 28.64  0 17 30 6519  1 296466 69155 1.5 20 13 10 15 15% 349595 649 20%
c B 29.04  0 17 30 6795  1 300050 71322 1.5 20 13 10 15 15% 349595 649 20%
c - 31.12  0 17 31 8565  1 317478 72859 1.5 21 14 10 15 15% 349595 649 20%
c p 31.14  0 17 31 8565  1 317478 72864 1.5 21 14 10 15 15% 349595 649 20%
c u 31.21  0 17 31 8565  1 317478 72850 1.5 21 14 10 15 15% 349595 649 20%
c v 31.23  0 17 31 8565  1 317478 72841 1.5 21 14 10 15 15% 349595 649 20%
c w 31.25  0 17 31 8565  1 317478 72840 1.5 21 14 10 15 15% 349595 649 20%
c W 32.82  0 17 31 8997  1 325057 78028 1.5 21 14 10 15 15% 349595 649 20%
c - 34.15  0 17 32 9211  1 339222 65642 1.5 20 13 9 14 15% 349595 649 20%
c p 34.17  0 17 32 9211  1 339222 65647 1.5 20 13 9 14 15% 349595 649 20%
c u 34.23  0 17 32 9211  1 339222 65632 1.5 20 13 9 14 15% 349595 649 20%
c v 34.26  0 17 32 9211  1 339222 65630 1.5 20 13 9 14 15% 349595 649 20%
c w 34.27  0 17 32 9211  1 339222 65630 1.5 20 13 9 14 15% 349595 649 20%
c 
c  seconds  reductions   conflicts         size   tier2        variables
c         MB     restarts       redundant     glue    trail        remaining
c          level       rate          size/glue  tier1   irredundant
c 
c # 35.43  0 16 32 9740  1 351058 73027 1.5 20 13 9 14 15% 349595 649 20%
c } 35.79  0 16 32 9756  1 354753 75297 1.5 20 13 9 14 14% 349595 649 20%
c [ 35.79  0 18 32 9756  1 354753 75297 1.6 23 15 10 16 15% 349595 649 20%
c - 36.43  0 18 33 9756  1 361700 67702 1.6 23 14 10 16 15% 349595 649 20%
c p 36.45  0 18 33 9756  1 361700 67707 1.6 23 14 10 16 15% 349595 649 20%
c u 36.50  0 18 33 9756  1 361700 67693 1.6 23 14 10 16 15% 349595 649 20%
c v 36.52  0 18 33 9756  1 361700 67688 1.6 23 14 10 16 15% 349595 649 20%
c w 36.53  0 18 33 9756  1 361700 67687 1.6 23 14 10 16 15% 349595 649 20%
c s 37.91  0 17 33 9757  1 376560 75807 1.6 22 14 10 16 15% 349534 649 20%
c s 38.00  0 17 33 9757  1 376560 75800 1.6 22 14 10 16 15% 349475 649 20%
c W 38.62  0 17 33 9757  1 378059 76616 1.6 22 14 10 16 15% 349475 649 20%
c - 39.20  0 17 34 9757  1 384910 70603 1.5 22 14 10 16 15% 349475 649 20%
c p 39.21  0 17 34 9757  1 384910 70608 1.5 22 14 10 16 15% 349475 649 20%
c u 39.28  0 17 34 9757  1 384910 70566 1.5 22 14 10 16 15% 349475 649 20%
c v 39.31  0 17 34 9757  1 384910 70559 1.5 22 14 10 16 15% 349475 649 20%
c w 39.32  0 17 34 9757  1 384910 70559 1.5 22 14 10 16 15% 349475 649 20%
c I 40.70  0 17 34 9764  1 406063 84444 1.5 22 14 10 16 15% 349475 649 20%
c - 40.98  0 17 35 9764  1 408848 74292 1.5 22 14 10 16 15% 349475 649 20%
c p 41.00  0 17 35 9764  1 408848 74297 1.5 22 14 10 16 15% 349475 649 20%
c u 41.06  0 17 35 9764  1 408848 74283 1.5 22 14 10 16 15% 349475 649 20%
c 
c  seconds  reductions   conflicts         size    tier2        variables
c         MB     restarts       redundant     glue     trail        remaining
c          level       rate          size/glue  tier1    irredundant
c 
c v 41.08  0 17 35 9764  1 408848 74279 1.5 22 14 10 16 15% 349475 649 20%
c w 41.09  0 17 35 9764  1 408848 74276 1.5 22 14 10 16 15% 349475 649 20%
c ] 42.50  0 17 35 9772  1 422985 84063 1.5 22 14 10 16 14% 349475 649 20%
c { 42.50  0 16 35 9772  1 422985 84063 1.5 20 13 9 14 14% 349475 649 20%
c - 43.71  0 16 36 10288  1 433519 79267 1.5 20 13 9 14 14% 349475 649 20%
c p 43.73  0 16 36 10288  1 433519 79271 1.5 20 13 9 14 14% 349475 649 20%
c u 43.80  0 16 36 10288  1 433519 79245 1.5 20 13 9 14 14% 349475 649 20%
c v 43.83  0 16 36 10288  1 433519 79244 1.5 20 13 9 14 14% 349475 649 20%
c w 43.84  0 16 36 10288  1 433519 79243 1.5 20 13 9 14 14% 349475 649 20%
c B 44.02  0 16 36 10296  1 435067 80129 1.5 20 13 9 14 14% 349475 649 20%
c - 46.48  0 16 37 11613  1 458925 83701 1.5 20 13 9 14 14% 349475 649 20%
c p 46.50  0 16 37 11613  1 458925 83705 1.5 20 13 9 14 14% 349475 649 20%
c u 46.56  0 16 37 11613  1 458925 83689 1.5 20 13 9 14 14% 349475 649 20%
c v 46.58  0 16 37 11613  1 458925 83687 1.5 20 13 9 14 14% 349475 649 20%
c w 46.60  0 16 37 11613  1 458925 83687 1.5 20 13 9 14 14% 349475 649 20%
c x 46.63  0 16 37 11613  1 458925 83687 1.5 20 13 9 14 14% 349471 649 20%
c W 47.97  0 16 37 12194  1 465071 87364 1.5 20 13 9 14 14% 349471 649 20%
c - 49.34  0 15 38 12310  1 485064 88495 1.5 19 13 9 14 14% 349471 649 20%
c p 49.35  0 15 38 12310  1 485064 88499 1.5 19 13 9 14 14% 349471 649 20%
c u 49.77  0 15 38 12310  1 485064 88473 1.5 19 13 9 14 14% 349471 649 20%
c 
c  seconds  reductions    conflicts         size   tier2        variables
c         MB      restarts       redundant     glue    trail        remaining
c          level        rate          size/glue  tier1   irredundant
c 
c v 49.80  0 15 38 12310  1 485064 88468 1.5 19 13 9 14 14% 349471 649 20%
c w 49.81  0 15 38 12310  1 485064 88465 1.5 19 13 9 14 14% 349471 649 20%
c F 50.87  0 15 38 12362  1 496073 94424 1.5 19 13 9 14 14% 349471 649 20%
c s 51.72  0 15 38 12943  1 503579 99178 1.5 19 13 9 14 14% 349347 649 20%
c s 51.82  0 15 38 12943  1 503579 99164 1.5 19 13 9 14 14% 349235 649 20%
c } 52.15  0 15 38 13100  1 506170 100858 1.5 19 13 9 14 14% 349235 649 20%
c [ 52.15  0 17 38 13100  1 506170 100858 1.5 22 14 10 16 14% 349235 649 20%
c - 52.69  0 17 39 13100  1 511938 93946 1.5 21 14 10 16 14% 349235 649 20%
c p 52.71  0 17 39 13100  1 511938 93947 1.5 21 14 10 16 14% 349235 649 20%
c u 52.77  0 17 39 13100  1 511938 93904 1.5 21 14 10 16 14% 349235 649 20%
c v 52.80  0 17 39 13100  1 511938 93902 1.5 21 14 10 16 14% 349235 649 20%
c w 52.81  0 17 39 13100  1 511938 93902 1.5 21 14 10 16 14% 349235 649 20%
c x 52.84  0 17 39 13100  1 511938 93902 1.5 21 14 10 16 14% 349234 649 20%
c B 54.01  0 17 39 13109  1 528075 103837 1.5 21 14 10 16 15% 349234 649 20%
c - 54.93  0 17 40 13115  1 539543 98414 1.5 21 14 10 15 15% 349234 649 20%
c p 54.94  0 17 40 13115  1 539543 98418 1.5 21 14 10 15 15% 349234 649 20%
c u 54.99  0 17 40 13115  1 539543 98366 1.5 21 14 10 15 15% 349234 649 20%
c v 55.01  0 17 40 13115  1 539543 98364 1.5 21 14 10 15 15% 349234 649 20%
c w 55.02  0 17 40 13115  1 539543 98364 1.5 21 14 10 15 15% 349234 649 20%
c x 55.04  0 17 40 13115  1 539543 98363 1.5 21 14 10 15 15% 349234 649 20%
c 
c  seconds  reductions    conflicts          size    tier2        variables
c         MB      restarts       redundant      glue     trail        remaining
c          level        rate           size/glue  tier1    irredundant
c 
c W 57.48  0 17 40 13116  1 561077 112482 1.5 21 14 10 15 15% 349234 649 20%
c - 58.07  0 17 41 13120  1 567879 103845 1.5 21 14 10 15 15% 349234 649 20%
c p 58.09  0 17 41 13120  1 567879 103848 1.5 21 14 10 15 15% 349234 649 20%
c u 58.16  0 17 41 13120  1 567879 103841 1.5 21 14 10 15 15% 349234 649 20%
c v 58.18  0 17 41 13120  1 567879 103837 1.5 21 14 10 15 15% 349234 649 20%
c w 58.19  0 17 41 13120  1 567879 103836 1.5 21 14 10 15 15% 349234 649 20%
c x 58.22  0 17 41 13120  1 567879 103836 1.5 21 14 10 15 15% 349233 649 20%
c O 59.99  0 17 41 13131  1 595079 121349 1.6 22 14 9 15 15% 349233 649 20%
c - 60.23  0 17 42 13131  1 596950 107841 1.6 22 14 9 15 15% 349233 649 20%
c p 60.24  0 17 42 13131  1 596950 107844 1.6 22 14 9 15 15% 349233 649 20%
c u 60.31  0 17 42 13131  1 596950 107827 1.6 22 14 9 15 15% 349233 649 20%
c v 60.33  0 17 42 13131  1 596950 107824 1.6 22 14 9 15 15% 349233 649 20%
c w 60.34  0 17 42 13131  1 596950 107824 1.6 22 14 9 15 15% 349233 649 20%
c x 60.37  0 17 42 13131  1 596950 107823 1.6 22 14 9 15 15% 349229 649 20%
c ] 60.82  0 17 42 13135  1 601721 110723 1.6 22 14 9 15 15% 349229 649 20%
c { 60.82  0 15 42 13135  1 601721 110723 1.5 19 13 9 14 14% 349229 649 20%
c - 63.22  0 15 43 14096  1 626755 111396 1.5 19 13 9 14 14% 349229 649 20%
c p 63.24  0 15 43 14096  1 626755 111399 1.5 19 13 9 14 14% 349229 649 20%
c u 63.31  0 15 43 14096  1 626755 111374 1.5 19 13 9 14 14% 349229 649 20%
c v 63.34  0 15 43 14096  1 626755 111370 1.5 19 13 9 14 14% 349229 649 20%
c 
c  seconds  reductions    conflicts          size   tier2        variables
c         MB      restarts       redundant      glue    trail        remaining
c          level        rate           size/glue  tier1   irredundant
c 
c w 63.36  0 15 43 14096  1 626755 111369 1.5 19 13 9 14 14% 349229 649 20%
c x 63.40  0 15 43 14096  1 626755 111369 1.5 19 13 9 14 14% 349222 649 20%
c B 63.91  0 15 43 14390  1 630081 113403 1.5 19 13 9 14 14% 349222 649 20%
c s 66.14  0 15 43 15380  1 648728 123952 1.5 19 12 9 14 14% 349092 649 20%
c s 66.25  0 15 43 15380  1 648728 123926 1.5 19 12 9 14 14% 348891 649 20%
c - 67.31  0 15 44 16209  1 657294 116877 1.5 19 13 9 14 14% 348891 649 20%
c p 67.32  0 15 44 16209  1 657294 116880 1.5 19 13 9 14 14% 348891 649 20%
c u 67.40  0 15 44 16209  1 657294 116852 1.5 19 13 9 14 14% 348891 649 20%
c v 67.44  0 15 44 16209  1 657294 116847 1.5 19 13 9 14 14% 348891 649 20%
c w 67.45  0 15 44 16209  1 657294 116846 1.5 19 13 9 14 14% 348891 649 20%
c x 67.49  0 15 44 16209  1 657294 116846 1.5 19 13 9 14 14% 348884 649 20%
c W 69.35  0 15 44 17253  1 666083 121821 1.5 19 13 9 14 14% 348884 649 20%
c - 71.71  0 15 45 18582  1 688562 122282 1.5 19 13 9 14 14% 348884 649 20%
c p 71.74  0 15 45 18582  1 688562 122285 1.5 19 13 9 14 14% 348884 649 20%
c u 71.82  0 15 45 18582  1 688562 122272 1.5 19 13 9 14 14% 348884 649 20%
c v 71.86  0 15 45 18582  1 688562 122270 1.5 19 13 9 14 14% 348884 649 20%
c w 71.87  0 15 45 18582  1 688562 122269 1.5 19 13 9 14 14% 348884 649 20%
c x 71.92  0 15 45 18582  1 688562 122268 1.5 19 13 9 14 14% 348881 649 20%
c } 73.12  0 15 45 18727  1 699635 127831 1.5 19 12 9 14 14% 348881 649 20%
c [ 73.12  0 17 45 18727  1 699635 127831 1.6 22 14 9 15 15% 348881 649 20%
c 
c  seconds  reductions    conflicts          size   tier2        variables
c         MB      restarts       redundant      glue    trail        remaining
c          level        rate           size/glue  tier1   irredundant
c 
c B 73.45  0 17 45 18729  1 703085 130036 1.6 22 14 9 15 15% 348881 649 20%
c - 75.13  0 16 46 18738  1 720564 128056 1.6 22 14 9 15 15% 348881 649 20%
c p 75.15  0 16 46 18738  1 720564 128059 1.6 22 14 9 15 15% 348881 649 20%
c u 75.23  0 16 46 18738  1 720564 128033 1.6 22 14 9 15 15% 348881 649 20%
c v 75.26  0 16 46 18738  1 720564 128030 1.6 22 14 9 15 15% 348881 649 20%
c w 75.28  0 16 46 18738  1 720564 128030 1.6 22 14 9 15 15% 348881 649 20%
c x 75.32  0 16 46 18738  1 720564 128029 1.6 22 14 9 15 15% 348876 649 20%
c W 77.80  0 16 46 18739  1 741087 140995 1.6 22 14 9 15 15% 348876 649 20%
c - 78.91  0 16 47 18740  1 753302 134278 1.6 22 14 9 15 15% 348876 649 20%
c p 78.93  0 16 47 18740  1 753302 134281 1.6 22 14 9 15 15% 348876 649 20%
c u 79.47  0 16 47 18740  1 753302 134271 1.6 22 14 9 15 15% 348876 649 20%
c v 79.50  0 16 47 18740  1 753302 134269 1.6 22 14 9 15 15% 348876 649 20%
c w 79.52  0 16 47 18740  1 753302 134269 1.6 22 14 9 15 15% 348876 649 20%
c x 79.55  0 16 47 18740  1 753302 134269 1.6 22 14 9 15 15% 348873 649 20%
c I 81.91  0 16 47 18741  1 780090 151321 1.6 21 13 9 15 15% 348873 649 20%
c - 82.56  0 16 48 18741  1 786775 141156 1.6 21 14 9 15 15% 348873 649 20%
c p 82.58  0 16 48 18741  1 786775 141159 1.6 21 14 9 15 15% 348873 649 20%
c u 82.66  0 16 48 18741  1 786775 141123 1.6 21 14 9 15 15% 348873 649 20%
c v 82.70  0 16 48 18741  1 786775 141122 1.6 21 14 9 15 15% 348873 649 20%
c w 82.72  0 16 48 18741  1 786775 141121 1.6 21 14 9 15 15% 348873 649 20%
c 
c  seconds  reductions    conflicts          size   tier2        variables
c         MB      restarts       redundant      glue    trail        remaining
c          level        rate           size/glue  tier1   irredundant
c 
c x 82.77  0 16 48 18741  1 786775 141121 1.6 21 14 9 15 15% 348871 649 20%
c ] 84.34  0 16 48 18741  1 804785 152429 1.6 22 14 9 15 15% 348871 649 20%
c { 84.34  0 15 48 18741  1 804785 152429 1.5 19 12 9 14 14% 348871 649 20%
c s 85.32  0 15 48 19377  1 811996 156378 1.5 19 12 9 14 14% 348696 649 20%
c s 85.44  0 15 48 19377  1 811996 156357 1.5 19 12 9 14 14% 348507 649 20%
c # 86.42  0 15 48 20223  1 820091 161414 1.5 19 13 9 14 14% 348506 649 20%
c - 86.66  0 15 49 20374  1 820984 144568 1.5 19 13 9 14 14% 348506 649 20%
c p 86.68  0 15 49 20374  1 820984 144571 1.5 19 13 9 14 14% 348506 649 20%
c u 86.78  0 15 49 20374  1 820984 144509 1.5 19 13 9 14 14% 348506 649 20%
c v 86.82  0 15 49 20374  1 820984 144503 1.5 19 13 9 14 14% 348506 649 20%
c w 86.84  0 15 49 20374  1 820984 144502 1.5 19 13 9 14 14% 348506 649 20%
c x 86.89  0 15 49 20374  1 820984 144502 1.5 19 13 9 14 14% 348503 649 20%
c - 91.25  0 14 50 21561  1 855918 149870 1.5 18 12 9 14 14% 348503 649 20%
c p 91.27  0 14 50 21561  1 855918 149875 1.5 18 12 9 14 14% 348503 649 20%
c u 91.35  0 14 50 21561  1 855918 149843 1.5 18 12 9 14 14% 348503 649 20%
c v 91.39  0 14 50 21561  1 855918 149834 1.5 18 12 9 14 14% 348503 649 20%
c w 91.40  0 14 50 21561  1 855918 149834 1.5 18 12 9 14 14% 348503 649 20%
c x 91.45  0 14 50 21561  1 855918 149833 1.5 18 12 9 14 14% 348502 649 20%
c B 92.15  0 14 50 22318  1 861092 152997 1.5 19 12 8 13 14% 348502 649 20%
c - 95.59  0 15 51 25096  1 891586 130190 1.5 19 12 8 13 14% 348502 649 20%
c 
c  seconds  reductions    conflicts          size   tier2        variables
c         MB      restarts       redundant      glue    trail        remaining
c          level        rate           size/glue  tier1   irredundant
c 
c p 95.61  0 15 51 25096  1 891586 130193 1.5 19 12 8 13 14% 348502 649 20%
c u 95.71  0 15 51 25096  1 891586 130153 1.5 19 12 8 13 14% 348502 649 20%
c v 95.76  0 15 51 25096  1 891586 130147 1.5 19 12 8 13 14% 348502 649 20%
c w 95.78  0 15 51 25096  1 891586 130146 1.5 19 12 8 13 14% 348502 649 20%
c x 95.82  0 15 51 25096  1 891586 130145 1.5 19 12 8 13 14% 348501 649 20%
c W 98.37  0 15 51 25674  1 903093 136934 1.5 19 12 8 13 14% 348501 649 20%
c } 100.06  0 15 51 26532  1 915486 144340 1.5 19 12 8 13 14% 348501 649 20%
c [ 100.06  0 16 51 26532  1 915486 144340 1.6 22 14 9 15 15% 348501 649 20%
c - 101.39  0 16 52 26532  1 927992 128104 1.6 21 14 9 15 15% 348501 649 20%
c p 101.41  0 16 52 26532  1 927992 128107 1.6 21 14 9 15 15% 348501 649 20%
c u 101.50  0 16 52 26532  1 927992 128059 1.6 21 14 9 15 15% 348501 649 20%
c v 101.53  0 16 52 26532  1 927992 128047 1.6 21 14 9 15 15% 348501 649 20%
c w 101.55  0 16 52 26532  1 927992 128046 1.6 21 14 9 15 15% 348501 649 20%
c x 101.60  0 16 52 26532  1 927992 128046 1.6 21 14 9 15 15% 348493 649 20%
c B 103.18  0 16 52 26532  1 946099 138913 1.6 21 14 9 15 15% 348493 649 20%
c - 104.95  0 16 53 26539  1 965132 130751 1.6 21 13 9 15 15% 348493 649 20%
c p 104.96  0 16 53 26539  1 965132 130754 1.6 21 13 9 15 15% 348493 649 20%
c u 105.05  0 16 53 26539  1 965132 130728 1.6 21 13 9 15 15% 348493 649 20%
c v 105.09  0 16 53 26539  1 965132 130725 1.6 21 13 9 15 15% 348493 649 20%
c w 105.11  0 16 53 26539  1 965132 130724 1.6 21 13 9 15 15% 348493 649 20%
c 
c  seconds   reductions    conflicts          size   tier2        variables
c          MB      restarts       redundant      glue    trail        remaining
c           level        rate           size/glue  tier1   irredundant
c 
c x 105.16  0 16 53 26539  1 965132 130724 1.6 21 13 9 15 15% 348490 649 20%
c W 108.38  0 16 53 26549  1 990100 145463 1.6 21 13 9 15 15% 348490 649 20%
c s 108.79  0 16 53 26551  1 993373 147339 1.6 21 13 9 15 15% 348165 649 20%
c s 108.91  0 16 53 26551  1 993373 147321 1.6 21 13 9 15 15% 348005 649 20%
c - 109.95  0 16 54 26556  1 1003009 133778 1.6 21 13 9 15 15% 348005 649 20%
c p 109.97  0 16 54 26556  1 1003009 133781 1.6 21 13 9 15 15% 348005 649 20%
c u 110.06  0 16 54 26556  1 1003009 133760 1.6 21 13 9 15 15% 348005 649 20%
c v 110.09  0 16 54 26556  1 1003009 133748 1.6 21 13 9 15 15% 348005 649 20%
c w 110.11  0 16 54 26556  1 1003009 133745 1.6 21 13 9 15 15% 348005 649 20%
c x 110.15  0 16 54 26556  1 1003009 133745 1.6 21 13 9 15 15% 348002 649 20%
c O 113.61  0 15 54 26563  1 1035102 150491 1.5 20 13 9 15 14% 348002 649 20%
c ] 113.92  0 15 54 26564  1 1038739 152446 1.5 20 13 9 15 14% 348002 649 20%
c { 113.92  0 15 54 26564  1 1038739 152446 1.5 19 12 8 13 14% 348002 649 20%
c - 114.25  0 15 55 26564  1 1041605 137811 1.5 19 12 8 13 14% 348002 649 20%
c p 114.27  0 15 55 26564  1 1041605 137814 1.5 19 12 8 13 14% 348002 649 20%
c u 114.35  0 15 55 26564  1 1041605 137788 1.5 19 12 8 13 14% 348002 649 20%
c v 114.39  0 15 55 26564  1 1041605 137782 1.5 19 12 8 13 14% 348002 649 20%
c w 114.41  0 15 55 26564  1 1041605 137780 1.5 19 12 8 13 14% 348002 649 20%
c x 114.46  0 15 55 26564  1 1041605 137779 1.5 19 12 8 13 14% 347993 649 20%
c - 118.60  0 14 56 27644  1 1080938 144246 1.5 18 12 8 13 14% 347993 649 20%
c 
c  seconds   reductions     conflicts          size   tier2        variables
c          MB      restarts        redundant      glue    trail        remaining
c           level        rate            size/glue  tier1   irredundant
c 
c p 118.62  0 14 56 27644  1 1080938 144249 1.5 18 12 8 13 14% 347993 649 20%
c u 118.72  0 14 56 27644  1 1080938 144212 1.5 18 12 8 13 14% 347993 649 20%
c v 118.76  0 14 56 27644  1 1080938 144202 1.5 18 12 8 13 14% 347993 649 20%
c w 118.77  0 14 56 27644  1 1080938 144198 1.5 18 12 8 13 14% 347993 649 20%
c x 118.83  0 14 56 27644  1 1080938 144198 1.5 18 12 8 13 14% 347971 649 20%
c F 118.88  0 14 56 27670  1 1081103 144286 1.5 18 12 8 13 14% 347971 649 20%
c - 123.90  0 14 57 30741  1 1121006 149833 1.5 18 12 8 13 14% 347971 649 20%
c p 123.92  0 14 57 30741  1 1121006 149836 1.5 18 12 8 13 14% 347971 649 20%
c u 124.68  0 14 57 30741  1 1121006 149809 1.5 18 12 8 13 14% 347971 649 20%
c v 124.72  0 14 57 30741  1 1121006 149796 1.5 18 12 8 13 14% 347971 649 20%
c w 124.74  0 14 57 30741  1 1121006 149792 1.5 18 12 8 13 14% 347971 649 20%
c x 124.80  0 14 57 30741  1 1121006 149791 1.5 18 12 8 13 14% 347948 649 20%
c B 125.53  0 14 57 30874  1 1128106 153919 1.5 18 12 8 13 14% 347948 649 20%
c - 129.84  0 14 58 32756  1 1161812 156864 1.5 18 12 8 13 14% 347948 649 20%
c p 129.87  0 14 58 32756  1 1161812 156867 1.5 18 12 8 13 14% 347948 649 20%
c u 130.00  0 14 58 32756  1 1161812 156836 1.5 18 12 8 13 14% 347948 649 20%
c v 130.05  0 14 58 32756  1 1161812 156815 1.5 18 12 8 13 14% 347948 649 20%
c w 130.09  0 14 58 32756  1 1161812 156814 1.5 18 12 8 13 14% 347948 649 20%
c x 130.18  0 14 58 32756  1 1161812 156808 1.5 18 12 8 13 14% 347945 649 20%
c } 131.36  0 14 58 33442  1 1169751 161336 1.5 18 12 8 13 14% 347945 649 20%
c 
c  seconds   reductions     conflicts          size   tier2        variables
c          MB      restarts        redundant      glue    trail        remaining
c           level        rate            size/glue  tier1   irredundant
c 
c [ 131.36  0 15 58 33442  1 1169751 161336 1.5 20 13 9 15 14% 347945 649 20%
c B 132.08  0 15 58 33447  1 1176111 164603 1.5 20 13 9 15 14% 347945 649 20%
c s 133.95  0 15 58 33455  1 1192841 174650 1.6 20 13 8 14 14% 347693 649 20%
c s 134.09  0 15 58 33455  1 1192841 174616 1.6 20 13 8 14 14% 347287 649 20%
c - 135.34  0 15 59 33457  1 1203349 162703 1.6 20 13 8 14 14% 347287 649 20%
c p 135.36  0 15 59 33457  1 1203349 162705 1.6 20 13 8 14 14% 347287 649 20%
c u 135.49  0 15 59 33457  1 1203349 162669 1.6 20 13 8 14 14% 347287 649 20%
c v 135.54  0 15 59 33457  1 1203349 162660 1.6 20 13 8 14 14% 347287 649 20%
c w 135.56  0 15 59 33457  1 1203349 162659 1.6 20 13 8 14 14% 347287 649 20%
c x 135.64  0 15 59 33457  1 1203349 162659 1.6 20 13 8 14 14% 347279 649 20%
c W 139.68  0 15 59 33470  1 1225112 175129 1.5 20 13 8 14 14% 347279 649 20%
c - 141.95  0 15 60 33472  1 1245603 167154 1.6 20 13 8 14 14% 347279 649 20%
c p 141.98  0 15 60 33472  1 1245603 167156 1.6 20 13 8 14 14% 347279 649 20%
c u 142.09  0 15 60 33472  1 1245603 167100 1.6 20 13 8 14 14% 347279 649 20%
c v 142.14  0 15 60 33472  1 1245603 167080 1.6 20 13 8 14 14% 347279 649 20%
c w 142.17  0 15 60 33472  1 1245603 167078 1.6 20 13 8 14 14% 347279 649 20%
c x 142.25  0 15 60 33472  1 1245603 167078 1.6 20 13 8 14 14% 347274 649 20%
c I 146.02  0 14 60 33473  1 1275113 185679 1.6 20 12 8 14 14% 347274 649 20%
c - 147.81  0 14 61 33476  1 1288590 175829 1.6 19 12 8 14 14% 347274 649 20%
c p 147.84  0 14 61 33476  1 1288590 175831 1.6 19 12 8 14 14% 347274 649 20%
c 
c  seconds   reductions     conflicts          size   tier2        variables
c          MB      restarts        redundant      glue    trail        remaining
c           level        rate            size/glue  tier1   irredundant
c 
c u 147.95  0 14 61 33476  1 1288590 175727 1.6 19 12 8 14 14% 347274 649 20%
c v 148.00  0 14 61 33476  1 1288590 175707 1.6 19 12 8 14 14% 347274 649 20%
c w 148.03  0 14 61 33476  1 1288590 175701 1.6 19 12 8 14 14% 347274 649 20%
c x 148.11  0 14 61 33476  1 1288590 175701 1.6 19 12 8 14 14% 347269 649 20%
c ] 150.42  0 14 61 33486  1 1305605 184739 1.6 19 12 8 14 14% 347269 649 20%
c { 150.42  0 14 61 33486  1 1305605 184739 1.5 18 12 8 13 14% 347269 649 20%
c W 154.56  0 14 61 34816  1 1326115 195689 1.5 18 12 8 13 14% 347269 649 20%
c - 155.39  0 14 62 34852  1 1332313 183070 1.5 18 12 8 13 14% 347269 649 20%
c p 155.41  0 14 62 34852  1 1332313 183076 1.5 18 12 8 13 14% 347269 649 20%
c u 155.55  0 14 62 34852  1 1332313 183037 1.5 18 12 8 13 14% 347269 649 20%
c v 155.61  0 14 62 34852  1 1332313 183017 1.5 18 12 8 13 14% 347269 649 20%
c w 155.63  0 14 62 34852  1 1332313 183010 1.5 18 12 8 13 14% 347269 649 20%
c x 155.70  0 14 62 34852  1 1332313 183008 1.5 18 12 8 13 14% 347266 649 20%
c - 163.09  0 13 63 36151  1 1376771 189108 1.5 17 11 8 13 13% 347266 649 20%
c p 163.12  0 13 63 36151  1 1376771 189114 1.5 17 11 8 13 13% 347266 649 20%
c u 163.27  0 13 63 36151  1 1376771 189059 1.5 17 11 8 13 13% 347266 649 20%
c v 163.34  0 13 63 36151  1 1376771 189037 1.5 17 11 8 13 13% 347266 649 20%
c w 163.37  0 13 63 36151  1 1376771 189033 1.5 17 11 8 13 13% 347266 649 20%
c x 163.46  0 13 63 36151  1 1376771 189030 1.5 17 11 8 13 13% 347248 649 20%
c # 163.76  0 13 63 36151  1 1378117 189597 1.5 17 11 8 13 13% 347248 649 20%
c 
c  seconds   reductions     conflicts          size   tier2        variables
c          MB      restarts        redundant      glue    trail        remaining
c           level        rate            size/glue  tier1   irredundant
c 
c i 166.73  0 12 63 36538  1 1398972 199431 1.5 17 11 7 12 13% 347248 647 20%
c i 167.55  0 12 63 36541  1 1403947 201564 1.5 16 11 7 12 13% 347248 646 20%
c s 168.71  0 12 63 36608  1 1410370 205207 1.6 16 10 7 12 13% 346246 646 20%
c e 168.76  0 12 63 36608  1 1410370 204779 1.6 16 10 7 12 13% 259412 637 19%
c s 168.85  0 12 63 36608  1 1410370 204733 1.6 16 10 7 12 13% 258503 637 19%
c i 169.76  0 12 63 36647  1 1416195 207167 1.6 16 10 7 12 13% 258503 636 19%
c i 169.83  0 12 63 36647  1 1416567 207255 1.6 16 10 7 12 13% 258503 634 19%
c i 170.32  0 12 63 36660  1 1420252 208797 1.6 16 10 7 12 13% 258503 631 19%
c i 170.47  0 12 63 36661  1 1421219 209100 1.6 16 10 7 12 13% 258503 630 19%
c i 170.47  0 12 63 36661  1 1421223 209102 1.6 16 10 7 12 13% 258503 628 19%
c - 170.72  0 12 64 36661  1 1421965 42744 1.6 16 10 7 12 13% 158218 628 19%
c 2 170.72  0 12 64 36661  1 1421965 42740 1.6 16 10 7 12 13% 158216 628 19%
c p 170.73  0 12 64 36661  1 1421965 42790 1.6 16 10 7 12 13% 158216 626 19%
c u 170.81  0 12 64 36661  1 1421965 42442 1.6 16 10 7 12 13% 158211 623 19%
c v 170.84  0 12 64 36661  1 1421965 41886 1.6 16 10 7 12 13% 158211 623 19%
c w 170.86  0 12 64 36661  1 1421965 41058 1.6 16 10 7 12 13% 158211 623 19%
c x 170.92  0 12 64 36661  1 1421965 41026 1.6 16 10 7 12 13% 154433 617 19%
c t 170.92  0 12 64 36661  1 1421965 41025 1.6 16 10 7 12 13% 154077 617 19%
c i 170.92  0 12 64 36661  1 1421973 41029 1.6 16 10 7 12 13% 154077 616 19%
c i 170.94  0 12 64 36661  1 1422277 41126 1.6 16 10 7 12 13% 154077 590 18%
c 
c  seconds   reductions     conflicts         size   tier2        variables
c          MB      restarts        redundant     glue    trail        remaining
c           level        rate           size/glue  tier1   irredundant
c 
c i 170.94  0 12 64 36661  1 1422285 41127 1.6 16 10 7 12 13% 154077 582 18%
c i 170.94  0 12 64 36661  1 1422286 41127 1.6 16 10 7 12 13% 154077 579 18%
c } 170.94  0 12 64 36661  1 1422293 41130 1.6 16 10 7 12 13% 154077 557 17%
c 0 170.94  0 12 64 36661  1 1422293 41130 1.6 16 10 7 12 13% 154077 557 17%
c 
c --- [ closing proof ] ------------------------------------------------------
c 
c LRAT proof file '/Users/ivanspogreev/earth-moon/lean/data/a4_m07s/leaf9.lrat' closed
c LRAT 1851784 added clauses 47.93%
c LRAT 2011419 deleted clauses 52.07%
c LRAT 365619530 bytes (348.68 MB)
c 
c --- [ result ] -------------------------------------------------------------
c 
s UNSATISFIABLE
c 
c --- [ run-time profiling ] -------------------------------------------------
c 
c process time taken by individual solving procedures
c (percentage relative to process time for solving)
c 
c       157.89   92.50% search
c        85.59   50.14% unstable
c        61.89   36.26% stable
c        12.80    7.50% simplify
c        10.40    6.09% walk
c         7.13    4.18% vivify
c         2.20    1.29% sweep
c         1.07    0.63% subsume
c         1.02    0.60% elim
c         0.55    0.32% probe
c         0.25    0.14% parse
c         0.19    0.11% ternary
c         0.11    0.07% congruence
c         0.02    0.01% lucky
c         0.00    0.00% backbone
c   =================================
c       170.69   99.86% solve
c 
c last line shows process time for solving
c (percentage relative to total process time)
c 
c --- [ statistics ] ---------------------------------------------------------
c 
c chronological:            157905        11.10 %  of conflicts
c conflicts:               1422293      8332.54    per second
c backbone:                 174396      5323.44 %  of vars
c decisions:               1626720      9530.18    per second
c eliminated:                 2068        63.13 %  of all variables
c fixed:                       649        19.81 %  of all variables
c learned:                 1397260        98.24 %  per conflict
c learned_lits:           38926851       100.00 %  learned literals
c minimized:                     0         0.00 %  learned literals
c shrunken:                9339600        23.99 %  learned literals
c minishrunken:            2175872         5.59 %  learned literals
c otfs:                       7458         0.52 %  of conflict
c propagations:           20644901         0.12 M  per second
c reduced:                  656760        46.18 %  per conflict
c rephased:                     52     27351.79    interval
c restarts:                  36661        38.80    interval
c stabilizing:                  11        48.09 %  of conflicts
c substituted:                   2         0.06 %  of all variables
c subsumed:                 552813        31.44 %  of all clauses
c strengthened:              48926         2.78 %  of all clauses
c ticks:               15248028510       749.79    propagation
c vivified:                   7108         0.40 %  of all clauses
c walked:                       16     88893.31    interval
c weakened:                   4985         2.52    average size
c congruence:                   10    142229.30    interval
c 
c seconds are measured in process time for solving
c 
c --- [ glue usage ] ---------------------------------------------------------
c 
c focused glue 7 used 158917 clauses 7.454% accumulated 53.02% tier1
c focused glue 8 used 153521 clauses 7.201% accumulated 60.23%
c focused glue 9-10 used 271253 clauses 12.72% accumulated 72.95%
c focused glue 11 used 123493 clauses 5.793% accumulated 78.74%
c focused glue 12 used 110949 clauses 5.204% accumulated 83.95% tier2
c 
c stable glue 8 used 135992 clauses 6.526% accumulated 53.94% tier1
c stable glue 9 used 121801 clauses 5.845% accumulated 59.79%
c stable glue 10-12 used 355772 clauses 17.07% accumulated 76.86%
c stable glue 13 used 105581 clauses 5.067% accumulated 81.93%
c stable glue 14 used 91007 clauses 4.367% accumulated 86.30% tier2
c 
c 
c --- [ resources ] ----------------------------------------------------------
c 
c total process time since initialization:       170.94    seconds
c total real time since initialization:          171.57    seconds
c maximum resident set size of process:         1030.66    MB
c 
c --- [ shutting down ] ------------------------------------------------------
c 
c exit 20
