c --- [ banner ] -------------------------------------------------------------
c 
c CaDiCaL SAT Solver
c Copyright (c) 2016-2026
c A. Biere, M. Fleury, N. Froleyks, K. Fazekas, F. Pollitt, T. Faller
c JKU Linz, University of Freiburg, TU Wien
c 
c Version 3.0.1
c Apple clang version 16.0.0 (clang-1600.0.26.6) -Wall -Wextra -O3 -DNDEBUG -std=c++11 -DNCLOSEFROM
c Sun Jul 19 15:40:55 UTC 2026 Darwin Sonoma-arm64.local 23.6.0 arm64
c 
c --- [ proof tracing ] ------------------------------------------------------
c 
c opening file to write '/Users/ivanspogreev/earth-moon/lean/data/a4_m07s/leaf15.lrat'
c writing non-binary proof trace to '/Users/ivanspogreev/earth-moon/lean/data/a4_m07s/leaf15.lrat'
c 
c --- [ parsing input ] ------------------------------------------------------
c 
c reading DIMACS file from '/Users/ivanspogreev/earth-moon/lean/data/a4_m07s/leaf15.cnf'
c opening file to read '/Users/ivanspogreev/earth-moon/lean/data/a4_m07s/leaf15.cnf'
c found 'p cnf 3276 348899' header
c parsed 348899 clauses in 0.22 seconds process time
c 
c --- [ options ] ------------------------------------------------------------
c 
c   --binary=false                 (different from default 'true')
c   --lrat=true                    (different from default 'false')
c 
c --- [ solving ] ------------------------------------------------------------
c 
c time measured in process time since initialization
c 
c  seconds  reduction conflicts       size tier2       variables
c         MB    restarts   redundant    glue  trail         remaining
c          level     rate       size/glu tier1  irredundant
c 
c *  0.22  0  0 0   0  0    0    0 0.0 0 0 2 6  0% 348718 3233 99%
c )  0.24  0  0 0   0  0    0    0 0.0 0 0 2 6  0% 348718 3233 99%
c {  0.25  0  0 0   0  0    0    0 0.0 0 0 2 6  0% 348718 3233 99%
c -  0.34  0 554 1   5 10  304   87 1.8 17 9 2 6 32% 348589 3233 99%
c i  0.35  0 444 1  14 10  384  116 1.7 17 10 2 6 29% 348544 3232 99%
c i  0.35  0 443 1  14 10  385  116 1.7 17 10 2 6 29% 348544 3231 99%
c i  0.35  0 418 1  14  9  413  127 1.7 16 9 2 6 28% 348534 3220 98%
c i  0.35  0 417 1  14  9  414  127 1.7 16 9 2 6 28% 348534 3218 98%
c i  0.35  0 415 1  14  9  416  127 1.7 16 9 2 6 28% 348534 3210 98%
c i  0.36  0 380 1  17  9  456  155 1.6 16 10 2 6 27% 348526 3205 98%
c i  0.36  0 364 1  17  8  477  166 1.6 16 10 2 6 26% 348520 3176 97%
c i  0.38  0 269 1  46  9  686  267 1.5 15 10 2 6 23% 348449 3174 97%
c i  0.38  0 269 1  46  9  687  267 1.5 15 10 2 6 23% 348449 3173 97%
c i  0.38  0 268 1  46  9  689  267 1.5 15 10 2 6 23% 348448 3170 97%
c i  0.38  0 267 1  46  9  691  268 1.5 15 10 2 6 23% 348448 3169 97%
c i  0.38  0 267 1  46  9  692  268 1.5 15 10 2 6 23% 348448 3167 97%
c i  0.38  0 265 1  46  8  696  271 1.5 15 10 2 6 23% 348448 3162 97%
c i  0.39  0 251 1  51  8  733  299 1.5 16 10 2 6 22% 348448 3161 96%
c i  0.40  0 239 1  61  8  777  332 1.5 16 11 2 6 21% 348443 3160 96%
c i  0.40  0 238 1  61  8  778  332 1.5 16 11 2 6 21% 348443 3155 96%
c 
c  seconds   reduction conflicts       size   tier2       variables
c         MB     restarts   redundant     glue   trail         remaining
c           level     rate       size/glue  tier1  irredundant
c 
c i  0.40  0 237 1  62  8  781  334 1.5 16 11 2 6 21% 348443 3112 95%
c i  0.40  0 223 1  66  8  840  369 1.5 15 10 2 6 21% 348425 3111 95%
c i  0.40  0 207 1  66  7  912  399 1.5 15 10 2 6 21% 348398 3109 95%
c i  0.40  0 204 1  66  7  926  400 1.5 15 10 2 6 21% 348387 3105 95%
c i  0.41  0 195 1  66  7  973  428 1.5 15 10 2 6 21% 348381 3104 95%
c -  0.46  0 195 2  66  7  974  225 1.5 15 10 2 6 21% 348231 3104 95%
c i  0.46  0 191 2  66  7 1004  236 1.5 15 10 2 6 21% 348219 3102 95%
c }  0.46  0 191 2  66  7 1004  236 1.5 15 10 2 6 21% 348219 3102 95%
c [  0.46  0  0 2  66  0 1004  236 0.0 0 0 2 6  0% 348219 3102 95%
c O  0.47  0  5 2  66  6 1005  237 1.7 5 3 2 6 23% 348219 3102 95%
c i  0.47  0  6 2  66  1 1288  355 1.7 8 5 2 6 16% 348193 3091 94%
c -  0.60  0 26 3  67  1 2176  500 2.3 21 10 2 6 31% 347945 3091 94%
c ]  0.60  0 26 3  67  1 2182  506 2.2 21 10 2 6 31% 347945 3091 94%
c {  0.60  0 191 3  67  7 2182  506 1.5 15 10 2 6 21% 347945 3091 94%
c i  0.60  0 190 3  67  7 2184  506 1.5 15 10 2 6 21% 347944 3090 94%
c i  0.60  0 190 3  67  7 2188  507 1.5 15 10 2 6 21% 347943 3089 94%
c i  0.61  0 184 3  74  7 2227  528 1.5 15 10 2 6 21% 347936 3088 94%
c i  0.61  0 183 3  74  7 2230  529 1.5 15 10 2 6 21% 347936 3087 94%
c i  0.62  0 179 3  82  7 2322  569 1.5 15 10 2 6 22% 347898 3084 94%
c i  0.62  0 178 3  85  7 2333  576 1.5 15 10 2 6 22% 347895 3083 94%
c 
c  seconds   reduction conflicts       size   tier2       variables
c         MB     restarts   redundant     glue   trail         remaining
c           level     rate       size/glue  tier1  irredundant
c 
c i  0.62  0 177 3  88  7 2340  580 1.5 15 10 2 6 22% 347893 3082 94%
c i  0.62  0 176 3  88  7 2341  580 1.5 15 10 2 6 22% 347893 3081 94%
c i  0.62  0 176 3  88  7 2342  580 1.5 15 10 2 6 22% 347893 3040 93%
c i  0.63  0 175 3  90  7 2348  583 1.5 15 10 2 6 22% 347891 3039 93%
c i  0.64  0 171 3  90  7 2382  605 1.5 15 10 2 6 22% 347887 3038 93%
c i  0.65  0 161 3 103  7 2455  656 1.5 15 10 2 6 21% 347884 3036 93%
c i  0.66  0 158 3 110  7 2484  667 1.5 15 10 2 6 21% 347869 2993 91%
c i  0.73  0 125 3 216  6 2897  980 1.4 18 13 2 6 20% 347851 2992 91%
c i  0.73  0 124 3 217  6 2899  981 1.4 18 13 2 6 20% 347851 2991 91%
c i  0.73  0 124 3 219  6 2905  985 1.4 18 13 2 6 20% 347850 2989 91%
c i  0.74  0 119 3 229  6 2984 1040 1.4 18 13 2 6 20% 347846 2947 90%
c O  0.78  0 118 3 229  6 3007 1025 1.4 18 13 2 6  3% 347688 2947 90%
c 2  0.80  0 114 3 229  6 3071 1055 1.4 18 13 2 6  4% 347688 2929 89%
c d  0.81  0 114 3 229  6 3071 1053 1.4 18 13 2 6  4% 347653 2927 89%
c p  0.82  0 114 3 229  6 3071 1053 1.4 18 13 2 6  4% 347653 2926 89%
c t  0.89  0 114 3 229  6 3071 1049 1.4 18 13 2 6  4% 347681 2918 89%
c i  1.02  0 87 3 388  5 3932 1658 1.4 20 14 2 6 10% 347620 2915 89%
c -  1.06  0 86 4 388  5 3973  737 1.4 20 14 2 6 10% 347609 2915 89%
c i  1.10  0 73 4 388  4 4679 1275 1.6 22 14 2 6 12% 347565 2914 89%
c i  1.13  0 68 4 410  4 5058 1560 1.6 22 14 10 17 12% 347547 2912 89%
c 
c  seconds  reduction conflicts       size    tier2        variables
c         MB    restarts   redundant     glue     trail         remaining
c          level     rate       size/glue  tier1    irredundant
c 
c i  1.16  0 66 4 428  4 5207 1677 1.6 22 14 10 17 12% 347540 2911 89%
c i  1.17  0 65 4 454  4 5356 1771 1.6 23 14 10 17 12% 347502 2910 89%
c i  1.17  0 65 4 454  4 5391 1784 1.6 23 14 10 17 13% 347490 2908 89%
c i  1.17  0 65 4 455  4 5409 1792 1.6 23 14 10 17 13% 347483 2907 89%
c i  1.17  0 65 4 463  4 5444 1815 1.6 23 14 10 17 13% 347477 2863 87%
c i  1.17  0 64 4 463  4 5455 1816 1.6 23 14 10 17 13% 347469 2861 87%
c i  1.17  0 64 4 463  4 5460 1817 1.6 23 14 10 17 13% 347468 2848 87%
c 2  1.20  0 63 4 472  4 5572 1906 1.6 22 14 10 18 13% 347465 2843 87%
c #  1.26  0 59 4 472  4 6009 2176 1.6 22 14 10 18 13% 347465 2843 87%
c }  1.28  0 57 4 472  4 6122 2242 1.6 22 14 10 17 12% 347465 2843 87%
c [  1.28  0 26 4 472  1 6122 2242 2.2 21 10 2 6 34% 347465 2843 87%
c i  1.30  0 26 4 472  1 6366 2404 2.1 21 10 2 6 31% 347461 2799 85%
c -  1.33  0 26 5 472  1 6400 2230 2.1 22 10 2 6 31% 347331 2799 85%
c i  1.45  0 26 5 473  1 8108 3412 1.6 25 16 10 19 23% 347285 2755 84%
c 2  1.45  0 26 5 473  1 8175 3468 1.5 25 16 10 19 22% 347285 2747 84%
c =  1.52  0 26 5 473  1 8175 3468 1.5 25 16 10 19 22% 347227 2746 84%
c -  1.65  0 26 6 474  1 9482 3383 1.4 25 17 13 23 21% 347219 2746 84%
c I  1.69  0 26 6 474  1 10010 3779 1.4 26 18 13 23 20% 347213 2746 84%
c 2  1.78  0 25 6 475  1 10875 4391 1.4 25 17 13 23 19% 347213 2741 84%
c ]  1.90  0 25 6 476  1 11414 4782 1.4 24 17 13 23 19% 347205 2741 84%
c 
c  seconds  reductions conflicts       size    tier2        variables
c         MB    restarts    redundant     glue     trail         remaining
c          level     rate        size/glue  tier1    irredundant
c 
c {  1.90  0 57 6 476  4 11414 4782 1.6 22 14 10 17 12% 347205 2741 84%
c i  2.07  0 51 6 620  3 12424 5476 1.5 22 14 10 17 13% 347201 2739 84%
c -  2.21  0 47 7 649  3 13231 4659 1.5 21 14 10 17 13% 347194 2739 84%
c s  2.26  0 46 7 649  3 13507 4766 1.5 21 14 10 17 13% 347141 2739 84%
c t  2.27  0 46 7 649  3 13507 4765 1.5 21 14 10 17 13% 347109 2739 84%
c e  2.32  0 46 7 649  3 13507 4400 1.5 21 14 10 17 13% 343368 651 20%
c s  2.33  0 46 7 649  3 13507 4400 1.5 21 14 10 17 13% 343344 651 20%
c B  2.54  0 40 7 704  3 15011 5245 1.5 20 14 10 17 13% 343344 651 20%
c -  2.75  0 33 8 743  2 17661 6148 1.5 20 13 10 17 15% 343344 651 20%
c u  2.86  0 33 8 743  2 17661 6104 1.5 20 13 10 17 15% 343361 651 20%
c v  2.87  0 33 8 743  2 17661 6101 1.5 20 13 10 17 15% 343361 651 20%
c w  2.87  0 33 8 743  2 17661 6099 1.5 20 13 10 17 15% 343361 651 20%
c x  2.88  0 33 8 743  2 17661 6099 1.5 20 13 10 17 15% 343360 651 20%
c W  3.28  0 28 8 810  2 21013 8436 1.6 19 12 10 17 16% 343360 651 20%
c }  3.36  0 28 8 990  2 21747 9013 1.6 20 13 9 14 16% 343360 651 20%
c [  3.36  0 25 8 990  1 21747 9013 1.4 24 17 13 23 84% 343360 651 20%
c -  3.43  0 24 9 990  1 22762 7180 1.4 24 17 13 23 75% 343360 651 20%
c B  3.66  0 23 9 992  1 28015 11340 1.5 26 18 13 23 51% 343360 651 20%
c -  3.73  0 24 10 992  1 28554 7834 1.5 26 18 13 23 49% 343360 651 20%
c -  4.11  0 24 11 997  1 35041 8230 1.5 27 18 13 23 39% 343360 651 20%
c 
c  seconds  reductions  conflicts       size    tier2        variables
c         MB     restarts    redundant     glue     trail        remaining
c          level      rate        size/glue  tier1    irredundant
c 
c W  4.34  0 24 11 997  1 36017 8970 1.5 27 18 13 23 38% 343360 651 20%
c ]  4.49  0 23 11 998  1 37921 10371 1.5 26 18 12 20 35% 343360 651 20%
c {  4.49  0 28 11 998  2 37921 10371 1.6 20 13 9 14 16% 343360 651 20%
c -  4.99  0 26 12 1406  2 42228 10141 1.6 20 13 9 14 16% 343360 651 20%
c p  5.00  0 26 12 1406  2 42228 10143 1.6 20 13 9 14 16% 343360 651 20%
c u  5.05  0 26 12 1406  2 42228 10101 1.6 20 13 9 14 16% 343361 651 20%
c v  5.06  0 26 12 1406  2 42228 10100 1.6 20 13 9 14 16% 343361 651 20%
c w  5.07  0 26 12 1406  2 42228 10099 1.6 20 13 9 14 16% 343361 651 20%
c x  5.09  0 26 12 1406  2 42228 10099 1.6 20 13 9 14 16% 343361 651 20%
c F  5.39  0 25 12 1718  2 45020 12001 1.6 20 13 9 14 16% 343361 651 20%
c s  5.81  0 23 12 2125  2 49679 14945 1.5 20 13 9 14 15% 343312 651 20%
c e  5.86  0 23 12 2125  2 49679 14940 1.5 20 13 9 14 15% 343307 648 20%
c s  5.87  0 23 12 2125  2 49679 14936 1.5 20 13 9 14 15% 343280 648 20%
c -  5.97  0 23 13 2192  2 50118 12313 1.5 20 13 9 14 15% 343280 648 20%
c p  5.98  0 23 13 2192  2 50118 12322 1.5 20 13 9 14 15% 343280 648 20%
c B  6.49  0 22 13 2715  2 55022 15422 1.5 20 14 9 14 15% 343280 648 20%
c }  6.53  0 22 13 2738  2 55525 15834 1.5 20 14 9 14 15% 343280 648 20%
c [  6.53  0 23 13 2738  1 55525 15834 1.5 26 18 12 20 35% 343280 648 20%
c -  6.72  0 23 14 2739  1 58711 13394 1.4 26 18 12 20 33% 343280 648 20%
c p  6.72  0 23 14 2739  1 58711 13400 1.4 26 18 12 20 33% 343280 648 20%
c 
c  seconds  reductions   conflicts        size    tier2        variables
c         MB     restarts      redundant     glue     trail        remaining
c          level       rate         size/glue  tier1    irredundant
c 
c O  7.10  0 22 14 2739  1 66025 18504 1.5 25 17 12 20 29% 343280 648 20%
c -  7.26  0 22 15 2741  1 68013 14031 1.5 25 17 12 20 28% 343280 648 20%
c u  7.40  0 22 15 2741  1 68013 13994 1.5 25 17 12 20 28% 343280 648 20%
c v  7.42  0 22 15 2741  1 68013 13992 1.5 25 17 12 20 28% 343280 648 20%
c w  7.43  0 22 15 2741  1 68013 13992 1.5 25 17 12 20 28% 343280 648 20%
c x  7.45  0 22 15 2741  1 68013 13992 1.5 25 17 12 20 28% 343279 648 20%
c -  8.03  0 20 16 2746  1 78023 16567 1.5 24 16 12 19 25% 343279 648 20%
c B  8.05  0 20 16 2746  1 78026 16570 1.5 24 16 12 19 25% 343279 648 20%
c ]  8.36  0 20 16 2749  1 82732 19857 1.5 24 16 12 19 24% 343279 648 20%
c {  8.36  0 22 16 2749  2 82732 19857 1.5 20 14 9 14 15% 343279 648 20%
c -  8.86  0 21 17 3187  2 88747 19212 1.5 21 14 9 14 15% 343279 648 20%
c p  8.87  0 21 17 3187  2 88747 19220 1.5 21 14 9 14 15% 343279 648 20%
c W  9.32  0 21 17 3187  2 91027 20837 1.6 21 13 9 14 15% 343279 648 20%
c -  9.98  0 19 18 3278  2 100182 21752 1.6 20 13 9 14 15% 343279 648 20%
c p  9.98  0 19 18 3278  2 100182 21755 1.6 20 13 9 14 15% 343279 648 20%
c u 10.03  0 19 18 3278  2 100182 21737 1.6 20 13 9 14 15% 343279 648 20%
c v 10.05  0 19 18 3278  2 100182 21733 1.6 20 13 9 14 15% 343279 648 20%
c w 10.07  0 19 18 3278  2 100182 21732 1.6 20 13 9 14 15% 343279 648 20%
c x 10.09  0 19 18 3278  2 100182 21732 1.6 20 13 9 14 15% 343278 648 20%
c s 10.40  0 19 18 3659  2 103977 24321 1.6 20 13 9 14 15% 343242 648 20%
c 
c  seconds  reductions   conflicts         size   tier2        variables
c         MB     restarts       redundant     glue    trail        remaining
c          level       rate          size/glue  tier1   irredundant
c 
c s 10.47  0 19 18 3659  2 103977 24318 1.6 20 13 9 14 15% 343188 648 20%
c # 10.57  0 19 18 3666  2 105028 25008 1.6 20 13 9 14 15% 343188 648 20%
c - 11.22  0 19 19 4305  2 112333 24749 1.6 21 13 9 14 15% 343188 648 20%
c p 11.23  0 19 19 4305  2 112333 24757 1.6 21 13 9 14 15% 343188 648 20%
c } 11.61  0 18 19 4554  2 117337 28143 1.6 21 13 9 14 15% 343188 648 20%
c [ 11.61  0 20 19 4554  1 117337 28143 1.5 24 16 12 19 24% 343188 648 20%
c W 11.95  0 21 19 4557  1 120029 30141 1.5 25 17 12 19 23% 343188 648 20%
c - 12.31  0 20 20 4558  1 125199 26814 1.5 24 16 12 19 22% 343188 648 20%
c p 12.32  0 20 20 4558  1 125199 26825 1.5 24 16 12 19 22% 343188 648 20%
c u 12.51  0 20 20 4558  1 125199 26787 1.5 24 16 12 19 22% 343188 648 20%
c v 12.52  0 20 20 4558  1 125199 26780 1.5 24 16 12 19 22% 343188 648 20%
c w 12.53  0 20 20 4558  1 125199 26780 1.5 24 16 12 19 22% 343188 648 20%
c x 12.55  0 20 20 4558  1 125199 26779 1.5 24 16 12 19 22% 343187 648 20%
c I 13.17  0 20 20 4560  1 136032 34191 1.5 24 16 12 19 21% 343187 648 20%
c - 13.42  0 20 21 4560  1 138783 28303 1.5 24 16 10 18 21% 343187 648 20%
c p 13.43  0 20 21 4560  1 138783 28311 1.5 24 16 10 18 21% 343187 648 20%
c B 14.34  0 20 21 4563  1 153033 37413 1.5 24 16 10 18 20% 343187 648 20%
c - 14.38  0 20 22 4563  1 153084 29731 1.5 24 16 10 18 20% 343187 648 20%
c p 14.39  0 20 22 4563  1 153084 29742 1.5 24 16 10 18 20% 343187 648 20%
c u 14.44  0 20 22 4563  1 153084 29722 1.5 24 16 10 18 20% 343187 648 20%
c 
c  seconds  reductions   conflicts         size    tier2        variables
c         MB     restarts       redundant     glue     trail        remaining
c          level       rate          size/glue  tier1    irredundant
c 
c v 14.46  0 20 22 4563  1 153084 29720 1.5 24 16 10 18 20% 343187 648 20%
c w 14.47  0 20 22 4563  1 153084 29718 1.5 24 16 10 18 20% 343187 648 20%
c x 14.49  0 20 22 4563  1 153084 29718 1.5 24 16 10 18 20% 343186 648 20%
c ] 14.54  0 20 22 4563  1 153462 29978 1.5 24 16 10 18 20% 343186 648 20%
c { 14.54  0 18 22 4563  2 153462 29978 1.6 21 13 9 14 15% 343186 648 20%
c - 15.79  0 18 23 5305  1 168103 33755 1.6 21 13 9 14 15% 343186 648 20%
c p 15.80  0 18 23 5305  1 168103 33763 1.6 21 13 9 14 15% 343186 648 20%
c B 16.09  0 18 23 5430  1 171034 35701 1.6 21 13 9 14 15% 343186 648 20%
c s 16.67  0 18 23 6090  1 176368 39266 1.6 21 13 9 14 15% 343113 648 20%
c s 16.73  0 18 23 6090  1 176368 39259 1.6 21 13 9 14 15% 343074 648 20%
c - 17.42  0 18 24 6699  1 183843 37118 1.6 21 13 9 14 15% 343074 648 20%
c p 17.43  0 18 24 6699  1 183843 37125 1.6 21 13 9 14 15% 343074 648 20%
c u 17.51  0 18 24 6699  1 183843 37076 1.6 21 13 9 14 15% 343074 648 20%
c v 17.54  0 18 24 6699  1 183843 37070 1.6 21 13 9 14 15% 343074 648 20%
c w 17.56  0 18 24 6699  1 183843 37068 1.6 21 13 9 14 15% 343074 648 20%
c W 18.50  0 17 24 6838  1 190036 40864 1.6 21 13 9 14 15% 343074 648 20%
c } 19.20  0 17 24 7261  1 197407 45542 1.6 21 13 9 14 15% 343074 648 20%
c [ 19.20  0 20 24 7261  1 197407 45542 1.5 24 16 10 18 20% 343074 648 20%
c - 19.42  0 19 25 7263  1 200300 40355 1.5 24 16 10 18 19% 343074 648 20%
c p 19.43  0 19 25 7263  1 200300 40358 1.5 24 16 10 18 19% 343074 648 20%
c 
c  seconds  reductions   conflicts         size   tier2        variables
c         MB     restarts       redundant     glue    trail        remaining
c          level       rate          size/glue  tier1   irredundant
c 
c W 20.11  0 20 25 7268  1 210037 47926 1.5 24 16 9 17 19% 343074 648 20%
c - 20.62  0 19 26 7272  1 217477 43443 1.5 23 16 9 17 18% 343074 648 20%
c p 20.63  0 19 26 7272  1 217477 43449 1.5 23 16 9 17 18% 343074 648 20%
c u 20.88  0 19 26 7272  1 217477 43402 1.5 23 16 9 17 18% 343074 648 20%
c v 20.90  0 19 26 7272  1 217477 43397 1.5 23 16 9 17 18% 343074 648 20%
c w 20.91  0 19 26 7272  1 217477 43396 1.5 23 16 9 17 18% 343074 648 20%
c x 20.95  0 19 26 7272  1 217477 43396 1.5 23 16 9 17 18% 343065 648 20%
c O 21.73  0 19 26 7276  1 231039 53045 1.5 24 16 9 17 18% 343065 648 20%
c - 22.06  0 19 27 7279  1 235377 45423 1.5 24 16 9 17 18% 343065 648 20%
c p 22.07  0 19 27 7279  1 235377 45426 1.5 24 16 9 17 18% 343065 648 20%
c ] 22.92  0 19 27 7287  1 250244 56823 1.6 24 16 9 17 18% 343065 648 20%
c { 22.92  0 17 27 7287  1 250244 56823 1.6 21 13 9 14 15% 343065 648 20%
c F 23.15  0 17 27 7394  1 253040 58668 1.6 21 13 9 14 15% 343065 648 20%
c - 23.30  0 17 28 7558  1 253998 48209 1.6 21 13 9 14 15% 343065 648 20%
c p 23.31  0 17 28 7558  1 253998 48215 1.6 21 13 9 14 15% 343065 648 20%
c u 23.37  0 17 28 7558  1 253998 48185 1.6 21 13 9 14 15% 343065 648 20%
c v 23.39  0 17 28 7558  1 253998 48183 1.6 21 13 9 14 15% 343065 648 20%
c w 23.40  0 17 28 7558  1 253998 48180 1.6 21 13 9 14 15% 343065 648 20%
c x 23.43  0 17 28 7558  1 253998 48180 1.6 21 13 9 14 15% 343062 648 20%
c s 24.76  0 17 28 8708  1 266852 56967 1.6 21 13 9 14 15% 342946 648 20%
c 
c  seconds  reductions   conflicts         size   tier2        variables
c         MB     restarts       redundant     glue    trail        remaining
c          level       rate          size/glue  tier1   irredundant
c 
c s 24.84  0 17 28 8708  1 266852 56955 1.6 21 13 9 14 15% 342799 648 20%
c - 25.53  0 17 29 8978  1 273342 45565 1.6 21 13 8 14 15% 342799 648 20%
c p 25.55  0 17 29 8978  1 273342 45570 1.6 21 13 8 14 15% 342799 648 20%
c u 25.59  0 17 29 8978  1 273342 45553 1.6 21 13 8 14 15% 342799 648 20%
c v 25.60  0 17 29 8978  1 273342 45550 1.6 21 13 8 14 15% 342799 648 20%
c w 25.61  0 17 29 8978  1 273342 45550 1.6 21 13 8 14 15% 342799 648 20%
c x 25.63  0 17 29 8978  1 273342 45550 1.6 21 13 8 14 15% 342798 648 20%
c B 25.84  0 17 29 9082  1 276041 46999 1.6 21 13 8 14 15% 342798 648 20%
c - 27.58  0 17 30 10436  1 293404 46386 1.5 21 13 8 14 15% 342798 648 20%
c p 27.59  0 17 30 10436  1 293404 46392 1.5 21 13 8 14 15% 342798 648 20%
c u 27.65  0 17 30 10436  1 293404 46371 1.5 21 13 8 14 15% 342798 648 20%
c v 27.66  0 17 30 10436  1 293404 46366 1.5 21 13 8 14 15% 342798 648 20%
c w 27.67  0 17 30 10436  1 293404 46361 1.5 21 13 8 14 15% 342798 648 20%
c x 27.69  0 17 30 10436  1 293404 46361 1.5 21 13 8 14 15% 342792 648 20%
c W 28.96  0 17 30 10944  1 300042 50688 1.5 21 13 8 14 15% 342792 648 20%
c } 29.47  0 17 30 11703  1 305834 55116 1.5 21 14 8 14 15% 342792 648 20%
c [ 29.47  0 19 30 11703  1 305834 55116 1.6 24 16 9 17 18% 342792 648 20%
c - 30.00  0 19 31 11704  1 314189 49293 1.6 24 15 9 17 18% 342792 648 20%
c p 30.02  0 19 31 11704  1 314189 49298 1.6 24 15 9 17 18% 342792 648 20%
c u 30.06  0 19 31 11704  1 314189 49288 1.6 24 15 9 17 18% 342792 648 20%
c 
c  seconds  reductions    conflicts         size   tier2        variables
c         MB      restarts       redundant     glue    trail        remaining
c          level        rate          size/glue  tier1   irredundant
c 
c v 30.08  0 19 31 11704  1 314189 49286 1.6 24 15 9 17 18% 342792 648 20%
c w 30.08  0 19 31 11704  1 314189 49285 1.6 24 15 9 17 18% 342792 648 20%
c x 30.10  0 19 31 11704  1 314189 49285 1.6 24 15 9 17 18% 342789 648 20%
c B 30.76  0 19 31 11705  1 325043 57036 1.6 24 15 9 17 17% 342789 648 20%
c - 31.43  0 19 32 11706  1 335702 50700 1.6 24 15 9 17 17% 342789 648 20%
c p 31.44  0 19 32 11706  1 335702 50705 1.6 24 15 9 17 17% 342789 648 20%
c W 32.85  0 19 32 11706  1 351045 60413 1.6 24 15 9 17 17% 342789 648 20%
c - 33.33  0 19 33 11706  1 357938 50712 1.6 24 15 9 17 17% 342789 648 20%
c p 33.34  0 19 33 11706  1 357938 50716 1.6 24 15 9 17 17% 342789 648 20%
c u 33.63  0 19 33 11706  1 357938 50658 1.6 24 15 9 17 17% 342789 648 20%
c v 33.66  0 19 33 11706  1 357938 50650 1.6 24 15 9 17 17% 342789 648 20%
c w 33.67  0 19 33 11706  1 357938 50649 1.6 24 15 9 17 17% 342789 648 20%
c x 33.72  0 19 33 11706  1 357938 50649 1.6 24 15 9 17 17% 342786 648 20%
c s 34.78  0 19 33 11713  1 375418 62460 1.6 24 15 9 17 17% 342678 648 20%
c s 34.86  0 19 33 11713  1 375418 62449 1.6 24 15 9 17 17% 342520 648 20%
c I 35.10  0 19 33 11713  1 378047 64004 1.6 24 16 9 17 17% 342520 648 20%
c ] 35.14  0 19 33 11713  1 378304 64162 1.6 24 16 9 17 17% 342520 648 20%
c { 35.14  0 17 33 11713  1 378304 64162 1.5 21 14 8 14 15% 342520 648 20%
c - 35.37  0 17 34 11738  1 380895 51886 1.5 21 13 8 14 15% 342520 648 20%
c p 35.38  0 17 34 11738  1 380895 51890 1.5 21 13 8 14 15% 342520 648 20%
c 
c  seconds  reductions    conflicts         size   tier2        variables
c         MB      restarts       redundant     glue    trail        remaining
c          level        rate          size/glue  tier1   irredundant
c 
c u 35.43  0 17 34 11738  1 380895 51875 1.5 21 13 8 14 15% 342520 648 20%
c v 35.44  0 17 34 11738  1 380895 51873 1.5 21 13 8 14 15% 342520 648 20%
c w 35.45  0 17 34 11738  1 380895 51872 1.5 21 13 8 14 15% 342520 648 20%
c x 35.47  0 17 34 11738  1 380895 51872 1.5 21 13 8 14 15% 342519 648 20%
c - 37.73  0 16 35 12677  1 404573 49013 1.6 20 13 7 14 15% 342519 648 20%
c p 37.75  0 16 35 12677  1 404573 49017 1.6 20 13 7 14 15% 342519 648 20%
c u 37.80  0 16 35 12677  1 404573 48999 1.6 20 13 7 14 15% 342519 648 20%
c v 37.82  0 16 35 12677  1 404573 48998 1.6 20 13 7 14 15% 342519 648 20%
c w 37.83  0 16 35 12677  1 404573 48998 1.6 20 13 7 14 15% 342519 648 20%
c x 37.85  0 16 35 12677  1 404573 48998 1.6 20 13 7 14 15% 342518 648 20%
c # 38.06  0 16 35 12747  1 406048 49920 1.6 20 13 7 14 15% 342518 648 20%
c - 39.99  0 16 36 13810  1 428978 52433 1.6 20 13 7 14 15% 342518 648 20%
c p 40.00  0 16 36 13810  1 428978 52437 1.6 20 13 7 14 15% 342518 648 20%
c u 40.06  0 16 36 13810  1 428978 52417 1.6 20 13 7 14 15% 342518 648 20%
c v 40.08  0 16 36 13810  1 428978 52416 1.6 20 13 7 14 15% 342518 648 20%
c w 40.09  0 16 36 13810  1 428978 52414 1.6 20 13 7 14 15% 342518 648 20%
c x 40.12  0 16 36 13810  1 428978 52414 1.6 20 13 7 14 15% 342516 648 20%
c B 40.79  0 16 36 14334  1 435049 56555 1.6 20 13 7 14 15% 342516 648 20%
c } 42.45  0 16 36 16115  1 451700 67887 1.6 21 13 7 14 15% 342516 648 20%
c [ 42.45  0 19 36 16115  1 451700 67887 1.6 24 16 9 17 17% 342516 648 20%
c 
c  seconds  reductions    conflicts         size   tier2        variables
c         MB      restarts       redundant     glue    trail        remaining
c          level        rate          size/glue  tier1   irredundant
c 
c - 42.78  0 19 37 16117  1 454106 54845 1.6 24 16 9 17 17% 342516 648 20%
c p 42.80  0 19 37 16117  1 454106 54849 1.6 24 16 9 17 17% 342516 648 20%
c u 42.86  0 19 37 16117  1 454106 54828 1.6 24 16 9 17 17% 342516 648 20%
c v 42.89  0 19 37 16117  1 454106 54826 1.6 24 16 9 17 17% 342516 648 20%
c w 42.90  0 19 37 16117  1 454106 54825 1.6 24 16 9 17 17% 342516 648 20%
c x 42.93  0 19 37 16117  1 454106 54825 1.6 24 16 9 17 17% 342515 648 20%
c B 43.78  0 19 37 16123  1 465051 63039 1.5 24 16 8 17 17% 342515 648 20%
c - 44.88  0 20 38 16129  1 479959 52039 1.5 25 16 8 17 17% 342515 648 20%
c p 44.89  0 20 38 16129  1 479959 52043 1.5 25 16 8 17 17% 342515 648 20%
c u 44.95  0 20 38 16129  1 479959 52006 1.5 25 16 8 17 17% 342515 648 20%
c v 44.97  0 20 38 16129  1 479959 52001 1.5 25 16 8 17 17% 342515 648 20%
c w 44.99  0 20 38 16129  1 479959 52001 1.5 25 16 8 17 17% 342515 648 20%
c x 45.01  0 20 38 16129  1 479959 52001 1.5 25 16 8 17 17% 342513 648 20%
c W 47.11  0 20 38 16137  1 496052 62768 1.5 25 17 8 17 17% 342513 648 20%
c s 47.53  0 20 38 16138  1 502062 66988 1.5 25 17 8 17 17% 342393 648 20%
c s 47.63  0 20 38 16138  1 502062 66966 1.5 25 17 8 17 17% 342122 648 20%
c - 48.06  0 20 39 16139  1 506540 46863 1.5 25 17 8 17 17% 342122 648 20%
c p 48.08  0 20 39 16139  1 506540 46867 1.5 25 17 8 17 17% 342122 648 20%
c u 48.13  0 20 39 16139  1 506540 46859 1.5 25 17 8 17 17% 342122 648 20%
c v 48.15  0 20 39 16139  1 506540 46857 1.5 25 17 8 17 17% 342122 648 20%
c 
c  seconds  reductions    conflicts         size   tier2        variables
c         MB      restarts       redundant     glue    trail        remaining
c          level        rate          size/glue  tier1   irredundant
c 
c w 48.16  0 20 39 16139  1 506540 46857 1.5 25 17 8 17 17% 342122 648 20%
c x 48.18  0 20 39 16139  1 506540 46857 1.5 25 17 8 17 17% 342122 648 20%
c O 49.73  0 21 39 16143  1 528053 61681 1.5 25 17 8 17 17% 342122 648 20%
c - 50.17  0 21 40 16146  1 533838 47604 1.5 25 17 8 17 17% 342122 648 20%
c p 50.18  0 21 40 16146  1 533838 47608 1.5 25 17 8 17 17% 342122 648 20%
c u 50.23  0 21 40 16146  1 533838 47571 1.5 25 17 8 17 17% 342122 648 20%
c v 50.25  0 21 40 16146  1 533838 47570 1.5 25 17 8 17 17% 342122 648 20%
c w 50.26  0 21 40 16146  1 533838 47570 1.5 25 17 8 17 17% 342122 648 20%
c x 50.28  0 21 40 16146  1 533838 47570 1.5 25 17 8 17 17% 342117 648 20%
c ] 50.50  0 21 40 16148  1 536927 49829 1.5 25 17 8 17 17% 342117 648 20%
c { 50.50  0 16 40 16148  1 536927 49829 1.6 21 13 7 14 15% 342117 648 20%
c W 53.17  0 16 40 17605  1 561056 66116 1.6 21 13 7 14 15% 342117 648 20%
c - 53.32  0 16 41 17781  1 561864 55032 1.6 21 13 7 14 15% 342117 648 20%
c p 53.34  0 16 41 17781  1 561864 55036 1.6 21 13 7 14 15% 342117 648 20%
c u 53.73  0 16 41 17781  1 561864 54943 1.6 21 13 7 14 15% 342117 648 20%
c v 53.75  0 16 41 17781  1 561864 54942 1.6 21 13 7 14 15% 342117 648 20%
c w 53.76  0 16 41 17781  1 561864 54942 1.6 21 13 7 14 15% 342117 648 20%
c x 53.78  0 16 41 17781  1 561864 54941 1.6 21 13 7 14 15% 342109 648 20%
c - 56.52  0 16 42 19854  1 590613 61426 1.6 21 13 7 14 15% 342109 648 20%
c p 56.53  0 16 42 19854  1 590613 61430 1.6 21 13 7 14 15% 342109 648 20%
c 
c  seconds  reductions    conflicts         size   tier2        variables
c         MB      restarts       redundant     glue    trail        remaining
c          level        rate          size/glue  tier1   irredundant
c 
c u 56.58  0 16 42 19854  1 590613 61402 1.6 21 13 7 14 15% 342109 648 20%
c v 56.60  0 16 42 19854  1 590613 61397 1.6 21 13 7 14 15% 342109 648 20%
c w 56.61  0 16 42 19854  1 590613 61396 1.6 21 13 7 14 15% 342109 648 20%
c x 56.63  0 16 42 19854  1 590613 61396 1.6 21 13 7 14 15% 342103 648 20%
c F 56.99  0 16 42 20134  1 595058 64135 1.6 21 13 7 13 15% 342103 648 20%
c - 59.02  0 16 43 20662  1 620090 64750 1.6 20 13 7 13 15% 342103 648 20%
c p 59.04  0 16 43 20662  1 620090 64754 1.6 20 13 7 13 15% 342103 648 20%
c u 59.09  0 16 43 20662  1 620090 64728 1.6 20 13 7 13 15% 342103 648 20%
c v 59.11  0 16 43 20662  1 620090 64725 1.6 20 13 7 13 15% 342103 648 20%
c w 59.13  0 16 43 20662  1 620090 64725 1.6 20 13 7 13 15% 342103 648 20%
c x 59.16  0 16 43 20662  1 620090 64725 1.6 20 13 7 13 15% 342100 648 20%
c B 59.95  0 16 43 20925  1 630059 70901 1.6 20 13 7 13 15% 342100 648 20%
c } 59.99  0 16 43 20990  1 630336 71110 1.6 20 13 7 13 15% 342100 648 20%
c [ 59.99  0 21 43 20990  1 630336 71110 1.5 25 17 8 17 17% 342100 648 20%
c s 61.11  0 20 43 20996  1 646772 81948 1.5 25 17 8 17 17% 341835 648 20%
c s 61.21  0 20 43 20996  1 646772 81934 1.5 25 17 8 17 17% 341600 648 20%
c - 61.56  0 20 44 20997  1 650291 66577 1.5 25 17 8 17 17% 341600 648 20%
c p 61.58  0 20 44 20997  1 650291 66581 1.5 25 17 8 17 17% 341600 648 20%
c u 61.62  0 20 44 20997  1 650291 66553 1.5 25 17 8 17 17% 341600 648 20%
c v 61.64  0 20 44 20997  1 650291 66552 1.5 25 17 8 17 17% 341600 648 20%
c 
c  seconds  reductions    conflicts         size   tier2        variables
c         MB      restarts       redundant     glue    trail        remaining
c          level        rate          size/glue  tier1   irredundant
c 
c w 61.65  0 20 44 20997  1 650291 66552 1.5 25 17 8 17 17% 341600 648 20%
c x 61.68  0 20 44 20997  1 650291 66552 1.5 25 17 8 17 17% 341600 648 20%
c B 62.71  0 20 44 21006  1 666060 77739 1.5 25 16 8 17 17% 341600 648 20%
c - 63.72  0 20 45 21011  1 681206 65214 1.5 25 16 8 17 17% 341600 648 20%
c p 63.74  0 20 45 21011  1 681206 65218 1.5 25 16 8 17 17% 341600 648 20%
c u 63.79  0 20 45 21011  1 681206 65191 1.5 25 16 8 17 17% 341600 648 20%
c v 63.81  0 20 45 21011  1 681206 65191 1.5 25 16 8 17 17% 341600 648 20%
c w 63.82  0 20 45 21011  1 681206 65190 1.5 25 16 8 17 17% 341600 648 20%
c x 63.84  0 20 45 21011  1 681206 65190 1.5 25 16 8 17 17% 341600 648 20%
c W 66.23  0 20 45 21013  1 703063 80476 1.5 25 16 8 17 17% 341600 648 20%
c - 66.90  0 20 46 21013  1 712851 64262 1.5 25 16 8 17 17% 341600 648 20%
c p 66.91  0 20 46 21013  1 712851 64266 1.5 25 16 8 17 17% 341600 648 20%
c u 66.97  0 20 46 21013  1 712851 64245 1.5 25 16 8 17 17% 341600 648 20%
c v 66.99  0 20 46 21013  1 712851 64242 1.5 25 16 8 17 17% 341600 648 20%
c w 67.00  0 20 46 21013  1 712851 64242 1.5 25 16 8 17 17% 341600 648 20%
c x 67.04  0 20 46 21013  1 712851 64242 1.5 25 16 8 17 17% 341594 648 20%
c ] 68.65  0 19 46 21014  1 736462 78740 1.5 25 16 7 17 16% 341594 648 20%
c { 68.65  0 16 46 21014  1 736462 78740 1.6 20 13 7 13 15% 341594 648 20%
c W 69.45  0 16 46 21365  1 741064 81909 1.6 20 13 7 13 15% 341594 648 20%
c - 70.02  0 16 47 22048  1 745220 63711 1.6 20 13 7 13 15% 341594 648 20%
c 
c  seconds  reductions    conflicts         size   tier2        variables
c         MB      restarts       redundant     glue    trail        remaining
c          level        rate          size/glue  tier1   irredundant
c 
c p 70.04  0 16 47 22048  1 745220 63715 1.6 20 13 7 13 15% 341594 648 20%
c u 70.12  0 16 47 22048  1 745220 63697 1.6 20 13 7 13 15% 341594 648 20%
c v 70.14  0 16 47 22048  1 745220 63691 1.6 20 13 7 13 15% 341594 648 20%
c w 70.15  0 16 47 22048  1 745220 63690 1.6 20 13 7 13 15% 341594 648 20%
c x 70.19  0 16 47 22048  1 745220 63690 1.6 20 13 7 13 15% 341593 648 20%
c - 73.76  0 16 48 24503  1 778315 69743 1.6 20 13 7 13 15% 341593 648 20%
c p 73.78  0 16 48 24503  1 778315 69747 1.6 20 13 7 13 15% 341593 648 20%
c u 73.87  0 16 48 24503  1 778315 69705 1.6 20 13 7 13 15% 341593 648 20%
c v 73.90  0 16 48 24503  1 778315 69705 1.6 20 13 7 13 15% 341593 648 20%
c w 73.91  0 16 48 24503  1 778315 69705 1.6 20 13 7 13 15% 341593 648 20%
c x 73.95  0 16 48 24503  1 778315 69705 1.6 20 13 7 13 15% 341588 648 20%
c # 74.18  0 16 48 24504  1 780066 70634 1.6 20 13 7 13 15% 341588 648 20%
c s 77.00  0 16 48 26356  1 809532 89405 1.6 21 13 6 13 15% 341396 648 20%
c s 77.12  0 16 48 26356  1 809532 89392 1.6 21 13 6 13 15% 341170 648 20%
c - 77.56  0 16 49 26632  1 812136 67072 1.6 21 13 6 13 15% 341170 648 20%
c p 77.58  0 16 49 26632  1 812136 67076 1.6 21 13 6 13 15% 341170 648 20%
c u 77.64  0 16 49 26632  1 812136 67039 1.6 21 13 6 13 15% 341169 648 20%
c v 77.68  0 16 49 26632  1 812136 67034 1.6 21 13 6 13 15% 341169 648 20%
c w 77.69  0 16 49 26632  1 812136 67032 1.6 21 13 6 13 15% 341169 648 20%
c x 77.73  0 16 49 26632  1 812136 67032 1.6 21 13 6 13 15% 341162 648 20%
c 
c  seconds  reductions    conflicts         size   tier2        variables
c         MB      restarts       redundant     glue    trail        remaining
c          level        rate          size/glue  tier1   irredundant
c 
c B 78.66  0 16 49 27433  1 820068 73185 1.6 21 13 6 13 15% 341162 648 20%
c } 80.74  0 16 49 28651  1 842862 88039 1.6 21 13 6 13 15% 341162 648 20%
c [ 80.74  0 19 49 28651  1 842862 88039 1.5 25 16 7 17 16% 341162 648 20%
c - 81.09  0 19 50 28651  1 846675 68845 1.5 25 16 7 17 16% 341162 648 20%
c p 81.11  0 19 50 28651  1 846675 68849 1.5 25 16 7 17 16% 341162 648 20%
c u 81.62  0 19 50 28651  1 846675 68818 1.5 25 16 7 17 16% 341162 648 20%
c v 81.64  0 19 50 28651  1 846675 68811 1.5 25 16 7 17 16% 341162 648 20%
c w 81.65  0 19 50 28651  1 846675 68811 1.5 25 16 7 17 16% 341162 648 20%
c x 81.69  0 19 50 28651  1 846675 68811 1.5 25 16 7 17 16% 341157 648 20%
c I 82.75  0 19 50 28651  1 861069 78226 1.5 25 16 7 16 16% 341157 648 20%
c - 84.45  0 19 51 28651  1 881937 69134 1.6 24 16 7 16 16% 341157 648 20%
c p 84.47  0 19 51 28651  1 881937 69138 1.6 24 16 7 16 16% 341157 648 20%
c u 84.53  0 19 51 28651  1 881937 69090 1.6 24 16 7 16 16% 341157 648 20%
c v 84.55  0 19 51 28651  1 881937 69086 1.6 24 16 7 16 16% 341157 648 20%
c w 84.56  0 19 51 28651  1 881937 69086 1.6 24 16 7 16 16% 341157 648 20%
c x 84.59  0 19 51 28651  1 881937 69086 1.6 24 16 7 16 16% 341153 648 20%
c B 86.21  0 18 51 28651  1 903070 82132 1.6 24 15 7 16 16% 341153 648 20%
c - 87.38  0 18 52 28659  1 917926 66945 1.6 24 15 7 16 16% 341153 648 20%
c p 87.40  0 18 52 28659  1 917926 66949 1.6 24 15 7 16 16% 341153 648 20%
c u 87.46  0 18 52 28659  1 917926 66926 1.6 24 15 7 16 16% 341153 648 20%
c 
c  seconds  reductions    conflicts         size   tier2        variables
c         MB      restarts       redundant     glue    trail        remaining
c          level        rate          size/glue  tier1   irredundant
c 
c v 87.48  0 18 52 28659  1 917926 66923 1.6 24 15 7 16 16% 341153 648 20%
c w 87.50  0 18 52 28659  1 917926 66921 1.6 24 15 7 16 16% 341153 648 20%
c x 87.53  0 18 52 28659  1 917926 66920 1.6 24 15 7 16 16% 341148 648 20%
c W 90.64  0 18 52 28672  1 946072 85396 1.6 24 15 7 16 16% 341148 648 20%
c - 91.24  0 18 53 28676  1 954644 69287 1.6 23 15 7 16 16% 341148 648 20%
c p 91.26  0 18 53 28676  1 954644 69292 1.6 23 15 7 16 16% 341148 647 20%
c u 91.31  0 18 53 28676  1 954644 69270 1.6 23 15 7 16 16% 341148 647 20%
c v 91.33  0 18 53 28676  1 954644 69240 1.6 23 15 7 16 16% 341148 647 20%
c w 91.34  0 18 53 28676  1 954644 69195 1.6 23 15 7 16 16% 341148 647 20%
c x 91.37  0 18 53 28676  1 954644 69194 1.6 23 15 7 16 16% 341146 647 20%
c ] 92.40  0 17 53 28681  1 969805 79031 1.6 23 14 7 16 16% 341146 647 20%
c { 92.40  0 16 53 28681  1 969805 79031 1.6 21 13 6 13 15% 341146 647 20%
c W 94.86  0 16 53 30253  1 990073 91770 1.6 21 13 6 13 15% 338820 647 20%
c s 94.99  0 16 53 30258  1 990338 91894 1.6 21 13 6 13 15% 338398 647 20%
c t 95.00  0 16 53 30258  1 990338 91894 1.6 21 13 6 13 15% 338397 647 20%
c e 95.03  0 16 53 30258  1 990338 91716 1.6 21 13 6 13 15% 338393 643 20%
c s 95.11  0 16 53 30258  1 990338 91701 1.6 21 13 6 13 15% 338156 643 20%
c - 95.36  0 16 54 30258  1 992087 73220 1.6 21 13 6 13 15% 338156 643 20%
c p 95.38  0 16 54 30258  1 992087 73224 1.6 21 13 6 13 15% 338156 643 20%
c u 95.44  0 16 54 30258  1 992087 73160 1.6 21 13 6 13 15% 338151 643 20%
c 
c  seconds  reductions    conflicts         size   tier2        variables
c         MB      restarts       redundant     glue    trail        remaining
c          level        rate          size/glue  tier1   irredundant
c 
c v 95.47  0 16 54 30258  1 992087 73149 1.6 21 13 6 13 15% 338151 643 20%
c w 95.48  0 16 54 30258  1 992087 73141 1.6 21 13 6 13 15% 338151 643 20%
c x 95.51  0 16 54 30258  1 992087 73141 1.6 21 13 6 13 15% 338144 643 20%
c - 99.14  0 15 55 31699  1 1030162 77922 1.6 20 13 6 13 15% 338144 643 20%
c p 99.16  0 15 55 31699  1 1030162 77926 1.6 20 13 6 13 15% 338144 643 20%
c u 99.24  0 15 55 31699  1 1030162 77872 1.6 20 13 6 13 15% 338144 643 20%
c v 99.27  0 15 55 31699  1 1030162 77862 1.6 20 13 6 13 15% 338144 643 20%
c w 99.28  0 15 55 31699  1 1030162 77823 1.6 20 13 6 13 15% 338144 643 20%
c x 99.33  0 15 55 31699  1 1030162 77823 1.6 20 13 6 13 15% 338142 643 20%
c F 99.77  0 15 55 31699  1 1035074 80225 1.6 20 13 6 13 15% 338142 643 20%
c - 103.28  0 15 56 33374  1 1068962 81650 1.6 20 13 6 13 15% 338142 643 20%
c p 103.30  0 15 56 33374  1 1068962 81653 1.6 20 13 6 13 15% 338142 643 20%
c u 103.38  0 15 56 33374  1 1068962 81625 1.6 20 13 6 13 15% 338142 643 20%
c v 103.42  0 15 56 33374  1 1068962 81617 1.6 20 13 6 13 15% 338142 643 20%
c w 103.43  0 15 56 33374  1 1068962 81606 1.6 20 13 6 13 15% 338142 643 20%
c x 103.48  0 15 56 33374  1 1068962 81605 1.6 20 13 6 13 15% 338135 643 20%
c B 104.69  0 15 56 34573  1 1081077 89810 1.6 20 13 6 13 15% 338135 643 20%
c } 106.45  0 15 56 34992  1 1101148 103045 1.6 20 12 6 13 14% 338135 643 20%
c [ 106.45  0 17 56 34992  1 1101148 103045 1.6 23 14 7 16 16% 338135 643 20%
c - 107.13  0 17 57 34993  1 1108484 86362 1.6 23 14 7 16 16% 338135 643 20%
c 
c  seconds   reductions     conflicts         size   tier2        variables
c          MB      restarts        redundant     glue    trail        remaining
c           level        rate           size/glue  tier1   irredundant
c 
c p 107.15  0 17 57 34993  1 1108484 86366 1.6 23 14 7 16 16% 338135 643 20%
c u 107.24  0 17 57 34993  1 1108484 86338 1.6 23 14 7 16 16% 338135 643 20%
c v 107.28  0 17 57 34993  1 1108484 86335 1.6 23 14 7 16 16% 338135 643 20%
c w 107.29  0 17 57 34993  1 1108484 86320 1.6 23 14 7 16 16% 338135 643 20%
c x 107.33  0 17 57 34993  1 1108484 86320 1.6 23 14 7 16 16% 338130 643 20%
c O 108.86  0 17 57 34999  1 1128078 99196 1.6 23 14 6 15 16% 338130 643 20%
c - 110.48  0 16 58 35008  1 1148733 87449 1.6 22 14 6 15 16% 338130 643 20%
c p 110.50  0 16 58 35008  1 1148733 87452 1.6 22 14 6 15 16% 338130 643 20%
c u 110.56  0 16 58 35008  1 1148733 87397 1.6 22 14 6 15 16% 338129 643 20%
c v 110.59  0 16 58 35008  1 1148733 87392 1.6 22 14 6 15 16% 338129 643 20%
c w 110.60  0 16 58 35008  1 1148733 87378 1.6 22 14 6 15 16% 338129 643 20%
c x 110.64  0 16 58 35008  1 1148733 87378 1.6 22 14 6 15 16% 338126 643 20%
c B 112.67  0 16 58 35022  1 1176079 103729 1.6 22 13 6 15 16% 338126 643 20%
c s 113.77  0 16 58 35024  1 1189190 112443 1.6 22 13 6 15 16% 337817 643 20%
c s 113.90  0 16 58 35024  1 1189190 112414 1.6 22 13 6 15 16% 337401 643 20%
c - 114.05  0 16 59 35024  1 1189703 87876 1.6 22 13 6 15 16% 337401 643 20%
c p 114.07  0 16 59 35024  1 1189703 87883 1.6 22 13 6 15 16% 337401 643 20%
c u 114.15  0 16 59 35024  1 1189703 87817 1.6 22 13 6 15 16% 337401 643 20%
c v 114.19  0 16 59 35024  1 1189703 87816 1.6 22 13 6 15 16% 337401 643 20%
c w 114.20  0 16 59 35024  1 1189703 87811 1.6 22 13 6 15 16% 337401 643 20%
c 
c  seconds   reductions     conflicts         size   tier2        variables
c          MB      restarts        redundant     glue    trail        remaining
c           level        rate           size/glue  tier1   irredundant
c 
c x 114.24  0 16 59 35024  1 1189703 87811 1.6 22 13 6 15 16% 337393 643 20%
c W 118.68  0 16 59 35025  1 1225083 111318 1.7 22 13 6 15 16% 337393 643 20%
c - 119.19  0 16 60 35025  1 1231372 91412 1.7 22 13 6 15 16% 337393 643 20%
c p 119.21  0 16 60 35025  1 1231372 91419 1.7 22 13 6 15 16% 337393 643 20%
c u 119.78  0 16 60 35025  1 1231372 91372 1.7 22 13 6 15 16% 337393 643 20%
c v 119.81  0 16 60 35025  1 1231372 91367 1.7 22 13 6 15 16% 337393 643 20%
c w 119.82  0 16 60 35025  1 1231372 91361 1.7 22 13 6 15 16% 337393 643 20%
c x 119.86  0 16 60 35025  1 1231372 91361 1.7 22 13 6 15 16% 337385 643 20%
c t 119.86  0 16 60 35025  1 1231372 91360 1.7 22 13 6 15 16% 337385 643 20%
c ] 120.78  0 16 60 35032  1 1246547 101725 1.7 22 13 6 15 16% 337385 643 20%
c { 120.78  0 15 60 35032  1 1246547 101725 1.6 20 12 6 13 14% 337385 643 20%
c - 123.24  0 15 61 36238  1 1273767 94198 1.6 20 12 6 13 14% 337385 643 20%
c p 123.26  0 15 61 36238  1 1273767 94203 1.6 20 12 6 13 14% 337385 643 20%
c u 123.34  0 15 61 36238  1 1273767 94126 1.6 20 12 6 13 14% 337385 643 20%
c v 123.38  0 15 61 36238  1 1273767 94124 1.6 20 12 6 13 14% 337385 643 20%
c w 123.39  0 15 61 36238  1 1273767 94119 1.6 20 12 6 13 14% 337385 643 20%
c x 123.44  0 15 61 36238  1 1273767 94119 1.6 20 12 6 13 14% 337382 643 20%
c t 123.44  0 15 61 36238  1 1273767 94116 1.6 20 12 6 13 14% 337382 643 20%
c W 123.99  0 15 61 36420  1 1275085 94973 1.6 20 12 6 13 14% 337382 643 20%
c - 127.99  0 14 62 38507  1 1316885 92960 1.6 19 12 6 12 14% 337382 643 20%
c 
c  seconds   reductions     conflicts         size   tier2        variables
c          MB      restarts        redundant     glue    trail        remaining
c           level        rate           size/glue  tier1   irredundant
c 
c p 128.01  0 14 62 38507  1 1316885 92963 1.6 19 12 6 12 14% 337382 643 20%
c u 128.09  0 14 62 38507  1 1316885 92859 1.6 19 12 6 12 14% 337382 643 20%
c v 128.12  0 14 62 38507  1 1316885 92849 1.6 19 12 6 12 14% 337382 643 20%
c w 128.14  0 14 62 38507  1 1316885 92842 1.6 19 12 6 12 14% 337382 643 20%
c x 128.18  0 14 62 38507  1 1316885 92842 1.6 19 12 6 12 14% 337377 643 20%
c t 128.18  0 14 62 38507  1 1316885 92839 1.6 19 12 6 12 14% 337377 643 20%
c # 129.09  0 14 62 39462  1 1326090 98816 1.6 19 12 6 12 14% 337377 643 20%
c - 133.25  0 15 63 41594  1 1360723 97657 1.6 20 12 6 12 14% 337377 643 20%
c p 133.27  0 15 63 41594  1 1360723 97660 1.6 20 12 6 12 14% 337377 643 20%
c u 133.37  0 15 63 41594  1 1360723 97613 1.6 20 12 6 12 14% 337377 643 20%
c v 133.42  0 15 63 41594  1 1360723 97606 1.6 20 12 6 12 14% 337377 643 20%
c w 133.44  0 15 63 41594  1 1360723 97602 1.6 20 12 6 12 14% 337377 643 20%
c x 133.51  0 15 63 41594  1 1360723 97602 1.6 20 12 6 12 14% 337374 643 20%
c t 133.52  0 15 63 41594  1 1360723 97602 1.6 20 12 6 12 14% 337373 643 20%
c B 135.38  0 14 63 42350  1 1378094 107282 1.6 19 12 6 12 14% 337373 643 20%
c } 136.88  0 14 63 42601  1 1392643 115117 1.6 19 12 6 12 14% 337373 643 20%
c [ 136.88  0 16 63 42601  1 1392643 115117 1.7 22 13 6 15 16% 337373 643 20%
c - 138.07  0 15 64 42608  1 1405287 100685 1.7 21 13 6 15 15% 337373 643 20%
c p 138.08  0 15 64 42608  1 1405287 100688 1.7 21 13 6 15 15% 337373 643 20%
c u 138.17  0 15 64 42608  1 1405287 100632 1.7 21 13 6 15 15% 337373 643 20%
c 
c  seconds   reductions     conflicts          size   tier2        variables
c          MB      restarts        redundant      glue    trail        remaining
c           level        rate            size/glue  tier1   irredundant
c 
c v 138.20  0 15 64 42608  1 1405287 100626 1.7 21 13 6 15 15% 337373 643 20%
c w 138.21  0 15 64 42608  1 1405287 100625 1.7 21 13 6 15 15% 337373 643 20%
c x 138.26  0 15 64 42608  1 1405287 100625 1.7 21 13 6 15 15% 337367 643 20%
c s 138.46  0 15 64 42608  1 1406042 100973 1.7 21 13 6 15 15% 336911 643 20%
c s 138.62  0 15 64 42608  1 1406042 100942 1.7 21 13 6 15 15% 336380 643 20%
c I 140.75  0 16 64 42619  1 1431095 117953 1.6 22 13 6 15 15% 336380 643 20%
c - 142.62  0 16 65 42625  1 1450576 101293 1.7 22 13 6 15 16% 336380 643 20%
c p 142.63  0 16 65 42625  1 1450576 101296 1.7 22 13 6 15 16% 336380 643 20%
c u 142.73  0 16 65 42625  1 1450576 101241 1.7 22 13 6 15 16% 336380 643 20%
c v 142.77  0 16 65 42625  1 1450576 101232 1.7 22 13 6 15 16% 336380 643 20%
c w 142.79  0 16 65 42625  1 1450576 101223 1.7 22 13 6 15 16% 336380 643 20%
c x 142.85  0 16 65 42625  1 1450576 101223 1.7 22 13 6 15 16% 336373 643 20%
c B 145.93  0 16 65 42638  1 1485097 124240 1.7 22 13 6 15 16% 336373 643 20%
c - 147.03  0 16 66 42640  1 1496547 100637 1.6 22 13 6 15 16% 336373 643 20%
c p 147.05  0 16 66 42640  1 1496547 100640 1.6 22 13 6 15 16% 336373 643 20%
c u 147.15  0 16 66 42640  1 1496547 100583 1.6 22 13 6 15 16% 336373 643 20%
c v 147.19  0 16 66 42640  1 1496547 100568 1.6 22 13 6 15 16% 336373 643 20%
c w 147.21  0 16 66 42640  1 1496547 100563 1.6 22 13 6 15 16% 336373 643 20%
c x 147.27  0 16 66 42640  1 1496547 100563 1.6 22 13 6 15 16% 336363 643 20%
c W 153.09  0 16 66 42656  1 1540101 127107 1.6 22 13 6 14 15% 336363 643 20%
c 
c  seconds   reductions     conflicts          size   tier2        variables
c          MB      restarts        redundant      glue    trail        remaining
c           level        rate            size/glue  tier1   irredundant
c 
c - 153.41  0 16 67 42656  1 1543242 101991 1.6 22 13 6 14 15% 336363 643 20%
c p 153.43  0 16 67 42656  1 1543242 101993 1.6 22 13 6 14 15% 336363 643 20%
c u 153.52  0 16 67 42656  1 1543242 101947 1.6 22 13 6 14 15% 336363 643 20%
c v 153.55  0 16 67 42656  1 1543242 101932 1.6 22 13 6 14 15% 336363 643 20%
c w 153.57  0 16 67 42656  1 1543242 101930 1.6 22 13 6 14 15% 336363 643 20%
c x 153.61  0 16 67 42656  1 1543242 101929 1.6 22 13 6 14 15% 336360 643 20%
c ] 154.37  0 16 67 42657  1 1551878 107925 1.6 22 13 6 14 16% 336360 643 20%
c { 154.37  0 14 67 42657  1 1551878 107925 1.6 19 12 6 12 14% 336360 643 20%
c - 158.11  0 13 68 44015  1 1590659 108152 1.6 18 11 6 12 13% 336360 643 20%
c p 158.13  0 13 68 44015  1 1590659 108154 1.6 18 11 6 12 13% 336360 643 20%
c u 158.24  0 13 68 44015  1 1590659 108091 1.6 18 11 6 12 13% 336360 643 20%
c v 158.29  0 13 68 44015  1 1590659 108074 1.6 18 11 6 12 13% 336360 643 20%
c w 158.31  0 13 68 44015  1 1590659 108035 1.6 18 11 6 12 13% 336360 643 20%
c x 158.37  0 13 68 44015  1 1590659 108032 1.6 18 11 6 12 13% 336340 643 20%
c W 159.52  0 14 68 45058  1 1596103 111752 1.6 18 12 6 12 13% 336340 643 20%
c - 164.91  0 14 69 50426  1 1638801 113305 1.6 19 12 6 12 14% 336340 643 20%
c p 164.93  0 14 69 50426  1 1638801 113307 1.6 19 12 6 12 14% 336340 643 20%
c u 165.02  0 14 69 50426  1 1638801 113231 1.6 19 12 6 12 14% 336340 643 20%
c v 165.07  0 14 69 50426  1 1638801 113219 1.6 19 12 6 12 14% 336340 643 20%
c w 165.09  0 14 69 50426  1 1638801 113205 1.6 19 12 6 12 14% 336340 643 20%
c 
c  seconds   reductions     conflicts          size   tier2        variables
c          MB      restarts        redundant      glue    trail        remaining
c           level        rate            size/glue  tier1   irredundant
c 
c x 165.15  0 14 69 50426  1 1638801 113205 1.6 19 12 6 12 14% 336325 643 20%
c t 165.16  0 14 69 50426  1 1638801 113204 1.6 19 12 6 12 14% 336325 643 20%
c s 165.59  0 15 69 50875  1 1640851 114546 1.6 19 12 6 12 14% 335449 643 20%
c s 165.77  0 15 69 50875  1 1640851 114527 1.6 19 12 6 12 14% 334987 643 20%
c F 167.38  0 15 69 51554  1 1653104 122344 1.6 19 12 5 12 14% 334987 643 20%
c - 171.00  0 15 70 53764  1 1687662 104323 1.6 20 12 5 12 15% 334987 643 20%
c p 171.02  0 15 70 53764  1 1687662 104325 1.6 20 12 5 12 15% 334987 643 20%
c u 171.13  0 15 70 53764  1 1687662 104271 1.6 20 12 5 12 15% 334986 643 20%
c v 171.17  0 15 70 53764  1 1687662 104257 1.6 20 12 5 12 15% 334986 643 20%
c w 171.20  0 15 70 53764  1 1687662 104256 1.6 20 12 5 12 15% 334986 643 20%
c x 171.26  0 15 70 53764  1 1687662 104256 1.6 20 12 5 12 15% 334976 643 20%
c t 171.27  0 15 70 53764  1 1687662 104255 1.6 20 12 5 12 15% 334976 643 20%
c B 173.99  0 15 70 55857  1 1711106 119209 1.6 20 12 5 12 15% 334976 643 20%
c } 174.99  0 15 70 56444  1 1719013 124321 1.6 20 12 5 12 15% 334976 643 20%
c [ 174.99  0 16 70 56444  1 1719013 124321 1.6 22 13 6 14 16% 334976 643 20%
c - 177.00  0 16 71 56444  1 1737190 105563 1.7 22 13 6 14 15% 334976 643 20%
c p 177.02  0 16 71 56444  1 1737190 105565 1.7 22 13 6 14 15% 334976 643 20%
c u 177.83  0 16 71 56444  1 1737190 105498 1.7 22 13 6 14 15% 334976 643 20%
c v 177.89  0 16 71 56444  1 1737190 105489 1.7 22 13 6 14 15% 334976 643 20%
c w 177.92  0 16 71 56444  1 1737190 105485 1.7 22 13 6 14 15% 334976 643 20%
c 
c  seconds   reductions     conflicts          size   tier2        variables
c          MB      restarts        redundant      glue    trail        remaining
c           level        rate            size/glue  tier1   irredundant
c 
c x 178.00  0 16 71 56444  1 1737190 105482 1.7 22 13 6 14 15% 334955 643 20%
c t 178.00  0 16 71 56444  1 1737190 105481 1.7 22 13 6 14 15% 334955 643 20%
c O 181.14  0 15 71 56445  1 1770110 126749 1.6 21 13 6 14 15% 334955 643 20%
c - 182.91  0 15 72 56445  1 1787440 106581 1.6 21 13 6 14 15% 334955 643 20%
c p 182.93  0 15 72 56445  1 1787440 106583 1.6 21 13 6 14 15% 334955 643 20%
c u 183.04  0 15 72 56445  1 1787440 106492 1.6 21 13 6 14 15% 334955 643 20%
c v 183.10  0 15 72 56445  1 1787440 106489 1.6 21 13 6 14 15% 334955 643 20%
c w 183.12  0 15 72 56445  1 1787440 106475 1.6 21 13 6 14 15% 334955 643 20%
c x 183.18  0 15 72 56445  1 1787440 106475 1.6 21 13 6 14 15% 334951 643 20%
c B 186.94  0 15 72 56446  1 1830111 133464 1.7 21 13 6 14 15% 334951 643 20%
c - 187.73  0 15 73 56446  1 1838409 106893 1.7 21 13 6 14 15% 334951 643 20%
c p 187.75  0 15 73 56446  1 1838409 106894 1.7 21 13 6 14 15% 334951 643 20%
c u 187.85  0 15 73 56446  1 1838409 106842 1.7 21 13 6 14 15% 334950 643 20%
c v 187.89  0 15 73 56446  1 1838409 106835 1.7 21 13 6 14 15% 334950 643 20%
c w 187.91  0 15 73 56446  1 1838409 106834 1.7 21 13 6 14 15% 334950 643 20%
c x 187.98  0 15 73 56446  1 1838409 106834 1.7 21 13 6 14 15% 334941 643 20%
c t 187.98  0 15 73 56446  1 1838409 106833 1.7 21 13 6 14 15% 334941 643 20%
c - 192.46  0 14 74 56446  1 1890101 108281 1.7 20 12 5 14 15% 334941 643 20%
c p 192.48  0 14 74 56446  1 1890101 108282 1.7 20 12 5 14 15% 334941 643 20%
c u 192.59  0 14 74 56446  1 1890101 108227 1.7 20 12 5 14 15% 334941 643 20%
c 
c  seconds   reductions     conflicts          size   tier2        variables
c          MB      restarts        redundant      glue    trail        remaining
c           level        rate            size/glue  tier1   irredundant
c 
c v 192.63  0 14 74 56446  1 1890101 108225 1.7 20 12 5 14 15% 334941 643 20%
c w 192.65  0 14 74 56446  1 1890101 108222 1.7 20 12 5 14 15% 334941 643 20%
c x 192.70  0 14 74 56446  1 1890101 108221 1.7 20 12 5 14 15% 334925 643 20%
c t 192.71  0 14 74 56446  1 1890101 108220 1.7 20 12 5 14 15% 334925 643 20%
c W 195.10  0 14 74 56446  1 1891112 108910 1.7 20 12 5 14 15% 334925 643 20%
c s 195.42  0 14 74 56446  1 1893555 110513 1.7 20 12 5 14 15% 333623 643 20%
c s 195.60  0 14 74 56446  1 1893555 110478 1.7 20 12 5 14 15% 332692 643 20%
c ] 196.85  0 14 74 56446  1 1907102 118322 1.7 20 12 5 13 15% 332692 643 20%
c { 196.85  0 15 74 56446  1 1907102 118322 1.6 20 12 5 12 15% 332692 643 20%
c - 200.45  0 14 75 57730  1 1942514 112441 1.6 19 12 5 12 15% 332692 643 20%
c p 200.47  0 14 75 57730  1 1942514 112442 1.6 19 12 5 12 15% 332692 643 20%
c u 200.58  0 14 75 57730  1 1942514 112344 1.6 19 12 5 12 15% 332692 643 20%
c v 200.62  0 14 75 57730  1 1942514 112340 1.6 19 12 5 12 15% 332692 643 20%
c w 200.65  0 14 75 57730  1 1942514 112327 1.6 19 12 5 12 15% 332692 643 20%
c x 200.71  0 14 75 57730  1 1942514 112326 1.6 19 12 5 12 15% 332667 643 20%
c t 200.71  0 14 75 57730  1 1942514 112325 1.6 19 12 5 12 15% 332667 643 20%
c W 202.14  0 14 75 57866  1 1953114 119335 1.6 19 12 5 12 15% 332667 643 20%
c - 207.20  0 14 76 59665  1 1995548 116598 1.6 19 12 5 12 15% 332667 643 20%
c p 207.22  0 14 76 59665  1 1995548 116599 1.6 19 12 5 12 15% 332667 643 20%
c u 207.33  0 14 76 59665  1 1995548 116514 1.6 19 12 5 12 15% 332667 643 20%
c 
c  seconds   reductions     conflicts          size   tier2        variables
c          MB      restarts        redundant      glue    trail        remaining
c           level        rate            size/glue  tier1   irredundant
c 
c v 207.38  0 14 76 59665  1 1995548 116486 1.6 19 12 5 12 15% 332667 643 20%
c w 207.40  0 14 76 59665  1 1995548 116478 1.6 19 12 5 12 15% 332667 643 20%
c x 207.47  0 14 76 59665  1 1995548 116477 1.6 19 12 5 12 15% 332587 643 20%
c t 207.47  0 14 76 59665  1 1995548 116475 1.6 19 12 5 12 15% 332587 643 20%
c # 210.08  0 13 76 60677  1 2016117 127874 1.6 18 11 5 12 14% 332587 643 20%
c - 213.92  0 13 77 61769  1 2049298 118050 1.7 18 11 5 11 15% 332587 643 20%
c p 213.94  0 13 77 61769  1 2049298 118051 1.7 18 11 5 11 15% 332587 643 20%
c u 214.05  0 13 77 61769  1 2049298 117896 1.7 18 11 5 11 15% 332587 643 20%
c v 214.09  0 13 77 61769  1 2049298 117820 1.7 18 11 5 11 15% 332587 643 20%
c w 214.11  0 13 77 61769  1 2049298 117816 1.7 18 11 5 11 15% 332587 643 20%
c x 214.18  0 13 77 61769  1 2049298 117812 1.7 18 11 5 11 15% 332518 643 20%
c t 214.18  0 13 77 61769  1 2049298 117806 1.7 18 11 5 11 15% 332516 643 20%
c i 215.88  0 13 77 62492  1 2066221 127079 1.7 18 11 5 11 15% 332516 642 20%
c i 216.16  0 13 77 62681  1 2068949 128643 1.7 18 11 5 11 15% 332516 641 20%
c i 216.36  0 13 77 62681  1 2070444 129259 1.7 18 11 5 11 15% 332516 640 20%
c i 216.50  0 12 77 62681  1 2071582 129799 1.7 18 11 5 11 15% 332516 639 20%
c i 216.73  0 12 77 62734  1 2073956 131016 1.7 18 11 5 11 15% 332516 633 19%
c i 216.80  0 12 77 62734  1 2074606 131279 1.7 18 11 5 11 15% 332516 631 19%
c i 216.82  0 12 77 62734  1 2074836 131387 1.7 18 11 5 11 15% 332516 630 19%
c i 216.82  0 12 77 62734  1 2074865 131393 1.7 18 11 5 11 15% 332516 629 19%
c 
c  seconds   reductions     conflicts          size   tier2        variables
c          MB      restarts        redundant      glue    trail        remaining
c           level        rate            size/glue  tier1   irredundant
c 
c i 216.83  0 12 77 62734  1 2074895 131401 1.7 18 11 5 11 15% 332516 624 19%
c i 216.83  0 12 77 62734  1 2074918 131406 1.7 18 11 5 11 15% 332516 621 19%
c } 216.83  0 12 77 62734  1 2074945 131415 1.7 18 11 5 11 15% 332516 598 18%
c 0 216.83  0 12 77 62734  1 2074945 131415 1.7 18 11 5 11 15% 332516 598 18%
c 
c --- [ closing proof ] ------------------------------------------------------
c 
c LRAT proof file '/Users/ivanspogreev/earth-moon/lean/data/a4_m07s/leaf15.lrat' closed
c LRAT 2413959 added clauses 51.23%
c LRAT 2298280 deleted clauses 48.77%
c LRAT 526838367 bytes (502.43 MB)
c 
c --- [ result ] -------------------------------------------------------------
c 
s UNSATISFIABLE
c 
c --- [ run-time profiling ] -------------------------------------------------
c 
c process time taken by individual solving procedures
c (percentage relative to process time for solving)
c 
c       200.91   92.75% search
c       107.73   49.74% unstable
c        79.08   36.51% stable
c        15.70    7.25% simplify
c        14.07    6.50% walk
c         8.58    3.96% vivify
c         2.88    1.33% sweep
c         1.64    0.76% subsume
c         1.08    0.50% elim
c         0.61    0.28% probe
c         0.24    0.11% ternary
c         0.22    0.10% parse
c         0.12    0.05% congruence
c         0.03    0.01% lucky
c         0.00    0.00% backbone
c   =================================
c       216.61   99.90% solve
c 
c last line shows process time for solving
c (percentage relative to total process time)
c 
c --- [ statistics ] ---------------------------------------------------------
c 
c chronological:            206966         9.97 %  of conflicts
c conflicts:               2074945      9579.12    per second
c backbone:                 197738      6035.96 %  of vars
c decisions:               2412752     11138.62    per second
c eliminated:                 2039        62.24 %  of all variables
c fixed:                       637        19.44 %  of all variables
c learned:                 2042854        98.45 %  per conflict
c learned_lits:           60020591       100.00 %  learned literals
c minimized:                     0         0.00 %  learned literals
c shrunken:               13045240        21.73 %  learned literals
c minishrunken:            3735807         6.22 %  learned literals
c otfs:                       9771         0.47 %  of conflict
c propagations:           34588436         0.16 M  per second
c reduced:                 1193283        57.51 %  per conflict
c rephased:                     63     32935.63    interval
c restarts:                  62734        33.08    interval
c stabilizing:                  13        49.13 %  of conflicts
c substituted:                   2         0.06 %  of all variables
c subsumed:                 726770        30.31 %  of all clauses
c strengthened:              86496         3.61 %  of all clauses
c ticks:               19534974750       571.83    propagation
c vivified:                   5737         0.24 %  of all clauses
c walked:                       20    103747.25    interval
c weakened:                   4899         2.52    average size
c congruence:                   11    188631.36    interval
c 
c seconds are measured in process time for solving
c 
c --- [ glue usage ] ---------------------------------------------------------
c 
c focused glue 5 used 294418 clauses 7.591% accumulated 54.14% tier1
c focused glue 6 used 228882 clauses 5.901% accumulated 60.04%
c focused glue 7-9 used 538996 clauses 13.89% accumulated 73.94%
c focused glue 10 used 184703 clauses 4.762% accumulated 78.70%
c focused glue 11 used 173997 clauses 4.486% accumulated 83.18% tier2
c 
c stable glue 5 used 294274 clauses 6.876% accumulated 50.57% tier1
c stable glue 6 used 232126 clauses 5.424% accumulated 55.99%
c stable glue 7-11 used 849229 clauses 19.84% accumulated 75.83%
c stable glue 12 used 168917 clauses 3.947% accumulated 79.78%
c stable glue 13 used 155036 clauses 3.622% accumulated 83.40% tier2
c 
c 
c --- [ resources ] ----------------------------------------------------------
c 
c total process time since initialization:       216.83    seconds
c total real time since initialization:          218.30    seconds
c maximum resident set size of process:          891.30    MB
c 
c --- [ shutting down ] ------------------------------------------------------
c 
c exit 20
