c --- [ banner ] -------------------------------------------------------------
c 
c CaDiCaL SAT Solver
c Copyright (c) 2016-2026
c A. Biere, M. Fleury, N. Froleyks, K. Fazekas, F. Pollitt, T. Faller
c JKU Linz, University of Freiburg, TU Wien
c 
c Version 3.0.1
c Apple clang version 16.0.0 (clang-1600.0.26.6) -Wall -Wextra -O3 -DNDEBUG -std=c++11 -DNCLOSEFROM
c Sun Jul 19 15:40:55 UTC 2026 Darwin Sonoma-arm64.local 23.6.0 arm64
c 
c --- [ proof tracing ] ------------------------------------------------------
c 
c opening file to write '/Users/ivanspogreev/earth-moon/lean/data/a4_m07s/leaf7.lrat'
c writing non-binary proof trace to '/Users/ivanspogreev/earth-moon/lean/data/a4_m07s/leaf7.lrat'
c 
c --- [ parsing input ] ------------------------------------------------------
c 
c reading DIMACS file from '/Users/ivanspogreev/earth-moon/lean/data/a4_m07s/leaf7.cnf'
c opening file to read '/Users/ivanspogreev/earth-moon/lean/data/a4_m07s/leaf7.cnf'
c found 'p cnf 3276 7094' header
c parsed 7094 clauses in 0.00 seconds process time
c 
c --- [ options ] ------------------------------------------------------------
c 
c   --binary=false                 (different from default 'true')
c   --lrat=true                    (different from default 'false')
c 
c --- [ solving ] ------------------------------------------------------------
c 
c time measured in process time since initialization
c 
c  seconds  reduction conflicts       size tier2     variables
c         MB    restarts   redundant    glue  trail       remaining
c          level     rate       size/glu tier1 irredundant
c 
c *  0.00  0  0 0   0  0    0    0 0.0 0 0 2 6  0% 6913 3233 99%
c )  0.00  0  0 0   0  0    0    0 0.0 0 0 2 6  0% 6913 3233 99%
c {  0.00  0  0 0   0  0    0    0 0.0 0 0 2 6  0% 6913 3233 99%
c i  0.00  0 1979 0   0 92   23   18 1.3 19 14 2 6 68% 6909 3232 99%
c -  0.01  0 364 1   2 12  300  136 1.4 14 10 2 6 34% 6862 3232 99%
c -  0.01  0 171 2   2  6  735  241 1.5 13 8 2 6 24% 6673 3232 99%
c i  0.01  0 162 2   2  6  778  255 1.5 12 8 2 6 23% 6657 3231 99%
c i  0.01  0 151 2   2  6  835  273 1.5 12 8 2 6 22% 6629 3220 98%
c i  0.01  0 150 2   2  6  841  276 1.5 12 8 2 6 22% 6629 3219 98%
c i  0.01  0 150 2   2  6  842  276 1.5 12 8 2 6 22% 6629 3210 98%
c i  0.01  0 150 2   2  6  844  276 1.5 12 8 2 6 22% 6629 3208 98%
c i  0.01  0 149 2   2  6  847  275 1.5 12 8 2 6 22% 6628 3195 98%
c i  0.01  0 149 2   2  6  849  275 1.5 12 8 2 6 22% 6628 3182 97%
c i  0.01  0 149 2   2  6  851  275 1.5 12 8 2 6 22% 6628 3169 97%
c i  0.01  0 148 2   2  6  856  277 1.5 12 8 2 6 21% 6628 3168 97%
c i  0.01  0 147 2   2  6  857  277 1.5 12 8 2 6 21% 6628 3167 97%
c i  0.01  0 147 2   2  6  858  277 1.5 12 8 2 6 21% 6628 3166 97%
c i  0.01  0 146 2   2  6  864  278 1.5 11 8 2 6 21% 6628 3163 97%
c i  0.01  0 145 2   2  6  868  280 1.5 11 8 2 6 21% 6628 3161 96%
c i  0.01  0 145 2   2  6  870  281 1.5 11 8 2 6 21% 6628 3158 96%
c 
c  seconds   reduction conflicts       size  tier2     variables
c         MB     restarts   redundant     glue  trail       remaining
c           level     rate       size/glue tier1 irredundant
c 
c }  0.01  0 145 2   2  6  872  281 1.5 11 8 2 6 21% 6628 3100 95%
c 0  0.01  0 145 2   2  6  872  281 1.5 11 8 2 6 21% 6628 3100 95%
c 
c --- [ closing proof ] ------------------------------------------------------
c 
c LRAT proof file '/Users/ivanspogreev/earth-moon/lean/data/a4_m07s/leaf7.lrat' closed
c LRAT 5817 added clauses 49.97%
c LRAT 5825 deleted clauses 50.03%
c LRAT 354734 bytes (0.34 MB)
c 
c --- [ result ] -------------------------------------------------------------
c 
s UNSATISFIABLE
c 
c --- [ run-time profiling ] -------------------------------------------------
c 
c process time taken by individual solving procedures
c (percentage relative to process time for solving)
c 
c         0.01   99.45% search
c         0.01   92.07% unstable
c         0.00   43.55% parse
c         0.00    7.23% lucky
c         0.00    0.00% simplify
c   =================================
c         0.01   67.30% solve
c 
c last line shows process time for solving
c (percentage relative to total process time)
c 
c --- [ statistics ] ---------------------------------------------------------
c 
c chronological:               493        56.54 %  of conflicts
c conflicts:                   872    146579.26    per second
c decisions:                  4440    746343.92    per second
c fixed:                       176         5.37 %  of all variables
c learned:                     477        54.70 %  per conflict
c learned_lits:               5904       100.00 %  learned literals
c minimized:                     0         0.00 %  learned literals
c shrunken:                    323         5.47 %  learned literals
c minishrunken:                155         2.63 %  learned literals
c otfs:                        662        75.92 %  of conflict
c propagations:              55648         9.35 M  per second
c reduced:                     107        12.27 %  per conflict
c restarts:                      2       436.00    interval
c subsumed:                    637         8.64 %  of all clauses
c strengthened:                377         5.12 %  of all clauses
c ticks:                    241411         4.34    propagation
c 
c seconds are measured in process time for solving
c 
c --- [ glue usage ] ---------------------------------------------------------
c 
c focused glue 2 used 234 clauses 22.78% accumulated 53.16% tier1
c focused glue 3 used 102 clauses 9.931% accumulated 63.09%
c focused glue 4 used 51 clauses 4.965% accumulated 68.06% tier2
c 
c stable glue 2 used 0 clauses 0.000% accumulated 0.000% tier1
c stable glue 3 used 0 clauses 0.000% accumulated 0.000%
c stable glue 4 used 0 clauses 0.000% accumulated 0.000%
c stable glue 5 used 0 clauses 0.000% accumulated 0.000%
c stable glue 6 used 0 clauses 0.000% accumulated 0.000% tier2
c 
c 
c --- [ resources ] ----------------------------------------------------------
c 
c total process time since initialization:         0.01    seconds
c total real time since initialization:            0.01    seconds
c maximum resident set size of process:            3.62    MB
c 
c --- [ shutting down ] ------------------------------------------------------
c 
c exit 20
