c --- [ banner ] -------------------------------------------------------------
c 
c CaDiCaL SAT Solver
c Copyright (c) 2016-2026
c A. Biere, M. Fleury, N. Froleyks, K. Fazekas, F. Pollitt, T. Faller
c JKU Linz, University of Freiburg, TU Wien
c 
c Version 3.0.1
c Apple clang version 16.0.0 (clang-1600.0.26.6) -Wall -Wextra -O3 -DNDEBUG -std=c++11 -DNCLOSEFROM
c Sun Jul 19 15:40:55 UTC 2026 Darwin Sonoma-arm64.local 23.6.0 arm64
c 
c --- [ proof tracing ] ------------------------------------------------------
c 
c opening file to write '/Users/ivanspogreev/earth-moon/lean/data/a4_m07s/leaf11.lrat'
c writing non-binary proof trace to '/Users/ivanspogreev/earth-moon/lean/data/a4_m07s/leaf11.lrat'
c 
c --- [ parsing input ] ------------------------------------------------------
c 
c reading DIMACS file from '/Users/ivanspogreev/earth-moon/lean/data/a4_m07s/leaf11.cnf'
c opening file to read '/Users/ivanspogreev/earth-moon/lean/data/a4_m07s/leaf11.cnf'
c found 'p cnf 3276 335075' header
c parsed 335075 clauses in 0.22 seconds process time
c 
c --- [ options ] ------------------------------------------------------------
c 
c   --binary=false                 (different from default 'true')
c   --lrat=true                    (different from default 'false')
c 
c --- [ solving ] ------------------------------------------------------------
c 
c time measured in process time since initialization
c 
c  seconds  reduction conflicts       size tier2       variables
c         MB    restarts   redundant    glue  trail         remaining
c          level     rate       size/glu tier1  irredundant
c 
c *  0.22  0  0 0   0  0    0    0 0.0 0 0 2 6  0% 334894 3233 99%
c )  0.24  0  0 0   0  0    0    0 0.0 0 0 2 6  0% 334894 3233 99%
c {  0.24  0  0 0   0  0    0    0 0.0 0 0 2 6  0% 334894 3233 99%
c i  0.24  0 1772 0   0 196   10    8 1.8 7 4 2 6 58% 334894 3232 99%
c -  0.30  0 302 1  18 13  300   87 1.3 16 12 2 6 28% 334776 3232 99%
c i  0.30  0 299 1  18 13  303   89 1.4 16 12 2 6 28% 334776 3231 99%
c -  0.34  0 95 2  26  5  961  188 1.4 13 9 2 6 13% 334774 3231 99%
c }  0.35  0 92 2  26  4 1002  212 1.4 13 9 2 6 12% 334774 3231 99%
c [  0.35  0  0 2  26  0 1002  212 0.0 0 0 2 6  0% 334774 3231 99%
c O  0.35  0  3 2  26  4 1003  213 2.0 4 2 2 6 16% 334774 3231 99%
c i  0.35  0  8 2  26  1 1786  426 1.3 8 6 2 6  8% 334772 3216 98%
c ]  0.39  0 15 2  26  1 1965  550 1.5 10 7 2 6 13% 334735 3216 98%
c {  0.39  0 92 2  26  4 1965  550 1.4 13 9 2 6 12% 334735 3216 98%
c i  0.40  0 90 2  47  6 2123  632 1.5 13 9 2 6 14% 334671 3215 98%
c i  0.40  0 90 2  47  6 2130  634 1.5 13 9 2 6 14% 334671 3214 98%
c i  0.40  0 90 2  47  6 2132  634 1.5 13 9 2 6 14% 334671 3212 98%
c i  0.40  0 89 2  47  6 2138  636 1.5 13 9 2 6 14% 334668 3211 98%
c -  0.43  0 89 3  47  6 2142  150 1.5 13 9 2 6 14% 334145 3211 98%
c i  0.44  0 86 3  58  6 2206  176 1.5 13 9 2 6 14% 334115 3205 98%
c i  0.44  0 86 3  58  6 2207  176 1.5 13 9 2 6 14% 334115 3204 98%
c 
c  seconds  reduction conflicts       size  tier2       variables
c         MB    restarts   redundant     glue  trail         remaining
c          level     rate       size/glue tier1  irredundant
c 
c i  0.44  0 86 3  58  6 2211  179 1.5 13 9 2 6 14% 334115 3203 98%
c i  0.45  0 83 3  59  6 2288  219 1.5 13 9 2 6 14% 334083 3202 98%
c i  0.45  0 83 3  60  6 2290  219 1.5 13 9 2 6 14% 334082 3201 98%
c i  0.45  0 83 3  60  6 2297  222 1.5 13 9 2 6 14% 334081 3200 98%
c i  0.45  0 85 3  64  6 2385  268 1.5 13 9 2 6 15% 334049 3199 98%
c i  0.45  0 85 3  66  6 2392  269 1.5 13 9 2 6 15% 334048 3197 98%
c i  0.45  0 85 3  66  6 2393  269 1.5 13 9 2 6 15% 334048 3195 98%
c i  0.46  0 84 3  68  6 2414  278 1.5 13 9 2 6 15% 334040 3191 97%
c i  0.46  0 84 3  68  6 2415  278 1.5 13 9 2 6 15% 334040 3183 97%
c i  0.46  0 84 3  68  6 2416  278 1.5 13 9 2 6 15% 334040 3182 97%
c i  0.46  0 84 3  68  6 2417  278 1.5 13 9 2 6 15% 334040 3179 97%
c i  0.46  0 84 3  68  6 2418  278 1.5 13 9 2 6 15% 334040 3148 96%
c i  0.46  0 83 3  68  6 2428  284 1.5 13 9 2 6 15% 334038 3145 96%
c i  0.46  0 83 3  68  6 2429  284 1.5 13 9 2 6 15% 334038 3144 96%
c i  0.46  0 83 3  68  6 2430  284 1.5 13 9 2 6 15% 334038 3141 96%
c i  0.46  0 83 3  68  6 2452  294 1.5 13 9 2 6 15% 334030 3140 96%
c i  0.46  0 83 3  68  6 2454  294 1.5 13 9 2 6 15% 334030 3132 96%
c i  0.46  0 82 3  72  6 2477  308 1.5 13 9 2 6 15% 334025 3131 96%
c i  0.49  0 79 3  93  6 2588  389 1.5 14 10 2 6 15% 334007 3127 95%
c i  0.49  0 78 3  98  6 2603  396 1.5 14 10 2 6 15% 334000 3126 95%
c 
c  seconds  reduction conflicts       size   tier2       variables
c         MB    restarts   redundant     glue   trail         remaining
c          level     rate       size/glue  tier1  irredundant
c 
c i  0.51  0 77 3 111  6 2670  441 1.4 14 10 2 6 15% 333985 3092 94%
c i  0.51  0 76 3 118  6 2700  458 1.4 14 10 2 6 15% 333977 3044 93%
c i  0.52  0 75 3 124  6 2727  473 1.4 14 10 2 6 15% 333968 3042 93%
c i  0.53  0 74 3 137  6 2770  505 1.4 15 10 2 6 15% 333968 3041 93%
c i  0.53  0 74 3 140  6 2781  513 1.4 15 10 2 6 15% 333967 3040 93%
c i  0.53  0 73 3 141  6 2786  516 1.4 15 10 2 6 15% 333966 3039 93%
c i  0.55  0 71 3 162  6 2866  569 1.4 15 10 2 6 15% 333950 3037 93%
c i  0.55  0 70 3 172  6 2906  595 1.4 15 11 2 6 15% 333950 3036 93%
c i  0.55  0 70 3 172  6 2907  595 1.4 15 11 2 6 15% 333950 3035 93%
c i  0.55  0 70 3 172  6 2908  595 1.4 15 11 2 6 15% 333950 2990 91%
c O  0.57  0 68 3 198  6 3005  672 1.4 15 11 2 6 15% 333949 2990 91%
c i  0.58  0 67 3 206  6 3041  696 1.4 15 11 2 6 15% 333943 2989 91%
c i  0.58  0 67 3 206  6 3042  696 1.4 15 11 2 6 15% 333943 2988 91%
c i  0.58  0 67 3 206  6 3043  696 1.4 15 11 2 6 15% 333943 2987 91%
c i  0.58  0 67 3 209  6 3055  705 1.4 15 11 2 6 15% 333943 2939 90%
c 2  0.58  0 67 3 209  6 3055  704 1.4 15 11 2 6 15% 333943 2934 90%
c d  0.59  0 67 3 209  6 3055  625 1.4 15 11 2 6 15% 333621 2933 90%
c d  0.60  0 67 3 209  6 3055  625 1.4 15 11 2 6 15% 333619 2932 89%
c p  0.61  0 67 3 209  6 3055  625 1.4 15 11 2 6 15% 333619 2931 89%
c t  0.66  0 67 3 209  6 3055  620 1.4 15 11 2 6 15% 333642 2921 89%
c 
c  seconds  reduction conflicts       size   tier2       variables
c         MB    restarts   redundant     glue   trail         remaining
c          level     rate       size/glue  tier1  irredundant
c 
c }  0.73  0 65 3 236  6 3157  691 1.4 16 11 2 6  6% 333641 2921 89%
c [  0.73  0 15 3 236  1 3157  691 1.5 10 7 2 6 14% 333641 2921 89%
c -  0.82  0 15 4 237  1 3906  434 1.4 14 9 2 6 10% 333637 2921 89%
c ]  0.92  0 16 4 238  1 5151 1210 1.4 16 11 9 15  9% 333594 2921 89%
c {  0.92  0 65 4 238  6 5151 1210 1.4 16 11 2 6  6% 333594 2921 89%
c 2  0.98  0 59 4 336  6 5555 1508 1.4 17 12 9 16  8% 333549 2915 89%
c #  1.03  0 53 4 435  5 6007 1808 1.4 17 13 9 16  7% 333549 2915 89%
c -  1.11  0 49 5 438  5 6285 1798 1.4 17 12 9 17  6% 333537 2915 89%
c i  1.22  0 44 5 575  4 7140 2370 1.4 18 13 9 16  7% 333496 2914 89%
c i  1.22  0 43 5 575  4 7232 2449 1.4 18 13 9 16  8% 333487 2913 89%
c i  1.24  0 41 5 575  4 7585 2712 1.5 18 13 9 16  8% 333480 2912 89%
c 2  1.31  0 39 5 697  4 8160 3148 1.5 19 13 9 16  8% 333478 2909 89%
c }  1.46  0 37 5 773  4 8700 3578 1.5 19 13 9 16  8% 333471 2909 89%
c [  1.46  0 16 5 773  1 8700 3578 1.4 16 11 9 15  9% 333471 2909 89%
c i  1.48  0 18 5 773  1 9123 3914 1.5 18 12 10 15 10% 333460 2908 89%
c i  1.48  0 18 5 773  1 9127 3917 1.5 18 12 10 15 10% 333460 2907 89%
c i  1.49  0 18 5 773  1 9223 3987 1.5 18 12 10 15 10% 333458 2906 89%
c i  1.49  0 18 5 773  1 9225 3988 1.5 18 12 10 15 10% 333458 2905 89%
c i  1.49  0 18 5 773  1 9231 3993 1.5 18 12 10 15 10% 333458 2903 89%
c -  1.52  0 18 6 773  1 9303 3467 1.5 18 12 10 15 10% 333438 2903 89%
c 
c  seconds  reduction conflicts       size    tier2        variables
c         MB    restarts   redundant     glue     trail         remaining
c          level     rate       size/glue  tier1    irredundant
c 
c i  1.53  0 18 6 773  1 9304 3467 1.5 18 12 10 15 10% 333438 2902 89%
c i  1.53  0 18 6 773  1 9311 3471 1.5 18 12 10 15 10% 333437 2900 89%
c i  1.56  0 20 6 773  1 9937 3957 1.5 19 13 10 15 10% 333396 2899 88%
c i  1.56  0 20 6 773  1 9951 3964 1.5 19 13 10 15 10% 333390 2898 88%
c i  1.56  0 20 6 773  1 9993 3988 1.5 19 13 10 15 10% 333382 2897 88%
c I  1.57  0 20 6 773  1 10008 3998 1.5 19 13 10 15 10% 333382 2897 88%
c i  1.61  0 20 6 774  1 10367 4200 1.5 19 13 10 15 10% 333382 2856 87%
c i  1.69  0 19 6 775  1 11443 4954 1.5 19 13 10 15 10% 333376 2827 86%
c i  1.70  0 19 6 775  1 11451 4956 1.5 19 13 10 15 10% 333376 2826 86%
c i  1.70  0 19 6 775  1 11452 4956 1.5 19 13 10 15 10% 333376 2783 85%
c -  1.83  0 21 7 776  1 12974 4354 1.5 21 14 10 15 11% 333213 2783 85%
c s  1.88  0 21 7 776  1 13391 4629 1.5 21 14 11 18 11% 333166 2783 85%
c t  1.89  0 21 7 776  1 13391 4627 1.5 21 14 11 18 11% 333134 2783 85%
c e  1.93  0 21 7 776  1 13391 4291 1.5 21 14 11 18 11% 329254 646 20%
c s  1.94  0 21 7 776  1 13391 4291 1.5 21 14 11 18 11% 329226 646 20%
c ]  2.05  0 21 7 776  1 13760 4541 1.4 21 15 11 18 16% 329226 646 20%
c {  2.05  0 37 7 776  4 13760 4541 1.5 19 13 9 16 36% 329226 646 20%
c B  2.19  0 35 7 1002  3 15009 5552 1.5 20 14 9 16 31% 329226 646 20%
c -  2.38  0 30 8 1014  3 17309 5295 1.4 19 13 9 16 24% 329226 646 20%
c u  2.48  0 30 8 1014  3 17309 5245 1.4 19 13 9 16 24% 329248 646 20%
c 
c  seconds  reductions  conflicts       size   tier2        variables
c         MB    restarts     redundant     glue    trail        remaining
c          level      rate        size/glue  tier1   irredundant
c 
c v  2.50  0 30 8 1014  3 17309 5243 1.4 19 13 9 16 24% 329248 646 20%
c w  2.51  0 30 8 1014  3 17309 5240 1.4 19 13 9 16 24% 329248 646 20%
c x  2.52  0 30 8 1014  3 17309 5240 1.4 19 13 9 16 24% 329248 646 20%
c }  2.79  0 26 8 1157  2 20785 7472 1.4 19 13 9 16 20% 329248 646 20%
c [  2.79  0 21 8 1157  1 20785 7472 1.4 21 15 11 18 16% 329248 646 20%
c B  2.80  0 21 8 1157  1 21011 7634 1.4 21 15 11 18 15% 329248 646 20%
c -  2.89  0 21 9 1158  1 22300 6849 1.4 21 15 12 18 15% 329248 646 20%
c t  2.90  0 21 9 1158  1 22300 6848 1.4 21 15 12 18 15% 329248 646 20%
c -  3.23  0 19 10 1161  1 27964 8216 1.4 21 14 12 18 14% 329248 646 20%
c W  3.43  0 19 10 1161  1 28012 8246 1.4 21 14 12 18 14% 329248 646 20%
c ]  3.60  0 18 10 1163  1 31171 10270 1.5 20 14 12 18 14% 329248 646 20%
c {  3.60  0 26 10 1163  2 31171 10270 1.4 19 13 9 16 20% 329248 646 20%
c -  3.96  0 24 11 1608  2 34307 9846 1.4 19 14 9 16 19% 329248 646 20%
c W  4.20  0 23 11 1628  2 36013 10755 1.4 19 14 9 16 18% 329248 646 20%
c -  4.58  0 21 12 1642  2 41333 11810 1.4 18 13 11 15 16% 329248 646 20%
c u  4.75  0 21 12 1642  2 41333 11774 1.4 18 13 11 15 16% 329248 646 20%
c v  4.76  0 21 12 1642  2 41333 11771 1.4 18 13 11 15 16% 329248 646 20%
c w  4.77  0 21 12 1642  2 41333 11770 1.4 18 13 11 15 16% 329248 646 20%
c x  4.79  0 21 12 1642  2 41333 11770 1.4 18 13 11 15 16% 329248 646 20%
c }  4.89  0 20 12 1642  2 42431 12269 1.4 18 13 11 15 16% 329248 646 20%
c 
c  seconds  reductions   conflicts        size    tier2        variables
c         MB     restarts      redundant     glue     trail        remaining
c          level       rate         size/glue  tier1    irredundant
c 
c [  4.89  0 18 12 1642  1 42431 12269 1.5 20 14 12 18 14% 329248 646 20%
c O  5.04  0 17 12 1643  1 45014 13601 1.4 20 14 12 18 14% 329248 646 20%
c -  5.38  0 17 13 1644  1 49045 14265 1.5 19 13 12 18 14% 329248 646 20%
c p  5.39  0 17 13 1644  1 49045 14270 1.5 19 13 12 18 14% 329248 646 20%
c s  5.43  0 17 13 1645  1 49366 14443 1.5 19 13 12 18 14% 329209 646 20%
c s  5.49  0 17 13 1645  1 49366 14435 1.5 19 13 12 18 14% 329190 646 20%
c B  5.92  0 17 13 1645  1 55016 18205 1.5 20 13 12 18 14% 329190 646 20%
c ]  5.94  0 17 13 1645  1 55202 18302 1.5 20 13 12 18 14% 329190 646 20%
c {  5.94  0 20 13 1645  2 55202 18302 1.4 18 13 11 15 16% 329190 646 20%
c -  6.14  0 20 14 1938  2 57446 17768 1.4 18 13 11 15 15% 329190 646 20%
c p  6.15  0 20 14 1938  2 57446 17774 1.4 18 13 11 15 15% 329190 646 20%
c F  6.89  0 19 14 2809  2 66018 23466 1.4 19 13 11 15 15% 329190 646 20%
c -  7.01  0 19 15 2837  2 66537 21316 1.4 19 13 11 15 15% 329190 646 20%
c p  7.01  0 19 15 2837  2 66537 21319 1.4 19 13 11 15 15% 329190 646 20%
c u  7.06  0 19 15 2837  2 66537 21273 1.4 19 13 11 15 15% 329190 646 20%
c v  7.07  0 19 15 2837  2 66537 21271 1.4 19 13 11 15 15% 329190 646 20%
c w  7.08  0 19 15 2837  2 66537 21269 1.4 19 13 11 15 15% 329190 646 20%
c x  7.10  0 19 15 2837  2 66537 21269 1.4 19 13 11 15 15% 329189 646 20%
c }  7.57  0 19 15 2983  2 71820 24653 1.4 19 13 10 15 15% 329189 646 20%
c [  7.57  0 17 15 2983  1 71820 24653 1.5 20 13 12 18 14% 329189 646 20%
c 
c  seconds  reductions   conflicts        size    tier2        variables
c         MB     restarts      redundant     glue     trail        remaining
c          level       rate         size/glue  tier1    irredundant
c 
c -  7.89  0 17 16 2986  1 76322 22288 1.5 20 13 12 18 14% 329189 646 20%
c p  7.91  0 17 16 2986  1 76322 22294 1.5 20 13 12 18 14% 329189 646 20%
c W  8.25  0 17 16 2986  1 78020 23460 1.5 20 14 12 18 14% 329189 646 20%
c -  8.79  0 17 17 2991  1 86801 24734 1.5 21 14 12 18 15% 329189 646 20%
c I  9.21  0 17 17 2994  1 91023 27575 1.6 21 14 12 18 15% 329189 646 20%
c ]  9.39  0 17 17 2996  1 94075 29548 1.6 21 14 12 18 15% 329189 646 20%
c {  9.39  0 19 17 2996  2 94075 29548 1.4 19 13 10 15 15% 329189 646 20%
c -  9.70  0 19 18 3333  2 97979 27326 1.4 19 13 10 15 15% 329189 646 20%
c p  9.70  0 19 18 3333  2 97979 27328 1.4 19 13 10 15 15% 329189 646 20%
c u  9.75  0 19 18 3333  2 97979 27278 1.4 19 13 10 15 15% 329189 646 20%
c v  9.77  0 19 18 3333  2 97979 27272 1.4 19 13 10 15 15% 329189 646 20%
c w  9.78  0 19 18 3333  2 97979 27272 1.4 19 13 10 15 15% 329189 646 20%
c s 10.27  0 18 18 3625  2 103326 30614 1.4 19 13 10 15 15% 329143 646 20%
c s 10.32  0 18 18 3625  2 103326 30608 1.4 19 13 10 15 15% 329087 646 20%
c B 10.53  0 18 18 3742  2 105024 31631 1.4 19 13 10 15 15% 329087 646 20%
c - 11.04  0 18 19 4058  2 109854 30063 1.4 19 13 10 15 15% 329087 646 20%
c p 11.05  0 18 19 4058  2 109854 30068 1.4 19 13 10 15 15% 329087 646 20%
c } 11.65  0 18 19 4934  2 115393 33830 1.4 20 14 10 15 15% 329087 646 20%
c [ 11.65  0 17 19 4934  1 115393 33830 1.6 21 14 12 18 15% 329087 646 20%
c B 11.98  0 17 19 4935  1 120025 36701 1.6 21 14 12 18 15% 329087 646 20%
c 
c  seconds  reductions   conflicts         size    tier2        variables
c         MB     restarts       redundant     glue     trail        remaining
c          level       rate          size/glue  tier1    irredundant
c 
c - 12.15  0 18 20 4936  1 122429 32509 1.5 22 14 12 18 15% 329087 646 20%
c p 12.16  0 18 20 4936  1 122429 32511 1.5 22 14 12 18 15% 329087 646 20%
c u 12.21  0 18 20 4936  1 122429 32485 1.5 22 14 12 18 15% 329087 646 20%
c v 12.23  0 18 20 4936  1 122429 32481 1.5 22 14 12 18 15% 329087 646 20%
c w 12.24  0 18 20 4936  1 122429 32481 1.5 22 14 12 18 15% 329087 646 20%
c x 12.26  0 18 20 4936  1 122429 32481 1.5 22 14 12 18 15% 329087 646 20%
c - 13.08  0 19 21 4937  1 135701 33740 1.5 23 15 12 18 15% 329087 646 20%
c p 13.09  0 19 21 4937  1 135701 33743 1.5 23 15 12 18 15% 329087 646 20%
c W 13.51  0 19 21 4937  1 136026 33970 1.5 23 15 12 18 15% 329087 646 20%
c ] 14.10  0 19 21 4938  1 146001 41170 1.5 23 15 11 16 16% 329087 646 20%
c { 14.10  0 18 21 4938  2 146001 41170 1.4 20 14 10 15 15% 329087 646 20%
c - 14.50  0 18 22 5037  2 149673 36642 1.4 19 13 10 15 15% 329087 646 20%
c p 14.51  0 18 22 5037  2 149673 36644 1.4 19 13 10 15 15% 329087 646 20%
c u 14.56  0 18 22 5037  2 149673 36612 1.4 19 13 10 15 15% 329087 646 20%
c v 14.57  0 18 22 5037  2 149673 36610 1.4 19 13 10 15 15% 329087 646 20%
c w 14.58  0 18 22 5037  2 149673 36610 1.4 19 13 10 15 15% 329087 646 20%
c x 14.60  0 18 22 5037  2 149673 36610 1.4 19 13 10 15 15% 329087 646 20%
c W 15.07  0 18 22 5159  1 153027 39153 1.5 20 13 10 15 15% 329087 646 20%
c - 16.03  0 17 23 5421  1 164349 41166 1.5 19 13 10 15 14% 329087 646 20%
c p 16.04  0 17 23 5421  1 164349 41171 1.5 19 13 10 15 14% 329087 646 20%
c 
c  seconds  reductions   conflicts         size    tier2        variables
c         MB     restarts       redundant     glue     trail        remaining
c          level       rate          size/glue  tier1    irredundant
c 
c # 16.81  0 17 23 5520  1 171030 45214 1.5 19 13 10 15 14% 329087 646 20%
c } 17.19  0 17 23 5993  1 174558 47540 1.5 19 13 10 15 14% 329087 646 20%
c [ 17.19  0 19 23 5993  1 174558 47540 1.5 23 15 11 16 16% 329087 646 20%
c s 17.27  0 19 23 5994  1 175269 48002 1.5 23 15 11 16 16% 329053 646 20%
c s 17.34  0 19 23 5994  1 175269 48000 1.5 23 15 11 16 16% 328984 646 20%
c - 17.71  0 19 24 5997  1 179727 45400 1.5 23 15 11 16 15% 328984 646 20%
c p 17.72  0 19 24 5997  1 179727 45402 1.5 23 15 11 16 15% 328984 646 20%
c u 17.78  0 19 24 5997  1 179727 45377 1.5 23 15 11 16 15% 328984 646 20%
c v 17.80  0 19 24 5997  1 179727 45372 1.5 23 15 11 16 15% 328984 646 20%
c w 17.81  0 19 24 5997  1 179727 45371 1.5 23 15 11 16 15% 328984 646 20%
c x 17.84  0 19 24 5997  1 179727 45371 1.5 23 15 11 16 15% 328980 646 20%
c O 18.58  0 19 24 6002  1 190031 52455 1.5 23 15 11 16 15% 328980 646 20%
c - 19.00  0 19 25 6006  1 195807 49038 1.5 23 15 11 16 15% 328980 646 20%
c p 19.02  0 19 25 6006  1 195807 49044 1.5 23 15 11 16 15% 328980 646 20%
c ] 19.77  0 19 25 6007  1 207265 55748 1.5 23 15 11 16 15% 328980 646 20%
c { 19.77  0 17 25 6007  1 207265 55748 1.5 19 13 10 15 14% 328980 646 20%
c B 20.01  0 17 25 6275  1 210032 57519 1.5 19 13 10 15 14% 328980 646 20%
c - 20.33  0 17 26 6613  1 212591 51693 1.5 19 13 10 15 14% 328980 646 20%
c p 20.34  0 17 26 6613  1 212591 51695 1.5 19 13 10 15 14% 328980 646 20%
c u 20.39  0 17 26 6613  1 212591 51676 1.5 19 13 10 15 14% 328980 646 20%
c 
c  seconds  reductions   conflicts         size    tier2        variables
c         MB     restarts       redundant     glue     trail        remaining
c          level       rate          size/glue  tier1    irredundant
c 
c v 20.42  0 17 26 6613  1 212591 51671 1.5 19 13 10 15 14% 328980 646 20%
c w 20.43  0 17 26 6613  1 212591 51668 1.5 19 13 10 15 14% 328980 646 20%
c x 20.46  0 17 26 6613  1 212591 51668 1.5 19 13 10 15 14% 328974 646 20%
c - 21.68  0 16 27 7202  1 230077 55615 1.5 19 13 10 15 15% 328974 646 20%
c p 21.69  0 16 27 7202  1 230077 55621 1.5 19 13 10 15 15% 328974 646 20%
c W 22.32  0 16 27 7355  1 231036 56210 1.5 19 13 10 15 15% 328974 646 20%
c } 23.66  0 16 27 8260  1 246026 66257 1.5 19 13 10 15 15% 328974 646 20%
c [ 23.66  0 19 27 8260  1 246026 66257 1.5 23 15 11 16 15% 328974 646 20%
c - 23.84  0 19 28 8262  1 248271 60430 1.5 22 15 11 16 15% 328974 646 20%
c 2 23.84  0 19 28 8262  1 248271 60430 1.5 22 15 11 16 15% 328974 645 20%
c p 23.85  0 19 28 8262  1 248271 60436 1.5 22 15 11 16 15% 328974 645 20%
c u 23.92  0 19 28 8262  1 248271 60373 1.5 22 15 11 16 15% 328974 645 20%
c v 23.94  0 19 28 8262  1 248271 60371 1.5 22 15 11 16 15% 328974 645 20%
c w 23.96  0 19 28 8262  1 248271 60369 1.5 22 15 11 16 15% 328974 645 20%
c x 23.99  0 19 28 8262  1 248271 60369 1.5 22 15 11 16 15% 328964 645 20%
c B 24.27  0 19 28 8266  1 253037 63632 1.5 23 15 11 16 15% 328964 645 20%
c s 24.99  0 19 28 8273  1 265194 71997 1.5 23 15 11 16 15% 328866 645 20%
c e 25.04  0 19 28 8273  1 265194 71953 1.5 23 15 11 16 15% 327398 641 20%
c s 25.07  0 19 28 8273  1 265194 71940 1.5 23 15 11 16 15% 327251 641 20%
c - 25.34  0 19 29 8273  1 267169 62378 1.5 23 15 10 16 15% 327251 641 20%
c 
c  seconds  reductions   conflicts         size    tier2        variables
c         MB     restarts       redundant     glue     trail        remaining
c          level       rate          size/glue  tier1    irredundant
c 
c W 26.13  0 19 29 8275  1 276042 68220 1.5 23 15 10 16 15% 327251 641 20%
c - 26.89  0 18 30 8276  1 286744 67562 1.5 23 15 10 16 15% 327251 641 20%
c p 26.90  0 18 30 8276  1 286744 67567 1.5 23 15 10 16 15% 327251 641 20%
c u 27.19  0 18 30 8276  1 286744 67541 1.5 23 15 10 16 15% 327251 641 20%
c v 27.21  0 18 30 8276  1 286744 67535 1.5 23 15 10 16 15% 327251 641 20%
c w 27.23  0 18 30 8276  1 286744 67534 1.5 23 15 10 16 15% 327251 641 20%
c x 27.26  0 18 30 8276  1 286744 67534 1.5 23 15 10 16 15% 327248 641 20%
c ] 27.54  0 18 30 8276  1 290001 69609 1.5 22 15 10 16 15% 327248 641 20%
c { 27.54  0 16 30 8276  1 290001 69609 1.5 19 13 10 15 15% 327248 641 20%
c F 28.49  0 16 30 8869  1 300045 75469 1.5 19 13 10 15 14% 327248 641 20%
c - 29.18  0 16 31 9161  1 307024 72903 1.5 19 13 10 15 14% 327248 641 20%
c p 29.19  0 16 31 9161  1 307024 72907 1.5 19 13 10 15 14% 327248 641 20%
c u 29.24  0 16 31 9161  1 307024 72894 1.5 19 13 10 15 14% 327248 641 20%
c v 29.25  0 16 31 9161  1 307024 72894 1.5 19 13 10 15 14% 327248 641 20%
c w 29.26  0 16 31 9161  1 307024 72893 1.5 19 13 10 15 14% 327248 641 20%
c x 29.28  0 16 31 9161  1 307024 72893 1.5 19 13 10 15 14% 327244 641 20%
c B 30.77  0 15 31 9522  1 325046 83497 1.5 19 12 10 15 14% 327244 641 20%
c - 31.12  0 15 32 9756  1 328008 78195 1.5 19 12 10 15 14% 327244 641 20%
c p 31.14  0 15 32 9756  1 328008 78200 1.5 19 12 10 15 14% 327244 641 20%
c u 31.19  0 15 32 9756  1 328008 78172 1.5 19 12 10 15 14% 327244 641 20%
c 
c  seconds  reductions   conflicts         size    tier2        variables
c         MB     restarts       redundant     glue     trail        remaining
c          level       rate          size/glue  tier1    irredundant
c 
c v 31.21  0 15 32 9756  1 328008 78171 1.5 19 12 10 15 14% 327244 641 20%
c w 31.22  0 15 32 9756  1 328008 78171 1.5 19 12 10 15 14% 327244 641 20%
c x 31.24  0 15 32 9756  1 328008 78170 1.5 19 12 10 15 14% 327241 641 20%
c } 31.83  0 15 32 10150  1 332578 80952 1.5 19 12 10 15 14% 327241 641 20%
c [ 31.83  0 18 32 10150  1 332578 80952 1.5 22 15 10 16 15% 327241 641 20%
c - 33.08  0 18 33 10151  1 349698 82462 1.5 22 15 10 16 15% 327241 641 20%
c p 33.10  0 18 33 10151  1 349698 82467 1.5 22 15 10 16 15% 327241 641 20%
c u 33.15  0 18 33 10151  1 349698 82456 1.5 22 15 10 16 15% 327241 641 20%
c v 33.17  0 18 33 10151  1 349698 82451 1.5 22 15 10 16 15% 327241 641 20%
c w 33.18  0 18 33 10151  1 349698 82450 1.5 22 15 10 16 15% 327241 641 20%
c x 33.21  0 18 33 10151  1 349698 82450 1.5 22 15 10 16 15% 327238 641 20%
c I 33.37  0 18 33 10151  1 351049 83143 1.5 22 14 10 16 15% 327238 641 20%
c - 35.03  0 17 34 10151  1 372094 90042 1.5 22 14 10 16 15% 327238 641 20%
c p 35.04  0 17 34 10151  1 372094 90046 1.5 22 14 10 16 15% 327238 641 20%
c u 35.08  0 17 34 10151  1 372094 90028 1.5 22 14 10 16 15% 327238 641 20%
c v 35.10  0 17 34 10151  1 372094 90026 1.5 22 14 10 16 15% 327238 641 20%
c w 35.11  0 17 34 10151  1 372094 90024 1.5 22 14 10 16 15% 327238 641 20%
c x 35.14  0 17 34 10151  1 372094 90024 1.5 22 14 10 16 15% 327234 641 20%
c s 35.27  0 17 34 10152  1 373145 90736 1.5 22 14 10 16 15% 326956 641 20%
c s 35.34  0 17 34 10152  1 373145 90728 1.5 22 14 10 16 15% 326736 641 20%
c 
c  seconds  reductions    conflicts         size    tier2        variables
c         MB      restarts       redundant     glue     trail        remaining
c          level        rate          size/glue  tier1    irredundant
c 
c B 35.77  0 18 34 10156  1 378052 93909 1.5 22 14 10 16 15% 326736 641 20%
c ] 35.83  0 18 34 10157  1 378739 94372 1.5 22 14 10 16 15% 326736 641 20%
c { 35.83  0 15 34 10157  1 378739 94372 1.5 19 12 10 15 14% 326736 641 20%
c - 37.84  0 15 35 11459  1 395195 95612 1.5 19 13 10 15 14% 326736 641 20%
c p 37.85  0 15 35 11459  1 395195 95616 1.5 19 13 10 15 14% 326736 641 20%
c u 37.91  0 15 35 11459  1 395195 95560 1.5 19 13 10 15 14% 326736 641 20%
c v 37.93  0 15 35 11459  1 395195 95558 1.5 19 13 10 15 14% 326736 641 20%
c w 37.94  0 15 35 11459  1 395195 95556 1.5 19 13 10 15 14% 326736 641 20%
c x 37.98  0 15 35 11459  1 395195 95556 1.5 19 13 10 15 14% 326733 641 20%
c W 40.21  0 15 35 12589  1 406055 102080 1.5 19 13 9 13 14% 326733 641 20%
c - 41.61  0 15 36 13315  1 418993 83828 1.5 19 13 9 13 14% 326733 641 20%
c p 41.63  0 15 36 13315  1 418993 83831 1.5 19 13 9 13 14% 326733 641 20%
c u 41.68  0 15 36 13315  1 418993 83806 1.5 19 13 9 13 14% 326733 641 20%
c v 41.71  0 15 36 13315  1 418993 83805 1.5 19 13 9 13 14% 326733 641 20%
c w 41.72  0 15 36 13315  1 418993 83804 1.5 19 13 9 13 14% 326733 641 20%
c x 41.75  0 15 36 13315  1 418993 83804 1.5 19 13 9 13 14% 326733 641 20%
c } 42.23  0 15 36 13438  1 424616 87405 1.5 19 13 9 13 14% 326733 641 20%
c [ 42.23  0 18 36 13438  1 424616 87405 1.5 22 14 10 16 15% 326733 641 20%
c W 43.13  0 17 36 13443  1 435056 93668 1.5 21 14 10 16 15% 326733 641 20%
c - 43.65  0 17 37 13447  1 443495 84474 1.5 22 14 10 16 15% 326733 641 20%
c 
c  seconds  reductions    conflicts         size    tier2        variables
c         MB      restarts       redundant     glue     trail        remaining
c          level        rate          size/glue  tier1    irredundant
c 
c p 43.66  0 17 37 13447  1 443495 84478 1.5 22 14 10 16 15% 326733 641 20%
c u 43.70  0 17 37 13447  1 443495 84464 1.5 22 14 10 16 15% 326733 641 20%
c v 43.72  0 17 37 13447  1 443495 84463 1.5 22 14 10 16 15% 326733 641 20%
c w 43.73  0 17 37 13447  1 443495 84462 1.5 22 14 10 16 15% 326733 641 20%
c x 43.75  0 17 37 13447  1 443495 84462 1.5 22 14 10 16 15% 326733 641 20%
c O 45.27  0 17 37 13456  1 465058 96807 1.5 21 14 9 15 15% 326733 641 20%
c - 45.61  0 17 38 13458  1 468705 86204 1.5 21 14 9 15 15% 326733 641 20%
c p 45.62  0 17 38 13458  1 468705 86208 1.5 21 14 9 15 15% 326733 641 20%
c u 45.97  0 17 38 13458  1 468705 86191 1.5 21 14 9 15 15% 326733 641 20%
c v 45.99  0 17 38 13458  1 468705 86182 1.5 21 14 9 15 15% 326733 641 20%
c w 46.00  0 17 38 13458  1 468705 86181 1.5 21 14 9 15 15% 326733 641 20%
c ] 46.95  0 17 38 13462  1 480464 92993 1.5 21 14 9 15 14% 326733 641 20%
c { 46.95  0 15 38 13462  1 480464 92993 1.5 19 13 9 13 14% 326733 641 20%
c - 48.16  0 15 39 13719  1 494620 91569 1.5 19 12 9 13 14% 326733 641 20%
c p 48.18  0 15 39 13719  1 494620 91573 1.5 19 12 9 13 14% 326733 641 20%
c u 48.25  0 15 39 13719  1 494620 91537 1.5 19 12 9 13 14% 326733 641 20%
c v 48.28  0 15 39 13719  1 494620 91510 1.5 19 12 9 13 14% 326733 641 20%
c w 48.29  0 15 39 13719  1 494620 91508 1.5 19 12 9 13 14% 326733 641 20%
c # 48.49  0 15 39 13897  1 496061 92388 1.5 19 12 9 13 14% 326733 641 20%
c s 48.80  0 15 39 14025  1 499056 94164 1.5 19 12 9 13 14% 326490 641 20%
c 
c  seconds  reductions    conflicts         size   tier2        variables
c         MB      restarts       redundant     glue    trail        remaining
c          level        rate          size/glue  tier1   irredundant
c 
c s 48.88  0 15 39 14025  1 499056 94147 1.5 19 12 9 13 14% 326260 641 20%
c - 51.38  0 15 40 16139  1 521245 96767 1.5 19 12 9 13 14% 326260 641 20%
c p 51.39  0 15 40 16139  1 521245 96771 1.5 19 12 9 13 14% 326260 641 20%
c u 51.46  0 15 40 16139  1 521245 96736 1.5 19 12 9 13 14% 326260 641 20%
c v 51.49  0 15 40 16139  1 521245 96728 1.5 19 12 9 13 14% 326260 641 20%
c w 51.50  0 15 40 16139  1 521245 96725 1.5 19 12 9 13 14% 326260 641 20%
c x 51.55  0 15 40 16139  1 521245 96725 1.5 19 12 9 13 14% 326256 641 20%
c B 52.48  0 15 40 17436  1 528063 101037 1.5 19 13 9 13 14% 326256 641 20%
c } 53.21  0 15 40 17677  1 535742 105573 1.5 19 13 8 13 14% 326256 641 20%
c [ 53.21  0 17 40 17677  1 535742 105573 1.5 21 14 9 15 14% 326256 641 20%
c - 54.38  0 16 41 17678  1 548564 86769 1.5 21 14 9 15 14% 326256 641 20%
c p 54.39  0 16 41 17678  1 548564 86773 1.5 21 14 9 15 14% 326256 641 20%
c u 54.45  0 16 41 17678  1 548564 86758 1.5 21 14 9 15 14% 326256 641 20%
c v 54.48  0 16 41 17678  1 548564 86755 1.5 21 14 9 15 14% 326256 641 20%
c w 54.49  0 16 41 17678  1 548564 86754 1.5 21 14 9 15 14% 326256 641 20%
c x 54.52  0 16 41 17678  1 548564 86754 1.5 21 14 9 15 14% 326256 641 20%
c B 55.45  0 16 41 17682  1 561064 94339 1.5 21 14 9 15 14% 326256 641 20%
c - 56.52  0 17 42 17691  1 576589 84510 1.5 21 14 9 15 14% 326256 641 20%
c p 56.53  0 17 42 17691  1 576589 84514 1.5 21 14 9 15 14% 326256 641 20%
c u 56.58  0 17 42 17691  1 576589 84481 1.5 21 14 9 15 14% 326256 641 20%
c 
c  seconds  reductions    conflicts         size   tier2        variables
c         MB      restarts       redundant     glue    trail        remaining
c          level        rate          size/glue  tier1   irredundant
c 
c v 56.60  0 17 42 17691  1 576589 84475 1.5 21 14 9 15 14% 326256 641 20%
c w 56.61  0 17 42 17691  1 576589 84475 1.5 21 14 9 15 14% 326256 641 20%
c x 56.63  0 17 42 17691  1 576589 84475 1.5 21 14 9 15 14% 326253 641 20%
c W 59.32  0 17 42 17697  1 595066 95730 1.5 21 14 9 15 14% 326253 641 20%
c ] 59.70  0 17 42 17700  1 600065 99196 1.5 21 15 9 15 14% 326253 641 20%
c { 59.70  0 15 42 17700  1 600065 99196 1.5 19 13 8 13 14% 326253 641 20%
c - 60.32  0 15 43 17970  1 605320 83941 1.5 19 13 8 13 14% 326253 641 20%
c p 60.34  0 15 43 17970  1 605320 83945 1.5 19 13 8 13 14% 326253 641 20%
c u 60.41  0 15 43 17970  1 605320 83902 1.5 19 13 8 13 14% 326253 641 20%
c v 60.43  0 15 43 17970  1 605320 83899 1.5 19 13 8 13 14% 326253 641 20%
c w 60.44  0 15 43 17970  1 605320 83898 1.5 19 13 8 13 14% 326253 641 20%
c x 60.48  0 15 43 17970  1 605320 83898 1.5 19 13 8 13 14% 326249 641 20%
c W 63.14  0 15 43 19343  1 630067 98574 1.5 19 12 8 13 13% 326249 641 20%
c - 63.59  0 15 44 19390  1 634759 88714 1.5 19 12 8 13 13% 326249 641 20%
c p 63.60  0 15 44 19390  1 634759 88718 1.5 19 12 8 13 13% 326249 641 20%
c u 63.65  0 15 44 19390  1 634759 88696 1.5 19 12 8 13 13% 326249 641 20%
c v 63.67  0 15 44 19390  1 634759 88690 1.5 19 12 8 13 13% 326249 641 20%
c w 63.68  0 15 44 19390  1 634759 88690 1.5 19 12 8 13 13% 326249 641 20%
c x 63.71  0 15 44 19390  1 634759 88690 1.5 19 12 8 13 13% 326243 641 20%
c s 64.73  0 15 44 20465  1 642924 93843 1.5 19 13 8 13 13% 325961 641 20%
c 
c  seconds  reductions    conflicts         size   tier2        variables
c         MB      restarts       redundant     glue    trail        remaining
c          level        rate          size/glue  tier1   irredundant
c 
c s 64.83  0 15 44 20465  1 642924 93833 1.5 19 13 8 13 13% 325654 641 20%
c - 67.15  0 15 45 21200  1 664905 93136 1.5 18 12 8 13 13% 325654 641 20%
c p 67.17  0 15 45 21200  1 664905 93140 1.5 18 12 8 13 13% 325654 641 20%
c u 67.24  0 15 45 21200  1 664905 93091 1.5 18 12 8 13 13% 325654 641 20%
c v 67.27  0 15 45 21200  1 664905 93086 1.5 18 12 8 13 13% 325654 641 20%
c w 67.29  0 15 45 21200  1 664905 93086 1.5 18 12 8 13 13% 325654 641 20%
c x 67.33  0 15 45 21200  1 664905 93086 1.5 18 12 8 13 13% 325652 641 20%
c } 67.46  0 15 45 21209  1 666048 93668 1.5 18 12 8 13 13% 325652 641 20%
c [ 67.46  0 17 45 21209  1 666048 93668 1.5 21 15 9 15 14% 325652 641 20%
c I 67.47  0 17 45 21209  1 666068 93679 1.5 21 15 9 15 14% 325652 641 20%
c - 69.82  0 17 46 21218  1 695743 96582 1.5 21 14 9 15 14% 325652 641 20%
c p 69.84  0 17 46 21218  1 695743 96586 1.5 21 14 9 15 14% 325652 641 20%
c u 69.90  0 17 46 21218  1 695743 96564 1.5 21 14 9 15 14% 325652 641 20%
c v 69.93  0 17 46 21218  1 695743 96553 1.5 21 14 9 15 14% 325652 641 20%
c w 69.94  0 17 46 21218  1 695743 96553 1.5 21 14 9 15 14% 325652 641 20%
c x 69.98  0 17 46 21218  1 695743 96553 1.5 21 14 9 15 14% 325648 641 20%
c B 70.57  0 17 46 21218  1 703070 101353 1.5 21 14 9 15 14% 325648 641 20%
c - 72.41  0 17 47 21219  1 727287 98683 1.5 21 14 9 15 14% 325648 641 20%
c p 72.43  0 17 47 21219  1 727287 98687 1.5 21 14 9 15 14% 325648 641 20%
c u 72.90  0 17 47 21219  1 727287 98669 1.5 21 14 9 15 14% 325648 641 20%
c 
c  seconds  reductions    conflicts         size   tier2        variables
c         MB      restarts       redundant     glue    trail        remaining
c          level        rate          size/glue  tier1   irredundant
c 
c v 72.93  0 17 47 21219  1 727287 98664 1.5 21 14 9 15 14% 325648 641 20%
c w 72.95  0 17 47 21219  1 727287 98662 1.5 21 14 9 15 14% 325648 641 20%
c x 72.99  0 17 47 21219  1 727287 98662 1.5 21 14 9 15 14% 325643 641 20%
c ] 73.93  0 17 47 21219  1 739056 105925 1.5 21 14 9 15 14% 325643 641 20%
c { 73.93  0 15 47 21219  1 739056 105925 1.5 18 12 8 13 13% 325643 641 20%
c F 74.18  0 15 47 21589  1 741071 107348 1.5 18 12 8 13 13% 325643 641 20%
c - 75.86  0 14 48 22190  1 759538 103146 1.5 18 12 8 13 13% 325643 641 20%
c p 75.87  0 14 48 22190  1 759538 103150 1.5 18 12 8 13 13% 325643 641 20%
c u 75.94  0 14 48 22190  1 759538 103123 1.5 18 12 8 13 13% 325643 641 20%
c v 75.96  0 14 48 22190  1 759538 103115 1.5 18 12 8 13 13% 325643 641 20%
c w 75.98  0 14 48 22190  1 759538 103115 1.5 18 12 8 13 13% 325643 641 20%
c x 76.01  0 14 48 22190  1 759538 103115 1.5 18 12 8 13 13% 325636 641 20%
c B 78.02  0 15 48 23461  1 780075 115367 1.5 19 12 8 13 13% 325636 641 20%
c - 79.76  0 15 49 24592  1 792496 108736 1.5 19 12 8 13 13% 325636 641 20%
c p 79.78  0 15 49 24592  1 792496 108740 1.5 19 12 8 13 13% 325636 641 20%
c u 79.86  0 15 49 24592  1 792496 108702 1.5 19 12 8 13 13% 325636 641 20%
c v 79.90  0 15 49 24592  1 792496 108698 1.5 19 12 8 13 13% 325636 641 20%
c w 79.92  0 15 49 24592  1 792496 108696 1.5 19 12 8 13 13% 325636 641 20%
c x 79.96  0 15 49 24592  1 792496 108696 1.5 19 12 8 13 13% 325632 641 20%
c s 81.34  0 15 49 26329  1 804724 116341 1.5 19 13 8 13 13% 325251 641 20%
c 
c  seconds  reductions    conflicts          size   tier2        variables
c         MB      restarts       redundant      glue    trail        remaining
c          level        rate           size/glue  tier1   irredundant
c 
c s 81.45  0 15 49 26329  1 804724 116306 1.5 19 13 8 13 13% 325074 641 20%
c } 82.43  0 15 49 26821  1 813869 121672 1.5 19 13 8 13 13% 325074 641 20%
c [ 82.43  0 17 49 26821  1 813869 121672 1.5 21 14 9 15 14% 325074 641 20%
c W 84.38  0 17 49 26822  1 820076 125454 1.5 21 14 9 15 14% 325074 641 20%
c - 84.99  0 17 50 26822  1 826161 112393 1.5 21 14 9 15 14% 325074 641 20%
c p 85.01  0 17 50 26822  1 826161 112397 1.5 21 14 9 15 14% 325074 641 20%
c u 85.08  0 17 50 26822  1 826161 112367 1.5 21 14 9 15 14% 325074 641 20%
c v 85.10  0 17 50 26822  1 826161 112358 1.5 21 14 9 15 14% 325074 641 20%
c w 85.11  0 17 50 26822  1 826161 112356 1.5 21 14 9 15 14% 325074 641 20%
c x 85.15  0 17 50 26822  1 826161 112356 1.5 21 14 9 15 14% 325071 641 20%
c - 88.11  0 16 51 26822  1 860519 115560 1.5 21 14 9 15 14% 325071 641 20%
c p 88.12  0 16 51 26822  1 860519 115564 1.5 21 14 9 15 14% 325071 641 20%
c u 88.19  0 16 51 26822  1 860519 115549 1.5 21 14 9 15 14% 325071 641 20%
c v 88.21  0 16 51 26822  1 860519 115540 1.5 21 14 9 15 14% 325071 641 20%
c w 88.22  0 16 51 26822  1 860519 115539 1.5 21 14 9 15 14% 325071 641 20%
c x 88.26  0 16 51 26822  1 860519 115538 1.5 21 14 9 15 14% 325069 641 20%
c O 88.35  0 16 51 26822  1 861077 115888 1.5 20 14 9 15 14% 325069 641 20%
c ] 91.04  0 16 51 26829  1 891076 132966 1.5 20 14 9 15 14% 325069 641 20%
c { 91.04  0 15 51 26829  1 891076 132966 1.5 19 13 8 13 13% 325069 641 20%
c - 91.56  0 15 52 26894  1 895583 118647 1.5 19 13 8 13 13% 325069 641 20%
c 
c  seconds  reductions    conflicts          size   tier2        variables
c         MB      restarts       redundant      glue    trail        remaining
c          level        rate           size/glue  tier1   irredundant
c 
c p 91.58  0 15 52 26894  1 895583 118650 1.5 19 13 8 13 13% 325069 641 20%
c u 91.65  0 15 52 26894  1 895583 118598 1.5 19 13 8 13 13% 325069 641 20%
c v 91.68  0 15 52 26894  1 895583 118567 1.5 19 13 8 13 13% 325069 641 20%
c w 91.69  0 15 52 26894  1 895583 118567 1.5 19 13 8 13 13% 325069 641 20%
c x 91.74  0 15 52 26894  1 895583 118567 1.5 19 13 8 13 13% 325061 641 20%
c W 93.05  0 15 52 26997  1 903079 122747 1.5 19 12 8 13 13% 325061 641 20%
c - 96.58  0 15 53 29876  1 931353 121660 1.5 19 13 8 13 13% 325061 641 20%
c p 96.60  0 15 53 29876  1 931353 121664 1.5 19 13 8 13 13% 325061 641 20%
c u 96.69  0 15 53 29876  1 931353 121563 1.5 19 13 8 13 13% 325061 641 20%
c v 96.73  0 15 53 29876  1 931353 121521 1.5 19 13 8 13 13% 325061 641 20%
c w 96.75  0 15 53 29876  1 931353 121521 1.5 19 13 8 13 13% 325061 641 20%
c x 96.80  0 15 53 29876  1 931353 121521 1.5 19 13 8 13 13% 325055 641 20%
c # 98.38  0 15 53 30224  1 946081 130877 1.5 19 12 8 13 13% 325055 641 20%
c - 101.19  0 15 54 31769  1 967830 127745 1.5 19 12 8 13 13% 325055 641 20%
c p 101.21  0 15 54 31769  1 967830 127749 1.5 19 12 8 13 13% 325055 641 20%
c u 101.31  0 15 54 31769  1 967830 127698 1.5 19 12 8 13 13% 325055 641 20%
c v 101.35  0 15 54 31769  1 967830 127611 1.5 19 12 8 13 13% 325055 641 20%
c w 101.36  0 15 54 31769  1 967830 127609 1.5 19 12 8 13 13% 325055 641 20%
c x 101.42  0 15 54 31769  1 967830 127609 1.5 19 12 8 13 13% 325048 641 20%
c } 101.83  0 15 54 31848  1 971156 129350 1.5 19 12 8 13 13% 325048 641 20%
c 
c  seconds   reductions    conflicts          size   tier2        variables
c          MB      restarts       redundant      glue    trail        remaining
c           level        rate           size/glue  tier1   irredundant
c 
c [ 101.83  0 16 54 31848  1 971156 129350 1.5 20 14 9 15 14% 325048 641 20%
c s 102.91  0 16 54 31855  1 984450 138051 1.5 21 14 9 15 14% 324830 641 20%
c s 103.04  0 16 54 31855  1 984450 138035 1.5 21 14 9 15 14% 324521 641 20%
c B 103.66  0 16 54 31856  1 990084 141629 1.5 21 14 9 15 14% 324521 641 20%
c - 105.21  0 16 55 31863  1 1005015 130034 1.5 20 14 9 15 14% 324521 641 20%
c p 105.24  0 16 55 31863  1 1005015 130037 1.5 20 14 9 15 14% 324521 641 20%
c u 105.33  0 16 55 31863  1 1005015 129997 1.5 20 14 9 15 14% 324521 641 20%
c v 105.36  0 16 55 31863  1 1005015 129944 1.5 20 14 9 15 14% 324521 641 20%
c w 105.38  0 16 55 31863  1 1005015 129944 1.5 20 14 9 15 14% 324521 641 20%
c x 105.45  0 16 55 31863  1 1005015 129944 1.5 20 14 9 15 14% 324515 641 20%
c W 109.40  0 16 55 31872  1 1035086 147816 1.5 20 14 9 15 14% 324515 641 20%
c - 110.34  0 16 56 31872  1 1042893 130848 1.5 20 14 9 15 14% 324515 641 20%
c p 110.36  0 16 56 31872  1 1042893 130852 1.5 20 14 9 15 14% 324515 641 20%
c u 110.46  0 16 56 31872  1 1042893 130822 1.5 20 14 9 15 14% 324515 641 20%
c v 110.50  0 16 56 31872  1 1042893 130813 1.5 20 14 9 15 14% 324515 641 20%
c w 110.52  0 16 56 31872  1 1042893 130810 1.5 20 14 9 15 14% 324515 641 20%
c x 110.58  0 16 56 31872  1 1042893 130810 1.5 20 14 9 15 14% 324509 641 20%
c ] 111.98  0 17 56 31881  1 1058001 140907 1.5 21 14 9 15 14% 324509 641 20%
c { 111.98  0 15 56 31881  1 1058001 140907 1.5 19 12 8 13 13% 324509 641 20%
c B 115.16  0 15 56 33485  1 1081087 154986 1.5 19 13 8 13 13% 324509 641 20%
c 
c  seconds   reductions     conflicts          size   tier2        variables
c          MB      restarts        redundant      glue    trail        remaining
c           level        rate            size/glue  tier1   irredundant
c 
c - 115.32  0 15 57 33538  1 1081474 135923 1.5 19 13 8 13 13% 324509 641 20%
c p 115.34  0 15 57 33538  1 1081474 135927 1.5 19 13 8 13 13% 324509 641 20%
c u 116.06  0 15 57 33538  1 1081474 135875 1.5 19 13 8 13 13% 324509 641 20%
c v 116.11  0 15 57 33538  1 1081474 135865 1.5 19 13 8 13 13% 324509 641 20%
c w 116.13  0 15 57 33538  1 1081474 135862 1.5 19 13 8 13 13% 324509 641 20%
c x 116.20  0 15 57 33538  1 1081474 135862 1.5 19 13 8 13 13% 324503 641 20%
c - 121.04  0 14 58 35260  1 1120762 140985 1.5 18 12 8 13 13% 324503 641 20%
c p 121.06  0 14 58 35260  1 1120762 140989 1.5 18 12 8 13 13% 324503 641 20%
c u 121.14  0 14 58 35260  1 1120762 140943 1.5 18 12 8 13 13% 324503 641 20%
c v 121.18  0 14 58 35260  1 1120762 140940 1.5 18 12 8 13 13% 324503 641 20%
c w 121.20  0 14 58 35260  1 1120762 140938 1.5 18 12 8 13 13% 324503 641 20%
c x 121.27  0 14 58 35260  1 1120762 140937 1.5 18 12 8 13 13% 324501 641 20%
c W 123.15  0 14 58 35797  1 1128088 145384 1.5 19 12 8 13 13% 324501 641 20%
c } 125.11  0 14 58 36592  1 1141878 153454 1.5 19 12 8 13 13% 324501 641 20%
c [ 125.11  0 17 58 36592  1 1141878 153454 1.5 21 14 9 15 14% 324501 641 20%
c - 127.01  0 17 59 36598  1 1160758 145799 1.5 21 14 9 15 14% 324501 641 20%
c p 127.03  0 17 59 36598  1 1160758 145803 1.5 21 14 9 15 14% 324501 641 20%
c u 127.14  0 17 59 36598  1 1160758 145757 1.5 21 14 9 15 14% 324500 641 20%
c v 127.19  0 17 59 36598  1 1160758 145754 1.5 21 14 9 15 14% 324500 641 20%
c w 127.21  0 17 59 36598  1 1160758 145754 1.5 21 14 9 15 14% 324500 641 20%
c 
c  seconds   reductions     conflicts          size   tier2        variables
c          MB      restarts        redundant      glue    trail        remaining
c           level        rate            size/glue  tier1   irredundant
c 
c x 127.29  0 17 59 36598  1 1160758 145754 1.5 21 14 9 15 14% 324497 641 20%
c I 128.69  0 16 59 36608  1 1176089 155025 1.5 21 14 9 15 14% 324497 641 20%
c s 129.47  0 16 59 36611  1 1182096 158681 1.5 20 14 9 15 14% 324130 641 20%
c s 129.60  0 16 59 36611  1 1182096 158655 1.5 20 14 9 15 14% 323708 641 20%
c - 131.96  0 16 60 36614  1 1201462 151954 1.5 20 14 9 15 14% 323708 641 20%
c p 131.98  0 16 60 36614  1 1201462 151958 1.5 20 14 9 15 14% 323708 641 20%
c u 132.06  0 16 60 36614  1 1201462 151915 1.5 20 14 9 15 14% 323708 641 20%
c v 132.10  0 16 60 36614  1 1201462 151909 1.5 20 14 9 15 14% 323708 641 20%
c w 132.11  0 16 60 36614  1 1201462 151906 1.5 20 14 9 15 14% 323708 641 20%
c x 132.17  0 16 60 36614  1 1201462 151906 1.5 20 14 9 15 14% 323705 641 20%
c B 134.86  0 15 60 36615  1 1225091 164973 1.5 20 13 9 15 14% 323705 641 20%
c ] 135.56  0 15 60 36615  1 1230726 168720 1.5 20 13 9 15 14% 323705 641 20%
c { 135.56  0 14 60 36615  1 1230726 168720 1.5 19 12 8 13 13% 323705 641 20%
c - 137.35  0 14 61 37506  1 1242845 157685 1.5 18 12 8 13 13% 323705 641 20%
c p 137.37  0 14 61 37506  1 1242845 157689 1.5 18 12 8 13 13% 323705 641 20%
c u 137.49  0 14 61 37506  1 1242845 157660 1.5 18 12 8 13 13% 323705 641 20%
c v 137.54  0 14 61 37506  1 1242845 157657 1.5 18 12 8 13 13% 323705 641 20%
c w 137.57  0 14 61 37506  1 1242845 157656 1.5 18 12 8 13 13% 323705 641 20%
c x 137.64  0 14 61 37506  1 1242845 157656 1.5 18 12 8 13 13% 323698 641 20%
c F 142.14  0 14 61 38791  1 1275093 174557 1.5 18 12 7 13 13% 323698 641 20%
c 
c  seconds   reductions     conflicts          size   tier2        variables
c          MB      restarts        redundant      glue    trail        remaining
c           level        rate            size/glue  tier1   irredundant
c 
c - 143.39  0 14 62 39152  1 1284933 140743 1.5 18 12 7 13 13% 323698 641 20%
c p 143.41  0 14 62 39152  1 1284933 140747 1.5 18 12 7 13 13% 323698 641 20%
c u 143.53  0 14 62 39152  1 1284933 140701 1.5 18 12 7 13 13% 323698 641 20%
c v 143.58  0 14 62 39152  1 1284933 140697 1.5 18 12 7 13 13% 323698 641 20%
c w 143.61  0 14 62 39152  1 1284933 140693 1.5 18 12 7 13 13% 323698 641 20%
c x 143.68  0 14 62 39152  1 1284933 140693 1.5 18 12 7 13 13% 323692 641 20%
c } 148.57  0 13 62 41212  1 1323796 161871 1.5 18 12 7 12 13% 323692 641 20%
c [ 148.57  0 15 62 41212  1 1323796 161871 1.5 20 13 9 15 14% 323692 641 20%
c W 150.57  0 15 62 41212  1 1326094 163238 1.5 20 13 9 15 14% 323692 641 20%
c - 150.88  0 15 63 41212  1 1327730 136511 1.5 20 13 9 15 14% 323692 641 20%
c p 150.90  0 15 63 41212  1 1327730 136515 1.5 20 13 9 15 14% 323692 641 20%
c u 151.01  0 15 63 41212  1 1327730 136468 1.5 20 13 9 15 14% 323692 641 20%
c v 151.07  0 15 63 41212  1 1327730 136450 1.5 20 13 9 15 14% 323692 641 20%
c w 151.09  0 15 63 41212  1 1327730 136445 1.5 20 13 9 15 14% 323692 641 20%
c x 151.16  0 15 63 41212  1 1327730 136440 1.5 20 13 9 15 14% 323656 641 20%
c - 155.53  0 14 64 41228  1 1371231 138679 1.5 19 12 9 15 14% 323656 641 20%
c p 155.55  0 14 64 41228  1 1371231 138682 1.5 19 12 9 15 14% 323656 641 20%
c u 155.64  0 14 64 41228  1 1371231 138641 1.5 19 12 9 15 14% 323655 641 20%
c v 155.67  0 14 64 41228  1 1371231 138417 1.5 19 12 9 15 14% 323655 641 20%
c w 155.69  0 14 64 41228  1 1371231 138410 1.5 19 12 9 15 14% 323655 641 20%
c 
c  seconds   reductions     conflicts          size   tier2        variables
c          MB      restarts        redundant      glue    trail        remaining
c           level        rate            size/glue  tier1   irredundant
c 
c x 155.75  0 14 64 41228  1 1371231 138406 1.5 19 12 9 15 14% 323474 641 20%
c O 156.58  0 14 64 41233  1 1378096 141828 1.5 19 12 9 15 14% 323474 641 20%
c s 158.48  0 14 64 41242  1 1397624 152868 1.5 19 12 8 14 14% 322297 641 20%
c s 158.63  0 14 64 41242  1 1397624 152843 1.5 19 12 8 14 14% 321128 641 20%
c - 160.37  0 14 65 41243  1 1415437 142983 1.5 18 12 8 14 14% 321128 641 20%
c p 160.39  0 14 65 41243  1 1415437 142987 1.5 18 12 8 14 14% 321128 641 20%
c u 160.49  0 14 65 41243  1 1415437 142898 1.5 18 12 8 14 14% 321128 641 20%
c v 160.52  0 14 65 41243  1 1415437 142769 1.5 18 12 8 14 14% 321128 641 20%
c w 160.54  0 14 65 41243  1 1415437 142758 1.5 18 12 8 14 14% 321128 641 20%
c x 160.60  0 14 65 41243  1 1415437 142756 1.5 18 12 8 14 14% 320980 641 20%
c t 160.61  0 14 65 41243  1 1415437 142742 1.5 18 12 8 14 14% 320965 641 20%
c i 161.66  0 13 65 41248  1 1425949 147471 1.5 18 12 8 14 14% 320965 637 19%
c i 162.04  0 13 65 41250  1 1429163 148831 1.5 18 11 8 14 14% 320965 629 19%
c i 162.08  0 13 65 41250  1 1429536 148938 1.5 18 11 8 14 14% 320965 620 19%
c i 162.10  0 13 65 41250  1 1429653 148965 1.5 18 11 8 14 14% 320965 619 19%
c i 162.12  0 13 65 41250  1 1429915 149071 1.5 18 11 8 14 14% 320965 613 19%
c i 162.13  0 13 65 41250  1 1430040 149122 1.5 18 11 8 14 14% 320965 611 19%
c i 162.13  0 13 65 41250  1 1430055 149126 1.5 17 11 8 14 14% 320965 610 19%
c i 162.13  0 13 65 41250  1 1430058 149127 1.5 17 11 8 14 14% 320965 605 18%
c ] 162.13  0 13 65 41250  1 1430063 149128 1.5 17 11 8 14 14% 320965 582 18%
c 
c  seconds   reductions     conflicts          size   tier2        variables
c          MB      restarts        redundant      glue    trail        remaining
c           level        rate            size/glue  tier1   irredundant
c 
c 0 162.13  0 13 65 41250  1 1430063 149128 1.5 17 11 8 14 14% 320965 582 18%
c 
c --- [ closing proof ] ------------------------------------------------------
c 
c LRAT proof file '/Users/ivanspogreev/earth-moon/lean/data/a4_m07s/leaf11.lrat' closed
c LRAT 1751106 added clauses 52.02%
c LRAT 1615418 deleted clauses 47.98%
c LRAT 343431913 bytes (327.52 MB)
c 
c --- [ result ] -------------------------------------------------------------
c 
s UNSATISFIABLE
c 
c --- [ run-time profiling ] -------------------------------------------------
c 
c process time taken by individual solving procedures
c (percentage relative to process time for solving)
c 
c       149.91   92.59% search
c        74.88   46.25% unstable
c        65.05   40.17% stable
c        12.00    7.41% simplify
c         9.96    6.15% walk
c         6.73    4.16% vivify
c         2.05    1.26% sweep
c         1.02    0.63% subsume
c         0.92    0.57% elim
c         0.48    0.30% probe
c         0.22    0.14% parse
c         0.20    0.12% ternary
c         0.11    0.07% congruence
c         0.02    0.01% lucky
c         0.00    0.00% backbone
c   =================================
c       161.91   99.86% solve
c 
c last line shows process time for solving
c (percentage relative to total process time)
c 
c --- [ statistics ] ---------------------------------------------------------
c 
c chronological:            158758        11.10 %  of conflicts
c conflicts:               1430063      8832.24    per second
c backbone:                 179185      5469.63 %  of vars
c decisions:               1645458     10162.54    per second
c eliminated:                 2052        62.64 %  of all variables
c fixed:                       640        19.54 %  of all variables
c learned:                 1404479        98.21 %  per conflict
c learned_lits:           38174628       100.00 %  learned literals
c minimized:                     0         0.00 %  learned literals
c shrunken:                8793922        23.04 %  learned literals
c minishrunken:            2036050         5.33 %  learned literals
c otfs:                       8098         0.57 %  of conflict
c propagations:           20714878         0.13 M  per second
c reduced:                  707973        49.51 %  per conflict
c rephased:                     52     27501.21    interval
c restarts:                  41250        34.67    interval
c stabilizing:                  17        52.92 %  of conflicts
c substituted:                   2         0.06 %  of all variables
c subsumed:                 554077        31.78 %  of all clauses
c strengthened:              44470         2.55 %  of all clauses
c ticks:               14504040290       708.71    propagation
c vivified:                   4094         0.23 %  of all clauses
c walked:                       16     89378.94    interval
c weakened:                   4999         2.54    average size
c congruence:                   10    143006.30    interval
c 
c seconds are measured in process time for solving
c 
c --- [ glue usage ] ---------------------------------------------------------
c 
c focused glue 7 used 139286 clauses 7.173% accumulated 53.16% tier1
c focused glue 8 used 133115 clauses 6.855% accumulated 60.01%
c focused glue 9-10 used 237549 clauses 12.23% accumulated 72.25%
c focused glue 11 used 113760 clauses 5.859% accumulated 78.11%
c focused glue 12 used 102749 clauses 5.291% accumulated 83.40% tier2
c 
c stable glue 8 used 139519 clauses 5.883% accumulated 54.73% tier1
c stable glue 9 used 124060 clauses 5.232% accumulated 59.96%
c stable glue 10-12 used 391499 clauses 16.51% accumulated 76.47%
c stable glue 13 used 119306 clauses 5.031% accumulated 81.50%
c stable glue 14 used 102976 clauses 4.342% accumulated 85.85% tier2
c 
c 
c --- [ resources ] ----------------------------------------------------------
c 
c total process time since initialization:       162.14    seconds
c total real time since initialization:          162.69    seconds
c maximum resident set size of process:         1054.62    MB
c 
c --- [ shutting down ] ------------------------------------------------------
c 
c exit 20
