c --- [ banner ] -------------------------------------------------------------
c 
c CaDiCaL SAT Solver
c Copyright (c) 2016-2026
c A. Biere, M. Fleury, N. Froleyks, K. Fazekas, F. Pollitt, T. Faller
c JKU Linz, University of Freiburg, TU Wien
c 
c Version 3.0.1
c Apple clang version 16.0.0 (clang-1600.0.26.6) -Wall -Wextra -O3 -DNDEBUG -std=c++11 -DNCLOSEFROM
c Sun Jul 19 15:40:55 UTC 2026 Darwin Sonoma-arm64.local 23.6.0 arm64
c 
c --- [ proof tracing ] ------------------------------------------------------
c 
c opening file to write '/Users/ivanspogreev/earth-moon/lean/data/a4_m07s/leaf4.lrat'
c writing non-binary proof trace to '/Users/ivanspogreev/earth-moon/lean/data/a4_m07s/leaf4.lrat'
c 
c --- [ parsing input ] ------------------------------------------------------
c 
c reading DIMACS file from '/Users/ivanspogreev/earth-moon/lean/data/a4_m07s/leaf4.cnf'
c opening file to read '/Users/ivanspogreev/earth-moon/lean/data/a4_m07s/leaf4.cnf'
c found 'p cnf 3276 6898' header
c parsed 6898 clauses in 0.00 seconds process time
c 
c --- [ options ] ------------------------------------------------------------
c 
c   --binary=false                 (different from default 'true')
c   --lrat=true                    (different from default 'false')
c 
c --- [ solving ] ------------------------------------------------------------
c 
c time measured in process time since initialization
c 
c  seconds  reduction conflicts       size tier2     variables
c         MB    restarts   redundant    glue  trail       remaining
c          level     rate       size/glu tier1 irredundant
c 
c *  0.00  0  0 0   0  0    0    0 0.0 0 0 2 6  0% 6717 3233 99%
c )  0.00  0  0 0   0  0    0    0 0.0 0 0 2 6  0% 6717 3233 99%
c {  0.00  0  0 0   0  0    0    0 0.0 0 0 2 6  0% 6717 3233 99%
c i  0.00  0 1990 0   0 96   22   17 1.3 21 16 2 6 68% 6714 3232 99%
c i  0.00  0 572 0   5 11  276  142 1.3 15 11 2 6 28% 6618 3231 99%
c i  0.00  0 570 0   5 11  277  142 1.3 15 11 2 6 27% 6618 3230 99%
c i  0.00  0 552 0   5 11  287  148 1.3 14 11 2 6 27% 6616 3229 99%
c -  0.01  0 532 1   5 10  300  109 1.3 14 10 2 6 26% 6605 3229 99%
c -  0.01  0 240 2   5  6  733  219 1.6 12 8 2 6 23% 6425 3229 99%
c i  0.01  0 210 2   5  5  840  251 1.6 11 7 2 6 21% 6380 3228 99%
c i  0.01  0 210 2   5  5  841  251 1.6 11 7 2 6 21% 6380 3214 98%
c i  0.01  0 209 2   5  5  849  253 1.6 11 7 2 6 21% 6377 3213 98%
c i  0.01  0 208 2   5  5  851  254 1.6 11 7 2 6 21% 6377 3212 98%
c i  0.01  0 207 2   5  5  855  254 1.6 11 7 2 6 21% 6376 3202 98%
c i  0.01  0 206 2   5  5  860  257 1.6 11 7 2 6 21% 6376 3199 98%
c i  0.01  0 205 2   5  5  865  260 1.6 11 7 2 6 21% 6375 3198 98%
c i  0.01  0 205 2   5  5  866  260 1.6 11 7 2 6 21% 6375 3197 98%
c i  0.01  0 204 2   5  5  868  260 1.6 11 7 2 6 21% 6375 3189 97%
c i  0.01  0 203 2   5  5  875  262 1.6 11 7 2 6 21% 6375 3184 97%
c i  0.01  0 202 2   5  5  876  262 1.6 11 7 2 6 21% 6375 3183 97%
c 
c  seconds   reduction conflicts       size  tier2     variables
c         MB     restarts   redundant     glue  trail       remaining
c           level     rate       size/glue tier1 irredundant
c 
c i  0.01  0 202 2   5  5  879  262 1.6 11 7 2 6 21% 6375 3128 95%
c i  0.01  0 201 2   5  5  884  263 1.6 11 7 2 6 21% 6374 3111 95%
c i  0.01  0 199 2   5  5  891  268 1.6 10 6 2 6 20% 6374 3108 95%
c }  0.01  0 199 2   5  5  894  269 1.6 10 6 2 6 20% 6374 3106 95%
c 0  0.01  0 199 2   5  5  894  269 1.6 10 6 2 6 20% 6374 3106 95%
c 
c --- [ closing proof ] ------------------------------------------------------
c 
c LRAT proof file '/Users/ivanspogreev/earth-moon/lean/data/a4_m07s/leaf4.lrat' closed
c LRAT 5823 added clauses 49.64%
c LRAT 5907 deleted clauses 50.36%
c LRAT 343602 bytes (0.33 MB)
c 
c --- [ result ] -------------------------------------------------------------
c 
s UNSATISFIABLE
c 
c --- [ run-time profiling ] -------------------------------------------------
c 
c process time taken by individual solving procedures
c (percentage relative to process time for solving)
c 
c         0.01   99.44% search
c         0.01   89.26% unstable
c         0.00   44.32% parse
c         0.00    9.94% lucky
c         0.00    0.00% simplify
c   =================================
c         0.01   66.56% solve
c 
c last line shows process time for solving
c (percentage relative to total process time)
c 
c --- [ statistics ] ---------------------------------------------------------
c 
c chronological:               490        54.81 %  of conflicts
c conflicts:                   894    155857.74    per second
c decisions:                  4132    720362.62    per second
c fixed:                       170         5.19 %  of all variables
c learned:                     442        49.44 %  per conflict
c learned_lits:               5138       100.00 %  learned literals
c minimized:                     0         0.00 %  learned literals
c shrunken:                    415         8.08 %  learned literals
c minishrunken:                134         2.61 %  learned literals
c otfs:                        756        84.56 %  of conflict
c propagations:              46807         8.16 M  per second
c reduced:                      76         8.50 %  per conflict
c restarts:                      5       178.80    interval
c subsumed:                    747        10.47 %  of all clauses
c strengthened:                419         5.87 %  of all clauses
c ticks:                    203925         4.36    propagation
c 
c seconds are measured in process time for solving
c 
c --- [ glue usage ] ---------------------------------------------------------
c 
c focused glue 2 used 296 clauses 31.65% accumulated 53.90% tier1
c focused glue 3 used 169 clauses 18.07% accumulated 71.97% tier2
c 
c stable glue 2 used 0 clauses 0.000% accumulated 0.000% tier1
c stable glue 3 used 0 clauses 0.000% accumulated 0.000%
c stable glue 4 used 0 clauses 0.000% accumulated 0.000%
c stable glue 5 used 0 clauses 0.000% accumulated 0.000%
c stable glue 6 used 0 clauses 0.000% accumulated 0.000% tier2
c 
c 
c --- [ resources ] ----------------------------------------------------------
c 
c total process time since initialization:         0.01    seconds
c total real time since initialization:            0.01    seconds
c maximum resident set size of process:            3.77    MB
c 
c --- [ shutting down ] ------------------------------------------------------
c 
c exit 20
