# lean_static_resolve 2026-10-02 20:20:41
# dump=/root/earth-moon/population/f034-a4-cert/cs-a4_m12c/s/n105_n53_n95_p149_n129_p106/dump.jsonl raw=310048 dedup=310048 footer={'type': 'footer', 'verdict': 'UNSAT', 'counts': {'preseed': 8300, 'prop': 301748, 'model': 0}, 'stats': {'checks': 1209251, 'confl': 150874, 'model_rej': 0}, 'time': '2026-10-02T20:20:36+0000'}
# counters=False
$ /root/bin/cadical --lrat --no-binary --no-factor /root/earth-moon/population/f034-a4-cert/cs-a4_m12c/r/n105_n53_n95_p149_n129_p106/round-0/F.cnf /root/earth-moon/population/f034-a4-cert/cs-a4_m12c/r/n105_n53_n95_p149_n129_p106/round-0/F.lrat
c --- [ banner ] -------------------------------------------------------------
c 
c CaDiCaL SAT Solver
c Copyright (c) 2016-2026
c A. Biere, M. Fleury, N. Froleyks, K. Fazekas, F. Pollitt, T. Faller
c JKU Linz, University of Freiburg, TU Wien
c 
c Version 3.0.1 c60730422e758ef1cebe7aeddf2dda31c996bf04
c g++ (Ubuntu 13.3.0-6ubuntu2~24.04.1) 13.3.0 -Wall -Wextra -O3 -DNDEBUG
c Fri Oct 2 18:00:09 UTC 2026 Linux ai-math 6.8.0-139-generic x86_64
c 
c --- [ proof tracing ] ------------------------------------------------------
c 
c opening file to write '/root/earth-moon/population/f034-a4-cert/cs-a4_m12c/r/n105_n53_n95_p149_n129_p106/round-0/F.lrat'
c writing non-binary proof trace to '/root/earth-moon/population/f034-a4-cert/cs-a4_m12c/r/n105_n53_n95_p149_n129_p106/round-0/F.lrat'
c 
c --- [ parsing input ] ------------------------------------------------------
c 
c reading DIMACS file from '/root/earth-moon/population/f034-a4-cert/cs-a4_m12c/r/n105_n53_n95_p149_n129_p106/round-0/F.cnf'
c opening file to read '/root/earth-moon/population/f034-a4-cert/cs-a4_m12c/r/n105_n53_n95_p149_n129_p106/round-0/F.cnf'
c found 'p cnf 2945 318407' header
c parsed 318407 clauses in 0.24 seconds process time
c 
c --- [ options ] ------------------------------------------------------------
c 
c   --binary=false                 (different from default 'true')
c   --lrat=true                    (different from default 'false')
c 
c --- [ solving ] ------------------------------------------------------------
c 
c time measured in process time since initialization
c 
c  seconds  reduction conflicts       size tier2       variables
c         MB    restarts   redundant    glue  trail         remaining
c          level     rate       size/glu tier1  irredundant
c 
c *  0.24 27  0 0   0  0    0    0 0.0 0 0 2 6  0% 184598 2901 99%
c )  0.26 35  0 0   0  0    0    0 0.0 0 0 2 6  0% 184598 2901 99%
c {  0.26 35  0 0   0  0    0    0 0.0 0 0 2 6  0% 184598 2901 99%
c i  0.28 36 534 0   3 43   96   41 1.6 12 8 2 6 30% 184549 2893 98%
c i  0.29 38 314 0  11 23  228  107 1.4 13 9 2 6 26% 184496 2892 98%
c i  0.29 38 313 0  12 23  229  107 1.4 13 9 2 6 26% 184496 2891 98%
c i  0.29 38 311 0  12 22  230  107 1.4 13 9 2 6 26% 184496 2890 98%
c i  0.30 38 261 0  19 21  292  125 1.5 13 9 2 6 26% 184457 2889 98%
c i  0.30 38 260 0  19 21  293  125 1.5 13 9 2 6 26% 184457 2888 98%
c i  0.30 38 259 0  19 20  295  126 1.5 13 9 2 6 25% 184457 2887 98%
c i  0.30 38 255 0  19 20  300  126 1.5 13 8 2 6 25% 184455 2885 98%
c -  0.31 38 255 1  19 20  300   72 1.5 13 8 2 6 25% 184429 2885 98%
c i  0.31 38 254 1  19 20  301   72 1.5 12 8 2 6 25% 184429 2883 98%
c i  0.31 38 253 1  19 20  302   72 1.5 12 8 2 6 25% 184429 2882 98%
c i  0.31 38 250 1  19 20  307   73 1.5 12 8 2 6 25% 184427 2876 98%
c i  0.31 38 248 1  19 20  309   74 1.5 12 8 2 6 24% 184427 2875 98%
c i  0.33 39 200 1  29 17  412  124 1.5 13 9 2 6 25% 184386 2872 98%
c i  0.33 39 199 1  30 17  413  124 1.5 13 9 2 6 25% 184386 2871 97%
c i  0.34 39 182 1  39 17  462  137 1.5 13 9 2 6 23% 184355 2870 97%
c i  0.34 39 181 1  39 17  463  137 1.5 13 9 2 6 23% 184355 2868 97%
c 
c  seconds   reduction conflicts       size  tier2       variables
c         MB     restarts   redundant     glue  trail         remaining
c           level     rate       size/glue tier1  irredundant
c 
c i  0.36 40 136 1  54 12  818  239 1.4 13 9 2 6 25% 184136 2866 97%
c i  0.36 40 136 1  54 12  819  239 1.4 13 9 2 6 25% 184136 2863 97%
c i  0.37 40 134 1  57 12  832  246 1.4 13 9 2 6 25% 184132 2801 95%
c i  0.37 40 134 1  58 12  836  246 1.4 13 9 2 6 25% 184130 2792 95%
c -  0.41 54 132 2  62 12  857  137 1.4 13 9 2 6 24% 184005 2792 95%
c i  0.41 54 131 2  62 12  873  139 1.4 13 9 2 6 24% 183995 2697 92%
c i  0.41 54 131 2  62 12  879  140 1.4 13 9 2 6 24% 183993 2658 90%
c i  0.42 54 124 2  66 12  956  180 1.4 13 9 2 6 24% 183967 2652 90%
c }  0.44 54 120 2  78 11 1001  212 1.4 14 10 2 6 24% 183958 2652 90%
c [  0.44 54  0 2  78  0 1001  212 0.0 0 0 2 6  0% 183958 2652 90%
c O  0.44 54  4 2  78  5 1002  213 1.5 3 2 2 6 28% 183958 2652 90%
c -  0.54 54 21 3  78  1 1782  392 2.9 28 10 2 6 51% 181642 2652 90%
c i  0.58 54 31 3  79  1 2389  884 2.7 27 10 2 6 49% 181590 2651 90%
c i  0.58 54 32 3  79  1 2390  884 2.7 27 10 2 6 49% 181590 2650 90%
c i  0.58 54 32 3  79  1 2394  885 2.7 27 10 2 6 49% 181589 2646 90%
c ]  0.59 54 32 3  79  1 2530  977 2.4 27 11 2 6 46% 181575 2646 90%
c {  0.59 54 120 3  79 11 2530  977 1.4 14 10 2 6 24% 181575 2646 90%
c i  0.62 50 119 3  82 11 2538  984 1.4 14 10 2 6  6% 181566 2645 90%
c i  0.63 50 117 3  85 11 2556  995 1.4 14 10 2 6 11% 181562 2643 90%
c i  0.63 50 117 3  88 11 2566 1002 1.4 14 10 2 6 11% 181560 2601 88%
c 
c  seconds   reduction conflicts       size   tier2       variables
c         MB     restarts   redundant     glue   trail         remaining
c           level     rate       size/glue  tier1  irredundant
c 
c i  0.63 51 114 3  95 11 2598 1012 1.4 14 10 2 6  9% 181540 2583 88%
c i  0.64 51 112 3 102 11 2623 1031 1.4 14 11 2 6  8% 181540 2581 88%
c i  0.64 51 112 3 102 11 2624 1031 1.4 14 11 2 6  8% 181540 2559 87%
c i  0.64 51 110 3 107 11 2640 1043 1.4 14 11 2 6  8% 181540 2524 86%
c i  0.65 51 109 3 112 11 2665 1052 1.4 14 10 2 6 10% 181527 2522 86%
c i  0.65 51 109 3 112 11 2666 1052 1.4 14 10 2 6 10% 181527 2521 86%
c i  0.65 51 108 3 112 11 2670 1053 1.4 14 10 2 6 10% 181526 2519 86%
c i  0.68 51 102 3 135 11 2765 1124 1.3 15 11 2 6 11% 181519 2510 85%
c 2  0.68 51 101 3 138 11 2773 1128 1.3 15 11 2 6 11% 181515 2503 85%
c p  0.68 51 101 3 138 11 2773 1183 1.3 15 11 2 6 11% 181515 2503 85%
c =  0.74 53 101 3 138 11 2773 1176 1.3 15 11 2 6 11% 180187 2499 85%
c t  0.74 53 101 3 138 11 2773 1173 1.3 15 11 2 6 11% 180187 2499 85%
c i  0.76 53 98 3 156 11 2840 1230 1.3 16 12 2 6 11% 180186 2498 85%
c i  0.77 53 98 3 156 11 2842 1230 1.3 16 12 2 6 11% 180185 2460 84%
c O  0.77 53 89 3 164 10 3003 1325 1.3 16 12 2 6 12% 180172 2460 84%
c -  0.82 63 85 4 168  9 3111  567 1.4 16 12 2 6 12% 180124 2460 84%
c i  0.84 63 80 4 183  9 3244  657 1.4 16 12 2 6 12% 180118 2459 83%
c i  0.84 63 79 4 183  9 3247  657 1.4 16 12 2 6 12% 180116 2458 83%
c i  0.84 63 79 4 183  8 3264  661 1.4 16 12 2 6 13% 180108 2457 83%
c i  0.84 63 79 4 183  8 3271  661 1.4 16 12 2 6 13% 180105 2454 83%
c 
c  seconds  reduction conflicts       size   tier2       variables
c         MB    restarts   redundant     glue   trail         remaining
c          level     rate       size/glue  tier1  irredundant
c 
c i  0.85 63 78 4 184  8 3322  694 1.4 16 12 2 6 13% 180094 2451 83%
c i  0.86 63 77 4 195  8 3384  735 1.3 16 12 2 6 14% 180084 2404 82%
c i  0.88 63 71 4 212  8 3572  857 1.3 16 12 2 6 13% 180076 2403 82%
c i  0.88 63 71 4 212  8 3597  871 1.3 16 12 2 6 14% 180067 2402 82%
c i  0.88 63 71 4 212  8 3599  871 1.3 16 12 2 6 14% 180066 2398 81%
c i  0.89 63 70 4 212  7 3704  927 1.4 16 12 2 6 15% 180026 2396 81%
c i  0.91 63 67 4 225  7 3829 1018 1.4 16 12 2 6 15% 180022 2353 80%
c i  0.92 63 64 4 225  7 3984 1156 1.4 17 12 2 6 16% 180020 2351 80%
c i  0.96 63 59 4 294  6 4324 1451 1.5 18 12 2 6 17% 180019 2350 80%
c i  0.96 63 59 4 294  6 4328 1452 1.5 18 12 2 6 17% 180018 2338 79%
c i  0.98 63 56 4 305  6 4509 1593 1.5 18 12 2 6 17% 180017 2309 78%
c -  1.02 63 52 5 305  5 4861  775 1.5 18 12 2 6 17% 179850 2309 78%
c i  1.10 63 49 5 321  5 5195 1061 1.5 18 12 8 15 17% 179845 2260 77%
c 2  1.11 63 48 5 323  5 5274 1120 1.5 18 12 8 15 18% 179845 2248 76%
c d  1.12 63 48 5 323  5 5274 1112 1.5 18 12 8 15 18% 179771 2247 76%
c k  1.12 63 48 5 323  5 5274 1112 1.5 18 12 8 15 18% 179771 2243 76%
c 2  1.12 63 48 5 323  5 5274 1112 1.5 18 12 8 15 18% 179770 2243 76%
c t  1.17 63 48 5 323  5 5274 1110 1.5 18 12 8 15 18% 179762 2243 76%
c #  1.28 63 43 5 397  4 6006 1647 1.5 18 12 8 15 18% 179761 2243 76%
c }  1.30 63 42 5 397  4 6204 1773 1.5 18 12 8 15 18% 179761 2243 76%
c 
c  seconds  reduction conflicts       size   tier2       variables
c         MB    restarts   redundant     glue   trail         remaining
c          level     rate       size/glue  tier1  irredundant
c 
c [  1.30 63 32 5 397  1 6204 1773 2.4 27 11 2 6 51% 179761 2243 76%
c -  1.40 63 25 6 398  1 7049 2146 2.0 23 11 8 12 40% 179761 2243 76%
c 2  1.47 63 22 6 398  1 7878 2695 1.9 21 11 8 12 34% 179761 2241 76%
c -  1.65 63 19 7 399  1 9681 3726 1.7 19 11 8 12  6% 179774 2241 76%
c I  1.68 63 18 7 399  1 10007 3896 1.7 19 11 8 12  6% 179774 2241 76%
c 2  1.72 63 18 7 400  1 10575 4262 1.7 18 11 8 12  6% 179774 2239 76%
c t  1.77 63 18 7 400  1 10575 4260 1.7 18 11 8 12  6% 179770 2239 76%
c s  1.88 63 17 7 401  1 11987 5149 1.6 18 11 8 12  6% 179585 2239 76%
c t  1.89 63 17 7 401  1 11987 5146 1.6 18 11 8 12  6% 179564 2239 76%
c e  1.91 63 17 7 401  1 11987 4734 1.6 18 11 8 12  6% 176153 337 11%
c s  1.92 63 17 7 401  1 11987 4723 1.6 18 11 8 12  6% 176060 337 11%
c ]  1.95 63 17 7 401  1 12007 4736 1.6 18 11 8 12  6% 176060 337 11%
c {  1.95 63 42 7 401  4 12007 4736 1.5 18 12 8 15 22% 176060 337 11%
c -  2.03 73 38 8 401  4 12766 4542 1.5 17 12 8 15 18% 176060 337 11%
c 2  2.06 73 35 8 401  4 13361 4909 1.5 17 12 9 14 16% 176060 337 11%
c B  2.21 73 30 8 423  3 15010 5964 1.5 17 11 9 14 22% 176060 337 11%
c -  2.36 73 28 9 423  3 16283 6238 1.6 17 11 9 14 26% 176060 337 11%
c u  2.42 73 28 9 423  3 16283 6218 1.6 17 11 9 14 26% 176081 337 11%
c v  2.44 73 28 9 423  3 16283 6213 1.6 17 11 9 14 26% 176081 337 11%
c w  2.44 73 28 9 423  3 16283 6210 1.6 17 11 9 14 26% 176081 337 11%
c 
c  seconds  reductions conflicts       size   tier2        variables
c         MB    restarts    redundant     glue    trail        remaining
c          level     rate        size/glue  tier1   irredundant
c 
c x  2.46 73 28 9 423  3 16283 6210 1.6 17 11 9 14 26% 176081 337 11%
c -  2.83 74 23 10 464  2 20258 7633 1.5 16 10 9 14 23% 176081 337 11%
c W  3.13 74 22 10 591  2 21011 8192 1.5 16 11 9 14 22% 176081 337 11%
c }  3.30 74 20 10 625  2 23691 9532 1.5 15 10 7 11 21% 176081 337 11%
c [  3.30 74 17 10 625  1 23691 9532 1.6 18 11 8 12 38% 176081 337 11%
c -  3.37 74 17 11 625  1 24690 7093 1.6 18 11 8 12 36% 176081 337 11%
c t  3.38 74 17 11 625  1 24690 7093 1.6 18 11 8 12 36% 176079 337 11%
c B  3.53 74 18 11 626  1 28013 9803 1.5 19 12 8 12 31% 176079 337 11%
c -  3.63 74 19 12 627  1 29584 7231 1.5 19 13 8 12 30% 176079 337 11%
c -  3.90 74 20 13 631  1 34942 7520 1.5 20 14 8 12 28% 176079 337 11%
c u  3.94 74 20 13 631  1 34942 7474 1.5 20 14 8 12 28% 176079 337 11%
c v  3.94 74 20 13 631  1 34942 7472 1.5 20 14 8 12 28% 176079 337 11%
c w  3.95 74 20 13 631  1 34942 7469 1.5 20 14 8 12 28% 176079 337 11%
c x  3.96 74 20 13 631  1 34942 7469 1.5 20 14 8 12 28% 176079 337 11%
c W  4.11 74 20 13 632  1 36014 8215 1.5 20 14 8 12 28% 176079 337 11%
c ]  4.36 74 21 13 633  1 40224 11800 1.4 21 14 10 15 28% 176079 337 11%
c {  4.36 74 20 13 633  2 40224 11800 1.5 15 10 7 11 21% 176079 337 11%
c -  4.41 74 20 14 636  2 40765 7983 1.5 15 10 7 11 21% 176079 337 11%
c F  4.89 74 19 14 1025  2 45015 11069 1.5 16 10 7 11 21% 176079 337 11%
c -  5.13 74 18 15 1325  2 47052 9599 1.5 16 10 7 11 21% 176079 337 11%
c 
c  seconds  reductions   conflicts       size   tier2        variables
c         MB     restarts     redundant     glue    trail        remaining
c          level       rate        size/glue  tier1   irredundant
c 
c p  5.14 74 18 15 1325  2 47052 9606 1.5 16 10 7 11 21% 176079 337 11%
c s  5.25 74 18 15 1428  2 48105 10273 1.5 16 10 7 11 20% 175898 337 11%
c s  5.29 74 18 15 1428  2 48105 10261 1.5 16 10 7 11 20% 175793 337 11%
c -  5.94 49 18 16 1966  2 53808 11661 1.5 16 11 7 11 20% 175793 337 11%
c p  5.94 49 18 16 1966  2 53808 11679 1.5 16 11 7 11 20% 175793 337 11%
c u  5.98 49 18 16 1966  2 53808 11645 1.5 16 11 7 11 20% 175793 337 11%
c v  5.99 49 18 16 1966  2 53808 11644 1.5 16 11 7 11 20% 175793 337 11%
c w  6.00 49 18 16 1966  2 53808 11641 1.5 16 11 7 11 20% 175793 337 11%
c x  6.02 49 18 16 1966  2 53808 11641 1.5 16 11 7 11 20% 175791 337 11%
c B  6.17 49 18 16 2108  2 55016 12538 1.5 16 11 7 11 20% 175791 337 11%
c }  6.26 49 18 16 2227  2 55641 13006 1.5 16 11 7 11 20% 175791 337 11%
c [  6.26 49 21 16 2227  1 55641 13006 1.4 21 14 10 15 28% 175791 337 11%
c -  6.74 50 19 17 2228  1 61028 13140 1.5 20 14 10 15 26% 175791 337 11%
c p  6.74 50 19 17 2228  1 61028 13144 1.5 20 14 10 15 26% 175791 337 11%
c O  7.15 50 19 17 2229  1 66017 16852 1.4 20 14 10 15 26% 175791 337 11%
c -  7.37 50 19 18 2231  1 68715 13919 1.5 20 14 10 15 26% 175791 337 11%
c p  7.38 50 19 18 2231  1 68715 13936 1.5 20 14 10 15 26% 175791 337 11%
c u  7.43 50 19 18 2231  1 68715 13908 1.5 20 14 10 15 26% 175791 337 11%
c v  7.45 50 19 18 2231  1 68715 13903 1.5 20 14 10 15 26% 175791 337 11%
c w  7.46 50 19 18 2231  1 68715 13895 1.5 20 14 10 15 26% 175791 337 11%
c 
c  seconds  reductions   conflicts        size    tier2        variables
c         MB     restarts      redundant     glue     trail        remaining
c          level       rate         size/glue  tier1    irredundant
c 
c -  7.90 50 19 19 2235  1 76873 14621 1.4 20 14 10 15 25% 175791 337 11%
c p  7.90 50 19 19 2235  1 76873 14624 1.4 20 14 10 15 25% 175791 337 11%
c ]  8.01 54 19 19 2235  1 77928 15348 1.4 20 14 10 15 25% 175791 337 11%
c {  8.01 54 18 19 2235  2 77928 15348 1.5 16 11 7 11 20% 175791 337 11%
c W  8.21 54 18 19 2253  2 78019 15410 1.5 16 11 7 11 20% 175791 337 11%
c -  8.96 55 17 20 2680  2 85502 16982 1.5 16 11 7 11 20% 175791 337 11%
c p  8.97 55 17 20 2680  2 85502 16983 1.5 16 11 7 11 20% 175791 337 11%
c #  9.50 55 16 20 3146  2 91020 20666 1.5 16 11 7 11 21% 175791 337 11%
c -  9.89 55 16 21 3163  2 94602 19470 1.5 16 10 7 11 20% 175791 337 11%
c p  9.90 55 16 21 3163  2 94602 19490 1.5 16 10 7 11 20% 175791 337 11%
c u  9.94 55 16 21 3163  2 94602 19470 1.5 16 10 7 11 20% 175791 337 11%
c v  9.95 55 16 21 3163  2 94602 19459 1.5 16 10 7 11 20% 175791 337 11%
c w  9.96 55 16 21 3163  2 94602 19448 1.5 16 10 7 11 20% 175791 337 11%
c x  9.98 55 16 21 3163  2 94602 19447 1.5 16 10 7 11 20% 175784 337 11%
c s 10.63 57 15 21 3471  2 102267 24106 1.5 15 10 7 11 20% 175674 337 11%
c s 10.67 57 15 21 3471  2 102267 24098 1.5 15 10 7 11 20% 175545 337 11%
c - 10.89 57 15 22 3600  2 104175 21742 1.5 15 10 7 11 20% 175545 337 11%
c p 10.90 57 15 22 3600  2 104175 21743 1.5 15 10 7 11 20% 175545 337 11%
c B 11.01 57 15 22 3737  2 105021 22337 1.5 15 10 7 11 20% 175545 337 11%
c } 11.14 57 15 22 3859  2 106029 22964 1.5 15 10 7 11 20% 175545 337 11%
c 
c  seconds  reductions   conflicts         size    tier2        variables
c         MB     restarts       redundant     glue     trail        remaining
c          level       rate          size/glue  tier1    irredundant
c 
c [ 11.14 57 19 22 3859  1 106029 22964 1.4 20 14 10 15 25% 175545 337 11%
c - 11.58 57 18 23 3865  1 114216 24408 1.5 19 13 10 15 23% 175545 337 11%
c p 11.58 57 18 23 3865  1 114216 24428 1.5 19 13 10 15 23% 175545 337 11%
c u 11.62 57 18 23 3865  1 114216 24404 1.5 19 13 10 15 23% 175545 337 11%
c v 11.63 57 18 23 3865  1 114216 24398 1.5 19 13 10 15 23% 175545 337 11%
c w 11.64 57 18 23 3865  1 114216 24394 1.5 19 13 10 15 23% 175545 337 11%
c x 11.66 57 18 23 3865  1 114216 24393 1.5 19 13 10 15 23% 175532 337 11%
c B 12.03 57 18 23 3867  1 120022 28977 1.5 19 13 10 15 22% 175532 337 11%
c - 12.57 58 17 24 3867  1 124728 27546 1.5 19 13 10 15 23% 175532 337 11%
c p 12.57 58 17 24 3867  1 124728 27547 1.5 19 13 10 15 23% 175532 337 11%
c - 13.51 58 17 25 3868  1 135716 28476 1.5 19 12 10 15 23% 175532 337 11%
c p 13.52 58 17 25 3868  1 135716 28496 1.5 19 12 10 15 23% 175532 337 11%
c u 13.64 60 17 25 3868  1 135716 28455 1.5 19 12 10 15 23% 175532 337 11%
c v 13.65 60 17 25 3868  1 135716 28448 1.5 19 12 10 15 23% 175532 337 11%
c w 13.66 60 17 25 3868  1 135716 28442 1.5 19 12 10 15 23% 175532 337 11%
c x 13.67 60 17 25 3868  1 135716 28442 1.5 19 12 10 15 23% 175513 337 11%
c W 14.02 60 17 25 3868  1 136023 28664 1.5 19 12 10 15 23% 175513 337 11%
c ] 14.36 60 17 25 3868  1 142504 33577 1.5 19 13 9 14 22% 175513 337 11%
c { 14.36 60 15 25 3868  2 142504 33577 1.5 15 10 7 11 20% 175513 337 11%
c - 14.90 60 15 26 4318  2 147178 28820 1.5 15 10 7 11 20% 175513 337 11%
c 
c  seconds  reductions   conflicts         size   tier2        variables
c         MB     restarts       redundant     glue    trail        remaining
c          level       rate          size/glue  tier1   irredundant
c 
c W 15.42 60 14 26 4518  2 153024 32219 1.5 15 10 7 11 20% 175513 337 11%
c - 16.06 60 14 27 4999  2 159110 30671 1.5 15 10 7 11 20% 175513 337 11%
c p 16.06 60 14 27 4999  2 159110 30690 1.5 15 10 7 11 20% 175513 337 11%
c u 16.10 60 14 27 4999  2 159110 30649 1.5 15 10 7 11 20% 175513 337 11%
c v 16.11 60 14 27 4999  2 159110 30627 1.5 15 10 7 11 20% 175513 337 11%
c w 16.12 60 14 27 4999  2 159110 30590 1.5 15 10 7 11 20% 175513 337 11%
c x 16.14 60 14 27 4999  2 159110 30590 1.5 15 10 7 11 20% 175482 337 11%
c F 17.05 60 14 27 5539  1 171025 38267 1.5 15 10 7 11 19% 175482 337 11%
c - 17.10 60 14 28 5539  1 171518 34772 1.5 15 10 7 11 19% 175482 337 11%
c s 17.33 60 14 28 5603  1 174470 36333 1.5 15 10 7 11 19% 175357 337 11%
c s 17.38 60 14 28 5603  1 174470 36308 1.5 15 10 7 11 19% 175218 337 11%
c - 18.55 60 13 29 6067  1 184399 37639 1.5 15 10 7 11 19% 175218 337 11%
c p 18.56 60 13 29 6067  1 184399 37659 1.5 15 10 7 11 19% 175218 337 11%
c u 18.60 60 13 29 6067  1 184399 37601 1.5 15 10 7 11 19% 175218 337 11%
c v 18.62 60 13 29 6067  1 184399 37595 1.5 15 10 7 11 19% 175218 337 11%
c w 18.63 60 13 29 6067  1 184399 37587 1.5 15 10 7 11 19% 175218 337 11%
c x 18.65 60 13 29 6067  1 184399 37585 1.5 15 10 7 11 19% 175199 337 11%
c } 18.82 60 13 29 6129  1 185860 38401 1.5 15 10 7 11 19% 175199 337 11%
c [ 18.82 60 17 29 6129  1 185860 38401 1.5 19 13 9 14 22% 175199 337 11%
c I 19.11 60 17 29 6132  1 190029 41199 1.5 19 13 9 14 22% 175199 337 11%
c 
c  seconds  reductions   conflicts         size   tier2        variables
c         MB     restarts       redundant     glue    trail        remaining
c          level       rate          size/glue  tier1   irredundant
c 
c - 19.78 60 17 30 6136  1 197750 40555 1.5 18 12 9 14 22% 175199 337 11%
c B 20.96 60 16 30 6143  1 210037 48979 1.5 18 12 8 14 22% 175199 337 11%
c - 21.12 61 16 31 6143  1 211575 43922 1.5 18 12 8 14 22% 175199 337 11%
c p 21.13 61 16 31 6143  1 211575 43942 1.5 18 12 8 14 22% 175199 337 11%
c u 21.19 61 16 31 6143  1 211575 43904 1.5 18 12 8 14 22% 175199 337 11%
c v 21.21 61 16 31 6143  1 211575 43838 1.5 18 12 8 14 22% 175199 337 11%
c w 21.22 61 16 31 6143  1 211575 43759 1.5 18 12 8 14 22% 175199 337 11%
c x 21.25 61 16 31 6143  1 211575 43758 1.5 18 12 8 14 22% 175182 337 11%
c - 22.58 61 16 32 6149  1 225874 45824 1.5 18 12 8 14 21% 175182 337 11%
c p 22.58 61 16 32 6149  1 225874 45844 1.5 18 12 8 14 21% 175182 337 11%
c W 23.55 63 16 32 6151  1 231039 48567 1.5 18 12 8 14 21% 175182 337 11%
c ] 23.61 63 16 32 6151  1 231762 49132 1.5 18 12 8 14 21% 175182 337 11%
c { 23.61 63 13 32 6151  1 231762 49132 1.5 15 10 7 11 19% 175182 337 11%
c - 24.29 64 13 33 6253  1 240649 47750 1.5 14 10 7 11 19% 175182 337 11%
c p 24.30 64 13 33 6253  1 240649 47766 1.5 14 10 7 11 19% 175182 337 11%
c u 24.34 64 13 33 6253  1 240649 47729 1.5 14 10 7 11 19% 175182 337 11%
c v 24.36 64 13 33 6253  1 240649 47603 1.5 14 10 7 11 19% 175182 337 11%
c w 24.37 64 13 33 6253  1 240649 47576 1.5 14 10 7 11 19% 175182 337 11%
c x 24.40 64 13 33 6253  1 240649 47574 1.5 14 10 7 11 19% 175161 337 11%
c i 24.71 64 13 33 6313  1 244602 49377 1.5 14 10 7 11 19% 175161 336 11%
c 
c  seconds  reductions   conflicts         size  tier2        variables
c         MB     restarts       redundant     glue   trail        remaining
c          level       rate          size/glue tier1   irredundant
c 
c i 25.52 64 12 33 6434  1 251966 53312 1.5 14 9 7 11 19% 175161 335 11%
c i 25.57 64 12 33 6434  1 252402 53513 1.5 14 9 7 11 19% 175161 334 11%
c B 25.63 64 12 33 6434  1 253040 53962 1.5 14 9 7 11 19% 175161 334 11%
c i 25.76 64 12 33 6434  1 254717 54762 1.5 14 9 7 11 19% 175161 332 11%
c - 25.92 48 12 34 6455  1 255900 19445 1.5 14 9 7 11 19% 110460 332 11%
c 2 25.92 48 12 34 6455  1 255900 19445 1.5 14 9 7 11 19% 110458 332 11%
c p 25.93 48 12 34 6455  1 255900 19466 1.5 14 9 7 11 19% 110458 331 11%
c u 25.95 48 12 34 6455  1 255900 19367 1.5 14 9 7 11 19% 110455 331 11%
c v 25.96 48 12 34 6455  1 255900 19344 1.5 14 9 7 11 19% 110455 331 11%
c w 25.96 48 12 34 6455  1 255900 19325 1.5 14 9 7 11 19% 110455 331 11%
c x 25.97 48 12 34 6455  1 255900 19321 1.5 14 9 7 11 19% 110428 331 11%
c t 25.98 48 12 34 6455  1 255900 19321 1.5 14 9 7 11 19% 110427 331 11%
c i 25.99 48 12 34 6455  1 256075 19365 1.5 14 9 7 11 19% 110427 328 11%
c i 26.14 48 12 34 6460  1 258206 20653 1.5 14 9 7 11 19% 110427 325 11%
c i 26.17 48 12 34 6460  1 258556 20838 1.5 14 9 7 11 19% 110427 324 11%
c i 26.17 48 12 34 6460  1 258568 20845 1.5 14 9 7 11 19% 110427 321 11%
c i 26.17 48 12 34 6460  1 258599 20850 1.5 14 9 7 11 19% 110427 319 11%
c i 26.17 48 12 34 6460  1 258610 20856 1.5 14 9 7 11 19% 110427 318 11%
c i 26.17 48 12 34 6460  1 258611 20856 1.5 14 9 7 11 19% 110427 317 11%
c } 26.17 48 12 34 6460  1 258627 20864 1.5 14 9 7 11 19% 110427 309 10%
c 
c  seconds  reductions   conflicts         size  tier2        variables
c         MB     restarts       redundant     glue   trail        remaining
c          level       rate          size/glue tier1   irredundant
c 
c 0 26.17 48 12 34 6460  1 258627 20864 1.5 14 9 7 11 19% 110427 309 10%
c 
c --- [ closing proof ] ------------------------------------------------------
c 
c LRAT proof file '/root/earth-moon/population/f034-a4-cert/cs-a4_m12c/r/n105_n53_n95_p149_n129_p106/round-0/F.lrat' closed
c LRAT 502925 added clauses 42.18%
c LRAT 689304 deleted clauses 57.82%
c LRAT 71708187 bytes (68.39 MB)
c 
c --- [ result ] -------------------------------------------------------------
c 
s UNSATISFIABLE
c 
c --- [ run-time profiling ] -------------------------------------------------
c 
c process time taken by individual solving procedures
c (percentage relative to process time for solving)
c 
c        23.94   92.29% search
c        12.84   49.49% unstable
c         9.96   38.42% stable
c         2.00    7.71% simplify
c         1.11    4.29% walk
c         0.89    3.45% vivify
c         0.50    1.93% sweep
c         0.24    0.92% parse
c         0.17    0.64% elim
c         0.12    0.46% subsume
c         0.08    0.29% congruence
c         0.08    0.29% probe
c         0.03    0.11% ternary
c         0.02    0.08% lucky
c         0.00    0.01% backbone
c   =================================
c        25.93   99.09% solve
c 
c last line shows process time for solving
c (percentage relative to total process time)
c 
c --- [ statistics ] ---------------------------------------------------------
c 
c chronological:             28580        11.05 %  of conflicts
c conflicts:                258627      9972.26    per second
c backbone:                  74793      2539.66 %  of vars
c decisions:                320920     12374.18    per second
c eliminated:                 1902        64.58 %  of all variables
c fixed:                       733        24.89 %  of all variables
c learned:                  252056        97.46 %  per conflict
c learned_lits:            5518271       100.00 %  learned literals
c minimized:                     0         0.00 %  learned literals
c shrunken:                1086374        19.69 %  learned literals
c minishrunken:             336687         6.10 %  learned literals
c otfs:                       4255         1.65 %  of conflict
c propagations:            3611727         0.14 M  per second
c reduced:                  110514        42.73 %  per conflict
c rephased:                     22     11755.77    interval
c restarts:                   6460        40.04    interval
c stabilizing:                   6        49.36 %  of conflicts
c substituted:                   1         0.03 %  of all variables
c subsumed:                  89441        20.38 %  of all clauses
c strengthened:               9881         2.25 %  of all clauses
c ticks:                1439146739       404.82    propagation
c vivified:                   1556         0.35 %  of all clauses
c walked:                        6     43104.50    interval
c weakened:                   4315         2.49    average size
c congruence:                    7     36946.71    interval
c 
c seconds are measured in process time for solving
c 
c --- [ glue usage ] ---------------------------------------------------------
c 
c focused glue 5 used 36872 clauses 10.16% accumulated 51.03% tier1
c focused glue 6 used 34834 clauses 9.600% accumulated 60.63%
c focused glue 7 used 31736 clauses 8.746% accumulated 69.37%
c focused glue 8 used 26350 clauses 7.261% accumulated 76.63%
c focused glue 9 used 22519 clauses 6.206% accumulated 82.84% tier2
c 
c stable glue 8 used 23656 clauses 6.506% accumulated 54.82% tier1
c stable glue 9 used 25895 clauses 7.122% accumulated 61.94%
c stable glue 10-12 used 68144 clauses 18.74% accumulated 80.69%
c stable glue 13 used 16597 clauses 4.564% accumulated 85.25%
c stable glue 14 used 13672 clauses 3.760% accumulated 89.01% tier2
c 
c 
c --- [ resources ] ----------------------------------------------------------
c 
c total process time since initialization:        26.17    seconds
c total real time since initialization:           26.18    seconds
c maximum resident set size of process:           86.79    MB
c 
c --- [ shutting down ] ------------------------------------------------------
c 
c exit 20

[rc=20 26.2s]
$ /root/earth-moon/verifier/../tools/drat-trim/lrat-check /root/earth-moon/population/f034-a4-cert/cs-a4_m12c/r/n105_n53_n95_p149_n129_p106/round-0/F.cnf /root/earth-moon/population/f034-a4-cert/cs-a4_m12c/r/n105_n53_n95_p149_n129_p106/round-0/F.lrat
c parsed a formula with 2945 variables and 318407 clauses
c VERIFIED
c allocated 1024 7253704 29450
c Added clauses = 821332.  Deleted clauses = 689304.  Max live clauses = 318407
c verification time = 1.26 secs

[rc=0 1.3s]
