# lean_static_resolve 2026-10-02 19:33:42
# dump=/root/earth-moon/population/f034-a4-cert/cs-a4_m12c/s/n105_n53_n95_n149/dump.jsonl raw=1165934 dedup=1165934 footer={'type': 'footer', 'verdict': 'UNSAT', 'counts': {'preseed': 8300, 'prop': 1157634, 'model': 0}, 'stats': {'checks': 5700947, 'confl': 578817, 'model_rej': 0}, 'time': '2026-10-02T19:33:22+0000'}
# counters=False
$ /root/bin/cadical --lrat --no-binary --no-factor /root/earth-moon/population/f034-a4-cert/cs-a4_m12c/r/n105_n53_n95_n149/round-0/F.cnf /root/earth-moon/population/f034-a4-cert/cs-a4_m12c/r/n105_n53_n95_n149/round-0/F.lrat
c --- [ banner ] -------------------------------------------------------------
c 
c CaDiCaL SAT Solver
c Copyright (c) 2016-2026
c A. Biere, M. Fleury, N. Froleyks, K. Fazekas, F. Pollitt, T. Faller
c JKU Linz, University of Freiburg, TU Wien
c 
c Version 3.0.1 c60730422e758ef1cebe7aeddf2dda31c996bf04
c g++ (Ubuntu 13.3.0-6ubuntu2~24.04.1) 13.3.0 -Wall -Wextra -O3 -DNDEBUG
c Fri Oct 2 18:00:09 UTC 2026 Linux ai-math 6.8.0-139-generic x86_64
c 
c --- [ proof tracing ] ------------------------------------------------------
c 
c opening file to write '/root/earth-moon/population/f034-a4-cert/cs-a4_m12c/r/n105_n53_n95_n149/round-0/F.lrat'
c writing non-binary proof trace to '/root/earth-moon/population/f034-a4-cert/cs-a4_m12c/r/n105_n53_n95_n149/round-0/F.lrat'
c 
c --- [ parsing input ] ------------------------------------------------------
c 
c reading DIMACS file from '/root/earth-moon/population/f034-a4-cert/cs-a4_m12c/r/n105_n53_n95_n149/round-0/F.cnf'
c opening file to read '/root/earth-moon/population/f034-a4-cert/cs-a4_m12c/r/n105_n53_n95_n149/round-0/F.cnf'
c found 'p cnf 2945 1174291' header
c parsed 1174291 clauses in 0.82 seconds process time
c 
c --- [ options ] ------------------------------------------------------------
c 
c   --binary=false                 (different from default 'true')
c   --lrat=true                    (different from default 'false')
c 
c --- [ solving ] ------------------------------------------------------------
c 
c time measured in process time since initialization
c 
c  seconds   reduction conflicts       size tier2       variables
c          MB    restarts   redundant    glue  trail         remaining
c           level     rate       size/glu tier1  irredundant
c 
c *  0.82 111  0 0   0  0    0    0 0.0 0 0 2 6  0% 838720 2904 99%
c )  1.05 165  0 0   0  0    0    0 0.0 0 0 2 6  0% 838720 2904 99%
c {  1.07 166  0 0   0  0    0    0 0.0 0 0 2 6  0% 838720 2904 99%
c i  1.23 172 648 0   7 33  167  108 1.7 18 11 2 6 30% 838672 2903 99%
c i  1.23 172 644 0   8 33  168  108 1.7 18 11 2 6 30% 838672 2901 99%
c -  1.50 182 386 1  27 22  300   98 1.6 17 11 2 6 23% 838612 2901 99%
c i  1.61 188 262 1  29 15  466  147 1.5 16 10 2 6 20% 838519 2853 97%
c i  2.13 192 146 1  96 10  922  442 1.5 18 12 2 6 17% 838418 2852 97%
c i  2.14 192 144 1 100 10  935  448 1.5 18 12 2 6 17% 838418 2851 97%
c }  2.25 194 136 1 116 10 1001  491 1.5 19 13 2 6 17% 838410 2851 97%
c [  2.25 194  0 1 116  0 1001  491 0.0 0 0 2 6  0% 838410 2851 97%
c O  2.25 194  0 1 116  1 1002  491 0.0 1 0 2 6  4% 838410 2851 97%
c i  2.25 194  0 1 116  1 1002  491 0.0 1 0 2 6  4% 838410 2830 96%
c -  2.68 258 23 2 116  2 1132  272 2.2 21 10 2 6 35% 819712 2830 96%
c ]  3.16 258 20 2 117  1 2496 1398 1.7 23 13 2 6 31% 819669 2830 96%
c {  3.16 258 136 2 117 10 2496 1398 1.5 19 13 2 6 17% 819669 2830 96%
c i  3.50 258 115 2 176  9 2735 1575 1.4 19 14 2 6 16% 819640 2829 96%
c -  3.68 258 115 3 177  9 2741  562 1.4 20 14 2 6 16% 819638 2829 96%
c O  3.96 258 98 3 205  8 3003  779 1.5 20 14 2 6 16% 819633 2829 96%
c i  4.18 258 83 3 216  7 3373 1075 1.6 22 14 2 6 17% 819606 2828 96%
c 
c  seconds   reduction conflicts       size   tier2       variables
c          MB    restarts   redundant     glue   trail         remaining
c           level     rate       size/glue  tier1  irredundant
c 
c i  4.26 258 81 3 228  7 3423 1110 1.5 22 14 2 6 17% 819597 2827 96%
c i  4.26 258 81 3 229  7 3424 1110 1.5 22 14 2 6 17% 819597 2825 96%
c 2  4.34 258 79 3 231  6 3508 1187 1.6 22 14 2 6 17% 819595 2811 95%
c d  4.38 258 79 3 231  6 3508 1182 1.6 22 14 2 6 17% 819560 2810 95%
c p  4.39 258 79 3 231  6 3508 1182 1.6 22 14 2 6 17% 819560 2809 95%
c =  4.75 262 79 3 231  6 3508 1163 1.6 22 14 2 6 17% 819503 2749 93%
c t  4.76 262 79 3 231  6 3508 1162 1.6 22 14 2 6 17% 819503 2749 93%
c i  4.85 262 76 3 234  6 3610 1236 1.6 21 14 2 6 17% 819491 2747 93%
c i  5.44 262 62 3 299  5 4566 2052 1.6 21 13 2 6 18% 819462 2716 92%
c i  5.62 262 59 3 309  5 4768 2190 1.6 21 13 2 6 18% 819462 2706 92%
c -  6.04 262 54 4 324  4 5245 2249 1.6 21 13 8 16 18% 819415 2706 92%
c #  6.26 262 49 4 324  4 6004 2928 1.7 22 13 9 16 19% 819415 2706 92%
c i  6.26 262 49 4 324  4 6004 2928 1.7 22 13 9 16 19% 819415 2694 91%
c 2  6.27 262 49 4 324  4 6008 2930 1.7 22 13 9 16 19% 819415 2679 91%
c i  6.58 263 49 4 335  4 6082 2987 1.7 22 13 9 15 19% 819379 2647 90%
c }  7.69 263 40 4 446  3 8139 4587 1.7 21 13 9 16  8% 819345 2647 90%
c [  7.69 263 20 4 446  1 8139 4587 1.7 23 13 2 6 34% 819345 2647 90%
c -  7.91 263 20 5 446  1 8709 4685 1.8 22 12 2 6 27% 819345 2647 90%
c 2  7.92 263 20 5 446  1 8709 4685 1.8 22 12 2 6 27% 819345 2640 90%
c d  7.96 263 20 5 446  1 8709 4685 1.8 22 12 2 6 27% 819329 2639 90%
c 
c  seconds   reductions conflicts       size    tier2        variables
c          MB    restarts    redundant     glue     trail         remaining
c           level     rate        size/glue  tier1    irredundant
c 
c I  8.46 263 24 5 447  1 10007 5548 1.5 25 17 11 17 20% 819334 2630 89%
c -  9.43 263 26 6 450  1 13173 6371 1.5 24 16 11 17 16% 819313 2630 89%
c 2  9.43 263 26 6 450  1 13173 6371 1.5 24 16 11 17 16% 819313 2625 89%
c t  9.70 263 26 6 450  1 13173 6369 1.5 24 16 11 17 16% 819303 2625 89%
c B 10.18 263 26 6 450  1 15009 7884 1.5 24 16 9 21 15% 819303 2625 89%
c ] 10.58 263 26 6 451  1 16008 8627 1.5 23 16 9 21 14% 819303 2625 89%
c { 10.58 263 40 6 451  3 16008 8627 1.7 21 13 9 16  8% 819303 2625 89%
c s 11.01 263 39 6 513  3 16352 8842 1.7 21 13 9 16  8% 819271 2625 89%
c t 11.04 263 39 6 513  3 16352 8840 1.7 21 13 9 16  8% 819257 2625 89%
c e 11.22 263 39 6 513  3 16352 8506 1.7 21 13 9 16  8% 815061 368 12%
c s 11.25 263 39 6 513  3 16352 8505 1.7 21 13 9 16  8% 815044 368 12%
c - 13.73 263 35 7 731  3 18664 8076 1.6 21 13 9 16 26% 815044 368 12%
c 2 13.73 263 35 7 731  3 18664 8075 1.6 21 13 9 16 26% 815044 368 12%
c p 13.75 263 35 7 731  3 18664 8081 1.6 21 13 9 16 26% 815044 368 12%
c u 13.97 263 35 7 731  3 18664 8007 1.6 21 13 9 16 26% 815044 368 12%
c v 14.11 263 35 7 731  3 18664 8004 1.6 21 13 9 16 26% 815044 368 12%
c w 14.16 263 35 7 731  3 18664 8003 1.6 21 13 9 16 26% 815044 368 12%
c x 14.33 263 35 7 731  3 18664 8003 1.6 21 13 9 16 26% 815040 368 12%
c B 15.91 263 32 7 843  3 21010 9885 1.6 21 13 9 16 27% 815040 368 12%
c - 17.37 264 28 8 876  2 25192 10999 1.7 21 12 9 15 28% 815040 368 12%
c 
c  seconds   reductions conflicts        size   tier2        variables
c          MB    restarts     redundant     glue    trail        remaining
c           level     rate         size/glue  tier1   irredundant
c 
c p 17.39 264 28 8 876  2 25192 11002 1.7 21 12 9 15 28% 815040 368 12%
c W 19.40 264 27 8 955  2 28011 13399 1.7 21 12 9 15 28% 815050 368 12%
c } 21.05 264 26 8 1131  2 30486 15239 1.7 20 12 9 15 27% 815050 368 12%
c [ 21.05 264 26 8 1131  1 30486 15239 1.5 23 16 9 21 101% 815050 368 12%
c - 21.56 264 24 9 1131  1 32773 14316 1.5 22 15 9 21 84% 815050 368 12%
c p 21.60 264 24 9 1131  1 32773 14324 1.5 22 15 9 21 84% 815050 368 12%
c W 23.59 265 23 9 1134  1 36013 16922 1.5 23 15 9 21 71% 815050 368 12%
c - 25.26 265 24 10 1137  1 41422 16642 1.5 23 15 9 18 59% 815050 368 12%
c p 25.29 265 24 10 1137  1 41422 16643 1.5 23 15 9 18 59% 815050 368 12%
c u 25.55 265 24 10 1137  1 41422 16614 1.5 23 15 9 18 59% 815050 368 12%
c v 25.67 265 24 10 1137  1 41422 16613 1.5 23 15 9 18 59% 815050 368 12%
c w 25.73 265 24 10 1137  1 41422 16612 1.5 23 15 9 18 59% 815050 368 12%
c x 25.90 265 24 10 1137  1 41422 16612 1.5 23 15 9 18 59% 815048 368 12%
c O 27.27 265 23 10 1138  1 45016 19130 1.4 23 16 9 18 53% 815048 368 12%
c ] 28.32 265 23 10 1139  1 48925 21928 1.4 23 16 9 18 48% 815048 368 12%
c { 28.32 265 26 10 1139  2 48925 21928 1.7 20 12 9 15 27% 815048 368 12%
c - 30.34 265 25 11 1373  2 51146 18272 1.7 20 12 9 15 26% 815048 368 12%
c p 30.36 265 25 11 1373  2 51146 18281 1.7 20 12 9 15 26% 815048 368 12%
c F 32.05 265 23 11 1491  2 55019 20536 1.6 19 12 9 15 24% 815048 368 12%
c s 36.93 265 23 11 1967  2 60804 25169 1.6 20 12 9 15 25% 815015 368 12%
c 
c  seconds   reductions   conflicts        size   tier2        variables
c          MB     restarts      redundant     glue    trail        remaining
c           level       rate         size/glue  tier1   irredundant
c 
c e 37.14 265 23 11 1967  2 60804 25114 1.6 20 12 9 15 25% 815015 367 12%
c s 37.18 265 23 11 1967  2 60804 25106 1.6 20 12 9 15 25% 814988 367 12%
c - 38.67 265 23 12 2172  2 61950 21745 1.6 20 12 9 15 25% 814988 367 12%
c p 38.72 265 23 12 2172  2 61950 21746 1.6 20 12 9 15 25% 814988 367 12%
c u 39.05 265 23 12 2172  2 61950 21717 1.6 20 12 9 15 25% 814988 367 12%
c v 39.17 265 23 12 2172  2 61950 21716 1.6 20 12 9 15 25% 814988 367 12%
c w 39.22 265 23 12 2172  2 61950 21714 1.6 20 12 9 15 25% 814988 367 12%
c x 39.39 265 23 12 2172  2 61950 21710 1.6 20 12 9 15 25% 814977 367 12%
c B 41.86 265 22 12 2527  2 66022 24875 1.6 20 12 9 15 25% 814977 367 12%
c } 46.09 265 22 12 3129  2 69793 27709 1.6 20 12 9 15 25% 814977 367 12%
c [ 46.09 265 23 12 3129  1 69793 27709 1.4 23 16 9 18 48% 814977 367 12%
c - 46.99 266 23 13 3129  1 73843 25984 1.4 22 15 10 17 44% 814977 367 12%
c p 47.02 266 23 13 3129  1 73843 25992 1.4 22 15 10 17 44% 814977 367 12%
c B 49.01 268 23 13 3132  1 78023 29281 1.5 22 15 10 17 42% 814977 367 12%
c - 51.38 268 23 14 3136  1 86825 28287 1.4 23 16 10 17 38% 814977 367 12%
c u 51.67 268 23 14 3136  1 86825 28213 1.4 23 16 10 17 38% 814977 367 12%
c v 51.79 268 23 14 3136  1 86825 28210 1.4 23 16 10 17 38% 814977 367 12%
c w 51.84 268 23 14 3136  1 86825 28210 1.4 23 16 10 17 38% 814977 367 12%
c x 52.04 268 23 14 3136  1 86825 28209 1.4 23 16 10 17 38% 814974 367 12%
c W 53.92 268 23 14 3139  1 91024 30834 1.4 23 16 10 17 37% 814974 367 12%
c 
c  seconds   reductions   conflicts         size    tier2        variables
c          MB     restarts       redundant     glue     trail        remaining
c           level       rate          size/glue  tier1    irredundant
c 
c - 55.84 268 22 15 3144  1 100905 27973 1.4 23 16 10 17 34% 814974 367 12%
c p 55.88 268 22 15 3144  1 100905 27981 1.4 23 16 10 17 34% 814974 367 12%
c I 56.92 268 22 15 3144  1 105025 31135 1.4 23 16 10 17 34% 814974 367 12%
c ] 57.86 268 22 15 3144  1 107044 32688 1.4 23 16 10 17 33% 814974 367 12%
c { 57.86 268 22 15 3144  2 107044 32688 1.6 20 12 9 15 25% 814974 367 12%
c - 62.40 269 21 16 3623  2 116082 32055 1.6 19 12 9 15 24% 814974 367 12%
c u 62.72 269 21 16 3623  2 116082 31996 1.6 19 12 9 15 24% 814974 367 12%
c v 62.83 269 21 16 3623  2 116082 31994 1.6 19 12 9 15 24% 814974 367 12%
c w 62.89 269 21 16 3623  2 116082 31994 1.6 19 12 9 15 24% 814974 367 12%
c x 63.06 269 21 16 3623  2 116082 31994 1.6 19 12 9 15 24% 814962 367 12%
c W 64.30 269 20 16 3652  2 120029 33699 1.6 18 12 9 15 23% 814962 367 12%
c s 69.46 269 19 16 4339  2 127505 39014 1.6 18 12 9 15 23% 814910 367 12%
c s 69.72 269 19 16 4339  2 127505 38995 1.6 18 12 9 15 23% 814808 367 12%
c - 74.17 269 19 17 4965  2 132359 37821 1.6 19 12 9 15 23% 814808 367 12%
c p 74.20 269 19 17 4965  2 132359 37829 1.6 19 12 9 15 23% 814808 367 12%
c u 74.47 269 19 17 4965  2 132359 37800 1.6 19 12 9 15 23% 814808 367 12%
c v 74.55 269 19 17 4965  2 132359 37796 1.6 19 12 9 15 23% 814808 367 12%
c w 74.60 269 19 17 4965  2 132359 37795 1.6 19 12 9 15 23% 814808 367 12%
c x 74.74 269 19 17 4965  2 132359 37795 1.6 19 12 9 15 23% 814803 367 12%
c # 77.59 269 19 17 5343  2 136030 40124 1.6 18 12 9 15 23% 814803 367 12%
c 
c  seconds   reductions   conflicts         size   tier2        variables
c          MB     restarts       redundant     glue    trail        remaining
c           level       rate          size/glue  tier1   irredundant
c 
c } 84.51 269 18 17 6248  2 148791 47970 1.6 18 12 6 13 22% 814803 367 12%
c [ 84.51 269 22 17 6248  1 148791 47970 1.4 23 16 10 17 33% 814803 367 12%
c - 84.99 269 22 18 6248  1 149740 33571 1.4 23 16 10 17 33% 814803 367 12%
c p 85.04 269 22 18 6248  1 149740 33579 1.4 23 16 10 17 33% 814803 367 12%
c u 86.26 270 22 18 6248  1 149740 33564 1.4 23 16 10 17 33% 814803 367 12%
c v 86.35 270 22 18 6248  1 149740 33562 1.4 23 16 10 17 33% 814803 367 12%
c w 86.39 270 22 18 6248  1 149740 33562 1.4 23 16 10 17 33% 814803 367 12%
c x 86.53 270 22 18 6248  1 149740 33562 1.4 23 16 10 17 33% 814800 367 12%
c B 87.37 270 22 18 6249  1 153032 35908 1.4 23 16 10 17 33% 814800 367 12%
c - 92.01 270 22 19 6250  1 168228 34045 1.4 23 16 10 17 31% 814800 367 12%
c p 92.04 270 22 19 6250  1 168228 34056 1.4 23 16 10 17 31% 814800 367 12%
c W 93.77 270 22 19 6252  1 171035 36292 1.5 23 16 10 17 31% 814800 367 12%
c - 97.30 270 21 20 6262  1 187823 34258 1.5 22 15 10 17 29% 814800 367 12%
c p 97.34 270 21 20 6262  1 187823 34270 1.5 22 15 10 17 29% 814800 367 12%
c u 97.55 270 21 20 6262  1 187823 34100 1.5 22 15 10 17 29% 814800 367 12%
c v 97.67 270 21 20 6262  1 187823 34096 1.5 22 15 10 17 29% 814800 367 12%
c w 97.73 270 21 20 6262  1 187823 34093 1.5 22 15 10 17 29% 814800 367 12%
c x 97.96 270 21 20 6262  1 187823 34092 1.5 22 15 10 17 29% 814790 367 12%
c O 98.61 270 21 20 6263  1 190036 35674 1.5 22 15 10 17 29% 814790 367 12%
c ] 102.05 270 20 20 6267  1 202848 46208 1.5 23 15 9 17 29% 814790 367 12%
c 
c  seconds    reductions   conflicts         size   tier2        variables
c           MB     restarts       redundant     glue    trail        remaining
c            level       rate          size/glue  tier1   irredundant
c 
c { 102.05 270 18 20 6267  2 202848 46208 1.6 18 12 6 13 22% 814790 367 12%
c - 106.54 270 19 21 6876  2 208527 36948 1.6 18 12 6 13 22% 814790 367 12%
c p 106.60 270 19 21 6876  2 208527 36960 1.6 18 12 6 13 22% 814790 367 12%
c u 106.85 270 19 21 6876  2 208527 36912 1.6 18 12 6 13 22% 814790 367 12%
c v 106.96 270 19 21 6876  2 208527 36912 1.6 18 12 6 13 22% 814790 367 12%
c w 107.01 270 19 21 6876  2 208527 36912 1.6 18 12 6 13 22% 814790 367 12%
c x 107.18 270 19 21 6876  2 208527 36912 1.6 18 12 6 13 22% 814790 367 12%
c B 108.99 270 19 21 7140  2 210039 37989 1.6 18 12 6 13 22% 814790 367 12%
c s 113.31 270 19 21 7720  2 216439 42759 1.6 18 12 6 13 22% 814667 367 12%
c s 113.58 270 19 21 7720  2 216439 42743 1.6 18 12 6 13 22% 814537 367 12%
c - 123.34 271 18 22 8956  2 230343 40391 1.6 18 12 6 13 22% 814537 367 12%
c p 123.39 271 18 22 8956  2 230343 40403 1.6 18 12 6 13 22% 814537 367 12%
c u 123.71 271 18 22 8956  2 230343 40348 1.6 18 12 6 13 22% 814537 367 12%
c v 123.85 271 18 22 8956  2 230343 40347 1.6 18 12 6 13 22% 814537 367 12%
c w 123.93 271 18 22 8956  2 230343 40346 1.6 18 12 6 13 22% 814537 367 12%
c x 124.14 271 18 22 8956  2 230343 40346 1.6 18 12 6 13 22% 814519 367 12%
c W 126.72 271 18 22 9025  2 231040 40840 1.6 18 12 6 13 22% 814519 367 12%
c F 140.86 271 18 22 10658  2 253041 56815 1.6 19 12 6 13 23% 814519 367 12%
c - 141.46 271 18 23 10720  2 253270 45743 1.6 19 12 6 13 23% 814519 367 12%
c p 141.52 271 18 23 10720  2 253270 45755 1.6 19 12 6 13 23% 814519 367 12%
c 
c  seconds    reductions    conflicts         size   tier2        variables
c           MB      restarts       redundant     glue    trail        remaining
c            level        rate          size/glue  tier1   irredundant
c 
c u 141.90 271 18 23 10720  2 253270 45684 1.6 19 12 6 13 23% 814519 367 12%
c v 142.04 271 18 23 10720  2 253270 45675 1.6 19 12 6 13 23% 814519 367 12%
c w 142.11 271 18 23 10720  2 253270 45675 1.6 19 12 6 13 23% 814519 367 12%
c x 142.34 271 18 23 10720  2 253270 45674 1.6 19 12 6 13 23% 814507 367 12%
c } 142.51 271 18 23 10743  2 253359 45731 1.6 19 12 6 13 23% 814507 367 12%
c [ 142.51 271 20 23 10743  1 253359 45731 1.5 23 15 9 17 29% 814507 367 12%
c B 148.19 271 21 23 10754  1 276044 65049 1.5 23 16 9 17 29% 814507 367 12%
c - 148.72 271 21 24 10755  1 277312 47567 1.5 23 16 9 17 29% 814507 367 12%
c p 148.76 271 21 24 10755  1 277312 47579 1.5 23 16 9 17 29% 814507 367 12%
c u 149.93 271 21 24 10755  1 277312 47558 1.5 23 16 9 17 29% 814507 367 12%
c v 150.02 271 21 24 10755  1 277312 47549 1.5 23 16 9 17 29% 814507 367 12%
c w 150.07 271 21 24 10755  1 277312 47546 1.5 23 16 9 17 29% 814507 367 12%
c x 150.22 271 21 24 10755  1 277312 47545 1.5 23 16 9 17 29% 814498 367 12%
c W 158.19 271 22 24 10756  1 300048 63755 1.5 24 16 9 17 29% 814498 367 12%
c - 159.11 271 22 25 10757  1 302468 43280 1.5 24 16 9 17 29% 814498 367 12%
c p 159.17 271 22 25 10757  1 302468 43291 1.5 24 16 9 17 29% 814498 367 12%
c u 159.41 271 22 25 10757  1 302468 43249 1.5 24 16 9 17 29% 814498 367 12%
c v 159.53 271 22 25 10757  1 302468 43247 1.5 24 16 9 17 29% 814498 367 12%
c w 159.59 271 22 25 10757  1 302468 43245 1.5 24 16 9 17 29% 814498 367 12%
c x 159.76 271 22 25 10757  1 302468 43245 1.5 24 16 9 17 29% 814494 367 12%
c 
c  seconds    reductions    conflicts         size   tier2        variables
c           MB      restarts       redundant     glue    trail        remaining
c            level        rate          size/glue  tier1   irredundant
c 
c I 164.96 271 22 25 10757  1 325049 59801 1.5 24 17 9 17 28% 814494 367 12%
c s 166.08 271 22 25 10757  1 327601 61696 1.5 24 17 9 17 28% 814368 367 12%
c s 166.37 271 22 25 10757  1 327601 61691 1.5 24 17 9 17 28% 814248 367 12%
c ] 166.89 271 22 25 10757  1 328325 62244 1.5 24 17 9 17 28% 814248 367 12%
c { 166.89 271 18 25 10757  2 328325 62244 1.6 19 12 6 13 23% 814248 367 12%
c - 167.27 271 18 26 10763  2 328740 41093 1.6 19 12 6 13 23% 814248 367 12%
c p 167.30 271 18 26 10763  2 328740 41105 1.6 19 12 6 13 23% 814248 367 12%
c u 167.54 271 18 26 10763  2 328740 41057 1.6 19 12 6 13 23% 814248 367 12%
c v 167.65 271 18 26 10763  2 328740 41056 1.6 19 12 6 13 23% 814248 367 12%
c w 167.70 271 18 26 10763  2 328740 41055 1.6 19 12 6 13 23% 814248 367 12%
c x 167.87 271 18 26 10763  2 328740 41055 1.6 19 12 6 13 23% 814241 367 12%
c B 179.06 271 18 26 12207  2 351050 55383 1.6 18 12 6 12 22% 814241 367 12%
c - 184.23 271 18 27 12974  2 356126 46096 1.6 18 12 6 12 22% 814241 367 12%
c p 184.29 271 18 27 12974  2 356126 46104 1.6 18 12 6 12 22% 814241 367 12%
c u 184.61 271 18 27 12974  2 356126 46003 1.6 18 12 6 12 22% 814241 367 12%
c v 184.77 271 18 27 12974  2 356126 46001 1.6 18 12 6 12 22% 814241 367 12%
c w 184.84 271 18 27 12974  2 356126 46000 1.6 18 12 6 12 22% 814241 367 12%
c x 185.09 271 18 27 12974  2 356126 46000 1.6 18 12 6 12 22% 814240 367 12%
c W 202.67 271 17 27 15020  2 378051 62015 1.6 18 12 6 12 22% 814240 367 12%
c - 207.62 272 18 28 15775  2 384632 55651 1.6 19 12 6 12 23% 814240 367 12%
c 
c  seconds    reductions    conflicts         size   tier2        variables
c           MB      restarts       redundant     glue    trail        remaining
c            level        rate          size/glue  tier1   irredundant
c 
c p 207.67 272 18 28 15775  2 384632 55663 1.6 19 12 6 12 23% 814240 367 12%
c u 208.04 272 18 28 15775  2 384632 55503 1.6 19 12 6 12 23% 814240 367 12%
c v 208.23 272 18 28 15775  2 384632 55495 1.6 19 12 6 12 23% 814240 367 12%
c w 208.32 272 18 28 15775  2 384632 55494 1.6 19 12 6 12 23% 814240 367 12%
c x 208.61 272 18 28 15775  2 384632 55494 1.6 19 12 6 12 23% 814236 367 12%
c } 219.05 272 17 28 16933  2 403356 67782 1.6 18 12 5 12 22% 814236 367 12%
c [ 219.05 272 22 28 16933  1 403356 67782 1.5 24 17 9 17 28% 814236 367 12%
c B 220.14 272 22 28 16933  1 406052 69537 1.5 24 17 9 17 28% 814236 367 12%
c - 222.13 272 22 29 16937  1 414259 56582 1.5 24 16 9 17 28% 814236 367 12%
c p 222.17 272 22 29 16937  1 414259 56594 1.5 24 16 9 17 28% 814236 367 12%
c u 222.49 272 22 29 16937  1 414259 56548 1.5 24 16 9 17 28% 814236 367 12%
c v 222.63 272 22 29 16937  1 414259 56545 1.5 24 16 9 17 28% 814236 367 12%
c w 222.70 272 22 29 16937  1 414259 56539 1.5 24 16 9 17 28% 814236 367 12%
c x 222.89 272 22 29 16937  1 414259 56538 1.5 24 16 9 17 28% 814223 367 12%
c W 230.00 272 22 29 16948  1 435054 72817 1.5 24 16 9 17 28% 814223 367 12%
c - 232.69 272 22 30 16951  1 445002 55673 1.5 24 16 9 17 28% 814223 367 12%
c p 232.75 272 22 30 16951  1 445002 55684 1.5 24 16 9 17 28% 814223 367 12%
c u 233.11 272 22 30 16951  1 445002 55601 1.5 24 16 9 17 28% 814223 367 12%
c v 233.25 272 22 30 16951  1 445002 55600 1.5 24 16 9 17 28% 814223 367 12%
c w 233.32 272 22 30 16951  1 445002 55598 1.5 24 16 9 17 28% 814223 367 12%
c 
c  seconds    reductions    conflicts         size   tier2        variables
c           MB      restarts       redundant     glue    trail        remaining
c            level        rate          size/glue  tier1   irredundant
c 
c x 233.50 272 22 30 16951  1 445002 55598 1.5 24 16 9 17 28% 814184 367 12%
c s 237.14 272 23 30 16960  1 460987 69629 1.5 24 16 9 17 28% 814066 367 12%
c s 237.42 272 23 30 16960  1 460987 69592 1.5 24 16 9 17 28% 813887 367 12%
c O 238.81 272 23 30 16962  1 465056 73072 1.5 24 16 9 18 29% 813887 367 12%
c - 242.37 272 22 31 16964  1 476867 54371 1.5 24 16 9 18 28% 813887 367 12%
c p 242.41 272 22 31 16964  1 476867 54383 1.5 24 16 9 18 28% 813887 367 12%
c u 243.83 272 22 31 16964  1 476867 54335 1.5 24 16 9 18 28% 813887 367 12%
c v 243.98 272 22 31 16964  1 476867 54334 1.5 24 16 9 18 28% 813887 367 12%
c w 244.04 272 22 31 16964  1 476867 54333 1.5 24 16 9 18 28% 813887 367 12%
c x 244.23 272 22 31 16964  1 476867 54333 1.5 24 16 9 18 28% 813883 367 12%
c B 248.66 272 22 31 16967  1 496057 70191 1.5 24 16 9 18 28% 813883 367 12%
c ] 251.72 272 22 31 16973  1 506738 78053 1.5 24 16 9 18 28% 813883 367 12%
c { 251.72 272 17 31 16973  2 506738 78053 1.6 18 12 5 12 22% 813883 367 12%
c - 254.59 272 17 32 17221  2 509850 56997 1.6 18 12 5 12 22% 813883 367 12%
c p 254.66 272 17 32 17221  2 509850 57009 1.6 18 12 5 12 22% 813883 367 12%
c u 255.01 272 17 32 17221  2 509850 57001 1.6 18 12 5 12 22% 813883 367 12%
c v 255.16 272 17 32 17221  2 509850 56996 1.6 18 12 5 12 22% 813883 367 12%
c w 255.23 272 17 32 17221  2 509850 56995 1.6 18 12 5 12 22% 813883 367 12%
c x 255.43 272 17 32 17221  2 509850 56995 1.6 18 12 5 12 22% 813876 367 12%
c # 265.96 272 17 32 18735  2 528058 69122 1.5 18 12 5 12 22% 813876 367 12%
c 
c  seconds    reductions    conflicts         size   tier2        variables
c           MB      restarts       redundant     glue    trail        remaining
c            level        rate          size/glue  tier1   irredundant
c 
c - 272.33 272 16 33 19393  2 543953 59217 1.5 18 12 5 11 22% 813876 367 12%
c p 272.37 272 16 33 19393  2 543953 59229 1.5 18 12 5 11 22% 813876 367 12%
c u 272.76 272 16 33 19393  2 543953 59220 1.5 18 12 5 11 22% 813876 367 12%
c v 272.93 272 16 33 19393  2 543953 59216 1.5 18 12 5 11 22% 813876 367 12%
c w 273.01 272 16 33 19393  2 543953 59216 1.5 18 12 5 11 22% 813876 367 12%
c x 273.26 272 16 33 19393  2 543953 59215 1.5 18 12 5 11 22% 813869 367 12%
c B 287.01 272 17 33 21746  2 561061 71357 1.5 18 12 5 11 22% 813869 367 12%
c - 297.52 272 16 34 23363  2 579180 63354 1.5 18 12 5 11 21% 813869 367 12%
c p 297.58 272 16 34 23363  2 579180 63365 1.5 18 12 5 11 21% 813869 367 12%
c u 298.03 272 16 34 23363  2 579180 63239 1.5 18 12 5 11 21% 813869 367 12%
c v 298.25 272 16 34 23363  2 579180 63224 1.5 18 12 5 11 21% 813869 367 12%
c w 298.36 272 16 34 23363  2 579180 63220 1.5 18 12 5 11 21% 813869 367 12%
c x 298.60 272 16 34 23363  2 579180 63210 1.5 18 12 5 11 21% 813789 367 12%
c W 312.36 272 16 34 24715  2 595064 73481 1.5 18 12 5 11 22% 813789 367 12%
c } 320.02 272 16 34 25382  2 610032 83850 1.5 18 12 5 11 22% 813789 367 12%
c [ 320.02 272 22 34 25382  1 610032 83850 1.5 24 16 9 18 28% 813789 367 12%
c - 321.63 273 22 35 25386  1 615529 66601 1.5 24 16 9 18 28% 813789 367 12%
c p 321.71 273 22 35 25386  1 615529 66613 1.5 24 16 9 18 28% 813789 367 12%
c u 322.10 273 22 35 25386  1 615529 66537 1.5 24 16 9 18 28% 813789 367 12%
c v 322.28 273 22 35 25386  1 615529 66531 1.5 24 16 9 18 28% 813789 367 12%
c 
c  seconds    reductions    conflicts         size   tier2        variables
c           MB      restarts       redundant     glue    trail        remaining
c            level        rate          size/glue  tier1   irredundant
c 
c w 322.38 273 22 35 25386  1 615529 66519 1.5 24 16 9 18 28% 813789 367 12%
c x 322.63 273 22 35 25386  1 615529 66516 1.5 24 16 9 18 28% 813764 367 12%
c s 323.12 273 22 35 25386  1 616597 67269 1.5 24 16 9 18 28% 813465 367 12%
c s 323.42 273 22 35 25386  1 616597 67250 1.5 24 16 9 18 28% 813284 367 12%
c W 328.42 273 22 35 25389  1 630067 76880 1.5 23 16 9 18 27% 813284 367 12%
c - 333.33 272 21 36 25402  1 653001 66294 1.5 23 15 9 18 27% 813284 367 12%
c p 333.37 272 21 36 25402  1 653001 66305 1.5 23 15 9 18 27% 813284 367 12%
c u 333.71 272 21 36 25402  1 653001 66268 1.5 23 15 9 18 27% 813284 367 12%
c v 333.89 272 21 36 25402  1 653001 66268 1.5 23 15 9 18 27% 813284 367 12%
c w 333.98 272 21 36 25402  1 653001 66266 1.5 23 15 9 18 27% 813284 367 12%
c x 334.21 272 21 36 25402  1 653001 66264 1.5 23 15 9 18 27% 813261 367 12%
c I 337.52 272 21 36 25404  1 666068 75991 1.5 23 15 8 17 27% 813261 367 12%
c - 346.13 272 22 37 25405  1 691592 64429 1.5 24 16 8 17 28% 813261 367 12%
c p 346.18 272 22 37 25405  1 691592 64441 1.5 24 16 8 17 28% 813261 367 12%
c u 346.49 272 22 37 25405  1 691592 64379 1.5 24 16 8 17 28% 813261 367 12%
c v 346.67 272 22 37 25405  1 691592 64367 1.5 24 16 8 17 28% 813261 367 12%
c w 346.75 272 22 37 25405  1 691592 64355 1.5 24 16 8 17 28% 813261 367 12%
c x 346.96 272 22 37 25405  1 691592 64354 1.5 24 16 8 17 28% 813218 367 12%
c B 349.57 272 22 37 25405  1 703069 74340 1.5 24 16 8 17 28% 813218 367 12%
c - 358.32 273 21 38 25406  1 731305 67018 1.6 24 15 8 17 28% 813218 367 12%
c 
c  seconds    reductions    conflicts         size   tier2        variables
c           MB      restarts       redundant     glue    trail        remaining
c            level        rate          size/glue  tier1   irredundant
c 
c p 358.35 273 21 38 25406  1 731305 67030 1.6 24 15 8 17 28% 813218 367 12%
c u 358.74 273 21 38 25406  1 731305 66959 1.6 24 15 8 17 28% 813218 367 12%
c v 358.89 273 21 38 25406  1 731305 66945 1.6 24 15 8 17 28% 813218 367 12%
c w 358.97 273 21 38 25406  1 731305 66944 1.6 24 15 8 17 28% 813218 367 12%
c x 359.18 273 21 38 25406  1 731305 66942 1.6 24 15 8 17 28% 813168 367 12%
c W 364.46 273 21 38 25406  1 741070 75232 1.6 24 15 8 17 28% 813168 367 12%
c ] 364.91 273 21 38 25406  1 741735 75679 1.6 24 15 8 17 28% 813168 367 12%
c { 364.91 273 16 38 25406  2 741735 75679 1.5 18 12 5 11 22% 813168 367 12%
c - 384.42 273 16 39 28120  2 772143 72893 1.5 18 12 5 11 22% 813168 367 12%
c p 384.48 273 16 39 28120  2 772143 72905 1.5 18 12 5 11 22% 813168 367 12%
c u 386.29 273 16 39 28120  2 772143 72790 1.5 18 12 5 11 22% 813168 367 12%
c v 386.52 273 16 39 28120  2 772143 72782 1.5 18 12 5 11 22% 813168 367 12%
c w 386.64 273 16 39 28120  2 772143 72779 1.5 18 12 5 11 22% 813168 367 12%
c x 386.95 273 16 39 28120  2 772143 72769 1.5 18 12 5 11 22% 813014 367 12%
c F 390.16 273 16 39 28535  1 780071 77778 1.5 18 12 5 11 22% 813014 367 12%
c s 402.94 273 16 39 30377  2 794418 87891 1.5 18 12 5 11 22% 812754 367 12%
c s 403.27 273 16 39 30377  2 794418 87839 1.5 18 12 5 11 22% 812148 367 12%
c - 415.15 274 16 40 31897  2 814103 78770 1.5 18 12 5 11 22% 812148 367 12%
c p 415.21 274 16 40 31897  2 814103 78782 1.5 18 12 5 11 22% 812148 367 12%
c u 415.63 274 16 40 31897  2 814103 78622 1.5 18 12 5 11 22% 812148 367 12%
c 
c  seconds    reductions    conflicts         size   tier2        variables
c           MB      restarts       redundant     glue    trail        remaining
c            level        rate          size/glue  tier1   irredundant
c 
c v 415.89 274 16 40 31897  2 814103 78620 1.5 18 12 5 11 22% 812148 367 12%
c w 416.01 274 16 40 31897  2 814103 78618 1.5 18 12 5 11 22% 812148 367 12%
c x 416.36 274 16 40 31897  2 814103 78616 1.5 18 12 5 11 22% 812083 367 12%
c B 421.17 274 16 40 32472  2 820075 82640 1.5 18 12 5 11 22% 812083 367 12%
c - 443.60 273 16 41 34996  1 857179 78169 1.5 18 12 4 11 23% 812083 367 12%
c p 443.66 273 16 41 34996  1 857179 78181 1.5 18 12 4 11 23% 812083 367 12%
c u 444.13 273 16 41 34996  1 857179 78015 1.5 18 12 4 11 23% 812083 367 12%
c v 444.40 273 16 41 34996  1 857179 78013 1.5 18 12 4 11 23% 812083 367 12%
c w 444.54 273 16 41 34996  1 857179 78008 1.5 18 12 4 11 23% 812083 367 12%
c x 444.89 273 16 41 34996  1 857179 78000 1.5 18 12 4 11 23% 811948 367 12%
c } 444.99 273 16 41 34996  1 857197 78009 1.5 18 12 4 11 23% 811948 367 12%
c [ 444.99 273 21 41 34996  1 857197 78009 1.6 24 15 8 17 28% 811948 367 12%
c O 446.12 273 21 41 34996  1 861076 80561 1.6 24 15 8 17 28% 811948 367 12%
c - 458.63 274 21 42 35002  1 901376 79554 1.6 24 15 8 17 29% 811948 367 12%
c p 458.69 274 21 42 35002  1 901376 79568 1.6 24 15 8 17 29% 811948 367 12%
c u 459.14 274 21 42 35002  1 901376 79441 1.6 24 15 8 17 29% 811948 367 12%
c v 459.36 274 21 42 35002  1 901376 79438 1.6 24 15 8 17 29% 811948 367 12%
c w 459.48 274 21 42 35002  1 901376 79438 1.6 24 15 8 17 29% 811948 367 12%
c x 459.83 274 21 42 35002  1 901376 79437 1.6 24 15 8 17 29% 811917 367 12%
c B 460.43 274 22 42 35003  1 903077 80631 1.6 24 15 8 17 29% 811917 367 12%
c 
c  seconds    reductions    conflicts          size   tier2        variables
c           MB      restarts       redundant      glue    trail        remaining
c            level        rate           size/glue  tier1   irredundant
c 
c W 475.25 274 20 42 35023  1 946079 107865 1.6 22 14 7 17 27% 811917 367 12%
c - 475.67 273 20 43 35024  1 946699 72883 1.6 22 14 7 17 27% 811917 367 12%
c p 475.73 273 20 43 35024  1 946699 72897 1.6 22 14 7 17 27% 811917 367 12%
c u 476.15 273 20 43 35024  1 946699 72809 1.6 22 14 7 17 27% 811917 367 12%
c v 476.35 273 20 43 35024  1 946699 72808 1.6 22 14 7 17 27% 811917 367 12%
c w 476.45 273 20 43 35024  1 946699 72808 1.6 22 14 7 17 27% 811917 367 12%
c x 476.75 273 20 43 35024  1 946699 72807 1.6 22 14 7 17 27% 811901 367 12%
c I 488.56 273 20 43 35034  1 990081 104283 1.5 22 15 7 16 26% 811901 367 12%
c - 490.15 272 20 44 35037  1 993145 68066 1.5 22 15 7 16 26% 811901 367 12%
c p 490.20 272 20 44 35037  1 993145 68080 1.5 22 15 7 16 26% 811901 367 12%
c u 490.64 272 20 44 35037  1 993145 67966 1.5 22 15 7 16 26% 811901 367 12%
c v 490.85 272 20 44 35037  1 993145 67960 1.5 22 15 7 16 26% 811901 367 12%
c w 490.96 272 20 44 35037  1 993145 67957 1.5 22 15 7 16 26% 811901 367 12%
c x 491.26 272 20 44 35037  1 993145 67954 1.5 22 15 7 16 26% 811855 367 12%
c s 492.01 272 20 44 35037  1 994431 68888 1.5 22 15 7 16 26% 811403 367 12%
c s 492.35 272 20 44 35037  1 994431 68870 1.5 22 15 7 16 26% 811107 367 12%
c ] 500.47 272 19 44 35054  1 1029206 93215 1.5 21 14 7 16 25% 811107 367 12%
c { 500.47 272 16 44 35054  1 1029206 93215 1.5 18 12 4 11 23% 811107 367 12%
c W 507.46 272 16 44 35732  1 1035083 97337 1.5 18 12 4 11 23% 811107 367 12%
c - 511.51 273 16 45 36102  1 1040720 73972 1.5 18 12 4 11 23% 811107 367 12%
c 
c  seconds    reductions     conflicts         size   tier2        variables
c           MB      restarts        redundant     glue    trail        remaining
c            level        rate           size/glue  tier1   irredundant
c 
c p 511.57 273 16 45 36102  1 1040720 73986 1.5 18 12 4 11 23% 811107 367 12%
c u 511.96 273 16 45 36102  1 1040720 73919 1.5 18 12 4 11 23% 811107 367 12%
c v 512.16 273 16 45 36102  1 1040720 73911 1.5 18 12 4 11 23% 811107 367 12%
c w 512.26 273 16 45 36102  1 1040720 73909 1.5 18 12 4 11 23% 811107 367 12%
c x 512.54 273 16 45 36102  1 1040720 73907 1.5 18 12 4 11 23% 811020 367 12%
c # 532.56 273 15 45 38567  1 1081084 98241 1.5 17 11 4 11 22% 811020 367 12%
c - 538.04 274 15 46 39257  1 1089407 85087 1.5 18 12 4 11 22% 811020 367 12%
c p 538.10 274 15 46 39257  1 1089407 85101 1.5 18 12 4 11 22% 811020 367 12%
c u 538.71 274 15 46 39257  1 1089407 85010 1.5 18 12 4 11 22% 811020 367 12%
c v 538.99 274 15 46 39257  1 1089407 85001 1.5 18 12 4 11 22% 811020 367 12%
c w 539.14 274 15 46 39257  1 1089407 85001 1.5 18 12 4 11 22% 811020 367 12%
c x 539.56 274 15 46 39257  1 1089407 85000 1.5 18 12 4 11 22% 810955 367 12%
c B 562.68 274 15 46 42180  1 1128087 111028 1.5 18 12 4 11 22% 810955 367 12%
c - 569.47 274 15 47 43196  1 1139222 91505 1.5 18 12 4 11 23% 810955 367 12%
c p 569.53 274 15 47 43196  1 1139222 91518 1.5 18 12 4 11 23% 810955 367 12%
c u 570.27 274 15 47 43196  1 1139222 91445 1.5 18 12 4 11 23% 810955 367 12%
c v 570.61 274 15 47 43196  1 1139222 91432 1.5 18 12 4 11 23% 810955 367 12%
c w 570.77 274 15 47 43196  1 1139222 91429 1.5 18 12 4 11 23% 810955 367 12%
c x 571.25 274 15 47 43196  1 1139222 91426 1.5 18 12 4 11 23% 810884 367 12%
c W 596.97 274 15 47 46577  1 1176088 114982 1.5 18 12 4 11 22% 810884 367 12%
c 
c  seconds    reductions     conflicts          size   tier2        variables
c           MB      restarts        redundant      glue    trail        remaining
c            level        rate            size/glue  tier1   irredundant
c 
c } 601.20 274 15 47 46846  1 1184922 120615 1.5 18 12 4 11 23% 810884 367 12%
c [ 601.20 274 19 47 46846  1 1184922 120615 1.5 21 14 7 16 25% 810884 367 12%
c - 603.11 275 19 48 46848  1 1190159 93790 1.5 21 14 7 16 25% 810884 367 12%
c p 603.16 275 19 48 46848  1 1190159 93804 1.5 21 14 7 16 25% 810884 367 12%
c u 606.36 275 19 48 46848  1 1190159 93738 1.5 21 14 7 16 25% 810884 367 12%
c v 606.61 275 19 48 46848  1 1190159 93719 1.5 21 14 7 16 25% 810884 367 12%
c w 606.77 275 19 48 46848  1 1190159 93718 1.5 21 14 7 16 25% 810884 367 12%
c x 607.22 275 19 48 46848  1 1190159 93716 1.5 21 14 7 16 25% 810800 367 12%
c s 614.67 275 19 48 46850  1 1216629 114118 1.5 22 14 7 16 25% 810569 367 12%
c s 615.02 275 19 48 46850  1 1216629 114084 1.5 22 14 7 16 25% 810322 367 12%
c B 617.61 275 19 48 46851  1 1225089 120298 1.5 21 14 7 16 25% 810322 367 12%
c - 623.47 274 19 49 46851  1 1242222 94063 1.6 22 14 7 16 25% 810322 367 12%
c p 623.53 274 19 49 46851  1 1242222 94077 1.6 22 14 7 16 25% 810322 367 12%
c u 624.02 274 19 49 46851  1 1242222 93991 1.6 22 14 7 16 25% 810322 367 12%
c v 624.27 274 19 49 46851  1 1242222 93989 1.6 22 14 7 16 25% 810322 367 12%
c w 624.38 274 19 49 46851  1 1242222 93986 1.6 22 14 7 16 25% 810322 367 12%
c x 624.76 274 19 49 46851  1 1242222 93986 1.6 22 14 7 16 25% 810286 367 12%
c W 635.31 274 19 49 46865  1 1275091 117735 1.5 22 14 7 16 25% 810286 367 12%
c - 643.79 274 18 50 46873  1 1295402 92373 1.6 22 14 7 16 26% 810286 367 12%
c p 643.85 274 18 50 46873  1 1295402 92387 1.6 22 14 7 16 26% 810286 367 12%
c 
c  seconds    reductions     conflicts         size   tier2        variables
c           MB      restarts        redundant     glue    trail        remaining
c            level        rate           size/glue  tier1   irredundant
c 
c u 644.37 274 18 50 46873  1 1295402 92354 1.6 22 14 7 16 26% 810286 367 12%
c v 644.63 274 18 50 46873  1 1295402 92352 1.6 22 14 7 16 26% 810286 367 12%
c w 644.83 274 18 50 46873  1 1295402 92352 1.6 22 14 7 16 26% 810286 367 12%
c x 645.22 274 18 50 46873  1 1295402 92350 1.6 22 14 7 16 26% 810234 367 12%
c O 654.96 274 18 50 46882  1 1326092 116180 1.6 22 14 7 16 26% 810234 367 12%
c - 660.81 274 18 51 46892  1 1349708 91810 1.6 21 14 7 16 25% 810234 367 12%
c p 660.86 274 18 51 46892  1 1349708 91822 1.6 21 14 7 16 25% 810234 367 12%
c u 661.32 274 18 51 46892  1 1349708 91753 1.6 21 14 7 16 25% 810234 367 12%
c v 661.60 274 18 51 46892  1 1349708 91749 1.6 21 14 7 16 25% 810234 367 12%
c w 661.73 274 18 51 46892  1 1349708 91748 1.6 21 14 7 16 25% 810234 367 12%
c x 662.12 274 18 51 46892  1 1349708 91748 1.6 21 14 7 16 25% 810187 367 12%
c B 668.57 274 17 51 46904  1 1378095 109593 1.6 21 13 7 16 25% 810187 367 12%
c ] 671.02 274 17 51 46907  1 1383364 113793 1.6 21 13 6 15 25% 810187 367 12%
c { 671.02 274 15 51 46907  1 1383364 113793 1.5 18 12 4 11 23% 810187 367 12%
c - 685.60 275 15 52 48919  1 1405142 94554 1.5 18 12 4 11 23% 810187 367 12%
c p 685.66 275 15 52 48919  1 1405142 94568 1.5 18 12 4 11 23% 810187 367 12%
c u 686.10 275 15 52 48919  1 1405142 94419 1.5 18 12 4 11 23% 810187 367 12%
c v 686.32 275 15 52 48919  1 1405142 94406 1.5 18 12 4 11 23% 810187 367 12%
c w 686.47 275 15 52 48919  1 1405142 94406 1.5 18 12 4 11 23% 810187 367 12%
c x 686.90 275 15 52 48919  1 1405142 94406 1.5 18 12 4 11 23% 810181 367 12%
c 
c  seconds    reductions     conflicts          size   tier2        variables
c           MB      restarts        redundant      glue    trail        remaining
c            level        rate            size/glue  tier1   irredundant
c 
c F 703.52 275 15 52 51574  1 1431097 112360 1.5 18 12 4 11 23% 810181 367 12%
c s 718.95 275 15 52 53371  1 1461018 132329 1.6 18 12 4 11 24% 809775 367 12%
c s 719.33 275 15 52 53371  1 1461018 132228 1.6 18 12 4 11 24% 808999 367 12%
c - 720.41 275 15 53 53535  1 1461703 103436 1.6 18 12 4 11 23% 808999 367 12%
c p 720.47 275 15 53 53535  1 1461703 103450 1.6 18 12 4 11 23% 808999 367 12%
c u 721.14 275 15 53 53535  1 1461703 103383 1.6 18 12 4 11 23% 808999 367 12%
c v 721.38 275 15 53 53535  1 1461703 103367 1.6 18 12 4 11 23% 808999 367 12%
c w 721.53 275 15 53 53535  1 1461703 103362 1.6 18 12 4 11 23% 808999 367 12%
c x 721.90 275 15 53 53535  1 1461703 103362 1.6 18 12 4 11 23% 808982 367 12%
c B 728.05 275 14 53 53871  1 1485098 115947 1.5 17 11 4 11 23% 808982 367 12%
c - 745.59 276 15 54 57007  1 1519372 109794 1.5 18 11 4 11 23% 808982 367 12%
c p 745.65 276 15 54 57007  1 1519372 109808 1.5 18 11 4 11 23% 808982 367 12%
c u 746.10 276 15 54 57007  1 1519372 109688 1.5 18 11 4 11 23% 808982 367 12%
c v 746.39 276 15 54 57007  1 1519372 109687 1.5 18 11 4 11 23% 808982 367 12%
c w 746.51 276 15 54 57007  1 1519372 109613 1.5 18 11 4 11 23% 808982 367 12%
c x 746.89 276 15 54 57007  1 1519372 109613 1.5 18 11 4 11 23% 808969 367 12%
c W 761.86 276 15 54 58618  1 1540099 122599 1.5 18 11 4 11 22% 808969 367 12%
c } 782.74 276 14 54 60733  1 1577500 148303 1.6 18 11 4 11 23% 808969 367 12%
c [ 782.74 276 17 54 60733  1 1577500 148303 1.6 21 13 6 15 25% 808969 367 12%
c - 783.21 276 17 55 60734  1 1578166 114970 1.6 21 13 6 15 25% 808969 367 12%
c 
c  seconds    reductions     conflicts          size   tier2        variables
c           MB      restarts        redundant      glue    trail        remaining
c            level        rate            size/glue  tier1   irredundant
c 
c p 783.27 276 17 55 60734  1 1578166 114983 1.6 21 13 6 15 25% 808969 367 12%
c u 783.96 276 17 55 60734  1 1578166 114875 1.6 21 13 6 15 25% 808969 367 12%
c v 784.34 276 17 55 60734  1 1578166 114872 1.6 21 13 6 15 25% 808969 367 12%
c w 784.52 276 17 55 60734  1 1578166 114866 1.6 21 13 6 15 25% 808969 367 12%
c x 785.05 276 17 55 60734  1 1578166 114864 1.6 21 13 6 15 25% 808946 367 12%
c W 792.54 276 18 55 60739  1 1596100 130522 1.6 21 13 6 15 26% 808946 367 12%
c - 803.39 276 17 56 60740  1 1638087 117188 1.6 21 13 6 15 25% 808946 367 12%
c p 803.45 276 17 56 60740  1 1638087 117200 1.6 21 13 6 15 25% 808946 367 12%
c u 803.87 276 17 56 60740  1 1638087 117060 1.6 21 13 6 15 25% 808946 367 12%
c v 804.10 276 17 56 60740  1 1638087 117058 1.6 21 13 6 15 25% 808946 367 12%
c w 804.21 276 17 56 60740  1 1638087 117055 1.6 21 13 6 15 25% 808946 367 12%
c x 804.57 276 17 56 60740  1 1638087 117054 1.6 21 13 6 15 25% 808926 367 12%
c I 809.01 276 17 56 60741  1 1653101 126863 1.6 21 13 6 15 25% 808926 367 12%
c - 822.30 276 17 57 60741  1 1699135 110195 1.6 21 13 6 15 25% 808926 367 12%
c p 822.37 276 17 57 60741  1 1699135 110209 1.6 21 13 6 15 25% 808926 367 12%
c u 823.10 276 17 57 60741  1 1699135 110132 1.6 21 13 6 15 25% 808926 367 12%
c v 823.42 276 17 57 60741  1 1699135 110125 1.6 21 13 6 15 25% 808926 367 12%
c w 823.58 276 17 57 60741  1 1699135 110123 1.6 21 13 6 15 25% 808926 367 12%
c x 824.05 276 17 57 60741  1 1699135 110121 1.6 21 13 6 15 25% 808913 367 12%
c B 827.26 276 18 57 60742  1 1711102 120010 1.6 21 14 6 15 25% 808913 367 12%
c 
c  seconds    reductions     conflicts          size   tier2        variables
c           MB      restarts        redundant      glue    trail        remaining
c            level        rate            size/glue  tier1   irredundant
c 
c s 832.67 276 18 57 60742  1 1727569 134111 1.6 22 14 6 15 26% 808026 367 12%
c s 833.09 276 18 57 60742  1 1727569 134065 1.6 22 14 6 15 26% 807288 367 12%
c - 842.04 275 18 58 60742  1 1761309 107637 1.5 21 14 6 15 25% 807288 367 12%
c p 842.10 275 18 58 60742  1 1761309 107651 1.5 21 14 6 15 25% 807288 367 12%
c u 845.10 275 18 58 60742  1 1761309 107509 1.5 21 14 6 15 25% 807288 367 12%
c v 845.41 275 18 58 60742  1 1761309 107507 1.5 21 14 6 15 25% 807288 367 12%
c w 845.54 275 18 58 60742  1 1761309 107505 1.5 21 14 6 15 25% 807288 367 12%
c x 845.99 275 18 58 60742  1 1761309 107505 1.5 21 14 6 15 25% 807265 367 12%
c W 850.97 275 18 58 60742  1 1770103 113438 1.5 21 13 6 15 25% 807265 367 12%
c ] 866.73 275 16 58 60742  1 1813498 142881 1.6 21 13 6 15 25% 807265 367 12%
c { 866.73 275 14 58 60742  1 1813498 142881 1.6 18 11 4 11 23% 807265 367 12%
c - 873.98 275 15 59 61751  1 1824580 110731 1.6 18 11 4 11 23% 807265 367 12%
c p 874.05 275 15 59 61751  1 1824580 110745 1.6 18 11 4 11 23% 807265 367 12%
c u 874.73 275 15 59 61751  1 1824580 110645 1.6 18 11 4 11 23% 807265 367 12%
c v 875.06 275 15 59 61751  1 1824580 110639 1.6 18 11 4 11 23% 807265 367 12%
c w 875.22 275 15 59 61751  1 1824580 110639 1.6 18 11 4 11 23% 807265 367 12%
c x 875.63 275 15 59 61751  1 1824580 110638 1.6 18 11 4 11 23% 807180 367 12%
c # 878.17 275 15 59 62258  1 1830104 114182 1.6 18 11 4 11 23% 807180 367 12%
c - 912.74 276 15 60 67680  1 1888978 120711 1.6 18 11 4 11 23% 807180 367 12%
c p 912.81 276 15 60 67680  1 1888978 120725 1.6 18 11 4 11 23% 807180 367 12%
c 
c  seconds    reductions     conflicts          size   tier2        variables
c           MB      restarts        redundant      glue    trail        remaining
c            level        rate            size/glue  tier1   irredundant
c 
c u 913.49 276 15 60 67680  1 1888978 120643 1.6 18 11 4 11 23% 807180 367 12%
c v 913.84 276 15 60 67680  1 1888978 120641 1.6 18 11 4 11 23% 807180 367 12%
c w 914.00 276 15 60 67680  1 1888978 120639 1.6 18 11 4 11 23% 807180 367 12%
c x 914.40 276 15 60 67680  1 1888978 120637 1.6 18 11 4 11 23% 807103 367 12%
c B 915.30 276 15 60 67757  1 1891107 122092 1.6 18 11 4 11 23% 807103 367 12%
c W 948.82 276 14 60 71356  1 1953108 159736 1.5 17 11 4 11 22% 807103 367 12%
c - 950.07 277 14 61 71547  1 1954501 125319 1.5 17 11 4 11 22% 807103 367 12%
c p 950.13 277 14 61 71547  1 1954501 125333 1.5 17 11 4 11 22% 807103 367 12%
c u 950.76 277 14 61 71547  1 1954501 125267 1.5 17 11 4 11 22% 807103 367 12%
c v 951.07 277 14 61 71547  1 1954501 125262 1.5 17 11 4 11 22% 807103 367 12%
c w 951.23 277 14 61 71547  1 1954501 125261 1.5 17 11 4 11 22% 807103 367 12%
c x 951.70 277 14 61 71547  1 1954501 125259 1.5 17 11 4 11 22% 807081 367 12%
c F 977.79 277 14 61 76363  1 2016109 163770 1.5 17 11 4 10 22% 807081 367 12%
c s 978.28 277 14 61 76398  1 2016253 163817 1.5 17 11 4 10 22% 805696 367 12%
c s 978.71 277 14 61 76398  1 2016253 163747 1.5 17 11 4 10 22% 804128 367 12%
c - 982.65 276 14 62 77199  1 2021148 122901 1.5 17 11 4 10 22% 804128 367 12%
c p 982.71 276 14 62 77199  1 2021148 122915 1.5 17 11 4 10 22% 804128 367 12%
c u 983.48 276 14 62 77199  1 2021148 122830 1.5 17 11 4 10 22% 804128 367 12%
c v 983.83 276 14 62 77199  1 2021148 122824 1.5 17 11 4 10 22% 804128 367 12%
c w 984.00 276 14 62 77199  1 2021148 122823 1.5 17 11 4 10 22% 804128 367 12%
c 
c  seconds    reductions     conflicts          size   tier2        variables
c           MB      restarts        redundant      glue    trail        remaining
c            level        rate            size/glue  tier1   irredundant
c 
c x 984.44 276 14 62 77199  1 2021148 122821 1.5 17 11 4 10 22% 803939 367 12%
c } 999.43 276 14 62 79467  1 2047835 140017 1.5 17 11 4 10 22% 803939 367 12%
c [ 999.43 276 16 62 79467  1 2047835 140017 1.6 21 13 6 15 25% 803939 367 12%
c O 1006.03 276 15 62 79469  1 2080111 157056 1.6 19 12 6 15 23% 803939 367 12%
c - 1008.45 276 15 63 79474  1 2088868 121499 1.6 19 12 6 15 23% 803939 367 12%
c p 1008.51 276 15 63 79474  1 2088868 121513 1.6 19 12 6 15 23% 803939 367 12%
c u 1009.16 276 15 63 79474  1 2088868 121465 1.6 19 12 6 15 23% 803939 367 12%
c v 1009.45 276 15 63 79474  1 2088868 121452 1.6 19 12 6 15 23% 803939 367 12%
c w 1009.61 276 15 63 79474  1 2088868 121451 1.6 19 12 6 15 23% 803939 367 12%
c x 1010.04 276 15 63 79474  1 2088868 121450 1.6 19 12 6 15 23% 803919 367 12%
c B 1027.62 276 16 63 79498  1 2145113 165904 1.6 21 13 6 15 25% 803919 367 12%
c - 1031.24 276 16 64 79498  1 2157707 119161 1.6 21 13 6 15 25% 803919 367 12%
c p 1031.31 276 16 64 79498  1 2157707 119175 1.6 21 13 6 15 25% 803919 367 12%
c u 1031.95 276 16 64 79498  1 2157707 119049 1.6 21 13 6 15 25% 803919 367 12%
c v 1032.31 276 16 64 79498  1 2157707 119042 1.6 21 13 6 15 25% 803919 367 12%
c w 1032.47 276 16 64 79498  1 2157707 119031 1.6 21 13 6 15 25% 803919 367 12%
c x 1032.97 276 16 64 79498  1 2157707 119031 1.6 21 13 6 15 25% 803907 367 12%
c W 1053.88 276 16 64 79523  1 2211114 156670 1.6 20 13 6 15 25% 803907 367 12%
c - 1059.78 275 16 65 79528  1 2227673 115842 1.6 20 13 6 15 25% 803907 367 12%
c p 1059.84 275 16 65 79528  1 2227673 115856 1.6 20 13 6 15 25% 803907 367 12%
c 
c   seconds    reductions     conflicts          size   tier2        variables
c            MB      restarts        redundant      glue    trail        remaining
c             level        rate            size/glue  tier1   irredundant
c 
c u 1060.53 275 16 65 79528  1 2227673 115762 1.6 20 13 6 15 25% 803907 367 12%
c v 1060.92 275 16 65 79528  1 2227673 115758 1.6 20 13 6 15 25% 803907 367 12%
c w 1061.10 275 16 65 79528  1 2227673 115757 1.6 20 13 6 15 25% 803907 367 12%
c x 1061.58 275 16 65 79528  1 2227673 115757 1.6 20 13 6 15 25% 803894 367 12%
c I 1081.05 275 16 65 79530  1 2278115 152088 1.6 21 13 6 15 26% 803894 367 12%
c - 1089.67 276 17 66 79543  1 2298761 121753 1.6 21 13 6 15 26% 803894 367 12%
c p 1089.74 276 17 66 79543  1 2298761 121767 1.6 21 13 6 15 26% 803894 367 12%
c u 1090.48 276 17 66 79543  1 2298761 121630 1.6 21 13 6 15 26% 803894 367 12%
c v 1090.87 276 17 66 79543  1 2298761 121625 1.6 21 13 6 15 26% 803894 367 12%
c w 1091.05 276 17 66 79543  1 2298761 121624 1.6 21 13 6 15 26% 803894 367 12%
c x 1091.54 276 17 66 79543  1 2298761 121623 1.6 21 13 6 15 26% 803865 367 12%
c ] 1097.32 276 17 66 79548  1 2314688 133469 1.6 21 13 6 15 26% 803865 367 12%
c { 1097.32 276 14 66 79548  1 2314688 133469 1.5 17 11 4 10 22% 803865 367 12%
c s 1103.11 276 14 66 79985  1 2326984 141651 1.5 17 11 4 10 22% 803249 367 12%
c s 1103.61 276 14 66 79985  1 2326984 141604 1.5 17 11 4 10 22% 802516 367 12%
c B 1112.51 276 14 66 81011  1 2346117 153129 1.5 17 11 4 10 22% 802516 367 12%
c - 1125.66 276 14 67 82770  1 2370977 126010 1.5 17 11 4 10 22% 802516 367 12%
c p 1125.72 276 14 67 82770  1 2370977 126023 1.5 17 11 4 10 22% 802516 367 12%
c u 1126.42 276 14 67 82770  1 2370977 125900 1.5 17 11 4 10 22% 802516 367 12%
c v 1126.80 276 14 67 82770  1 2370977 125878 1.5 17 11 4 10 22% 802516 367 12%
c 
c   seconds    reductions     conflicts          size   tier2        variables
c            MB      restarts        redundant      glue    trail        remaining
c             level        rate            size/glue  tier1   irredundant
c 
c w 1127.08 276 14 67 82770  1 2370977 125876 1.5 17 11 4 10 22% 802516 367 12%
c x 1127.66 276 14 67 82770  1 2370977 125876 1.5 17 11 4 10 22% 802482 367 12%
c W 1151.72 276 14 67 85650  1 2415119 152200 1.5 17 11 4 10 21% 802482 367 12%
c - 1164.33 276 14 68 87411  1 2444287 131355 1.5 17 11 4 10 21% 802482 367 12%
c p 1164.40 276 14 68 87411  1 2444287 131369 1.5 17 11 4 10 21% 802482 367 12%
c u 1165.23 276 14 68 87411  1 2444287 131250 1.5 17 11 4 10 21% 802482 367 12%
c v 1165.59 276 14 68 87411  1 2444287 131221 1.5 17 11 4 10 21% 802482 367 12%
c w 1165.77 276 14 68 87411  1 2444287 131181 1.5 17 11 4 10 21% 802482 367 12%
c x 1166.34 276 14 68 87411  1 2444287 131181 1.5 17 11 4 10 21% 802460 367 12%
c # 1189.19 276 14 68 90495  1 2485120 156648 1.5 17 11 4 10 21% 802460 367 12%
c - 1207.98 277 14 69 92568  1 2518723 137943 1.5 17 11 4 10 21% 802460 367 12%
c p 1208.04 277 14 69 92568  1 2518723 137956 1.5 17 11 4 10 21% 802460 367 12%
c u 1209.16 284 14 69 92568  1 2518723 137852 1.5 17 11 4 10 21% 802460 367 12%
c v 1209.59 284 14 69 92568  1 2518723 137841 1.5 17 11 4 10 21% 802460 367 12%
c w 1209.81 284 14 69 92568  1 2518723 137827 1.5 17 11 4 10 21% 802460 367 12%
c x 1210.44 284 14 69 92568  1 2518723 137827 1.5 17 11 4 10 21% 802435 367 12%
c B 1225.00 284 13 69 93814  1 2556122 158546 1.5 16 11 4 10 21% 802435 367 12%
c - 1239.60 284 13 70 96290  1 2594284 141375 1.5 15 11 4 10 21% 802435 367 12%
c p 1239.67 284 13 70 96290  1 2594284 141389 1.5 15 11 4 10 21% 802435 367 12%
c u 1240.47 284 13 70 96290  1 2594284 141327 1.5 15 11 4 10 21% 802435 367 12%
c 
c   seconds    reductions     conflicts          size   tier2        variables
c            MB      restarts        redundant      glue    trail        remaining
c             level        rate            size/glue  tier1   irredundant
c 
c v 1240.83 284 13 70 96290  1 2594284 141299 1.5 15 11 4 10 21% 802435 367 12%
c w 1241.00 284 13 70 96290  1 2594284 141231 1.5 15 11 4 10 21% 802435 367 12%
c x 1241.52 284 13 70 96290  1 2594284 141229 1.5 15 11 4 10 21% 802425 367 12%
c t 1241.53 284 13 70 96290  1 2594284 141221 1.5 15 11 4 10 21% 802424 367 12%
c } 1251.03 284 12 70 97113  1 2619506 154953 1.5 15 10 4 10 21% 802424 367 12%
c [ 1251.03 284 17 70 97113  1 2619506 154953 1.6 21 13 6 15 26% 802424 367 12%
c B 1253.55 284 17 70 97117  1 2628124 162024 1.6 21 13 6 15 26% 802424 367 12%
c s 1261.80 284 18 70 97126  1 2659824 185813 1.5 21 14 6 15 26% 800945 367 12%
c s 1262.31 284 18 70 97126  1 2659824 185722 1.5 21 14 6 15 26% 798226 367 12%
c - 1266.37 283 17 71 97130  1 2670966 142177 1.5 21 14 6 15 26% 798226 367 12%
c d 1266.51 283 17 71 97130  1 2670966 123486 1.5 21 14 6 15 26% 781133 366 12%
c p 1266.58 283 17 71 97130  1 2670966 123501 1.5 21 14 6 15 26% 781133 366 12%
c 2 1266.58 283 17 71 97130  1 2670966 123500 1.5 21 14 6 15 26% 781132 366 12%
c u 1267.23 283 17 71 97130  1 2670966 123384 1.5 21 14 6 15 26% 781132 366 12%
c v 1267.58 283 17 71 97130  1 2670966 123352 1.5 21 14 6 15 26% 781132 366 12%
c w 1267.74 283 17 71 97130  1 2670966 123295 1.5 21 14 6 15 26% 781132 366 12%
c x 1268.26 283 17 71 97130  1 2670966 123294 1.5 21 14 6 15 26% 781123 366 12%
c W 1281.66 283 17 71 97143  1 2701125 142404 1.5 20 13 6 15 25% 781123 366 12%
c - 1294.48 281 16 72 97157  1 2748681 126455 1.6 20 13 6 15 24% 781123 366 12%
c p 1294.55 281 16 72 97157  1 2748681 126470 1.6 20 13 6 15 24% 781123 366 12%
c 
c   seconds    reductions     conflicts          size   tier2        variables
c            MB      restarts        redundant      glue    trail        remaining
c             level        rate            size/glue  tier1   irredundant
c 
c u 1295.19 281 16 72 97157  1 2748681 126300 1.6 20 13 6 15 24% 781123 366 12%
c v 1295.51 281 16 72 97157  1 2748681 126295 1.6 20 13 6 15 24% 781123 366 12%
c w 1295.66 281 16 72 97157  1 2748681 126293 1.6 20 13 6 15 24% 781123 366 12%
c x 1296.07 281 16 72 97157  1 2748681 126292 1.6 20 13 6 15 24% 781088 366 12%
c O 1304.78 281 15 72 97158  1 2775126 144674 1.6 20 12 5 14 24% 781088 366 12%
c i 1308.71 281 15 72 97159  1 2789988 151877 1.6 19 12 5 14 24% 781088 365 12%
c - 1323.05 276 14 73 97159  1 2827129 125680 1.6 18 12 5 14 23% 723402 365 12%
c 2 1323.06 276 14 73 97159  1 2827129 125680 1.6 18 12 5 14 23% 723396 365 12%
c p 1323.11 276 14 73 97159  1 2827129 125694 1.6 18 12 5 14 23% 723396 365 12%
c u 1323.80 276 14 73 97159  1 2827129 125600 1.6 18 12 5 14 23% 723396 365 12%
c v 1324.14 276 14 73 97159  1 2827129 125585 1.6 18 12 5 14 23% 723396 365 12%
c w 1324.29 276 14 73 97159  1 2827129 125570 1.6 18 12 5 14 23% 723396 365 12%
c x 1324.79 276 14 73 97159  1 2827129 125568 1.6 18 12 5 14 23% 723327 365 12%
c t 1324.79 276 14 73 97159  1 2827129 125568 1.6 18 12 5 14 23% 723326 365 12%
c B 1329.35 276 14 73 97160  1 2850127 140149 1.6 18 12 5 14 24% 723326 365 12%
c - 1346.06 276 15 74 97188  1 2905289 129750 1.5 19 12 5 14 24% 723326 365 12%
c p 1346.13 276 15 74 97188  1 2905289 129763 1.5 19 12 5 14 24% 723326 365 12%
c u 1346.83 276 15 74 97188  1 2905289 129654 1.5 19 12 5 14 24% 723326 365 12%
c v 1347.17 276 15 74 97188  1 2905289 129640 1.5 19 12 5 14 24% 723326 365 12%
c w 1347.34 276 15 74 97188  1 2905289 129624 1.5 19 12 5 14 24% 723326 365 12%
c 
c   seconds    reductions     conflicts          size   tier2        variables
c            MB      restarts        redundant      glue    trail        remaining
c             level        rate            size/glue  tier1   irredundant
c 
c x 1347.84 276 15 74 97188  1 2905289 129624 1.5 19 12 5 14 24% 723289 365 12%
c t 1347.84 276 15 74 97188  1 2905289 129624 1.5 19 12 5 14 24% 723288 365 12%
c i 1355.83 276 15 74 97190  1 2925657 141042 1.6 18 12 5 14 24% 723288 364 12%
c W 1359.19 268 15 74 97190  1 2926129 112071 1.6 18 12 5 14 23% 637702 364 12%
c i 1363.05 268 14 74 97196  1 2939477 118262 1.5 18 12 5 14 23% 637702 356 12%
c i 1363.59 268 14 74 97196  1 2940858 118906 1.5 18 11 5 14 23% 637702 355 12%
c i 1363.91 268 14 74 97197  1 2942105 119543 1.5 18 11 5 14 23% 637702 328 11%
c i 1363.92 268 14 74 97197  1 2942156 119548 1.5 18 11 5 14 23% 637702 325 11%
c i 1363.92 268 14 74 97197  1 2942157 119548 1.5 18 11 5 14 23% 637702 321 11%
c i 1363.92 268 14 74 97197  1 2942162 119548 1.5 18 11 5 14 23% 637702 309 10%
c i 1363.93 268 14 74 97197  1 2942167 119550 1.5 18 11 5 14 23% 637702 306 10%
c ] 1363.93 268 14 74 97197  1 2942170 119551 1.5 18 11 5 14 23% 637702 287 10%
c 0 1363.93 268 14 74 97197  1 2942170 119551 1.5 18 11 5 14 23% 637702 287 10%
c 
c --- [ closing proof ] ------------------------------------------------------
c 
c LRAT proof file '/root/earth-moon/population/f034-a4-cert/cs-a4_m12c/r/n105_n53_n95_n149/round-0/F.lrat' closed
c LRAT 3921536 added clauses 47.48%
c LRAT 4337939 deleted clauses 52.52%
c LRAT 747240810 bytes (712.62 MB)
c 
c --- [ result ] -------------------------------------------------------------
c 
s UNSATISFIABLE
c 
c --- [ run-time profiling ] -------------------------------------------------
c 
c process time taken by individual solving procedures
c (percentage relative to process time for solving)
c 
c      1265.43   92.83% search
c       729.53   53.52% unstable
c       482.15   35.37% stable
c        97.68    7.17% simplify
c        71.08    5.21% vivify
c        53.50    3.92% walk
c        11.75    0.86% sweep
c         5.20    0.38% elim
c         3.95    0.29% subsume
c         2.16    0.16% probe
c         1.06    0.08% ternary
c         0.82    0.06% parse
c         0.64    0.05% congruence
c         0.25    0.02% lucky
c         0.00    0.00% backbone
c   =================================
c      1363.11   99.94% solve
c 
c last line shows process time for solving
c (percentage relative to total process time)
c 
c --- [ statistics ] ---------------------------------------------------------
c 
c chronological:            255647         8.69 %  of conflicts
c conflicts:               2942170      2158.43    per second
c backbone:                 117237      3980.88 %  of vars
c decisions:               3521891      2583.72    per second
c eliminated:                 2021        68.62 %  of all variables
c fixed:                       634        21.53 %  of all variables
c learned:                 2891479        98.28 %  per conflict
c learned_lits:           76720271       100.00 %  learned literals
c minimized:                     0         0.00 %  learned literals
c shrunken:               14551432        18.97 %  learned literals
c minishrunken:            5906526         7.70 %  learned literals
c otfs:                      21716         0.74 %  of conflict
c propagations:           41085387         0.03 M  per second
c reduced:                 1833408        62.31 %  per conflict
c rephased:                     76     38712.76    interval
c restarts:                  97197        30.27    interval
c stabilizing:                  13        55.00 %  of conflicts
c substituted:                   3         0.10 %  of all variables
c subsumed:                 898008        23.88 %  of all clauses
c strengthened:             140901         3.75 %  of all clauses
c ticks:               61408566283      1527.90    propagation
c vivified:                  17861         0.48 %  of all clauses
c walked:                       24    122590.42    interval
c weakened:                   4941         2.50    average size
c congruence:                   11    267470.00    interval
c 
c seconds are measured in process time for solving
c 
c --- [ glue usage ] ---------------------------------------------------------
c 
c focused glue 4 used 384065 clauses 8.371% accumulated 54.56% tier1
c focused glue 5 used 270731 clauses 5.901% accumulated 60.46%
c focused glue 6-8 used 635483 clauses 13.85% accumulated 74.31%
c focused glue 9 used 214404 clauses 4.673% accumulated 78.98%
c focused glue 10 used 199574 clauses 4.350% accumulated 83.34% tier2
c 
c stable glue 5 used 309176 clauses 4.802% accumulated 51.70% tier1
c stable glue 6 used 246088 clauses 3.822% accumulated 55.53%
c stable glue 7-12 used 1636359 clauses 25.41% accumulated 80.95%
c stable glue 13 used 234977 clauses 3.649% accumulated 84.60%
c stable glue 14 used 207355 clauses 3.220% accumulated 87.82% tier2
c 
c 
c --- [ resources ] ----------------------------------------------------------
c 
c total process time since initialization:      1363.93    seconds
c total real time since initialization:         1364.18    seconds
c maximum resident set size of process:          353.95    MB
c 
c --- [ shutting down ] ------------------------------------------------------
c 
c exit 20

[rc=20 1364.2s]
$ /root/earth-moon/verifier/../tools/drat-trim/lrat-check /root/earth-moon/population/f034-a4-cert/cs-a4_m12c/r/n105_n53_n95_n149/round-0/F.cnf /root/earth-moon/population/f034-a4-cert/cs-a4_m12c/r/n105_n53_n95_n149/round-0/F.lrat
c parsed a formula with 2945 variables and 1174291 clauses
c VERIFIED
c allocated 1024 26751811 66262
c Added clauses = 5095827.  Deleted clauses = 4337939.  Max live clauses = 1174291
c verification time = 12.70 secs

[rc=0 12.7s]
