# lean_static_resolve 2026-10-02 18:31:34
# dump=/root/earth-moon/population/f034-a4-cert/cs-a4_m11c/s/n107_n128_p146_p60/dump.jsonl raw=377980 dedup=377980 footer={'type': 'footer', 'verdict': 'UNSAT', 'counts': {'preseed': 7504, 'prop': 370476, 'model': 0}, 'stats': {'checks': 1675067, 'confl': 185238, 'model_rej': 0}, 'time': '2026-10-02T18:31:28+0000'}
# counters=False
$ /root/bin/cadical --lrat --no-binary --no-factor /root/earth-moon/population/f034-a4-cert/cs-a4_m11c/r/n107_n128_p146_p60/round-0/F.cnf /root/earth-moon/population/f034-a4-cert/cs-a4_m11c/r/n107_n128_p146_p60/round-0/F.lrat
c --- [ banner ] -------------------------------------------------------------
c 
c CaDiCaL SAT Solver
c Copyright (c) 2016-2026
c A. Biere, M. Fleury, N. Froleyks, K. Fazekas, F. Pollitt, T. Faller
c JKU Linz, University of Freiburg, TU Wien
c 
c Version 3.0.1 c60730422e758ef1cebe7aeddf2dda31c996bf04
c g++ (Ubuntu 13.3.0-6ubuntu2~24.04.1) 13.3.0 -Wall -Wextra -O3 -DNDEBUG
c Fri Oct 2 18:00:09 UTC 2026 Linux ai-math 6.8.0-139-generic x86_64
c 
c --- [ proof tracing ] ------------------------------------------------------
c 
c opening file to write '/root/earth-moon/population/f034-a4-cert/cs-a4_m11c/r/n107_n128_p146_p60/round-0/F.lrat'
c writing non-binary proof trace to '/root/earth-moon/population/f034-a4-cert/cs-a4_m11c/r/n107_n128_p146_p60/round-0/F.lrat'
c 
c --- [ parsing input ] ------------------------------------------------------
c 
c reading DIMACS file from '/root/earth-moon/population/f034-a4-cert/cs-a4_m11c/r/n107_n128_p146_p60/round-0/F.cnf'
c opening file to read '/root/earth-moon/population/f034-a4-cert/cs-a4_m11c/r/n107_n128_p146_p60/round-0/F.cnf'
c found 'p cnf 3100 386801' header
c parsed 386801 clauses in 0.22 seconds process time
c 
c --- [ options ] ------------------------------------------------------------
c 
c   --binary=false                 (different from default 'true')
c   --lrat=true                    (different from default 'false')
c 
c --- [ solving ] ------------------------------------------------------------
c 
c time measured in process time since initialization
c 
c  seconds  reduction conflicts       size tier2       variables
c         MB    restarts   redundant    glue  trail         remaining
c          level     rate       size/glu tier1  irredundant
c 
c *  0.22 42  0 0   0  0    0    0 0.0 0 0 2 6  0% 295638 3057 99%
c )  0.28 64  0 0   0  0    0    0 0.0 0 0 2 6  0% 295638 3057 99%
c {  0.29 64  0 0   0  0    0    0 0.0 0 0 2 6  0% 295638 3057 99%
c -  0.36 65 102 1   4  6  301   58 1.3 15 11 2 6 11% 295544 3057 99%
c i  0.40 67 77 1  19  6  598  209 1.4 17 12 2 6 17% 295464 3054 99%
c i  0.40 67 76 1  20  6  599  209 1.4 17 12 2 6 17% 295464 3053 98%
c i  0.40 67 76 1  20  6  600  209 1.4 17 12 2 6 17% 295464 3052 98%
c i  0.40 67 76 1  21  6  603  209 1.4 17 12 2 6 17% 295462 3051 98%
c i  0.40 67 76 1  21  6  604  209 1.4 17 12 2 6 17% 295462 3050 98%
c i  0.40 67 76 1  21  6  605  209 1.4 17 12 2 6 17% 295462 3049 98%
c i  0.40 67 75 1  21  6  606  209 1.4 17 12 2 6 17% 295462 3048 98%
c i  0.40 67 75 1  21  6  607  209 1.4 17 12 2 6 16% 295462 3047 98%
c -  0.51 91 53 2  21  4  937  248 1.8 18 10 2 6 17% 295410 3047 98%
c i  0.51 91 52 2  21  4  947  256 1.8 18 10 2 6 16% 295410 3046 98%
c i  0.51 91 52 2  21  4  949  256 1.8 18 10 2 6 16% 295410 3045 98%
c }  0.51 91 50 2  29  4 1002  278 1.7 17 10 2 6 16% 295410 3045 98%
c [  0.51 91  0 2  29  0 1002  278 0.0 0 0 2 6  0% 295410 3045 98%
c O  0.51 91  5 2  29  6 1003  279 2.7 8 3 2 6 23% 295410 3045 98%
c i  0.52 91  7 2  29  1 1039  287 1.3 7 6 2 6 20% 295409 3037 98%
c ]  0.64 91 26 2  29  1 2029 1072 1.9 28 15 2 6 22% 295362 3037 98%
c 
c  seconds  reduction conflicts       size   tier2       variables
c         MB    restarts   redundant     glue   trail         remaining
c          level     rate       size/glue  tier1  irredundant
c 
c {  0.64 91 50 2  29  4 2029 1072 1.7 17 10 2 6 16% 295362 3037 98%
c -  0.70 90 49 3  37  4 2077  467 1.7 18 10 2 6 16% 286493 3037 98%
c i  0.71 90 48 3  50  4 2125  492 1.7 18 10 2 6 16% 286477 3036 98%
c i  0.71 90 48 3  51  4 2126  492 1.7 18 10 2 6 16% 286477 3035 98%
c i  0.78 90 42 3 130  4 2477  714 1.6 19 12 2 6 16% 286438 3034 98%
c i  0.88 90 39 3 227  5 2847  975 1.5 20 13 2 6 16% 286380 3032 98%
c i  0.88 90 39 3 227  5 2854  978 1.5 19 13 2 6 16% 286378 3029 98%
c 2  0.90 90 38 3 233  5 2993 1083 1.5 20 13 2 6 16% 286363 3016 97%
c d  0.92 90 38 3 233  5 2993 1082 1.5 20 13 2 6 16% 286322 3015 97%
c p  0.92 90 38 3 233  5 2993 1082 1.5 20 13 2 6 16% 286322 3014 97%
c =  1.01 94 38 3 233  5 2993 1078 1.5 20 13 2 6 16% 286276 2973 96%
c t  1.02 94 38 3 233  5 2993 1077 1.5 20 13 2 6 16% 286276 2973 96%
c O  1.03 94 38 3 236  5 3005 1084 1.5 20 13 2 6 16% 286272 2973 96%
c -  1.17 73 34 4 246  4 3736  664 1.6 21 13 2 6 17% 286248 2973 96%
c 2  1.34 73 27 4 303  3 5493 1862 1.6 21 13 7 15 17% 286231 2961 96%
c }  1.50 82 26 4 346  3 5942 2204 1.6 21 13 7 15 17% 286189 2961 96%
c [  1.50 82 26 4 346  1 5942 2204 1.9 28 15 2 6 22% 286189 2961 96%
c -  1.55 94 26 5 346  1 5963 2037 1.9 28 15 2 6 22% 286189 2961 96%
c I  1.56 94 26 5 346  1 6007 2079 2.0 29 15 2 6 23% 286189 2961 96%
c 2  1.76 94 22 5 348  1 8096 3820 2.0 26 13 7 15 22% 286175 2926 94%
c 
c  seconds  reduction conflicts       size   tier2        variables
c         MB    restarts   redundant     glue    trail         remaining
c          level     rate       size/glue  tier1   irredundant
c 
c -  1.89 94 22 6 348  1 8774 3852 2.0 27 13 7 15 22% 286128 2926 94%
c B  2.01 94 21 6 349  1 10008 4652 1.9 25 13 6 15 22% 286126 2926 94%
c 2  2.14 94 21 6 350  1 10794 5294 1.9 26 14 6 15 22% 286125 2874 93%
c =  2.20 94 21 6 350  1 10794 5294 1.9 26 14 6 15 22% 286059 2873 93%
c t  2.20 94 21 6 350  1 10794 5293 1.9 26 14 6 15 22% 286059 2873 93%
c ]  2.21 94 21 6 350  1 10795 5294 1.9 26 14 6 15 22% 286059 2873 93%
c {  2.21 94 26 6 350  3 10795 5294 1.6 21 13 7 15 17% 286059 2873 93%
c -  2.42 95 24 7 407  3 12183 5018 1.6 20 12 7 15 17% 286046 2873 93%
c s  2.50 95 23 7 407  2 13194 5775 1.7 20 12 7 14 18% 286004 2873 93%
c t  2.51 95 23 7 407  2 13194 5773 1.7 20 12 7 14 18% 285991 2873 93%
c e  2.55 95 23 7 407  2 13194 4996 1.7 20 12 7 14 18% 281034 368 12%
c s  2.57 95 23 7 407  2 13194 4995 1.7 20 12 7 14 18% 281019 368 12%
c t  2.74 96 23 7 407  2 13578 5271 1.7 20 12 7 14 22% 281017 368 12%
c #  2.93 96 22 7 496  2 15009 6444 1.7 20 12 7 14 25% 281017 368 12%
c -  3.16 96 22 8 678  2 16206 5741 1.7 20 12 7 14 25% 281017 368 12%
c u  3.30 96 22 8 731  2 16445 5889 1.7 20 12 7 14 25% 281042 368 12%
c v  3.32 96 22 8 731  2 16445 5887 1.7 20 12 7 14 25% 281042 368 12%
c w  3.32 96 22 8 731  2 16445 5878 1.7 20 12 7 14 25% 281042 368 12%
c x  3.35 96 22 8 731  2 16445 5878 1.7 20 12 7 14 25% 281042 368 12%
c }  4.02 96 21 8 1250  2 19541 8176 1.6 20 13 7 14 24% 281042 368 12%
c 
c  seconds  reductions  conflicts       size   tier2         variables
c         MB    restarts     redundant     glue    trail         remaining
c          level      rate        size/glue  tier1    irredundant
c 
c [  4.02 96 21 8 1250  1 19541 8176 1.9 26 14 6 15 182% 281042 368 12%
c -  4.15 96 20 9 1251  1 20815 6579 1.8 24 13 6 15 153% 281042 368 12%
c p  4.16 96 20 9 1251  1 20815 6589 1.8 24 13 6 15 153% 281042 368 12%
c W  4.44 96 20 9 1251  1 21011 6732 1.8 24 14 6 15 149% 281042 368 12%
c -  4.97 96 19 10 1252  1 26039 7460 1.7 23 13 6 15 97% 281042 368 12%
c O  5.20 96 19 10 1254  1 28012 8930 1.7 23 14 6 15 86% 281042 368 12%
c ]  5.46 96 18 10 1256  1 30916 10665 1.7 22 13 6 15 75% 281042 368 12%
c {  5.46 96 21 10 1256  2 30916 10665 1.6 20 13 7 14 24% 281042 368 12%
c -  5.62 96 21 11 1307  2 31884 8729 1.6 20 13 7 14 24% 281042 368 12%
c p  5.63 96 21 11 1307  2 31884 8730 1.6 20 13 7 14 24% 281042 368 12%
c u  5.68 96 21 11 1307  2 31884 8718 1.6 20 13 7 14 24% 281042 368 12%
c v  5.69 96 21 11 1307  2 31884 8716 1.6 20 13 7 14 24% 281042 368 12%
c w  5.70 96 21 11 1307  2 31884 8713 1.6 20 13 7 14 24% 281042 368 12%
c x  5.72 96 21 11 1307  2 31884 8713 1.6 20 13 7 14 24% 281042 368 12%
c B  6.24 96 19 11 1496  2 36013 11490 1.6 20 12 7 14 23% 281042 368 12%
c -  6.53 96 18 12 1496  2 38351 10047 1.6 20 12 7 13 23% 281042 368 12%
c p  6.53 96 18 12 1496  2 38351 10048 1.6 20 12 7 13 23% 281042 368 12%
c W  7.61 96 18 12 1777  2 45015 15015 1.7 20 12 7 13 25% 281042 368 12%
c -  7.71 96 18 13 1787  2 45442 12431 1.7 20 12 7 13 25% 281042 368 12%
c }  8.19 96 18 13 2221  2 47815 14173 1.6 20 12 7 13 25% 281042 368 12%
c 
c  seconds  reductions   conflicts        size   tier2        variables
c         MB     restarts      redundant     glue    trail        remaining
c          level       rate         size/glue  tier1   irredundant
c 
c [  8.19 96 18 13 2221  1 47815 14173 1.7 22 13 6 15 75% 281042 368 12%
c s  8.51 96 18 13 2224  1 51503 16650 1.7 22 13 6 15 65% 280947 368 12%
c s  8.57 96 18 13 2224  1 51503 16639 1.7 22 13 6 15 65% 280923 368 12%
c -  8.85 118 18 14 2224  1 53163 13580 1.7 22 13 6 15 62% 280923 368 12%
c u  8.92 118 18 14 2224  1 53163 13542 1.7 22 13 6 15 62% 280923 368 12%
c v  8.95 118 18 14 2224  1 53163 13541 1.7 22 13 6 15 62% 280923 368 12%
c w  8.96 118 18 14 2224  1 53163 13541 1.7 22 13 6 15 62% 280923 368 12%
c x  8.99 118 18 14 2224  1 53163 13541 1.7 22 13 6 15 62% 280920 368 12%
c B  9.23 118 17 14 2224  1 55017 14825 1.7 22 13 6 15 59% 280920 368 12%
c -  9.88 96 17 15 2225  1 61512 14132 1.7 22 13 6 15 51% 280920 368 12%
c p  9.89 96 17 15 2225  1 61512 14140 1.7 22 13 6 15 51% 280920 368 12%
c W 10.42 96 17 15 2228  1 66018 16929 1.6 22 13 6 15 47% 280920 368 12%
c ] 10.52 96 17 15 2228  1 67071 17539 1.6 22 13 6 15 46% 280920 368 12%
c { 10.52 96 18 15 2228  2 67071 17539 1.6 20 12 7 13 25% 280920 368 12%
c - 10.91 118 18 16 2371  2 70495 14936 1.6 20 12 7 13 25% 280920 368 12%
c u 11.10 118 18 16 2371  2 70495 14882 1.6 20 12 7 13 25% 280920 368 12%
c v 11.11 118 18 16 2371  2 70495 14875 1.6 20 12 7 13 25% 280920 368 12%
c w 11.12 118 18 16 2371  2 70495 14875 1.6 20 12 7 13 25% 280920 368 12%
c x 11.14 118 18 16 2371  2 70495 14875 1.6 20 12 7 13 25% 280918 368 12%
c F 12.36 118 18 16 3197  2 78019 20164 1.6 20 12 6 13 25% 280918 368 12%
c 
c  seconds   reductions   conflicts        size   tier2        variables
c          MB     restarts      redundant     glue    trail        remaining
c           level       rate         size/glue  tier1   irredundant
c 
c - 12.66 118 17 17 3233  2 80109 15046 1.6 20 12 6 13 25% 280918 368 12%
c p 12.67 118 17 17 3233  2 80109 15054 1.6 20 12 6 13 25% 280918 368 12%
c - 14.23 96 17 18 4168  2 90360 16160 1.6 20 13 6 13 24% 280918 368 12%
c p 14.25 96 17 18 4168  2 90360 16167 1.6 20 13 6 13 24% 280918 368 12%
c u 14.31 96 17 18 4168  2 90360 16135 1.6 20 13 6 13 24% 280918 368 12%
c v 14.33 96 17 18 4168  2 90360 16133 1.6 20 13 6 13 24% 280918 368 12%
c w 14.34 96 17 18 4168  2 90360 16132 1.6 20 13 6 13 24% 280918 368 12%
c x 14.37 96 17 18 4168  2 90360 16132 1.6 20 13 6 13 24% 280903 368 12%
c B 14.51 96 17 18 4247  2 91020 16569 1.6 20 13 6 13 24% 280903 368 12%
c } 14.67 96 17 18 4339  2 92140 17311 1.6 20 13 6 13 24% 280903 368 12%
c [ 14.67 96 17 18 4339  1 92140 17311 1.6 22 13 6 15 46% 280903 368 12%
c - 15.65 118 17 19 4343  1 101244 16599 1.6 22 14 6 15 41% 280903 368 12%
c p 15.66 118 17 19 4343  1 101244 16600 1.6 22 14 6 15 41% 280903 368 12%
c I 16.09 118 18 19 4346  1 105023 19565 1.6 22 14 6 15 40% 280903 368 12%
c s 16.51 118 17 19 4349  1 108962 22152 1.6 22 14 6 15 38% 280808 368 12%
c s 16.58 118 17 19 4349  1 108962 22149 1.6 22 14 6 15 38% 280745 368 12%
c - 17.13 96 17 20 4350  1 112766 17405 1.6 22 14 6 15 37% 280745 368 12%
c p 17.14 96 17 20 4350  1 112766 17412 1.6 22 14 6 15 37% 280745 368 12%
c u 17.21 96 17 20 4350  1 112766 17397 1.6 22 14 6 15 37% 280745 368 12%
c v 17.23 96 17 20 4350  1 112766 17397 1.6 22 14 6 15 37% 280745 368 12%
c 
c  seconds  reductions   conflicts         size   tier2        variables
c         MB     restarts       redundant     glue    trail        remaining
c          level       rate          size/glue  tier1   irredundant
c 
c w 17.24 96 17 20 4350  1 112766 17397 1.6 22 14 6 15 37% 280745 368 12%
c x 17.27 96 17 20 4350  1 112766 17397 1.6 22 14 6 15 37% 280734 368 12%
c B 17.89 96 18 20 4351  1 120024 22238 1.6 22 14 6 15 35% 280734 368 12%
c ] 18.07 96 18 20 4351  1 121929 23573 1.6 23 14 6 15 35% 280734 368 12%
c { 18.07 96 17 20 4351  2 121929 23573 1.6 20 13 6 13 24% 280734 368 12%
c - 18.54 118 17 21 4670  2 124924 17640 1.6 20 13 6 13 24% 280734 368 12%
c p 18.55 118 17 21 4670  2 124924 17641 1.6 20 13 6 13 24% 280734 368 12%
c W 20.63 118 17 21 5517  2 136027 25114 1.6 20 13 6 13 24% 280734 368 12%
c - 20.80 118 17 22 5517  2 137723 19735 1.6 20 13 6 13 24% 280734 368 12%
c p 20.81 118 17 22 5517  2 137723 19742 1.6 20 13 6 13 24% 280734 368 12%
c u 20.88 118 17 22 5517  2 137723 19698 1.6 20 13 6 13 24% 280734 368 12%
c v 20.91 118 17 22 5517  2 137723 19698 1.6 20 13 6 13 24% 280734 368 12%
c w 20.92 118 17 22 5517  2 137723 19697 1.6 20 13 6 13 24% 280734 368 12%
c x 20.96 118 17 22 5517  2 137723 19697 1.6 20 13 6 13 24% 280728 368 12%
c - 21.98 96 15 23 5545  1 151158 23622 1.6 19 12 6 13 23% 280728 368 12%
c p 22.00 96 15 23 5545  1 151158 23623 1.6 19 12 6 13 23% 280728 368 12%
c # 22.34 96 15 23 5790  1 153028 24895 1.6 19 12 6 13 23% 280728 368 12%
c } 24.01 96 16 23 6960  1 165234 32707 1.6 19 12 6 13 23% 280728 368 12%
c [ 24.01 96 18 23 6960  1 165234 32707 1.6 23 14 6 15 35% 280728 368 12%
c - 24.05 119 18 24 6960  1 165234 25287 1.6 23 14 6 15 35% 280728 368 12%
c 
c  seconds   reductions   conflicts         size   tier2        variables
c          MB     restarts       redundant     glue    trail        remaining
c           level       rate          size/glue  tier1   irredundant
c 
c p 24.07 119 18 24 6960  1 165234 25295 1.6 23 14 6 15 35% 280728 368 12%
c u 24.14 119 18 24 6960  1 165234 25244 1.6 23 14 6 15 35% 280728 368 12%
c v 24.17 119 18 24 6960  1 165234 25242 1.6 23 14 6 15 35% 280728 368 12%
c w 24.19 119 18 24 6960  1 165234 25241 1.6 23 14 6 15 35% 280728 368 12%
c x 24.23 119 18 24 6960  1 165234 25241 1.6 23 14 6 15 35% 280724 368 12%
c W 25.07 119 18 24 6961  1 171029 28905 1.6 22 14 6 15 34% 280724 368 12%
c - 25.94 96 18 25 6961  1 179952 25705 1.5 22 14 6 15 32% 280724 368 12%
c p 25.95 96 18 25 6961  1 179952 25713 1.5 22 14 6 15 32% 280724 368 12%
c s 26.62 96 18 25 6964  1 185565 29667 1.5 22 14 6 15 31% 280607 368 12%
c s 26.70 96 18 25 6964  1 185565 29659 1.5 22 14 6 15 31% 280536 368 12%
c O 27.23 96 17 25 6967  1 190030 32280 1.5 22 14 6 15 31% 280536 368 12%
c - 27.76 119 17 26 6969  1 195314 26159 1.5 21 14 6 15 30% 280536 368 12%
c p 27.77 119 17 26 6969  1 195314 26172 1.5 21 14 6 15 30% 280536 368 12%
c u 27.83 119 17 26 6969  1 195314 26114 1.5 21 14 6 15 30% 280536 368 12%
c v 27.85 119 17 26 6969  1 195314 26109 1.5 21 14 6 15 30% 280536 368 12%
c w 27.86 119 17 26 6969  1 195314 26106 1.5 21 14 6 15 30% 280536 368 12%
c x 27.90 119 17 26 6969  1 195314 26106 1.5 21 14 6 15 30% 280485 368 12%
c i 28.07 119 17 26 6971  1 196776 26627 1.5 21 14 6 15 30% 280485 367 12%
c ] 29.31 119 17 26 6976  1 207518 33778 1.6 21 14 6 14 29% 280485 367 12%
c { 29.32 119 16 26 6976  1 207518 33778 1.6 19 12 6 13 23% 280485 367 12%
c 
c  seconds   reductions   conflicts         size   tier2        variables
c          MB     restarts       redundant     glue    trail        remaining
c           level       rate          size/glue  tier1   irredundant
c 
c B 29.79 119 16 26 7354  1 210031 35543 1.6 19 12 6 13 23% 280485 367 12%
c - 30.05 96 16 27 7455  1 211311 25528 1.6 19 12 6 13 23% 275416 367 12%
c 2 30.05 96 16 27 7455  1 211311 25528 1.6 19 12 6 13 23% 275415 367 12%
c p 30.06 96 16 27 7455  1 211311 25537 1.6 19 12 6 13 23% 275415 367 12%
c u 30.40 96 16 27 7455  1 211311 25519 1.6 19 12 6 13 23% 275415 367 12%
c v 30.42 96 16 27 7455  1 211311 25508 1.6 19 12 6 13 23% 275415 367 12%
c w 30.43 96 16 27 7455  1 211311 25505 1.6 19 12 6 13 23% 275415 367 12%
c x 30.46 96 16 27 7455  1 211311 25505 1.6 19 12 6 13 23% 275413 367 12%
c - 32.73 97 16 28 8995  1 227863 28870 1.5 19 12 6 13 23% 275413 367 12%
c p 32.74 97 16 28 8995  1 227863 28878 1.5 19 12 6 13 23% 275413 367 12%
c u 32.79 97 16 28 8995  1 227863 28857 1.5 19 12 6 13 23% 275413 367 12%
c v 32.81 97 16 28 8995  1 227863 28852 1.5 19 12 6 13 23% 275413 367 12%
c w 32.82 97 16 28 8995  1 227863 28852 1.5 19 12 6 13 23% 275413 367 12%
c x 32.84 97 16 28 8995  1 227863 28850 1.5 19 12 6 13 23% 275400 367 12%
c t 32.84 97 16 28 8995  1 227863 28850 1.5 19 12 6 13 23% 275399 367 12%
c W 33.75 97 16 28 9307  1 231033 30938 1.5 19 12 6 13 23% 275399 367 12%
c - 35.15 120 15 29 9699  1 245047 32486 1.5 19 12 6 13 23% 275399 367 12%
c p 35.16 120 15 29 9699  1 245047 32494 1.5 19 12 6 13 23% 275399 367 12%
c F 35.83 120 15 29 9784  1 253036 37311 1.5 18 12 6 13 23% 275399 367 12%
c - 37.11 97 15 30 10387  1 262867 35916 1.6 18 12 6 13 23% 275399 367 12%
c 
c  seconds  reductions    conflicts         size   tier2        variables
c         MB      restarts       redundant     glue    trail        remaining
c          level        rate          size/glue  tier1   irredundant
c 
c p 37.13 97 15 30 10387  1 262867 35924 1.6 18 12 6 13 23% 275399 367 12%
c u 37.24 97 15 30 10387  1 262867 35897 1.6 18 12 6 13 23% 275399 367 12%
c v 37.28 97 15 30 10387  1 262867 35896 1.6 18 12 6 13 23% 275399 367 12%
c w 37.30 97 15 30 10387  1 262867 35892 1.6 18 12 6 13 23% 275399 367 12%
c x 37.35 97 15 30 10387  1 262867 35889 1.6 18 12 6 13 23% 275363 367 12%
c } 37.47 97 15 30 10387  1 263469 36233 1.6 18 12 6 13 23% 275363 367 12%
c [ 37.47 97 17 30 10387  1 263469 36233 1.6 21 14 6 14 29% 275363 367 12%
c B 38.95 97 16 30 10391  1 276037 44288 1.6 21 13 6 14 28% 275363 367 12%
c s 39.62 97 16 30 10394  1 281309 47696 1.6 21 13 6 14 28% 275139 367 12%
c e 39.67 97 16 30 10394  1 281309 47573 1.6 21 13 6 14 28% 275137 365 12%
c s 39.71 97 16 30 10394  1 281309 47556 1.6 21 13 6 14 28% 275059 365 12%
c - 39.81 121 16 31 10394  1 281324 38242 1.6 21 13 6 14 28% 275059 365 12%
c p 39.82 121 16 31 10394  1 281324 38250 1.6 21 13 6 14 28% 275059 365 12%
c u 39.89 121 16 31 10394  1 281324 38236 1.6 21 13 6 14 28% 275059 365 12%
c v 39.91 121 16 31 10394  1 281324 38227 1.6 21 13 6 14 28% 275059 365 12%
c w 39.92 121 16 31 10394  1 281324 38226 1.6 21 13 6 14 28% 275059 365 12%
c x 39.95 121 16 31 10394  1 281324 38225 1.6 21 13 6 14 28% 275036 365 12%
c W 42.41 121 16 31 10402  1 300038 49399 1.6 21 14 6 14 27% 275036 365 12%
c - 42.49 97 16 32 10402  1 300412 37975 1.6 21 14 6 14 27% 275036 365 12%
c p 42.50 97 16 32 10402  1 300412 37983 1.6 21 14 6 14 27% 275036 365 12%
c 
c  seconds  reductions    conflicts         size   tier2        variables
c         MB      restarts       redundant     glue    trail        remaining
c          level        rate          size/glue  tier1   irredundant
c 
c u 42.57 97 16 32 10402  1 300412 37965 1.6 21 14 6 14 27% 275036 365 12%
c v 42.59 97 16 32 10402  1 300412 37959 1.6 21 14 6 14 27% 275036 365 12%
c w 42.60 97 16 32 10402  1 300412 37959 1.6 21 14 6 14 27% 275036 365 12%
c x 42.64 97 16 32 10402  1 300412 37958 1.6 21 14 6 14 27% 275026 365 12%
c ] 44.36 97 16 32 10403  1 315160 47929 1.6 21 14 6 14 26% 275026 365 12%
c { 44.36 97 15 32 10403  1 315160 47929 1.6 18 12 6 13 23% 275026 365 12%
c - 45.03 121 15 33 10805  1 320136 38761 1.6 19 12 6 13 23% 275026 365 12%
c p 45.05 121 15 33 10805  1 320136 38769 1.6 19 12 6 13 23% 275026 365 12%
c u 45.12 121 15 33 10805  1 320136 38745 1.6 19 12 6 13 23% 275026 365 12%
c v 45.15 121 15 33 10805  1 320136 38742 1.6 19 12 6 13 23% 275026 365 12%
c w 45.16 121 15 33 10805  1 320136 38739 1.6 19 12 6 13 23% 275026 365 12%
c x 45.19 121 15 33 10805  1 320136 38739 1.6 19 12 6 13 23% 275010 365 12%
c B 45.81 121 15 33 10933  1 325041 41746 1.6 18 12 6 13 23% 275010 365 12%
c - 47.94 121 15 34 12677  1 340496 39695 1.5 19 12 6 12 23% 275010 365 12%
c p 47.96 121 15 34 12677  1 340496 39702 1.5 19 12 6 12 23% 275010 365 12%
c u 48.33 121 15 34 12677  1 340496 39678 1.5 19 12 6 12 23% 275010 365 12%
c v 48.36 121 15 34 12677  1 340496 39675 1.5 19 12 6 12 23% 275010 365 12%
c w 48.37 121 15 34 12677  1 340496 39658 1.5 19 12 6 12 23% 275010 365 12%
c x 48.40 121 15 34 12677  1 340496 39657 1.5 19 12 6 12 23% 274998 365 12%
c W 49.99 121 15 34 12966  1 351042 46045 1.6 19 12 6 12 23% 274998 365 12%
c 
c  seconds   reductions    conflicts         size   tier2        variables
c          MB      restarts       redundant     glue    trail        remaining
c           level        rate          size/glue  tier1   irredundant
c 
c - 51.62 121 15 35 14058  1 361494 42927 1.6 19 12 6 12 23% 274998 365 12%
c p 51.64 121 15 35 14058  1 361494 42934 1.6 19 12 6 12 23% 274998 365 12%
c u 51.71 121 15 35 14058  1 361494 42890 1.6 19 12 6 12 23% 274998 365 12%
c v 51.74 121 15 35 14058  1 361494 42888 1.6 19 12 6 12 23% 274998 365 12%
c w 51.75 121 15 35 14058  1 361494 42875 1.6 19 12 6 12 23% 274998 365 12%
c x 51.78 121 15 35 14058  1 361494 42875 1.6 19 12 6 12 23% 274966 365 12%
c # 54.42 121 15 35 14956  1 378044 52587 1.6 19 12 6 12 23% 274966 365 12%
c } 54.72 121 15 35 15153  1 380088 53878 1.6 19 12 6 12 23% 274966 365 12%
c [ 54.72 121 16 35 15153  1 380088 53878 1.6 21 14 6 14 26% 274966 365 12%
c - 55.20 121 16 36 15153  1 383129 45328 1.6 21 14 6 14 26% 274966 365 12%
c p 55.22 121 16 36 15153  1 383129 45335 1.6 21 14 6 14 26% 274966 365 12%
c u 55.30 121 16 36 15153  1 383129 45277 1.6 21 14 6 14 26% 274966 365 12%
c v 55.33 121 16 36 15153  1 383129 45275 1.6 21 14 6 14 26% 274966 365 12%
c w 55.34 121 16 36 15153  1 383129 45269 1.6 21 14 6 14 26% 274966 365 12%
c x 55.38 121 16 36 15153  1 383129 45268 1.6 21 14 6 14 26% 274926 365 12%
c s 57.09 121 16 36 15154  1 396002 52070 1.6 21 13 6 14 26% 274574 365 12%
c s 57.18 121 16 36 15154  1 396002 52040 1.6 21 13 6 14 26% 274182 365 12%
c - 58.63 121 15 37 15154  1 405402 47298 1.6 20 13 6 13 25% 274182 365 12%
c p 58.64 121 15 37 15154  1 405402 47305 1.6 20 13 6 13 25% 274182 365 12%
c u 58.72 121 15 37 15154  1 405402 47264 1.6 20 13 6 13 25% 274182 365 12%
c 
c  seconds   reductions    conflicts         size   tier2        variables
c          MB      restarts       redundant     glue    trail        remaining
c           level        rate          size/glue  tier1   irredundant
c 
c v 58.75 121 15 37 15154  1 405402 47260 1.6 20 13 6 13 25% 274182 365 12%
c w 58.76 121 15 37 15154  1 405402 47259 1.6 20 13 6 13 25% 274182 365 12%
c x 58.80 121 15 37 15154  1 405402 47257 1.6 20 13 6 13 25% 274124 365 12%
c I 58.94 121 15 37 15154  1 406046 47619 1.6 20 13 6 13 25% 274124 365 12%
c i 59.67 121 15 37 15154  1 416085 52167 1.6 20 12 6 13 25% 274124 364 12%
c - 61.38 97 15 38 15161  1 428291 44212 1.6 20 12 6 13 25% 234227 364 12%
c p 61.39 97 15 38 15161  1 428291 44222 1.6 20 12 6 13 25% 234227 364 12%
c u 61.46 97 15 38 15161  1 428291 44152 1.6 20 12 6 13 25% 234227 364 12%
c v 61.48 97 15 38 15161  1 428291 44146 1.6 20 12 6 13 25% 234227 364 12%
c w 61.49 97 15 38 15161  1 428291 44137 1.6 20 12 6 13 25% 234227 364 12%
c x 61.51 97 15 38 15161  1 428291 44137 1.6 20 12 6 13 25% 234194 364 12%
c B 62.27 97 15 38 15164  1 435048 48677 1.6 20 12 6 13 24% 234194 364 12%
c ] 64.25 97 14 38 15169  1 449182 56225 1.6 19 12 6 13 24% 234194 364 12%
c { 64.25 97 15 38 15169  1 449182 56225 1.6 19 12 6 12 23% 234194 364 12%
c - 64.44 97 15 39 15169  1 450699 45816 1.6 19 12 6 12 23% 234194 364 12%
c p 64.45 97 15 39 15169  1 450699 45833 1.6 19 12 6 12 23% 234194 364 12%
c u 64.52 97 15 39 15169  1 450699 45792 1.6 19 12 6 12 23% 234194 364 12%
c v 64.54 97 15 39 15169  1 450699 45751 1.6 19 12 6 12 23% 234194 364 12%
c w 64.56 97 15 39 15169  1 450699 45732 1.6 19 12 6 12 23% 234194 364 12%
c x 64.59 97 15 39 15169  1 450699 45726 1.6 19 12 6 12 23% 234139 364 12%
c 
c  seconds  reductions    conflicts         size   tier2        variables
c         MB      restarts       redundant     glue    trail        remaining
c          level        rate          size/glue  tier1   irredundant
c 
c t 64.59 97 15 39 15169  1 450699 45725 1.6 19 12 6 12 23% 234139 364 12%
c B 66.18 97 14 39 15207  1 465049 53740 1.6 18 12 5 12 23% 234139 364 12%
c - 67.22 97 14 40 16008  1 473685 45309 1.6 18 12 5 12 23% 234139 364 12%
c p 67.24 97 14 40 16008  1 473685 45336 1.6 18 12 5 12 23% 234139 364 12%
c u 67.30 97 14 40 16008  1 473685 45260 1.6 18 12 5 12 23% 234139 364 12%
c v 67.33 97 14 40 16008  1 473685 45226 1.6 18 12 5 12 23% 234139 364 12%
c w 67.34 97 14 40 16008  1 473685 45192 1.6 18 12 5 12 23% 234139 364 12%
c x 67.37 97 14 40 16008  1 473685 45188 1.6 18 12 5 12 23% 234073 364 12%
c t 67.37 97 14 40 16008  1 473685 45185 1.6 18 12 5 12 23% 234073 364 12%
c W 70.69 97 14 40 17281  1 496051 58630 1.6 18 12 5 12 23% 234073 364 12%
c - 70.90 97 14 41 17281  1 497249 46211 1.6 18 12 5 12 23% 234073 364 12%
c p 70.92 97 14 41 17281  1 497249 46236 1.6 18 12 5 12 23% 234073 364 12%
c u 70.98 97 14 41 17281  1 497249 46205 1.6 18 12 5 12 23% 234073 364 12%
c v 71.01 97 14 41 17281  1 497249 46185 1.6 18 12 5 12 23% 234073 364 12%
c w 71.02 97 14 41 17281  1 497249 46183 1.6 18 12 5 12 23% 234073 364 12%
c x 71.05 97 14 41 17281  1 497249 46179 1.6 18 12 5 12 23% 234042 364 12%
c t 71.06 97 14 41 17281  1 497249 46178 1.6 18 12 5 12 23% 234042 364 12%
c - 74.20 97 13 42 18073  1 521387 48967 1.6 18 11 5 12 23% 234042 364 12%
c p 74.21 97 13 42 18073  1 521387 48990 1.6 18 11 5 12 23% 234042 364 12%
c u 74.59 97 13 42 18073  1 521387 48954 1.6 18 11 5 12 23% 234042 364 12%
c 
c  seconds  reductions    conflicts         size   tier2        variables
c         MB      restarts       redundant     glue    trail        remaining
c          level        rate          size/glue  tier1   irredundant
c 
c v 74.63 97 13 42 18073  1 521387 48932 1.6 18 11 5 12 23% 234042 364 12%
c w 74.65 97 13 42 18073  1 521387 48929 1.6 18 11 5 12 23% 234042 364 12%
c x 74.70 97 13 42 18073  1 521387 48926 1.6 18 11 5 12 23% 234022 364 12%
c t 74.71 97 13 42 18073  1 521387 48924 1.6 18 11 5 12 23% 234022 364 12%
c F 75.49 97 13 42 18632  1 528053 52680 1.6 18 11 5 12 23% 234022 364 12%
c s 75.76 97 13 42 18842  1 529747 53572 1.6 18 11 5 11 23% 233165 364 12%
c e 75.80 97 13 42 18842  1 529747 53434 1.6 18 11 5 11 23% 233162 362 12%
c s 75.86 97 13 42 18842  1 529747 53383 1.6 18 11 5 11 23% 231466 362 12%
c } 77.44 97 13 42 19150  1 542724 60292 1.6 18 11 5 11 23% 231466 362 12%
c [ 77.44 97 14 42 19150  1 542724 60292 1.6 19 12 6 13 24% 231466 362 12%
c - 77.91 97 14 43 19150  1 546104 49674 1.6 19 12 6 13 24% 231466 362 12%
c p 77.93 97 14 43 19150  1 546104 49696 1.6 19 12 6 13 24% 231466 362 12%
c u 78.01 97 14 43 19150  1 546104 49656 1.6 19 12 6 13 24% 231466 362 12%
c v 78.04 97 14 43 19150  1 546104 49638 1.6 19 12 6 13 24% 231466 362 12%
c w 78.05 97 14 43 19150  1 546104 49615 1.6 19 12 6 13 24% 231466 362 12%
c x 78.09 97 14 43 19150  1 546104 49613 1.6 19 12 6 13 24% 231413 362 12%
c t 78.09 97 14 43 19150  1 546104 49609 1.6 19 12 6 13 24% 231413 362 12%
c i 78.15 97 14 43 19151  1 546346 49679 1.6 19 12 6 13 24% 231413 361 12%
c W 80.46 97 13 43 19160  1 561054 44044 1.6 19 12 6 13 24% 200170 361 12%
c i 80.81 97 13 43 19161  1 563464 45200 1.6 19 11 6 13 24% 200170 359 12%
c 
c  seconds  reductions    conflicts         size   tier2        variables
c         MB      restarts       redundant     glue    trail        remaining
c          level        rate          size/glue  tier1   irredundant
c 
c i 80.99 97 13 43 19163  1 564993 45973 1.6 18 11 6 13 24% 200170 343 11%
c i 81.04 97 13 43 19163  1 565238 46085 1.6 18 11 6 13 24% 200170 342 11%
c i 81.05 97 13 43 19163  1 565332 46103 1.6 18 11 6 13 24% 200170 341 11%
c i 81.05 97 13 43 19163  1 565349 46111 1.6 18 11 6 13 24% 200170 338 11%
c ] 81.05 97 13 43 19163  1 565354 46110 1.6 18 11 6 13 24% 200170 327 11%
c 0 81.05 97 13 43 19163  1 565354 46110 1.6 18 11 6 13 24% 200170 327 11%
c 
c --- [ closing proof ] ------------------------------------------------------
c 
c LRAT proof file '/root/earth-moon/population/f034-a4-cert/cs-a4_m11c/r/n107_n128_p146_p60/round-0/F.lrat' closed
c LRAT 836472 added clauses 46.14%
c LRAT 976465 deleted clauses 53.86%
c LRAT 160585677 bytes (153.15 MB)
c 
c --- [ result ] -------------------------------------------------------------
c 
s UNSATISFIABLE
c 
c --- [ run-time profiling ] -------------------------------------------------
c 
c process time taken by individual solving procedures
c (percentage relative to process time for solving)
c 
c        74.14   91.72% search
c        40.70   50.36% unstable
c        29.46   36.45% stable
c         6.69    8.28% simplify
c         3.91    4.83% walk
c         3.32    4.11% vivify
c         1.61    1.99% sweep
c         0.50    0.62% elim
c         0.48    0.59% subsume
c         0.29    0.36% probe
c         0.22    0.28% parse
c         0.13    0.16% congruence
c         0.09    0.11% ternary
c         0.06    0.08% lucky
c         0.00    0.00% backbone
c   =================================
c        80.83   99.73% solve
c 
c last line shows process time for solving
c (percentage relative to total process time)
c 
c --- [ statistics ] ---------------------------------------------------------
c 
c chronological:             59835        10.58 %  of conflicts
c conflicts:                565354      6994.60    per second
c backbone:                  92119      2971.58 %  of vars
c decisions:                671220      8304.38    per second
c eliminated:                 2245        72.42 %  of all variables
c fixed:                       527        17.00 %  of all variables
c learned:                  555616        98.28 %  per conflict
c learned_lits:           15621080       100.00 %  learned literals
c minimized:                     0         0.00 %  learned literals
c shrunken:                3774502        24.16 %  learned literals
c minishrunken:            1262064         8.08 %  learned literals
c otfs:                       3427         0.61 %  of conflict
c propagations:            8967656         0.11 M  per second
c reduced:                  277678        49.12 %  per conflict
c rephased:                     33     17131.94    interval
c restarts:                  19163        29.50    interval
c stabilizing:                   9        44.45 %  of conflicts
c substituted:                   1         0.03 %  of all variables
c subsumed:                 214936        25.11 %  of all clauses
c strengthened:              20925         2.44 %  of all clauses
c ticks:                4807217211       545.23    propagation
c vivified:                   3357         0.39 %  of all clauses
c walked:                       10     56535.40    interval
c weakened:                   5597         2.49    average size
c congruence:                    8     70669.25    interval
c 
c seconds are measured in process time for solving
c 
c --- [ glue usage ] ---------------------------------------------------------
c 
c focused glue 5 used 78193 clauses 7.123% accumulated 51.36% tier1
c focused glue 6 used 70989 clauses 6.467% accumulated 57.83%
c focused glue 7-9 used 184312 clauses 16.79% accumulated 74.62%
c focused glue 10 used 57201 clauses 5.211% accumulated 79.83%
c focused glue 11 used 51163 clauses 4.661% accumulated 84.50% tier2
c 
c stable glue 5 used 66262 clauses 6.747% accumulated 51.12% tier1
c stable glue 6 used 59594 clauses 6.068% accumulated 57.19%
c stable glue 7-10 used 187443 clauses 19.08% accumulated 76.28%
c stable glue 11 used 43101 clauses 4.389% accumulated 80.67%
c stable glue 12 used 38440 clauses 3.914% accumulated 84.58% tier2
c 
c 
c --- [ resources ] ----------------------------------------------------------
c 
c total process time since initialization:        81.05    seconds
c total real time since initialization:           81.05    seconds
c maximum resident set size of process:          145.37    MB
c 
c --- [ shutting down ] ------------------------------------------------------
c 
c exit 20

[rc=20 81.1s]
$ /root/earth-moon/verifier/../tools/drat-trim/lrat-check /root/earth-moon/population/f034-a4-cert/cs-a4_m11c/r/n107_n128_p146_p60/round-0/F.cnf /root/earth-moon/population/f034-a4-cert/cs-a4_m11c/r/n107_n128_p146_p60/round-0/F.lrat
c parsed a formula with 3100 variables and 386801 clauses
c VERIFIED
c allocated 1024 8811807 31000
c Added clauses = 1223273.  Deleted clauses = 976465.  Max live clauses = 386801
c verification time = 2.59 secs

[rc=0 2.6s]
