# lean_static_resolve 2026-09-25 21:16:48
# dump=/Users/ivanspogreev/earth-moon/population/f034-a4-cert/split-m13/dump.jsonl raw=2358960 dedup=2358960 footer={'type': 'footer', 'verdict': 'UNSAT', 'counts': {'preseed': 7898, 'prop': 2351062, 'model': 0}, 'stats': {'checks': 17051403, 'confl': 1175531, 'model_rej': 0}, 'time': '2026-09-25T20:45:02-0700'}
# counters=False
# cube=[-33, 53, -16, 37]
$ /opt/homebrew/bin/cadical --lrat --no-binary --no-factor /Users/ivanspogreev/earth-moon/population/f034-a4-cert/split-m13/c11/round-0/F.cnf /Users/ivanspogreev/earth-moon/population/f034-a4-cert/split-m13/c11/round-0/F.lrat
c --- [ banner ] -------------------------------------------------------------
c 
c CaDiCaL SAT Solver
c Copyright (c) 2016-2026
c A. Biere, M. Fleury, N. Froleyks, K. Fazekas, F. Pollitt, T. Faller
c JKU Linz, University of Freiburg, TU Wien
c 
c Version 3.0.1
c Apple clang version 16.0.0 (clang-1600.0.26.6) -Wall -Wextra -O3 -DNDEBUG -std=c++11 -DNCLOSEFROM
c Sun Jul 19 15:40:55 UTC 2026 Darwin Sonoma-arm64.local 23.6.0 arm64
c 
c --- [ proof tracing ] ------------------------------------------------------
c 
c opening file to write '/Users/ivanspogreev/earth-moon/population/f034-a4-cert/split-m13/c11/round-0/F.lrat'
c writing non-binary proof trace to '/Users/ivanspogreev/earth-moon/population/f034-a4-cert/split-m13/c11/round-0/F.lrat'
c 
c --- [ parsing input ] ------------------------------------------------------
c 
c reading DIMACS file from '/Users/ivanspogreev/earth-moon/population/f034-a4-cert/split-m13/c11/round-0/F.cnf'
c opening file to read '/Users/ivanspogreev/earth-moon/population/f034-a4-cert/split-m13/c11/round-0/F.cnf'
c found 'p cnf 2945 2367317' header
c parsed 2367317 clauses in 1.40 seconds process time
c 
c --- [ options ] ------------------------------------------------------------
c 
c   --binary=false                 (different from default 'true')
c   --lrat=true                    (different from default 'false')
c 
c --- [ solving ] ------------------------------------------------------------
c 
c time measured in process time since initialization
c 
c  seconds  reduction conflicts       size tier2       variables
c         MB    restarts   redundant    glue  trail         remaining
c          level     rate       size/glu tier1  irredundant
c 
c *  1.40  0  0 0   0  0    0    0 0.0 0 0 2 6  0% 943166 2905 99%
c )  1.48  0  0 0   0  0    0    0 0.0 0 0 2 6  0% 943166 2905 99%
c {  1.50  0  0 0   0  0    0    0 0.0 0 0 2 6  0% 943166 2905 99%
c i  1.52  0 2236 0   0 129   20   11 1.4 8 5 2 6 79% 943159 2902 99%
c i  1.52  0 2215 0   0 104   25   14 1.4 7 5 2 6 79% 943159 2900 98%
c i  1.52  0 2207 0   0 75   40   21 1.5 8 5 2 6 79% 943152 2899 98%
c i  1.55  0 809 0   4 24  143   70 1.4 9 7 2 6 35% 943114 2898 98%
c i  1.55  0 791 0   4 23  146   72 1.4 9 6 2 6 34% 943114 2897 98%
c i  1.55  0 785 0   4 23  147   72 1.4 9 6 2 6 34% 943114 2896 98%
c i  1.61  0 561 0  21 29  266  156 1.4 13 9 2 6 30% 943092 2895 98%
c i  1.61  0 558 0  21 29  267  156 1.4 13 9 2 6 29% 943092 2894 98%
c i  1.61  0 554 0  22 28  269  157 1.4 13 9 2 6 29% 943092 2893 98%
c i  1.61  0 527 0  25 27  283  165 1.4 12 9 2 6 28% 943087 2892 98%
c i  1.61  0 525 0  25 27  284  165 1.4 12 9 2 6 28% 943087 2891 98%
c i  1.61  0 523 0  25 27  285  165 1.4 12 9 2 6 28% 943087 2889 98%
c -  1.67  0 499 1  25 27  300  102 1.4 12 9 2 6 28% 943049 2889 98%
c i  1.69  0 384 1  29 19  456  150 1.4 12 9 2 6 33% 942952 2888 98%
c i  1.69  0 379 1  29 18  461  151 1.4 12 9 2 6 33% 942950 2887 98%
c i  1.69  0 377 1  29 18  464  153 1.4 12 8 2 6 32% 942950 2886 98%
c i  1.69  0 376 1  29 18  465  153 1.4 12 8 2 6 32% 942950 2885 98%
c 
c  seconds   reduction conflicts       size  tier2       variables
c         MB     restarts   redundant     glue  trail         remaining
c           level     rate       size/glue tier1  irredundant
c 
c i  1.69  0 373 1  29 18  469  154 1.4 12 8 2 6 32% 942948 2878 98%
c i  1.73  0 300 1  36 15  613  205 1.5 13 9 2 6 32% 942870 2877 98%
c i  1.73  0 297 1  37 15  617  206 1.5 13 9 2 6 31% 942868 2875 98%
c i  1.79  0 256 1  58 14  729  256 1.4 15 10 2 6 29% 942822 2864 97%
c i  1.81  0 248 1  65 14  757  277 1.4 15 11 2 6 28% 942819 2782 94%
c i  1.84  0 234 1  79 13  813  311 1.4 15 11 2 6 28% 942805 2780 94%
c i  1.94  0 198 1  99 12  995  414 1.4 15 11 2 6 26% 942757 2779 94%
c }  1.95  0 197 1  99 12 1003  420 1.4 15 11 2 6 26% 942755 2779 94%
c [  1.95  0  0 1  99  0 1003  420 0.0 0 0 2 6  0% 942755 2779 94%
c O  1.95  0  1 1  99  2 1004  421 2.0 2 1 2 6  8% 942755 2779 94%
c -  2.18  0 45 2  99  2 1154  278 2.1 25 12 2 6 49% 942615 2779 94%
c -  2.47  0 55 3 100  1 2830  758 2.3 26 11 2 6 47% 942507 2779 94%
c ]  2.49  0 55 3 100  1 2933  849 2.3 26 11 2 6 46% 942507 2779 94%
c {  2.49  0 197 3 100 12 2933  849 1.4 15 11 2 6 26% 942507 2779 94%
c O  2.50  0 187 3 100 11 3006  910 1.5 16 11 2 6 27% 942507 2779 94%
c i  2.59  0 172 3 117 11 3147  977 1.5 16 11 2 6 27% 942442 2778 94%
c i  2.59  0 172 3 118 11 3150  979 1.5 16 11 2 6 27% 942442 2777 94%
c i  2.59  0 172 3 118 11 3151  979 1.5 16 11 2 6 27% 942442 2776 94%
c i  2.59  0 172 3 118 11 3152  979 1.5 16 11 2 6 27% 942442 2768 94%
c i  2.70  0 150 3 176 11 3390 1111 1.4 17 12 2 6 26% 942367 2767 94%
c 
c  seconds   reduction conflicts       size   tier2       variables
c         MB     restarts   redundant     glue   trail         remaining
c           level     rate       size/glue  tier1  irredundant
c 
c 2  2.83  0 138 3 219 11 3571 1221 1.4 18 13 2 6 25% 942331 2754 94%
c d  2.87  0 138 3 219 11 3571 1217 1.4 18 13 2 6 25% 942288 2753 93%
c p  2.88  0 138 3 219 11 3571 1217 1.4 18 13 2 6 25% 942288 2752 93%
c =  3.12  0 138 3 219 11 3571 1206 1.4 18 13 2 6 25% 942177 2636 90%
c t  3.13  0 138 3 219 11 3571 1203 1.4 18 13 2 6 25% 942177 2636 90%
c i  3.27  0 137 3 224 11 3604 1205 1.4 17 12 2 6 17% 942154 2634 89%
c i  3.27  0 136 3 224 11 3606 1206 1.4 17 12 2 6 16% 942154 2633 89%
c i  3.27  0 136 3 224 11 3607 1206 1.4 17 12 2 6 16% 942154 2629 89%
c i  3.39  0 106 3 229  7 4675 2068 1.8 20 11 2 6 33% 942121 2628 89%
c i  3.39  0 106 3 230  7 4676 2068 1.8 20 11 2 6 33% 942121 2626 89%
c i  3.39  0 106 3 231  7 4680 2070 1.8 20 11 2 6 33% 942120 2622 89%
c i  3.39  0 105 3 231  7 4682 2070 1.8 20 11 2 6 33% 942119 2588 88%
c i  3.40  0 105 3 231  7 4683 2070 1.8 20 11 2 6 33% 942119 2587 88%
c i  3.40  0 105 3 231  7 4684 2070 1.8 20 11 2 6 33% 942119 2579 88%
c i  3.40  0 105 3 231  7 4685 2070 1.8 20 11 2 6 33% 942119 2575 87%
c i  3.47  0 102 3 243  7 4825 2174 1.8 20 11 2 6 32% 942099 2572 87%
c i  3.47  0 102 3 245  7 4837 2175 1.8 20 11 2 6 32% 942090 2543 86%
c i  3.47  0 102 3 246  7 4838 2175 1.8 20 11 2 6 32% 942090 2539 86%
c i  3.47  0 102 3 246  7 4839 2175 1.8 20 11 2 6 32% 942090 2531 86%
c i  3.54  0 100 3 257  7 4904 2233 1.8 20 11 2 6 31% 942087 2530 86%
c 
c  seconds   reduction conflicts       size   tier2       variables
c         MB     restarts   redundant     glue   trail         remaining
c           level     rate       size/glue  tier1  irredundant
c 
c i  3.54  0 100 3 257  7 4905 2233 1.8 20 11 2 6 31% 942087 2529 86%
c i  3.54  0 100 3 257  7 4910 2234 1.8 20 11 2 6 31% 942086 2524 86%
c i  3.60  0 98 3 264  7 4977 2285 1.8 20 11 2 6 30% 942086 2473 84%
c -  3.94  0 88 4 387  6 5453 2335 1.7 21 12 9 16 26% 941888 2473 84%
c #  4.14  0 79 4 416  6 6007 2798 1.7 20 12 10 17 24% 941883 2473 84%
c 2  4.22  0 78 4 429  6 6073 2855 1.7 20 12 9 16 24% 941881 2462 84%
c i  4.45  0 75 4 468  5 6301 3024 1.6 20 12 9 16 23% 941851 2461 84%
c i  4.45  0 75 4 469  5 6303 3024 1.6 20 12 9 16 23% 941850 2450 83%
c i  4.49  0 74 4 477  5 6371 3079 1.6 20 12 9 16 23% 941846 2367 80%
c i  4.56  0 73 4 500  5 6472 3144 1.6 20 13 9 16 23% 941843 2266 77%
c }  4.89  0 65 4 552  5 7300 3813 1.6 20 12 8 15 23% 941841 2266 77%
c [  4.89  0 55 4 552  1 7300 3813 2.3 26 11 2 6 51% 941841 2266 77%
c -  5.43  0 39 5 553  1 9098 4108 1.6 24 15 10 19 37% 941630 2266 77%
c 2  5.43  0 39 5 553  1 9098 4108 1.6 24 15 10 19 37% 941630 2261 77%
c I  5.80  0 36 5 554  1 10008 4791 1.6 24 15 10 19  9% 941632 2261 77%
c -  6.65  0 28 6 556  1 13805 5673 1.5 23 15 12 17 12% 941631 2261 77%
c 2  6.65  0 28 6 556  1 13805 5673 1.5 23 15 12 17 12% 941631 2231 76%
c ]  6.97  0 28 6 557  1 13998 5831 1.5 23 15 12 17 12% 941597 2231 76%
c {  6.97  0 65 6 557  5 13998 5831 1.6 20 12 8 15 27% 941597 2231 76%
c B  7.49  0 58 6 768  4 15010 6614 1.6 20 13 8 15 23% 941596 2231 76%
c 
c  seconds  reductions conflicts       size   tier2        variables
c         MB    restarts    redundant     glue    trail         remaining
c          level     rate        size/glue  tier1   irredundant
c 
c s  7.93  0 49 6 779  4 16688 7919 1.6 20 13 8 15 20% 941385 2231 76%
c t  7.94  0 49 6 779  4 16688 7919 1.6 20 13 8 15 20% 941367 2231 76%
c e  8.11  0 49 6 779  4 16688 7547 1.6 20 13 8 15 20% 937928 362 12%
c s  8.14  0 49 6 779  4 16688 7542 1.6 20 13 8 15 20% 937851 362 12%
c -  9.23  0 41 7 845  3 19603 8198 1.6 20 12 8 15 29% 937851 362 12%
c 2  9.23  0 41 7 845  3 19603 8196 1.6 20 12 8 15 29% 937851 362 12%
c p  9.25  0 41 7 845  3 19603 8201 1.6 20 12 8 15 29% 937851 361 12%
c u  9.39  0 41 7 845  3 19603 8183 1.6 20 12 8 15 29% 937851 361 12%
c v  9.44  0 41 7 845  3 19603 8169 1.6 20 12 8 15 29% 937851 361 12%
c w  9.46  0 41 7 845  3 19603 8168 1.6 20 12 8 15 29% 937851 361 12%
c x  9.54  0 41 7 845  3 19603 8168 1.6 20 12 8 15 29% 937832 361 12%
c t  9.55  0 41 7 845  3 19603 8166 1.6 20 12 8 15 29% 937831 361 12%
c W 10.35  0 38 7 891  3 21015 9219 1.7 20 12 8 15 29% 873488 361 12%
c - 11.98  0 31 8 1394  2 26505 10313 1.6 19 12 8 13 25% 873488 361 12%
c p 11.99  0 31 8 1394  2 26505 10313 1.6 19 12 8 13 25% 873488 361 12%
c F 12.32  0 30 8 1428  2 28017 11316 1.7 19 11 8 13 25% 873507 361 12%
c } 12.38  0 30 8 1437  2 28057 11350 1.7 19 11 8 13 25% 873507 361 12%
c [ 12.38  0 28 8 1437  1 28057 11350 1.5 23 15 12 17 72% 873507 361 12%
c - 13.42  0 26 9 1440  1 34407 11499 1.4 23 16 12 17 44% 873507 361 12%
c p 13.44  0 26 9 1440  1 34407 11502 1.4 23 16 12 17 44% 873507 361 12%
c 
c  seconds  reductions  conflicts        size    tier2        variables
c         MB    restarts      redundant     glue     trail        remaining
c          level      rate         size/glue  tier1    irredundant
c 
c B 14.01  0 26 9 1440  1 36017 12577 1.4 22 16 12 17 42% 873507 361 12%
c - 15.31  0 25 10 1444  1 43408 12496 1.4 22 16 12 19 35% 873507 361 12%
c p 15.32  0 25 10 1444  1 43408 12498 1.4 22 16 12 19 35% 873507 361 12%
c u 15.45  0 25 10 1444  1 43408 12486 1.4 22 16 12 19 35% 873507 361 12%
c v 15.49  0 25 10 1444  1 43408 12484 1.4 22 16 12 19 35% 873507 361 12%
c w 15.51  0 25 10 1444  1 43408 12482 1.4 22 16 12 19 35% 873507 361 12%
c x 15.58  0 25 10 1444  1 43408 12480 1.4 22 16 12 19 35% 873494 361 12%
c t 15.58  0 25 10 1444  1 43408 12480 1.4 22 16 12 19 35% 873492 361 12%
c ] 15.66  0 25 10 1444  1 43687 12624 1.4 22 16 12 19 35% 873492 361 12%
c { 15.66  0 30 10 1444  2 43687 12624 1.7 19 11 8 13 25% 873492 361 12%
c B 16.06  0 29 10 1549  2 45019 13644 1.7 19 12 8 13 25% 873492 361 12%
c - 17.94  0 25 11 2122  2 53518 16488 1.6 19 11 8 13 23% 873492 361 12%
c p 17.95  0 25 11 2122  2 53518 16499 1.6 19 11 8 13 23% 873492 361 12%
c W 18.79  0 24 11 2137  2 55023 17496 1.7 18 11 8 13 23% 873492 361 12%
c s 20.38  0 23 11 2621  2 62046 22244 1.6 18 11 8 13 23% 873470 361 12%
c e 20.54  0 23 11 2621  2 62046 22230 1.6 18 11 8 13 23% 873469 360 12%
c s 20.57  0 23 11 2621  2 62046 22216 1.6 18 11 8 13 23% 873369 360 12%
c - 21.18  0 22 12 2724  2 64745 21332 1.7 18 11 8 13 23% 873369 360 12%
c # 21.65  0 22 12 2845  2 66024 22262 1.7 18 11 8 13 23% 873369 360 12%
c } 23.59  0 21 12 3407  2 74619 28561 1.7 18 11 7 12 24% 873369 360 12%
c 
c  seconds  reductions   conflicts        size    tier2        variables
c         MB     restarts      redundant     glue     trail        remaining
c          level       rate         size/glue  tier1    irredundant
c 
c [ 23.59  0 25 12 3407  1 74619 28561 1.4 22 16 12 19 35% 873369 360 12%
c - 24.38  0 24 13 3408  1 77093 24137 1.4 21 16 12 19 34% 873369 360 12%
c p 24.41  0 24 13 3408  1 77093 24141 1.4 21 16 12 19 34% 873369 360 12%
c u 25.09  0 24 13 3408  1 77093 24126 1.4 21 16 12 19 34% 873369 360 12%
c v 25.16  0 24 13 3408  1 77093 24124 1.4 21 16 12 19 34% 873369 360 12%
c w 25.19  0 24 13 3408  1 77093 24123 1.4 21 16 12 19 34% 873369 360 12%
c x 25.30  0 24 13 3408  1 77093 24122 1.4 21 16 12 19 34% 873355 360 12%
c t 25.31  0 24 13 3408  1 77093 24122 1.4 21 16 12 19 34% 873354 360 12%
c W 25.90  0 24 13 3408  1 78027 24941 1.4 22 16 12 19 34% 873354 360 12%
c - 28.04  0 22 14 3414  1 90567 24623 1.4 21 15 12 19 30% 873354 360 12%
c p 28.06  0 22 14 3414  1 90567 24633 1.4 21 15 12 19 30% 873354 360 12%
c O 28.21  0 22 14 3414  1 91032 25051 1.4 21 15 12 19 30% 873354 360 12%
c ] 30.60  0 22 14 3419  1 101042 33067 1.4 21 15 12 19 30% 873354 360 12%
c { 30.60  0 21 14 3419  2 101042 33067 1.7 18 11 7 12 24% 873354 360 12%
c B 31.42  0 21 14 3768  2 105035 35180 1.6 18 11 7 12 23% 873354 360 12%
c - 31.59  0 21 15 3787  2 105170 26997 1.6 18 11 7 12 23% 873354 360 12%
c p 31.61  0 21 15 3787  2 105170 27008 1.6 18 11 7 12 23% 873354 360 12%
c u 31.76  0 21 15 3787  2 105170 26979 1.6 18 11 7 12 23% 873354 360 12%
c v 31.83  0 21 15 3787  2 105170 26977 1.6 18 11 7 12 23% 873354 360 12%
c w 31.85  0 21 15 3787  2 105170 26976 1.6 18 11 7 12 23% 873354 360 12%
c 
c  seconds  reductions   conflicts         size   tier2        variables
c         MB     restarts       redundant     glue    trail        remaining
c          level       rate          size/glue  tier1   irredundant
c 
c x 31.95  0 21 15 3787  2 105170 26976 1.6 18 11 7 12 23% 873342 360 12%
c t 31.96  0 21 15 3787  2 105170 26976 1.6 18 11 7 12 23% 873341 360 12%
c W 35.58  0 19 15 4560  2 120037 37139 1.7 18 11 7 12 23% 873341 360 12%
c - 36.08  0 19 16 4683  2 120907 32773 1.7 18 11 7 12 23% 873341 360 12%
c p 36.11  0 19 16 4683  2 120907 32782 1.7 18 11 7 12 23% 873341 360 12%
c s 40.14  0 19 16 5986  2 129514 38627 1.6 18 11 7 12 23% 873206 360 12%
c s 40.35  0 19 16 5986  2 129514 38606 1.6 18 11 7 12 23% 872975 360 12%
c F 43.08  0 19 16 6598  2 136038 42831 1.6 18 11 7 12 23% 872975 360 12%
c - 43.99  0 19 17 6781  2 137779 36783 1.6 18 11 7 12 23% 872975 360 12%
c p 44.02  0 19 17 6781  2 137779 36794 1.6 18 11 7 12 23% 872975 360 12%
c u 44.27  0 19 17 6781  2 137779 36727 1.6 18 11 7 12 23% 872975 360 12%
c v 44.37  0 19 17 6781  2 137779 36715 1.6 18 11 7 12 23% 872975 360 12%
c w 44.41  0 19 17 6781  2 137779 36709 1.6 18 11 7 12 23% 872975 360 12%
c x 44.52  0 19 17 6781  2 137779 36709 1.6 18 11 7 12 23% 872848 360 12%
c t 44.53  0 19 17 6781  2 137779 36709 1.6 18 11 7 12 23% 872846 360 12%
c } 44.74  0 19 17 6781  2 138296 36928 1.6 18 11 7 12 23% 872846 360 12%
c [ 44.74  0 22 17 6781  1 138296 36928 1.4 21 15 12 19 30% 872846 360 12%
c B 47.58  0 20 17 6785  1 153039 45298 1.4 20 14 12 19 27% 872846 360 12%
c - 48.22  0 20 18 6786  1 155791 38730 1.4 20 14 12 19 27% 872846 360 12%
c p 48.25  0 20 18 6786  1 155791 38740 1.4 20 14 12 19 27% 872846 360 12%
c 
c  seconds  reductions   conflicts         size    tier2        variables
c         MB     restarts       redundant     glue     trail        remaining
c          level       rate          size/glue  tier1    irredundant
c 
c W 52.40  0 19 18 6786  1 171041 47885 1.4 20 14 12 19 26% 872846 360 12%
c - 53.20  0 19 19 6789  1 174942 39646 1.4 20 14 12 19 26% 872846 360 12%
c p 53.23  0 19 19 6789  1 174942 39649 1.4 20 14 12 19 26% 872846 360 12%
c u 53.44  0 19 19 6789  1 174942 39606 1.4 20 14 12 19 26% 872846 360 12%
c v 53.53  0 19 19 6789  1 174942 39598 1.4 20 14 12 19 26% 872846 360 12%
c w 53.57  0 19 19 6789  1 174942 39586 1.4 20 14 12 19 26% 872846 360 12%
c x 53.70  0 19 19 6789  1 174942 39586 1.4 20 14 12 19 26% 872820 360 12%
c t 53.70  0 19 19 6789  1 174942 39586 1.4 20 14 12 19 26% 872818 360 12%
c ] 55.32  0 19 19 6794  1 184514 46057 1.4 20 14 12 19 26% 872818 360 12%
c { 55.32  0 19 19 6794  2 184514 46057 1.6 18 11 7 12 23% 872818 360 12%
c B 57.13  0 18 19 7304  2 190042 49736 1.6 18 11 7 12 23% 872818 360 12%
c - 59.22  0 18 20 7940  2 195236 42373 1.6 18 11 7 12 23% 872818 360 12%
c p 59.26  0 18 20 7940  2 195236 42385 1.6 18 11 7 12 23% 872818 360 12%
c u 59.40  0 18 20 7940  2 195236 42367 1.6 18 11 7 12 23% 872818 360 12%
c v 59.44  0 18 20 7940  2 195236 42366 1.6 18 11 7 12 23% 872818 360 12%
c w 59.47  0 18 20 7940  2 195236 42362 1.6 18 11 7 12 23% 872818 360 12%
c x 59.54  0 18 20 7940  2 195236 42362 1.6 18 11 7 12 23% 872809 360 12%
c W 64.89  0 18 20 8984  2 210044 52299 1.6 18 11 6 12 23% 872809 360 12%
c - 67.74  0 17 21 9836  2 216676 44551 1.6 18 11 6 12 23% 872809 360 12%
c p 67.78  0 17 21 9836  2 216676 44561 1.6 18 11 6 12 23% 872809 360 12%
c 
c  seconds  reductions   conflicts         size   tier2        variables
c         MB     restarts       redundant     glue    trail        remaining
c          level       rate          size/glue  tier1   irredundant
c 
c u 67.93  0 17 21 9836  2 216676 44505 1.6 18 11 6 12 23% 872809 360 12%
c v 67.98  0 17 21 9836  2 216676 44504 1.6 18 11 6 12 23% 872809 360 12%
c w 68.01  0 17 21 9836  2 216676 44499 1.6 18 11 6 12 23% 872809 360 12%
c x 68.11  0 17 21 9836  2 216676 44498 1.6 18 11 6 12 23% 872793 360 12%
c t 68.12  0 17 21 9836  2 216676 44498 1.6 18 11 6 12 23% 872792 360 12%
c s 69.16  0 17 21 10022  2 219464 46264 1.6 18 11 6 12 23% 872411 360 12%
c s 69.36  0 17 21 10022  2 219464 46248 1.6 18 11 6 12 23% 872038 360 12%
c # 74.16  0 17 21 11137  2 231045 54117 1.6 18 11 6 12 23% 872038 360 12%
c } 74.62  0 17 21 11198  2 232480 54852 1.6 18 11 6 12 23% 872038 360 12%
c [ 74.62  0 19 21 11198  1 232480 54852 1.4 20 14 12 19 26% 872038 360 12%
c - 75.84  0 19 22 11203  1 239265 48354 1.4 20 14 12 19 25% 872038 360 12%
c p 75.88  0 19 22 11203  1 239265 48365 1.4 20 14 12 19 25% 872038 360 12%
c u 76.03  0 19 22 11203  1 239265 48321 1.4 20 14 12 19 25% 872038 360 12%
c v 76.11  0 19 22 11203  1 239265 48316 1.4 20 14 12 19 25% 872038 360 12%
c w 76.14  0 19 22 11203  1 239265 48315 1.4 20 14 12 19 25% 872038 360 12%
c x 76.24  0 19 22 11203  1 239265 48315 1.4 20 14 12 19 25% 872017 360 12%
c t 76.25  0 19 22 11203  1 239265 48315 1.4 20 14 12 19 25% 872015 360 12%
c I 78.53  0 18 22 11206  1 253048 56648 1.4 19 14 12 19 25% 872015 360 12%
c - 80.81  0 17 23 11212  1 262993 50121 1.4 19 13 12 19 24% 872015 360 12%
c p 80.84  0 17 23 11212  1 262993 50133 1.4 19 13 12 19 24% 872015 360 12%
c 
c  seconds  reductions    conflicts         size    tier2        variables
c         MB      restarts       redundant     glue     trail        remaining
c          level        rate          size/glue  tier1    irredundant
c 
c u 80.98  0 17 23 11212  1 262993 50106 1.4 19 13 12 19 24% 872015 360 12%
c v 81.03  0 17 23 11212  1 262993 50101 1.4 19 13 12 19 24% 872015 360 12%
c w 81.06  0 17 23 11212  1 262993 50101 1.4 19 13 12 19 24% 872015 360 12%
c x 81.13  0 17 23 11212  1 262993 50101 1.4 19 13 12 19 24% 871995 360 12%
c t 81.14  0 17 23 11212  1 262993 50101 1.4 19 13 12 19 24% 871994 360 12%
c B 84.03  0 17 23 11219  1 276051 57422 1.4 18 13 8 14 24% 871994 360 12%
c - 86.22  0 17 24 11221  1 287873 52088 1.4 19 13 8 14 24% 871994 360 12%
c p 86.26  0 17 24 11221  1 287873 52099 1.4 19 13 8 14 24% 871994 360 12%
c u 87.36  0 17 24 11221  1 287873 52076 1.4 19 13 8 14 24% 871994 360 12%
c v 87.42  0 17 24 11221  1 287873 52065 1.4 19 13 8 14 24% 871994 360 12%
c w 87.45  0 17 24 11221  1 287873 52065 1.4 19 13 8 14 24% 871994 360 12%
c x 87.54  0 17 24 11221  1 287873 52065 1.4 19 13 8 14 24% 871968 360 12%
c t 87.55  0 17 24 11221  1 287873 52065 1.4 19 13 8 14 24% 871967 360 12%
c ] 89.30  0 17 24 11221  1 296761 57958 1.4 19 13 8 14 24% 871967 360 12%
c { 89.30  0 17 24 11221  2 296761 57958 1.6 18 11 6 12 23% 871967 360 12%
c B 90.49  0 17 24 11465  2 300054 60090 1.5 18 11 6 12 23% 871967 360 12%
c - 95.77  0 17 25 12678  2 313901 56090 1.5 18 12 6 12 23% 871967 360 12%
c p 95.81  0 17 25 12678  2 313901 56100 1.5 18 12 6 12 23% 871967 360 12%
c u 96.00  0 17 25 12678  2 313901 56063 1.5 18 12 6 12 23% 871967 360 12%
c v 96.07  0 17 25 12678  2 313901 56056 1.5 18 12 6 12 23% 871967 360 12%
c 
c  seconds  reductions    conflicts         size   tier2        variables
c         MB      restarts       redundant     glue    trail        remaining
c          level        rate          size/glue  tier1   irredundant
c 
c w 96.11  0 17 25 12678  2 313901 56056 1.5 18 12 6 12 23% 871967 360 12%
c x 96.23  0 17 25 12678  2 313901 56055 1.5 18 12 6 12 23% 871937 360 12%
c t 96.24  0 17 25 12678  2 313901 56055 1.5 18 12 6 12 23% 871932 360 12%
c W 102.44  0 17 25 13491  1 325056 64317 1.6 18 11 6 12 23% 871932 360 12%
c s 104.74  0 17 25 13822  1 331886 69253 1.6 18 11 6 12 23% 871515 360 12%
c s 104.96  0 17 25 13822  1 331886 69229 1.6 18 11 6 12 23% 871290 360 12%
c - 109.14  0 16 26 14849  1 341081 59478 1.5 18 12 6 11 23% 871290 360 12%
c p 109.18  0 16 26 14849  1 341081 59490 1.5 18 12 6 11 23% 871290 360 12%
c u 109.39  0 16 26 14849  1 341081 59432 1.5 18 12 6 11 23% 871290 360 12%
c v 109.48  0 16 26 14849  1 341081 59428 1.5 18 12 6 11 23% 871290 360 12%
c w 109.52  0 16 26 14849  1 341081 59427 1.5 18 12 6 11 23% 871290 360 12%
c x 109.66  0 16 26 14849  1 341081 59427 1.5 18 12 6 11 23% 871259 360 12%
c F 112.29  0 16 26 15150  1 351057 65856 1.5 18 11 6 11 23% 871259 360 12%
c } 116.04  0 16 26 15800  1 361170 72607 1.5 18 11 6 11 23% 871259 360 12%
c [ 116.04  0 17 26 15800  1 361170 72607 1.4 19 13 8 14 24% 871259 360 12%
c - 117.82  0 17 27 15801  1 369409 64339 1.4 19 13 8 14 24% 871259 360 12%
c p 117.85  0 17 27 15801  1 369409 64351 1.4 19 13 8 14 24% 871259 360 12%
c u 118.06  0 17 27 15801  1 369409 64300 1.4 19 13 8 14 24% 871259 360 12%
c v 118.14  0 17 27 15801  1 369409 64293 1.4 19 13 8 14 24% 871259 360 12%
c w 118.18  0 17 27 15801  1 369409 64288 1.4 19 13 8 14 24% 871259 360 12%
c 
c  seconds   reductions    conflicts         size   tier2        variables
c          MB      restarts       redundant     glue    trail        remaining
c           level        rate          size/glue  tier1   irredundant
c 
c x 118.32  0 17 27 15801  1 369409 64288 1.4 19 13 8 14 24% 871238 360 12%
c W 121.29  0 17 27 15801  1 378059 69615 1.4 19 13 8 14 24% 871238 360 12%
c - 124.65  0 17 28 15801  1 398887 64980 1.4 19 13 7 14 24% 871238 360 12%
c p 124.70  0 17 28 15801  1 398887 64992 1.4 19 13 7 14 24% 871238 360 12%
c u 124.86  0 17 28 15801  1 398887 64935 1.4 19 13 7 14 24% 871238 360 12%
c v 124.91  0 17 28 15801  1 398887 64932 1.4 19 13 7 14 24% 871238 360 12%
c w 124.94  0 17 28 15801  1 398887 64931 1.4 19 13 7 14 24% 871238 360 12%
c x 125.04  0 17 28 15801  1 398887 64931 1.4 19 13 7 14 24% 871229 360 12%
c O 126.40  0 17 28 15805  1 406060 69459 1.4 19 13 7 14 24% 871229 360 12%
c - 130.88  0 16 29 15816  1 429519 67522 1.5 18 13 7 14 24% 871229 360 12%
c p 130.92  0 16 29 15816  1 429519 67531 1.5 18 13 7 14 24% 871229 360 12%
c u 131.08  0 16 29 15816  1 429519 67461 1.5 18 13 7 14 24% 871229 360 12%
c v 131.16  0 16 29 15816  1 429519 67461 1.5 18 13 7 14 24% 871229 360 12%
c w 131.20  0 16 29 15816  1 429519 67460 1.5 18 13 7 14 24% 871229 360 12%
c x 131.31  0 16 29 15816  1 429519 67457 1.5 18 13 7 14 24% 871197 360 12%
c B 132.62  0 16 29 15817  1 435062 71056 1.5 18 13 7 14 24% 871197 360 12%
c ] 135.43  0 16 29 15825  1 448785 80264 1.5 18 12 7 14 23% 871197 360 12%
c { 135.43  0 16 29 15825  1 448785 80264 1.5 18 11 6 11 23% 871197 360 12%
c - 139.88  0 16 30 16830  1 461306 72988 1.5 17 11 6 11 23% 871197 360 12%
c p 139.92  0 16 30 16830  1 461306 72999 1.5 17 11 6 11 23% 871197 360 12%
c 
c  seconds   reductions    conflicts         size   tier2        variables
c          MB      restarts       redundant     glue    trail        remaining
c           level        rate          size/glue  tier1   irredundant
c 
c u 140.15  0 16 30 16830  1 461306 72942 1.5 17 11 6 11 23% 871197 360 12%
c v 140.23  0 16 30 16830  1 461306 72937 1.5 17 11 6 11 23% 871197 360 12%
c w 140.27  0 16 30 16830  1 461306 72937 1.5 17 11 6 11 23% 871197 360 12%
c x 140.40  0 16 30 16830  1 461306 72936 1.5 17 11 6 11 23% 871190 360 12%
c B 141.95  0 16 30 17232  1 465066 75183 1.5 17 11 5 11 22% 871190 360 12%
c s 142.78  0 16 30 17451  1 466779 76320 1.5 17 11 5 11 22% 870856 360 12%
c s 143.00  0 16 30 17451  1 466779 76309 1.5 17 11 5 11 22% 870700 360 12%
c - 154.07  0 15 31 19522  1 494249 68727 1.5 17 11 5 11 22% 870700 360 12%
c p 154.11  0 15 31 19522  1 494249 68738 1.5 17 11 5 11 22% 870700 360 12%
c u 155.91  0 15 31 19522  1 494249 68683 1.5 17 11 5 11 22% 870700 360 12%
c v 156.02  0 15 31 19522  1 494249 68676 1.5 17 11 5 11 22% 870700 360 12%
c w 156.08  0 15 31 19522  1 494249 68656 1.5 17 11 5 11 22% 870700 360 12%
c x 156.27  0 15 31 19522  1 494249 68652 1.5 17 11 5 11 22% 870640 360 12%
c t 156.27  0 15 31 19522  1 494249 68652 1.5 17 11 5 11 22% 870639 360 12%
c W 158.97  0 15 31 19658  1 496067 69860 1.5 17 11 5 11 22% 870639 360 12%
c # 168.98  0 15 31 21298  1 528071 90030 1.5 17 11 5 11 22% 870639 360 12%
c - 169.21  0 15 32 21298  1 528344 70691 1.5 17 11 5 11 22% 870639 360 12%
c p 169.25  0 15 32 21298  1 528344 70702 1.5 17 11 5 11 22% 870639 360 12%
c u 169.45  0 15 32 21298  1 528344 70636 1.5 17 11 5 11 22% 870639 360 12%
c v 169.56  0 15 32 21298  1 528344 70631 1.5 17 11 5 11 22% 870639 360 12%
c 
c  seconds   reductions    conflicts         size   tier2        variables
c          MB      restarts       redundant     glue    trail        remaining
c           level        rate          size/glue  tier1   irredundant
c 
c w 169.60  0 15 32 21298  1 528344 70629 1.5 17 11 5 11 22% 870639 360 12%
c x 169.75  0 15 32 21298  1 528344 70629 1.5 17 11 5 11 22% 870629 360 12%
c } 171.49  0 14 32 21323  1 537055 75206 1.5 17 11 5 11 22% 870629 360 12%
c [ 171.49  0 16 32 21323  1 537055 75206 1.5 18 12 7 14 23% 870629 360 12%
c W 177.13  0 15 32 21330  1 561073 91153 1.5 18 12 7 14 23% 870629 360 12%
c - 177.84  0 15 33 21330  1 563592 75872 1.5 18 12 7 14 23% 870629 360 12%
c p 177.88  0 15 33 21330  1 563592 75883 1.5 18 12 7 14 23% 870629 360 12%
c u 178.08  0 15 33 21330  1 563592 75843 1.5 18 12 7 14 23% 870629 360 12%
c v 178.17  0 15 33 21330  1 563592 75822 1.5 18 12 7 14 23% 870629 360 12%
c w 178.21  0 15 33 21330  1 563592 75817 1.5 18 12 7 14 23% 870629 360 12%
c x 178.34  0 15 33 21330  1 563592 75815 1.5 18 12 7 14 23% 870622 360 12%
c t 178.34  0 15 33 21330  1 563592 75813 1.5 18 12 7 14 23% 870621 360 12%
c I 184.15  0 14 33 21344  1 595074 92856 1.5 17 11 6 12 22% 870621 360 12%
c - 185.24  0 14 34 21345  1 599998 78971 1.5 17 11 6 12 22% 870621 360 12%
c p 185.29  0 14 34 21345  1 599998 78982 1.5 17 11 6 12 22% 870621 360 12%
c u 185.50  0 14 34 21345  1 599998 78939 1.5 17 11 6 12 22% 870621 360 12%
c v 185.59  0 14 34 21345  1 599998 78935 1.5 17 11 6 12 22% 870621 360 12%
c w 185.63  0 14 34 21345  1 599998 78931 1.5 17 11 6 12 22% 870621 360 12%
c x 185.76  0 14 34 21345  1 599998 78931 1.5 17 11 6 12 22% 870610 360 12%
c t 185.77  0 14 34 21345  1 599998 78931 1.5 17 11 6 12 22% 870609 360 12%
c 
c  seconds   reductions    conflicts         size   tier2        variables
c          MB      restarts       redundant     glue    trail        remaining
c           level        rate          size/glue  tier1   irredundant
c 
c s 189.31  0 14 34 21356  1 624140 93578 1.5 17 11 6 12 22% 870120 360 12%
c s 189.56  0 14 34 21356  1 624140 93501 1.5 17 11 6 12 22% 869220 360 12%
c B 191.09  0 14 34 21359  1 630077 96738 1.5 17 11 6 12 22% 869220 360 12%
c - 192.68  0 14 35 21360  1 637560 79687 1.5 17 11 6 12 22% 869220 360 12%
c p 192.72  0 14 35 21360  1 637560 79698 1.5 17 11 6 12 22% 869220 360 12%
c u 192.90  0 14 35 21360  1 637560 79590 1.5 17 11 6 12 22% 869220 360 12%
c v 192.98  0 14 35 21360  1 637560 79576 1.5 17 11 6 12 22% 869220 360 12%
c w 193.03  0 14 35 21360  1 637560 79575 1.5 17 11 6 12 22% 869220 360 12%
c x 193.16  0 14 35 21360  1 637560 79575 1.5 17 11 6 12 22% 869211 360 12%
c t 193.17  0 14 35 21360  1 637560 79575 1.5 17 11 6 12 22% 869210 360 12%
c ] 197.16  0 14 35 21362  1 657190 90676 1.5 17 11 6 12 21% 869210 360 12%
c { 197.16  0 14 35 21362  1 657190 90676 1.5 17 11 5 11 22% 869210 360 12%
c B 199.24  0 14 35 21669  1 666078 95600 1.5 16 11 5 10 22% 869210 360 12%
c - 202.47  0 14 36 22335  1 676267 75730 1.5 16 11 5 10 22% 869210 360 12%
c p 202.51  0 14 36 22335  1 676267 75742 1.5 16 11 5 10 22% 869210 360 12%
c u 202.72  0 14 36 22335  1 676267 75554 1.5 16 11 5 10 22% 869210 360 12%
c v 202.82  0 14 36 22335  1 676267 75544 1.5 16 11 5 10 22% 869210 360 12%
c w 202.87  0 14 36 22335  1 676267 75535 1.5 16 11 5 10 22% 869210 360 12%
c x 203.01  0 14 36 22335  1 676267 75535 1.5 16 11 5 10 22% 869199 360 12%
c W 212.68  0 14 36 23664  1 703079 92036 1.5 16 11 5 10 22% 869199 360 12%
c 
c  seconds   reductions    conflicts         size   tier2        variables
c          MB      restarts       redundant     glue    trail        remaining
c           level        rate          size/glue  tier1   irredundant
c 
c - 217.05  0 14 37 24209  1 716132 81504 1.5 16 11 5 10 21% 869199 360 12%
c p 217.09  0 14 37 24209  1 716132 81515 1.5 16 11 5 10 21% 869199 360 12%
c u 217.28  0 14 37 24209  1 716132 81358 1.5 16 11 5 10 21% 869199 360 12%
c v 217.39  0 14 37 24209  1 716132 81352 1.5 16 11 5 10 21% 869199 360 12%
c w 217.44  0 14 37 24209  1 716132 81342 1.5 16 11 5 10 21% 869199 360 12%
c x 217.58  0 14 37 24209  1 716132 81342 1.5 16 11 5 10 21% 869157 360 12%
c t 217.58  0 14 37 24209  1 716132 81342 1.5 16 11 5 10 21% 869156 360 12%
c F 224.02  0 13 37 25192  1 741081 95307 1.5 16 11 5 10 21% 869156 360 12%
c - 229.34  0 13 38 25896  1 757157 86936 1.5 16 11 5 10 21% 869156 360 12%
c p 229.38  0 13 38 25896  1 757157 86948 1.5 16 11 5 10 21% 869156 360 12%
c u 229.69  0 13 38 25896  1 757157 86833 1.5 16 11 5 10 21% 869156 360 12%
c v 229.83  0 13 38 25896  1 757157 86829 1.5 16 11 5 10 21% 869156 360 12%
c w 229.89  0 13 38 25896  1 757157 86815 1.5 16 11 5 10 21% 869156 360 12%
c x 230.08  0 13 38 25896  1 757157 86813 1.5 16 11 5 10 21% 869117 360 12%
c B 237.43  0 13 38 27174  1 780085 100614 1.5 16 11 5 10 21% 869117 360 12%
c } 237.61  0 13 38 27178  1 780575 100873 1.5 16 11 5 10 21% 869117 360 12%
c [ 237.61  0 14 38 27178  1 780575 100873 1.5 17 11 6 12 21% 869117 360 12%
c - 242.30  0 13 39 27178  1 799339 91993 1.5 16 11 6 12 21% 869117 360 12%
c p 242.35  0 13 39 27178  1 799339 92004 1.5 16 11 6 12 21% 869117 360 12%
c u 243.34  0 13 39 27178  1 799339 91941 1.5 16 11 6 12 21% 869117 360 12%
c 
c  seconds   reductions    conflicts         size   tier2        variables
c          MB      restarts       redundant     glue    trail        remaining
c           level        rate          size/glue  tier1   irredundant
c 
c v 243.47  0 13 39 27178  1 799339 91923 1.5 16 11 6 12 21% 869117 360 12%
c w 243.54  0 13 39 27178  1 799339 91910 1.5 16 11 6 12 21% 869117 360 12%
c x 243.73  0 13 39 27178  1 799339 91902 1.5 16 11 6 12 21% 869065 360 12%
c t 243.73  0 13 39 27178  1 799339 91902 1.5 16 11 6 12 21% 869063 360 12%
c s 245.04  0 13 39 27178  1 803942 94768 1.5 16 11 6 12 21% 868011 360 12%
c s 245.30  0 13 39 27178  1 803942 94707 1.5 16 11 6 12 21% 866237 360 12%
c W 251.80  0 13 39 27179  1 820086 103203 1.5 16 11 6 12 21% 866237 360 12%
c - 256.67  0 12 40 27179  1 842681 96845 1.5 16 11 6 12 21% 866237 360 12%
c p 256.72  0 12 40 27179  1 842681 96856 1.5 16 11 6 12 21% 866237 360 12%
c u 256.99  0 12 40 27179  1 842681 96766 1.5 16 11 6 12 21% 866237 360 12%
c v 257.12  0 12 40 27179  1 842681 96754 1.5 16 11 6 12 21% 866237 360 12%
c w 257.18  0 12 40 27179  1 842681 96736 1.5 16 11 6 12 21% 866237 360 12%
c x 257.35  0 12 40 27179  1 842681 96734 1.5 16 11 6 12 21% 866147 360 12%
c t 257.36  0 12 40 27179  1 842681 96734 1.5 16 11 6 12 21% 866145 360 12%
c i 260.95  0 12 40 27179  1 857314 103667 1.5 15 10 5 11 21% 866145 359 12%
c O 261.85  0 12 40 27179  1 861091 105899 1.5 15 10 5 11 20% 866145 359 12%
c i 264.52  0 12 40 27179  1 873717 112160 1.5 15 10 5 11 20% 866145 358 12%
c i 265.94  0 11 40 27179  1 879358 114533 1.5 15 10 5 11 20% 866145 342 12%
c i 265.95  0 11 40 27179  1 879373 114537 1.5 15 10 5 11 20% 866145 338 11%
c i 266.01  0 11 40 27179  1 879503 114574 1.5 15 10 5 11 20% 866145 336 11%
c 
c  seconds   reductions    conflicts          size   tier2        variables
c          MB      restarts       redundant      glue    trail        remaining
c           level        rate           size/glue  tier1   irredundant
c 
c i 266.01  0 11 40 27179  1 879526 114581 1.5 15 10 5 11 20% 866145 332 11%
c i 266.01  0 11 40 27179  1 879527 114581 1.5 15 10 5 11 20% 866145 329 11%
c i 266.01  0 11 40 27179  1 879529 114582 1.5 15 10 5 11 20% 866145 328 11%
c ] 266.01  0 11 40 27179  1 879531 114582 1.5 15 10 5 11 20% 866145 316 11%
c 0 266.01  0 11 40 27179  1 879531 114582 1.5 15 10 5 11 20% 866145 316 11%
c 
c --- [ closing proof ] ------------------------------------------------------
c 
c LRAT proof file '/Users/ivanspogreev/earth-moon/population/f034-a4-cert/split-m13/c11/round-0/F.lrat' closed
c LRAT 1585723 added clauses 34.80%
c LRAT 2971480 deleted clauses 65.20%
c LRAT 272829533 bytes (260.19 MB)
c 
c --- [ result ] -------------------------------------------------------------
c 
s UNSATISFIABLE
c 
c --- [ run-time profiling ] -------------------------------------------------
c 
c process time taken by individual solving procedures
c (percentage relative to process time for solving)
c 
c       242.64   91.69% search
c       133.14   50.31% unstable
c        94.50   35.71% stable
c        21.98    8.31% simplify
c        14.89    5.63% walk
c        11.74    4.44% vivify
c         5.21    1.97% sweep
c         2.35    0.89% elim
c         1.40    0.53% parse
c         0.79    0.30% probe
c         0.75    0.28% subsume
c         0.24    0.09% ternary
c         0.22    0.08% congruence
c         0.10    0.04% lucky
c         0.00    0.00% backbone
c   =================================
c       264.62   99.48% solve
c 
c last line shows process time for solving
c (percentage relative to total process time)
c 
c --- [ statistics ] ---------------------------------------------------------
c 
c chronological:             86937         9.88 %  of conflicts
c conflicts:                879531      3323.80    per second
c backbone:                  71421      2425.16 %  of vars
c decisions:               1062653      4015.83    per second
c eliminated:                 1798        61.05 %  of all variables
c fixed:                       830        28.18 %  of all variables
c learned:                  859542        97.73 %  per conflict
c learned_lits:           20629798       100.00 %  learned literals
c minimized:                     0         0.00 %  learned literals
c shrunken:                4666029        22.62 %  learned literals
c minishrunken:            1498300         7.26 %  learned literals
c otfs:                      11871         1.35 %  of conflict
c propagations:           12367592         0.05 M  per second
c reduced:                  432760        49.20 %  per conflict
c rephased:                     41     21451.98    interval
c restarts:                  27179        32.36    interval
c stabilizing:                   9        52.79 %  of conflicts
c substituted:                   1         0.03 %  of all variables
c subsumed:                 323311        17.88 %  of all clauses
c strengthened:              38846         2.15 %  of all clauses
c ticks:               19264970820      1588.92    propagation
c vivified:                   5987         0.33 %  of all clauses
c walked:                       12     73294.25    interval
c weakened:                   4298         2.53    average size
c congruence:                    8    109941.38    interval
c 
c seconds are measured in process time for solving
c 
c --- [ glue usage ] ---------------------------------------------------------
c 
c focused glue 5 used 116615 clauses 7.975% accumulated 58.18% tier1
c focused glue 6 used 97219 clauses 6.649% accumulated 64.83%
c focused glue 7-8 used 156701 clauses 10.71% accumulated 75.55%
c focused glue 9 used 70791 clauses 4.841% accumulated 80.39%
c focused glue 10 used 64518 clauses 4.412% accumulated 84.80% tier2
c 
c stable glue 5 used 144994 clauses 7.274% accumulated 52.23% tier1
c stable glue 6 used 124754 clauses 6.259% accumulated 58.49%
c stable glue 7-9 used 325925 clauses 16.35% accumulated 74.85%
c stable glue 10 used 100556 clauses 5.045% accumulated 79.89%
c stable glue 11 used 89741 clauses 4.502% accumulated 84.39% tier2
c 
c 
c --- [ resources ] ----------------------------------------------------------
c 
c total process time since initialization:       266.01    seconds
c total real time since initialization:          267.88    seconds
c maximum resident set size of process:          720.48    MB
c 
c --- [ shutting down ] ------------------------------------------------------
c 
c exit 20

[rc=20 267.9s]
$ /Users/ivanspogreev/earth-moon/verifier/../tools/drat-trim/lrat-check /Users/ivanspogreev/earth-moon/population/f034-a4-cert/split-m13/c11/round-0/F.cnf /Users/ivanspogreev/earth-moon/population/f034-a4-cert/split-m13/c11/round-0/F.lrat
c parsed a formula with 2945 variables and 2367317 clauses
c VERIFIED
c allocated 1024 53930436 29450
c Added clauses = 3953040.  Deleted clauses = 2971480.  Max live clauses = 2367317
c verification time = 5.59 secs

[rc=0 5.6s]
