# lean_static_resolve 2026-10-02 19:28:03
# dump=/root/earth-moon/population/f034-a4-cert/cs-a4_m11c/s/n107_p128_n146_n60/dump.jsonl raw=1441114 dedup=1441114 footer={'type': 'footer', 'verdict': 'UNSAT', 'counts': {'preseed': 7504, 'prop': 1433610, 'model': 0}, 'stats': {'checks': 11250654, 'confl': 716805, 'model_rej': 0}, 'time': '2026-10-02T19:01:00+0000'}
# counters=False
# cube=[108]
$ /root/bin/cadical --lrat --no-binary --no-factor /root/earth-moon/population/f034-a4-cert/cs-a4_m11c/r/n107_p128_n146_n60_p108/round-0/F.cnf /root/earth-moon/population/f034-a4-cert/cs-a4_m11c/r/n107_p128_n146_n60_p108/round-0/F.lrat
c --- [ banner ] -------------------------------------------------------------
c 
c CaDiCaL SAT Solver
c Copyright (c) 2016-2026
c A. Biere, M. Fleury, N. Froleyks, K. Fazekas, F. Pollitt, T. Faller
c JKU Linz, University of Freiburg, TU Wien
c 
c Version 3.0.1 c60730422e758ef1cebe7aeddf2dda31c996bf04
c g++ (Ubuntu 13.3.0-6ubuntu2~24.04.1) 13.3.0 -Wall -Wextra -O3 -DNDEBUG
c Fri Oct 2 18:00:09 UTC 2026 Linux ai-math 6.8.0-139-generic x86_64
c 
c --- [ proof tracing ] ------------------------------------------------------
c 
c opening file to write '/root/earth-moon/population/f034-a4-cert/cs-a4_m11c/r/n107_p128_n146_n60_p108/round-0/F.lrat'
c writing non-binary proof trace to '/root/earth-moon/population/f034-a4-cert/cs-a4_m11c/r/n107_p128_n146_n60_p108/round-0/F.lrat'
c 
c --- [ parsing input ] ------------------------------------------------------
c 
c reading DIMACS file from '/root/earth-moon/population/f034-a4-cert/cs-a4_m11c/r/n107_p128_n146_n60_p108/round-0/F.cnf'
c opening file to read '/root/earth-moon/population/f034-a4-cert/cs-a4_m11c/r/n107_p128_n146_n60_p108/round-0/F.cnf'
c found 'p cnf 3100 1449936' header
c parsed 1449936 clauses in 0.93 seconds process time
c 
c --- [ options ] ------------------------------------------------------------
c 
c   --binary=false                 (different from default 'true')
c   --lrat=true                    (different from default 'false')
c 
c --- [ solving ] ------------------------------------------------------------
c 
c time measured in process time since initialization
c 
c  seconds  reduction conflicts       size tier2       variables
c         MB    restarts   redundant    glue  trail         remaining
c          level     rate       size/glu tier1  irredundant
c 
c *  0.93 98  0 0   0  0    0    0 0.0 0 0 2 6  0% 745009 3055 99%
c )  1.10 140  0 0   0  0    0    0 0.0 0 0 2 6  0% 745009 3055 99%
c {  1.12 140  0 0   0  0    0    0 0.0 0 0 2 6  0% 745009 3055 99%
c i  1.29 148 227 0  18 19  164   76 1.4 15 11 2 6 17% 744929 3054 99%
c i  1.29 148 221 0  18 18  168   76 1.4 14 10 2 6 17% 744928 3049 98%
c i  1.34 150 157 0  21 13  253  133 1.5 16 11 2 6 17% 744906 3048 98%
c i  1.34 150 149 0  21 12  270  139 1.5 15 10 2 6 16% 744899 3047 98%
c i  1.34 150 149 0  21 12  271  139 1.5 15 10 2 6 16% 744899 3045 98%
c i  1.34 150 148 0  21 12  273  139 1.5 15 10 2 6 16% 744899 3042 98%
c i  1.34 150 144 0  21 12  281  141 1.5 14 10 2 6 16% 744898 3041 98%
c i  1.34 150 144 0  21 12  282  141 1.5 14 10 2 6 16% 744898 3039 98%
c -  1.40 149 136 1  21 11  302   76 1.5 15 10 2 6 16% 744866 3039 98%
c i  1.41 152 131 1  21 11  316   76 1.5 15 10 2 6 15% 744853 3038 98%
c i  1.43 154 118 1  21 10  363   97 1.5 15 10 2 6 15% 744835 3037 98%
c i  1.43 154 106 1  24  9  414  113 1.4 15 10 2 6 14% 744821 3036 98%
c i  1.44 154 105 1  24  9  419  115 1.4 14 10 2 6 14% 744819 3035 98%
c i  1.44 154 104 1  24  9  427  118 1.4 14 10 2 6 14% 744815 3034 98%
c i  1.63 157 84 1  65 10  637  258 1.4 16 12 2 6 16% 744768 3032 98%
c i  1.63 157 83 1  66 10  639  258 1.4 16 12 2 6 16% 744767 3027 98%
c i  1.88 158 69 1 122  9  911  447 1.4 18 13 2 6 15% 744724 3024 98%
c 
c  seconds   reduction conflicts       size   tier2       variables
c          MB    restarts   redundant     glue   trail         remaining
c           level     rate       size/glue  tier1  irredundant
c 
c }  1.95 159 66 1 145  9 1002  502 1.4 18 14 2 6 15% 744709 3024 98%
c [  1.95 159  0 1 145  0 1002  502 0.0 0 0 2 6  0% 744709 3024 98%
c O  1.95 159  3 1 145  4 1003  503 2.0 2 1 2 6 18% 744709 3024 98%
c i  1.96 159  5 1 145  1 1081  536 1.5 5 4 2 6 20% 744705 3014 97%
c -  2.21 216 17 2 145  2 1115  235 1.6 10 6 2 6 27% 733191 3014 97%
c i  2.49 216 50 2 146  2 2159 1091 1.8 29 17 2 6 44% 733115 3012 97%
c -  2.69 216 48 3 146  2 2670  468 1.7 29 17 2 6 41% 733024 3012 97%
c i  2.70 216 48 3 146  2 2705  474 1.7 29 17 2 6 40% 733002 3009 97%
c i  2.75 216 47 3 146  2 2846  582 1.7 29 17 2 6 39% 732985 3008 97%
c I  2.80 216 46 3 146  2 3006  711 1.6 29 18 2 6 37% 732976 3008 97%
c ]  2.82 216 46 3 146  2 3014  719 1.6 29 17 2 6 37% 732976 3008 97%
c {  2.82 216 66 3 146  9 3014  719 1.4 18 14 2 6 15% 732976 3008 97%
c i  2.94 217 62 3 166  9 3117  792 1.4 19 14 2 6 15% 732957 3004 97%
c 2  3.08 217 56 3 167  7 3449 1030 1.5 20 13 2 6 19% 732901 2991 96%
c d  3.12 217 56 3 167  7 3449 1029 1.5 20 13 2 6 19% 732864 2990 96%
c p  3.13 217 56 3 167  7 3449 1029 1.5 20 13 2 6 19% 732864 2890 93%
c t  3.39 218 56 3 167  7 3449 1020 1.5 20 13 2 6 19% 678156 2881 93%
c -  3.70 214 34 4 173  4 5078 1684 1.5 17 12 3 13 16% 678148 2881 93%
c 2  3.76 214 30 4 184  3 5949 2148 1.4 17 12 3 12 15% 678145 2872 93%
c O  3.79 214 29 4 184  3 6010 2192 1.4 17 12 3 12 15% 678145 2872 93%
c 
c  seconds   reduction conflicts       size   tier2        variables
c          MB    restarts   redundant     glue    trail         remaining
c           level     rate       size/glue  tier1   irredundant
c 
c i  4.00 214 24 4 221  3 7669 2965 1.4 15 11 3 12 15% 678119 2871 93%
c -  4.37 214 24 5 310  3 8341 2819 1.4 16 11 3 12 15% 678090 2871 93%
c i  4.50 214 24 5 353  3 8531 2954 1.4 16 11 3 12 15% 678066 2870 93%
c i  4.51 214 24 5 353  3 8534 2956 1.4 16 11 3 12 15% 678066 2869 93%
c i  4.51 214 24 5 354  3 8535 2956 1.4 16 11 3 12 15% 678066 2863 92%
c i  4.51 214 24 5 354  3 8540 2957 1.4 16 11 3 12 15% 678063 2782 90%
c i  4.52 214 24 5 354  3 8550 2965 1.4 16 11 3 12 15% 678063 2769 89%
c 2  4.52 214 24 5 354  3 8552 2967 1.4 16 11 3 12 15% 678063 2761 89%
c t  4.58 214 24 5 354  3 8552 2966 1.4 16 11 3 12 15% 678057 2761 89%
c i  4.95 214 25 5 382  3 9053 3347 1.4 16 11 3 12 26% 677911 2742 88%
c i  5.10 214 25 5 425  3 9346 3549 1.5 16 11 3 12 23% 677892 2741 88%
c #  5.30 214 25 5 441  3 10013 4129 1.5 17 11 3 12 22% 677885 2741 88%
c -  5.60 214 21 6 474  2 12521 4451 1.5 16 11 3 12 13% 677861 2741 88%
c 2  5.60 214 21 6 474  2 12521 4451 1.5 16 11 3 12 13% 677861 2733 88%
c }  6.50 215 21 6 697  2 14097 5533 1.5 16 11 3 11 13% 677839 2733 88%
c [  6.50 215 46 6 697  2 14097 5533 1.6 29 17 2 6 42% 677839 2733 88%
c i  6.54 215 45 6 697  2 14294 5674 1.6 28 17 2 6 40% 677828 2732 88%
c i  6.55 215 44 6 698  2 14538 5805 1.6 28 17 2 6 39% 677789 2726 88%
c i  6.55 215 44 6 698  2 14539 5805 1.6 28 17 2 6 39% 677789 2717 88%
c i  6.55 215 44 6 698  2 14540 5805 1.6 28 17 2 6 39% 677789 2716 88%
c 
c  seconds   reductions conflicts       size   tier2       variables
c          MB    restarts    redundant     glue   trail         remaining
c           level     rate        size/glue  tier1  irredundant
c 
c i  6.56 215 44 6 698  2 14570 5812 1.6 27 17 2 6 39% 677776 2715 88%
c B  6.68 215 41 6 698  2 15015 6162 1.6 26 16 2 6 36% 677769 2715 88%
c i  6.68 215 41 6 698  2 15016 6162 1.6 26 16 2 6 36% 677769 2586 83%
c s  6.95 215 37 6 698  2 15860 6784 1.7 25 15 2 6 33% 677655 2586 83%
c t  6.97 215 37 6 698  2 15860 6780 1.7 25 15 2 6 33% 677640 2586 83%
c e  7.09 215 37 6 698  2 15860 6155 1.7 25 15 2 6 33% 541870 347 11%
c s  7.12 215 37 6 698  2 15860 6153 1.7 25 15 2 6 33% 541852 347 11%
c -  7.78 205 34 7 699  1 17644 5127 1.6 23 15 2 6 34% 541852 347 11%
c d  7.85 205 34 7 699  1 17644 5121 1.6 23 15 2 6 34% 541846 344 11%
c k  7.86 205 34 7 699  1 17644 5121 1.6 23 15 2 6 34% 541846 342 11%
c W  8.72 166 31 7 702  1 21016 7717 1.6 21 13 2 6 35% 449914 342 11%
c -  9.05 199 29 8 702  1 23401 6148 1.6 21 13 8 15 32% 449914 342 11%
c u  9.18 199 29 8 702  1 23401 6089 1.6 21 13 8 15 32% 449936 342 11%
c v  9.22 199 29 8 702  1 23401 6083 1.6 21 13 8 15 32% 449936 342 11%
c w  9.24 199 29 8 702  1 23401 6079 1.6 21 13 8 15 32% 449936 342 11%
c x  9.31 199 29 8 702  1 23401 6079 1.6 21 13 8 15 32% 449929 342 11%
c ]  9.74 199 28 8 704  1 26952 8682 1.6 20 13 8 15 32% 449929 342 11%
c {  9.74 199 21 8 704  2 26952 8682 1.5 16 11 3 11 106% 449929 342 11%
c B 10.25 199 21 8 884  2 28020 9532 1.5 16 11 3 11 93% 449929 342 11%
c - 10.53 166 20 9 946  2 29722 7112 1.4 16 11 3 11 77% 449929 342 11%
c 
c  seconds   reductions conflicts       size   tier2        variables
c          MB    restarts    redundant     glue    trail        remaining
c           level     rate        size/glue  tier1   irredundant
c 
c t 10.69 166 20 9 946  2 29722 7111 1.4 16 11 3 11 77% 449929 342 11%
c W 12.05 166 18 9 1186  2 36021 10527 1.5 15 10 3 11 52% 449929 342 11%
c - 12.60 199 18 10 1311  2 36848 8268 1.5 15 10 3 11 51% 449929 342 11%
c - 16.12 166 18 11 2245  2 44781 10043 1.5 16 11 4 10 42% 449929 342 11%
c u 16.25 166 18 11 2245  2 44781 10022 1.5 16 11 4 10 42% 449929 342 11%
c v 16.31 166 18 11 2245  2 44781 10007 1.5 16 11 4 10 42% 449929 342 11%
c w 16.33 166 18 11 2245  2 44781 10004 1.5 16 11 4 10 42% 449929 342 11%
c x 16.41 166 18 11 2245  2 44781 10004 1.5 16 11 4 10 42% 449926 342 11%
c F 16.55 166 18 11 2263  2 45024 10193 1.5 16 11 4 10 42% 449926 342 11%
c } 16.85 166 18 11 2282  2 46084 10984 1.5 16 10 4 10 41% 449926 342 11%
c [ 16.85 166 28 11 2282  1 46084 10984 1.6 20 13 8 15 32% 449926 342 11%
c - 17.38 199 22 12 2287  1 53528 10642 1.5 18 12 8 15 26% 449926 342 11%
c O 17.71 199 23 12 2287  1 55027 11888 1.5 18 12 8 15 27% 449926 342 11%
c s 18.12 200 23 12 2288  1 58295 14521 1.5 19 12 8 15 29% 449408 342 11%
c e 18.22 200 23 12 2288  1 58295 14515 1.5 19 12 8 15 29% 449407 341 11%
c s 18.25 200 23 12 2288  1 58295 14511 1.5 19 12 8 15 29% 449167 341 11%
c - 19.02 167 23 13 2288  1 63089 11133 1.5 19 13 8 15 30% 449167 341 11%
c p 19.03 167 23 13 2288  1 63089 11138 1.5 19 13 8 15 30% 449167 341 11%
c B 19.72 167 23 13 2289  1 66027 13397 1.5 19 13 8 15 30% 449167 341 11%
c - 20.52 200 21 14 2295  1 73464 11881 1.5 19 13 7 14 29% 449167 341 11%
c 
c  seconds   reductions   conflicts        size   tier2        variables
c          MB     restarts      redundant     glue    trail        remaining
c           level       rate         size/glue  tier1   irredundant
c 
c p 20.53 200 21 14 2295  1 73464 11886 1.5 19 13 7 14 29% 449167 341 11%
c u 20.63 200 21 14 2295  1 73464 11861 1.5 19 13 7 14 29% 449167 341 11%
c v 20.67 200 21 14 2295  1 73464 11854 1.5 19 13 7 14 29% 449167 341 11%
c w 20.69 200 21 14 2295  1 73464 11853 1.5 19 13 7 14 29% 449167 341 11%
c x 20.75 200 21 14 2295  1 73464 11853 1.5 19 13 7 14 29% 449167 341 11%
c W 21.84 200 21 14 2296  1 78028 15512 1.5 19 13 7 14 29% 449167 341 11%
c ] 22.56 200 22 14 2299  1 82024 18406 1.5 19 13 7 14 30% 449167 341 11%
c { 22.56 200 18 14 2299  2 82024 18406 1.5 16 10 4 10 41% 449167 341 11%
c - 23.35 167 18 15 2441  2 84660 14564 1.5 16 10 4 10 40% 449167 341 11%
c B 25.31 167 18 15 2969  2 91030 19218 1.5 16 10 4 10 37% 449167 341 11%
c - 26.95 200 18 16 3343  2 96680 17119 1.5 16 10 4 10 35% 449167 341 11%
c p 26.97 200 18 16 3343  2 96680 17126 1.5 16 10 4 10 35% 449167 341 11%
c u 27.09 200 18 16 3343  2 96680 17061 1.5 16 10 4 10 35% 449167 341 11%
c v 27.14 200 18 16 3343  2 96680 17055 1.5 16 10 4 10 35% 449167 341 11%
c w 27.17 200 18 16 3343  2 96680 17052 1.5 16 10 4 10 35% 449167 341 11%
c x 27.24 200 18 16 3343  2 96680 17052 1.5 16 10 4 10 35% 449158 341 11%
c W 30.58 200 18 16 3927  2 105031 23300 1.6 16 10 4 10 34% 449158 341 11%
c - 31.54 167 18 17 4089  2 109524 20259 1.6 16 10 4 10 33% 449158 341 11%
c p 31.55 167 18 17 4089  2 109524 20260 1.6 16 10 4 10 33% 449158 341 11%
c } 34.41 167 18 17 4923  2 117722 26411 1.6 17 10 4 10 32% 449158 341 11%
c 
c  seconds   reductions   conflicts         size   tier2        variables
c          MB     restarts       redundant     glue    trail        remaining
c           level       rate          size/glue  tier1   irredundant
c 
c [ 34.41 167 22 17 4923  1 117722 26411 1.5 19 13 7 14 30% 449158 341 11%
c I 34.53 167 21 17 4925  1 120032 27585 1.5 19 13 7 14 29% 449158 341 11%
c s 34.67 167 21 17 4925  1 120475 27928 1.5 19 13 7 14 29% 448773 341 11%
c s 34.81 167 21 17 4925  1 120475 27914 1.5 19 13 7 14 29% 448603 341 11%
c - 35.42 201 22 18 4926  1 123195 21946 1.5 19 13 7 14 29% 448603 341 11%
c p 35.44 201 22 18 4926  1 123195 21952 1.5 19 13 7 14 29% 448603 341 11%
c u 35.94 201 22 18 4926  1 123195 21893 1.5 19 13 7 14 29% 448603 341 11%
c v 36.00 201 22 18 4926  1 123195 21881 1.5 19 13 7 14 29% 448603 341 11%
c w 36.03 201 22 18 4926  1 123195 21880 1.5 19 13 7 14 29% 448603 341 11%
c x 36.13 201 22 18 4926  1 123195 21880 1.5 19 13 7 14 29% 448599 341 11%
c B 37.27 201 22 18 4928  1 136033 31459 1.5 19 13 7 14 29% 448599 341 11%
c - 37.59 167 22 19 4928  1 137689 20788 1.5 19 13 7 14 29% 448599 341 11%
c p 37.60 167 22 19 4928  1 137689 20789 1.5 19 13 7 14 29% 448599 341 11%
c - 39.00 201 21 20 4930  1 153011 21085 1.5 19 13 7 14 28% 448599 341 11%
c p 39.01 201 21 20 4930  1 153011 21091 1.5 19 13 7 14 28% 448599 341 11%
c W 39.36 201 21 20 4930  1 153034 21111 1.5 19 13 7 14 28% 448599 341 11%
c - 41.33 167 21 21 4940  1 169164 22778 1.5 19 13 7 14 27% 448599 341 11%
c p 41.35 167 21 21 4940  1 169164 22779 1.5 19 13 7 14 27% 448599 341 11%
c u 41.48 167 21 21 4940  1 169164 22725 1.5 19 13 7 14 27% 448599 341 11%
c v 41.53 167 21 21 4940  1 169164 22710 1.5 19 13 7 14 27% 448599 341 11%
c 
c  seconds   reductions   conflicts         size   tier2        variables
c          MB     restarts       redundant     glue    trail        remaining
c           level       rate          size/glue  tier1   irredundant
c 
c w 41.56 167 21 21 4940  1 169164 22707 1.5 19 13 7 14 27% 448599 341 11%
c x 41.64 167 21 21 4940  1 169164 22707 1.5 19 13 7 14 27% 448595 341 11%
c O 41.90 167 21 21 4941  1 171036 23934 1.5 19 13 7 14 27% 448595 341 11%
c ] 45.06 167 21 21 4943  1 181312 32303 1.5 20 13 7 14 29% 448595 341 11%
c { 45.06 167 18 21 4943  2 181312 32303 1.6 17 10 4 10 32% 448595 341 11%
c - 47.90 201 18 22 5314  2 186148 24815 1.6 17 10 4 10 32% 448595 341 11%
c p 47.95 201 18 22 5314  2 186148 24822 1.6 17 10 4 10 32% 448595 341 11%
c # 49.33 201 18 22 5684  2 190038 27325 1.6 17 11 4 10 32% 448595 341 11%
c s 52.83 201 17 22 6336  2 203367 36328 1.6 16 10 4 10 30% 448516 341 11%
c s 52.97 201 17 22 6336  2 203367 36297 1.6 16 10 4 10 30% 448224 341 11%
c - 53.38 167 17 23 6385  2 203965 28259 1.6 17 10 4 10 30% 448224 341 11%
c p 53.40 167 17 23 6385  2 203965 28265 1.6 17 10 4 10 30% 448224 341 11%
c u 53.62 167 17 23 6385  2 203965 28167 1.6 17 10 4 10 30% 448224 341 11%
c v 53.70 167 17 23 6385  2 203965 28158 1.6 17 10 4 10 30% 448224 341 11%
c w 53.73 167 17 23 6385  2 203965 28156 1.6 17 10 4 10 30% 448224 341 11%
c x 53.85 167 17 23 6385  2 203965 28155 1.6 17 10 4 10 30% 448220 341 11%
c B 55.80 167 17 23 7017  2 210042 31962 1.6 17 10 4 10 30% 448220 341 11%
c - 59.57 202 17 24 7993  2 222610 31381 1.6 16 10 4 10 29% 448220 341 11%
c p 59.60 202 17 24 7993  2 222610 31392 1.6 16 10 4 10 29% 448220 341 11%
c u 60.23 202 17 24 7993  2 222610 31355 1.6 16 10 4 10 29% 448220 341 11%
c 
c  seconds   reductions   conflicts         size   tier2        variables
c          MB     restarts       redundant     glue    trail        remaining
c           level       rate          size/glue  tier1   irredundant
c 
c v 60.27 202 17 24 7993  2 222610 31344 1.6 16 10 4 10 29% 448220 341 11%
c w 60.29 202 17 24 7993  2 222610 31343 1.6 16 10 4 10 29% 448220 341 11%
c x 60.38 202 17 24 7993  2 222610 31342 1.6 16 10 4 10 29% 448219 341 11%
c W 63.43 202 17 24 8531  2 231043 36975 1.6 16 10 4 10 28% 448219 341 11%
c } 66.00 202 16 24 9260  2 239640 42836 1.6 16 10 4 10 28% 448219 341 11%
c [ 66.00 202 21 24 9260  1 239640 42836 1.5 20 13 7 14 29% 448219 341 11%
c - 66.26 167 21 25 9260  1 242090 33987 1.5 20 13 7 14 28% 448219 341 11%
c p 66.29 167 21 25 9260  1 242090 33998 1.5 20 13 7 14 28% 448219 341 11%
c u 66.41 167 21 25 9260  1 242090 33980 1.5 20 13 7 14 28% 448219 341 11%
c v 66.44 167 21 25 9260  1 242090 33971 1.5 20 13 7 14 28% 448219 341 11%
c w 66.46 167 21 25 9260  1 242090 33970 1.5 20 13 7 14 28% 448219 341 11%
c x 66.52 167 21 25 9260  1 242090 33970 1.5 20 13 7 14 28% 448212 341 11%
c B 68.30 167 21 25 9267  1 253047 41799 1.5 20 13 7 14 29% 448212 341 11%
c - 69.43 202 21 26 9273  1 262406 33504 1.5 20 13 7 14 29% 448212 341 11%
c p 69.46 202 21 26 9273  1 262406 33515 1.5 20 13 7 14 29% 448212 341 11%
c u 69.56 202 21 26 9273  1 262406 33471 1.5 20 13 7 14 29% 448212 341 11%
c v 69.60 202 21 26 9273  1 262406 33469 1.5 20 13 7 14 29% 448212 341 11%
c w 69.62 202 21 26 9273  1 262406 33469 1.5 20 13 7 14 29% 448212 341 11%
c x 69.66 202 21 26 9273  1 262406 33469 1.5 20 13 7 14 29% 448201 341 11%
c W 71.45 202 21 26 9275  1 276048 43201 1.5 21 14 7 14 29% 448201 341 11%
c 
c  seconds   reductions   conflicts         size   tier2        variables
c          MB     restarts       redundant     glue    trail        remaining
c           level       rate          size/glue  tier1   irredundant
c 
c - 72.08 167 21 27 9276  1 283555 29805 1.5 20 14 7 14 28% 448201 341 11%
c p 72.10 167 21 27 9276  1 283555 29816 1.5 20 14 7 14 28% 448201 341 11%
c I 75.30 167 21 27 9277  1 300049 42579 1.5 21 14 7 14 30% 448201 341 11%
c - 76.30 202 21 28 9277  1 305539 33353 1.6 21 14 7 14 30% 448201 341 11%
c p 76.33 202 21 28 9277  1 305539 33363 1.6 21 14 7 14 30% 448201 341 11%
c u 76.48 202 21 28 9277  1 305539 33249 1.6 21 14 7 14 30% 448201 341 11%
c v 76.56 202 21 28 9277  1 305539 33241 1.6 21 14 7 14 30% 448201 341 11%
c w 76.60 202 21 28 9277  1 305539 33240 1.6 21 14 7 14 30% 448201 341 11%
c x 76.71 202 21 28 9277  1 305539 33239 1.6 21 14 7 14 30% 448178 341 11%
c s 77.08 202 21 28 9277  1 306972 34359 1.6 21 14 7 14 30% 447599 341 11%
c s 77.23 202 21 28 9277  1 306972 34349 1.6 21 14 7 14 30% 447297 341 11%
c ] 78.99 202 20 28 9277  1 319962 43516 1.6 21 13 7 14 30% 447297 341 11%
c { 78.99 202 16 28 9277  2 319962 43516 1.6 16 10 4 10 28% 447297 341 11%
c F 80.25 202 16 28 9583  2 325051 46587 1.6 16 10 4 10 27% 447297 341 11%
c - 81.79 167 16 29 9870  2 328365 37044 1.6 16 10 4 10 27% 447297 341 11%
c p 81.82 167 16 29 9870  2 328365 37055 1.6 16 10 4 10 27% 447297 341 11%
c u 81.92 167 16 29 9870  2 328365 37019 1.6 16 10 4 10 27% 447297 341 11%
c v 81.97 167 16 29 9870  2 328365 37018 1.6 16 10 4 10 27% 447297 341 11%
c w 81.99 167 16 29 9870  2 328365 37018 1.6 16 10 4 10 27% 447297 341 11%
c x 82.06 167 16 29 9870  2 328365 37018 1.6 16 10 4 10 27% 447290 341 11%
c 
c  seconds   reductions    conflicts         size   tier2        variables
c          MB      restarts       redundant     glue    trail        remaining
c           level        rate          size/glue  tier1   irredundant
c 
c B 87.62 167 16 29 11605  2 351056 51651 1.6 17 10 4 10 27% 447290 341 11%
c - 88.11 203 16 30 11666  2 352011 40261 1.6 16 10 4 10 27% 447290 341 11%
c p 88.15 203 16 30 11666  2 352011 40272 1.6 16 10 4 10 27% 447290 341 11%
c u 88.31 203 16 30 11666  2 352011 40218 1.6 16 10 4 10 27% 447290 341 11%
c v 88.36 203 16 30 11666  2 352011 40215 1.6 16 10 4 10 27% 447290 341 11%
c w 88.39 203 16 30 11666  2 352011 40207 1.6 16 10 4 10 27% 447290 341 11%
c x 88.46 203 16 30 11666  2 352011 40207 1.6 16 10 4 10 27% 447288 341 11%
c - 93.99 167 16 31 12983  2 376493 45799 1.6 17 10 4 10 27% 447288 341 11%
c p 94.01 167 16 31 12983  2 376493 45810 1.6 17 10 4 10 27% 447288 341 11%
c u 94.97 167 16 31 12983  2 376493 45749 1.6 17 10 4 10 27% 447288 341 11%
c v 95.07 167 16 31 12983  2 376493 45747 1.6 17 10 4 10 27% 447288 341 11%
c w 95.11 167 16 31 12983  2 376493 45746 1.6 17 10 4 10 27% 447288 341 11%
c x 95.19 167 16 31 12983  2 376493 45745 1.6 17 10 4 10 27% 447285 341 11%
c W 96.89 167 16 31 13140  2 378057 46793 1.6 17 10 4 10 27% 447285 341 11%
c - 103.25 203 15 32 14966  1 401811 45635 1.6 17 10 4 9 26% 447285 341 11%
c p 103.29 203 15 32 14966  1 401811 45645 1.6 17 10 4 9 26% 447285 341 11%
c u 103.44 203 15 32 14966  1 401811 45583 1.6 17 10 4 9 26% 447285 341 11%
c v 103.50 203 15 32 14966  1 401811 45578 1.6 17 10 4 9 26% 447285 341 11%
c w 103.53 203 15 32 14966  1 401811 45577 1.6 17 10 4 9 26% 447285 341 11%
c x 103.61 203 15 32 14966  1 401811 45576 1.6 17 10 4 9 26% 447277 341 11%
c 
c  seconds    reductions    conflicts         size   tier2       variables
c           MB      restarts       redundant     glue   trail        remaining
c            level        rate          size/glue  tier1  irredundant
c 
c # 104.34 203 15 32 15368  1 406059 48014 1.6 16 10 4 9 26% 447277 341 11%
c } 106.04 203 15 32 15843  1 413990 52891 1.6 16 10 4 9 26% 447277 341 11%
c [ 106.04 203 20 32 15843  1 413990 52891 1.6 21 13 7 14 30% 447277 341 11%
c - 108.21 167 19 33 15849  1 427969 46052 1.6 20 13 7 14 29% 447277 341 11%
c p 108.24 167 19 33 15849  1 427969 46063 1.6 20 13 7 14 29% 447277 341 11%
c u 108.36 167 19 33 15849  1 427969 45977 1.6 20 13 7 14 29% 447277 341 11%
c v 108.41 167 19 33 15849  1 427969 45974 1.6 20 13 7 14 29% 447277 341 11%
c w 108.43 167 19 33 15849  1 427969 45973 1.6 20 13 7 14 29% 447277 341 11%
c x 108.49 167 19 33 15849  1 427969 45970 1.6 20 13 7 14 29% 447276 341 11%
c s 109.01 168 19 33 15850  1 431259 47791 1.6 20 13 7 14 29% 447045 341 11%
c s 109.17 168 19 33 15850  1 431259 47757 1.6 20 13 7 14 29% 446460 341 11%
c B 109.72 168 19 33 15853  1 435060 50283 1.6 20 13 7 14 29% 446460 341 11%
c - 112.39 203 17 34 15860  1 454962 48009 1.5 19 12 7 14 27% 446460 341 11%
c p 112.42 203 17 34 15860  1 454962 48020 1.5 19 12 7 14 27% 446460 341 11%
c W 114.28 203 17 34 15865  1 465062 53896 1.5 18 12 6 13 27% 446460 341 11%
c - 116.42 168 16 35 15873  1 482780 49596 1.5 18 11 6 13 26% 446460 341 11%
c p 116.45 168 16 35 15873  1 482780 49607 1.5 18 11 6 13 26% 446460 341 11%
c u 116.63 168 16 35 15873  1 482780 49451 1.5 18 11 6 13 26% 446460 341 11%
c v 116.71 168 16 35 15873  1 482780 49437 1.5 18 11 6 13 26% 446460 341 11%
c w 116.75 168 16 35 15873  1 482780 49437 1.5 18 11 6 13 26% 446460 341 11%
c 
c  seconds    reductions    conflicts         size   tier2        variables
c           MB      restarts       redundant     glue    trail        remaining
c            level        rate          size/glue  tier1   irredundant
c 
c x 116.86 168 16 35 15873  1 482780 49437 1.5 18 11 6 13 26% 446447 341 11%
c O 118.46 168 15 35 15874  1 496063 56536 1.5 17 11 6 13 25% 446447 341 11%
c - 120.60 203 15 36 15880  1 511436 51653 1.5 17 11 6 13 25% 446447 341 11%
c p 120.64 203 15 36 15880  1 511436 51664 1.5 17 11 6 13 25% 446447 341 11%
c B 122.59 203 14 36 15888  1 528065 60306 1.5 16 11 6 13 24% 446447 341 11%
c i 123.17 203 14 36 15889  1 533983 62565 1.5 16 11 5 12 24% 446447 340 11%
c i 124.06 203 13 36 15892  1 540444 65489 1.5 16 10 5 12 24% 446447 339 11%
c - 124.27 168 13 37 15892  1 540932 32273 1.5 16 10 5 12 24% 379905 339 11%
c 2 124.27 168 13 37 15892  1 540932 32272 1.5 16 10 5 12 24% 379875 339 11%
c d 124.29 168 13 37 15892  1 540932 32250 1.5 16 10 5 12 24% 379872 337 11%
c p 124.32 168 13 37 15892  1 540932 32276 1.5 16 10 5 12 24% 379872 337 11%
c 2 124.32 168 13 37 15892  1 540932 32273 1.5 16 10 5 12 24% 379872 337 11%
c u 124.50 168 13 37 15892  1 540932 32173 1.5 16 10 5 12 24% 379872 337 11%
c v 124.58 168 13 37 15892  1 540932 32161 1.5 16 10 5 12 24% 379872 337 11%
c w 124.63 168 13 37 15892  1 540932 32158 1.5 16 10 5 12 24% 379872 337 11%
c x 124.73 168 13 37 15892  1 540932 32154 1.5 16 10 5 12 24% 379718 337 11%
c t 124.73 168 13 37 15892  1 540932 32154 1.5 16 10 5 12 24% 379715 337 11%
c i 124.96 168 13 37 15894  1 542762 32859 1.5 16 10 5 12 24% 379715 330 11%
c i 125.17 168 13 37 15895  1 544842 33745 1.5 15 10 5 12 23% 379715 329 11%
c i 125.34 168 13 37 15896  1 546741 34322 1.5 15 10 5 12 23% 379715 323 10%
c 
c  seconds    reductions    conflicts         size   tier2        variables
c           MB      restarts       redundant     glue    trail        remaining
c            level        rate          size/glue  tier1   irredundant
c 
c i 125.35 168 13 37 15896  1 546799 34337 1.5 15 10 5 12 23% 379715 315 10%
c i 125.35 168 13 37 15896  1 546833 34351 1.5 15 10 5 12 23% 379715 312 10%
c ] 125.36 168 13 37 15896  1 546874 34360 1.5 15 10 5 12 23% 379715 289  9%
c 0 125.36 168 13 37 15896  1 546874 34360 1.5 15 10 5 12 23% 379715 289  9%
c 
c --- [ closing proof ] ------------------------------------------------------
c 
c LRAT proof file '/root/earth-moon/population/f034-a4-cert/cs-a4_m11c/r/n107_p128_n146_n60_p108/round-0/F.lrat' closed
c LRAT 1379696 added clauses 36.36%
c LRAT 2414849 deleted clauses 63.64%
c LRAT 209362179 bytes (199.66 MB)
c 
c --- [ result ] -------------------------------------------------------------
c 
s UNSATISFIABLE
c 
c --- [ run-time profiling ] -------------------------------------------------
c 
c process time taken by individual solving procedures
c (percentage relative to process time for solving)
c 
c       113.88   91.52% search
c        63.40   50.96% unstable
c        45.46   36.54% stable
c        10.55    8.48% simplify
c         5.38    4.33% vivify
c         4.83    3.88% walk
c         2.28    1.83% sweep
c         1.01    0.81% elim
c         0.93    0.75% parse
c         0.52    0.42% subsume
c         0.44    0.35% probe
c         0.25    0.20% congruence
c         0.18    0.15% lucky
c         0.13    0.10% ternary
c         0.00    0.00% backbone
c   =================================
c       124.43   99.26% solve
c 
c last line shows process time for solving
c (percentage relative to total process time)
c 
c --- [ statistics ] ---------------------------------------------------------
c 
c chronological:             52777         9.65 %  of conflicts
c conflicts:                546874      4395.18    per second
c backbone:                  75023      2420.10 %  of vars
c decisions:                691867      5560.47    per second
c eliminated:                 2143        69.13 %  of all variables
c fixed:                       662        21.35 %  of all variables
c learned:                  535141        97.85 %  per conflict
c learned_lits:           12857809       100.00 %  learned literals
c minimized:                     0         0.00 %  learned literals
c shrunken:                2486383        19.34 %  learned literals
c minishrunken:            1148448         8.93 %  learned literals
c otfs:                       6650         1.22 %  of conflict
c propagations:            8309912         0.07 M  per second
c reduced:                  293237        53.62 %  per conflict
c rephased:                     32     17089.81    interval
c restarts:                  15896        34.40    interval
c stabilizing:                   6        59.57 %  of conflicts
c substituted:                   6         0.19 %  of all variables
c subsumed:                 185876        14.44 %  of all clauses
c strengthened:              19938         1.55 %  of all clauses
c ticks:                5299834889       649.00    propagation
c vivified:                   3703         0.29 %  of all clauses
c walked:                        9     60763.78    interval
c weakened:                   5005         2.50    average size
c congruence:                    7     78124.86    interval
c 
c seconds are measured in process time for solving
c 
c --- [ glue usage ] ---------------------------------------------------------
c 
c focused glue 4 used 59733 clauses 7.993% accumulated 56.99% tier1
c focused glue 5 used 47998 clauses 6.423% accumulated 63.41%
c focused glue 6-7 used 72840 clauses 9.747% accumulated 73.16%
c focused glue 8 used 36217 clauses 4.846% accumulated 78.00%
c focused glue 9 used 34039 clauses 4.555% accumulated 82.56% tier2
c 
c stable glue 5 used 80746 clauses 6.336% accumulated 52.88% tier1
c stable glue 6 used 70672 clauses 5.546% accumulated 58.42%
c stable glue 7-10 used 264577 clauses 20.76% accumulated 79.19%
c stable glue 11 used 51341 clauses 4.029% accumulated 83.21%
c stable glue 12 used 44478 clauses 3.490% accumulated 86.71% tier2
c 
c 
c --- [ resources ] ----------------------------------------------------------
c 
c total process time since initialization:       125.36    seconds
c total real time since initialization:          125.37    seconds
c maximum resident set size of process:          270.46    MB
c 
c --- [ shutting down ] ------------------------------------------------------
c 
c exit 20

[rc=20 125.4s]
$ /root/earth-moon/verifier/../tools/drat-trim/lrat-check /root/earth-moon/population/f034-a4-cert/cs-a4_m11c/r/n107_p128_n146_n60_p108/round-0/F.cnf /root/earth-moon/population/f034-a4-cert/cs-a4_m11c/r/n107_p128_n146_n60_p108/round-0/F.lrat
c parsed a formula with 3100 variables and 1449936 clauses
c VERIFIED
c allocated 1024 33031354 156937
c Added clauses = 2829632.  Deleted clauses = 2414849.  Max live clauses = 1449936
c verification time = 4.12 secs

[rc=0 4.1s]
