⚠ [7/12] Replayed Biplanar.Basic
warning: Biplanar/Basic.lean:204:12: unused variable `G`

Note: This linter can be disabled with `set_option linter.unusedVariables false`
ℹ [12/12] Built Biplanar.Instances.A4M01 (29s)
info: Biplanar/Instances/A4M01.lean:33:0: 'Biplanar.A4M01.not_biplanar' depends on axioms: [propext,
 Classical.choice,
 Quot.sound,
 F_unsat._native.native_decide.ax_1_1,
 not_biplanar._native.native_decide.ax_1_1,
 not_biplanar._native.native_decide.ax_1_2,
 not_biplanar._native.native_decide.ax_1_3]
Build completed successfully (12 jobs).
       29.58 real        22.48 user         1.79 sys
          2968715264  maximum resident set size
                   0  average shared memory size
                   0  average unshared data size
                   0  average unshared stack size
              258314  page reclaims
               56645  page faults
                   0  swaps
                   0  block input operations
                   0  block output operations
                   0  messages sent
                   0  messages received
                   0  signals received
                9694  voluntary context switches
               67666  involuntary context switches
           549520846  instructions retired
           262758564  cycles elapsed
           152652352  peak memory footprint
