c --- [ banner ] -------------------------------------------------------------
c 
c CaDiCaL SAT Solver
c Copyright (c) 2016-2026
c A. Biere, M. Fleury, N. Froleyks, K. Fazekas, F. Pollitt, T. Faller
c JKU Linz, University of Freiburg, TU Wien
c 
c Version 3.0.1
c Apple clang version 16.0.0 (clang-1600.0.26.6) -Wall -Wextra -O3 -DNDEBUG -std=c++11 -DNCLOSEFROM
c Sun Jul 19 15:40:55 UTC 2026 Darwin Sonoma-arm64.local 23.6.0 arm64
c 
c --- [ proof tracing ] ------------------------------------------------------
c 
c opening file to write 'data/a4_m01/F.lrat'
c writing non-binary proof trace to 'data/a4_m01/F.lrat'
c 
c --- [ parsing input ] ------------------------------------------------------
c 
c reading DIMACS file from 'data/a4_m01/F.cnf'
c opening file to read 'data/a4_m01/F.cnf'
c found 'p cnf 3120 97073' header
c parsed 97073 clauses in 0.05 seconds process time
c 
c --- [ options ] ------------------------------------------------------------
c 
c   --binary=false                 (different from default 'true')
c   --lrat=true                    (different from default 'false')
c 
c --- [ solving ] ------------------------------------------------------------
c 
c time measured in process time since initialization
c 
c  seconds  reduction conflicts       size tier2      variables
c         MB    restarts   redundant    glue  trail        remaining
c          level     rate       size/glu tier1  irredundant
c 
c *  0.05  0  0 0   0  0    0    0 0.0 0 0 2 6  0% 97015 3081 99%
c )  0.06  0  0 0   0  0    0    0 0.0 0 0 2 6  0% 97015 3081 99%
c {  0.06  0  0 0   0  0    0    0 0.0 0 0 2 6  0% 97015 3081 99%
c i  0.07  0 2020 0   0 42  105   70 1.8 21 12 2 6 71% 96987 3080 99%
c i  0.07  0 2018 0   0 40  109   72 1.8 20 11 2 6 71% 96987 3078 99%
c -  0.08  0 1974 1   0 15  301  115 2.1 23 11 2 6 70% 96976 3078 99%
c -  0.11  0 835 2  18  8  735  160 1.6 18 11 2 6 35% 96895 3078 99%
c }  0.11  0 610 2  18  6 1002  264 1.5 16 11 2 6 28% 96884 3078 99%
c [  0.11  0  0 2  18  0 1002  264 0.0 0 0 2 6  0% 96884 3078 99%
c O  0.11  0  4 2  18  5 1003  265 1.5 3 2 2 6 18% 96884 3078 99%
c i  0.12  0  7 2  18  2 1214  343 1.4 8 6 2 6 16% 96867 3063 98%
c -  0.14  0 24 3  18  2 1416  201 1.9 16 9 2 6 22% 96759 3063 98%
c -  0.17  0 30 4  19  1 2356  395 1.9 27 14 2 6 21% 96707 3063 98%
c 2  0.18  0 30 4  19  1 2487  512 1.9 28 14 2 6 21% 96706 3047 98%
c d  0.18  0 30 4  19  1 2487  512 1.9 28 14 2 6 21% 96672 3046 98%
c p  0.18  0 30 4  19  1 2487  532 1.9 28 14 2 6 21% 96672 3046 98%
c t  0.20  0 30 4  19  1 2487  530 1.9 28 14 2 6 21% 96662 3031 97%
c ]  0.21  0 31 4  19  1 2662  677 1.9 28 15 2 6 21% 96655 3031 97%
c {  0.21  0 610 4  19  6 2662  677 1.5 16 11 2 6 28% 96655 3031 97%
c O  0.23  0 466 4  91  6 3004  916 1.5 17 12 2 6 24% 96598 3031 97%
c 
c  seconds   reduction conflicts       size   tier2      variables
c         MB     restarts   redundant     glue   trail        remaining
c           level     rate       size/glue  tier1  irredundant
c 
c i  0.24  0 445 4 102  6 3072  950 1.5 17 11 2 6 24% 96572 3022 97%
c i  0.24  0 442 4 102  6 3079  950 1.5 17 11 2 6 24% 96567 2990 96%
c i  0.25  0 409 4 125  6 3200 1051 1.5 18 12 2 6 23% 96553 2989 96%
c i  0.26  0 386 4 148  6 3298 1121 1.5 18 12 2 6 23% 96536 2986 96%
c i  0.26  0 384 4 148  6 3306 1122 1.5 18 12 2 6 23% 96532 2962 95%
c i  0.26  0 383 4 148  6 3308 1123 1.5 18 12 2 6 23% 96532 2957 95%
c i  0.26  0 383 4 148  6 3309 1123 1.5 18 12 2 6 23% 96532 2944 94%
c i  0.27  0 365 4 156  6 3393 1181 1.5 18 12 2 6 22% 96530 2943 94%
c i  0.27  0 365 4 157  6 3394 1181 1.5 18 12 2 6 22% 96530 2936 94%
c i  0.27  0 364 4 157  6 3398 1181 1.5 18 12 2 6 22% 96529 2933 94%
c i  0.27  0 354 4 165  6 3453 1223 1.5 18 12 2 6 22% 96526 2931 94%
c i  0.27  0 353 4 167  6 3459 1227 1.5 18 12 2 6 22% 96525 2928 94%
c -  0.29  0 333 5 196  6 3569  506 1.5 18 12 2 6 22% 96394 2928 94%
c 2  0.34  0 191 5 205  4 4988 1286 1.5 15 10 2 6 18% 96391 2880 92%
c -  0.35  0 187 6 205  4 5064 1220 1.5 15 10 5 11 18% 96314 2880 92%
c }  0.40  0 154 6 322  3 5848 1724 1.5 16 10 5 11 18% 96300 2880 92%
c [  0.40  0 31 6 322  1 5848 1724 1.9 28 15 2 6 21% 96300 2880 92%
c I  0.41  0 30 6 322  1 6006 1803 1.8 27 15 2 6 20% 96300 2880 92%
c -  0.44  0 26 7 323  1 6844 1796 1.8 26 14 9 19 20% 96300 2880 92%
c 2  0.47  0 25 7 323  1 7593 2439 1.8 26 14 7 17 20% 96300 2827 91%
c 
c  seconds  reduction conflicts       size   tier2       variables
c         MB    restarts   redundant     glue    trail        remaining
c          level     rate       size/glue  tier1   irredundant
c 
c t  0.49  0 25 7 323  1 7593 2438 1.8 26 14 7 17 20% 96252 2827 91%
c -  0.55  0 24 8 324  1 8914 2053 1.7 26 15 7 17 19% 96251 2827 91%
c s  0.59  0 23 8 325  1 9955 2724 1.7 26 15 7 17 19% 96226 2827 91%
c t  0.60  0 23 8 325  1 9955 2724 1.7 26 15 7 17 19% 96213 2827 91%
c e  0.61  0 23 8 325  1 9955 2571 1.7 26 15 7 17 19% 91473 350 11%
c s  0.61  0 23 8 325  1 9955 2571 1.7 26 15 7 17 19% 91469 350 11%
c B  0.63  0 23 8 325  1 10007 2600 1.7 26 15 7 17 29% 91469 350 11%
c t  0.64  0 23 8 325  1 10291 2732 1.7 25 15 7 17 19% 91466 350 11%
c -  0.68  0 21 9 326  1 11275 2188 1.7 25 14 7 17 26% 91466 350 11%
c ]  0.68  0 21 9 326  1 11295 2202 1.7 25 14 7 17 26% 91466 350 11%
c {  0.68  0 154 9 326  3 11295 2202 1.5 16 10 5 11 158% 91466 350 11%
c u  0.76  0 113 9 512  3 13075 3497 1.6 17 11 5 11 118% 91466 350 11%
c v  0.77  0 113 9 512  3 13075 3495 1.6 17 11 5 11 118% 91466 350 11%
c w  0.77  0 113 9 512  3 13075 3492 1.6 17 11 5 11 118% 91466 350 11%
c x  0.77  0 113 9 512  3 13075 3492 1.6 17 11 5 11 118% 91466 350 11%
c -  0.83  0 101 10 704  3 13930 2912 1.5 18 12 5 12 106% 91466 350 11%
c #  0.88  0 90 10 931  3 15008 3707 1.5 18 12 5 12 95% 91466 350 11%
c -  0.96  0 74 11 931  3 16881 3600 1.5 18 11 5 12 80% 91480 350 11%
c -  1.05  0 57 12 931  2 20129 4693 1.6 17 10 5 12 65% 91480 350 11%
c B  1.09  0 54 12 1004  2 21009 5216 1.6 17 11 5 12 63% 91480 350 11%
c 
c  seconds  reductions   conflicts       size   tier2       variables
c         MB     restarts     redundant     glue    trail       remaining
c          level       rate        size/glue  tier1   irredundant
c 
c }  1.13  0 51 12 1224  2 21945 5862 1.6 17 11 5 11 60% 91480 350 11%
c [  1.13  0 21 12 1224  1 21945 5862 1.7 25 14 7 17 26% 91480 350 11%
c -  1.18  0 20 13 1225  1 23678 4885 1.7 24 14 7 17 28% 91480 350 11%
c -  1.31  0 19 14 1226  1 27524 4678 1.7 23 14 7 17 28% 91480 350 11%
c W  1.38  0 19 14 1226  1 28010 5043 1.7 23 14 7 17 28% 91480 350 11%
c u  1.42  0 19 14 1226  1 28108 5088 1.7 23 14 7 17 28% 91480 350 11%
c v  1.42  0 19 14 1226  1 28108 5087 1.7 23 14 7 17 28% 91480 350 11%
c w  1.42  0 19 14 1226  1 28108 5086 1.7 23 14 7 17 28% 91480 350 11%
c x  1.43  0 19 14 1226  1 28108 5086 1.7 23 14 7 17 28% 91479 350 11%
c -  1.55  0 19 15 1229  1 31671 4982 1.7 24 14 7 17 29% 91479 350 11%
c ]  1.65  0 19 15 1231  1 34957 7391 1.7 24 14 7 17 29% 91479 350 11%
c {  1.65  0 51 15 1231  2 34957 7391 1.6 17 11 5 11 60% 91479 350 11%
c W  1.72  0 49 15 1482  2 36011 8111 1.6 18 11 5 11 58% 91479 350 11%
c -  1.73  0 49 16 1482  2 36121 5344 1.6 18 11 5 11 58% 91479 350 11%
c -  2.00  0 42 17 2411  2 40872 5917 1.5 19 12 5 12 50% 91479 350 11%
c p  2.00  0 42 17 2411  2 40872 5923 1.5 19 12 5 12 50% 91479 350 11%
c u  2.01  0 42 17 2411  2 40872 5908 1.5 19 12 5 12 50% 91479 350 11%
c v  2.01  0 42 17 2411  2 40872 5906 1.5 19 12 5 12 50% 91479 350 11%
c w  2.01  0 42 17 2411  2 40872 5892 1.5 19 12 5 12 50% 91479 350 11%
c x  2.02  0 42 17 2411  2 40872 5892 1.5 19 12 5 12 50% 91478 350 11%
c 
c  seconds  reductions   conflicts       size   tier2       variables
c         MB     restarts     redundant     glue    trail       remaining
c          level       rate        size/glue  tier1   irredundant
c 
c s  2.09  0 40 17 2594  2 42075 6776 1.5 19 12 5 12 48% 91453 350 11%
c e  2.10  0 40 17 2594  2 42075 6754 1.5 19 12 5 12 48% 91452 349 11%
c s  2.11  0 40 17 2594  2 42075 6744 1.5 19 12 5 12 48% 91428 349 11%
c F  2.25  0 38 17 2987  2 45015 8892 1.5 19 13 5 12 46% 91428 349 11%
c -  2.29  0 37 18 3107  2 45926 6569 1.5 20 13 5 12 45% 91428 349 11%
c p  2.30  0 37 18 3107  2 45926 6578 1.5 20 13 5 12 45% 91428 349 11%
c }  2.45  0 33 18 3300  2 50306 9518 1.6 20 12 5 12 42% 91428 349 11%
c [  2.45  0 19 18 3300  1 50306 9518 1.7 24 14 7 17 29% 91428 349 11%
c -  2.49  0 19 19 3301  1 51283 7715 1.7 24 14 7 17 29% 91428 349 11%
c p  2.49  0 19 19 3301  1 51283 7718 1.7 24 14 7 17 29% 91428 349 11%
c O  2.66  0 19 19 3301  1 55018 10777 1.7 24 14 7 17 29% 91428 349 11%
c -  2.75  0 18 20 3302  1 56945 8931 1.7 24 14 7 17 29% 91428 349 11%
c u  2.76  0 18 20 3302  1 56945 8916 1.7 24 14 7 17 29% 91428 349 11%
c v  2.76  0 18 20 3302  1 56945 8916 1.7 24 14 7 17 29% 91428 349 11%
c w  2.76  0 18 20 3302  1 56945 8916 1.7 24 14 7 17 29% 91428 349 11%
c x  2.77  0 18 20 3302  1 56945 8916 1.7 24 14 7 17 29% 91427 349 11%
c -  3.00  0 18 21 3302  1 62910 8693 1.7 24 14 7 17 29% 91427 349 11%
c p  3.00  0 18 21 3302  1 62910 8706 1.7 24 14 7 17 29% 91427 349 11%
c B  3.11  0 18 21 3305  1 66019 10668 1.7 24 14 7 17 29% 91427 349 11%
c ]  3.24  0 18 21 3307  1 69065 12794 1.7 23 14 7 17 29% 91427 349 11%
c 
c  seconds  reductions   conflicts        size   tier2       variables
c         MB     restarts      redundant     glue    trail       remaining
c          level       rate         size/glue  tier1   irredundant
c 
c {  3.24  0 33 21 3307  2 69065 12794 1.6 20 12 5 12 42% 91427 349 11%
c -  3.25  0 33 22 3335  2 69180 8979 1.6 20 12 5 12 42% 91427 349 11%
c p  3.25  0 33 22 3335  2 69180 8982 1.6 20 12 5 12 42% 91427 349 11%
c -  3.50  0 29 23 3779  2 75756 10328 1.6 20 12 5 13 39% 91427 349 11%
c p  3.51  0 29 23 3779  2 75756 10341 1.6 20 12 5 13 39% 91427 349 11%
c u  3.52  0 29 23 3779  2 75756 10275 1.6 20 12 5 13 39% 91427 349 11%
c v  3.53  0 29 23 3779  2 75756 10268 1.6 20 12 5 13 39% 91427 349 11%
c w  3.53  0 29 23 3779  2 75756 10268 1.6 20 12 5 13 39% 91427 349 11%
c x  3.53  0 29 23 3779  2 75756 10268 1.6 20 12 5 13 39% 91421 349 11%
c B  3.63  0 29 23 4040  2 78020 11879 1.6 20 12 5 13 38% 91421 349 11%
c -  3.82  0 27 24 4326  2 82636 11700 1.6 20 12 5 13 37% 91421 349 11%
c -  4.10  0 25 25 4574  2 89822 12441 1.6 20 12 5 13 35% 91421 349 11%
c p  4.11  0 25 25 4574  2 89822 12456 1.6 20 12 5 13 35% 91421 349 11%
c u  4.16  0 25 25 4574  2 89822 12427 1.6 20 12 5 13 35% 91421 349 11%
c v  4.16  0 25 25 4574  2 89822 12426 1.6 20 12 5 13 35% 91421 349 11%
c w  4.17  0 25 25 4574  2 89822 12416 1.6 20 12 5 13 35% 91421 349 11%
c x  4.17  0 25 25 4574  2 89822 12416 1.6 20 12 5 13 35% 91419 349 11%
c s  4.21  0 25 25 4684  2 90275 12713 1.6 20 12 5 13 35% 91359 349 11%
c s  4.23  0 25 25 4684  2 90275 12709 1.6 20 12 5 13 35% 91308 349 11%
c W  4.41  0 24 25 4762  2 91021 13239 1.6 20 12 5 13 35% 91308 349 11%
c 
c  seconds  reductions   conflicts        size   tier2       variables
c         MB     restarts      redundant     glue    trail       remaining
c          level       rate         size/glue  tier1   irredundant
c 
c }  4.67  0 23 25 5288  2 96930 17058 1.6 20 12 5 13 34% 91308 349 11%
c [  4.67  0 18 25 5288  1 96930 17058 1.7 23 14 7 17 29% 91308 349 11%
c -  4.69  0 18 26 5288  1 97314 12889 1.7 23 14 7 17 29% 91308 349 11%
c W  5.00  0 18 26 5292  1 105025 17869 1.7 23 14 7 17 29% 91308 349 11%
c -  5.01  0 18 27 5292  1 105112 12595 1.7 23 14 7 17 29% 91308 349 11%
c p  5.02  0 18 27 5292  1 105112 12610 1.7 23 14 7 17 29% 91308 349 11%
c u  5.03  0 18 27 5292  1 105112 12593 1.7 23 14 7 17 29% 91308 349 11%
c v  5.03  0 18 27 5292  1 105112 12588 1.7 23 14 7 17 29% 91308 349 11%
c w  5.04  0 18 27 5292  1 105112 12586 1.7 23 14 7 17 29% 91308 349 11%
c x  5.04  0 18 27 5292  1 105112 12586 1.7 23 14 7 17 29% 91304 349 11%
c -  5.34  0 17 28 5297  1 113218 13140 1.7 24 14 7 17 29% 91304 349 11%
c I  5.60  0 17 28 5298  1 120031 18133 1.7 24 14 7 17 29% 91304 349 11%
c -  5.69  0 17 29 5298  1 121630 13815 1.7 24 14 7 17 29% 91304 349 11%
c p  5.69  0 17 29 5298  1 121630 13830 1.7 24 14 7 17 29% 91304 349 11%
c u  5.71  0 17 29 5298  1 121630 13810 1.7 24 14 7 17 29% 91304 349 11%
c v  5.71  0 17 29 5298  1 121630 13809 1.7 24 14 7 17 29% 91304 349 11%
c w  5.72  0 17 29 5298  1 121630 13809 1.7 24 14 7 17 29% 91304 349 11%
c x  5.72  0 17 29 5298  1 121630 13808 1.7 24 14 7 17 29% 91303 349 11%
c ]  5.87  0 17 29 5299  1 125264 16220 1.7 23 14 7 17 29% 91303 349 11%
c {  5.87  0 23 29 5299  2 125264 16220 1.6 20 12 5 13 34% 91303 349 11%
c 
c  seconds  reductions   conflicts         size   tier2       variables
c         MB     restarts       redundant     glue    trail       remaining
c          level       rate          size/glue  tier1   irredundant
c 
c -  6.05  0 22 30 5333  2 130349 15120 1.6 20 12 5 13 33% 91303 349 11%
c #  6.26  0 21 30 5390  2 136033 18663 1.6 20 12 5 13 32% 91303 349 11%
c -  6.45  0 21 31 5908  2 139376 13935 1.6 20 12 4 11 32% 91303 349 11%
c p  6.45  0 21 31 5908  2 139376 13950 1.6 20 12 4 11 32% 91303 349 11%
c u  6.46  0 21 31 5908  2 139376 13931 1.6 20 12 4 11 32% 91303 349 11%
c v  6.47  0 21 31 5908  2 139376 13929 1.6 20 12 4 11 32% 91303 349 11%
c w  6.47  0 21 31 5908  2 139376 13926 1.6 20 12 4 11 32% 91303 349 11%
c x  6.48  0 21 31 5908  2 139376 13924 1.6 20 12 4 11 32% 91298 349 11%
c -  6.92  0 20 32 6764  2 148710 13701 1.6 20 12 4 11 31% 91298 349 11%
c p  6.92  0 20 32 6764  2 148710 13705 1.6 20 12 4 11 31% 91298 349 11%
c B  7.15  0 20 32 7304  2 153034 16614 1.6 20 12 4 11 30% 91298 349 11%
c s  7.25  0 20 32 7553  2 154529 17631 1.6 20 12 4 11 30% 91241 349 11%
c s  7.27  0 20 32 7553  2 154529 17621 1.6 20 12 4 11 30% 91216 349 11%
c -  7.44  0 20 33 7790  2 158350 13110 1.6 20 12 4 11 30% 91216 349 11%
c p  7.44  0 20 33 7790  2 158350 13121 1.6 20 12 4 11 30% 91216 349 11%
c u  7.46  0 20 33 7790  2 158350 13104 1.6 20 12 4 11 30% 91216 349 11%
c v  7.46  0 20 33 7790  2 158350 13103 1.6 20 12 4 11 30% 91216 349 11%
c w  7.46  0 20 33 7790  2 158350 13102 1.6 20 12 4 11 30% 91216 349 11%
c x  7.47  0 20 33 7790  2 158350 13101 1.6 20 12 4 11 30% 91214 349 11%
c }  7.67  0 19 33 7869  2 163016 16133 1.6 20 12 4 11 30% 91214 349 11%
c 
c  seconds  reductions   conflicts         size   tier2       variables
c         MB     restarts       redundant     glue    trail       remaining
c          level       rate          size/glue  tier1   irredundant
c 
c [  7.67  0 17 33 7869  1 163016 16133 1.7 23 14 7 17 29% 91214 349 11%
c -  7.89  0 17 34 7869  1 168302 14179 1.7 23 14 7 17 29% 91214 349 11%
c p  7.89  0 17 34 7869  1 168302 14183 1.7 23 14 7 17 29% 91214 349 11%
c B  8.01  0 17 34 7869  1 171035 15907 1.7 23 13 7 17 29% 91214 349 11%
c -  8.32  0 16 35 7869  1 178558 16159 1.7 22 13 7 17 29% 91214 349 11%
c p  8.32  0 16 35 7869  1 178558 16174 1.7 22 13 7 17 29% 91214 349 11%
c u  8.34  0 16 35 7869  1 178558 16153 1.7 22 13 7 17 29% 91214 349 11%
c v  8.34  0 16 35 7869  1 178558 16150 1.7 22 13 7 17 29% 91214 349 11%
c w  8.35  0 16 35 7869  1 178558 16150 1.7 22 13 7 17 29% 91214 349 11%
c x  8.35  0 16 35 7869  1 178558 16149 1.7 22 13 7 17 29% 91199 349 11%
c -  8.76  0 16 36 7876  1 189123 16057 1.7 22 13 7 17 28% 91199 349 11%
c W  9.02  0 16 36 7876  1 190036 16579 1.7 22 13 7 17 28% 91199 349 11%
c -  9.38  0 15 37 7883  1 199995 15090 1.7 22 13 7 17 28% 91199 349 11%
c p  9.39  0 15 37 7883  1 199995 15105 1.7 22 13 7 17 28% 91199 349 11%
c u  9.40  0 15 37 7883  1 199995 15083 1.7 22 13 7 17 28% 91199 349 11%
c v  9.41  0 15 37 7883  1 199995 15078 1.7 22 13 7 17 28% 91199 349 11%
c w  9.41  0 15 37 7883  1 199995 15078 1.7 22 13 7 17 28% 91199 349 11%
c x  9.42  0 15 37 7883  1 199995 15078 1.7 22 13 7 17 28% 91174 349 11%
c ]  9.54  0 16 37 7883  1 202786 17149 1.7 22 13 4 12 28% 91174 349 11%
c {  9.54  0 19 37 7883  2 202786 17149 1.6 20 12 4 11 30% 91174 349 11%
c 
c  seconds  reductions   conflicts         size   tier2       variables
c         MB     restarts       redundant     glue    trail       remaining
c          level       rate          size/glue  tier1   irredundant
c 
c W  9.87  0 19 37 8156  1 210038 21299 1.6 20 12 4 11 29% 91174 349 11%
c -  9.93  0 19 38 8277  1 211176 15498 1.6 20 12 4 11 29% 91174 349 11%
c p  9.94  0 19 38 8277  1 211176 15513 1.6 20 12 4 11 29% 91174 349 11%
c - 10.47  0 18 39 9543  1 222664 16154 1.6 20 12 4 11 29% 91174 349 11%
c p 10.47  0 18 39 9543  1 222664 16169 1.6 20 12 4 11 29% 91174 349 11%
c u 10.49  0 18 39 9543  1 222664 16134 1.6 20 12 4 11 29% 91174 349 11%
c v 10.49  0 18 39 9543  1 222664 16126 1.6 20 12 4 11 29% 91174 349 11%
c w 10.50  0 18 39 9543  1 222664 16123 1.6 20 12 4 11 29% 91174 349 11%
c x 10.51  0 18 39 9543  1 222664 16121 1.6 20 12 4 11 29% 91114 349 11%
c F 10.86  0 18 39 10330  1 231039 21670 1.6 20 13 4 11 29% 91114 349 11%
c - 11.01  0 18 40 10420  1 234461 17104 1.6 20 12 4 11 29% 91114 349 11%
c p 11.02  0 18 40 10420  1 234461 17128 1.6 20 12 4 11 29% 91114 349 11%
c s 11.12  0 18 40 10420  1 234829 17340 1.6 20 12 4 11 29% 90947 349 11%
c s 11.15  0 18 40 10420  1 234829 17329 1.6 20 12 4 11 29% 90833 349 11%
c - 11.66  0 17 41 11143  1 246566 18504 1.6 20 12 4 11 29% 90833 349 11%
c p 11.66  0 17 41 11143  1 246566 18526 1.6 20 12 4 11 29% 90833 349 11%
c u 11.68  0 17 41 11143  1 246566 18421 1.6 20 12 4 11 29% 90833 349 11%
c v 11.69  0 17 41 11143  1 246566 18419 1.6 20 12 4 11 29% 90833 349 11%
c w 11.69  0 17 41 11143  1 246566 18419 1.6 20 12 4 11 29% 90833 349 11%
c x 11.70  0 17 41 11143  1 246566 18418 1.6 20 12 4 11 29% 90828 349 11%
c 
c  seconds  reductions    conflicts         size   tier2       variables
c         MB      restarts       redundant     glue    trail       remaining
c          level        rate          size/glue  tier1   irredundant
c 
c B 11.98  0 17 41 11188  1 253041 22204 1.6 20 12 4 11 29% 90828 349 11%
c } 11.98  0 17 41 11188  1 253067 22225 1.6 20 12 4 11 29% 90828 349 11%
c [ 11.98  0 16 41 11188  1 253067 22225 1.7 22 13 4 12 28% 90828 349 11%
c - 12.23  0 16 42 11189  1 258979 19033 1.7 22 13 4 12 28% 90828 349 11%
c p 12.23  0 16 42 11189  1 258979 19055 1.7 22 13 4 12 28% 90828 349 11%
c - 12.76  0 16 43 11196  1 271703 17642 1.7 23 13 4 12 29% 90828 349 11%
c p 12.76  0 16 43 11196  1 271703 17663 1.7 23 13 4 12 29% 90828 349 11%
c u 12.78  0 16 43 11196  1 271703 17621 1.7 23 13 4 12 29% 90828 349 11%
c v 12.79  0 16 43 11196  1 271703 17616 1.7 23 13 4 12 29% 90828 349 11%
c w 12.79  0 16 43 11196  1 271703 17615 1.7 23 13 4 12 29% 90828 349 11%
c x 12.80  0 16 43 11196  1 271703 17615 1.7 23 13 4 12 29% 90827 349 11%
c O 12.98  0 16 43 11198  1 276044 20660 1.7 23 14 4 12 29% 90827 349 11%
c - 13.35  0 16 44 11203  1 284735 16348 1.7 23 13 4 12 29% 90827 349 11%
c p 13.36  0 16 44 11203  1 284735 16369 1.7 23 13 4 12 29% 90827 348 11%
c u 13.37  0 16 44 11203  1 284735 16351 1.7 23 13 4 12 29% 90827 348 11%
c v 13.38  0 16 44 11203  1 284735 16345 1.7 23 13 4 12 29% 90827 348 11%
c w 13.38  0 16 44 11203  1 284735 16345 1.7 23 13 4 12 29% 90827 348 11%
c x 13.38  0 16 44 11203  1 284735 16345 1.7 23 13 4 12 29% 90825 348 11%
c - 13.95  0 16 45 11205  1 298076 17314 1.7 22 13 4 12 28% 90822 348 11%
c 2 13.95  0 16 45 11205  1 298076 17312 1.7 22 13 4 12 28% 90822 348 11%
c 
c  seconds  reductions    conflicts         size   tier2       variables
c         MB      restarts       redundant     glue    trail       remaining
c          level        rate          size/glue  tier1   irredundant
c 
c p 13.96  0 16 45 11205  1 298076 17327 1.7 22 13 4 12 28% 90822 348 11%
c u 13.97  0 16 45 11205  1 298076 17292 1.7 22 13 4 12 28% 90822 348 11%
c v 13.97  0 16 45 11205  1 298076 17286 1.7 22 13 4 12 28% 90822 348 11%
c w 13.98  0 16 45 11205  1 298076 17285 1.7 22 13 4 12 28% 90822 348 11%
c x 13.98  0 16 45 11205  1 298076 17285 1.7 22 13 4 12 28% 90821 348 11%
c B 14.07  0 16 45 11205  1 300045 18577 1.7 22 13 4 12 28% 90821 348 11%
c ] 14.21  0 16 45 11205  1 303861 21031 1.7 22 13 4 12 28% 90821 348 11%
c { 14.21  0 17 45 11205  1 303861 21031 1.6 20 12 4 11 29% 90821 348 11%
c - 14.54  0 17 46 11720  1 311727 18782 1.6 20 12 4 11 28% 90821 348 11%
c p 14.55  0 17 46 11720  1 311727 18797 1.6 20 12 4 11 28% 90821 348 11%
c u 14.56  0 17 46 11720  1 311727 18773 1.6 20 12 4 11 28% 90821 348 11%
c v 14.56  0 17 46 11720  1 311727 18765 1.6 20 12 4 11 28% 90821 348 11%
c w 14.57  0 17 46 11720  1 311727 18765 1.6 20 12 4 11 28% 90821 348 11%
c x 14.57  0 17 46 11720  1 311727 18765 1.6 20 12 4 11 28% 90814 348 11%
c W 15.37  0 16 46 12188  1 325046 27178 1.6 20 12 4 11 28% 90814 348 11%
c - 15.41  0 16 47 12269  1 325686 20589 1.6 20 12 4 11 28% 90814 348 11%
c p 15.42  0 16 47 12269  1 325686 20614 1.6 20 12 4 11 28% 90814 348 11%
c u 15.43  0 16 47 12269  1 325686 20597 1.6 20 12 4 11 28% 90814 348 11%
c v 15.43  0 16 47 12269  1 325686 20590 1.6 20 12 4 11 28% 90814 348 11%
c w 15.44  0 16 47 12269  1 325686 20589 1.6 20 12 4 11 28% 90814 348 11%
c 
c  seconds  reductions    conflicts         size   tier2       variables
c         MB      restarts       redundant     glue    trail       remaining
c          level        rate          size/glue  tier1   irredundant
c 
c x 15.44  0 16 47 12269  1 325686 20588 1.6 20 12 4 11 28% 90813 348 11%
c s 15.73  0 16 47 13058  1 331118 24303 1.6 20 12 4 11 28% 90688 348 11%
c s 15.77  0 16 47 13058  1 331118 24278 1.6 20 12 4 11 28% 90581 348 11%
c - 16.22  0 16 48 14115  1 339954 21599 1.6 20 12 4 11 28% 90581 348 11%
c p 16.22  0 16 48 14115  1 339954 21617 1.6 20 12 4 11 28% 90581 348 11%
c u 16.24  0 16 48 14115  1 339954 21608 1.6 20 12 4 11 28% 90581 348 11%
c v 16.25  0 16 48 14115  1 339954 21602 1.6 20 12 4 11 28% 90581 348 11%
c w 16.25  0 16 48 14115  1 339954 21601 1.6 20 12 4 11 28% 90581 348 11%
c x 16.25  0 16 48 14115  1 339954 21601 1.6 20 12 4 11 28% 90580 348 11%
c # 16.76  0 16 48 14449  1 351047 29101 1.7 20 12 4 11 28% 90580 348 11%
c - 16.93  0 16 49 14704  1 354530 22659 1.7 20 12 4 11 28% 90580 348 11%
c p 16.94  0 16 49 14704  1 354530 22677 1.7 20 12 4 11 28% 90580 348 11%
c u 17.04  0 16 49 14704  1 354530 22656 1.7 20 12 4 11 28% 90580 348 11%
c v 17.05  0 16 49 14704  1 354530 22653 1.7 20 12 4 11 28% 90580 348 11%
c w 17.05  0 16 49 14704  1 354530 22651 1.7 20 12 4 11 28% 90580 348 11%
c x 17.06  0 16 49 14704  1 354530 22651 1.7 20 12 4 11 28% 90579 348 11%
c } 17.67  0 16 49 15742  1 367806 31081 1.7 20 12 4 11 28% 90579 348 11%
c [ 17.67  0 16 49 15742  1 367806 31081 1.7 22 13 4 12 28% 90579 348 11%
c - 17.75  0 16 50 15742  1 369415 23982 1.7 22 13 4 12 28% 90579 348 11%
c p 17.75  0 16 50 15742  1 369415 24000 1.7 22 13 4 12 28% 90579 348 11%
c 
c  seconds  reductions    conflicts         size   tier2       variables
c         MB      restarts       redundant     glue    trail       remaining
c          level        rate          size/glue  tier1   irredundant
c 
c u 17.77  0 16 50 15742  1 369415 23982 1.7 22 13 4 12 28% 90579 348 11%
c v 17.77  0 16 50 15742  1 369415 23972 1.7 22 13 4 12 28% 90579 348 11%
c w 17.77  0 16 50 15742  1 369415 23970 1.7 22 13 4 12 28% 90579 348 11%
c x 17.78  0 16 50 15742  1 369415 23970 1.7 22 13 4 12 28% 90576 348 11%
c W 18.32  0 15 50 15743  1 378049 29206 1.7 22 13 4 12 28% 90576 348 11%
c - 18.63  0 15 51 15743  1 384610 24441 1.7 22 13 4 12 28% 90576 348 11%
c p 18.64  0 15 51 15743  1 384610 24459 1.7 22 13 4 12 28% 90576 348 11%
c u 18.65  0 15 51 15743  1 384610 24442 1.7 22 13 4 12 28% 90576 348 11%
c v 18.66  0 15 51 15743  1 384610 24438 1.7 22 13 4 12 28% 90576 348 11%
c w 18.66  0 15 51 15743  1 384610 24438 1.7 22 13 4 12 28% 90576 348 11%
c x 18.67  0 15 51 15743  1 384610 24438 1.7 22 13 4 12 28% 90574 348 11%
c t 18.67  0 15 51 15743  1 384610 24437 1.7 22 13 4 12 28% 90574 348 11%
c - 19.36  0 15 52 15743  1 400115 24856 1.7 21 13 4 11 28% 90574 348 11%
c p 19.36  0 15 52 15743  1 400115 24875 1.7 21 13 4 11 28% 90574 348 11%
c u 19.38  0 15 52 15743  1 400115 24861 1.7 21 13 4 11 28% 90574 348 11%
c v 19.38  0 15 52 15743  1 400115 24859 1.7 21 13 4 11 28% 90574 348 11%
c w 19.38  0 15 52 15743  1 400115 24859 1.7 21 13 4 11 28% 90574 348 11%
c x 19.39  0 15 52 15743  1 400115 24859 1.7 21 13 4 11 28% 90573 348 11%
c I 19.66  0 15 52 15743  1 406050 28221 1.7 21 13 4 11 28% 90573 348 11%
c - 20.13  0 15 53 15749  1 415930 24738 1.7 21 13 4 11 28% 90573 348 11%
c 
c  seconds  reductions    conflicts         size   tier2       variables
c         MB      restarts       redundant     glue    trail       remaining
c          level        rate          size/glue  tier1   irredundant
c 
c p 20.14  0 15 53 15749  1 415930 24756 1.7 21 13 4 11 28% 90573 348 11%
c u 20.15  0 15 53 15749  1 415930 24732 1.7 21 13 4 11 28% 90573 348 11%
c v 20.16  0 15 53 15749  1 415930 24729 1.7 21 13 4 11 28% 90573 348 11%
c w 20.16  0 15 53 15749  1 415930 24729 1.7 21 13 4 11 28% 90573 348 11%
c x 20.16  0 15 53 15749  1 415930 24729 1.7 21 13 4 11 28% 90572 348 11%
c ] 20.73  0 15 53 15756  1 427712 33138 1.7 22 13 4 11 28% 90572 348 11%
c { 20.73  0 16 53 15756  1 427712 33138 1.7 20 12 4 11 28% 90572 348 11%
c - 20.94  0 15 54 15789  1 432053 25788 1.7 20 12 4 11 28% 90572 348 11%
c p 20.94  0 15 54 15789  1 432053 25806 1.7 20 12 4 11 28% 90572 348 11%
c u 20.96  0 15 54 15789  1 432053 25779 1.7 20 12 4 11 28% 90572 348 11%
c v 20.97  0 15 54 15789  1 432053 25776 1.7 20 12 4 11 28% 90572 348 11%
c w 20.97  0 15 54 15789  1 432053 25776 1.7 20 12 4 11 28% 90572 348 11%
c x 20.98  0 15 54 15789  1 432053 25776 1.7 20 12 4 11 28% 90566 348 11%
c B 21.14  0 15 54 16073  1 435052 27695 1.7 20 12 4 11 28% 90566 348 11%
c s 21.57  0 15 54 16381  1 443454 32735 1.7 20 12 4 11 28% 90251 348 11%
c s 21.62  0 15 54 16381  1 443454 32707 1.7 20 12 4 11 28% 89973 348 11%
c - 21.89  0 15 55 16381  1 448485 27626 1.7 20 12 4 11 28% 89973 348 11%
c p 21.89  0 15 55 16381  1 448485 27644 1.7 20 12 4 11 28% 89973 348 11%
c u 21.91  0 15 55 16381  1 448485 27620 1.7 20 12 4 11 28% 89973 348 11%
c v 21.91  0 15 55 16381  1 448485 27619 1.7 20 12 4 11 28% 89973 348 11%
c 
c  seconds  reductions    conflicts         size   tier2       variables
c         MB      restarts       redundant     glue    trail       remaining
c          level        rate          size/glue  tier1   irredundant
c 
c w 21.92  0 15 55 16381  1 448485 27619 1.7 20 12 4 11 28% 89973 348 11%
c x 21.92  0 15 55 16381  1 448485 27618 1.7 20 12 4 11 28% 89933 348 11%
c t 21.92  0 15 55 16381  1 448485 27617 1.7 20 12 4 11 28% 89933 348 11%
c W 22.97  0 14 55 17003  1 465054 37305 1.7 20 12 4 10 28% 89933 348 11%
c - 22.98  0 14 56 17003  1 465229 27629 1.7 20 12 4 10 28% 89933 348 11%
c p 22.99  0 14 56 17003  1 465229 27648 1.7 20 12 4 10 28% 89933 348 11%
c u 23.01  0 14 56 17003  1 465229 27629 1.7 20 12 4 10 28% 89933 348 11%
c v 23.01  0 14 56 17003  1 465229 27625 1.7 20 12 4 10 28% 89933 348 11%
c w 23.02  0 14 56 17003  1 465229 27625 1.7 20 12 4 10 28% 89933 348 11%
c x 23.03  0 14 56 17003  1 465229 27624 1.7 20 12 4 10 28% 89923 348 11%
c t 23.03  0 14 56 17003  1 465229 27623 1.7 20 12 4 10 28% 89923 348 11%
c - 23.86  0 14 57 17455  1 482280 28552 1.7 19 11 4 10 28% 89923 348 11%
c p 23.86  0 14 57 17455  1 482280 28570 1.7 19 11 4 10 28% 89923 348 11%
c u 23.88  0 14 57 17455  1 482280 28525 1.7 19 11 4 10 28% 89923 348 11%
c v 23.89  0 14 57 17455  1 482280 28510 1.7 19 11 4 10 28% 89923 348 11%
c w 23.89  0 14 57 17455  1 482280 28502 1.7 19 11 4 10 28% 89923 348 11%
c x 23.90  0 14 57 17455  1 482280 28502 1.7 19 11 4 10 28% 89895 348 11%
c F 24.64  0 13 57 17692  1 496058 35540 1.7 19 11 4 10 27% 89895 348 11%
c i 24.73  0 13 57 17692  1 497730 36135 1.7 18 11 4 10 27% 89895 339 11%
c i 24.79  0 13 57 17692  1 498452 36385 1.7 18 11 4 10 27% 89895 336 11%
c 
c  seconds  reductions    conflicts         size   tier2       variables
c         MB      restarts       redundant     glue    trail       remaining
c          level        rate          size/glue  tier1   irredundant
c 
c i 24.79  0 13 57 17692  1 498489 36390 1.7 18 11 4 10 27% 89895 335 11%
c i 24.79  0 13 57 17692  1 498541 36404 1.7 18 11 4 10 27% 89895 334 11%
c i 24.80  0 13 57 17692  1 498679 36453 1.7 18 11 4 10 27% 89895 330 11%
c i 24.80  0 13 57 17692  1 498684 36456 1.7 18 11 4 10 27% 89895 302 10%
c i 24.80  0 13 57 17692  1 498700 36461 1.7 18 11 4 10 27% 89895 287  9%
c i 24.80  0 13 57 17692  1 498701 36461 1.7 18 11 4 10 27% 89895 284  9%
c i 24.80  0 13 57 17692  1 498702 36461 1.7 18 11 4 10 27% 89895 273  9%
c i 24.80  0 13 57 17692  1 498717 36468 1.7 18 11 4 10 27% 89895 267  9%
c i 24.80  0 13 57 17692  1 498727 36467 1.7 18 11 4 10 27% 89895 266  9%
c i 24.80  0 13 57 17692  1 498728 36467 1.7 18 11 4 10 27% 89895 260  8%
c } 24.80  0 13 57 17692  1 498735 36469 1.7 18 11 4 10 27% 89895 254  8%
c 0 24.80  0 13 57 17692  1 498735 36469 1.7 18 11 4 10 27% 89895 254  8%
c 
c --- [ closing proof ] ------------------------------------------------------
c 
c LRAT proof file 'data/a4_m01/F.lrat' closed
c LRAT 577285 added clauses 51.34%
c LRAT 547112 deleted clauses 48.66%
c LRAT 139577340 bytes (133.11 MB)
c 
c --- [ result ] -------------------------------------------------------------
c 
s UNSATISFIABLE
c 
c --- [ run-time profiling ] -------------------------------------------------
c 
c process time taken by individual solving procedures
c (percentage relative to process time for solving)
c 
c        23.02   93.01% search
c        12.80   51.73% unstable
c         9.05   36.56% stable
c         1.73    6.99% simplify
c         1.16    4.69% walk
c         0.79    3.19% vivify
c         0.35    1.39% sweep
c         0.25    1.02% subsume
c         0.12    0.48% elim
c         0.07    0.30% probe
c         0.05    0.21% parse
c         0.03    0.11% congruence
c         0.02    0.09% ternary
c         0.01    0.03% lucky
c         0.00    0.01% backbone
c   =================================
c        24.75   99.78% solve
c 
c last line shows process time for solving
c (percentage relative to total process time)
c 
c --- [ statistics ] ---------------------------------------------------------
c 
c chronological:             48514         9.73 %  of conflicts
c conflicts:                498735     20151.49    per second
c backbone:                 106965      3428.37 %  of vars
c decisions:                604816     24437.72    per second
c eliminated:                 1984        63.59 %  of all variables
c fixed:                       881        28.24 %  of all variables
c learned:                  491948        98.64 %  per conflict
c learned_lits:           15344444       100.00 %  learned literals
c minimized:                     0         0.00 %  learned literals
c shrunken:                3689552        24.04 %  learned literals
c minishrunken:            1565064        10.20 %  learned literals
c otfs:                       2364         0.47 %  of conflict
c propagations:            9330996         0.38 M  per second
c reduced:                  280314        56.20 %  per conflict
c rephased:                     31     16088.23    interval
c restarts:                  17692        28.19    interval
c stabilizing:                   8        43.57 %  of conflicts
c substituted:                   1         0.03 %  of all variables
c subsumed:                 178421        30.07 %  of all clauses
c strengthened:              22897         3.86 %  of all clauses
c ticks:                1897959673       205.89    propagation
c vivified:                   2158         0.36 %  of all clauses
c walked:                        9     55415.00    interval
c weakened:                   5214         2.62    average size
c congruence:                    9     55415.00    interval
c 
c seconds are measured in process time for solving
c 
c --- [ glue usage ] ---------------------------------------------------------
c 
c focused glue 3 used 149149 clauses 11.03% accumulated 50.94% tier1
c focused glue 4 used 115314 clauses 8.534% accumulated 59.47%
c focused glue 5-7 used 186590 clauses 13.80% accumulated 73.28%
c focused glue 8 used 55100 clauses 4.078% accumulated 77.36%
c focused glue 9 used 54224 clauses 4.013% accumulated 81.37% tier2
c 
c stable glue 4 used 93321 clauses 8.205% accumulated 56.68% tier1
c stable glue 5 used 64763 clauses 5.694% accumulated 62.37%
c stable glue 6-9 used 169363 clauses 14.89% accumulated 77.26%
c stable glue 10 used 40433 clauses 3.554% accumulated 80.82%
c stable glue 11 used 38665 clauses 3.399% accumulated 84.22% tier2
c 
c 
c --- [ resources ] ----------------------------------------------------------
c 
c total process time since initialization:        24.80    seconds
c total real time since initialization:           25.18    seconds
c maximum resident set size of process:          271.81    MB
c 
c --- [ shutting down ] ------------------------------------------------------
c 
c exit 20
