# lean_static_resolve 2026-09-25 20:53:50
# dump=/Users/ivanspogreev/earth-moon/population/f034-a4-cert/split-m13/dump.jsonl raw=2358960 dedup=2358960 footer={'type': 'footer', 'verdict': 'UNSAT', 'counts': {'preseed': 7898, 'prop': 2351062, 'model': 0}, 'stats': {'checks': 17051403, 'confl': 1175531, 'model_rej': 0}, 'time': '2026-09-25T20:45:02-0700'}
# counters=False
# cube=[33, 53, -16, -37]
$ /opt/homebrew/bin/cadical --lrat --no-binary --no-factor /Users/ivanspogreev/earth-moon/population/f034-a4-cert/split-m13/c4/round-0/F.cnf /Users/ivanspogreev/earth-moon/population/f034-a4-cert/split-m13/c4/round-0/F.lrat
c --- [ banner ] -------------------------------------------------------------
c 
c CaDiCaL SAT Solver
c Copyright (c) 2016-2026
c A. Biere, M. Fleury, N. Froleyks, K. Fazekas, F. Pollitt, T. Faller
c JKU Linz, University of Freiburg, TU Wien
c 
c Version 3.0.1
c Apple clang version 16.0.0 (clang-1600.0.26.6) -Wall -Wextra -O3 -DNDEBUG -std=c++11 -DNCLOSEFROM
c Sun Jul 19 15:40:55 UTC 2026 Darwin Sonoma-arm64.local 23.6.0 arm64
c 
c --- [ proof tracing ] ------------------------------------------------------
c 
c opening file to write '/Users/ivanspogreev/earth-moon/population/f034-a4-cert/split-m13/c4/round-0/F.lrat'
c writing non-binary proof trace to '/Users/ivanspogreev/earth-moon/population/f034-a4-cert/split-m13/c4/round-0/F.lrat'
c 
c --- [ parsing input ] ------------------------------------------------------
c 
c reading DIMACS file from '/Users/ivanspogreev/earth-moon/population/f034-a4-cert/split-m13/c4/round-0/F.cnf'
c opening file to read '/Users/ivanspogreev/earth-moon/population/f034-a4-cert/split-m13/c4/round-0/F.cnf'
c found 'p cnf 2945 2367317' header
c parsed 2367317 clauses in 1.37 seconds process time
c 
c --- [ options ] ------------------------------------------------------------
c 
c   --binary=false                 (different from default 'true')
c   --lrat=true                    (different from default 'false')
c 
c --- [ solving ] ------------------------------------------------------------
c 
c time measured in process time since initialization
c 
c  seconds  reduction conflicts       size tier2       variables
c         MB    restarts   redundant    glue  trail         remaining
c          level     rate       size/glu tier1  irredundant
c 
c *  1.37  0  0 0   0  0    0    0 0.0 0 0 2 6  0% 871609 2905 99%
c )  1.45  0  0 0   0  0    0    0 0.0 0 0 2 6  0% 871609 2905 99%
c {  1.46  0  0 0   0  0    0    0 0.0 0 0 2 6  0% 871609 2905 99%
c i  1.50  0 2162 0   0 49   61   45 1.6 11 7 2 6 77% 871599 2904 99%
c i  1.50  0 2159 0   0 47   64   47 1.6 11 7 2 6 77% 871599 2903 99%
c i  1.50  0 2156 0   0 44   69   50 1.6 10 6 2 6 77% 871599 2902 99%
c i  1.50  0 2154 0   0 42   72   51 1.6 10 6 2 6 77% 871599 2900 98%
c i  1.50  0 2153 0   0 41   74   52 1.6 10 6 2 6 77% 871599 2899 98%
c i  1.55  0 1344 0  13 41  154   89 1.5 11 8 2 6 59% 871558 2897 98%
c i  1.57  0 1126 0  17 36  189  105 1.5 11 7 2 6 51% 871546 2896 98%
c i  1.57  0 1044 0  17 33  204  109 1.5 10 7 2 6 48% 871544 2883 98%
c -  1.67  0 728 1  26 24  301   84 1.5 14 9 2 6 38% 871486 2883 98%
c i  1.69  0 648 1  36 22  341  110 1.4 15 10 2 6 35% 871478 2882 98%
c i  1.69  0 646 1  36 22  342  110 1.4 15 10 2 6 35% 871478 2878 98%
c i  1.69  0 644 1  37 22  343  110 1.4 15 10 2 6 35% 871478 2877 98%
c i  1.69  0 642 1  37 22  344  110 1.4 15 10 2 6 34% 871478 2876 98%
c i  1.73  0 571 1  47 21  388  132 1.4 15 10 2 6 32% 871460 2875 98%
c i  1.73  0 567 1  47 20  391  132 1.4 15 10 2 6 31% 871460 2872 98%
c i  1.75  0 541 1  52 20  415  144 1.4 15 10 2 6 31% 871453 2871 97%
c i  1.75  0 530 1  52 20  423  145 1.4 14 10 2 6 31% 871448 2869 97%
c 
c  seconds   reduction conflicts       size   tier2       variables
c         MB     restarts   redundant     glue   trail         remaining
c           level     rate       size/glue  tier1  irredundant
c 
c i  1.75  0 526 1  52 20  426  147 1.4 14 10 2 6 30% 871448 2868 97%
c i  1.75  0 525 1  52 20  427  147 1.4 14 10 2 6 30% 871448 2867 97%
c i  1.75  0 523 1  52 20  428  147 1.4 14 10 2 6 30% 871448 2861 97%
c i  1.75  0 522 1  52 19  429  147 1.4 14 10 2 6 30% 871448 2859 97%
c i  1.82  0 370 1  66 15  637  221 1.4 14 10 2 6 30% 871330 2858 97%
c i  1.82  0 368 1  67 15  641  222 1.4 14 10 2 6 30% 871328 2857 97%
c i  1.82  0 367 1  67 15  642  222 1.4 14 10 2 6 30% 871328 2852 97%
c i  1.87  0 306 1  79 14  792  290 1.4 15 10 2 6 29% 871264 2851 97%
c i  1.87  0 304 1  80 13  796  291 1.4 15 10 2 6 29% 871262 2849 97%
c i  1.90  0 294 1  90 14  826  311 1.4 15 10 2 6 28% 871256 2848 97%
c i  1.90  0 292 1  91 14  832  313 1.4 15 10 2 6 28% 871254 2846 97%
c }  1.97  0 252 1 110 13 1002  405 1.4 15 11 2 6 27% 871194 2846 97%
c [  1.97  0  0 1 110  0 1002  405 0.0 0 0 2 6  0% 871194 2846 97%
c O  1.97  0  9 1 110 10 1003  406 1.2 5 4 2 6 16% 871194 2846 97%
c -  2.13  0 52 2 110  2 1141  249 1.5 25 17 2 6 51% 871129 2846 97%
c ]  2.37  0 50 2 111  1 2775 1490 1.5 30 20 2 6 43% 871053 2846 97%
c {  2.37  0 252 2 111 13 2775 1490 1.4 15 11 2 6 27% 871053 2846 97%
c -  2.44  0 251 3 113 13 2779  489 1.4 15 11 2 6 27% 871053 2846 97%
c i  2.48  0 245 3 119 13 2805  502 1.4 15 11 2 6 27% 871048 2826 96%
c i  2.51  0 236 3 130 13 2853  535 1.4 16 11 2 6 26% 871044 2819 96%
c 
c  seconds   reduction conflicts       size   tier2       variables
c         MB     restarts   redundant     glue   trail         remaining
c           level     rate       size/glue  tier1  irredundant
c 
c i  2.52  0 233 3 135 12 2871  546 1.4 16 11 2 6 26% 871042 2818 96%
c i  2.53  0 226 3 146 13 2920  564 1.4 16 11 2 6 26% 871013 2813 96%
c i  2.54  0 223 3 148 13 2933  571 1.4 15 11 2 6 26% 871009 2812 95%
c i  2.54  0 219 3 150 13 2983  589 1.4 15 11 2 6 27% 870981 2811 95%
c O  2.55  0 216 3 150 13 3004  594 1.4 15 11 2 6 27% 870969 2811 95%
c i  2.58  0 208 3 153 12 3062  640 1.4 16 11 2 6 26% 870968 2810 95%
c i  2.58  0 207 3 154 12 3063  640 1.4 16 11 2 6 26% 870968 2808 95%
c i  2.58  0 207 3 154 12 3067  640 1.4 16 11 2 6 26% 870966 2742 93%
c i  2.67  0 189 3 185 12 3216  734 1.4 16 12 2 6 26% 870926 2735 93%
c i  2.69  0 185 3 189 12 3246  749 1.4 16 12 2 6 26% 870918 2722 92%
c i  2.72  0 180 3 204 12 3303  790 1.4 16 12 2 6 25% 870909 2721 92%
c i  2.72  0 179 3 206 12 3307  791 1.4 16 12 2 6 25% 870908 2718 92%
c i  2.72  0 178 3 207 12 3316  794 1.4 16 12 2 6 25% 870905 2697 92%
c i  2.73  0 174 3 209 11 3351  812 1.4 16 12 2 6 25% 870898 2696 92%
c i  2.77  0 164 3 217 11 3496  898 1.4 17 12 2 6 26% 870863 2694 91%
c 2  2.79  0 161 3 226 11 3529  923 1.4 17 12 2 6 26% 870859 2689 91%
c d  2.83  0 161 3 226 11 3529  902 1.4 17 12 2 6 26% 870675 2688 91%
c p  2.84  0 161 3 226 11 3529  902 1.4 17 12 2 6 26% 870675 2687 91%
c =  3.09  0 161 3 226 11 3529  882 1.4 17 12 2 6 26% 870579 2584 88%
c t  3.10  0 161 3 226 11 3529  880 1.4 17 12 2 6 26% 870579 2584 88%
c 
c  seconds   reduction conflicts       size   tier2       variables
c         MB     restarts   redundant     glue   trail         remaining
c           level     rate       size/glue  tier1  irredundant
c 
c i  3.30  0 154 3 250 10 3636  939 1.4 17 13 2 6 12% 870557 2577 88%
c i  3.30  0 154 3 250 10 3637  939 1.4 17 12 2 6 11% 870557 2576 87%
c i  3.44  0 118 3 266  8 4444 1540 1.6 19 12 2 6 24% 870458 2568 87%
c i  3.44  0 118 3 266  8 4447 1540 1.6 19 12 2 6 24% 870457 2560 87%
c i  3.44  0 118 3 266  8 4448 1540 1.6 19 12 2 6 24% 870457 2558 87%
c i  3.44  0 118 3 266  8 4450 1541 1.6 19 12 2 6 24% 870457 2557 87%
c i  3.50  0 116 3 271  8 4503 1585 1.6 19 12 2 6 24% 870451 2546 86%
c i  3.51  0 116 3 272  8 4508 1587 1.6 19 12 2 6 24% 870451 2521 86%
c -  3.70  0 93 4 272  6 5337 1939 1.8 20 11 9 13 23% 870375 2521 86%
c i  3.71  0 93 4 272  6 5342 1942 1.8 20 11 9 13 23% 870375 2518 86%
c i  3.71  0 93 4 272  6 5343 1942 1.8 20 11 9 13 23% 870375 2455 83%
c #  3.91  0 81 4 338  6 6006 2444 1.8 20 11 9 13 22% 870363 2455 83%
c i  3.92  0 81 4 338  6 6007 2444 1.8 20 11 9 13 22% 870363 2454 83%
c i  3.93  0 80 4 338  6 6019 2450 1.8 20 11 9 13 22% 870359 2453 83%
c 2  3.95  0 80 4 338  6 6032 2456 1.8 20 11 9 13 22% 870355 2444 83%
c i  4.21  0 76 4 354  5 6329 2705 1.8 20 11 9 13 22% 870261 2432 83%
c i  4.37  0 71 4 365  5 6783 3008 1.7 19 11 9 13 21% 870253 2361 80%
c i  4.48  0 67 4 421  5 7161 3270 1.7 19 11 8 13 21% 870252 2259 77%
c }  5.03  0 61 4 543  4 7952 3817 1.7 19 12 8 13  9% 870063 2259 77%
c [  5.03  0 50 4 543  1 7952 3817 1.5 30 20 2 6 56% 870063 2259 77%
c 
c  seconds  reduction conflicts       size   tier2       variables
c         MB    restarts   redundant     glue   trail         remaining
c          level     rate       size/glue  tier1  irredundant
c 
c -  5.22  0 40 5 544  1 8880 3636 1.5 27 18 2 6 39% 870063 2259 77%
c 2  5.22  0 40 5 544  1 8880 3636 1.5 27 18 2 6 39% 870063 2254 77%
c t  5.26  0 40 5 544  1 8880 3635 1.5 27 18 2 6 39% 870073 2254 77%
c I  5.49  0 37 5 544  1 10007 4566 1.4 26 19 15 23 30% 870071 2254 77%
c -  6.05  0 29 6 547  1 13450 4860 1.5 24 17 12 19 21% 870062 2254 77%
c 2  6.05  0 29 6 547  1 13450 4860 1.5 24 17 12 19 21% 870062 2248 76%
c B  6.52  0 27 6 548  1 15009 6013 1.4 24 16 12 19 19% 870051 2248 76%
c s  6.82  0 26 6 548  1 16458 6890 1.4 23 16 12 19 18% 869684 2248 76%
c t  6.84  0 26 6 548  1 16458 6889 1.4 23 16 12 19 18% 869662 2248 76%
c e  6.99  0 26 6 548  1 16458 6580 1.4 23 16 12 19 18% 866215 362 12%
c s  7.02  0 26 6 548  1 16458 6576 1.4 23 16 12 19 18% 866071 362 12%
c ]  7.35  0 26 6 548  1 16941 6900 1.4 23 16 12 19 23% 866071 362 12%
c {  7.35  0 61 6 548  4 16941 6900 1.7 19 12 8 13 53% 866071 362 12%
c -  8.08  0 50 7 805  4 19073 6000 1.6 19 12 8 13 27% 866071 362 12%
c 2  8.08  0 50 7 805  4 19073 5998 1.6 19 12 8 13 27% 866071 362 12%
c u  8.21  0 50 7 805  4 19073 5959 1.6 19 12 8 13 27% 866071 362 12%
c v  8.26  0 50 7 805  4 19073 5954 1.6 19 12 8 13 27% 866071 362 12%
c w  8.28  0 50 7 805  4 19073 5954 1.6 19 12 8 13 27% 866071 362 12%
c x  8.34  0 50 7 805  4 19073 5950 1.6 19 12 8 13 27% 866020 362 12%
c t  8.35  0 50 7 805  4 19073 5950 1.6 19 12 8 13 27% 866019 362 12%
c 
c  seconds  reductions conflicts       size   tier2        variables
c         MB    restarts    redundant     glue    trail        remaining
c          level     rate        size/glue  tier1   irredundant
c 
c B  8.69  0 43 7 854  3 21011 7341 1.6 19 12 8 13 24% 866019 362 12%
c -  9.57  0 32 8 872  3 25763 8726 1.6 17 11 9 13 23% 866019 362 12%
c W 10.48  0 29 8 872  2 28015 9881 1.6 16 10 9 13 23% 866043 362 12%
c } 11.94  0 27 8 1353  2 31481 12431 1.5 16 11 9 13 23% 866043 362 12%
c [ 11.94  0 26 8 1353  1 31481 12431 1.4 23 16 12 19 23% 866043 362 12%
c - 12.29  0 25 9 1354  1 33536 11403 1.4 22 16 12 19 24% 866043 362 12%
c p 12.31  0 25 9 1354  1 33536 11406 1.4 22 16 12 19 24% 866043 362 12%
c t 12.73  0 25 9 1354  1 33536 11404 1.4 22 16 12 19 24% 866041 362 12%
c W 13.34  0 24 9 1356  1 36016 13386 1.4 22 16 12 19 26% 866041 362 12%
c - 14.71  0 23 10 1360  1 42408 13863 1.4 22 16 10 17 26% 866041 362 12%
c p 14.72  0 23 10 1360  1 42408 13867 1.4 22 16 10 17 26% 866041 362 12%
c u 14.86  0 23 10 1360  1 42408 13830 1.4 22 16 10 17 26% 866041 362 12%
c v 14.92  0 23 10 1360  1 42408 13825 1.4 22 16 10 17 26% 866041 362 12%
c w 14.96  0 23 10 1360  1 42408 13825 1.4 22 16 10 17 26% 866041 362 12%
c x 15.03  0 23 10 1360  1 42408 13819 1.4 22 16 10 17 26% 865892 362 12%
c t 15.04  0 23 10 1360  1 42408 13819 1.4 22 16 10 17 26% 865887 362 12%
c O 15.44  0 23 10 1360  1 45018 15475 1.4 22 16 10 17 25% 865887 362 12%
c ] 16.07  0 22 10 1361  1 48968 18199 1.4 21 15 10 17 25% 865887 362 12%
c { 16.07  0 27 10 1361  2 48968 18199 1.5 16 11 9 13 23% 865887 362 12%
c - 17.52  0 26 11 1834  2 52385 16499 1.5 17 11 9 13 23% 865887 362 12%
c 
c  seconds  reductions   conflicts        size   tier2        variables
c         MB     restarts      redundant     glue    trail        remaining
c          level       rate         size/glue  tier1   irredundant
c 
c p 17.54  0 26 11 1834  2 52385 16516 1.5 17 11 9 13 23% 865887 361 12%
c F 18.53  0 24 11 2137  2 55020 18457 1.5 17 11 9 13 23% 865887 361 12%
c s 20.71  0 23 11 2803  2 61356 22518 1.5 17 11 9 13 22% 865716 361 12%
c e 20.88  0 23 11 2803  2 61356 22472 1.5 17 11 9 13 22% 787605 360 12%
c s 20.91  0 23 11 2803  2 61356 22458 1.5 17 11 9 13 22% 787428 360 12%
c - 22.00  0 23 12 3162  2 63470 20142 1.5 17 11 9 13 23% 787428 360 12%
c p 22.03  0 23 12 3162  2 63470 20153 1.5 17 11 9 13 23% 787428 360 12%
c u 22.18  0 23 12 3162  2 63470 20116 1.5 17 11 9 13 23% 787428 360 12%
c v 22.24  0 23 12 3162  2 63470 20115 1.5 17 11 9 13 23% 787428 360 12%
c w 22.27  0 23 12 3162  2 63470 20113 1.5 17 11 9 13 23% 787428 360 12%
c x 22.34  0 23 12 3162  2 63470 20113 1.5 17 11 9 13 23% 787376 360 12%
c B 23.32  0 22 12 3479  2 66022 21980 1.5 17 12 9 13 23% 787376 360 12%
c - 24.95  0 21 13 3756  2 75413 20955 1.5 17 11 7 12 23% 787376 360 12%
c p 24.98  0 21 13 3756  2 75413 20966 1.5 17 11 7 12 23% 787376 360 12%
c } 25.40  0 21 13 3758  2 75424 20977 1.5 17 11 7 12 23% 787376 360 12%
c [ 25.40  0 22 13 3758  1 75424 20977 1.4 21 15 10 17 25% 787376 360 12%
c B 25.94  0 21 13 3758  1 78023 22526 1.4 21 15 10 17 25% 787376 360 12%
c - 27.61  0 21 14 3764  1 88431 21054 1.4 21 15 10 17 24% 787376 360 12%
c p 27.63  0 21 14 3764  1 88431 21060 1.4 21 15 10 17 24% 787376 360 12%
c u 27.75  0 21 14 3764  1 88431 21029 1.4 21 15 10 17 24% 787376 360 12%
c 
c  seconds  reductions   conflicts        size    tier2        variables
c         MB     restarts      redundant     glue     trail        remaining
c          level       rate         size/glue  tier1    irredundant
c 
c v 27.80  0 21 14 3764  1 88431 21028 1.4 21 15 10 17 24% 787376 360 12%
c w 27.82  0 21 14 3764  1 88431 21024 1.4 21 15 10 17 24% 787376 360 12%
c x 27.90  0 21 14 3764  1 88431 21023 1.4 21 15 10 17 24% 787358 360 12%
c W 29.28  0 21 14 3765  1 91024 22684 1.4 21 15 10 17 24% 787358 360 12%
c - 30.97  0 20 15 3772  1 102529 21915 1.4 21 15 10 17 24% 787358 360 12%
c p 31.00  0 20 15 3772  1 102529 21926 1.4 21 15 10 17 24% 787358 360 12%
c I 31.36  0 20 15 3772  1 105025 23795 1.4 21 15 10 17 24% 787358 360 12%
c ] 32.13  0 20 15 3773  1 108928 26388 1.4 21 15 10 17 24% 787358 360 12%
c { 32.13  0 21 15 3773  2 108928 26388 1.5 17 11 7 12 23% 787358 360 12%
c - 34.93  0 20 16 4746  2 117709 25480 1.5 18 11 7 12 23% 787358 360 12%
c p 34.95  0 20 16 4746  2 117709 25490 1.5 18 11 7 12 23% 787358 360 12%
c u 35.10  0 20 16 4746  2 117709 25440 1.5 18 11 7 12 23% 787358 360 12%
c v 35.16  0 20 16 4746  2 117709 25436 1.5 18 11 7 12 23% 787358 360 12%
c w 35.19  0 20 16 4746  2 117709 25434 1.5 18 11 7 12 23% 787358 360 12%
c x 35.29  0 20 16 4746  2 117709 25433 1.5 18 11 7 12 23% 787287 360 12%
c t 35.29  0 20 16 4746  2 117709 25433 1.5 18 11 7 12 23% 787277 360 12%
c W 36.87  0 20 16 5122  2 120027 27035 1.5 18 12 7 12 23% 787277 360 12%
c s 39.17  0 19 16 5575  2 127927 32312 1.5 17 11 7 12 22% 786991 360 12%
c s 39.36  0 19 16 5575  2 127927 32301 1.5 17 11 7 12 22% 786729 360 12%
c - 42.31  0 19 17 6355  2 133973 29394 1.5 18 12 7 12 22% 786729 360 12%
c 
c  seconds  reductions   conflicts         size   tier2        variables
c         MB     restarts       redundant     glue    trail        remaining
c          level       rate          size/glue  tier1   irredundant
c 
c p 42.34  0 19 17 6355  2 133973 29407 1.5 18 12 7 12 22% 786729 360 12%
c u 42.48  0 19 17 6355  2 133973 29385 1.5 18 12 7 12 22% 786729 360 12%
c v 42.53  0 19 17 6355  2 133973 29378 1.5 18 12 7 12 22% 786729 360 12%
c w 42.55  0 19 17 6355  2 133973 29378 1.5 18 12 7 12 22% 786729 360 12%
c x 42.61  0 19 17 6355  2 133973 29378 1.5 18 12 7 12 22% 786701 360 12%
c # 42.98  0 19 17 6393  2 136028 30850 1.5 18 12 7 12 22% 786701 360 12%
c } 46.36  0 18 17 6998  2 149524 39878 1.5 17 11 7 12 22% 786701 360 12%
c [ 46.36  0 20 17 6998  1 149524 39878 1.4 21 15 10 17 24% 786701 360 12%
c - 46.66  0 20 18 6998  1 151321 34424 1.4 20 15 10 17 24% 786701 360 12%
c p 46.69  0 20 18 6998  1 151321 34436 1.4 20 15 10 17 24% 786701 360 12%
c B 47.61  0 20 18 6998  1 153029 35609 1.4 20 15 10 17 24% 786701 360 12%
c - 50.29  0 19 19 6999  1 169758 37088 1.4 20 14 10 17 24% 786701 360 12%
c p 50.32  0 19 19 6999  1 169758 37095 1.4 20 14 10 17 24% 786701 360 12%
c u 50.49  0 19 19 6999  1 169758 37030 1.4 20 14 10 17 24% 786701 360 12%
c v 50.56  0 19 19 6999  1 169758 37022 1.4 20 14 10 17 24% 786701 360 12%
c w 50.59  0 19 19 6999  1 169758 37020 1.4 20 14 10 17 24% 786701 360 12%
c x 50.70  0 19 19 6999  1 169758 37018 1.4 20 14 10 17 24% 786595 360 12%
c t 50.71  0 19 19 6999  1 169758 37018 1.4 20 14 10 17 24% 786590 360 12%
c W 51.73  0 19 19 6999  1 171030 37965 1.4 20 14 10 17 24% 786590 360 12%
c - 54.87  0 19 20 7011  1 189285 36643 1.4 20 14 10 17 24% 786590 360 12%
c 
c  seconds  reductions   conflicts         size    tier2        variables
c         MB     restarts       redundant     glue     trail        remaining
c          level       rate          size/glue  tier1    irredundant
c 
c p 54.90  0 19 20 7011  1 189285 36653 1.4 20 14 10 17 24% 786590 360 12%
c O 55.07  0 19 20 7011  1 190031 37111 1.4 20 14 10 17 23% 786590 360 12%
c ] 57.18  0 19 20 7014  1 200515 45066 1.4 20 14 10 17 24% 786590 360 12%
c { 57.18  0 18 20 7014  2 200515 45066 1.5 17 11 7 12 22% 786590 360 12%
c - 59.03  0 18 21 7312  2 209904 41050 1.6 18 11 7 12 23% 786590 360 12%
c p 59.06  0 18 21 7312  2 209904 41063 1.6 18 11 7 12 23% 786590 360 12%
c u 59.25  0 18 21 7312  2 209904 41012 1.6 18 11 7 12 23% 786590 360 12%
c v 59.33  0 18 21 7312  2 209904 41009 1.6 18 11 7 12 23% 786590 360 12%
c w 59.37  0 18 21 7312  2 209904 41005 1.6 18 11 7 12 23% 786590 360 12%
c x 59.47  0 18 21 7312  2 209904 41005 1.6 18 11 7 12 23% 786519 360 12%
c B 59.53  0 18 21 7313  2 210032 41087 1.6 18 11 7 12 23% 786519 360 12%
c s 61.18  0 18 21 7618  2 216677 45878 1.6 18 11 7 12 23% 786382 360 12%
c s 61.38  0 18 21 7618  2 216677 45867 1.6 18 11 7 12 23% 786254 360 12%
c W 67.10  0 17 21 8521  2 231033 55713 1.6 17 11 7 12 22% 786254 360 12%
c - 67.38  0 17 22 8569  2 231617 48089 1.6 17 11 7 12 22% 786254 360 12%
c p 67.42  0 17 22 8569  2 231617 48102 1.6 17 11 7 12 22% 786254 360 12%
c u 67.57  0 17 22 8569  2 231617 48065 1.6 17 11 7 12 22% 786254 360 12%
c v 67.63  0 17 22 8569  2 231617 48061 1.6 17 11 7 12 22% 786254 360 12%
c w 67.67  0 17 22 8569  2 231617 48060 1.6 17 11 7 12 22% 786254 360 12%
c x 67.77  0 17 22 8569  2 231617 48060 1.6 17 11 7 12 22% 786246 360 12%
c 
c  seconds  reductions   conflicts         size   tier2        variables
c         MB     restarts       redundant     glue    trail        remaining
c          level       rate          size/glue  tier1   irredundant
c 
c t 67.77  0 17 22 8569  2 231617 48060 1.6 17 11 7 12 22% 786208 360 12%
c F 74.84  0 16 22 10227  1 253036 62055 1.5 17 11 7 12 22% 786208 360 12%
c - 75.36  0 16 23 10259  1 254422 53621 1.5 17 11 7 12 22% 786208 360 12%
c p 75.40  0 16 23 10259  1 254422 53632 1.5 17 11 7 12 22% 786208 360 12%
c u 75.58  0 16 23 10259  1 254422 53576 1.5 17 11 7 12 22% 786208 360 12%
c v 75.65  0 16 23 10259  1 254422 53564 1.5 17 11 7 12 22% 786208 360 12%
c w 75.68  0 16 23 10259  1 254422 53564 1.5 17 11 7 12 22% 786208 360 12%
c x 75.80  0 16 23 10259  1 254422 53564 1.5 17 11 7 12 22% 786202 360 12%
c t 75.80  0 16 23 10259  1 254422 53564 1.5 17 11 7 12 22% 786195 360 12%
c } 77.11  0 16 23 10607  1 258022 56243 1.5 17 11 7 12 22% 786195 360 12%
c [ 77.11  0 19 23 10607  1 258022 56243 1.4 20 14 10 17 24% 786195 360 12%
c B 80.08  0 18 23 10615  1 276039 68027 1.4 20 14 8 15 24% 786195 360 12%
c - 80.63  0 18 24 10617  1 278326 57271 1.4 20 14 8 15 24% 786195 360 12%
c p 80.67  0 18 24 10617  1 278326 57284 1.4 20 14 8 15 24% 786195 360 12%
c u 81.63  0 18 24 10617  1 278326 57256 1.4 20 14 8 15 24% 786195 360 12%
c v 81.68  0 18 24 10617  1 278326 57254 1.4 20 14 8 15 24% 786195 360 12%
c w 81.70  0 18 24 10617  1 278326 57254 1.4 20 14 8 15 24% 786195 360 12%
c x 81.78  0 18 24 10617  1 278326 57254 1.4 20 14 8 15 24% 786159 360 12%
c W 87.15  0 18 24 10623  1 300041 69813 1.4 19 14 8 15 23% 786159 360 12%
c - 87.72  0 18 25 10623  1 303326 58990 1.4 19 14 8 15 23% 786159 360 12%
c 
c  seconds  reductions    conflicts         size   tier2        variables
c         MB      restarts       redundant     glue    trail        remaining
c          level        rate          size/glue  tier1   irredundant
c 
c p 87.75  0 18 25 10623  1 303326 59002 1.4 19 14 8 15 23% 786159 360 12%
c u 87.89  0 18 25 10623  1 303326 58973 1.4 19 14 8 15 23% 786159 360 12%
c v 87.95  0 18 25 10623  1 303326 58972 1.4 19 14 8 15 23% 786159 360 12%
c w 87.98  0 18 25 10623  1 303326 58971 1.4 19 14 8 15 23% 786159 360 12%
c x 88.05  0 18 25 10623  1 303326 58971 1.4 19 14 8 15 23% 786092 360 12%
c I 91.16  0 18 25 10624  1 325044 73911 1.4 19 14 8 15 24% 786092 360 12%
c s 91.67  0 18 25 10624  1 327607 75743 1.4 19 14 8 15 24% 785767 360 12%
c s 91.88  0 18 25 10624  1 327607 75706 1.4 19 14 8 15 24% 785206 360 12%
c - 92.56  0 18 26 10624  1 329424 63173 1.4 19 14 8 15 24% 785206 360 12%
c p 92.60  0 18 26 10624  1 329424 63185 1.4 19 14 8 15 24% 785206 360 12%
c u 92.73  0 18 26 10624  1 329424 63143 1.4 19 14 8 15 24% 785206 360 12%
c v 92.79  0 18 26 10624  1 329424 63143 1.4 19 14 8 15 24% 785206 360 12%
c w 92.81  0 18 26 10624  1 329424 63141 1.4 19 14 8 15 24% 785206 360 12%
c x 92.90  0 18 26 10624  1 329424 63141 1.4 19 14 8 15 24% 785192 360 12%
c ] 93.49  0 18 26 10624  1 331531 64884 1.4 19 14 8 15 24% 785192 360 12%
c { 93.49  0 16 26 10624  1 331531 64884 1.5 17 11 7 12 22% 785192 360 12%
c B 100.62  0 16 26 12576  1 351046 78036 1.5 17 11 6 11 23% 785192 360 12%
c - 102.95  0 16 27 13190  1 356614 58548 1.5 17 11 6 11 22% 785192 360 12%
c p 102.99  0 16 27 13190  1 356614 58561 1.5 17 11 6 11 22% 785192 360 12%
c u 103.18  0 16 27 13190  1 356614 58519 1.5 17 11 6 11 22% 785192 360 12%
c 
c  seconds   reductions    conflicts         size   tier2        variables
c          MB      restarts       redundant     glue    trail        remaining
c           level        rate          size/glue  tier1   irredundant
c 
c v 103.27  0 16 27 13190  1 356614 58506 1.5 17 11 6 11 22% 785192 360 12%
c w 103.31  0 16 27 13190  1 356614 58505 1.5 17 11 6 11 22% 785192 360 12%
c x 103.44  0 16 27 13190  1 356614 58505 1.5 17 11 6 11 22% 785076 360 12%
c t 103.45  0 16 27 13190  1 356614 58505 1.5 17 11 6 11 22% 785072 360 12%
c W 110.15  0 16 27 14403  1 378048 71966 1.5 17 11 6 11 22% 785072 360 12%
c - 111.61  0 16 28 14611  1 384904 61836 1.5 17 11 6 11 22% 785072 360 12%
c p 111.64  0 16 28 14611  1 384904 61849 1.5 17 11 6 11 22% 785072 360 12%
c u 111.80  0 16 28 14611  1 384904 61814 1.5 17 11 6 11 22% 785072 360 12%
c v 111.87  0 16 28 14611  1 384904 61813 1.5 17 11 6 11 22% 785072 360 12%
c w 111.90  0 16 28 14611  1 384904 61813 1.5 17 11 6 11 22% 785072 360 12%
c x 112.02  0 16 28 14611  1 384904 61813 1.5 17 11 6 11 22% 785054 360 12%
c # 117.84  0 15 28 15646  1 406051 75800 1.5 17 11 5 11 22% 785054 360 12%
c } 119.09  0 15 28 15817  1 410208 78168 1.5 17 11 5 11 22% 785054 360 12%
c [ 119.09  0 18 28 15817  1 410208 78168 1.4 19 14 8 15 24% 785054 360 12%
c - 120.13  0 18 29 15817  1 414298 60612 1.4 19 14 8 15 24% 785054 360 12%
c p 120.18  0 18 29 15817  1 414298 60624 1.4 19 14 8 15 24% 785054 360 12%
c u 120.37  0 18 29 15817  1 414298 60555 1.4 19 14 8 15 24% 785054 360 12%
c v 120.46  0 18 29 15817  1 414298 60542 1.4 19 14 8 15 24% 785054 360 12%
c w 120.50  0 18 29 15817  1 414298 60537 1.4 19 14 8 15 24% 785054 360 12%
c x 120.64  0 18 29 15817  1 414298 60537 1.4 19 14 8 15 24% 785017 360 12%
c 
c  seconds   reductions    conflicts         size   tier2        variables
c          MB      restarts       redundant     glue    trail        remaining
c           level        rate          size/glue  tier1   irredundant
c 
c B 124.63  0 17 29 15824  1 435054 72816 1.4 19 13 8 15 23% 785017 360 12%
c - 126.71  0 17 30 15830  1 444789 57915 1.4 19 13 8 15 23% 785017 360 12%
c p 126.74  0 17 30 15830  1 444789 57926 1.4 19 13 8 15 23% 785017 360 12%
c u 126.92  0 17 30 15830  1 444789 57868 1.4 19 13 8 15 23% 785017 360 12%
c v 127.00  0 17 30 15830  1 444789 57861 1.4 19 13 8 15 23% 785017 360 12%
c w 127.03  0 17 30 15830  1 444789 57858 1.4 19 13 8 15 23% 785017 360 12%
c x 127.14  0 17 30 15830  1 444789 57857 1.4 19 13 8 15 23% 784972 360 12%
c t 127.14  0 17 30 15830  1 444789 57857 1.4 19 13 8 15 23% 784966 360 12%
c s 130.01  0 17 30 15835  1 460699 66579 1.4 19 13 8 15 23% 784733 360 12%
c s 130.23  0 17 30 15835  1 460699 66513 1.4 19 13 8 15 23% 783807 360 12%
c W 132.62  0 17 30 15838  1 465057 69466 1.4 19 13 7 14 23% 783807 360 12%
c - 135.38  0 16 31 15844  1 476382 55064 1.4 18 13 7 14 23% 783807 360 12%
c p 135.42  0 16 31 15844  1 476382 55077 1.4 18 13 7 14 23% 783807 360 12%
c u 136.62  0 16 31 15844  1 476382 54967 1.4 18 13 7 14 23% 783807 360 12%
c v 136.70  0 16 31 15844  1 476382 54963 1.4 18 13 7 14 23% 783807 360 12%
c w 136.73  0 16 31 15844  1 476382 54963 1.4 18 13 7 14 23% 783807 360 12%
c x 136.84  0 16 31 15844  1 476382 54963 1.4 18 13 7 14 23% 783681 360 12%
c t 136.84  0 16 31 15844  1 476382 54963 1.4 18 13 7 14 23% 783679 360 12%
c O 140.20  0 16 31 15848  1 496058 67562 1.4 18 13 7 14 23% 783679 360 12%
c ] 141.39  0 16 31 15848  1 502356 71131 1.4 18 13 7 14 22% 783679 360 12%
c 
c  seconds   reductions    conflicts         size   tier2        variables
c          MB      restarts       redundant     glue    trail        remaining
c           level        rate          size/glue  tier1   irredundant
c 
c { 141.39  0 15 31 15848  1 502356 71131 1.5 17 11 5 11 22% 783679 360 12%
c - 143.97  0 15 32 16511  1 509066 57220 1.5 17 11 5 11 22% 783679 360 12%
c p 144.00  0 15 32 16511  1 509066 57231 1.5 17 11 5 11 22% 783679 360 12%
c u 144.19  0 15 32 16511  1 509066 57169 1.5 17 11 5 11 22% 783679 360 12%
c v 144.27  0 15 32 16511  1 509066 57164 1.5 17 11 5 11 22% 783679 360 12%
c w 144.31  0 15 32 16511  1 509066 57162 1.5 17 11 5 11 22% 783679 360 12%
c x 144.42  0 15 32 16511  1 509066 57162 1.5 17 11 5 11 22% 783627 360 12%
c B 150.32  0 15 32 17526  1 528060 68844 1.5 17 11 5 11 22% 783627 360 12%
c - 154.47  0 15 33 18110  1 542851 63035 1.5 17 11 5 11 22% 783627 360 12%
c p 154.51  0 15 33 18110  1 542851 63048 1.5 17 11 5 11 22% 783627 360 12%
c u 154.72  0 15 33 18110  1 542851 62968 1.5 17 11 5 11 22% 783627 360 12%
c v 154.83  0 15 33 18110  1 542851 62962 1.5 17 11 5 11 22% 783627 360 12%
c w 154.88  0 15 33 18110  1 542851 62960 1.5 17 11 5 11 22% 783627 360 12%
c x 155.04  0 15 33 18110  1 542851 62959 1.5 17 11 5 11 22% 783574 360 12%
c W 161.24  0 14 33 18573  1 561061 73566 1.5 16 11 5 11 21% 783574 360 12%
c - 166.23  0 14 34 19538  1 577741 70060 1.5 16 11 5 11 21% 783574 360 12%
c p 166.27  0 14 34 19538  1 577741 70071 1.5 16 11 5 11 21% 783574 360 12%
c u 166.45  0 14 34 19538  1 577741 69995 1.5 16 11 5 11 21% 783574 360 12%
c v 166.53  0 14 34 19538  1 577741 69953 1.5 16 11 5 11 21% 783574 360 12%
c w 166.57  0 14 34 19538  1 577741 69949 1.5 16 11 5 11 21% 783574 360 12%
c 
c  seconds   reductions    conflicts         size   tier2        variables
c          MB      restarts       redundant     glue    trail        remaining
c           level        rate          size/glue  tier1   irredundant
c 
c x 166.71  0 14 34 19538  1 577741 69949 1.5 16 11 5 11 21% 783530 360 12%
c t 166.72  0 14 34 19538  1 577741 69949 1.5 16 11 5 11 21% 783529 360 12%
c F 171.83  0 14 34 20879  1 595063 80583 1.5 16 11 5 10 21% 783529 360 12%
c } 174.03  0 14 34 21347  1 603503 86053 1.5 16 11 5 10 21% 783529 360 12%
c [ 174.03  0 16 34 21347  1 603503 86053 1.4 18 13 7 14 22% 783529 360 12%
c - 176.53  0 16 35 21350  1 613732 70551 1.4 18 13 7 14 22% 783529 360 12%
c p 176.57  0 16 35 21350  1 613732 70564 1.4 18 13 7 14 22% 783529 360 12%
c u 176.74  0 16 35 21350  1 613732 70510 1.4 18 13 7 14 22% 783529 360 12%
c v 176.82  0 16 35 21350  1 613732 70501 1.4 18 13 7 14 22% 783529 360 12%
c w 176.86  0 16 35 21350  1 613732 70500 1.4 18 13 7 14 22% 783529 360 12%
c x 176.99  0 16 35 21350  1 613732 70500 1.4 18 13 7 14 22% 783442 360 12%
c t 177.00  0 16 35 21350  1 613732 70500 1.4 18 13 7 14 22% 783440 360 12%
c s 177.60  0 15 35 21352  1 615936 71550 1.4 18 13 7 14 22% 782900 360 12%
c s 177.80  0 15 35 21352  1 615936 71507 1.4 18 13 7 14 22% 781519 360 12%
c B 180.37  0 15 35 21360  1 630066 79699 1.4 18 12 7 14 22% 781519 360 12%
c - 183.68  0 15 36 21368  1 650827 70497 1.4 17 12 7 14 22% 781519 360 12%
c p 183.71  0 15 36 21368  1 650827 70510 1.4 17 12 7 14 22% 781519 360 12%
c u 183.87  0 15 36 21368  1 650827 70402 1.4 17 12 7 14 22% 781519 360 12%
c v 183.94  0 15 36 21368  1 650827 70399 1.4 17 12 7 14 22% 781519 360 12%
c w 183.97  0 15 36 21368  1 650827 70398 1.4 17 12 7 14 22% 781519 360 12%
c 
c  seconds   reductions    conflicts         size   tier2        variables
c          MB      restarts       redundant     glue    trail        remaining
c           level        rate          size/glue  tier1   irredundant
c 
c x 184.09  0 15 36 21368  1 650827 70398 1.4 17 12 7 14 22% 781499 360 12%
c W 188.36  0 14 36 21376  1 666068 78635 1.4 17 12 6 13 21% 781499 360 12%
c - 192.46  0 14 37 21378  1 689003 71924 1.4 17 12 6 13 21% 781499 360 12%
c p 192.50  0 14 37 21378  1 689003 71937 1.4 17 12 6 13 21% 781499 360 12%
c u 192.69  0 14 37 21378  1 689003 71910 1.4 17 12 6 13 21% 781499 360 12%
c v 192.77  0 14 37 21378  1 689003 71901 1.4 17 12 6 13 21% 781499 360 12%
c w 192.80  0 14 37 21378  1 689003 71900 1.4 17 12 6 13 21% 781499 360 12%
c x 192.91  0 14 37 21378  1 689003 71900 1.4 17 12 6 13 21% 781455 360 12%
c t 192.91  0 14 37 21378  1 689003 71900 1.4 17 12 6 13 21% 781454 360 12%
c I 195.67  0 13 37 21379  1 703070 79237 1.4 16 11 6 13 21% 781454 360 12%
c ] 198.65  0 13 37 21379  1 723090 88885 1.4 16 11 6 13 21% 781454 360 12%
c { 198.65  0 14 37 21379  1 723090 88885 1.5 16 11 5 10 21% 781454 360 12%
c - 199.77  0 14 38 21411  1 728284 75694 1.5 16 11 5 10 21% 781454 360 12%
c p 199.80  0 14 38 21411  1 728284 75707 1.5 16 11 5 10 21% 781454 360 12%
c u 200.02  0 14 38 21411  1 728284 75617 1.5 16 11 5 10 21% 781454 360 12%
c v 200.09  0 14 38 21411  1 728284 75609 1.5 16 11 5 10 21% 781454 360 12%
c w 200.13  0 14 38 21411  1 728284 75605 1.5 16 11 5 10 21% 781454 360 12%
c x 200.23  0 14 38 21411  1 728284 75604 1.5 16 11 5 10 21% 781247 360 12%
c t 200.23  0 14 38 21411  1 728284 75604 1.5 16 11 5 10 21% 781246 360 12%
c B 202.91  0 13 38 21841  1 741071 82773 1.5 16 11 5 10 21% 781246 360 12%
c 
c  seconds   reductions    conflicts         size   tier2        variables
c          MB      restarts       redundant     glue    trail        remaining
c           level        rate          size/glue  tier1   irredundant
c 
c - 209.30  0 13 39 22990  1 768668 82059 1.5 15 10 5 10 21% 781246 360 12%
c p 209.33  0 13 39 22990  1 768668 82072 1.5 15 10 5 10 21% 781246 360 12%
c u 210.64  0 13 39 22990  1 768668 81993 1.5 15 10 5 10 21% 781246 360 12%
c v 210.76  0 13 39 22990  1 768668 81987 1.5 15 10 5 10 21% 781246 360 12%
c w 210.80  0 13 39 22990  1 768668 81918 1.5 15 10 5 10 21% 781246 360 12%
c x 210.92  0 13 39 22990  1 768668 81917 1.5 15 10 5 10 21% 781157 360 12%
c t 210.93  0 13 39 22990  1 768668 81917 1.5 15 10 5 10 21% 781156 360 12%
c W 215.30  0 13 39 23236  1 780072 87799 1.5 15 10 5 10 21% 781156 360 12%
c s 219.02  0 13 39 24106  1 793283 95088 1.5 15 10 5 10 21% 780445 360 12%
c s 219.23  0 13 39 24106  1 793283 95068 1.5 15 10 5 10 21% 779407 360 12%
c - 223.08  0 12 40 24403  1 810154 86190 1.5 15 10 5 10 20% 779407 360 12%
c p 223.12  0 12 40 24403  1 810154 86203 1.5 15 10 5 10 20% 779407 360 12%
c u 223.31  0 12 40 24403  1 810154 86108 1.5 15 10 5 10 20% 779407 360 12%
c v 223.39  0 12 40 24403  1 810154 86079 1.5 15 10 5 10 20% 779407 360 12%
c w 223.44  0 12 40 24403  1 810154 86067 1.5 15 10 5 10 20% 779407 360 12%
c x 223.58  0 12 40 24403  1 810154 86066 1.5 15 10 5 10 20% 779293 360 12%
c t 223.58  0 12 40 24403  1 810154 86066 1.5 15 10 5 10 20% 779292 360 12%
c # 225.45  0 12 40 24570  1 820074 90726 1.5 15 10 5 10 20% 779292 360 12%
c i 231.53  0 11 40 25276  1 845554 102187 1.5 14 10 5 10 20% 779292 359 12%
c - 233.30  0 11 41 25348  1 852723 69794 1.5 14 10 5 10 20% 711011 359 12%
c 
c  seconds   reductions    conflicts         size   tier2        variables
c          MB      restarts       redundant     glue    trail        remaining
c           level        rate          size/glue  tier1   irredundant
c 
c 2 233.31  0 11 41 25348  1 852723 69793 1.5 14 10 5 10 20% 711011 359 12%
c p 233.34  0 11 41 25348  1 852723 69806 1.5 14 10 5 10 20% 711011 359 12%
c u 233.57  0 11 41 25348  1 852723 69286 1.5 14 10 5 10 20% 711011 359 12%
c v 233.68  0 11 41 25348  1 852723 69226 1.5 14 10 5 10 20% 711011 359 12%
c w 233.74  0 11 41 25348  1 852723 69153 1.5 14 10 5 10 20% 711011 359 12%
c x 233.87  0 11 41 25348  1 852723 69151 1.5 14 10 5 10 20% 710809 359 12%
c t 233.88  0 11 41 25348  1 852723 69150 1.5 14 10 5 10 20% 710805 359 12%
c i 234.31  0 11 41 25348  1 854985 69879 1.4 14 9 5 10 20% 710805 358 12%
c } 234.76  0 11 41 25371  1 857051 71002 1.4 14 9 4 9 20% 710805 358 12%
c [ 234.76  0 13 41 25371  1 857051 71002 1.4 16 11 6 13 21% 710805 358 12%
c B 235.45  0 13 41 25372  1 861075 72869 1.4 16 11 6 13 20% 710805 358 12%
c i 235.55  0 13 41 25372  1 861786 73115 1.4 15 11 6 13 20% 710805 357 12%
c i 236.05  0 13 41 25372  1 864437 74240 1.4 15 11 6 13 20% 710805 354 12%
c i 236.12  0 13 41 25372  1 864679 74333 1.4 15 11 6 13 20% 710805 352 12%
c i 236.18  0 13 41 25372  1 864937 74468 1.4 15 11 6 13 20% 710805 351 12%
c i 236.20  0 13 41 25372  1 865023 74495 1.4 15 11 6 13 20% 710805 350 12%
c i 236.26  0 13 41 25372  1 865299 74582 1.4 15 11 6 13 20% 710805 337 11%
c i 236.27  0 13 41 25372  1 865396 74626 1.4 15 11 6 13 20% 710805 336 11%
c i 236.27  0 13 41 25372  1 865402 74628 1.4 15 11 6 13 20% 710805 330 11%
c i 236.27  0 13 41 25372  1 865406 74629 1.4 15 11 6 13 20% 710805 326 11%
c 
c  seconds   reductions    conflicts         size   tier2        variables
c          MB      restarts       redundant     glue    trail        remaining
c           level        rate          size/glue  tier1   irredundant
c 
c i 236.28  0 13 41 25372  1 865408 74629 1.4 15 11 6 13 20% 710805 322 11%
c ] 236.28  0 13 41 25372  1 865410 74629 1.4 15 11 6 13 20% 710805 313 11%
c 0 236.28  0 13 41 25372  1 865410 74629 1.4 15 11 6 13 20% 710805 313 11%
c 
c --- [ closing proof ] ------------------------------------------------------
c 
c LRAT proof file '/Users/ivanspogreev/earth-moon/population/f034-a4-cert/split-m13/c4/round-0/F.lrat' closed
c LRAT 1591124 added clauses 33.40%
c LRAT 3172168 deleted clauses 66.60%
c LRAT 276957999 bytes (264.13 MB)
c 
c --- [ result ] -------------------------------------------------------------
c 
s UNSATISFIABLE
c 
c --- [ run-time profiling ] -------------------------------------------------
c 
c process time taken by individual solving procedures
c (percentage relative to process time for solving)
c 
c       214.74   91.41% search
c       128.25   54.60% unstable
c        73.75   31.40% stable
c        20.17    8.59% simplify
c        12.64    5.38% walk
c        10.54    4.49% vivify
c         4.94    2.10% sweep
c         2.18    0.93% elim
c         1.37    0.58% parse
c         0.71    0.30% subsume
c         0.70    0.30% probe
c         0.23    0.10% ternary
c         0.22    0.09% congruence
c         0.09    0.04% lucky
c         0.00    0.00% backbone
c   =================================
c       234.91   99.42% solve
c 
c last line shows process time for solving
c (percentage relative to total process time)
c 
c --- [ statistics ] ---------------------------------------------------------
c 
c chronological:             88869        10.27 %  of conflicts
c conflicts:                865410      3684.07    per second
c backbone:                  69852      2371.88 %  of vars
c decisions:               1046684      4455.75    per second
c eliminated:                 1800        61.12 %  of all variables
c fixed:                       831        28.22 %  of all variables
c learned:                  845489        97.70 %  per conflict
c learned_lits:           20292531       100.00 %  learned literals
c minimized:                     0         0.00 %  learned literals
c shrunken:                4842016        23.86 %  learned literals
c minishrunken:            1420721         7.00 %  learned literals
c otfs:                      10839         1.25 %  of conflict
c propagations:           12416385         0.05 M  per second
c reduced:                  429903        49.68 %  per conflict
c rephased:                     41     21107.56    interval
c restarts:                  25372        34.11    interval
c stabilizing:                   9        46.65 %  of conflicts
c substituted:                   1         0.03 %  of all variables
c subsumed:                 331281        19.23 %  of all clauses
c strengthened:              40868         2.37 %  of all clauses
c ticks:               17811377060      1465.11    propagation
c vivified:                   7492         0.43 %  of all clauses
c walked:                       12     72117.50    interval
c weakened:                   4276         2.53    average size
c congruence:                    8    108176.25    interval
c 
c seconds are measured in process time for solving
c 
c --- [ glue usage ] ---------------------------------------------------------
c 
c focused glue 4 used 169672 clauses 9.894% accumulated 51.25% tier1
c focused glue 5 used 147366 clauses 8.593% accumulated 59.85%
c focused glue 6-7 used 220114 clauses 12.83% accumulated 72.68%
c focused glue 8 used 89591 clauses 5.224% accumulated 77.91%
c focused glue 9 used 82641 clauses 4.819% accumulated 82.73% tier2
c 
c stable glue 6 used 106755 clauses 6.217% accumulated 53.23% tier1
c stable glue 7 used 99971 clauses 5.822% accumulated 59.06%
c stable glue 8-10 used 291198 clauses 16.96% accumulated 76.02%
c stable glue 11 used 83532 clauses 4.865% accumulated 80.88%
c stable glue 12 used 73831 clauses 4.300% accumulated 85.18% tier2
c 
c 
c --- [ resources ] ----------------------------------------------------------
c 
c total process time since initialization:       236.28    seconds
c total real time since initialization:          237.84    seconds
c maximum resident set size of process:          829.94    MB
c 
c --- [ shutting down ] ------------------------------------------------------
c 
c exit 20

[rc=20 237.9s]
$ /Users/ivanspogreev/earth-moon/verifier/../tools/drat-trim/lrat-check /Users/ivanspogreev/earth-moon/population/f034-a4-cert/split-m13/c4/round-0/F.cnf /Users/ivanspogreev/earth-moon/population/f034-a4-cert/split-m13/c4/round-0/F.lrat
c parsed a formula with 2945 variables and 2367317 clauses
c VERIFIED
c allocated 1024 53930436 99393
c Added clauses = 3958441.  Deleted clauses = 3172168.  Max live clauses = 2367317
c verification time = 5.53 secs

[rc=0 5.5s]
