# lean_static_resolve 2026-09-25 21:59:01
# dump=/Users/ivanspogreev/earth-moon/population/f034-a4-cert/split-m07/dump.jsonl raw=2525806 dedup=2525806 footer={'type': 'footer', 'verdict': 'UNSAT', 'counts': {'preseed': 9556, 'prop': 2516250, 'model': 0}, 'stats': {'checks': 27068821, 'confl': 1258125, 'model_rej': 0}, 'time': '2026-09-25T21:06:59-0700'}
# counters=False
# cube=[-53, -151, -73, 86]
$ /opt/homebrew/bin/cadical --lrat --no-binary --no-factor /Users/ivanspogreev/earth-moon/population/f034-a4-cert/split-m07/c15/round-0/F.cnf /Users/ivanspogreev/earth-moon/population/f034-a4-cert/split-m07/c15/round-0/F.lrat
c --- [ banner ] -------------------------------------------------------------
c 
c CaDiCaL SAT Solver
c Copyright (c) 2016-2026
c A. Biere, M. Fleury, N. Froleyks, K. Fazekas, F. Pollitt, T. Faller
c JKU Linz, University of Freiburg, TU Wien
c 
c Version 3.0.1
c Apple clang version 16.0.0 (clang-1600.0.26.6) -Wall -Wextra -O3 -DNDEBUG -std=c++11 -DNCLOSEFROM
c Sun Jul 19 15:40:55 UTC 2026 Darwin Sonoma-arm64.local 23.6.0 arm64
c 
c --- [ proof tracing ] ------------------------------------------------------
c 
c opening file to write '/Users/ivanspogreev/earth-moon/population/f034-a4-cert/split-m07/c15/round-0/F.lrat'
c writing non-binary proof trace to '/Users/ivanspogreev/earth-moon/population/f034-a4-cert/split-m07/c15/round-0/F.lrat'
c 
c --- [ parsing input ] ------------------------------------------------------
c 
c reading DIMACS file from '/Users/ivanspogreev/earth-moon/population/f034-a4-cert/split-m07/c15/round-0/F.cnf'
c opening file to read '/Users/ivanspogreev/earth-moon/population/f034-a4-cert/split-m07/c15/round-0/F.cnf'
c found 'p cnf 3276 2535151' header
c parsed 2535151 clauses in 1.51 seconds process time
c 
c --- [ options ] ------------------------------------------------------------
c 
c   --binary=false                 (different from default 'true')
c   --lrat=true                    (different from default 'false')
c 
c --- [ solving ] ------------------------------------------------------------
c 
c time measured in process time since initialization
c 
c  seconds  reduction conflicts       size tier2        variables
c         MB    restarts   redundant    glue  trail          remaining
c          level     rate       size/glu tier1   irredundant
c 
c *  1.51  0  0 0   0  0    0    0 0.0 0 0 2 6  0% 1370057 3233 99%
c )  1.57  0  0 0   0  0    0    0 0.0 0 0 2 6  0% 1370057 3233 99%
c {  1.57  0  0 0   0  0    0    0 0.0 0 0 2 6  0% 1370057 3233 99%
c i  1.60  0 1772 0   0 196   10    8 1.9 7 4 2 6 58% 1370057 3232 99%
c i  1.82  0 277 0  25 16  248  156 1.3 17 13 2 6 22% 1370003 3227 99%
c -  1.90  0 238 1  25 14  301   93 1.3 16 13 2 6 21% 1369975 3227 99%
c i  1.93  0 235 1  25 14  308   95 1.3 16 12 2 6 21% 1369974 3225 98%
c i  1.94  0 233 1  25 14  310   96 1.3 16 12 2 6 21% 1369974 3224 98%
c i  1.94  0 233 1  25 14  311   96 1.3 16 12 2 6 21% 1369974 3223 98%
c i  1.94  0 232 1  25 14  312   96 1.3 16 12 2 6 21% 1369974 3217 98%
c i  1.94  0 213 1  25 13  359  110 1.3 16 12 2 6 21% 1369949 3216 98%
c i  1.99  0 182 1  31 11  452  154 1.3 17 13 2 6 20% 1369907 3215 98%
c i  1.99  0 181 1  32 11  453  154 1.3 17 13 2 6 20% 1369907 3214 98%
c i  1.99  0 181 1  32 11  454  154 1.3 17 13 2 6 20% 1369907 3212 98%
c i  1.99  0 180 1  32 11  455  154 1.3 17 13 2 6 20% 1369907 3211 98%
c i  1.99  0 180 1  32 11  456  154 1.3 17 13 2 6 20% 1369907 3210 98%
c i  1.99  0 179 1  32 11  457  154 1.3 16 12 2 6 20% 1369907 3209 98%
c i  2.10  0 138 1  39  9  667  258 1.4 17 12 2 6 21% 1369824 3205 98%
c i  2.12  0 136 1  41  9  686  269 1.4 17 12 2 6 21% 1369818 3204 98%
c i  2.12  0 135 1  41  9  687  269 1.4 17 12 2 6 21% 1369818 3202 98%
c 
c  seconds   reduction conflicts       size   tier2        variables
c         MB     restarts   redundant     glue   trail          remaining
c           level     rate       size/glue  tier1   irredundant
c 
c i  2.19  0 126 1  51  9  767  302 1.4 17 13 2 6 20% 1369777 3200 98%
c i  2.25  0 120 1  63  9  810  338 1.3 18 13 2 6 20% 1369774 3197 98%
c i  2.26  0 117 1  72  9  843  358 1.3 18 13 2 6 19% 1369762 3196 98%
c i  2.26  0 117 1  72  9  844  358 1.3 17 13 2 6 19% 1369762 3194 97%
c }  2.30  0 103 1  81  8 1002  466 1.4 18 13 2 6 19% 1369727 3194 97%
c [  2.30  0  0 1  81  0 1002  466 0.0 0 0 2 6  0% 1369727 3194 97%
c O  2.30  0  3 1  81  4 1003  467 2.0 6 3 2 6 19% 1369727 3194 97%
c -  2.51  0  8 2  81  1 1227  324 1.6 11 7 2 6 14% 1369674 3194 97%
c i  2.52  0  7 2  81  1 1415  411 1.7 10 6 2 6 12% 1369674 3185 97%
c i  2.75  0 34 2  82  1 2249 1068 1.8 20 11 2 6 25% 1369627 3184 97%
c i  2.77  0 34 2  82  1 2415 1141 1.8 20 11 2 6 24% 1369580 3183 97%
c i  2.77  0 34 2  82  1 2417 1141 1.8 20 11 2 6 24% 1369579 3182 97%
c i  2.77  0 34 2  82  1 2423 1143 1.8 20 11 2 6 24% 1369577 3181 97%
c i  2.78  0 34 2  82  1 2515 1194 1.8 20 11 2 6 24% 1369561 3178 97%
c i  2.84  0 31 2  82  1 2867 1433 1.7 20 12 2 6 22% 1369549 3177 97%
c i  2.84  0 31 2  82  1 2869 1433 1.7 20 12 2 6 22% 1369548 3173 97%
c i  2.85  0 31 2  82  1 2881 1439 1.7 20 12 2 6 22% 1369546 3129 96%
c I  2.88  0 31 2  82  1 3004 1521 1.7 20 12 2 6 22% 1369538 3129 96%
c i  2.88  0 31 2  82  1 3018 1525 1.7 20 12 2 6 22% 1369529 3126 95%
c i  2.88  0 30 2  82  1 3025 1529 1.7 20 12 2 6 22% 1369527 3083 94%
c 
c  seconds  reduction conflicts       size   tier2        variables
c         MB    restarts   redundant     glue   trail          remaining
c          level     rate       size/glue  tier1   irredundant
c 
c i  2.89  0 30 2  82  2 3090 1544 1.7 20 12 2 6 21% 1369488 3082 94%
c i  2.89  0 30 2  82  2 3092 1544 1.7 20 12 2 6 21% 1369487 3081 94%
c i  2.89  0 30 2  82  2 3096 1544 1.7 20 12 2 6 21% 1369486 3054 93%
c -  3.03  0 30 3  82  2 3096  487 1.7 20 12 2 6 21% 1368672 3054 93%
c ]  3.15  0 31 3  83  2 3462  742 1.6 20 13 2 6 21% 1368669 3054 93%
c {  3.15  0 103 3  83  8 3462  742 1.4 18 13 2 6 19% 1368669 3054 93%
c i  3.19  0 97 3  95  8 3549  795 1.4 17 13 2 6 19% 1368654 3045 93%
c i  3.19  0 97 3  95  8 3550  795 1.4 17 13 2 6 19% 1368654 3034 93%
c i  3.19  0 96 3  95  8 3556  797 1.4 17 13 2 6 19% 1368652 2988 91%
c 2  3.26  0 89 3  97  7 3767  944 1.5 19 13 2 6 21% 1368606 2976 91%
c d  3.31  0 89 3  97  7 3767  931 1.5 19 13 2 6 21% 1368512 2975 91%
c p  3.32  0 89 3  97  7 3767  931 1.5 19 13 2 6 21% 1368512 2974 91%
c t  3.60  0 89 3  97  7 3767  925 1.5 19 13 2 6 21% 1368494 2923 89%
c i  3.79  0 89 3  97  7 3775  916 1.5 19 13 2 6  3% 1368494 2922 89%
c i  4.21  0 46 3 162  4 5545 2185 1.6 19 12 11 15  6% 1368440 2921 89%
c i  4.22  0 46 3 162  4 5595 2199 1.6 19 12 11 15  7% 1368410 2920 89%
c i  4.22  0 46 3 162  4 5597 2199 1.6 19 12 11 15  7% 1368409 2918 89%
c O  4.30  0 43 3 162  3 6005 2462 1.7 19 12 11 15  8% 1368394 2918 89%
c -  4.50  0 42 4 162  3 6068 2162 1.7 19 12 10 14  8% 1368386 2918 89%
c 2  4.58  0 41 4 162  3 6267 2303 1.7 19 12 10 14  8% 1368386 2911 89%
c 
c  seconds  reduction conflicts       size    tier2         variables
c         MB    restarts   redundant     glue     trail          remaining
c          level     rate       size/glue  tier1     irredundant
c 
c d  4.63  0 41 4 162  3 6267 2303 1.7 19 12 10 14  8% 1368371 2910 89%
c k  4.64  0 41 4 162  3 6267 2303 1.7 19 12 10 14  8% 1368371 2905 89%
c 2  4.64  0 41 4 162  3 6267 2302 1.7 19 12 10 14  8% 1368370 2905 89%
c #  5.78  0 29 4 494  3 10008 4941 1.7 20 12 10 15  8% 1368351 2905 89%
c -  6.05  0 29 5 537  3 10227 4641 1.6 20 12 10 15  8% 1368341 2905 89%
c 2  6.05  0 29 5 537  3 10227 4641 1.6 20 12 10 15  8% 1368341 2900 89%
c }  6.46  0 28 5 587  3 10587 4864 1.6 20 13 10 15  8% 1368336 2900 89%
c [  6.46  0 31 5 587  2 10587 4864 1.6 20 13 2 6 24% 1368336 2900 89%
c B  7.10  0 20 5 590  1 15010 7446 1.4 19 13 9 15 13% 1368336 2900 89%
c -  7.38  0 21 6 590  1 15627 6831 1.5 20 13 9 15 14% 1368293 2900 89%
c 2  7.38  0 21 6 590  1 15627 6831 1.5 20 13 9 15 14% 1368293 2881 88%
c i  7.74  0 21 6 591  1 17306 8043 1.5 20 14 9 15 13% 1368288 2848 87%
c s  7.82  0 21 6 591  1 17456 8114 1.5 20 14 9 15 13% 1368225 2848 87%
c t  7.84  0 21 6 591  1 17456 8114 1.5 20 14 9 15 13% 1368194 2848 87%
c e  8.04  0 21 6 591  1 17456 7620 1.5 20 14 9 15 13% 1364230 649 20%
c s  8.08  0 21 6 591  1 17456 7615 1.5 20 14 9 15 13% 1364194 649 20%
c ]  8.95  0 22 6 591  1 19725 9483 1.5 21 14 9 15 18% 1364194 649 20%
c {  8.95  0 28 6 591  3 19725 9483 1.6 20 13 10 15 37% 1364194 649 20%
c B  9.38  0 27 6 761  2 21011 10485 1.6 21 13 10 15 34% 1364194 649 20%
c - 10.19  0 26 7 919  2 22302 8728 1.6 21 13 10 15 31% 1364194 649 20%
c 
c  seconds  reductions conflicts       size    tier2         variables
c         MB    restarts    redundant     glue     trail         remaining
c          level     rate        size/glue  tier1     irredundant
c 
c 2 10.19  0 26 7 919  2 22302 8726 1.6 21 13 10 15 31% 1364194 649 20%
c p 10.21  0 26 7 919  2 22302 8727 1.6 21 13 10 15 31% 1364194 649 20%
c t 10.22  0 26 7 919  2 22302 8727 1.6 21 13 10 15 31% 1364193 649 20%
c W 12.47  0 23 7 1640  2 28012 12905 1.6 21 14 10 15 26% 1364193 649 20%
c - 13.05  0 22 8 1684  2 30271 11245 1.6 21 14 10 15 24% 1364193 649 20%
c u 13.66  0 22 8 1684  2 30271 11202 1.6 21 14 10 15 24% 1364210 649 20%
c v 13.75  0 22 8 1684  2 30271 11199 1.6 21 14 10 15 24% 1364210 649 20%
c w 13.78  0 22 8 1684  2 30271 11192 1.6 21 14 10 15 24% 1364210 649 20%
c x 13.91  0 22 8 1684  2 30271 11192 1.6 21 14 10 15 24% 1364209 649 20%
c F 14.59  0 20 8 1684  2 36013 14636 1.5 20 13 10 15 20% 1364209 649 20%
c } 15.38  0 20 8 1905  2 38509 16447 1.5 20 13 10 14 20% 1364209 649 20%
c [ 15.38  0 22 8 1905  1 38509 16447 1.5 21 14 9 15 18% 1364209 649 20%
c - 15.76  0 21 9 1905  1 39556 13907 1.5 21 14 9 15 17% 1364209 649 20%
c W 17.04  0 21 9 1910  1 45015 17952 1.5 22 15 9 15 16% 1364209 649 20%
c - 18.11  0 21 10 1912  1 50170 16631 1.6 23 15 9 15 17% 1364209 649 20%
c p 18.15  0 21 10 1912  1 50170 16632 1.6 23 15 9 15 17% 1364209 649 20%
c O 18.89  0 21 10 1913  1 55017 20298 1.6 24 15 9 15 17% 1364209 649 20%
c ] 19.62  0 20 10 1913  1 59639 23038 1.5 23 15 9 15 16% 1364209 649 20%
c { 19.62  0 20 10 1913  2 59639 23038 1.5 20 13 10 14 20% 1364209 649 20%
c s 20.29  0 20 10 2152  2 61609 24518 1.5 20 13 10 14 19% 1364179 649 20%
c 
c  seconds  reductions   conflicts        size    tier2         variables
c         MB     restarts      redundant     glue     trail         remaining
c          level       rate         size/glue  tier1     irredundant
c 
c e 20.54  0 20 10 2152  2 61609 24518 1.5 20 13 10 14 19% 1364178 648 20%
c s 20.58  0 20 10 2152  2 61609 24517 1.5 20 13 10 14 19% 1364133 648 20%
c - 21.08  0 20 11 2236  2 62126 19126 1.5 20 13 10 14 19% 1364133 648 20%
c p 21.11  0 20 11 2236  2 62126 19132 1.5 20 13 10 14 19% 1364133 648 20%
c u 21.30  0 20 11 2236  2 62126 19086 1.5 20 13 10 14 19% 1364133 648 20%
c v 21.38  0 20 11 2236  2 62126 19084 1.5 20 13 10 14 19% 1364133 648 20%
c w 21.41  0 20 11 2236  2 62126 19079 1.5 20 13 10 14 19% 1364133 648 20%
c x 21.53  0 20 11 2236  2 62126 19079 1.5 20 13 10 14 19% 1364131 648 20%
c B 22.79  0 19 11 2599  2 66018 21464 1.5 20 13 10 14 18% 1364131 648 20%
c - 25.37  0 18 12 3269  2 75428 22571 1.5 20 13 10 15 17% 1364131 648 20%
c p 25.41  0 18 12 3269  2 75428 22580 1.5 20 13 10 15 17% 1364131 648 20%
c W 27.56  0 18 12 3516  2 78020 24276 1.5 20 13 10 15 17% 1364131 648 20%
c - 30.45  0 17 13 3800  2 90086 27362 1.5 20 13 10 15 16% 1364131 648 20%
c p 30.48  0 17 13 3800  2 90086 27364 1.5 20 13 10 15 16% 1364131 648 20%
c u 30.66  0 17 13 3800  2 90086 27324 1.5 20 13 10 15 16% 1364131 648 20%
c v 30.73  0 17 13 3800  2 90086 27317 1.5 20 13 10 15 16% 1364131 648 20%
c w 30.77  0 17 13 3800  2 90086 27309 1.5 20 13 10 15 16% 1364131 648 20%
c x 30.87  0 17 13 3800  2 90086 27309 1.5 20 13 10 15 16% 1364126 648 20%
c } 31.23  0 18 13 3954  2 90918 27967 1.5 20 13 10 15 16% 1364126 648 20%
c [ 31.23  0 20 13 3954  1 90918 27967 1.5 23 15 9 15 16% 1364126 648 20%
c 
c  seconds  reductions   conflicts        size   tier2         variables
c         MB     restarts      redundant     glue    trail         remaining
c          level       rate         size/glue  tier1    irredundant
c 
c B 31.27  0 20 13 3954  1 91025 28032 1.5 23 15 9 15 16% 1364126 648 20%
c W 34.53  0 20 13 3962  1 105027 38470 1.5 24 16 9 15 17% 1364126 648 20%
c - 34.92  0 20 14 3963  1 106103 30907 1.5 24 16 9 15 17% 1364126 648 20%
c p 34.97  0 20 14 3963  1 106103 30911 1.5 24 16 9 15 17% 1364126 648 20%
c I 36.87  0 20 14 3969  1 120028 40493 1.6 24 16 9 15 17% 1364126 648 20%
c - 37.63  0 20 15 3969  1 123487 34521 1.6 25 16 9 15 17% 1364126 648 20%
c p 37.66  0 20 15 3969  1 123487 34522 1.6 25 16 9 15 17% 1364126 648 20%
c u 37.84  0 20 15 3969  1 123487 34486 1.6 25 16 9 15 17% 1364126 648 20%
c v 37.90  0 20 15 3969  1 123487 34478 1.6 25 16 9 15 17% 1364126 648 20%
c w 37.93  0 20 15 3969  1 123487 34464 1.6 25 16 9 15 17% 1364126 648 20%
c x 38.02  0 20 15 3969  1 123487 34464 1.6 25 16 9 15 17% 1364124 648 20%
c ] 38.68  0 20 15 3970  1 126885 36941 1.6 25 16 9 15 17% 1364124 648 20%
c { 38.68  0 18 15 3970  2 126885 36941 1.5 20 13 10 15 16% 1364124 648 20%
c s 38.94  0 17 15 4021  2 127849 37628 1.5 20 13 10 15 16% 1364017 648 20%
c s 39.24  0 17 15 4021  2 127849 37625 1.5 20 13 10 15 16% 1363927 648 20%
c # 41.22  0 17 15 4827  2 136030 43016 1.5 20 13 10 15 16% 1363927 648 20%
c - 42.97  0 18 16 5412  1 142241 33520 1.5 20 14 9 14 16% 1363927 648 20%
c p 43.00  0 18 16 5412  1 142241 33522 1.5 20 14 9 14 16% 1363927 648 20%
c B 44.98  0 17 16 5544  1 153032 40783 1.6 20 13 9 14 16% 1363927 648 20%
c - 48.02  0 17 17 6876  1 162369 37909 1.5 21 13 9 14 16% 1363927 648 20%
c 
c  seconds  reductions   conflicts         size   tier2         variables
c         MB     restarts       redundant     glue    trail         remaining
c          level       rate          size/glue  tier1    irredundant
c 
c p 48.07  0 17 17 6876  1 162369 37915 1.5 21 13 9 14 16% 1363927 648 20%
c u 49.23  0 17 17 6876  1 162369 37870 1.5 21 13 9 14 16% 1363927 648 20%
c v 49.32  0 17 17 6876  1 162369 37868 1.5 21 13 9 14 16% 1363927 648 20%
c w 49.36  0 17 17 6876  1 162369 37854 1.5 21 13 9 14 16% 1363927 648 20%
c x 49.49  0 17 17 6876  1 162369 37854 1.5 21 13 9 14 16% 1363925 648 20%
c W 52.90  0 17 17 7427  1 171035 43012 1.5 20 13 9 14 16% 1363925 648 20%
c } 54.60  0 17 17 7801  1 177097 46948 1.5 20 13 9 14 16% 1363925 648 20%
c [ 54.60  0 20 17 7801  1 177097 46948 1.6 25 16 9 15 17% 1363925 648 20%
c - 56.15  0 20 18 7801  1 183874 41547 1.6 25 16 9 15 17% 1363925 648 20%
c p 56.19  0 20 18 7801  1 183874 41555 1.6 25 16 9 15 17% 1363925 648 20%
c B 57.47  0 20 18 7801  1 190036 45871 1.5 25 16 9 15 17% 1363925 648 20%
c - 60.78  0 20 19 7811  1 206758 44289 1.6 25 16 9 17 17% 1363925 648 20%
c p 60.82  0 20 19 7811  1 206758 44294 1.6 25 16 9 17 17% 1363925 648 20%
c u 61.09  0 20 19 7811  1 206758 44244 1.6 25 16 9 17 17% 1363925 648 20%
c v 61.22  0 20 19 7811  1 206758 44241 1.6 25 16 9 17 17% 1363925 648 20%
c w 61.28  0 20 19 7811  1 206758 44235 1.6 25 16 9 17 17% 1363925 648 20%
c x 61.45  0 20 19 7811  1 206758 44235 1.6 25 16 9 17 17% 1363918 648 20%
c W 63.14  0 20 19 7813  1 210037 46796 1.6 25 16 9 17 17% 1363918 648 20%
c s 64.06  0 21 19 7815  1 216166 51469 1.6 26 16 9 17 17% 1363760 648 20%
c s 64.37  0 21 19 7815  1 216166 51459 1.6 26 16 9 17 17% 1363694 648 20%
c 
c  seconds  reductions   conflicts         size   tier2         variables
c         MB     restarts       redundant     glue    trail         remaining
c          level       rate          size/glue  tier1    irredundant
c 
c - 66.95  0 20 20 7821  1 231024 45016 1.5 25 16 9 17 17% 1363694 648 20%
c p 67.00  0 20 20 7821  1 231024 45021 1.5 25 16 9 17 17% 1363694 648 20%
c O 67.04  0 20 20 7821  1 231041 45035 1.5 25 16 9 17 17% 1363694 648 20%
c ] 67.23  0 20 20 7822  1 231849 45645 1.5 25 16 9 17 17% 1363694 648 20%
c { 67.23  0 17 20 7822  1 231849 45645 1.5 20 13 9 14 16% 1363694 648 20%
c F 71.77  0 17 20 8797  1 253042 59258 1.5 20 13 9 14 16% 1363694 648 20%
c - 72.78  0 16 21 8842  1 256676 51628 1.5 20 13 9 14 16% 1363694 648 20%
c p 72.82  0 16 21 8842  1 256676 51629 1.5 20 13 9 14 16% 1363694 648 20%
c u 73.09  0 16 21 8842  1 256676 51589 1.5 20 13 9 14 16% 1363694 648 20%
c v 73.21  0 16 21 8842  1 256676 51586 1.5 20 13 9 14 16% 1363694 648 20%
c w 73.27  0 16 21 8842  1 256676 51584 1.5 20 13 9 14 16% 1363694 648 20%
c x 73.43  0 16 21 8842  1 256676 51583 1.5 20 13 9 14 16% 1363685 648 20%
c i 74.06  0 16 21 8868  1 259627 53336 1.6 20 13 9 14 16% 1363685 647 20%
c B 78.36  0 16 21 10421  1 276044 64219 1.5 20 13 8 14 16% 1363685 647 20%
c - 80.47  0 16 22 10847  1 283712 46271 1.5 20 13 8 14 15% 1319842 647 20%
c 2 80.47  0 16 22 10847  1 283712 46271 1.5 20 13 8 14 15% 1319841 647 20%
c p 80.52  0 16 22 10847  1 283712 46277 1.5 20 13 8 14 15% 1319841 647 20%
c u 80.70  0 16 22 10847  1 283712 46229 1.5 20 13 8 14 15% 1319841 647 20%
c v 80.77  0 16 22 10847  1 283712 46228 1.5 20 13 8 14 15% 1319841 647 20%
c w 80.81  0 16 22 10847  1 283712 46227 1.5 20 13 8 14 15% 1319841 647 20%
c 
c  seconds  reductions    conflicts         size   tier2         variables
c         MB      restarts       redundant     glue    trail         remaining
c          level        rate          size/glue  tier1    irredundant
c 
c x 80.91  0 16 22 10847  1 283712 46227 1.5 20 13 8 14 15% 1319840 647 20%
c W 85.07  0 15 22 10969  1 300046 54957 1.5 19 13 8 14 15% 1319840 647 20%
c } 88.10  0 16 22 12278  1 308929 61162 1.5 20 13 8 14 15% 1319840 647 20%
c [ 88.10  0 20 22 12278  1 308929 61162 1.5 25 16 9 17 17% 1319840 647 20%
c - 88.74  0 20 23 12279  1 311950 50176 1.5 25 16 9 17 17% 1319840 647 20%
c p 88.79  0 20 23 12279  1 311950 50181 1.5 25 16 9 17 17% 1319840 647 20%
c u 89.97  0 20 23 12279  1 311950 50154 1.5 25 16 9 17 17% 1319841 647 20%
c v 90.03  0 20 23 12279  1 311950 50150 1.5 25 16 9 17 17% 1319841 647 20%
c w 90.06  0 20 23 12279  1 311950 50150 1.5 25 16 9 17 17% 1319841 647 20%
c x 90.16  0 20 23 12279  1 311950 50150 1.5 25 16 9 17 17% 1319837 647 20%
c B 91.98  0 20 23 12286  1 325047 58580 1.5 25 17 9 17 17% 1319837 647 20%
c s 92.26  0 20 23 12286  1 326559 59558 1.5 25 17 9 17 17% 1319570 647 20%
c t 92.28  0 20 23 12286  1 326559 59557 1.5 25 17 9 17 17% 1319570 647 20%
c e 92.50  0 20 23 12286  1 326559 59445 1.5 25 17 9 17 17% 1319566 643 20%
c s 92.56  0 20 23 12286  1 326559 59430 1.5 25 17 9 17 17% 1319249 643 20%
c - 95.10  0 21 24 12288  1 341559 48676 1.5 26 17 8 18 17% 1319249 643 20%
c p 95.15  0 21 24 12288  1 341559 48680 1.5 26 17 8 18 17% 1319249 643 20%
c W 97.52  0 22 24 12288  1 351048 55883 1.4 26 18 8 18 17% 1319249 643 20%
c - 100.49  0 20 25 12289  1 372537 51165 1.4 24 17 8 18 16% 1319249 643 20%
c p 100.53  0 20 25 12289  1 372537 51169 1.4 24 17 8 18 16% 1319249 643 20%
c 
c  seconds   reductions    conflicts         size   tier2         variables
c          MB      restarts       redundant     glue    trail         remaining
c           level        rate          size/glue  tier1    irredundant
c 
c u 100.84  0 20 25 12289  1 372537 51128 1.4 24 17 8 18 16% 1319249 643 20%
c v 100.99  0 20 25 12289  1 372537 51125 1.4 24 17 8 18 16% 1319249 643 20%
c w 101.05  0 20 25 12289  1 372537 51124 1.4 24 17 8 18 16% 1319249 643 20%
c x 101.25  0 20 25 12289  1 372537 51124 1.4 24 17 8 18 16% 1319241 643 20%
c I 102.06  0 20 25 12289  1 378049 54302 1.4 23 16 8 18 16% 1319241 643 20%
c ] 105.90  0 19 25 12296  1 395849 67520 1.5 24 16 8 18 16% 1319241 643 20%
c { 105.90  0 16 25 12296  1 395849 67520 1.5 20 13 8 14 15% 1319241 643 20%
c - 108.46  0 16 26 12672  1 404888 58491 1.5 20 13 8 13 15% 1319241 643 20%
c p 108.51  0 16 26 12672  1 404888 58495 1.5 20 13 8 13 15% 1319241 643 20%
c u 108.72  0 16 26 12672  1 404888 58456 1.5 20 13 8 13 15% 1319241 643 20%
c v 108.80  0 16 26 12672  1 404888 58452 1.5 20 13 8 13 15% 1319241 643 20%
c w 108.84  0 16 26 12672  1 404888 58450 1.5 20 13 8 13 15% 1319241 643 20%
c x 108.95  0 16 26 12672  1 404888 58450 1.5 20 13 8 13 15% 1319240 643 20%
c # 109.36  0 16 26 12741  1 406050 59300 1.5 20 13 8 13 15% 1319240 643 20%
c B 114.35  0 15 26 14003  1 435051 76907 1.5 19 13 8 13 14% 1319240 643 20%
c - 115.86  0 16 27 14735  1 438617 65114 1.5 19 13 8 13 14% 1319240 643 20%
c p 115.90  0 16 27 14735  1 438617 65117 1.5 19 13 8 13 14% 1319240 643 20%
c u 116.09  0 16 27 14735  1 438617 65085 1.5 19 13 8 13 14% 1319240 643 20%
c v 116.17  0 16 27 14735  1 438617 65065 1.5 19 13 8 13 14% 1319240 643 20%
c w 116.20  0 16 27 14735  1 438617 65065 1.5 19 13 8 13 14% 1319240 643 20%
c 
c  seconds   reductions    conflicts         size   tier2         variables
c          MB      restarts       redundant     glue    trail         remaining
c           level        rate          size/glue  tier1    irredundant
c 
c x 116.31  0 16 27 14735  1 438617 65065 1.5 19 13 8 13 14% 1319238 643 20%
c s 121.21  0 15 27 15997  1 458592 77244 1.5 19 13 8 13 14% 1318836 643 20%
c s 121.51  0 15 27 15997  1 458592 77229 1.5 19 13 8 13 14% 1318636 643 20%
c W 125.18  0 15 27 16506  1 465052 81541 1.5 20 13 7 13 14% 1318636 643 20%
c - 127.71  0 16 28 17496  1 473723 63363 1.5 20 13 7 13 15% 1318636 643 20%
c p 127.77  0 16 28 17496  1 473723 63366 1.5 20 13 7 13 15% 1318636 643 20%
c u 127.99  0 16 28 17496  1 473723 63337 1.5 20 13 7 13 15% 1318636 643 20%
c v 128.08  0 16 28 17496  1 473723 63335 1.5 20 13 7 13 15% 1318636 643 20%
c w 128.12  0 16 28 17496  1 473723 63333 1.5 20 13 7 13 15% 1318636 643 20%
c x 128.25  0 16 28 17496  1 473723 63333 1.5 20 13 7 13 15% 1318634 643 20%
c F 134.52  0 16 28 19316  1 496053 78337 1.6 20 13 7 13 15% 1318634 643 20%
c } 135.55  0 15 28 19326  1 502492 81569 1.6 20 13 7 13 15% 1318634 643 20%
c [ 135.55  0 19 28 19326  1 502492 81569 1.5 24 16 8 18 16% 1318634 643 20%
c - 137.01  0 19 29 19331  1 510202 65765 1.5 23 16 8 18 16% 1318634 643 20%
c p 137.06  0 19 29 19331  1 510202 65768 1.5 23 16 8 18 16% 1318634 643 20%
c u 137.28  0 19 29 19331  1 510202 65707 1.5 23 16 8 18 16% 1318634 643 20%
c v 137.37  0 19 29 19331  1 510202 65699 1.5 23 16 8 18 16% 1318634 643 20%
c w 137.42  0 19 29 19331  1 510202 65699 1.5 23 16 8 18 16% 1318634 643 20%
c x 137.56  0 19 29 19331  1 510202 65699 1.5 23 16 8 18 16% 1318631 643 20%
c B 140.83  0 19 29 19337  1 528054 77205 1.5 23 15 8 18 15% 1318631 643 20%
c 
c  seconds   reductions    conflicts         size   tier2         variables
c          MB      restarts       redundant     glue    trail         remaining
c           level        rate          size/glue  tier1    irredundant
c 
c - 144.30  0 18 30 19348  1 548061 68602 1.5 22 15 8 17 15% 1318631 643 20%
c p 144.36  0 18 30 19348  1 548061 68605 1.5 22 15 8 17 15% 1318631 643 20%
c u 145.99  0 18 30 19348  1 548061 68581 1.5 22 15 8 17 15% 1318631 643 20%
c v 146.08  0 18 30 19348  1 548061 68571 1.5 22 15 8 17 15% 1318631 643 20%
c w 146.12  0 18 30 19348  1 548061 68569 1.5 22 15 8 17 15% 1318631 643 20%
c x 146.27  0 18 30 19348  1 548061 68569 1.5 22 15 8 17 15% 1318630 643 20%
c W 150.22  0 18 30 19350  1 561055 77513 1.5 22 15 8 17 15% 1318630 643 20%
c - 154.82  0 18 31 19357  1 587298 71356 1.6 23 15 8 17 15% 1318630 643 20%
c p 154.86  0 18 31 19357  1 587298 71359 1.6 23 15 8 17 15% 1318630 643 20%
c u 155.06  0 18 31 19357  1 587298 71303 1.6 23 15 8 17 15% 1318630 643 20%
c v 155.13  0 18 31 19357  1 587298 71289 1.6 23 15 8 17 15% 1318630 643 20%
c w 155.17  0 18 31 19357  1 587298 71289 1.6 23 15 8 17 15% 1318630 643 20%
c x 155.29  0 18 31 19357  1 587298 71289 1.6 23 15 8 17 15% 1318623 643 20%
c O 156.74  0 18 31 19363  1 595057 76287 1.6 23 15 8 17 15% 1318623 643 20%
c s 158.92  0 17 31 19369  1 612620 87832 1.6 22 14 8 17 15% 1318366 643 20%
c s 159.23  0 17 31 19369  1 612620 87820 1.6 22 14 8 17 15% 1317941 643 20%
c ] 159.80  0 17 31 19371  1 615624 89561 1.5 22 14 8 17 15% 1317941 643 20%
c { 159.80  0 15 31 19371  1 615624 89561 1.6 20 13 7 13 15% 1317941 643 20%
c - 161.52  0 15 32 19547  1 627916 74072 1.5 19 13 7 13 14% 1317941 643 20%
c p 161.58  0 15 32 19547  1 627916 74075 1.5 19 13 7 13 14% 1317941 643 20%
c 
c  seconds   reductions    conflicts         size   tier2         variables
c          MB      restarts       redundant     glue    trail         remaining
c           level        rate          size/glue  tier1    irredundant
c 
c u 161.78  0 15 32 19547  1 627916 74053 1.5 19 13 7 13 14% 1317941 643 20%
c v 161.86  0 15 32 19547  1 627916 74049 1.5 19 13 7 13 14% 1317941 643 20%
c w 161.90  0 15 32 19547  1 627916 74048 1.5 19 13 7 13 14% 1317941 643 20%
c x 162.02  0 15 32 19547  1 627916 74048 1.5 19 13 7 13 14% 1317938 643 20%
c B 162.74  0 15 32 19823  1 630058 75307 1.5 19 13 7 13 14% 1317938 643 20%
c W 169.53  0 14 32 20269  1 666060 94665 1.5 18 12 7 13 13% 1317938 643 20%
c - 170.90  0 14 33 20912  1 669912 80391 1.5 18 12 7 13 13% 1317938 643 20%
c p 170.95  0 14 33 20912  1 669912 80393 1.5 18 12 7 13 13% 1317938 643 20%
c u 171.13  0 14 33 20912  1 669912 80354 1.5 18 12 7 13 13% 1317938 643 20%
c v 171.21  0 14 33 20912  1 669912 80349 1.5 18 12 7 13 13% 1317938 643 20%
c w 171.24  0 14 33 20912  1 669912 80349 1.5 18 12 7 13 13% 1317938 643 20%
c x 171.34  0 14 33 20912  1 669912 80349 1.5 18 12 7 13 13% 1317935 643 20%
c # 179.73  0 15 33 24510  1 703061 100970 1.5 18 12 7 13 13% 1317935 643 20%
c - 182.33  0 15 34 25196  1 713289 85616 1.5 18 12 7 13 13% 1317935 643 20%
c p 182.39  0 15 34 25196  1 713289 85619 1.5 18 12 7 13 13% 1317935 643 20%
c u 182.63  0 15 34 25196  1 713289 85562 1.5 18 12 7 13 13% 1317935 643 20%
c v 182.73  0 15 34 25196  1 713289 85549 1.5 18 12 7 13 13% 1317935 643 20%
c w 182.78  0 15 34 25196  1 713289 85546 1.5 18 12 7 13 13% 1317935 643 20%
c x 182.94  0 15 34 25196  1 713289 85546 1.5 18 12 7 13 13% 1317932 643 20%
c B 188.56  0 14 34 27312  1 741062 101837 1.5 18 12 7 13 13% 1317932 643 20%
c 
c  seconds   reductions    conflicts         size   tier2         variables
c          MB      restarts       redundant     glue    trail         remaining
c           level        rate          size/glue  tier1    irredundant
c 
c - 192.84  0 15 35 29158  1 758048 91168 1.5 19 12 7 13 14% 1317932 643 20%
c p 192.89  0 15 35 29158  1 758048 91170 1.5 19 12 7 13 14% 1317932 643 20%
c u 193.15  0 15 35 29158  1 758048 91105 1.5 19 12 7 13 14% 1317932 643 20%
c v 193.28  0 15 35 29158  1 758048 91095 1.5 19 12 7 13 14% 1317932 643 20%
c w 193.33  0 15 35 29158  1 758048 91095 1.5 19 12 7 13 14% 1317932 643 20%
c x 193.50  0 15 35 29158  1 758048 91095 1.5 19 12 7 13 14% 1317923 643 20%
c } 194.56  0 15 35 29692  1 760246 92657 1.5 19 13 7 13 14% 1317923 643 20%
c [ 194.56  0 17 35 29692  1 760246 92657 1.5 22 14 8 17 15% 1317923 643 20%
c B 198.59  0 17 35 29701  1 780064 105567 1.6 22 14 8 17 15% 1317923 643 20%
c s 200.12  0 17 35 29702  1 788643 111421 1.6 22 14 8 17 15% 1317426 643 20%
c s 200.47  0 17 35 29702  1 788643 111388 1.6 22 14 8 17 15% 1316798 643 20%
c - 203.45  0 17 36 29703  1 804190 95259 1.6 23 14 8 16 15% 1316798 643 20%
c p 203.51  0 17 36 29703  1 804190 95260 1.6 23 14 8 16 15% 1316798 643 20%
c u 203.80  0 17 36 29703  1 804190 95202 1.6 23 14 8 16 15% 1316798 643 20%
c v 203.93  0 17 36 29703  1 804190 95198 1.6 23 14 8 16 15% 1316798 643 20%
c w 203.98  0 17 36 29703  1 804190 95196 1.6 23 14 8 16 15% 1316798 643 20%
c x 204.15  0 17 36 29703  1 804190 95196 1.6 23 14 8 16 15% 1316792 643 20%
c W 209.28  0 17 36 29703  1 820065 105861 1.6 23 14 8 16 15% 1316792 643 20%
c - 213.91  0 17 37 29704  1 851709 99546 1.6 23 14 8 16 16% 1316792 643 20%
c p 213.96  0 17 37 29704  1 851709 99548 1.6 23 14 8 16 16% 1316792 643 20%
c 
c  seconds   reductions    conflicts         size   tier2         variables
c          MB      restarts       redundant     glue    trail         remaining
c           level        rate          size/glue  tier1    irredundant
c 
c u 214.19  0 17 37 29704  1 851709 99513 1.6 23 14 8 16 16% 1316792 643 20%
c v 214.28  0 17 37 29704  1 851709 99511 1.6 23 14 8 16 16% 1316792 643 20%
c w 214.33  0 17 37 29704  1 851709 99510 1.6 23 14 8 16 16% 1316792 643 20%
c x 214.47  0 17 37 29704  1 851709 99510 1.6 23 14 8 16 16% 1316784 643 20%
c I 216.06  0 17 37 29704  1 861066 105807 1.6 23 14 7 16 16% 1316784 643 20%
c - 222.70  0 17 38 29704  1 900610 103753 1.6 23 14 7 16 16% 1316784 643 20%
c p 222.76  0 17 38 29704  1 900610 103755 1.6 23 14 7 16 16% 1316784 643 20%
c u 224.64  0 17 38 29704  1 900610 103682 1.6 23 14 7 16 16% 1316784 643 20%
c v 224.74  0 17 38 29704  1 900610 103678 1.6 23 14 7 16 16% 1316784 643 20%
c w 224.79  0 17 38 29704  1 900610 103677 1.6 23 14 7 16 16% 1316784 643 20%
c x 224.93  0 17 38 29704  1 900610 103677 1.6 23 14 7 16 16% 1316776 643 20%
c B 225.39  0 17 38 29705  1 903068 105232 1.6 23 14 7 16 16% 1316776 643 20%
c ] 226.80  0 17 38 29711  1 912888 111582 1.6 23 14 7 16 16% 1316776 643 20%
c { 226.80  0 15 38 29711  1 912888 111582 1.5 19 13 7 13 14% 1316776 643 20%
c W 236.83  0 15 38 31888  1 946070 131644 1.5 19 12 7 13 14% 1316776 643 20%
c - 238.39  0 15 39 32274  1 950896 109084 1.5 19 12 7 13 14% 1316776 643 20%
c p 238.45  0 15 39 32274  1 950896 109086 1.5 19 12 7 13 14% 1316776 643 20%
c u 238.80  0 15 39 32274  1 950896 109037 1.5 19 12 7 13 14% 1316776 643 20%
c v 238.93  0 15 39 32274  1 950896 109022 1.5 19 12 7 13 14% 1316776 643 20%
c w 239.00  0 15 39 32274  1 950896 109022 1.5 19 12 7 13 14% 1316776 643 20%
c 
c  seconds   reductions    conflicts          size   tier2         variables
c          MB      restarts       redundant      glue    trail         remaining
c           level        rate           size/glue  tier1    irredundant
c 
c x 239.19  0 15 39 32274  1 950896 109022 1.5 19 12 7 13 14% 1316770 643 20%
c s 249.11  0 15 39 35343  1 986642 132118 1.5 19 13 7 13 14% 1315920 643 20%
c s 249.46  0 15 39 35343  1 986642 132104 1.5 19 13 7 13 14% 1315313 643 20%
c F 250.82  0 15 39 35848  1 990074 134515 1.5 20 13 6 13 14% 1315313 643 20%
c - 254.11  0 15 40 37347  1 1002566 102548 1.5 20 13 6 13 15% 1315313 643 20%
c p 254.17  0 15 40 37347  1 1002566 102550 1.5 20 13 6 13 15% 1315313 643 20%
c u 254.47  0 15 40 37347  1 1002566 102494 1.5 20 13 6 13 15% 1315313 643 20%
c v 254.61  0 15 40 37347  1 1002566 102480 1.5 20 13 6 13 15% 1315313 643 20%
c w 254.67  0 15 40 37347  1 1002566 102470 1.5 20 13 6 13 15% 1315313 643 20%
c x 254.86  0 15 40 37347  1 1002566 102468 1.5 20 13 6 13 15% 1315307 643 20%
c B 260.49  0 14 40 37506  1 1035075 119826 1.5 19 12 6 13 14% 1315307 643 20%
c - 266.22  0 15 41 40375  1 1055609 104071 1.5 19 13 6 13 14% 1315307 643 20%
c p 266.29  0 15 41 40375  1 1055609 104073 1.5 19 13 6 13 14% 1315307 643 20%
c u 266.59  0 15 41 40375  1 1055609 104013 1.5 19 13 6 13 14% 1315307 643 20%
c v 266.75  0 15 41 40375  1 1055609 104002 1.5 19 13 6 13 14% 1315307 643 20%
c w 266.82  0 15 41 40375  1 1055609 104001 1.5 19 13 6 13 14% 1315307 643 20%
c x 267.02  0 15 41 40375  1 1055609 104001 1.5 19 13 6 13 14% 1315296 643 20%
c } 272.11  0 15 41 42263  1 1075335 116752 1.5 20 13 6 13 14% 1315296 643 20%
c [ 272.11  0 17 41 42263  1 1075335 116752 1.6 23 14 7 16 16% 1315296 643 20%
c W 275.64  0 17 41 42266  1 1081078 120273 1.6 23 14 7 16 16% 1315296 643 20%
c 
c  seconds   reductions     conflicts          size   tier2         variables
c          MB      restarts        redundant      glue    trail         remaining
c           level        rate            size/glue  tier1    irredundant
c 
c - 280.60  0 17 42 42278  1 1110036 104693 1.6 23 15 7 16 16% 1315296 643 20%
c p 280.66  0 17 42 42278  1 1110036 104695 1.6 23 15 7 16 16% 1315296 643 20%
c u 280.96  0 17 42 42278  1 1110036 104652 1.6 23 15 7 16 16% 1315296 643 20%
c v 281.09  0 17 42 42278  1 1110036 104639 1.6 23 15 7 16 16% 1315296 643 20%
c w 281.15  0 17 42 42278  1 1110036 104636 1.6 23 15 7 16 16% 1315296 643 20%
c x 281.35  0 17 42 42278  1 1110036 104635 1.6 23 15 7 16 16% 1315275 643 20%
c O 284.20  0 18 42 42286  1 1128079 116576 1.6 24 15 7 15 16% 1315275 643 20%
c - 290.63  0 18 43 42299  1 1165852 100349 1.6 24 15 7 15 16% 1315275 643 20%
c p 290.69  0 18 43 42299  1 1165852 100351 1.6 24 15 7 15 16% 1315275 643 20%
c u 291.00  0 18 43 42299  1 1165852 100290 1.6 24 15 7 15 16% 1315275 643 20%
c v 291.14  0 18 43 42299  1 1165852 100276 1.6 24 15 7 15 16% 1315275 643 20%
c w 291.22  0 18 43 42299  1 1165852 100276 1.6 24 15 7 15 16% 1315275 643 20%
c x 291.43  0 18 43 42299  1 1165852 100275 1.6 24 15 7 15 16% 1315262 643 20%
c B 293.13  0 18 43 42302  1 1176081 107186 1.6 24 15 7 15 16% 1315262 643 20%
c s 297.46  0 19 43 42317  1 1206608 128563 1.6 25 16 6 15 16% 1314218 643 20%
c s 297.82  0 19 43 42317  1 1206608 128553 1.6 25 16 6 15 16% 1313725 643 20%
c - 300.80  0 19 44 42318  1 1223051 97912 1.6 25 16 6 15 16% 1313725 643 20%
c p 300.86  0 19 44 42318  1 1223051 97914 1.6 25 16 6 15 16% 1313725 643 20%
c u 301.17  0 19 44 42318  1 1223051 97843 1.6 25 16 6 15 16% 1313725 643 20%
c v 301.32  0 19 44 42318  1 1223051 97839 1.6 25 16 6 15 16% 1313725 643 20%
c 
c  seconds   reductions     conflicts         size   tier2         variables
c          MB      restarts        redundant     glue    trail         remaining
c           level        rate           size/glue  tier1    irredundant
c 
c w 301.38  0 19 44 42318  1 1223051 97835 1.6 25 16 6 15 16% 1313725 643 20%
c x 301.57  0 19 44 42318  1 1223051 97835 1.6 25 16 6 15 16% 1313721 643 20%
c W 304.34  0 19 44 42318  1 1225084 99280 1.6 25 16 6 15 16% 1313721 643 20%
c ] 311.06  0 19 44 42321  1 1265606 128420 1.6 25 16 6 15 16% 1313721 643 20%
c { 311.06  0 15 44 42321  1 1265606 128420 1.5 20 13 6 13 14% 1313721 643 20%
c W 314.65  0 15 44 43028  1 1275088 134469 1.5 20 13 6 13 14% 1313721 643 20%
c - 317.07  0 15 45 43461  1 1281626 101518 1.5 20 13 6 13 15% 1313721 643 20%
c p 317.14  0 15 45 43461  1 1281626 101520 1.5 20 13 6 13 15% 1313721 643 20%
c u 317.48  0 15 45 43461  1 1281626 101453 1.5 20 13 6 13 15% 1313721 643 20%
c v 317.63  0 15 45 43461  1 1281626 101440 1.5 20 13 6 13 15% 1313721 643 20%
c w 317.72  0 15 45 43461  1 1281626 101436 1.5 20 13 6 13 15% 1313721 643 20%
c x 317.95  0 15 45 43461  1 1281626 101434 1.5 20 13 6 13 15% 1313708 643 20%
c # 325.38  0 14 45 44711  1 1326089 126739 1.5 19 12 6 12 14% 1313708 643 20%
c - 330.19  0 14 46 46209  1 1341584 107220 1.6 19 12 6 12 14% 1313708 643 20%
c p 330.25  0 14 46 46209  1 1341584 107222 1.6 19 12 6 12 14% 1313708 643 20%
c u 330.56  0 14 46 46209  1 1341584 107142 1.6 19 12 6 12 14% 1313708 643 20%
c v 330.70  0 14 46 46209  1 1341584 107106 1.6 19 12 6 12 14% 1313708 643 20%
c w 330.77  0 14 46 46209  1 1341584 107101 1.6 19 12 6 12 14% 1313708 643 20%
c x 330.97  0 14 46 46209  1 1341584 107101 1.6 19 12 6 12 14% 1313695 643 20%
c B 339.03  0 14 46 48303  1 1378090 129275 1.6 19 12 6 12 14% 1313695 643 20%
c 
c  seconds   reductions     conflicts          size   tier2         variables
c          MB      restarts        redundant      glue    trail         remaining
c           level        rate            size/glue  tier1    irredundant
c 
c - 345.18  0 14 47 49669  1 1402928 121592 1.6 19 12 6 12 14% 1313695 643 20%
c p 345.24  0 14 47 49669  1 1402928 121594 1.6 19 12 6 12 14% 1313695 643 20%
c u 347.75  0 14 47 49669  1 1402928 121525 1.6 19 12 6 12 14% 1313695 643 20%
c v 347.91  0 14 47 49669  1 1402928 121513 1.6 19 12 6 12 14% 1313695 643 20%
c w 347.98  0 14 47 49669  1 1402928 121474 1.6 19 12 6 12 14% 1313695 643 20%
c x 348.21  0 14 47 49669  1 1402928 121474 1.6 19 12 6 12 14% 1313689 643 20%
c W 358.37  0 14 47 52324  1 1431091 138758 1.6 19 12 6 12 14% 1313689 643 20%
c s 363.62  0 15 47 54148  1 1448537 150070 1.6 19 12 6 12 14% 1313134 643 20%
c s 363.99  0 15 47 54148  1 1448537 150042 1.6 19 12 6 12 14% 1312695 643 20%
c - 367.42  0 14 48 54482  1 1465659 127732 1.6 19 12 6 12 14% 1312695 643 20%
c p 367.49  0 14 48 54482  1 1465659 127734 1.6 19 12 6 12 14% 1312695 643 20%
c u 367.84  0 14 48 54482  1 1465659 127647 1.6 19 12 6 12 14% 1312695 643 20%
c v 368.01  0 14 48 54482  1 1465659 127632 1.6 19 12 6 12 14% 1312695 643 20%
c w 368.09  0 14 48 54482  1 1465659 127616 1.6 19 12 6 12 14% 1312695 643 20%
c x 368.34  0 14 48 54482  1 1465659 127615 1.6 19 12 6 12 14% 1312690 643 20%
c } 371.73  0 14 48 54998  1 1480744 135159 1.6 19 12 6 12 14% 1312690 643 20%
c [ 371.73  0 19 48 54998  1 1480744 135159 1.6 25 16 6 15 16% 1312690 643 20%
c I 372.43  0 19 48 55001  1 1485093 137185 1.6 25 16 6 15 16% 1312690 643 20%
c - 378.87  0 17 49 55022  1 1529767 131127 1.5 22 14 6 15 14% 1312690 643 20%
c p 378.92  0 17 49 55022  1 1529767 131129 1.5 22 14 6 15 14% 1312690 643 20%
c 
c  seconds   reductions     conflicts          size   tier2         variables
c          MB      restarts        redundant      glue    trail         remaining
c           level        rate            size/glue  tier1    irredundant
c 
c u 379.18  0 17 49 55022  1 1529767 131052 1.5 22 14 6 15 14% 1312690 643 20%
c v 379.29  0 17 49 55022  1 1529767 131040 1.5 22 14 6 15 14% 1312690 643 20%
c w 379.33  0 17 49 55022  1 1529767 130996 1.5 22 14 6 15 14% 1312690 643 20%
c x 379.50  0 17 49 55022  1 1529767 130996 1.5 22 14 6 15 14% 1312685 643 20%
c B 381.54  0 17 49 55026  1 1540095 138075 1.5 22 14 6 15 15% 1312685 643 20%
c - 391.09  0 16 50 55042  1 1595260 134879 1.6 22 14 6 15 15% 1312685 643 20%
c p 391.16  0 16 50 55042  1 1595260 134881 1.6 22 14 6 15 15% 1312685 643 20%
c u 391.51  0 16 50 55042  1 1595260 134789 1.6 22 14 6 15 15% 1312685 643 20%
c v 391.66  0 16 50 55042  1 1595260 134773 1.6 22 14 6 15 15% 1312685 643 20%
c w 391.74  0 16 50 55042  1 1595260 134754 1.6 22 14 6 15 15% 1312685 643 20%
c x 391.95  0 16 50 55042  1 1595260 134754 1.6 22 14 6 15 15% 1312666 643 20%
c W 395.13  0 16 50 55043  1 1596096 135268 1.6 22 14 6 15 15% 1312666 643 20%
c O 406.59  0 15 50 55059  1 1653099 172799 1.6 21 13 6 15 15% 1312666 643 20%
c - 408.48  0 16 51 55059  1 1662141 139918 1.6 22 13 6 15 15% 1312666 643 20%
c p 408.55  0 16 51 55059  1 1662141 139919 1.6 22 13 6 15 15% 1312666 643 20%
c u 408.97  0 16 51 55059  1 1662141 139855 1.6 22 13 6 15 15% 1312666 643 20%
c v 409.15  0 16 51 55059  1 1662141 139842 1.6 22 13 6 15 15% 1312666 643 20%
c w 409.25  0 16 51 55059  1 1662141 139829 1.6 22 13 6 15 15% 1312666 643 20%
c x 409.53  0 16 51 55059  1 1662141 139829 1.6 22 13 6 15 15% 1312660 643 20%
c ] 417.68  0 16 51 55060  1 1703181 167393 1.6 22 14 6 15 15% 1312660 643 20%
c 
c  seconds   reductions     conflicts          size   tier2         variables
c          MB      restarts        redundant      glue    trail         remaining
c           level        rate            size/glue  tier1    irredundant
c 
c { 417.68  0 14 51 55060  1 1703181 167393 1.6 19 12 6 12 14% 1312660 643 20%
c F 419.99  0 14 51 55831  1 1711100 172272 1.6 19 12 6 12 14% 1312660 643 20%
c s 420.60  0 14 51 55833  1 1712428 172997 1.6 19 12 6 12 14% 1311760 643 20%
c s 421.02  0 14 51 55833  1 1712428 172923 1.6 19 12 6 12 14% 1309979 643 20%
c - 426.04  0 14 52 57228  1 1730411 142447 1.6 19 12 6 12 14% 1309979 643 20%
c p 426.10  0 14 52 57228  1 1730411 142448 1.6 19 12 6 12 14% 1309979 643 20%
c u 426.47  0 14 52 57228  1 1730411 142385 1.6 19 12 6 12 14% 1309979 643 20%
c v 426.63  0 14 52 57228  1 1730411 142367 1.6 19 12 6 12 14% 1309979 643 20%
c w 426.70  0 14 52 57228  1 1730411 142337 1.6 19 12 6 12 14% 1309979 643 20%
c x 426.93  0 14 52 57228  1 1730411 142335 1.6 19 12 6 12 14% 1309958 643 20%
c B 436.30  0 14 52 60436  1 1770101 166353 1.6 19 12 6 12 14% 1309958 643 20%
c - 443.26  0 14 53 62181  1 1800039 147695 1.6 20 12 6 12 15% 1309958 643 20%
c p 443.32  0 14 53 62181  1 1800039 147696 1.6 20 12 6 12 15% 1309958 643 20%
c u 443.75  0 14 53 62181  1 1800039 147592 1.6 20 12 6 12 15% 1309958 643 20%
c v 443.95  0 14 53 62181  1 1800039 147579 1.6 20 12 6 12 15% 1309958 643 20%
c w 444.04  0 14 53 62181  1 1800039 147569 1.6 20 12 6 12 15% 1309958 643 20%
c x 444.34  0 14 53 62181  1 1800039 147568 1.6 20 12 6 12 15% 1309943 643 20%
c W 456.05  0 14 53 63966  1 1830103 166454 1.6 20 12 6 12 15% 1309943 643 20%
c - 465.18  0 13 54 64927  1 1871054 158757 1.6 18 11 6 12 14% 1309943 643 20%
c p 465.25  0 13 54 64927  1 1871054 158758 1.6 18 11 6 12 14% 1309943 643 20%
c 
c  seconds   reductions     conflicts          size   tier2         variables
c          MB      restarts        redundant      glue    trail         remaining
c           level        rate            size/glue  tier1    irredundant
c 
c u 465.67  0 13 54 64927  1 1871054 158666 1.6 18 11 6 12 14% 1309943 643 20%
c v 465.87  0 13 54 64927  1 1871054 158650 1.6 18 11 6 12 14% 1309943 643 20%
c w 465.97  0 13 54 64927  1 1871054 158632 1.6 18 11 6 12 14% 1309943 643 20%
c x 466.25  0 13 54 64927  1 1871054 158630 1.6 18 11 6 12 14% 1309919 643 20%
c # 472.06  0 14 54 67085  1 1891107 171074 1.6 19 12 6 12 14% 1309919 643 20%
c - 485.34  0 14 55 70719  1 1943457 144986 1.6 19 12 5 11 14% 1309919 643 20%
c p 485.41  0 14 55 70719  1 1943457 144987 1.6 19 12 5 11 14% 1309919 643 20%
c u 485.85  0 14 55 70719  1 1943457 144868 1.6 19 12 5 11 14% 1309919 643 20%
c v 486.05  0 14 55 70719  1 1943457 144856 1.6 19 12 5 11 14% 1309919 643 20%
c w 486.15  0 14 55 70719  1 1943457 144842 1.6 19 12 5 11 14% 1309919 643 20%
c x 486.46  0 14 55 70719  1 1943457 144842 1.6 19 12 5 11 14% 1309875 643 20%
c } 486.76  0 14 55 70731  1 1944213 145360 1.6 19 12 5 11 14% 1309875 643 20%
c [ 486.76  0 16 55 70731  1 1944213 145360 1.6 22 14 6 15 15% 1309875 643 20%
c B 488.78  0 16 55 70731  1 1953108 150730 1.6 22 14 6 15 15% 1309875 643 20%
c s 497.51  0 15 55 70732  1 1998232 177946 1.6 21 13 6 14 15% 1307299 643 20%
c s 497.96  0 15 55 70732  1 1998232 177902 1.6 21 13 6 14 15% 1305217 643 20%
c W 504.80  0 15 55 70732  1 2016109 188210 1.6 21 13 6 14 15% 1305217 643 20%
c - 505.23  0 15 56 70732  1 2017245 142453 1.6 21 13 6 14 15% 1305217 643 20%
c p 505.29  0 15 56 70732  1 2017245 142454 1.6 21 13 6 14 15% 1305217 643 20%
c u 505.71  0 15 56 70732  1 2017245 142359 1.6 21 13 6 14 15% 1305217 643 20%
c 
c  seconds   reductions     conflicts          size   tier2         variables
c          MB      restarts        redundant      glue    trail         remaining
c           level        rate            size/glue  tier1    irredundant
c 
c v 505.88  0 15 56 70732  1 2017245 142348 1.6 21 13 6 14 15% 1305217 643 20%
c w 505.96  0 15 56 70732  1 2017245 142344 1.6 21 13 6 14 15% 1305217 643 20%
c x 506.22  0 15 56 70732  1 2017245 142344 1.6 21 13 6 14 15% 1305198 643 20%
c i 513.87  0 14 56 70732  1 2052028 161925 1.6 20 12 6 14 15% 1305198 642 20%
c I 519.97  0 14 56 70732  1 2080110 178770 1.7 20 12 6 14 15% 1305198 642 20%
c - 523.18  0 14 57 70732  1 2092366 126463 1.7 20 12 6 14 15% 1237687 642 20%
c p 523.24  0 14 57 70732  1 2092366 126464 1.7 20 12 6 14 15% 1237687 642 20%
c u 526.51  0 14 57 70732  1 2092366 126358 1.7 20 12 6 14 15% 1237687 642 20%
c v 526.73  0 14 57 70732  1 2092366 126286 1.7 20 12 6 14 15% 1237687 642 20%
c w 526.84  0 14 57 70732  1 2092366 126183 1.7 20 12 6 14 15% 1237687 642 20%
c x 527.16  0 14 57 70732  1 2092366 126182 1.7 20 12 6 14 15% 1237643 642 20%
c t 527.17  0 14 57 70732  1 2092366 126157 1.7 20 12 6 14 15% 1237643 642 20%
c i 530.66  0 13 57 70732  1 2111179 137016 1.7 19 11 5 13 15% 1237643 632 19%
c i 531.04  0 13 57 70732  1 2112385 137634 1.7 19 11 5 13 15% 1237643 629 19%
c i 531.06  0 13 57 70732  1 2112515 137677 1.7 19 11 5 13 15% 1237643 628 19%
c i 531.17  0 13 57 70732  1 2112948 137871 1.7 19 11 5 13 15% 1237643 624 19%
c i 531.18  0 13 57 70732  1 2112979 137879 1.7 19 11 5 13 15% 1237643 623 19%
c i 531.18  0 13 57 70732  1 2112990 137881 1.7 19 11 5 13 15% 1237643 618 19%
c i 531.18  0 13 57 70732  1 2112994 137882 1.7 19 11 5 13 15% 1237643 605 18%
c ] 531.18  0 13 57 70732  1 2112999 137883 1.7 19 11 5 13 15% 1237643 579 18%
c 
c  seconds   reductions     conflicts          size   tier2         variables
c          MB      restarts        redundant      glue    trail         remaining
c           level        rate            size/glue  tier1    irredundant
c 
c 0 531.18  0 13 57 70732  1 2112999 137883 1.7 19 11 5 13 15% 1237643 579 18%
c 
c --- [ closing proof ] ------------------------------------------------------
c 
c LRAT proof file '/Users/ivanspogreev/earth-moon/population/f034-a4-cert/split-m07/c15/round-0/F.lrat' closed
c LRAT 3312076 added clauses 42.55%
c LRAT 4471045 deleted clauses 57.45%
c LRAT 631867647 bytes (602.60 MB)
c 
c --- [ result ] -------------------------------------------------------------
c 
s UNSATISFIABLE
c 
c --- [ run-time profiling ] -------------------------------------------------
c 
c process time taken by individual solving procedures
c (percentage relative to process time for solving)
c 
c       479.79   90.58% search
c       255.55   48.25% unstable
c       187.89   35.47% stable
c        49.88    9.42% simplify
c        36.30    6.85% walk
c        26.93    5.09% vivify
c        11.09    2.09% sweep
c         5.30    1.00% elim
c         2.49    0.47% subsume
c         1.59    0.30% probe
c         1.51    0.29% parse
c         0.59    0.11% ternary
c         0.38    0.07% congruence
c         0.06    0.01% lucky
c         0.00    0.00% backbone
c   =================================
c       529.67   99.72% solve
c 
c last line shows process time for solving
c (percentage relative to total process time)
c 
c --- [ statistics ] ---------------------------------------------------------
c 
c chronological:            203577         9.63 %  of conflicts
c conflicts:               2112999      3989.27    per second
c backbone:                 137581      4199.66 %  of vars
c decisions:               2450153      4625.80    per second
c eliminated:                 2065        63.03 %  of all variables
c fixed:                       630        19.23 %  of all variables
c learned:                 2080560        98.46 %  per conflict
c learned_lits:           59859100       100.00 %  learned literals
c minimized:                     0         0.00 %  learned literals
c shrunken:               12854018        21.47 %  learned literals
c minishrunken:            3687275         6.16 %  learned literals
c otfs:                      10115         0.48 %  of conflict
c propagations:           34789073         0.07 M  per second
c reduced:                 1157939        54.80 %  per conflict
c rephased:                     64     33015.61    interval
c restarts:                  70732        29.87    interval
c stabilizing:                  11        49.91 %  of conflicts
c substituted:                   2         0.06 %  of all variables
c subsumed:                 765572        22.15 %  of all clauses
c strengthened:              75868         2.19 %  of all clauses
c ticks:               47685541863      1385.38    propagation
c vivified:                   6395         0.18 %  of all clauses
c walked:                       20    105649.95    interval
c weakened:                   4921         2.51    average size
c congruence:                   10    211299.90    interval
c 
c seconds are measured in process time for solving
c 
c --- [ glue usage ] ---------------------------------------------------------
c 
c focused glue 5 used 292902 clauses 7.905% accumulated 50.79% tier1
c focused glue 6 used 241901 clauses 6.528% accumulated 57.31%
c focused glue 7-9 used 571676 clauses 15.42% accumulated 72.74%
c focused glue 10 used 189045 clauses 5.102% accumulated 77.85%
c focused glue 11 used 176631 clauses 4.767% accumulated 82.61% tier2
c 
c stable glue 5 used 327225 clauses 7.432% accumulated 50.41% tier1
c stable glue 6 used 255219 clauses 5.797% accumulated 56.21%
c stable glue 7-11 used 865040 clauses 19.64% accumulated 75.86%
c stable glue 12 used 167909 clauses 3.813% accumulated 79.67%
c stable glue 13 used 157881 clauses 3.586% accumulated 83.26% tier2
c 
c 
c --- [ resources ] ----------------------------------------------------------
c 
c total process time since initialization:       531.18    seconds
c total real time since initialization:          536.85    seconds
c maximum resident set size of process:         1327.56    MB
c 
c --- [ shutting down ] ------------------------------------------------------
c 
c exit 20

[rc=20 536.9s]
$ /Users/ivanspogreev/earth-moon/verifier/../tools/drat-trim/lrat-check /Users/ivanspogreev/earth-moon/population/f034-a4-cert/split-m07/c15/round-0/F.cnf /Users/ivanspogreev/earth-moon/population/f034-a4-cert/split-m07/c15/round-0/F.lrat
c parsed a formula with 3276 variables and 2535151 clauses
c VERIFIED
c allocated 1024 57753904 73710
c Added clauses = 5847227.  Deleted clauses = 4471045.  Max live clauses = 2535151
c verification time = 10.96 secs

[rc=0 11.0s]
