# lean_static_resolve 2026-10-02 19:19:13
# dump=/root/earth-moon/population/f034-a4-cert/cs-a4_m12c/s/p105_p53_p95_p149/dump.jsonl raw=12896 dedup=12896 footer={'type': 'footer', 'verdict': 'UNSAT', 'counts': {'preseed': 8300, 'prop': 4596, 'model': 0}, 'stats': {'checks': 10612, 'confl': 2298, 'model_rej': 0}, 'time': '2026-10-02T19:19:12+0000'}
# counters=False
$ /root/bin/cadical --lrat --no-binary --no-factor /root/earth-moon/population/f034-a4-cert/cs-a4_m12c/r/p105_p53_p95_p149/round-0/F.cnf /root/earth-moon/population/f034-a4-cert/cs-a4_m12c/r/p105_p53_p95_p149/round-0/F.lrat
c --- [ banner ] -------------------------------------------------------------
c 
c CaDiCaL SAT Solver
c Copyright (c) 2016-2026
c A. Biere, M. Fleury, N. Froleyks, K. Fazekas, F. Pollitt, T. Faller
c JKU Linz, University of Freiburg, TU Wien
c 
c Version 3.0.1 c60730422e758ef1cebe7aeddf2dda31c996bf04
c g++ (Ubuntu 13.3.0-6ubuntu2~24.04.1) 13.3.0 -Wall -Wextra -O3 -DNDEBUG
c Fri Oct 2 18:00:09 UTC 2026 Linux ai-math 6.8.0-139-generic x86_64
c 
c --- [ proof tracing ] ------------------------------------------------------
c 
c opening file to write '/root/earth-moon/population/f034-a4-cert/cs-a4_m12c/r/p105_p53_p95_p149/round-0/F.lrat'
c writing non-binary proof trace to '/root/earth-moon/population/f034-a4-cert/cs-a4_m12c/r/p105_p53_p95_p149/round-0/F.lrat'
c 
c --- [ parsing input ] ------------------------------------------------------
c 
c reading DIMACS file from '/root/earth-moon/population/f034-a4-cert/cs-a4_m12c/r/p105_p53_p95_p149/round-0/F.cnf'
c opening file to read '/root/earth-moon/population/f034-a4-cert/cs-a4_m12c/r/p105_p53_p95_p149/round-0/F.cnf'
c found 'p cnf 2945 21253' header
c parsed 21253 clauses in 0.01 seconds process time
c 
c --- [ options ] ------------------------------------------------------------
c 
c   --binary=false                 (different from default 'true')
c   --lrat=true                    (different from default 'false')
c 
c --- [ solving ] ------------------------------------------------------------
c 
c time measured in process time since initialization
c 
c  seconds  reduction conflicts       size tier2      variables
c         MB    restarts   redundant    glue  trail        remaining
c          level     rate       size/glu tier1  irredundant
c 
c *  0.01  7  0 0   0  0    0    0 0.0 0 0 2 6  0% 16875 2904 99%
c )  0.02  8  0 0   0  0    0    0 0.0 0 0 2 6  0% 16875 2904 99%
c {  0.02  8  0 0   0  0    0    0 0.0 0 0 2 6  0% 16875 2904 99%
c i  0.02  8 992 0   0 12   91   33 1.3 16 12 2 6 44% 16825 2903 99%
c i  0.02  8 992 0   0 12   93   33 1.3 15 12 2 6 44% 16825 2901 99%
c i  0.02  8 959 0   0 10  136   54 1.3 15 12 2 6 44% 16817 2893 98%
c -  0.02  8 691 1   0  5  300   54 1.3 15 11 2 6 37% 16796 2893 98%
c -  0.03  9 284 2   0  3  733  110 1.3 13 9 2 6 19% 16796 2893 98%
c }  0.03  9 209 2   0  2 1001  228 1.4 12 9 2 6 15% 16796 2893 98%
c [  0.03  9  0 2   0  0 1001  228 0.0 0 0 2 6  0% 16796 2893 98%
c O  0.03  9  4 2   0  5 1002  229 1.3 4 3 2 6 18% 16796 2893 98%
c -  0.04  9  9 3   0  1 1411  363 1.9 11 6 2 6 12% 16778 2893 98%
c 2  0.04  9  9 3   0  1 1787  513 1.6 10 6 2 6 10% 16778 2879 98%
c p  0.04  9  9 3   0  1 1787  584 1.6 10 6 2 6 10% 16778 2879 98%
c ]  0.05 10  8 3   0  1 1927  622 1.5 10 6 2 6 10% 16789 2879 98%
c {  0.05 10 209 3   0  2 1927  622 1.4 12 9 2 6 15% 16789 2879 98%
c i  0.05 10 198 3   0  2 1988  627 1.4 12 8 2 6 15% 16789 2878 98%
c i  0.05 10 169 3   1  2 2263  708 1.4 12 8 2 6 16% 16641 2874 98%
c -  0.05  9 161 4   1  2 2351  100 1.4 12 8 2 6 16% 15929 2874 98%
c i  0.05  9 156 4   1  2 2407  117 1.4 12 8 2 6 15% 15900 2873 98%
c 
c  seconds   reduction conflicts       size  tier2      variables
c         MB     restarts   redundant     glue  trail        remaining
c           level     rate       size/glue tier1  irredundant
c 
c i  0.05  9 156 4   1  2 2412  118 1.4 11 8 2 6 15% 15899 2830 96%
c i  0.05  9 153 4   1  2 2445  125 1.4 11 8 2 6 15% 15879 2829 96%
c i  0.05  9 153 4   1  2 2446  125 1.4 11 8 2 6 15% 15879 2828 96%
c i  0.05  9 153 4   1  2 2449  126 1.4 11 8 2 6 15% 15879 2802 95%
c i  0.05  9 148 4   1  2 2497  141 1.4 11 8 2 6 15% 15853 2800 95%
c i  0.05  9 148 4   1  2 2499  141 1.4 11 8 2 6 15% 15853 2764 94%
c i  0.05  9 148 4   1  2 2501  141 1.4 11 8 2 6 15% 15853 2731 93%
c i  0.05  9 148 4   1  2 2506  144 1.4 11 8 2 6 15% 15853 2728 93%
c i  0.05  9 147 4   1  2 2513  146 1.4 11 8 2 6 15% 15853 2725 93%
c i  0.05  9 147 4   1  2 2515  147 1.4 11 8 2 6 15% 15853 2716 92%
c }  0.05  9 147 4   1  2 2517  147 1.4 11 8 2 6 15% 15853 2687 91%
c 0  0.05  9 147 4   1  2 2517  147 1.4 11 8 2 6 15% 15853 2687 91%
c 
c --- [ closing proof ] ------------------------------------------------------
c 
c LRAT proof file '/root/earth-moon/population/f034-a4-cert/cs-a4_m12c/r/p105_p53_p95_p149/round-0/F.lrat' closed
c LRAT 10079 added clauses 40.07%
c LRAT 15073 deleted clauses 59.93%
c LRAT 843826 bytes (0.80 MB)
c 
c --- [ result ] -------------------------------------------------------------
c 
s UNSATISFIABLE
c 
c --- [ run-time profiling ] -------------------------------------------------
c 
c process time taken by individual solving procedures
c (percentage relative to process time for solving)
c 
c         0.04   91.80% search
c         0.02   57.11% unstable
c         0.01   35.02% parse
c         0.01   31.21% stable
c         0.00    7.85% simplify
c         0.00    5.29% congruence
c         0.00    3.32% lucky
c         0.00    0.72% backbone
c         0.00    0.30% probe
c   =================================
c         0.04   73.82% solve
c 
c last line shows process time for solving
c (percentage relative to total process time)
c 
c --- [ statistics ] ---------------------------------------------------------
c 
c chronological:               468        18.59 %  of conflicts
c conflicts:                  2517     63494.87    per second
c backbone:                  17284       586.89 %  of vars
c decisions:                  4263    107540.17    per second
c fixed:                       258         8.76 %  of all variables
c learned:                    2084        82.80 %  per conflict
c learned_lits:              40630       100.00 %  learned literals
c minimized:                     0         0.00 %  learned literals
c shrunken:                  17736        43.65 %  learned literals
c minishrunken:               1102         2.71 %  learned literals
c otfs:                        756        30.04 %  of conflict
c propagations:              47420         1.20 M  per second
c reduced:                     386        15.34 %  per conflict
c rephased:                      1      2517.00    interval
c restarts:                      1      2517.00    interval
c stabilizing:                   1        36.43 %  of conflicts
c subsumed:                   1695         8.91 %  of all clauses
c strengthened:                408         2.14 %  of all clauses
c ticks:                    991730        21.15    propagation
c congruence:                    1      2517.00    interval
c 
c seconds are measured in process time for solving
c 
c --- [ glue usage ] ---------------------------------------------------------
c 
c focused glue 7 used 186 clauses 12.56% accumulated 51.55% tier1
c focused glue 8 used 174 clauses 11.75% accumulated 63.31%
c focused glue 9 used 164 clauses 11.08% accumulated 74.39%
c focused glue 10 used 126 clauses 8.513% accumulated 82.90% tier2
c 
c stable glue 2 used 133 clauses 8.872% accumulated 8.872% tier1
c stable glue 3 used 153 clauses 10.20% accumulated 19.07%
c stable glue 4 used 209 clauses 13.94% accumulated 33.02%
c stable glue 5 used 302 clauses 20.14% accumulated 53.16%
c stable glue 6 used 270 clauses 18.01% accumulated 71.18% tier2
c 
c 
c --- [ resources ] ----------------------------------------------------------
c 
c total process time since initialization:         0.05    seconds
c total real time since initialization:            0.05    seconds
c maximum resident set size of process:           41.96    MB
c 
c --- [ shutting down ] ------------------------------------------------------
c 
c exit 20

[rc=20 0.1s]
$ /root/earth-moon/verifier/../tools/drat-trim/lrat-check /root/earth-moon/population/f034-a4-cert/cs-a4_m12c/r/p105_p53_p95_p149/round-0/F.cnf /root/earth-moon/population/f034-a4-cert/cs-a4_m12c/r/p105_p53_p95_p149/round-0/F.lrat
c parsed a formula with 2945 variables and 21253 clauses
c VERIFIED
c allocated 1024 215185 29450
c Added clauses = 31332.  Deleted clauses = 15073.  Max live clauses = 21253
c verification time = 0.04 secs

[rc=0 0.0s]
