# lean_static_resolve 2026-10-02 19:49:59
# dump=/root/earth-moon/population/f034-a4-cert/cs-a4_m04c/s/n105_n94_p136_n143_p106/dump.jsonl raw=167228 dedup=167228 footer={'type': 'footer', 'verdict': 'UNSAT', 'counts': {'preseed': 8426, 'prop': 158802, 'model': 0}, 'stats': {'checks': 683611, 'confl': 79401, 'model_rej': 0}, 'time': '2026-10-02T19:49:56+0000'}
# counters=False
$ /root/bin/cadical --lrat --no-binary --no-factor /root/earth-moon/population/f034-a4-cert/cs-a4_m04c/r/n105_n94_p136_n143_p106/round-0/F.cnf /root/earth-moon/population/f034-a4-cert/cs-a4_m04c/r/n105_n94_p136_n143_p106/round-0/F.lrat
c --- [ banner ] -------------------------------------------------------------
c 
c CaDiCaL SAT Solver
c Copyright (c) 2016-2026
c A. Biere, M. Fleury, N. Froleyks, K. Fazekas, F. Pollitt, T. Faller
c JKU Linz, University of Freiburg, TU Wien
c 
c Version 3.0.1 c60730422e758ef1cebe7aeddf2dda31c996bf04
c g++ (Ubuntu 13.3.0-6ubuntu2~24.04.1) 13.3.0 -Wall -Wextra -O3 -DNDEBUG
c Fri Oct 2 18:00:09 UTC 2026 Linux ai-math 6.8.0-139-generic x86_64
c 
c --- [ proof tracing ] ------------------------------------------------------
c 
c opening file to write '/root/earth-moon/population/f034-a4-cert/cs-a4_m04c/r/n105_n94_p136_n143_p106/round-0/F.lrat'
c writing non-binary proof trace to '/root/earth-moon/population/f034-a4-cert/cs-a4_m04c/r/n105_n94_p136_n143_p106/round-0/F.lrat'
c 
c --- [ parsing input ] ------------------------------------------------------
c 
c reading DIMACS file from '/root/earth-moon/population/f034-a4-cert/cs-a4_m04c/r/n105_n94_p136_n143_p106/round-0/F.cnf'
c opening file to read '/root/earth-moon/population/f034-a4-cert/cs-a4_m04c/r/n105_n94_p136_n143_p106/round-0/F.cnf'
c found 'p cnf 2964 175640' header
c parsed 175640 clauses in 0.16 seconds process time
c 
c --- [ options ] ------------------------------------------------------------
c 
c   --binary=false                 (different from default 'true')
c   --lrat=true                    (different from default 'false')
c 
c --- [ solving ] ------------------------------------------------------------
c 
c time measured in process time since initialization
c 
c  seconds  reduction conflicts       size tier2       variables
c         MB    restarts   redundant    glue  trail         remaining
c          level     rate       size/glu tier1  irredundant
c 
c *  0.16 18  0 0   0  0    0    0 0.0 0 0 2 6  0% 103960 2921 99%
c )  0.16 20  0 0   0  0    0    0 0.0 0 0 2 6  0% 103960 2921 99%
c {  0.17 20  0 0   0  0    0    0 0.0 0 0 2 6  0% 103960 2921 99%
c i  0.18 21 461 0   5 35  154   66 1.4 15 11 2 6 27% 103880 2920 99%
c i  0.18 21 457 0   5 32  167   68 1.4 14 10 2 6 27% 103876 2869 97%
c i  0.18 21 456 0   5 32  169   68 1.4 14 10 2 6 27% 103875 2868 97%
c i  0.18 21 451 0   5 30  181   74 1.4 14 10 2 6 27% 103873 2867 97%
c i  0.19 21 367 0  10 22  269  122 1.4 14 10 2 6 24% 103844 2866 97%
c i  0.19 21 361 0  10 22  274  124 1.4 14 10 2 6 24% 103844 2865 97%
c i  0.19 21 360 0  10 22  275  124 1.4 14 10 2 6 24% 103844 2864 97%
c i  0.19 21 358 0  10 22  276  124 1.4 14 10 2 6 24% 103844 2863 97%
c i  0.19 21 352 0  10 22  281  126 1.4 13 9 2 6 23% 103844 2862 97%
c i  0.19 21 349 0  10 21  284  126 1.4 13 9 2 6 23% 103844 2859 96%
c i  0.19 21 340 0  10 21  292  129 1.4 13 9 2 6 23% 103841 2858 96%
c i  0.19 21 339 0  10 21  293  129 1.4 13 9 2 6 23% 103841 2856 96%
c -  0.20 21 328 1  10 20  302   66 1.4 13 9 2 6 23% 103760 2856 96%
c -  0.23 30 133 2  10  9  742  124 1.3 10 8 2 6 14% 103760 2856 96%
c }  0.23 30 100 2  10  7 1003  215 1.3 10 8 2 6 13% 103760 2856 96%
c [  0.23 30  0 2  10  0 1003  215 0.0 0 0 2 6  0% 103760 2856 96%
c O  0.23 30  3 2  10  4 1004  216 2.0 4 2 2 6 19% 103760 2856 96%
c 
c  seconds  reduction conflicts       size  tier2       variables
c         MB    restarts   redundant     glue  trail         remaining
c          level     rate       size/glue tier1  irredundant
c 
c -  0.25 30  9 3  10  1 1432  283 1.4 10 7 2 6 14% 103746 2856 96%
c i  0.25 30  8 3  10  1 1904  447 1.4 9 6 2 6 13% 103746 2844 96%
c ]  0.26 30 18 3  10  1 2068  578 1.6 12 8 2 6 18% 103727 2844 96%
c {  0.26 30 100 3  10  7 2068  578 1.3 10 8 2 6 13% 103727 2844 96%
c i  0.27 30 98 3  22  7 2129  605 1.3 11 8 2 6 13% 103705 2841 96%
c i  0.27 30 96 3  30  7 2169  616 1.3 11 8 2 6 13% 103678 2837 96%
c i  0.27 30 95 3  30  7 2170  616 1.3 11 8 2 6 13% 103678 2834 96%
c i  0.27 30 95 3  31  7 2177  618 1.3 11 8 2 6 13% 103676 2832 96%
c i  0.27 30 95 3  31  7 2179  619 1.3 11 8 2 6 13% 103676 2831 96%
c i  0.27 30 95 3  31  7 2181  619 1.3 11 8 2 6 13% 103676 2828 95%
c i  0.27 30 89 3  44  7 2325  681 1.3 11 8 2 6 14% 103609 2827 95%
c i  0.27 30 89 3  44  7 2326  681 1.3 11 8 2 6 14% 103609 2825 95%
c i  0.28 30 88 3  51  7 2384  715 1.3 11 8 2 6 15% 103590 2819 95%
c i  0.28 30 88 3  53  7 2391  717 1.3 11 8 2 6 15% 103586 2818 95%
c -  0.29 28 88 4  53  7 2393  142 1.3 11 8 2 6 15% 102912 2818 95%
c 2  0.30 28 85 4  53  7 2517  183 1.3 11 8 2 6 16% 102847 2783 94%
c d  0.30 28 85 4  53  7 2517  181 1.3 11 8 2 6 16% 102797 2782 94%
c p  0.30 28 85 4  53  7 2517  181 1.3 11 8 2 6 16% 102797 2781 94%
c t  0.31 28 85 4  53  7 2517  177 1.3 11 8 2 6 16% 102820 2761 93%
c i  0.32 28 85 4  56  7 2575  194 1.3 11 8 2 6 16% 102785 2748 93%
c 
c  seconds  reduction conflicts       size  tier2       variables
c         MB    restarts   redundant     glue  trail         remaining
c          level     rate       size/glue tier1  irredundant
c 
c i  0.32 28 85 4  56  7 2576  194 1.3 11 8 2 6 16% 102785 2747 93%
c i  0.32 28 83 4  73  7 2707  251 1.3 11 8 2 6 17% 102720 2733 92%
c i  0.32 28 83 4  74  7 2710  253 1.3 11 8 2 6 17% 102720 2732 92%
c i  0.32 28 83 4  79  7 2731  261 1.3 11 8 2 6 17% 102709 2722 92%
c i  0.32 28 82 4  80  7 2735  261 1.3 11 8 2 6 17% 102707 2698 91%
c i  0.33 28 81 4  88  8 2797  270 1.3 11 8 2 6 17% 102659 2662 90%
c i  0.33 28 81 4  88  7 2853  292 1.3 11 8 2 6 18% 102634 2660 90%
c i  0.35 36 81 4  89  7 2858  250 1.3 11 8 2 6  9% 102487 2633 89%
c i  0.35 36 81 4  92  8 2873  257 1.3 11 8 2 6  8% 102480 2560 86%
c i  0.35 36 81 4  93  8 2874  257 1.3 11 8 2 6  8% 102480 2528 85%
c i  0.35 36 79 4 103  7 2917  274 1.3 11 8 2 6  9% 102470 2482 84%
c i  0.36 36 78 4 122  8 2991  313 1.3 11 8 2 6 13% 102445 2468 83%
c i  0.36 36 78 4 122  8 2994  313 1.3 11 8 2 6 13% 102443 2462 83%
c i  0.36 36 78 4 123  8 2995  313 1.3 11 8 2 6 13% 102443 2448 83%
c O  0.36 36 77 4 125  8 3007  320 1.3 11 8 2 6 13% 102439 2448 83%
c i  0.37 36 77 4 145  8 3101  361 1.3 11 9 2 6 17% 102390 2447 83%
c i  0.37 36 76 4 151  8 3124  368 1.3 11 9 2 6 17% 102375 2446 83%
c i  0.37 36 76 4 151  8 3125  368 1.3 11 9 2 6 17% 102375 2445 82%
c i  0.37 36 76 4 151  8 3127  368 1.3 11 9 2 6 17% 102374 2442 82%
c }  0.37 36 76 4 151  8 3182  386 1.3 11 9 2 6 19% 102344 2442 82%
c 
c  seconds  reduction conflicts       size  tier2       variables
c         MB    restarts   redundant     glue  trail         remaining
c          level     rate       size/glue tier1  irredundant
c 
c [  0.37 36 18 4 151  1 3182  386 1.6 12 8 2 6 20% 102344 2442 82%
c i  0.37 36 18 4 152  1 3192  395 1.6 12 8 2 6 20% 102344 2399 81%
c -  0.41 36 20 5 152  1 3633  316 1.5 15 10 2 6 19% 99084 2399 81%
c i  0.41 36 20 5 152  1 3646  317 1.5 15 10 2 6 19% 99076 2335 79%
c ]  0.45 36 19 5 153  1 4489  959 1.5 16 11 2 6 19% 99074 2335 79%
c {  0.45 36 76 5 153  8 4489  959 1.3 11 9 2 6 19% 99074 2335 79%
c i  0.46 36 75 5 165  8 4571 1001 1.3 11 9 2 6 20% 99045 2332 79%
c i  0.46 36 73 5 184  8 4636 1053 1.3 12 9 2 6 19% 99045 2325 78%
c 2  0.50 36 65 5 280  7 5018 1338 1.3 13 10 7 11 18% 99040 2318 78%
c =  0.53 36 65 5 280  7 5018 1336 1.3 13 10 7 11 18% 96967 2305 78%
c t  0.53 36 65 5 280  7 5018 1335 1.3 13 10 7 11 18% 96967 2305 78%
c -  0.56 36 63 6 309  7 5139 1002 1.3 13 10 8 12 18% 96964 2305 78%
c #  0.61 36 52 6 431  6 6008 1650 1.4 14 11 8 14 18% 96963 2305 78%
c }  0.66 36 44 6 540  5 6856 2240 1.4 15 11 8 13 18% 96963 2305 78%
c [  0.66 36 19 6 540  1 6856 2240 1.5 16 11 2 6 19% 96963 2305 78%
c -  0.67 36 19 7 540  1 6932 1957 1.4 16 11 2 6 19% 96963 2305 78%
c 2  0.70 36 18 7 540  1 7622 2368 1.4 16 11 9 15 18% 96963 2303 78%
c t  0.72 37 18 7 540  1 7622 2367 1.4 16 11 9 15 18% 96975 2303 78%
c -  0.83 37 18 8 541  1 9016 2695 1.5 18 12 9 15  5% 96959 2303 78%
c I  0.88 37 18 8 542  1 10010 3446 1.5 19 12 9 15  6% 96956 2303 78%
c 
c  seconds  reductions conflicts       size   tier2       variables
c         MB    restarts    redundant     glue    trail        remaining
c          level     rate        size/glue  tier1   irredundant
c 
c s  0.90 37 18 8 542  1 10310 3582 1.5 19 12 9 15  6% 96534 2303 78%
c t  0.90 37 18 8 542  1 10310 3582 1.5 19 12 9 15  6% 96510 2303 78%
c e  0.92 37 18 8 542  1 10310 3405 1.5 19 12 9 15  6% 92953 334 11%
c s  0.92 37 18 8 542  1 10310 3405 1.5 19 12 9 15  6% 92752 334 11%
c ]  0.94 37 18 8 542  1 10317 3411 1.5 19 12 9 15  6% 92752 334 11%
c {  0.94 37 44 8 542  5 10317 3411 1.4 15 11 8 13 20% 92752 334 11%
c -  1.01 37 39 9 781  5 11390 3040 1.3 16 12 8 13 15% 92752 334 11%
c t  1.10 37 33 9 905  4 13107 4111 1.4 16 12 8 13 11% 92752 334 11%
c -  1.14 37 31 10 991  3 14059 3960 1.4 16 12 9 14 10% 92752 334 11%
c B  1.18 37 29 10 1040  3 15012 4557 1.4 16 12 9 14 11% 92752 334 11%
c u  1.24 37 28 10 1135  3 15975 5147 1.4 16 12 9 14 17% 92776 334 11%
c v  1.24 37 28 10 1135  3 15975 5130 1.4 16 12 9 14 17% 92776 334 11%
c w  1.25 37 28 10 1135  3 15975 5092 1.4 16 12 9 14 17% 92776 334 11%
c x  1.25 37 28 10 1135  3 15975 5092 1.4 16 12 9 14 17% 92775 334 11%
c }  1.26 37 28 10 1143  3 16078 5179 1.4 16 12 9 14 18% 92775 334 11%
c [  1.26 37 18 10 1143  1 16078 5179 1.5 19 12 9 15 39% 92775 334 11%
c -  1.30 37 18 11 1144  1 17023 4826 1.5 19 13 9 15 35% 92775 334 11%
c -  1.45 37 17 12 1145  1 20286 6088 1.6 20 13 9 15 30% 92775 334 11%
c B  1.48 37 17 12 1145  1 21015 6634 1.6 20 13 9 15 29% 92775 334 11%
c ]  1.51 37 17 12 1145  1 21825 7212 1.6 20 13 9 14 28% 92775 334 11%
c 
c  seconds  reductions   conflicts       size   tier2       variables
c         MB     restarts     redundant     glue    trail       remaining
c          level       rate        size/glue  tier1   irredundant
c 
c {  1.51 37 28 12 1145  3 21825 7212 1.4 16 12 9 14 18% 92775 334 11%
c -  1.64 37 26 13 1344  3 23846 7451 1.4 17 12 9 14 22% 92775 334 11%
c -  1.78 37 22 14 1389  2 27706 8846 1.5 17 12 9 14 23% 92775 334 11%
c W  1.84 37 22 14 1389  2 28016 9049 1.5 17 11 9 14 22% 92775 334 11%
c }  1.99 37 21 14 1688  2 30748 10915 1.5 17 12 9 14 22% 92775 334 11%
c [  1.99 37 17 14 1688  1 30748 10915 1.6 20 13 9 14 28% 92775 334 11%
c -  2.04 37 17 15 1689  1 31867 9922 1.6 20 13 9 14 28% 92775 334 11%
c u  2.05 37 17 15 1689  1 31867 9881 1.6 20 13 9 14 28% 92775 334 11%
c v  2.06 37 17 15 1689  1 31867 9879 1.6 20 13 9 14 28% 92775 334 11%
c w  2.06 37 17 15 1689  1 31867 9864 1.6 20 13 9 14 28% 92775 334 11%
c x  2.06 37 17 15 1689  1 31867 9864 1.6 20 13 9 14 28% 92773 334 11%
c W  2.25 37 17 15 1692  1 36019 12823 1.5 20 13 9 14 26% 92773 334 11%
c -  2.28 45 17 16 1692  1 36329 11093 1.5 20 13 9 14 26% 92773 334 11%
c ]  2.45 45 17 16 1695  1 40968 14156 1.5 20 13 9 14 25% 92773 334 11%
c {  2.45 45 21 16 1695  2 40968 14156 1.5 17 12 9 14 22% 92773 334 11%
c -  2.47 37 21 17 1719  2 41096 12058 1.5 17 12 9 14 22% 92773 334 11%
c s  2.57 37 21 17 2032  2 42781 13273 1.5 17 12 9 14 22% 92593 334 11%
c s  2.59 37 21 17 2032  2 42781 13266 1.5 17 12 9 14 22% 92515 334 11%
c F  2.71 37 20 17 2287  2 45022 14757 1.5 18 12 9 14 22% 92515 334 11%
c -  2.77 45 20 18 2309  2 46165 13206 1.5 18 12 9 14 22% 92515 334 11%
c 
c  seconds  reductions   conflicts        size   tier2       variables
c         MB     restarts      redundant     glue    trail       remaining
c          level       rate         size/glue  tier1   irredundant
c 
c -  3.00 45 19 19 2599  2 51536 14476 1.5 17 12 9 14 22% 92515 334 11%
c u  3.03 45 19 19 2599  2 51536 14459 1.5 17 12 9 14 22% 92515 334 11%
c v  3.03 45 19 19 2599  2 51536 14456 1.5 17 12 9 14 22% 92515 334 11%
c w  3.03 45 19 19 2599  2 51536 14432 1.5 17 12 9 14 22% 92515 334 11%
c x  3.04 45 19 19 2599  2 51536 14432 1.5 17 12 9 14 22% 92512 334 11%
c }  3.11 45 18 19 2747  2 52949 15367 1.5 17 12 9 14 22% 92512 334 11%
c [  3.11 45 17 19 2747  1 52949 15367 1.5 20 13 9 14 25% 92512 334 11%
c O  3.18 45 17 19 2747  1 55023 16473 1.5 20 13 9 14 24% 92512 334 11%
c -  3.29 45 16 20 2748  1 57211 15952 1.5 20 13 9 14 24% 92512 334 11%
c p  3.29 45 16 20 2748  1 57211 15953 1.5 20 13 9 14 24% 92512 334 11%
c -  3.55 45 16 21 2748  1 63193 17635 1.5 20 13 9 14 24% 92512 334 11%
c p  3.55 45 16 21 2748  1 63193 17636 1.5 20 13 9 14 24% 92512 334 11%
c ]  3.70 45 16 21 2750  1 65672 19338 1.5 20 13 9 14 24% 92512 334 11%
c {  3.70 45 18 21 2750  2 65672 19338 1.5 17 12 9 14 22% 92512 334 11%
c B  3.72 45 18 21 2832  2 66024 19599 1.5 17 12 9 14 22% 92512 334 11%
c -  3.92 45 18 22 3026  2 69477 19520 1.5 17 12 9 14 22% 92512 334 11%
c p  3.93 45 18 22 3026  2 69477 19522 1.5 17 12 9 14 22% 92512 334 11%
c u  3.94 45 18 22 3026  2 69477 19500 1.5 17 12 9 14 22% 92512 334 11%
c v  3.95 45 18 22 3026  2 69477 19500 1.5 17 12 9 14 22% 92512 334 11%
c w  3.95 45 18 22 3026  2 69477 19480 1.5 17 12 9 14 22% 92512 334 11%
c 
c  seconds  reductions   conflicts        size   tier2       variables
c         MB     restarts      redundant     glue    trail       remaining
c          level       rate         size/glue  tier1   irredundant
c 
c x  3.95 45 18 22 3026  2 69477 19480 1.5 17 12 9 14 22% 92511 334 11%
c -  4.25 38 17 23 3090  2 76068 16469 1.5 17 11 7 12 22% 92511 334 11%
c W  4.40 38 17 23 3163  2 78025 17581 1.5 17 11 7 12 22% 92511 334 11%
c }  4.57 38 16 23 3552  2 81845 20100 1.5 17 11 7 12 22% 92511 334 11%
c [  4.57 38 16 23 3552  1 81845 20100 1.5 20 13 9 14 24% 92511 334 11%
c -  4.62 46 16 24 3553  1 82963 16555 1.5 20 13 9 14 24% 92511 334 11%
c p  4.62 46 16 24 3553  1 82963 16557 1.5 20 13 9 14 24% 92511 334 11%
c -  4.89 46 16 25 3557  1 90163 16246 1.5 20 13 9 14 23% 92511 334 11%
c p  4.90 46 16 25 3557  1 90163 16247 1.5 20 13 9 14 23% 92511 334 11%
c u  4.92 46 16 25 3557  1 90163 16223 1.5 20 13 9 14 23% 92511 334 11%
c v  4.92 46 16 25 3557  1 90163 16215 1.5 20 13 9 14 23% 92511 334 11%
c w  4.92 46 16 25 3557  1 90163 16207 1.5 20 13 9 14 23% 92511 334 11%
c x  4.93 46 16 25 3557  1 90163 16207 1.5 20 13 9 14 23% 92510 334 11%
c B  4.97 46 16 25 3557  1 91028 16884 1.5 20 13 9 14 23% 92510 334 11%
c s  5.00 46 16 25 3557  1 91464 17172 1.5 20 13 9 14 23% 92355 334 11%
c s  5.02 46 16 25 3557  1 91464 17160 1.5 20 13 9 14 23% 92282 334 11%
c -  5.26 46 16 26 3561  1 97669 16669 1.5 20 13 9 14 23% 92282 334 11%
c ]  5.36 46 16 26 3563  1 100307 18366 1.5 20 13 9 14 23% 92282 334 11%
c {  5.36 46 16 26 3563  2 100307 18366 1.5 17 11 7 12 22% 92282 334 11%
c #  5.54 46 16 26 3656  2 105029 21481 1.5 17 11 7 12 22% 92282 334 11%
c 
c  seconds  reductions   conflicts         size   tier2       variables
c         MB     restarts       redundant     glue    trail       remaining
c          level       rate          size/glue  tier1   irredundant
c 
c -  5.58 54 16 27 3658  2 105482 18891 1.5 17 11 7 12 22% 92282 334 11%
c p  5.58 54 16 27 3658  2 105482 18894 1.5 17 11 7 12 22% 92282 334 11%
c -  6.00 54 15 28 4023  2 113602 20958 1.5 17 11 7 12 22% 92282 334 11%
c u  6.02 54 15 28 4023  2 113602 20934 1.5 17 11 7 12 22% 92282 334 11%
c v  6.03 54 15 28 4023  2 113602 20932 1.5 17 11 7 12 22% 92282 334 11%
c w  6.03 54 15 28 4023  2 113602 20929 1.5 17 11 7 12 22% 92282 334 11%
c x  6.04 54 15 28 4023  2 113602 20929 1.5 17 11 7 12 22% 92279 334 11%
c B  6.32 54 15 28 4277  2 120030 25177 1.5 17 11 7 12 22% 92279 334 11%
c }  6.37 54 15 28 4277  1 121085 25889 1.5 17 11 7 12 22% 92279 334 11%
c [  6.37 54 16 28 4277  1 121085 25889 1.5 20 13 9 14 23% 92279 334 11%
c -  6.42 54 16 29 4277  1 122029 23281 1.5 20 13 9 14 23% 92279 334 11%
c p  6.42 54 16 29 4277  1 122029 23284 1.5 20 13 9 14 23% 92279 334 11%
c -  6.83 39 16 30 4279  1 130762 25119 1.5 19 13 9 14 23% 92279 334 11%
c u  6.85 39 16 30 4279  1 130762 25085 1.5 19 13 9 14 23% 92279 334 11%
c v  6.86 39 16 30 4279  1 130762 25080 1.5 19 13 9 14 23% 92279 334 11%
c w  6.86 39 16 30 4279  1 130762 25079 1.5 19 13 9 14 23% 92279 334 11%
c x  6.86 39 16 30 4279  1 130762 25079 1.5 19 13 9 14 23% 92275 334 11%
c W  7.21 39 16 30 4280  1 136031 28867 1.5 20 13 9 14 23% 92275 334 11%
c -  7.39 39 16 31 4280  1 139803 26087 1.5 20 13 7 13 23% 92275 334 11%
c p  7.39 39 16 31 4280  1 139803 26090 1.5 20 13 7 13 23% 92275 334 11%
c 
c  seconds  reductions   conflicts         size   tier2       variables
c         MB     restarts       redundant     glue    trail       remaining
c          level       rate          size/glue  tier1   irredundant
c 
c ]  7.46 39 16 31 4280  1 141402 27231 1.5 20 13 7 13 23% 92275 334 11%
c {  7.46 39 15 31 4280  1 141402 27231 1.5 17 11 7 12 22% 92275 334 11%
c -  7.91 39 15 32 4967  1 149150 26657 1.5 17 11 7 12 22% 92275 334 11%
c u  7.93 39 15 32 4967  1 149150 26639 1.5 17 11 7 12 22% 92275 334 11%
c v  7.94 39 15 32 4967  1 149150 26638 1.5 17 11 7 12 22% 92275 334 11%
c w  7.94 39 15 32 4967  1 149150 26638 1.5 17 11 7 12 22% 92275 334 11%
c x  7.95 39 15 32 4967  1 149150 26638 1.5 17 11 7 12 22% 92273 334 11%
c W  8.22 39 15 32 5466  1 153033 29246 1.5 17 11 7 12 22% 92273 334 11%
c s  8.38 39 14 32 5555  1 156348 31007 1.5 17 11 7 12 22% 92142 334 11%
c s  8.41 39 14 32 5555  1 156348 30998 1.5 17 11 7 12 22% 92078 334 11%
c -  8.58 39 14 33 5557  1 158804 28339 1.5 17 11 7 12 22% 92078 334 11%
c p  8.58 39 14 33 5557  1 158804 28342 1.5 17 11 7 12 22% 92078 334 11%
c }  8.84 39 14 33 5626  1 164177 31440 1.5 16 11 7 12 22% 92078 334 11%
c [  8.84 39 16 33 5626  1 164177 31440 1.5 20 13 7 13 23% 92078 334 11%
c -  9.07 39 15 34 5626  1 168766 30634 1.5 19 13 7 13 23% 92078 334 11%
c u  9.15 39 15 34 5626  1 168766 30622 1.5 19 13 7 13 23% 92078 334 11%
c v  9.16 39 15 34 5626  1 168766 30502 1.5 19 13 7 13 23% 92078 334 11%
c w  9.16 39 15 34 5626  1 168766 30452 1.5 19 13 7 13 23% 92078 334 11%
c x  9.17 39 15 34 5626  1 168766 30452 1.5 19 13 7 13 23% 92073 334 11%
c I  9.28 39 15 34 5626  1 171034 31683 1.5 19 13 7 13 23% 92073 334 11%
c 
c  seconds  reductions   conflicts         size   tier2       variables
c         MB     restarts       redundant     glue    trail       remaining
c          level       rate          size/glue  tier1   irredundant
c 
c -  9.75 39 15 35 5630  1 179038 32711 1.5 19 13 7 13 23% 92073 334 11%
c p  9.75 39 15 35 5630  1 179038 32715 1.5 19 13 7 13 23% 92073 334 11%
c ] 10.17 39 15 35 5634  1 187602 37792 1.5 19 12 7 13 23% 92073 334 11%
c { 10.17 39 14 35 5634  1 187602 37792 1.5 16 11 7 12 22% 92073 334 11%
c - 10.28 39 14 36 5687  1 189616 34685 1.5 16 11 7 12 22% 92073 334 11%
c p 10.28 39 14 36 5687  1 189616 34685 1.5 16 11 7 12 22% 92073 334 11%
c u 10.30 39 14 36 5687  1 189616 34644 1.5 16 11 7 12 22% 92073 334 11%
c v 10.31 39 14 36 5687  1 189616 34639 1.5 16 11 7 12 22% 92073 334 11%
c w 10.31 39 14 36 5687  1 189616 34638 1.5 16 11 7 12 22% 92073 334 11%
c x 10.32 39 14 36 5687  1 189616 34638 1.5 16 11 7 12 22% 92069 334 11%
c F 10.34 39 14 36 5687  1 190037 34836 1.5 16 11 7 12 22% 92069 334 11%
c i 10.44 39 14 36 5687  1 191584 35666 1.5 16 11 7 12 22% 92069 333 11%
c i 10.62 39 13 36 5687  1 194915 37281 1.5 16 10 7 12 22% 92069 332 11%
c - 10.98 30 13 37 5728  1 200502 23737 1.5 16 10 7 12 22% 82688 332 11%
c 2 10.98 30 13 37 5728  1 200502 23736 1.5 16 10 7 12 22% 82688 332 11%
c p 10.99 30 13 37 5728  1 200502 23742 1.5 16 10 7 12 22% 82688 332 11%
c i 11.11 30 13 37 5728  1 202737 24794 1.5 16 10 6 10 22% 82688 328 11%
c i 11.13 30 13 37 5728  1 203226 25073 1.5 16 10 6 10 22% 82688 324 11%
c i 11.15 30 13 37 5728  1 203427 25163 1.5 16 10 6 10 22% 82688 323 11%
c i 11.15 30 13 37 5728  1 203456 25177 1.5 16 10 6 10 22% 82688 317 11%
c 
c  seconds  reductions   conflicts         size   tier2       variables
c         MB     restarts       redundant     glue    trail       remaining
c          level       rate          size/glue  tier1   irredundant
c 
c i 11.15 30 13 37 5728  1 203474 25187 1.5 16 10 6 10 22% 82688 302 10%
c } 11.15 30 13 37 5728  1 203478 25188 1.5 16 10 6 10 22% 82688 293 10%
c 0 11.15 30 13 37 5728  1 203478 25188 1.5 16 10 6 10 22% 82688 293 10%
c 
c --- [ closing proof ] ------------------------------------------------------
c 
c LRAT proof file '/root/earth-moon/population/f034-a4-cert/cs-a4_m04c/r/n105_n94_p136_n143_p106/round-0/F.lrat' closed
c LRAT 357264 added clauses 45.71%
c LRAT 424324 deleted clauses 54.29%
c LRAT 59591096 bytes (56.83 MB)
c 
c --- [ result ] -------------------------------------------------------------
c 
s UNSATISFIABLE
c 
c --- [ run-time profiling ] -------------------------------------------------
c 
c process time taken by individual solving procedures
c (percentage relative to process time for solving)
c 
c        10.13   92.20% search
c         5.41   49.21% unstable
c         4.38   39.85% stable
c         0.86    7.79% simplify
c         0.34    3.09% walk
c         0.29    2.67% vivify
c         0.23    2.14% sweep
c         0.16    1.44% parse
c         0.09    0.80% subsume
c         0.08    0.75% elim
c         0.04    0.35% congruence
c         0.03    0.28% probe
c         0.01    0.12% ternary
c         0.01    0.05% lucky
c         0.00    0.02% backbone
c   =================================
c        10.99   98.57% solve
c 
c last line shows process time for solving
c (percentage relative to total process time)
c 
c --- [ statistics ] ---------------------------------------------------------
c 
c chronological:             24804        12.19 %  of conflicts
c conflicts:                203478     18516.67    per second
c backbone:                  77087      2600.78 %  of vars
c decisions:                258129     23489.96    per second
c eliminated:                 1968        66.40 %  of all variables
c fixed:                       702        23.68 %  of all variables
c learned:                  198861        97.73 %  per conflict
c learned_lits:            5127520       100.00 %  learned literals
c minimized:                     0         0.00 %  learned literals
c shrunken:                1308684        25.52 %  learned literals
c minishrunken:             345203         6.73 %  learned literals
c otfs:                       2626         1.29 %  of conflict
c propagations:            2870059         0.26 M  per second
c reduced:                   87921        43.21 %  per conflict
c rephased:                     19     10709.37    interval
c restarts:                   5728        35.52    interval
c stabilizing:                   9        47.40 %  of conflicts
c substituted:                   1         0.03 %  of all variables
c subsumed:                  73713        24.19 %  of all clauses
c strengthened:               7943         2.61 %  of all clauses
c ticks:                 639927375       227.27    propagation
c vivified:                    890         0.29 %  of all clauses
c walked:                        5     40695.60    interval
c weakened:                   4519         2.51    average size
c congruence:                    7     29068.29    interval
c 
c seconds are measured in process time for solving
c 
c --- [ glue usage ] ---------------------------------------------------------
c 
c focused glue 6 used 32528 clauses 9.999% accumulated 54.93% tier1
c focused glue 7 used 29261 clauses 8.995% accumulated 63.93%
c focused glue 8 used 24075 clauses 7.401% accumulated 71.33%
c focused glue 9 used 20867 clauses 6.415% accumulated 77.75%
c focused glue 10 used 18009 clauses 5.536% accumulated 83.28% tier2
c 
c stable glue 7 used 21902 clauses 7.050% accumulated 53.83% tier1
c stable glue 8 used 17895 clauses 5.760% accumulated 59.59%
c stable glue 9-11 used 52853 clauses 17.01% accumulated 76.61%
c stable glue 12 used 15297 clauses 4.924% accumulated 81.53%
c stable glue 13 used 13649 clauses 4.393% accumulated 85.93% tier2
c 
c 
c --- [ resources ] ----------------------------------------------------------
c 
c total process time since initialization:        11.15    seconds
c total real time since initialization:           11.15    seconds
c maximum resident set size of process:           61.84    MB
c 
c --- [ shutting down ] ------------------------------------------------------
c 
c exit 20

[rc=20 11.2s]
$ /root/earth-moon/verifier/../tools/drat-trim/lrat-check /root/earth-moon/population/f034-a4-cert/cs-a4_m04c/r/n105_n94_p136_n143_p106/round-0/F.cnf /root/earth-moon/population/f034-a4-cert/cs-a4_m04c/r/n105_n94_p136_n143_p106/round-0/F.lrat
c parsed a formula with 2964 variables and 175640 clauses
c VERIFIED
c allocated 1024 4001298 29640
c Added clauses = 532904.  Deleted clauses = 424324.  Max live clauses = 175640
c verification time = 0.89 secs

[rc=0 0.9s]
