# A4 member 9: slack=0 e=156 n=28 mults=[05:3 06:5 14:5 15:1 16:2 23:6 25:1 26:1 34:1 35:1 45:2] generators=17 backend=boyer Fri Oct  2 20:19:26 2026 cube=[-101, 106, -108, 141, -38, -59]
[f034-a4-09-e156] n=28 m=156 cap=78 | 434 K5s, 4016 K3,3s, 17 sym generators, 41182 clauses, propagator check_at=9 planarity=boyer, clause dump -> /root/earth-moon/population/f034-a4-cert/cs-a4_m09c/s/n101_p106_n108_p141_n38_n59/dump.jsonl
    ... {'checks': 50000, 'confl': 11522, 'model_rej': 0} 3s
    ... {'checks': 100000, 'confl': 22119, 'model_rej': 0} 5s
    ... {'checks': 150000, 'confl': 33794, 'model_rej': 0} 8s
    ... {'checks': 200000, 'confl': 42348, 'model_rej': 0} 11s
    ... {'checks': 250000, 'confl': 49814, 'model_rej': 0} 13s
    ... {'checks': 300000, 'confl': 59186, 'model_rej': 0} 17s
    ... {'checks': 350000, 'confl': 66492, 'model_rej': 0} 19s
    ... {'checks': 400000, 'confl': 76848, 'model_rej': 0} 22s
    ... {'checks': 450000, 'confl': 85904, 'model_rej': 0} 26s
    ... {'checks': 500000, 'confl': 95508, 'model_rej': 0} 29s
    ... {'checks': 550000, 'confl': 103404, 'model_rej': 0} 33s
    ... {'checks': 600000, 'confl': 109940, 'model_rej': 0} 36s
    ... {'checks': 650000, 'confl': 116186, 'model_rej': 0} 40s
    ... {'checks': 700000, 'confl': 121972, 'model_rej': 0} 44s
    ... {'checks': 750000, 'confl': 125553, 'model_rej': 0} 47s
    ... {'checks': 800000, 'confl': 131588, 'model_rej': 0} 51s
    ... {'checks': 850000, 'confl': 137421, 'model_rej': 0} 56s
    ... {'checks': 900000, 'confl': 142863, 'model_rej': 0} 59s
    ... {'checks': 950000, 'confl': 147040, 'model_rej': 0} 63s
    ... {'checks': 1000000, 'confl': 155395, 'model_rej': 0} 66s
    ... {'checks': 1050000, 'confl': 161490, 'model_rej': 0} 69s
    ... {'checks': 1100000, 'confl': 167898, 'model_rej': 0} 73s
    ... {'checks': 1150000, 'confl': 174496, 'model_rej': 0} 76s
    ... {'checks': 1200000, 'confl': 181272, 'model_rej': 0} 80s
    ... {'checks': 1250000, 'confl': 189321, 'model_rej': 0} 85s
    ... {'checks': 1300000, 'confl': 196276, 'model_rej': 0} 89s
    ... {'checks': 1350000, 'confl': 205373, 'model_rej': 0} 94s
    ... {'checks': 1400000, 'confl': 211071, 'model_rej': 0} 98s
    ... {'checks': 1450000, 'confl': 218230, 'model_rej': 0} 102s
    ... {'checks': 1500000, 'confl': 225405, 'model_rej': 0} 108s
    ... {'checks': 1550000, 'confl': 231925, 'model_rej': 0} 112s
    ... {'checks': 1600000, 'confl': 238622, 'model_rej': 0} 116s
    ... {'checks': 1650000, 'confl': 243539, 'model_rej': 0} 121s
    ... {'checks': 1700000, 'confl': 246929, 'model_rej': 0} 124s
    ... {'checks': 1750000, 'confl': 252067, 'model_rej': 0} 128s
    ... {'checks': 1800000, 'confl': 255885, 'model_rej': 0} 131s
    ... {'checks': 1850000, 'confl': 259307, 'model_rej': 0} 137s
    ... {'checks': 1900000, 'confl': 261920, 'model_rej': 0} 140s
    ... {'checks': 1950000, 'confl': 264967, 'model_rej': 0} 144s
    ... {'checks': 2000000, 'confl': 267254, 'model_rej': 0} 148s
    ... {'checks': 2050000, 'confl': 269167, 'model_rej': 0} 152s
    ... {'checks': 2100000, 'confl': 272562, 'model_rej': 0} 157s
    ... {'checks': 2150000, 'confl': 276387, 'model_rej': 0} 161s
    ... {'checks': 2200000, 'confl': 280819, 'model_rej': 0} 165s
    ... {'checks': 2250000, 'confl': 284664, 'model_rej': 0} 169s
    ... {'checks': 2300000, 'confl': 287646, 'model_rej': 0} 173s
    ... {'checks': 2350000, 'confl': 290006, 'model_rej': 0} 178s
    ... {'checks': 2400000, 'confl': 292263, 'model_rej': 0} 182s
    ... {'checks': 2450000, 'confl': 295003, 'model_rej': 0} 186s
    ... {'checks': 2500000, 'confl': 298239, 'model_rej': 0} 191s
    ... {'checks': 2550000, 'confl': 301804, 'model_rej': 0} 195s
    ... {'checks': 2600000, 'confl': 304448, 'model_rej': 0} 200s
    ... {'checks': 2650000, 'confl': 307230, 'model_rej': 0} 205s
    ... {'checks': 2700000, 'confl': 312767, 'model_rej': 0} 211s
    ... {'checks': 2750000, 'confl': 318358, 'model_rej': 0} 221s
    ... {'checks': 2800000, 'confl': 322966, 'model_rej': 0} 226s
    ... {'checks': 2850000, 'confl': 327534, 'model_rej': 0} 231s
    ... {'checks': 2900000, 'confl': 330318, 'model_rej': 0} 236s
    ... {'checks': 2950000, 'confl': 334848, 'model_rej': 0} 242s
    ... {'checks': 3000000, 'confl': 338390, 'model_rej': 0} 246s
    ... {'checks': 3050000, 'confl': 342265, 'model_rej': 0} 252s
    ... {'checks': 3100000, 'confl': 345968, 'model_rej': 0} 257s
    ... {'checks': 3150000, 'confl': 350936, 'model_rej': 0} 266s
    ... {'checks': 3200000, 'confl': 355102, 'model_rej': 0} 270s
    ... {'checks': 3250000, 'confl': 358689, 'model_rej': 0} 275s
    ... {'checks': 3300000, 'confl': 362362, 'model_rej': 0} 278s
    ... {'checks': 3350000, 'confl': 364941, 'model_rej': 0} 281s
    ... {'checks': 3400000, 'confl': 369868, 'model_rej': 0} 287s
    ... {'checks': 3450000, 'confl': 374175, 'model_rej': 0} 293s
    ... {'checks': 3500000, 'confl': 379349, 'model_rej': 0} 300s
    ... {'checks': 3550000, 'confl': 388502, 'model_rej': 0} 302s
    ... {'checks': 3600000, 'confl': 396836, 'model_rej': 0} 305s
    ... {'checks': 3650000, 'confl': 403156, 'model_rej': 0} 313s
    ... {'checks': 3700000, 'confl': 410562, 'model_rej': 0} 317s
    ... {'checks': 3750000, 'confl': 417480, 'model_rej': 0} 320s
    ... {'checks': 3800000, 'confl': 423654, 'model_rej': 0} 324s
    ... {'checks': 3850000, 'confl': 430325, 'model_rej': 0} 328s
    ... {'checks': 3900000, 'confl': 437746, 'model_rej': 0} 332s
    ... {'checks': 3950000, 'confl': 444140, 'model_rej': 0} 337s
    ... {'checks': 4000000, 'confl': 449895, 'model_rej': 0} 340s
    ... {'checks': 4050000, 'confl': 455767, 'model_rej': 0} 344s
    ... {'checks': 4100000, 'confl': 461409, 'model_rej': 0} 347s
    ... {'checks': 4150000, 'confl': 467931, 'model_rej': 0} 352s
    ... {'checks': 4200000, 'confl': 474048, 'model_rej': 0} 356s
    ... {'checks': 4250000, 'confl': 479110, 'model_rej': 0} 361s
    ... {'checks': 4300000, 'confl': 484392, 'model_rej': 0} 369s
    ... {'checks': 4350000, 'confl': 489693, 'model_rej': 0} 372s
    ... {'checks': 4400000, 'confl': 494779, 'model_rej': 0} 376s
    ... {'checks': 4450000, 'confl': 498990, 'model_rej': 0} 381s
    ... {'checks': 4500000, 'confl': 503133, 'model_rej': 0} 386s
    ... {'checks': 4550000, 'confl': 507086, 'model_rej': 0} 390s
    ... {'checks': 4600000, 'confl': 510465, 'model_rej': 0} 394s
    ... {'checks': 4650000, 'confl': 514415, 'model_rej': 0} 400s
    ... {'checks': 4700000, 'confl': 517659, 'model_rej': 0} 408s
    ... {'checks': 4750000, 'confl': 521232, 'model_rej': 0} 412s
    ... {'checks': 4800000, 'confl': 524651, 'model_rej': 0} 417s
    ... {'checks': 4850000, 'confl': 528227, 'model_rej': 0} 426s
    ... {'checks': 4900000, 'confl': 531534, 'model_rej': 0} 431s
    ... {'checks': 4950000, 'confl': 534481, 'model_rej': 0} 437s
    ... {'checks': 5000000, 'confl': 537703, 'model_rej': 0} 443s
    ... {'checks': 5050000, 'confl': 540709, 'model_rej': 0} 447s
    ... {'checks': 5100000, 'confl': 544967, 'model_rej': 0} 455s
    ... {'checks': 5150000, 'confl': 547570, 'model_rej': 0} 460s
    ... {'checks': 5200000, 'confl': 549871, 'model_rej': 0} 466s
    ... {'checks': 5250000, 'confl': 552161, 'model_rej': 0} 471s
    ... {'checks': 5300000, 'confl': 554053, 'model_rej': 0} 477s
    ... {'checks': 5350000, 'confl': 556100, 'model_rej': 0} 482s
[f034-a4-09-e156] stats: {'checks': 5376802, 'confl': 557234, 'model_rej': 0}
[f034-a4-09-e156] clause dump closed: {'preseed': 8900, 'prop': 1114468, 'model': 0}
[f034-a4-09-e156] UNSAT in 487.3s — NOT BIPLANAR (subject to control validation)
RESULT f034-a4-09-e156 UNSAT 487.5s
