# A4 member 12: slack=1 e=155 n=28 mults=[05:2 06:6 14:5 15:2 16:1 23:5 25:3 34:2 36:1 45:1] generators=18 backend=boyer Fri Oct  2 19:49:19 2026 cube=[-105, -53, -95, 149, 129]
[f034-a4-12-e155] n=28 m=155 cap=78 | 414 K5s, 3736 K3,3s, 18 sym generators, 40680 clauses, propagator check_at=9 planarity=boyer, clause dump -> /root/earth-moon/population/f034-a4-cert/cs-a4_m12c/s/n105_n53_n95_p149_p129/dump.jsonl
    ... {'checks': 50000, 'confl': 10691, 'model_rej': 0} 3s
    ... {'checks': 100000, 'confl': 20309, 'model_rej': 0} 5s
    ... {'checks': 150000, 'confl': 29533, 'model_rej': 0} 8s
    ... {'checks': 200000, 'confl': 38666, 'model_rej': 0} 11s
    ... {'checks': 250000, 'confl': 47372, 'model_rej': 0} 13s
    ... {'checks': 300000, 'confl': 56055, 'model_rej': 0} 17s
    ... {'checks': 350000, 'confl': 62767, 'model_rej': 0} 20s
    ... {'checks': 400000, 'confl': 68898, 'model_rej': 0} 23s
    ... {'checks': 450000, 'confl': 76970, 'model_rej': 0} 26s
    ... {'checks': 500000, 'confl': 82844, 'model_rej': 0} 29s
    ... {'checks': 550000, 'confl': 87441, 'model_rej': 0} 33s
    ... {'checks': 600000, 'confl': 89983, 'model_rej': 0} 36s
    ... {'checks': 650000, 'confl': 93825, 'model_rej': 0} 40s
    ... {'checks': 700000, 'confl': 96839, 'model_rej': 0} 44s
    ... {'checks': 750000, 'confl': 100691, 'model_rej': 0} 48s
    ... {'checks': 800000, 'confl': 105552, 'model_rej': 0} 51s
    ... {'checks': 850000, 'confl': 110993, 'model_rej': 0} 54s
    ... {'checks': 900000, 'confl': 116081, 'model_rej': 0} 59s
    ... {'checks': 950000, 'confl': 121730, 'model_rej': 0} 65s
    ... {'checks': 1000000, 'confl': 127235, 'model_rej': 0} 69s
    ... {'checks': 1050000, 'confl': 131366, 'model_rej': 0} 72s
    ... {'checks': 1100000, 'confl': 136767, 'model_rej': 0} 77s
    ... {'checks': 1150000, 'confl': 141803, 'model_rej': 0} 81s
    ... {'checks': 1200000, 'confl': 147461, 'model_rej': 0} 87s
    ... {'checks': 1250000, 'confl': 153741, 'model_rej': 0} 93s
    ... {'checks': 1300000, 'confl': 159857, 'model_rej': 0} 99s
    ... {'checks': 1350000, 'confl': 165464, 'model_rej': 0} 105s
    ... {'checks': 1400000, 'confl': 171664, 'model_rej': 0} 110s
    ... {'checks': 1450000, 'confl': 176357, 'model_rej': 0} 115s
    ... {'checks': 1500000, 'confl': 181713, 'model_rej': 0} 121s
    ... {'checks': 1550000, 'confl': 188402, 'model_rej': 0} 126s
    ... {'checks': 1600000, 'confl': 194288, 'model_rej': 0} 131s
    ... {'checks': 1650000, 'confl': 200749, 'model_rej': 0} 138s
    ... {'checks': 1700000, 'confl': 205603, 'model_rej': 0} 142s
    ... {'checks': 1750000, 'confl': 211965, 'model_rej': 0} 146s
    ... {'checks': 1800000, 'confl': 216581, 'model_rej': 0} 151s
    ... {'checks': 1850000, 'confl': 221868, 'model_rej': 0} 155s
    ... {'checks': 1900000, 'confl': 227165, 'model_rej': 0} 159s
    ... {'checks': 1950000, 'confl': 231376, 'model_rej': 0} 164s
    ... {'checks': 2000000, 'confl': 237959, 'model_rej': 0} 168s
    ... {'checks': 2050000, 'confl': 244408, 'model_rej': 0} 173s
    ... {'checks': 2100000, 'confl': 250450, 'model_rej': 0} 177s
    ... {'checks': 2150000, 'confl': 257197, 'model_rej': 0} 182s
    ... {'checks': 2200000, 'confl': 262881, 'model_rej': 0} 186s
    ... {'checks': 2250000, 'confl': 269190, 'model_rej': 0} 191s
    ... {'checks': 2300000, 'confl': 276271, 'model_rej': 0} 196s
    ... {'checks': 2350000, 'confl': 280000, 'model_rej': 0} 201s
    ... {'checks': 2400000, 'confl': 284001, 'model_rej': 0} 209s
    ... {'checks': 2450000, 'confl': 288736, 'model_rej': 0} 214s
    ... {'checks': 2500000, 'confl': 294053, 'model_rej': 0} 219s
    ... {'checks': 2550000, 'confl': 299341, 'model_rej': 0} 223s
    ... {'checks': 2600000, 'confl': 302147, 'model_rej': 0} 228s
    ... {'checks': 2650000, 'confl': 304856, 'model_rej': 0} 233s
    ... {'checks': 2700000, 'confl': 306700, 'model_rej': 0} 238s
    ... {'checks': 2750000, 'confl': 310998, 'model_rej': 0} 245s
    ... {'checks': 2800000, 'confl': 316404, 'model_rej': 0} 256s
    ... {'checks': 2850000, 'confl': 320367, 'model_rej': 0} 263s
    ... {'checks': 2900000, 'confl': 325295, 'model_rej': 0} 271s
    ... {'checks': 2950000, 'confl': 329790, 'model_rej': 0} 280s
    ... {'checks': 3000000, 'confl': 333752, 'model_rej': 0} 289s
    ... {'checks': 3050000, 'confl': 338639, 'model_rej': 0} 293s
    ... {'checks': 3100000, 'confl': 343417, 'model_rej': 0} 303s
    ... {'checks': 3150000, 'confl': 347930, 'model_rej': 0} 312s
    ... {'checks': 3200000, 'confl': 352183, 'model_rej': 0} 321s
    ... {'checks': 3250000, 'confl': 356879, 'model_rej': 0} 330s
    ... {'checks': 3300000, 'confl': 361799, 'model_rej': 0} 341s
    ... {'checks': 3350000, 'confl': 366639, 'model_rej': 0} 352s
    ... {'checks': 3400000, 'confl': 371156, 'model_rej': 0} 361s
    ... {'checks': 3450000, 'confl': 375490, 'model_rej': 0} 370s
    ... {'checks': 3500000, 'confl': 380094, 'model_rej': 0} 381s
    ... {'checks': 3550000, 'confl': 384691, 'model_rej': 0} 392s
    ... {'checks': 3600000, 'confl': 388532, 'model_rej': 0} 401s
    ... {'checks': 3650000, 'confl': 392366, 'model_rej': 0} 410s
    ... {'checks': 3700000, 'confl': 396334, 'model_rej': 0} 418s
    ... {'checks': 3750000, 'confl': 399804, 'model_rej': 0} 430s
    ... {'checks': 3800000, 'confl': 403166, 'model_rej': 0} 438s
    ... {'checks': 3850000, 'confl': 406103, 'model_rej': 0} 443s
    ... {'checks': 3900000, 'confl': 409690, 'model_rej': 0} 453s
    ... {'checks': 3950000, 'confl': 412934, 'model_rej': 0} 467s
    ... {'checks': 4000000, 'confl': 417001, 'model_rej': 0} 478s
    ... {'checks': 4050000, 'confl': 420351, 'model_rej': 0} 488s
    ... {'checks': 4100000, 'confl': 423972, 'model_rej': 0} 496s
    ... {'checks': 4150000, 'confl': 428549, 'model_rej': 0} 507s
    ... {'checks': 4200000, 'confl': 432005, 'model_rej': 0} 515s
    ... {'checks': 4250000, 'confl': 436758, 'model_rej': 0} 524s
    ... {'checks': 4300000, 'confl': 441064, 'model_rej': 0} 537s
    ... {'checks': 4350000, 'confl': 445195, 'model_rej': 0} 549s
    ... {'checks': 4400000, 'confl': 449087, 'model_rej': 0} 559s
    ... {'checks': 4450000, 'confl': 453123, 'model_rej': 0} 575s
    ... {'checks': 4500000, 'confl': 456034, 'model_rej': 0} 584s
    ... {'checks': 4550000, 'confl': 459422, 'model_rej': 0} 604s
    ... {'checks': 4600000, 'confl': 462944, 'model_rej': 0} 615s
    ... {'checks': 4650000, 'confl': 467133, 'model_rej': 0} 626s
    ... {'checks': 4700000, 'confl': 471118, 'model_rej': 0} 637s
    ... {'checks': 4750000, 'confl': 475905, 'model_rej': 0} 648s
    ... {'checks': 4800000, 'confl': 479340, 'model_rej': 0} 658s
    ... {'checks': 4850000, 'confl': 482162, 'model_rej': 0} 669s
    ... {'checks': 4900000, 'confl': 484969, 'model_rej': 0} 678s
    ... {'checks': 4950000, 'confl': 487313, 'model_rej': 0} 688s
    ... {'checks': 5000000, 'confl': 489477, 'model_rej': 0} 700s
    ... {'checks': 5050000, 'confl': 492019, 'model_rej': 0} 711s
    ... {'checks': 5100000, 'confl': 494344, 'model_rej': 0} 721s
    ... {'checks': 5150000, 'confl': 497137, 'model_rej': 0} 728s
    ... {'checks': 5200000, 'confl': 498626, 'model_rej': 0} 734s
    ... {'checks': 5250000, 'confl': 500997, 'model_rej': 0} 741s
    ... {'checks': 5300000, 'confl': 502927, 'model_rej': 0} 747s
    ... {'checks': 5350000, 'confl': 505222, 'model_rej': 0} 753s
    ... {'checks': 5400000, 'confl': 507206, 'model_rej': 0} 761s
    ... {'checks': 5450000, 'confl': 509127, 'model_rej': 0} 775s
    ... {'checks': 5500000, 'confl': 510940, 'model_rej': 0} 786s
    ... {'checks': 5550000, 'confl': 512410, 'model_rej': 0} 792s
    ... {'checks': 5600000, 'confl': 514619, 'model_rej': 0} 798s
    ... {'checks': 5650000, 'confl': 517068, 'model_rej': 0} 803s
    ... {'checks': 5700000, 'confl': 519539, 'model_rej': 0} 809s
    ... {'checks': 5750000, 'confl': 521544, 'model_rej': 0} 815s
    ... {'checks': 5800000, 'confl': 523022, 'model_rej': 0} 827s
    ... {'checks': 5850000, 'confl': 523708, 'model_rej': 0} 833s
    ... {'checks': 5900000, 'confl': 524360, 'model_rej': 0} 839s
    ... {'checks': 5950000, 'confl': 526611, 'model_rej': 0} 850s
    ... {'checks': 6000000, 'confl': 528599, 'model_rej': 0} 856s
    ... {'checks': 6050000, 'confl': 530394, 'model_rej': 0} 863s
    ... {'checks': 6100000, 'confl': 531812, 'model_rej': 0} 869s
    ... {'checks': 6150000, 'confl': 533111, 'model_rej': 0} 875s
    ... {'checks': 6200000, 'confl': 535047, 'model_rej': 0} 887s
    ... {'checks': 6250000, 'confl': 537475, 'model_rej': 0} 892s
    ... {'checks': 6300000, 'confl': 539604, 'model_rej': 0} 898s
    ... {'checks': 6350000, 'confl': 541898, 'model_rej': 0} 903s
    ... {'checks': 6400000, 'confl': 544247, 'model_rej': 0} 909s
    ... {'checks': 6450000, 'confl': 546581, 'model_rej': 0} 915s
    ... {'checks': 6500000, 'confl': 548812, 'model_rej': 0} 926s
    ... {'checks': 6550000, 'confl': 550934, 'model_rej': 0} 932s
    ... {'checks': 6600000, 'confl': 552737, 'model_rej': 0} 946s
    ... {'checks': 6650000, 'confl': 554763, 'model_rej': 0} 952s
    ... {'checks': 6700000, 'confl': 556767, 'model_rej': 0} 958s
    ... {'checks': 6750000, 'confl': 558856, 'model_rej': 0} 967s
    ... {'checks': 6800000, 'confl': 561960, 'model_rej': 0} 980s
    ... {'checks': 6850000, 'confl': 565447, 'model_rej': 0} 992s
    ... {'checks': 6900000, 'confl': 568068, 'model_rej': 0} 1003s
    ... {'checks': 6950000, 'confl': 570578, 'model_rej': 0} 1014s
    ... {'checks': 7000000, 'confl': 573204, 'model_rej': 0} 1025s
    ... {'checks': 7050000, 'confl': 576766, 'model_rej': 0} 1047s
    ... {'checks': 7100000, 'confl': 579708, 'model_rej': 0} 1059s
[f034-a4-12-e155] stats: {'checks': 7124792, 'confl': 580721, 'model_rej': 0}
[f034-a4-12-e155] clause dump closed: {'preseed': 8300, 'prop': 1161442, 'model': 0}
[f034-a4-12-e155] UNSAT in 1063.5s — NOT BIPLANAR (subject to control validation)
RESULT f034-a4-12-e155 UNSAT 1063.7s
