# lean_static_resolve 2026-09-25 21:22:08
# dump=/Users/ivanspogreev/earth-moon/population/f034-a4-cert/split-m13/dump.jsonl raw=2358960 dedup=2358960 footer={'type': 'footer', 'verdict': 'UNSAT', 'counts': {'preseed': 7898, 'prop': 2351062, 'model': 0}, 'stats': {'checks': 17051403, 'confl': 1175531, 'model_rej': 0}, 'time': '2026-09-25T20:45:02-0700'}
# counters=False
# cube=[-33, -53, 16, 37]
$ /opt/homebrew/bin/cadical --lrat --no-binary --no-factor /Users/ivanspogreev/earth-moon/population/f034-a4-cert/split-m13/c13/round-0/F.cnf /Users/ivanspogreev/earth-moon/population/f034-a4-cert/split-m13/c13/round-0/F.lrat
c --- [ banner ] -------------------------------------------------------------
c 
c CaDiCaL SAT Solver
c Copyright (c) 2016-2026
c A. Biere, M. Fleury, N. Froleyks, K. Fazekas, F. Pollitt, T. Faller
c JKU Linz, University of Freiburg, TU Wien
c 
c Version 3.0.1
c Apple clang version 16.0.0 (clang-1600.0.26.6) -Wall -Wextra -O3 -DNDEBUG -std=c++11 -DNCLOSEFROM
c Sun Jul 19 15:40:55 UTC 2026 Darwin Sonoma-arm64.local 23.6.0 arm64
c 
c --- [ proof tracing ] ------------------------------------------------------
c 
c opening file to write '/Users/ivanspogreev/earth-moon/population/f034-a4-cert/split-m13/c13/round-0/F.lrat'
c writing non-binary proof trace to '/Users/ivanspogreev/earth-moon/population/f034-a4-cert/split-m13/c13/round-0/F.lrat'
c 
c --- [ parsing input ] ------------------------------------------------------
c 
c reading DIMACS file from '/Users/ivanspogreev/earth-moon/population/f034-a4-cert/split-m13/c13/round-0/F.cnf'
c opening file to read '/Users/ivanspogreev/earth-moon/population/f034-a4-cert/split-m13/c13/round-0/F.cnf'
c found 'p cnf 2945 2367317' header
c parsed 2367317 clauses in 1.43 seconds process time
c 
c --- [ options ] ------------------------------------------------------------
c 
c   --binary=false                 (different from default 'true')
c   --lrat=true                    (different from default 'false')
c 
c --- [ solving ] ------------------------------------------------------------
c 
c time measured in process time since initialization
c 
c  seconds  reduction conflicts       size tier2       variables
c         MB    restarts   redundant    glue  trail         remaining
c          level     rate       size/glu tier1  irredundant
c 
c *  1.43  0  0 0   0  0    0    0 0.0 0 0 2 6  0% 976645 2905 99%
c )  1.55  0  0 0   0  0    0    0 0.0 0 0 2 6  0% 976645 2905 99%
c {  1.57  0  0 0   0  0    0    0 0.0 0 0 2 6  0% 976645 2905 99%
c i  1.60  0 2162 0   0 85   29   18 1.4 10 7 2 6 77% 976636 2903 99%
c i  1.60  0 2160 0   0 80   31   18 1.4 9 7 2 6 76% 976636 2901 99%
c i  1.62  0 2148 0   0 40   69   47 1.3 10 7 2 6 77% 976629 2899 98%
c i  1.68  0 1708 0   6 27  141   99 1.5 13 9 2 6 64% 976616 2898 98%
c i  1.69  0 1638 0   8 27  149  101 1.5 13 9 2 6 61% 976613 2897 98%
c i  1.69  0 1594 0   9 26  153  102 1.5 13 9 2 6 60% 976611 2895 98%
c i  1.79  0 1157 0  25 21  212  141 1.4 14 10 2 6 45% 976596 2894 98%
c -  1.92  0 855 1  48 26  300   94 1.4 15 11 2 6 41% 976517 2894 98%
c i  1.93  0 830 1  50 25  313   99 1.4 14 10 2 6 40% 976513 2893 98%
c i  2.00  0 630 1  59 21  422  140 1.4 15 11 2 6 35% 976454 2891 98%
c }  2.34  0 300 1 157 14 1002  483 1.4 18 13 2 6 27% 976256 2891 98%
c [  2.34  0  0 1 157  0 1002  483 0.0 0 0 2 6  0% 976256 2891 98%
c O  2.34  0  4 1 157  5 1003  484 5.0 5 1 2 6 16% 976256 2891 98%
c -  2.59  0 33 2 157  1 1163  300 2.3 17 7 2 6 41% 976239 2891 98%
c i  2.81  0 46 2 158  2 2536 1462 2.1 26 13 2 6 40% 976169 2890 98%
c -  2.94  0 43 3 158  1 2862  721 2.0 26 13 2 6 36% 976166 2890 98%
c i  2.97  0 43 3 158  1 2992  815 1.9 26 14 2 6 34% 976164 2889 98%
c 
c  seconds  reduction conflicts       size   tier2       variables
c         MB    restarts   redundant     glue   trail         remaining
c          level     rate       size/glue  tier1  irredundant
c 
c I  2.98  0 43 3 158  1 3006  824 1.9 26 14 2 6 34% 976164 2889 98%
c i  3.08  0 40 3 159  1 3244 1019 1.9 25 13 2 6 32% 976161 2888 98%
c ]  3.15  0 38 3 159  1 3469 1184 1.9 25 13 2 6 30% 976161 2888 98%
c {  3.15  0 300 3 159 14 3469 1184 1.4 18 13 2 6 27% 976161 2888 98%
c 2  3.17  0 268 3 159 13 3587 1275 1.4 18 12 2 6 26% 976161 2873 98%
c d  3.21  0 268 3 159 13 3587 1275 1.4 18 12 2 6 26% 976129 2872 98%
c p  3.22  0 268 3 159 13 3587 1275 1.4 18 12 2 6 26% 976129 2871 97%
c =  3.47  0 268 3 159 13 3587 1274 1.4 18 12 2 6 26% 976111 2852 97%
c t  3.48  0 268 3 159 13 3587 1271 1.4 18 12 2 6 26% 976111 2852 97%
c i  3.57  0 196 3 159  9 4099 1489 1.4 17 12 2 6 26% 975962 2851 97%
c i  3.70  0 162 3 213  8 4479 1719 1.4 18 12 2 6 25% 975949 2821 96%
c i  3.77  0 158 3 226  8 4534 1760 1.4 18 13 2 6 25% 975945 2820 96%
c i  3.77  0 158 3 227  8 4535 1760 1.4 18 13 2 6 25% 975945 2819 96%
c i  3.77  0 158 3 227  8 4536 1760 1.4 18 13 2 6 24% 975945 2814 96%
c i  3.77  0 158 3 227  8 4538 1760 1.4 18 13 2 6 24% 975945 2802 95%
c i  3.77  0 158 3 228  8 4541 1762 1.4 18 13 2 6 24% 975945 2801 95%
c i  3.84  0 153 3 247  8 4633 1817 1.4 18 13 2 6 24% 975921 2786 95%
c i  3.85  0 152 3 252  8 4652 1826 1.4 18 13 2 6 24% 975918 2719 92%
c i  3.85  0 152 3 253  8 4653 1826 1.4 18 13 2 6 24% 975918 2710 92%
c i  4.22  0 132 3 354  8 5127 2115 1.4 18 13 7 17 24% 975807 2694 91%
c 
c  seconds   reduction conflicts       size   tier2        variables
c         MB     restarts   redundant     glue    trail         remaining
c           level     rate       size/glue  tier1   irredundant
c 
c i  4.22  0 132 3 354  8 5132 2115 1.4 18 13 7 17 24% 975806 2659 90%
c i  4.26  0 126 3 354  8 5342 2278 1.4 19 13 8 17 25% 975785 2617 89%
c i  4.26  0 126 3 354  8 5347 2279 1.4 19 13 8 17 25% 975782 2578 88%
c -  4.56  0 122 4 365  7 5522 2048 1.4 19 13 8 17 29% 975474 2578 88%
c i  4.60  0 120 4 371  7 5576 2091 1.4 19 13 8 17 28% 975473 2503 85%
c i  4.68  0 114 4 381  7 5753 2236 1.4 19 13 8 17 26% 975467 2495 85%
c O  4.76  0 107 4 381  7 6008 2420 1.5 19 13 8 17 25% 975465 2495 85%
c i  4.78  0 106 4 381  7 6042 2440 1.5 19 13 9 16 25% 975458 2494 85%
c i  4.78  0 106 4 381  7 6043 2440 1.5 19 13 9 16 25% 975458 2493 85%
c i  4.78  0 106 4 381  7 6045 2441 1.5 19 13 9 16 24% 975458 2492 85%
c i  4.78  0 106 4 381  7 6046 2441 1.5 19 13 9 16 24% 975458 2489 85%
c i  4.79  0 106 4 381  6 6055 2442 1.5 19 13 9 16 24% 975453 2488 84%
c i  4.79  0 105 4 381  6 6059 2443 1.5 19 13 9 16 24% 975452 2388 81%
c i  4.79  0 105 4 381  6 6060 2443 1.5 19 13 9 16 24% 975452 2387 81%
c i  4.79  0 105 4 381  6 6070 2443 1.5 19 13 9 16 24% 975448 2374 81%
c i  4.79  0 105 4 381  6 6076 2444 1.5 19 13 9 16 24% 975446 2291 78%
c 2  4.81  0 105 4 381  6 6088 2452 1.5 19 13 9 16 24% 975445 2274 77%
c =  5.04  0 105 4 381  6 6088 2448 1.5 19 13 9 16 24% 975117 2273 77%
c -  5.55  0 63 5 389  4 9217 4570 1.7 20 12 9 14 26% 975107 2273 77%
c 2  5.55  0 63 5 389  4 9217 4570 1.7 20 12 9 14 26% 975107 2246 76%
c 
c  seconds  reduction conflicts       size   tier2        variables
c         MB    restarts   redundant     glue    trail         remaining
c          level     rate       size/glue  tier1   irredundant
c 
c t  5.60  0 63 5 389  4 9217 4569 1.7 20 12 9 14 26% 975113 2246 76%
c #  6.09  0 59 5 458  4 10010 5139 1.7 20 12 9 14 13% 975069 2246 76%
c }  6.52  0 48 5 556  3 12625 7214 1.7 20 12 9 14 14% 975069 2246 76%
c [  6.52  0 38 5 556  1 12625 7214 1.9 25 13 2 6 39% 975069 2246 76%
c -  6.74  0 31 6 556  1 13990 7198 1.7 22 13 10 16 28% 975069 2246 76%
c 2  6.74  0 31 6 556  1 13990 7197 1.7 22 13 10 16 28% 975069 2209 75%
c t  7.04  0 31 6 556  1 13990 7192 1.7 22 13 10 16 28% 975026 2209 75%
c B  7.32  0 30 6 557  1 15012 8099 1.7 22 13 10 16 25% 975026 2209 75%
c s  7.79  0 28 6 559  1 16787 9595 1.7 23 13 10 16 21% 974910 2209 75%
c t  7.82  0 28 6 559  1 16787 9595 1.7 23 13 10 16 21% 974893 2209 75%
c e  7.99  0 28 6 559  1 16787 9288 1.7 23 13 10 16 21% 971495 362 12%
c s  8.02  0 28 6 559  1 16787 9285 1.7 23 13 10 16 21% 971473 362 12%
c -  8.83  0 26 7 560  1 19870 8234 1.5 23 15 10 16 24% 971473 362 12%
c 2  8.83  0 26 7 560  1 19870 8232 1.5 23 15 10 16 24% 971473 362 12%
c u  8.96  0 26 7 560  1 19870 8198 1.5 23 15 10 16 24% 971473 362 12%
c v  9.00  0 26 7 560  1 19870 8192 1.5 23 15 10 16 24% 971473 362 12%
c w  9.02  0 26 7 560  1 19870 8191 1.5 23 15 10 16 24% 971473 362 12%
c x  9.07  0 26 7 560  1 19870 8191 1.5 23 15 10 16 24% 971445 362 12%
c t  9.08  0 26 7 560  1 19870 8190 1.5 23 15 10 16 24% 971445 362 12%
c W  9.66  0 26 7 560  1 21016 9055 1.5 23 15 10 16 25% 971445 362 12%
c 
c  seconds  reductions conflicts       size    tier2        variables
c         MB    restarts    redundant     glue     trail        remaining
c          level     rate        size/glue  tier1    irredundant
c 
c ]  9.81  0 26 7 560  1 21887 9721 1.5 23 15 12 19 26% 971445 362 12%
c {  9.81  0 48 7 560  3 21887 9721 1.7 20 12 9 14 84% 971445 362 12%
c - 10.61  0 38 8 801  2 26874 10485 1.7 20 11 9 14 48% 971445 362 12%
c B 11.21  0 36 8 863  2 28017 11311 1.7 20 11 9 14 44% 971470 362 12%
c - 13.35  0 30 9 1485  2 35020 13853 1.7 19 11 9 14 35% 971470 362 12%
c p 13.37  0 30 9 1485  2 35020 13859 1.7 19 11 9 14 35% 971470 362 12%
c W 13.97  0 30 9 1537  2 36019 14591 1.7 19 11 9 14 34% 971470 362 12%
c i 14.23  0 30 9 1608  2 36324 14810 1.7 19 12 9 14 34% 971470 361 12%
c - 15.98  0 26 10 2125  2 44317 16639 1.7 19 11 8 13 32% 910326 361 12%
c 2 15.99  0 26 10 2125  2 44317 16639 1.7 19 11 8 13 32% 910325 361 12%
c p 16.01  0 26 10 2125  2 44317 16639 1.7 19 11 8 13 32% 910325 361 12%
c u 16.14  0 26 10 2125  2 44317 16623 1.7 19 11 8 13 32% 910324 361 12%
c v 16.18  0 26 10 2125  2 44317 16621 1.7 19 11 8 13 32% 910324 361 12%
c w 16.20  0 26 10 2125  2 44317 16621 1.7 19 11 8 13 32% 910324 361 12%
c x 16.27  0 26 10 2125  2 44317 16620 1.7 19 11 8 13 32% 910321 361 12%
c } 16.37  0 26 10 2138  2 44953 17072 1.7 19 11 8 13 31% 910321 361 12%
c [ 16.37  0 26 10 2138  1 44953 17072 1.5 23 15 12 19 26% 910321 361 12%
c O 16.39  0 26 10 2138  1 45020 17112 1.5 23 15 12 19 26% 910321 361 12%
c - 18.17  0 23 11 2145  1 54626 19125 1.5 21 15 12 19 24% 910321 361 12%
c p 18.19  0 23 11 2145  1 54626 19142 1.5 21 15 12 19 24% 910321 361 12%
c 
c  seconds  reductions   conflicts        size    tier2        variables
c         MB     restarts      redundant     glue     trail        remaining
c          level       rate         size/glue  tier1    irredundant
c 
c B 18.70  0 23 11 2145  1 55021 19416 1.5 21 15 12 19 25% 910321 361 12%
c s 19.71  0 23 11 2146  1 62347 25027 1.4 22 15 12 19 25% 910295 361 12%
c e 19.88  0 23 11 2146  1 62347 24965 1.4 22 15 12 19 25% 910294 360 12%
c s 19.91  0 23 11 2146  1 62347 24946 1.4 22 15 12 19 25% 910177 360 12%
c W 21.15  0 23 11 2146  1 66022 27409 1.4 22 16 12 19 25% 910177 360 12%
c - 21.24  0 23 12 2146  1 66074 19652 1.4 22 16 12 19 25% 910177 360 12%
c p 21.25  0 23 12 2146  1 66074 19657 1.4 22 16 12 19 25% 910177 360 12%
c u 21.40  0 23 12 2146  1 66074 19646 1.4 22 16 12 19 25% 910178 360 12%
c v 21.43  0 23 12 2146  1 66074 19644 1.4 22 16 12 19 25% 910178 360 12%
c w 21.45  0 23 12 2146  1 66074 19644 1.4 22 16 12 19 25% 910178 360 12%
c x 21.51  0 23 12 2146  1 66074 19644 1.4 22 16 12 19 25% 910174 360 12%
c ] 21.87  0 23 12 2148  1 67774 20881 1.4 22 16 12 19 25% 910174 360 12%
c { 21.87  0 26 12 2148  2 67774 20881 1.7 19 11 8 13 31% 910174 360 12%
c F 24.75  0 24 12 3218  2 78023 28260 1.7 19 11 8 12 29% 910174 360 12%
c - 24.89  0 24 13 3219  2 78664 21826 1.7 19 11 8 12 29% 910174 360 12%
c p 24.92  0 24 13 3219  2 78664 21835 1.7 19 11 8 12 29% 910174 360 12%
c t 24.93  0 24 13 3219  2 78664 21835 1.7 19 11 8 12 29% 910173 360 12%
c B 28.43  0 22 13 4438  2 91025 30124 1.6 19 12 8 12 27% 910173 360 12%
c - 28.97  0 22 14 4611  2 92399 25992 1.6 19 12 8 12 27% 910173 360 12%
c p 29.00  0 22 14 4611  2 92399 25995 1.6 19 12 8 12 27% 910173 360 12%
c 
c  seconds  reductions   conflicts        size   tier2        variables
c         MB     restarts      redundant     glue    trail        remaining
c          level       rate         size/glue  tier1   irredundant
c 
c u 29.17  0 22 14 4611  2 92399 25973 1.6 19 12 8 12 27% 910173 360 12%
c v 29.24  0 22 14 4611  2 92399 25963 1.6 19 12 8 12 27% 910173 360 12%
c w 29.28  0 22 14 4611  2 92399 25962 1.6 19 12 8 12 27% 910173 360 12%
c x 29.37  0 22 14 4611  2 92399 25961 1.6 19 12 8 12 27% 910156 360 12%
c t 29.38  0 22 14 4611  2 92399 25961 1.6 19 12 8 12 27% 910154 360 12%
c } 31.62  0 21 14 5158  2 99769 30849 1.6 19 12 8 12 26% 910154 360 12%
c [ 31.62  0 23 14 5158  1 99769 30849 1.4 22 16 12 19 25% 910154 360 12%
c I 32.31  0 22 14 5162  1 105027 34268 1.4 22 16 12 19 25% 910154 360 12%
c - 32.91  0 22 15 5163  1 107286 29360 1.4 22 16 12 19 25% 910154 360 12%
c p 32.94  0 22 15 5163  1 107286 29370 1.4 22 16 12 19 25% 910154 360 12%
c B 35.53  0 22 15 5170  1 120028 37846 1.4 21 15 12 19 25% 910154 360 12%
c - 36.20  0 22 16 5170  1 123327 31056 1.4 21 15 12 19 25% 910154 360 12%
c p 36.22  0 22 16 5170  1 123327 31059 1.4 21 15 12 19 25% 910154 360 12%
c u 36.39  0 22 16 5170  1 123327 30999 1.4 21 15 12 19 25% 910154 360 12%
c v 36.45  0 22 16 5170  1 123327 30992 1.4 21 15 12 19 25% 910154 360 12%
c w 36.47  0 22 16 5170  1 123327 30991 1.4 21 15 12 19 25% 910154 360 12%
c x 36.57  0 22 16 5170  1 123327 30990 1.4 21 15 12 19 25% 910123 360 12%
c t 36.57  0 22 16 5170  1 123327 30990 1.4 21 15 12 19 25% 910120 360 12%
c s 37.62  0 21 16 5171  1 130171 35761 1.4 22 16 12 19 25% 910007 360 12%
c e 37.79  0 21 16 5171  1 130171 35751 1.4 22 16 12 19 25% 910006 359 12%
c 
c  seconds  reductions   conflicts         size    tier2        variables
c         MB     restarts       redundant     glue     trail        remaining
c          level       rate          size/glue  tier1    irredundant
c 
c s 37.83  0 21 16 5171  1 130171 35738 1.4 22 16 12 19 25% 909922 359 12%
c W 40.08  0 21 16 5172  1 136029 39548 1.4 21 15 12 19 25% 909922 359 12%
c - 40.88  0 21 17 5172  1 140526 32286 1.4 21 15 10 16 25% 909922 359 12%
c p 40.92  0 21 17 5172  1 140526 32294 1.4 21 15 10 16 25% 909922 359 12%
c ] 41.28  0 20 17 5172  1 142535 33430 1.4 21 15 10 16 24% 909922 359 12%
c { 41.28  0 21 17 5172  2 142535 33430 1.6 19 12 8 12 26% 909922 359 12%
c W 45.81  0 20 17 6160  2 153031 40887 1.6 19 12 8 12 26% 909922 359 12%
c - 47.51  0 20 18 6443  2 158883 37857 1.6 19 12 8 12 26% 909922 359 12%
c p 47.55  0 20 18 6443  2 158883 37867 1.6 19 12 8 12 26% 909922 359 12%
c u 47.74  0 20 18 6443  2 158883 37822 1.6 19 12 8 12 26% 909922 359 12%
c v 47.81  0 20 18 6443  2 158883 37819 1.6 19 12 8 12 26% 909922 359 12%
c w 47.85  0 20 18 6443  2 158883 37816 1.6 19 12 8 12 26% 909922 359 12%
c x 47.96  0 20 18 6443  2 158883 37815 1.6 19 12 8 12 26% 909899 359 12%
c # 51.24  0 20 18 7158  2 171032 46475 1.6 19 12 8 12 26% 909899 359 12%
c - 53.41  0 20 19 7888  2 178407 44366 1.6 19 12 8 12 25% 909899 359 12%
c p 53.45  0 20 19 7888  2 178407 44376 1.6 19 12 8 12 25% 909899 359 12%
c u 53.58  0 20 19 7888  2 178407 44359 1.6 19 12 8 12 25% 909899 359 12%
c v 53.63  0 20 19 7888  2 178407 44352 1.6 19 12 8 12 25% 909899 359 12%
c w 53.65  0 20 19 7888  2 178407 44352 1.6 19 12 8 12 25% 909899 359 12%
c x 53.73  0 20 19 7888  2 178407 44351 1.6 19 12 8 12 25% 909896 359 12%
c 
c  seconds  reductions   conflicts         size   tier2        variables
c         MB     restarts       redundant     glue    trail        remaining
c          level       rate          size/glue  tier1   irredundant
c 
c t 53.74  0 20 19 7888  2 178407 44351 1.6 19 12 8 12 25% 909895 359 12%
c } 58.26  0 19 19 9078  2 189416 52053 1.6 19 12 8 12 25% 909895 359 12%
c [ 58.26  0 20 19 9078  1 189416 52053 1.4 21 15 10 16 24% 909895 359 12%
c O 58.41  0 20 19 9078  1 190033 52546 1.4 21 15 10 16 24% 909895 359 12%
c - 59.79  0 20 20 9081  1 199093 49525 1.4 21 15 10 16 24% 909895 359 12%
c p 59.82  0 20 20 9081  1 199093 49534 1.4 21 15 10 16 24% 909895 359 12%
c u 60.99  0 20 20 9081  1 199093 49506 1.4 21 15 10 16 24% 909895 359 12%
c v 61.06  0 20 20 9081  1 199093 49500 1.4 21 15 10 16 24% 909895 359 12%
c w 61.09  0 20 20 9081  1 199093 49500 1.4 21 15 10 16 24% 909895 359 12%
c x 61.19  0 20 20 9081  1 199093 49500 1.4 21 15 10 16 24% 909889 359 12%
c B 62.82  0 20 20 9087  1 210034 56718 1.4 21 15 9 16 25% 909889 359 12%
c s 64.47  0 20 20 9092  1 220637 63103 1.4 21 15 9 16 24% 909562 359 12%
c s 64.68  0 20 20 9092  1 220637 63092 1.4 21 15 9 16 24% 909433 359 12%
c - 65.03  0 20 21 9093  1 220943 50155 1.4 21 15 9 16 24% 909433 359 12%
c p 65.07  0 20 21 9093  1 220943 50165 1.4 21 15 9 16 24% 909433 359 12%
c W 68.24  0 20 21 9095  1 231040 56455 1.4 21 15 9 16 24% 909433 359 12%
c - 70.18  0 20 22 9103  1 243961 49972 1.4 21 15 9 16 24% 909433 359 12%
c p 70.21  0 20 22 9103  1 243961 49981 1.4 21 15 9 16 24% 909433 359 12%
c u 70.46  0 20 22 9103  1 243961 49916 1.4 21 15 9 16 24% 909433 359 12%
c v 70.57  0 20 22 9103  1 243961 49909 1.4 21 15 9 16 24% 909433 359 12%
c 
c  seconds  reductions   conflicts         size   tier2        variables
c         MB     restarts       redundant     glue    trail        remaining
c          level       rate          size/glue  tier1   irredundant
c 
c w 70.63  0 20 22 9103  1 243961 49908 1.4 21 15 9 16 24% 909433 359 12%
c x 70.78  0 20 22 9103  1 243961 49907 1.4 21 15 9 16 24% 909388 359 12%
c t 70.79  0 20 22 9103  1 243961 49907 1.4 21 15 9 16 24% 909386 359 12%
c I 72.32  0 20 22 9107  1 253041 55733 1.3 21 15 9 16 24% 909386 359 12%
c ] 73.26  0 20 22 9108  1 257067 58331 1.4 21 15 9 16 23% 909386 359 12%
c { 73.26  0 19 22 9108  2 257067 58331 1.6 19 12 8 12 25% 909386 359 12%
c - 77.16  0 19 23 9631  2 268150 48600 1.6 19 12 7 12 25% 909386 359 12%
c p 77.20  0 19 23 9631  2 268150 48610 1.6 19 12 7 12 25% 909386 359 12%
c u 77.39  0 19 23 9631  2 268150 48561 1.6 19 12 7 12 25% 909386 359 12%
c v 77.46  0 19 23 9631  2 268150 48557 1.6 19 12 7 12 25% 909386 359 12%
c w 77.49  0 19 23 9631  2 268150 48556 1.6 19 12 7 12 25% 909386 359 12%
c x 77.59  0 19 23 9631  2 268150 48556 1.6 19 12 7 12 25% 909341 359 12%
c t 77.60  0 19 23 9631  2 268150 48556 1.6 19 12 7 12 25% 909339 359 12%
c B 80.14  0 19 23 10166  2 276042 53498 1.6 19 12 7 12 25% 909339 359 12%
c - 86.07  0 18 24 11472  1 293505 55034 1.6 18 12 7 12 24% 909339 359 12%
c p 86.10  0 18 24 11472  1 293505 55043 1.6 18 12 7 12 24% 909339 359 12%
c u 86.27  0 18 24 11472  1 293505 55014 1.6 18 12 7 12 24% 909339 359 12%
c v 86.34  0 18 24 11472  1 293505 55004 1.6 18 12 7 12 24% 909339 359 12%
c w 86.37  0 18 24 11472  1 293505 55002 1.6 18 12 7 12 24% 909339 359 12%
c x 86.48  0 18 24 11472  1 293505 55001 1.6 18 12 7 12 24% 909287 359 12%
c 
c  seconds  reductions    conflicts         size   tier2        variables
c         MB      restarts       redundant     glue    trail        remaining
c          level        rate          size/glue  tier1   irredundant
c 
c t 86.49  0 18 24 11472  1 293505 55000 1.6 18 12 7 12 24% 909284 359 12%
c W 90.74  0 18 24 12639  2 300045 59382 1.5 18 12 7 12 24% 909284 359 12%
c - 95.93  0 17 25 13700  1 320033 59501 1.5 18 12 7 12 23% 909284 359 12%
c p 95.98  0 17 25 13700  1 320033 59511 1.5 18 12 7 12 23% 909284 359 12%
c u 96.17  0 17 25 13700  1 320033 59476 1.5 18 12 7 12 23% 909284 359 12%
c v 96.25  0 17 25 13700  1 320033 59468 1.5 18 12 7 12 23% 909284 359 12%
c w 96.29  0 17 25 13700  1 320033 59467 1.5 18 12 7 12 23% 909284 359 12%
c x 96.41  0 17 25 13700  1 320033 59467 1.5 18 12 7 12 23% 909252 359 12%
c t 96.42  0 17 25 13700  1 320033 59467 1.5 18 12 7 12 23% 909251 359 12%
c F 98.60  0 17 25 14235  1 325046 62604 1.5 18 12 7 12 23% 909251 359 12%
c } 100.08  0 17 25 14405  1 330283 65862 1.5 18 12 7 12 23% 909251 359 12%
c [ 100.08  0 20 25 14405  1 330283 65862 1.4 21 15 9 16 23% 909251 359 12%
c s 100.67  0 20 25 14405  1 333705 67834 1.3 21 15 9 16 23% 909044 359 12%
c s 100.90  0 20 25 14405  1 333705 67811 1.3 21 15 9 16 23% 908872 359 12%
c - 103.46  0 19 26 14406  1 347735 61472 1.3 21 15 9 16 23% 908872 359 12%
c p 103.50  0 19 26 14406  1 347735 61482 1.3 21 15 9 16 23% 908872 359 12%
c u 104.68  0 19 26 14406  1 347735 61418 1.3 21 15 9 16 23% 908872 359 12%
c v 104.75  0 19 26 14406  1 347735 61407 1.3 21 15 9 16 23% 908872 359 12%
c w 104.78  0 19 26 14406  1 347735 61407 1.3 21 15 9 16 23% 908872 359 12%
c x 104.89  0 19 26 14406  1 347735 61406 1.3 21 15 9 16 23% 908853 359 12%
c 
c  seconds   reductions    conflicts         size   tier2        variables
c          MB      restarts       redundant     glue    trail        remaining
c           level        rate          size/glue  tier1   irredundant
c 
c B 105.68  0 19 26 14406  1 351047 63718 1.3 21 15 9 16 23% 908853 359 12%
c - 110.80  0 19 27 14407  1 376608 62901 1.4 20 15 9 16 23% 908853 359 12%
c p 110.85  0 19 27 14407  1 376608 62911 1.4 20 15 9 16 23% 908853 359 12%
c u 111.02  0 19 27 14407  1 376608 62872 1.4 20 15 9 16 23% 908853 359 12%
c v 111.10  0 19 27 14407  1 376608 62866 1.4 20 15 9 16 23% 908853 359 12%
c w 111.14  0 19 27 14407  1 376608 62865 1.4 20 15 9 16 23% 908853 359 12%
c x 111.25  0 19 27 14407  1 376608 62863 1.4 20 15 9 16 23% 908837 359 12%
c t 111.26  0 19 27 14407  1 376608 62862 1.4 20 15 9 16 23% 908835 359 12%
c W 113.23  0 19 27 14407  1 378049 63744 1.4 20 15 9 16 23% 908835 359 12%
c O 118.35  0 19 27 14420  1 406052 81064 1.4 20 15 9 15 23% 908835 359 12%
c - 118.56  0 19 28 14420  1 406657 63729 1.4 20 15 9 15 23% 908835 359 12%
c p 118.60  0 19 28 14420  1 406657 63739 1.4 20 15 9 15 23% 908835 359 12%
c u 118.77  0 19 28 14420  1 406657 63720 1.4 20 15 9 15 23% 908835 359 12%
c v 118.83  0 19 28 14420  1 406657 63714 1.4 20 15 9 15 23% 908835 359 12%
c w 118.87  0 19 28 14420  1 406657 63713 1.4 20 15 9 15 23% 908835 359 12%
c x 118.97  0 19 28 14420  1 406657 63713 1.4 20 15 9 15 23% 908824 359 12%
c ] 121.06  0 18 28 14422  1 418289 71054 1.4 20 15 9 15 23% 908824 359 12%
c { 121.06  0 17 28 14422  1 418289 71054 1.5 18 12 7 12 23% 908824 359 12%
c B 127.32  0 16 28 15393  1 435056 82193 1.5 18 12 7 12 23% 908824 359 12%
c - 128.85  0 16 29 15722  1 437879 69942 1.5 18 12 7 12 23% 908824 359 12%
c 
c  seconds   reductions    conflicts         size   tier2        variables
c          MB      restarts       redundant     glue    trail        remaining
c           level        rate          size/glue  tier1   irredundant
c 
c p 128.90  0 16 29 15722  1 437879 69952 1.5 18 12 7 12 23% 908824 359 12%
c u 129.13  0 16 29 15722  1 437879 69895 1.5 18 12 7 12 23% 908824 359 12%
c v 129.23  0 16 29 15722  1 437879 69879 1.5 18 12 7 12 23% 908824 359 12%
c w 129.29  0 16 29 15722  1 437879 69878 1.5 18 12 7 12 23% 908824 359 12%
c x 129.46  0 16 29 15722  1 437879 69878 1.5 18 12 7 12 23% 908790 359 12%
c t 129.46  0 16 29 15722  1 437879 69878 1.5 18 12 7 12 23% 908788 359 12%
c W 140.04  0 16 29 17600  1 465057 87035 1.5 18 12 6 12 23% 908788 359 12%
c s 142.27  0 16 29 18132  1 469378 89905 1.5 18 12 6 12 23% 908569 359 12%
c s 142.53  0 16 29 18132  1 469378 89880 1.5 18 12 6 12 23% 908302 359 12%
c - 143.20  0 16 30 18265  1 470278 70407 1.5 18 12 6 12 23% 908302 359 12%
c p 143.25  0 16 30 18265  1 470278 70421 1.5 18 12 6 12 23% 908302 359 12%
c u 143.53  0 16 30 18265  1 470278 70343 1.5 18 12 6 12 23% 908302 359 12%
c v 143.61  0 16 30 18265  1 470278 70279 1.5 18 12 6 12 23% 908302 359 12%
c w 143.67  0 16 30 18265  1 470278 70276 1.5 18 12 6 12 23% 908302 359 12%
c x 143.87  0 16 30 18265  1 470278 70275 1.5 18 12 6 12 23% 908288 359 12%
c # 152.61  0 16 30 19624  1 496059 87296 1.5 17 12 6 12 23% 908288 359 12%
c - 155.42  0 16 31 20001  1 503849 75089 1.5 17 12 6 12 23% 908288 359 12%
c p 155.47  0 16 31 20001  1 503849 75099 1.5 17 12 6 12 23% 908288 359 12%
c u 155.73  0 16 31 20001  1 503849 75023 1.5 17 12 6 12 23% 908288 359 12%
c v 155.84  0 16 31 20001  1 503849 74993 1.5 17 12 6 12 23% 908288 359 12%
c 
c  seconds   reductions    conflicts         size   tier2        variables
c          MB      restarts       redundant     glue    trail        remaining
c           level        rate          size/glue  tier1   irredundant
c 
c w 155.90  0 16 31 20001  1 503849 74989 1.5 17 12 6 12 23% 908288 359 12%
c x 156.08  0 16 31 20001  1 503849 74986 1.5 17 12 6 12 23% 908238 359 12%
c t 156.09  0 16 31 20001  1 503849 74986 1.5 17 12 6 12 23% 908236 359 12%
c } 158.28  0 15 31 20331  1 509385 78302 1.5 17 12 6 12 23% 908236 359 12%
c [ 158.28  0 18 31 20331  1 509385 78302 1.4 20 15 9 15 23% 908236 359 12%
c B 161.69  0 17 31 20342  1 528061 89766 1.4 19 14 9 15 23% 908236 359 12%
c - 163.61  0 17 32 20346  1 538597 79106 1.4 19 14 8 15 22% 908236 359 12%
c p 163.65  0 17 32 20346  1 538597 79116 1.4 19 14 8 15 22% 908236 359 12%
c u 163.86  0 17 32 20346  1 538597 79032 1.4 19 14 8 15 22% 908236 359 12%
c v 163.95  0 17 32 20346  1 538597 79027 1.4 19 14 8 15 22% 908236 359 12%
c w 164.00  0 17 32 20346  1 538597 79024 1.4 19 14 8 15 22% 908236 359 12%
c x 164.15  0 17 32 20346  1 538597 79021 1.4 19 14 8 15 22% 908212 359 12%
c t 164.15  0 17 32 20346  1 538597 79021 1.4 19 14 8 15 22% 908210 359 12%
c W 170.44  0 16 32 20348  1 561062 91700 1.4 19 13 8 15 22% 908210 359 12%
c - 173.27  0 16 33 20356  1 574524 81054 1.4 19 13 8 15 22% 908210 359 12%
c p 173.32  0 16 33 20356  1 574524 81064 1.4 19 13 8 15 22% 908210 359 12%
c u 174.80  0 16 33 20356  1 574524 81035 1.4 19 13 8 15 22% 908210 359 12%
c v 174.89  0 16 33 20356  1 574524 81032 1.4 19 13 8 15 22% 908210 359 12%
c w 174.93  0 16 33 20356  1 574524 81026 1.4 19 13 8 15 22% 908210 359 12%
c x 175.08  0 16 33 20356  1 574524 81023 1.4 19 13 8 15 22% 908186 359 12%
c 
c  seconds   reductions    conflicts         size   tier2        variables
c          MB      restarts       redundant     glue    trail        remaining
c           level        rate          size/glue  tier1   irredundant
c 
c t 175.09  0 16 33 20356  1 574524 81023 1.4 19 13 8 15 22% 908184 359 12%
c I 178.68  0 16 33 20363  1 595063 93363 1.4 19 13 8 14 22% 908184 359 12%
c - 182.73  0 16 34 20373  1 611630 83527 1.4 18 13 8 14 22% 908184 359 12%
c p 182.78  0 16 34 20373  1 611630 83537 1.4 18 13 8 14 22% 908184 359 12%
c u 183.01  0 16 34 20373  1 611630 83510 1.4 18 13 8 14 22% 908184 359 12%
c v 183.10  0 16 34 20373  1 611630 83495 1.4 18 13 8 14 22% 908184 359 12%
c w 183.15  0 16 34 20373  1 611630 83492 1.4 18 13 8 14 22% 908184 359 12%
c x 183.32  0 16 34 20373  1 611630 83492 1.4 18 13 8 14 22% 908161 359 12%
c t 183.33  0 16 34 20373  1 611630 83492 1.4 18 13 8 14 22% 908160 359 12%
c s 187.26  0 16 34 20377  1 627648 93720 1.4 18 13 8 14 22% 907925 359 12%
c s 187.54  0 16 34 20377  1 627648 93651 1.4 18 13 8 14 22% 907369 359 12%
c ] 188.04  0 16 34 20378  1 628965 94398 1.4 18 13 8 14 22% 907369 359 12%
c { 188.04  0 15 34 20378  1 628965 94398 1.5 17 12 6 12 23% 907369 359 12%
c B 188.58  0 15 34 20519  1 630064 95119 1.5 17 12 6 12 23% 907369 359 12%
c - 195.65  0 15 35 21696  1 649915 88168 1.5 17 11 6 12 23% 907369 359 12%
c p 195.69  0 15 35 21696  1 649915 88178 1.5 17 11 6 12 23% 907369 359 12%
c u 195.96  0 15 35 21696  1 649915 88135 1.5 17 11 6 12 23% 907369 359 12%
c v 196.06  0 15 35 21696  1 649915 88103 1.5 17 11 6 12 23% 907369 359 12%
c w 196.11  0 15 35 21696  1 649915 88095 1.5 17 11 6 12 23% 907369 359 12%
c x 196.28  0 15 35 21696  1 649915 88094 1.5 17 11 6 12 23% 907315 359 12%
c 
c  seconds   reductions    conflicts         size   tier2        variables
c          MB      restarts       redundant     glue    trail        remaining
c           level        rate          size/glue  tier1   irredundant
c 
c t 196.29  0 15 35 21696  1 649915 88094 1.5 17 11 6 12 23% 907311 359 12%
c W 204.64  0 15 35 22825  1 666067 98378 1.5 17 12 5 11 22% 907311 359 12%
c - 214.87  0 15 36 24683  1 689374 80296 1.5 17 12 5 11 22% 907311 359 12%
c p 214.91  0 15 36 24683  1 689374 80306 1.5 17 12 5 11 22% 907311 359 12%
c u 215.25  0 15 36 24683  1 689374 80236 1.5 17 12 5 11 22% 907311 359 12%
c v 215.41  0 15 36 24683  1 689374 80228 1.5 17 12 5 11 22% 907311 359 12%
c w 215.50  0 15 36 24683  1 689374 80222 1.5 17 12 5 11 22% 907311 359 12%
c x 215.74  0 15 36 24683  1 689374 80220 1.5 17 12 5 11 22% 907252 359 12%
c t 215.75  0 15 36 24683  1 689374 80220 1.5 17 12 5 11 22% 907245 359 12%
c F 220.37  0 15 36 25551  1 703070 88520 1.5 17 12 5 11 22% 907245 359 12%
c - 229.05  0 15 37 27083  1 730012 80456 1.5 17 11 5 11 22% 907245 359 12%
c p 229.10  0 15 37 27083  1 730012 80470 1.5 17 11 5 11 22% 907245 359 12%
c u 229.39  0 15 37 27083  1 730012 80353 1.5 17 11 5 11 22% 907245 359 12%
c v 229.52  0 15 37 27083  1 730012 80349 1.5 17 11 5 11 22% 907245 359 12%
c w 229.58  0 15 37 27083  1 730012 80346 1.5 17 11 5 11 22% 907245 359 12%
c x 229.79  0 15 37 27083  1 730012 80346 1.5 17 11 5 11 22% 907210 359 12%
c t 229.80  0 15 37 27083  1 730012 80346 1.5 17 11 5 11 22% 907206 359 12%
c B 233.36  0 15 37 27589  1 741071 87376 1.5 17 11 5 11 22% 907206 359 12%
c } 236.80  0 15 37 28300  1 749765 93016 1.5 17 11 5 11 22% 907206 359 12%
c [ 236.80  0 16 37 28300  1 749765 93016 1.4 18 13 8 14 22% 907206 359 12%
c 
c  seconds   reductions    conflicts         size   tier2        variables
c          MB      restarts       redundant     glue    trail        remaining
c           level        rate          size/glue  tier1   irredundant
c 
c - 240.60  0 15 38 28301  1 771829 82876 1.4 18 13 8 14 21% 907206 359 12%
c p 240.65  0 15 38 28301  1 771829 82886 1.4 18 13 8 14 21% 907206 359 12%
c u 240.92  0 15 38 28301  1 771829 82776 1.4 18 13 8 14 21% 907206 359 12%
c v 241.03  0 15 38 28301  1 771829 82772 1.4 18 13 8 14 21% 907206 359 12%
c w 241.08  0 15 38 28301  1 771829 82769 1.4 18 13 8 14 21% 907206 359 12%
c x 241.24  0 15 38 28301  1 771829 82769 1.4 18 13 8 14 21% 907188 359 12%
c t 241.24  0 15 38 28301  1 771829 82769 1.4 18 13 8 14 21% 907185 359 12%
c B 242.94  0 15 38 28301  1 780074 88130 1.4 18 13 8 14 21% 907185 359 12%
c s 248.38  0 15 38 28302  1 808504 105146 1.4 18 12 7 14 21% 906595 359 12%
c s 248.65  0 15 38 28302  1 808504 105102 1.4 18 12 7 14 21% 906106 359 12%
c - 250.02  0 15 39 28302  1 814829 83686 1.4 18 12 7 14 21% 906106 359 12%
c p 250.07  0 15 39 28302  1 814829 83696 1.4 18 12 7 14 21% 906106 359 12%
c u 250.28  0 15 39 28302  1 814829 83542 1.4 18 12 7 14 21% 906106 359 12%
c v 250.39  0 15 39 28302  1 814829 83535 1.4 18 12 7 14 21% 906106 359 12%
c w 250.43  0 15 39 28302  1 814829 83535 1.4 18 12 7 14 21% 906106 359 12%
c x 250.61  0 15 39 28302  1 814829 83535 1.4 18 12 7 14 21% 906066 359 12%
c t 250.62  0 15 39 28302  1 814829 83535 1.4 18 12 7 14 21% 906063 359 12%
c W 254.48  0 15 39 28302  1 820076 86926 1.4 18 13 7 14 21% 906063 359 12%
c - 261.46  0 15 40 28302  1 858994 82456 1.4 18 13 7 14 21% 906063 359 12%
c p 261.51  0 15 40 28302  1 858994 82466 1.4 18 13 7 14 21% 906063 359 12%
c 
c  seconds   reductions    conflicts         size   tier2        variables
c          MB      restarts       redundant     glue    trail        remaining
c           level        rate          size/glue  tier1   irredundant
c 
c u 261.73  0 15 40 28302  1 858994 82355 1.4 18 13 7 14 21% 906063 359 12%
c v 261.86  0 15 40 28302  1 858994 82351 1.4 18 13 7 14 21% 906063 359 12%
c w 261.91  0 15 40 28302  1 858994 82349 1.4 18 13 7 14 21% 906063 359 12%
c x 262.08  0 15 40 28302  1 858994 82349 1.4 18 13 7 14 21% 906036 359 12%
c t 262.09  0 15 40 28302  1 858994 82349 1.4 18 13 7 14 21% 906034 359 12%
c O 262.71  0 15 40 28302  1 861079 83508 1.4 18 13 7 14 21% 906034 359 12%
c B 271.70  0 14 40 28320  1 903081 106369 1.4 17 12 7 14 21% 906034 359 12%
c - 272.12  0 14 41 28321  1 904341 85577 1.4 17 12 7 14 21% 906034 359 12%
c p 272.16  0 14 41 28321  1 904341 85587 1.4 17 12 7 14 21% 906034 359 12%
c u 272.74  0 14 41 28321  1 904341 85508 1.4 17 12 7 14 21% 906034 359 12%
c v 272.87  0 14 41 28321  1 904341 85502 1.4 17 12 7 14 21% 906034 359 12%
c w 272.94  0 14 41 28321  1 904341 85502 1.4 17 12 7 14 21% 906034 359 12%
c x 273.13  0 14 41 28321  1 904341 85500 1.4 17 12 7 14 21% 905936 359 12%
c t 273.13  0 14 41 28321  1 904341 85500 1.4 17 12 7 14 21% 905912 359 12%
c ] 274.20  0 14 41 28324  1 909227 88101 1.4 17 12 7 14 21% 905912 359 12%
c { 274.20  0 15 41 28324  1 909227 88101 1.5 17 11 5 11 22% 905912 359 12%
c W 287.49  0 14 41 29826  1 946083 109955 1.5 16 11 5 11 21% 905912 359 12%
c - 289.17  0 14 42 30043  1 950870 92070 1.5 16 11 5 11 21% 905912 359 12%
c p 289.22  0 14 42 30043  1 950870 92083 1.5 16 11 5 11 21% 905912 359 12%
c u 289.55  0 14 42 30043  1 950870 92009 1.5 16 11 5 11 21% 905912 359 12%
c 
c  seconds   reductions    conflicts         size   tier2        variables
c          MB      restarts       redundant     glue    trail        remaining
c           level        rate          size/glue  tier1   irredundant
c 
c v 289.71  0 14 42 30043  1 950870 92003 1.5 16 11 5 11 21% 905912 359 12%
c w 289.78  0 14 42 30043  1 950870 92001 1.5 16 11 5 11 21% 905912 359 12%
c x 290.02  0 14 42 30043  1 950870 92000 1.5 16 11 5 11 21% 905873 359 12%
c t 290.02  0 14 42 30043  1 950870 92000 1.5 16 11 5 11 21% 905871 359 12%
c # 304.72  0 14 42 32906  1 990085 115702 1.5 16 11 5 11 21% 905871 359 12%
c - 308.67  0 14 43 33832  1 998580 97529 1.5 16 11 5 11 21% 905871 359 12%
c p 308.71  0 14 43 33832  1 998580 97539 1.5 16 11 5 11 21% 905871 359 12%
c u 309.10  0 14 43 33832  1 998580 97378 1.5 16 11 5 11 21% 905871 359 12%
c v 309.28  0 14 43 33832  1 998580 97372 1.5 16 11 5 11 21% 905871 359 12%
c w 309.37  0 14 43 33832  1 998580 97368 1.5 16 11 5 11 21% 905871 359 12%
c x 309.63  0 14 43 33832  1 998580 97364 1.5 16 11 5 11 21% 905786 359 12%
c t 309.64  0 14 43 33832  1 998580 97364 1.5 16 11 5 11 21% 905783 359 12%
c s 315.01  0 14 43 34907  1 1011933 105405 1.4 16 11 5 11 21% 904751 359 12%
c s 315.28  0 14 43 34907  1 1011933 105363 1.4 16 11 5 11 21% 904091 359 12%
c B 323.76  0 14 43 37032  1 1035087 119880 1.4 16 11 5 11 21% 904091 359 12%
c - 327.65  0 14 44 37406  1 1047471 101907 1.5 16 11 5 11 21% 904091 359 12%
c p 327.70  0 14 44 37406  1 1047471 101921 1.5 16 11 5 11 21% 904091 359 12%
c u 328.04  0 14 44 37406  1 1047471 101828 1.5 16 11 5 11 21% 904091 359 12%
c v 328.20  0 14 44 37406  1 1047471 101817 1.5 16 11 5 11 21% 904091 359 12%
c w 328.28  0 14 44 37406  1 1047471 101814 1.5 16 11 5 11 21% 904091 359 12%
c 
c  seconds   reductions     conflicts          size   tier2        variables
c          MB      restarts        redundant      glue    trail        remaining
c           level        rate            size/glue  tier1   irredundant
c 
c x 328.49  0 14 44 37406  1 1047471 101806 1.5 16 11 5 11 21% 904021 359 12%
c t 328.50  0 14 44 37406  1 1047471 101806 1.5 16 11 5 11 21% 904018 359 12%
c } 333.69  0 13 44 37769  1 1066465 111624 1.5 16 11 5 11 20% 904018 359 12%
c [ 333.69  0 14 44 37769  1 1066465 111624 1.4 17 12 7 14 21% 904018 359 12%
c W 339.53  0 14 44 37776  1 1081088 120892 1.4 17 12 7 14 21% 904018 359 12%
c - 343.51  0 14 45 37778  1 1097522 106058 1.4 17 12 7 14 21% 904018 359 12%
c p 343.56  0 14 45 37778  1 1097522 106072 1.4 17 12 7 14 21% 904018 359 12%
c u 343.87  0 14 45 37778  1 1097522 105920 1.4 17 12 7 14 21% 904018 359 12%
c v 344.01  0 14 45 37778  1 1097522 105910 1.4 17 12 7 14 21% 904018 359 12%
c w 344.09  0 14 45 37778  1 1097522 105904 1.4 17 12 7 14 21% 904018 359 12%
c x 344.28  0 14 45 37778  1 1097522 105902 1.4 17 12 7 14 21% 903982 359 12%
c t 344.29  0 14 45 37778  1 1097522 105902 1.4 17 12 7 14 21% 903979 359 12%
c I 351.04  0 14 45 37791  1 1128091 124700 1.5 17 11 6 13 20% 903979 359 12%
c - 356.27  0 13 46 37799  1 1148756 111373 1.5 17 11 6 13 20% 903979 359 12%
c p 356.32  0 13 46 37799  1 1148756 111383 1.5 17 11 6 13 20% 903979 359 12%
c u 356.59  0 13 46 37799  1 1148756 111281 1.5 17 11 6 13 20% 903979 359 12%
c v 356.71  0 13 46 37799  1 1148756 111269 1.5 17 11 6 13 20% 903979 359 12%
c w 356.77  0 13 46 37799  1 1148756 111258 1.5 17 11 6 13 20% 903979 359 12%
c x 356.94  0 13 46 37799  1 1148756 111255 1.5 17 11 6 13 20% 903933 359 12%
c t 356.95  0 13 46 37799  1 1148756 111255 1.5 17 11 6 13 20% 903930 359 12%
c 
c  seconds   reductions     conflicts          size   tier2        variables
c          MB      restarts        redundant      glue    trail        remaining
c           level        rate            size/glue  tier1   irredundant
c 
c B 362.55  0 13 46 37809  1 1176092 128071 1.5 17 11 6 13 20% 903930 359 12%
c - 368.58  0 13 47 37810  1 1201171 116693 1.5 16 11 6 13 20% 903930 359 12%
c p 368.63  0 13 47 37810  1 1201171 116703 1.5 16 11 6 13 20% 903930 359 12%
c u 368.98  0 13 47 37810  1 1201171 116604 1.5 16 11 6 13 20% 903930 359 12%
c v 369.15  0 13 47 37810  1 1201171 116587 1.5 16 11 6 13 20% 903930 359 12%
c w 369.23  0 13 47 37810  1 1201171 116569 1.5 16 11 6 13 20% 903930 359 12%
c x 369.47  0 13 47 37810  1 1201171 116569 1.5 16 11 6 13 20% 903916 359 12%
c i 373.26  0 12 47 37810  1 1219257 125543 1.5 16 11 6 13 20% 903916 358 12%
c W 376.79  0 12 47 37811  1 1225093 85755 1.5 16 11 6 13 20% 775155 358 12%
c s 379.94  0 12 47 37818  1 1237902 93436 1.5 16 11 6 13 20% 773918 358 12%
c e 380.07  0 12 47 37818  1 1237902 93408 1.5 16 11 6 13 20% 773916 356 12%
c s 380.16  0 12 47 37818  1 1237902 93349 1.5 16 11 6 13 20% 772652 356 12%
c ] 383.92  0 12 47 37825  1 1252662 100645 1.5 15 10 6 13 20% 772652 356 12%
c { 383.92  0 13 47 37825  1 1252662 100645 1.5 16 11 5 11 20% 772652 356 12%
c - 384.64  0 13 48 37830  1 1254767 81685 1.5 16 11 5 11 20% 772652 356 12%
c p 384.68  0 13 48 37830  1 1254767 81695 1.5 16 11 5 11 20% 772652 356 12%
c u 384.92  0 13 48 37830  1 1254767 81482 1.5 16 11 5 11 20% 772652 356 12%
c v 385.03  0 13 48 37830  1 1254767 81437 1.5 16 11 5 11 20% 772652 356 12%
c w 385.09  0 13 48 37830  1 1254767 81418 1.5 16 11 5 11 20% 772652 356 12%
c x 385.24  0 13 48 37830  1 1254767 81417 1.5 16 11 5 11 20% 772586 356 12%
c 
c  seconds   reductions     conflicts         size   tier2        variables
c          MB      restarts        redundant     glue    trail        remaining
c           level        rate           size/glue  tier1   irredundant
c 
c t 385.25  0 13 48 37830  1 1254767 81405 1.5 16 11 5 11 20% 772585 356 12%
c i 386.16  0 13 48 37830  1 1258072 82869 1.5 16 11 5 11 20% 772585 355 12%
c i 387.17  0 13 48 37830  1 1262325 85194 1.5 16 11 5 11 20% 772585 354 12%
c i 387.55  0 13 48 37830  1 1263905 85799 1.5 15 11 5 11 20% 772585 353 12%
c i 387.59  0 13 48 37830  1 1263957 85819 1.5 15 11 5 11 20% 772585 351 12%
c i 387.94  0 13 48 37830  1 1265543 86549 1.5 15 10 5 11 20% 772585 350 12%
c i 387.98  0 13 48 37830  1 1265831 86701 1.5 15 10 5 11 20% 772585 349 12%
c i 388.00  0 13 48 37830  1 1265896 86716 1.5 15 10 5 11 20% 772585 347 12%
c i 388.01  0 13 48 37830  1 1265978 86733 1.5 15 10 5 11 20% 772585 340 12%
c i 388.03  0 13 48 37830  1 1266103 86767 1.5 15 10 5 11 20% 772585 339 12%
c i 388.08  0 13 48 37830  1 1266391 86900 1.5 15 10 5 11 20% 772585 337 11%
c i 388.08  0 13 48 37830  1 1266402 86903 1.5 15 10 5 11 20% 772585 335 11%
c i 388.09  0 13 48 37830  1 1266489 86930 1.5 15 10 5 11 20% 772585 330 11%
c i 388.10  0 13 48 37830  1 1266505 86933 1.5 15 10 5 11 20% 772585 328 11%
c i 388.10  0 13 48 37830  1 1266572 86951 1.5 15 10 5 11 20% 772585 324 11%
c i 388.10  0 13 48 37830  1 1266582 86953 1.5 15 10 5 11 20% 772585 298 10%
c i 388.10  0 13 48 37830  1 1266584 86954 1.5 15 10 5 11 20% 772585 291 10%
c } 388.10  0 13 48 37830  1 1266586 86954 1.5 15 10 5 11 20% 772585 284 10%
c 0 388.10  0 13 48 37830  1 1266586 86954 1.5 15 10 5 11 20% 772585 284 10%
c 
c --- [ closing proof ] ------------------------------------------------------
c 
c LRAT proof file '/Users/ivanspogreev/earth-moon/population/f034-a4-cert/split-m13/c13/round-0/F.lrat' closed
c LRAT 2130219 added clauses 36.94%
c LRAT 3637128 deleted clauses 63.06%
c LRAT 370897277 bytes (353.72 MB)
c 
c --- [ result ] -------------------------------------------------------------
c 
s UNSATISFIABLE
c 
c --- [ run-time profiling ] -------------------------------------------------
c 
c process time taken by individual solving procedures
c (percentage relative to process time for solving)
c 
c       356.12   92.10% search
c       194.31   50.25% unstable
c       139.23   36.01% stable
c        30.55    7.90% simplify
c        22.45    5.81% walk
c        18.22    4.71% vivify
c         5.58    1.44% sweep
c         3.10    0.80% elim
c         1.43    0.37% parse
c         1.12    0.29% subsume
c         1.05    0.27% probe
c         0.38    0.10% ternary
c         0.27    0.07% congruence
c         0.13    0.03% lucky
c         0.00    0.00% backbone
c   =================================
c       386.67   99.63% solve
c 
c last line shows process time for solving
c (percentage relative to total process time)
c 
c --- [ statistics ] ---------------------------------------------------------
c 
c chronological:            122655         9.68 %  of conflicts
c conflicts:               1266586      3275.62    per second
c backbone:                  78705      2672.50 %  of vars
c decisions:               1510968      3907.64    per second
c eliminated:                 1805        61.29 %  of all variables
c fixed:                       855        29.03 %  of all variables
c learned:                 1237574        97.71 %  per conflict
c learned_lits:           29921340       100.00 %  learned literals
c minimized:                     0         0.00 %  learned literals
c shrunken:                6508315        21.75 %  learned literals
c minishrunken:            1851282         6.19 %  learned literals
c otfs:                      16711         1.32 %  of conflict
c propagations:           16752585         0.04 M  per second
c reduced:                  661716        52.24 %  per conflict
c rephased:                     49     25848.69    interval
c restarts:                  37830        33.48    interval
c stabilizing:                   9        54.68 %  of conflicts
c substituted:                   1         0.03 %  of all variables
c subsumed:                 457917        20.62 %  of all clauses
c strengthened:              65573         2.95 %  of all clauses
c ticks:               28664699618      1748.94    propagation
c vivified:                   8002         0.36 %  of all clauses
c walked:                       15     84439.07    interval
c weakened:                   4354         2.55    average size
c congruence:                    9    140731.78    interval
c 
c seconds are measured in process time for solving
c 
c --- [ glue usage ] ---------------------------------------------------------
c 
c focused glue 5 used 143251 clauses 7.444% accumulated 56.72% tier1
c focused glue 6 used 118348 clauses 6.150% accumulated 62.87%
c focused glue 7-8 used 201209 clauses 10.45% accumulated 73.32%
c focused glue 9 used 93405 clauses 4.854% accumulated 78.18%
c focused glue 10 used 88804 clauses 4.615% accumulated 82.79% tier2
c 
c stable glue 6 used 154235 clauses 5.456% accumulated 53.61% tier1
c stable glue 7 used 144967 clauses 5.128% accumulated 58.74%
c stable glue 8-11 used 603067 clauses 21.33% accumulated 80.07%
c stable glue 12 used 125296 clauses 4.432% accumulated 84.50%
c stable glue 13 used 106960 clauses 3.783% accumulated 88.29% tier2
c 
c 
c --- [ resources ] ----------------------------------------------------------
c 
c total process time since initialization:       388.11    seconds
c total real time since initialization:          391.18    seconds
c maximum resident set size of process:         1286.72    MB
c 
c --- [ shutting down ] ------------------------------------------------------
c 
c exit 20

[rc=20 391.2s]
$ /Users/ivanspogreev/earth-moon/verifier/../tools/drat-trim/lrat-check /Users/ivanspogreev/earth-moon/population/f034-a4-cert/split-m13/c13/round-0/F.cnf /Users/ivanspogreev/earth-moon/population/f034-a4-cert/split-m13/c13/round-0/F.lrat
c parsed a formula with 2945 variables and 2367317 clauses
c VERIFIED
c allocated 1024 53930436 44175
c Added clauses = 4497536.  Deleted clauses = 3637128.  Max live clauses = 2367317
c verification time = 6.95 secs

[rc=0 7.0s]
