# lean_static_resolve 2026-10-02 19:07:06
# dump=/root/earth-moon/population/f034-a4-cert/cs-a4_m11c/s/n107_n128_p146_n60_p94/dump.jsonl raw=363096 dedup=363096 footer={'type': 'footer', 'verdict': 'UNSAT', 'counts': {'preseed': 7504, 'prop': 355592, 'model': 0}, 'stats': {'checks': 1657869, 'confl': 177796, 'model_rej': 0}, 'time': '2026-10-02T19:07:00+0000'}
# counters=False
$ /root/bin/cadical --lrat --no-binary --no-factor /root/earth-moon/population/f034-a4-cert/cs-a4_m11c/r/n107_n128_p146_n60_p94/round-0/F.cnf /root/earth-moon/population/f034-a4-cert/cs-a4_m11c/r/n107_n128_p146_n60_p94/round-0/F.lrat
c --- [ banner ] -------------------------------------------------------------
c 
c CaDiCaL SAT Solver
c Copyright (c) 2016-2026
c A. Biere, M. Fleury, N. Froleyks, K. Fazekas, F. Pollitt, T. Faller
c JKU Linz, University of Freiburg, TU Wien
c 
c Version 3.0.1 c60730422e758ef1cebe7aeddf2dda31c996bf04
c g++ (Ubuntu 13.3.0-6ubuntu2~24.04.1) 13.3.0 -Wall -Wextra -O3 -DNDEBUG
c Fri Oct 2 18:00:09 UTC 2026 Linux ai-math 6.8.0-139-generic x86_64
c 
c --- [ proof tracing ] ------------------------------------------------------
c 
c opening file to write '/root/earth-moon/population/f034-a4-cert/cs-a4_m11c/r/n107_n128_p146_n60_p94/round-0/F.lrat'
c writing non-binary proof trace to '/root/earth-moon/population/f034-a4-cert/cs-a4_m11c/r/n107_n128_p146_n60_p94/round-0/F.lrat'
c 
c --- [ parsing input ] ------------------------------------------------------
c 
c reading DIMACS file from '/root/earth-moon/population/f034-a4-cert/cs-a4_m11c/r/n107_n128_p146_n60_p94/round-0/F.cnf'
c opening file to read '/root/earth-moon/population/f034-a4-cert/cs-a4_m11c/r/n107_n128_p146_n60_p94/round-0/F.cnf'
c found 'p cnf 3100 371918' header
c parsed 371918 clauses in 0.22 seconds process time
c 
c --- [ options ] ------------------------------------------------------------
c 
c   --binary=false                 (different from default 'true')
c   --lrat=true                    (different from default 'false')
c 
c --- [ solving ] ------------------------------------------------------------
c 
c time measured in process time since initialization
c 
c  seconds  reduction conflicts       size tier2       variables
c         MB    restarts   redundant    glue  trail         remaining
c          level     rate       size/glu tier1  irredundant
c 
c *  0.22 40  0 0   0  0    0    0 0.0 0 0 2 6  0% 282026 3056 99%
c )  0.27 61  0 0   0  0    0    0 0.0 0 0 2 6  0% 282026 3056 99%
c {  0.27 62  0 0   0  0    0    0 0.0 0 0 2 6  0% 282026 3056 99%
c i  0.28 62 367 0   0 18  104   35 1.5 13 9 2 6 24% 281965 3055 99%
c i  0.30 62 297 0   7 20  143   55 1.3 14 10 2 6 21% 281959 3054 99%
c i  0.30 62 284 0   7 19  151   59 1.3 13 10 2 6 21% 281959 3052 98%
c i  0.30 62 280 0   7 18  153   60 1.3 13 10 2 6 20% 281959 3051 98%
c i  0.30 62 278 0   7 18  154   60 1.3 12 9 2 6 20% 281959 3050 98%
c i  0.30 62 274 0   7 18  157   61 1.3 12 9 2 6 20% 281958 3049 98%
c i  0.30 62 269 0   7 18  161   61 1.3 12 9 2 6 20% 281956 3048 98%
c i  0.30 62 264 0   7 18  164   63 1.3 12 9 2 6 19% 281956 3047 98%
c i  0.30 62 257 0   7 17  169   64 1.3 11 8 2 6 19% 281955 3045 98%
c i  0.31 63 201 0  11 14  224   92 1.3 13 10 2 6 17% 281940 3044 98%
c i  0.31 63 200 0  11 14  225   92 1.3 13 10 2 6 17% 281940 3043 98%
c i  0.31 63 195 0  11 13  231   92 1.3 12 9 2 6 16% 281938 3036 98%
c i  0.31 63 188 0  11 13  239   96 1.3 12 9 2 6 16% 281936 3034 98%
c i  0.31 63 187 0  11 13  240   96 1.3 12 9 2 6 16% 281936 3033 98%
c -  0.34 64 152 1  11 11  301   70 1.4 11 8 2 6 16% 281892 3033 98%
c i  0.39 66 66 1  24  5  770  261 1.4 11 8 2 6 11% 281844 3032 98%
c i  0.40 67 65 1  30  5  791  272 1.4 11 8 2 6 11% 281836 3031 98%
c 
c  seconds  reduction conflicts       size  tier2       variables
c         MB    restarts   redundant     glue  trail         remaining
c          level     rate       size/glue tier1  irredundant
c 
c -  0.48 88 58 2  63  5  928  202 1.3 12 9 2 6 11% 281811 3031 98%
c }  0.49 88 54 2  81  5 1001  245 1.3 12 9 2 6 11% 281808 3031 98%
c [  0.49 88  0 2  81  0 1001  245 0.0 0 0 2 6  0% 281808 3031 98%
c O  0.49 88  5 2  81  6 1002  246 1.3 4 3 2 6 22% 281808 3031 98%
c i  0.50 88  5 2  81  1 1107  300 1.6 6 4 2 6 17% 281799 3022 97%
c -  0.66 87 21 3  81  1 2032  344 1.9 21 11 2 6 21% 272447 3022 97%
c ]  0.67 87 21 3  81  1 2051  362 1.9 21 11 2 6 21% 272447 3022 97%
c {  0.67 87 54 3  81  5 2051  362 1.3 12 9 2 6 11% 272447 3022 97%
c i  0.67 87 53 3  87  5 2073  377 1.3 12 9 2 6 11% 272447 3021 97%
c i  0.84 88 39 3 248  5 2948 1007 1.4 16 11 2 6 12% 272348 3020 97%
c i  0.84 88 39 3 248  5 2949 1007 1.4 16 11 2 6 12% 272348 3012 97%
c i  0.84 88 39 3 248  5 2953 1008 1.4 16 11 2 6 12% 272346 3011 97%
c i  0.84 88 39 3 249  5 2954 1008 1.4 16 11 2 6 12% 272346 3010 97%
c 2  0.85 88 39 3 250  5 2972 1015 1.4 16 11 2 6 12% 272338 2997 97%
c d  0.86 88 39 3 250  5 2972 1011 1.4 16 11 2 6 12% 272297 2996 97%
c p  0.86 88 39 3 250  5 2972 1037 1.4 16 11 2 6 12% 272297 2996 97%
c t  0.95 90 39 3 250  5 2972 1032 1.4 16 11 2 6 12% 272294 2976 96%
c O  0.96 90 39 3 252  5 3003 1059 1.4 16 11 2 6 12% 272294 2976 96%
c -  1.12 72 34 4 327  4 3650  614 1.5 18 12 2 6 13% 272257 2976 96%
c i  1.17 72 34 4 350  4 3745  686 1.5 18 12 2 6 14% 272244 2975 96%
c 
c  seconds  reduction conflicts       size   tier2       variables
c         MB    restarts   redundant     glue   trail         remaining
c          level     rate       size/glue  tier1  irredundant
c 
c i  1.25 72 32 4 418  4 4138  975 1.5 18 12 2 6 14% 272229 2974 96%
c }  1.39 72 30 4 601  4 4923 1610 1.5 19 13 2 6 15% 272222 2974 96%
c [  1.39 72 21 4 601  1 4923 1610 1.9 21 11 2 6 21% 272222 2974 96%
c 2  1.46 72 22 4 602  1 5474 2045 1.6 23 14 7 16 20% 272221 2965 96%
c t  1.47 72 22 4 602  1 5474 2042 1.6 23 14 7 16 20% 272221 2965 96%
c -  1.55 91 22 5 602  1 5818  858 1.6 24 15 8 18 20% 272199 2965 96%
c I  1.58 91 22 5 602  1 6005  990 1.6 24 15 8 18 20% 272199 2965 96%
c i  1.71 91 15 5 603  1 8033 1780 1.5 17 11 7 17 18% 272197 2964 96%
c 2  1.73 91 15 5 603  1 8079 1821 1.5 17 11 7 17 18% 272197 2820 91%
c -  1.88 91 16 6 604  1 8553  686 1.5 18 11 7 17 18% 238029 2820 91%
c B  2.02 91 17 6 605  1 10009 1850 1.6 20 13 6 15 18% 238029 2820 91%
c ]  2.08 91 17 6 606  1 10518 2272 1.6 20 13 6 15 18% 238029 2820 91%
c {  2.08 91 30 6 606  4 10518 2272 1.5 19 13 2 6 15% 238029 2820 91%
c 2  2.14 91 30 6 649  4 10776 2472 1.5 19 13 2 6 15% 238028 2814 91%
c d  2.15 91 30 6 649  4 10776 2472 1.5 19 13 2 6 15% 238014 2813 91%
c k  2.16 91 30 6 649  4 10776 2472 1.5 19 13 2 6 15% 238014 2807 91%
c 2  2.16 91 30 6 649  4 10776 2471 1.5 19 13 2 6 15% 238014 2807 91%
c -  2.39 91 29 7 870  4 11735 1198 1.4 20 14 2 6 15% 237993 2807 91%
c s  2.53 91 26 7 872  3 13058 2175 1.5 21 14 2 6 16% 237965 2807 91%
c t  2.54 91 26 7 872  3 13058 2174 1.5 21 14 2 6 16% 237946 2807 91%
c 
c  seconds  reductions conflicts       size   tier2       variables
c         MB    restarts    redundant     glue   trail        remaining
c          level     rate        size/glue  tier1  irredundant
c 
c e  2.57 91 26 7 872  3 13058 1973 1.5 21 14 2 6 16% 233454 367 12%
c s  2.58 91 26 7 872  3 13058 1972 1.5 21 14 2 6 16% 233442 367 12%
c u  2.74 91 26 7 947  3 13560 2307 1.5 21 14 4 15 25% 233442 367 12%
c v  2.75 91 26 7 947  3 13560 2304 1.5 21 14 4 15 25% 233442 367 12%
c w  2.75 91 26 7 947  3 13560 2303 1.5 21 14 4 15 25% 233442 367 12%
c x  2.77 91 26 7 947  3 13560 2303 1.5 21 14 4 15 25% 233441 367 12%
c #  2.90 91 24 7 963  3 15011 3389 1.5 21 14 4 15 25% 233441 367 12%
c -  2.96 91 24 8 963  3 15464 3200 1.6 21 14 4 15 25% 233441 367 12%
c -  3.46 106 22 9 1086  2 19716 5618 1.6 22 13 4 15 25% 233462 367 12%
c B  3.64 106 21 9 1108  2 21013 6554 1.6 22 13 4 15 25% 233462 367 12%
c }  3.69 106 21 9 1133  2 21188 6684 1.6 22 13 4 15 25% 233462 367 12%
c [  3.69 106 17 9 1133  1 21188 6684 1.6 20 13 6 15 153% 233462 367 12%
c -  3.99 124 17 10 1134  1 24519 7092 1.5 20 13 5 16 106% 233462 367 12%
c W  4.40 124 18 10 1135  1 28016 9555 1.5 20 13 5 16 83% 233462 367 12%
c -  4.56 124 18 11 1137  1 29876 7566 1.5 20 14 5 16 75% 233462 367 12%
c u  4.60 124 18 11 1137  1 29876 7553 1.5 20 14 5 16 75% 233462 367 12%
c v  4.61 124 18 11 1137  1 29876 7553 1.5 20 14 5 16 75% 233462 367 12%
c w  4.62 124 18 11 1137  1 29876 7553 1.5 20 14 5 16 75% 233462 367 12%
c x  4.64 124 18 11 1137  1 29876 7553 1.5 20 14 5 16 75% 233458 367 12%
c ]  5.13 124 18 11 1141  1 35627 11683 1.5 21 14 5 16 60% 233458 367 12%
c 
c  seconds   reductions   conflicts        size   tier2        variables
c          MB     restarts      redundant     glue    trail        remaining
c           level       rate         size/glue  tier1   irredundant
c 
c {  5.13 124 21 11 1141  2 35627 11683 1.6 22 13 4 15 25% 233458 367 12%
c -  5.17 124 21 12 1141  2 35788 7552 1.6 22 13 4 15 25% 233458 367 12%
c p  5.17 124 21 12 1141  2 35788 7560 1.6 22 13 4 15 25% 233458 367 12%
c W  5.38 124 21 12 1166  2 36019 7739 1.6 22 13 4 15 25% 233458 367 12%
c -  5.93 124 19 13 1292  2 42258 8823 1.6 20 13 6 14 22% 233458 367 12%
c p  5.94 124 19 13 1292  2 42258 8824 1.6 20 13 6 14 22% 233458 367 12%
c F  6.30 124 19 13 1530  2 45022 10689 1.6 20 13 6 14 22% 233458 367 12%
c -  6.69 124 18 14 1708  2 49289 10688 1.6 20 12 6 14 23% 233458 367 12%
c p  6.70 124 18 14 1708  2 49289 10689 1.6 20 12 6 14 23% 233458 367 12%
c u  6.74 124 18 14 1708  2 49289 10669 1.6 20 12 6 14 23% 233458 367 12%
c v  6.75 124 18 14 1708  2 49289 10668 1.6 20 12 6 14 23% 233458 367 12%
c w  6.76 124 18 14 1708  2 49289 10665 1.6 20 12 6 14 23% 233458 367 12%
c x  6.77 124 18 14 1708  2 49289 10665 1.6 20 12 6 14 23% 233458 367 12%
c s  6.91 124 18 14 1793  2 50314 11370 1.6 20 12 6 14 23% 233434 367 12%
c s  6.96 124 18 14 1793  2 50314 11364 1.6 20 12 6 14 23% 233395 367 12%
c B  7.49 124 18 14 2225  2 55023 14701 1.6 20 13 6 14 23% 233395 367 12%
c }  7.75 124 18 14 2469  2 56643 15872 1.6 20 13 6 14 23% 233395 367 12%
c [  7.75 124 18 14 2469  1 56643 15872 1.5 21 14 5 16 60% 233395 367 12%
c -  7.79 124 18 15 2469  1 56883 11903 1.5 21 14 5 16 60% 233395 367 12%
c -  8.45 125 18 16 2470  1 65039 12058 1.5 21 14 5 16 49% 233395 367 12%
c 
c  seconds   reductions   conflicts        size   tier2        variables
c          MB     restarts      redundant     glue    trail        remaining
c           level       rate         size/glue  tier1   irredundant
c 
c p  8.46 125 18 16 2470  1 65039 12066 1.5 21 14 5 16 49% 233395 367 12%
c u  8.49 125 18 16 2470  1 65039 12033 1.5 21 14 5 16 49% 233395 367 12%
c v  8.50 125 18 16 2470  1 65039 12029 1.5 21 14 5 16 49% 233395 367 12%
c w  8.51 125 18 16 2470  1 65039 12028 1.5 21 14 5 16 49% 233395 367 12%
c x  8.52 125 18 16 2470  1 65039 12028 1.5 21 14 5 16 49% 233394 367 12%
c O  8.65 125 18 16 2470  1 66026 12674 1.5 21 14 5 16 48% 233394 367 12%
c -  9.37 125 18 17 2474  1 73760 13488 1.6 22 14 7 15 43% 233394 367 12%
c B  9.88 125 18 17 2477  1 78027 16389 1.5 22 14 7 15 40% 233394 367 12%
c ]  9.92 125 18 17 2477  1 78281 16578 1.5 22 14 7 15 40% 233394 367 12%
c {  9.92 125 18 17 2477  2 78281 16578 1.6 20 13 6 14 23% 233394 367 12%
c - 10.44 125 18 18 2846  2 83048 14340 1.6 20 13 6 14 23% 233394 367 12%
c p 10.44 125 18 18 2846  2 83048 14348 1.6 20 13 6 14 23% 233394 367 12%
c u 10.49 125 18 18 2846  2 83048 14329 1.6 20 13 6 14 23% 233394 367 12%
c v 10.50 125 18 18 2846  2 83048 14325 1.6 20 13 6 14 23% 233394 367 12%
c w 10.51 125 18 18 2846  2 83048 14325 1.6 20 13 6 14 23% 233394 367 12%
c x 10.52 125 18 18 2846  2 83048 14325 1.6 20 13 6 14 23% 233383 367 12%
c W 11.68 125 17 18 3212  2 91028 19660 1.6 20 13 6 14 23% 233383 367 12%
c - 11.91 126 17 19 3225  2 92903 15850 1.6 20 13 6 14 23% 233383 367 12%
c - 12.94 126 17 20 3698  1 103326 18262 1.6 20 13 6 14 23% 233383 367 12%
c p 12.94 126 17 20 3698  1 103326 18270 1.6 20 13 6 14 23% 233383 367 12%
c 
c  seconds   reductions   conflicts         size   tier2        variables
c          MB     restarts       redundant     glue    trail        remaining
c           level       rate          size/glue  tier1   irredundant
c 
c u 12.99 126 17 20 3698  1 103326 18225 1.6 20 13 6 14 23% 233383 367 12%
c v 13.01 126 17 20 3698  1 103326 18221 1.6 20 13 6 14 23% 233383 367 12%
c w 13.02 126 17 20 3698  1 103326 18220 1.6 20 13 6 14 23% 233383 367 12%
c x 13.04 126 17 20 3698  1 103326 18220 1.6 20 13 6 14 23% 233382 367 12%
c # 13.28 126 17 20 4020  1 105029 19488 1.6 20 13 6 14 23% 233382 367 12%
c s 13.47 126 17 20 4208  2 106193 20329 1.6 20 13 6 14 23% 233327 367 12%
c s 13.53 126 17 20 4208  2 106193 20327 1.6 20 13 6 14 23% 233302 367 12%
c } 13.90 126 17 20 4536  2 108902 22050 1.6 20 13 6 14 23% 233301 367 12%
c [ 13.90 126 18 20 4536  1 108902 22050 1.5 22 14 7 15 40% 233301 367 12%
c - 14.38 126 18 21 4539  1 114321 18585 1.5 22 14 7 15 38% 233301 367 12%
c p 14.38 126 18 21 4539  1 114321 18592 1.5 22 14 7 15 38% 233301 367 12%
c W 15.12 126 18 21 4542  1 120031 22463 1.5 22 14 7 15 36% 233301 367 12%
c - 15.53 126 17 22 4544  1 125883 18491 1.5 22 14 7 15 34% 233301 367 12%
c p 15.54 126 17 22 4544  1 125883 18492 1.5 22 14 7 15 34% 233301 367 12%
c u 15.58 126 17 22 4544  1 125883 18436 1.5 22 14 7 15 34% 233301 367 12%
c v 15.60 126 17 22 4544  1 125883 18433 1.5 22 14 7 15 34% 233301 367 12%
c w 15.61 126 17 22 4544  1 125883 18431 1.5 22 14 7 15 34% 233301 367 12%
c x 15.63 126 17 22 4544  1 125883 18431 1.5 22 14 7 15 34% 233300 367 12%
c I 16.58 126 18 22 4545  1 136032 25698 1.6 22 14 7 15 33% 233300 367 12%
c - 16.82 126 17 23 4545  1 138017 20260 1.6 22 14 7 15 32% 233300 367 12%
c 
c  seconds   reductions   conflicts         size   tier2        variables
c          MB     restarts       redundant     glue    trail        remaining
c           level       rate          size/glue  tier1   irredundant
c 
c p 16.83 126 17 23 4545  1 138017 20268 1.6 22 14 7 15 32% 233300 367 12%
c ] 17.44 126 17 23 4545  1 142079 23096 1.6 22 14 7 15 32% 233300 367 12%
c { 17.44 126 17 23 4545  2 142079 23096 1.6 20 13 6 14 23% 233300 367 12%
c - 18.32 128 17 24 5162  1 150722 21972 1.6 20 13 6 14 23% 233300 367 12%
c p 18.32 128 17 24 5162  1 150722 21980 1.6 20 13 6 14 23% 233300 367 12%
c u 18.37 128 17 24 5162  1 150722 21945 1.6 20 13 6 14 23% 233300 367 12%
c v 18.39 128 17 24 5162  1 150722 21942 1.6 20 13 6 14 23% 233300 367 12%
c w 18.41 128 17 24 5162  1 150722 21942 1.6 20 13 6 14 23% 233300 367 12%
c x 18.43 128 17 24 5162  1 150722 21942 1.6 20 13 6 14 23% 233294 367 12%
c B 18.79 128 17 24 5460  1 153033 23578 1.6 20 13 6 14 23% 233294 367 12%
c - 19.50 128 16 25 5557  1 163998 23480 1.6 19 12 6 14 22% 233294 367 12%
c p 19.51 128 16 25 5557  1 163998 23487 1.6 19 12 6 14 22% 233294 367 12%
c W 20.69 128 16 25 6274  1 171035 28122 1.5 19 12 6 14 22% 233294 367 12%
c - 21.37 128 16 26 6881  1 177846 25025 1.5 19 12 6 14 22% 233294 367 12%
c p 21.38 128 16 26 6881  1 177846 25033 1.5 19 12 6 14 22% 233294 367 12%
c u 21.44 128 16 26 6881  1 177846 24999 1.5 19 12 6 14 22% 233294 367 12%
c v 21.46 128 16 26 6881  1 177846 24997 1.5 19 12 6 14 22% 233294 367 12%
c w 21.47 128 16 26 6881  1 177846 24997 1.5 19 12 6 14 22% 233294 367 12%
c x 21.49 128 16 26 6881  1 177846 24996 1.5 19 12 6 14 22% 233290 367 12%
c s 21.85 128 16 26 7020  1 180692 26980 1.5 19 12 6 14 22% 233227 367 12%
c 
c  seconds   reductions   conflicts         size   tier2        variables
c          MB     restarts       redundant     glue    trail        remaining
c           level       rate          size/glue  tier1   irredundant
c 
c s 21.91 128 16 26 7020  1 180692 26973 1.5 19 12 6 14 22% 233170 367 12%
c } 22.72 128 16 26 7596  1 188149 31744 1.5 19 13 6 14 22% 233170 367 12%
c [ 22.72 128 17 26 7596  1 188149 31744 1.6 22 14 7 15 32% 233170 367 12%
c B 22.90 128 17 26 7596  1 190041 32983 1.6 22 14 7 15 31% 233170 367 12%
c - 23.15 129 17 27 7596  1 192266 26963 1.6 22 14 7 15 31% 233170 367 12%
c p 23.16 129 17 27 7596  1 192266 26971 1.6 22 14 7 15 31% 233170 367 12%
c u 23.19 129 17 27 7596  1 192266 26960 1.6 22 14 7 15 31% 233170 367 12%
c v 23.21 129 17 27 7596  1 192266 26960 1.6 22 14 7 15 31% 233170 367 12%
c w 23.21 129 17 27 7596  1 192266 26960 1.6 22 14 7 15 31% 233170 367 12%
c x 23.23 129 17 27 7596  1 192266 26960 1.6 22 14 7 15 31% 233165 367 12%
c - 24.66 129 17 28 7603  1 207259 27925 1.5 21 14 7 15 29% 233165 367 12%
c p 24.66 129 17 28 7603  1 207259 27933 1.5 21 14 7 15 29% 233165 367 12%
c W 25.17 129 17 28 7605  1 210042 29595 1.5 21 14 7 15 29% 233165 367 12%
c - 26.26 129 16 29 7611  1 222824 29280 1.5 21 13 7 15 27% 233165 367 12%
c p 26.27 129 16 29 7611  1 222824 29288 1.5 21 13 7 15 27% 233165 367 12%
c u 26.33 129 16 29 7611  1 222824 29250 1.5 21 13 7 15 27% 233165 367 12%
c v 26.35 129 16 29 7611  1 222824 29248 1.5 21 13 7 15 27% 233165 367 12%
c w 26.36 129 16 29 7611  1 222824 29244 1.5 21 13 7 15 27% 233165 367 12%
c x 26.39 129 16 29 7611  1 222824 29244 1.5 21 13 7 15 27% 233160 367 12%
c O 27.31 129 16 29 7614  1 231043 34927 1.6 21 13 7 15 27% 233160 367 12%
c 
c  seconds   reductions   conflicts         size   tier2        variables
c          MB     restarts       redundant     glue    trail        remaining
c           level       rate          size/glue  tier1   irredundant
c 
c ] 27.55 129 16 29 7615  1 233223 36424 1.6 21 13 7 15 27% 233160 367 12%
c { 27.55 129 16 29 7615  1 233223 36424 1.5 19 13 6 14 22% 233160 367 12%
c - 28.14 130 16 30 7939  1 238964 31563 1.6 19 13 6 14 23% 233160 367 12%
c p 28.15 130 16 30 7939  1 238964 31571 1.6 19 13 6 14 23% 233160 367 12%
c u 28.42 130 16 30 7939  1 238964 31547 1.6 19 13 6 14 23% 233160 367 12%
c v 28.44 130 16 30 7939  1 238964 31544 1.6 19 13 6 14 23% 233160 367 12%
c w 28.44 130 16 30 7939  1 238964 31541 1.6 19 13 6 14 23% 233160 367 12%
c x 28.46 130 16 30 7939  1 238964 31541 1.6 19 13 6 14 23% 233155 367 12%
c F 29.94 130 16 30 9202  1 253045 40852 1.6 20 13 6 14 23% 233155 367 12%
c - 30.32 130 16 31 9368  1 255676 33649 1.6 20 13 6 14 23% 233155 367 12%
c p 30.33 130 16 31 9368  1 255676 33657 1.6 20 13 6 14 23% 233155 367 12%
c u 30.37 130 16 31 9368  1 255676 33628 1.6 20 13 6 14 23% 233155 367 12%
c v 30.39 130 16 31 9368  1 255676 33627 1.6 20 13 6 14 23% 233155 367 12%
c w 30.39 130 16 31 9368  1 255676 33624 1.6 20 13 6 14 23% 233155 367 12%
c x 30.41 130 16 31 9368  1 255676 33624 1.6 20 13 6 14 23% 233152 367 12%
c - 32.34 130 15 32 10135  1 272964 34953 1.6 20 12 6 13 23% 233152 367 12%
c p 32.35 130 15 32 10135  1 272964 34961 1.6 20 12 6 13 23% 233152 367 12%
c u 32.39 130 15 32 10135  1 272964 34886 1.6 20 12 6 13 23% 233152 367 12%
c v 32.41 130 15 32 10135  1 272964 34884 1.6 20 12 6 13 23% 233152 367 12%
c w 32.42 130 15 32 10135  1 272964 34884 1.6 20 12 6 13 23% 233152 367 12%
c 
c  seconds   reductions    conflicts         size   tier2        variables
c          MB      restarts       redundant     glue    trail        remaining
c           level        rate          size/glue  tier1   irredundant
c 
c x 32.44 130 15 32 10135  1 272964 34884 1.6 20 12 6 13 23% 233149 367 12%
c s 32.64 130 15 32 10213  1 273808 35459 1.6 20 12 6 13 23% 233110 367 12%
c s 32.71 130 15 32 10213  1 273808 35450 1.6 20 12 6 13 23% 233074 367 12%
c B 33.02 130 15 32 10372  1 276046 36842 1.6 20 12 6 13 23% 233074 367 12%
c } 34.66 130 15 32 11625  1 289796 44976 1.6 19 12 6 13 23% 233074 367 12%
c [ 34.66 130 16 32 11625  1 289796 44976 1.6 21 13 7 15 27% 233074 367 12%
c - 34.78 132 16 33 11626  1 290826 35804 1.6 21 13 7 15 27% 233074 367 12%
c p 34.80 132 16 33 11626  1 290826 35812 1.6 21 13 7 15 27% 233074 367 12%
c u 34.85 132 16 33 11626  1 290826 35769 1.6 21 13 7 15 27% 233074 367 12%
c v 34.87 132 16 33 11626  1 290826 35765 1.6 21 13 7 15 27% 233074 367 12%
c w 34.87 132 16 33 11626  1 290826 35762 1.6 21 13 7 15 27% 233074 367 12%
c x 34.89 132 16 33 11626  1 290826 35761 1.6 21 13 7 15 27% 233073 367 12%
c B 35.83 132 16 33 11631  1 300048 41394 1.6 21 13 7 15 26% 233073 367 12%
c - 36.87 132 16 34 11635  1 309262 36925 1.6 21 13 7 15 26% 233073 367 12%
c p 36.88 132 16 34 11635  1 309262 36933 1.6 21 13 7 15 26% 233073 367 12%
c u 36.92 132 16 34 11635  1 309262 36918 1.6 21 13 7 15 26% 233073 367 12%
c v 36.94 132 16 34 11635  1 309262 36915 1.6 21 13 7 15 26% 233073 367 12%
c w 36.95 132 16 34 11635  1 309262 36914 1.6 21 13 7 15 26% 233073 367 12%
c x 36.97 132 16 34 11635  1 309262 36914 1.6 21 13 7 15 26% 233068 367 12%
c W 39.05 132 16 34 11637  1 325049 46833 1.6 21 13 7 15 26% 233068 367 12%
c 
c  seconds   reductions    conflicts         size   tier2        variables
c          MB      restarts       redundant     glue    trail        remaining
c           level        rate          size/glue  tier1   irredundant
c 
c - 39.39 132 16 35 11637  1 328272 37776 1.6 21 13 7 15 25% 233068 367 12%
c p 39.40 132 16 35 11637  1 328272 37784 1.6 21 13 7 15 25% 233068 367 12%
c u 39.45 132 16 35 11637  1 328272 37764 1.6 21 13 7 15 25% 233068 367 12%
c v 39.46 132 16 35 11637  1 328272 37757 1.6 21 13 7 15 25% 233068 367 12%
c w 39.47 132 16 35 11637  1 328272 37755 1.6 21 13 7 15 25% 233068 367 12%
c x 39.49 132 16 35 11637  1 328272 37755 1.6 21 13 7 15 25% 233065 367 12%
c ] 41.41 132 16 35 11638  1 346075 47482 1.5 21 13 6 14 25% 233065 367 12%
c { 41.41 132 15 35 11638  1 346075 47482 1.6 19 12 6 13 23% 233065 367 12%
c - 41.71 132 15 36 11857  1 347858 37859 1.6 19 13 6 13 23% 233065 367 12%
c p 41.72 132 15 36 11857  1 347858 37867 1.6 19 13 6 13 23% 233065 367 12%
c u 41.78 132 15 36 11857  1 347858 37850 1.6 19 13 6 13 23% 233065 367 12%
c v 41.80 132 15 36 11857  1 347858 37848 1.6 19 13 6 13 23% 233065 367 12%
c w 41.80 132 15 36 11857  1 347858 37847 1.6 19 13 6 13 23% 233065 367 12%
c x 41.83 132 15 36 11857  1 347858 37846 1.6 19 13 6 13 23% 233060 367 12%
c W 42.39 132 15 36 12111  1 351051 40008 1.6 20 13 6 13 23% 233060 367 12%
c - 44.67 132 16 37 13849  1 368020 40979 1.5 20 13 6 13 23% 233060 367 12%
c p 44.68 132 16 37 13849  1 368020 40987 1.5 20 13 6 13 23% 233060 367 12%
c u 44.74 132 16 37 13849  1 368020 40968 1.5 20 13 6 13 23% 233060 367 12%
c v 44.75 132 16 37 13849  1 368020 40956 1.5 20 13 6 13 23% 233060 367 12%
c w 44.76 132 16 37 13849  1 368020 40956 1.5 20 13 6 13 23% 233060 367 12%
c 
c  seconds   reductions    conflicts         size   tier2        variables
c          MB      restarts       redundant     glue    trail        remaining
c           level        rate          size/glue  tier1   irredundant
c 
c x 44.79 132 16 37 13849  1 368020 40956 1.5 20 13 6 13 23% 233057 367 12%
c # 45.91 132 16 37 14567  1 378052 47177 1.5 20 13 6 13 23% 233057 367 12%
c s 46.77 132 15 37 14706  1 385539 51861 1.6 20 13 6 13 23% 232905 367 12%
c s 46.85 132 15 37 14706  1 385539 51841 1.6 20 13 6 13 23% 232786 367 12%
c - 47.32 132 15 38 14983  1 388761 42908 1.6 20 13 6 13 23% 232786 367 12%
c p 47.33 132 15 38 14983  1 388761 42916 1.6 20 13 6 13 23% 232786 367 12%
c u 47.68 132 15 38 14983  1 388761 42908 1.6 20 13 6 13 23% 232786 367 12%
c v 47.70 132 15 38 14983  1 388761 42905 1.6 20 13 6 13 23% 232786 367 12%
c w 47.71 132 15 38 14983  1 388761 42904 1.6 20 13 6 13 23% 232786 367 12%
c x 47.73 132 15 38 14983  1 388761 42904 1.6 20 13 6 13 23% 232781 367 12%
c B 49.77 132 15 38 15263  1 406053 53011 1.6 19 12 6 12 23% 232781 367 12%
c - 50.31 92 15 39 15317  1 410068 44696 1.6 19 12 6 12 23% 232781 367 12%
c p 50.32 92 15 39 15317  1 410068 44704 1.6 19 12 6 12 23% 232781 367 12%
c u 50.40 92 15 39 15317  1 410068 44687 1.6 19 12 6 12 23% 232781 367 12%
c v 50.42 92 15 39 15317  1 410068 44683 1.6 19 12 6 12 23% 232781 367 12%
c w 50.43 92 15 39 15317  1 410068 44681 1.6 19 12 6 12 23% 232781 367 12%
c x 50.47 92 15 39 15317  1 410068 44681 1.6 19 12 6 12 23% 232775 367 12%
c } 51.43 92 15 39 15518  1 415898 48187 1.6 19 12 6 12 23% 232775 367 12%
c [ 51.43 92 16 39 15518  1 415898 48187 1.5 21 13 6 14 25% 232775 367 12%
c - 53.08 92 16 40 15518  1 431952 46366 1.6 21 13 6 14 25% 232775 367 12%
c 
c  seconds  reductions    conflicts         size   tier2        variables
c         MB      restarts       redundant     glue    trail        remaining
c          level        rate          size/glue  tier1   irredundant
c 
c p 53.09 92 16 40 15518  1 431952 46374 1.6 21 13 6 14 25% 232775 367 12%
c u 53.16 92 16 40 15518  1 431952 46362 1.6 21 13 6 14 25% 232775 367 12%
c v 53.19 92 16 40 15518  1 431952 46360 1.6 21 13 6 14 25% 232775 367 12%
c w 53.20 92 16 40 15518  1 431952 46359 1.6 21 13 6 14 25% 232775 367 12%
c x 53.22 92 16 40 15518  1 431952 46359 1.6 21 13 6 14 25% 232771 367 12%
c I 53.57 92 16 40 15518  1 435054 48220 1.6 21 13 6 14 25% 232771 367 12%
c - 55.42 92 15 41 15528  1 454410 45892 1.6 21 13 6 14 24% 232771 367 12%
c p 55.43 92 15 41 15528  1 454410 45900 1.6 21 13 6 14 24% 232771 367 12%
c u 55.49 92 15 41 15528  1 454410 45887 1.6 21 13 6 14 24% 232771 367 12%
c v 55.51 92 15 41 15528  1 454410 45871 1.6 21 13 6 14 24% 232771 367 12%
c w 55.52 92 15 41 15528  1 454410 45868 1.6 21 13 6 14 24% 232771 367 12%
c x 55.54 92 15 41 15528  1 454410 45868 1.6 21 13 6 14 24% 232763 367 12%
c B 56.54 92 16 41 15533  1 465057 52484 1.6 21 13 6 14 24% 232763 367 12%
c - 57.88 92 15 42 15538  1 477445 46927 1.6 20 13 6 14 24% 232763 367 12%
c p 57.89 92 15 42 15538  1 477445 46935 1.6 20 13 6 14 24% 232763 367 12%
c u 57.94 92 15 42 15538  1 477445 46919 1.6 20 13 6 14 24% 232763 367 12%
c v 57.96 92 15 42 15538  1 477445 46916 1.6 20 13 6 14 24% 232763 367 12%
c w 57.97 92 15 42 15538  1 477445 46914 1.6 20 13 6 14 24% 232763 367 12%
c x 58.00 92 15 42 15538  1 477445 46913 1.6 20 13 6 14 24% 232747 367 12%
c ] 59.46 92 15 42 15546  1 492116 55309 1.6 20 13 6 14 24% 232747 367 12%
c 
c  seconds  reductions    conflicts         size   tier2        variables
c         MB      restarts       redundant     glue    trail        remaining
c          level        rate          size/glue  tier1   irredundant
c 
c { 59.46 92 15 42 15546  1 492116 55309 1.6 19 12 6 12 23% 232747 367 12%
c W 60.76 92 15 42 15780  1 496059 57652 1.6 19 12 6 12 23% 232747 367 12%
c - 61.54 114 15 43 16149  1 501057 49999 1.6 19 12 6 12 23% 232747 367 12%
c p 61.55 114 15 43 16149  1 501057 50007 1.6 19 12 6 12 23% 232747 367 12%
c u 61.61 114 15 43 16149  1 501057 49980 1.6 19 12 6 12 23% 232747 367 12%
c v 61.64 114 15 43 16149  1 501057 49978 1.6 19 12 6 12 23% 232747 367 12%
c w 61.65 114 15 43 16149  1 501057 49975 1.6 19 12 6 12 23% 232747 367 12%
c x 61.68 114 15 43 16149  1 501057 49975 1.6 19 12 6 12 23% 232732 367 12%
c s 63.70 114 14 43 16671  1 515870 58646 1.6 19 12 6 12 23% 232474 367 12%
c s 63.80 114 14 43 16671  1 515870 58613 1.6 19 12 6 12 23% 232139 367 12%
c - 65.02 114 14 44 16894  1 525247 54012 1.6 19 12 6 12 23% 232139 367 12%
c p 65.03 114 14 44 16894  1 525247 54020 1.6 19 12 6 12 23% 232139 367 12%
c u 65.09 114 14 44 16894  1 525247 53989 1.6 19 12 6 12 23% 232139 367 12%
c v 65.11 114 14 44 16894  1 525247 53983 1.6 19 12 6 12 23% 232139 367 12%
c w 65.12 114 14 44 16894  1 525247 53971 1.6 19 12 6 12 23% 232139 367 12%
c x 65.16 114 14 44 16894  1 525247 53971 1.6 19 12 6 12 23% 232113 367 12%
c F 65.60 114 14 44 17093  1 528062 55532 1.6 19 12 6 12 23% 232113 367 12%
c - 68.14 114 13 45 17242  1 549991 51556 1.6 18 11 5 12 23% 232113 367 12%
c p 68.15 114 13 45 17242  1 549991 51567 1.6 18 11 5 12 23% 232113 367 12%
c u 68.22 114 13 45 17242  1 549991 51528 1.6 18 11 5 12 23% 232113 367 12%
c 
c  seconds   reductions    conflicts         size   tier2        variables
c          MB      restarts       redundant     glue    trail        remaining
c           level        rate          size/glue  tier1   irredundant
c 
c v 68.24 114 13 45 17242  1 549991 51503 1.6 18 11 5 12 23% 232113 367 12%
c w 68.26 114 13 45 17242  1 549991 51496 1.6 18 11 5 12 23% 232113 367 12%
c x 68.29 114 13 45 17242  1 549991 51491 1.6 18 11 5 12 23% 232007 367 12%
c t 68.29 114 13 45 17242  1 549991 51491 1.6 18 11 5 12 23% 231994 367 12%
c i 68.59 114 13 45 17257  1 552480 52504 1.6 18 11 5 12 23% 231994 366 12%
c B 69.44 114 13 45 17447  1 561065 56962 1.6 18 11 5 12 23% 231994 366 12%
c i 70.18 114 13 45 17479  1 567964 60058 1.6 17 11 5 12 23% 231994 365 12%
c i 70.38 114 13 45 17479  1 569589 60772 1.6 17 11 5 12 23% 231994 355 11%
c i 70.87 114 13 45 17647  1 574282 63225 1.6 17 11 5 12 23% 231994 354 11%
c i 70.87 114 13 45 17647  1 574349 63242 1.6 17 11 5 12 23% 231994 353 11%
c - 71.03 92 12 46 17647  1 575311 14937 1.6 17 11 5 12 23% 82442 353 11%
c 2 71.04 92 12 46 17647  1 575311 14930 1.6 17 11 5 12 23% 82439 353 11%
c p 71.04 92 12 46 17647  1 575311 14947 1.6 17 11 5 12 23% 82439 353 11%
c u 71.08 92 12 46 17647  1 575311 14758 1.6 17 11 5 12 23% 82433 353 11%
c v 71.10 92 12 46 17647  1 575311 14713 1.6 17 11 5 12 23% 82433 353 11%
c w 71.11 92 12 46 17647  1 575311 13795 1.6 17 11 5 12 23% 82433 353 11%
c x 71.13 92 12 46 17647  1 575311 13772 1.6 17 11 5 12 23% 80797 353 11%
c t 71.13 92 12 46 17647  1 575311 13753 1.6 17 11 5 12 23% 80725 353 11%
c i 71.16 92 12 46 17647  1 575764 13879 1.6 17 11 5 12 23% 80725 352 11%
c i 71.18 92 12 46 17647  1 576237 14071 1.6 17 11 5 12 23% 80725 351 11%
c 
c  seconds  reductions    conflicts         size   tier2       variables
c         MB      restarts       redundant     glue    trail       remaining
c          level        rate          size/glue  tier1   irredundant
c 
c i 71.18 92 12 46 17647  1 576242 14072 1.6 17 11 5 12 23% 80725 347 11%
c i 71.19 92 12 46 17647  1 576610 14247 1.6 17 11 5 12 23% 80725 346 11%
c i 71.21 92 12 46 17647  1 576867 14352 1.6 17 11 5 12 23% 80725 344 11%
c i 71.21 92 12 46 17647  1 576876 14355 1.6 17 11 5 12 23% 80725 343 11%
c i 71.21 92 12 46 17647  1 576885 14358 1.6 17 11 5 12 23% 80725 342 11%
c i 71.21 92 12 46 17647  1 576913 14362 1.6 17 11 5 12 23% 80725 340 11%
c i 71.21 92 12 46 17647  1 576955 14372 1.6 17 10 5 12 23% 80725 338 11%
c i 71.21 92 12 46 17647  1 576968 14376 1.6 17 10 5 12 23% 80725 337 11%
c i 71.21 92 12 46 17647  1 576972 14378 1.6 17 10 5 12 23% 80725 332 11%
c i 71.21 92 12 46 17647  1 576986 14384 1.6 17 10 5 12 23% 80725 329 11%
c i 71.21 92 12 46 17647  1 576990 14385 1.6 17 10 5 12 23% 80725 325 10%
c } 71.21 92 12 46 17647  1 576992 14385 1.6 17 10 5 12 23% 80725 310 10%
c 0 71.21 92 12 46 17647  1 576992 14385 1.6 17 10 5 12 23% 80725 310 10%
c 
c --- [ closing proof ] ------------------------------------------------------
c 
c LRAT proof file '/root/earth-moon/population/f034-a4-cert/cs-a4_m11c/r/n107_n128_p146_n60_p94/round-0/F.lrat' closed
c LRAT 821385 added clauses 42.81%
c LRAT 1097450 deleted clauses 57.19%
c LRAT 159037211 bytes (151.67 MB)
c 
c --- [ result ] -------------------------------------------------------------
c 
s UNSATISFIABLE
c 
c --- [ run-time profiling ] -------------------------------------------------
c 
c process time taken by individual solving procedures
c (percentage relative to process time for solving)
c 
c        65.80   92.68% search
c        38.09   53.65% unstable
c        24.78   34.91% stable
c         5.19    7.31% simplify
c         2.87    4.05% walk
c         2.73    3.85% vivify
c         0.99    1.40% sweep
c         0.43    0.61% subsume
c         0.39    0.54% elim
c         0.22    0.30% parse
c         0.20    0.29% probe
c         0.11    0.16% congruence
c         0.08    0.11% ternary
c         0.06    0.08% lucky
c         0.00    0.00% backbone
c   =================================
c        71.00   99.70% solve
c 
c last line shows process time for solving
c (percentage relative to total process time)
c 
c --- [ statistics ] ---------------------------------------------------------
c 
c chronological:             61348        10.63 %  of conflicts
c conflicts:                576992      8127.19    per second
c backbone:                 102662      3311.68 %  of vars
c decisions:                682634      9615.21    per second
c eliminated:                 2147        69.26 %  of all variables
c fixed:                       641        20.68 %  of all variables
c learned:                  567083        98.28 %  per conflict
c learned_lits:           15876333       100.00 %  learned literals
c minimized:                     0         0.00 %  learned literals
c shrunken:                3664803        23.08 %  learned literals
c minishrunken:            1202765         7.58 %  learned literals
c otfs:                       3745         0.65 %  of conflict
c propagations:            8880457         0.13 M  per second
c reduced:                  294292        51.00 %  per conflict
c rephased:                     33     17484.61    interval
c restarts:                  17647        32.70    interval
c stabilizing:                   8        43.79 %  of conflicts
c substituted:                   2         0.06 %  of all variables
c subsumed:                 217825        25.51 %  of all clauses
c strengthened:              19781         2.32 %  of all clauses
c ticks:                4652162940       533.48    propagation
c vivified:                   5482         0.64 %  of all clauses
c walked:                        9     64110.22    interval
c weakened:                   5362         2.51    average size
c congruence:                    8     72124.00    interval
c 
c seconds are measured in process time for solving
c 
c --- [ glue usage ] ---------------------------------------------------------
c 
c focused glue 5 used 83304 clauses 7.160% accumulated 52.84% tier1
c focused glue 6 used 75203 clauses 6.463% accumulated 59.31%
c focused glue 7-9 used 184840 clauses 15.88% accumulated 75.19%
c focused glue 10 used 57091 clauses 4.907% accumulated 80.10%
c focused glue 11 used 52300 clauses 4.495% accumulated 84.60% tier2
c 
c stable glue 6 used 49392 clauses 5.057% accumulated 53.15% tier1
c stable glue 7 used 41675 clauses 4.267% accumulated 57.41%
c stable glue 8-12 used 229963 clauses 23.54% accumulated 80.96%
c stable glue 13 used 42025 clauses 4.302% accumulated 85.26%
c stable glue 14 used 36670 clauses 3.754% accumulated 89.02% tier2
c 
c 
c --- [ resources ] ----------------------------------------------------------
c 
c total process time since initialization:        71.21    seconds
c total real time since initialization:           71.21    seconds
c maximum resident set size of process:          152.71    MB
c 
c --- [ shutting down ] ------------------------------------------------------
c 
c exit 20

[rc=20 71.2s]
$ /root/earth-moon/verifier/../tools/drat-trim/lrat-check /root/earth-moon/population/f034-a4-cert/cs-a4_m11c/r/n107_n128_p146_n60_p94/round-0/F.cnf /root/earth-moon/population/f034-a4-cert/cs-a4_m11c/r/n107_n128_p146_n60_p94/round-0/F.lrat
c parsed a formula with 3100 variables and 371918 clauses
c VERIFIED
c allocated 1024 8472754 46500
c Added clauses = 1193303.  Deleted clauses = 1097450.  Max live clauses = 371918
c verification time = 2.45 secs

[rc=0 2.5s]
