# lean_static_resolve 2026-09-25 18:34:26
# dump=/Users/ivanspogreev/earth-moon/population/f034-a4-cert/split-m14/dump.jsonl raw=283502 dedup=283502 footer={'type': 'footer', 'verdict': 'UNSAT', 'counts': {'preseed': 9088, 'prop': 274414, 'model': 0}, 'stats': {'checks': 1404849, 'confl': 137207, 'model_rej': 0}, 'time': '2026-09-25T18:25:27-0700'}
# counters=False
# cube=[-17, -42]
$ /opt/homebrew/bin/cadical --lrat --no-binary --no-factor /Users/ivanspogreev/earth-moon/population/f034-a4-cert/split-m14/c4/round-0/F.cnf /Users/ivanspogreev/earth-moon/population/f034-a4-cert/split-m14/c4/round-0/F.lrat
c --- [ banner ] -------------------------------------------------------------
c 
c CaDiCaL SAT Solver
c Copyright (c) 2016-2026
c A. Biere, M. Fleury, N. Froleyks, K. Fazekas, F. Pollitt, T. Faller
c JKU Linz, University of Freiburg, TU Wien
c 
c Version 3.0.1
c Apple clang version 16.0.0 (clang-1600.0.26.6) -Wall -Wextra -O3 -DNDEBUG -std=c++11 -DNCLOSEFROM
c Sun Jul 19 15:40:55 UTC 2026 Darwin Sonoma-arm64.local 23.6.0 arm64
c 
c --- [ proof tracing ] ------------------------------------------------------
c 
c opening file to write '/Users/ivanspogreev/earth-moon/population/f034-a4-cert/split-m14/c4/round-0/F.lrat'
c writing non-binary proof trace to '/Users/ivanspogreev/earth-moon/population/f034-a4-cert/split-m14/c4/round-0/F.lrat'
c 
c --- [ parsing input ] ------------------------------------------------------
c 
c reading DIMACS file from '/Users/ivanspogreev/earth-moon/population/f034-a4-cert/split-m14/c4/round-0/F.cnf'
c opening file to read '/Users/ivanspogreev/earth-moon/population/f034-a4-cert/split-m14/c4/round-0/F.cnf'
c found 'p cnf 3234 292725' header
c parsed 292725 clauses in 0.17 seconds process time
c 
c --- [ options ] ------------------------------------------------------------
c 
c   --binary=false                 (different from default 'true')
c   --lrat=true                    (different from default 'false')
c 
c --- [ solving ] ------------------------------------------------------------
c 
c time measured in process time since initialization
c 
c  seconds  reduction conflicts       size tier2       variables
c         MB    restarts   redundant    glue  trail         remaining
c          level     rate       size/glu tier1  irredundant
c 
c *  0.17  0  0 0   0  0    0    0 0.0 0 0 2 6  0% 197413 3192 99%
c )  0.19  0  0 0   0  0    0    0 0.0 1 0 2 6  4% 197413 3174 98%
c {  0.19  0  0 0   0  0    0    0 0.0 1 0 2 6  4% 197413 3174 98%
c i  0.19  0  0 0   0  0    0    0 0.0 1 0 2 6  4% 197413 3174 98%
c i  0.19  0 617 0   0 309    2    1 2.2 4 2 2 6 22% 197413 3173 98%
c -  0.24  0 134 1   5 12  302   67 1.3 14 11 2 6 13% 193068 3173 98%
c -  0.32  0 69 2  64  7  859  203 1.4 15 11 2 6 15% 192979 3173 98%
c i  0.32  0 68 2  66  7  872  211 1.4 15 11 2 6 15% 192979 3172 98%
c }  0.33  0 63 2  89  7 1001  283 1.4 15 11 2 6 14% 192952 3172 98%
c [  0.33  0  0 2  89  0 1001  283 0.0 0 0 2 6  0% 192952 3172 98%
c O  0.33  0  5 2  89  6 1002  284 3.0 3 1 2 6  9% 192952 3172 98%
c -  0.38  0 14 3  89  1 1800  371 1.4 14 10 2 6 17% 192940 3172 98%
c 2  0.42  0 12 3  90  1 2806  964 1.5 13 9 2 6 15% 192931 3157 98%
c d  0.43  0 12 3  90  1 2806  964 1.5 13 9 2 6 15% 192899 3156 98%
c =  0.47  0 12 3  90  1 2806  964 1.5 13 9 2 6 15% 192877 3133 97%
c ]  0.49  0 13 3  90  1 2997 1134 1.6 15 9 2 6 16% 192867 3133 97%
c {  0.49  0 63 3  90  7 2997 1134 1.4 15 11 2 6 14% 192867 3133 97%
c O  0.49  0 62 3  90  7 3004 1139 1.4 15 11 2 6 14% 192867 3133 97%
c i  0.49  0 62 3  90  7 3005 1139 1.4 15 11 2 6 14% 192867 3132 97%
c i  0.50  0 58 3  99  7 3121 1232 1.5 16 11 2 6 14% 192862 3131 97%
c 
c  seconds  reduction conflicts       size   tier2       variables
c         MB    restarts   redundant     glue   trail         remaining
c          level     rate       size/glue  tier1  irredundant
c 
c i  0.50  0 58 3 101  7 3132 1237 1.5 16 11 2 6 14% 192862 3116 96%
c -  0.53  0 57 4 110  6 3163  575 1.5 16 11 2 6 14% 192842 3116 96%
c -  0.62  0 30 5 118  3 4970 1018 1.6 15 9 2 6 13% 192820 3116 96%
c 2  0.64  0 28 5 118  3 5307 1264 1.7 15 9 6 9 13% 192819 3102 96%
c t  0.67  0 28 5 118  3 5307 1263 1.7 15 9 6 9 13% 192792 3102 96%
c i  0.73  0 28 5 245  3 5893 1690 1.6 16 10 6 9 13% 192710 3072 95%
c #  0.75  0 27 5 249  3 6005 1748 1.6 16 10 6 9 13% 192710 3072 95%
c i  0.79  0 27 5 308  3 6314 1984 1.6 16 10 6 10 13% 192687 3071 95%
c i  0.79  0 27 5 308  3 6315 1984 1.6 16 10 6 10 13% 192687 3064 95%
c i  0.79  0 27 5 308  3 6316 1984 1.6 16 10 6 10 13% 192687 3062 95%
c i  0.81  0 26 5 361  3 6594 2185 1.6 16 10 6 10 13% 192673 3046 94%
c -  0.88  0 25 6 416  3 7235 1964 1.6 16 10 6 10 14% 192607 3046 94%
c i  0.89  0 25 6 422  3 7265 1979 1.6 16 10 6 10 14% 192606 3003 93%
c i  0.91  0 25 6 451  3 7376 2078 1.6 16 10 6 10 14% 192605 2965 92%
c 2  0.95  0 24 6 519  3 7912 2521 1.6 17 10 6 10 14% 192604 2955 91%
c }  0.97  0 24 6 546  3 8023 2609 1.6 17 11 6 10 14% 192608 2955 91%
c [  0.97  0 13 6 546  1 8023 2609 1.6 15 9 2 6 16% 192608 2955 91%
c -  1.11  0 15 7 547  1 9966 2777 1.5 17 11 7 12 17% 192508 2955 91%
c I  1.11  0 15 7 547  1 10007 2806 1.5 17 11 7 12 17% 192508 2955 91%
c 2  1.16  0 14 7 548  1 10611 3197 1.6 17 11 7 12 17% 192507 2940 91%
c 
c  seconds  reductions conflicts       size   tier2        variables
c         MB    restarts    redundant     glue    trail         remaining
c          level     rate        size/glue  tier1   irredundant
c 
c s  1.28  0 14 7 549  1 11905 3817 1.6 17 11 7 12 17% 192222 2940 91%
c t  1.29  0 14 7 549  1 11905 3813 1.6 17 11 7 12 17% 192207 2940 91%
c e  1.31  0 14 7 549  1 11905 3422 1.6 17 11 7 12 17% 187566 503 16%
c s  1.32  0 14 7 549  1 11905 3401 1.6 17 11 7 12 17% 187431 503 16%
c i  1.41  0 14 7 550  1 12883 3938 1.6 17 11 7 12 19% 187431 500 15%
c -  1.45  0 14 8 550  1 13170 2335 1.6 17 11 7 12 20% 147003 500 15%
c u  1.49  0 14 8 550  1 13398 2510 1.6 17 11 5 12 20% 147002 500 15%
c v  1.49  0 14 8 550  1 13398 2509 1.6 17 11 5 12 20% 147002 500 15%
c w  1.50  0 14 8 550  1 13398 2509 1.6 17 11 5 12 20% 147002 500 15%
c x  1.50  0 14 8 550  1 13398 2509 1.6 17 11 5 12 20% 146999 500 15%
c t  1.50  0 14 8 550  1 13398 2509 1.6 17 11 5 12 20% 146998 500 15%
c ]  1.57  0 14 8 551  1 14638 3411 1.6 18 11 5 12 20% 146998 500 15%
c {  1.57  0 24 8 551  3 14638 3411 1.6 17 11 6 10 93% 146998 500 15%
c B  1.60  0 24 8 645  3 15008 3719 1.6 17 11 6 10 88% 146998 500 15%
c -  1.70  0 22 9 860  3 16520 3171 1.6 18 11 6 10 74% 146998 500 15%
c -  1.92  0 20 10 1256  2 20270 4221 1.6 18 12 6 10 55% 147022 500 15%
c W  2.09  0 20 10 1303  2 21010 4692 1.6 18 11 6 10 53% 147022 500 15%
c -  2.27  0 19 11 1658  2 24425 5192 1.6 19 12 5 12 45% 147022 500 15%
c F  2.48  0 18 11 1883  2 28014 7696 1.6 19 12 5 12 39% 147022 500 15%
c -  2.54  0 18 12 1935  2 28985 6560 1.6 19 12 5 12 38% 147022 500 15%
c 
c  seconds  reductions   conflicts       size   tier2        variables
c         MB     restarts     redundant     glue    trail        remaining
c          level       rate        size/glue  tier1   irredundant
c 
c u  2.56  0 18 12 1935  2 28985 6549 1.6 19 12 5 12 38% 147022 500 15%
c v  2.56  0 18 12 1935  2 28985 6549 1.6 19 12 5 12 38% 147022 500 15%
c w  2.57  0 18 12 1935  2 28985 6548 1.6 19 12 5 12 38% 147022 500 15%
c x  2.57  0 18 12 1935  2 28985 6547 1.6 19 12 5 12 38% 147019 500 15%
c }  2.64  0 18 12 2026  2 29947 7238 1.6 19 12 5 12 37% 147019 500 15%
c [  2.64  0 14 12 2026  1 29947 7238 1.6 18 11 5 12 20% 147019 500 15%
c -  2.81  0 14 13 2027  1 33954 7532 1.6 18 11 5 12 17% 147019 500 15%
c t  2.82  0 14 13 2027  1 33954 7532 1.6 18 11 5 12 17% 147018 500 15%
c B  2.94  0 14 13 2029  1 36016 9109 1.6 19 11 5 12 18% 147018 500 15%
c -  3.11  0 14 14 2031  1 39330 8559 1.7 19 11 5 11 18% 147018 500 15%
c p  3.11  0 14 14 2031  1 39330 8562 1.7 19 11 5 11 18% 147018 500 15%
c W  3.54  0 14 14 2033  1 45018 12274 1.7 19 12 5 11 18% 147018 500 15%
c -  3.56  0 14 15 2033  1 45116 9242 1.7 19 12 5 11 18% 147018 500 15%
c p  3.56  0 14 15 2033  1 45116 9249 1.7 19 12 5 11 18% 147018 500 15%
c u  3.58  0 14 15 2033  1 45116 9240 1.7 19 12 5 11 18% 147018 500 15%
c v  3.59  0 14 15 2033  1 45116 9236 1.7 19 12 5 11 18% 147018 500 15%
c w  3.59  0 14 15 2033  1 45116 9233 1.7 19 12 5 11 18% 147018 500 15%
c x  3.59  0 14 15 2033  1 45116 9232 1.7 19 12 5 11 18% 147010 500 15%
c s  3.66  0 14 15 2033  1 46073 9838 1.7 20 12 5 11 18% 146801 500 15%
c e  3.68  0 14 15 2033  1 46073 9837 1.7 20 12 5 11 18% 146796 496 15%
c 
c  seconds  reductions   conflicts       size   tier2        variables
c         MB     restarts     redundant     glue    trail        remaining
c          level       rate        size/glue  tier1   irredundant
c 
c s  3.69  0 14 15 2033  1 46073 9833 1.7 20 12 5 11 18% 146547 496 15%
c ]  3.72  0 14 15 2034  1 46327 10021 1.7 20 12 5 11 18% 146547 496 15%
c {  3.72  0 18 15 2034  2 46327 10021 1.6 19 12 5 12 37% 146547 496 15%
c -  3.99  0 17 16 2139  2 51316 10031 1.6 19 11 5 12 33% 146547 496 15%
c p  3.99  0 17 16 2139  2 51316 10034 1.6 19 11 5 12 33% 146547 496 15%
c B  4.18  0 16 16 2146  2 55019 12371 1.7 19 11 5 12 31% 146547 496 15%
c -  4.37  0 16 17 2363  2 57918 11581 1.7 19 11 5 12 30% 146547 496 15%
c p  4.38  0 16 17 2363  2 57918 11606 1.7 19 11 5 12 30% 146547 495 15%
c -  4.79  0 15 18 2658  2 64933 12527 1.7 18 11 5 12 27% 145381 495 15%
c 2  4.79  0 15 18 2658  2 64933 12527 1.7 18 11 5 12 27% 145380 495 15%
c u  4.82  0 15 18 2658  2 64933 12512 1.7 18 11 5 12 27% 145380 495 15%
c v  4.82  0 15 18 2658  2 64933 12507 1.7 18 11 5 12 27% 145380 495 15%
c w  4.83  0 15 18 2658  2 64933 12506 1.7 18 11 5 12 27% 145380 495 15%
c x  4.83  0 15 18 2658  2 64933 12506 1.7 18 11 5 12 27% 145350 495 15%
c W  4.98  0 15 18 2658  2 66020 13229 1.7 18 11 5 12 27% 145350 495 15%
c -  5.34  0 15 19 2944  1 72339 11621 1.7 18 11 4 10 26% 145350 495 15%
c p  5.34  0 15 19 2944  1 72339 11626 1.7 18 11 4 10 26% 145350 495 15%
c }  5.47  0 15 19 2950  1 73545 12352 1.7 18 11 4 10 25% 145350 495 15%
c [  5.47  0 14 19 2950  1 73545 12352 1.7 20 12 5 11 18% 145350 495 15%
c O  5.72  0 14 19 2950  1 78025 15133 1.7 19 12 5 11 18% 145350 495 15%
c 
c  seconds  reductions   conflicts        size   tier2        variables
c         MB     restarts      redundant     glue    trail        remaining
c          level       rate         size/glue  tier1   irredundant
c 
c -  5.85  0 14 20 2950  1 80155 11854 1.7 19 12 5 11 18% 145350 495 15%
c p  5.86  0 14 20 2950  1 80155 11865 1.7 19 12 5 11 18% 145350 495 15%
c u  5.87  0 14 20 2950  1 80155 11849 1.7 19 12 5 11 18% 145350 495 15%
c v  5.88  0 14 20 2950  1 80155 11837 1.7 19 12 5 11 18% 145350 495 15%
c w  5.88  0 14 20 2950  1 80155 11803 1.7 19 12 5 11 18% 145350 495 15%
c x  5.89  0 14 20 2950  1 80155 11803 1.7 19 12 5 11 18% 145333 495 15%
c -  6.37  0 14 21 2956  1 88382 12067 1.7 19 12 5 11 18% 145333 495 15%
c p  6.38  0 14 21 2956  1 88382 12087 1.7 19 12 5 11 18% 145333 495 15%
c B  6.52  0 14 21 2957  1 91027 13746 1.7 19 11 5 11 18% 145333 495 15%
c i  6.72  0 13 21 2958  1 94518 15523 1.7 19 11 5 11 18% 145333 491 15%
c i  6.75  0 13 21 2958  1 94988 15651 1.7 19 11 5 11 18% 145333 489 15%
c s  6.78  0 13 21 2959  1 95314 15824 1.7 19 11 5 11 18% 145036 489 15%
c e  6.80  0 13 21 2959  1 95314 15449 1.7 19 11 5 11 18% 98980 467 14%
c s  6.81  0 13 21 2959  1 95314 15438 1.7 19 11 5 11 18% 98777 467 14%
c -  6.94  0 13 22 2960  1 97021 6540 1.7 18 11 5 11 17% 98777 467 14%
c 2  6.94  0 13 22 2960  1 97021 6539 1.7 18 11 5 11 17% 98777 467 14%
c d  6.95  0 13 22 2960  1 97021 5871 1.7 18 11 5 11 17% 94661 465 14%
c p  6.95  0 13 22 2960  1 97021 5884 1.7 18 11 5 11 17% 94661 465 14%
c 2  6.95  0 13 22 2960  1 97021 5883 1.7 18 11 5 11 17% 94661 465 14%
c u  6.97  0 13 22 2960  1 97021 5773 1.7 18 11 5 11 17% 94659 465 14%
c 
c  seconds  reductions   conflicts       size   tier2       variables
c         MB     restarts     redundant     glue    trail       remaining
c          level       rate        size/glue  tier1   irredundant
c 
c v  6.97  0 13 22 2960  1 97021 5751 1.7 18 11 5 11 17% 94659 465 14%
c w  6.98  0 13 22 2960  1 97021 5751 1.7 18 11 5 11 17% 94659 465 14%
c x  6.98  0 13 22 2960  1 97021 5751 1.7 18 11 5 11 17% 94645 465 14%
c i  7.00  0 13 22 2960  1 97429 5857 1.7 18 11 5 11 17% 94645 464 14%
c i  7.01  0 13 22 2960  1 97655 5930 1.7 18 11 5 11 17% 94645 460 14%
c i  7.01  0 13 22 2960  1 97667 5935 1.7 18 11 5 11 17% 94645 458 14%
c i  7.01  0 13 22 2960  1 97673 5937 1.7 18 11 5 11 17% 94645 450 14%
c i  7.01  0 13 22 2960  1 97676 5938 1.7 18 11 5 11 17% 94645 446 14%
c i  7.01  0 13 22 2960  1 97678 5938 1.7 18 11 5 11 17% 94645 438 14%
c ]  7.01  0 13 22 2960  1 97683 5941 1.7 18 11 5 11 17% 94645 425 13%
c 0  7.01  0 13 22 2960  1 97683 5941 1.7 18 11 5 11 17% 94645 425 13%
c 
c --- [ closing proof ] ------------------------------------------------------
c 
c LRAT proof file '/Users/ivanspogreev/earth-moon/population/f034-a4-cert/split-m14/c4/round-0/F.lrat' closed
c LRAT 311019 added clauses 38.24%
c LRAT 502304 deleted clauses 61.76%
c LRAT 44760680 bytes (42.69 MB)
c 
c --- [ result ] -------------------------------------------------------------
c 
s UNSATISFIABLE
c 
c --- [ run-time profiling ] -------------------------------------------------
c 
c process time taken by individual solving procedures
c (percentage relative to process time for solving)
c 
c         6.14   89.76% search
c         3.04   44.38% unstable
c         2.83   41.37% stable
c         0.70   10.24% simplify
c         0.26    3.76% walk
c         0.22    3.16% sweep
c         0.19    2.81% vivify
c         0.17    2.49% parse
c         0.09    1.36% elim
c         0.06    0.93% subsume
c         0.03    0.42% congruence
c         0.02    0.34% probe
c         0.02    0.25% lucky
c         0.01    0.09% ternary
c         0.00    0.02% backbone
c   =================================
c         6.84   97.56% solve
c 
c last line shows process time for solving
c (percentage relative to total process time)
c 
c --- [ statistics ] ---------------------------------------------------------
c 
c chronological:             10125        10.37 %  of conflicts
c conflicts:                 97683     14283.26    per second
c backbone:                  77575      2398.73 %  of vars
c decisions:                127411     18630.11    per second
c eliminated:                 1960        60.61 %  of all variables
c fixed:                       846        26.16 %  of all variables
c learned:                   95798        98.07 %  per conflict
c learned_lits:            2674917       100.00 %  learned literals
c minimized:                     0         0.00 %  learned literals
c shrunken:                 629350        23.53 %  learned literals
c minishrunken:             288687        10.79 %  learned literals
c otfs:                       1289         1.32 %  of conflict
c propagations:            2001492         0.29 M  per second
c reduced:                   45768        46.85 %  per conflict
c rephased:                     13      7514.08    interval
c restarts:                   2960        33.00    interval
c stabilizing:                   4        50.16 %  of conflicts
c substituted:                   3         0.09 %  of all variables
c subsumed:                  36687        12.36 %  of all clauses
c strengthened:               8505         2.87 %  of all clauses
c ticks:                 470644305       238.43    propagation
c vivified:                    670         0.23 %  of all clauses
c walked:                        3     32561.00    interval
c weakened:                   5059         2.59    average size
c congruence:                    5     19536.60    interval
c 
c seconds are measured in process time for solving
c 
c --- [ glue usage ] ---------------------------------------------------------
c 
c focused glue 4 used 15337 clauses 7.603% accumulated 54.06% tier1
c focused glue 5 used 13727 clauses 6.805% accumulated 60.87%
c focused glue 6-8 used 33387 clauses 16.55% accumulated 77.42%
c focused glue 9 used 10088 clauses 5.001% accumulated 82.42%
c focused glue 10 used 8707 clauses 4.316% accumulated 86.74% tier2
c 
c stable glue 4 used 18531 clauses 8.068% accumulated 54.69% tier1
c stable glue 5 used 15897 clauses 6.921% accumulated 61.61%
c stable glue 6-8 used 34961 clauses 15.22% accumulated 76.83%
c stable glue 9 used 10352 clauses 4.507% accumulated 81.34%
c stable glue 10 used 8963 clauses 3.902% accumulated 85.24% tier2
c 
c 
c --- [ resources ] ----------------------------------------------------------
c 
c total process time since initialization:         7.01    seconds
c total real time since initialization:            7.07    seconds
c maximum resident set size of process:          244.94    MB
c 
c --- [ shutting down ] ------------------------------------------------------
c 
c exit 20

[rc=20 7.1s]
$ /Users/ivanspogreev/earth-moon/verifier/../tools/drat-trim/lrat-check /Users/ivanspogreev/earth-moon/population/f034-a4-cert/split-m14/c4/round-0/F.cnf /Users/ivanspogreev/earth-moon/population/f034-a4-cert/split-m14/c4/round-0/F.lrat
c parsed a formula with 3234 variables and 292725 clauses
c VERIFIED
c allocated 1024 6668637 48510
c Added clauses = 603744.  Deleted clauses = 502304.  Max live clauses = 292725
c verification time = 0.83 secs

[rc=0 0.8s]
