# A4 member 4: slack=0 e=156 n=28 mults=[05:2 06:6 14:4 15:4 23:5 24:1 25:2 34:2 36:1 46:1] generators=18 backend=boyer Fri Oct  2 19:19:12 2026 cube=[-105, 94, 136, 143]
[f034-a4-04-e156] n=28 m=156 cap=78 | 415 K5s, 3798 K3,3s, 18 sym generators, 41173 clauses, propagator check_at=9 planarity=boyer, clause dump -> /root/earth-moon/population/f034-a4-cert/cs-a4_m04c/s/n105_p94_p136_p143/dump.jsonl
    ... {'checks': 50000, 'confl': 11668, 'model_rej': 0} 3s
    ... {'checks': 100000, 'confl': 22009, 'model_rej': 0} 6s
    ... {'checks': 150000, 'confl': 31287, 'model_rej': 0} 8s
    ... {'checks': 200000, 'confl': 40916, 'model_rej': 0} 11s
    ... {'checks': 250000, 'confl': 51135, 'model_rej': 0} 14s
    ... {'checks': 300000, 'confl': 60177, 'model_rej': 0} 17s
    ... {'checks': 350000, 'confl': 68880, 'model_rej': 0} 20s
    ... {'checks': 400000, 'confl': 77007, 'model_rej': 0} 24s
    ... {'checks': 450000, 'confl': 84830, 'model_rej': 0} 28s
    ... {'checks': 500000, 'confl': 93073, 'model_rej': 0} 32s
    ... {'checks': 550000, 'confl': 101241, 'model_rej': 0} 37s
    ... {'checks': 600000, 'confl': 110100, 'model_rej': 0} 40s
    ... {'checks': 650000, 'confl': 118361, 'model_rej': 0} 44s
    ... {'checks': 700000, 'confl': 126120, 'model_rej': 0} 47s
    ... {'checks': 750000, 'confl': 133442, 'model_rej': 0} 51s
    ... {'checks': 800000, 'confl': 139994, 'model_rej': 0} 55s
    ... {'checks': 850000, 'confl': 145427, 'model_rej': 0} 59s
    ... {'checks': 900000, 'confl': 153110, 'model_rej': 0} 62s
    ... {'checks': 950000, 'confl': 159821, 'model_rej': 0} 66s
    ... {'checks': 1000000, 'confl': 166916, 'model_rej': 0} 72s
    ... {'checks': 1050000, 'confl': 173472, 'model_rej': 0} 77s
    ... {'checks': 1100000, 'confl': 180840, 'model_rej': 0} 82s
    ... {'checks': 1150000, 'confl': 187238, 'model_rej': 0} 87s
    ... {'checks': 1200000, 'confl': 193701, 'model_rej': 0} 94s
    ... {'checks': 1250000, 'confl': 201343, 'model_rej': 0} 98s
    ... {'checks': 1300000, 'confl': 206799, 'model_rej': 0} 105s
    ... {'checks': 1350000, 'confl': 212575, 'model_rej': 0} 111s
    ... {'checks': 1400000, 'confl': 218668, 'model_rej': 0} 117s
    ... {'checks': 1450000, 'confl': 224339, 'model_rej': 0} 124s
    ... {'checks': 1500000, 'confl': 229729, 'model_rej': 0} 128s
    ... {'checks': 1550000, 'confl': 235361, 'model_rej': 0} 134s
    ... {'checks': 1600000, 'confl': 240390, 'model_rej': 0} 138s
    ... {'checks': 1650000, 'confl': 245820, 'model_rej': 0} 144s
    ... {'checks': 1700000, 'confl': 251398, 'model_rej': 0} 154s
    ... {'checks': 1750000, 'confl': 257173, 'model_rej': 0} 159s
    ... {'checks': 1800000, 'confl': 261117, 'model_rej': 0} 164s
    ... {'checks': 1850000, 'confl': 265125, 'model_rej': 0} 170s
    ... {'checks': 1900000, 'confl': 269143, 'model_rej': 0} 176s
    ... {'checks': 1950000, 'confl': 274951, 'model_rej': 0} 182s
    ... {'checks': 2000000, 'confl': 279965, 'model_rej': 0} 189s
    ... {'checks': 2050000, 'confl': 285241, 'model_rej': 0} 193s
    ... {'checks': 2100000, 'confl': 290690, 'model_rej': 0} 198s
    ... {'checks': 2150000, 'confl': 295679, 'model_rej': 0} 203s
    ... {'checks': 2200000, 'confl': 300077, 'model_rej': 0} 208s
    ... {'checks': 2250000, 'confl': 304809, 'model_rej': 0} 212s
    ... {'checks': 2300000, 'confl': 308903, 'model_rej': 0} 219s
    ... {'checks': 2350000, 'confl': 312495, 'model_rej': 0} 224s
    ... {'checks': 2400000, 'confl': 316427, 'model_rej': 0} 229s
    ... {'checks': 2450000, 'confl': 320309, 'model_rej': 0} 235s
    ... {'checks': 2500000, 'confl': 323971, 'model_rej': 0} 240s
    ... {'checks': 2550000, 'confl': 327598, 'model_rej': 0} 247s
    ... {'checks': 2600000, 'confl': 331240, 'model_rej': 0} 252s
    ... {'checks': 2650000, 'confl': 335833, 'model_rej': 0} 257s
    ... {'checks': 2700000, 'confl': 340329, 'model_rej': 0} 263s
    ... {'checks': 2750000, 'confl': 344172, 'model_rej': 0} 272s
    ... {'checks': 2800000, 'confl': 348455, 'model_rej': 0} 277s
    ... {'checks': 2850000, 'confl': 352380, 'model_rej': 0} 283s
    ... {'checks': 2900000, 'confl': 356070, 'model_rej': 0} 288s
    ... {'checks': 2950000, 'confl': 358915, 'model_rej': 0} 295s
    ... {'checks': 3000000, 'confl': 362783, 'model_rej': 0} 301s
    ... {'checks': 3050000, 'confl': 366885, 'model_rej': 0} 309s
    ... {'checks': 3100000, 'confl': 370206, 'model_rej': 0} 315s
    ... {'checks': 3150000, 'confl': 373835, 'model_rej': 0} 325s
    ... {'checks': 3200000, 'confl': 377483, 'model_rej': 0} 333s
    ... {'checks': 3250000, 'confl': 381300, 'model_rej': 0} 339s
    ... {'checks': 3300000, 'confl': 384773, 'model_rej': 0} 346s
    ... {'checks': 3350000, 'confl': 387441, 'model_rej': 0} 353s
    ... {'checks': 3400000, 'confl': 391198, 'model_rej': 0} 360s
    ... {'checks': 3450000, 'confl': 394951, 'model_rej': 0} 367s
    ... {'checks': 3500000, 'confl': 398694, 'model_rej': 0} 385s
    ... {'checks': 3550000, 'confl': 401895, 'model_rej': 0} 392s
    ... {'checks': 3600000, 'confl': 406071, 'model_rej': 0} 400s
    ... {'checks': 3650000, 'confl': 409595, 'model_rej': 0} 407s
    ... {'checks': 3700000, 'confl': 412523, 'model_rej': 0} 414s
    ... {'checks': 3750000, 'confl': 416431, 'model_rej': 0} 422s
    ... {'checks': 3800000, 'confl': 419425, 'model_rej': 0} 429s
    ... {'checks': 3850000, 'confl': 422504, 'model_rej': 0} 435s
    ... {'checks': 3900000, 'confl': 425209, 'model_rej': 0} 447s
    ... {'checks': 3950000, 'confl': 428443, 'model_rej': 0} 453s
    ... {'checks': 4000000, 'confl': 431246, 'model_rej': 0} 459s
    ... {'checks': 4050000, 'confl': 433994, 'model_rej': 0} 467s
    ... {'checks': 4100000, 'confl': 436511, 'model_rej': 0} 474s
    ... {'checks': 4150000, 'confl': 438855, 'model_rej': 0} 480s
    ... {'checks': 4200000, 'confl': 441011, 'model_rej': 0} 486s
[f034-a4-04-e156] stats: {'checks': 4244493, 'confl': 442540, 'model_rej': 0}
[f034-a4-04-e156] clause dump closed: {'preseed': 8426, 'prop': 885080, 'model': 0}
[f034-a4-04-e156] UNSAT in 491.0s — NOT BIPLANAR (subject to control validation)
RESULT f034-a4-04-e156 UNSAT 491.2s
