[split] 2026-09-25 18:34:01 member 14 -> A4M14S (a4_m14s); 25.5 GB free
[split] 2026-09-25 18:34:01 replay UNSAT, identical stats {'checks': 1404849, 'confl': 137207, 'model_rej': 0}
[split] 2026-09-25 18:34:02 4 cubes on edges [16, 41]: [[17, 42], [17, -42], [-17, 42], [-17, -42]]
[split] 2026-09-25 18:34:19 cube 2/4 [17, -42]: UNSAT solve 9.4s check 0.9s LRAT 0.05 GB core 40299 py-mem 101 MB wall 16s
[split] 2026-09-25 18:34:22 cube 1/4 [17, 42]: UNSAT solve 12.0s check 1.0s LRAT 0.05 GB core 43440 py-mem 111 MB wall 19s
[split] 2026-09-25 18:34:32 cube 3/4 [-17, 42]: UNSAT solve 6.6s check 0.7s LRAT 0.04 GB core 33510 py-mem 99 MB wall 13s
[split] 2026-09-25 18:34:35 cube 4/4 [-17, -42]: UNSAT solve 7.1s check 0.8s LRAT 0.04 GB core 34462 py-mem 100 MB wall 14s
[split] 2026-09-25 18:34:35 deleted the dump (sha256 in split_metrics.json)
[split] 2026-09-25 18:39:11 modules generated, graph check OK, leaves exported (0 tautologies, lex MATCH)
[split] 2026-09-25 18:39:16 leaf2: Lean-side CaDiCaL 4s, 0.04 GB, lrat-check VERIFIED 1s
[split] 2026-09-25 18:39:18 leaf1: Lean-side CaDiCaL 6s, 0.05 GB, lrat-check VERIFIED 1s
[split] 2026-09-25 18:39:19 leaf3: Lean-side CaDiCaL 3s, 0.03 GB, lrat-check VERIFIED 0s
[split] 2026-09-25 18:39:19 cover: Lean-side CaDiCaL 0s, 0.00 GB, lrat-check VERIFIED 0s
[split] 2026-09-25 18:39:21 leaf4: Lean-side CaDiCaL 3s, 0.03 GB, lrat-check VERIFIED 0s
[split] 2026-09-25 18:39:36 leaf1: lake build OK 15s (max RSS 1.9 GB); its LRAT and CNF deleted, .olean kept until the main build
[split] 2026-09-25 18:39:44 leaf2: lake build OK 8s (max RSS 1.8 GB); its LRAT and CNF deleted, .olean kept until the main build
[split] 2026-09-25 18:39:52 leaf3: lake build OK 7s (max RSS 1.7 GB); its LRAT and CNF deleted, .olean kept until the main build
[split] 2026-09-25 18:39:59 leaf4: lake build OK 7s (max RSS 1.7 GB); its LRAT and CNF deleted, .olean kept until the main build
[split] 2026-09-25 18:40:01 CERTIFIED: Biplanar.A4M14S.not_biplanar via 4 cubes (axioms: standard + 19 native_decide)
.venv/bin/python -u verifier/a4_split_certify.py 14 --k 2 --workers 2  338.84s user 30.45s system 102% cpu 5:59.82 total
