c --- [ banner ] -------------------------------------------------------------
c 
c CaDiCaL SAT Solver
c Copyright (c) 2016-2026
c A. Biere, M. Fleury, N. Froleyks, K. Fazekas, F. Pollitt, T. Faller
c JKU Linz, University of Freiburg, TU Wien
c 
c Version 3.0.1
c Apple clang version 16.0.0 (clang-1600.0.26.6) -Wall -Wextra -O3 -DNDEBUG -std=c++11 -DNCLOSEFROM
c Sun Jul 19 15:40:55 UTC 2026 Darwin Sonoma-arm64.local 23.6.0 arm64
c 
c --- [ proof tracing ] ------------------------------------------------------
c 
c opening file to write '/Users/ivanspogreev/earth-moon/lean/data/a4_m14s/leaf4.lrat'
c writing non-binary proof trace to '/Users/ivanspogreev/earth-moon/lean/data/a4_m14s/leaf4.lrat'
c 
c --- [ parsing input ] ------------------------------------------------------
c 
c reading DIMACS file from '/Users/ivanspogreev/earth-moon/lean/data/a4_m14s/leaf4.cnf'
c opening file to read '/Users/ivanspogreev/earth-moon/lean/data/a4_m14s/leaf4.cnf'
c found 'p cnf 3234 41113' header
c parsed 41113 clauses in 0.02 seconds process time
c 
c --- [ options ] ------------------------------------------------------------
c 
c   --binary=false                 (different from default 'true')
c   --lrat=true                    (different from default 'false')
c 
c --- [ solving ] ------------------------------------------------------------
c 
c time measured in process time since initialization
c 
c  seconds  reduction conflicts       size tier2      variables
c         MB    restarts   redundant    glue  trail        remaining
c          level     rate       size/glu tier1  irredundant
c 
c *  0.02  0  0 0   0  0    0    0 0.0 0 0 2 6  0% 40993 3192 99%
c )  0.02  0  0 0   0  0    0    0 0.0 1 0 2 6  4% 40993 3174 98%
c {  0.03  0  0 0   0  0    0    0 0.0 1 0 2 6  4% 40993 3174 98%
c i  0.03  0  0 0   0  0    0    0 0.0 1 0 2 6  4% 40993 3174 98%
c i  0.03  0 617 0   0 309    2    1 1.3 5 4 2 6 22% 40993 3173 98%
c i  0.03  0 457 0   5 30  134   93 1.5 17 11 2 6 38% 40968 3172 98%
c i  0.03  0 450 0   5 29  136   93 1.5 17 11 2 6 38% 40967 3170 98%
c i  0.03  0 429 0   5 28  143   96 1.5 16 11 2 6 37% 40966 3167 98%
c i  0.03  0 337 0  10 23  184  119 1.4 17 12 2 6 31% 40952 3166 98%
c i  0.03  0 335 0  10 23  185  119 1.4 17 12 2 6 31% 40952 3165 98%
c -  0.04  0 215 1  10 15  301   92 1.5 17 11 2 6 25% 40873 3165 98%
c i  0.04  0 150 1  31 11  460  178 1.4 17 12 2 6 20% 40822 3164 98%
c -  0.05  0 103 2  32  8  734  177 1.5 17 11 2 6 18% 40767 3164 98%
c i  0.05  0 95 2  51  8  837  222 1.5 17 11 2 6 18% 40724 3163 98%
c i  0.06  0 87 2  60  7  943  306 1.5 17 11 2 6 18% 40712 3162 98%
c i  0.06  0 86 2  61  7  948  309 1.5 17 11 2 6 18% 40712 3161 98%
c }  0.06  0 83 2  73  7 1001  348 1.5 18 12 2 6 18% 40703 3161 98%
c [  0.06  0  0 2  73  0 1001  348 0.0 0 0 2 6  0% 40703 3161 98%
c O  0.06  0 11 2  73 12 1002  349 2.2 9 4 2 6 21% 40703 3161 98%
c -  0.07  0 14 3  73  1 1412  319 1.6 14 9 2 6 22% 40690 3161 98%
c 
c  seconds  reduction conflicts       size  tier2      variables
c         MB    restarts   redundant     glue  trail        remaining
c          level     rate       size/glue tier1  irredundant
c 
c 2  0.09  0 13 3  74  1 2128  807 1.6 14 9 2 6 20% 40689 3147 97%
c d  0.09  0 13 3  74  1 2128  806 1.6 14 9 2 6 20% 40659 3146 97%
c p  0.09  0 13 3  74  1 2128  806 1.6 14 9 2 6 20% 40659 3145 97%
c =  0.10  0 13 3  74  1 2128  802 1.6 14 9 2 6 20% 40631 3110 96%
c t  0.10  0 13 3  74  1 2128  801 1.6 14 9 2 6 20% 40631 3110 96%
c -  0.11  0 13 4  74  1 2351  501 1.6 14 9 2 6 19% 40629 3110 96%
c ]  0.11  0 13 4  74  1 2373  521 1.6 14 9 2 6 19% 40628 3110 96%
c {  0.11  0 83 4  74  7 2373  521 1.5 18 12 2 6 18% 40628 3110 96%
c i  0.12  0 60 4  94  5 2886  828 1.5 16 10 2 6 15% 40565 3108 96%
c i  0.12  0 59 4  94  5 2887  828 1.5 16 10 2 6 15% 40565 3069 95%
c i  0.12  0 59 4  94  5 2889  829 1.5 16 10 2 6 15% 40565 3068 95%
c i  0.12  0 59 4  94  5 2890  829 1.5 16 10 2 6 15% 40565 3065 95%
c O  0.12  0 57 4  99  5 3003  928 1.6 16 10 2 6 16% 40556 3065 95%
c -  0.14  0 49 5 131  5 3563  767 1.7 18 10 2 6 17% 40478 3065 95%
c i  0.16  0 44 5 200  4 4036 1143 1.7 18 11 2 6 17% 40460 3064 95%
c i  0.17  0 41 5 248  4 4377 1430 1.7 19 11 2 6 17% 40452 3037 94%
c i  0.17  0 40 5 251  4 4544 1513 1.7 18 10 2 6 16% 40451 3036 94%
c 2  0.17  0 39 5 251  4 4630 1577 1.7 18 10 2 6 16% 40450 3023 93%
c d  0.18  0 39 5 251  4 4630 1541 1.7 18 10 2 6 16% 40322 3012 93%
c d  0.18  0 39 5 251  4 4630 1541 1.7 18 10 2 6 16% 40319 3011 93%
c 
c  seconds  reduction conflicts       size   tier2      variables
c         MB    restarts   redundant     glue   trail        remaining
c          level     rate       size/glue  tier1  irredundant
c 
c k  0.18  0 39 5 251  4 4630 1541 1.7 18 10 2 6 16% 40319 2974 92%
c 2  0.18  0 39 5 251  4 4630 1540 1.7 18 10 2 6 16% 40318 2974 92%
c -  0.21  0 37 6 344  4 5056 1331 1.7 19 11 4 12 16% 40252 2974 92%
c i  0.22  0 36 6 395  4 5266 1501 1.7 19 11 4 12 17% 40248 2973 92%
c #  0.24  0 34 6 509  4 6006 2101 1.7 19 11 4 12 17% 40247 2973 92%
c }  0.25  0 33 6 509  4 6201 2194 1.7 19 11 4 13 17% 40247 2973 92%
c [  0.25  0 13 6 509  1 6201 2194 1.6 14 9 2 6 19% 40247 2973 92%
c -  0.27  0 14 7 509  1 6834 2103 1.7 16 10 2 6 18% 40245 2973 92%
c 2  0.28  0 15 7 510  1 7233 2410 1.7 18 11 6 11 18% 40245 2956 91%
c s  0.29  0 16 7 510  1 7366 2464 1.7 19 11 6 11 18% 40201 2956 91%
c t  0.29  0 16 7 510  1 7366 2464 1.7 19 11 6 11 18% 40196 2956 91%
c e  0.29  0 16 7 510  1 7366 2242 1.7 19 11 6 11 18% 35506 491 15%
c s  0.30  0 16 7 510  1 7366 2227 1.7 19 11 6 11 18% 35484 491 15%
c -  0.34  0 17 8 510  1 8900 2295 1.6 20 12 6 11 18% 35484 491 15%
c 2  0.36  0 17 8 511  1 9930 2941 1.6 20 13 6 14 18% 35484 491 15%
c u  0.37  0 17 8 511  1 9930 2919 1.6 20 13 6 14 18% 35484 491 15%
c v  0.38  0 17 8 511  1 9930 2919 1.6 20 13 6 14 18% 35484 491 15%
c w  0.38  0 17 8 511  1 9930 2918 1.6 20 13 6 14 18% 35484 491 15%
c x  0.38  0 17 8 511  1 9930 2917 1.6 20 13 6 14 18% 35483 491 15%
c I  0.38  0 17 8 511  1 10007 2970 1.6 20 13 6 14 18% 35483 491 15%
c 
c  seconds  reductions conflicts       size   tier2       variables
c         MB    restarts    redundant     glue    trail       remaining
c          level     rate        size/glue  tier1   irredundant
c 
c -  0.41  0 16 9 513  1 11261 2512 1.6 20 13 6 14 18% 35483 491 15%
c ]  0.42  0 16 9 513  1 11707 2790 1.6 20 12 6 14 18% 35483 491 15%
c {  0.42  0 33 9 513  4 11707 2790 1.7 19 11 4 13 109% 35483 491 15%
c -  0.47  0 26 10 546  3 13913 3255 1.7 19 11 5 11 79% 35483 491 15%
c B  0.50  0 25 10 746  3 15008 4074 1.7 19 11 5 11 71% 35483 491 15%
c -  0.55  0 23 11 872  2 16863 4105 1.7 19 11 5 11 60% 35504 491 15%
c -  0.63  0 21 12 1034  2 20109 4593 1.7 19 11 5 11 49% 35504 491 15%
c W  0.68  0 20 12 1081  2 21010 5281 1.7 19 11 5 11 47% 35504 491 15%
c u  0.69  0 20 12 1095  2 21532 5602 1.7 19 11 5 11 46% 35504 491 15%
c v  0.70  0 20 12 1095  2 21532 5598 1.7 19 11 5 11 46% 35504 491 15%
c w  0.70  0 20 12 1095  2 21532 5590 1.7 19 11 5 11 46% 35504 491 15%
c x  0.70  0 20 12 1095  2 21532 5588 1.7 19 11 5 11 46% 35498 491 15%
c }  0.74  0 19 12 1096  2 23135 6877 1.8 19 11 5 11 43% 35498 491 15%
c [  0.74  0 16 12 1096  1 23135 6877 1.6 20 12 6 14 18% 35498 491 15%
c -  0.75  0 16 13 1096  1 23655 5704 1.6 20 12 6 14 18% 35498 491 15%
c -  0.86  0 15 14 1097  1 27500 6768 1.8 20 11 6 14 18% 35498 491 15%
c B  0.88  0 15 14 1097  1 28011 7104 1.8 20 11 6 14 18% 35498 491 15%
c -  0.98  0 14 15 1100  1 31649 7321 1.8 20 11 6 14 18% 35498 491 15%
c p  0.98  0 14 15 1100  1 31649 7322 1.8 20 11 6 14 18% 35498 491 15%
c u  1.00  0 14 15 1100  1 31649 7317 1.8 20 11 6 14 18% 35498 491 15%
c 
c  seconds  reductions   conflicts       size   tier2       variables
c         MB     restarts     redundant     glue    trail       remaining
c          level       rate        size/glue  tier1   irredundant
c 
c v  1.00  0 14 15 1100  1 31649 7315 1.8 20 11 6 14 18% 35498 491 15%
c w  1.00  0 14 15 1100  1 31649 7313 1.8 20 11 6 14 18% 35498 491 15%
c x  1.00  0 14 15 1100  1 31649 7311 1.8 20 11 6 14 18% 35491 491 15%
c s  1.02  0 14 15 1100  1 32068 7587 1.8 20 11 6 14 18% 35425 491 15%
c s  1.03  0 14 15 1100  1 32068 7582 1.8 20 11 6 14 18% 35377 491 15%
c ]  1.05  0 14 15 1101  1 33039 8221 1.8 20 11 6 14 18% 35377 491 15%
c {  1.05  0 19 15 1101  2 33039 8221 1.8 19 11 5 11 43% 35377 491 15%
c F  1.14  0 19 15 1466  2 36013 10163 1.7 19 11 5 11 39% 35377 491 15%
c -  1.15  0 19 16 1466  2 36096 7586 1.7 19 11 5 11 39% 35377 491 15%
c p  1.15  0 19 16 1466  2 36096 7602 1.7 19 11 5 11 39% 35377 491 15%
c -  1.27  0 17 17 1766  2 40849 7908 1.7 19 11 5 11 34% 35377 491 15%
c p  1.27  0 17 17 1766  2 40849 7934 1.7 19 11 5 11 34% 35377 491 15%
c B  1.40  0 17 17 2197  2 45017 10884 1.7 19 11 5 11 31% 35377 491 15%
c -  1.42  0 17 18 2218  2 45902 8741 1.7 19 11 5 11 31% 35377 491 15%
c p  1.42  0 17 18 2218  2 45902 8744 1.7 19 11 5 11 31% 35377 491 15%
c u  1.43  0 17 18 2218  2 45902 8725 1.7 19 11 5 11 31% 35377 491 15%
c v  1.43  0 17 18 2218  2 45902 8722 1.7 19 11 5 11 31% 35377 491 15%
c w  1.44  0 17 18 2218  2 45902 8722 1.7 19 11 5 11 31% 35377 491 15%
c x  1.44  0 17 18 2218  2 45902 8719 1.7 19 11 5 11 31% 35363 491 15%
c }  1.54  0 17 18 2558  2 49284 11094 1.7 19 11 5 11 29% 35363 491 15%
c 
c  seconds  reductions   conflicts        size   tier2       variables
c         MB     restarts      redundant     glue    trail       remaining
c          level       rate         size/glue  tier1   irredundant
c 
c [  1.54  0 14 18 2558  1 49284 11094 1.8 20 11 6 14 18% 35363 491 15%
c -  1.60  0 14 19 2560  1 51258 9643 1.8 20 11 6 14 18% 35363 491 15%
c p  1.60  0 14 19 2560  1 51258 9674 1.8 20 11 6 14 18% 35363 491 15%
c W  1.75  0 14 19 2561  1 55018 12136 1.8 20 11 6 14 18% 35364 491 15%
c -  1.80  0 14 20 2561  1 56918 10303 1.8 20 11 6 14 18% 35364 491 15%
c p  1.80  0 14 20 2561  1 56918 10306 1.8 20 11 6 14 18% 35364 491 15%
c u  1.83  0 14 20 2561  1 56918 10280 1.8 20 11 6 14 18% 35364 491 15%
c v  1.83  0 14 20 2561  1 56918 10277 1.8 20 11 6 14 18% 35364 491 15%
c x  1.83  0 14 20 2561  1 56918 10275 1.8 20 11 6 14 18% 35360 491 15%
c -  2.01  0 14 21 2562  1 62882 10882 1.8 20 11 6 14 18% 35360 491 15%
c p  2.01  0 14 21 2562  1 62882 10911 1.8 20 11 6 14 18% 35360 491 15%
c t  2.01  0 14 21 2562  1 62882 10910 1.8 20 11 6 14 18% 35360 491 15%
c ]  2.07  0 14 21 2562  1 64812 12191 1.8 20 11 6 14 18% 35360 491 15%
c {  2.07  0 17 21 2562  2 64812 12191 1.7 19 11 5 11 29% 35360 491 15%
c W  2.11  0 16 21 2578  2 66020 12924 1.7 19 11 5 11 29% 35360 491 15%
c s  2.20  0 16 21 2964  2 69094 14835 1.7 19 11 5 11 28% 35287 491 15%
c s  2.21  0 16 21 2964  2 69094 14828 1.7 19 11 5 11 28% 35210 491 15%
c -  2.22  0 16 22 2964  2 69151 11644 1.7 19 11 5 11 27% 35210 491 15%
c p  2.22  0 16 22 2964  2 69151 11648 1.7 19 11 5 11 27% 35210 491 15%
c u  2.23  0 16 22 2964  2 69151 11586 1.7 19 11 5 11 27% 35210 491 15%
c 
c  seconds  reductions   conflicts        size   tier2       variables
c         MB     restarts      redundant     glue    trail       remaining
c          level       rate         size/glue  tier1   irredundant
c 
c v  2.23  0 16 22 2964  2 69151 11583 1.7 19 11 5 11 27% 35210 491 15%
c w  2.24  0 16 22 2964  2 69151 11559 1.7 19 11 5 11 27% 35210 491 15%
c x  2.24  0 16 22 2964  2 69151 11558 1.7 19 11 5 11 27% 35197 491 15%
c -  2.42  0 15 23 3224  2 75726 10985 1.7 19 11 4 10 26% 35197 491 15%
c p  2.42  0 15 23 3224  2 75726 11011 1.7 19 11 4 10 26% 35197 491 15%
c #  2.49  0 15 23 3512  2 78022 12615 1.7 19 11 4 10 25% 35197 491 15%
c -  2.63  0 15 24 3582  2 82607 11975 1.7 19 11 4 10 24% 35197 491 15%
c p  2.63  0 15 24 3582  2 82607 11978 1.7 19 11 4 10 24% 35197 491 15%
c u  2.64  0 15 24 3582  2 82607 11966 1.7 19 11 4 10 24% 35197 491 15%
c v  2.64  0 15 24 3582  2 82607 11965 1.7 19 11 4 10 24% 35197 491 15%
c w  2.64  0 15 24 3582  2 82607 11964 1.7 19 11 4 10 24% 35197 491 15%
c x  2.65  0 15 24 3582  2 82607 11963 1.7 19 11 4 10 24% 35189 491 15%
c }  2.83  0 14 24 3582  1 88885 15620 1.8 18 10 4 10 23% 35189 491 15%
c [  2.83  0 14 24 3582  1 88885 15620 1.8 20 11 6 14 18% 35189 491 15%
c i  2.83  0 14 24 3582  1 88927 15627 1.8 20 11 6 14 18% 35189 490 15%
c -  2.86  0 14 25 3583  1 89794 7403 1.8 20 11 6 14 18% 29691 490 15%
c 2  2.86  0 14 25 3583  1 89794 7402 1.8 20 11 6 14 18% 29691 490 15%
c p  2.87  0 14 25 3583  1 89794 7430 1.8 20 11 6 14 18% 29691 490 15%
c u  2.87  0 14 25 3583  1 89794 7404 1.8 20 11 6 14 18% 29691 490 15%
c v  2.87  0 14 25 3583  1 89794 7402 1.8 20 11 6 14 18% 29691 490 15%
c 
c  seconds  reductions   conflicts       size   tier2       variables
c         MB     restarts     redundant     glue    trail       remaining
c          level       rate        size/glue  tier1   irredundant
c 
c w  2.87  0 14 25 3583  1 89794 7402 1.8 20 11 6 14 18% 29691 490 15%
c x  2.88  0 14 25 3583  1 89794 7402 1.8 20 11 6 14 18% 29654 490 15%
c O  2.92  0 14 25 3584  1 91024 8140 1.8 20 11 6 14 18% 29654 490 15%
c i  2.97  0 13 25 3585  1 93040 9086 1.8 19 11 6 14 18% 29654 489 15%
c i  2.99  0 13 25 3585  1 93732 9393 1.8 19 11 6 14 18% 29654 487 15%
c i  3.00  0 13 25 3586  1 94168 9644 1.8 19 11 6 14 18% 29654 485 15%
c ]  3.01  0 13 25 3586  1 94487 9771 1.8 19 11 6 14 18% 29654 449 14%
c 0  3.01  0 13 25 3586  1 94487 9771 1.8 19 11 6 14 18% 29654 449 14%
c 
c --- [ closing proof ] ------------------------------------------------------
c 
c LRAT proof file '/Users/ivanspogreev/earth-moon/lean/data/a4_m14s/leaf4.lrat' closed
c LRAT 146869 added clauses 49.85%
c LRAT 147750 deleted clauses 50.15%
c LRAT 27160757 bytes (25.90 MB)
c 
c --- [ result ] -------------------------------------------------------------
c 
s UNSATISFIABLE
c 
c --- [ run-time profiling ] -------------------------------------------------
c 
c process time taken by individual solving procedures
c (percentage relative to process time for solving)
c 
c         2.73   91.57% search
c         1.58   52.80% unstable
c         1.08   36.08% stable
c         0.25    8.43% simplify
c         0.09    3.08% vivify
c         0.08    2.60% walk
c         0.06    2.09% sweep
c         0.03    1.03% subsume
c         0.02    0.75% parse
c         0.02    0.70% elim
c         0.01    0.32% congruence
c         0.01    0.26% probe
c         0.00    0.10% lucky
c         0.00    0.08% ternary
c         0.00    0.04% backbone
c   =================================
c         2.99   99.24% solve
c 
c last line shows process time for solving
c (percentage relative to total process time)
c 
c --- [ statistics ] ---------------------------------------------------------
c 
c chronological:             10474        11.09 %  of conflicts
c conflicts:                 94487     31653.49    per second
c backbone:                  77144      2385.41 %  of vars
c decisions:                125855     42161.89    per second
c eliminated:                 1967        60.82 %  of all variables
c fixed:                       805        24.89 %  of all variables
c learned:                   92655        98.06 %  per conflict
c learned_lits:            2638899       100.00 %  learned literals
c minimized:                     0         0.00 %  learned literals
c shrunken:                 615505        23.32 %  learned literals
c minishrunken:             298945        11.33 %  learned literals
c otfs:                       1230         1.30 %  of conflict
c propagations:            1905475         0.64 M  per second
c reduced:                   44543        47.14 %  per conflict
c rephased:                     13      7268.23    interval
c restarts:                   3586        26.35    interval
c stabilizing:                   5        40.04 %  of conflicts
c substituted:                  13         0.40 %  of all variables
c subsumed:                  33464        24.54 %  of all clauses
c strengthened:               6668         4.89 %  of all clauses
c ticks:                 193142762       102.65    propagation
c vivified:                    616         0.45 %  of all clauses
c walked:                        3     31495.67    interval
c weakened:                   5042         2.56    average size
c congruence:                    6     15747.83    interval
c 
c seconds are measured in process time for solving
c 
c --- [ glue usage ] ---------------------------------------------------------
c 
c focused glue 4 used 22021 clauses 8.941% accumulated 55.64% tier1
c focused glue 5 used 19045 clauses 7.733% accumulated 63.38%
c focused glue 6-8 used 40988 clauses 16.64% accumulated 80.02%
c focused glue 9 used 11147 clauses 4.526% accumulated 84.54%
c focused glue 10 used 9476 clauses 3.847% accumulated 88.39% tier2
c 
c stable glue 4 used 15812 clauses 9.040% accumulated 53.96% tier1
c stable glue 5 used 13273 clauses 7.588% accumulated 61.55%
c stable glue 6-7 used 18934 clauses 10.82% accumulated 72.38%
c stable glue 8 used 8846 clauses 5.057% accumulated 77.44%
c stable glue 9 used 7917 clauses 4.526% accumulated 81.96% tier2
c 
c 
c --- [ resources ] ----------------------------------------------------------
c 
c total process time since initialization:         3.01    seconds
c total real time since initialization:            3.05    seconds
c maximum resident set size of process:           70.33    MB
c 
c --- [ shutting down ] ------------------------------------------------------
c 
c exit 20
