# lean_static_resolve 2026-10-02 19:45:17
# dump=/root/earth-moon/population/f034-a4-cert/cs-a4_m09c/s/p101_p106_n108_n141/dump.jsonl raw=1481376 dedup=1481376 footer={'type': 'footer', 'verdict': 'UNSAT', 'counts': {'preseed': 8900, 'prop': 1472476, 'model': 0}, 'stats': {'checks': 8779763, 'confl': 736238, 'model_rej': 0}, 'time': '2026-10-02T19:44:52+0000'}
# counters=False
$ /root/bin/cadical --lrat --no-binary --no-factor /root/earth-moon/population/f034-a4-cert/cs-a4_m09c/r/p101_p106_n108_n141/round-0/F.cnf /root/earth-moon/population/f034-a4-cert/cs-a4_m09c/r/p101_p106_n108_n141/round-0/F.lrat
c --- [ banner ] -------------------------------------------------------------
c 
c CaDiCaL SAT Solver
c Copyright (c) 2016-2026
c A. Biere, M. Fleury, N. Froleyks, K. Fazekas, F. Pollitt, T. Faller
c JKU Linz, University of Freiburg, TU Wien
c 
c Version 3.0.1 c60730422e758ef1cebe7aeddf2dda31c996bf04
c g++ (Ubuntu 13.3.0-6ubuntu2~24.04.1) 13.3.0 -Wall -Wextra -O3 -DNDEBUG
c Fri Oct 2 18:00:09 UTC 2026 Linux ai-math 6.8.0-139-generic x86_64
c 
c --- [ proof tracing ] ------------------------------------------------------
c 
c opening file to write '/root/earth-moon/population/f034-a4-cert/cs-a4_m09c/r/p101_p106_n108_n141/round-0/F.lrat'
c writing non-binary proof trace to '/root/earth-moon/population/f034-a4-cert/cs-a4_m09c/r/p101_p106_n108_n141/round-0/F.lrat'
c 
c --- [ parsing input ] ------------------------------------------------------
c 
c reading DIMACS file from '/root/earth-moon/population/f034-a4-cert/cs-a4_m09c/r/p101_p106_n108_n141/round-0/F.cnf'
c opening file to read '/root/earth-moon/population/f034-a4-cert/cs-a4_m09c/r/p101_p106_n108_n141/round-0/F.cnf'
c found 'p cnf 2808 1489320' header
c parsed 1489320 clauses in 0.92 seconds process time
c 
c --- [ options ] ------------------------------------------------------------
c 
c   --binary=false                 (different from default 'true')
c   --lrat=true                    (different from default 'false')
c 
c --- [ solving ] ------------------------------------------------------------
c 
c time measured in process time since initialization
c 
c  seconds   reduction conflicts       size tier2        variables
c          MB    restarts   redundant    glue  trail          remaining
c           level     rate       size/glu tier1   irredundant
c 
c *  0.92 151  0 0   0  0    0    0 0.0 0 0 2 6  0% 1144844 2770 99%
c )  1.29 222  0 0   0  0    0    0 0.0 0 0 2 6  0% 1144844 2770 99%
c {  1.31 222  0 0   0  0    0    0 0.0 0 0 2 6  0% 1144844 2770 99%
c i  1.50 225 761 0   2 17   81   31 1.5 25 17 2 6 33% 1144800 2768 99%
c i  1.50 225 742 0   2 16   83   32 1.5 24 16 2 6 33% 1144800 2767 99%
c i  1.50 225 733 0   2 17   84   32 1.5 23 16 2 6 32% 1144800 2766 99%
c i  1.50 225 716 0   2 16   86   33 1.5 22 15 2 6 32% 1144800 2765 98%
c i  1.68 234 458 0   7 13  139   76 1.3 25 19 2 6 23% 1144796 2764 98%
c -  1.90 232 224 1   7  7  300   48 1.3 21 17 2 6 15% 1144764 2764 98%
c i  2.21 219 110 1   7  4  686  329 1.5 23 15 2 6 13% 1144724 2763 98%
c i  2.42 220 89 1  17  3  908  431 1.5 22 14 2 6 12% 1144684 2762 98%
c }  2.62 222 83 1  37  4 1002  493 1.5 21 14 2 6 12% 1144676 2762 98%
c [  2.62 222  0 1  37  0 1002  493 0.0 0 0 2 6  0% 1144676 2762 98%
c O  2.63 222  6 1  37  7 1003  494 6.0 6 1 2 6 16% 1144676 2762 98%
c -  3.08 310 10 2  37  1 1194  264 1.8 13 7 2 6 21% 1144659 2762 98%
c ]  3.71 310 23 2  38  1 2286 1030 1.7 27 16 2 6 21% 1144593 2762 98%
c {  3.71 310 83 2  38  4 2286 1030 1.5 21 14 2 6 12% 1144593 2762 98%
c i  3.77 310 80 2  48  4 2354 1060 1.5 22 15 2 6 12% 1144560 2759 98%
c i  3.77 310 80 2  49  4 2358 1061 1.5 22 15 2 6 12% 1144558 2758 98%
c i  3.83 310 71 2  55  3 2534 1179 1.5 21 14 2 6 12% 1144544 2757 98%
c 
c  seconds   reduction conflicts       size   tier2        variables
c          MB    restarts   redundant     glue   trail          remaining
c           level     rate       size/glue  tier1   irredundant
c 
c -  4.09 311 55 3  55  3 2970  536 1.4 20 14 2 6 12% 1144531 2757 98%
c O  4.11 311 54 3  55  3 3005  553 1.4 19 13 2 6 12% 1144531 2757 98%
c i  4.41 311 50 3  82  3 3288  755 1.4 20 14 2 6 13% 1144508 2756 98%
c i  4.93 312 48 3 148  3 3565  980 1.4 20 14 2 6 13% 1144487 2755 98%
c 2  5.17 312 47 3 174  3 3670 1059 1.4 21 15 2 6 13% 1144478 2745 98%
c d  5.23 312 47 3 174  3 3670 1059 1.4 21 15 2 6 13% 1144453 2744 98%
c p  5.24 312 47 3 174  3 3670 1059 1.4 21 15 2 6 13% 1144453 2743 98%
c =  5.76 331 47 3 174  3 3670 1059 1.4 21 15 2 6 13% 1144381 2671 95%
c t  5.77 331 47 3 174  3 3670 1058 1.4 21 15 2 6 13% 1144381 2671 95%
c i  5.90 331 47 3 182  4 3708 1088 1.4 21 15 2 6 13% 1144378 2670 95%
c i  6.49 331 44 3 261  3 4123 1412 1.4 22 16 2 6 14% 1144374 2669 95%
c i  6.50 331 44 3 264  3 4140 1418 1.4 22 16 2 6 14% 1144370 2668 95%
c i  7.58 331 39 3 388  3 5328 2382 1.5 24 17 12 19 16% 1144326 2665 95%
c -  8.24 331 38 4 418  3 5774 2271 1.5 25 17 12 20 16% 1144304 2665 95%
c #  8.44 331 37 4 418  3 6006 2461 1.5 25 17 12 20 16% 1144300 2665 95%
c 2  8.58 331 36 4 418  3 6172 2603 1.5 25 16 12 20 16% 1144299 2653 94%
c t  8.89 333 36 4 418  3 6172 2602 1.5 25 16 12 20 16% 1144277 2653 94%
c i  9.32 333 36 4 452  3 6532 2907 1.5 26 17 12 20 17% 1144271 2652 94%
c }  9.38 333 36 4 472  3 6611 2966 1.5 26 17 12 20 17% 1144265 2652 94%
c [  9.38 333 23 4 472  1 6611 2966 1.7 27 16 2 6 21% 1144265 2652 94%
c 
c  seconds   reduction conflicts       size    tier2         variables
c          MB    restarts   redundant     glue     trail          remaining
c           level     rate       size/glue  tier1     irredundant
c 
c - 10.79 334 25 5 474  1 9683 4454 1.6 29 18 13 23 21% 1144244 2652 94%
c 2 10.80 334 25 5 474  1 9683 4454 1.6 29 18 13 23 21% 1144244 2634 94%
c I 11.15 334 26 5 474  1 10007 4697 1.6 30 19 13 23 21% 1144243 2634 94%
c ] 12.58 334 25 5 476  1 13662 7437 1.6 29 19 13 23 21% 1144235 2634 94%
c { 12.58 334 36 5 476  3 13662 7437 1.5 26 17 12 20 17% 1144235 2634 94%
c - 13.35 334 34 6 516  3 14748 6442 1.6 27 17 12 20 18% 1144203 2634 94%
c 2 13.35 334 34 6 516  3 14748 6442 1.6 27 17 12 20 18% 1144203 2618 93%
c B 13.97 335 33 6 551  3 15008 6651 1.6 27 17 12 20 18% 1144178 2618 93%
c i 13.97 335 33 6 551  3 15008 6651 1.6 27 17 12 20 18% 1144178 2609 93%
c i 13.97 335 33 6 551  3 15011 6651 1.6 27 17 12 20 18% 1144177 2566 91%
c i 14.54 335 32 6 593  3 15634 7104 1.6 27 17 12 20 18% 1144174 2556 91%
c i 14.56 335 32 6 594  3 15643 7108 1.6 27 17 12 20 18% 1144171 2533 90%
c s 15.68 335 30 6 623  2 17384 8187 1.6 25 16 12 20 19% 1144125 2533 90%
c t 15.71 335 30 6 623  2 17384 8184 1.6 25 16 12 20 19% 1144116 2533 90%
c e 15.97 335 30 6 623  2 17384 7916 1.6 25 16 12 20 19% 1140049 368 13%
c s 16.02 335 30 6 623  2 17384 7914 1.6 25 16 12 20 19% 1140043 368 13%
c - 18.17 321 26 7 657  2 20997 8584 1.5 24 16 12 20 24% 1078034 367 13%
c 2 18.17 321 26 7 657  2 20997 8582 1.5 24 16 12 20 24% 1078034 367 13%
c p 18.19 321 26 7 657  2 20997 8592 1.5 24 16 12 20 24% 1078034 367 13%
c u 18.45 321 26 7 657  2 20997 8542 1.5 24 16 12 20 24% 1078034 367 13%
c 
c  seconds   reductions conflicts       size    tier2         variables
c          MB    restarts    redundant     glue     trail         remaining
c           level     rate        size/glue  tier1     irredundant
c 
c v 18.63 321 26 7 657  2 20997 8527 1.5 24 16 12 20 24% 1078034 367 13%
c w 18.69 321 26 7 657  2 20997 8517 1.5 24 16 12 20 24% 1078034 367 13%
c x 18.87 321 26 7 657  2 20997 8517 1.5 24 16 12 20 24% 1078034 367 13%
c t 18.88 321 26 7 657  2 20997 8516 1.5 24 16 12 20 24% 1078034 367 13%
c W 19.63 321 26 7 657  2 21010 8528 1.5 24 16 12 20 24% 1078034 367 13%
c F 21.40 321 22 7 657  2 28012 13974 1.7 25 14 11 17 29% 1078034 367 13%
c - 22.18 321 22 8 732  2 28359 11723 1.7 25 14 11 17 29% 1078034 367 13%
c } 23.23 321 22 8 835  2 30009 12861 1.7 24 14 11 17 28% 1078050 367 13%
c [ 23.23 321 25 8 835  1 30009 12861 1.6 29 19 13 23 157% 1078050 367 13%
c B 24.83 321 21 8 838  1 36013 16656 1.5 25 17 13 23 98% 1078050 367 13%
c - 25.27 322 21 9 839  1 36917 14384 1.5 26 17 13 23 94% 1078050 367 13%
c W 29.13 322 22 9 843  1 45015 19871 1.5 26 17 13 20 69% 1078050 367 13%
c - 29.62 322 21 10 843  1 46679 16497 1.5 25 17 13 20 65% 1078050 367 13%
c p 29.65 322 21 10 843  1 46679 16508 1.5 25 17 13 20 65% 1078050 367 13%
c u 29.94 322 21 10 843  1 46679 16496 1.5 25 17 13 20 65% 1078050 367 13%
c v 30.06 322 21 10 843  1 46679 16488 1.5 25 17 13 20 65% 1078050 367 13%
c w 30.11 322 21 10 843  1 46679 16484 1.5 25 17 13 20 65% 1078050 367 13%
c x 30.28 322 21 10 843  1 46679 16484 1.5 25 17 13 20 65% 1078050 367 13%
c ] 31.57 322 21 10 844  1 50569 19251 1.5 25 17 13 20 59% 1078050 367 13%
c { 31.57 322 22 10 844  2 50569 19251 1.7 24 14 11 17 28% 1078050 367 13%
c 
c  seconds   reductions  conflicts        size    tier2         variables
c          MB     restarts     redundant     glue     trail         remaining
c           level      rate         size/glue  tier1     irredundant
c 
c B 33.50 322 21 10 914  2 55016 22449 1.7 23 14 11 17 27% 1078050 367 13%
c - 35.16 322 20 11 1014  2 57657 19912 1.7 23 14 11 17 27% 1078050 367 13%
c p 35.20 322 20 11 1014  2 57657 19915 1.7 23 14 11 17 27% 1078050 367 13%
c s 39.53 322 20 11 1768  2 63789 24114 1.6 23 14 11 17 26% 1077995 367 13%
c t 39.58 322 20 11 1768  2 63789 24114 1.6 23 14 11 17 26% 1077994 367 13%
c e 39.83 322 20 11 1768  2 63789 23845 1.6 23 14 11 17 26% 1077993 366 13%
c s 39.88 322 20 11 1768  2 63789 23844 1.6 23 14 11 17 26% 1077960 366 13%
c W 41.99 322 20 11 1916  2 66018 25490 1.6 22 14 11 17 26% 1077960 366 13%
c - 45.19 322 20 12 2148  2 69856 23879 1.6 22 14 11 17 27% 1077960 366 13%
c p 45.22 322 20 12 2148  2 69856 23891 1.6 22 14 11 17 27% 1077960 366 13%
c u 45.64 322 20 12 2148  2 69856 23856 1.6 22 14 11 17 27% 1077961 366 13%
c v 45.78 322 20 12 2148  2 69856 23849 1.6 22 14 11 17 27% 1077961 366 13%
c w 45.84 322 20 12 2148  2 69856 23845 1.6 22 14 11 17 27% 1077961 366 13%
c x 46.05 322 20 12 2148  2 69856 23845 1.6 22 14 11 17 27% 1077943 366 13%
c t 46.06 322 20 12 2148  2 69856 23845 1.6 22 14 11 17 27% 1077942 366 13%
c } 49.47 322 19 12 2458  2 75206 27571 1.6 22 14 9 15 26% 1077942 366 13%
c [ 49.47 322 21 12 2458  1 75206 27571 1.5 25 17 13 20 59% 1077942 366 13%
c O 50.50 322 21 12 2458  1 78019 29380 1.5 25 17 13 20 56% 1077942 366 13%
c - 52.55 322 20 13 2461  1 83291 22854 1.5 24 16 13 20 51% 1077942 366 13%
c p 52.61 322 20 13 2461  1 83291 22855 1.5 24 16 13 20 51% 1077942 366 13%
c 
c  seconds   reductions   conflicts        size    tier2         variables
c          MB     restarts      redundant     glue     trail         remaining
c           level       rate         size/glue  tier1     irredundant
c 
c B 55.67 322 20 13 2465  1 91020 27686 1.5 24 16 13 20 46% 1077942 366 13%
c - 57.64 322 20 14 2470  1 97958 23073 1.5 24 17 13 20 43% 1077942 366 13%
c p 57.68 322 20 14 2470  1 97958 23084 1.5 24 17 13 20 43% 1077942 366 13%
c u 58.02 322 20 14 2470  1 97958 23039 1.5 24 17 13 20 43% 1077942 366 13%
c v 58.14 322 20 14 2470  1 97958 23026 1.5 24 17 13 20 43% 1077942 366 13%
c w 58.20 322 20 14 2470  1 97958 23025 1.5 24 17 13 20 43% 1077942 366 13%
c x 58.39 322 20 14 2470  1 97958 23025 1.5 24 17 13 20 43% 1077942 366 13%
c t 58.39 322 20 14 2470  1 97958 23024 1.5 24 17 13 20 43% 1077942 366 13%
c W 61.85 322 21 14 2473  1 105021 28331 1.5 25 17 13 20 40% 1077942 366 13%
c ] 63.80 322 21 14 2473  1 109772 31588 1.5 25 17 13 20 39% 1077942 366 13%
c { 63.80 322 19 14 2473  2 109772 31588 1.6 22 14 9 15 26% 1077942 366 13%
c - 66.57 322 19 15 2715  2 113864 24174 1.6 22 14 9 15 26% 1077942 366 13%
c p 66.61 322 19 15 2715  2 113864 24175 1.6 22 14 9 15 26% 1077942 366 13%
c # 69.98 322 19 15 2923  2 120023 28237 1.6 22 14 9 15 26% 1077942 366 13%
c - 76.05 323 18 16 3268  1 131010 28643 1.6 21 13 9 15 26% 1077942 366 13%
c p 76.13 323 18 16 3268  1 131010 28655 1.6 21 13 9 15 26% 1077942 366 13%
c u 76.56 323 18 16 3268  1 131010 28626 1.6 21 13 9 15 26% 1077942 366 13%
c v 76.73 323 18 16 3268  1 131010 28618 1.6 21 13 9 15 26% 1077942 366 13%
c w 76.82 323 18 16 3268  1 131010 28615 1.6 21 13 9 15 26% 1077942 366 13%
c x 77.09 323 18 16 3268  1 131010 28615 1.6 21 13 9 15 26% 1077932 366 13%
c 
c  seconds   reductions   conflicts         size   tier2         variables
c          MB     restarts       redundant     glue    trail         remaining
c           level       rate          size/glue  tier1    irredundant
c 
c s 78.13 323 18 16 3319  1 132937 29845 1.6 21 13 9 15 26% 1077872 366 13%
c s 78.46 323 18 16 3319  1 132937 29841 1.6 21 13 9 15 26% 1077841 366 13%
c B 80.87 323 18 16 3398  1 136029 31860 1.6 21 13 9 15 26% 1077841 366 13%
c } 89.00 323 18 16 5332  2 149365 40913 1.5 21 14 9 14 26% 1077841 366 13%
c [ 89.00 323 21 16 5332  1 149365 40913 1.5 25 17 13 20 39% 1077841 366 13%
c - 89.24 323 21 17 5332  1 149400 32127 1.5 25 17 13 20 39% 1077841 366 13%
c p 89.29 323 21 17 5332  1 149400 32139 1.5 25 17 13 20 39% 1077841 366 13%
c u 89.64 323 21 17 5332  1 149400 32112 1.5 25 17 13 20 39% 1077841 366 13%
c v 89.77 323 21 17 5332  1 149400 32109 1.5 25 17 13 20 39% 1077841 366 13%
c w 89.83 323 21 17 5332  1 149400 32109 1.5 25 17 13 20 39% 1077841 366 13%
c x 89.99 323 21 17 5332  1 149400 32109 1.5 25 17 13 20 39% 1077836 366 13%
c I 91.14 323 21 17 5333  1 153030 34853 1.5 25 17 13 20 38% 1077836 366 13%
c - 95.64 323 20 18 5333  1 169040 33986 1.5 26 17 13 20 36% 1077836 366 13%
c p 95.68 323 20 18 5333  1 169040 33997 1.5 26 17 13 20 36% 1077836 366 13%
c B 97.22 323 20 18 5335  1 171036 35585 1.5 26 17 13 20 35% 1077836 366 13%
c - 101.25 323 20 19 5347  1 189930 35110 1.6 26 17 13 20 34% 1077836 366 13%
c p 101.30 323 20 19 5347  1 189930 35121 1.6 26 17 13 20 34% 1077836 366 13%
c u 101.69 323 20 19 5347  1 189930 35074 1.6 26 17 13 20 34% 1077836 366 13%
c v 101.87 323 20 19 5347  1 189930 35070 1.6 26 17 13 20 34% 1077836 366 13%
c w 101.96 323 20 19 5347  1 189930 35066 1.6 26 17 13 20 34% 1077836 366 13%
c 
c  seconds    reductions   conflicts         size    tier2         variables
c           MB     restarts       redundant     glue     trail         remaining
c            level       rate          size/glue  tier1     irredundant
c 
c x 102.32 323 20 19 5347  1 189930 35065 1.6 26 17 13 20 34% 1077826 366 13%
c t 102.33 323 20 19 5347  1 189930 35065 1.6 26 17 13 20 34% 1077825 366 13%
c W 104.06 323 20 19 5347  1 190038 35151 1.6 26 17 13 20 34% 1077825 366 13%
c ] 108.26 323 20 19 5354  1 208786 47744 1.6 25 16 11 18 32% 1077825 366 13%
c { 108.26 323 18 19 5354  2 208786 47744 1.5 21 14 9 14 26% 1077825 366 13%
c W 109.54 323 18 19 5491  2 210039 48623 1.5 21 14 9 14 26% 1077825 366 13%
c - 111.56 324 18 20 5810  2 212076 38693 1.5 21 14 9 14 26% 1077825 366 13%
c p 111.61 324 18 20 5810  2 212076 38694 1.5 21 14 9 14 26% 1077825 366 13%
c s 119.11 324 18 20 6776  2 225131 47958 1.5 21 14 9 14 25% 1077774 366 13%
c s 119.44 324 18 20 6776  2 225131 47938 1.5 21 14 9 14 25% 1077707 366 13%
c F 124.66 324 18 20 7569  2 231040 52247 1.5 21 14 9 14 26% 1077707 366 13%
c - 127.79 324 18 21 8148  2 235474 44132 1.5 21 14 9 14 25% 1077707 366 13%
c p 127.86 324 18 21 8148  2 235474 44144 1.5 21 14 9 14 25% 1077707 366 13%
c u 128.40 324 18 21 8148  2 235474 44070 1.5 21 14 9 14 25% 1077707 366 13%
c v 128.63 324 18 21 8148  2 235474 44065 1.5 21 14 9 14 25% 1077707 366 13%
c w 128.74 324 18 21 8148  2 235474 44064 1.5 21 14 9 14 25% 1077707 366 13%
c x 129.05 324 18 21 8148  2 235474 44064 1.5 21 14 9 14 25% 1077700 366 13%
c t 129.06 324 18 21 8148  2 235474 44064 1.5 21 14 9 14 25% 1077699 366 13%
c B 135.46 324 18 21 8700  1 253042 55300 1.5 21 14 9 14 25% 1077699 366 13%
c - 139.39 325 18 22 9512  1 260133 49046 1.5 21 14 9 14 25% 1077699 366 13%
c 
c  seconds    reductions   conflicts         size   tier2         variables
c           MB     restarts       redundant     glue    trail         remaining
c            level       rate          size/glue  tier1    irredundant
c 
c p 139.44 325 18 22 9512  1 260133 49058 1.5 21 14 9 14 25% 1077699 366 13%
c u 139.74 325 18 22 9512  1 260133 49039 1.5 21 14 9 14 25% 1077699 366 13%
c v 139.86 325 18 22 9512  1 260133 49034 1.5 21 14 9 14 25% 1077699 366 13%
c w 139.92 325 18 22 9512  1 260133 49034 1.5 21 14 9 14 25% 1077699 366 13%
c x 140.10 325 18 22 9512  1 260133 49034 1.5 21 14 9 14 25% 1077696 366 13%
c t 140.10 325 18 22 9512  1 260133 49034 1.5 21 14 9 14 25% 1077695 366 13%
c } 145.43 325 18 22 10224  1 267892 54262 1.5 21 14 8 15 25% 1077695 366 13%
c [ 145.43 325 20 22 10224  1 267892 54262 1.6 25 16 11 18 32% 1077695 366 13%
c O 147.58 325 19 22 10228  1 276045 59192 1.6 25 16 11 18 31% 1077695 366 13%
c - 151.00 325 19 23 10232  1 286047 48457 1.5 25 16 11 18 30% 1077695 366 13%
c p 151.07 325 19 23 10232  1 286047 48469 1.5 25 16 11 18 30% 1077695 366 13%
c u 151.48 325 19 23 10232  1 286047 48426 1.5 25 16 11 18 30% 1077695 366 13%
c v 151.63 325 19 23 10232  1 286047 48421 1.5 25 16 11 18 30% 1077695 366 13%
c w 151.70 325 19 23 10232  1 286047 48420 1.5 25 16 11 18 30% 1077695 366 13%
c x 151.88 325 19 23 10232  1 286047 48420 1.5 25 16 11 18 30% 1077695 366 13%
c t 151.89 325 19 23 10232  1 286047 48420 1.5 25 16 11 18 30% 1077694 366 13%
c B 155.32 325 20 23 10234  1 300049 57859 1.5 25 17 11 18 30% 1077694 366 13%
c - 159.36 324 20 24 10235  1 313221 45338 1.5 25 17 11 18 29% 1077694 366 13%
c p 159.41 324 20 24 10235  1 313221 45350 1.5 25 17 11 18 29% 1077694 366 13%
c u 160.86 324 20 24 10235  1 313221 45316 1.5 25 17 11 18 29% 1077694 366 13%
c 
c  seconds    reductions    conflicts         size    tier2         variables
c           MB      restarts       redundant     glue     trail         remaining
c            level        rate          size/glue  tier1     irredundant
c 
c v 160.98 324 20 24 10235  1 313221 45314 1.5 25 17 11 18 29% 1077694 366 13%
c w 161.04 324 20 24 10235  1 313221 45311 1.5 25 17 11 18 29% 1077694 366 13%
c x 161.19 324 20 24 10235  1 313221 45311 1.5 25 17 11 18 29% 1077692 366 13%
c W 166.77 324 21 24 10235  1 325050 53686 1.5 25 17 11 18 29% 1077692 366 13%
c s 170.69 324 20 24 10235  1 340370 63572 1.5 25 17 11 18 28% 1077553 366 13%
c s 171.06 324 20 24 10235  1 340370 63554 1.5 25 17 11 18 28% 1077468 366 13%
c - 171.90 324 20 25 10235  1 341660 44731 1.5 25 17 11 18 28% 1077468 366 13%
c p 171.97 324 20 25 10235  1 341660 44743 1.5 25 17 11 18 28% 1077468 366 13%
c u 172.25 324 20 25 10235  1 341660 44708 1.5 25 17 11 18 28% 1077468 366 13%
c v 172.35 324 20 25 10235  1 341660 44704 1.5 25 17 11 18 28% 1077468 366 13%
c w 172.40 324 20 25 10235  1 341660 44704 1.5 25 17 11 18 28% 1077468 366 13%
c x 172.57 324 20 25 10235  1 341660 44704 1.5 25 17 11 18 28% 1077467 366 13%
c t 172.57 324 20 25 10235  1 341660 44703 1.5 25 17 11 18 28% 1077467 366 13%
c ] 173.85 324 20 25 10238  1 347137 48181 1.5 25 17 11 18 28% 1077467 366 13%
c { 173.85 324 18 25 10238  1 347137 48181 1.5 21 14 8 15 25% 1077467 366 13%
c W 175.11 324 18 25 10238  1 351051 50249 1.5 21 14 8 15 25% 1077467 366 13%
c - 185.55 325 18 26 12388  1 371359 51590 1.5 21 14 8 15 25% 1077467 366 13%
c p 185.60 325 18 26 12388  1 371359 51602 1.5 21 14 8 15 25% 1077467 366 13%
c u 185.94 325 18 26 12388  1 371359 51581 1.5 21 14 8 15 25% 1077467 366 13%
c v 186.07 325 18 26 12388  1 371359 51574 1.5 21 14 8 15 25% 1077467 366 13%
c 
c  seconds    reductions    conflicts         size   tier2         variables
c           MB      restarts       redundant     glue    trail         remaining
c            level        rate          size/glue  tier1    irredundant
c 
c w 186.12 325 18 26 12388  1 371359 51573 1.5 21 14 8 15 25% 1077467 366 13%
c x 186.29 325 18 26 12388  1 371359 51573 1.5 21 14 8 15 25% 1077464 366 13%
c t 186.30 325 18 26 12388  1 371359 51573 1.5 21 14 8 15 25% 1077463 366 13%
c # 189.64 325 18 26 12910  1 378053 55947 1.5 21 14 8 15 25% 1077463 366 13%
c - 202.15 325 18 27 15063  1 402321 57859 1.5 21 14 8 15 25% 1077463 366 13%
c p 202.22 325 18 27 15063  1 402321 57870 1.5 21 14 8 15 25% 1077463 366 13%
c u 202.58 325 18 27 15063  1 402321 57820 1.5 21 14 8 15 25% 1077463 366 13%
c v 202.75 325 18 27 15063  1 402321 57813 1.5 21 14 8 15 25% 1077463 366 13%
c w 202.83 325 18 27 15063  1 402321 57811 1.5 21 14 8 15 25% 1077463 366 13%
c x 203.11 325 18 27 15063  1 402321 57809 1.5 21 14 8 15 25% 1077456 366 13%
c t 203.11 325 18 27 15063  1 402321 57808 1.5 21 14 8 15 25% 1077456 366 13%
c B 204.72 325 18 27 15149  1 406054 60205 1.5 21 14 8 15 25% 1077456 366 13%
c - 216.21 326 17 28 15816  1 434548 64534 1.5 20 14 8 15 25% 1077456 366 13%
c p 216.27 326 17 28 15816  1 434548 64546 1.5 20 14 8 15 25% 1077456 366 13%
c u 216.66 326 17 28 15816  1 434548 64497 1.5 20 14 8 15 25% 1077456 366 13%
c v 216.82 326 17 28 15816  1 434548 64485 1.5 20 14 8 15 25% 1077456 366 13%
c w 216.91 326 17 28 15816  1 434548 64484 1.5 20 14 8 15 25% 1077456 366 13%
c x 217.16 326 17 28 15816  1 434548 64484 1.5 20 14 8 15 25% 1077455 366 13%
c t 217.17 326 17 28 15816  1 434548 64484 1.5 20 14 8 15 25% 1077454 366 13%
c W 218.93 326 17 28 15816  1 435055 64823 1.5 20 14 8 15 25% 1077454 366 13%
c 
c  seconds    reductions    conflicts         size   tier2         variables
c           MB      restarts       redundant     glue    trail         remaining
c            level        rate          size/glue  tier1    irredundant
c 
c } 221.94 326 17 28 15974  1 441127 68694 1.5 20 14 8 15 25% 1077454 366 13%
c [ 221.94 326 20 28 15974  1 441127 68694 1.5 25 17 11 18 28% 1077454 366 13%
c I 230.11 326 19 28 15986  1 465059 84156 1.5 24 16 10 18 27% 1077454 366 13%
c - 231.60 327 19 29 15986  1 468044 70240 1.5 24 16 10 18 28% 1077454 366 13%
c p 231.68 327 19 29 15986  1 468044 70252 1.5 24 16 10 18 28% 1077454 366 13%
c u 232.03 327 19 29 15986  1 468044 70187 1.5 24 16 10 18 28% 1077454 366 13%
c v 232.18 327 19 29 15986  1 468044 70183 1.5 24 16 10 18 28% 1077454 366 13%
c w 232.25 327 19 29 15986  1 468044 70179 1.5 24 16 10 18 28% 1077454 366 13%
c x 232.47 327 19 29 15986  1 468044 70178 1.5 24 16 10 18 28% 1077448 366 13%
c t 232.48 327 19 29 15986  1 468044 70177 1.5 24 16 10 18 28% 1077448 366 13%
c s 235.66 327 19 29 15992  1 478653 77530 1.5 24 16 10 18 28% 1077341 366 13%
c s 236.08 327 19 29 15992  1 478653 77515 1.5 24 16 10 18 28% 1077274 366 13%
c B 241.65 327 19 29 16000  1 496061 88374 1.5 24 16 10 18 27% 1077274 366 13%
c - 243.85 327 19 30 16001  1 502804 70591 1.5 24 16 10 18 27% 1077274 366 13%
c p 243.90 327 19 30 16001  1 502804 70603 1.5 24 16 10 18 27% 1077274 366 13%
c u 244.35 327 19 30 16001  1 502804 70572 1.5 24 16 10 18 27% 1077274 366 13%
c v 244.53 327 19 30 16001  1 502804 70568 1.5 24 16 10 18 27% 1077274 366 13%
c w 244.59 327 19 30 16001  1 502804 70564 1.5 24 16 10 18 27% 1077274 366 13%
c x 244.83 327 19 30 16001  1 502804 70564 1.5 24 16 10 18 27% 1077270 366 13%
c t 244.83 327 19 30 16001  1 502804 70563 1.5 24 16 10 18 27% 1077270 366 13%
c 
c  seconds    reductions    conflicts         size    tier2         variables
c           MB      restarts       redundant     glue     trail         remaining
c            level        rate          size/glue  tier1     irredundant
c 
c W 254.74 327 20 30 16008  1 528063 88301 1.5 24 17 10 18 27% 1077270 366 13%
c - 257.25 326 19 31 16013  1 538834 69913 1.5 24 16 10 18 26% 1077270 366 13%
c p 257.32 326 19 31 16013  1 538834 69925 1.5 24 16 10 18 26% 1077270 366 13%
c u 259.11 336 19 31 16013  1 538834 69911 1.5 24 16 10 18 26% 1077270 366 13%
c v 259.25 336 19 31 16013  1 538834 69901 1.5 24 16 10 18 26% 1077270 366 13%
c w 259.32 336 19 31 16013  1 538834 69900 1.5 24 16 10 18 26% 1077270 366 13%
c x 259.51 336 19 31 16013  1 538834 69900 1.5 24 16 10 18 26% 1077264 366 13%
c t 259.52 336 19 31 16013  1 538834 69899 1.5 24 16 10 18 26% 1077264 366 13%
c ] 262.47 336 19 31 16017  1 548766 76212 1.5 23 16 10 18 26% 1077264 366 13%
c { 262.47 336 17 31 16017  1 548766 76212 1.5 20 14 8 15 25% 1077264 366 13%
c F 266.27 336 17 31 16822  1 561065 82998 1.5 20 14 8 15 24% 1077264 366 13%
c - 274.66 337 17 32 18632  1 576129 74827 1.5 21 14 8 15 24% 1077264 366 13%
c p 274.71 337 17 32 18632  1 576129 74838 1.5 21 14 8 15 24% 1077264 366 13%
c u 275.14 337 17 32 18632  1 576129 74812 1.5 21 14 8 15 24% 1077264 366 13%
c v 275.32 337 17 32 18632  1 576129 74799 1.5 21 14 8 15 24% 1077264 366 13%
c w 275.40 337 17 32 18632  1 576129 74795 1.5 21 14 8 15 24% 1077264 366 13%
c x 275.66 337 17 32 18632  1 576129 74794 1.5 21 14 8 15 24% 1077261 366 13%
c B 282.71 337 17 32 19249  1 595066 85860 1.5 20 14 8 15 25% 1077261 366 13%
c - 294.90 338 17 33 20705  1 614692 82455 1.5 21 14 8 15 25% 1077261 366 13%
c p 294.97 338 17 33 20705  1 614692 82466 1.5 21 14 8 15 25% 1077261 366 13%
c 
c  seconds    reductions    conflicts         size   tier2         variables
c           MB      restarts       redundant     glue    trail         remaining
c            level        rate          size/glue  tier1    irredundant
c 
c u 295.44 338 17 33 20705  1 614692 82417 1.5 21 14 8 15 25% 1077261 366 13%
c v 295.64 338 17 33 20705  1 614692 82407 1.5 21 14 8 15 25% 1077261 366 13%
c w 295.74 338 17 33 20705  1 614692 82404 1.5 21 14 8 15 25% 1077261 366 13%
c x 296.01 338 17 33 20705  1 614692 82404 1.5 21 14 8 15 25% 1077257 366 13%
c W 305.62 338 17 33 22474  1 630068 92460 1.5 21 14 8 15 25% 1077257 366 13%
c s 311.11 338 17 33 22724  1 639983 99677 1.5 21 14 8 15 25% 1077043 366 13%
c s 311.51 338 17 33 22724  1 639983 99669 1.5 21 14 8 15 25% 1076893 366 13%
c - 316.56 339 16 34 22836  1 654525 90189 1.5 21 13 8 15 25% 1076893 366 13%
c p 316.62 339 16 34 22836  1 654525 90201 1.5 21 13 8 15 25% 1076893 366 13%
c u 317.09 339 16 34 22836  1 654525 90146 1.5 21 13 8 15 25% 1076893 366 13%
c v 317.30 339 16 34 22836  1 654525 90140 1.5 21 13 8 15 25% 1076893 366 13%
c w 317.41 339 16 34 22836  1 654525 90140 1.5 21 13 8 15 25% 1076893 366 13%
c x 317.75 339 16 34 22836  1 654525 90140 1.5 21 13 8 15 25% 1076888 366 13%
c t 317.76 339 16 34 22836  1 654525 90139 1.5 21 13 8 15 25% 1076884 366 13%
c } 322.11 339 17 34 23824  1 663356 96439 1.5 21 14 8 15 25% 1076884 366 13%
c [ 322.11 339 19 34 23824  1 663356 96439 1.5 23 16 10 18 26% 1076884 366 13%
c O 323.00 339 19 34 23824  1 666072 98453 1.5 23 16 10 18 26% 1076884 366 13%
c - 330.77 339 18 35 23839  1 695625 92631 1.5 23 16 10 18 25% 1076884 366 13%
c p 330.84 339 18 35 23839  1 695625 92643 1.5 23 16 10 18 25% 1076884 366 13%
c u 331.19 339 18 35 23839  1 695625 92552 1.5 23 16 10 18 25% 1076884 366 13%
c 
c  seconds    reductions    conflicts         size    tier2         variables
c           MB      restarts       redundant     glue     trail         remaining
c            level        rate          size/glue  tier1     irredundant
c 
c v 331.35 339 18 35 23839  1 695625 92540 1.5 23 16 10 18 25% 1076884 366 13%
c w 331.45 339 18 35 23839  1 695625 92537 1.5 23 16 10 18 25% 1076884 366 13%
c x 331.70 339 18 35 23839  1 695625 92536 1.5 23 16 10 18 25% 1076882 366 13%
c t 331.71 339 18 35 23839  1 695625 92535 1.5 23 16 10 18 25% 1076882 366 13%
c B 333.73 339 19 35 23840  1 703076 97139 1.5 23 16 10 18 25% 1076882 366 13%
c - 342.83 338 21 36 23841  1 737998 87980 1.4 25 17 10 18 26% 1076882 366 13%
c p 342.88 338 21 36 23841  1 737998 87992 1.4 25 17 10 18 26% 1076882 366 13%
c u 343.35 338 21 36 23841  1 737998 87947 1.4 25 17 10 18 26% 1076882 366 13%
c v 343.55 338 21 36 23841  1 737998 87935 1.4 25 17 10 18 26% 1076882 366 13%
c w 343.66 338 21 36 23841  1 737998 87934 1.4 25 17 10 18 26% 1076882 366 13%
c x 343.97 338 21 36 23841  1 737998 87934 1.4 25 17 10 18 26% 1076871 366 13%
c t 343.98 338 21 36 23841  1 737998 87933 1.4 25 17 10 18 26% 1076871 366 13%
c W 348.17 338 21 36 23841  1 741077 90257 1.4 25 18 10 18 26% 1076871 366 13%
c I 358.04 338 21 36 23842  1 780078 116878 1.4 25 18 10 18 27% 1076871 366 13%
c - 358.90 337 21 37 23842  1 781641 82240 1.4 25 18 10 18 27% 1076871 366 13%
c p 358.97 337 21 37 23842  1 781641 82252 1.4 25 18 10 18 27% 1076871 366 13%
c u 359.38 337 21 37 23842  1 781641 82210 1.4 25 18 10 18 27% 1076871 366 13%
c v 359.57 337 21 37 23842  1 781641 82201 1.4 25 18 10 18 27% 1076871 366 13%
c w 359.66 337 21 37 23842  1 781641 82200 1.4 25 18 10 18 27% 1076871 366 13%
c x 359.94 337 21 37 23842  1 781641 82200 1.4 25 18 10 18 27% 1076863 366 13%
c 
c  seconds    reductions    conflicts         size    tier2         variables
c           MB      restarts       redundant     glue     trail         remaining
c            level        rate          size/glue  tier1     irredundant
c 
c t 359.96 337 21 37 23842  1 781641 82200 1.4 25 18 10 18 27% 1076862 366 13%
c ] 365.65 337 20 37 23842  1 805238 98434 1.4 24 17 10 18 26% 1076862 366 13%
c { 365.65 337 17 37 23842  1 805238 98434 1.5 21 14 8 15 25% 1076862 366 13%
c # 369.32 337 16 37 24086  1 820079 107071 1.5 20 13 8 15 25% 1076862 366 13%
c s 371.65 337 16 37 24715  1 824349 109779 1.5 20 13 8 15 25% 1076578 366 13%
c s 372.09 337 16 37 24715  1 824349 109748 1.5 20 13 8 15 25% 1076060 366 13%
c - 374.01 339 16 38 25129  1 826555 94098 1.5 20 13 8 15 25% 1076060 366 13%
c p 374.07 339 16 38 25129  1 826555 94110 1.5 20 13 8 15 25% 1076060 366 13%
c u 374.61 339 16 38 25129  1 826555 94048 1.5 20 13 8 15 25% 1076060 366 13%
c v 374.78 339 16 38 25129  1 826555 94029 1.5 20 13 8 15 25% 1076060 366 13%
c w 374.86 339 16 38 25129  1 826555 94025 1.5 20 13 8 15 25% 1076060 366 13%
c x 375.14 339 16 38 25129  1 826555 94025 1.5 20 13 8 15 25% 1076043 366 13%
c t 375.15 339 16 38 25129  1 826555 94022 1.5 20 13 8 15 25% 1076043 366 13%
c B 392.69 339 16 38 28887  1 861082 116272 1.5 21 14 8 14 25% 1076043 366 13%
c - 398.25 339 16 39 29703  1 872738 103842 1.5 21 14 8 14 25% 1076043 366 13%
c p 398.34 339 16 39 29703  1 872738 103861 1.5 21 14 8 14 25% 1076043 366 13%
c u 401.41 314 16 39 29703  1 872738 103751 1.5 21 14 8 14 25% 1076043 366 13%
c v 401.67 314 16 39 29703  1 872738 103734 1.5 21 14 8 14 25% 1076043 366 13%
c w 401.82 314 16 39 29703  1 872738 103733 1.5 21 14 8 14 25% 1076043 366 13%
c x 402.20 314 16 39 29703  1 872738 103731 1.5 21 14 8 14 25% 1076035 366 13%
c 
c  seconds    reductions    conflicts          size   tier2         variables
c           MB      restarts       redundant      glue    trail         remaining
c            level        rate           size/glue  tier1    irredundant
c 
c t 402.21 314 16 39 29703  1 872738 103730 1.5 21 14 8 14 25% 1076031 366 13%
c W 410.66 314 16 39 30194  1 903083 119742 1.5 19 13 8 14 24% 1076031 366 13%
c - 418.69 314 16 40 31979  1 920192 109141 1.5 20 13 8 14 24% 1076031 366 13%
c p 418.76 314 16 40 31979  1 920192 109157 1.5 20 13 8 14 24% 1076031 366 13%
c u 419.20 314 16 40 31979  1 920192 109131 1.5 20 13 8 14 24% 1076031 366 13%
c v 419.40 314 16 40 31979  1 920192 109123 1.5 20 13 8 14 24% 1076031 366 13%
c w 419.51 314 16 40 31979  1 920192 109119 1.5 20 13 8 14 24% 1076031 366 13%
c x 419.78 314 16 40 31979  1 920192 109115 1.5 20 13 8 14 24% 1076022 366 13%
c t 419.78 314 16 40 31979  1 920192 109114 1.5 20 13 8 14 24% 1076022 366 13%
c F 435.50 314 16 40 34148  1 946085 125289 1.5 20 13 8 14 24% 1076022 366 13%
c } 445.07 314 16 40 36171  1 962504 136038 1.5 20 14 8 14 25% 1076022 366 13%
c [ 445.07 314 20 40 36171  1 962504 136038 1.4 24 17 10 18 26% 1076022 366 13%
c - 447.49 314 20 41 36171  1 968918 115356 1.5 24 17 10 18 26% 1076022 366 13%
c p 447.58 314 20 41 36171  1 968918 115371 1.5 24 17 10 18 26% 1076022 366 13%
c u 448.24 314 20 41 36171  1 968918 115315 1.5 24 17 10 18 26% 1076022 366 13%
c v 448.56 314 20 41 36171  1 968918 115309 1.5 24 17 10 18 26% 1076022 366 13%
c w 448.72 314 20 41 36171  1 968918 115305 1.5 24 17 10 18 26% 1076022 366 13%
c x 449.17 314 20 41 36171  1 968918 115303 1.5 24 17 10 18 26% 1076013 366 13%
c B 454.74 314 19 41 36180  1 990087 127354 1.5 23 16 10 18 26% 1076013 366 13%
c - 463.51 315 19 42 36193  1 1018917 116543 1.4 23 16 10 18 26% 1076013 366 13%
c 
c  seconds    reductions     conflicts          size    tier2         variables
c           MB      restarts        redundant      glue     trail         remaining
c            level        rate            size/glue  tier1     irredundant
c 
c p 463.57 315 19 42 36193  1 1018917 116558 1.4 23 16 10 18 26% 1076013 366 13%
c u 464.11 315 19 42 36193  1 1018917 116534 1.4 23 16 10 18 26% 1076013 366 13%
c v 464.33 315 19 42 36193  1 1018917 116518 1.4 23 16 10 18 26% 1076013 366 13%
c w 464.43 315 19 42 36193  1 1018917 116518 1.4 23 16 10 18 26% 1076013 366 13%
c x 464.76 315 19 42 36193  1 1018917 116516 1.4 23 16 10 18 26% 1076006 366 13%
c t 464.77 315 19 42 36193  1 1018917 116516 1.4 23 16 10 18 26% 1076005 366 13%
c s 468.66 315 19 42 36200  1 1031739 124798 1.5 23 16 10 18 26% 1075700 366 13%
c s 469.08 315 19 42 36200  1 1031739 124780 1.5 23 16 10 18 26% 1075363 366 13%
c W 474.37 315 19 42 36201  1 1035089 127029 1.5 23 16 10 18 26% 1075363 366 13%
c - 485.14 314 20 43 36209  1 1070190 114462 1.5 24 17 10 18 26% 1075363 366 13%
c p 485.23 314 20 43 36209  1 1070190 114476 1.5 24 17 10 18 26% 1075363 366 13%
c u 485.78 314 20 43 36209  1 1070190 114446 1.5 24 17 10 18 26% 1075363 366 13%
c v 486.02 314 20 43 36209  1 1070190 114439 1.5 24 17 10 18 26% 1075363 366 13%
c w 486.14 314 20 43 36209  1 1070190 114436 1.5 24 17 10 18 26% 1075363 366 13%
c x 486.49 314 20 43 36209  1 1070190 114432 1.5 24 17 10 18 26% 1075353 366 13%
c t 486.49 314 20 43 36209  1 1070190 114432 1.5 24 17 10 18 26% 1075352 366 13%
c O 490.40 314 20 43 36216  1 1081091 122123 1.4 25 17 10 18 27% 1075352 366 13%
c - 502.67 315 19 44 36232  1 1122731 118792 1.5 24 16 9 18 26% 1075352 366 13%
c p 502.74 315 19 44 36232  1 1122731 118805 1.5 24 16 9 18 26% 1075352 366 13%
c u 503.27 315 19 44 36232  1 1122731 118758 1.5 24 16 9 18 26% 1075352 366 13%
c 
c  seconds    reductions     conflicts          size   tier2         variables
c           MB      restarts        redundant      glue    trail         remaining
c            level        rate            size/glue  tier1    irredundant
c 
c v 503.50 315 19 44 36232  1 1122731 118753 1.5 24 16 9 18 26% 1075352 366 13%
c w 503.63 315 19 44 36232  1 1122731 118748 1.5 24 16 9 18 26% 1075352 366 13%
c x 503.96 315 19 44 36232  1 1122731 118747 1.5 24 16 9 18 26% 1075338 366 13%
c B 505.78 315 19 44 36233  1 1128092 122372 1.5 24 16 9 18 27% 1075338 366 13%
c ] 507.18 315 19 44 36233  1 1132260 125678 1.5 24 16 9 18 27% 1075338 366 13%
c { 507.18 315 16 44 36233  1 1132260 125678 1.5 20 14 8 14 25% 1075338 366 13%
c B 526.96 315 16 44 39672  1 1176093 152708 1.5 20 14 8 14 25% 1075338 366 13%
c - 527.49 316 16 45 39780  1 1176546 128459 1.5 20 14 8 14 25% 1075338 366 13%
c p 527.57 316 16 45 39780  1 1176546 128472 1.5 20 14 8 14 25% 1075338 366 13%
c u 528.23 316 16 45 39780  1 1176546 128386 1.5 20 14 8 14 25% 1075338 366 13%
c v 528.50 316 16 45 39780  1 1176546 128370 1.5 20 14 8 14 25% 1075338 366 13%
c w 528.63 316 16 45 39780  1 1176546 128368 1.5 20 14 8 14 25% 1075338 366 13%
c x 528.99 316 16 45 39780  1 1176546 128368 1.5 20 14 8 14 25% 1075325 366 13%
c W 550.62 316 16 45 43191  1 1225096 157304 1.5 20 14 8 14 25% 1075325 366 13%
c - 553.50 316 16 46 43589  1 1231636 134222 1.5 20 14 8 14 25% 1075325 366 13%
c p 553.59 316 16 46 43589  1 1231636 134235 1.5 20 14 8 14 25% 1075325 366 13%
c u 554.19 316 16 46 43589  1 1231636 134164 1.5 20 14 8 14 25% 1075325 366 13%
c v 554.46 316 16 46 43589  1 1231636 134154 1.5 20 14 8 14 25% 1075325 366 13%
c w 554.59 316 16 46 43589  1 1231636 134154 1.5 20 14 8 14 25% 1075325 366 13%
c x 555.00 316 16 46 43589  1 1231636 134154 1.5 20 14 8 14 25% 1075316 366 13%
c 
c  seconds    reductions     conflicts          size   tier2         variables
c           MB      restarts        redundant      glue    trail         remaining
c            level        rate            size/glue  tier1    irredundant
c 
c s 566.59 316 16 46 45602  1 1262153 153813 1.5 20 14 8 14 24% 1074673 366 13%
c s 567.07 316 16 46 45602  1 1262153 153778 1.5 20 14 8 14 24% 1074160 366 13%
c # 573.88 316 16 46 46499  1 1275097 161573 1.5 20 14 8 14 24% 1074160 366 13%
c - 580.06 317 16 47 47111  1 1288000 142223 1.5 20 14 8 14 24% 1074160 366 13%
c p 580.15 317 16 47 47111  1 1288000 142236 1.5 20 14 8 14 24% 1074160 366 13%
c u 580.87 317 16 47 47111  1 1288000 142164 1.5 20 14 8 14 24% 1074160 366 13%
c v 581.16 317 16 47 47111  1 1288000 142156 1.5 20 14 8 14 24% 1074160 366 13%
c w 581.30 317 16 47 47111  1 1288000 142153 1.5 20 14 8 14 24% 1074160 366 13%
c x 581.69 317 16 47 47111  1 1288000 142152 1.5 20 14 8 14 24% 1074129 366 13%
c t 581.70 317 16 47 47111  1 1288000 142151 1.5 20 14 8 14 24% 1074129 366 13%
c B 595.65 317 16 47 49141  1 1326100 166817 1.5 20 13 7 14 24% 1074129 366 13%
c } 596.95 317 16 47 49221  1 1329790 168695 1.5 20 13 7 14 24% 1074129 366 13%
c [ 596.95 317 19 47 49221  1 1329790 168695 1.5 24 16 9 18 27% 1074129 366 13%
c - 601.05 316 18 48 49222  1 1345626 133580 1.5 23 15 9 18 26% 1074129 366 13%
c p 601.13 316 18 48 49222  1 1345626 133593 1.5 23 15 9 18 26% 1074129 366 13%
c u 602.31 316 18 48 49222  1 1345626 133477 1.5 23 15 9 18 26% 1074129 366 13%
c v 602.54 316 18 48 49222  1 1345626 133437 1.5 23 15 9 18 26% 1074129 366 13%
c w 602.68 316 18 48 49222  1 1345626 133433 1.5 23 15 9 18 26% 1074129 366 13%
c x 603.04 316 18 48 49222  1 1345626 133432 1.5 23 15 9 18 26% 1074118 366 13%
c W 614.15 316 17 48 49226  1 1378101 153434 1.5 23 15 9 18 26% 1074118 366 13%
c 
c  seconds    reductions     conflicts          size   tier2         variables
c           MB      restarts        redundant      glue    trail         remaining
c            level        rate            size/glue  tier1    irredundant
c 
c - 622.10 315 19 49 49237  1 1404527 128230 1.5 24 16 9 18 26% 1074118 366 13%
c p 622.18 315 19 49 49237  1 1404527 128243 1.5 24 16 9 18 26% 1074118 366 13%
c u 622.68 315 19 49 49237  1 1404527 128171 1.5 24 16 9 18 26% 1074118 366 13%
c v 622.93 315 19 49 49237  1 1404527 128160 1.5 24 16 9 18 26% 1074118 366 13%
c w 623.07 315 19 49 49237  1 1404527 128151 1.5 24 16 9 18 26% 1074118 366 13%
c x 623.40 315 19 49 49237  1 1404527 128151 1.5 24 16 9 18 26% 1074109 366 13%
c t 623.41 315 19 49 49237  1 1404527 128150 1.5 24 16 9 18 26% 1074109 366 13%
c I 631.51 315 20 49 49251  1 1431102 145303 1.4 24 17 9 18 26% 1074109 366 13%
c - 642.57 314 19 50 49260  1 1464703 120094 1.5 24 16 9 18 26% 1074109 366 13%
c p 642.65 314 19 50 49260  1 1464703 120107 1.5 24 16 9 18 26% 1074109 366 13%
c u 643.19 314 19 50 49260  1 1464703 119985 1.5 24 16 9 18 26% 1074109 366 13%
c v 643.47 314 19 50 49260  1 1464703 119982 1.5 24 16 9 18 26% 1074109 366 13%
c w 643.62 314 19 50 49260  1 1464703 119975 1.5 24 16 9 18 26% 1074109 366 13%
c x 643.99 314 19 50 49260  1 1464703 119975 1.5 24 16 9 18 26% 1074084 366 13%
c t 644.00 314 19 50 49260  1 1464703 119974 1.5 24 16 9 18 26% 1074084 366 13%
c B 649.61 314 19 50 49268  1 1485103 134089 1.5 24 17 9 18 26% 1074084 366 13%
c s 657.86 314 20 50 49283  1 1515575 157365 1.5 25 17 9 18 27% 1073339 366 13%
c s 658.36 314 20 50 49283  1 1515575 157343 1.5 25 17 9 18 27% 1073013 366 13%
c - 662.15 314 20 51 49284  1 1526155 116823 1.5 25 17 9 18 27% 1073013 366 13%
c p 662.23 314 20 51 49284  1 1526155 116836 1.5 25 17 9 18 27% 1073013 366 13%
c 
c  seconds    reductions     conflicts          size   tier2         variables
c           MB      restarts        redundant      glue    trail         remaining
c            level        rate            size/glue  tier1    irredundant
c 
c u 662.90 314 20 51 49284  1 1526155 116777 1.5 25 17 9 18 27% 1073013 366 13%
c v 663.20 314 20 51 49284  1 1526155 116762 1.5 25 17 9 18 27% 1073013 366 13%
c w 663.35 314 20 51 49284  1 1526155 116756 1.5 25 17 9 18 27% 1073013 366 13%
c x 663.77 314 20 51 49284  1 1526155 116755 1.5 25 17 9 18 27% 1073002 366 13%
c t 663.77 314 20 51 49284  1 1526155 116754 1.5 25 17 9 18 27% 1073002 366 13%
c ] 667.16 314 21 51 49284  1 1537472 124874 1.5 26 17 9 18 27% 1073002 366 13%
c { 667.16 314 16 51 49284  1 1537472 124874 1.5 20 13 7 14 24% 1073002 366 13%
c W 671.03 314 16 51 49609  1 1540104 126548 1.5 20 13 7 14 24% 1073002 366 13%
c - 695.11 314 16 52 53881  1 1588868 121827 1.5 20 13 7 14 24% 1073002 366 13%
c p 695.20 314 16 52 53881  1 1588868 121841 1.5 20 13 7 14 24% 1073002 366 13%
c u 695.93 314 16 52 53881  1 1588868 121729 1.5 20 13 7 14 24% 1073002 366 13%
c v 696.29 314 16 52 53881  1 1588868 121706 1.5 20 13 7 14 24% 1073002 366 13%
c w 696.48 314 16 52 53881  1 1588868 121698 1.5 20 13 7 14 24% 1073002 366 13%
c x 697.01 314 16 52 53881  1 1588868 121696 1.5 20 13 7 14 24% 1072970 366 13%
c t 697.02 314 16 52 53881  1 1588868 121695 1.5 20 13 7 14 24% 1072970 366 13%
c F 700.56 314 16 52 54930  1 1596107 126079 1.5 20 14 7 14 24% 1072970 366 13%
c - 723.83 315 16 53 59270  1 1652856 132817 1.5 20 14 7 14 24% 1072970 366 13%
c p 723.93 315 16 53 59270  1 1652856 132830 1.5 20 14 7 14 24% 1072970 366 13%
c u 724.66 315 16 53 59270  1 1652856 132762 1.5 20 14 7 14 24% 1072970 366 13%
c v 724.97 315 16 53 59270  1 1652856 132746 1.5 20 14 7 14 24% 1072970 366 13%
c 
c  seconds    reductions     conflicts          size   tier2         variables
c           MB      restarts        redundant      glue    trail         remaining
c            level        rate            size/glue  tier1    irredundant
c 
c w 725.13 315 16 53 59270  1 1652856 132740 1.5 20 14 7 14 24% 1072970 366 13%
c x 725.62 315 16 53 59270  1 1652856 132739 1.5 20 14 7 14 24% 1072940 366 13%
c B 725.91 315 16 53 59270  1 1653109 132893 1.5 20 14 7 14 24% 1072940 366 13%
c W 758.00 322 17 53 64316  1 1711110 169784 1.5 21 14 7 14 25% 1072940 366 13%
c - 760.18 326 16 54 64316  1 1718119 140982 1.5 20 14 7 14 24% 1072940 366 13%
c p 760.27 326 16 54 64316  1 1718119 140996 1.5 20 14 7 14 24% 1072940 366 13%
c u 761.04 326 16 54 64316  1 1718119 140914 1.5 20 14 7 14 24% 1072940 366 13%
c v 761.38 326 16 54 64316  1 1718119 140901 1.5 20 14 7 14 24% 1072940 366 13%
c w 761.54 326 16 54 64316  1 1718119 140894 1.5 20 14 7 14 24% 1072940 366 13%
c x 762.01 326 16 54 64316  1 1718119 140894 1.5 20 14 7 14 24% 1072902 366 13%
c } 785.45 326 16 54 66394  1 1769633 174141 1.5 20 13 7 14 25% 1072902 366 13%
c [ 785.45 326 21 54 66394  1 1769633 174141 1.5 26 17 9 18 27% 1072902 366 13%
c W 786.80 326 21 54 66394  1 1770112 174496 1.5 26 17 9 18 27% 1072902 366 13%
c - 793.39 327 21 55 66395  1 1784660 150928 1.5 26 18 9 18 27% 1072902 366 13%
c p 793.48 327 21 55 66395  1 1784660 150941 1.5 26 18 9 18 27% 1072902 366 13%
c u 794.31 327 21 55 66395  1 1784660 150851 1.5 26 18 9 18 27% 1072902 366 13%
c v 794.69 327 21 55 66395  1 1784660 150843 1.5 26 18 9 18 27% 1072902 366 13%
c w 794.88 327 21 55 66395  1 1784660 150826 1.5 26 18 9 18 27% 1072902 366 13%
c x 795.45 327 21 55 66395  1 1784660 150826 1.5 26 18 9 18 27% 1072884 366 13%
c t 795.45 327 21 55 66395  1 1784660 150825 1.5 26 18 9 18 27% 1072884 366 13%
c 
c  seconds    reductions     conflicts          size   tier2         variables
c           MB      restarts        redundant      glue    trail         remaining
c            level        rate            size/glue  tier1    irredundant
c 
c s 798.34 327 21 55 66395  1 1791998 155824 1.5 26 18 9 18 27% 1071869 366 13%
c s 798.86 327 21 55 66395  1 1791998 155806 1.5 26 18 9 18 27% 1071277 366 13%
c O 811.43 327 20 55 66396  1 1830115 180182 1.5 25 17 9 18 27% 1071277 366 13%
c - 817.85 326 20 56 66396  1 1852474 148947 1.5 24 17 9 18 26% 1071277 366 13%
c p 817.93 326 20 56 66396  1 1852474 148960 1.5 24 17 9 18 26% 1071277 366 13%
c u 818.57 326 20 56 66396  1 1852474 148881 1.5 24 17 9 18 26% 1071277 366 13%
c v 818.86 326 20 56 66396  1 1852474 148860 1.5 24 17 9 18 26% 1071277 366 13%
c w 818.99 326 20 56 66396  1 1852474 148852 1.5 24 17 9 18 26% 1071277 366 13%
c x 819.35 326 20 56 66396  1 1852474 148852 1.5 24 17 9 18 26% 1071213 366 13%
c B 830.41 326 20 56 66397  1 1891119 175911 1.5 25 17 9 18 27% 1071213 366 13%
c - 839.25 325 20 57 66397  1 1921546 140582 1.5 25 17 9 18 27% 1071213 366 13%
c p 839.34 325 20 57 66397  1 1921546 140595 1.5 25 17 9 18 27% 1071213 366 13%
c u 840.28 325 20 57 66397  1 1921546 140508 1.5 25 17 9 18 27% 1071213 366 13%
c v 840.71 325 20 57 66397  1 1921546 140506 1.5 25 17 9 18 27% 1071213 366 13%
c w 840.90 325 20 57 66397  1 1921546 140489 1.5 25 17 9 18 27% 1071213 366 13%
c x 841.49 325 20 57 66397  1 1921546 140489 1.5 25 17 9 18 27% 1071174 366 13%
c W 854.20 325 20 57 66397  1 1953120 162172 1.5 25 17 9 18 27% 1071174 366 13%
c - 867.33 326 19 58 66397  1 1991890 141949 1.5 24 16 9 18 27% 1071174 366 13%
c p 867.43 326 19 58 66397  1 1991890 141962 1.5 24 16 9 18 27% 1071174 366 13%
c u 871.51 316 19 58 66397  1 1991890 141847 1.5 24 16 9 18 27% 1071174 366 13%
c 
c  seconds    reductions     conflicts          size   tier2         variables
c           MB      restarts        redundant      glue    trail         remaining
c            level        rate            size/glue  tier1    irredundant
c 
c v 871.87 316 19 58 66397  1 1991890 141833 1.5 24 16 9 18 27% 1071174 366 13%
c w 872.06 316 19 58 66397  1 1991890 141819 1.5 24 16 9 18 27% 1071174 366 13%
c x 872.55 316 19 58 66397  1 1991890 141817 1.5 24 16 9 18 27% 1071151 366 13%
c ] 878.60 316 19 58 66402  1 2009538 152953 1.5 24 16 9 18 27% 1071151 366 13%
c { 878.60 316 16 58 66402  1 2009538 152953 1.5 20 13 7 14 25% 1071151 366 13%
c # 882.19 316 16 58 67143  1 2016121 157075 1.5 20 13 7 14 25% 1071151 366 13%
c - 909.37 317 16 59 71216  1 2063509 153826 1.5 20 14 7 14 25% 1071151 366 13%
c p 909.45 317 16 59 71216  1 2063509 153839 1.5 20 14 7 14 25% 1071151 366 13%
c u 910.33 317 16 59 71216  1 2063509 153728 1.5 20 14 7 14 25% 1071151 366 13%
c v 910.77 317 16 59 71216  1 2063509 153722 1.5 20 14 7 14 25% 1071151 366 13%
c w 910.98 317 16 59 71216  1 2063509 153701 1.5 20 14 7 14 25% 1071151 366 13%
c x 911.51 317 16 59 71216  1 2063509 153695 1.5 20 14 7 14 25% 1071084 366 13%
c t 911.52 317 16 59 71216  1 2063509 153694 1.5 20 14 7 14 25% 1071084 366 13%
c B 917.59 317 16 59 71427  1 2080122 163536 1.5 20 13 7 14 25% 1071084 366 13%
c s 925.60 317 16 59 73000  1 2091399 170919 1.5 20 13 7 14 25% 1070574 366 13%
c s 926.21 317 16 59 73000  1 2091399 170906 1.5 20 13 7 14 25% 1069710 366 13%
c - 950.71 318 16 60 76008  1 2136406 167489 1.5 20 13 7 14 25% 1069710 366 13%
c p 950.81 318 16 60 76008  1 2136406 167502 1.5 20 13 7 14 25% 1069710 366 13%
c u 951.67 318 16 60 76008  1 2136406 167357 1.5 20 13 7 14 25% 1069710 366 13%
c v 952.10 318 16 60 76008  1 2136406 167327 1.5 20 13 7 14 25% 1069710 366 13%
c 
c  seconds    reductions     conflicts          size   tier2         variables
c           MB      restarts        redundant      glue    trail         remaining
c            level        rate            size/glue  tier1    irredundant
c 
c w 952.32 318 16 60 76008  1 2136406 167319 1.5 20 13 7 14 25% 1069710 366 13%
c x 952.84 318 16 60 76008  1 2136406 167316 1.5 20 13 7 14 25% 1069667 366 13%
c W 960.14 318 16 60 76771  1 2145123 172463 1.5 20 13 7 14 25% 1069667 366 13%
c - 991.21 319 16 61 81592  1 2210557 175106 1.5 20 13 7 14 25% 1069667 366 13%
c p 991.30 319 16 61 81592  1 2210557 175118 1.5 20 13 7 14 25% 1069667 366 13%
c u 992.13 319 16 61 81592  1 2210557 174972 1.5 20 13 7 14 25% 1069667 366 13%
c v 992.59 319 16 61 81592  1 2210557 174964 1.5 20 13 7 14 25% 1069667 366 13%
c w 992.82 319 16 61 81592  1 2210557 174957 1.5 20 13 7 14 25% 1069667 366 13%
c x 993.43 319 16 61 81592  1 2210557 174955 1.5 20 13 7 14 25% 1069610 366 13%
c F 993.85 319 16 61 81592  1 2211128 175336 1.5 20 13 7 14 25% 1069610 366 13%
c } 1016.30 319 16 61 85196  1 2260516 203314 1.5 19 13 7 14 25% 1069610 366 13%
c [ 1016.30 319 19 61 85196  1 2260516 203314 1.5 24 16 9 18 27% 1069610 366 13%
c I 1021.69 319 18 61 85205  1 2278131 215088 1.5 24 16 9 18 27% 1069610 366 13%
c - 1024.91 319 18 62 85206  1 2285982 179707 1.5 24 16 9 18 27% 1069610 366 13%
c p 1024.99 319 18 62 85206  1 2285982 179720 1.5 24 16 9 18 27% 1069610 366 13%
c u 1025.79 319 18 62 85206  1 2285982 179589 1.5 24 16 9 18 27% 1069610 366 13%
c v 1026.18 319 18 62 85206  1 2285982 179580 1.5 24 16 9 18 27% 1069610 366 13%
c w 1026.38 319 18 62 85206  1 2285982 179569 1.5 24 16 9 18 27% 1069610 366 13%
c x 1026.93 319 18 62 85206  1 2285982 179568 1.5 24 16 9 18 27% 1069583 366 13%
c B 1046.21 319 16 62 85229  1 2346134 216400 1.6 22 14 9 18 26% 1069583 366 13%
c 
c   seconds    reductions     conflicts          size   tier2         variables
c            MB      restarts        redundant      glue    trail         remaining
c             level        rate            size/glue  tier1    irredundant
c 
c - 1052.18 320 16 63 85237  1 2362682 189087 1.6 22 14 9 18 26% 1069583 366 13%
c p 1052.27 320 16 63 85237  1 2362682 189100 1.6 22 14 9 18 26% 1069583 366 13%
c u 1053.01 320 16 63 85237  1 2362682 189002 1.6 22 14 9 18 26% 1069583 366 13%
c v 1053.36 320 16 63 85237  1 2362682 188897 1.6 22 14 9 18 26% 1069583 366 13%
c w 1053.51 320 16 63 85237  1 2362682 188766 1.6 22 14 9 18 26% 1069583 366 13%
c x 1053.98 320 16 63 85237  1 2362682 188764 1.6 22 14 9 18 26% 1069560 366 13%
c t 1053.99 320 16 63 85237  1 2362682 188761 1.6 22 14 9 18 26% 1069560 366 13%
c s 1072.52 320 16 63 85253  1 2413767 221961 1.7 22 14 9 18 26% 1067559 366 13%
c s 1073.12 320 16 63 85253  1 2413767 221930 1.7 22 14 9 18 26% 1065697 366 13%
c W 1079.80 320 16 63 85253  1 2415138 222836 1.7 22 14 9 18 26% 1065697 366 13%
c - 1087.10 321 15 64 85254  1 2440658 198284 1.6 22 13 9 18 26% 1065697 366 13%
c p 1087.21 321 15 64 85254  1 2440658 198302 1.6 22 13 9 18 26% 1065697 366 13%
c u 1088.02 321 15 64 85254  1 2440658 198238 1.6 22 13 9 18 26% 1065697 366 13%
c v 1088.43 321 15 64 85254  1 2440658 198207 1.6 22 13 9 18 26% 1065697 366 13%
c w 1088.62 321 15 64 85254  1 2440658 198189 1.6 22 13 9 18 26% 1065697 366 13%
c x 1089.07 321 15 64 85254  1 2440658 198188 1.6 22 13 9 18 26% 1065641 366 13%
c t 1089.08 321 15 64 85254  1 2440658 198185 1.6 22 13 9 18 26% 1065639 366 13%
c O 1103.76 321 16 64 85269  1 2485139 224023 1.6 21 14 9 18 25% 1065639 366 13%
c - 1115.77 321 15 65 85284  1 2519851 196328 1.5 21 14 9 18 25% 1065639 366 13%
c p 1115.85 321 15 65 85284  1 2519851 196366 1.5 21 14 9 18 25% 1065639 366 13%
c 
c   seconds    reductions     conflicts          size   tier2         variables
c            MB      restarts        redundant      glue    trail         remaining
c             level        rate            size/glue  tier1    irredundant
c 
c u 1116.57 321 15 65 85284  1 2519851 196177 1.5 21 14 9 18 25% 1065639 366 13%
c v 1116.92 321 15 65 85284  1 2519851 196115 1.5 21 14 9 18 25% 1065639 366 13%
c w 1117.08 321 15 65 85284  1 2519851 196069 1.5 21 14 9 18 25% 1065639 366 13%
c x 1117.52 321 15 65 85284  1 2519851 196068 1.5 21 14 9 18 25% 1065554 366 13%
c t 1117.52 321 15 65 85284  1 2519851 196060 1.5 21 14 9 18 25% 1065552 366 13%
c ] 1125.91 321 15 65 85292  1 2549119 212909 1.5 20 13 9 18 25% 1065552 366 13%
c { 1125.91 321 16 65 85292  1 2549119 212909 1.5 19 13 7 14 25% 1065552 366 13%
c B 1128.27 321 15 65 85459  1 2556141 216449 1.5 19 13 7 14 25% 1065552 366 13%
c i 1136.06 321 15 65 85617  1 2575471 228046 1.5 19 13 7 14 25% 1065552 365 13%
c - 1146.38 311 14 66 86249  1 2600316 164897 1.5 18 12 7 14 25% 995238 365 13%
c 2 1146.38 311 14 66 86249  1 2600316 164895 1.5 18 12 7 14 25% 995238 365 13%
c p 1146.46 311 14 66 86249  1 2600316 164927 1.5 18 12 7 14 25% 995238 365 13%
c u 1147.27 311 14 66 86249  1 2600316 164646 1.5 18 12 7 14 25% 995238 365 13%
c v 1147.70 311 14 66 86249  1 2600316 164576 1.5 18 12 7 14 25% 995238 365 13%
c w 1147.88 311 14 66 86249  1 2600316 164530 1.5 18 12 7 14 25% 995238 365 13%
c x 1148.37 311 14 66 86249  1 2600316 164520 1.5 18 12 7 14 25% 995020 365 13%
c t 1148.38 311 14 66 86249  1 2600316 164508 1.5 18 12 7 14 25% 995018 365 13%
c W 1161.74 311 14 66 87194  1 2628142 180261 1.5 18 12 7 14 26% 995018 365 13%
c i 1175.85 311 13 66 89186  1 2671278 200480 1.5 17 11 7 14 25% 995018 364 13%
c - 1180.89 302 14 67 90891  1 2680859 136220 1.5 17 12 7 14 25% 911385 364 13%
c 
c   seconds    reductions     conflicts          size   tier2        variables
c            MB      restarts        redundant      glue    trail        remaining
c             level        rate            size/glue  tier1   irredundant
c 
c 2 1180.89 302 14 67 90891  1 2680859 136219 1.5 17 12 7 14 25% 911384 364 13%
c p 1180.99 302 14 67 90891  1 2680859 136248 1.5 17 12 7 14 25% 911384 364 13%
c u 1181.73 302 14 67 90891  1 2680859 136051 1.5 17 12 7 14 25% 911384 364 13%
c v 1182.09 302 14 67 90891  1 2680859 136014 1.5 17 12 7 14 25% 911384 364 13%
c w 1182.27 302 14 67 90891  1 2680859 135996 1.5 17 12 7 14 25% 911384 364 13%
c x 1182.78 302 14 67 90891  1 2680859 135991 1.5 17 12 7 14 25% 911292 364 13%
c t 1182.78 302 14 67 90891  1 2680859 135980 1.5 17 12 7 14 25% 911290 364 13%
c # 1189.10 302 14 67 93118  1 2701144 147473 1.5 18 12 7 14 25% 911290 364 13%
c i 1196.00 302 14 67 94875  1 2720721 157913 1.5 17 12 7 14 26% 911290 363 13%
c i 1196.86 302 13 67 94875  1 2726463 159983 1.5 17 12 7 14 25% 911290 362 13%
c s 1209.09 302 13 67 97315  1 2758999 178440 1.5 17 12 7 13 26% 906297 362 13%
c e 1209.33 302 13 67 97315  1 2758999 176518 1.5 17 12 7 13 26% 731366 351 12%
c s 1209.68 302 13 67 97315  1 2758999 176434 1.5 17 12 7 13 26% 727084 351 12%
c - 1211.20 285 13 68 97758  1 2761077 109197 1.5 17 12 7 13 26% 727084 351 12%
c 2 1211.20 285 13 68 97758  1 2761077 109194 1.5 17 12 7 13 26% 727084 351 12%
c p 1211.27 285 13 68 97758  1 2761077 109217 1.5 17 12 7 13 26% 727084 350 12%
c u 1211.92 285 13 68 97758  1 2761077 108622 1.5 17 12 7 13 26% 716110 350 12%
c v 1212.23 285 13 68 97758  1 2761077 108495 1.5 17 12 7 13 26% 716110 350 12%
c w 1212.38 285 13 68 97758  1 2761077 108368 1.5 17 12 7 13 26% 716110 350 12%
c x 1212.82 285 13 68 97758  1 2761077 108362 1.5 17 12 7 13 26% 715766 350 12%
c 
c   seconds    reductions     conflicts          size   tier2        variables
c            MB      restarts        redundant      glue    trail        remaining
c             level        rate            size/glue  tier1   irredundant
c 
c t 1212.83 285 13 68 97758  1 2761077 108338 1.5 17 12 7 13 26% 715764 350 12%
c B 1217.82 285 13 68 98920  1 2775145 116375 1.5 17 12 7 13 26% 715764 350 12%
c i 1226.58 285 13 68 100923  1 2807675 133950 1.5 17 12 7 13 26% 715764 349 12%
c i 1228.96 285 13 68 101247  1 2817989 139482 1.5 17 11 7 13 26% 715764 347 12%
c i 1228.97 285 13 68 101247  1 2818009 139488 1.5 17 11 7 13 26% 715764 340 12%
c i 1230.08 285 13 68 101274  1 2822251 141605 1.5 17 11 7 13 26% 715764 338 12%
c i 1231.45 285 13 68 101360  1 2827558 144301 1.5 17 11 7 13 26% 715764 333 12%
c i 1231.54 285 13 68 101360  1 2827953 144504 1.5 17 11 7 13 26% 715764 332 12%
c i 1231.54 285 13 68 101360  1 2827954 144504 1.5 17 11 7 13 26% 715764 329 12%
c i 1231.54 285 13 68 101360  1 2827962 144507 1.5 17 11 7 13 26% 715764 322 11%
c } 1231.58 285 13 68 101360  1 2828144 144553 1.5 17 11 7 13 26% 715764 304 11%
c 0 1231.58 285 13 68 101360  1 2828144 144553 1.5 17 11 7 13 26% 715764 304 11%
c 
c --- [ closing proof ] ------------------------------------------------------
c 
c LRAT proof file '/root/earth-moon/population/f034-a4-cert/cs-a4_m09c/r/p101_p106_n108_n141/round-0/F.lrat' closed
c LRAT 4124288 added clauses 46.46%
c LRAT 4752826 deleted clauses 53.54%
c LRAT 861776112 bytes (821.85 MB)
c 
c --- [ result ] -------------------------------------------------------------
c 
s UNSATISFIABLE
c 
c --- [ run-time profiling ] -------------------------------------------------
c 
c process time taken by individual solving procedures
c (percentage relative to process time for solving)
c 
c      1131.33   91.93% search
c       664.04   53.96% unstable
c       412.02   33.48% stable
c        99.33    8.07% simplify
c        68.65    5.58% vivify
c        54.87    4.46% walk
c        12.42    1.01% sweep
c         7.01    0.57% elim
c         4.84    0.39% subsume
c         2.73    0.22% probe
c         1.11    0.09% ternary
c         0.92    0.07% parse
c         0.87    0.07% congruence
c         0.39    0.03% lucky
c         0.00    0.00% backbone
c   =================================
c      1230.66   99.93% solve
c 
c last line shows process time for solving
c (percentage relative to total process time)
c 
c --- [ statistics ] ---------------------------------------------------------
c 
c chronological:            290954        10.29 %  of conflicts
c conflicts:               2828144      2298.07    per second
c backbone:                 103156      3673.65 %  of vars
c decisions:               3327727      2704.02    per second
c eliminated:                 2068        73.65 %  of all variables
c fixed:                       435        15.49 %  of all variables
c learned:                 2785744        98.50 %  per conflict
c learned_lits:           86108109       100.00 %  learned literals
c minimized:                     0         0.00 %  learned literals
c shrunken:               21230263        24.66 %  learned literals
c minishrunken:            4924352         5.72 %  learned literals
c otfs:                      11097         0.39 %  of conflict
c propagations:           38815492         0.03 M  per second
c reduced:                 1495064        52.86 %  per conflict
c rephased:                     74     38218.16    interval
c restarts:                 101360        27.90    interval
c stabilizing:                  12        47.88 %  of conflicts
c substituted:                   1         0.04 %  of all variables
c subsumed:                1026934        26.06 %  of all clauses
c strengthened:             129600         3.29 %  of all clauses
c ticks:               58430695674      1527.13    propagation
c vivified:                  12861         0.33 %  of all clauses
c walked:                       23    122962.78    interval
c weakened:                   4996         2.46    average size
c congruence:                   11    257104.00    interval
c 
c seconds are measured in process time for solving
c 
c --- [ glue usage ] ---------------------------------------------------------
c 
c focused glue 7 used 270757 clauses 6.025% accumulated 55.42% tier1
c focused glue 8 used 224199 clauses 4.989% accumulated 60.41%
c focused glue 9-11 used 678388 clauses 15.09% accumulated 75.51%
c focused glue 12 used 216703 clauses 4.822% accumulated 80.33%
c focused glue 13 used 193418 clauses 4.304% accumulated 84.63% tier2
c 
c stable glue 9 used 171350 clauses 3.787% accumulated 53.73% tier1
c stable glue 10 used 185305 clauses 4.095% accumulated 57.82%
c stable glue 11-16 used 1159114 clauses 25.61% accumulated 83.44%
c stable glue 17 used 146378 clauses 3.235% accumulated 86.68%
c stable glue 18 used 128179 clauses 2.833% accumulated 89.51% tier2
c 
c 
c --- [ resources ] ----------------------------------------------------------
c 
c total process time since initialization:      1231.58    seconds
c total real time since initialization:         1231.79    seconds
c maximum resident set size of process:          429.04    MB
c 
c --- [ shutting down ] ------------------------------------------------------
c 
c exit 20

[rc=20 1231.8s]
$ /root/earth-moon/verifier/../tools/drat-trim/lrat-check /root/earth-moon/population/f034-a4-cert/cs-a4_m09c/r/p101_p106_n108_n141/round-0/F.cnf /root/earth-moon/population/f034-a4-cert/cs-a4_m09c/r/p101_p106_n108_n141/round-0/F.lrat
c parsed a formula with 2808 variables and 1489320 clauses
c VERIFIED
c allocated 1024 33928570 213232
c Added clauses = 5613608.  Deleted clauses = 4752826.  Max live clauses = 1489320
c verification time = 13.22 secs

[rc=0 13.2s]
