c --- [ banner ] -------------------------------------------------------------
c 
c CaDiCaL SAT Solver
c Copyright (c) 2016-2026
c A. Biere, M. Fleury, N. Froleyks, K. Fazekas, F. Pollitt, T. Faller
c JKU Linz, University of Freiburg, TU Wien
c 
c Version 3.0.1
c Apple clang version 16.0.0 (clang-1600.0.26.6) -Wall -Wextra -O3 -DNDEBUG -std=c++11 -DNCLOSEFROM
c Sun Jul 19 15:40:55 UTC 2026 Darwin Sonoma-arm64.local 23.6.0 arm64
c 
c --- [ proof tracing ] ------------------------------------------------------
c 
c opening file to write 'data/a4_m14/F.lrat'
c writing non-binary proof trace to 'data/a4_m14/F.lrat'
c 
c --- [ parsing input ] ------------------------------------------------------
c 
c reading DIMACS file from 'data/a4_m14/F.cnf'
c opening file to read 'data/a4_m14/F.cnf'
c found 'p cnf 3234 96139' header
c parsed 96139 clauses in 0.05 seconds process time
c 
c --- [ options ] ------------------------------------------------------------
c 
c   --binary=false                 (different from default 'true')
c   --lrat=true                    (different from default 'false')
c 
c --- [ solving ] ------------------------------------------------------------
c 
c time measured in process time since initialization
c 
c  seconds  reduction conflicts       size tier2      variables
c         MB    restarts   redundant    glue  trail        remaining
c          level     rate       size/glu tier1  irredundant
c 
c *  0.05  0  0 0   0  0    0    0 0.0 0 0 2 6  0% 96077 3194 99%
c )  0.06  0  0 0   0  0    0    0 0.0 0 0 2 6  0% 96077 3194 99%
c {  0.06  0  0 0   0  0    0    0 0.0 0 0 2 6  0% 96077 3194 99%
c i  0.06  0 1293 0   1 70   53   42 1.2 14 12 2 6 47% 96071 3193 99%
c i  0.06  0 1222 0   1 66   56   42 1.2 14 11 2 6 45% 96070 3192 99%
c -  0.07  0 287 1  14 18  307   87 1.3 14 10 2 6 21% 95974 3192 99%
c i  0.07  0 283 1  14 18  311   88 1.3 14 10 2 6 21% 95972 3189 99%
c i  0.07  0 282 1  15 18  312   88 1.3 14 10 2 6 20% 95972 3188 99%
c i  0.09  0 133 1  20  9  707  299 1.5 13 8 2 6 17% 95903 3150 97%
c -  0.10  0 127 2  20  9  748  138 1.5 13 8 2 6 17% 95788 3150 97%
c i  0.11  0 110 2  45  8  915  213 1.5 13 9 2 6 16% 95721 3149 97%
c }  0.12  0 102 2  65  8 1001  257 1.5 14 9 2 6 16% 95696 3149 97%
c [  0.12  0  0 2  65  0 1001  257 0.0 0 0 2 6  0% 95696 3149 97%
c O  0.12  0  9 2  65 10 1002  258 1.5 3 2 2 6 16% 95696 3149 97%
c -  0.14  0 13 3  65  1 1431  319 1.5 13 8 2 6 18% 95688 3149 97%
c -  0.17  0 12 4  66  1 2376  549 1.6 14 8 2 6 16% 95681 3149 97%
c 2  0.18  0 12 4  66  1 2482  619 1.6 14 8 2 6 15% 95681 3128 97%
c d  0.18  0 12 4  66  1 2482  619 1.6 14 8 2 6 15% 95643 3127 97%
c p  0.18  0 12 4  66  1 2482  619 1.6 14 8 2 6 15% 95643 3126 97%
c =  0.20  0 12 4  66  1 2482  617 1.6 14 8 2 6 15% 95626 3111 96%
c 
c  seconds  reduction conflicts       size  tier2      variables
c         MB    restarts   redundant     glue  trail        remaining
c          level     rate       size/glue tier1  irredundant
c 
c ]  0.21  0 12 4  66  1 2555  660 1.6 14 8 2 6 15% 95626 3111 96%
c {  0.21  0 102 4  66  8 2555  660 1.5 14 9 2 6 16% 95626 3111 96%
c O  0.23  0 79 4 173  8 3004  955 1.4 16 11 2 6 16% 95546 3111 96%
c i  0.24  0 77 4 190  8 3065  996 1.4 16 11 2 6 16% 95539 3110 96%
c i  0.24  0 77 4 191  8 3073 1000 1.4 16 11 2 6 15% 95537 3099 96%
c -  0.26  0 58 5 193  6 3595  719 1.5 15 10 2 6 15% 95522 3099 96%
c 2  0.30  0 38 5 193  4 4983 1339 1.4 13 9 2 6 14% 95520 3087 95%
c =  0.31  0 38 5 193  4 4983 1339 1.4 13 9 2 6 14% 95494 3086 95%
c t  0.32  0 38 5 193  4 4983 1338 1.4 13 9 2 6 14% 95494 3086 95%
c -  0.33  0 37 6 193  4 5094 1305 1.4 13 9 6 10 14% 95494 3086 95%
c #  0.38  0 33 6 327  4 6006 1785 1.4 13 9 5 9 14% 95455 3086 95%
c i  0.38  0 33 6 337  4 6046 1816 1.4 13 9 5 10 14% 95450 3051 94%
c i  0.39  0 32 6 370  4 6181 1926 1.4 14 9 5 10 14% 95450 3050 94%
c i  0.39  0 32 6 370  4 6186 1926 1.4 14 9 5 10 14% 95448 3003 93%
c i  0.42  0 31 6 474  4 6598 2231 1.4 14 10 5 10 14% 95437 3002 93%
c i  0.42  0 31 6 498  4 6696 2296 1.4 14 10 5 10 14% 95431 2993 93%
c -  0.44  0 31 7 532  4 6878 1781 1.4 15 10 5 10 14% 95327 2993 93%
c i  0.44  0 31 7 538  4 6959 1852 1.5 15 10 5 10 14% 95327 2963 92%
c i  0.44  0 31 7 539  4 6960 1852 1.5 15 10 5 10 14% 95327 2956 91%
c }  0.45  0 31 7 573  4 7093 1964 1.5 15 10 5 11 14% 95327 2956 91%
c 
c  seconds  reduction conflicts       size  tier2      variables
c         MB    restarts   redundant     glue  trail        remaining
c          level     rate       size/glue tier1  irredundant
c 
c [  0.45  0 12 7 573  1 7093 1964 1.6 14 8 2 6 15% 95327 2956 91%
c 2  0.47  0 15 7 573  1 7586 2342 1.6 17 11 2 6 16% 95326 2949 91%
c -  0.55  0 16 8 574  1 8954 1959 1.5 19 12 2 6 17% 95282 2949 91%
c s  0.58  0 17 8 575  1 9822 2454 1.5 20 13 6 14 17% 95262 2949 91%
c t  0.59  0 17 8 575  1 9822 2454 1.5 20 13 6 14 17% 95255 2949 91%
c e  0.60  0 17 8 575  1 9822 2148 1.5 20 13 6 14 17% 90620 521 16%
c s  0.60  0 17 8 575  1 9822 2148 1.5 20 13 6 14 17% 90619 521 16%
c I  0.63  0 17 8 575  1 10010 2267 1.5 20 13 6 14 20% 90619 521 16%
c -  0.67  0 17 9 576  1 11319 2005 1.5 20 13 6 14 16% 90619 521 16%
c u  0.74  0 17 9 577  1 13068 3406 1.6 22 13 6 14 19% 90619 521 16%
c v  0.74  0 17 9 577  1 13068 3403 1.6 22 13 6 14 19% 90619 521 16%
c w  0.74  0 17 9 577  1 13068 3403 1.6 22 13 6 14 19% 90619 521 16%
c -  0.78  0 18 10 578  1 13978 2677 1.6 22 13 7 15 20% 90619 521 16%
c ]  0.79  0 18 10 578  1 14316 2926 1.6 22 13 7 15 20% 90619 521 16%
c {  0.79  0 31 10 578  4 14316 2926 1.5 15 10 5 11 89% 90619 521 16%
c B  0.83  0 30 10 754  4 15011 3503 1.5 16 11 5 11 81% 90619 521 16%
c -  0.90  0 26 11 894  3 16934 3339 1.5 17 11 5 11 65% 90646 521 16%
c -  1.03  0 23 12 1136  3 20187 4217 1.6 18 11 5 11 51% 90646 521 16%
c W  1.13  0 23 12 1315  3 21012 4811 1.6 18 11 5 11 48% 90646 521 16%
c -  1.24  0 22 13 1759  2 23739 4935 1.6 19 12 6 12 43% 90646 521 16%
c 
c  seconds  reductions   conflicts       size   tier2       variables
c         MB     restarts     redundant     glue    trail       remaining
c          level       rate        size/glue  tier1   irredundant
c 
c }  1.37  0 21 13 2149  2 26809 7324 1.6 20 12 6 12 38% 90646 521 16%
c [  1.37  0 18 13 2149  1 26809 7324 1.6 22 13 7 15 20% 90646 521 16%
c -  1.40  0 18 14 2149  1 27591 5364 1.6 22 14 7 15 20% 90646 521 16%
c B  1.42  0 18 14 2149  1 28013 5638 1.6 22 14 7 15 19% 90646 521 16%
c u  1.44  0 18 14 2149  1 28102 5669 1.6 22 14 7 15 19% 90646 521 16%
c v  1.44  0 18 14 2149  1 28102 5664 1.6 22 14 7 15 19% 90646 521 16%
c w  1.44  0 18 14 2149  1 28102 5661 1.6 22 14 7 15 19% 90646 521 16%
c t  1.44  0 18 14 2149  1 28102 5660 1.6 22 14 7 15 19% 90646 521 16%
c -  1.56  0 19 15 2151  1 31744 5188 1.5 23 15 7 15 19% 90646 521 16%
c W  1.73  0 19 15 2154  1 36015 7965 1.5 24 16 7 15 19% 90646 521 16%
c -  1.75  0 19 16 2154  1 36198 4993 1.5 24 16 7 15 19% 90646 521 16%
c s  1.89  0 19 16 2156  1 39592 7480 1.6 24 15 6 15 20% 90642 521 16%
c s  1.90  0 19 16 2156  1 39592 7450 1.6 24 15 6 15 20% 90629 521 16%
c -  1.96  0 19 17 2156  1 40955 6011 1.6 24 15 6 15 20% 90629 521 16%
c ]  1.99  0 19 17 2156  1 41778 6587 1.6 24 15 6 15 20% 90629 521 16%
c {  1.99  0 21 17 2156  2 41778 6587 1.6 20 12 6 12 38% 90629 521 16%
c F  2.13  0 21 17 2576  2 45020 8908 1.6 20 13 6 12 35% 90629 521 16%
c -  2.19  0 21 18 2749  2 46016 7011 1.6 20 13 6 12 34% 90629 521 16%
c p  2.19  0 21 18 2749  2 46016 7024 1.6 20 13 6 12 34% 90629 521 16%
c u  2.20  0 21 18 2749  2 46016 6972 1.6 20 13 6 12 34% 90629 521 16%
c 
c  seconds  reductions   conflicts       size   tier2       variables
c         MB     restarts     redundant     glue    trail       remaining
c          level       rate        size/glue  tier1   irredundant
c 
c v  2.21  0 21 18 2749  2 46016 6968 1.6 20 13 6 12 34% 90629 521 16%
c w  2.21  0 21 18 2749  2 46016 6965 1.6 20 13 6 12 34% 90629 521 16%
c x  2.21  0 21 18 2749  2 46016 6965 1.6 20 13 6 12 34% 90627 521 16%
c -  2.43  0 20 19 3373  2 51378 7578 1.6 20 13 6 12 30% 90627 521 16%
c p  2.43  0 20 19 3373  2 51378 7604 1.6 20 13 6 12 30% 90627 521 16%
c B  2.55  0 20 19 3555  2 55023 10276 1.6 20 13 6 12 29% 90627 521 16%
c -  2.63  0 20 20 3902  2 57047 8503 1.6 20 13 6 12 28% 90627 521 16%
c -  2.87  0 19 21 4420  2 63019 9305 1.6 21 13 6 12 27% 90627 521 16%
c p  2.87  0 19 21 4420  2 63019 9315 1.6 21 13 6 12 27% 90627 521 16%
c u  2.92  0 19 21 4420  2 63019 9279 1.6 21 13 6 12 27% 90627 521 16%
c v  2.92  0 19 21 4420  2 63019 9275 1.6 21 13 6 12 27% 90627 521 16%
c w  2.93  0 19 21 4420  2 63019 9275 1.6 21 13 6 12 27% 90627 521 16%
c }  2.96  0 19 21 4500  2 63625 9767 1.6 21 13 6 12 26% 90627 521 16%
c [  2.96  0 19 21 4500  1 63625 9767 1.6 24 15 6 15 20% 90627 521 16%
c O  3.05  0 19 21 4501  1 66025 11554 1.6 23 15 6 15 20% 90627 521 16%
c -  3.17  0 18 22 4501  1 69294 9877 1.6 23 15 6 15 19% 90627 521 16%
c p  3.17  0 18 22 4501  1 69294 9902 1.6 23 15 6 15 19% 90627 521 16%
c -  3.40  0 18 23 4504  1 75875 10340 1.6 23 14 6 15 19% 90627 521 16%
c p  3.41  0 18 23 4504  1 75875 10360 1.6 23 14 6 15 19% 90627 521 16%
c u  3.42  0 18 23 4504  1 75875 10331 1.6 23 14 6 15 19% 90627 521 16%
c 
c  seconds  reductions   conflicts        size   tier2       variables
c         MB     restarts      redundant     glue    trail       remaining
c          level       rate         size/glue  tier1   irredundant
c 
c v  3.42  0 18 23 4504  1 75875 10320 1.6 23 14 6 15 19% 90627 521 16%
c w  3.42  0 18 23 4504  1 75875 10313 1.6 23 14 6 15 19% 90627 521 16%
c B  3.50  0 18 23 4505  1 78027 11887 1.6 23 14 6 15 19% 90627 521 16%
c -  3.67  0 17 24 4508  1 82761 10852 1.7 23 14 6 15 19% 90627 521 16%
c p  3.67  0 17 24 4508  1 82761 10876 1.7 23 14 6 15 19% 90627 521 16%
c s  3.73  0 17 24 4508  1 84248 11881 1.6 23 14 6 15 19% 90612 521 16%
c s  3.76  0 17 24 4508  1 84248 11871 1.6 23 14 6 15 19% 90578 521 16%
c ]  3.89  0 17 24 4511  1 87991 14540 1.7 23 14 6 15 19% 90578 521 16%
c {  3.89  0 19 24 4511  2 87991 14540 1.6 21 13 6 12 26% 90578 521 16%
c -  3.95  0 19 25 4535  2 89953 11676 1.6 21 13 6 12 26% 90578 521 16%
c p  3.96  0 19 25 4535  2 89953 11686 1.6 21 13 6 12 26% 90578 521 16%
c u  3.97  0 19 25 4535  2 89953 11670 1.6 21 13 6 12 26% 90578 521 16%
c v  3.97  0 19 25 4535  2 89953 11664 1.6 21 13 6 12 26% 90578 521 16%
c w  3.97  0 19 25 4535  2 89953 11662 1.6 21 13 6 12 26% 90578 521 16%
c x  3.98  0 19 25 4535  2 89953 11662 1.6 21 13 6 12 26% 90578 521 16%
c W  4.15  0 19 25 4539  2 91028 12370 1.6 21 13 6 12 26% 90578 521 16%
c -  4.37  0 18 26 4647  2 97451 12821 1.6 21 13 6 12 24% 90578 521 16%
c p  4.38  0 18 26 4647  2 97451 12846 1.6 21 13 6 12 24% 90578 521 16%
c #  4.67  0 18 26 5220  2 105030 17920 1.6 20 13 6 12 23% 90578 521 16%
c -  4.69  0 18 27 5220  2 105255 13913 1.6 20 13 6 12 23% 90578 521 16%
c 
c  seconds  reductions   conflicts         size   tier2       variables
c         MB     restarts       redundant     glue    trail       remaining
c          level       rate          size/glue  tier1   irredundant
c 
c p  4.69  0 18 27 5220  2 105255 13921 1.6 20 13 6 12 23% 90578 521 16%
c u  4.75  0 18 27 5220  2 105255 13854 1.6 20 13 6 12 23% 90578 521 16%
c v  4.75  0 18 27 5220  2 105255 13851 1.6 20 13 6 12 23% 90578 521 16%
c w  4.76  0 18 27 5220  2 105255 13850 1.6 20 13 6 12 23% 90578 521 16%
c -  4.97  0 16 28 5220  2 113365 14442 1.6 19 12 6 12 21% 90578 521 16%
c p  4.97  0 16 28 5220  2 113365 14452 1.6 19 12 6 12 21% 90578 521 16%
c B  5.14  0 16 28 5243  2 120034 18302 1.6 19 12 6 12 21% 90578 521 16%
c -  5.22  0 16 29 5430  2 121786 16133 1.6 19 12 6 12 21% 90578 521 16%
c p  5.22  0 16 29 5430  2 121786 16157 1.6 19 12 6 12 21% 90578 521 16%
c }  5.47  0 16 29 6575  2 127126 20046 1.6 19 12 6 12 20% 90578 521 16%
c [  5.47  0 17 29 6575  1 127126 20046 1.7 23 14 6 15 19% 90578 521 16%
c -  5.60  0 17 30 6577  1 130512 16461 1.7 23 14 6 15 19% 90578 521 16%
c p  5.60  0 17 30 6577  1 130512 16469 1.7 23 14 6 15 19% 90578 521 16%
c u  5.62  0 17 30 6577  1 130512 16439 1.7 23 14 6 15 19% 90578 521 16%
c v  5.63  0 17 30 6577  1 130512 16433 1.7 23 14 6 15 19% 90578 521 16%
c w  5.63  0 17 30 6577  1 130512 16421 1.7 23 14 6 15 19% 90578 521 16%
c x  5.63  0 17 30 6577  1 130512 16420 1.7 23 14 6 15 19% 90487 521 16%
c W  5.94  0 18 30 6579  1 136036 20355 1.6 23 14 6 15 19% 90487 521 16%
c -  6.06  0 17 31 6580  1 139543 16253 1.6 23 14 5 14 19% 90487 521 16%
c p  6.06  0 17 31 6580  1 139543 16278 1.6 23 14 5 14 19% 90487 521 16%
c 
c  seconds  reductions   conflicts         size   tier2       variables
c         MB     restarts       redundant     glue    trail       remaining
c          level       rate          size/glue  tier1   irredundant
c 
c s  6.24  0 17 31 6580  1 143783 19011 1.6 23 14 5 14 19% 90413 521 16%
c s  6.26  0 17 31 6580  1 143783 18998 1.6 23 14 5 14 19% 90375 521 16%
c -  6.50  0 17 32 6581  1 148881 17397 1.6 23 14 5 14 19% 90375 521 16%
c p  6.50  0 17 32 6581  1 148881 17430 1.6 23 14 5 14 19% 90375 521 16%
c u  6.52  0 17 32 6581  1 148881 17412 1.6 23 14 5 14 19% 90375 521 16%
c v  6.52  0 17 32 6581  1 148881 17404 1.6 23 14 5 14 19% 90375 521 16%
c w  6.52  0 17 32 6581  1 148881 17398 1.6 23 14 5 14 19% 90375 521 16%
c x  6.53  0 17 32 6581  1 148881 17396 1.6 23 14 5 14 19% 90371 521 16%
c I  6.69  0 17 32 6581  1 153039 20096 1.6 23 14 5 14 19% 90371 521 16%
c -  6.91  0 17 33 6581  1 158527 19525 1.7 23 14 5 14 19% 90371 521 16%
c p  6.92  0 17 33 6581  1 158527 19533 1.7 23 14 5 14 19% 90371 521 16%
c ]  7.04  0 17 33 6581  1 161461 21663 1.7 23 14 5 14 19% 90371 521 16%
c {  7.04  0 16 33 6581  2 161461 21663 1.6 19 12 6 12 20% 90371 521 16%
c -  7.39  0 16 34 7481  2 168481 20734 1.6 20 12 6 12 20% 90371 521 16%
c p  7.40  0 16 34 7481  2 168481 20766 1.6 20 12 6 12 20% 90371 521 16%
c u  7.47  0 16 34 7481  2 168481 20750 1.6 20 12 6 12 20% 90371 521 16%
c v  7.48  0 16 34 7481  2 168481 20740 1.6 20 12 6 12 20% 90371 521 16%
c w  7.48  0 16 34 7481  2 168481 20731 1.6 20 12 6 12 20% 90371 521 16%
c x  7.48  0 16 34 7481  2 168481 20731 1.6 20 12 6 12 20% 90369 521 16%
c W  7.67  0 16 34 7653  2 171040 22524 1.6 20 12 6 12 20% 90369 521 16%
c 
c  seconds  reductions   conflicts         size   tier2       variables
c         MB     restarts       redundant     glue    trail       remaining
c          level       rate          size/glue  tier1   irredundant
c 
c -  8.03  0 16 35 8490  2 178742 21220 1.6 20 12 6 12 20% 90369 521 16%
c p  8.03  0 16 35 8490  2 178742 21252 1.6 20 12 6 12 20% 90369 521 16%
c -  8.47  0 16 36 9487  2 189312 22019 1.6 20 12 6 12 20% 90369 521 16%
c p  8.48  0 16 36 9487  2 189312 22026 1.6 20 12 6 12 20% 90369 521 16%
c u  8.49  0 16 36 9487  2 189312 22006 1.6 20 12 6 12 20% 90369 521 16%
c v  8.50  0 16 36 9487  2 189312 22005 1.6 20 12 6 12 20% 90369 521 16%
c w  8.50  0 16 36 9487  2 189312 21994 1.6 20 12 6 12 20% 90369 521 16%
c x  8.51  0 16 36 9487  2 189312 21994 1.6 20 12 6 12 20% 90368 521 16%
c F  8.55  0 16 36 9511  2 190043 22524 1.6 20 12 6 12 20% 90368 521 16%
c -  8.99  0 16 37 10196  1 200189 23446 1.6 20 12 6 12 20% 90368 521 16%
c p  9.00  0 16 37 10196  1 200189 23478 1.6 20 12 6 12 20% 90368 521 16%
c }  9.24  0 16 37 10825  1 205285 27094 1.6 20 13 4 11 20% 90368 521 16%
c [  9.24  0 17 37 10825  1 205285 27094 1.7 23 14 5 14 19% 90368 521 16%
c B  9.44  0 17 37 10829  1 210044 30494 1.7 23 14 5 14 19% 90368 521 16%
c -  9.51  0 17 38 10830  1 211374 18789 1.7 23 14 5 14 19% 90368 521 16%
c p  9.51  0 17 38 10830  1 211374 18821 1.7 23 14 5 14 19% 90368 521 16%
c u  9.53  0 17 38 10830  1 211374 18793 1.7 23 14 5 14 19% 90368 521 16%
c v  9.54  0 17 38 10830  1 211374 18789 1.7 23 14 5 14 19% 90368 521 16%
c w  9.54  0 17 38 10830  1 211374 18777 1.7 23 14 5 14 19% 90368 521 16%
c x  9.55  0 17 38 10830  1 211374 18777 1.7 23 14 5 14 19% 90365 521 16%
c 
c  seconds  reductions    conflicts         size   tier2       variables
c         MB      restarts       redundant     glue    trail       remaining
c          level        rate          size/glue  tier1   irredundant
c 
c s  9.85  0 17 38 10833  1 218168 23876 1.7 23 14 5 14 19% 90132 521 16%
c s  9.88  0 17 38 10833  1 218168 23848 1.7 23 14 5 14 19% 90065 521 16%
c - 10.09  0 17 39 10836  1 222867 16636 1.7 23 14 5 14 19% 90065 521 16%
c p 10.09  0 17 39 10836  1 222867 16668 1.7 23 14 5 14 19% 90065 521 16%
c W 10.51  0 17 39 10840  1 231045 22222 1.7 23 14 5 14 19% 90065 521 16%
c - 10.67  0 17 40 10840  1 234670 15446 1.7 23 14 5 14 19% 90065 521 16%
c p 10.67  0 17 40 10840  1 234670 15478 1.7 23 14 5 14 19% 90065 521 16%
c u 10.69  0 17 40 10840  1 234670 15380 1.7 23 14 5 14 19% 90065 521 16%
c v 10.69  0 17 40 10840  1 234670 15379 1.7 23 14 5 14 19% 90065 521 16%
c w 10.70  0 17 40 10840  1 234670 15379 1.7 23 14 5 14 19% 90065 521 16%
c x 10.70  0 17 40 10840  1 234670 15379 1.7 23 14 5 14 19% 90061 521 16%
c - 11.19  0 17 41 10846  1 246780 15487 1.7 23 14 5 14 19% 90061 521 16%
c p 11.19  0 17 41 10846  1 246780 15519 1.7 23 14 5 14 19% 90061 521 16%
c u 11.21  0 17 41 10846  1 246780 15498 1.7 23 14 5 14 19% 90061 521 16%
c v 11.21  0 17 41 10846  1 246780 15494 1.7 23 14 5 14 19% 90061 521 16%
c w 11.21  0 17 41 10846  1 246780 15494 1.7 23 14 5 14 19% 90061 521 16%
c x 11.21  0 17 41 10846  1 246780 15494 1.7 23 14 5 14 19% 90061 521 16%
c ] 11.42  0 17 41 10848  1 252211 19231 1.7 23 14 5 14 19% 90061 521 16%
c { 11.42  0 16 41 10848  1 252211 19231 1.6 20 13 4 11 20% 90061 521 16%
c B 11.46  0 16 41 10989  1 253049 19840 1.6 21 13 4 11 20% 90061 521 16%
c 
c  seconds  reductions    conflicts         size   tier2       variables
c         MB      restarts       redundant     glue    trail       remaining
c          level        rate          size/glue  tier1   irredundant
c 
c - 11.74  0 16 42 11638  1 259199 16055 1.6 21 13 4 11 20% 90061 521 16%
c p 11.75  0 16 42 11638  1 259199 16086 1.6 21 13 4 11 20% 90061 521 16%
c u 11.83  0 16 42 11638  1 259199 16075 1.6 21 13 4 11 20% 90061 521 16%
c v 11.83  0 16 42 11638  1 259199 16073 1.6 21 13 4 11 20% 90061 521 16%
c w 11.83  0 16 42 11638  1 259199 16073 1.6 21 13 4 11 20% 90061 521 16%
c x 11.84  0 16 42 11638  1 259199 16073 1.6 21 13 4 11 20% 90059 521 16%
c - 12.25  0 16 43 11890  1 271929 18634 1.6 20 12 4 11 19% 90059 521 16%
c p 12.26  0 16 43 11890  1 271929 18665 1.6 20 12 4 11 19% 90059 521 16%
c W 12.54  0 16 43 12303  1 276050 21680 1.6 20 12 4 11 19% 90059 521 16%
c - 12.89  0 16 44 12800  1 284966 20297 1.6 20 12 4 11 19% 90059 521 16%
c p 12.90  0 16 44 12800  1 284966 20328 1.6 20 12 4 11 19% 90059 521 16%
c u 12.91  0 16 44 12800  1 284966 20291 1.6 20 12 4 11 19% 90059 521 16%
c v 12.92  0 16 44 12800  1 284966 20282 1.6 20 12 4 11 19% 90059 521 16%
c w 12.92  0 16 44 12800  1 284966 20281 1.6 20 12 4 11 19% 90059 521 16%
c x 12.93  0 16 44 12800  1 284966 20281 1.6 20 12 4 11 19% 90057 521 16%
c - 13.49  0 16 45 14065  1 298312 20005 1.6 21 12 4 11 19% 90057 521 16%
c p 13.50  0 16 45 14065  1 298312 20036 1.6 21 12 4 11 19% 90057 521 16%
c u 13.51  0 16 45 14065  1 298312 20025 1.6 21 12 4 11 19% 90057 521 16%
c v 13.51  0 16 45 14065  1 298312 20015 1.6 21 12 4 11 19% 90057 521 16%
c w 13.51  0 16 45 14065  1 298312 20015 1.6 21 12 4 11 19% 90057 521 16%
c 
c  seconds  reductions    conflicts         size   tier2       variables
c         MB      restarts       redundant     glue    trail       remaining
c          level        rate          size/glue  tier1   irredundant
c 
c x 13.52  0 16 45 14065  1 298312 20015 1.6 21 12 4 11 19% 90055 521 16%
c # 13.60  0 16 45 14378  1 300053 21246 1.6 21 13 4 11 19% 90055 521 16%
c i 13.69  0 16 45 14380  1 302606 22388 1.6 20 12 4 11 19% 90055 520 16%
c s 13.92  0 16 45 14607  1 307372 25735 1.6 20 12 4 11 19% 90000 520 16%
c e 13.93  0 16 45 14607  1 307372 25645 1.6 20 12 4 11 19% 87224 516 16%
c s 13.96  0 16 45 14607  1 307372 25633 1.6 20 12 4 11 19% 87182 516 16%
c - 14.19  0 16 46 15073  1 311966 18621 1.6 20 12 4 11 19% 87182 516 16%
c p 14.20  0 16 46 15073  1 311966 18651 1.6 20 12 4 11 19% 87182 516 16%
c u 14.21  0 16 46 15073  1 311966 18620 1.6 20 12 4 11 19% 87182 516 16%
c v 14.21  0 16 46 15073  1 311966 18611 1.6 20 12 4 11 19% 87182 516 16%
c w 14.21  0 16 46 15073  1 311966 18611 1.6 20 12 4 11 19% 87182 516 16%
c x 14.22  0 16 46 15073  1 311966 18611 1.6 20 12 4 11 19% 87180 516 16%
c } 14.40  0 16 46 15244  1 316322 21483 1.7 20 12 4 11 19% 87180 516 16%
c [ 14.40  0 17 46 15244  1 316322 21483 1.7 23 14 5 14 19% 87180 516 16%
c O 14.71  0 17 46 15250  1 325054 26856 1.6 23 14 5 14 19% 87180 516 16%
c - 14.75  0 17 47 15250  1 325929 18759 1.6 23 14 5 14 19% 87180 516 16%
c p 14.75  0 17 47 15250  1 325929 18789 1.6 23 14 5 14 19% 87180 516 16%
c u 14.76  0 17 47 15250  1 325929 18773 1.6 23 14 5 14 19% 87180 516 16%
c v 14.77  0 17 47 15250  1 325929 18770 1.6 23 14 5 14 19% 87180 516 16%
c w 14.77  0 17 47 15250  1 325929 18746 1.6 23 14 5 14 19% 87180 516 16%
c 
c  seconds  reductions    conflicts         size   tier2       variables
c         MB      restarts       redundant     glue    trail       remaining
c          level        rate          size/glue  tier1   irredundant
c 
c x 14.77  0 17 47 15250  1 325929 18746 1.6 23 14 5 14 19% 87179 516 16%
c - 15.30  0 16 48 15252  1 340201 20115 1.7 22 14 4 11 19% 87179 516 16%
c p 15.31  0 16 48 15252  1 340201 20145 1.7 22 14 4 11 19% 87179 516 16%
c u 15.32  0 16 48 15252  1 340201 20130 1.7 22 14 4 11 19% 87179 516 16%
c v 15.32  0 16 48 15252  1 340201 20129 1.7 22 14 4 11 19% 87179 516 16%
c w 15.32  0 16 48 15252  1 340201 20123 1.7 22 14 4 11 19% 87179 516 16%
c x 15.33  0 16 48 15252  1 340201 20121 1.7 22 14 4 11 19% 87177 516 16%
c B 15.74  0 16 48 15252  1 351055 27300 1.7 22 13 4 11 19% 87177 516 16%
c - 15.91  0 16 49 15253  1 354782 22965 1.7 22 13 4 11 19% 87177 516 16%
c p 15.92  0 16 49 15253  1 354782 22995 1.7 22 13 4 11 19% 87177 516 16%
c u 15.93  0 16 49 15253  1 354782 22971 1.7 22 13 4 11 19% 87177 516 16%
c v 15.94  0 16 49 15253  1 354782 22968 1.7 22 13 4 11 19% 87177 516 16%
c w 15.94  0 16 49 15253  1 354782 22957 1.7 22 13 4 11 19% 87177 516 16%
c x 15.94  0 16 49 15253  1 354782 22956 1.7 22 13 4 11 19% 87170 516 16%
c i 16.26  0 15 49 15253  1 362932 28110 1.7 22 13 4 11 19% 87170 514 16%
c - 16.61  0 15 50 15253  1 369675 22895 1.7 22 13 4 11 19% 84393 514 16%
c 2 16.61  0 15 50 15253  1 369675 22894 1.7 22 13 4 11 19% 84393 514 16%
c p 16.61  0 15 50 15253  1 369675 22919 1.7 22 13 4 11 19% 84393 514 16%
c u 16.62  0 15 50 15253  1 369675 22896 1.7 22 13 4 11 19% 84393 514 16%
c v 16.63  0 15 50 15253  1 369675 22892 1.7 22 13 4 11 19% 84393 514 16%
c 
c  seconds  reductions    conflicts         size   tier2       variables
c         MB      restarts       redundant     glue    trail       remaining
c          level        rate          size/glue  tier1   irredundant
c 
c w 16.63  0 15 50 15253  1 369675 22886 1.7 22 13 4 11 19% 84393 514 16%
c x 16.63  0 15 50 15253  1 369675 22885 1.7 22 13 4 11 19% 84386 514 16%
c ] 17.00  0 15 50 15253  1 377853 27886 1.7 21 12 4 11 18% 84386 514 16%
c { 17.00  0 16 50 15253  1 377853 27886 1.7 20 12 4 11 19% 84386 514 16%
c B 17.01  0 16 50 15307  1 378056 28030 1.7 20 12 4 11 19% 84386 514 16%
c - 17.32  0 15 51 15535  1 384878 24713 1.7 20 12 4 11 19% 84386 514 16%
c p 17.32  0 15 51 15535  1 384878 24738 1.7 20 12 4 11 19% 84386 514 16%
c u 17.42  0 15 51 15535  1 384878 24723 1.7 20 12 4 11 19% 84386 514 16%
c v 17.43  0 15 51 15535  1 384878 24719 1.7 20 12 4 11 19% 84386 514 16%
c w 17.43  0 15 51 15535  1 384878 24719 1.7 20 12 4 11 19% 84386 514 16%
c x 17.44  0 15 51 15535  1 384878 24719 1.7 20 12 4 11 19% 84381 514 16%
c - 18.07  0 15 52 15716  1 400387 25625 1.7 20 12 4 10 18% 84381 514 16%
c p 18.07  0 15 52 15716  1 400387 25652 1.7 20 12 4 10 18% 84381 514 16%
c u 18.09  0 15 52 15716  1 400387 25632 1.7 20 12 4 10 18% 84381 514 16%
c v 18.09  0 15 52 15716  1 400387 25628 1.7 20 12 4 10 18% 84381 514 16%
c w 18.09  0 15 52 15716  1 400387 25628 1.7 20 12 4 10 18% 84381 514 16%
c x 18.10  0 15 52 15716  1 400387 25623 1.7 20 12 4 10 18% 84374 514 16%
c W 18.69  0 15 52 15735  1 406060 29322 1.7 20 12 4 10 18% 84374 514 16%
c s 18.94  0 15 52 15848  1 410982 32326 1.7 20 12 4 10 18% 83993 514 16%
c e 18.95  0 15 52 15848  1 410982 31984 1.7 20 12 4 10 18% 83988 509 16%
c 
c  seconds  reductions    conflicts         size   tier2       variables
c         MB      restarts       redundant     glue    trail       remaining
c          level        rate          size/glue  tier1   irredundant
c 
c s 18.99  0 15 52 15848  1 410982 31969 1.7 20 12 4 10 18% 83685 509 16%
c - 19.25  0 15 53 15937  1 416206 27143 1.7 20 12 4 10 18% 83685 509 16%
c p 19.25  0 15 53 15937  1 416206 27177 1.7 20 12 4 10 18% 83685 509 16%
c u 19.27  0 15 53 15937  1 416206 27162 1.7 20 12 4 10 18% 83685 509 16%
c v 19.27  0 15 53 15937  1 416206 27153 1.7 20 12 4 10 18% 83685 509 16%
c w 19.27  0 15 53 15937  1 416206 27153 1.7 20 12 4 10 18% 83685 509 16%
c x 19.28  0 15 53 15937  1 416206 27152 1.7 20 12 4 10 18% 83682 509 16%
c - 20.03  0 14 54 16216  1 432335 28052 1.7 20 11 4 10 18% 83682 509 16%
c p 20.03  0 14 54 16216  1 432335 28085 1.7 20 11 4 10 18% 83682 509 16%
c u 20.04  0 14 54 16216  1 432335 28066 1.7 20 11 4 10 18% 83682 509 16%
c v 20.05  0 14 54 16216  1 432335 28045 1.7 20 11 4 10 18% 83682 509 16%
c w 20.05  0 14 54 16216  1 432335 27211 1.7 20 11 4 10 18% 83682 509 16%
c x 20.06  0 14 54 16216  1 432335 27208 1.7 20 11 4 10 18% 83556 509 16%
c F 20.18  0 14 54 16235  1 435061 28855 1.7 20 11 4 10 18% 83556 509 16%
c - 20.80  0 14 55 16659  1 448776 28943 1.7 19 11 4 10 18% 83556 509 16%
c p 20.80  0 14 55 16659  1 448776 28976 1.7 19 11 4 10 18% 83556 509 16%
c u 20.82  0 14 55 16659  1 448776 28950 1.7 19 11 4 10 18% 83556 509 16%
c v 20.82  0 14 55 16659  1 448776 28934 1.7 19 11 4 10 18% 83556 509 16%
c w 20.83  0 14 55 16659  1 448776 28903 1.7 19 11 4 10 18% 83556 509 16%
c x 20.83  0 14 55 16659  1 448776 28900 1.7 19 11 4 10 18% 83548 509 16%
c 
c  seconds  reductions    conflicts         size   tier2       variables
c         MB      restarts       redundant     glue    trail       remaining
c          level        rate          size/glue  tier1   irredundant
c 
c } 21.00  0 14 55 16813  1 452316 30885 1.7 19 11 4 10 18% 83548 509 16%
c [ 21.00  0 15 55 16813  1 452316 30885 1.7 21 12 4 11 18% 83548 509 16%
c i 21.33  0 15 55 16813  1 459973 35287 1.7 21 12 4 11 18% 83548 508 16%
c W 21.75  0 14 55 16817  1 465062 26502 1.7 21 12 4 10 18% 70561 508 16%
c - 21.78  0 14 56 16818  1 465524 20188 1.7 21 12 4 10 18% 70561 508 16%
c 2 21.78  0 14 56 16818  1 465524 20187 1.7 21 12 4 10 18% 70561 508 16%
c p 21.78  0 14 56 16818  1 465524 20221 1.7 21 12 4 10 18% 70561 508 16%
c u 21.79  0 14 56 16818  1 465524 20173 1.7 21 12 4 10 18% 70561 508 16%
c v 21.80  0 14 56 16818  1 465524 20153 1.7 21 12 4 10 18% 70561 508 16%
c w 21.80  0 14 56 16818  1 465524 20145 1.7 21 12 4 10 18% 70561 508 16%
c x 21.81  0 14 56 16818  1 465524 20143 1.7 21 12 4 10 18% 70545 508 16%
c t 21.81  0 14 56 16818  1 465524 20142 1.7 21 12 4 10 18% 70545 508 16%
c i 22.04  0 14 56 16820  1 471086 23123 1.7 21 12 4 10 18% 70545 506 16%
c i 22.21  0 14 56 16823  1 475418 25424 1.7 20 12 4 10 18% 70545 505 16%
c i 22.28  0 14 56 16824  1 477263 26420 1.7 20 12 4 10 18% 70545 504 16%
c i 22.29  0 14 56 16824  1 477652 26600 1.7 20 12 4 10 18% 70545 495 15%
c i 22.29  0 14 56 16824  1 477726 26615 1.7 20 12 4 10 18% 70545 486 15%
c i 22.30  0 14 56 16824  1 477738 26618 1.7 20 12 4 10 18% 70545 467 14%
c i 22.30  0 14 56 16824  1 477740 26618 1.7 20 12 4 10 18% 70545 461 14%
c ] 22.30  0 14 56 16824  1 477742 26618 1.7 20 12 4 10 18% 70545 454 14%
c 
c  seconds  reductions    conflicts         size   tier2       variables
c         MB      restarts       redundant     glue    trail       remaining
c          level        rate          size/glue  tier1   irredundant
c 
c 0 22.30  0 14 56 16824  1 477742 26618 1.7 20 12 4 10 18% 70545 454 14%
c 
c --- [ closing proof ] ------------------------------------------------------
c 
c LRAT proof file 'data/a4_m14/F.lrat' closed
c LRAT 624843 added clauses 50.08%
c LRAT 622935 deleted clauses 49.92%
c LRAT 135116749 bytes (128.86 MB)
c 
c --- [ result ] -------------------------------------------------------------
c 
s UNSATISFIABLE
c 
c --- [ run-time profiling ] -------------------------------------------------
c 
c process time taken by individual solving procedures
c (percentage relative to process time for solving)
c 
c        20.61   92.64% search
c        10.90   49.01% unstable
c         8.51   38.27% stable
c         1.64    7.36% simplify
c         1.19    5.34% walk
c         0.66    2.97% vivify
c         0.41    1.83% sweep
c         0.25    1.11% subsume
c         0.12    0.52% elim
c         0.06    0.29% probe
c         0.05    0.23% parse
c         0.03    0.12% congruence
c         0.02    0.10% ternary
c         0.01    0.03% lucky
c         0.00    0.01% backbone
c   =================================
c        22.24   99.77% solve
c 
c last line shows process time for solving
c (percentage relative to total process time)
c 
c --- [ statistics ] ---------------------------------------------------------
c 
c chronological:             45581         9.54 %  of conflicts
c conflicts:                477742     21477.87    per second
c backbone:                 135771      4198.24 %  of vars
c decisions:                585059     26302.53    per second
c eliminated:                 1898        58.69 %  of all variables
c fixed:                       881        27.24 %  of all variables
c learned:                  471089        98.61 %  per conflict
c learned_lits:           14076746       100.00 %  learned literals
c minimized:                     0         0.00 %  learned literals
c shrunken:                2905982        20.64 %  learned literals
c minishrunken:            1493422        10.61 %  learned literals
c otfs:                       2634         0.55 %  of conflict
c propagations:            8857208         0.40 M  per second
c reduced:                  267600        56.01 %  per conflict
c rephased:                     30     15924.73    interval
c restarts:                  16824        28.40    interval
c stabilizing:                   8        45.20 %  of conflicts
c substituted:                   1         0.03 %  of all variables
c subsumed:                 163260        28.58 %  of all clauses
c strengthened:              17628         3.09 %  of all clauses
c ticks:                1843094319       211.02    propagation
c vivified:                   2891         0.51 %  of all clauses
c walked:                        9     53082.44    interval
c weakened:                   4762         2.55    average size
c congruence:                    9     53082.44    interval
c 
c seconds are measured in process time for solving
c 
c --- [ glue usage ] ---------------------------------------------------------
c 
c focused glue 4 used 111920 clauses 9.031% accumulated 58.10% tier1
c focused glue 5 used 79984 clauses 6.454% accumulated 64.55%
c focused glue 6-8 used 160436 clauses 12.94% accumulated 77.50%
c focused glue 9 used 49155 clauses 3.966% accumulated 81.47%
c focused glue 10 used 45942 clauses 3.707% accumulated 85.17% tier2
c 
c stable glue 4 used 108221 clauses 9.298% accumulated 56.80% tier1
c stable glue 5 used 75414 clauses 6.479% accumulated 63.28%
c stable glue 6-8 used 135281 clauses 11.62% accumulated 74.90%
c stable glue 9 used 41077 clauses 3.529% accumulated 78.43%
c stable glue 10 used 40562 clauses 3.485% accumulated 81.91% tier2
c 
c 
c --- [ resources ] ----------------------------------------------------------
c 
c total process time since initialization:        22.30    seconds
c total real time since initialization:           22.38    seconds
c maximum resident set size of process:          209.55    MB
c 
c --- [ shutting down ] ------------------------------------------------------
c 
c exit 20
