# A4 member 4: slack=0 e=156 n=28 mults=[05:2 06:6 14:4 15:4 23:5 24:1 25:2 34:2 36:1 46:1] generators=18 backend=boyer Fri Oct  2 20:26:38 2026 cube=[-105, -94, -136, -143, -106, -145]
[f034-a4-04-e156] n=28 m=156 cap=78 | 415 K5s, 3798 K3,3s, 18 sym generators, 41175 clauses, propagator check_at=9 planarity=boyer, clause dump -> /root/earth-moon/population/f034-a4-cert/cs-a4_m04c/s/n105_n94_n136_n143_n106_n145/dump.jsonl
    ... {'checks': 50000, 'confl': 11916, 'model_rej': 0} 3s
    ... {'checks': 100000, 'confl': 22586, 'model_rej': 0} 5s
    ... {'checks': 150000, 'confl': 32339, 'model_rej': 0} 8s
    ... {'checks': 200000, 'confl': 41322, 'model_rej': 0} 11s
    ... {'checks': 250000, 'confl': 50524, 'model_rej': 0} 13s
    ... {'checks': 300000, 'confl': 60769, 'model_rej': 0} 16s
    ... {'checks': 350000, 'confl': 69368, 'model_rej': 0} 20s
    ... {'checks': 400000, 'confl': 77707, 'model_rej': 0} 23s
    ... {'checks': 450000, 'confl': 85588, 'model_rej': 0} 26s
    ... {'checks': 500000, 'confl': 93448, 'model_rej': 0} 30s
    ... {'checks': 550000, 'confl': 101859, 'model_rej': 0} 34s
    ... {'checks': 600000, 'confl': 110383, 'model_rej': 0} 38s
    ... {'checks': 650000, 'confl': 118352, 'model_rej': 0} 41s
    ... {'checks': 700000, 'confl': 126751, 'model_rej': 0} 45s
    ... {'checks': 750000, 'confl': 134623, 'model_rej': 0} 48s
    ... {'checks': 800000, 'confl': 140344, 'model_rej': 0} 53s
    ... {'checks': 850000, 'confl': 148536, 'model_rej': 0} 56s
    ... {'checks': 900000, 'confl': 155903, 'model_rej': 0} 61s
    ... {'checks': 950000, 'confl': 162375, 'model_rej': 0} 64s
    ... {'checks': 1000000, 'confl': 169028, 'model_rej': 0} 69s
    ... {'checks': 1050000, 'confl': 175185, 'model_rej': 0} 73s
    ... {'checks': 1100000, 'confl': 181123, 'model_rej': 0} 78s
    ... {'checks': 1150000, 'confl': 186763, 'model_rej': 0} 81s
    ... {'checks': 1200000, 'confl': 192517, 'model_rej': 0} 87s
    ... {'checks': 1250000, 'confl': 198160, 'model_rej': 0} 92s
    ... {'checks': 1300000, 'confl': 204168, 'model_rej': 0} 97s
    ... {'checks': 1350000, 'confl': 210101, 'model_rej': 0} 102s
    ... {'checks': 1400000, 'confl': 215622, 'model_rej': 0} 108s
    ... {'checks': 1450000, 'confl': 221141, 'model_rej': 0} 115s
    ... {'checks': 1500000, 'confl': 226086, 'model_rej': 0} 120s
    ... {'checks': 1550000, 'confl': 230994, 'model_rej': 0} 125s
    ... {'checks': 1600000, 'confl': 235952, 'model_rej': 0} 131s
    ... {'checks': 1650000, 'confl': 240469, 'model_rej': 0} 137s
    ... {'checks': 1700000, 'confl': 245608, 'model_rej': 0} 142s
    ... {'checks': 1750000, 'confl': 250008, 'model_rej': 0} 150s
    ... {'checks': 1800000, 'confl': 253781, 'model_rej': 0} 155s
    ... {'checks': 1850000, 'confl': 259217, 'model_rej': 0} 159s
    ... {'checks': 1900000, 'confl': 263205, 'model_rej': 0} 164s
    ... {'checks': 1950000, 'confl': 266868, 'model_rej': 0} 169s
    ... {'checks': 2000000, 'confl': 270690, 'model_rej': 0} 176s
    ... {'checks': 2050000, 'confl': 274753, 'model_rej': 0} 180s
    ... {'checks': 2100000, 'confl': 278402, 'model_rej': 0} 186s
    ... {'checks': 2150000, 'confl': 281880, 'model_rej': 0} 190s
    ... {'checks': 2200000, 'confl': 284645, 'model_rej': 0} 196s
    ... {'checks': 2250000, 'confl': 287768, 'model_rej': 0} 201s
    ... {'checks': 2300000, 'confl': 292383, 'model_rej': 0} 209s
    ... {'checks': 2350000, 'confl': 297341, 'model_rej': 0} 213s
    ... {'checks': 2400000, 'confl': 302997, 'model_rej': 0} 218s
    ... {'checks': 2450000, 'confl': 307094, 'model_rej': 0} 223s
    ... {'checks': 2500000, 'confl': 311566, 'model_rej': 0} 228s
    ... {'checks': 2550000, 'confl': 315922, 'model_rej': 0} 233s
    ... {'checks': 2600000, 'confl': 318804, 'model_rej': 0} 238s
    ... {'checks': 2650000, 'confl': 322185, 'model_rej': 0} 246s
    ... {'checks': 2700000, 'confl': 325545, 'model_rej': 0} 250s
    ... {'checks': 2750000, 'confl': 328076, 'model_rej': 0} 255s
    ... {'checks': 2800000, 'confl': 331260, 'model_rej': 0} 260s
    ... {'checks': 2850000, 'confl': 334992, 'model_rej': 0} 267s
    ... {'checks': 2900000, 'confl': 337798, 'model_rej': 0} 274s
    ... {'checks': 2950000, 'confl': 341784, 'model_rej': 0} 280s
    ... {'checks': 3000000, 'confl': 345131, 'model_rej': 0} 286s
    ... {'checks': 3050000, 'confl': 348541, 'model_rej': 0} 296s
    ... {'checks': 3100000, 'confl': 351822, 'model_rej': 0} 306s
    ... {'checks': 3150000, 'confl': 355069, 'model_rej': 0} 313s
    ... {'checks': 3200000, 'confl': 358782, 'model_rej': 0} 319s
    ... {'checks': 3250000, 'confl': 362502, 'model_rej': 0} 326s
    ... {'checks': 3300000, 'confl': 365964, 'model_rej': 0} 332s
    ... {'checks': 3350000, 'confl': 368076, 'model_rej': 0} 338s
    ... {'checks': 3400000, 'confl': 370526, 'model_rej': 0} 346s
    ... {'checks': 3450000, 'confl': 373778, 'model_rej': 0} 352s
    ... {'checks': 3500000, 'confl': 376898, 'model_rej': 0} 362s
    ... {'checks': 3550000, 'confl': 379089, 'model_rej': 0} 369s
    ... {'checks': 3600000, 'confl': 382665, 'model_rej': 0} 377s
    ... {'checks': 3650000, 'confl': 385688, 'model_rej': 0} 385s
    ... {'checks': 3700000, 'confl': 388490, 'model_rej': 0} 392s
    ... {'checks': 3750000, 'confl': 391047, 'model_rej': 0} 398s
    ... {'checks': 3800000, 'confl': 394456, 'model_rej': 0} 404s
    ... {'checks': 3850000, 'confl': 397299, 'model_rej': 0} 410s
    ... {'checks': 3900000, 'confl': 400893, 'model_rej': 0} 416s
    ... {'checks': 3950000, 'confl': 403775, 'model_rej': 0} 422s
    ... {'checks': 4000000, 'confl': 406785, 'model_rej': 0} 432s
    ... {'checks': 4050000, 'confl': 409901, 'model_rej': 0} 437s
    ... {'checks': 4100000, 'confl': 413309, 'model_rej': 0} 444s
    ... {'checks': 4150000, 'confl': 415903, 'model_rej': 0} 450s
    ... {'checks': 4200000, 'confl': 418099, 'model_rej': 0} 456s
[f034-a4-04-e156] stats: {'checks': 4215151, 'confl': 418807, 'model_rej': 0}
[f034-a4-04-e156] clause dump closed: {'preseed': 8426, 'prop': 837614, 'model': 0}
[f034-a4-04-e156] UNSAT in 458.1s — NOT BIPLANAR (subject to control validation)
RESULT f034-a4-04-e156 UNSAT 458.3s
