# lean_static_resolve 2026-10-02 19:33:11
# dump=/root/earth-moon/population/f034-a4-cert/cs-a4_m09c/s/n101_p106_p108_p141/dump.jsonl raw=14266 dedup=14266 footer={'type': 'footer', 'verdict': 'UNSAT', 'counts': {'preseed': 8900, 'prop': 5366, 'model': 0}, 'stats': {'checks': 12964, 'confl': 2683, 'model_rej': 0}, 'time': '2026-10-02T19:19:12+0000'}
# counters=False
$ /root/bin/cadical --lrat --no-binary --no-factor /root/earth-moon/population/f034-a4-cert/cs-a4_m09c/r/n101_p106_p108_p141/round-0/F.cnf /root/earth-moon/population/f034-a4-cert/cs-a4_m09c/r/n101_p106_p108_p141/round-0/F.lrat
c --- [ banner ] -------------------------------------------------------------
c 
c CaDiCaL SAT Solver
c Copyright (c) 2016-2026
c A. Biere, M. Fleury, N. Froleyks, K. Fazekas, F. Pollitt, T. Faller
c JKU Linz, University of Freiburg, TU Wien
c 
c Version 3.0.1 c60730422e758ef1cebe7aeddf2dda31c996bf04
c g++ (Ubuntu 13.3.0-6ubuntu2~24.04.1) 13.3.0 -Wall -Wextra -O3 -DNDEBUG
c Fri Oct 2 18:00:09 UTC 2026 Linux ai-math 6.8.0-139-generic x86_64
c 
c --- [ proof tracing ] ------------------------------------------------------
c 
c opening file to write '/root/earth-moon/population/f034-a4-cert/cs-a4_m09c/r/n101_p106_p108_p141/round-0/F.lrat'
c writing non-binary proof trace to '/root/earth-moon/population/f034-a4-cert/cs-a4_m09c/r/n101_p106_p108_p141/round-0/F.lrat'
c 
c --- [ parsing input ] ------------------------------------------------------
c 
c reading DIMACS file from '/root/earth-moon/population/f034-a4-cert/cs-a4_m09c/r/n101_p106_p108_p141/round-0/F.cnf'
c opening file to read '/root/earth-moon/population/f034-a4-cert/cs-a4_m09c/r/n101_p106_p108_p141/round-0/F.cnf'
c found 'p cnf 2808 22210' header
c parsed 22210 clauses in 0.02 seconds process time
c 
c --- [ options ] ------------------------------------------------------------
c 
c   --binary=false                 (different from default 'true')
c   --lrat=true                    (different from default 'false')
c 
c --- [ solving ] ------------------------------------------------------------
c 
c time measured in process time since initialization
c 
c  seconds  reduction conflicts       size tier2      variables
c         MB    restarts   redundant    glue  trail        remaining
c          level     rate       size/glu tier1  irredundant
c 
c *  0.02  7  0 0   0  0    0    0 0.0 0 0 2 6  0% 17513 2770 99%
c )  0.02  8  0 0   0  0    0    0 0.0 0 0 2 6  0% 17513 2770 99%
c {  0.02  8  0 0   0  0    0    0 0.0 0 0 2 6  0% 17513 2770 99%
c i  0.02  8 551 0   0 12   83   23 1.5 16 11 2 6 28% 17455 2769 99%
c i  0.02  8 552 0   0 12   87   26 1.5 15 11 2 6 28% 17455 2767 99%
c i  0.02  8 554 0   0 10  114   36 1.4 14 10 2 6 30% 17443 2740 98%
c i  0.02  8 554 0   0  9  117   37 1.4 14 10 2 6 30% 17442 2734 97%
c i  0.02  8 554 0   0  9  123   39 1.4 13 9 2 6 30% 17440 2728 97%
c i  0.02  8 553 0   0  9  130   40 1.5 12 8 2 6 30% 17439 2709 96%
c i  0.02  8 553 0   0  8  133   41 1.5 12 8 2 6 30% 17438 2708 96%
c i  0.02  8 551 0   0  8  145   45 1.5 13 9 2 6 29% 17433 2706 96%
c i  0.02  8 550 0   0  7  154   46 1.5 13 8 2 6 29% 17429 2688 96%
c i  0.02  8 548 0   0  7  164   47 1.5 12 8 2 6 29% 17428 2660 95%
c i  0.02  8 550 0   0  6  209   66 1.5 12 9 2 6 31% 17408 2654 95%
c i  0.02  8 549 0   0  5  254   78 1.4 12 8 2 6 31% 17378 2651 94%
c i  0.02  8 536 0   3  6  278   89 1.4 12 9 2 6 31% 17368 2650 94%
c i  0.02  8 534 0   3  6  279   89 1.4 12 9 2 6 31% 17368 2649 94%
c i  0.02  8 531 0   3  6  280   89 1.4 12 9 2 6 31% 17368 2648 94%
c i  0.02  8 529 0   3  6  281   89 1.4 12 9 2 6 31% 17368 2647 94%
c -  0.02  8 505 1   4  6  301   36 1.4 12 9 2 6 32% 17201 2647 94%
c 
c  seconds   reduction conflicts       size  tier2      variables
c         MB     restarts   redundant     glue  trail        remaining
c           level     rate       size/glue tier1  irredundant
c 
c i  0.02  8 421 1  21 11  376   49 1.4 13 9 2 6 30% 17144 2646 94%
c i  0.03  8 266 1  32  8  721  171 1.4 12 9 2 6 33% 17002 2644 94%
c i  0.03  8 263 1  34  9  730  173 1.4 12 9 2 6 33% 16996 2643 94%
c i  0.03  8 262 1  35  9  733  173 1.4 12 9 2 6 33% 16994 2640 94%
c -  0.03  9 261 2  35  9  734  110 1.4 12 9 2 6 33% 16983 2640 94%
c i  0.03  9 242 2  41  8  801  126 1.4 12 9 2 6 31% 16947 2591 92%
c i  0.03  9 242 2  41  8  802  126 1.4 12 9 2 6 31% 16947 2589 92%
c i  0.03  9 242 2  41  8  803  126 1.4 12 9 2 6 31% 16947 2542 91%
c i  0.03  9 221 2  41  8  894  134 1.4 11 8 2 6 30% 16918 2541 90%
c i  0.03  9 221 2  41  8  895  134 1.4 11 8 2 6 30% 16918 2540 90%
c i  0.03  9 220 2  41  8  903  135 1.4 12 8 2 6 30% 16913 2539 90%
c i  0.03  9 214 2  45  8  933  141 1.4 12 9 2 6 30% 16891 2538 90%
c }  0.03  9 202 2  45  8 1002  161 1.4 12 8 2 6 30% 16849 2538 90%
c [  0.03  9  0 2  45  0 1002  161 0.0 0 0 2 6  0% 16849 2538 90%
c O  0.03  9  6 2  45  7 1003  162 7.0 7 1 2 6 23% 16849 2538 90%
c -  0.04  9 19 3  45  2 1412  248 1.8 14 8 2 6 32% 16657 2538 90%
c 2  0.04  9 22 3  45  2 1800  437 1.9 14 7 2 6 34% 16622 2481 88%
c d  0.04  9 22 3  45  2 1800  427 1.9 14 7 2 6 34% 16553 2480 88%
c p  0.04  9 22 3  45  2 1800  427 1.9 14 7 2 6 34% 16553 2479 88%
c i  0.05 10 24 3  45  2 1935  454 1.8 15 8 2 6 33% 16489 2450 87%
c 
c  seconds  reduction conflicts       size  tier2      variables
c         MB    restarts   redundant     glue  trail        remaining
c          level     rate       size/glue tier1  irredundant
c 
c i  0.05 10 24 3  45  2 1938  455 1.8 15 8 2 6 33% 16488 2440 87%
c i  0.05 10 24 3  45  2 1939  455 1.8 15 8 2 6 33% 16488 2437 87%
c i  0.05 10 24 3  45  2 1940  455 1.8 15 8 2 6 33% 16488 2432 87%
c i  0.05 10 24 3  45  2 1942  455 1.8 15 8 2 6 33% 16487 2426 86%
c i  0.05 10 24 3  45  2 1958  460 1.7 15 8 2 6 33% 16480 2425 86%
c i  0.05 10 24 3  45  2 2031  490 1.7 15 9 2 6 33% 16474 2424 86%
c i  0.05 10 24 3  45  2 2034  491 1.7 15 9 2 6 33% 16473 2415 86%
c i  0.05 10 24 3  45  2 2036  491 1.7 15 9 2 6 33% 16472 2413 86%
c i  0.05 10 24 3  45  2 2037  491 1.7 15 9 2 6 33% 16472 2407 86%
c i  0.05 10 23 3  45  2 2041  492 1.7 15 9 2 6 32% 16472 2406 86%
c i  0.05 10 23 3  45  2 2042  492 1.7 15 9 2 6 32% 16472 2405 86%
c i  0.05 10 23 3  45  2 2043  492 1.7 15 9 2 6 32% 16472 2396 85%
c i  0.05 10 23 3  45  2 2044  492 1.7 15 9 2 6 32% 16472 2395 85%
c i  0.05 10 23 3  45  2 2046  492 1.7 15 9 2 6 32% 16471 2390 85%
c i  0.05 10 23 3  45  2 2051  493 1.7 15 9 2 6 32% 16468 2378 85%
c i  0.05 10 23 3  45  2 2054  494 1.7 15 9 2 6 32% 16468 2377 85%
c i  0.05 10 23 3  45  2 2057  495 1.7 15 9 2 6 32% 16468 2376 85%
c i  0.05 10 23 3  45  2 2064  494 1.7 15 9 2 6 32% 16466 2365 84%
c i  0.05 10 23 3  45  2 2066  493 1.7 15 9 2 6 32% 16466 2364 84%
c i  0.05 10 23 3  45  2 2068  492 1.7 15 9 2 6 32% 16466 2363 84%
c 
c  seconds  reduction conflicts       size  tier2      variables
c         MB    restarts   redundant     glue  trail        remaining
c          level     rate       size/glue tier1  irredundant
c 
c i  0.05 10 23 3  45  2 2102  492 1.6 15 9 2 6 32% 16466 2359 84%
c i  0.05 10 23 3  45  2 2103  492 1.6 15 9 2 6 32% 16466 2351 84%
c ]  0.05 10 21 3  45  2 2318  501 1.4 15 10 2 6 30% 16466 2351 84%
c {  0.05 10 202 3  45  8 2318  501 1.4 12 8 2 6 30% 16466 2351 84%
c -  0.06  9 196 4  46  8 2353  337 1.4 12 8 2 6 15% 16289 2351 84%
c i  0.06  9 195 4  46  8 2358  339 1.4 12 8 2 6 15% 16287 2350 84%
c i  0.06  9 195 4  46  8 2359  339 1.4 12 8 2 6 15% 16287 2340 83%
c i  0.06  9 184 4  46  7 2432  370 1.4 11 8 2 6 17% 16255 2339 83%
c i  0.06  9 184 4  46  7 2433  370 1.4 11 8 2 6 17% 16255 2320 83%
c i  0.06  9 173 4  46  7 2520  386 1.4 11 8 2 6 17% 16209 2319 83%
c i  0.06  9 173 4  46  7 2521  386 1.4 11 8 2 6 17% 16209 2318 83%
c i  0.06  9 172 4  46  7 2526  385 1.4 11 8 2 6 16% 16208 2284 81%
c i  0.06  9 171 4  46  7 2533  387 1.4 11 8 2 6 16% 16208 2279 81%
c i  0.06  9 171 4  46  7 2537  389 1.4 11 8 2 6 16% 16208 2278 81%
c i  0.06  9 170 4  46  7 2539  390 1.4 11 8 2 6 15% 16208 2273 81%
c }  0.06  9 170 4  46  7 2541  390 1.4 11 8 2 6 15% 16208 2242 80%
c 0  0.06  9 170 4  46  7 2541  390 1.4 11 8 2 6 15% 16208 2242 80%
c 
c --- [ closing proof ] ------------------------------------------------------
c 
c LRAT proof file '/root/earth-moon/population/f034-a4-cert/cs-a4_m09c/r/n101_p106_p108_p141/round-0/F.lrat' closed
c LRAT 9948 added clauses 39.88%
c LRAT 14994 deleted clauses 60.12%
c LRAT 1101464 bytes (1.05 MB)
c 
c --- [ result ] -------------------------------------------------------------
c 
s UNSATISFIABLE
c 
c --- [ run-time profiling ] -------------------------------------------------
c 
c process time taken by individual solving procedures
c (percentage relative to process time for solving)
c 
c         0.04   90.80% search
c         0.02   43.89% unstable
c         0.02   42.79% stable
c         0.02   37.63% parse
c         0.00    8.81% simplify
c         0.00    4.32% congruence
c         0.00    3.98% lucky
c         0.00    0.58% backbone
c         0.00    0.16% probe
c   =================================
c         0.04   72.28% solve
c 
c last line shows process time for solving
c (percentage relative to total process time)
c 
c --- [ statistics ] ---------------------------------------------------------
c 
c chronological:               966        38.02 %  of conflicts
c conflicts:                  2541     60856.44    per second
c backbone:                  14890       530.27 %  of vars
c decisions:                  9820    235187.05    per second
c fixed:                       565        20.12 %  of all variables
c learned:                    1369        53.88 %  per conflict
c learned_lits:              22455       100.00 %  learned literals
c minimized:                     0         0.00 %  learned literals
c shrunken:                   3513        15.64 %  learned literals
c minishrunken:                659         2.93 %  learned literals
c otfs:                       1966        77.37 %  of conflict
c propagations:             143786         3.44 M  per second
c reduced:                     388        15.27 %  per conflict
c rephased:                      1      2541.00    interval
c restarts:                     46        55.24    interval
c stabilizing:                   1        44.94 %  of conflicts
c substituted:                   1         0.04 %  of all variables
c subsumed:                   2108        11.20 %  of all clauses
c strengthened:               1148         6.10 %  of all clauses
c ticks:                   1118610         7.81    propagation
c weakened:                      2         2.00    average size
c congruence:                    1      2541.00    interval
c 
c seconds are measured in process time for solving
c 
c --- [ glue usage ] ---------------------------------------------------------
c 
c focused glue 5 used 62 clauses 9.239% accumulated 53.35% tier1
c focused glue 6 used 47 clauses 7.004% accumulated 60.35%
c focused glue 7-9 used 81 clauses 12.07% accumulated 72.42%
c focused glue 10 used 21 clauses 3.129% accumulated 75.55%
c focused glue 11 used 39 clauses 5.812% accumulated 81.37% tier2
c 
c stable glue 2 used 109 clauses 5.507% accumulated 10.61% tier1
c stable glue 3 used 319 clauses 16.11% accumulated 26.73%
c stable glue 4 used 70 clauses 3.537% accumulated 30.26%
c stable glue 5 used 142 clauses 7.175% accumulated 37.44%
c stable glue 6 used 161 clauses 8.135% accumulated 45.57% tier2
c 
c 
c --- [ resources ] ----------------------------------------------------------
c 
c total process time since initialization:         0.06    seconds
c total real time since initialization:            0.06    seconds
c maximum resident set size of process:           41.88    MB
c 
c --- [ shutting down ] ------------------------------------------------------
c 
c exit 20

[rc=20 0.1s]
$ /root/earth-moon/verifier/../tools/drat-trim/lrat-check /root/earth-moon/population/f034-a4-cert/cs-a4_m09c/r/n101_p106_p108_p141/round-0/F.cnf /root/earth-moon/population/f034-a4-cert/cs-a4_m09c/r/n101_p106_p108_p141/round-0/F.lrat
c parsed a formula with 2808 variables and 22210 clauses
c VERIFIED
c allocated 1024 337312 28080
c Added clauses = 32158.  Deleted clauses = 14994.  Max live clauses = 22210
c verification time = 0.04 secs

[rc=0 0.0s]
