# A4 member 9: slack=0 e=156 n=28 mults=[05:3 06:5 14:5 15:1 16:2 23:6 25:1 26:1 34:1 35:1 45:2] generators=17 backend=boyer Fri Oct  2 19:26:02 2026 cube=[-101, -106, -108, -141]
[f034-a4-09-e156] n=28 m=156 cap=78 | 434 K5s, 4016 K3,3s, 17 sym generators, 41180 clauses, propagator check_at=9 planarity=boyer, clause dump -> /root/earth-moon/population/f034-a4-cert/cs-a4_m09c/s/n101_n106_n108_n141/dump.jsonl
    ... {'checks': 50000, 'confl': 11671, 'model_rej': 0} 3s
    ... {'checks': 100000, 'confl': 22475, 'model_rej': 0} 6s
    ... {'checks': 150000, 'confl': 33744, 'model_rej': 0} 8s
    ... {'checks': 200000, 'confl': 45123, 'model_rej': 0} 12s
    ... {'checks': 250000, 'confl': 54617, 'model_rej': 0} 15s
    ... {'checks': 300000, 'confl': 63253, 'model_rej': 0} 18s
    ... {'checks': 350000, 'confl': 72946, 'model_rej': 0} 21s
    ... {'checks': 400000, 'confl': 82876, 'model_rej': 0} 24s
    ... {'checks': 450000, 'confl': 92205, 'model_rej': 0} 27s
    ... {'checks': 500000, 'confl': 101535, 'model_rej': 0} 31s
    ... {'checks': 550000, 'confl': 110420, 'model_rej': 0} 36s
    ... {'checks': 600000, 'confl': 117519, 'model_rej': 0} 39s
    ... {'checks': 650000, 'confl': 125911, 'model_rej': 0} 42s
    ... {'checks': 700000, 'confl': 134644, 'model_rej': 0} 46s
    ... {'checks': 750000, 'confl': 141526, 'model_rej': 0} 50s
    ... {'checks': 800000, 'confl': 149808, 'model_rej': 0} 53s
    ... {'checks': 850000, 'confl': 157710, 'model_rej': 0} 56s
    ... {'checks': 900000, 'confl': 165557, 'model_rej': 0} 61s
    ... {'checks': 950000, 'confl': 172001, 'model_rej': 0} 65s
    ... {'checks': 1000000, 'confl': 179483, 'model_rej': 0} 69s
    ... {'checks': 1050000, 'confl': 187998, 'model_rej': 0} 72s
    ... {'checks': 1100000, 'confl': 194910, 'model_rej': 0} 76s
    ... {'checks': 1150000, 'confl': 202614, 'model_rej': 0} 81s
    ... {'checks': 1200000, 'confl': 207608, 'model_rej': 0} 85s
    ... {'checks': 1250000, 'confl': 215379, 'model_rej': 0} 90s
    ... {'checks': 1300000, 'confl': 222368, 'model_rej': 0} 95s
    ... {'checks': 1350000, 'confl': 228727, 'model_rej': 0} 100s
    ... {'checks': 1400000, 'confl': 234256, 'model_rej': 0} 104s
    ... {'checks': 1450000, 'confl': 240833, 'model_rej': 0} 109s
    ... {'checks': 1500000, 'confl': 244355, 'model_rej': 0} 113s
    ... {'checks': 1550000, 'confl': 249821, 'model_rej': 0} 117s
    ... {'checks': 1600000, 'confl': 255137, 'model_rej': 0} 122s
    ... {'checks': 1650000, 'confl': 259164, 'model_rej': 0} 129s
    ... {'checks': 1700000, 'confl': 263889, 'model_rej': 0} 133s
    ... {'checks': 1750000, 'confl': 269069, 'model_rej': 0} 137s
    ... {'checks': 1800000, 'confl': 273218, 'model_rej': 0} 143s
    ... {'checks': 1850000, 'confl': 278079, 'model_rej': 0} 146s
    ... {'checks': 1900000, 'confl': 281825, 'model_rej': 0} 151s
    ... {'checks': 1950000, 'confl': 285279, 'model_rej': 0} 156s
    ... {'checks': 2000000, 'confl': 289491, 'model_rej': 0} 160s
    ... {'checks': 2050000, 'confl': 293637, 'model_rej': 0} 165s
    ... {'checks': 2100000, 'confl': 297807, 'model_rej': 0} 170s
    ... {'checks': 2150000, 'confl': 301562, 'model_rej': 0} 174s
    ... {'checks': 2200000, 'confl': 305951, 'model_rej': 0} 178s
    ... {'checks': 2250000, 'confl': 309378, 'model_rej': 0} 184s
    ... {'checks': 2300000, 'confl': 312724, 'model_rej': 0} 192s
    ... {'checks': 2350000, 'confl': 317199, 'model_rej': 0} 197s
    ... {'checks': 2400000, 'confl': 321231, 'model_rej': 0} 202s
    ... {'checks': 2450000, 'confl': 325982, 'model_rej': 0} 206s
    ... {'checks': 2500000, 'confl': 330435, 'model_rej': 0} 211s
    ... {'checks': 2550000, 'confl': 333710, 'model_rej': 0} 216s
    ... {'checks': 2600000, 'confl': 337479, 'model_rej': 0} 220s
    ... {'checks': 2650000, 'confl': 339907, 'model_rej': 0} 225s
    ... {'checks': 2700000, 'confl': 343040, 'model_rej': 0} 233s
    ... {'checks': 2750000, 'confl': 346820, 'model_rej': 0} 238s
    ... {'checks': 2800000, 'confl': 349887, 'model_rej': 0} 243s
    ... {'checks': 2850000, 'confl': 352779, 'model_rej': 0} 247s
    ... {'checks': 2900000, 'confl': 355520, 'model_rej': 0} 252s
    ... {'checks': 2950000, 'confl': 358909, 'model_rej': 0} 258s
    ... {'checks': 3000000, 'confl': 361402, 'model_rej': 0} 264s
    ... {'checks': 3050000, 'confl': 363409, 'model_rej': 0} 269s
    ... {'checks': 3100000, 'confl': 365616, 'model_rej': 0} 282s
    ... {'checks': 3150000, 'confl': 367882, 'model_rej': 0} 288s
    ... {'checks': 3200000, 'confl': 371191, 'model_rej': 0} 294s
    ... {'checks': 3250000, 'confl': 374125, 'model_rej': 0} 300s
    ... {'checks': 3300000, 'confl': 376237, 'model_rej': 0} 306s
    ... {'checks': 3350000, 'confl': 378973, 'model_rej': 0} 312s
    ... {'checks': 3400000, 'confl': 381437, 'model_rej': 0} 318s
    ... {'checks': 3450000, 'confl': 384988, 'model_rej': 0} 324s
    ... {'checks': 3500000, 'confl': 387722, 'model_rej': 0} 330s
    ... {'checks': 3550000, 'confl': 389492, 'model_rej': 0} 336s
    ... {'checks': 3600000, 'confl': 391428, 'model_rej': 0} 343s
    ... {'checks': 3650000, 'confl': 393315, 'model_rej': 0} 350s
    ... {'checks': 3700000, 'confl': 395265, 'model_rej': 0} 357s
    ... {'checks': 3750000, 'confl': 397401, 'model_rej': 0} 369s
    ... {'checks': 3800000, 'confl': 399046, 'model_rej': 0} 375s
    ... {'checks': 3850000, 'confl': 401221, 'model_rej': 0} 382s
    ... {'checks': 3900000, 'confl': 402956, 'model_rej': 0} 388s
    ... {'checks': 3950000, 'confl': 404479, 'model_rej': 0} 395s
    ... {'checks': 4000000, 'confl': 406097, 'model_rej': 0} 401s
    ... {'checks': 4050000, 'confl': 408381, 'model_rej': 0} 406s
    ... {'checks': 4100000, 'confl': 410385, 'model_rej': 0} 418s
    ... {'checks': 4150000, 'confl': 412345, 'model_rej': 0} 431s
    ... {'checks': 4200000, 'confl': 414476, 'model_rej': 0} 437s
    ... {'checks': 4250000, 'confl': 416399, 'model_rej': 0} 443s
[f034-a4-09-e156] stats: {'checks': 4265977, 'confl': 417011, 'model_rej': 0}
[f034-a4-09-e156] clause dump closed: {'preseed': 8900, 'prop': 834022, 'model': 0}
[f034-a4-09-e156] UNSAT in 445.8s — NOT BIPLANAR (subject to control validation)
RESULT f034-a4-09-e156 UNSAT 446.0s
