# lean_static_resolve 2026-09-25 21:22:34
# dump=/Users/ivanspogreev/earth-moon/population/f034-a4-cert/split-m07/dump.jsonl raw=2525806 dedup=2525806 footer={'type': 'footer', 'verdict': 'UNSAT', 'counts': {'preseed': 9556, 'prop': 2516250, 'model': 0}, 'stats': {'checks': 27068821, 'confl': 1258125, 'model_rej': 0}, 'time': '2026-09-25T21:06:59-0700'}
# counters=False
# cube=[-53, 151, 73, -86]
$ /opt/homebrew/bin/cadical --lrat --no-binary --no-factor /Users/ivanspogreev/earth-moon/population/f034-a4-cert/split-m07/c10/round-0/F.cnf /Users/ivanspogreev/earth-moon/population/f034-a4-cert/split-m07/c10/round-0/F.lrat
c --- [ banner ] -------------------------------------------------------------
c 
c CaDiCaL SAT Solver
c Copyright (c) 2016-2026
c A. Biere, M. Fleury, N. Froleyks, K. Fazekas, F. Pollitt, T. Faller
c JKU Linz, University of Freiburg, TU Wien
c 
c Version 3.0.1
c Apple clang version 16.0.0 (clang-1600.0.26.6) -Wall -Wextra -O3 -DNDEBUG -std=c++11 -DNCLOSEFROM
c Sun Jul 19 15:40:55 UTC 2026 Darwin Sonoma-arm64.local 23.6.0 arm64
c 
c --- [ proof tracing ] ------------------------------------------------------
c 
c opening file to write '/Users/ivanspogreev/earth-moon/population/f034-a4-cert/split-m07/c10/round-0/F.lrat'
c writing non-binary proof trace to '/Users/ivanspogreev/earth-moon/population/f034-a4-cert/split-m07/c10/round-0/F.lrat'
c 
c --- [ parsing input ] ------------------------------------------------------
c 
c reading DIMACS file from '/Users/ivanspogreev/earth-moon/population/f034-a4-cert/split-m07/c10/round-0/F.cnf'
c opening file to read '/Users/ivanspogreev/earth-moon/population/f034-a4-cert/split-m07/c10/round-0/F.cnf'
c found 'p cnf 3276 2535151' header
c parsed 2535151 clauses in 1.46 seconds process time
c 
c --- [ options ] ------------------------------------------------------------
c 
c   --binary=false                 (different from default 'true')
c   --lrat=true                    (different from default 'false')
c 
c --- [ solving ] ------------------------------------------------------------
c 
c time measured in process time since initialization
c 
c  seconds  reduction conflicts       size tier2        variables
c         MB    restarts   redundant    glue  trail          remaining
c          level     rate       size/glu tier1   irredundant
c 
c *  1.46  0  0 0   0  0    0    0 0.0 0 0 2 6  0% 1257070 3233 99%
c )  1.48  0  0 0   0  0    0    0 0.0 0 0 2 6  0% 1257070 3233 99%
c {  1.48  0  0 0   0  0    0    0 0.0 0 0 2 6  0% 1257070 3233 99%
c i  1.65  0 404 0  12 20  158   97 1.4 16 12 2 6 25% 1257022 3232 99%
c i  1.65  0 334 0  12 16  196  116 1.4 14 11 2 6 24% 1257006 3227 99%
c -  1.75  0 235 1  17 12  300   77 1.3 15 12 2 6 21% 1256937 3227 99%
c i  1.76  0 228 1  18 11  310   84 1.4 16 12 2 6 21% 1256935 3179 97%
c i  1.78  0 209 1  26 11  346   97 1.3 16 12 2 6 20% 1256914 3178 97%
c i  1.78  0 208 1  26 11  347   97 1.3 16 12 2 6 20% 1256914 3177 97%
c i  1.86  0 162 1  37  9  496  171 1.3 16 12 2 6 20% 1256854 3176 97%
c i  1.86  0 161 1  37  9  497  171 1.3 16 12 2 6 20% 1256854 3175 97%
c i  1.86  0 161 1  37  9  499  171 1.3 16 12 2 6 20% 1256854 3166 97%
c i  1.95  0 132 1  41  8  642  281 1.4 18 13 2 6 20% 1256834 3161 96%
c i  1.95  0 131 1  41  8  643  281 1.4 18 12 2 6 20% 1256834 3160 96%
c i  1.95  0 128 1  45  8  666  293 1.4 18 12 2 6 20% 1256828 3159 96%
c i  1.95  0 128 1  45  8  669  293 1.4 17 12 2 6 20% 1256827 3154 96%
c i  1.95  0 128 1  45  8  670  293 1.4 17 12 2 6 20% 1256827 3153 96%
c i  1.95  0 128 1  45  8  671  293 1.4 17 12 2 6 20% 1256827 3152 96%
c i  1.95  0 127 1  45  8  674  294 1.4 17 12 2 6 19% 1256826 3151 96%
c i  1.99  0 105 1  49  7  967  500 1.6 18 12 2 6 22% 1256766 3109 95%
c 
c  seconds   reduction conflicts       size   tier2        variables
c         MB     restarts   redundant     glue   trail          remaining
c           level     rate       size/glue  tier1   irredundant
c 
c }  2.02  0 102 1  59  7 1002  528 1.5 18 12 2 6 22% 1256764 3109 95%
c [  2.02  0  0 1  59  0 1002  528 0.0 0 0 2 6  0% 1256764 3109 95%
c O  2.02  0  3 1  59  4 1003  529 1.3 4 3 2 6 20% 1256764 3109 95%
c -  2.22  0  9 2  59  1 1209  331 1.6 12 7 2 6 15% 1256628 3109 95%
c i  2.24  0  8 2  60  1 2783  867 1.4 10 7 2 6 11% 1256627 3099 95%
c I  2.30  0 11 2  60  1 3004 1002 1.4 10 7 2 6 12% 1256585 3099 95%
c i  2.30  0 11 2  60  1 3023 1010 1.4 10 7 2 6 12% 1256577 3098 95%
c i  2.30  0 11 2  60  1 3025 1011 1.4 10 7 2 6 12% 1256577 3097 95%
c i  2.30  0 11 2  60  1 3034 1013 1.4 10 7 2 6 12% 1256573 3095 94%
c -  2.42  0 11 3  60  1 3034  216 1.4 10 7 2 6 12% 1255891 3095 94%
c 2  2.66  0 16 3  61  1 3721  734 1.3 15 11 2 6 13% 1255885 3081 94%
c d  2.71  0 16 3  61  1 3721  734 1.3 15 11 2 6 13% 1255857 3080 94%
c p  2.72  0 16 3  61  1 3721  734 1.3 15 11 2 6 13% 1255857 3079 94%
c t  2.94  0 16 3  61  1 3721  731 1.3 15 11 2 6 13% 1255866 3063 93%
c ]  3.00  0 16 3  61  1 3838  807 1.3 15 11 2 6 13% 1255864 3063 93%
c {  3.00  0 102 3  61  7 3838  807 1.5 18 12 2 6 22% 1255864 3063 93%
c i  3.02  0 98 3  76  7 3919  832 1.5 18 12 2 6 21% 1255817 3054 93%
c i  3.02  0 98 3  76  7 3923  833 1.5 18 12 2 6 21% 1255816 3053 93%
c i  3.02  0 98 3  76  7 3924  833 1.5 18 12 2 6 21% 1255816 3052 93%
c i  3.09  0 89 3  86  7 4105  970 1.5 18 12 2 6 22% 1255799 3039 93%
c 
c  seconds  reduction conflicts       size   tier2        variables
c         MB    restarts   redundant     glue   trail          remaining
c          level     rate       size/glue  tier1   irredundant
c 
c i  3.10  0 88 3  92  7 4132  989 1.5 18 12 2 6 21% 1255798 3038 93%
c i  3.12  0 87 3  97  7 4154 1001 1.5 18 12 2 6 21% 1255790 3035 93%
c i  3.13  0 85 3 103  7 4185 1021 1.5 18 12 2 6 21% 1255783 2991 91%
c i  3.17  0 82 3 116  6 4260 1071 1.5 18 12 2 6 21% 1255777 2989 91%
c i  3.17  0 82 3 117  6 4265 1072 1.5 18 12 2 6 21% 1255775 2987 91%
c i  3.17  0 81 3 117  6 4266 1072 1.5 18 12 2 6 21% 1255775 2945 90%
c i  3.42  0 76 3 151  6 4427 1128 1.4 18 12 2 6  9% 1255610 2922 89%
c -  3.97  0 48 4 371  4 5924 1701 1.4 19 14 11 19  7% 1255573 2922 89%
c O  4.00  0 47 4 371  4 6005 1767 1.4 19 14 11 19  7% 1255573 2922 89%
c 2  4.07  0 45 4 371  4 6221 1931 1.4 19 14 11 19  7% 1255572 2916 89%
c d  4.12  0 45 4 371  4 6221 1931 1.4 19 14 11 19  7% 1255559 2915 89%
c k  4.14  0 45 4 371  4 6221 1931 1.4 19 14 11 19  7% 1255559 2911 89%
c 2  4.14  0 45 4 371  4 6221 1931 1.4 19 14 11 19  7% 1255558 2911 89%
c t  4.15  0 45 4 371  4 6221 1930 1.4 19 14 11 19  7% 1255558 2911 89%
c i  4.47  0 36 4 371  3 7871 3036 1.5 20 13 11 17  8% 1255535 2910 89%
c }  5.08  0 32 4 587  3 9615 4425 1.5 21 14 11 16  8% 1255516 2910 89%
c [  5.08  0 16 4 587  1 9615 4425 1.3 15 11 2 6 14% 1255516 2910 89%
c -  5.33  0 16 5 587  1 9964 3938 1.3 15 11 2 6 13% 1255506 2910 89%
c 2  5.33  0 16 5 587  1 9964 3938 1.3 15 11 2 6 13% 1255506 2907 89%
c B  5.63  0 16 5 587  1 10010 3979 1.3 15 12 2 6 13% 1255510 2907 89%
c 
c  seconds  reductions conflicts       size    tier2         variables
c         MB    restarts    redundant     glue     trail          remaining
c          level     rate        size/glue  tier1     irredundant
c 
c i  6.25  0 19 5 590  1 14703 6922 1.4 21 15 10 20 11% 1255453 2903 89%
c i  6.27  0 20 5 590  1 14806 6997 1.4 21 15 10 20 11% 1255449 2902 89%
c i  6.27  0 20 5 590  1 14863 7040 1.4 21 15 10 20 11% 1255446 2898 88%
c W  6.65  0 20 5 590  1 15012 7160 1.4 21 15 10 20 11% 1255430 2898 88%
c -  6.84  0 20 6 590  1 15200 5603 1.4 21 15 10 20 11% 1255430 2898 88%
c 2  6.85  0 20 6 590  1 15200 5603 1.4 21 15 10 20 11% 1255430 2848 87%
c s  7.32  0 20 6 591  1 17206 6904 1.4 22 16 10 20 11% 1255390 2848 87%
c t  7.34  0 20 6 591  1 17206 6903 1.4 22 16 10 20 11% 1255364 2848 87%
c e  7.55  0 20 6 591  1 17206 6445 1.4 22 16 10 20 11% 1251277 648 20%
c s  7.59  0 20 6 591  1 17206 6444 1.4 22 16 10 20 11% 1251263 648 20%
c ]  8.04  0 20 6 591  1 17574 6699 1.4 22 16 10 20 15% 1251263 648 20%
c {  8.04  0 32 6 591  3 17574 6699 1.5 21 14 11 16 37% 1251263 648 20%
c #  8.97  0 27 6 795  2 21015 9286 1.6 22 14 11 16 29% 1251263 648 20%
c -  9.38  0 27 7 874  2 21670 7207 1.6 22 14 11 15 28% 1251263 648 20%
c 2  9.38  0 27 7 874  2 21670 7206 1.6 22 14 11 15 28% 1251263 648 20%
c B 11.22  0 23 7 1346  2 28017 11711 1.6 22 14 11 15 22% 1251263 648 20%
c - 11.94  0 23 8 1539  2 29388 10209 1.6 22 14 11 15 21% 1251263 648 20%
c p 11.95  0 23 8 1539  2 29388 10209 1.6 22 14 11 15 21% 1251263 648 20%
c u 12.51  0 23 8 1539  2 29388 10124 1.6 22 14 11 15 21% 1251278 648 20%
c v 12.61  0 23 8 1539  2 29388 10121 1.6 22 14 11 15 21% 1251278 648 20%
c 
c  seconds  reductions  conflicts        size    tier2         variables
c         MB    restarts      redundant     glue     trail         remaining
c          level      rate         size/glue  tier1     irredundant
c 
c w 12.66  0 23 8 1539  2 29388 10121 1.6 22 14 11 15 21% 1251278 648 20%
c x 12.77  0 23 8 1539  2 29388 10121 1.6 22 14 11 15 21% 1251275 648 20%
c } 13.12  0 23 8 1570  2 30388 10825 1.6 22 14 11 15 21% 1251275 648 20%
c [ 13.12  0 20 8 1570  1 30388 10825 1.4 22 16 10 20 15% 1251275 648 20%
c O 13.95  0 19 8 1573  1 36020 14246 1.4 21 15 10 20 13% 1251275 648 20%
c - 14.55  0 20 9 1575  1 38376 12825 1.4 22 16 12 18 14% 1251275 648 20%
c t 14.58  0 20 9 1575  1 38376 12824 1.4 22 16 12 18 14% 1251275 648 20%
c B 15.76  0 21 9 1578  1 45021 17579 1.4 24 17 12 18 15% 1251275 648 20%
c ] 15.94  0 21 9 1578  1 45975 18149 1.4 24 17 12 18 15% 1251275 648 20%
c { 15.94  0 23 9 1578  2 45975 18149 1.6 22 14 11 15 21% 1251275 648 20%
c - 16.57  0 22 10 1628  2 48647 14818 1.5 21 14 11 15 20% 1251275 648 20%
c W 18.82  0 21 10 1929  2 55023 18971 1.5 21 14 11 15 18% 1251275 648 20%
c - 20.23  0 20 11 2054  2 60211 18692 1.6 21 14 11 15 18% 1251275 648 20%
c p 20.25  0 20 11 2054  2 60211 18700 1.6 21 14 11 15 18% 1251275 648 20%
c u 20.44  0 20 11 2054  2 60211 18664 1.6 21 14 11 15 18% 1251275 648 20%
c v 20.51  0 20 11 2054  2 60211 18663 1.6 21 14 11 15 18% 1251275 648 20%
c w 20.55  0 20 11 2054  2 60211 18662 1.6 21 14 11 15 18% 1251275 648 20%
c x 20.65  0 20 11 2054  2 60211 18662 1.6 21 14 11 15 18% 1251272 648 20%
c s 20.93  0 20 11 2096  2 60869 19087 1.6 21 14 11 15 18% 1251238 648 20%
c s 21.21  0 20 11 2096  2 60869 19086 1.6 21 14 11 15 18% 1251147 648 20%
c 
c  seconds  reductions   conflicts        size    tier2         variables
c         MB     restarts      redundant     glue     trail         remaining
c          level       rate         size/glue  tier1     irredundant
c 
c F 23.34  0 20 11 2684  2 66025 22721 1.5 21 14 11 15 18% 1251147 648 20%
c } 24.42  0 19 11 2700  2 72209 26283 1.5 21 13 10 15 17% 1251147 648 20%
c [ 24.42  0 21 11 2700  1 72209 26283 1.4 24 17 12 18 15% 1251147 648 20%
c - 24.67  0 21 12 2700  1 73082 21359 1.4 24 17 12 18 15% 1251147 648 20%
c p 24.69  0 21 12 2700  1 73082 21362 1.4 24 17 12 18 15% 1251147 648 20%
c W 26.49  0 20 12 2700  1 78031 24486 1.4 23 16 12 18 15% 1251147 648 20%
c - 27.69  0 20 13 2706  1 87258 24578 1.4 23 16 12 18 15% 1251147 648 20%
c I 28.26  0 20 13 2707  1 91033 27082 1.4 23 16 12 18 15% 1251147 648 20%
c - 30.32  0 19 14 2714  1 102748 29417 1.5 24 15 12 18 16% 1251147 648 20%
c p 30.36  0 19 14 2714  1 102748 29426 1.5 24 15 12 18 16% 1251147 648 20%
c u 30.58  0 19 14 2714  1 102748 29383 1.5 24 15 12 18 16% 1251147 648 20%
c v 30.67  0 19 14 2714  1 102748 29374 1.5 24 15 12 18 16% 1251147 648 20%
c w 30.71  0 19 14 2714  1 102748 29368 1.5 24 15 12 18 16% 1251147 648 20%
c x 30.83  0 19 14 2714  1 102748 29368 1.5 24 15 12 18 16% 1251146 648 20%
c B 31.38  0 20 14 2715  1 105035 31205 1.5 24 16 12 18 16% 1251146 648 20%
c ] 31.46  0 20 14 2715  1 105346 31445 1.5 24 16 12 18 16% 1251146 648 20%
c { 31.46  0 19 14 2715  2 105346 31445 1.5 21 13 10 15 17% 1251146 648 20%
c - 34.85  0 18 15 3230  1 119553 34317 1.6 21 13 10 15 16% 1251146 648 20%
c p 34.89  0 18 15 3230  1 119553 34323 1.6 21 13 10 15 16% 1251146 648 20%
c B 35.10  0 18 15 3256  1 120036 34641 1.6 21 13 10 15 16% 1251146 648 20%
c 
c  seconds  reductions   conflicts         size    tier2         variables
c         MB     restarts       redundant     glue     trail         remaining
c          level       rate          size/glue  tier1     irredundant
c 
c s 37.58  0 18 15 4006  1 126360 39209 1.6 21 13 10 15 16% 1251044 648 20%
c e 37.85  0 18 15 4006  1 126360 38387 1.6 21 13 10 15 16% 1251044 647 20%
c s 37.90  0 18 15 4006  1 126360 38381 1.6 21 13 10 15 16% 1250968 647 20%
c W 40.95  0 17 15 4317  1 136037 44861 1.6 21 13 10 15 16% 1250968 647 20%
c - 41.79  0 17 16 4512  1 137684 34406 1.6 21 13 9 14 16% 1250968 647 20%
c p 41.82  0 17 16 4512  1 137684 34410 1.6 21 13 9 14 16% 1250968 647 20%
c u 42.04  0 17 16 4512  1 137684 34361 1.6 21 13 9 14 16% 1250968 647 20%
c v 42.14  0 17 16 4512  1 137684 34354 1.6 21 13 9 14 16% 1250968 647 20%
c w 42.19  0 17 16 4512  1 137684 34354 1.6 21 13 9 14 16% 1250968 647 20%
c x 42.32  0 17 16 4512  1 137684 34353 1.6 21 13 9 14 16% 1250961 647 20%
c } 44.57  0 17 16 4985  1 146534 39708 1.6 21 13 9 14 15% 1250961 647 20%
c [ 44.57  0 20 16 4985  1 146534 39708 1.5 24 16 12 18 16% 1250961 647 20%
c W 46.33  0 19 16 4985  1 153041 44220 1.5 24 16 12 18 16% 1250961 647 20%
c - 47.19  0 20 17 4986  1 157141 36484 1.5 24 16 12 18 16% 1250961 647 20%
c p 47.24  0 20 17 4986  1 157141 36490 1.5 24 16 12 18 16% 1250961 647 20%
c O 50.64  0 20 17 4987  1 171042 45829 1.5 24 16 12 18 16% 1250961 647 20%
c - 52.13  0 19 18 4992  1 177924 38025 1.5 24 16 12 18 16% 1250961 647 20%
c p 52.16  0 19 18 4992  1 177924 38029 1.5 24 16 12 18 16% 1250961 647 20%
c u 52.42  0 19 18 4992  1 177924 37985 1.5 24 16 12 18 16% 1250961 647 20%
c v 52.54  0 19 18 4992  1 177924 37983 1.5 24 16 12 18 16% 1250961 647 20%
c 
c  seconds  reductions   conflicts         size    tier2         variables
c         MB     restarts       redundant     glue     trail         remaining
c          level       rate          size/glue  tier1     irredundant
c 
c w 52.60  0 19 18 4992  1 177924 37983 1.5 24 16 12 18 16% 1250961 647 20%
c x 52.77  0 19 18 4992  1 177924 37981 1.5 24 16 12 18 16% 1250956 647 20%
c B 54.96  0 19 18 4999  1 190043 46180 1.5 24 15 12 18 16% 1250956 647 20%
c ] 55.51  0 19 18 5000  1 191985 47508 1.5 24 16 12 18 16% 1250956 647 20%
c { 55.51  0 17 18 5000  1 191985 47508 1.6 21 13 9 14 15% 1250956 647 20%
c - 57.48  0 17 19 5460  1 200039 41234 1.5 20 13 9 14 15% 1250956 647 20%
c p 57.53  0 17 19 5460  1 200039 41240 1.5 20 13 9 14 15% 1250956 647 20%
c # 59.95  0 17 19 5828  1 210046 47718 1.6 20 13 9 14 15% 1250956 647 20%
c s 61.44  0 17 19 6465  1 213701 50197 1.5 20 13 9 14 15% 1250867 647 20%
c s 61.75  0 17 19 6465  1 213701 50181 1.5 20 13 9 14 15% 1250811 647 20%
c - 63.67  0 16 20 6540  1 223488 46721 1.5 20 13 9 14 15% 1250811 647 20%
c p 63.71  0 16 20 6540  1 223488 46727 1.5 20 13 9 14 15% 1250811 647 20%
c u 63.99  0 16 20 6540  1 223488 46686 1.5 20 13 9 14 15% 1250811 647 20%
c v 64.11  0 16 20 6540  1 223488 46683 1.5 20 13 9 14 15% 1250811 647 20%
c w 64.18  0 16 20 6540  1 223488 46681 1.5 20 13 9 14 15% 1250811 647 20%
c x 64.35  0 16 20 6540  1 223488 46681 1.5 20 13 9 14 15% 1250798 647 20%
c B 66.32  0 16 20 6686  1 231048 51858 1.6 20 13 9 14 15% 1250798 647 20%
c - 70.46  0 16 21 7387  1 248273 54466 1.6 20 13 9 14 15% 1250798 647 20%
c W 73.34  0 16 21 7437  1 253050 57638 1.6 20 13 9 14 15% 1250798 647 20%
c } 74.27  0 16 21 7912  1 255356 59127 1.6 20 13 9 14 15% 1250798 647 20%
c 
c  seconds  reductions   conflicts         size    tier2         variables
c         MB     restarts       redundant     glue     trail         remaining
c          level       rate          size/glue  tier1     irredundant
c 
c [ 74.27  0 19 21 7912  1 255356 59127 1.5 24 16 12 18 16% 1250798 647 20%
c - 77.64  0 19 22 7919  1 274395 59420 1.5 24 16 10 17 16% 1250798 647 20%
c p 77.67  0 19 22 7919  1 274395 59424 1.5 24 16 10 17 16% 1250798 646 20%
c u 77.98  0 19 22 7919  1 274395 59341 1.5 24 16 10 17 16% 1250798 646 20%
c v 78.12  0 19 22 7919  1 274395 59320 1.5 24 16 10 17 16% 1250798 646 20%
c w 78.19  0 19 22 7919  1 274395 59320 1.5 24 16 10 17 16% 1250798 646 20%
c x 78.39  0 19 22 7919  1 274395 59317 1.5 24 16 10 17 16% 1250774 646 20%
c W 79.30  0 19 22 7920  1 276051 59533 1.5 24 15 10 17 16% 1191101 646 20%
c I 83.18  0 19 22 7928  1 300053 74716 1.5 23 15 10 17 15% 1191101 646 20%
c - 83.67  0 18 23 7929  1 301859 62638 1.5 23 15 10 17 15% 1191101 646 20%
c 2 83.67  0 18 23 7929  1 301859 62637 1.5 23 15 10 17 15% 1191101 646 20%
c p 83.71  0 18 23 7929  1 301859 62643 1.5 23 15 10 17 15% 1191101 646 20%
c s 88.97  0 18 23 7930  1 322872 75653 1.5 23 15 10 17 15% 1190869 646 20%
c t 89.00  0 18 23 7930  1 322872 75652 1.5 23 15 10 17 15% 1190869 646 20%
c e 89.23  0 18 23 7930  1 322872 75523 1.5 23 15 10 17 15% 1190865 642 20%
c s 89.29  0 18 23 7930  1 322872 75514 1.5 23 15 10 17 15% 1190720 642 20%
c ] 89.69  0 18 23 7930  1 323514 75846 1.5 23 15 10 17 15% 1190720 642 20%
c { 89.69  0 16 23 7930  1 323514 75846 1.6 20 13 9 14 15% 1190720 642 20%
c F 90.27  0 16 23 8138  1 325055 76969 1.6 20 13 9 14 15% 1190720 642 20%
c - 91.58  0 16 24 8546  1 330374 67298 1.6 20 13 9 14 15% 1190720 642 20%
c 
c  seconds  reductions   conflicts         size   tier2         variables
c         MB     restarts       redundant     glue    trail         remaining
c          level       rate          size/glue  tier1    irredundant
c 
c p 91.62  0 16 24 8546  1 330374 67302 1.6 20 13 9 14 15% 1190720 642 20%
c u 91.96  0 16 24 8546  1 330374 67227 1.6 20 13 9 14 15% 1190720 642 20%
c v 92.12  0 16 24 8546  1 330374 67225 1.6 20 13 9 14 15% 1190720 642 20%
c w 92.20  0 16 24 8546  1 330374 67223 1.6 20 13 9 14 15% 1190720 642 20%
c x 92.42  0 16 24 8546  1 330374 67223 1.6 20 13 9 14 15% 1190709 642 20%
c B 96.68  0 16 24 9560  1 351056 79264 1.5 20 13 9 13 14% 1190709 642 20%
c - 98.73  0 15 25 9672  1 360202 71690 1.6 20 13 9 13 14% 1190709 642 20%
c p 98.79  0 15 25 9672  1 360202 71693 1.6 20 13 9 13 14% 1190709 642 20%
c W 104.75  0 16 25 11478  1 378057 82029 1.5 19 13 9 13 14% 1190709 642 20%
c - 108.39  0 16 26 12445  1 391348 77592 1.5 19 13 9 13 14% 1190709 642 20%
c p 108.44  0 16 26 12445  1 391348 77597 1.5 19 13 9 13 14% 1190709 642 20%
c u 108.78  0 16 26 12445  1 391348 77513 1.5 19 13 9 13 14% 1190709 642 20%
c v 108.92  0 16 26 12445  1 391348 77505 1.5 19 13 9 13 14% 1190709 642 20%
c w 108.98  0 16 26 12445  1 391348 77505 1.5 19 13 9 13 14% 1190709 642 20%
c x 109.18  0 16 26 12445  1 391348 77504 1.5 19 13 9 13 14% 1190680 642 20%
c # 112.90  0 15 26 13159  1 406059 86447 1.5 19 13 9 13 14% 1190680 642 20%
c } 114.36  0 16 26 13704  1 410938 89623 1.5 20 13 9 13 14% 1190680 642 20%
c [ 114.36  0 18 26 13704  1 410938 89623 1.5 23 15 10 17 15% 1190680 642 20%
c - 116.77  0 18 27 13704  1 423812 84092 1.5 23 15 10 17 15% 1190680 642 20%
c p 116.82  0 18 27 13704  1 423812 84096 1.5 23 15 10 17 15% 1190680 642 20%
c 
c  seconds   reductions    conflicts         size    tier2         variables
c          MB      restarts       redundant     glue     trail         remaining
c           level        rate          size/glue  tier1     irredundant
c 
c u 117.04  0 18 27 13704  1 423812 84060 1.5 23 15 10 17 15% 1190680 642 20%
c v 117.12  0 18 27 13704  1 423812 84059 1.5 23 15 10 17 15% 1190680 642 20%
c w 117.16  0 18 27 13704  1 423812 84056 1.5 23 15 10 17 15% 1190680 642 20%
c x 117.29  0 18 27 13704  1 423812 84055 1.5 23 15 10 17 15% 1190675 642 20%
c B 119.72  0 18 27 13704  1 435060 91954 1.5 22 15 10 17 15% 1190675 642 20%
c s 123.23  0 18 27 13714  1 453159 103096 1.5 22 14 10 17 14% 1190541 642 20%
c s 123.56  0 18 27 13714  1 453159 103087 1.5 22 14 10 17 14% 1190302 642 20%
c - 124.86  0 18 28 13717  1 457596 90372 1.5 22 14 10 17 14% 1190302 642 20%
c p 124.91  0 18 28 13717  1 457596 90376 1.5 22 14 10 17 14% 1190302 642 20%
c u 125.14  0 18 28 13717  1 457596 90339 1.5 22 14 10 17 14% 1190302 642 20%
c v 125.24  0 18 28 13717  1 457596 90331 1.5 22 14 10 17 14% 1190302 642 20%
c w 125.30  0 18 28 13717  1 457596 90331 1.5 22 14 10 17 14% 1190302 642 20%
c x 125.46  0 18 28 13717  1 457596 90331 1.5 22 14 10 17 14% 1190301 642 20%
c W 128.44  0 17 28 13719  1 465061 95005 1.5 22 14 10 16 14% 1190301 642 20%
c - 133.65  0 17 29 13733  1 492697 94998 1.5 22 14 10 16 15% 1190301 642 20%
c p 133.71  0 17 29 13733  1 492697 95002 1.5 22 14 10 16 15% 1190301 642 20%
c u 133.92  0 17 29 13733  1 492697 94964 1.5 22 14 10 16 15% 1190301 642 20%
c v 134.01  0 17 29 13733  1 492697 94959 1.5 22 14 10 16 15% 1190301 642 20%
c w 134.05  0 17 29 13733  1 492697 94959 1.5 22 14 10 16 15% 1190301 642 20%
c x 134.17  0 17 29 13733  1 492697 94957 1.5 22 14 10 16 15% 1190301 642 20%
c 
c  seconds   reductions    conflicts         size    tier2         variables
c          MB      restarts       redundant     glue     trail         remaining
c           level        rate          size/glue  tier1     irredundant
c 
c O 134.99  0 17 29 13733  1 496063 97302 1.5 22 14 10 16 15% 1190301 642 20%
c ] 135.36  0 17 29 13734  1 497405 98000 1.5 22 14 10 16 15% 1190301 642 20%
c { 135.36  0 16 29 13734  1 497405 98000 1.5 20 13 9 13 14% 1190301 642 20%
c B 142.15  0 15 29 15212  1 528071 115868 1.5 19 13 9 13 14% 1190301 642 20%
c - 142.64  0 15 30 15288  1 529120 101114 1.5 19 13 9 13 14% 1190301 642 20%
c p 142.69  0 15 30 15288  1 529120 101119 1.5 19 13 9 13 14% 1190301 642 20%
c u 144.23  0 15 30 15288  1 529120 101071 1.5 19 13 9 13 14% 1190301 642 20%
c v 144.34  0 15 30 15288  1 529120 101059 1.5 19 13 9 13 14% 1190301 642 20%
c w 144.39  0 15 30 15288  1 529120 101059 1.5 19 13 9 13 14% 1190301 642 20%
c x 144.55  0 15 30 15288  1 529120 101058 1.5 19 13 9 13 14% 1190285 642 20%
c W 154.60  0 15 30 17151  1 561072 119536 1.5 19 13 8 13 14% 1190285 642 20%
c - 156.35  0 15 31 17352  1 566866 93753 1.5 19 13 8 13 14% 1190285 642 20%
c p 156.42  0 15 31 17352  1 566866 93758 1.5 19 13 8 13 14% 1190285 642 20%
c u 156.69  0 15 31 17352  1 566866 93745 1.5 19 13 8 13 14% 1190285 642 20%
c v 156.81  0 15 31 17352  1 566866 93738 1.5 19 13 8 13 14% 1190285 642 20%
c w 156.86  0 15 31 17352  1 566866 93738 1.5 19 13 8 13 14% 1190285 642 20%
c x 157.01  0 15 31 17352  1 566866 93738 1.5 19 13 8 13 14% 1190263 642 20%
c F 164.90  0 15 31 18604  1 595074 112345 1.6 19 13 8 13 14% 1190263 642 20%
c s 167.31  0 15 31 19734  1 605151 118433 1.5 19 13 8 13 14% 1189984 642 20%
c s 167.64  0 15 31 19734  1 605151 118421 1.5 19 13 8 13 14% 1189711 642 20%
c 
c  seconds   reductions    conflicts         size   tier2         variables
c          MB      restarts       redundant     glue    trail         remaining
c           level        rate          size/glue  tier1    irredundant
c 
c - 168.31  0 15 32 19872  1 605935 98334 1.5 19 13 8 13 14% 1189711 642 20%
c p 168.36  0 15 32 19872  1 605935 98339 1.5 19 13 8 13 14% 1189711 642 20%
c u 168.64  0 15 32 19872  1 605935 98305 1.5 19 13 8 13 14% 1189711 642 20%
c v 168.76  0 15 32 19872  1 605935 98298 1.5 19 13 8 13 14% 1189711 642 20%
c w 168.81  0 15 32 19872  1 605935 98298 1.5 19 13 8 13 14% 1189711 642 20%
c x 168.97  0 15 32 19872  1 605935 98298 1.5 19 13 8 13 14% 1189707 642 20%
c } 169.49  0 15 32 20107  1 607479 99276 1.5 19 13 8 13 14% 1189707 642 20%
c [ 169.49  0 17 32 20107  1 607479 99276 1.5 22 14 10 16 15% 1189707 642 20%
c B 173.44  0 17 32 20108  1 630076 112542 1.5 21 14 10 16 14% 1189707 642 20%
c - 176.99  0 17 33 20118  1 646324 101540 1.5 22 14 10 16 14% 1189707 642 20%
c p 177.05  0 17 33 20118  1 646324 101545 1.5 22 14 10 16 14% 1189707 642 20%
c u 177.30  0 17 33 20118  1 646324 101495 1.5 22 14 10 16 14% 1189707 642 20%
c v 177.42  0 17 33 20118  1 646324 101493 1.5 22 14 10 16 14% 1189707 642 20%
c w 177.47  0 17 33 20118  1 646324 101492 1.5 22 14 10 16 14% 1189707 642 20%
c x 177.62  0 17 33 20118  1 646324 101492 1.5 22 14 10 16 14% 1189693 642 20%
c W 183.13  0 17 33 20125  1 666078 115035 1.5 22 15 9 16 14% 1189693 642 20%
c - 187.78  0 17 34 20137  1 688037 105615 1.5 22 14 9 16 14% 1189693 642 20%
c p 187.83  0 17 34 20137  1 688037 105619 1.5 22 14 9 16 14% 1189693 642 20%
c u 188.10  0 17 34 20137  1 688037 105571 1.5 22 14 9 16 14% 1189693 642 20%
c v 188.22  0 17 34 20137  1 688037 105568 1.5 22 14 9 16 14% 1189693 642 20%
c 
c  seconds   reductions    conflicts          size   tier2         variables
c          MB      restarts       redundant      glue    trail         remaining
c           level        rate           size/glue  tier1    irredundant
c 
c w 188.28  0 17 34 20137  1 688037 105568 1.5 22 14 9 16 14% 1189693 642 20%
c x 188.45  0 17 34 20137  1 688037 105565 1.5 22 14 9 16 14% 1189671 642 20%
c I 191.58  0 16 34 20139  1 703079 114539 1.5 21 14 9 16 14% 1189671 642 20%
c ] 195.92  0 16 34 20140  1 720727 125335 1.6 21 14 9 16 14% 1189671 642 20%
c { 195.92  0 15 34 20140  1 720727 125335 1.5 19 13 8 13 14% 1189671 642 20%
c - 199.76  0 15 35 21003  1 731075 111522 1.5 20 13 8 13 14% 1189671 642 20%
c p 199.82  0 15 35 21003  1 731075 111527 1.5 20 13 8 13 14% 1189671 642 20%
c u 200.10  0 15 35 21003  1 731075 111471 1.5 20 13 8 13 14% 1189671 642 20%
c v 200.25  0 15 35 21003  1 731075 111466 1.5 20 13 8 13 14% 1189671 642 20%
c w 200.32  0 15 35 21003  1 731075 111466 1.5 20 13 8 13 14% 1189671 642 20%
c x 200.54  0 15 35 21003  1 731075 111466 1.5 20 13 8 13 14% 1189660 642 20%
c B 202.95  0 15 35 21290  1 741081 117447 1.5 20 13 8 13 14% 1189660 642 20%
c - 210.54  0 15 36 22819  1 775441 120667 1.6 19 12 8 13 14% 1189660 642 20%
c p 210.58  0 15 36 22819  1 775441 120672 1.6 19 12 8 13 14% 1189660 642 20%
c u 210.83  0 15 36 22819  1 775441 120636 1.6 19 12 8 13 14% 1189660 642 20%
c v 210.93  0 15 36 22819  1 775441 120624 1.6 19 12 8 13 14% 1189660 642 20%
c w 210.97  0 15 36 22819  1 775441 120624 1.6 19 12 8 13 14% 1189660 642 20%
c x 211.14  0 15 36 22819  1 775441 120623 1.6 19 12 8 13 14% 1189655 642 20%
c s 212.25  0 15 36 23038  1 778845 122718 1.6 19 12 8 13 14% 1189157 642 20%
c s 212.61  0 15 36 23038  1 778845 122700 1.6 19 12 8 13 14% 1188465 642 20%
c 
c  seconds   reductions    conflicts          size   tier2         variables
c          MB      restarts       redundant      glue    trail         remaining
c           level        rate           size/glue  tier1    irredundant
c 
c W 215.45  0 15 36 23080  1 780082 123377 1.6 19 12 8 13 14% 1188465 642 20%
c # 225.14  0 14 36 24639  1 820084 147052 1.6 19 12 8 13 14% 1188465 642 20%
c - 225.65  0 14 37 24653  1 821129 129644 1.6 19 12 8 13 14% 1188465 642 20%
c p 225.71  0 14 37 24653  1 821129 129649 1.6 19 12 8 13 14% 1188465 642 20%
c u 226.04  0 14 37 24653  1 821129 129610 1.6 19 12 8 13 14% 1188465 642 20%
c v 226.18  0 14 37 24653  1 821129 129602 1.6 19 12 8 13 14% 1188465 642 20%
c w 226.24  0 14 37 24653  1 821129 129601 1.6 19 12 8 13 14% 1188465 642 20%
c x 226.39  0 14 37 24653  1 821129 129600 1.6 19 12 8 13 14% 1188450 642 20%
c } 235.19  0 14 37 26463  1 859170 150641 1.6 18 12 8 13 14% 1188450 642 20%
c [ 235.19  0 16 37 26463  1 859170 150641 1.6 21 14 9 16 14% 1188450 642 20%
c B 235.61  0 16 37 26463  1 861087 151845 1.6 21 14 9 16 14% 1188450 642 20%
c - 237.02  0 16 38 26463  1 868136 136413 1.5 21 14 9 16 14% 1188450 642 20%
c p 237.06  0 16 38 26463  1 868136 136416 1.5 21 14 9 16 14% 1188450 642 20%
c u 238.99  0 16 38 26463  1 868136 136385 1.5 21 14 9 16 14% 1188450 642 20%
c v 239.11  0 16 38 26463  1 868136 136375 1.5 21 14 9 16 14% 1188450 642 20%
c w 239.17  0 16 38 26463  1 868136 136371 1.5 21 14 9 16 14% 1188450 642 20%
c x 239.36  0 16 38 26463  1 868136 136370 1.5 21 14 9 16 14% 1188441 642 20%
c W 248.76  0 16 38 26464  1 903088 157914 1.5 21 14 9 16 14% 1188441 642 20%
c - 251.89  0 16 39 26464  1 916468 142298 1.5 21 14 9 16 14% 1188441 642 20%
c p 251.95  0 16 39 26464  1 916468 142301 1.5 21 14 9 16 14% 1188441 642 20%
c 
c  seconds   reductions    conflicts          size   tier2         variables
c          MB      restarts       redundant      glue    trail         remaining
c           level        rate           size/glue  tier1    irredundant
c 
c u 252.28  0 16 39 26464  1 916468 142268 1.5 21 14 9 16 14% 1188441 642 20%
c v 252.42  0 16 39 26464  1 916468 142264 1.5 21 14 9 16 14% 1188441 642 20%
c w 252.49  0 16 39 26464  1 916468 142262 1.5 21 14 9 16 14% 1188441 642 20%
c x 252.71  0 16 39 26464  1 916468 142262 1.5 21 14 9 16 14% 1188436 642 20%
c O 259.40  0 16 39 26464  1 946092 159710 1.6 21 13 9 15 14% 1188436 642 20%
c - 263.85  0 15 40 26472  1 966128 149728 1.5 20 13 9 15 14% 1188436 642 20%
c p 263.91  0 15 40 26472  1 966128 149734 1.5 20 13 9 15 14% 1188436 642 20%
c u 264.22  0 15 40 26472  1 966128 149666 1.5 20 13 9 15 14% 1188436 642 20%
c v 264.36  0 15 40 26472  1 966128 149633 1.5 20 13 9 15 14% 1188436 642 20%
c w 264.42  0 15 40 26472  1 966128 149620 1.5 20 13 9 15 14% 1188436 642 20%
c x 264.60  0 15 40 26472  1 966128 149613 1.5 20 13 9 15 14% 1188370 642 20%
c t 264.61  0 15 40 26472  1 966128 149602 1.5 20 13 9 15 14% 1188368 642 20%
c s 266.01  0 15 40 26478  1 974223 154548 1.5 20 13 9 15 14% 1187450 642 20%
c s 266.37  0 15 40 26478  1 974223 154508 1.5 20 13 9 15 14% 1186783 642 20%
c i 269.41  0 15 40 26482  1 989386 162359 1.5 19 13 8 15 14% 1186783 641 20%
c B 269.68  0 15 40 26482  1 990093 162849 1.5 19 13 8 15 14% 1186783 641 20%
c ] 272.95  0 14 40 26493  1 1009009 174772 1.6 19 12 8 15 14% 1186783 641 20%
c { 272.95  0 14 40 26493  1 1009009 174772 1.6 18 12 8 13 14% 1186783 641 20%
c - 275.29  0 14 41 26953  1 1017114 102233 1.6 18 12 8 13 14% 1055262 641 20%
c p 275.34  0 14 41 26953  1 1017114 102243 1.6 18 12 8 13 14% 1055262 641 20%
c 
c  seconds   reductions     conflicts          size   tier2         variables
c          MB      restarts        redundant      glue    trail         remaining
c           level        rate            size/glue  tier1    irredundant
c 
c u 275.59  0 14 41 26953  1 1017114 102183 1.6 18 12 8 13 14% 1055262 641 20%
c v 275.70  0 14 41 26953  1 1017114 102176 1.6 18 12 8 13 14% 1055262 641 20%
c w 275.75  0 14 41 26953  1 1017114 102176 1.6 18 12 8 13 14% 1055262 641 20%
c x 275.89  0 14 41 26953  1 1017114 102176 1.6 18 12 8 13 14% 1055246 641 20%
c t 275.90  0 14 41 26953  1 1017114 102175 1.6 18 12 8 13 14% 1055246 641 20%
c B 279.11  0 14 41 27384  1 1035095 111834 1.5 18 12 8 13 13% 1055246 641 20%
c - 285.36  0 13 42 28620  1 1068130 122418 1.5 17 11 8 13 13% 1055246 641 20%
c p 285.41  0 13 42 28620  1 1068130 122426 1.5 17 11 8 13 13% 1055246 641 20%
c u 285.66  0 13 42 28620  1 1068130 122365 1.5 17 11 8 13 13% 1055246 641 20%
c v 285.78  0 13 42 28620  1 1068130 122352 1.5 17 11 8 13 13% 1055246 641 20%
c w 285.85  0 13 42 28620  1 1068130 122352 1.5 17 11 8 13 13% 1055246 641 20%
c x 286.00  0 13 42 28620  1 1068130 122349 1.5 17 11 8 13 13% 1055205 641 20%
c t 286.01  0 13 42 28620  1 1068130 122349 1.5 17 11 8 13 13% 1055204 641 20%
c W 291.88  0 13 42 29174  1 1081100 128631 1.5 17 11 8 13 13% 1055204 641 20%
c - 302.28  0 13 43 31215  1 1120407 120729 1.6 17 11 7 12 13% 1055204 641 20%
c d 302.33  0 13 43 31215  1 1120407 120708 1.6 17 11 7 12 13% 1055202 640 20%
c p 302.39  0 13 43 31215  1 1120407 120715 1.6 17 11 7 12 13% 1055202 640 20%
c u 302.74  0 13 43 31215  1 1120407 120659 1.6 17 11 7 12 13% 1055202 640 20%
c v 302.90  0 13 43 31215  1 1120407 120652 1.6 17 11 7 12 13% 1055202 640 20%
c w 302.97  0 13 43 31215  1 1120407 120640 1.6 17 11 7 12 13% 1055202 640 20%
c 
c  seconds   reductions     conflicts          size   tier2         variables
c          MB      restarts        redundant      glue    trail         remaining
c           level        rate            size/glue  tier1    irredundant
c 
c x 303.17  0 13 43 31215  1 1120407 120639 1.6 17 11 7 12 13% 1055093 640 20%
c F 304.58  0 13 43 31313  1 1128101 124380 1.6 17 11 7 12 13% 1055093 640 20%
c - 316.56  0 12 44 33684  1 1173948 126570 1.6 16 11 7 12 13% 1055093 640 20%
c p 316.62  0 12 44 33684  1 1173948 126575 1.6 16 11 7 12 13% 1055093 640 20%
c u 316.95  0 12 44 33684  1 1173948 126516 1.6 16 11 7 12 13% 1055093 640 20%
c v 317.10  0 12 44 33684  1 1173948 126507 1.6 16 11 7 12 13% 1055093 640 20%
c w 317.18  0 12 44 33684  1 1173948 126495 1.6 16 11 7 12 13% 1055093 640 20%
c x 317.40  0 12 44 33684  1 1173948 126486 1.6 16 11 7 12 13% 1054988 640 20%
c B 318.07  0 12 44 33746  1 1176103 127646 1.6 16 11 7 12 13% 1054988 640 20%
c s 321.99  0 12 44 34114  1 1191267 135735 1.6 16 10 7 12 13% 1051996 640 20%
c e 322.22  0 12 44 34114  1 1191267 135023 1.6 16 10 7 12 13% 1051983 630 19%
c s 322.33  0 12 44 34114  1 1191267 134977 1.6 16 10 7 12 13% 1049101 630 19%
c i 322.95  0 12 44 34114  1 1192888 135692 1.6 16 10 7 12 13% 1049101 629 19%
c } 323.34  0 12 44 34129  1 1194282 136401 1.6 16 10 7 12 13% 1049101 629 19%
c [ 323.34  0 14 44 34129  1 1194282 136401 1.6 19 12 8 15 14% 1049101 629 19%
c i 324.35  0 14 44 34130  1 1198894 138413 1.6 19 12 8 15 14% 1049101 623 19%
c i 325.11  0 14 44 34130  1 1202064 139944 1.6 19 12 8 15 14% 1049101 622 19%
c i 325.66  0 14 44 34130  1 1204627 141192 1.6 19 12 8 15 14% 1049101 621 19%
c i 325.81  0 14 44 34131  1 1205461 141587 1.6 19 12 8 15 14% 1049101 620 19%
c i 325.85  0 14 44 34131  1 1205782 141722 1.6 19 12 8 15 14% 1049101 612 19%
c 
c  seconds   reductions     conflicts          size   tier2         variables
c          MB      restarts        redundant      glue    trail         remaining
c           level        rate            size/glue  tier1    irredundant
c 
c i 325.93  0 14 44 34131  1 1206175 141841 1.6 18 12 8 15 14% 1049101 600 18%
c ] 325.93  0 14 44 34131  1 1206178 141841 1.6 18 12 8 15 14% 1049101 591 18%
c 0 325.93  0 14 44 34131  1 1206178 141841 1.6 18 12 8 15 14% 1049101 591 18%
c 
c --- [ closing proof ] ------------------------------------------------------
c 
c LRAT proof file '/Users/ivanspogreev/earth-moon/population/f034-a4-cert/split-m07/c10/round-0/F.lrat' closed
c LRAT 2184547 added clauses 38.24%
c LRAT 3528147 deleted clauses 61.76%
c LRAT 383412040 bytes (365.65 MB)
c 
c --- [ result ] -------------------------------------------------------------
c 
s UNSATISFIABLE
c 
c --- [ run-time profiling ] -------------------------------------------------
c 
c process time taken by individual solving procedures
c (percentage relative to process time for solving)
c 
c       293.77   90.54% search
c       166.90   51.44% unstable
c       106.60   32.85% stable
c        30.71    9.46% simplify
c        20.24    6.24% walk
c        16.37    5.04% vivify
c         5.82    1.79% sweep
c         4.18    1.29% elim
c         1.46    0.45% parse
c         1.40    0.43% subsume
c         1.13    0.35% probe
c         0.31    0.10% congruence
c         0.29    0.09% ternary
c         0.02    0.01% lucky
c         0.00    0.00% backbone
c   =================================
c       324.47   99.55% solve
c 
c last line shows process time for solving
c (percentage relative to total process time)
c 
c --- [ statistics ] ---------------------------------------------------------
c 
c chronological:            135746        11.25 %  of conflicts
c conflicts:               1206178      3717.33    per second
c backbone:                 111927      3416.58 %  of vars
c decisions:               1389679      4282.87    per second
c eliminated:                 2074        63.31 %  of all variables
c fixed:                       608        18.56 %  of all variables
c learned:                 1184503        98.20 %  per conflict
c learned_lits:           32630615       100.00 %  learned literals
c minimized:                     0         0.00 %  learned literals
c shrunken:                7642934        23.42 %  learned literals
c minishrunken:            1794248         5.50 %  learned literals
c otfs:                       6569         0.54 %  of conflict
c propagations:           16844705         0.05 M  per second
c reduced:                  519053        43.03 %  per conflict
c rephased:                     48     25128.71    interval
c restarts:                  34131        35.34    interval
c stabilizing:                  10        44.17 %  of conflicts
c substituted:                   3         0.09 %  of all variables
c subsumed:                 464726        19.00 %  of all clauses
c strengthened:              35632         1.46 %  of all clauses
c ticks:               24455250333      1470.64    propagation
c vivified:                   3429         0.14 %  of all clauses
c walked:                       14     86155.57    interval
c weakened:                   5113         2.54    average size
c congruence:                    8    150772.25    interval
c 
c seconds are measured in process time for solving
c 
c --- [ glue usage ] ---------------------------------------------------------
c 
c focused glue 7 used 149649 clauses 7.720% accumulated 54.22% tier1
c focused glue 8 used 143606 clauses 7.408% accumulated 61.63%
c focused glue 9-10 used 253161 clauses 13.06% accumulated 74.69%
c focused glue 11 used 112772 clauses 5.817% accumulated 80.51%
c focused glue 12 used 97868 clauses 5.048% accumulated 85.56% tier2
c 
c stable glue 8 used 96852 clauses 6.112% accumulated 52.76% tier1
c stable glue 9 used 85954 clauses 5.424% accumulated 58.19%
c stable glue 10-12 used 263455 clauses 16.62% accumulated 74.82%
c stable glue 13 used 78662 clauses 4.964% accumulated 79.78%
c stable glue 14 used 69024 clauses 4.356% accumulated 84.14% tier2
c 
c 
c --- [ resources ] ----------------------------------------------------------
c 
c total process time since initialization:       325.93    seconds
c total real time since initialization:          328.56    seconds
c maximum resident set size of process:         1332.38    MB
c 
c --- [ shutting down ] ------------------------------------------------------
c 
c exit 20

[rc=20 328.6s]
$ /Users/ivanspogreev/earth-moon/verifier/../tools/drat-trim/lrat-check /Users/ivanspogreev/earth-moon/population/f034-a4-cert/split-m07/c10/round-0/F.cnf /Users/ivanspogreev/earth-moon/population/f034-a4-cert/split-m07/c10/round-0/F.lrat
c parsed a formula with 3276 variables and 2535151 clauses
c VERIFIED
c allocated 1024 57753904 110565
c Added clauses = 4719698.  Deleted clauses = 3528147.  Max live clauses = 2535151
c verification time = 7.45 secs

[rc=0 7.5s]
