# A4 member 12: slack=1 e=155 n=28 mults=[05:2 06:6 14:5 15:2 16:1 23:5 25:3 34:2 36:1 45:1] generators=18 backend=boyer Fri Oct  2 19:19:12 2026 cube=[-105, -53, 95, -149]
[f034-a4-12-e155] n=28 m=155 cap=78 | 414 K5s, 3736 K3,3s, 18 sym generators, 40679 clauses, propagator check_at=9 planarity=boyer, clause dump -> /root/earth-moon/population/f034-a4-cert/cs-a4_m12c/s/n105_n53_p95_n149/dump.jsonl
    ... {'checks': 50000, 'confl': 12112, 'model_rej': 0} 3s
    ... {'checks': 100000, 'confl': 21923, 'model_rej': 0} 6s
    ... {'checks': 150000, 'confl': 33770, 'model_rej': 0} 8s
    ... {'checks': 200000, 'confl': 43513, 'model_rej': 0} 11s
    ... {'checks': 250000, 'confl': 53599, 'model_rej': 0} 14s
    ... {'checks': 300000, 'confl': 62073, 'model_rej': 0} 16s
    ... {'checks': 350000, 'confl': 70968, 'model_rej': 0} 19s
    ... {'checks': 400000, 'confl': 78354, 'model_rej': 0} 22s
    ... {'checks': 450000, 'confl': 85290, 'model_rej': 0} 25s
    ... {'checks': 500000, 'confl': 92230, 'model_rej': 0} 28s
    ... {'checks': 550000, 'confl': 99172, 'model_rej': 0} 31s
    ... {'checks': 600000, 'confl': 104476, 'model_rej': 0} 34s
    ... {'checks': 650000, 'confl': 111227, 'model_rej': 0} 37s
    ... {'checks': 700000, 'confl': 116498, 'model_rej': 0} 40s
    ... {'checks': 750000, 'confl': 122531, 'model_rej': 0} 43s
    ... {'checks': 800000, 'confl': 127740, 'model_rej': 0} 47s
    ... {'checks': 850000, 'confl': 134111, 'model_rej': 0} 51s
    ... {'checks': 900000, 'confl': 139835, 'model_rej': 0} 55s
    ... {'checks': 950000, 'confl': 145443, 'model_rej': 0} 58s
    ... {'checks': 1000000, 'confl': 151108, 'model_rej': 0} 63s
    ... {'checks': 1050000, 'confl': 155805, 'model_rej': 0} 66s
    ... {'checks': 1100000, 'confl': 160987, 'model_rej': 0} 72s
    ... {'checks': 1150000, 'confl': 165334, 'model_rej': 0} 77s
    ... {'checks': 1200000, 'confl': 170529, 'model_rej': 0} 82s
    ... {'checks': 1250000, 'confl': 176376, 'model_rej': 0} 88s
    ... {'checks': 1300000, 'confl': 182002, 'model_rej': 0} 93s
    ... {'checks': 1350000, 'confl': 188149, 'model_rej': 0} 98s
    ... {'checks': 1400000, 'confl': 193941, 'model_rej': 0} 104s
    ... {'checks': 1450000, 'confl': 199855, 'model_rej': 0} 110s
    ... {'checks': 1500000, 'confl': 205680, 'model_rej': 0} 118s
    ... {'checks': 1550000, 'confl': 211944, 'model_rej': 0} 126s
    ... {'checks': 1600000, 'confl': 218057, 'model_rej': 0} 130s
    ... {'checks': 1650000, 'confl': 222474, 'model_rej': 0} 134s
    ... {'checks': 1700000, 'confl': 229933, 'model_rej': 0} 139s
    ... {'checks': 1750000, 'confl': 236220, 'model_rej': 0} 143s
    ... {'checks': 1800000, 'confl': 242325, 'model_rej': 0} 147s
    ... {'checks': 1850000, 'confl': 247796, 'model_rej': 0} 153s
    ... {'checks': 1900000, 'confl': 252328, 'model_rej': 0} 159s
    ... {'checks': 1950000, 'confl': 258545, 'model_rej': 0} 164s
    ... {'checks': 2000000, 'confl': 264797, 'model_rej': 0} 168s
    ... {'checks': 2050000, 'confl': 269985, 'model_rej': 0} 172s
    ... {'checks': 2100000, 'confl': 274283, 'model_rej': 0} 177s
    ... {'checks': 2150000, 'confl': 278399, 'model_rej': 0} 180s
    ... {'checks': 2200000, 'confl': 284154, 'model_rej': 0} 185s
    ... {'checks': 2250000, 'confl': 291039, 'model_rej': 0} 190s
    ... {'checks': 2300000, 'confl': 297678, 'model_rej': 0} 195s
    ... {'checks': 2350000, 'confl': 304528, 'model_rej': 0} 201s
    ... {'checks': 2400000, 'confl': 310146, 'model_rej': 0} 207s
    ... {'checks': 2450000, 'confl': 316216, 'model_rej': 0} 212s
    ... {'checks': 2500000, 'confl': 320702, 'model_rej': 0} 218s
    ... {'checks': 2550000, 'confl': 324660, 'model_rej': 0} 223s
    ... {'checks': 2600000, 'confl': 328129, 'model_rej': 0} 228s
    ... {'checks': 2650000, 'confl': 330744, 'model_rej': 0} 234s
    ... {'checks': 2700000, 'confl': 333694, 'model_rej': 0} 240s
    ... {'checks': 2750000, 'confl': 337999, 'model_rej': 0} 247s
    ... {'checks': 2800000, 'confl': 343344, 'model_rej': 0} 260s
    ... {'checks': 2850000, 'confl': 348623, 'model_rej': 0} 267s
    ... {'checks': 2900000, 'confl': 352913, 'model_rej': 0} 274s
    ... {'checks': 2950000, 'confl': 357181, 'model_rej': 0} 284s
    ... {'checks': 3000000, 'confl': 361418, 'model_rej': 0} 292s
    ... {'checks': 3050000, 'confl': 366204, 'model_rej': 0} 297s
    ... {'checks': 3100000, 'confl': 371235, 'model_rej': 0} 306s
    ... {'checks': 3150000, 'confl': 376362, 'model_rej': 0} 316s
    ... {'checks': 3200000, 'confl': 380397, 'model_rej': 0} 324s
    ... {'checks': 3250000, 'confl': 385456, 'model_rej': 0} 335s
    ... {'checks': 3300000, 'confl': 389939, 'model_rej': 0} 350s
    ... {'checks': 3350000, 'confl': 393641, 'model_rej': 0} 356s
    ... {'checks': 3400000, 'confl': 397528, 'model_rej': 0} 367s
    ... {'checks': 3450000, 'confl': 400893, 'model_rej': 0} 373s
    ... {'checks': 3500000, 'confl': 404121, 'model_rej': 0} 381s
    ... {'checks': 3550000, 'confl': 408327, 'model_rej': 0} 391s
    ... {'checks': 3600000, 'confl': 412939, 'model_rej': 0} 402s
    ... {'checks': 3650000, 'confl': 417424, 'model_rej': 0} 414s
    ... {'checks': 3700000, 'confl': 422694, 'model_rej': 0} 425s
    ... {'checks': 3750000, 'confl': 427480, 'model_rej': 0} 435s
    ... {'checks': 3800000, 'confl': 432557, 'model_rej': 0} 454s
    ... {'checks': 3850000, 'confl': 437212, 'model_rej': 0} 464s
    ... {'checks': 3900000, 'confl': 440907, 'model_rej': 0} 474s
    ... {'checks': 3950000, 'confl': 446298, 'model_rej': 0} 486s
    ... {'checks': 4000000, 'confl': 450843, 'model_rej': 0} 497s
    ... {'checks': 4050000, 'confl': 454767, 'model_rej': 0} 507s
    ... {'checks': 4100000, 'confl': 458465, 'model_rej': 0} 514s
    ... {'checks': 4150000, 'confl': 462160, 'model_rej': 0} 523s
    ... {'checks': 4200000, 'confl': 466031, 'model_rej': 0} 537s
    ... {'checks': 4250000, 'confl': 470130, 'model_rej': 0} 549s
    ... {'checks': 4300000, 'confl': 474771, 'model_rej': 0} 561s
    ... {'checks': 4350000, 'confl': 477218, 'model_rej': 0} 567s
    ... {'checks': 4400000, 'confl': 481504, 'model_rej': 0} 578s
    ... {'checks': 4450000, 'confl': 485176, 'model_rej': 0} 592s
    ... {'checks': 4500000, 'confl': 488768, 'model_rej': 0} 603s
    ... {'checks': 4550000, 'confl': 491822, 'model_rej': 0} 614s
    ... {'checks': 4600000, 'confl': 495084, 'model_rej': 0} 632s
    ... {'checks': 4650000, 'confl': 497734, 'model_rej': 0} 646s
    ... {'checks': 4700000, 'confl': 500721, 'model_rej': 0} 654s
    ... {'checks': 4750000, 'confl': 504735, 'model_rej': 0} 666s
    ... {'checks': 4800000, 'confl': 508361, 'model_rej': 0} 678s
    ... {'checks': 4850000, 'confl': 512375, 'model_rej': 0} 689s
    ... {'checks': 4900000, 'confl': 516301, 'model_rej': 0} 703s
    ... {'checks': 4950000, 'confl': 520370, 'model_rej': 0} 715s
    ... {'checks': 5000000, 'confl': 524161, 'model_rej': 0} 728s
    ... {'checks': 5050000, 'confl': 527468, 'model_rej': 0} 744s
    ... {'checks': 5100000, 'confl': 531103, 'model_rej': 0} 755s
    ... {'checks': 5150000, 'confl': 535466, 'model_rej': 0} 769s
    ... {'checks': 5200000, 'confl': 539263, 'model_rej': 0} 786s
    ... {'checks': 5250000, 'confl': 542115, 'model_rej': 0} 794s
    ... {'checks': 5300000, 'confl': 545612, 'model_rej': 0} 802s
    ... {'checks': 5350000, 'confl': 550839, 'model_rej': 0} 815s
    ... {'checks': 5400000, 'confl': 555063, 'model_rej': 0} 826s
    ... {'checks': 5450000, 'confl': 560051, 'model_rej': 0} 838s
    ... {'checks': 5500000, 'confl': 564954, 'model_rej': 0} 848s
    ... {'checks': 5550000, 'confl': 569787, 'model_rej': 0} 861s
    ... {'checks': 5600000, 'confl': 573331, 'model_rej': 0} 886s
    ... {'checks': 5650000, 'confl': 578267, 'model_rej': 0} 895s
    ... {'checks': 5700000, 'confl': 580650, 'model_rej': 0} 907s
    ... {'checks': 5750000, 'confl': 583767, 'model_rej': 0} 914s
    ... {'checks': 5800000, 'confl': 587220, 'model_rej': 0} 922s
[f034-a4-12-e155] stats: {'checks': 5824852, 'confl': 588181, 'model_rej': 0}
[f034-a4-12-e155] clause dump closed: {'preseed': 8300, 'prop': 1176362, 'model': 0}
[f034-a4-12-e155] UNSAT in 926.9s — NOT BIPLANAR (subject to control validation)
RESULT f034-a4-12-e155 UNSAT 927.1s
