# lean_static_resolve 2026-09-25 21:31:14
# dump=/Users/ivanspogreev/earth-moon/population/f034-a4-cert/split-m13/dump.jsonl raw=2358960 dedup=2358960 footer={'type': 'footer', 'verdict': 'UNSAT', 'counts': {'preseed': 7898, 'prop': 2351062, 'model': 0}, 'stats': {'checks': 17051403, 'confl': 1175531, 'model_rej': 0}, 'time': '2026-09-25T20:45:02-0700'}
# counters=False
# cube=[-33, -53, -16, -37]
$ /opt/homebrew/bin/cadical --lrat --no-binary --no-factor /Users/ivanspogreev/earth-moon/population/f034-a4-cert/split-m13/c16/round-0/F.cnf /Users/ivanspogreev/earth-moon/population/f034-a4-cert/split-m13/c16/round-0/F.lrat
c --- [ banner ] -------------------------------------------------------------
c 
c CaDiCaL SAT Solver
c Copyright (c) 2016-2026
c A. Biere, M. Fleury, N. Froleyks, K. Fazekas, F. Pollitt, T. Faller
c JKU Linz, University of Freiburg, TU Wien
c 
c Version 3.0.1
c Apple clang version 16.0.0 (clang-1600.0.26.6) -Wall -Wextra -O3 -DNDEBUG -std=c++11 -DNCLOSEFROM
c Sun Jul 19 15:40:55 UTC 2026 Darwin Sonoma-arm64.local 23.6.0 arm64
c 
c --- [ proof tracing ] ------------------------------------------------------
c 
c opening file to write '/Users/ivanspogreev/earth-moon/population/f034-a4-cert/split-m13/c16/round-0/F.lrat'
c writing non-binary proof trace to '/Users/ivanspogreev/earth-moon/population/f034-a4-cert/split-m13/c16/round-0/F.lrat'
c 
c --- [ parsing input ] ------------------------------------------------------
c 
c reading DIMACS file from '/Users/ivanspogreev/earth-moon/population/f034-a4-cert/split-m13/c16/round-0/F.cnf'
c opening file to read '/Users/ivanspogreev/earth-moon/population/f034-a4-cert/split-m13/c16/round-0/F.cnf'
c found 'p cnf 2945 2367317' header
c parsed 2367317 clauses in 1.56 seconds process time
c 
c --- [ options ] ------------------------------------------------------------
c 
c   --binary=false                 (different from default 'true')
c   --lrat=true                    (different from default 'false')
c 
c --- [ solving ] ------------------------------------------------------------
c 
c time measured in process time since initialization
c 
c  seconds  reduction conflicts       size tier2        variables
c         MB    restarts   redundant    glue  trail          remaining
c          level     rate       size/glu tier1   irredundant
c 
c *  1.56  0  0 0   0  0    0    0 0.0 0 0 2 6  0% 1394433 2905 99%
c )  1.71  0  0 0   0  0    0    0 0.0 0 0 2 6  0% 1394433 2905 99%
c {  1.74  0  0 0   0  0    0    0 0.0 0 0 2 6  0% 1394433 2905 99%
c i  1.76  0 2240 0   0 152   17   13 1.5 9 6 2 6 79% 1394431 2902 99%
c i  1.76  0 2228 0   0 136   19   13 1.6 8 5 2 6 79% 1394431 2900 98%
c i  1.81  0 1980 0   2 39   80   51 1.6 9 6 2 6 72% 1394414 2899 98%
c i  1.81  0 1904 0   2 38   83   52 1.6 9 5 2 6 69% 1394413 2897 98%
c i  1.81  0 1880 0   2 37   84   52 1.6 9 5 2 6 69% 1394413 2896 98%
c i  1.81  0 1812 0   2 36   87   52 1.6 8 5 2 6 66% 1394413 2895 98%
c i  1.82  0 1253 0   3 26  134   66 1.6 8 5 2 6 48% 1394390 2894 98%
c -  2.01  0 585 1  25 30  301   85 1.5 10 7 2 6 33% 1394276 2894 98%
c i  2.14  0 372 1  71 22  493  196 1.5 15 10 2 6 27% 1394221 2893 98%
c i  2.14  0 368 1  73 22  499  198 1.5 15 10 2 6 26% 1394218 2891 98%
c i  2.14  0 367 1  73 22  500  198 1.5 15 10 2 6 26% 1394218 2890 98%
c i  2.14  0 366 1  73 22  501  198 1.5 15 10 2 6 26% 1394218 2889 98%
c i  2.30  0 269 1  93 16  707  324 1.4 16 11 2 6 24% 1394165 2888 98%
c i  2.41  0 237 1 119 16  831  386 1.4 16 11 2 6 23% 1394118 2887 98%
c }  2.46  0 208 1 123 14 1004  438 1.4 16 12 2 6 24% 1394015 2887 98%
c [  2.46  0  0 1 123  0 1004  438 0.0 0 0 2 6  0% 1394015 2887 98%
c O  2.46  0  1 1 123  2 1005  439 2.0 2 1 2 6  4% 1394015 2887 98%
c 
c  seconds  reduction conflicts       size   tier2        variables
c         MB    restarts   redundant     glue   trail          remaining
c          level     rate       size/glue  tier1   irredundant
c 
c -  2.80  0 52 2 123  1 1229  285 1.8 25 14 2 6 53% 1393988 2887 98%
c ]  3.12  0 49 2 124  1 2592 1435 1.7 26 15 2 6 41% 1393976 2887 98%
c {  3.12  0 208 2 124 14 2592 1435 1.4 16 12 2 6 24% 1393976 2887 98%
c i  3.29  0 182 2 165 13 2761 1566 1.4 17 13 2 6 23% 1393956 2886 98%
c i  3.29  0 180 2 165 12 2779 1576 1.4 17 13 2 6 22% 1393952 2883 98%
c i  3.30  0 179 2 165 12 2788 1578 1.4 17 12 2 6 22% 1393950 2875 98%
c i  3.31  0 177 2 165 12 2804 1582 1.4 17 12 2 6 22% 1393940 2860 97%
c O  3.46  0 160 2 184 11 3006 1696 1.4 18 13 2 6 22% 1393871 2860 97%
c -  3.82  0 151 3 210 11 3107  628 1.4 18 13 2 6 22% 1393819 2860 97%
c i  3.93  0 131 3 228  9 3522  803 1.4 19 14 2 6 25% 1393637 2859 97%
c i  3.93  0 130 3 228  9 3527  804 1.4 19 14 2 6 25% 1393634 2858 97%
c i  3.96  0 127 3 229  9 3597  841 1.4 19 14 2 6 25% 1393607 2856 97%
c i  3.96  0 127 3 229  9 3601  842 1.4 19 14 2 6 25% 1393606 2855 97%
c i  3.97  0 124 3 229  9 3657  873 1.4 19 14 2 6 25% 1393595 2854 97%
c 2  4.01  0 118 3 229  8 3778  963 1.4 19 13 2 6 25% 1393585 2829 96%
c d  4.08  0 118 3 229  8 3778  956 1.4 19 13 2 6 25% 1393539 2828 96%
c p  4.09  0 118 3 229  8 3778  956 1.4 19 13 2 6 25% 1393539 2827 96%
c =  4.49  0 118 3 229  8 3778  931 1.4 19 13 2 6 25% 1393402 2696 92%
c t  4.51  0 118 3 229  8 3778  930 1.4 19 13 2 6 25% 1393402 2696 92%
c #  4.96  0 72 3 232  5 6008 2725 1.8 22 12 10 14 29% 1393381 2696 92%
c 
c  seconds  reduction conflicts       size    tier2         variables
c         MB    restarts   redundant     glue     trail          remaining
c          level     rate       size/glue  tier1     irredundant
c 
c i  4.99  0 72 3 235  5 6025 2737 1.8 22 12 10 13 29% 1393380 2692 91%
c i  5.06  0 71 3 245  5 6068 2771 1.8 22 12 10 13 29% 1393379 2600 88%
c -  5.42  0 71 4 253  5 6096 2467 1.8 22 12 10 13 11% 1393280 2600 88%
c i  5.46  0 70 4 268  5 6163 2513 1.8 22 12 10 13  7% 1393276 2565 87%
c i  5.50  0 70 4 274  5 6187 2526 1.8 22 12 10 13  8% 1393268 2540 86%
c i  5.50  0 70 4 274  5 6188 2526 1.8 22 12 10 13  8% 1393268 2533 86%
c i  5.56  0 69 4 280  5 6249 2578 1.8 22 12 10 13 12% 1393264 2474 84%
c 2  5.60  0 69 4 288  5 6278 2606 1.8 21 12 10 13 13% 1393264 2457 83%
c t  5.62  0 69 4 288  5 6278 2605 1.8 21 12 10 13 13% 1393264 2457 83%
c }  6.64  0 49 4 430  3 9208 4906 1.8 21 12 9 14 19% 1393251 2457 83%
c [  6.64  0 49 4 430  1 9208 4906 1.7 26 15 2 6 47% 1393251 2457 83%
c i  6.65  0 49 4 430  1 9219 4915 1.7 26 15 2 6 47% 1393251 2389 81%
c I  7.23  0 38 4 431  1 10009 5598 1.8 24 14 2 6 37% 1393250 2389 81%
c i  7.27  0 37 4 431  1 10087 5656 1.7 24 14 2 6 37% 1393243 2347 80%
c i  7.27  0 37 4 431  1 10088 5656 1.7 24 14 2 6 37% 1393243 2287 78%
c -  7.67  0 36 5 431  1 10280 5191 1.7 23 14 2 6 36% 1344950 2287 78%
c 2  7.67  0 36 5 431  1 10280 5191 1.7 23 14 2 6 36% 1344950 2274 77%
c d  7.73  0 36 5 431  1 10280 5185 1.7 23 14 2 6 36% 1344917 2265 77%
c t  8.24  0 36 5 431  1 10280 5180 1.7 23 14 2 6 36% 1344919 2258 77%
c B  9.85  0 27 5 434  1 15011 8871 1.6 23 14 10 16 10% 1344919 2258 77%
c 
c  seconds  reductions conflicts       size    tier2         variables
c         MB    restarts    redundant     glue     trail          remaining
c          level     rate        size/glue  tier1     irredundant
c 
c ]  9.90  0 27 5 434  1 15052 8906 1.6 23 14 10 16 10% 1344919 2258 77%
c {  9.90  0 49 5 434  3 15052 8906 1.8 21 12 9 14 22% 1344919 2258 77%
c - 10.33  0 46 6 459  3 15674 7183 1.8 21 12 9 14 20% 1344918 2258 77%
c 2 10.34  0 46 6 459  3 15674 7183 1.8 21 12 9 14 20% 1344918 2253 77%
c s 10.76  0 40 6 470  3 17815 8786 1.8 21 11 9 14 16% 1344756 2253 77%
c t 10.79  0 40 6 470  3 17815 8785 1.8 21 11 9 14 16% 1344738 2253 77%
c e 11.02  0 40 6 470  3 17815 8414 1.8 21 11 9 14 16% 1341291 357 12%
c s 11.07  0 40 6 470  3 17815 8410 1.8 21 11 9 14 16% 1341115 357 12%
c B 12.77  0 34 6 729  2 21015 10671 1.8 20 11 9 14 24% 1341115 357 12%
c - 13.63  0 33 7 786  2 22338 9477 1.7 20 11 9 13 23% 1341115 357 12%
c 2 13.63  0 33 7 786  2 22338 9476 1.7 20 11 9 13 23% 1341115 357 12%
c u 14.26  0 33 7 786  2 22338 9437 1.7 20 11 9 13 23% 1341111 357 12%
c v 14.35  0 33 7 786  2 22338 9434 1.7 20 11 9 13 23% 1341111 357 12%
c w 14.39  0 33 7 786  2 22338 9434 1.7 20 11 9 13 23% 1341111 357 12%
c x 14.50  0 33 7 786  2 22338 9434 1.7 20 11 9 13 23% 1341097 357 12%
c t 14.51  0 33 7 786  2 22338 9434 1.7 20 11 9 13 23% 1341093 357 12%
c W 17.06  0 29 7 1357  2 28016 13510 1.7 20 12 9 13 22% 1341093 357 12%
c - 18.20  0 27 8 1551  2 30289 12413 1.7 19 12 9 13 22% 1341093 357 12%
c } 18.36  0 27 8 1552  2 31306 13102 1.7 19 12 9 13 22% 1341113 357 12%
c [ 18.36  0 27 8 1552  1 31306 13102 1.6 23 14 10 16 65% 1341113 357 12%
c 
c  seconds  reductions  conflicts        size    tier2         variables
c         MB    restarts      redundant     glue     trail         remaining
c          level      rate         size/glue  tier1     irredundant
c 
c W 19.34  0 24 8 1553  1 36017 16541 1.6 22 14 10 16 46% 1341113 357 12%
c - 20.04  0 24 9 1556  1 39546 15109 1.5 22 14 10 16 40% 1341113 357 12%
c O 20.91  0 24 9 1560  1 45018 19064 1.5 22 15 10 16 35% 1341113 357 12%
c - 21.92  0 23 10 1561  1 50122 17146 1.5 22 15 10 16 33% 1341113 357 12%
c ] 23.16  0 23 10 1561  1 53430 19102 1.4 22 15 10 16 32% 1341113 357 12%
c { 23.16  0 27 10 1561  2 53430 19102 1.7 19 12 9 13 22% 1341113 357 12%
c F 24.17  0 26 10 1717  2 55020 20228 1.6 19 12 9 13 22% 1341113 357 12%
c - 27.86  0 24 11 2198  2 62027 20292 1.6 19 12 9 13 22% 1341113 357 12%
c p 27.89  0 24 11 2198  2 62027 20300 1.6 19 12 9 13 22% 1341113 357 12%
c u 28.15  0 24 11 2198  2 62027 20258 1.6 19 12 9 13 22% 1341113 357 12%
c v 28.27  0 24 11 2198  2 62027 20254 1.6 19 12 9 13 22% 1341113 357 12%
c w 28.32  0 24 11 2198  2 62027 20253 1.6 19 12 9 13 22% 1341113 357 12%
c x 28.50  0 24 11 2198  2 62027 20253 1.6 19 12 9 13 22% 1341062 357 12%
c t 28.51  0 24 11 2198  2 62027 20253 1.6 19 12 9 13 22% 1341049 357 12%
c s 30.11  0 23 11 2580  2 65317 22569 1.6 19 12 9 13 23% 1340811 357 12%
c s 30.41  0 23 11 2580  2 65317 22563 1.6 19 12 9 13 23% 1340681 357 12%
c B 30.99  0 23 11 2594  2 66023 22962 1.6 19 12 9 13 23% 1340681 357 12%
c - 33.95  0 22 12 3456  2 75273 22810 1.6 19 12 8 12 23% 1340681 357 12%
c p 33.98  0 22 12 3456  2 75273 22827 1.6 19 12 8 12 23% 1340681 357 12%
c W 35.77  0 21 12 3597  2 78026 24668 1.6 19 12 8 12 23% 1340681 357 12%
c 
c  seconds  reductions   conflicts        size   tier2         variables
c         MB     restarts      redundant     glue    trail         remaining
c          level       rate         size/glue  tier1    irredundant
c 
c } 36.40  0 21 12 3784  2 78989 25390 1.6 19 12 8 12 23% 1340681 357 12%
c [ 36.40  0 23 12 3784  1 78989 25390 1.4 22 15 10 16 32% 1340681 357 12%
c - 38.55  0 21 13 3790  1 89863 27656 1.5 22 14 10 16 30% 1340681 357 12%
c p 38.57  0 21 13 3790  1 89863 27657 1.5 22 14 10 16 30% 1340681 357 12%
c u 38.78  0 21 13 3790  1 89863 27631 1.5 22 14 10 16 30% 1340681 357 12%
c v 38.86  0 21 13 3790  1 89863 27631 1.5 22 14 10 16 30% 1340681 357 12%
c w 38.90  0 21 13 3790  1 89863 27631 1.5 22 14 10 16 30% 1340681 357 12%
c x 39.00  0 21 13 3790  1 89863 27631 1.5 22 14 10 16 30% 1340606 357 12%
c t 39.01  0 21 13 3790  1 89863 27631 1.5 22 14 10 16 30% 1340597 357 12%
c B 39.26  0 21 13 3790  1 91028 28618 1.5 22 14 10 16 30% 1340597 357 12%
c W 42.15  0 22 13 3798  1 105029 40118 1.5 22 14 10 16 28% 1340597 357 12%
c - 42.47  0 22 14 3798  1 105806 30179 1.5 22 15 10 16 28% 1340597 357 12%
c p 42.51  0 22 14 3798  1 105806 30194 1.5 22 15 10 16 28% 1340597 357 12%
c ] 45.66  0 21 14 3799  1 114349 36049 1.5 22 15 10 16 28% 1340597 357 12%
c { 45.66  0 21 14 3799  2 114349 36049 1.6 19 12 8 12 23% 1340597 357 12%
c # 48.25  0 21 14 4183  2 120037 40095 1.6 19 12 8 12 23% 1340597 357 12%
c - 48.86  0 20 15 4194  2 123106 32493 1.6 19 12 8 12 23% 1340597 357 12%
c p 48.89  0 20 15 4194  2 123106 32495 1.6 19 12 8 12 23% 1340597 357 12%
c u 49.13  0 20 15 4194  2 123106 32464 1.6 19 12 8 12 23% 1340597 357 12%
c v 49.23  0 20 15 4194  2 123106 32463 1.6 19 12 8 12 23% 1340597 357 12%
c 
c  seconds  reductions   conflicts         size   tier2         variables
c         MB     restarts       redundant     glue    trail         remaining
c          level       rate          size/glue  tier1    irredundant
c 
c w 49.27  0 20 15 4194  2 123106 32461 1.6 19 12 8 12 23% 1340597 357 12%
c x 49.42  0 20 15 4194  2 123106 32461 1.6 19 12 8 12 23% 1340562 357 12%
c t 49.43  0 20 15 4194  2 123106 32461 1.6 19 12 8 12 23% 1340561 357 12%
c B 53.88  0 19 15 4552  2 136040 41060 1.6 18 11 8 12 23% 1340561 357 12%
c s 54.22  0 19 15 4645  2 136567 41424 1.6 18 11 7 12 23% 1340349 357 12%
c s 54.54  0 19 15 4645  2 136567 41411 1.6 18 11 7 12 23% 1340100 357 12%
c - 57.86  0 19 16 5111  2 141764 34545 1.6 18 11 7 12 23% 1340100 357 12%
c p 57.91  0 19 16 5111  2 141764 34558 1.6 18 11 7 12 23% 1340100 357 12%
c u 58.10  0 19 16 5111  2 141764 34487 1.6 18 11 7 12 23% 1340100 357 12%
c v 58.17  0 19 16 5111  2 141764 34483 1.6 18 11 7 12 23% 1340100 357 12%
c w 58.21  0 19 16 5111  2 141764 34482 1.6 18 11 7 12 23% 1340100 357 12%
c x 58.31  0 19 16 5111  2 141764 34482 1.6 18 11 7 12 23% 1340066 357 12%
c t 58.32  0 19 16 5111  2 141764 34482 1.6 18 11 7 12 23% 1340065 357 12%
c W 63.44  0 18 16 5713  2 153041 42929 1.6 18 11 7 12 24% 1340065 357 12%
c } 64.07  0 18 16 5805  2 153666 43334 1.6 18 11 7 12 24% 1340065 357 12%
c [ 64.07  0 21 16 5805  1 153666 43334 1.5 22 15 10 16 28% 1340065 357 12%
c - 67.17  0 21 17 5806  1 161786 40078 1.5 21 14 10 16 27% 1340065 357 12%
c p 67.24  0 21 17 5806  1 161786 40093 1.5 21 14 10 16 27% 1340065 357 12%
c u 67.48  0 21 17 5806  1 161786 40082 1.5 21 14 10 16 27% 1340065 357 12%
c v 67.55  0 21 17 5806  1 161786 40082 1.5 21 14 10 16 27% 1340065 357 12%
c 
c  seconds  reductions   conflicts         size    tier2         variables
c         MB     restarts       redundant     glue     trail         remaining
c          level       rate          size/glue  tier1     irredundant
c 
c w 67.58  0 21 17 5806  1 161786 40081 1.5 21 14 10 16 27% 1340065 357 12%
c x 67.69  0 21 17 5806  1 161786 40081 1.5 21 14 10 16 27% 1340053 357 12%
c I 70.63  0 20 17 5806  1 171042 45115 1.5 21 14 10 16 26% 1340053 357 12%
c - 73.63  0 20 18 5813  1 183177 41523 1.5 21 14 10 16 26% 1340053 357 12%
c p 73.66  0 20 18 5813  1 183177 41531 1.5 21 14 10 16 26% 1340053 357 12%
c B 75.16  0 19 18 5817  1 190044 46335 1.5 21 14 10 16 26% 1340053 357 12%
c ] 77.38  0 19 18 5821  1 199789 53708 1.5 21 14 10 16 26% 1340053 357 12%
c { 77.38  0 18 18 5821  2 199789 53708 1.6 18 11 7 12 24% 1340053 357 12%
c - 80.81  0 18 19 6651  2 205936 44370 1.6 18 11 7 12 24% 1340053 357 12%
c p 80.87  0 18 19 6651  2 205936 44385 1.6 18 11 7 12 24% 1340053 357 12%
c u 82.50  0 18 19 6651  2 205936 44347 1.6 18 11 7 12 24% 1340053 357 12%
c v 82.64  0 18 19 6651  2 205936 44343 1.6 18 11 7 12 24% 1340053 357 12%
c w 82.71  0 18 19 6651  2 205936 44341 1.6 18 11 7 12 24% 1340053 357 12%
c x 82.95  0 18 19 6651  2 205936 44334 1.6 18 11 7 12 24% 1340004 357 12%
c t 82.96  0 18 19 6651  2 205936 44334 1.6 18 11 7 12 24% 1340000 357 12%
c F 84.58  0 18 19 7182  2 210047 46837 1.6 18 11 7 12 23% 1340000 357 12%
c - 93.82  0 17 20 8925  2 230068 49689 1.6 18 12 7 12 23% 1340000 357 12%
c p 93.89  0 17 20 8925  2 230068 49704 1.6 18 12 7 12 23% 1340000 357 12%
c u 94.12  0 17 20 8925  2 230068 49693 1.6 18 12 7 12 23% 1340000 357 12%
c v 94.20  0 17 20 8925  2 230068 49689 1.6 18 12 7 12 23% 1340000 357 12%
c 
c  seconds  reductions   conflicts         size   tier2         variables
c         MB     restarts       redundant     glue    trail         remaining
c          level       rate          size/glue  tier1    irredundant
c 
c w 94.24  0 17 20 8925  2 230068 49689 1.6 18 12 7 12 23% 1340000 357 12%
c x 94.36  0 17 20 8925  2 230068 49688 1.6 18 12 7 12 23% 1339851 357 12%
c t 94.37  0 17 20 8925  2 230068 49688 1.6 18 12 7 12 23% 1339850 357 12%
c B 95.00  0 17 20 9111  2 231048 50340 1.6 18 12 7 12 23% 1339850 357 12%
c s 95.43  0 17 20 9223  2 231561 50690 1.6 18 12 7 12 23% 1339606 357 12%
c s 95.73  0 17 20 9223  2 231561 50656 1.6 18 12 7 12 23% 1338716 357 12%
c } 105.79  0 17 20 11167  2 249457 61975 1.5 18 12 7 12 23% 1338716 357 12%
c [ 105.79  0 19 20 11167  1 249457 61975 1.5 21 14 10 16 26% 1338716 357 12%
c W 109.85  0 19 20 11167  1 253050 64564 1.5 21 14 10 16 26% 1338716 357 12%
c - 110.89  0 19 21 11168  1 255574 53643 1.5 21 14 10 16 26% 1338716 357 12%
c p 110.98  0 19 21 11168  1 255574 53658 1.5 21 14 10 16 26% 1338716 357 12%
c u 111.27  0 19 21 11168  1 255574 53598 1.5 21 14 10 16 26% 1338716 357 12%
c v 111.42  0 19 21 11168  1 255574 53593 1.5 21 14 10 16 26% 1338716 357 12%
c w 111.49  0 19 21 11168  1 255574 53592 1.5 21 14 10 16 26% 1338716 357 12%
c x 111.67  0 19 21 11168  1 255574 53592 1.5 21 14 10 16 26% 1338634 357 12%
c O 118.38  0 19 21 11180  1 276052 65974 1.4 20 14 8 15 25% 1338634 357 12%
c - 120.47  0 19 22 11182  1 282454 54824 1.4 20 14 8 15 24% 1338634 357 12%
c p 120.51  0 19 22 11182  1 282454 54839 1.4 20 14 8 15 24% 1338634 357 12%
c u 120.79  0 19 22 11182  1 282454 54785 1.4 20 14 8 15 24% 1338634 357 12%
c v 120.89  0 19 22 11182  1 282454 54782 1.4 20 14 8 15 24% 1338634 357 12%
c 
c  seconds   reductions    conflicts         size   tier2         variables
c          MB      restarts       redundant     glue    trail         remaining
c           level        rate          size/glue  tier1    irredundant
c 
c w 120.93  0 19 22 11182  1 282454 54782 1.4 20 14 8 15 24% 1338634 357 12%
c x 121.08  0 19 22 11182  1 282454 54780 1.4 20 14 8 15 24% 1338558 357 12%
c t 121.09  0 19 22 11182  1 282454 54780 1.4 20 14 8 15 24% 1338555 357 12%
c B 125.07  0 19 22 11183  1 300053 66914 1.4 20 14 8 15 24% 1338555 357 12%
c ] 127.15  0 19 22 11184  1 306791 71925 1.4 20 14 8 15 24% 1338555 357 12%
c { 127.15  0 17 22 11184  2 306791 71925 1.5 18 12 7 12 23% 1338555 357 12%
c - 129.57  0 17 23 11526  2 310710 57073 1.5 18 12 7 12 23% 1338555 357 12%
c p 129.65  0 17 23 11526  2 310710 57087 1.5 18 12 7 12 23% 1338555 357 12%
c u 129.94  0 17 23 11526  2 310710 57059 1.5 18 12 7 12 23% 1338555 357 12%
c v 130.05  0 17 23 11526  2 310710 57058 1.5 18 12 7 12 23% 1338555 357 12%
c w 130.10  0 17 23 11526  2 310710 57058 1.5 18 12 7 12 23% 1338555 357 12%
c x 130.24  0 17 23 11526  2 310710 57057 1.5 18 12 7 12 23% 1338486 357 12%
c t 130.25  0 17 23 11526  2 310710 57057 1.5 18 12 7 12 23% 1338485 357 12%
c W 137.90  0 17 23 12343  1 325054 67289 1.5 18 12 7 12 23% 1338485 357 12%
c - 145.28  0 16 24 13460  1 340346 55809 1.5 18 12 6 11 22% 1338485 357 12%
c p 145.35  0 16 24 13460  1 340346 55824 1.5 18 12 6 11 22% 1338485 357 12%
c u 145.61  0 16 24 13460  1 340346 55665 1.5 18 12 6 11 22% 1338485 357 12%
c v 145.73  0 16 24 13460  1 340346 55659 1.5 18 12 6 11 22% 1338485 357 12%
c w 145.80  0 16 24 13460  1 340346 55659 1.5 18 12 6 11 22% 1338485 357 12%
c x 145.99  0 16 24 13460  1 340346 55658 1.5 18 12 6 11 22% 1338444 357 12%
c 
c  seconds   reductions    conflicts         size   tier2         variables
c          MB      restarts       redundant     glue    trail         remaining
c           level        rate          size/glue  tier1    irredundant
c 
c t 146.00  0 16 24 13460  1 340346 55658 1.5 18 12 6 11 22% 1338443 357 12%
c s 149.84  0 16 24 14151  1 350290 61772 1.5 18 12 6 11 22% 1337178 357 12%
c s 150.17  0 16 24 14151  1 350290 61735 1.5 18 12 6 11 22% 1336223 357 12%
c # 150.91  0 16 24 14151  1 351058 62206 1.5 18 12 6 11 22% 1336223 357 12%
c - 158.72  0 16 25 14883  1 371363 60796 1.5 17 12 6 11 22% 1336223 357 12%
c p 158.79  0 16 25 14883  1 371363 60811 1.5 17 12 6 11 22% 1336223 357 12%
c u 160.76  0 16 25 14883  1 371363 60730 1.5 17 12 6 11 22% 1336223 357 12%
c v 160.89  0 16 25 14883  1 371363 60724 1.5 17 12 6 11 22% 1336223 357 12%
c w 160.94  0 16 25 14883  1 371363 60724 1.5 17 12 6 11 22% 1336223 357 12%
c x 161.09  0 16 25 14883  1 371363 60724 1.5 17 12 6 11 22% 1336062 357 12%
c t 161.10  0 16 25 14883  1 371363 60724 1.5 17 12 6 11 22% 1336061 357 12%
c B 164.64  0 16 25 15428  1 378061 65115 1.5 17 12 6 11 22% 1336061 357 12%
c } 165.13  0 16 25 15532  1 378790 65637 1.5 17 12 6 11 22% 1336061 357 12%
c [ 165.13  0 19 25 15532  1 378790 65637 1.4 20 14 8 15 24% 1336061 357 12%
c - 171.72  0 18 26 15532  1 403748 61678 1.4 20 14 8 14 24% 1336061 357 12%
c p 171.77  0 18 26 15532  1 403748 61692 1.4 20 14 8 14 24% 1336061 357 12%
c u 172.09  0 18 26 15532  1 403748 61670 1.4 20 14 8 14 24% 1336061 357 12%
c v 172.23  0 18 26 15532  1 403748 61662 1.4 20 14 8 14 24% 1336061 357 12%
c w 172.29  0 18 26 15532  1 403748 61662 1.4 20 14 8 14 24% 1336061 357 12%
c x 172.48  0 18 26 15532  1 403748 61662 1.4 20 14 8 14 24% 1336048 357 12%
c 
c  seconds   reductions    conflicts         size   tier2         variables
c          MB      restarts       redundant     glue    trail         remaining
c           level        rate          size/glue  tier1    irredundant
c 
c W 175.89  0 18 26 15532  1 406062 63082 1.4 20 14 8 14 24% 1336048 357 12%
c I 185.68  0 17 26 15546  1 435063 79409 1.4 19 13 8 14 23% 1336048 357 12%
c - 186.79  0 16 27 15547  1 437517 62939 1.4 19 13 8 14 23% 1336048 357 12%
c p 186.87  0 16 27 15547  1 437517 62954 1.4 19 13 8 14 23% 1336048 357 12%
c u 187.18  0 16 27 15547  1 437517 62895 1.4 19 13 8 14 23% 1336048 357 12%
c v 187.30  0 16 27 15547  1 437517 62887 1.4 19 13 8 14 23% 1336048 357 12%
c w 187.36  0 16 27 15547  1 437517 62885 1.4 19 13 8 14 23% 1336048 357 12%
c x 187.56  0 16 27 15547  1 437517 62884 1.4 19 13 8 14 23% 1336018 357 12%
c t 187.57  0 16 27 15547  1 437517 62884 1.4 19 13 8 14 23% 1336013 357 12%
c ] 193.36  0 16 27 15554  1 456815 72667 1.4 18 13 8 14 22% 1336013 357 12%
c { 193.36  0 16 27 15554  1 456815 72667 1.5 17 12 6 11 22% 1336013 357 12%
c W 199.11  0 16 27 16273  1 465065 78271 1.5 17 12 5 11 22% 1336013 357 12%
c - 202.90  0 16 28 16548  1 472669 61038 1.5 17 12 5 11 22% 1336013 357 12%
c p 202.98  0 16 28 16548  1 472669 61052 1.5 17 12 5 11 22% 1336013 357 12%
c u 203.32  0 16 28 16548  1 472669 60997 1.5 17 12 5 11 22% 1336013 357 12%
c v 203.47  0 16 28 16548  1 472669 60990 1.5 17 12 5 11 22% 1336013 357 12%
c w 203.57  0 16 28 16548  1 472669 60990 1.5 17 12 5 11 22% 1336013 357 12%
c x 203.79  0 16 28 16548  1 472669 60989 1.5 17 12 5 11 22% 1335925 357 12%
c t 203.80  0 16 28 16548  1 472669 60989 1.5 17 12 5 11 22% 1335921 357 12%
c s 212.41  0 15 28 17689  1 492731 72347 1.5 17 11 5 11 22% 1335497 357 12%
c 
c  seconds   reductions    conflicts         size   tier2         variables
c          MB      restarts       redundant     glue    trail         remaining
c           level        rate          size/glue  tier1    irredundant
c 
c s 212.73  0 15 28 17689  1 492731 72323 1.5 17 11 5 11 22% 1334771 357 12%
c F 214.49  0 15 28 17871  1 496066 74221 1.5 17 11 5 11 22% 1334771 357 12%
c - 221.13  0 15 29 18928  1 509205 65536 1.5 17 11 5 11 22% 1334771 357 12%
c p 221.20  0 15 29 18928  1 509205 65551 1.5 17 11 5 11 22% 1334771 357 12%
c u 221.57  0 15 29 18928  1 509205 65515 1.5 17 11 5 11 22% 1334769 357 12%
c v 221.72  0 15 29 18928  1 509205 65509 1.5 17 11 5 11 22% 1334769 357 12%
c w 221.80  0 15 29 18928  1 509205 65507 1.5 17 11 5 11 22% 1334769 357 12%
c x 222.04  0 15 29 18928  1 509205 65506 1.5 17 11 5 11 22% 1334728 357 12%
c t 222.05  0 15 29 18928  1 509205 65506 1.5 17 11 5 11 22% 1334678 357 12%
c B 231.41  0 15 29 20216  1 528071 77663 1.5 17 11 5 11 22% 1334678 357 12%
c - 236.38  0 14 30 20377  1 547124 69632 1.5 16 11 5 11 22% 1334678 357 12%
c p 236.43  0 14 30 20377  1 547124 69645 1.5 16 11 5 11 22% 1334678 357 12%
c u 236.80  0 14 30 20377  1 547124 69574 1.5 16 11 5 11 22% 1334676 357 12%
c v 236.96  0 14 30 20377  1 547124 69562 1.5 16 11 5 11 22% 1334676 357 12%
c w 237.03  0 14 30 20377  1 547124 69555 1.5 16 11 5 11 22% 1334676 357 12%
c x 237.26  0 14 30 20377  1 547124 69551 1.5 16 11 5 11 22% 1334651 357 12%
c } 238.84  0 14 30 20654  1 551126 72036 1.5 16 11 5 11 21% 1334651 357 12%
c [ 238.84  0 16 30 20654  1 551126 72036 1.4 18 13 8 14 22% 1334651 357 12%
c B 242.01  0 16 30 20661  1 561072 77865 1.4 18 13 8 14 22% 1334651 357 12%
c - 249.79  0 16 31 20663  1 586424 70232 1.4 18 13 8 14 22% 1334651 357 12%
c 
c  seconds   reductions    conflicts         size   tier2         variables
c          MB      restarts       redundant     glue    trail         remaining
c           level        rate          size/glue  tier1    irredundant
c 
c p 249.85  0 16 31 20663  1 586424 70247 1.4 18 13 8 14 22% 1334651 357 12%
c u 250.13  0 16 31 20663  1 586424 70137 1.4 18 13 8 14 22% 1334651 357 12%
c v 250.26  0 16 31 20663  1 586424 70135 1.4 18 13 8 14 22% 1334651 357 12%
c w 250.32  0 16 31 20663  1 586424 70133 1.4 18 13 8 14 22% 1334651 357 12%
c x 250.50  0 16 31 20663  1 586424 70133 1.4 18 13 8 14 22% 1334634 357 12%
c t 250.51  0 16 31 20663  1 586424 70133 1.4 18 13 8 14 22% 1334632 357 12%
c W 256.03  0 16 31 20668  1 595074 75514 1.4 18 13 7 13 22% 1334632 357 12%
c - 265.97  0 15 32 20682  1 627113 72145 1.4 18 12 7 13 22% 1334632 357 12%
c p 266.04  0 15 32 20682  1 627113 72160 1.4 18 12 7 13 22% 1334632 357 12%
c u 268.19  0 15 32 20682  1 627113 72082 1.4 18 12 7 13 22% 1334632 357 12%
c v 268.32  0 15 32 20682  1 627113 72078 1.4 18 12 7 13 22% 1334632 357 12%
c w 268.38  0 15 32 20682  1 627113 72078 1.4 18 12 7 13 22% 1334632 357 12%
c x 268.57  0 15 32 20682  1 627113 72070 1.4 18 12 7 13 22% 1334507 357 12%
c t 268.58  0 15 32 20682  1 627113 72070 1.4 18 12 7 13 22% 1334505 357 12%
c O 269.18  0 15 32 20684  1 630075 73699 1.4 18 12 7 13 21% 1334505 357 12%
c ] 274.47  0 15 32 20693  1 653469 87902 1.4 18 12 7 13 21% 1334505 357 12%
c { 274.47  0 14 32 20693  1 653469 87902 1.5 16 11 5 11 21% 1334505 357 12%
c s 275.80  0 14 32 20747  1 658892 90715 1.5 16 11 5 11 21% 1333387 357 12%
c s 276.14  0 14 32 20747  1 658892 90690 1.5 16 11 5 11 21% 1332459 357 12%
c W 280.60  0 14 32 20942  1 666076 94599 1.5 16 11 5 10 21% 1332459 357 12%
c 
c  seconds   reductions    conflicts         size   tier2         variables
c          MB      restarts       redundant     glue    trail         remaining
c           level        rate          size/glue  tier1    irredundant
c 
c - 282.02  0 14 33 21085  1 669188 73947 1.5 16 11 5 10 21% 1332459 357 12%
c p 282.08  0 14 33 21085  1 669188 73961 1.5 16 11 5 10 21% 1332459 357 12%
c u 282.35  0 14 33 21085  1 669188 73867 1.5 16 11 5 10 21% 1332459 357 12%
c v 282.48  0 14 33 21085  1 669188 73860 1.5 16 11 5 10 21% 1332459 357 12%
c w 282.54  0 14 33 21085  1 669188 73859 1.5 16 11 5 10 21% 1332459 357 12%
c x 282.74  0 14 33 21085  1 669188 73853 1.5 16 11 5 10 21% 1332371 357 12%
c # 295.25  0 13 33 22751  1 703077 91929 1.5 15 11 5 10 21% 1332371 357 12%
c - 298.72  0 13 34 23132  1 712640 78939 1.5 15 11 5 10 21% 1332371 357 12%
c p 298.78  0 13 34 23132  1 712640 78954 1.5 15 11 5 10 21% 1332371 357 12%
c u 299.10  0 13 34 23132  1 712640 78824 1.5 15 11 5 10 21% 1332371 357 12%
c v 299.28  0 13 34 23132  1 712640 78815 1.5 15 11 5 10 21% 1332371 357 12%
c w 299.35  0 13 34 23132  1 712640 78768 1.5 15 11 5 10 21% 1332371 357 12%
c x 299.58  0 13 34 23132  1 712640 78766 1.5 15 11 5 10 21% 1332322 357 12%
c B 309.92  0 13 34 24891  1 741080 94150 1.4 15 10 5 10 21% 1332322 357 12%
c - 315.41  0 13 35 25680  1 757478 85820 1.5 15 10 5 10 20% 1332322 357 12%
c p 315.47  0 13 35 25680  1 757478 85834 1.5 15 10 5 10 20% 1332322 357 12%
c u 315.82  0 13 35 25680  1 757478 85652 1.5 15 10 5 10 20% 1332322 357 12%
c v 315.99  0 13 35 25680  1 757478 85648 1.5 15 10 5 10 20% 1332322 357 12%
c w 316.06  0 13 35 25680  1 757478 85635 1.5 15 10 5 10 20% 1332322 357 12%
c x 316.29  0 13 35 25680  1 757478 85633 1.5 15 10 5 10 20% 1332152 357 12%
c 
c  seconds   reductions    conflicts         size   tier2         variables
c          MB      restarts       redundant     glue    trail         remaining
c           level        rate          size/glue  tier1    irredundant
c 
c } 321.44  0 12 35 25990  1 772956 93848 1.5 15 10 5 10 20% 1332152 357 12%
c [ 321.44  0 15 35 25990  1 772956 93848 1.4 18 12 7 13 21% 1332152 357 12%
c B 322.88  0 15 35 25991  1 780082 97771 1.4 17 12 7 13 21% 1332152 357 12%
c - 328.57  0 14 36 25992  1 803707 92083 1.4 17 12 6 13 21% 1332152 357 12%
c p 328.64  0 14 36 25992  1 803707 92098 1.4 17 12 6 13 21% 1332152 357 12%
c u 328.96  0 14 36 25992  1 803707 91958 1.4 17 12 6 13 21% 1332152 357 12%
c v 329.11  0 14 36 25992  1 803707 91820 1.4 17 12 6 13 21% 1332152 357 12%
c w 329.19  0 14 36 25992  1 803707 91617 1.4 17 12 6 13 21% 1332152 357 12%
c x 329.42  0 14 36 25992  1 803707 91614 1.4 17 12 6 13 21% 1331948 357 12%
c i 330.58  0 14 36 25992  1 807344 92804 1.4 17 11 6 13 21% 1331948 356 12%
c W 337.99  0 13 36 25992  1 820086 74096 1.4 16 11 6 13 21% 1262197 356 12%
c i 341.74  0 13 36 25993  1 835740 82385 1.4 16 11 6 13 21% 1262197 355 12%
c i 344.20  0 13 36 25993  1 845529 87406 1.4 16 11 6 13 21% 1262197 354 12%
c s 345.17  0 13 36 25993  1 848749 89032 1.4 16 11 6 13 21% 1259521 354 12%
c e 345.40  0 13 36 25993  1 848749 88400 1.4 16 11 6 13 21% 950377 343 12%
c s 345.48  0 13 36 25993  1 848749 88353 1.4 16 11 6 13 21% 947366 343 12%
c i 345.95  0 13 36 25993  1 850103 89011 1.4 15 11 6 13 21% 947366 342 12%
c i 346.03  0 13 36 25993  1 850499 89129 1.4 15 11 6 13 21% 947366 337 11%
c i 346.04  0 13 36 25993  1 850533 89135 1.4 15 11 6 13 21% 947366 331 11%
c i 346.04  0 13 36 25993  1 850537 89137 1.4 15 11 6 13 21% 947366 325 11%
c 
c  seconds   reductions    conflicts         size   tier2        variables
c          MB      restarts       redundant     glue    trail        remaining
c           level        rate          size/glue  tier1   irredundant
c 
c ] 346.04  0 13 36 25993  1 850547 89138 1.4 15 11 6 13 21% 947366 296 10%
c 0 346.04  0 13 36 25993  1 850547 89138 1.4 15 11 6 13 21% 947366 296 10%
c 
c --- [ closing proof ] ------------------------------------------------------
c 
c LRAT proof file '/Users/ivanspogreev/earth-moon/population/f034-a4-cert/split-m13/c16/round-0/F.lrat' closed
c LRAT 2639316 added clauses 39.94%
c LRAT 3969305 deleted clauses 60.06%
c LRAT 360586401 bytes (343.88 MB)
c 
c --- [ result ] -------------------------------------------------------------
c 
s UNSATISFIABLE
c 
c --- [ run-time profiling ] -------------------------------------------------
c 
c process time taken by individual solving procedures
c (percentage relative to process time for solving)
c 
c       314.95   91.43% search
c       176.85   51.34% unstable
c       117.42   34.09% stable
c        29.53    8.57% simplify
c        20.51    5.95% walk
c        15.26    4.43% vivify
c         7.13    2.07% sweep
c         3.51    1.02% elim
c         1.56    0.45% parse
c         1.08    0.31% probe
c         0.96    0.28% subsume
c         0.32    0.09% congruence
c         0.30    0.09% ternary
c         0.17    0.05% lucky
c         0.00    0.00% backbone
c   =================================
c       344.48   99.55% solve
c 
c last line shows process time for solving
c (percentage relative to total process time)
c 
c --- [ statistics ] ---------------------------------------------------------
c 
c chronological:             85097        10.00 %  of conflicts
c conflicts:                850547      2469.09    per second
c backbone:                  75192      2553.21 %  of vars
c decisions:               1023228      2970.37    per second
c eliminated:                 1816        61.66 %  of all variables
c fixed:                       823        27.95 %  of all variables
c learned:                  830717        97.67 %  per conflict
c learned_lits:           20250232       100.00 %  learned literals
c minimized:                     0         0.00 %  learned literals
c shrunken:                4591621        22.67 %  learned literals
c minishrunken:            1450241         7.16 %  learned literals
c otfs:                      11476         1.35 %  of conflict
c propagations:           11781625         0.03 M  per second
c reduced:                  408709        48.05 %  per conflict
c rephased:                     40     21263.67    interval
c restarts:                  25993        32.72    interval
c stabilizing:                   9        49.77 %  of conflicts
c substituted:                  10         0.34 %  of all variables
c subsumed:                 325795        14.60 %  of all clauses
c strengthened:              41160         1.85 %  of all clauses
c ticks:               25389401907      2197.87    propagation
c vivified:                   6792         0.30 %  of all clauses
c walked:                       12     70878.92    interval
c weakened:                   4302         2.52    average size
c congruence:                    7    121506.71    interval
c 
c seconds are measured in process time for solving
c 
c --- [ glue usage ] ---------------------------------------------------------
c 
c focused glue 5 used 122910 clauses 8.061% accumulated 57.65% tier1
c focused glue 6 used 103714 clauses 6.802% accumulated 64.45%
c focused glue 7-8 used 173975 clauses 11.41% accumulated 75.86%
c focused glue 9 used 74636 clauses 4.895% accumulated 80.75%
c focused glue 10 used 66986 clauses 4.393% accumulated 85.15% tier2
c 
c stable glue 6 used 106949 clauses 6.027% accumulated 54.75% tier1
c stable glue 7 used 99260 clauses 5.594% accumulated 60.34%
c stable glue 8-10 used 280692 clauses 15.81% accumulated 76.16%
c stable glue 11 used 84365 clauses 4.754% accumulated 80.91%
c stable glue 12 used 75003 clauses 4.227% accumulated 85.14% tier2
c 
c 
c --- [ resources ] ----------------------------------------------------------
c 
c total process time since initialization:       346.04    seconds
c total real time since initialization:          347.54    seconds
c maximum resident set size of process:         1184.88    MB
c 
c --- [ shutting down ] ------------------------------------------------------
c 
c exit 20

[rc=20 347.6s]
$ /Users/ivanspogreev/earth-moon/verifier/../tools/drat-trim/lrat-check /Users/ivanspogreev/earth-moon/population/f034-a4-cert/split-m13/c16/round-0/F.cnf /Users/ivanspogreev/earth-moon/population/f034-a4-cert/split-m13/c16/round-0/F.lrat
c parsed a formula with 2945 variables and 2367317 clauses
c VERIFIED
c allocated 1024 53930436 335449
c Added clauses = 5006633.  Deleted clauses = 3969305.  Max live clauses = 2367317
c verification time = 6.86 secs

[rc=0 6.9s]
