⚠ [7/12] Replayed Biplanar.Basic
warning: Biplanar/Basic.lean:204:12: unused variable `G`

Note: This linter can be disabled with `set_option linter.unusedVariables false`
ℹ [12/12] Built Biplanar.Instances.A4M08 (126s)
info: Biplanar/Instances/A4M08.lean:33:0: 'Biplanar.A4M08.not_biplanar' depends on axioms: [propext,
 Classical.choice,
 Quot.sound,
 F_unsat._native.native_decide.ax_1_1,
 not_biplanar._native.native_decide.ax_1_1,
 not_biplanar._native.native_decide.ax_1_2,
 not_biplanar._native.native_decide.ax_1_3]
Build completed successfully (12 jobs).
      128.72 real       104.60 user         8.28 sys
          2770337792  maximum resident set size
                   0  average shared memory size
                   0  average unshared data size
                   0  average unshared stack size
             2278252  page reclaims
               65427  page faults
                   0  swaps
                   0  block input operations
                   0  block output operations
                   0  messages sent
                   0  messages received
                   0  signals received
               11203  voluntary context switches
              254087  involuntary context switches
          1443018149  instructions retired
           877260579  cycles elapsed
           613912000  peak memory footprint
