c --- [ banner ] -------------------------------------------------------------
c 
c CaDiCaL SAT Solver
c Copyright (c) 2016-2026
c A. Biere, M. Fleury, N. Froleyks, K. Fazekas, F. Pollitt, T. Faller
c JKU Linz, University of Freiburg, TU Wien
c 
c Version 3.0.1
c Apple clang version 16.0.0 (clang-1600.0.26.6) -Wall -Wextra -O3 -DNDEBUG -std=c++11 -DNCLOSEFROM
c Sun Jul 19 15:40:55 UTC 2026 Darwin Sonoma-arm64.local 23.6.0 arm64
c 
c --- [ proof tracing ] ------------------------------------------------------
c 
c opening file to write 'data/a4_m08/F.lrat'
c writing non-binary proof trace to 'data/a4_m08/F.lrat'
c 
c --- [ parsing input ] ------------------------------------------------------
c 
c reading DIMACS file from 'data/a4_m08/F.cnf'
c opening file to read 'data/a4_m08/F.cnf'
c found 'p cnf 2964 432838' header
c parsed 432838 clauses in 0.26 seconds process time
c 
c --- [ options ] ------------------------------------------------------------
c 
c   --binary=false                 (different from default 'true')
c   --lrat=true                    (different from default 'false')
c 
c --- [ solving ] ------------------------------------------------------------
c 
c time measured in process time since initialization
c 
c  seconds  reduction conflicts       size tier2       variables
c         MB    restarts   redundant    glue  trail         remaining
c          level     rate       size/glu tier1  irredundant
c 
c *  0.26  0  0 0   0  0    0    0 0.0 0 0 2 6  0% 432782 2928 99%
c )  0.32  0  0 0   0  0    0    0 0.0 0 0 2 6  0% 432782 2928 99%
c {  0.32  0  0 0   0  0    0    0 0.0 0 0 2 6  0% 432782 2928 99%
c i  0.36  0 1177 0   5 71  105   76 1.7 13 8 2 6 47% 432761 2927 99%
c i  0.39  0 840 0  15 52  150   97 1.6 15 9 2 6 36% 432740 2926 99%
c i  0.39  0 829 0  16 52  152   98 1.6 14 9 2 6 36% 432740 2925 99%
c i  0.39  0 824 0  16 52  153   98 1.6 14 9 2 6 35% 432740 2924 99%
c i  0.40  0 787 0  18 50  161  100 1.6 14 9 2 6 34% 432736 2923 99%
c i  0.43  0 516 0  30 34  253  129 1.5 15 10 2 6 26% 432679 2920 99%
c i  0.43  0 508 0  31 34  258  130 1.5 14 10 2 6 25% 432677 2892 98%
c i  0.43  0 499 0  32 33  263  131 1.5 14 9 2 6 25% 432676 2890 98%
c -  0.47  0 440 1  33 29  301   84 1.5 14 10 2 6 24% 432614 2890 98%
c i  0.48  0 404 1  34 27  328   90 1.5 14 9 2 6 22% 432595 2889 97%
c i  0.50  0 353 1  38 24  382  129 1.5 15 10 2 6 21% 432586 2887 97%
c i  0.54  0 290 1  62 21  479  181 1.4 15 10 2 6 19% 432557 2886 97%
c i  0.54  0 289 1  62 21  480  181 1.4 15 10 2 6 19% 432557 2885 97%
c i  0.56  0 238 1  88 18  590  245 1.4 15 11 2 6 18% 432540 2884 97%
c i  0.57  0 219 1  97 16  647  282 1.4 15 11 2 6 17% 432533 2883 97%
c i  0.57  0 219 1  97 16  648  282 1.4 15 11 2 6 17% 432533 2882 97%
c i  0.57  0 218 1  97 16  652  283 1.4 15 11 2 6 17% 432532 2879 97%
c 
c  seconds   reduction conflicts       size   tier2       variables
c         MB     restarts   redundant     glue   trail         remaining
c           level     rate       size/glue  tier1  irredundant
c 
c i  0.57  0 210 1  97 16  678  300 1.4 15 11 2 6 17% 432530 2878 97%
c }  0.60  0 144 1  97 11 1001  525 1.5 15 10 2 6 15% 432525 2878 97%
c [  0.60  0  0 1  97  0 1001  525 0.0 0 0 2 6  0% 432525 2878 97%
c O  0.60  0  4 1  97  5 1002  526 6.0 6 1 2 6 16% 432525 2878 97%
c -  0.68  0  7 2  97  2 1011  255 2.7 10 4 2 6 22% 432503 2878 97%
c -  0.90  0 22 3  98  1 2310  479 1.5 23 16 2 6 16% 432446 2878 97%
c ]  0.92  0 22 3  98  1 2411  550 1.5 23 15 2 6 16% 432443 2878 97%
c {  0.92  0 144 3  98 11 2411  550 1.5 15 10 2 6 15% 432443 2878 97%
c O  1.07  0 104 3 221 10 3003  917 1.4 18 13 2 6 16% 432372 2878 97%
c i  1.11  0 98 3 238  9 3115 1007 1.4 18 13 2 6 16% 432370 2876 97%
c i  1.11  0 98 3 239  9 3119 1009 1.4 18 13 2 6 16% 432370 2874 97%
c 2  1.13  0 95 3 255  9 3177 1060 1.4 19 13 2 6 16% 432370 2859 96%
c d  1.15  0 95 3 255  9 3177 1058 1.4 19 13 2 6 16% 432335 2858 96%
c p  1.15  0 95 3 255  9 3177 1058 1.4 19 13 2 6 16% 432335 2857 96%
c =  1.26  0 95 3 255  9 3177 1058 1.4 19 13 2 6 16% 432317 2842 96%
c -  1.52  0 67 4 323  6 4274  708 1.5 20 14 2 6 17% 432225 2842 96%
c 2  1.72  0 49 4 326  5 5677 1728 1.6 20 13 9 15 17% 432196 2834 96%
c =  1.80  0 49 4 326  5 5677 1721 1.6 20 13 9 15 17% 432147 2802 95%
c t  1.81  0 49 4 326  5 5677 1719 1.6 20 13 9 15 17% 432147 2802 95%
c #  1.87  0 47 4 326  4 6005 1908 1.6 20 13 9 15 17% 432146 2802 95%
c 
c  seconds  reduction conflicts       size   tier2        variables
c         MB    restarts   redundant     glue    trail         remaining
c          level     rate       size/glue  tier1   irredundant
c 
c }  2.10  0 43 4 427  4 6783 2454 1.6 20 13 9 14 17% 432129 2802 95%
c [  2.10  0 22 4 427  1 6783 2454 1.5 23 15 2 6 16% 432129 2802 95%
c -  2.19  0 22 5 427  1 6947 2257 1.5 23 16 2 6 17% 432125 2802 95%
c 2  2.34  0 21 5 428  1 8281 3206 1.6 25 16 12 20 18% 432071 2795 94%
c I  2.63  0 20 5 429  1 10006 4352 1.6 24 16 12 18 18% 432060 2795 94%
c -  2.77  0 20 6 429  1 10356 3585 1.5 24 15 12 18 18% 432056 2795 94%
c 2  2.87  0 19 6 430  1 10978 3989 1.6 24 15 12 18 18% 432050 2788 94%
c ]  3.07  0 20 6 431  1 12512 5131 1.6 24 15 12 18 18% 432044 2788 94%
c {  3.07  0 43 6 431  4 12512 5131 1.6 20 13 9 14 17% 432044 2788 94%
c s  3.58  0 37 6 841  4 14417 6353 1.5 21 14 9 16 17% 431991 2788 94%
c t  3.58  0 37 6 841  4 14417 6351 1.5 21 14 9 16 17% 431982 2788 94%
c e  3.66  0 37 6 841  4 14417 5881 1.5 21 14 9 16 17% 427357 246  8%
c s  3.67  0 37 6 841  4 14417 5880 1.5 21 14 9 16 17% 427350 246  8%
c -  3.87  0 37 7 866  4 14517 4502 1.5 21 14 9 16 38% 427350 246  8%
c 2  3.87  0 37 7 866  4 14517 4501 1.5 21 14 9 16 38% 427350 246  8%
c u  4.03  0 37 7 866  4 14517 4474 1.5 21 14 9 16 38% 427350 246  8%
c v  4.06  0 37 7 866  4 14517 4466 1.5 21 14 9 16 38% 427350 246  8%
c w  4.08  0 37 7 866  4 14517 4462 1.5 21 14 9 16 38% 427350 246  8%
c x  4.10  0 37 7 866  4 14517 4462 1.5 21 14 9 16 38% 427348 246  8%
c B  4.20  0 36 7 987  3 15007 4760 1.4 21 15 9 16 37% 427348 246  8%
c 
c  seconds  reductions conflicts       size   tier2        variables
c         MB    restarts    redundant     glue    trail        remaining
c          level     rate        size/glue  tier1   irredundant
c 
c -  4.66  0 28 8 991  3 19429 6351 1.5 21 13 9 16 40% 427348 246  8%
c W  5.37  0 27 8 1348  3 21008 7533 1.5 21 14 9 16 40% 427370 246  8%
c }  5.80  0 25 8 1378  2 24313 9920 1.5 21 14 10 16 39% 427370 246  8%
c [  5.80  0 20 8 1378  1 24313 9920 1.6 24 15 12 18 217% 427370 246  8%
c -  5.92  0 19 9 1378  1 25110 8650 1.6 24 15 12 18 199% 427370 246  8%
c p  5.93  0 19 9 1378  1 25110 8651 1.6 24 15 12 18 199% 427370 246  8%
c t  5.94  0 19 9 1378  1 25110 8650 1.6 24 15 12 18 199% 427370 246  8%
c B  6.25  0 19 9 1379  1 28011 10868 1.6 24 15 12 18 155% 427370 246  8%
c -  6.74  0 19 10 1381  1 31570 10641 1.5 24 15 12 18 125% 427370 246  8%
c u  6.96  0 19 10 1381  1 31570 10606 1.5 24 15 12 18 125% 427370 246  8%
c v  6.98  0 19 10 1381  1 31570 10590 1.5 24 15 12 18 125% 427370 246  8%
c w  6.99  0 19 10 1381  1 31570 10590 1.5 24 15 12 18 125% 427370 246  8%
c x  7.02  0 19 10 1381  1 31570 10590 1.5 24 15 12 18 125% 427370 246  8%
c W  7.73  0 20 10 1384  1 36012 13538 1.5 24 16 12 18 103% 427370 246  8%
c ]  7.88  0 20 10 1385  1 37349 14333 1.5 23 16 12 18 98% 427370 246  8%
c {  7.88  0 25 10 1385  2 37349 14333 1.5 21 14 10 16 39% 427370 246  8%
c -  8.03  0 24 11 1385  2 38813 11170 1.5 21 14 10 15 40% 427370 246  8%
c p  8.04  0 24 11 1385  2 38813 11171 1.5 21 14 10 15 40% 427370 246  8%
c F  8.75  0 21 11 1485  2 45014 14893 1.5 20 13 10 15 39% 427370 246  8%
c -  9.25  0 21 12 1809  2 46845 12802 1.5 21 13 10 15 39% 427370 246  8%
c 
c  seconds  reductions   conflicts        size    tier2        variables
c         MB     restarts      redundant     glue     trail        remaining
c          level       rate         size/glue  tier1    irredundant
c 
c u  9.33  0 21 12 1809  2 46845 12763 1.5 21 13 10 15 39% 427370 246  8%
c v  9.35  0 21 12 1809  2 46845 12763 1.5 21 13 10 15 39% 427370 246  8%
c w  9.36  0 21 12 1809  2 46845 12763 1.5 21 13 10 15 39% 427370 246  8%
c x  9.39  0 21 12 1809  2 46845 12763 1.5 21 13 10 15 39% 427369 246  8%
c B 10.31  0 20 12 2376  2 55015 17974 1.5 20 14 10 15 40% 427369 246  8%
c - 10.54  0 20 13 2501  2 55668 15146 1.5 20 14 10 15 40% 427369 246  8%
c s 10.93  0 20 13 2760  2 57468 16299 1.5 20 14 10 15 40% 427358 246  8%
c s 11.02  0 20 13 2760  2 57468 16299 1.5 20 14 10 15 40% 427349 246  8%
c } 11.33  0 20 13 3040  2 58706 17163 1.5 21 14 10 15 40% 427349 246  8%
c [ 11.33  0 20 13 3040  1 58706 17163 1.5 23 16 12 18 98% 427349 246  8%
c - 11.99  0 21 14 3042  1 65286 16092 1.4 25 17 12 18 84% 427349 246  8%
c p 12.00  0 21 14 3042  1 65286 16093 1.4 25 17 12 18 84% 427349 246  8%
c u 12.29  0 21 14 3042  1 65286 16062 1.4 25 17 12 18 84% 427349 246  8%
c v 12.31  0 21 14 3042  1 65286 16057 1.4 25 17 12 18 84% 427349 246  8%
c w 12.33  0 21 14 3042  1 65286 16056 1.4 25 17 12 18 84% 427349 246  8%
c x 12.36  0 21 14 3042  1 65286 16056 1.4 25 17 12 18 84% 427348 246  8%
c O 12.46  0 21 14 3042  1 66016 16582 1.4 25 17 12 18 82% 427348 246  8%
c - 13.49  0 20 15 3045  1 75701 17053 1.4 24 17 13 19 70% 427348 246  8%
c B 13.77  0 20 15 3047  1 78017 18540 1.4 24 17 13 19 68% 427348 246  8%
c ] 14.21  0 19 15 3049  1 82550 21366 1.4 24 16 13 19 65% 427348 246  8%
c 
c  seconds  reductions   conflicts        size    tier2        variables
c         MB     restarts      redundant     glue     trail        remaining
c          level       rate         size/glue  tier1    irredundant
c 
c { 14.21  0 20 15 3049  2 82550 21366 1.5 21 14 10 15 40% 427348 246  8%
c - 14.95  0 20 16 3710  2 86918 19830 1.5 21 14 10 15 40% 427348 246  8%
c u 15.04  0 20 16 3710  2 86918 19801 1.5 21 14 10 15 40% 427348 246  8%
c v 15.07  0 20 16 3710  2 86918 19798 1.5 21 14 10 15 40% 427348 246  8%
c w 15.09  0 20 16 3710  2 86918 19798 1.5 21 14 10 15 40% 427348 246  8%
c x 15.13  0 20 16 3710  2 86918 19798 1.5 21 14 10 15 40% 427347 246  8%
c W 16.49  0 20 16 3910  2 91020 22390 1.5 21 14 10 15 40% 427347 246  8%
c - 17.74  0 19 17 4536  2 98936 22609 1.5 21 14 10 15 40% 427347 246  8%
c p 17.76  0 19 17 4536  2 98936 22610 1.5 21 14 10 15 40% 427347 246  8%
c # 18.60  0 19 17 4916  2 105021 26347 1.5 21 14 10 15 40% 427347 246  8%
c - 19.90  0 19 18 5502  2 111758 25062 1.4 21 14 10 15 40% 427347 246  8%
c p 19.91  0 19 18 5502  2 111758 25063 1.4 21 14 10 15 40% 427347 246  8%
c u 20.00  0 19 18 5502  2 111758 25036 1.4 21 14 10 15 40% 427347 246  8%
c v 20.05  0 19 18 5502  2 111758 25029 1.4 21 14 10 15 40% 427347 246  8%
c w 20.07  0 19 18 5502  2 111758 25029 1.4 21 14 10 15 40% 427347 246  8%
c x 20.13  0 19 18 5502  2 111758 25029 1.4 21 14 10 15 40% 427347 246  8%
c } 20.54  0 19 18 5659  2 114122 26559 1.4 21 15 10 15 40% 427347 246  8%
c [ 20.54  0 19 18 5659  1 114122 26559 1.4 24 16 13 19 65% 427347 246  8%
c W 21.69  0 19 18 5662  1 120023 30667 1.5 23 16 13 19 61% 427347 246  8%
c s 21.96  0 19 18 5664  1 122044 32094 1.5 23 16 13 19 60% 427341 246  8%
c 
c  seconds  reductions   conflicts         size    tier2        variables
c         MB     restarts       redundant     glue     trail        remaining
c          level       rate          size/glue  tier1    irredundant
c 
c s 22.07  0 19 18 5664  1 122044 32086 1.5 23 16 13 19 60% 427328 246  8%
c - 22.55  0 19 19 5666  1 125389 27728 1.5 23 16 13 19 59% 427328 246  8%
c p 22.56  0 19 19 5666  1 125389 27729 1.5 23 16 13 19 59% 427328 246  8%
c I 23.97  0 19 19 5667  1 136024 34708 1.4 24 16 13 19 55% 427328 246  8%
c - 24.45  0 19 20 5668  1 139825 28399 1.4 24 16 12 18 54% 427328 246  8%
c p 24.47  0 19 20 5668  1 139825 28400 1.4 24 16 12 18 54% 427328 246  8%
c u 24.56  0 19 20 5668  1 139825 28370 1.4 24 16 12 18 54% 427328 246  8%
c v 24.60  0 19 20 5668  1 139825 28363 1.4 24 16 12 18 54% 427328 246  8%
c w 24.61  0 19 20 5668  1 139825 28361 1.4 24 16 12 18 54% 427328 246  8%
c x 24.67  0 19 20 5668  1 139825 28361 1.4 24 16 12 18 54% 427327 246  8%
c ] 25.74  0 19 20 5668  1 151137 35244 1.4 24 17 12 18 51% 427327 246  8%
c { 25.74  0 19 20 5668  2 151137 35244 1.4 21 15 10 15 40% 427327 246  8%
c B 26.00  0 19 20 5830  2 153026 36435 1.4 21 15 10 15 40% 427327 246  8%
c - 26.32  0 19 21 5835  2 155069 29171 1.5 21 14 10 15 40% 427327 246  8%
c p 26.34  0 19 21 5835  2 155069 29172 1.5 21 14 10 15 40% 427327 246  8%
c W 28.74  0 18 21 6521  1 171028 38406 1.4 21 14 10 15 40% 427327 246  8%
c - 28.82  0 18 22 6542  1 171122 32678 1.4 21 14 10 15 40% 427327 246  8%
c p 28.84  0 18 22 6542  1 171122 32679 1.4 21 14 10 15 40% 427327 246  8%
c u 28.93  0 18 22 6542  1 171122 32647 1.4 21 14 10 15 40% 427327 246  8%
c v 28.97  0 18 22 6542  1 171122 32641 1.4 21 14 10 15 40% 427327 246  8%
c 
c  seconds  reductions   conflicts         size    tier2        variables
c         MB     restarts       redundant     glue     trail        remaining
c          level       rate          size/glue  tier1    irredundant
c 
c w 28.99  0 18 22 6542  1 171122 32639 1.4 21 14 10 15 40% 427327 246  8%
c x 29.05  0 18 22 6542  1 171122 32639 1.4 21 14 10 15 40% 427327 246  8%
c - 31.65  0 18 23 7718  1 187985 36876 1.5 21 14 10 15 40% 427327 246  8%
c p 31.67  0 18 23 7718  1 187985 36877 1.5 21 14 10 15 40% 427327 246  8%
c u 31.75  0 18 23 7718  1 187985 36866 1.5 21 14 10 15 40% 427327 246  8%
c v 31.78  0 18 23 7718  1 187985 36865 1.5 21 14 10 15 40% 427327 246  8%
c w 31.80  0 18 23 7718  1 187985 36863 1.5 21 14 10 15 40% 427327 246  8%
c x 31.83  0 18 23 7718  1 187985 36863 1.5 21 14 10 15 40% 427325 246  8%
c F 32.15  0 18 23 7820  1 190029 38104 1.4 21 14 10 15 40% 427325 246  8%
c } 33.32  0 18 23 8038  1 198619 43307 1.5 21 14 10 15 40% 427325 246  8%
c [ 33.32  0 19 23 8038  1 198619 43307 1.4 24 17 12 18 51% 427325 246  8%
c - 34.12  0 20 24 8042  1 205662 38938 1.4 24 17 13 18 50% 427325 246  8%
c p 34.14  0 20 24 8042  1 205662 38939 1.4 24 17 13 18 50% 427325 246  8%
c u 34.20  0 20 24 8042  1 205662 38910 1.4 24 17 13 18 50% 427325 246  8%
c v 34.23  0 20 24 8042  1 205662 38905 1.4 24 17 13 18 50% 427325 246  8%
c w 34.25  0 20 24 8042  1 205662 38903 1.4 24 17 13 18 50% 427325 246  8%
c x 34.29  0 20 24 8042  1 205662 38903 1.4 24 17 13 18 50% 427325 246  8%
c s 34.74  0 20 24 8044  1 208144 40361 1.4 24 17 13 18 49% 427301 246  8%
c s 34.85  0 20 24 8044  1 208144 40343 1.4 24 17 13 18 49% 427270 246  8%
c B 35.20  0 20 24 8045  1 210030 41697 1.4 24 17 13 18 49% 427270 246  8%
c 
c  seconds  reductions   conflicts         size    tier2        variables
c         MB     restarts       redundant     glue     trail        remaining
c          level       rate          size/glue  tier1    irredundant
c 
c - 36.86  0 20 25 8052  1 224150 39496 1.4 24 17 13 18 47% 427270 246  8%
c p 36.88  0 20 25 8052  1 224150 39497 1.4 24 17 13 18 47% 427270 246  8%
c u 37.36  0 20 25 8052  1 224150 39489 1.4 24 17 13 18 47% 427270 246  8%
c v 37.38  0 20 25 8052  1 224150 39481 1.4 24 17 13 18 47% 427270 246  8%
c w 37.40  0 20 25 8052  1 224150 39480 1.4 24 17 13 18 47% 427270 246  8%
c x 37.43  0 20 25 8052  1 224150 39480 1.4 24 17 13 18 47% 427269 246  8%
c W 38.88  0 20 25 8053  1 231031 43904 1.4 24 17 13 18 47% 427269 246  8%
c - 40.16  0 19 26 8060  1 243451 42470 1.4 23 16 13 18 45% 427269 246  8%
c p 40.18  0 19 26 8060  1 243451 42471 1.4 23 16 13 18 45% 427269 246  8%
c u 40.24  0 19 26 8060  1 243451 42463 1.4 23 16 13 18 45% 427269 246  8%
c v 40.27  0 19 26 8060  1 243451 42455 1.4 23 16 13 18 45% 427269 246  8%
c w 40.28  0 19 26 8060  1 243451 42455 1.4 23 16 13 18 45% 427269 246  8%
c x 40.32  0 19 26 8060  1 243451 42455 1.4 23 16 13 18 45% 427269 246  8%
c ] 40.99  0 19 26 8062  1 248424 45748 1.4 23 16 13 18 45% 427269 246  8%
c { 40.99  0 18 26 8062  1 248424 45748 1.5 21 14 10 15 40% 427269 246  8%
c B 41.62  0 18 26 8400  1 253033 48742 1.5 21 14 10 15 40% 427269 246  8%
c - 43.22  0 18 27 9157  1 263566 47655 1.5 21 14 10 15 40% 427269 246  8%
c p 43.24  0 18 27 9157  1 263566 47656 1.5 21 14 10 15 40% 427269 246  8%
c u 43.31  0 18 27 9157  1 263566 47620 1.5 21 14 10 15 40% 427269 246  8%
c v 43.35  0 18 27 9157  1 263566 47618 1.5 21 14 10 15 40% 427269 246  8%
c 
c  seconds  reductions   conflicts         size    tier2        variables
c         MB     restarts       redundant     glue     trail        remaining
c          level       rate          size/glue  tier1    irredundant
c 
c w 43.37  0 18 27 9157  1 263566 47617 1.5 21 14 10 15 40% 427269 246  8%
c x 43.41  0 18 27 9157  1 263566 47616 1.5 21 14 10 15 40% 427269 246  8%
c W 45.92  0 17 27 9606  1 276034 55526 1.5 21 14 11 15 40% 427269 246  8%
c - 46.95  0 17 28 9976  1 284494 55476 1.5 21 14 11 15 40% 427269 246  8%
c p 46.97  0 17 28 9976  1 284494 55477 1.5 21 14 11 15 40% 427269 246  8%
c u 47.04  0 17 28 9976  1 284494 55465 1.5 21 14 11 15 40% 427269 246  8%
c v 47.07  0 17 28 9976  1 284494 55450 1.5 21 14 11 15 40% 427269 246  8%
c w 47.09  0 17 28 9976  1 284494 55449 1.5 21 14 11 15 40% 427269 246  8%
c x 47.12  0 17 28 9976  1 284494 55449 1.5 21 14 11 15 40% 427269 246  8%
c # 49.11  0 17 28 10766  1 300035 65171 1.5 21 14 11 15 40% 427269 246  8%
c - 50.34  0 17 29 11261  1 306237 61145 1.5 21 14 11 15 41% 427269 246  8%
c p 50.35  0 17 29 11261  1 306237 61146 1.5 21 14 11 15 41% 427269 246  8%
c u 50.44  0 17 29 11261  1 306237 61133 1.5 21 14 11 15 41% 427269 246  8%
c v 50.48  0 17 29 11261  1 306237 61130 1.5 21 14 11 15 41% 427269 246  8%
c w 50.51  0 17 29 11261  1 306237 61129 1.5 21 14 11 15 41% 427269 246  8%
c x 50.56  0 17 29 11261  1 306237 61129 1.5 21 14 11 15 41% 427269 246  8%
c } 51.29  0 17 29 11455  1 312762 65496 1.5 21 14 11 15 41% 427269 246  8%
c [ 51.29  0 19 29 11455  1 312762 65496 1.4 23 16 13 18 45% 427269 246  8%
c s 51.60  0 19 29 11457  1 315768 67166 1.4 23 16 13 18 45% 427230 246  8%
c s 51.71  0 19 29 11457  1 315768 67155 1.4 23 16 13 18 45% 427215 246  8%
c 
c  seconds  reductions    conflicts         size    tier2        variables
c         MB      restarts       redundant     glue     trail        remaining
c          level        rate          size/glue  tier1    irredundant
c 
c O 52.71  0 19 29 11461  1 325037 73803 1.4 23 16 13 18 45% 427215 246  8%
c - 53.29  0 19 30 11461  1 328797 65602 1.4 23 16 13 18 45% 427215 246  8%
c p 53.30  0 19 30 11461  1 328797 65603 1.4 23 16 13 18 45% 427215 246  8%
c u 53.39  0 19 30 11461  1 328797 65586 1.4 23 16 13 18 45% 427215 246  8%
c v 53.42  0 19 30 11461  1 328797 65575 1.4 23 16 13 18 45% 427215 246  8%
c w 53.44  0 19 30 11461  1 328797 65575 1.4 23 16 13 18 45% 427215 246  8%
c x 53.48  0 19 30 11461  1 328797 65575 1.4 23 16 13 18 45% 427215 246  8%
c B 55.99  0 19 30 11463  1 351039 80215 1.4 23 16 12 18 44% 427215 246  8%
c - 56.22  0 19 31 11463  1 352174 68691 1.4 23 16 12 18 44% 427215 246  8%
c p 56.24  0 19 31 11463  1 352174 68692 1.4 23 16 12 18 44% 427215 246  8%
c u 56.32  0 19 31 11463  1 352174 68661 1.4 23 16 12 18 44% 427215 246  8%
c v 56.36  0 19 31 11463  1 352174 68655 1.4 23 16 12 18 44% 427215 246  8%
c w 56.38  0 19 31 11463  1 352174 68655 1.4 23 16 12 18 44% 427215 246  8%
c x 56.42  0 19 31 11463  1 352174 68655 1.4 23 16 12 18 44% 427214 246  8%
c ] 59.29  0 19 31 11463  1 374454 82074 1.4 23 16 12 18 43% 427214 246  8%
c { 59.29  0 17 31 11463  1 374454 82074 1.5 21 14 11 15 41% 427214 246  8%
c - 59.59  0 17 32 11565  1 376367 72001 1.5 21 14 11 15 41% 427214 246  8%
c p 59.61  0 17 32 11565  1 376367 72002 1.5 21 14 11 15 41% 427214 246  8%
c u 60.25  0 17 32 11565  1 376367 71984 1.5 21 14 11 15 41% 427214 246  8%
c v 60.29  0 17 32 11565  1 376367 71968 1.5 21 14 11 15 41% 427214 246  8%
c 
c  seconds  reductions    conflicts         size    tier2        variables
c         MB      restarts       redundant     glue     trail        remaining
c          level        rate          size/glue  tier1    irredundant
c 
c w 60.30  0 17 32 11565  1 376367 71967 1.5 21 14 11 15 41% 427214 246  8%
c x 60.35  0 17 32 11565  1 376367 71966 1.5 21 14 11 15 41% 427213 246  8%
c B 60.62  0 17 32 11565  1 378041 73061 1.5 21 14 11 15 41% 427213 246  8%
c - 63.90  0 17 33 12882  1 401376 70761 1.5 21 14 10 15 41% 427213 246  8%
c p 63.92  0 17 33 12882  1 401376 70762 1.5 21 14 10 15 41% 427213 246  8%
c u 64.00  0 17 33 12882  1 401376 70733 1.5 21 14 10 15 41% 427213 246  8%
c v 64.04  0 17 33 12882  1 401376 70728 1.5 21 14 10 15 41% 427213 246  8%
c w 64.06  0 17 33 12882  1 401376 70728 1.5 21 14 10 15 41% 427213 246  8%
c x 64.11  0 17 33 12882  1 401376 70725 1.5 21 14 10 15 41% 427211 246  8%
c W 66.32  0 17 33 12906  1 406043 73906 1.5 21 14 10 15 41% 427211 246  8%
c - 69.63  0 17 34 13936  1 427202 75021 1.5 21 14 10 15 41% 427211 246  8%
c p 69.64  0 17 34 13936  1 427202 75022 1.5 21 14 10 15 41% 427211 246  8%
c u 69.75  0 17 34 13936  1 427202 74977 1.5 21 14 10 15 41% 427211 246  8%
c v 69.80  0 17 34 13936  1 427202 74969 1.5 21 14 10 15 41% 427211 246  8%
c w 69.82  0 17 34 13936  1 427202 74967 1.5 21 14 10 15 41% 427211 246  8%
c x 69.89  0 17 34 13936  1 427202 74967 1.5 21 14 10 15 41% 427211 246  8%
c F 71.40  0 17 34 14846  1 435044 79951 1.5 21 14 10 15 40% 427211 246  8%
c s 73.06  0 17 34 15315  1 444915 86183 1.5 21 14 10 15 40% 427183 246  8%
c s 73.18  0 17 34 15315  1 444915 86181 1.5 21 14 10 15 40% 427170 246  8%
c } 74.14  0 17 34 15506  1 452693 90481 1.5 21 14 10 15 40% 427170 246  8%
c 
c  seconds  reductions    conflicts         size    tier2        variables
c         MB      restarts       redundant     glue     trail        remaining
c          level        rate          size/glue  tier1    irredundant
c 
c [ 74.14  0 19 34 15506  1 452693 90481 1.4 23 16 12 18 43% 427170 246  8%
c - 74.33  0 19 35 15506  1 453847 79442 1.4 23 16 12 18 43% 427170 246  8%
c p 74.34  0 19 35 15506  1 453847 79443 1.4 23 16 12 18 43% 427170 246  8%
c u 74.44  0 19 35 15506  1 453847 79422 1.4 23 16 12 18 43% 427170 246  8%
c v 74.48  0 19 35 15506  1 453847 79414 1.4 23 16 12 18 43% 427170 246  8%
c w 74.51  0 19 35 15506  1 453847 79414 1.4 23 16 12 18 43% 427170 246  8%
c x 74.58  0 19 35 15506  1 453847 79414 1.4 23 16 12 18 43% 427168 246  8%
c W 76.74  0 19 35 15511  1 465046 86199 1.4 23 16 12 18 43% 427168 246  8%
c - 78.40  0 19 36 15520  1 481310 81008 1.4 23 16 12 18 43% 427168 246  8%
c p 78.42  0 19 36 15520  1 481310 81009 1.4 23 16 12 18 43% 427168 246  8%
c u 78.51  0 19 36 15520  1 481310 80984 1.4 23 16 12 18 43% 427168 246  8%
c v 78.55  0 19 36 15520  1 481310 80975 1.4 23 16 12 18 43% 427168 246  8%
c w 78.57  0 19 36 15520  1 481310 80975 1.4 23 16 12 18 43% 427168 246  8%
c x 78.63  0 19 36 15520  1 481310 80975 1.4 23 16 12 18 43% 427168 246  8%
c I 80.39  0 19 36 15524  1 496049 90578 1.4 23 16 12 18 42% 427168 246  8%
c - 82.25  0 19 37 15532  1 509593 84421 1.4 23 16 12 18 42% 427168 246  8%
c p 82.28  0 19 37 15532  1 509593 84422 1.4 23 16 12 18 42% 427168 246  8%
c u 82.39  0 19 37 15532  1 509593 84398 1.4 23 16 12 18 42% 427168 246  8%
c v 82.44  0 19 37 15532  1 509593 84392 1.4 23 16 12 18 42% 427168 246  8%
c w 82.47  0 19 37 15532  1 509593 84391 1.4 23 16 12 18 42% 427168 246  8%
c 
c  seconds  reductions    conflicts         size    tier2        variables
c         MB      restarts       redundant     glue     trail        remaining
c          level        rate          size/glue  tier1    irredundant
c 
c x 82.53  0 19 37 15532  1 509593 84391 1.4 23 16 12 18 42% 427166 246  8%
c B 85.00  0 18 37 15537  1 528052 95725 1.5 23 16 12 18 42% 427166 246  8%
c ] 85.54  0 18 37 15537  1 531909 98467 1.5 23 16 12 18 42% 427166 246  8%
c { 85.54  0 17 37 15537  1 531909 98467 1.5 21 14 10 15 40% 427166 246  8%
c - 86.39  0 16 38 15627  1 538693 90116 1.5 21 14 10 15 40% 427166 246  8%
c p 86.41  0 16 38 15627  1 538693 90117 1.5 21 14 10 15 40% 427166 246  8%
c u 86.53  0 16 38 15627  1 538693 90068 1.5 21 14 10 15 40% 427166 246  8%
c v 86.57  0 16 38 15627  1 538693 90052 1.5 21 14 10 15 40% 427166 246  8%
c w 86.60  0 16 38 15627  1 538693 90048 1.5 21 14 10 15 40% 427166 246  8%
c x 86.66  0 16 38 15627  1 538693 90048 1.5 21 14 10 15 40% 427165 246  8%
c B 89.81  0 16 38 16775  1 561053 103283 1.5 20 14 10 15 40% 427165 246  8%
c - 91.20  0 17 39 17865  1 568612 94464 1.5 20 14 10 15 40% 427165 246  8%
c p 91.22  0 17 39 17865  1 568612 94465 1.5 20 14 10 15 40% 427165 246  8%
c u 91.34  0 17 39 17865  1 568612 94402 1.5 20 14 10 15 40% 427165 246  8%
c v 91.40  0 17 39 17865  1 568612 94389 1.5 20 14 10 15 40% 427165 246  8%
c w 91.43  0 17 39 17865  1 568612 94387 1.5 20 14 10 15 40% 427165 246  8%
c x 91.51  0 17 39 17865  1 568612 94387 1.5 20 14 10 15 40% 427164 246  8%
c W 97.59  0 16 39 19231  1 595055 110195 1.5 20 14 10 15 40% 427164 246  8%
c s 97.83  0 16 39 19316  1 595583 110549 1.5 20 14 10 15 40% 427147 246  8%
c s 97.96  0 16 39 19316  1 595583 110527 1.5 20 14 10 15 40% 427126 246  8%
c 
c  seconds  reductions    conflicts         size    tier2        variables
c         MB      restarts       redundant     glue     trail        remaining
c          level        rate          size/glue  tier1    irredundant
c 
c - 98.54  0 16 40 19356  1 599350 99192 1.5 20 14 10 15 40% 427126 246  8%
c p 98.56  0 16 40 19356  1 599350 99193 1.5 20 14 10 15 40% 427126 246  8%
c u 99.32  0 16 40 19356  1 599350 99181 1.5 20 14 10 15 40% 427126 246  8%
c v 99.37  0 16 40 19356  1 599350 99177 1.5 20 14 10 15 40% 427126 246  8%
c w 99.40  0 16 40 19356  1 599350 99177 1.5 20 14 10 15 40% 427126 246  8%
c x 99.46  0 16 40 19356  1 599350 99177 1.5 20 14 10 15 40% 427126 246  8%
c # 104.11  0 16 40 21840  1 630056 118548 1.5 20 14 10 15 40% 427126 246  8%
c } 104.17  0 16 40 21840  1 630309 118733 1.5 20 14 10 15 40% 427126 246  8%
c [ 104.17  0 18 40 21840  1 630309 118733 1.5 23 16 12 18 42% 427126 246  8%
c - 104.31  0 18 41 21840  1 630910 105160 1.5 23 16 12 18 42% 427126 246  8%
c p 104.34  0 18 41 21840  1 630910 105161 1.5 23 16 12 18 42% 427126 246  8%
c u 104.44  0 18 41 21840  1 630910 105143 1.5 23 16 12 18 42% 427126 246  8%
c v 104.49  0 18 41 21840  1 630910 105132 1.5 23 16 12 18 42% 427126 246  8%
c w 104.51  0 18 41 21840  1 630910 105130 1.5 23 16 12 18 42% 427126 246  8%
c x 104.58  0 18 41 21840  1 630910 105129 1.5 23 16 12 18 42% 427124 246  8%
c - 108.63  0 17 42 21854  1 663287 112002 1.5 22 15 11 18 41% 427124 246  8%
c p 108.65  0 17 42 21854  1 663287 112003 1.5 22 15 11 18 41% 427124 246  8%
c u 108.76  0 17 42 21854  1 663287 111988 1.5 22 15 11 18 41% 427124 246  8%
c v 108.81  0 17 42 21854  1 663287 111980 1.5 22 15 11 18 41% 427124 246  8%
c w 108.84  0 17 42 21854  1 663287 111975 1.5 22 15 11 18 41% 427124 246  8%
c 
c  seconds   reductions    conflicts          size    tier2        variables
c          MB      restarts       redundant      glue     trail        remaining
c           level        rate           size/glue  tier1    irredundant
c 
c x 108.91  0 17 42 21854  1 663287 111974 1.5 22 15 11 18 41% 427124 246  8%
c W 110.25  0 17 42 21855  1 666057 113646 1.5 22 15 11 18 41% 427124 246  8%
c - 114.25  0 17 43 21869  1 696486 116351 1.5 22 15 11 18 40% 427124 246  8%
c p 114.27  0 17 43 21869  1 696486 116352 1.5 22 15 11 18 40% 427124 246  8%
c u 114.40  0 17 43 21869  1 696486 116304 1.5 22 15 11 18 40% 427124 246  8%
c v 114.47  0 17 43 21869  1 696486 116290 1.5 22 15 11 18 40% 427124 246  8%
c w 114.50  0 17 43 21869  1 696486 116287 1.5 22 15 11 18 40% 427124 246  8%
c x 114.59  0 17 43 21869  1 696486 116287 1.5 22 15 11 18 40% 427124 246  8%
c O 115.55  0 17 43 21870  1 703058 120045 1.5 22 15 11 18 40% 427124 246  8%
c ] 118.78  0 16 43 21872  1 725455 133192 1.5 21 14 11 18 40% 427124 246  8%
c { 118.78  0 16 43 21872  1 725455 133192 1.5 20 14 10 15 40% 427124 246  8%
c - 119.61  0 16 44 22019  1 730505 123453 1.5 20 14 10 15 40% 427124 246  8%
c p 119.63  0 16 44 22019  1 730505 123454 1.5 20 14 10 15 40% 427124 246  8%
c u 119.76  0 16 44 22019  1 730505 123432 1.5 20 14 10 15 40% 427124 246  8%
c v 119.82  0 16 44 22019  1 730505 123406 1.5 20 14 10 15 40% 427124 246  8%
c w 119.85  0 16 44 22019  1 730505 123406 1.5 20 14 10 15 40% 427124 246  8%
c x 119.94  0 16 44 22019  1 730505 123406 1.5 20 14 10 15 40% 427123 246  8%
c B 121.35  0 16 44 22552  1 741059 129212 1.5 20 14 10 15 40% 427123 246  8%
c - 124.71  0 16 45 23487  1 765346 131746 1.5 20 14 10 15 40% 427123 246  8%
c p 124.73  0 16 45 23487  1 765346 131747 1.5 20 14 10 15 40% 427123 246  8%
c 
c  seconds   reductions    conflicts          size    tier2        variables
c          MB      restarts       redundant      glue     trail        remaining
c           level        rate           size/glue  tier1    irredundant
c 
c u 124.88  0 16 45 23487  1 765346 131714 1.5 20 14 10 15 40% 427123 246  8%
c v 124.93  0 16 45 23487  1 765346 131687 1.5 20 14 10 15 40% 427123 246  8%
c w 124.97  0 16 45 23487  1 765346 131679 1.5 20 14 10 15 40% 427123 246  8%
c x 125.05  0 16 45 23487  1 765346 131677 1.5 20 14 10 15 40% 427122 246  8%
c s 125.64  0 16 45 23498  1 767772 132948 1.5 20 14 10 15 40% 427081 246  8%
c s 125.79  0 16 45 23498  1 767772 132926 1.5 20 14 10 15 40% 427066 246  8%
c W 129.30  0 16 45 23578  1 780061 140893 1.5 20 13 10 15 40% 427066 246  8%
c - 132.91  0 16 46 25752  1 801007 117753 1.5 20 14 9 15 40% 427066 246  8%
c p 132.93  0 16 46 25752  1 801007 117754 1.5 20 14 9 15 40% 427066 246  8%
c u 133.08  0 16 46 25752  1 801007 117723 1.5 20 14 9 15 40% 427066 246  8%
c v 133.14  0 16 46 25752  1 801007 117708 1.5 20 14 9 15 40% 427066 246  8%
c w 133.18  0 16 46 25752  1 801007 117707 1.5 20 14 9 15 40% 427066 246  8%
c x 133.28  0 16 46 25752  1 801007 117707 1.5 20 14 9 15 40% 427066 246  8%
c F 135.93  0 15 46 25940  1 820064 128052 1.5 20 13 9 15 40% 427066 246  8%
c - 138.95  0 16 47 28074  1 837488 116975 1.5 20 14 9 15 40% 427066 246  8%
c p 138.97  0 16 47 28074  1 837488 116976 1.5 20 14 9 15 40% 427066 246  8%
c u 139.13  0 16 47 28074  1 837488 116946 1.5 20 14 9 15 40% 427066 246  8%
c v 139.19  0 16 47 28074  1 837488 116918 1.5 20 14 9 15 40% 427066 246  8%
c w 139.23  0 16 47 28074  1 837488 116918 1.5 20 14 9 15 40% 427066 246  8%
c x 139.31  0 16 47 28074  1 837488 116917 1.5 20 14 9 15 40% 427066 246  8%
c 
c  seconds   reductions    conflicts          size   tier2        variables
c          MB      restarts       redundant      glue    trail        remaining
c           level        rate           size/glue  tier1   irredundant
c 
c } 139.86  0 16 47 28076  1 841317 119020 1.5 20 13 9 15 40% 427066 246  8%
c [ 139.86  0 16 47 28076  1 841317 119020 1.5 21 14 11 18 40% 427066 246  8%
c B 142.52  0 16 47 28076  1 861066 130968 1.5 21 14 11 17 40% 427066 246  8%
c - 144.37  0 16 48 28077  1 874791 119695 1.5 21 14 11 17 40% 427066 246  8%
c p 144.39  0 16 48 28077  1 874791 119696 1.5 21 14 11 17 40% 427066 246  8%
c u 144.53  0 16 48 28077  1 874791 119656 1.5 21 14 11 17 40% 427066 246  8%
c v 144.60  0 16 48 28077  1 874791 119642 1.5 21 14 11 17 40% 427066 246  8%
c w 144.63  0 16 48 28077  1 874791 119640 1.5 21 14 11 17 40% 427066 246  8%
c x 144.73  0 16 48 28077  1 874791 119640 1.5 21 14 11 17 40% 427066 246  8%
c W 149.98  0 16 48 28077  1 903067 138040 1.5 21 14 11 17 41% 427066 246  8%
c - 151.39  0 16 49 28077  1 912917 126300 1.5 22 14 11 17 41% 427066 246  8%
c p 151.41  0 16 49 28077  1 912917 126301 1.5 22 14 11 17 41% 427066 246  8%
c u 152.50  0 16 49 28077  1 912917 126251 1.5 22 14 11 17 41% 427066 246  8%
c v 152.57  0 16 49 28077  1 912917 126247 1.5 22 14 11 17 41% 427066 246  8%
c w 152.62  0 16 49 28077  1 912917 126245 1.5 22 14 11 17 41% 427066 246  8%
c x 152.72  0 16 49 28077  1 912917 126245 1.5 22 14 11 17 41% 427066 246  8%
c I 157.30  0 16 49 28083  1 946068 148470 1.5 22 14 10 17 41% 427066 246  8%
c - 158.20  0 16 50 28085  1 951863 131922 1.5 22 14 10 17 41% 427066 246  8%
c p 158.22  0 16 50 28085  1 951863 131923 1.5 22 14 10 17 41% 427066 246  8%
c u 158.37  0 16 50 28085  1 951863 131866 1.5 22 14 10 17 41% 427066 246  8%
c 
c  seconds   reductions    conflicts          size    tier2        variables
c          MB      restarts       redundant      glue     trail        remaining
c           level        rate           size/glue  tier1    irredundant
c 
c v 158.43  0 16 50 28085  1 951863 131861 1.5 22 14 10 17 41% 427066 246  8%
c w 158.47  0 16 50 28085  1 951863 131860 1.5 22 14 10 17 41% 427066 246  8%
c x 158.56  0 16 50 28085  1 951863 131859 1.5 22 14 10 17 41% 427066 246  8%
c ] 159.04  0 16 50 28087  1 955056 133642 1.5 22 14 10 17 41% 427066 246  8%
c { 159.04  0 16 50 28087  1 955056 133642 1.5 20 13 9 15 40% 427066 246  8%
c s 159.83  0 15 50 28132  1 961481 137436 1.5 20 13 9 15 40% 427004 246  8%
c s 159.99  0 15 50 28132  1 961481 137415 1.5 20 13 9 15 40% 426938 246  8%
c B 164.55  0 16 50 31297  1 990069 155309 1.5 20 14 9 15 40% 426938 246  8%
c - 164.98  0 16 51 31448  1 991630 134855 1.5 20 14 9 15 40% 426938 246  8%
c p 165.00  0 16 51 31448  1 991630 134856 1.5 20 14 9 15 40% 426938 246  8%
c u 165.17  0 16 51 31448  1 991630 134836 1.5 20 14 9 15 40% 426938 246  8%
c v 165.24  0 16 51 31448  1 991630 134824 1.5 20 14 9 15 40% 426938 246  8%
c w 165.28  0 16 51 31448  1 991630 134823 1.5 20 14 9 15 40% 426938 246  8%
c x 165.40  0 16 51 31448  1 991630 134820 1.5 20 14 9 15 40% 426935 246  8%
c - 172.35  0 15 52 33243  1 1032217 140122 1.5 20 13 9 15 40% 426935 246  8%
c p 172.37  0 15 52 33243  1 1032217 140123 1.5 20 13 9 15 40% 426935 246  8%
c u 172.54  0 15 52 33243  1 1032217 140097 1.5 20 13 9 15 40% 426935 246  8%
c v 172.62  0 15 52 33243  1 1032217 140088 1.5 20 13 9 15 40% 426935 246  8%
c w 172.66  0 15 52 33243  1 1032217 140085 1.5 20 13 9 15 40% 426935 246  8%
c x 172.76  0 15 52 33243  1 1032217 140083 1.5 20 13 9 15 40% 426931 246  8%
c 
c  seconds   reductions     conflicts          size   tier2        variables
c          MB      restarts        redundant      glue    trail        remaining
c           level        rate            size/glue  tier1   irredundant
c 
c W 175.25  0 15 52 33247  1 1035071 141517 1.5 20 13 9 15 40% 426931 246  8%
c - 181.60  0 15 53 35382  1 1073628 144385 1.5 20 13 9 14 40% 426931 246  8%
c p 181.62  0 15 53 35382  1 1073628 144386 1.5 20 13 9 14 40% 426931 246  8%
c u 181.78  0 15 53 35382  1 1073628 144355 1.5 20 13 9 14 40% 426931 246  8%
c v 181.86  0 15 53 35382  1 1073628 144353 1.5 20 13 9 14 40% 426931 246  8%
c w 181.90  0 15 53 35382  1 1073628 144349 1.5 20 13 9 14 40% 426931 246  8%
c x 182.00  0 15 53 35382  1 1073628 144349 1.5 20 13 9 14 40% 426929 246  8%
c # 183.36  0 15 53 36452  1 1081072 149199 1.5 20 13 9 14 40% 426929 246  8%
c } 184.84  0 15 53 37534  1 1089780 154285 1.5 20 13 9 14 40% 426929 246  8%
c [ 184.84  0 16 53 37534  1 1089780 154285 1.5 22 14 10 17 41% 426929 246  8%
c - 188.64  0 16 54 37546  1 1115860 147711 1.5 22 14 10 17 41% 426929 246  8%
c p 188.66  0 16 54 37546  1 1115860 147712 1.5 22 14 10 17 41% 426929 246  8%
c u 188.85  0 16 54 37546  1 1115860 147667 1.5 22 14 10 17 41% 426929 246  8%
c v 188.94  0 16 54 37546  1 1115860 147658 1.5 22 14 10 17 41% 426929 246  8%
c w 188.98  0 16 54 37546  1 1115860 147655 1.5 22 14 10 17 41% 426929 246  8%
c x 189.12  0 16 54 37546  1 1115860 147655 1.5 22 14 10 17 41% 426919 246  8%
c B 191.04  0 17 54 37553  1 1128075 155219 1.5 22 15 10 17 41% 426919 246  8%
c - 195.09  0 17 55 37557  1 1158915 147713 1.5 22 15 10 17 41% 426919 246  8%
c p 195.12  0 17 55 37557  1 1158915 147714 1.5 22 15 10 17 41% 426919 246  8%
c u 195.31  0 17 55 37557  1 1158915 147644 1.5 22 15 10 17 41% 426919 246  8%
c 
c  seconds   reductions     conflicts          size    tier2        variables
c          MB      restarts        redundant      glue     trail        remaining
c           level        rate            size/glue  tier1    irredundant
c 
c v 195.41  0 17 55 37557  1 1158915 147637 1.5 22 15 10 17 41% 426919 246  8%
c w 195.46  0 17 55 37557  1 1158915 147636 1.5 22 15 10 17 41% 426919 246  8%
c x 195.59  0 17 55 37557  1 1158915 147636 1.5 22 15 10 17 41% 426918 246  8%
c W 199.23  0 17 55 37568  1 1176076 158911 1.5 23 15 10 17 41% 426918 246  8%
c s 199.42  0 17 55 37568  1 1176705 159315 1.5 23 15 10 17 41% 426864 246  8%
c s 199.60  0 17 55 37568  1 1176705 159312 1.5 23 15 10 17 41% 426850 246  8%
c - 203.52  0 17 56 37578  1 1202792 149402 1.5 23 15 10 17 41% 426850 246  8%
c p 203.55  0 17 56 37578  1 1202792 149403 1.5 23 15 10 17 41% 426850 246  8%
c u 203.73  0 17 56 37578  1 1202792 149385 1.5 23 15 10 17 41% 426850 246  8%
c v 203.81  0 17 56 37578  1 1202792 149376 1.5 23 15 10 17 41% 426850 246  8%
c w 203.85  0 17 56 37578  1 1202792 149374 1.5 23 15 10 17 41% 426850 246  8%
c x 203.96  0 17 56 37578  1 1202792 149374 1.5 23 15 10 17 41% 426847 246  8%
c O 207.19  0 17 56 37586  1 1225077 164241 1.5 23 15 10 17 41% 426847 246  8%
c ] 207.71  0 17 56 37586  1 1227924 165973 1.5 23 15 10 17 41% 426847 246  8%
c { 207.71  0 15 56 37586  1 1227924 165973 1.5 20 13 9 14 40% 426847 246  8%
c - 211.15  0 15 57 39032  1 1247489 153783 1.5 20 13 9 14 40% 426847 246  8%
c p 211.17  0 15 57 39032  1 1247489 153784 1.5 20 13 9 14 40% 426847 246  8%
c u 211.39  0 15 57 39032  1 1247489 153741 1.5 20 13 9 14 40% 426847 246  8%
c v 211.49  0 15 57 39032  1 1247489 153735 1.5 20 13 9 14 40% 426847 246  8%
c w 211.54  0 15 57 39032  1 1247489 153728 1.5 20 13 9 14 40% 426847 246  8%
c 
c  seconds   reductions     conflicts          size   tier2        variables
c          MB      restarts        redundant      glue    trail        remaining
c           level        rate            size/glue  tier1   irredundant
c 
c x 211.67  0 15 57 39032  1 1247489 153728 1.5 20 13 9 14 40% 426832 246  8%
c B 216.94  0 15 57 41363  1 1275081 170125 1.5 20 13 9 14 40% 426832 246  8%
c - 220.36  0 16 58 42800  1 1293009 159050 1.5 20 14 9 14 40% 426832 246  8%
c p 220.38  0 16 58 42800  1 1293009 159051 1.5 20 14 9 14 40% 426832 246  8%
c u 220.60  0 16 58 42800  1 1293009 159009 1.5 20 14 9 14 40% 426832 246  8%
c v 220.70  0 16 58 42800  1 1293009 158988 1.5 20 14 9 14 40% 426832 246  8%
c w 220.75  0 16 58 42800  1 1293009 158978 1.5 20 14 9 14 40% 426832 246  8%
c x 220.90  0 16 58 42800  1 1293009 158977 1.5 20 14 9 14 40% 426825 246  8%
c W 229.24  0 16 58 45241  1 1326083 178887 1.5 20 14 9 14 40% 426825 246  8%
c - 231.52  0 15 59 46036  1 1339353 165477 1.5 20 13 9 14 40% 426825 246  8%
c p 231.54  0 15 59 46036  1 1339353 165478 1.5 20 13 9 14 40% 426825 246  8%
c u 233.01  0 15 59 46036  1 1339353 165447 1.5 20 13 9 14 40% 426825 246  8%
c v 233.11  0 15 59 46036  1 1339353 165432 1.5 20 13 9 14 40% 426825 246  8%
c w 233.17  0 15 59 46036  1 1339353 165420 1.5 20 13 9 14 40% 426825 246  8%
c x 233.32  0 15 59 46036  1 1339353 165420 1.5 20 13 9 14 40% 426821 246  8%
c } 239.29  0 15 59 47664  1 1377909 185828 1.5 20 13 9 14 40% 426821 246  8%
c [ 239.29  0 17 59 47664  1 1377909 185828 1.5 23 15 10 17 41% 426821 246  8%
c B 239.34  0 17 59 47664  1 1378084 185940 1.5 23 15 10 17 41% 426821 246  8%
c - 240.75  0 17 60 47664  1 1386520 170529 1.5 23 15 10 17 41% 426821 246  8%
c p 240.77  0 17 60 47664  1 1386520 170530 1.5 23 15 10 17 41% 426821 246  8%
c 
c  seconds   reductions     conflicts          size    tier2        variables
c          MB      restarts        redundant      glue     trail        remaining
c           level        rate            size/glue  tier1    irredundant
c 
c u 240.96  0 17 60 47664  1 1386520 170483 1.5 23 15 10 17 41% 426821 246  8%
c v 241.06  0 17 60 47664  1 1386520 170480 1.5 23 15 10 17 41% 426821 246  8%
c w 241.11  0 17 60 47664  1 1386520 170467 1.5 23 15 10 17 41% 426821 246  8%
c x 241.25  0 17 60 47664  1 1386520 170467 1.5 23 15 10 17 41% 426817 246  8%
c s 245.27  0 17 60 47665  1 1413447 188514 1.5 23 15 10 17 41% 426711 246  8%
c s 245.47  0 17 60 47665  1 1413447 188505 1.5 23 15 10 17 41% 426635 246  8%
c W 249.56  0 17 60 47671  1 1431086 198824 1.5 23 15 10 17 41% 426635 246  8%
c - 250.26  0 17 61 47672  1 1434510 175196 1.5 23 15 10 17 41% 426635 246  8%
c p 250.28  0 17 61 47672  1 1434510 175197 1.5 23 15 10 17 41% 426635 246  8%
c u 250.50  0 17 61 47672  1 1434510 175134 1.5 23 15 10 17 41% 426635 246  8%
c v 250.59  0 17 61 47672  1 1434510 175129 1.5 23 15 10 17 41% 426635 246  8%
c w 250.64  0 17 61 47672  1 1434510 175108 1.5 23 15 10 17 41% 426635 246  8%
c x 250.78  0 17 61 47672  1 1434510 175108 1.5 23 15 10 17 41% 426634 246  8%
c - 258.35  0 17 62 47695  1 1483317 182227 1.5 23 15 10 17 42% 426634 246  8%
c p 258.37  0 17 62 47695  1 1483317 182228 1.5 23 15 10 17 42% 426634 246  8%
c u 258.59  0 17 62 47695  1 1483317 182209 1.5 23 15 10 17 42% 426634 246  8%
c v 258.70  0 17 62 47695  1 1483317 182201 1.5 23 15 10 17 42% 426634 246  8%
c w 258.76  0 17 62 47695  1 1483317 182194 1.5 23 15 10 17 42% 426634 246  8%
c x 258.89  0 17 62 47695  1 1483317 182186 1.5 23 15 10 17 42% 426616 246  8%
c I 259.28  0 17 62 47695  1 1485088 183248 1.5 23 15 10 17 42% 426616 246  8%
c 
c  seconds   reductions     conflicts          size    tier2        variables
c          MB      restarts        redundant      glue     trail        remaining
c           level        rate            size/glue  tier1    irredundant
c 
c ] 265.68  0 17 62 47709  1 1526694 211442 1.6 23 15 10 17 42% 426616 246  8%
c { 265.68  0 15 62 47709  1 1526694 211442 1.5 20 13 9 14 40% 426616 246  8%
c - 266.70  0 15 63 48331  1 1532947 188232 1.5 20 13 9 14 40% 426616 246  8%
c p 266.72  0 15 63 48331  1 1532947 188233 1.5 20 13 9 14 40% 426616 246  8%
c u 266.99  0 15 63 48331  1 1532947 188189 1.5 20 13 9 14 40% 426616 246  8%
c v 267.12  0 15 63 48331  1 1532947 188186 1.5 20 13 9 14 40% 426616 246  8%
c w 267.19  0 15 63 48331  1 1532947 188184 1.5 20 13 9 14 40% 426616 246  8%
c x 267.36  0 15 63 48331  1 1532947 188177 1.5 20 13 9 14 40% 426598 246  8%
c F 268.55  0 15 63 48571  1 1540089 192398 1.5 20 13 9 14 40% 426598 246  8%
c - 276.93  0 15 64 52389  1 1583401 192717 1.5 20 13 9 14 40% 426598 246  8%
c p 276.95  0 15 64 52389  1 1583401 192718 1.5 20 13 9 14 40% 426598 246  8%
c u 277.22  0 15 64 52389  1 1583401 192679 1.5 20 13 9 14 40% 426598 246  8%
c v 277.36  0 15 64 52389  1 1583401 192677 1.5 20 13 9 14 40% 426598 246  8%
c w 277.42  0 15 64 52389  1 1583401 192657 1.5 20 13 9 14 40% 426598 246  8%
c x 277.58  0 15 64 52389  1 1583401 192647 1.5 20 13 9 14 40% 426564 246  8%
c B 279.92  0 15 64 53936  1 1596091 200114 1.5 20 13 9 14 40% 426564 246  8%
c - 287.27  0 15 65 56197  1 1634680 196548 1.5 20 13 9 14 40% 426564 246  8%
c p 287.30  0 15 65 56197  1 1634680 196549 1.5 20 13 9 14 40% 426564 246  8%
c u 287.55  0 15 65 56197  1 1634680 196509 1.5 20 13 9 14 40% 426564 246  8%
c v 287.69  0 15 65 56197  1 1634680 196492 1.5 20 13 9 14 40% 426564 246  8%
c 
c  seconds   reductions     conflicts          size   tier2        variables
c          MB      restarts        redundant      glue    trail        remaining
c           level        rate            size/glue  tier1   irredundant
c 
c w 287.75  0 15 65 56197  1 1634680 196475 1.5 20 13 9 14 40% 426564 246  8%
c x 287.91  0 15 65 56197  1 1634680 196474 1.5 20 13 9 14 40% 426538 246  8%
c W 294.96  0 15 65 57833  1 1653092 206610 1.5 20 14 9 14 40% 426538 246  8%
c s 297.97  0 15 65 58334  1 1671692 216386 1.5 20 13 9 14 41% 426439 246  8%
c s 298.18  0 15 65 58334  1 1671692 216370 1.5 20 13 9 14 41% 426332 246  8%
c - 300.98  0 15 66 58461  1 1686781 201396 1.5 19 13 9 14 41% 426332 246  8%
c p 301.01  0 15 66 58461  1 1686781 201397 1.5 19 13 9 14 41% 426332 246  8%
c u 301.24  0 15 66 58461  1 1686781 201361 1.5 19 13 9 14 41% 426332 246  8%
c v 301.35  0 15 66 58461  1 1686781 201357 1.5 19 13 9 14 41% 426332 246  8%
c w 301.41  0 15 66 58461  1 1686781 201333 1.5 19 13 9 14 41% 426332 246  8%
c x 301.56  0 15 66 58461  1 1686781 201328 1.5 19 13 9 14 41% 426309 246  8%
c } 303.53  0 15 66 59398  1 1697232 207463 1.5 19 13 9 14 41% 426309 246  8%
c [ 303.53  0 17 66 59398  1 1697232 207463 1.6 23 15 10 17 42% 426309 246  8%
c B 306.37  0 17 66 59402  1 1711093 216257 1.6 23 15 10 16 41% 426309 246  8%
c - 311.69  0 17 67 59415  1 1739702 206311 1.5 23 15 10 16 41% 426309 246  8%
c p 311.72  0 17 67 59415  1 1739702 206312 1.5 23 15 10 16 41% 426309 246  8%
c u 312.00  0 17 67 59415  1 1739702 206252 1.5 23 15 10 16 41% 426309 246  8%
c v 312.15  0 17 67 59415  1 1739702 206244 1.5 23 15 10 16 41% 426309 246  8%
c w 312.22  0 17 67 59415  1 1739702 206222 1.5 23 15 10 16 41% 426309 246  8%
c x 312.42  0 17 67 59415  1 1739702 206219 1.5 23 15 10 16 41% 426277 246  8%
c 
c  seconds   reductions     conflicts          size    tier2        variables
c          MB      restarts        redundant      glue     trail        remaining
c           level        rate            size/glue  tier1    irredundant
c 
c W 318.99  0 17 67 59417  1 1770094 224997 1.5 23 15 10 16 41% 426277 246  8%
c i 320.25  0 16 67 59417  1 1775995 228107 1.5 22 15 10 16 41% 426277 245  8%
c - 324.12  0 16 68 59418  1 1793441 203594 1.5 22 14 10 16 41% 418568 245  8%
c 2 324.12  0 16 68 59418  1 1793441 203593 1.5 22 14 10 16 41% 418568 245  8%
c p 324.14  0 16 68 59418  1 1793441 203595 1.5 22 14 10 16 41% 418568 245  8%
c u 324.42  0 16 68 59418  1 1793441 203506 1.5 22 14 10 16 41% 418568 245  8%
c v 324.55  0 16 68 59418  1 1793441 203478 1.5 22 14 10 16 41% 418568 245  8%
c w 324.62  0 16 68 59418  1 1793441 203476 1.5 22 14 10 16 41% 418568 245  8%
c x 324.82  0 16 68 59418  1 1793441 203475 1.5 22 14 10 16 41% 418533 245  8%
c O 331.12  0 16 68 59418  1 1830096 223569 1.5 21 14 10 16 41% 418533 245  8%
c i 332.60  0 16 68 59418  1 1835748 226515 1.5 21 14 10 16 40% 418533 242  8%
c - 335.36  0 15 69 59418  1 1847736 200212 1.5 21 14 9 16 40% 405124 242  8%
c 2 335.36  0 15 69 59418  1 1847736 200212 1.5 21 14 9 16 40% 405123 242  8%
c p 335.38  0 15 69 59418  1 1847736 200213 1.5 21 14 9 16 40% 405123 242  8%
c u 335.62  0 15 69 59418  1 1847736 200144 1.5 21 14 9 16 40% 405123 242  8%
c v 335.73  0 15 69 59418  1 1847736 200128 1.5 21 14 9 16 40% 405123 242  8%
c w 335.79  0 15 69 59418  1 1847736 200124 1.5 21 14 9 16 40% 405123 242  8%
c x 335.96  0 15 69 59418  1 1847736 200122 1.5 21 14 9 16 40% 405065 242  8%
c ] 336.37  0 15 69 59418  1 1849655 201311 1.5 21 14 9 16 40% 405065 242  8%
c { 336.37  0 15 69 59418  1 1849655 201311 1.5 19 13 9 14 41% 405065 242  8%
c 
c  seconds   reductions     conflicts          size   tier2        variables
c          MB      restarts        redundant      glue    trail        remaining
c           level        rate            size/glue  tier1   irredundant
c 
c # 344.39  0 15 69 61579  1 1891098 224295 1.5 19 13 9 14 40% 405065 242  8%
c - 346.56  0 15 70 62938  1 1902366 208727 1.5 19 13 9 14 40% 405065 242  8%
c p 346.59  0 15 70 62938  1 1902366 208728 1.5 19 13 9 14 40% 405065 242  8%
c u 347.17  0 15 70 62938  1 1902366 208674 1.5 19 13 9 14 40% 405065 242  8%
c v 347.28  0 15 70 62938  1 1902366 208643 1.5 19 13 9 14 40% 405065 242  8%
c w 347.34  0 15 70 62938  1 1902366 208638 1.5 19 13 9 14 40% 405065 242  8%
c x 347.51  0 15 70 62938  1 1902366 208634 1.5 19 13 9 14 40% 405023 242  8%
c s 356.98  0 15 70 65092  1 1951429 236330 1.5 19 13 8 14 40% 404450 242  8%
c e 357.06  0 15 70 65092  1 1951429 234984 1.5 19 13 8 14 40% 404444 236  8%
c s 357.20  0 15 70 65092  1 1951429 234961 1.5 19 13 8 14 40% 403653 236  8%
c B 357.57  0 14 70 65096  1 1953099 235760 1.5 19 13 8 14 40% 403653 236  8%
c - 358.76  0 14 71 65193  1 1957795 185825 1.5 19 13 8 14 40% 403653 236  8%
c u 359.05  0 14 71 65193  1 1957795 185749 1.5 19 13 8 14 40% 403653 236  8%
c v 359.17  0 14 71 65193  1 1957795 185676 1.5 19 13 8 14 40% 403653 236  8%
c w 359.23  0 14 71 65193  1 1957795 185670 1.5 19 13 8 14 40% 403653 236  8%
c x 359.42  0 14 71 65193  1 1957795 185669 1.5 19 13 8 14 40% 403625 236  8%
c - 370.78  0 14 72 67485  1 2013974 185745 1.5 19 12 8 14 40% 403625 236  8%
c u 371.08  0 14 72 67485  1 2013974 185679 1.5 19 12 8 14 40% 403625 236  8%
c v 371.22  0 14 72 67485  1 2013974 185655 1.5 19 12 8 14 40% 403625 236  8%
c w 371.29  0 14 72 67485  1 2013974 185646 1.5 19 12 8 14 40% 403625 236  8%
c 
c  seconds   reductions     conflicts          size   tier2        variables
c          MB      restarts        redundant      glue    trail        remaining
c           level        rate            size/glue  tier1   irredundant
c 
c x 371.48  0 14 72 67485  1 2013974 185645 1.5 19 12 8 14 40% 403577 236  8%
c W 375.71  0 14 72 67485  1 2016100 186685 1.5 19 12 8 14 40% 403577 236  8%
c } 379.42  0 14 72 68340  1 2033428 195947 1.5 18 12 8 14 39% 403577 236  8%
c [ 379.42  0 15 72 68340  1 2033428 195947 1.5 21 14 9 16 40% 403577 236  8%
c i 383.60  0 15 72 68341  1 2052077 204946 1.5 20 13 9 16 40% 403577 235  8%
c i 384.89  0 15 72 68341  1 2057050 207223 1.5 20 13 9 16 40% 403577 234  8%
c i 385.48  0 14 72 68341  1 2059337 208299 1.5 20 13 9 16 40% 403577 229  8%
c i 385.60  0 14 72 68341  1 2059741 208454 1.5 20 13 9 16 40% 403577 221  7%
c i 385.60  0 14 72 68341  1 2059749 208456 1.5 20 13 9 16 40% 403577 220  7%
c i 385.67  0 14 72 68341  1 2060096 208596 1.5 20 13 9 16 40% 403577 211  7%
c i 385.68  0 14 72 68341  1 2060139 208610 1.5 20 13 9 16 40% 403577 205  7%
c i 385.68  0 14 72 68341  1 2060145 208612 1.5 20 13 9 16 40% 403577 201  7%
c ] 385.68  0 14 72 68341  1 2060152 208612 1.5 20 13 9 16 40% 403577 187  6%
c 0 385.68  0 14 72 68341  1 2060152 208612 1.5 20 13 9 16 40% 403577 187  6%
c 
c --- [ closing proof ] ------------------------------------------------------
c 
c LRAT proof file 'data/a4_m08/F.lrat' closed
c LRAT 2694059 added clauses 51.73%
c LRAT 2514149 deleted clauses 48.27%
c LRAT 600396355 bytes (572.58 MB)
c 
c --- [ result ] -------------------------------------------------------------
c 
s UNSATISFIABLE
c 
c --- [ run-time profiling ] -------------------------------------------------
c 
c process time taken by individual solving procedures
c (percentage relative to process time for solving)
c 
c       355.15   92.15% search
c       188.50   48.91% unstable
c       139.08   36.09% stable
c        30.26    7.85% simplify
c        27.51    7.14% walk
c        19.80    5.14% vivify
c         5.12    1.33% sweep
c         1.76    0.46% elim
c         1.68    0.44% subsume
c         0.61    0.16% probe
c         0.39    0.10% ternary
c         0.26    0.07% parse
c         0.16    0.04% congruence
c         0.06    0.02% lucky
c         0.00    0.00% backbone
c   =================================
c       385.42   99.93% solve
c 
c last line shows process time for solving
c (percentage relative to total process time)
c 
c --- [ statistics ] ---------------------------------------------------------
c 
c chronological:            229499        11.14 %  of conflicts
c conflicts:               2060152      5345.27    per second
c backbone:                  93996      3171.26 %  of vars
c decisions:               2374648      6161.26    per second
c eliminated:                 2218        74.83 %  of all variables
c fixed:                       558        18.83 %  of all variables
c learned:                 2028326        98.46 %  per conflict
c learned_lits:           65009932       100.00 %  learned literals
c minimized:                     0         0.00 %  learned literals
c shrunken:               18738772        28.82 %  learned literals
c minishrunken:            3834774         5.90 %  learned literals
c otfs:                       4807         0.23 %  of conflict
c propagations:           30764299         0.08 M  per second
c reduced:                 1019506        49.49 %  per conflict
c rephased:                     63     32700.83    interval
c restarts:                  68341        30.15    interval
c stabilizing:                  14        45.91 %  of conflicts
c substituted:                   1         0.03 %  of all variables
c subsumed:                 782357        31.72 %  of all clauses
c strengthened:              73603         2.98 %  of all clauses
c ticks:               32994500733      1085.26    propagation
c vivified:                   4316         0.17 %  of all clauses
c walked:                       20    103007.60    interval
c weakened:                   5582         2.57    average size
c congruence:                   11    187286.55    interval
c 
c seconds are measured in process time for solving
c 
c --- [ glue usage ] ---------------------------------------------------------
c 
c focused glue 8 used 196675 clauses 6.381% accumulated 52.08% tier1
c focused glue 9 used 199079 clauses 6.459% accumulated 58.54%
c focused glue 10-12 used 555983 clauses 18.04% accumulated 76.58%
c focused glue 13 used 168170 clauses 5.456% accumulated 82.04%
c focused glue 14 used 144590 clauses 4.691% accumulated 86.73% tier2
c 
c stable glue 9 used 136535 clauses 5.121% accumulated 51.54% tier1
c stable glue 10 used 123490 clauses 4.631% accumulated 56.17%
c stable glue 11-14 used 573799 clauses 21.52% accumulated 77.69%
c stable glue 15 used 131005 clauses 4.913% accumulated 82.61%
c stable glue 16 used 114699 clauses 4.302% accumulated 86.91% tier2
c 
c 
c --- [ resources ] ----------------------------------------------------------
c 
c total process time since initialization:       385.68    seconds
c total real time since initialization:          399.74    seconds
c maximum resident set size of process:         1071.12    MB
c 
c --- [ shutting down ] ------------------------------------------------------
c 
c exit 20
