⚠ [7/14] Replayed Biplanar.Basic
warning: Biplanar/Basic.lean:204:12: unused variable `G`

Note: This linter can be disabled with `set_option linter.unusedVariables false`
✔ [13/14] Built Biplanar.Instances.A4M13S.W10 (1.0s)
✔ [14/14] Built Biplanar.Instances.A4M13S.Leaf10 (58s)
Build completed successfully (14 jobs).
       60.06 real        56.17 user         2.71 sys
          4470882304  maximum resident set size
                   0  average shared memory size
                   0  average unshared data size
                   0  average unshared stack size
              774942  page reclaims
                2315  page faults
                   0  swaps
                   0  block input operations
                   0  block output operations
                   0  messages sent
                   0  messages received
                   0  signals received
                1315  voluntary context switches
               14706  involuntary context switches
           896281195  instructions retired
           500293072  cycles elapsed
           332696832  peak memory footprint
