⚠ [7/14] Replayed Biplanar.Basic
warning: Biplanar/Basic.lean:204:12: unused variable `G`

Note: This linter can be disabled with `set_option linter.unusedVariables false`
✔ [13/14] Built Biplanar.Instances.A4M13S.W5 (1.8s)
✔ [14/14] Built Biplanar.Instances.A4M13S.Leaf5 (63s)
Build completed successfully (14 jobs).
       65.20 real        59.41 user         3.34 sys
          3627270144  maximum resident set size
                   0  average shared memory size
                   0  average unshared data size
                   0  average unshared stack size
              957981  page reclaims
                7562  page faults
                   0  swaps
                   0  block input operations
                   0  block output operations
                   0  messages sent
                   0  messages received
                   0  signals received
                1252  voluntary context switches
               43895  involuntary context switches
           919669344  instructions retired
           494314406  cycles elapsed
           370396160  peak memory footprint
