c --- [ banner ] -------------------------------------------------------------
c 
c CaDiCaL SAT Solver
c Copyright (c) 2016-2026
c A. Biere, M. Fleury, N. Froleyks, K. Fazekas, F. Pollitt, T. Faller
c JKU Linz, University of Freiburg, TU Wien
c 
c Version 3.0.1
c Apple clang version 16.0.0 (clang-1600.0.26.6) -Wall -Wextra -O3 -DNDEBUG -std=c++11 -DNCLOSEFROM
c Sun Jul 19 15:40:55 UTC 2026 Darwin Sonoma-arm64.local 23.6.0 arm64
c 
c --- [ proof tracing ] ------------------------------------------------------
c 
c opening file to write '/Users/ivanspogreev/earth-moon/lean/data/a4_m13s/leaf4.lrat'
c writing non-binary proof trace to '/Users/ivanspogreev/earth-moon/lean/data/a4_m13s/leaf4.lrat'
c 
c --- [ parsing input ] ------------------------------------------------------
c 
c reading DIMACS file from '/Users/ivanspogreev/earth-moon/lean/data/a4_m13s/leaf4.cnf'
c opening file to read '/Users/ivanspogreev/earth-moon/lean/data/a4_m13s/leaf4.cnf'
c found 'p cnf 2945 186391' header
c parsed 186391 clauses in 0.13 seconds process time
c 
c --- [ options ] ------------------------------------------------------------
c 
c   --binary=false                 (different from default 'true')
c   --lrat=true                    (different from default 'false')
c 
c --- [ solving ] ------------------------------------------------------------
c 
c time measured in process time since initialization
c 
c  seconds  reduction conflicts       size tier2       variables
c         MB    restarts   redundant    glue  trail         remaining
c          level     rate       size/glu tier1  irredundant
c 
c *  0.13  0  0 0   0  0    0    0 0.0 0 0 2 6  0% 186241 2904 99%
c )  0.14  0  0 0   0  0    0    0 0.0 0 0 2 6  0% 186241 2904 99%
c {  0.14  0  0 0   0  0    0    0 0.0 0 0 2 6  0% 186241 2904 99%
c i  0.15  0 2303 0   0 142   19    9 1.5 7 5 2 6 82% 186234 2903 99%
c i  0.15  0 2293 0   0 113   24   11 1.6 7 5 2 6 82% 186233 2901 99%
c i  0.15  0 2269 0   0 97   28   13 1.6 7 4 2 6 81% 186233 2899 98%
c i  0.15  0 1962 0   1 46   66   38 1.5 8 5 2 6 72% 186222 2898 98%
c i  0.15  0 1790 0   1 42   74   42 1.5 8 5 2 6 66% 186222 2897 98%
c i  0.15  0 1739 0   1 41   77   43 1.5 8 5 2 6 64% 186221 2896 98%
c i  0.15  0 1691 0   1 40   79   43 1.5 7 5 2 6 62% 186220 2894 98%
c i  0.15  0 1116 0   2 27  120   65 1.5 8 5 2 6 44% 186210 2892 98%
c i  0.15  0 1068 0   2 26  125   64 1.5 8 5 2 6 42% 186207 2890 98%
c i  0.15  0 1050 0   2 26  127   65 1.5 8 5 2 6 42% 186207 2889 98%
c i  0.15  0 999 0   2 25  133   68 1.5 7 5 2 6 40% 186207 2887 98%
c i  0.15  0 983 0   2 24  135   69 1.5 7 5 2 6 39% 186207 2886 98%
c i  0.15  0 976 0   2 24  136   69 1.5 7 5 2 6 39% 186207 2885 98%
c i  0.15  0 968 0   2 24  137   69 1.5 7 5 2 6 39% 186207 2884 98%
c i  0.15  0 911 0   2 23  145   71 1.5 7 5 2 6 37% 186205 2883 98%
c i  0.15  0 905 0   2 22  146   71 1.5 7 4 2 6 37% 186205 2881 98%
c i  0.15  0 892 0   2 22  148   71 1.5 7 4 2 6 36% 186205 2879 98%
c 
c  seconds   reduction conflicts       size tier2       variables
c         MB     restarts   redundant    glue  trail         remaining
c           level     rate       size/glu tier1  irredundant
c 
c i  0.15  0 885 0   2 22  149   71 1.5 7 4 2 6 36% 186205 2878 98%
c i  0.15  0 795 0   2 20  167   78 1.5 6 4 2 6 33% 186200 2877 98%
c -  0.17  0 568 1  33 44  300   89 1.5 7 5 2 6 33% 186067 2877 98%
c i  0.17  0 538 1  36 42  322   98 1.5 7 5 2 6 32% 186059 2875 98%
c i  0.17  0 537 1  36 42  323   98 1.5 7 5 2 6 31% 186059 2874 98%
c i  0.17  0 531 1  36 42  328   99 1.5 7 5 2 6 31% 186059 2873 98%
c i  0.17  0 528 1  36 41  331  100 1.5 7 5 2 6 31% 186058 2872 98%
c i  0.19  0 362 1  49 29  540  152 1.5 8 5 2 6 31% 185915 2867 97%
c i  0.19  0 353 1  54 29  555  163 1.5 8 5 2 6 31% 185912 2866 97%
c i  0.19  0 350 1  55 29  560  165 1.5 8 5 2 6 31% 185911 2864 97%
c i  0.19  0 349 1  55 29  564  166 1.5 8 5 2 6 31% 185910 2862 97%
c i  0.19  0 317 1  57 26  625  193 1.5 8 5 2 6 29% 185900 2861 97%
c i  0.19  0 316 1  57 26  627  193 1.5 8 5 2 6 29% 185899 2848 97%
c i  0.20  0 275 1  81 24  739  238 1.5 8 6 2 6 27% 185847 2846 97%
c i  0.20  0 274 1  81 23  742  238 1.5 8 6 2 6 27% 185845 2832 96%
c i  0.20  0 273 1  81 23  743  238 1.5 8 5 2 6 27% 185845 2831 96%
c i  0.20  0 273 1  81 23  744  238 1.5 8 5 2 6 27% 185845 2830 96%
c i  0.20  0 272 1  81 23  746  238 1.5 8 5 2 6 27% 185844 2828 96%
c i  0.20  0 268 1  81 23  756  239 1.5 8 5 2 6 26% 185841 2821 96%
c -  0.23  0 246 2  81 21  854  194 1.5 8 5 2 6 29% 185700 2821 96%
c 
c  seconds   reduction conflicts       size tier2       variables
c         MB     restarts   redundant    glue  trail         remaining
c           level     rate       size/glu tier1  irredundant
c 
c i  0.23  0 239 2  81 21  891  199 1.5 8 5 2 6 28% 185671 2726 93%
c }  0.24  0 220 2  99 20 1001  255 1.4 10 7 2 6 28% 185627 2726 93%
c [  0.24  0  0 2  99  0 1001  255 0.0 0 0 2 6  0% 185627 2726 93%
c O  0.24  0  1 2  99  2 1002  256 2.0 2 1 2 6  8% 185627 2726 93%
c -  0.29  0 41 3  99  1 1781  370 2.0 23 11 2 6 58% 185518 2726 93%
c ]  0.32  0 39 3 100  1 2389  851 1.9 24 13 2 6 51% 185516 2726 93%
c {  0.32  0 220 3 100 20 2389  851 1.4 10 7 2 6 28% 185516 2726 93%
c i  0.33  0 205 3 122 19 2473  908 1.4 11 8 2 6 27% 185500 2725 93%
c i  0.33  0 205 3 122 19 2474  908 1.4 11 8 2 6 27% 185500 2724 92%
c i  0.33  0 204 3 123 19 2479  911 1.4 11 8 2 6 27% 185499 2719 92%
c i  0.35  0 190 3 148 18 2609  951 1.4 11 8 2 6 27% 185420 2718 92%
c i  0.35  0 188 3 148 18 2627  957 1.4 11 8 2 6 27% 185412 2717 92%
c i  0.35  0 187 3 148 18 2633  960 1.4 10 8 2 6 27% 185410 2715 92%
c i  0.35  0 187 3 148 18 2634  960 1.4 10 8 2 6 27% 185410 2708 92%
c i  0.35  0 185 3 148 18 2647  963 1.4 10 8 2 6 27% 185404 2695 92%
c 2  0.37  0 172 3 169 16 2777 1047 1.4 12 9 2 6 27% 185378 2678 91%
c d  0.37  0 172 3 169 16 2777 1028 1.4 12 9 2 6 27% 185304 2677 91%
c p  0.37  0 172 3 169 16 2777 1030 1.4 12 9 2 6 27% 185304 2677 91%
c t  0.41  0 172 3 169 16 2777 1021 1.4 12 9 2 6 27% 185276 2637 90%
c i  0.46  0 159 3 199 16 2906 1089 1.3 13 9 2 6 13% 185245 2636 90%
c 
c  seconds   reduction conflicts       size   tier2       variables
c         MB     restarts   redundant     glue   trail         remaining
c           level     rate       size/glue  tier1  irredundant
c 
c i  0.47  0 157 3 206 16 2932 1104 1.4 13 10 2 6 13% 185239 2619 89%
c O  0.47  0 151 3 224 15 3003 1162 1.4 14 10 2 6 11% 185236 2619 89%
c i  0.48  0 147 3 236 15 3049 1190 1.4 14 10 2 6 12% 185222 2618 89%
c i  0.48  0 147 3 237 15 3051 1190 1.4 14 10 2 6 12% 185221 2607 89%
c i  0.49  0 147 3 239 15 3057 1194 1.4 14 10 2 6 12% 185221 2526 86%
c i  0.49  0 146 3 239 15 3059 1195 1.4 14 10 2 6 12% 185221 2525 86%
c i  0.49  0 146 3 239 15 3067 1196 1.4 14 10 2 6 12% 185216 2443 83%
c -  0.52  0 142 4 248 14 3120  458 1.4 14 10 2 6 12% 185015 2443 83%
c i  0.57  0 127 4 311 13 3379  655 1.4 15 11 2 6 15% 184987 2361 80%
c i  0.59  0 119 4 345 12 3539  758 1.3 15 11 2 6 16% 184975 2360 80%
c i  0.59  0 118 4 346 12 3543  760 1.3 15 11 2 6 16% 184974 2313 79%
c i  0.59  0 117 4 353 12 3571  780 1.3 15 11 2 6 16% 184974 2258 77%
c }  0.69  0 85 4 473  9 4604 1573 1.4 17 12 2 6 20% 184967 2258 77%
c [  0.69  0 39 4 473  1 4604 1573 1.9 24 13 2 6 57% 184967 2258 77%
c -  0.74  0 35 5 473  1 4889  698 1.8 23 13 2 6 51% 184758 2258 77%
c 2  0.76  0 32 5 473  1 5278  998 1.8 22 13 10 14 45% 184758 2238 76%
c d  0.77  0 32 5 473  1 5278  995 1.8 22 13 10 14 45% 184715 2229 76%
c k  0.77  0 32 5 473  1 5278  995 1.8 22 13 10 14 45% 184715 2222 75%
c 2  0.77  0 32 5 473  1 5278  994 1.8 22 13 10 14 45% 184715 2222 75%
c I  0.83  0 29 5 474  1 6005 1582 1.7 22 13 10 14 40% 184714 2222 75%
c 
c  seconds  reduction conflicts       size   tier2        variables
c         MB    restarts   redundant     glue    trail         remaining
c          level     rate       size/glue  tier1   irredundant
c 
c -  0.91  0 24 6 474  1 7104 1025 1.7 20 12 7 14 35% 184700 2222 75%
c 2  0.96  0 23 6 475  1 7883 1541 1.6 19 12 7 14 33% 184696 2218 75%
c ]  1.08  0 22 6 476  1 8942 2268 1.6 19 12 7 14 11% 184696 2218 75%
c {  1.08  0 85 6 476  9 8942 2268 1.4 17 12 2 6 23% 184696 2218 75%
c -  1.18  0 71 7 514  7 9774 2684 1.5 17 12 3 16 19% 184696 2218 75%
c #  1.20  0 68 7 518  7 10007 2892 1.5 17 12 3 16 19% 184696 2218 75%
c 2  1.24  0 62 7 523  6 10582 3321 1.5 18 12 3 16 18% 184696 2214 75%
c s  1.33  0 51 7 536  5 12009 3931 1.5 16 11 3 16 15% 184650 2214 75%
c t  1.33  0 51 7 536  5 12009 3929 1.5 16 11 3 16 15% 184629 2214 75%
c e  1.36  0 51 7 536  5 12009 3619 1.5 16 11 3 16 15% 181044 282 10%
c s  1.37  0 51 7 536  5 12009 3619 1.5 16 11 3 16 15% 181043 282 10%
c -  1.45  0 46 8 568  5 12904 3876 1.5 16 11 3 16 14% 181043 282 10%
c 2  1.48  0 44 8 575  4 13368 4155 1.5 16 11 4 12 14% 181043 282 10%
c u  1.50  0 44 8 575  4 13368 4147 1.5 16 11 4 12 14% 181041 282 10%
c v  1.50  0 44 8 575  4 13368 4142 1.5 16 11 4 12 14% 181041 282 10%
c w  1.50  0 44 8 575  4 13368 4142 1.5 16 11 4 12 14% 181041 282 10%
c x  1.51  0 44 8 575  4 13368 4142 1.5 16 11 4 12 14% 181038 282 10%
c B  1.63  0 39 8 633  4 15010 5412 1.5 16 11 4 12 26% 181038 282 10%
c -  1.76  0 36 9 749  3 16475 4703 1.5 17 11 4 12 28% 181038 282 10%
c }  1.90  0 33 9 813  3 18321 6078 1.6 17 11 4 12 28% 181047 282 10%
c 
c  seconds  reductions conflicts       size   tier2        variables
c         MB    restarts    redundant     glue    trail        remaining
c          level     rate        size/glue  tier1   irredundant
c 
c [  1.90  0 22 9 813  1 18321 6078 1.6 19 12 7 14 84% 181047 282 10%
c -  1.99  0 21 10 814  1 20512 5902 1.7 19 11 7 14 46% 181047 282 10%
c t  1.99  0 21 10 814  1 20512 5902 1.7 19 11 7 14 46% 181046 282 10%
c B  2.03  0 21 10 814  1 21011 6349 1.6 19 12 7 14 44% 181046 282 10%
c -  2.23  0 23 11 815  1 25015 5890 1.5 20 13 7 13 41% 181046 282 10%
c W  2.50  0 22 11 818  1 28013 8430 1.6 20 13 7 13 40% 181046 282 10%
c -  2.60  0 22 12 819  1 29988 6089 1.6 20 13 7 13 39% 181046 282 10%
c u  2.62  0 22 12 819  1 29988 6080 1.6 20 13 7 13 39% 181046 282 10%
c v  2.63  0 22 12 819  1 29988 6073 1.6 20 13 7 13 39% 181046 282 10%
c w  2.63  0 22 12 819  1 29988 6071 1.6 20 13 7 13 39% 181046 282 10%
c x  2.64  0 22 12 819  1 29988 6071 1.6 20 13 7 13 39% 181046 282 10%
c ]  2.65  0 22 12 819  1 30103 6154 1.6 20 13 7 13 39% 181046 282 10%
c {  2.65  0 33 12 819  3 30103 6154 1.6 17 11 4 12 28% 181046 282 10%
c -  3.13  0 28 13 1325  3 35432 7337 1.6 17 11 4 12 28% 181046 282 10%
c p  3.13  0 28 13 1325  3 35432 7347 1.6 17 11 4 12 28% 181046 282 10%
c W  3.30  0 27 13 1379  3 36015 7784 1.6 17 11 4 12 28% 181048 282 10%
c -  3.70  0 25 14 2115  2 41349 9122 1.5 17 11 6 12 29% 181048 282 10%
c p  3.71  0 25 14 2115  2 41349 9133 1.5 17 11 6 12 29% 181048 282 10%
c u  3.73  0 25 14 2115  2 41349 9120 1.5 17 11 6 12 29% 181048 282 10%
c v  3.73  0 25 14 2115  2 41349 9118 1.5 17 11 6 12 29% 181048 282 10%
c 
c  seconds  reductions   conflicts       size   tier2        variables
c         MB     restarts     redundant     glue    trail        remaining
c          level       rate        size/glue  tier1   irredundant
c 
c w  3.73  0 25 14 2115  2 41349 9118 1.5 17 11 6 12 29% 181048 282 10%
c x  3.74  0 25 14 2115  2 41349 9118 1.5 17 11 6 12 29% 181046 282 10%
c }  3.93  0 24 14 2214  2 44590 11774 1.6 17 11 6 12 30% 181046 282 10%
c [  3.93  0 22 14 2214  1 44590 11774 1.6 20 13 7 13 39% 181046 282 10%
c O  3.94  0 22 14 2215  1 45016 12129 1.6 20 13 7 13 39% 181046 282 10%
c -  4.09  0 21 15 2216  1 47746 11483 1.6 20 13 7 13 38% 181046 282 10%
c s  4.19  0 21 15 2217  1 49315 12612 1.6 21 13 7 13 38% 181004 282 10%
c s  4.22  0 21 15 2217  1 49315 12604 1.6 21 13 7 13 38% 180955 282 10%
c -  4.52  0 21 16 2218  1 54616 11142 1.5 21 14 7 13 36% 180955 282 10%
c p  4.53  0 21 16 2218  1 54616 11147 1.5 21 14 7 13 36% 180955 282 10%
c B  4.55  0 21 16 2218  1 55021 11430 1.5 21 14 7 13 35% 180955 282 10%
c -  4.88  0 21 17 2220  1 61963 11398 1.5 20 14 7 13 34% 180955 282 10%
c p  4.88  0 21 17 2220  1 61963 11408 1.5 20 14 7 13 34% 180955 282 10%
c u  4.90  0 21 17 2220  1 61963 11375 1.5 20 14 7 13 34% 180955 282 10%
c v  4.91  0 21 17 2220  1 61963 11375 1.5 20 14 7 13 34% 180955 282 10%
c w  4.91  0 21 17 2220  1 61963 11375 1.5 20 14 7 13 34% 180955 282 10%
c x  4.92  0 21 17 2220  1 61963 11375 1.5 20 14 7 13 34% 180955 282 10%
c t  4.93  0 21 17 2220  1 61963 11374 1.5 20 14 7 13 34% 180955 282 10%
c ]  5.00  0 20 17 2221  1 63374 12592 1.5 20 13 7 13 35% 180955 282 10%
c {  5.00  0 24 17 2221  2 63374 12592 1.6 17 11 6 12 30% 180955 282 10%
c 
c  seconds  reductions   conflicts        size   tier2        variables
c         MB     restarts      redundant     glue    trail        remaining
c          level       rate         size/glue  tier1   irredundant
c 
c F  5.21  0 24 17 2674  2 66022 14458 1.6 18 11 6 12 30% 180955 282 10%
c -  5.47  0 23 18 2898  2 69788 13415 1.6 18 11 6 12 31% 180955 282 10%
c p  5.47  0 23 18 2898  2 69788 13419 1.6 18 11 6 12 31% 180955 282 10%
c B  6.01  0 21 18 3237  2 78023 19572 1.6 18 11 7 12 31% 180955 282 10%
c -  6.04  0 21 19 3238  2 78094 17484 1.6 18 11 7 12 31% 180955 282 10%
c p  6.04  0 21 19 3238  2 78094 17497 1.6 18 11 7 12 31% 180955 282 10%
c u  6.06  0 21 19 3238  2 78094 17483 1.6 18 11 7 12 31% 180955 282 10%
c v  6.07  0 21 19 3238  2 78094 17483 1.6 18 11 7 12 31% 180955 282 10%
c w  6.07  0 21 19 3238  2 78094 17483 1.6 18 11 7 12 31% 180955 282 10%
c x  6.08  0 21 19 3238  2 78094 17483 1.6 18 11 7 12 31% 180951 282 10%
c -  6.58  0 20 20 3714  2 86881 20076 1.7 18 11 7 12 30% 180951 282 10%
c p  6.59  0 20 20 3714  2 86881 20079 1.7 18 11 7 12 30% 180951 282 10%
c }  6.84  0 19 20 4069  2 90918 22798 1.7 18 11 7 12 30% 180951 282 10%
c [  6.84  0 20 20 4069  1 90918 22798 1.5 20 13 7 13 35% 180951 282 10%
c W  7.08  0 20 20 4069  1 91025 22872 1.5 20 13 7 13 35% 180951 282 10%
c -  7.35  0 20 21 4072  1 96146 21519 1.5 20 14 7 13 34% 180951 282 10%
c p  7.35  0 20 21 4072  1 96146 21528 1.5 20 14 7 13 34% 180951 282 10%
c u  7.37  0 20 21 4072  1 96146 21497 1.5 20 14 7 13 34% 180951 282 10%
c v  7.38  0 20 21 4072  1 96146 21496 1.5 20 14 7 13 34% 180951 282 10%
c w  7.38  0 20 21 4072  1 96146 21492 1.5 20 14 7 13 34% 180951 282 10%
c 
c  seconds  reductions   conflicts        size   tier2        variables
c         MB     restarts      redundant     glue    trail        remaining
c          level       rate         size/glue  tier1   irredundant
c 
c x  7.39  0 20 21 4072  1 96146 21492 1.5 20 14 7 13 34% 180951 282 10%
c I  7.83  0 19 21 4076  1 105028 26938 1.5 20 13 7 13 32% 180951 282 10%
c s  7.87  0 19 21 4077  1 105271 27105 1.5 20 13 7 13 32% 180841 282 10%
c s  7.90  0 19 21 4077  1 105271 27096 1.5 20 13 7 13 32% 180822 282 10%
c -  7.98  0 19 22 4077  1 105894 22400 1.5 20 14 7 13 32% 180822 282 10%
c p  7.99  0 19 22 4077  1 105894 22403 1.5 20 14 7 13 32% 180822 282 10%
c -  8.49  0 20 23 4081  1 116122 23625 1.5 20 14 7 13 32% 180822 282 10%
c p  8.49  0 20 23 4081  1 116122 23634 1.5 20 14 7 13 32% 180822 282 10%
c u  8.52  0 20 23 4081  1 116122 23618 1.5 20 14 7 13 32% 180822 282 10%
c v  8.53  0 20 23 4081  1 116122 23616 1.5 20 14 7 13 32% 180822 282 10%
c w  8.53  0 20 23 4081  1 116122 23615 1.5 20 14 7 13 32% 180822 282 10%
c x  8.55  0 20 23 4081  1 116122 23615 1.5 20 14 7 13 32% 180820 282 10%
c ]  8.76  0 20 23 4081  1 119794 25968 1.4 20 14 7 13 32% 180820 282 10%
c {  8.76  0 19 23 4081  2 119794 25968 1.7 18 11 7 12 30% 180820 282 10%
c W  8.90  0 19 23 4131  2 120030 26146 1.6 18 11 7 12 30% 180820 282 10%
c -  9.45  0 19 24 4837  2 126833 24954 1.6 18 11 7 12 29% 180820 282 10%
c p  9.46  0 19 24 4837  2 126833 24957 1.6 18 11 7 12 29% 180820 282 10%
c # 10.09  0 18 24 5129  2 136031 31547 1.7 18 11 7 12 30% 180820 282 10%
c - 10.38  0 18 25 5579  2 138026 27910 1.7 18 11 7 11 30% 180820 282 10%
c p 10.38  0 18 25 5579  2 138026 27920 1.7 18 11 7 11 30% 180820 282 10%
c 
c  seconds  reductions   conflicts         size   tier2        variables
c         MB     restarts       redundant     glue    trail        remaining
c          level       rate          size/glue  tier1   irredundant
c 
c u 10.41  0 18 25 5579  2 138026 27908 1.7 18 11 7 11 30% 180820 282 10%
c v 10.42  0 18 25 5579  2 138026 27903 1.7 18 11 7 11 30% 180820 282 10%
c w 10.43  0 18 25 5579  2 138026 27901 1.7 18 11 7 11 30% 180820 282 10%
c x 10.45  0 18 25 5579  2 138026 27901 1.7 18 11 7 11 30% 180819 282 10%
c - 11.22  0 18 26 6348  2 149704 31875 1.7 18 11 7 11 29% 180819 282 10%
c p 11.23  0 18 26 6348  2 149704 31876 1.7 18 11 7 11 29% 180819 282 10%
c } 11.59  0 17 26 6756  2 152717 34015 1.7 18 11 7 11 29% 180819 282 10%
c [ 11.59  0 20 26 6756  1 152717 34015 1.4 20 14 7 13 32% 180819 282 10%
c B 11.62  0 20 26 6756  1 153033 34211 1.4 20 14 7 13 32% 180819 282 10%
c - 12.16  0 19 27 6757  1 161864 33368 1.4 20 14 7 13 31% 180819 282 10%
c p 12.16  0 19 27 6757  1 161864 33378 1.4 20 14 7 13 31% 180819 282 10%
c u 12.20  0 19 27 6757  1 161864 33348 1.4 20 14 7 13 31% 180819 282 10%
c v 12.21  0 19 27 6757  1 161864 33344 1.4 20 14 7 13 31% 180819 282 10%
c w 12.21  0 19 27 6757  1 161864 33343 1.4 20 14 7 13 31% 180819 282 10%
c x 12.23  0 19 27 6757  1 161864 33343 1.4 20 14 7 13 31% 180816 282 10%
c W 13.00  0 18 27 6757  1 171038 38975 1.4 19 14 7 13 31% 180816 282 10%
c - 13.21  0 18 28 6760  1 174509 33957 1.4 19 13 7 13 31% 180816 282 10%
c p 13.22  0 18 28 6760  1 174509 33965 1.4 19 13 7 13 31% 180816 282 10%
c s 13.51  0 18 28 6763  1 179869 37540 1.4 19 13 7 13 31% 180772 282 10%
c s 13.55  0 18 28 6763  1 179869 37537 1.4 19 13 7 13 31% 180752 282 10%
c 
c  seconds  reductions   conflicts         size   tier2        variables
c         MB     restarts       redundant     glue    trail        remaining
c          level       rate          size/glue  tier1   irredundant
c 
c - 13.99  0 18 29 6767  1 187639 35670 1.4 19 13 7 13 31% 180752 282 10%
c p 13.99  0 18 29 6767  1 187639 35673 1.4 19 13 7 13 31% 180752 282 10%
c u 14.02  0 18 29 6767  1 187639 35662 1.4 19 13 7 13 31% 180752 282 10%
c v 14.04  0 18 29 6767  1 187639 35659 1.4 19 13 7 13 31% 180752 282 10%
c w 14.04  0 18 29 6767  1 187639 35659 1.4 19 13 7 13 31% 180752 282 10%
c x 14.06  0 18 29 6767  1 187639 35659 1.4 19 13 7 13 31% 180750 282 10%
c ] 14.20  0 18 29 6769  1 190039 37479 1.4 19 13 7 13 31% 180750 282 10%
c { 14.20  0 17 29 6769  2 190039 37479 1.7 18 11 7 11 29% 180750 282 10%
c B 14.20  0 17 29 6769  2 190040 37480 1.7 18 11 7 11 29% 180750 282 10%
c - 15.44  0 17 30 8168  2 201252 38096 1.6 18 11 7 11 29% 180750 282 10%
c p 15.45  0 17 30 8168  2 201252 38106 1.6 18 11 7 11 29% 180750 282 10%
c u 15.48  0 17 30 8168  2 201252 38075 1.6 18 11 7 11 29% 180750 282 10%
c v 15.48  0 17 30 8168  2 201252 38073 1.6 18 11 7 11 29% 180750 282 10%
c w 15.49  0 17 30 8168  2 201252 38071 1.6 18 11 7 11 29% 180750 282 10%
c x 15.50  0 17 30 8168  2 201252 38071 1.6 18 11 7 11 29% 180744 282 10%
c W 16.43  0 17 30 8875  2 210043 44195 1.6 18 11 6 11 29% 180744 282 10%
c - 17.06  0 17 31 9623  2 215350 36653 1.6 18 11 6 11 29% 180744 282 10%
c p 17.06  0 17 31 9623  2 215350 36661 1.6 18 11 6 11 29% 180744 282 10%
c u 17.27  0 17 31 9623  2 215350 36619 1.6 18 11 6 11 29% 180744 282 10%
c v 17.28  0 17 31 9623  2 215350 36617 1.6 18 11 6 11 29% 180744 282 10%
c 
c  seconds  reductions   conflicts         size   tier2        variables
c         MB     restarts       redundant     glue    trail        remaining
c          level       rate          size/glue  tier1   irredundant
c 
c w 17.28  0 17 31 9623  2 215350 36617 1.6 18 11 6 11 29% 180744 282 10%
c x 17.29  0 17 31 9623  2 215350 36617 1.6 18 11 6 11 29% 180743 282 10%
c } 18.01  0 17 31 10546  2 223615 41885 1.6 18 11 6 11 29% 180743 282 10%
c [ 18.01  0 18 31 10546  1 223615 41885 1.4 19 13 7 13 31% 180743 282 10%
c - 18.43  0 18 32 10548  1 229935 36649 1.4 19 13 7 13 30% 180743 282 10%
c p 18.43  0 18 32 10548  1 229935 36659 1.4 19 13 7 13 30% 180743 282 10%
c u 18.46  0 18 32 10548  1 229935 36589 1.4 19 13 7 13 30% 180743 282 10%
c v 18.46  0 18 32 10548  1 229935 36589 1.4 19 13 7 13 30% 180743 282 10%
c w 18.47  0 18 32 10548  1 229935 36588 1.4 19 13 7 13 30% 180743 282 10%
c x 18.48  0 18 32 10548  1 229935 36588 1.4 19 13 7 13 30% 180741 282 10%
c O 18.54  0 18 32 10549  1 231044 37343 1.4 19 13 7 13 30% 180741 282 10%
c - 19.41  0 18 33 10555  1 245003 35813 1.4 19 13 7 13 30% 180741 282 10%
c p 19.42  0 18 33 10555  1 245003 35822 1.4 19 13 7 13 30% 180741 282 10%
c u 19.45  0 18 33 10555  1 245003 35781 1.4 19 13 7 13 30% 180741 282 10%
c v 19.46  0 18 33 10555  1 245003 35775 1.4 19 13 7 13 30% 180741 282 10%
c w 19.47  0 18 33 10555  1 245003 35774 1.4 19 13 7 13 30% 180741 282 10%
c B 19.99  0 17 33 10558  1 253045 41284 1.4 19 13 7 13 30% 180741 282 10%
c - 20.44  0 17 34 10563  1 260558 36813 1.4 19 13 7 13 30% 180741 282 10%
c p 20.45  0 17 34 10563  1 260558 36823 1.4 19 13 7 13 30% 180741 282 10%
c u 20.47  0 17 34 10563  1 260558 36796 1.4 19 13 7 13 30% 180741 282 10%
c 
c  seconds  reductions    conflicts         size   tier2        variables
c         MB      restarts       redundant     glue    trail        remaining
c          level        rate          size/glue  tier1   irredundant
c 
c v 20.47  0 17 34 10563  1 260558 36784 1.4 19 13 7 13 30% 180741 282 10%
c w 20.48  0 17 34 10563  1 260558 36780 1.4 19 13 7 13 30% 180741 282 10%
c x 20.49  0 17 34 10563  1 260558 36780 1.4 19 13 7 13 30% 180737 282 10%
c ] 21.10  0 17 34 10564  1 269899 43282 1.4 19 13 7 13 30% 180737 282 10%
c { 21.10  0 17 34 10564  2 269899 43282 1.6 18 11 6 11 29% 180737 282 10%
c s 21.44  0 17 34 10763  2 273111 45258 1.6 17 11 6 11 29% 180720 282 10%
c e 21.46  0 17 34 10763  2 273111 45205 1.6 17 11 6 11 29% 180720 281 10%
c s 21.48  0 17 34 10763  2 273111 45179 1.6 17 11 6 11 29% 180677 281 10%
c F 21.80  0 17 34 10968  2 276046 47475 1.6 17 11 6 11 29% 180677 281 10%
c - 21.89  0 17 35 11025  2 276600 41394 1.6 17 11 6 11 29% 180677 281 10%
c p 21.89  0 17 35 11025  2 276600 41404 1.6 17 11 6 11 29% 180677 281 10%
c u 21.92  0 17 35 11025  2 276600 41398 1.6 17 11 6 11 29% 180677 281 10%
c v 21.93  0 17 35 11025  2 276600 41394 1.6 17 11 6 11 29% 180677 281 10%
c w 21.94  0 17 35 11025  2 276600 41393 1.6 17 11 6 11 29% 180677 281 10%
c x 21.95  0 17 35 11025  2 276600 41392 1.6 17 11 6 11 29% 180676 281 10%
c - 23.69  0 17 36 12630  2 293126 44960 1.5 17 11 6 11 29% 180676 281 10%
c p 23.70  0 17 36 12630  2 293126 44969 1.5 17 11 6 11 29% 180676 281 10%
c u 23.74  0 17 36 12630  2 293126 44941 1.5 17 11 6 11 29% 180676 281 10%
c v 23.75  0 17 36 12630  2 293126 44937 1.5 17 11 6 11 29% 180676 281 10%
c w 23.75  0 17 36 12630  2 293126 44936 1.5 17 11 6 11 29% 180676 281 10%
c 
c  seconds  reductions    conflicts         size   tier2        variables
c         MB      restarts       redundant     glue    trail        remaining
c          level        rate          size/glue  tier1   irredundant
c 
c x 23.77  0 17 36 12630  2 293126 44936 1.5 17 11 6 11 29% 180671 281 10%
c B 24.41  0 16 36 13467  2 300048 49365 1.5 17 11 6 11 29% 180671 281 10%
c - 25.53  0 16 37 14695  2 310138 46009 1.5 18 11 6 11 29% 180671 281 10%
c p 25.54  0 16 37 14695  2 310138 46019 1.5 18 11 6 11 29% 180671 281 10%
c u 25.57  0 16 37 14695  2 310138 45992 1.5 18 11 6 11 29% 180671 281 10%
c v 25.58  0 16 37 14695  2 310138 45991 1.5 18 11 6 11 29% 180671 281 10%
c w 25.59  0 16 37 14695  2 310138 45986 1.5 18 11 6 11 29% 180671 281 10%
c x 25.60  0 16 37 14695  2 310138 45986 1.5 18 11 6 11 29% 180665 281 10%
c } 26.06  0 16 37 15087  2 314214 48840 1.5 18 11 6 11 29% 180665 281 10%
c [ 26.06  0 17 37 15087  1 314214 48840 1.4 19 13 7 13 30% 180665 281 10%
c W 27.34  0 17 37 15088  1 325050 55935 1.4 19 13 7 13 30% 180665 281 10%
c - 27.50  0 17 38 15088  1 327636 47428 1.4 19 13 7 13 30% 180665 281 10%
c p 27.51  0 17 38 15088  1 327636 47438 1.4 19 13 7 13 30% 180665 281 10%
c u 27.54  0 17 38 15088  1 327636 47424 1.4 19 13 7 13 30% 180665 281 10%
c v 27.55  0 17 38 15088  1 327636 47419 1.4 19 13 7 13 30% 180665 281 10%
c w 27.55  0 17 38 15088  1 327636 47417 1.4 19 13 7 13 30% 180665 281 10%
c x 27.57  0 17 38 15088  1 327636 47417 1.4 19 13 7 13 30% 180663 281 10%
c - 28.79  0 17 39 15089  1 345623 47237 1.4 18 13 7 13 29% 180663 281 10%
c p 28.80  0 17 39 15089  1 345623 47246 1.4 18 13 7 13 29% 180663 281 10%
c u 29.02  0 17 39 15089  1 345623 47225 1.4 18 13 7 13 29% 180663 281 10%
c 
c  seconds  reductions    conflicts         size   tier2        variables
c         MB      restarts       redundant     glue    trail        remaining
c          level        rate          size/glue  tier1   irredundant
c 
c v 29.03  0 17 39 15089  1 345623 47221 1.4 18 13 7 13 29% 180663 281 10%
c w 29.03  0 17 39 15089  1 345623 47217 1.4 18 13 7 13 29% 180663 281 10%
c x 29.04  0 17 39 15089  1 345623 47217 1.4 18 13 7 13 29% 180660 281 10%
c I 29.40  0 16 39 15089  1 351052 50424 1.4 18 13 7 13 29% 180660 281 10%
c - 30.21  0 16 40 15089  1 364095 48227 1.4 18 13 7 13 29% 180660 281 10%
c p 30.22  0 16 40 15089  1 364095 48237 1.4 18 13 7 13 29% 180660 281 10%
c u 30.25  0 16 40 15089  1 364095 48189 1.4 18 13 7 13 29% 180660 281 10%
c v 30.26  0 16 40 15089  1 364095 48186 1.4 18 13 7 13 29% 180660 281 10%
c w 30.26  0 16 40 15089  1 364095 48174 1.4 18 13 7 13 29% 180660 281 10%
c x 30.27  0 16 40 15089  1 364095 48170 1.4 18 13 7 13 29% 180651 281 10%
c ] 30.92  0 16 40 15095  1 374288 54833 1.4 18 13 7 13 29% 180651 281 10%
c { 30.92  0 16 40 15095  2 374288 54833 1.5 18 11 6 11 29% 180651 281 10%
c W 31.42  0 16 40 15371  2 378054 57104 1.5 17 12 6 11 29% 180651 281 10%
c - 32.13  0 16 41 15978  2 383055 49080 1.5 17 12 6 11 29% 180651 281 10%
c p 32.14  0 16 41 15978  2 383055 49090 1.5 17 12 6 11 29% 180651 281 10%
c u 32.17  0 16 41 15978  2 383055 49066 1.5 17 12 6 11 29% 180651 281 10%
c v 32.18  0 16 41 15978  2 383055 49064 1.5 17 12 6 11 29% 180651 281 10%
c w 32.18  0 16 41 15978  2 383055 49060 1.5 17 12 6 11 29% 180651 281 10%
c x 32.20  0 16 41 15978  2 383055 49060 1.5 17 12 6 11 29% 180649 281 10%
c s 32.41  0 16 41 16102  2 385055 50314 1.5 17 12 6 11 29% 180543 281 10%
c 
c  seconds  reductions    conflicts         size   tier2        variables
c         MB      restarts       redundant     glue    trail        remaining
c          level        rate          size/glue  tier1   irredundant
c 
c s 32.46  0 16 41 16102  2 385055 50288 1.5 17 12 6 11 29% 180470 281 10%
c - 34.10  0 16 42 17107  1 402500 46158 1.5 17 12 5 11 29% 180470 281 10%
c p 34.11  0 16 42 17107  1 402500 46168 1.5 17 12 5 11 29% 180470 281 10%
c u 34.15  0 16 42 17107  1 402500 46140 1.5 17 12 5 11 29% 180470 281 10%
c v 34.16  0 16 42 17107  1 402500 46139 1.5 17 12 5 11 29% 180470 281 10%
c w 34.17  0 16 42 17107  1 402500 46138 1.5 17 12 5 11 29% 180470 281 10%
c x 34.18  0 16 42 17107  1 402500 46138 1.5 17 12 5 11 29% 180469 281 10%
c # 34.51  0 16 42 17292  1 406055 48766 1.5 17 11 5 11 29% 180469 281 10%
c - 35.64  0 15 43 17434  1 422428 49722 1.5 17 11 5 11 28% 180469 281 10%
c p 35.64  0 15 43 17434  1 422428 49730 1.5 17 11 5 11 28% 180469 281 10%
c u 35.68  0 15 43 17434  1 422428 49692 1.5 17 11 5 11 28% 180469 281 10%
c v 35.69  0 15 43 17434  1 422428 49682 1.5 17 11 5 11 28% 180469 281 10%
c w 35.69  0 15 43 17434  1 422428 49678 1.5 17 11 5 11 28% 180469 281 10%
c x 35.71  0 15 43 17434  1 422428 49675 1.5 17 11 5 11 28% 180465 281 10%
c B 36.81  0 15 43 18119  1 435056 58208 1.5 17 11 5 11 28% 180465 281 10%
c } 37.03  0 15 43 18295  1 437828 60132 1.5 17 11 5 11 28% 180465 281 10%
c [ 37.03  0 16 43 18295  1 437828 60132 1.4 18 13 7 13 29% 180465 281 10%
c - 37.41  0 16 44 18297  1 442843 52144 1.4 18 13 7 13 29% 180465 281 10%
c p 37.42  0 16 44 18297  1 442843 52153 1.4 18 13 7 13 29% 180465 281 10%
c u 37.45  0 16 44 18297  1 442843 52122 1.4 18 13 7 13 29% 180465 281 10%
c 
c  seconds  reductions    conflicts         size   tier2        variables
c         MB      restarts       redundant     glue    trail        remaining
c          level        rate          size/glue  tier1   irredundant
c 
c v 37.46  0 16 44 18297  1 442843 52114 1.4 18 13 7 13 29% 180465 281 10%
c w 37.47  0 16 44 18297  1 442843 52113 1.4 18 13 7 13 29% 180465 281 10%
c x 37.48  0 16 44 18297  1 442843 52112 1.4 18 13 7 13 29% 180457 281 10%
c - 38.81  0 16 45 18305  1 463744 51186 1.4 18 13 7 13 29% 180457 281 10%
c p 38.82  0 16 45 18305  1 463744 51195 1.4 18 13 7 13 29% 180457 281 10%
c u 38.85  0 16 45 18305  1 463744 51144 1.4 18 13 7 13 29% 180457 281 10%
c v 38.86  0 16 45 18305  1 463744 51137 1.4 18 13 7 13 29% 180457 281 10%
c w 38.86  0 16 45 18305  1 463744 51136 1.4 18 13 7 13 29% 180457 281 10%
c x 38.88  0 16 45 18305  1 463744 51136 1.4 18 13 7 13 29% 180454 281 10%
c B 39.00  0 16 45 18306  1 465059 52003 1.4 18 13 7 13 29% 180454 281 10%
c - 40.39  0 15 46 18318  1 485132 51452 1.4 18 12 7 13 29% 180454 281 10%
c p 40.40  0 15 46 18318  1 485132 51462 1.4 18 12 7 13 29% 180454 281 10%
c u 40.44  0 15 46 18318  1 485132 51424 1.4 18 12 7 13 29% 180454 281 10%
c v 40.45  0 15 46 18318  1 485132 51424 1.4 18 12 7 13 29% 180454 281 10%
c w 40.46  0 15 46 18318  1 485132 51423 1.4 18 12 7 13 29% 180454 281 10%
c x 40.47  0 15 46 18318  1 485132 51423 1.4 18 12 7 13 29% 180447 281 10%
c W 41.70  0 15 46 18319  1 496060 58165 1.4 18 12 7 13 28% 180447 281 10%
c - 42.30  0 15 47 18320  1 507007 50300 1.4 18 13 7 13 28% 180447 281 10%
c p 42.31  0 15 47 18320  1 507007 50308 1.4 18 13 7 13 28% 180447 281 10%
c u 42.34  0 15 47 18320  1 507007 50279 1.4 18 13 7 13 28% 180447 281 10%
c 
c  seconds  reductions    conflicts         size   tier2        variables
c         MB      restarts       redundant     glue    trail        remaining
c          level        rate          size/glue  tier1   irredundant
c 
c v 42.35  0 15 47 18320  1 507007 50277 1.4 18 13 7 13 28% 180447 281 10%
c w 42.36  0 15 47 18320  1 507007 50277 1.4 18 13 7 13 28% 180447 281 10%
c x 42.37  0 15 47 18320  1 507007 50276 1.4 18 13 7 13 28% 180441 281 10%
c ] 42.71  0 15 47 18320  1 512441 53306 1.4 18 13 7 13 28% 180441 281 10%
c { 42.71  0 15 47 18320  1 512441 53306 1.5 17 11 5 11 28% 180441 281 10%
c s 43.12  0 15 47 18647  1 515634 55011 1.5 17 11 5 11 28% 180177 281 10%
c s 43.18  0 15 47 18647  1 515634 55000 1.5 17 11 5 11 28% 180069 281 10%
c W 44.69  0 15 47 19275  1 528061 62754 1.5 17 11 5 11 28% 180069 281 10%
c - 44.81  0 15 48 19349  1 529371 48771 1.5 17 11 5 10 28% 180069 281 10%
c p 44.82  0 15 48 19349  1 529371 48781 1.5 17 11 5 10 28% 180069 281 10%
c u 44.98  0 15 48 19349  1 529371 48723 1.5 17 11 5 10 28% 180068 281 10%
c v 44.99  0 15 48 19349  1 529371 48720 1.5 17 11 5 10 28% 180068 281 10%
c w 45.00  0 15 48 19349  1 529371 48719 1.5 17 11 5 10 28% 180068 281 10%
c x 45.01  0 15 48 19349  1 529371 48713 1.5 17 11 5 10 28% 180057 281 10%
c - 47.03  0 15 49 20657  1 552207 53484 1.5 17 11 5 10 28% 180057 281 10%
c p 47.04  0 15 49 20657  1 552207 53492 1.5 17 11 5 10 28% 180057 281 10%
c u 47.07  0 15 49 20657  1 552207 53424 1.5 17 11 5 10 28% 180057 281 10%
c v 47.08  0 15 49 20657  1 552207 53422 1.5 17 11 5 10 28% 180057 281 10%
c w 47.09  0 15 49 20657  1 552207 53422 1.5 17 11 5 10 28% 180057 281 10%
c x 47.11  0 15 49 20657  1 552207 53420 1.5 17 11 5 10 28% 180043 281 10%
c 
c  seconds  reductions    conflicts         size   tier2        variables
c         MB      restarts       redundant     glue    trail        remaining
c          level        rate          size/glue  tier1   irredundant
c 
c F 47.94  0 14 49 20999  1 561062 58891 1.5 16 11 5 10 28% 180043 281 10%
c - 49.11  0 14 50 21637  1 575530 57221 1.5 16 11 5 10 28% 180043 281 10%
c p 49.11  0 14 50 21637  1 575530 57231 1.5 16 11 5 10 28% 180043 281 10%
c u 49.15  0 14 50 21637  1 575530 57180 1.5 16 11 5 10 28% 180043 281 10%
c v 49.16  0 14 50 21637  1 575530 57170 1.5 16 11 5 10 28% 180043 281 10%
c w 49.16  0 14 50 21637  1 575530 57158 1.5 16 11 5 10 28% 180043 281 10%
c x 49.18  0 14 50 21637  1 575530 57154 1.5 16 11 5 10 28% 180036 281 10%
c } 50.02  0 14 50 22231  1 586538 64346 1.5 16 11 5 10 27% 180036 281 10%
c [ 50.02  0 15 50 22231  1 586538 64346 1.4 18 13 7 13 28% 180036 281 10%
c O 50.46  0 15 50 22237  1 595064 69336 1.4 18 13 6 13 28% 180036 281 10%
c - 50.78  0 15 51 22238  1 599339 57688 1.4 18 13 6 13 28% 180036 281 10%
c p 50.79  0 15 51 22238  1 599339 57697 1.4 18 13 6 13 28% 180036 281 10%
c u 50.83  0 15 51 22238  1 599339 57678 1.4 18 13 6 13 28% 180036 281 10%
c v 50.84  0 15 51 22238  1 599339 57673 1.4 18 13 6 13 28% 180036 281 10%
c w 50.84  0 15 51 22238  1 599339 57666 1.4 18 13 6 13 28% 180036 281 10%
c x 50.86  0 15 51 22238  1 599339 57665 1.4 18 13 6 13 28% 180029 281 10%
c - 52.41  0 15 52 22248  1 623639 56885 1.4 17 12 6 13 28% 180029 281 10%
c p 52.41  0 15 52 22248  1 623639 56895 1.4 17 12 6 13 28% 180029 281 10%
c u 52.45  0 15 52 22248  1 623639 56851 1.4 17 12 6 13 28% 180029 281 10%
c v 52.46  0 15 52 22248  1 623639 56846 1.4 17 12 6 13 28% 180029 281 10%
c 
c  seconds  reductions    conflicts         size   tier2        variables
c         MB      restarts       redundant     glue    trail        remaining
c          level        rate          size/glue  tier1   irredundant
c 
c w 52.46  0 15 52 22248  1 623639 56846 1.4 17 12 6 13 28% 180029 281 10%
c x 52.48  0 15 52 22248  1 623639 56846 1.4 17 12 6 13 28% 180014 281 10%
c B 52.93  0 15 52 22253  1 630066 60851 1.4 17 12 6 13 27% 180014 281 10%
c - 54.02  0 15 53 22261  1 648421 56878 1.4 17 12 6 13 27% 180014 281 10%
c p 54.03  0 15 53 22261  1 648421 56887 1.4 17 12 6 13 27% 180014 281 10%
c u 54.06  0 15 53 22261  1 648421 56841 1.4 17 12 6 13 27% 180014 281 10%
c v 54.07  0 15 53 22261  1 648421 56839 1.4 17 12 6 13 27% 180014 281 10%
c w 54.08  0 15 53 22261  1 648421 56836 1.4 17 12 6 13 27% 180014 281 10%
c x 54.09  0 15 53 22261  1 648421 56834 1.4 17 12 6 13 27% 180008 281 10%
c s 55.21  0 15 53 22262  1 664815 66262 1.4 17 12 6 12 27% 179817 281 10%
c s 55.28  0 15 53 22262  1 664815 66257 1.4 17 12 6 12 27% 179754 281 10%
c W 56.14  0 15 53 22262  1 666067 66987 1.4 17 12 6 12 27% 179754 281 10%
c - 56.58  0 15 54 22263  1 673691 58302 1.4 17 12 6 12 27% 179754 281 10%
c p 56.58  0 15 54 22263  1 673691 58311 1.4 17 12 6 12 27% 179754 281 10%
c u 56.61  0 15 54 22263  1 673691 58283 1.4 17 12 6 12 27% 179754 281 10%
c v 56.63  0 15 54 22263  1 673691 58275 1.4 17 12 6 12 27% 179754 281 10%
c w 56.64  0 15 54 22263  1 673691 58259 1.4 17 12 6 12 27% 179754 281 10%
c x 56.65  0 15 54 22263  1 673691 58259 1.4 17 12 6 12 27% 179749 281 10%
c t 56.66  0 15 54 22263  1 673691 58259 1.4 17 12 6 12 27% 179748 281 10%
c ] 56.82  0 15 54 22263  1 676234 59815 1.4 17 12 6 12 27% 179748 281 10%
c 
c  seconds  reductions    conflicts         size   tier2        variables
c         MB      restarts       redundant     glue    trail        remaining
c          level        rate          size/glue  tier1   irredundant
c 
c { 56.82  0 14 54 22263  1 676234 59815 1.5 16 11 5 10 27% 179748 281 10%
c - 58.77  0 14 55 23056  1 699436 61824 1.5 16 11 5 10 27% 179748 281 10%
c p 58.78  0 14 55 23056  1 699436 61833 1.5 16 11 5 10 27% 179748 281 10%
c u 58.82  0 14 55 23056  1 699436 61759 1.5 16 11 5 10 27% 179748 281 10%
c v 58.83  0 14 55 23056  1 699436 61744 1.5 16 11 5 10 27% 179748 281 10%
c w 58.84  0 14 55 23056  1 699436 61444 1.5 16 11 5 10 27% 179748 281 10%
c x 58.86  0 14 55 23056  1 699436 61444 1.5 16 11 5 10 27% 179738 281 10%
c B 59.14  0 13 55 23056  1 703068 63267 1.5 16 11 5 10 27% 179738 281 10%
c - 60.94  0 13 56 23701  1 725669 65492 1.5 15 10 5 10 27% 179738 281 10%
c p 60.95  0 13 56 23701  1 725669 65500 1.5 15 10 5 10 27% 179738 281 10%
c u 60.99  0 13 56 23701  1 725669 65454 1.5 15 10 5 10 27% 179738 281 10%
c v 61.00  0 13 56 23701  1 725669 65433 1.5 15 10 5 10 27% 179738 281 10%
c w 61.01  0 13 56 23701  1 725669 65427 1.5 15 10 5 10 27% 179738 281 10%
c x 61.03  0 13 56 23701  1 725669 65426 1.5 15 10 5 10 27% 179706 281 10%
c t 61.03  0 13 56 23701  1 725669 65426 1.5 15 10 5 10 27% 179705 281 10%
c W 62.63  0 13 56 24548  1 741070 74280 1.5 15 10 5 9 26% 179705 281 10%
c - 63.53  0 13 57 24764  1 752388 65422 1.5 15 10 5 9 26% 179705 281 10%
c p 63.54  0 13 57 24764  1 752388 65432 1.5 15 10 5 9 26% 179705 281 10%
c u 63.58  0 13 57 24764  1 752388 65358 1.5 15 10 5 9 26% 179705 281 10%
c v 63.60  0 13 57 24764  1 752388 65316 1.5 15 10 5 9 26% 179705 281 10%
c 
c  seconds  reductions    conflicts         size   tier2       variables
c         MB      restarts       redundant     glue   trail        remaining
c          level        rate          size/glue  tier1  irredundant
c 
c w 63.60  0 13 57 24764  1 752388 65286 1.5 15 10 5 9 26% 179705 281 10%
c x 63.63  0 13 57 24764  1 752388 65276 1.5 15 10 5 9 26% 179626 281 10%
c } 65.25  0 12 57 25812  1 770184 75547 1.5 15 10 5 9 26% 179626 281 10%
c [ 65.25  0 15 57 25812  1 770184 75547 1.4 17 12 6 12 27% 179626 281 10%
c - 66.01  0 14 58 25812  1 779593 67594 1.4 17 12 6 12 26% 179626 281 10%
c p 66.03  0 14 58 25812  1 779593 67603 1.4 17 12 6 12 26% 179626 281 10%
c u 66.38  0 14 58 25812  1 779593 67543 1.4 17 12 6 12 26% 179626 281 10%
c v 66.39  0 14 58 25812  1 779593 67531 1.4 17 12 6 12 26% 179626 281 10%
c w 66.40  0 14 58 25812  1 779593 67529 1.4 17 12 6 12 26% 179626 281 10%
c x 66.42  0 14 58 25812  1 779593 67526 1.4 17 12 6 12 26% 179612 281 10%
c I 66.48  0 14 58 25812  1 780072 67826 1.4 17 12 6 12 26% 179612 281 10%
c - 68.16  0 13 59 25813  1 807281 68706 1.4 16 11 6 12 26% 179612 281 10%
c p 68.17  0 13 59 25813  1 807281 68713 1.4 16 11 6 12 26% 179612 281 10%
c u 68.21  0 13 59 25813  1 807281 68641 1.4 16 11 6 12 26% 179612 281 10%
c v 68.22  0 13 59 25813  1 807281 68619 1.4 16 11 6 12 26% 179612 281 10%
c w 68.23  0 13 59 25813  1 807281 68618 1.4 16 11 6 12 26% 179612 281 10%
c x 68.25  0 13 59 25813  1 807281 68618 1.4 16 11 6 12 26% 179599 281 10%
c B 69.14  0 13 59 25813  1 820073 75007 1.4 16 11 6 12 26% 179599 281 10%
c i 69.78  0 13 59 25813  1 829873 79911 1.4 15 11 6 12 26% 179599 280 10%
c s 70.05  0 13 59 25813  1 832598 81339 1.4 15 11 6 12 26% 178685 280 10%
c 
c  seconds  reductions    conflicts         size   tier2        variables
c         MB      restarts       redundant     glue    trail        remaining
c          level        rate          size/glue  tier1   irredundant
c 
c e 70.07  0 13 59 25813  1 832598 81306 1.4 15 11 6 12 26% 158253 278  9%
c s 70.12  0 13 59 25813  1 832598 81267 1.4 15 11 6 12 26% 157146 278  9%
c - 70.42  0 13 60 25813  1 835455 54242 1.4 15 11 6 12 26% 157146 278  9%
c 2 70.42  0 13 60 25813  1 835455 54240 1.4 15 11 6 12 26% 157146 278  9%
c p 70.43  0 13 60 25813  1 835455 54250 1.4 15 11 6 12 26% 157146 278  9%
c u 70.47  0 13 60 25813  1 835455 54039 1.4 15 11 6 12 26% 157146 278  9%
c v 70.49  0 13 60 25813  1 835455 54017 1.4 15 11 6 12 26% 157146 278  9%
c w 70.49  0 13 60 25813  1 835455 54008 1.4 15 11 6 12 26% 157146 278  9%
c x 70.52  0 13 60 25813  1 835455 54006 1.4 15 11 6 12 26% 157014 278  9%
c t 70.52  0 13 60 25813  1 835455 54005 1.4 15 11 6 12 26% 157014 278  9%
c i 71.12  0 12 60 25813  1 844732 58199 1.4 15 11 6 12 26% 157014 277  9%
c i 71.31  0 12 60 25813  1 847983 59568 1.4 15 10 6 12 26% 157014 276  9%
c i 71.40  0 12 60 25813  1 849216 60114 1.4 15 10 6 12 26% 157014 275  9%
c i 71.48  0 12 60 25813  1 850309 60672 1.4 15 10 6 12 26% 157014 274  9%
c i 71.51  0 12 60 25813  1 850669 60837 1.4 15 10 6 12 26% 157014 259  9%
c i 71.51  0 12 60 25813  1 850693 60844 1.4 15 10 6 12 26% 157014 238  8%
c i 71.51  0 12 60 25813  1 850694 60844 1.4 15 10 6 12 26% 157014 230  8%
c i 71.51  0 12 60 25813  1 850700 60845 1.4 15 10 6 12 26% 157014 225  8%
c i 71.51  0 12 60 25813  1 850701 60845 1.4 15 10 6 12 26% 157014 223  8%
c ] 71.51  0 12 60 25813  1 850704 60846 1.4 15 10 6 12 26% 157014 181  6%
c 
c  seconds  reductions    conflicts         size   tier2        variables
c         MB      restarts       redundant     glue    trail        remaining
c          level        rate          size/glue  tier1   irredundant
c 
c 0 71.51  0 12 60 25813  1 850704 60846 1.4 15 10 6 12 26% 157014 181  6%
c 
c --- [ closing proof ] ------------------------------------------------------
c 
c LRAT proof file '/Users/ivanspogreev/earth-moon/lean/data/a4_m13s/leaf4.lrat' closed
c LRAT 1076134 added clauses 50.76%
c LRAT 1043771 deleted clauses 49.24%
c LRAT 197134511 bytes (188.00 MB)
c 
c --- [ result ] -------------------------------------------------------------
c 
s UNSATISFIABLE
c 
c --- [ run-time profiling ] -------------------------------------------------
c 
c process time taken by individual solving procedures
c (percentage relative to process time for solving)
c 
c        66.39   93.01% search
c        34.32   48.08% unstable
c        28.26   39.58% stable
c         4.99    6.99% simplify
c         3.80    5.32% walk
c         2.48    3.48% vivify
c         1.14    1.59% sweep
c         0.46    0.64% subsume
c         0.33    0.47% elim
c         0.22    0.31% probe
c         0.13    0.18% parse
c         0.07    0.10% ternary
c         0.06    0.08% congruence
c         0.01    0.02% lucky
c         0.00    0.00% backbone
c   =================================
c        71.38   99.82% solve
c 
c last line shows process time for solving
c (percentage relative to total process time)
c 
c --- [ statistics ] ---------------------------------------------------------
c 
c chronological:             89557        10.53 %  of conflicts
c conflicts:                850704     11917.47    per second
c backbone:                  95656      3248.08 %  of vars
c decisions:               1037926     14540.25    per second
c eliminated:                 1863        63.26 %  of all variables
c fixed:                       890        30.22 %  of all variables
c learned:                  831030        97.69 %  per conflict
c learned_lits:           19744197       100.00 %  learned literals
c minimized:                     0         0.00 %  learned literals
c shrunken:                4453980        22.56 %  learned literals
c minishrunken:            1436494         7.28 %  learned literals
c otfs:                      11113         1.31 %  of conflict
c propagations:           12232209         0.17 M  per second
c reduced:                  448892        52.77 %  per conflict
c rephased:                     40     21267.60    interval
c restarts:                  25813        32.96    interval
c stabilizing:                  11        52.95 %  of conflicts
c substituted:                  10         0.34 %  of all variables
c subsumed:                 308397        30.17 %  of all clauses
c strengthened:              45674         4.47 %  of all clauses
c ticks:                6142200951       511.71    propagation
c vivified:                   5009         0.49 %  of all clauses
c walked:                       12     70892.00    interval
c weakened:                   4551         2.61    average size
c congruence:                   10     85070.40    interval
c 
c seconds are measured in process time for solving
c 
c --- [ glue usage ] ---------------------------------------------------------
c 
c focused glue 5 used 129648 clauses 8.816% accumulated 59.69% tier1
c focused glue 6 used 100666 clauses 6.845% accumulated 66.54%
c focused glue 7 used 82652 clauses 5.620% accumulated 72.16%
c focused glue 8 used 76968 clauses 5.233% accumulated 77.39%
c focused glue 9 used 70487 clauses 4.793% accumulated 82.19% tier2
c 
c stable glue 5 used 147296 clauses 7.379% accumulated 51.26% tier1
c stable glue 6 used 120706 clauses 6.047% accumulated 57.30%
c stable glue 7-9 used 327435 clauses 16.40% accumulated 73.71%
c stable glue 10 used 100126 clauses 5.016% accumulated 78.72%
c stable glue 11 used 92911 clauses 4.654% accumulated 83.38% tier2
c 
c 
c --- [ resources ] ----------------------------------------------------------
c 
c total process time since initialization:        71.51    seconds
c total real time since initialization:           71.99    seconds
c maximum resident set size of process:          472.48    MB
c 
c --- [ shutting down ] ------------------------------------------------------
c 
c exit 20
