c --- [ banner ] -------------------------------------------------------------
c 
c CaDiCaL SAT Solver
c Copyright (c) 2016-2026
c A. Biere, M. Fleury, N. Froleyks, K. Fazekas, F. Pollitt, T. Faller
c JKU Linz, University of Freiburg, TU Wien
c 
c Version 3.0.1
c Apple clang version 16.0.0 (clang-1600.0.26.6) -Wall -Wextra -O3 -DNDEBUG -std=c++11 -DNCLOSEFROM
c Sun Jul 19 15:40:55 UTC 2026 Darwin Sonoma-arm64.local 23.6.0 arm64
c 
c --- [ proof tracing ] ------------------------------------------------------
c 
c opening file to write '/Users/ivanspogreev/earth-moon/lean/data/a4_m13s/leaf15.lrat'
c writing non-binary proof trace to '/Users/ivanspogreev/earth-moon/lean/data/a4_m13s/leaf15.lrat'
c 
c --- [ parsing input ] ------------------------------------------------------
c 
c reading DIMACS file from '/Users/ivanspogreev/earth-moon/lean/data/a4_m13s/leaf15.cnf'
c opening file to read '/Users/ivanspogreev/earth-moon/lean/data/a4_m13s/leaf15.cnf'
c found 'p cnf 2945 231356' header
c parsed 231356 clauses in 0.16 seconds process time
c 
c --- [ options ] ------------------------------------------------------------
c 
c   --binary=false                 (different from default 'true')
c   --lrat=true                    (different from default 'false')
c 
c --- [ solving ] ------------------------------------------------------------
c 
c time measured in process time since initialization
c 
c  seconds  reduction conflicts       size tier2       variables
c         MB    restarts   redundant    glue  trail         remaining
c          level     rate       size/glu tier1  irredundant
c 
c *  0.16  0  0 0   0  0    0    0 0.0 0 0 2 6  0% 231206 2904 99%
c )  0.18  0  0 0   0  0    0    0 0.0 0 0 2 6  0% 231206 2904 99%
c {  0.18  0  0 0   0  0    0    0 0.0 0 0 2 6  0% 231206 2904 99%
c i  0.19  0 2351 0   0 159   18    9 1.3 7 5 2 6 84% 231201 2902 99%
c i  0.19  0 2323 0   0 100   29   13 1.3 6 5 2 6 83% 231196 2901 99%
c i  0.19  0 2308 0   0 88   33   16 1.3 7 5 2 6 83% 231196 2900 98%
c i  0.19  0 2250 0   0 60   49   26 1.3 8 6 2 6 81% 231192 2899 98%
c i  0.19  0 2247 0   0 58   50   26 1.3 7 6 2 6 81% 231192 2898 98%
c i  0.20  0 926 0  17 42  229   93 1.4 9 6 2 6 49% 231101 2897 98%
c i  0.20  0 919 0  17 42  231   94 1.4 9 6 2 6 49% 231101 2896 98%
c i  0.20  0 915 0  17 41  232   94 1.4 9 6 2 6 49% 231101 2895 98%
c i  0.20  0 901 0  17 41  236   96 1.4 8 6 2 6 48% 231101 2894 98%
c i  0.20  0 898 0  17 40  237   96 1.4 8 6 2 6 48% 231101 2893 98%
c i  0.20  0 855 0  17 38  250   96 1.4 8 6 2 6 46% 231093 2892 98%
c i  0.20  0 842 0  17 38  254   96 1.4 8 6 2 6 45% 231093 2888 98%
c i  0.20  0 839 0  17 38  255   96 1.4 8 6 2 6 45% 231093 2831 96%
c i  0.20  0 780 0  17 35  274  101 1.4 8 6 2 6 43% 231081 2821 96%
c i  0.20  0 777 0  17 35  275  101 1.4 8 6 2 6 43% 231081 2812 95%
c i  0.20  0 774 0  17 35  276  101 1.4 8 6 2 6 43% 231081 2804 95%
c i  0.20  0 771 0  17 35  277  101 1.4 8 6 2 6 43% 231081 2792 95%
c 
c  seconds   reduction conflicts       size tier2       variables
c         MB     restarts   redundant    glue  trail         remaining
c           level     rate       size/glu tier1  irredundant
c 
c i  0.20  0 764 0  17 35  280  102 1.4 8 6 2 6 43% 231080 2790 95%
c -  0.21  0 721 1  17 33  300   53 1.4 8 6 2 6 43% 230930 2790 95%
c i  0.22  0 617 1  17 28  369   76 1.4 8 6 2 6 44% 230891 2789 95%
c i  0.23  0 467 1  38 24  507  122 1.4 9 6 2 6 38% 230810 2787 95%
c i  0.23  0 466 1  39 24  508  122 1.4 9 6 2 6 38% 230810 2786 95%
c i  0.23  0 465 1  39 24  509  122 1.4 9 6 2 6 38% 230810 2785 95%
c i  0.24  0 393 1  60 22  628  159 1.3 10 8 2 6 36% 230742 2784 95%
c i  0.25  0 386 1  62 22  639  162 1.3 10 8 2 6 35% 230736 2783 94%
c i  0.25  0 374 1  68 22  663  172 1.3 10 8 2 6 35% 230727 2782 94%
c i  0.25  0 373 1  69 22  664  172 1.3 10 8 2 6 35% 230727 2780 94%
c i  0.25  0 368 1  72 21  674  174 1.3 10 8 2 6 35% 230721 2778 94%
c i  0.25  0 360 1  73 21  691  179 1.3 10 7 2 6 34% 230713 2761 94%
c i  0.25  0 348 1  73 20  716  186 1.3 10 7 2 6 33% 230701 2760 94%
c i  0.25  0 348 1  73 20  717  186 1.3 10 7 2 6 33% 230701 2759 94%
c i  0.26  0 324 1  88 20  780  219 1.3 11 8 2 6 32% 230677 2757 94%
c i  0.26  0 324 1  88 20  781  219 1.3 11 8 2 6 32% 230677 2756 94%
c i  0.26  0 323 1  89 20  782  219 1.3 11 8 2 6 32% 230677 2754 94%
c i  0.26  0 315 1  93 20  804  223 1.3 11 8 2 6 32% 230664 2753 93%
c i  0.26  0 313 1  95 20  809  225 1.3 11 8 2 6 32% 230662 2751 93%
c i  0.27  0 311 1  97 20  816  225 1.3 11 8 2 6 32% 230656 2750 93%
c 
c  seconds   reduction conflicts       size  tier2       variables
c         MB     restarts   redundant     glue  trail         remaining
c           level     rate       size/glue tier1  irredundant
c 
c i  0.27  0 310 1  97 20  817  225 1.3 11 8 2 6 32% 230656 2749 93%
c -  0.30  0 288 2  97 18  894  164 1.4 11 8 2 6 31% 230564 2749 93%
c i  0.31  0 270 2  97 17  983  192 1.4 10 8 2 6 31% 230525 2748 93%
c i  0.31  0 269 2  97 17  990  194 1.4 10 8 2 6 31% 230521 2739 93%
c }  0.31  0 267 2  97 17 1003  198 1.4 10 8 2 6 30% 230516 2739 93%
c [  0.31  0  0 2  97  0 1003  198 0.0 0 0 2 6  0% 230516 2739 93%
c O  0.31  0  1 2  97  2 1004  199 2.0 2 1 2 6  9% 230516 2739 93%
c -  0.38  0 38 3  97  1 1913  360 1.9 23 12 2 6 59% 230492 2739 93%
c ]  0.41  0 35 3  98  1 2533  840 1.7 23 14 2 6 47% 230472 2739 93%
c {  0.41  0 267 3  98 17 2533  840 1.4 10 8 2 6 30% 230472 2739 93%
c i  0.43  0 244 3 113 16 2646  890 1.3 10 8 2 6 30% 230423 2712 92%
c i  0.43  0 244 3 113 16 2648  891 1.3 10 8 2 6 30% 230423 2711 92%
c i  0.43  0 244 3 113 16 2649  891 1.3 10 8 2 6 30% 230423 2710 92%
c i  0.44  0 236 3 116 15 2694  921 1.4 11 8 2 6 30% 230414 2709 92%
c i  0.44  0 236 3 117 15 2695  921 1.4 11 8 2 6 30% 230414 2707 92%
c i  0.44  0 228 3 129 15 2736  952 1.4 11 8 2 6 30% 230406 2706 92%
c i  0.44  0 226 3 130 15 2750  955 1.4 11 8 2 6 29% 230399 2697 92%
c i  0.46  0 213 3 156 15 2843 1016 1.4 12 9 2 6 29% 230376 2653 90%
c 2  0.47  0 211 3 165 16 2877 1025 1.4 12 9 2 6 29% 230357 2624 89%
c d  0.47  0 211 3 165 16 2877  998 1.4 12 9 2 6 29% 230222 2623 89%
c 
c  seconds   reduction conflicts       size  tier2       variables
c         MB     restarts   redundant     glue  trail         remaining
c           level     rate       size/glue tier1  irredundant
c 
c p  0.48  0 211 3 165 16 2877  998 1.4 12 9 2 6 29% 230222 2622 89%
c =  0.53  0 211 3 165 16 2877  992 1.4 12 9 2 6 29% 230202 2592 88%
c t  0.53  0 211 3 165 16 2877  987 1.4 12 9 2 6 29% 230202 2592 88%
c i  0.56  0 204 3 176 16 2953  997 1.4 12 9 2 6 31% 230144 2590 88%
c i  0.56  0 204 3 176 16 2956  997 1.4 12 9 2 6 30% 230142 2589 88%
c i  0.56  0 204 3 176 16 2957  997 1.4 12 9 2 6 30% 230142 2588 88%
c O  0.56  0 199 3 176 15 3005 1020 1.4 12 9 2 6 27% 230121 2588 88%
c i  0.61  0 177 3 220 14 3274 1223 1.4 14 10 2 6 25% 230083 2486 84%
c i  0.62  0 174 3 226 14 3307 1250 1.4 14 10 2 6 24% 230080 2401 82%
c -  0.67  0 166 4 251 13 3404  487 1.4 15 11 2 6 23% 229884 2401 82%
c i  0.71  0 156 4 284 13 3556  581 1.4 15 11 2 6 22% 229838 2301 78%
c 2  0.87  0 89 4 368  7 5377 1977 1.7 18 11 8 13 23% 229821 2286 78%
c =  0.91  0 89 4 368  7 5377 1973 1.7 18 11 8 13 23% 229693 2283 78%
c t  0.91  0 89 4 368  7 5377 1970 1.7 18 11 8 13 23% 229693 2283 78%
c -  0.94  0 89 5 368  7 5389 1721 1.7 18 11 8 13 23% 229693 2283 78%
c i  0.95  0 87 5 392  7 5498 1791 1.7 18 11 8 13 23% 229693 2262 77%
c i  0.95  0 87 5 392  7 5499 1791 1.7 18 11 8 13 23% 229693 2256 77%
c i  0.95  0 87 5 392  7 5500 1791 1.7 18 11 8 13 23% 229693 2190 74%
c }  1.00  0 80 5 418  7 5919 2098 1.6 18 11 8 14 23% 229689 2189 74%
c [  1.00  0 35 5 418  1 5919 2098 1.7 23 14 2 6 54% 229689 2189 74%
c 
c  seconds  reduction conflicts       size   tier2       variables
c         MB    restarts   redundant     glue   trail         remaining
c          level     rate       size/glue  tier1  irredundant
c 
c I  1.02  0 34 5 418  1 6006 2178 1.7 23 14 2 6 52% 229689 2189 74%
c -  1.20  0 26 6 419  1 7886 3127 1.5 22 14 9 17 38% 229572 2189 74%
c 2  1.21  0 26 6 419  1 7982 3203 1.5 22 14 9 17 37% 229572 2177 74%
c d  1.22  0 26 6 419  1 7982 3198 1.5 22 14 9 17 37% 229544 2168 74%
c t  1.28  0 26 6 419  1 7982 3197 1.5 22 14 9 17 37% 229549 2165 74%
c B  1.44  0 23 6 421  1 10009 4484 1.5 21 14 9 17 11% 229548 2165 74%
c ]  1.44  0 23 6 421  1 10022 4497 1.5 21 14 9 17 11% 229548 2165 74%
c {  1.44  0 80 6 421  7 10022 4497 1.6 18 11 8 14 27% 229548 2165 74%
c -  1.56  0 70 7 579  6 10908 4178 1.6 18 11 8 14 23% 229545 2165 74%
c 2  1.56  0 70 7 579  6 10908 4178 1.6 18 11 8 14 23% 229545 2163 73%
c s  1.69  0 57 7 668  5 12630 5418 1.6 19 11 8 14 19% 229518 2163 73%
c t  1.70  0 57 7 668  5 12630 5414 1.6 19 11 8 14 19% 229498 2163 73%
c e  1.72  0 57 7 668  5 12630 5076 1.6 19 11 8 14 19% 226055 289 10%
c s  1.73  0 57 7 668  5 12630 5074 1.6 19 11 8 14 19% 226009 289 10%
c -  1.94  0 49 8 791  4 14462 5096 1.6 18 11 8 13 31% 226009 289 10%
c 2  1.94  0 49 8 791  4 14462 5094 1.6 18 11 8 13 31% 226009 289 10%
c u  2.00  0 49 8 791  4 14462 5058 1.6 18 11 8 13 31% 226009 289 10%
c v  2.01  0 49 8 791  4 14462 5049 1.6 18 11 8 13 31% 226009 289 10%
c w  2.01  0 49 8 791  4 14462 5046 1.6 18 11 8 13 31% 226009 289 10%
c x  2.02  0 49 8 791  4 14462 5045 1.6 18 11 8 13 31% 225997 289 10%
c 
c  seconds  reductions conflicts       size   tier2        variables
c         MB    restarts    redundant     glue    trail        remaining
c          level     rate        size/glue  tier1   irredundant
c 
c t  2.03  0 49 8 791  4 14462 5044 1.6 18 11 8 13 31% 225996 289 10%
c #  2.09  0 47 8 897  4 15010 5427 1.6 18 12 8 13 29% 225996 289 10%
c -  2.30  0 38 9 1105  3 18533 6593 1.6 19 11 8 13 27% 225996 289 10%
c }  2.48  0 34 9 1220  3 20810 8031 1.6 18 11 8 13 28% 226008 289 10%
c [  2.48  0 23 9 1220  1 20810 8031 1.5 21 14 9 17 84% 226008 289 10%
c W  2.61  0 23 9 1220  1 21011 8175 1.5 21 14 9 17 80% 226008 289 10%
c -  2.76  0 21 10 1221  1 23141 7593 1.4 20 14 9 16 55% 226008 289 10%
c O  3.03  0 20 10 1223  1 28014 10559 1.4 19 14 9 16 41% 226008 289 10%
c -  3.07  0 19 11 1223  1 28291 8577 1.4 19 13 9 16 40% 226008 289 10%
c t  3.13  0 19 11 1223  1 28291 8577 1.4 19 13 9 16 40% 226007 289 10%
c ]  3.38  0 18 11 1226  1 31953 10681 1.4 18 13 9 16 37% 226007 289 10%
c {  3.38  0 34 11 1226  3 31953 10681 1.6 18 11 8 13 28% 226007 289 10%
c -  3.56  0 32 12 1349  3 33986 10577 1.6 18 11 8 13 29% 226007 289 10%
c p  3.56  0 32 12 1349  3 33986 10579 1.6 18 11 8 13 29% 226007 289 10%
c u  3.59  0 32 12 1349  3 33986 10555 1.6 18 11 8 13 29% 226007 289 10%
c v  3.60  0 32 12 1349  3 33986 10551 1.6 18 11 8 13 29% 226007 289 10%
c w  3.60  0 32 12 1349  3 33986 10551 1.6 18 11 8 13 29% 226007 289 10%
c x  3.61  0 32 12 1349  3 33986 10551 1.6 18 11 8 13 29% 226007 289 10%
c B  3.79  0 31 12 1584  3 36016 11989 1.6 18 11 8 13 29% 226007 289 10%
c -  4.12  0 29 13 1912  2 40226 12933 1.7 19 11 8 13 31% 226007 289 10%
c 
c  seconds  reductions   conflicts        size   tier2        variables
c         MB     restarts      redundant     glue    trail        remaining
c          level       rate         size/glue  tier1   irredundant
c 
c p  4.12  0 29 13 1912  2 40226 12939 1.7 19 11 8 13 31% 226007 289 10%
c W  4.72  0 27 13 2340  2 45019 16586 1.6 19 11 8 13 31% 226007 289 10%
c -  4.99  0 26 14 2621  2 47015 15083 1.6 19 12 8 13 31% 226007 289 10%
c p  5.00  0 26 14 2621  2 47015 15089 1.6 19 12 8 13 31% 226007 289 10%
c u  5.03  0 26 14 2621  2 47015 15081 1.6 19 12 8 13 31% 226007 289 10%
c v  5.03  0 26 14 2621  2 47015 15080 1.6 19 12 8 13 31% 226007 289 10%
c w  5.04  0 26 14 2621  2 47015 15080 1.6 19 12 8 13 31% 226007 289 10%
c x  5.04  0 26 14 2621  2 47015 15080 1.6 19 12 8 13 31% 226004 289 10%
c }  5.11  0 26 14 2646  2 47910 15714 1.6 19 12 8 13 31% 226004 289 10%
c [  5.11  0 18 14 2646  1 47910 15714 1.4 18 13 9 16 37% 226004 289 10%
c s  5.29  0 18 14 2648  1 51075 18036 1.4 18 13 9 16 35% 225981 289 10%
c s  5.33  0 18 14 2648  1 51075 18036 1.4 18 13 9 16 35% 225974 289 10%
c -  5.54  0 19 15 2649  1 54354 16586 1.4 19 13 9 16 34% 225974 289 10%
c p  5.55  0 19 15 2649  1 54354 16587 1.4 19 13 9 16 34% 225974 289 10%
c B  5.67  0 19 15 2649  1 55022 17025 1.4 19 14 9 16 34% 225974 289 10%
c -  6.08  0 19 16 2650  1 62245 17406 1.4 19 14 9 16 33% 225974 289 10%
c p  6.08  0 19 16 2650  1 62245 17411 1.4 19 14 9 16 33% 225974 289 10%
c W  6.36  0 19 16 2652  1 66023 19646 1.4 19 14 9 16 31% 225974 289 10%
c ]  6.54  0 19 16 2654  1 69415 22251 1.4 19 14 9 16 31% 225974 289 10%
c {  6.54  0 26 16 2654  2 69415 22251 1.6 19 12 8 13 31% 225974 289 10%
c 
c  seconds  reductions   conflicts        size   tier2        variables
c         MB     restarts      redundant     glue    trail        remaining
c          level       rate         size/glue  tier1   irredundant
c 
c -  6.69  0 26 17 2806  2 70690 19366 1.6 19 12 8 13 31% 225974 289 10%
c p  6.69  0 26 17 2806  2 70690 19369 1.6 19 12 8 13 31% 225974 289 10%
c u  6.72  0 26 17 2806  2 70690 19348 1.6 19 12 8 13 31% 225974 289 10%
c v  6.73  0 26 17 2806  2 70690 19344 1.6 19 12 8 13 31% 225974 289 10%
c w  6.74  0 26 17 2806  2 70690 19343 1.6 19 12 8 13 31% 225974 289 10%
c x  6.75  0 26 17 2806  2 70690 19343 1.6 19 12 8 13 31% 225974 289 10%
c F  7.22  0 24 17 3147  2 78024 24452 1.6 19 11 8 13 30% 225974 289 10%
c -  7.41  0 24 18 3351  2 79690 22492 1.6 19 11 8 13 30% 225974 289 10%
c p  7.41  0 24 18 3351  2 79690 22493 1.6 19 11 8 13 30% 225974 289 10%
c -  8.04  0 22 19 3881  2 89245 24841 1.6 18 11 8 13 28% 225974 289 10%
c p  8.05  0 22 19 3881  2 89245 24847 1.6 18 11 8 13 28% 225974 289 10%
c u  8.08  0 22 19 3881  2 89245 24839 1.6 18 11 8 13 28% 225974 289 10%
c v  8.09  0 22 19 3881  2 89245 24836 1.6 18 11 8 13 28% 225974 289 10%
c w  8.09  0 22 19 3881  2 89245 24835 1.6 18 11 8 13 28% 225974 289 10%
c x  8.11  0 22 19 3881  2 89245 24835 1.6 18 11 8 13 28% 225974 289 10%
c B  8.22  0 21 19 3937  2 91025 25714 1.6 18 11 8 13 28% 225974 289 10%
c -  8.95  0 20 20 4368  2 99359 28287 1.6 18 11 8 13 28% 225974 289 10%
c p  8.95  0 20 20 4368  2 99359 28288 1.6 18 11 8 13 28% 225974 289 10%
c }  9.10  0 20 20 4382  2 99411 28320 1.6 18 11 8 13 28% 225974 289 10%
c [  9.10  0 19 20 4382  1 99411 28320 1.4 19 14 9 16 31% 225974 289 10%
c 
c  seconds  reductions   conflicts         size   tier2        variables
c         MB     restarts       redundant     glue    trail        remaining
c          level       rate          size/glue  tier1   irredundant
c 
c I  9.47  0 18 20 4385  1 105026 32054 1.4 19 13 9 16 31% 225974 289 10%
c s  9.75  0 18 20 4387  1 108742 34365 1.4 18 13 9 16 31% 225962 289 10%
c s  9.80  0 18 20 4387  1 108742 34357 1.4 18 13 9 16 31% 225952 289 10%
c -  9.93  0 18 21 4388  1 110029 30830 1.4 19 13 9 16 31% 225952 289 10%
c p  9.94  0 18 21 4388  1 110029 30836 1.4 19 13 9 16 31% 225952 289 10%
c u  9.97  0 18 21 4388  1 110029 30793 1.4 19 13 9 16 31% 225952 289 10%
c v  9.98  0 18 21 4388  1 110029 30786 1.4 19 13 9 16 31% 225952 289 10%
c w  9.99  0 18 21 4388  1 110029 30786 1.4 19 13 9 16 31% 225952 289 10%
c x 10.01  0 18 21 4388  1 110029 30786 1.4 19 13 9 16 31% 225949 289 10%
c B 10.60  0 19 21 4393  1 120029 37549 1.4 19 14 9 16 30% 225949 289 10%
c - 10.71  0 19 22 4393  1 121256 32636 1.4 19 14 9 16 30% 225949 289 10%
c ] 11.19  0 19 22 4394  1 129460 38477 1.4 19 14 9 16 31% 225949 289 10%
c { 11.19  0 20 22 4394  2 129460 38477 1.6 18 11 8 13 28% 225949 289 10%
c - 11.48  0 20 23 4553  2 133042 34827 1.6 18 11 8 13 28% 225949 289 10%
c p 11.49  0 20 23 4553  2 133042 34832 1.6 18 11 8 13 28% 225949 289 10%
c u 11.53  0 20 23 4553  2 133042 34819 1.6 18 11 8 13 28% 225949 289 10%
c v 11.55  0 20 23 4553  2 133042 34818 1.6 18 11 8 13 28% 225949 289 10%
c w 11.55  0 20 23 4553  2 133042 34818 1.6 18 11 8 13 28% 225949 289 10%
c x 11.58  0 20 23 4553  2 133042 34818 1.6 18 11 8 13 28% 225949 289 10%
c W 12.36  0 20 23 4896  2 136031 36678 1.6 18 11 8 13 28% 225949 289 10%
c 
c  seconds  reductions   conflicts         size   tier2        variables
c         MB     restarts       redundant     glue    trail        remaining
c          level       rate          size/glue  tier1   irredundant
c 
c - 13.46  0 19 24 5806  2 145388 32991 1.6 18 11 7 12 28% 225949 289 10%
c p 13.47  0 19 24 5806  2 145388 32996 1.6 18 11 7 12 28% 225949 289 10%
c u 13.51  0 19 24 5806  2 145388 32978 1.6 18 11 7 12 28% 225949 289 10%
c v 13.52  0 19 24 5806  2 145388 32976 1.6 18 11 7 12 28% 225949 289 10%
c w 13.53  0 19 24 5806  2 145388 32976 1.6 18 11 7 12 28% 225949 289 10%
c x 13.54  0 19 24 5806  2 145388 32976 1.6 18 11 7 12 28% 225949 289 10%
c # 14.54  0 19 24 6671  2 153038 38320 1.6 18 11 7 12 28% 225949 289 10%
c - 15.22  0 19 25 7463  2 158294 34630 1.6 18 11 7 12 28% 225949 289 10%
c p 15.23  0 19 25 7463  2 158294 34635 1.6 18 11 7 12 28% 225949 289 10%
c u 15.27  0 19 25 7463  2 158294 34617 1.6 18 11 7 12 28% 225949 289 10%
c v 15.28  0 19 25 7463  2 158294 34616 1.6 18 11 7 12 28% 225949 289 10%
c w 15.28  0 19 25 7463  2 158294 34615 1.6 18 11 7 12 28% 225949 289 10%
c x 15.30  0 19 25 7463  2 158294 34615 1.6 18 11 7 12 28% 225945 289 10%
c } 15.48  0 19 25 7601  2 159986 35686 1.6 18 11 7 12 28% 225945 289 10%
c [ 15.48  0 19 25 7601  1 159986 35686 1.4 19 14 9 16 31% 225945 289 10%
c W 16.44  0 18 25 7601  1 171040 41901 1.4 19 14 9 16 30% 225945 289 10%
c - 16.52  0 18 26 7601  1 171760 35369 1.4 19 14 9 16 30% 225945 289 10%
c p 16.52  0 18 26 7601  1 171760 35372 1.4 19 14 9 16 30% 225945 289 10%
c s 17.50  0 18 26 7608  1 185628 43750 1.4 18 13 9 16 30% 225914 289 10%
c s 17.54  0 18 26 7608  1 185628 43731 1.4 18 13 9 16 30% 225816 289 10%
c 
c  seconds  reductions   conflicts         size   tier2        variables
c         MB     restarts       redundant     glue    trail        remaining
c          level       rate          size/glue  tier1   irredundant
c 
c - 17.61  0 18 27 7608  1 185788 36381 1.4 18 13 9 16 30% 225816 289 10%
c p 17.61  0 18 27 7608  1 185788 36383 1.4 18 13 9 16 30% 225816 289 10%
c u 17.65  0 18 27 7608  1 185788 36341 1.4 18 13 9 16 30% 225816 289 10%
c v 17.67  0 18 27 7608  1 185788 36338 1.4 18 13 9 16 30% 225816 289 10%
c w 17.67  0 18 27 7608  1 185788 36336 1.4 18 13 9 16 30% 225816 289 10%
c x 17.69  0 18 27 7608  1 185788 36336 1.4 18 13 9 16 30% 225813 289 10%
c O 17.98  0 18 27 7610  1 190041 38702 1.4 18 13 9 16 29% 225813 289 10%
c - 18.68  0 17 28 7615  1 200374 39211 1.4 18 13 9 16 29% 225813 289 10%
c p 18.69  0 17 28 7615  1 200374 39216 1.4 18 13 9 16 29% 225813 289 10%
c ] 18.82  0 17 28 7616  1 201959 40328 1.4 18 13 8 13 29% 225813 289 10%
c { 18.82  0 19 28 7616  2 201959 40328 1.6 18 11 7 12 28% 225813 289 10%
c B 19.85  0 19 28 8528  2 210042 45627 1.6 18 12 7 12 28% 225813 289 10%
c - 20.49  0 19 29 9018  2 215522 41853 1.6 18 12 7 12 28% 225813 289 10%
c p 20.49  0 19 29 9018  2 215522 41858 1.6 18 12 7 12 28% 225813 289 10%
c u 20.55  0 19 29 9018  2 215522 41823 1.6 18 12 7 12 28% 225813 289 10%
c v 20.57  0 19 29 9018  2 215522 41816 1.6 18 12 7 12 28% 225813 289 10%
c w 20.57  0 19 29 9018  2 215522 41814 1.6 18 12 7 12 28% 225813 289 10%
c x 20.59  0 19 29 9018  2 215522 41814 1.6 18 12 7 12 28% 225808 289 10%
c W 22.61  0 18 29 10283  2 231044 52603 1.6 18 12 7 12 28% 225808 289 10%
c - 22.67  0 18 30 10291  2 231234 44881 1.6 18 12 7 12 28% 225808 289 10%
c 
c  seconds  reductions    conflicts         size   tier2        variables
c         MB      restarts       redundant     glue    trail        remaining
c          level        rate          size/glue  tier1   irredundant
c 
c p 22.68  0 18 30 10291  2 231234 44886 1.6 18 12 7 12 28% 225808 289 10%
c u 22.72  0 18 30 10291  2 231234 44883 1.6 18 12 7 12 28% 225808 289 10%
c v 22.73  0 18 30 10291  2 231234 44880 1.6 18 12 7 12 28% 225808 289 10%
c w 22.73  0 18 30 10291  2 231234 44880 1.6 18 12 7 12 28% 225808 289 10%
c x 22.75  0 18 30 10291  2 231234 44880 1.6 18 12 7 12 28% 225806 289 10%
c } 24.14  0 18 30 10999  2 245187 53915 1.6 18 12 7 12 28% 225806 289 10%
c [ 24.14  0 17 30 10999  1 245187 53915 1.4 18 13 8 13 29% 225806 289 10%
c - 24.34  0 17 31 10999  1 247508 48573 1.4 18 13 8 13 29% 225806 289 10%
c p 24.35  0 17 31 10999  1 247508 48578 1.4 18 13 8 13 29% 225806 289 10%
c u 24.40  0 17 31 10999  1 247508 48566 1.4 18 13 8 13 29% 225806 289 10%
c v 24.41  0 17 31 10999  1 247508 48563 1.4 18 13 8 13 29% 225806 289 10%
c w 24.42  0 17 31 10999  1 247508 48559 1.4 18 13 8 13 29% 225806 289 10%
c x 24.43  0 17 31 10999  1 247508 48559 1.4 18 13 8 13 29% 225806 289 10%
c B 24.84  0 17 31 11000  1 253045 52074 1.4 18 13 8 13 29% 225806 289 10%
c - 25.76  0 17 32 11006  1 264344 50649 1.4 19 13 8 13 30% 225806 289 10%
c p 25.77  0 17 32 11006  1 264344 50652 1.4 19 13 8 13 30% 225806 289 10%
c u 25.81  0 17 32 11006  1 264344 50627 1.4 19 13 8 13 30% 225806 289 10%
c v 25.82  0 17 32 11006  1 264344 50627 1.4 19 13 8 13 30% 225806 289 10%
c w 25.82  0 17 32 11006  1 264344 50626 1.4 19 13 8 13 30% 225806 289 10%
c x 25.84  0 17 32 11006  1 264344 50626 1.4 19 13 8 13 30% 225804 289 10%
c 
c  seconds  reductions    conflicts         size   tier2        variables
c         MB      restarts       redundant     glue    trail        remaining
c          level        rate          size/glue  tier1   irredundant
c 
c W 26.95  0 17 32 11013  1 276046 58556 1.4 19 13 7 13 30% 225804 289 10%
c s 27.32  0 18 32 11014  1 281727 62797 1.4 19 13 7 13 30% 225677 289 10%
c s 27.38  0 18 32 11014  1 281727 62790 1.4 19 13 7 13 30% 225625 289 10%
c - 27.44  0 18 33 11014  1 281744 51555 1.4 19 13 7 13 30% 225625 289 10%
c p 27.45  0 18 33 11014  1 281744 51558 1.4 19 13 7 13 30% 225625 289 10%
c u 27.66  0 18 33 11014  1 281744 51522 1.4 19 13 7 13 30% 225625 289 10%
c v 27.67  0 18 33 11014  1 281744 51522 1.4 19 13 7 13 30% 225625 289 10%
c w 27.68  0 18 33 11014  1 281744 51522 1.4 19 13 7 13 30% 225625 289 10%
c x 27.69  0 18 33 11014  1 281744 51522 1.4 19 13 7 13 30% 225623 289 10%
c ] 28.94  0 17 33 11015  1 299147 62110 1.4 19 13 7 13 29% 225623 289 10%
c { 28.94  0 18 33 11015  2 299147 62110 1.6 18 12 7 12 28% 225623 289 10%
c - 29.04  0 18 34 11091  2 299704 52641 1.6 18 12 7 12 28% 225623 289 10%
c p 29.05  0 18 34 11091  2 299704 52646 1.6 18 12 7 12 28% 225623 289 10%
c u 29.09  0 18 34 11091  2 299704 52607 1.6 18 12 7 12 28% 225623 289 10%
c v 29.10  0 18 34 11091  2 299704 52603 1.6 18 12 7 12 28% 225623 289 10%
c w 29.11  0 18 34 11091  2 299704 52603 1.6 18 12 7 12 28% 225623 289 10%
c x 29.12  0 18 34 11091  2 299704 52603 1.6 18 12 7 12 28% 225623 289 10%
c F 29.21  0 18 34 11177  2 300049 52845 1.6 18 12 7 12 28% 225623 289 10%
c - 31.63  0 17 35 12693  2 318226 57222 1.6 18 12 7 12 28% 225623 289 10%
c p 31.64  0 17 35 12693  2 318226 57226 1.6 18 12 7 12 28% 225623 289 10%
c 
c  seconds  reductions    conflicts         size   tier2        variables
c         MB      restarts       redundant     glue    trail        remaining
c          level        rate          size/glue  tier1   irredundant
c 
c u 31.68  0 17 35 12693  2 318226 57188 1.6 18 12 7 12 28% 225623 289 10%
c v 31.70  0 17 35 12693  2 318226 57184 1.6 18 12 7 12 28% 225623 289 10%
c w 31.71  0 17 35 12693  2 318226 57184 1.6 18 12 7 12 28% 225623 289 10%
c x 31.74  0 17 35 12693  2 318226 57184 1.6 18 12 7 12 28% 225622 289 10%
c B 32.56  0 17 35 12975  2 325054 61869 1.6 18 12 7 12 28% 225622 289 10%
c - 34.08  0 17 36 13503  1 337314 53355 1.6 18 11 6 11 28% 225622 289 10%
c p 34.09  0 17 36 13503  1 337314 53360 1.6 18 11 6 11 28% 225622 289 10%
c u 34.13  0 17 36 13503  1 337314 53319 1.6 18 11 6 11 28% 225622 289 10%
c v 34.15  0 17 36 13503  1 337314 53315 1.6 18 11 6 11 28% 225622 289 10%
c w 34.16  0 17 36 13503  1 337314 53314 1.6 18 11 6 11 28% 225622 289 10%
c x 34.18  0 17 36 13503  1 337314 53314 1.6 18 11 6 11 28% 225619 289 10%
c W 35.95  0 16 36 13961  1 351055 61754 1.6 18 11 6 11 28% 225619 289 10%
c } 36.12  0 16 36 14066  1 352546 62746 1.6 18 11 6 11 28% 225619 289 10%
c [ 36.12  0 17 36 14066  1 352546 62746 1.4 19 13 7 13 29% 225619 289 10%
c - 36.46  0 17 37 14067  1 356965 54318 1.4 19 13 7 13 29% 225619 289 10%
c p 36.47  0 17 37 14067  1 356965 54322 1.4 19 13 7 13 29% 225619 289 10%
c u 36.50  0 17 37 14067  1 356965 54308 1.4 19 13 7 13 29% 225619 289 10%
c v 36.52  0 17 37 14067  1 356965 54302 1.4 19 13 7 13 29% 225619 289 10%
c w 36.53  0 17 37 14067  1 356965 54301 1.4 19 13 7 13 29% 225619 289 10%
c x 36.55  0 17 37 14067  1 356965 54300 1.4 19 13 7 13 29% 225619 289 10%
c 
c  seconds  reductions    conflicts         size   tier2        variables
c         MB      restarts       redundant     glue    trail        remaining
c          level        rate          size/glue  tier1   irredundant
c 
c - 38.08  0 17 38 14067  1 377181 54019 1.4 18 13 7 13 29% 225619 289 10%
c p 38.09  0 17 38 14067  1 377181 54024 1.4 18 13 7 13 29% 225619 289 10%
c u 38.13  0 17 38 14067  1 377181 54002 1.4 18 13 7 13 29% 225619 289 10%
c v 38.14  0 17 38 14067  1 377181 53999 1.4 18 13 7 13 29% 225619 289 10%
c w 38.14  0 17 38 14067  1 377181 53998 1.4 18 13 7 13 29% 225619 289 10%
c x 38.16  0 17 38 14067  1 377181 53998 1.4 18 13 7 13 29% 225618 289 10%
c I 38.26  0 17 38 14067  1 378059 54617 1.4 18 13 7 13 29% 225618 289 10%
c s 39.74  0 16 38 14073  1 397031 64906 1.4 18 13 7 13 28% 225544 289 10%
c s 39.81  0 16 38 14073  1 397031 64904 1.4 18 13 7 13 28% 225501 289 10%
c - 39.96  0 16 39 14074  1 397959 53876 1.4 18 13 7 13 28% 225501 289 10%
c p 39.97  0 16 39 14074  1 397959 53880 1.4 18 13 7 13 28% 225501 289 10%
c u 40.02  0 16 39 14074  1 397959 53844 1.4 18 13 7 13 28% 225501 289 10%
c v 40.03  0 16 39 14074  1 397959 53842 1.4 18 13 7 13 28% 225501 289 10%
c w 40.04  0 16 39 14074  1 397959 53842 1.4 18 13 7 13 28% 225501 289 10%
c x 40.06  0 16 39 14074  1 397959 53842 1.4 18 13 7 13 28% 225500 289 10%
c B 40.63  0 16 39 14077  1 406060 58689 1.4 18 13 7 13 28% 225500 289 10%
c ] 41.47  0 16 39 14082  1 418947 66928 1.4 18 13 7 13 28% 225500 289 10%
c { 41.47  0 16 39 14082  1 418947 66928 1.6 18 11 6 11 28% 225500 289 10%
c - 41.55  0 16 40 14101  1 419299 54472 1.6 18 11 6 11 28% 225500 289 10%
c p 41.56  0 16 40 14101  1 419299 54477 1.6 18 11 6 11 28% 225500 289 10%
c 
c  seconds  reductions    conflicts         size   tier2        variables
c         MB      restarts       redundant     glue    trail        remaining
c          level        rate          size/glue  tier1   irredundant
c 
c u 41.60  0 16 40 14101  1 419299 54454 1.6 18 11 6 11 28% 225500 289 10%
c v 41.62  0 16 40 14101  1 419299 54448 1.6 18 11 6 11 28% 225500 289 10%
c w 41.62  0 16 40 14101  1 419299 54442 1.6 18 11 6 11 28% 225500 289 10%
c x 41.65  0 16 40 14101  1 419299 54442 1.6 18 11 6 11 28% 225496 289 10%
c # 43.51  0 16 40 15268  1 435064 64501 1.5 17 11 6 11 28% 225496 289 10%
c - 44.40  0 16 41 15667  1 441203 57153 1.5 17 11 6 11 28% 225496 289 10%
c p 44.41  0 16 41 15667  1 441203 57158 1.5 17 11 6 11 28% 225496 289 10%
c u 44.77  0 16 41 15667  1 441203 57116 1.5 17 11 6 11 28% 225496 289 10%
c v 44.78  0 16 41 15667  1 441203 57112 1.5 17 11 6 11 28% 225496 289 10%
c w 44.79  0 16 41 15667  1 441203 57079 1.5 17 11 6 11 28% 225496 289 10%
c x 44.82  0 16 41 15667  1 441203 57079 1.5 17 11 6 11 28% 225490 289 10%
c - 47.60  0 15 42 17432  1 463671 61184 1.5 17 11 6 11 27% 225490 289 10%
c p 47.61  0 15 42 17432  1 463671 61188 1.5 17 11 6 11 27% 225490 289 10%
c u 47.66  0 15 42 17432  1 463671 61108 1.5 17 11 6 11 27% 225490 289 10%
c v 47.68  0 15 42 17432  1 463671 61106 1.5 17 11 6 11 27% 225490 289 10%
c w 47.68  0 15 42 17432  1 463671 61103 1.5 17 11 6 11 27% 225490 289 10%
c x 47.72  0 15 42 17432  1 463671 61102 1.5 17 11 6 11 27% 225487 289 10%
c B 47.96  0 15 42 17626  1 465066 61970 1.5 17 11 5 11 27% 225487 289 10%
c } 50.25  0 15 42 19022  1 482821 73464 1.5 17 11 5 11 27% 225487 289 10%
c [ 50.25  0 16 42 19022  1 482821 73464 1.4 18 13 7 13 28% 225487 289 10%
c 
c  seconds  reductions    conflicts         size   tier2        variables
c         MB      restarts       redundant     glue    trail        remaining
c          level        rate          size/glue  tier1   irredundant
c 
c - 50.54  0 16 43 19022  1 486707 56443 1.4 18 13 7 13 28% 225487 289 10%
c p 50.55  0 16 43 19022  1 486707 56447 1.4 18 13 7 13 28% 225487 289 10%
c u 50.60  0 16 43 19022  1 486707 56410 1.4 18 13 7 13 28% 225487 289 10%
c v 50.62  0 16 43 19022  1 486707 56405 1.4 18 13 7 13 28% 225487 289 10%
c w 50.63  0 16 43 19022  1 486707 56402 1.4 18 13 7 13 28% 225487 289 10%
c x 50.66  0 16 43 19022  1 486707 56401 1.4 18 13 7 13 28% 225485 289 10%
c W 52.21  0 16 43 19029  1 496068 62280 1.4 18 13 7 13 28% 225485 289 10%
c - 53.23  0 16 44 19036  1 510307 54906 1.4 18 13 7 13 27% 225485 289 10%
c p 53.24  0 16 44 19036  1 510307 54910 1.4 18 13 7 13 27% 225485 289 10%
c u 53.29  0 16 44 19036  1 510307 54875 1.4 18 13 7 13 27% 225485 289 10%
c v 53.30  0 16 44 19036  1 510307 54875 1.4 18 13 7 13 27% 225485 289 10%
c w 53.31  0 16 44 19036  1 510307 54874 1.4 18 13 7 13 27% 225485 289 10%
c x 53.34  0 16 44 19036  1 510307 54874 1.4 18 13 7 13 27% 225483 289 10%
c O 54.75  0 16 44 19038  1 528070 66869 1.4 18 13 7 13 27% 225483 289 10%
c s 55.07  0 16 44 19038  1 531544 69151 1.4 18 13 6 13 27% 225372 289 10%
c s 55.15  0 16 44 19038  1 531544 69124 1.4 18 13 6 13 27% 225229 289 10%
c - 55.40  0 16 45 19038  1 534471 54485 1.4 18 13 6 13 27% 225229 289 10%
c p 55.41  0 16 45 19038  1 534471 54488 1.4 18 13 6 13 27% 225229 289 10%
c u 55.46  0 16 45 19038  1 534471 54467 1.4 18 13 6 13 27% 225229 289 10%
c v 55.48  0 16 45 19038  1 534471 54460 1.4 18 13 6 13 27% 225229 289 10%
c 
c  seconds  reductions    conflicts         size   tier2        variables
c         MB      restarts       redundant     glue    trail        remaining
c          level        rate          size/glue  tier1   irredundant
c 
c w 55.49  0 16 45 19038  1 534471 54460 1.4 18 13 6 13 27% 225229 289 10%
c x 55.51  0 16 45 19038  1 534471 54458 1.4 18 13 6 13 27% 225224 289 10%
c - 57.42  0 15 46 19052  1 559191 56872 1.4 18 13 6 13 28% 225224 289 10%
c p 57.43  0 15 46 19052  1 559191 56875 1.4 18 13 6 13 28% 225224 289 10%
c u 57.47  0 15 46 19052  1 559191 56826 1.4 18 13 6 13 28% 225224 289 10%
c v 57.49  0 15 46 19052  1 559191 56824 1.4 18 13 6 13 28% 225224 289 10%
c w 57.49  0 15 46 19052  1 559191 56824 1.4 18 13 6 13 28% 225224 289 10%
c x 57.51  0 15 46 19052  1 559191 56822 1.4 18 13 6 13 28% 225217 289 10%
c t 57.51  0 15 46 19052  1 559191 56821 1.4 18 13 6 13 28% 225216 289 10%
c B 57.67  0 15 46 19052  1 561072 57749 1.4 18 12 6 13 27% 225216 289 10%
c ] 58.03  0 15 46 19053  1 567400 61364 1.4 18 13 6 13 27% 225216 289 10%
c { 58.03  0 15 46 19053  1 567400 61364 1.5 17 11 5 11 27% 225216 289 10%
c - 59.88  0 15 47 19943  1 584478 59297 1.5 17 11 5 11 27% 225216 289 10%
c p 59.89  0 15 47 19943  1 584478 59301 1.5 17 11 5 11 27% 225216 289 10%
c u 59.94  0 15 47 19943  1 584478 59261 1.5 17 11 5 11 27% 225216 289 10%
c v 59.96  0 15 47 19943  1 584478 59259 1.5 17 11 5 11 27% 225216 289 10%
c w 59.97  0 15 47 19943  1 584478 59216 1.5 17 11 5 11 27% 225216 289 10%
c x 60.00  0 15 47 19943  1 584478 59215 1.5 17 11 5 11 27% 225213 289 10%
c t 60.00  0 15 47 19943  1 584478 59214 1.5 17 11 5 11 27% 225212 289 10%
c W 61.90  0 15 47 20557  1 595074 66082 1.5 17 11 5 10 27% 225212 289 10%
c 
c  seconds  reductions    conflicts         size   tier2        variables
c         MB      restarts       redundant     glue    trail        remaining
c          level        rate          size/glue  tier1   irredundant
c 
c - 63.72  0 15 48 21443  1 610328 59551 1.5 17 11 5 10 27% 225212 289 10%
c p 63.73  0 15 48 21443  1 610328 59553 1.5 17 11 5 10 27% 225212 289 10%
c u 63.80  0 15 48 21443  1 610328 59520 1.5 17 11 5 10 27% 225212 289 10%
c v 63.83  0 15 48 21443  1 610328 59510 1.5 17 11 5 10 27% 225212 289 10%
c w 63.83  0 15 48 21443  1 610328 59487 1.5 17 11 5 10 27% 225212 289 10%
c x 63.87  0 15 48 21443  1 610328 59486 1.5 17 11 5 10 27% 225207 289 10%
c F 65.97  0 14 48 22901  1 630076 72122 1.5 17 11 5 10 27% 225207 289 10%
c - 66.63  0 14 49 23179  1 636744 61437 1.5 17 11 5 10 26% 225207 289 10%
c p 66.64  0 14 49 23179  1 636744 61441 1.5 17 11 5 10 26% 225207 289 10%
c u 66.69  0 14 49 23179  1 636744 61394 1.5 17 11 5 10 26% 225207 289 10%
c v 66.70  0 14 49 23179  1 636744 61391 1.5 17 11 5 10 26% 225207 289 10%
c w 66.71  0 14 49 23179  1 636744 61384 1.5 17 11 5 10 26% 225207 289 10%
c x 66.74  0 14 49 23179  1 636744 61382 1.5 17 11 5 10 26% 225202 289 10%
c t 66.74  0 14 49 23179  1 636744 61382 1.5 17 11 5 10 26% 225199 289 10%
c } 68.36  0 14 49 23855  1 652064 70914 1.5 17 11 5 10 26% 225199 289 10%
c [ 68.36  0 15 49 23855  1 652064 70914 1.4 18 13 6 13 27% 225199 289 10%
c - 69.39  0 15 50 23862  1 663726 63963 1.4 18 12 6 13 27% 225199 289 10%
c p 69.41  0 15 50 23862  1 663726 63967 1.4 18 12 6 13 27% 225199 289 10%
c u 69.51  0 15 50 23862  1 663726 63925 1.4 18 12 6 13 27% 225199 289 10%
c v 69.53  0 15 50 23862  1 663726 63922 1.4 18 12 6 13 27% 225199 289 10%
c 
c  seconds  reductions    conflicts         size   tier2        variables
c         MB      restarts       redundant     glue    trail        remaining
c          level        rate          size/glue  tier1   irredundant
c 
c w 69.54  0 15 50 23862  1 663726 63919 1.4 18 12 6 13 27% 225199 289 10%
c x 69.57  0 15 50 23862  1 663726 63919 1.4 18 12 6 13 27% 225188 289 10%
c t 69.57  0 15 50 23862  1 663726 63919 1.4 18 12 6 13 27% 225187 289 10%
c W 70.33  0 15 50 23862  1 666078 65423 1.4 18 12 6 13 27% 225187 289 10%
c s 71.80  0 15 50 23870  1 685242 76580 1.4 17 12 6 13 27% 224846 289 10%
c s 71.88  0 15 50 23870  1 685242 76550 1.4 17 12 6 13 27% 224585 289 10%
c - 72.44  0 15 51 23871  1 691273 63715 1.4 17 12 6 13 27% 224585 289 10%
c p 72.45  0 15 51 23871  1 691273 63718 1.4 17 12 6 13 27% 224585 289 10%
c u 72.50  0 15 51 23871  1 691273 63633 1.4 17 12 6 13 27% 224585 289 10%
c v 72.52  0 15 51 23871  1 691273 63611 1.4 17 12 6 13 27% 224585 289 10%
c w 72.53  0 15 51 23871  1 691273 63606 1.4 17 12 6 13 27% 224585 289 10%
c x 72.56  0 15 51 23871  1 691273 63605 1.4 17 12 6 13 27% 224585 289 10%
c t 72.57  0 15 51 23871  1 691273 63605 1.4 17 12 6 13 27% 224584 289 10%
c I 73.57  0 15 51 23871  1 703080 71151 1.4 17 12 6 13 27% 224584 289 10%
c - 75.01  0 14 52 23872  1 719361 64947 1.5 17 12 6 13 26% 224584 289 10%
c p 75.02  0 14 52 23872  1 719361 64950 1.5 17 12 6 13 26% 224584 289 10%
c u 75.08  0 14 52 23872  1 719361 64902 1.5 17 12 6 13 26% 224584 289 10%
c v 75.10  0 14 52 23872  1 719361 64897 1.5 17 12 6 13 26% 224584 289 10%
c w 75.11  0 14 52 23872  1 719361 64896 1.5 17 12 6 13 26% 224584 289 10%
c x 75.15  0 14 52 23872  1 719361 64896 1.5 17 12 6 13 26% 224578 289 10%
c 
c  seconds  reductions    conflicts         size   tier2        variables
c         MB      restarts       redundant     glue    trail        remaining
c          level        rate          size/glue  tier1   irredundant
c 
c B 76.90  0 14 52 23873  1 741081 77997 1.5 17 12 6 12 26% 224578 289 10%
c ] 77.45  0 14 52 23873  1 746599 81769 1.5 17 12 6 12 26% 224578 289 10%
c { 77.45  0 14 52 23873  1 746599 81769 1.5 17 11 5 10 26% 224578 289 10%
c - 77.61  0 14 53 23887  1 748014 67772 1.5 17 11 5 10 26% 224578 289 10%
c p 77.63  0 14 53 23887  1 748014 67776 1.5 17 11 5 10 26% 224578 289 10%
c u 77.68  0 14 53 23887  1 748014 67723 1.5 17 11 5 10 26% 224578 289 10%
c v 77.70  0 14 53 23887  1 748014 67711 1.5 17 11 5 10 26% 224578 289 10%
c w 77.71  0 14 53 23887  1 748014 67710 1.5 17 11 5 10 26% 224578 289 10%
c x 77.75  0 14 53 23887  1 748014 67709 1.5 17 11 5 10 26% 224565 289 10%
c t 77.75  0 14 53 23887  1 748014 67709 1.5 17 11 5 10 26% 224563 289 10%
c i 79.64  0 14 53 24281  1 766185 78038 1.5 16 11 5 10 26% 224563 284 10%
c - 80.93  0 13 54 24520  1 777231 60406 1.5 16 11 5 10 26% 203301 284 10%
c 2 80.93  0 13 54 24520  1 777231 60406 1.5 16 11 5 10 26% 203300 284 10%
c p 80.94  0 13 54 24520  1 777231 60411 1.5 16 11 5 10 26% 203300 283 10%
c u 81.00  0 13 54 24520  1 777231 60260 1.5 16 11 5 10 26% 203292 283 10%
c v 81.02  0 13 54 24520  1 777231 60249 1.5 16 11 5 10 26% 203292 283 10%
c w 81.04  0 13 54 24520  1 777231 60245 1.5 16 11 5 10 26% 203292 283 10%
c x 81.07  0 13 54 24520  1 777231 60244 1.5 16 11 5 10 26% 203280 283 10%
c B 81.39  0 13 54 24659  1 780082 61934 1.5 16 11 5 10 26% 203280 283 10%
c - 83.89  0 13 55 25123  1 806062 64586 1.5 16 10 5 10 25% 203277 283 10%
c 
c  seconds  reductions    conflicts         size   tier2        variables
c         MB      restarts       redundant     glue    trail        remaining
c          level        rate          size/glue  tier1   irredundant
c 
c p 83.90  0 13 55 25123  1 806062 64588 1.5 16 10 5 10 25% 203277 283 10%
c u 83.95  0 13 55 25123  1 806062 64526 1.5 16 10 5 10 25% 203277 283 10%
c v 83.98  0 13 55 25123  1 806062 64518 1.5 16 10 5 10 25% 203277 283 10%
c w 83.99  0 13 55 25123  1 806062 64510 1.5 16 10 5 10 25% 203277 283 10%
c x 84.02  0 13 55 25123  1 806062 64509 1.5 16 10 5 10 25% 203268 283 10%
c W 86.30  0 13 55 25488  1 820084 72361 1.5 15 10 5 10 25% 203268 283 10%
c - 88.00  0 12 56 25923  1 835422 69205 1.5 15 10 5 10 25% 203268 283 10%
c p 88.01  0 12 56 25923  1 835422 69207 1.5 15 10 5 10 25% 203268 283 10%
c u 88.08  0 12 56 25923  1 835422 69163 1.5 15 10 5 10 25% 203268 283 10%
c v 88.10  0 12 56 25923  1 835422 69150 1.5 15 10 5 10 25% 203268 283 10%
c w 88.11  0 12 56 25923  1 835422 69145 1.5 15 10 5 10 25% 203268 283 10%
c x 88.14  0 12 56 25923  1 835422 69144 1.5 15 10 5 10 25% 203257 283 10%
c } 90.30  0 12 56 26272  1 857911 80486 1.5 15 10 4 9 25% 203257 283 10%
c [ 90.30  0 14 56 26272  1 857911 80486 1.5 17 12 6 12 26% 203257 283 10%
c s 90.37  0 14 56 26272  1 858078 80334 1.5 17 12 6 12 26% 201956 283 10%
c e 90.41  0 14 56 26272  1 858078 80187 1.5 17 12 6 12 26% 201906 264  9%
c s 90.46  0 14 56 26272  1 858078 80139 1.5 17 12 6 12 26% 201202 264  9%
c W 91.06  0 14 56 26272  1 861086 81836 1.5 17 12 6 12 26% 201202 264  9%
c - 91.45  0 14 57 26272  1 865312 61677 1.5 17 12 6 12 26% 201202 264  9%
c p 91.46  0 14 57 26272  1 865312 61678 1.5 17 12 6 12 26% 201202 264  9%
c 
c  seconds  reductions    conflicts         size   tier2        variables
c         MB      restarts       redundant     glue    trail        remaining
c          level        rate          size/glue  tier1   irredundant
c 
c u 91.52  0 14 57 26272  1 865312 61523 1.5 17 12 6 12 26% 201202 264  9%
c v 91.54  0 14 57 26272  1 865312 61493 1.5 17 12 6 12 26% 201202 264  9%
c w 91.56  0 14 57 26272  1 865312 61477 1.5 17 12 6 12 26% 201202 264  9%
c x 91.59  0 14 57 26272  1 865312 61476 1.5 17 12 6 12 26% 201196 264  9%
c i 93.20  0 13 57 26272  1 881704 69944 1.5 16 11 6 12 26% 201196 245  8%
c i 93.28  0 13 57 26272  1 882385 70147 1.5 16 11 6 12 26% 201196 244  8%
c i 93.30  0 13 57 26272  1 882544 70195 1.5 16 11 6 12 26% 201196 241  8%
c i 93.32  0 13 57 26272  1 882710 70236 1.5 16 11 6 12 26% 201196 240  8%
c i 93.32  0 13 57 26272  1 882723 70241 1.5 16 11 6 12 26% 201196 238  8%
c i 93.32  0 13 57 26272  1 882736 70246 1.5 16 11 6 12 26% 201196 236  8%
c i 93.33  0 13 57 26272  1 882745 70248 1.5 16 11 6 12 26% 201196 234  8%
c i 93.33  0 13 57 26272  1 882750 70251 1.5 16 11 6 12 26% 201196 233  8%
c i 93.33  0 13 57 26272  1 882758 70255 1.5 16 11 6 12 26% 201196 231  8%
c i 93.33  0 13 57 26272  1 882775 70264 1.5 16 11 6 12 26% 201196 230  8%
c i 93.33  0 13 57 26272  1 882777 70264 1.5 16 11 6 12 26% 201196 223  8%
c ] 93.33  0 13 57 26272  1 882782 70264 1.5 16 11 6 12 26% 201196 215  7%
c 0 93.33  0 13 57 26272  1 882782 70264 1.5 16 11 6 12 26% 201196 215  7%
c 
c --- [ closing proof ] ------------------------------------------------------
c 
c LRAT proof file '/Users/ivanspogreev/earth-moon/lean/data/a4_m13s/leaf15.lrat' closed
c LRAT 1169939 added clauses 50.89%
c LRAT 1128996 deleted clauses 49.11%
c LRAT 207813845 bytes (198.19 MB)
c 
c --- [ result ] -------------------------------------------------------------
c 
s UNSATISFIABLE
c 
c --- [ run-time profiling ] -------------------------------------------------
c 
c process time taken by individual solving procedures
c (percentage relative to process time for solving)
c 
c        86.91   93.28% search
c        48.65   52.22% unstable
c        32.78   35.18% stable
c         6.26    6.72% simplify
c         5.45    5.85% walk
c         3.47    3.72% vivify
c         1.12    1.20% sweep
c         0.50    0.53% subsume
c         0.45    0.49% elim
c         0.28    0.30% probe
c         0.16    0.17% parse
c         0.10    0.11% ternary
c         0.07    0.07% congruence
c         0.02    0.02% lucky
c         0.00    0.00% backbone
c   =================================
c        93.17   99.83% solve
c 
c last line shows process time for solving
c (percentage relative to total process time)
c 
c --- [ statistics ] ---------------------------------------------------------
c 
c chronological:             89860        10.18 %  of conflicts
c conflicts:                882782      9475.17    per second
c backbone:                  85915      2917.32 %  of vars
c decisions:               1072783     11514.51    per second
c eliminated:                 1881        63.87 %  of all variables
c fixed:                       838        28.46 %  of all variables
c learned:                  861694        97.61 %  per conflict
c learned_lits:           20541911       100.00 %  learned literals
c minimized:                     0         0.00 %  learned literals
c shrunken:                4432633        21.58 %  learned literals
c minishrunken:            1471852         7.17 %  learned literals
c otfs:                      12527         1.42 %  of conflict
c propagations:           12240707         0.13 M  per second
c reduced:                  467044        52.91 %  per conflict
c rephased:                     41     21531.27    interval
c restarts:                  26272        33.60    interval
c stabilizing:                  11        48.87 %  of conflicts
c substituted:                  10         0.34 %  of all variables
c subsumed:                 318264        29.00 %  of all clauses
c strengthened:              43766         3.99 %  of all clauses
c ticks:                7396969835       615.67    propagation
c vivified:                   4090         0.37 %  of all clauses
c walked:                       13     67906.31    interval
c weakened:                   4544         2.60    average size
c congruence:                    9     98086.89    interval
c 
c seconds are measured in process time for solving
c 
c --- [ glue usage ] ---------------------------------------------------------
c 
c focused glue 4 used 160690 clauses 9.687% accumulated 51.92% tier1
c focused glue 5 used 133474 clauses 8.046% accumulated 59.96%
c focused glue 6-7 used 198327 clauses 11.95% accumulated 71.92%
c focused glue 8 used 84688 clauses 5.105% accumulated 77.03%
c focused glue 9 used 77845 clauses 4.692% accumulated 81.72% tier2
c 
c stable glue 5 used 121469 clauses 6.716% accumulated 51.03% tier1
c stable glue 6 used 103989 clauses 5.750% accumulated 56.78%
c stable glue 7-10 used 371520 clauses 20.54% accumulated 77.32%
c stable glue 11 used 87309 clauses 4.827% accumulated 82.15%
c stable glue 12 used 78531 clauses 4.342% accumulated 86.49% tier2
c 
c 
c --- [ resources ] ----------------------------------------------------------
c 
c total process time since initialization:        93.33    seconds
c total real time since initialization:           94.34    seconds
c maximum resident set size of process:          424.48    MB
c 
c --- [ shutting down ] ------------------------------------------------------
c 
c exit 20
