c --- [ banner ] -------------------------------------------------------------
c 
c CaDiCaL SAT Solver
c Copyright (c) 2016-2026
c A. Biere, M. Fleury, N. Froleyks, K. Fazekas, F. Pollitt, T. Faller
c JKU Linz, University of Freiburg, TU Wien
c 
c Version 3.0.1
c Apple clang version 16.0.0 (clang-1600.0.26.6) -Wall -Wextra -O3 -DNDEBUG -std=c++11 -DNCLOSEFROM
c Sun Jul 19 15:40:55 UTC 2026 Darwin Sonoma-arm64.local 23.6.0 arm64
c 
c --- [ proof tracing ] ------------------------------------------------------
c 
c opening file to write '/Users/ivanspogreev/earth-moon/lean/data/a4_m13s/leaf1.lrat'
c writing non-binary proof trace to '/Users/ivanspogreev/earth-moon/lean/data/a4_m13s/leaf1.lrat'
c 
c --- [ parsing input ] ------------------------------------------------------
c 
c reading DIMACS file from '/Users/ivanspogreev/earth-moon/lean/data/a4_m13s/leaf1.cnf'
c opening file to read '/Users/ivanspogreev/earth-moon/lean/data/a4_m13s/leaf1.cnf'
c found 'p cnf 2945 267816' header
c parsed 267816 clauses in 0.20 seconds process time
c 
c --- [ options ] ------------------------------------------------------------
c 
c   --binary=false                 (different from default 'true')
c   --lrat=true                    (different from default 'false')
c 
c --- [ solving ] ------------------------------------------------------------
c 
c time measured in process time since initialization
c 
c  seconds  reduction conflicts       size tier2       variables
c         MB    restarts   redundant    glue  trail         remaining
c          level     rate       size/glu tier1  irredundant
c 
c *  0.20  0  0 0   0  0    0    0 0.0 0 0 2 6  0% 267666 2904 99%
c )  0.23  0  0 0   0  0    0    0 0.0 0 0 2 6  0% 267666 2904 99%
c {  0.23  0  0 0   0  0    0    0 0.0 0 0 2 6  0% 267666 2904 99%
c i  0.24  0 1616 0   2 49   69   46 1.6 9 6 2 6 60% 267649 2902 99%
c i  0.24  0 1570 0   2 48   71   46 1.6 8 5 2 6 58% 267649 2900 98%
c i  0.24  0 1526 0   2 46   73   46 1.6 8 5 2 6 57% 267648 2898 98%
c i  0.24  0 1484 0   2 45   75   47 1.6 8 5 2 6 55% 267648 2897 98%
c i  0.25  0 538 0   4 21  251   99 1.5 8 5 2 6 34% 267538 2896 98%
c -  0.27  0 464 1   4 18  301   86 1.5 8 5 2 6 35% 267491 2896 98%
c i  0.29  0 374 1  18 17  394  126 1.5 11 7 2 6 31% 267448 2895 98%
c i  0.29  0 370 1  19 17  400  127 1.5 11 7 2 6 31% 267445 2885 98%
c i  0.29  0 369 1  20 17  401  127 1.5 11 7 2 6 31% 267445 2884 98%
c i  0.29  0 368 1  20 17  402  127 1.5 10 7 2 6 31% 267445 2882 98%
c i  0.29  0 340 1  28 16  435  143 1.5 10 7 2 6 29% 267433 2881 98%
c i  0.29  0 338 1  28 16  439  140 1.5 10 7 2 6 29% 267432 2880 98%
c i  0.29  0 336 1  28 16  441  140 1.5 10 7 2 6 29% 267432 2878 98%
c i  0.30  0 304 1  36 15  494  162 1.4 10 7 2 6 28% 267405 2877 98%
c i  0.31  0 275 1  47 15  558  183 1.5 11 7 2 6 27% 267368 2876 98%
c i  0.31  0 275 1  47 15  559  183 1.5 11 7 2 6 27% 267368 2873 98%
c i  0.32  0 265 1  52 15  580  196 1.5 11 8 2 6 26% 267362 2831 96%
c 
c  seconds   reduction conflicts       size  tier2       variables
c         MB     restarts   redundant     glue  trail         remaining
c           level     rate       size/glue tier1  irredundant
c 
c i  0.33  0 245 1  66 14  637  225 1.4 11 8 2 6 25% 267344 2830 96%
c i  0.33  0 244 1  67 14  641  227 1.4 11 8 2 6 25% 267343 2829 96%
c i  0.33  0 243 1  67 14  642  227 1.4 11 8 2 6 25% 267343 2828 96%
c i  0.33  0 241 1  67 14  648  227 1.4 11 8 2 6 25% 267340 2820 96%
c i  0.33  0 240 1  67 14  651  227 1.5 11 8 2 6 25% 267338 2816 96%
c i  0.35  0 186 1 102 13  906  322 1.5 12 8 2 6 25% 267197 2815 96%
c -  0.40  0 185 2 103 13  919  205 1.5 12 8 2 6 25% 267089 2815 96%
c i  0.40  0 178 2 114 13  970  231 1.5 13 9 2 6 26% 267068 2814 96%
c i  0.40  0 178 2 114 13  972  232 1.5 13 9 2 6 26% 267068 2813 96%
c i  0.41  0 177 2 117 13  984  236 1.5 13 9 2 6 26% 267062 2811 95%
c }  0.41  0 175 2 121 14 1001  242 1.5 13 9 2 6 26% 267052 2811 95%
c [  0.41  0  0 2 121  0 1001  242 0.0 0 0 2 6  0% 267052 2811 95%
c O  0.41  0  6 2 121  7 1002  243 2.5 5 2 2 6 22% 267052 2811 95%
c -  0.48  0 60 3 121  1 1998  474 2.3 24 10 2 6 55% 267017 2811 95%
c 2  0.54  0 49 3 122  2 2945 1029 1.9 22 12 2 6 44% 266841 2754 94%
c d  0.55  0 49 3 122  2 2945 1019 1.9 22 12 2 6 44% 266768 2753 93%
c =  0.61  0 49 3 122  2 2945 1014 1.9 22 12 2 6 44% 266694 2672 91%
c t  0.61  0 49 3 122  2 2945 1012 1.9 22 12 2 6 44% 266694 2672 91%
c ]  0.62  0 49 3 122  2 2984 1031 1.8 22 12 2 6 44% 266692 2672 91%
c {  0.62  0 175 3 122 14 2984 1031 1.5 13 9 2 6 26% 266692 2672 91%
c 
c  seconds   reduction conflicts       size  tier2       variables
c         MB     restarts   redundant     glue  trail         remaining
c           level     rate       size/glue tier1  irredundant
c 
c i  0.62  0 174 3 124 13 2994 1035 1.5 13 9 2 6 26% 266689 2587 88%
c O  0.66  0 172 3 127 13 3007 1027 1.4 13 9 2 6 13% 266598 2587 88%
c i  0.72  0 145 3 184 12 3234 1206 1.4 15 11 2 6 12% 266584 2586 88%
c i  0.72  0 145 3 185 12 3235 1206 1.4 15 11 2 6 12% 266584 2579 88%
c i  0.72  0 145 3 185 12 3236 1206 1.4 15 11 2 6 12% 266584 2489 85%
c -  0.79  0 116 4 200 10 3591  673 1.6 17 11 2 6 18% 266480 2489 85%
c i  0.90  0 78 4 296  7 4573 1496 1.7 20 11 2 6 19% 266476 2488 84%
c i  0.97  0 68 4 395  6 5144 1936 1.7 20 12 9 15 18% 266468 2390 81%
c 2  1.00  0 64 4 409  6 5447 2192 1.7 20 12 9 14 19% 266466 2383 81%
c i  1.09  0 63 4 422  6 5500 2238 1.7 20 12 9 14 19% 266351 2373 81%
c -  1.15  0 60 5 425  5 5728 2091 1.7 20 12 9 14 19% 266339 2373 81%
c #  1.19  0 57 5 433  5 6008 2338 1.7 20 12 9 14 19% 266339 2373 81%
c i  1.21  0 57 5 448  5 6097 2393 1.7 20 12 9 14 19% 266337 2282 77%
c i  1.32  0 53 5 530  5 6566 2774 1.6 20 12 9 14 19% 266335 2279 77%
c }  1.33  0 52 5 536  5 6624 2810 1.6 20 12 9 14 19% 266335 2279 77%
c [  1.33  0 49 5 536  2 6624 2810 1.8 22 12 2 6 50% 266335 2279 77%
c 2  1.46  0 35 5 537  2 8051 3675 1.6 20 12 8 14 37% 266331 2267 77%
c -  1.59  0 33 6 537  1 8424 3508 1.6 20 12 8 14  9% 266205 2267 77%
c I  1.72  0 27 6 538  1 10011 4300 1.5 19 12 8 14  9% 266205 2267 77%
c 2  1.80  0 27 6 539  1 10749 4779 1.5 19 13 8 14  9% 266202 2261 77%
c 
c  seconds  reductions conflicts       size   tier2        variables
c         MB    restarts    redundant     glue    trail         remaining
c          level     rate        size/glue  tier1   irredundant
c 
c d  1.81  0 27 6 539  1 10749 4779 1.5 19 13 8 14  9% 266189 2260 77%
c k  1.81  0 27 6 539  1 10749 4779 1.5 19 13 8 14  9% 266189 2248 76%
c 2  1.81  0 27 6 539  1 10749 4778 1.5 19 13 8 14  9% 266189 2248 76%
c t  1.86  0 27 6 539  1 10749 4777 1.5 19 13 8 14  9% 266172 2248 76%
c -  1.96  0 26 7 540  1 11693 4536 1.5 19 13 8 14  9% 266171 2248 76%
c ]  1.99  0 25 7 540  1 12056 4833 1.5 19 13 8 14  9% 266171 2248 76%
c {  1.99  0 52 7 540  5 12056 4833 1.6 20 12 9 14 22% 266171 2248 76%
c s  2.15  0 47 7 628  4 13053 5604 1.6 20 12 9 14 19% 266125 2248 76%
c t  2.15  0 47 7 628  4 13053 5602 1.6 20 12 9 14 19% 266108 2248 76%
c e  2.19  0 47 7 628  4 13053 5327 1.6 20 12 9 14 19% 262510 297 10%
c s  2.20  0 47 7 628  4 13053 5323 1.6 20 12 9 14 19% 262493 297 10%
c 2  2.30  0 44 7 667  4 13534 5695 1.6 19 12 9 15 18% 262493 297 10%
c u  2.33  0 44 7 667  4 13534 5684 1.6 19 12 9 15 18% 262491 297 10%
c v  2.34  0 44 7 667  4 13534 5682 1.6 19 12 9 15 18% 262491 297 10%
c w  2.34  0 44 7 667  4 13534 5682 1.6 19 12 9 15 18% 262491 297 10%
c x  2.36  0 44 7 667  4 13534 5682 1.6 19 12 9 15 18% 262491 297 10%
c t  2.36  0 44 7 667  4 13534 5680 1.6 19 12 9 15 18% 262490 297 10%
c B  2.56  0 39 7 790  4 15013 6865 1.6 20 12 9 15 28% 262490 297 10%
c -  2.64  0 38 8 808  3 15546 6131 1.6 20 12 9 15 31% 262490 297 10%
c -  3.05  0 30 9 1002  3 19970 8214 1.6 19 12 9 15 28% 262500 297 10%
c 
c  seconds  reductions  conflicts       size   tier2        variables
c         MB    restarts     redundant     glue    trail        remaining
c          level      rate        size/glue  tier1   irredundant
c 
c W  3.30  0 29 9 1011  3 21014 8993 1.7 19 11 9 15 27% 262500 297 10%
c -  3.45  0 25 10 1017  2 24983 10133 1.7 19 11 9 13 25% 262500 297 10%
c }  3.68  0 25 10 1278  2 26335 11156 1.7 19 11 9 13 26% 262500 297 10%
c [  3.68  0 25 10 1278  1 26335 11156 1.5 19 13 8 14 71% 262500 297 10%
c B  3.75  0 24 10 1279  1 28016 12523 1.5 19 13 8 14 59% 262500 297 10%
c -  3.94  0 23 11 1279  1 30589 11710 1.4 19 13 8 14 50% 262500 297 10%
c W  4.34  0 22 11 1283  1 36020 14930 1.4 19 14 8 14 41% 262500 297 10%
c -  4.42  0 22 12 1283  1 36795 12786 1.4 19 14 8 14 40% 262500 297 10%
c p  4.42  0 22 12 1283  1 36795 12790 1.4 19 14 8 14 40% 262500 297 10%
c u  4.46  0 22 12 1283  1 36795 12760 1.4 19 14 8 14 40% 262502 297 10%
c v  4.48  0 22 12 1283  1 36795 12755 1.4 19 14 8 14 40% 262502 297 10%
c w  4.48  0 22 12 1283  1 36795 12755 1.4 19 14 8 14 40% 262502 297 10%
c x  4.50  0 22 12 1283  1 36795 12755 1.4 19 14 8 14 40% 262501 297 10%
c ]  4.79  0 21 12 1286  1 42088 16398 1.4 19 14 10 15 37% 262501 297 10%
c {  4.79  0 25 12 1286  2 42088 16398 1.7 19 11 9 13 26% 262501 297 10%
c -  5.05  0 24 13 1645  2 43599 13960 1.7 19 11 9 13 26% 262501 297 10%
c p  5.05  0 24 13 1645  2 43599 13968 1.7 19 11 9 13 26% 262501 297 10%
c F  5.35  0 24 13 1891  2 45024 14951 1.6 19 11 9 13 26% 262501 297 10%
c -  5.78  0 22 14 2043  2 51007 16958 1.7 18 11 9 13 26% 262501 297 10%
c p  5.79  0 22 14 2043  2 51007 16962 1.7 18 11 9 13 26% 262501 297 10%
c 
c  seconds  reductions   conflicts        size   tier2        variables
c         MB     restarts      redundant     glue    trail        remaining
c          level       rate         size/glue  tier1   irredundant
c 
c s  6.03  0 22 14 2200  2 52205 17864 1.7 18 11 9 13 26% 262492 297 10%
c s  6.09  0 22 14 2200  2 52205 17862 1.7 18 11 9 13 26% 262480 297 10%
c B  6.42  0 22 14 2378  2 55026 19949 1.7 18 11 9 13 26% 262480 297 10%
c -  7.02  0 21 15 3149  2 59020 19618 1.6 18 11 9 13 26% 262480 297 10%
c p  7.03  0 21 15 3149  2 59020 19626 1.6 18 11 9 13 26% 262480 297 10%
c u  7.07  0 21 15 3149  2 59020 19603 1.6 18 11 9 13 26% 262480 297 10%
c v  7.09  0 21 15 3149  2 59020 19602 1.6 18 11 9 13 26% 262480 297 10%
c w  7.09  0 21 15 3149  2 59020 19601 1.6 18 11 9 13 26% 262480 297 10%
c x  7.11  0 21 15 3149  2 59020 19601 1.6 18 11 9 13 26% 262479 297 10%
c }  7.37  0 21 15 3396  2 61002 21000 1.6 18 11 9 13 27% 262479 297 10%
c [  7.37  0 21 15 3396  1 61002 21000 1.4 19 14 10 15 37% 262479 297 10%
c O  7.66  0 20 15 3397  1 66027 24139 1.4 19 14 10 15 35% 262479 297 10%
c -  7.78  0 20 16 3397  1 67638 22239 1.4 19 14 10 15 35% 262479 297 10%
c p  7.79  0 20 16 3397  1 67638 22243 1.4 19 14 10 15 35% 262479 297 10%
c -  8.47  0 21 17 3402  1 76864 23412 1.4 20 15 10 15 33% 262479 297 10%
c p  8.48  0 21 17 3402  1 76864 23418 1.4 20 15 10 15 33% 262479 297 10%
c u  8.52  0 21 17 3402  1 76864 23385 1.4 20 15 10 15 33% 262479 297 10%
c v  8.53  0 21 17 3402  1 76864 23384 1.4 20 15 10 15 33% 262479 297 10%
c w  8.53  0 21 17 3402  1 76864 23382 1.4 20 15 10 15 33% 262479 297 10%
c x  8.55  0 21 17 3402  1 76864 23382 1.4 20 15 10 15 33% 262477 297 10%
c 
c  seconds  reductions   conflicts        size    tier2        variables
c         MB     restarts      redundant     glue     trail        remaining
c          level       rate         size/glue  tier1    irredundant
c 
c B  8.66  0 21 17 3403  1 78028 24260 1.4 20 15 10 15 33% 262477 297 10%
c ]  9.17  0 21 17 3405  1 85120 29376 1.4 20 15 10 15 33% 262477 297 10%
c {  9.17  0 21 17 3405  2 85120 29376 1.6 18 11 9 13 27% 262477 297 10%
c -  9.44  0 21 18 3709  2 86700 25133 1.6 18 12 9 13 27% 262477 297 10%
c p  9.45  0 21 18 3709  2 86700 25136 1.6 18 12 9 13 27% 262477 297 10%
c W 10.41  0 20 18 4014  2 91030 27784 1.6 18 11 9 13 26% 262477 297 10%
c - 10.97  0 20 19 4465  2 97147 28537 1.6 18 11 9 13 26% 262477 297 10%
c p 10.98  0 20 19 4465  2 97147 28546 1.6 18 11 9 13 26% 262477 297 10%
c u 11.01  0 20 19 4465  2 97147 28522 1.6 18 11 9 13 26% 262477 297 10%
c v 11.02  0 20 19 4465  2 97147 28521 1.6 18 11 9 13 26% 262477 297 10%
c w 11.03  0 20 19 4465  2 97147 28519 1.6 18 11 9 13 26% 262477 297 10%
c x 11.04  0 20 19 4465  2 97147 28517 1.6 18 11 9 13 26% 262464 297 10%
c # 12.17  0 20 19 5418  2 105034 34069 1.5 18 12 9 13 27% 262464 297 10%
c - 12.65  0 19 20 5722  2 108205 31880 1.5 18 12 9 13 27% 262464 297 10%
c p 12.66  0 19 20 5722  2 108205 31885 1.5 18 12 9 13 27% 262464 297 10%
c u 12.69  0 19 20 5722  2 108205 31876 1.5 18 12 9 13 27% 262464 297 10%
c v 12.70  0 19 20 5722  2 108205 31874 1.5 18 12 9 13 27% 262464 297 10%
c w 12.70  0 19 20 5722  2 108205 31873 1.5 18 12 9 13 27% 262464 297 10%
c x 12.72  0 19 20 5722  2 108205 31872 1.5 18 12 9 13 27% 262458 297 10%
c s 13.13  0 19 20 5898  2 110931 33781 1.5 18 12 9 13 27% 262382 297 10%
c 
c  seconds  reductions   conflicts         size   tier2        variables
c         MB     restarts       redundant     glue    trail        remaining
c          level       rate          size/glue  tier1   irredundant
c 
c s 13.18  0 19 20 5898  2 110931 33773 1.5 18 12 9 13 27% 262368 297 10%
c } 13.34  0 19 20 6033  2 111546 34227 1.5 18 12 9 13 27% 262368 297 10%
c [ 13.34  0 21 20 6033  1 111546 34227 1.4 20 15 10 15 33% 262368 297 10%
c - 14.18  0 20 21 6039  1 119874 34826 1.4 20 14 10 15 32% 262368 297 10%
c p 14.19  0 20 21 6039  1 119874 34833 1.4 20 14 10 15 32% 262368 297 10%
c W 14.44  0 20 21 6039  1 120037 34966 1.4 20 14 10 15 32% 262368 297 10%
c - 15.18  0 20 22 6041  1 132155 37016 1.4 20 14 10 15 32% 262368 297 10%
c p 15.19  0 20 22 6041  1 132155 37019 1.4 20 14 10 15 32% 262368 297 10%
c u 15.23  0 20 22 6041  1 132155 36991 1.4 20 14 10 15 32% 262368 297 10%
c v 15.24  0 20 22 6041  1 132155 36990 1.4 20 14 10 15 32% 262368 297 10%
c w 15.25  0 20 22 6041  1 132155 36988 1.4 20 14 10 15 32% 262368 297 10%
c x 15.27  0 20 22 6041  1 132155 36986 1.4 20 14 10 15 32% 262368 297 10%
c I 15.49  0 20 22 6041  1 136038 40169 1.4 20 14 10 15 32% 262368 297 10%
c - 16.03  0 20 23 6041  1 145050 40487 1.4 20 14 9 15 32% 262368 297 10%
c p 16.04  0 20 23 6041  1 145050 40491 1.4 20 14 9 15 32% 262368 297 10%
c ] 16.43  0 19 23 6043  1 149214 42671 1.4 20 14 9 15 31% 262368 297 10%
c { 16.43  0 19 23 6043  2 149214 42671 1.5 18 12 9 13 27% 262368 297 10%
c B 16.90  0 19 23 6327  2 153039 45362 1.5 18 12 9 13 27% 262368 297 10%
c - 17.53  0 19 24 6679  2 158559 44387 1.5 18 12 9 13 27% 262368 297 10%
c p 17.54  0 19 24 6679  2 158559 44395 1.5 18 12 9 13 27% 262368 297 10%
c 
c  seconds  reductions   conflicts         size   tier2        variables
c         MB     restarts       redundant     glue    trail        remaining
c          level       rate          size/glue  tier1   irredundant
c 
c u 17.80  0 19 24 6679  2 158559 44384 1.5 18 12 9 13 27% 262368 297 10%
c v 17.82  0 19 24 6679  2 158559 44383 1.5 18 12 9 13 27% 262368 297 10%
c w 17.83  0 19 24 6679  2 158559 44383 1.5 18 12 9 13 27% 262368 297 10%
c x 17.85  0 19 24 6679  2 158559 44381 1.5 18 12 9 13 27% 262360 297 10%
c W 19.68  0 18 24 7496  2 171041 53481 1.6 18 12 9 13 28% 262360 297 10%
c - 19.98  0 18 25 7804  2 172683 48680 1.6 18 12 9 13 28% 262360 297 10%
c p 19.99  0 18 25 7804  2 172683 48689 1.6 18 12 9 13 28% 262360 297 10%
c u 20.03  0 18 25 7804  2 172683 48661 1.6 18 12 9 13 28% 262360 297 10%
c v 20.05  0 18 25 7804  2 172683 48660 1.6 18 12 9 13 28% 262360 297 10%
c w 20.05  0 18 25 7804  2 172683 48660 1.6 18 12 9 13 28% 262360 297 10%
c x 20.07  0 18 25 7804  2 172683 48660 1.6 18 12 9 13 28% 262359 297 10%
c - 21.91  0 18 26 9249  2 187425 52529 1.5 18 12 9 13 28% 262359 297 10%
c p 21.93  0 18 26 9249  2 187425 52535 1.5 18 12 9 13 28% 262359 297 10%
c u 21.97  0 18 26 9249  2 187425 52514 1.5 18 12 9 13 28% 262359 297 10%
c v 21.99  0 18 26 9249  2 187425 52514 1.5 18 12 9 13 28% 262359 297 10%
c w 22.00  0 18 26 9249  2 187425 52514 1.5 18 12 9 13 28% 262359 297 10%
c } 22.17  0 18 26 9420  2 189221 53704 1.5 18 12 9 13 28% 262359 297 10%
c [ 22.17  0 19 26 9420  1 189221 53704 1.4 20 14 9 15 31% 262359 297 10%
c s 22.19  0 19 26 9420  1 189228 53666 1.4 20 14 9 15 31% 262229 297 10%
c s 22.25  0 19 26 9420  1 189228 53652 1.4 20 14 9 15 31% 262116 297 10%
c 
c  seconds  reductions   conflicts         size   tier2        variables
c         MB     restarts       redundant     glue    trail        remaining
c          level       rate          size/glue  tier1   irredundant
c 
c B 22.37  0 19 26 9420  1 190042 54239 1.4 20 14 9 15 31% 262116 297 10%
c - 23.32  0 19 27 9427  1 202781 55770 1.4 19 14 9 14 30% 262116 297 10%
c p 23.33  0 19 27 9427  1 202781 55776 1.4 19 14 9 14 30% 262116 297 10%
c W 24.21  0 19 27 9432  1 210043 59948 1.4 19 14 9 14 30% 262116 297 10%
c - 25.02  0 18 28 9433  1 218750 59237 1.4 19 14 9 14 30% 262116 297 10%
c p 25.03  0 18 28 9433  1 218750 59243 1.4 19 14 9 14 30% 262116 297 10%
c u 25.09  0 18 28 9433  1 218750 59172 1.4 19 14 9 14 30% 262116 297 10%
c v 25.11  0 18 28 9433  1 218750 59166 1.4 19 14 9 14 30% 262116 297 10%
c w 25.12  0 18 28 9433  1 218750 59166 1.4 19 14 9 14 30% 262116 297 10%
c x 25.16  0 18 28 9433  1 218750 59166 1.4 19 14 9 14 30% 262105 297 10%
c O 26.41  0 17 28 9440  1 231045 66109 1.4 19 13 9 14 29% 262105 297 10%
c - 26.79  0 18 29 9442  1 235335 62619 1.4 19 13 9 14 29% 262105 297 10%
c p 26.80  0 18 29 9442  1 235335 62629 1.4 19 13 9 14 29% 262105 297 10%
c u 26.84  0 18 29 9442  1 235335 62588 1.4 19 13 9 14 29% 262105 297 10%
c v 26.85  0 18 29 9442  1 235335 62584 1.4 19 13 9 14 29% 262105 297 10%
c w 26.86  0 18 29 9442  1 235335 62584 1.4 19 13 9 14 29% 262105 297 10%
c x 26.88  0 18 29 9442  1 235335 62584 1.4 19 13 9 14 29% 262102 297 10%
c ] 26.98  0 18 29 9443  1 237080 63925 1.4 19 13 9 14 29% 262102 297 10%
c { 26.98  0 18 29 9443  2 237080 63925 1.5 18 12 9 13 28% 262102 297 10%
c - 28.76  0 17 30 9968  2 252537 68061 1.5 18 12 9 13 28% 262102 297 10%
c 
c  seconds  reductions   conflicts         size   tier2        variables
c         MB     restarts       redundant     glue    trail        remaining
c          level       rate          size/glue  tier1   irredundant
c 
c p 28.77  0 17 30 9968  2 252537 68067 1.5 18 12 9 13 28% 262102 297 10%
c u 28.81  0 17 30 9968  2 252537 68051 1.5 18 12 9 13 28% 262102 297 10%
c v 28.82  0 17 30 9968  2 252537 68051 1.5 18 12 9 13 28% 262102 297 10%
c w 28.83  0 17 30 9968  2 252537 68051 1.5 18 12 9 13 28% 262102 297 10%
c x 28.84  0 17 30 9968  2 252537 68051 1.5 18 12 9 13 28% 262100 297 10%
c F 28.92  0 17 30 9968  2 253046 68315 1.5 18 12 9 13 28% 262100 297 10%
c - 31.29  0 17 31 11410  2 270357 50364 1.5 18 12 6 11 27% 262100 297 10%
c p 31.30  0 17 31 11410  2 270357 50368 1.5 18 12 6 11 27% 262100 297 10%
c u 31.64  0 17 31 11410  2 270357 50340 1.5 18 12 6 11 27% 262100 297 10%
c v 31.65  0 17 31 11410  2 270357 50339 1.5 18 12 6 11 27% 262100 297 10%
c w 31.66  0 17 31 11410  2 270357 50339 1.5 18 12 6 11 27% 262100 297 10%
c x 31.69  0 17 31 11410  2 270357 50339 1.5 18 12 6 11 27% 262097 297 10%
c B 32.53  0 17 31 12031  2 276047 54730 1.5 18 12 6 11 27% 262097 297 10%
c s 34.08  0 17 31 12778  2 287084 61556 1.5 18 12 6 11 27% 262053 297 10%
c s 34.14  0 17 31 12778  2 287084 61551 1.5 18 12 6 11 27% 261971 297 10%
c - 34.40  0 17 32 12834  2 288794 47710 1.5 18 12 6 11 27% 261971 297 10%
c p 34.41  0 17 32 12834  2 288794 47715 1.5 18 12 6 11 27% 261971 297 10%
c u 34.46  0 17 32 12834  2 288794 47698 1.5 18 12 6 11 27% 261971 297 10%
c v 34.48  0 17 32 12834  2 288794 47690 1.5 18 12 6 11 27% 261971 297 10%
c w 34.48  0 17 32 12834  2 288794 47689 1.5 18 12 6 11 27% 261971 297 10%
c 
c  seconds  reductions    conflicts         size   tier2        variables
c         MB      restarts       redundant     glue    trail        remaining
c          level        rate          size/glue  tier1   irredundant
c 
c x 34.51  0 17 32 12834  2 288794 47689 1.5 18 12 6 11 27% 261969 297 10%
c } 34.63  0 17 32 13012  2 289969 48329 1.5 18 12 6 11 27% 261969 297 10%
c [ 34.63  0 18 32 13012  1 289969 48329 1.4 19 13 9 14 29% 261969 297 10%
c B 35.52  0 18 32 13017  1 300048 54863 1.4 19 13 9 14 29% 261969 297 10%
c - 36.13  0 17 33 13017  1 307847 46575 1.4 19 13 9 14 29% 261969 297 10%
c p 36.14  0 17 33 13017  1 307847 46580 1.4 19 13 9 14 29% 261969 297 10%
c u 36.18  0 17 33 13017  1 307847 46564 1.4 19 13 9 14 29% 261969 297 10%
c v 36.20  0 17 33 13017  1 307847 46560 1.4 19 13 9 14 29% 261969 297 10%
c w 36.20  0 17 33 13017  1 307847 46559 1.4 19 13 9 14 29% 261969 297 10%
c x 36.22  0 17 33 13017  1 307847 46559 1.4 19 13 9 14 29% 261966 297 10%
c W 38.48  0 17 33 13019  1 325049 57391 1.4 18 13 9 14 29% 261966 297 10%
c - 38.77  0 17 34 13019  1 327519 47783 1.4 18 13 9 14 28% 261966 297 10%
c p 38.78  0 17 34 13019  1 327519 47792 1.4 18 13 9 14 28% 261966 297 10%
c u 38.82  0 17 34 13019  1 327519 47784 1.4 18 13 9 14 28% 261966 297 10%
c v 38.84  0 17 34 13019  1 327519 47783 1.4 18 13 9 14 28% 261966 297 10%
c w 38.85  0 17 34 13019  1 327519 47783 1.4 18 13 9 14 28% 261966 297 10%
c x 38.87  0 17 34 13019  1 327519 47783 1.4 18 13 9 14 28% 261959 297 10%
c - 40.51  0 16 35 13019  1 347810 49398 1.4 18 13 8 13 28% 261959 297 10%
c p 40.52  0 16 35 13019  1 347810 49403 1.4 18 13 8 13 28% 261959 297 10%
c u 40.56  0 16 35 13019  1 347810 49379 1.4 18 13 8 13 28% 261958 297 10%
c 
c  seconds  reductions    conflicts         size   tier2        variables
c         MB      restarts       redundant     glue    trail        remaining
c          level        rate          size/glue  tier1   irredundant
c 
c v 40.57  0 16 35 13019  1 347810 49373 1.4 18 13 8 13 28% 261958 297 10%
c w 40.58  0 16 35 13019  1 347810 49372 1.4 18 13 8 13 28% 261958 297 10%
c x 40.60  0 16 35 13019  1 347810 49372 1.4 18 13 8 13 28% 261954 297 10%
c I 40.93  0 16 35 13019  1 351051 51195 1.4 18 13 8 13 28% 261954 297 10%
c ] 41.07  0 16 35 13019  1 352606 52424 1.4 18 13 8 13 28% 261954 297 10%
c { 41.07  0 17 35 13019  2 352606 52424 1.5 18 12 6 11 27% 261954 297 10%
c - 42.88  0 16 36 13950  1 368719 52136 1.5 18 12 6 11 27% 261954 297 10%
c p 42.89  0 16 36 13950  1 368719 52141 1.5 18 12 6 11 27% 261954 297 10%
c u 42.94  0 16 36 13950  1 368719 52122 1.5 18 12 6 11 27% 261954 297 10%
c v 42.96  0 16 36 13950  1 368719 52120 1.5 18 12 6 11 27% 261954 297 10%
c w 42.97  0 16 36 13950  1 368719 52117 1.5 18 12 6 11 27% 261954 297 10%
c x 42.99  0 16 36 13950  1 368719 52115 1.5 18 12 6 11 27% 261948 297 10%
c W 44.40  0 16 36 14200  1 378052 57836 1.5 17 11 6 11 27% 261948 297 10%
c - 46.47  0 16 37 15340  1 390247 55376 1.5 17 11 6 11 27% 261948 297 10%
c p 46.49  0 16 37 15340  1 390247 55385 1.5 17 11 6 11 27% 261948 297 10%
c u 46.55  0 16 37 15340  1 390247 55346 1.5 17 11 6 11 27% 261948 297 10%
c v 46.57  0 16 37 15340  1 390247 55338 1.5 17 11 6 11 27% 261948 297 10%
c w 46.58  0 16 37 15340  1 390247 55337 1.5 17 11 6 11 27% 261948 297 10%
c x 46.61  0 16 37 15340  1 390247 55337 1.5 17 11 6 11 27% 261944 297 10%
c s 48.78  0 16 37 16233  1 404502 64826 1.5 17 11 6 11 27% 261859 297 10%
c 
c  seconds  reductions    conflicts         size   tier2        variables
c         MB      restarts       redundant     glue    trail        remaining
c          level        rate          size/glue  tier1   irredundant
c 
c s 48.85  0 16 37 16233  1 404502 64815 1.5 17 11 6 11 27% 261792 297 10%
c # 49.17  0 16 37 16500  1 406053 65865 1.5 17 12 6 11 27% 261792 297 10%
c - 50.07  0 16 38 17119  1 412397 57612 1.5 17 12 6 11 27% 261792 297 10%
c p 50.08  0 16 38 17119  1 412397 57621 1.5 17 12 6 11 27% 261792 297 10%
c u 50.15  0 16 38 17119  1 412397 57577 1.5 17 12 6 11 27% 261792 297 10%
c v 50.18  0 16 38 17119  1 412397 57570 1.5 17 12 6 11 27% 261792 297 10%
c w 50.19  0 16 38 17119  1 412397 57567 1.5 17 12 6 11 27% 261792 297 10%
c x 50.22  0 16 38 17119  1 412397 57566 1.5 17 12 6 11 27% 261785 297 10%
c } 50.69  0 16 38 17194  1 419299 61171 1.5 17 11 6 11 27% 261785 297 10%
c [ 50.69  0 16 38 17194  1 419299 61171 1.4 18 13 8 13 28% 261785 297 10%
c B 52.31  0 16 38 17201  1 435057 70856 1.4 18 12 8 13 28% 261785 297 10%
c - 52.35  0 16 39 17201  1 435160 60070 1.4 18 12 8 13 28% 261785 297 10%
c p 52.36  0 16 39 17201  1 435160 60075 1.4 18 12 8 13 28% 261785 297 10%
c u 52.69  0 16 39 17201  1 435160 60038 1.4 18 12 8 13 28% 261785 297 10%
c v 52.71  0 16 39 17201  1 435160 60023 1.4 18 12 8 13 28% 261785 297 10%
c w 52.72  0 16 39 17201  1 435160 60022 1.4 18 12 8 13 28% 261785 297 10%
c x 52.74  0 16 39 17201  1 435160 60022 1.4 18 12 8 13 28% 261785 297 10%
c - 54.46  0 15 40 17209  1 458544 60177 1.4 17 12 8 13 27% 261785 297 10%
c p 54.47  0 15 40 17209  1 458544 60182 1.4 17 12 8 13 27% 261785 297 10%
c u 54.51  0 15 40 17209  1 458544 60113 1.4 17 12 8 13 27% 261785 297 10%
c 
c  seconds  reductions    conflicts         size   tier2        variables
c         MB      restarts       redundant     glue    trail        remaining
c          level        rate          size/glue  tier1   irredundant
c 
c v 54.53  0 15 40 17209  1 458544 60111 1.4 17 12 8 13 27% 261785 297 10%
c w 54.54  0 15 40 17209  1 458544 60111 1.4 17 12 8 13 27% 261785 297 10%
c x 54.56  0 15 40 17209  1 458544 60109 1.4 17 12 8 13 27% 261776 297 10%
c W 55.74  0 15 40 17215  1 465058 63854 1.4 17 12 7 13 27% 261776 297 10%
c - 57.34  0 15 41 17223  1 482548 59769 1.4 17 12 7 13 26% 261776 297 10%
c p 57.35  0 15 41 17223  1 482548 59778 1.4 17 12 7 13 26% 261776 297 10%
c u 57.40  0 15 41 17223  1 482548 59693 1.4 17 12 7 13 26% 261776 297 10%
c v 57.42  0 15 41 17223  1 482548 59688 1.4 17 12 7 13 26% 261776 297 10%
c w 57.43  0 15 41 17223  1 482548 59643 1.4 17 12 7 13 26% 261776 297 10%
c x 57.45  0 15 41 17223  1 482548 59643 1.4 17 12 7 13 26% 261775 297 10%
c O 58.51  0 16 41 17225  1 496062 68433 1.4 18 13 7 13 27% 261775 297 10%
c ] 58.96  0 16 41 17225  1 500294 71289 1.4 18 13 7 13 27% 261775 297 10%
c { 58.96  0 16 41 17225  1 500294 71289 1.5 17 11 6 11 27% 261775 297 10%
c - 60.06  0 16 42 17830  1 507171 61717 1.5 17 11 6 11 27% 261775 297 10%
c p 60.08  0 16 42 17830  1 507171 61722 1.5 17 11 6 11 27% 261775 297 10%
c u 60.13  0 16 42 17830  1 507171 61701 1.5 17 11 6 11 27% 261775 297 10%
c v 60.15  0 16 42 17830  1 507171 61689 1.5 17 11 6 11 27% 261775 297 10%
c w 60.16  0 16 42 17830  1 507171 61561 1.5 17 11 6 11 27% 261775 297 10%
c x 60.19  0 16 42 17830  1 507171 61561 1.5 17 11 6 11 27% 261770 297 10%
c B 63.09  0 15 42 19203  1 528063 74725 1.5 17 11 6 11 26% 261770 297 10%
c 
c  seconds  reductions    conflicts         size   tier2        variables
c         MB      restarts       redundant     glue    trail        remaining
c          level        rate          size/glue  tier1   irredundant
c 
c - 63.73  0 15 43 19309  1 532414 56710 1.5 17 11 5 11 26% 261770 297 10%
c p 63.75  0 15 43 19309  1 532414 56715 1.5 17 11 5 11 26% 261770 297 10%
c u 63.81  0 15 43 19309  1 532414 56614 1.5 17 11 5 11 26% 261770 297 10%
c v 63.83  0 15 43 19309  1 532414 56613 1.5 17 11 5 11 26% 261770 297 10%
c w 63.85  0 15 43 19309  1 532414 56612 1.5 17 11 5 11 26% 261770 297 10%
c x 63.88  0 15 43 19309  1 532414 56612 1.5 17 11 5 11 26% 261766 297 10%
c s 64.96  0 15 43 19395  1 541476 62092 1.5 17 11 5 11 26% 261516 297 10%
c s 65.04  0 15 43 19395  1 541476 62072 1.5 17 11 5 11 26% 261375 297 10%
c - 67.39  0 15 44 20431  1 558278 60818 1.5 17 11 5 11 27% 261375 297 10%
c p 67.41  0 15 44 20431  1 558278 60823 1.5 17 11 5 11 27% 261375 297 10%
c u 67.47  0 15 44 20431  1 558278 60767 1.5 17 11 5 11 27% 261375 297 10%
c v 67.49  0 15 44 20431  1 558278 60764 1.5 17 11 5 11 27% 261375 297 10%
c w 67.51  0 15 44 20431  1 558278 60760 1.5 17 11 5 11 27% 261375 297 10%
c x 67.55  0 15 44 20431  1 558278 60759 1.5 17 11 5 11 27% 261371 297 10%
c W 68.50  0 15 44 20431  1 561065 62935 1.5 17 11 5 11 26% 261371 297 10%
c } 71.56  0 15 44 21875  1 579768 75895 1.5 17 11 5 11 26% 261371 297 10%
c [ 71.56  0 16 44 21875  1 579768 75895 1.4 18 13 7 13 27% 261371 297 10%
c - 72.19  0 15 45 21875  1 584752 64913 1.4 18 13 7 13 26% 261371 297 10%
c p 72.21  0 15 45 21875  1 584752 64918 1.4 18 13 7 13 26% 261371 297 10%
c u 72.29  0 15 45 21875  1 584752 64893 1.4 18 13 7 13 26% 261371 297 10%
c 
c  seconds  reductions    conflicts         size   tier2        variables
c         MB      restarts       redundant     glue    trail        remaining
c          level        rate          size/glue  tier1   irredundant
c 
c v 72.31  0 15 45 21875  1 584752 64890 1.4 18 13 7 13 26% 261371 297 10%
c w 72.33  0 15 45 21875  1 584752 64889 1.4 18 13 7 13 26% 261371 297 10%
c x 72.37  0 15 45 21875  1 584752 64889 1.4 18 13 7 13 26% 261364 297 10%
c B 73.21  0 15 45 21881  1 595067 71736 1.4 18 13 7 13 26% 261364 297 10%
c - 74.58  0 15 46 21889  1 611846 62803 1.4 18 13 7 13 26% 261364 297 10%
c p 74.59  0 15 46 21889  1 611846 62812 1.4 18 13 7 13 26% 261364 297 10%
c u 74.66  0 15 46 21889  1 611846 62802 1.4 18 13 7 13 26% 261364 297 10%
c v 74.68  0 15 46 21889  1 611846 62792 1.4 18 13 7 13 26% 261364 297 10%
c w 74.69  0 15 46 21889  1 611846 62792 1.4 18 13 7 13 26% 261364 297 10%
c x 74.72  0 15 46 21889  1 611846 62792 1.4 18 13 7 13 26% 261360 297 10%
c W 76.65  0 15 46 21896  1 630069 72402 1.4 17 13 7 13 25% 261360 297 10%
c - 77.31  0 15 47 21901  1 639563 58169 1.4 17 13 7 13 25% 261360 297 10%
c p 77.32  0 15 47 21901  1 639563 58174 1.4 17 13 7 13 25% 261360 297 10%
c u 77.37  0 15 47 21901  1 639563 58107 1.4 17 13 7 13 25% 261360 297 10%
c v 77.39  0 15 47 21901  1 639563 58101 1.4 17 13 7 13 25% 261360 297 10%
c w 77.40  0 15 47 21901  1 639563 58094 1.4 17 13 7 13 25% 261360 297 10%
c x 77.43  0 15 47 21901  1 639563 58082 1.4 17 13 7 13 25% 261345 297 10%
c I 79.33  0 15 47 21906  1 666070 72224 1.4 17 13 7 13 25% 261345 297 10%
c - 79.56  0 15 48 21906  1 667897 58860 1.4 17 13 7 13 25% 261345 297 10%
c p 79.57  0 15 48 21906  1 667897 58865 1.4 17 13 7 13 25% 261345 297 10%
c 
c  seconds  reductions    conflicts         size   tier2        variables
c         MB      restarts       redundant     glue    trail        remaining
c          level        rate          size/glue  tier1   irredundant
c 
c u 79.78  0 15 48 21906  1 667897 58811 1.4 17 13 7 13 25% 261345 297 10%
c v 79.80  0 15 48 21906  1 667897 58807 1.4 17 13 7 13 25% 261345 297 10%
c w 79.81  0 15 48 21906  1 667897 58741 1.4 17 13 7 13 25% 261345 297 10%
c x 79.84  0 15 48 21906  1 667897 58732 1.4 17 13 7 13 25% 261324 297 10%
c ] 81.44  0 15 48 21907  1 687875 70318 1.4 17 13 7 13 25% 261324 297 10%
c { 81.44  0 15 48 21907  1 687875 70318 1.5 17 11 5 11 26% 261324 297 10%
c - 82.74  0 15 49 22564  1 696853 62009 1.5 17 11 5 11 26% 261324 297 10%
c p 82.76  0 15 49 22564  1 696853 62014 1.5 17 11 5 11 26% 261324 297 10%
c u 82.82  0 15 49 22564  1 696853 61957 1.5 17 11 5 11 26% 261324 297 10%
c v 82.84  0 15 49 22564  1 696853 61955 1.5 17 11 5 11 26% 261324 297 10%
c w 82.85  0 15 49 22564  1 696853 61950 1.5 17 11 5 11 26% 261324 297 10%
c x 82.89  0 15 49 22564  1 696853 61950 1.5 17 11 5 11 26% 261308 297 10%
c s 83.17  0 15 49 22773  1 697980 62681 1.5 17 11 5 11 26% 261191 297 10%
c s 83.27  0 15 49 22773  1 697980 62621 1.5 17 11 5 11 26% 260886 297 10%
c F 84.13  0 15 49 23205  1 703071 65936 1.5 17 11 5 11 26% 260886 297 10%
c - 87.18  0 15 50 24472  1 726429 62665 1.5 16 11 5 10 26% 260886 297 10%
c p 87.20  0 15 50 24472  1 726429 62670 1.5 16 11 5 10 26% 260886 297 10%
c u 87.27  0 15 50 24472  1 726429 62610 1.5 16 11 5 10 26% 260886 297 10%
c v 87.30  0 15 50 24472  1 726429 62606 1.5 16 11 5 10 26% 260886 297 10%
c w 87.31  0 15 50 24472  1 726429 62605 1.5 16 11 5 10 26% 260886 297 10%
c 
c  seconds  reductions    conflicts         size   tier2        variables
c         MB      restarts       redundant     glue    trail        remaining
c          level        rate          size/glue  tier1   irredundant
c 
c x 87.36  0 15 50 24472  1 726429 62605 1.5 16 11 5 10 26% 260883 297 10%
c B 89.32  0 14 50 25043  1 741072 71200 1.5 16 11 5 10 26% 260883 297 10%
c - 91.65  0 14 51 26088  1 756610 66672 1.5 16 11 5 10 26% 260883 297 10%
c p 91.66  0 14 51 26088  1 756610 66681 1.5 16 11 5 10 26% 260883 297 10%
c u 91.73  0 14 51 26088  1 756610 66645 1.5 16 11 5 10 26% 260883 297 10%
c v 91.77  0 14 51 26088  1 756610 66636 1.5 16 11 5 10 26% 260883 297 10%
c w 91.79  0 14 51 26088  1 756610 66633 1.5 16 11 5 10 26% 260883 297 10%
c x 91.83  0 14 51 26088  1 756610 66633 1.5 16 11 5 10 26% 260879 297 10%
c W 96.48  0 14 51 27799  1 780076 81142 1.5 16 11 5 10 25% 260879 297 10%
c } 97.02  0 14 51 28162  1 783862 83379 1.5 16 11 5 10 25% 260879 297 10%
c [ 97.02  0 15 51 28162  1 783862 83379 1.4 17 13 7 13 25% 260879 297 10%
c - 97.36  0 15 52 28162  1 787410 69436 1.4 17 13 7 13 25% 260879 297 10%
c p 97.37  0 15 52 28162  1 787410 69441 1.4 17 13 7 13 25% 260879 297 10%
c u 97.46  0 15 52 28162  1 787410 69362 1.4 17 13 7 13 25% 260879 297 10%
c v 97.49  0 15 52 28162  1 787410 69349 1.4 17 13 7 13 25% 260879 297 10%
c w 97.51  0 15 52 28162  1 787410 69348 1.4 17 13 7 13 25% 260879 297 10%
c x 97.55  0 15 52 28162  1 787410 69348 1.4 17 13 7 13 25% 260873 297 10%
c - 100.16  0 14 53 28163  1 818834 69593 1.4 17 12 7 13 25% 260873 297 10%
c p 100.17  0 14 53 28163  1 818834 69598 1.4 17 12 7 13 25% 260873 297 10%
c u 100.24  0 14 53 28163  1 818834 69567 1.4 17 12 7 13 25% 260873 297 10%
c 
c  seconds   reductions    conflicts         size   tier2        variables
c          MB      restarts       redundant     glue    trail        remaining
c           level        rate          size/glue  tier1   irredundant
c 
c v 100.26  0 14 53 28163  1 818834 69558 1.4 17 12 7 13 25% 260873 297 10%
c w 100.27  0 14 53 28163  1 818834 69558 1.4 17 12 7 13 25% 260873 297 10%
c x 100.31  0 14 53 28163  1 818834 69555 1.4 17 12 7 13 25% 260860 297 10%
c B 100.46  0 14 53 28163  1 820077 70366 1.4 17 12 7 13 25% 260860 297 10%
c - 103.55  0 14 54 28163  1 850877 70505 1.4 17 12 7 13 24% 260860 297 10%
c p 103.56  0 14 54 28163  1 850877 70510 1.4 17 12 7 13 24% 260860 297 10%
c u 103.65  0 14 54 28163  1 850877 70451 1.4 17 12 7 13 24% 260860 297 10%
c v 103.69  0 14 54 28163  1 850877 70441 1.4 17 12 7 13 24% 260860 297 10%
c w 103.70  0 14 54 28163  1 850877 70440 1.4 17 12 7 13 24% 260860 297 10%
c x 103.75  0 14 54 28163  1 850877 70438 1.4 17 12 7 13 24% 260851 297 10%
c W 105.40  0 14 54 28163  1 861079 76179 1.4 17 12 6 12 24% 260851 297 10%
c s 106.72  0 14 54 28167  1 873999 83652 1.4 17 12 6 12 24% 260695 297 10%
c s 106.83  0 14 54 28167  1 873999 83617 1.4 17 12 6 12 24% 260241 297 10%
c - 107.79  0 14 55 28172  1 883539 69995 1.4 17 12 6 12 24% 260241 297 10%
c p 107.81  0 14 55 28172  1 883539 70004 1.4 17 12 6 12 24% 260241 297 10%
c u 107.88  0 14 55 28172  1 883539 69943 1.4 17 12 6 12 24% 260241 297 10%
c v 107.91  0 14 55 28172  1 883539 69935 1.4 17 12 6 12 24% 260241 297 10%
c w 107.93  0 14 55 28172  1 883539 69915 1.4 17 12 6 12 24% 260241 297 10%
c x 107.97  0 14 55 28172  1 883539 69914 1.4 17 12 6 12 24% 260232 297 10%
c O 109.80  0 14 55 28179  1 903082 80545 1.4 16 12 6 12 24% 260232 297 10%
c 
c  seconds   reductions    conflicts         size   tier2        variables
c          MB      restarts       redundant     glue    trail        remaining
c           level        rate          size/glue  tier1   irredundant
c 
c ] 109.92  0 14 55 28180  1 904085 81141 1.4 16 12 6 12 24% 260232 297 10%
c { 109.92  0 14 55 28180  1 904085 81141 1.5 16 11 5 10 25% 260232 297 10%
c - 111.58  0 14 56 28794  1 916798 73349 1.5 16 11 5 10 25% 260232 297 10%
c p 111.60  0 14 56 28794  1 916798 73354 1.5 16 11 5 10 25% 260232 297 10%
c u 111.67  0 14 56 28794  1 916798 73237 1.5 16 11 5 10 25% 260232 297 10%
c v 111.70  0 14 56 28794  1 916798 73226 1.5 16 11 5 10 25% 260232 297 10%
c w 111.71  0 14 56 28794  1 916798 73099 1.5 16 11 5 10 25% 260232 297 10%
c x 111.76  0 14 56 28794  1 916798 73092 1.5 16 11 5 10 25% 260217 297 10%
c # 115.90  0 13 56 30382  1 946083 89743 1.4 16 11 5 10 25% 260217 297 10%
c - 116.68  0 13 57 30527  1 950677 77537 1.4 16 11 5 10 25% 260217 297 10%
c p 116.69  0 13 57 30527  1 950677 77542 1.4 16 11 5 10 25% 260217 297 10%
c u 116.79  0 13 57 30527  1 950677 77478 1.4 16 11 5 10 25% 260217 297 10%
c v 116.82  0 13 57 30527  1 950677 77474 1.4 16 11 5 10 25% 260217 297 10%
c w 116.84  0 13 57 30527  1 950677 77452 1.4 16 11 5 10 25% 260217 297 10%
c x 116.89  0 13 57 30527  1 950677 77447 1.4 16 11 5 10 25% 260194 297 10%
c - 121.04  0 13 58 31795  1 985175 81747 1.4 15 10 5 10 25% 260194 297 10%
c p 121.06  0 13 58 31795  1 985175 81752 1.4 15 10 5 10 25% 260194 297 10%
c u 121.66  0 13 58 31795  1 985175 81631 1.4 15 10 5 10 25% 260194 297 10%
c v 121.70  0 13 58 31795  1 985175 81627 1.4 15 10 5 10 25% 260194 297 10%
c w 121.72  0 13 58 31795  1 985175 81623 1.4 15 10 5 10 25% 260194 297 10%
c 
c  seconds   reductions    conflicts         size   tier2        variables
c          MB      restarts       redundant     glue    trail        remaining
c           level        rate          size/glue  tier1   irredundant
c 
c x 121.77  0 13 58 31795  1 985175 81620 1.4 15 10 5 10 25% 260151 297 10%
c B 122.24  0 13 58 31887  1 990084 84537 1.4 15 10 4 9 25% 260151 297 10%
c - 126.28  0 13 59 33820  1 1020292 72411 1.4 15 10 4 9 25% 260151 297 10%
c p 126.29  0 13 59 33820  1 1020292 72416 1.4 15 10 4 9 25% 260151 297 10%
c u 126.38  0 13 59 33820  1 1020292 72197 1.4 15 10 4 9 25% 260151 297 10%
c v 126.41  0 13 59 33820  1 1020292 72160 1.4 15 10 4 9 25% 260151 297 10%
c w 126.43  0 13 59 33820  1 1020292 72144 1.4 15 10 4 9 25% 260151 297 10%
c x 126.48  0 13 59 33820  1 1020292 72144 1.4 15 10 4 9 25% 260131 297 10%
c } 126.82  0 13 59 34070  1 1023689 74221 1.4 15 10 4 9 25% 260131 297 10%
c [ 126.82  0 14 59 34070  1 1023689 74221 1.4 16 12 6 12 24% 260131 297 10%
c B 127.89  0 14 59 34076  1 1035086 81233 1.4 16 12 6 12 24% 260131 297 10%
c - 129.82  0 13 60 34084  1 1056030 70790 1.4 16 11 6 12 24% 260131 297 10%
c p 129.83  0 13 60 34084  1 1056030 70795 1.4 16 11 6 12 24% 260131 297 10%
c u 129.90  0 13 60 34084  1 1056030 70486 1.4 16 11 6 12 24% 260131 297 10%
c v 129.93  0 13 60 34084  1 1056030 70479 1.4 16 11 6 12 24% 260131 297 10%
c w 129.94  0 13 60 34084  1 1056030 70476 1.4 16 11 6 12 24% 260131 297 10%
c x 129.98  0 13 60 34084  1 1056030 70476 1.4 16 11 6 12 24% 260097 297 10%
c s 131.31  0 13 60 34084  1 1069503 78943 1.4 16 11 6 12 24% 259204 297 10%
c s 131.41  0 13 60 34084  1 1069503 78895 1.4 16 11 6 12 24% 258215 297 10%
c e 131.44  0 13 60 34084  1 1069503 78888 1.4 16 11 6 12 24% 258212 295 10%
c 
c  seconds   reductions     conflicts         size   tier2        variables
c          MB      restarts        redundant     glue    trail        remaining
c           level        rate           size/glue  tier1   irredundant
c 
c W 134.36  0 13 60 34091  1 1081087 85964 1.4 16 11 6 12 24% 258212 295 10%
c - 135.74  0 13 61 34097  1 1092386 71724 1.4 16 11 6 12 24% 258212 295 10%
c p 135.76  0 13 61 34097  1 1092386 71729 1.4 16 11 6 12 24% 258212 295 10%
c u 135.85  0 13 61 34097  1 1092386 71649 1.4 16 11 6 12 24% 258212 295 10%
c v 135.89  0 13 61 34097  1 1092386 71641 1.4 16 11 6 12 24% 258212 295 10%
c w 135.90  0 13 61 34097  1 1092386 71636 1.4 16 11 6 12 24% 258212 295 10%
c x 135.95  0 13 61 34097  1 1092386 71635 1.4 16 11 6 12 24% 258194 295 10%
c I 139.64  0 12 61 34113  1 1128088 91559 1.5 16 11 6 12 24% 258194 295 10%
c - 139.79  0 12 62 34113  1 1129280 70496 1.5 16 11 6 12 24% 258194 295 10%
c p 139.81  0 12 62 34113  1 1129280 70501 1.5 16 11 6 12 24% 258194 295 10%
c u 139.88  0 12 62 34113  1 1129280 70425 1.5 16 11 6 12 24% 258194 295 10%
c v 139.91  0 12 62 34113  1 1129280 70396 1.5 16 11 6 12 24% 258194 295 10%
c w 139.93  0 12 62 34113  1 1129280 70389 1.5 16 11 6 12 24% 258194 295 10%
c x 139.98  0 12 62 34113  1 1129280 70386 1.5 16 11 6 12 24% 258177 295 10%
c i 142.94  0 12 62 34116  1 1158343 85073 1.5 15 10 6 12 24% 258177 294 10%
c ] 143.02  0 12 62 34116  1 1159022 85494 1.5 15 10 6 12 24% 258177 294 10%
c { 143.02  0 13 62 34116  1 1159022 85494 1.4 15 10 4 9 25% 258177 294 10%
c i 143.81  0 12 62 34177  1 1165596 88665 1.4 15 10 4 9 25% 258177 293 10%
c - 143.98  0 12 63 34177  1 1166790 37295 1.4 15 10 4 9 25% 208164 293 10%
c p 143.99  0 12 63 34177  1 1166790 37300 1.4 15 10 4 9 25% 208164 293 10%
c 
c  seconds   reductions     conflicts         size   tier2       variables
c          MB      restarts        redundant     glue   trail        remaining
c           level        rate           size/glue  tier1  irredundant
c 
c u 144.06  0 12 63 34177  1 1166790 37173 1.4 15 10 4 9 25% 208164 293 10%
c v 144.09  0 12 63 34177  1 1166790 37153 1.4 15 10 4 9 25% 208164 293 10%
c w 144.11  0 12 63 34177  1 1166790 37133 1.4 15 10 4 9 25% 208164 293 10%
c x 144.15  0 12 63 34177  1 1166790 37128 1.4 15 10 4 9 25% 208142 293 10%
c W 145.62  0 12 63 34385  1 1176090 42448 1.5 15 10 4 9 24% 208142 293 10%
c i 145.78  0 12 63 34385  1 1177206 42879 1.5 15 10 4 9 24% 208142 292 10%
c i 146.97  0 12 63 34474  1 1191646 49703 1.5 14 10 4 9 24% 208142 290 10%
c i 147.54  0 11 63 34474  1 1198218 52625 1.5 14 10 4 9 24% 208142 289 10%
c i 147.79  0 11 63 34474  1 1201435 54399 1.5 14 9 4 9 24% 208142 288 10%
c - 147.95  0 11 64 34474  1 1202393 27017 1.5 14 9 4 9 24% 151795 288 10%
c 2 147.95  0 11 64 34474  1 1202393 27015 1.5 14 9 4 9 24% 151795 288 10%
c p 147.96  0 11 64 34474  1 1202393 27035 1.5 14 9 4 9 24% 151795 288 10%
c u 148.01  0 11 64 34474  1 1202393 26871 1.5 14 9 4 9 24% 151790 288 10%
c v 148.03  0 11 64 34474  1 1202393 26814 1.5 14 9 4 9 24% 151790 288 10%
c w 148.04  0 11 64 34474  1 1202393 26798 1.5 14 9 4 9 24% 151790 288 10%
c x 148.07  0 11 64 34474  1 1202393 26793 1.5 14 9 4 9 24% 151699 288 10%
c t 148.07  0 11 64 34474  1 1202393 26792 1.5 14 9 4 9 24% 151699 288 10%
c i 148.23  0 11 64 34474  1 1204541 27584 1.5 14 9 4 9 24% 151699 287 10%
c i 148.27  0 11 64 34474  1 1204953 27729 1.5 14 9 4 9 24% 151699 285 10%
c i 148.31  0 11 64 34474  1 1205314 27892 1.5 14 9 4 9 24% 151699 281 10%
c 
c  seconds   reductions     conflicts         size  tier2       variables
c          MB      restarts        redundant     glue  trail        remaining
c           level        rate           size/glue tier1  irredundant
c 
c i 148.35  0 11 64 34474  1 1205875 28097 1.5 14 9 4 9 24% 151699 276  9%
c i 148.37  0 11 64 34474  1 1206220 28202 1.5 14 9 4 9 24% 151699 275  9%
c i 148.37  0 11 64 34474  1 1206318 28225 1.5 14 9 4 9 24% 151699 267  9%
c i 148.38  0 11 64 34474  1 1206365 28240 1.5 14 9 4 9 24% 151699 262  9%
c i 148.38  0 11 64 34474  1 1206370 28243 1.5 14 9 4 9 24% 151699 258  9%
c } 148.38  0 11 64 34474  1 1206389 28247 1.5 14 9 4 9 24% 151699 244  8%
c 0 148.38  0 11 64 34474  1 1206389 28247 1.5 14 9 4 9 24% 151699 244  8%
c 
c --- [ closing proof ] ------------------------------------------------------
c 
c LRAT proof file '/Users/ivanspogreev/earth-moon/lean/data/a4_m13s/leaf1.lrat' closed
c LRAT 1597498 added clauses 48.67%
c LRAT 1684515 deleted clauses 51.33%
c LRAT 286842001 bytes (273.55 MB)
c 
c --- [ result ] -------------------------------------------------------------
c 
s UNSATISFIABLE
c 
c --- [ run-time profiling ] -------------------------------------------------
c 
c process time taken by individual solving procedures
c (percentage relative to process time for solving)
c 
c       138.44   93.43% search
c        73.23   49.42% unstable
c        56.22   37.94% stable
c         9.74    6.57% simplify
c         8.97    6.05% walk
c         5.53    3.73% vivify
c         1.92    1.30% sweep
c         0.65    0.44% subsume
c         0.62    0.42% elim
c         0.42    0.28% probe
c         0.20    0.14% parse
c         0.15    0.10% ternary
c         0.09    0.06% congruence
c         0.03    0.02% lucky
c         0.00    0.00% backbone
c   =================================
c       148.18   99.86% solve
c 
c last line shows process time for solving
c (percentage relative to total process time)
c 
c --- [ statistics ] ---------------------------------------------------------
c 
c chronological:            121542        10.07 %  of conflicts
c conflicts:               1206389      8141.59    per second
c backbone:                  94680      3214.94 %  of vars
c decisions:               1447403      9768.12    per second
c eliminated:                 1849        62.78 %  of all variables
c fixed:                       849        28.83 %  of all variables
c learned:                 1178200        97.66 %  per conflict
c learned_lits:           27331093       100.00 %  learned literals
c minimized:                     0         0.00 %  learned literals
c shrunken:                6275430        22.96 %  learned literals
c minishrunken:            1755050         6.42 %  learned literals
c otfs:                      16074         1.33 %  of conflict
c propagations:           16814323         0.11 M  per second
c reduced:                  634261        52.58 %  per conflict
c rephased:                     48     25133.10    interval
c restarts:                  34474        34.99    interval
c stabilizing:                  11        52.63 %  of conflicts
c substituted:                   2         0.07 %  of all variables
c subsumed:                 453831        31.25 %  of all clauses
c strengthened:              54218         3.73 %  of all clauses
c ticks:               12151509285       738.09    propagation
c vivified:                   7250         0.50 %  of all clauses
c walked:                       15     80425.93    interval
c weakened:                   4466         2.61    average size
c congruence:                   10    120638.90    interval
c 
c seconds are measured in process time for solving
c 
c --- [ glue usage ] ---------------------------------------------------------
c 
c focused glue 4 used 212385 clauses 10.08% accumulated 52.37% tier1
c focused glue 5 used 173054 clauses 8.218% accumulated 60.59%
c focused glue 6-7 used 248747 clauses 11.81% accumulated 72.41%
c focused glue 8 used 107222 clauses 5.092% accumulated 77.50%
c focused glue 9 used 100138 clauses 4.755% accumulated 82.25% tier2
c 
c stable glue 6 used 167234 clauses 6.002% accumulated 57.06% tier1
c stable glue 7 used 148111 clauses 5.316% accumulated 62.37%
c stable glue 8-10 used 463586 clauses 16.64% accumulated 79.01%
c stable glue 11 used 135233 clauses 4.854% accumulated 83.87%
c stable glue 12 used 117859 clauses 4.230% accumulated 88.10% tier2
c 
c 
c --- [ resources ] ----------------------------------------------------------
c 
c total process time since initialization:       148.38    seconds
c total real time since initialization:          149.43    seconds
c maximum resident set size of process:          478.92    MB
c 
c --- [ shutting down ] ------------------------------------------------------
c 
c exit 20
