c --- [ banner ] -------------------------------------------------------------
c 
c CaDiCaL SAT Solver
c Copyright (c) 2016-2026
c A. Biere, M. Fleury, N. Froleyks, K. Fazekas, F. Pollitt, T. Faller
c JKU Linz, University of Freiburg, TU Wien
c 
c Version 3.0.1
c Apple clang version 16.0.0 (clang-1600.0.26.6) -Wall -Wextra -O3 -DNDEBUG -std=c++11 -DNCLOSEFROM
c Sun Jul 19 15:40:55 UTC 2026 Darwin Sonoma-arm64.local 23.6.0 arm64
c 
c --- [ proof tracing ] ------------------------------------------------------
c 
c opening file to write '/Users/ivanspogreev/earth-moon/lean/data/a4_m13s/leaf2.lrat'
c writing non-binary proof trace to '/Users/ivanspogreev/earth-moon/lean/data/a4_m13s/leaf2.lrat'
c 
c --- [ parsing input ] ------------------------------------------------------
c 
c reading DIMACS file from '/Users/ivanspogreev/earth-moon/lean/data/a4_m13s/leaf2.cnf'
c opening file to read '/Users/ivanspogreev/earth-moon/lean/data/a4_m13s/leaf2.cnf'
c found 'p cnf 2945 230290' header
c parsed 230290 clauses in 0.17 seconds process time
c 
c --- [ options ] ------------------------------------------------------------
c 
c   --binary=false                 (different from default 'true')
c   --lrat=true                    (different from default 'false')
c 
c --- [ solving ] ------------------------------------------------------------
c 
c time measured in process time since initialization
c 
c  seconds  reduction conflicts       size tier2       variables
c         MB    restarts   redundant    glue  trail         remaining
c          level     rate       size/glu tier1  irredundant
c 
c *  0.17  0  0 0   0  0    0    0 0.0 0 0 2 6  0% 230140 2904 99%
c )  0.19  0  0 0   0  0    0    0 0.0 0 0 2 6  0% 230140 2904 99%
c {  0.19  0  0 0   0  0    0    0 0.0 0 0 2 6  0% 230140 2904 99%
c i  0.20  0 2175 0   0 154   18    9 1.4 8 6 2 6 77% 230135 2903 99%
c i  0.20  0 2163 0   0 114   25   13 1.4 8 5 2 6 77% 230135 2902 99%
c i  0.20  0 2147 0   0 70   41   25 1.4 8 6 2 6 76% 230132 2900 98%
c i  0.21  0 1144 0   5 28  140   80 1.5 9 6 2 6 44% 230101 2899 98%
c i  0.21  0 1093 0   5 27  147   83 1.5 9 6 2 6 43% 230100 2895 98%
c i  0.21  0 1085 0   5 27  148   83 1.5 9 6 2 6 43% 230100 2891 98%
c i  0.21  0 1055 0   5 26  153   84 1.5 8 6 2 6 42% 230099 2890 98%
c i  0.21  0 998 0   5 25  162   86 1.5 8 5 2 6 40% 230095 2887 98%
c i  0.22  0 677 0  24 37  269  107 1.5 9 6 2 6 34% 230018 2884 98%
c i  0.22  0 670 0  24 36  272  108 1.5 9 6 2 6 34% 230018 2883 98%
c i  0.22  0 661 0  24 36  276  108 1.5 9 6 2 6 33% 230017 2876 98%
c -  0.24  0 610 1  24 33  303   87 1.5 9 6 2 6 32% 229963 2876 98%
c i  0.26  0 452 1  45 28  423  147 1.4 12 8 2 6 29% 229914 2851 97%
c i  0.27  0 440 1  48 27  434  157 1.4 12 9 2 6 29% 229914 2849 97%
c i  0.27  0 426 1  53 27  449  162 1.4 12 9 2 6 28% 229905 2848 97%
c i  0.27  0 423 1  53 27  452  164 1.4 12 9 2 6 28% 229905 2847 97%
c i  0.28  0 369 1  63 25  532  187 1.4 12 8 2 6 27% 229853 2846 97%
c 
c  seconds   reduction conflicts       size  tier2       variables
c         MB     restarts   redundant     glue  trail         remaining
c           level     rate       size/glue tier1  irredundant
c 
c i  0.28  0 368 1  63 25  533  187 1.4 12 8 2 6 27% 229853 2844 97%
c i  0.28  0 366 1  63 25  536  188 1.4 12 8 2 6 27% 229853 2842 97%
c i  0.28  0 365 1  63 25  538  189 1.4 11 8 2 6 27% 229853 2841 96%
c i  0.28  0 364 1  63 25  540  189 1.4 11 8 2 6 26% 229852 2783 94%
c i  0.28  0 360 1  63 24  545  191 1.4 11 8 2 6 26% 229850 2781 94%
c i  0.28  0 356 1  63 24  553  191 1.4 11 8 2 6 27% 229844 2772 94%
c i  0.28  0 352 1  63 24  561  191 1.4 11 8 2 6 27% 229837 2763 94%
c i  0.28  0 349 1  63 24  568  191 1.4 11 8 2 6 27% 229831 2755 94%
c i  0.28  0 348 1  63 24  569  191 1.4 11 8 2 6 27% 229831 2753 93%
c i  0.28  0 342 1  63 23  586  193 1.4 11 8 2 6 28% 229819 2744 93%
c -  0.35  0 246 2  86 16  895  167 1.4 13 9 2 6 31% 229497 2744 93%
c }  0.36  0 227 2 106 16 1001  208 1.4 13 9 2 6 30% 229439 2744 93%
c [  0.36  0  0 2 106  0 1001  208 0.0 0 0 2 6  0% 229439 2744 93%
c O  0.36  0  4 2 106  5 1002  209 3.5 7 2 2 6 19% 229439 2744 93%
c -  0.43  0 53 3 106  1 1912  406 2.1 25 12 2 6 54% 229414 2744 93%
c 2  0.48  0 44 3 107  1 2875 1247 1.7 25 15 2 6 39% 229402 2722 92%
c d  0.49  0 44 3 107  1 2875 1246 1.7 25 15 2 6 39% 229365 2721 92%
c p  0.49  0 44 3 107  1 2875 1248 1.7 25 15 2 6 39% 229365 2721 92%
c =  0.54  0 44 3 107  1 2875 1245 1.7 25 15 2 6 39% 229292 2641 90%
c t  0.54  0 44 3 107  1 2875 1238 1.7 25 15 2 6 39% 229292 2641 90%
c 
c  seconds  reduction conflicts       size   tier2       variables
c         MB    restarts   redundant     glue   trail         remaining
c          level     rate       size/glue  tier1  irredundant
c 
c ]  0.58  0 44 3 107  1 2893 1253 1.7 25 15 2 6 10% 229292 2641 90%
c {  0.58  0 227 3 107 16 2893 1253 1.4 13 9 2 6 34% 229292 2641 90%
c i  0.58  0 217 3 111 15 2947 1268 1.4 13 9 2 6 33% 229257 2640 90%
c i  0.58  0 217 3 111 15 2950 1269 1.4 13 9 2 6 33% 229256 2624 89%
c i  0.58  0 217 3 111 15 2951 1269 1.4 13 9 2 6 33% 229256 2623 89%
c O  0.59  0 208 3 111 15 3003 1307 1.5 13 9 2 6 33% 229249 2623 89%
c i  0.60  0 191 3 114 14 3123 1369 1.5 14 9 2 6 32% 229203 2620 89%
c i  0.60  0 191 3 114 14 3124 1369 1.5 13 9 2 6 32% 229203 2588 88%
c i  0.60  0 191 3 114 14 3125 1369 1.5 13 9 2 6 32% 229203 2524 86%
c i  0.63  0 171 3 127 12 3284 1493 1.5 14 9 2 6 30% 229198 2522 86%
c i  0.64  0 167 3 134 12 3327 1512 1.5 14 10 2 6 30% 229180 2498 85%
c i  0.64  0 166 3 135 12 3328 1512 1.5 14 10 2 6 30% 229180 2491 85%
c -  0.68  0 160 4 154 12 3399  598 1.5 15 10 2 6 29% 229021 2491 85%
c i  0.69  0 157 4 161 12 3428  620 1.5 15 10 2 6 29% 229020 2440 83%
c i  0.69  0 156 4 163 12 3442  629 1.5 15 10 2 6 29% 229020 2439 83%
c i  0.87  0 79 4 367  6 5316 1921 1.5 17 12 10 15 20% 228992 2438 83%
c i  0.87  0 79 4 367  6 5320 1921 1.5 17 12 10 15 20% 228990 2432 83%
c 2  0.87  0 78 4 367  6 5375 1953 1.5 17 12 10 15 20% 228990 2422 82%
c t  0.92  0 78 4 367  6 5375 1949 1.5 17 12 10 15 20% 228907 2422 82%
c -  0.95  0 78 5 367  6 5381 1786 1.5 17 12 10 15 20% 228907 2422 82%
c 
c  seconds  reduction conflicts       size    tier2        variables
c         MB    restarts   redundant     glue     trail         remaining
c          level     rate       size/glue  tier1    irredundant
c 
c #  0.97  0 68 5 375  5 6004 2212 1.5 18 12 10 15 19% 228907 2422 82%
c -  1.09  0 52 6 428  4 7874 3530 1.7 18 11 9 14 20% 228899 2422 82%
c 2  1.10  0 51 6 428  4 7981 3623 1.7 18 11 9 14 20% 228899 2403 82%
c t  1.11  0 51 6 428  4 7981 3621 1.7 18 11 9 14 20% 228903 2403 82%
c i  1.20  0 47 6 620  4 8859 4280 1.6 19 11 9 14 19% 228902 2320 79%
c }  1.20  0 47 6 620  4 8859 4280 1.6 19 11 9 14 19% 228902 2320 79%
c [  1.20  0 44 6 620  1 8859 4280 1.7 25 15 2 6 10% 228902 2320 79%
c I  1.35  0 36 6 621  1 10005 5253 1.7 24 14 9 19 10% 228772 2319 79%
c -  1.45  0 32 7 621  1 10889 4755 1.6 22 14 9 19  9% 228771 2319 79%
c 2  1.45  0 32 7 621  1 10889 4754 1.6 22 14 9 19  9% 228770 2315 79%
c d  1.46  0 32 7 621  1 10889 4752 1.6 22 14 9 19  9% 228752 2306 78%
c k  1.46  0 32 7 621  1 10889 4752 1.6 22 14 9 19  9% 228752 2302 78%
c s  1.66  0 27 7 623  1 12618 5678 1.5 21 14 9 19  9% 228710 2302 78%
c t  1.66  0 27 7 623  1 12618 5670 1.5 21 14 9 19  9% 228691 2302 78%
c e  1.69  0 27 7 623  1 12618 5398 1.5 21 14 9 19  9% 224987 304 10%
c s  1.70  0 27 7 623  1 12618 5398 1.5 21 14 9 19  9% 224983 304 10%
c ]  1.81  0 26 7 624  1 13964 6174 1.5 21 14 8 15  9% 224983 304 10%
c {  1.81  0 47 7 624  4 13964 6174 1.6 19 11 9 14 22% 224983 304 10%
c -  1.92  0 46 8 696  4 14434 5148 1.6 19 12 9 14 21% 224983 304 10%
c u  1.95  0 46 8 696  4 14434 5125 1.6 19 12 9 14 21% 224982 304 10%
c 
c  seconds  reductions conflicts       size   tier2        variables
c         MB    restarts    redundant     glue    trail        remaining
c          level     rate        size/glue  tier1   irredundant
c 
c v  1.96  0 46 8 696  4 14434 5123 1.6 19 12 9 14 21% 224982 304 10%
c w  1.97  0 46 8 696  4 14434 5121 1.6 19 12 9 14 21% 224982 304 10%
c x  1.98  0 46 8 696  4 14434 5121 1.6 19 12 9 14 21% 224980 304 10%
c B  2.05  0 44 8 761  3 15009 5570 1.6 19 12 9 14 20% 224980 304 10%
c -  2.47  0 35 9 1151  3 18494 6443 1.5 18 12 9 14 25% 224980 304 10%
c p  2.47  0 35 9 1151  3 18494 6448 1.5 18 12 9 14 25% 224980 304 10%
c W  2.79  0 33 9 1267  3 21011 8494 1.6 19 12 9 14 30% 224991 304 10%
c -  3.01  0 31 10 1593  3 23089 8531 1.6 19 12 9 14 30% 224991 304 10%
c p  3.02  0 31 10 1593  3 23089 8541 1.6 19 12 9 14 30% 224991 304 10%
c }  3.22  0 29 10 1630  2 25929 10552 1.6 18 12 9 14 27% 224991 304 10%
c [  3.22  0 26 10 1630  1 25929 10552 1.5 21 14 8 15 70% 224991 304 10%
c B  3.30  0 23 10 1631  1 28012 11992 1.5 20 13 8 15 54% 224991 304 10%
c -  3.34  0 23 11 1631  1 28224 10638 1.5 20 13 8 15 53% 224991 304 10%
c t  3.35  0 23 11 1631  1 28224 10637 1.5 20 13 8 15 53% 224989 304 10%
c -  3.60  0 22 12 1634  1 33904 11800 1.4 20 14 8 15 43% 224989 304 10%
c u  3.64  0 22 12 1634  1 33904 11790 1.4 20 14 8 15 43% 224989 304 10%
c v  3.64  0 22 12 1634  1 33904 11788 1.4 20 14 8 15 43% 224989 304 10%
c w  3.65  0 22 12 1634  1 33904 11788 1.4 20 14 8 15 43% 224989 304 10%
c x  3.66  0 22 12 1634  1 33904 11788 1.4 20 14 8 15 43% 224985 304 10%
c W  3.86  0 22 12 1635  1 36013 13443 1.4 21 14 8 15 41% 224985 304 10%
c 
c  seconds  reductions   conflicts        size    tier2        variables
c         MB     restarts      redundant     glue     trail        remaining
c          level       rate         size/glue  tier1    irredundant
c 
c -  4.08  0 22 13 1638  1 40128 13218 1.4 21 15 10 16 39% 224985 304 10%
c p  4.09  0 22 13 1638  1 40128 13219 1.4 21 15 10 16 39% 224985 304 10%
c ]  4.28  0 22 13 1638  1 43560 15611 1.4 21 15 10 16 37% 224985 304 10%
c {  4.28  0 29 13 1638  2 43560 15611 1.6 18 12 9 14 27% 224985 304 10%
c F  4.43  0 28 13 1748  2 45015 16696 1.6 18 12 9 14 28% 224985 304 10%
c -  4.63  0 27 14 1901  2 46900 14563 1.6 18 12 9 14 27% 224985 304 10%
c p  4.64  0 27 14 1901  2 46900 14573 1.6 18 12 9 14 27% 224985 304 10%
c s  5.06  0 25 14 2086  2 50747 17440 1.6 18 11 9 14 28% 224952 304 10%
c s  5.10  0 25 14 2086  2 50747 17435 1.6 18 11 9 14 28% 224936 304 10%
c -  5.28  0 24 15 2111  2 54220 16942 1.6 17 11 9 14 26% 224936 304 10%
c p  5.29  0 24 15 2111  2 54220 16946 1.6 17 11 9 14 26% 224936 304 10%
c u  5.31  0 24 15 2111  2 54220 16900 1.6 17 11 9 14 26% 224936 304 10%
c v  5.32  0 24 15 2111  2 54220 16899 1.6 17 11 9 14 26% 224936 304 10%
c w  5.33  0 24 15 2111  2 54220 16899 1.6 17 11 9 14 26% 224936 304 10%
c x  5.35  0 24 15 2111  2 54220 16899 1.6 17 11 9 14 26% 224936 304 10%
c t  5.35  0 24 15 2111  2 54220 16898 1.6 17 11 9 14 26% 224936 304 10%
c B  5.49  0 24 15 2277  2 55016 17515 1.5 17 11 9 14 26% 224936 304 10%
c -  6.09  0 22 16 2555  2 62090 19917 1.6 17 11 9 14 26% 224936 304 10%
c p  6.10  0 22 16 2555  2 62090 19926 1.6 17 11 9 14 26% 224936 304 10%
c }  6.41  0 22 16 2961  2 64873 21985 1.6 17 11 9 14 27% 224936 304 10%
c 
c  seconds  reductions   conflicts        size    tier2        variables
c         MB     restarts      redundant     glue     trail        remaining
c          level       rate         size/glue  tier1    irredundant
c 
c [  6.41  0 22 16 2961  1 64873 21985 1.4 21 15 10 16 37% 224936 304 10%
c O  6.53  0 22 16 2962  1 66018 22843 1.4 21 15 10 16 37% 224936 304 10%
c -  6.90  0 21 17 2962  1 70511 22798 1.4 20 15 10 16 35% 224936 304 10%
c p  6.91  0 21 17 2962  1 70511 22799 1.4 20 15 10 16 35% 224936 304 10%
c u  6.93  0 21 17 2962  1 70511 22771 1.4 20 15 10 16 35% 224936 304 10%
c v  6.94  0 21 17 2962  1 70511 22771 1.4 20 15 10 16 35% 224936 304 10%
c w  6.95  0 21 17 2962  1 70511 22771 1.4 20 15 10 16 35% 224936 304 10%
c x  6.97  0 21 17 2962  1 70511 22771 1.4 20 15 10 16 35% 224936 304 10%
c B  7.44  0 20 17 2966  1 78021 28306 1.4 20 14 10 15 34% 224936 304 10%
c -  7.56  0 20 18 2967  1 79485 26011 1.4 21 14 10 15 34% 224936 304 10%
c p  7.57  0 20 18 2967  1 79485 26023 1.4 21 14 10 15 34% 224936 304 10%
c ]  8.08  0 20 18 2971  1 88017 32110 1.4 20 14 10 15 33% 224936 304 10%
c {  8.08  0 22 18 2971  2 88017 32110 1.6 17 11 9 14 27% 224936 304 10%
c -  8.21  0 22 19 3074  2 89014 28896 1.6 18 11 9 14 27% 224936 304 10%
c p  8.21  0 22 19 3074  2 89014 28897 1.6 18 11 9 14 27% 224936 304 10%
c u  8.36  0 22 19 3074  2 89014 28881 1.6 18 11 9 14 27% 224936 304 10%
c v  8.37  0 22 19 3074  2 89014 28880 1.6 18 11 9 14 27% 224936 304 10%
c w  8.38  0 22 19 3074  2 89014 28879 1.6 18 11 9 14 27% 224936 304 10%
c t  8.39  0 22 19 3074  2 89014 28878 1.6 18 11 9 14 27% 224936 304 10%
c W  8.74  0 21 19 3367  2 91024 29984 1.6 17 11 9 14 26% 224936 304 10%
c 
c  seconds  reductions   conflicts        size   tier2        variables
c         MB     restarts      redundant     glue    trail        remaining
c          level       rate         size/glue  tier1   irredundant
c 
c -  9.61  0 20 20 4338  2 99097 31412 1.5 18 11 9 14 26% 224936 304 10%
c p  9.62  0 20 20 4338  2 99097 31420 1.5 18 11 9 14 26% 224936 304 10%
c # 10.01  0 20 20 4478  2 105025 35519 1.6 18 11 9 14 26% 224936 304 10%
c s 10.31  0 20 20 4673  2 107935 37661 1.6 18 11 9 14 26% 224859 304 10%
c s 10.35  0 20 20 4673  2 107935 37653 1.6 18 11 9 14 26% 224802 304 10%
c - 10.60  0 20 21 4821  2 109737 34427 1.6 18 11 9 14 26% 224802 304 10%
c p 10.61  0 20 21 4821  2 109737 34430 1.6 18 11 9 14 26% 224802 304 10%
c u 10.65  0 20 21 4821  2 109737 34342 1.6 18 11 9 14 26% 224802 304 10%
c v 10.66  0 20 21 4821  2 109737 34339 1.6 18 11 9 14 26% 224802 304 10%
c w 10.67  0 20 21 4821  2 109737 34337 1.6 18 11 9 14 26% 224802 304 10%
c B 11.68  0 19 21 5602  2 120028 41241 1.6 18 11 9 14 26% 224802 304 10%
c } 11.76  0 19 21 5653  2 120701 41629 1.6 18 11 9 14 26% 224802 304 10%
c [ 11.76  0 20 21 5653  1 120701 41629 1.4 20 14 10 15 33% 224802 304 10%
c - 11.81  0 20 22 5653  1 120931 37536 1.4 20 14 10 15 33% 224802 304 10%
c p 11.82  0 20 22 5653  1 120931 37548 1.4 20 14 10 15 33% 224802 304 10%
c - 12.59  0 20 23 5659  1 132682 40453 1.4 20 14 10 15 32% 224802 304 10%
c p 12.60  0 20 23 5659  1 132682 40454 1.4 20 14 10 15 32% 224802 304 10%
c u 12.64  0 20 23 5659  1 132682 40437 1.4 20 14 10 15 32% 224802 304 10%
c v 12.65  0 20 23 5659  1 132682 40433 1.4 20 14 10 15 32% 224802 304 10%
c w 12.66  0 20 23 5659  1 132682 40433 1.4 20 14 10 15 32% 224802 304 10%
c 
c  seconds  reductions   conflicts         size    tier2        variables
c         MB     restarts       redundant     glue     trail        remaining
c          level       rate          size/glue  tier1    irredundant
c 
c x 12.68  0 20 23 5659  1 132682 40433 1.4 20 14 10 15 32% 224801 304 10%
c W 13.16  0 20 23 5659  1 136033 42443 1.4 20 14 10 15 32% 224801 304 10%
c - 13.71  0 19 24 5660  1 144991 43521 1.4 19 14 9 15 31% 224801 304 10%
c p 13.72  0 19 24 5660  1 144991 43529 1.4 19 14 9 15 31% 224801 304 10%
c I 14.30  0 18 24 5660  1 153033 47620 1.4 19 13 9 15 30% 224801 304 10%
c ] 14.46  0 18 24 5660  1 155576 49694 1.4 19 13 9 15 30% 224801 304 10%
c { 14.46  0 19 24 5660  2 155576 49694 1.6 18 11 9 14 26% 224801 304 10%
c - 14.72  0 19 25 5748  2 157858 47376 1.6 18 11 9 14 26% 224801 304 10%
c p 14.73  0 19 25 5748  2 157858 47377 1.6 18 11 9 14 26% 224801 304 10%
c u 14.93  0 19 25 5748  2 157858 47350 1.6 18 11 9 14 26% 224801 304 10%
c v 14.94  0 19 25 5748  2 157858 47342 1.6 18 11 9 14 26% 224801 304 10%
c w 14.95  0 19 25 5748  2 157858 47341 1.6 18 11 9 14 26% 224801 304 10%
c x 14.97  0 19 25 5748  2 157858 47341 1.6 18 11 9 14 26% 224801 304 10%
c W 17.03  0 18 25 7093  2 171035 56186 1.6 18 11 9 14 26% 224801 304 10%
c - 17.12  0 18 26 7148  2 171284 51661 1.6 18 11 9 14 26% 224801 304 10%
c p 17.14  0 18 26 7148  2 171284 51669 1.6 18 11 9 14 26% 224801 304 10%
c u 17.17  0 18 26 7148  2 171284 51665 1.6 18 11 9 14 26% 224801 304 10%
c v 17.18  0 18 26 7148  2 171284 51663 1.6 18 11 9 14 26% 224801 304 10%
c w 17.19  0 18 26 7148  2 171284 51662 1.6 18 11 9 14 26% 224801 304 10%
c x 17.20  0 18 26 7148  2 171284 51662 1.6 18 11 9 14 26% 224801 304 10%
c 
c  seconds  reductions   conflicts         size   tier2        variables
c         MB     restarts       redundant     glue    trail        remaining
c          level       rate          size/glue  tier1   irredundant
c 
c s 18.87  0 18 26 8692  2 184178 60182 1.5 18 12 9 14 26% 224764 304 10%
c s 18.92  0 18 26 8692  2 184178 60178 1.5 18 12 9 14 26% 224729 304 10%
c - 19.14  0 18 27 8816  2 185269 55516 1.5 18 12 9 14 26% 224729 304 10%
c p 19.16  0 18 27 8816  2 185269 55528 1.5 18 12 9 14 26% 224729 304 10%
c u 19.19  0 18 27 8816  2 185269 55516 1.5 18 12 9 14 26% 224729 304 10%
c v 19.21  0 18 27 8816  2 185269 55516 1.5 18 12 9 14 26% 224729 304 10%
c w 19.22  0 18 27 8816  2 185269 55516 1.5 18 12 9 14 26% 224729 304 10%
c x 19.23  0 18 27 8816  2 185269 55516 1.5 18 12 9 14 26% 224729 304 10%
c F 19.76  0 18 27 9343  2 190037 58835 1.5 18 12 9 14 26% 224729 304 10%
c } 19.76  0 18 27 9346  2 190051 58840 1.5 18 12 9 14 26% 224729 304 10%
c [ 19.76  0 18 27 9346  1 190051 58840 1.4 19 13 9 15 30% 224729 304 10%
c - 20.43  0 18 28 9353  1 199812 59962 1.4 19 13 9 15 30% 224729 304 10%
c p 20.44  0 18 28 9353  1 199812 59970 1.4 19 13 9 15 30% 224729 304 10%
c B 21.16  0 18 28 9359  1 210039 67241 1.4 19 13 8 14 30% 224729 304 10%
c - 21.51  0 18 29 9360  1 214918 63565 1.4 19 14 8 14 30% 224729 304 10%
c p 21.52  0 18 29 9360  1 214918 63573 1.4 19 14 8 14 30% 224729 304 10%
c u 21.57  0 18 29 9360  1 214918 63528 1.4 19 14 8 14 30% 224729 304 10%
c v 21.59  0 18 29 9360  1 214918 63526 1.4 19 14 8 14 30% 224729 304 10%
c w 21.60  0 18 29 9360  1 214918 63526 1.4 19 14 8 14 30% 224729 304 10%
c x 21.62  0 18 29 9360  1 214918 63525 1.4 19 14 8 14 30% 224720 304 10%
c 
c  seconds  reductions   conflicts         size   tier2        variables
c         MB     restarts       redundant     glue    trail        remaining
c          level       rate          size/glue  tier1   irredundant
c 
c - 22.76  0 18 30 9366  1 230582 67095 1.4 19 14 8 14 30% 224720 304 10%
c p 22.78  0 18 30 9366  1 230582 67103 1.4 19 14 8 14 30% 224720 304 10%
c W 23.20  0 18 30 9367  1 231040 67393 1.4 19 14 8 14 30% 224720 304 10%
c ] 23.74  0 18 30 9370  1 238943 72203 1.4 19 13 8 14 29% 224720 304 10%
c { 23.74  0 18 30 9370  2 238943 72203 1.5 18 12 9 14 26% 224720 304 10%
c - 24.74  0 18 31 9843  2 246807 70942 1.5 18 12 9 14 27% 224720 304 10%
c p 24.75  0 18 31 9843  2 246807 70950 1.5 18 12 9 14 27% 224720 304 10%
c u 24.81  0 18 31 9843  2 246807 70893 1.5 18 12 9 14 27% 224720 304 10%
c v 24.83  0 18 31 9843  2 246807 70891 1.5 18 12 9 14 27% 224720 304 10%
c w 24.84  0 18 31 9843  2 246807 70891 1.5 18 12 9 14 27% 224720 304 10%
c x 24.88  0 18 31 9843  2 246807 70890 1.5 18 12 9 14 27% 224711 304 10%
c B 25.65  0 18 31 10532  2 253042 74749 1.5 18 12 9 14 27% 224711 304 10%
c - 26.84  0 17 32 11082  2 263593 75088 1.5 18 12 9 14 27% 224711 304 10%
c p 26.86  0 17 32 11082  2 263593 75096 1.5 18 12 9 14 27% 224711 304 10%
c u 27.15  0 17 32 11082  2 263593 75049 1.5 18 12 9 14 27% 224711 304 10%
c v 27.16  0 17 32 11082  2 263593 75049 1.5 18 12 9 14 27% 224711 304 10%
c w 27.17  0 17 32 11082  2 263593 75048 1.5 18 12 9 14 27% 224711 304 10%
c x 27.19  0 17 32 11082  2 263593 75047 1.5 18 12 9 14 27% 224705 304 10%
c W 29.00  0 17 32 12076  2 276044 83493 1.5 18 12 6 12 27% 224705 304 10%
c s 29.45  0 17 32 12334  2 279478 85916 1.5 18 12 6 12 27% 224663 304 10%
c 
c  seconds  reductions    conflicts         size   tier2        variables
c         MB      restarts       redundant     glue    trail        remaining
c          level        rate          size/glue  tier1   irredundant
c 
c s 29.51  0 17 32 12334  2 279478 85909 1.5 18 12 6 12 27% 224582 304 10%
c - 29.81  0 17 33 12494  2 280941 54708 1.5 18 12 6 12 27% 224582 304 10%
c p 29.82  0 17 33 12494  2 280941 54716 1.5 18 12 6 12 27% 224582 304 10%
c u 29.87  0 17 33 12494  2 280941 54708 1.5 18 12 6 12 27% 224582 304 10%
c v 29.88  0 17 33 12494  2 280941 54708 1.5 18 12 6 12 27% 224582 304 10%
c w 29.89  0 17 33 12494  2 280941 54708 1.5 18 12 6 12 27% 224582 304 10%
c x 29.91  0 17 33 12494  2 280941 54708 1.5 18 12 6 12 27% 224572 304 10%
c } 30.93  0 17 33 13151  1 290980 61277 1.5 18 12 6 12 27% 224572 304 10%
c [ 30.93  0 18 33 13151  1 290980 61277 1.4 19 13 8 14 29% 224572 304 10%
c - 31.50  0 18 34 13156  1 298846 50447 1.4 19 13 8 14 29% 224572 304 10%
c p 31.51  0 18 34 13156  1 298846 50458 1.4 19 13 8 14 29% 224572 304 10%
c u 31.54  0 18 34 13156  1 298846 50443 1.4 19 13 8 14 29% 224572 304 10%
c v 31.55  0 18 34 13156  1 298846 50440 1.4 19 13 8 14 29% 224572 304 10%
c w 31.55  0 18 34 13156  1 298846 50440 1.4 19 13 8 14 29% 224572 304 10%
c x 31.56  0 18 34 13156  1 298846 50440 1.4 19 13 8 14 29% 224564 304 10%
c t 31.56  0 18 34 13156  1 298846 50439 1.4 19 13 8 14 29% 224564 304 10%
c O 31.68  0 18 34 13156  1 300045 51124 1.4 19 13 8 14 29% 224564 304 10%
c - 33.03  0 17 35 13158  1 317313 48901 1.4 18 13 8 14 28% 224564 304 10%
c p 33.04  0 17 35 13158  1 317313 48909 1.4 18 13 8 14 28% 224564 304 10%
c u 33.07  0 17 35 13158  1 317313 48869 1.4 18 13 8 14 28% 224564 304 10%
c 
c  seconds  reductions    conflicts         size   tier2        variables
c         MB      restarts       redundant     glue    trail        remaining
c          level        rate          size/glue  tier1   irredundant
c 
c v 33.08  0 17 35 13158  1 317313 48867 1.4 18 13 8 14 28% 224564 304 10%
c w 33.09  0 17 35 13158  1 317313 48865 1.4 18 13 8 14 28% 224564 304 10%
c x 33.11  0 17 35 13158  1 317313 48864 1.4 18 13 8 14 28% 224563 304 10%
c B 33.65  0 17 35 13158  1 325046 53871 1.4 18 13 8 14 28% 224563 304 10%
c - 34.45  0 16 36 13159  1 336342 49618 1.4 18 13 7 13 28% 224563 304 10%
c p 34.46  0 16 36 13159  1 336342 49626 1.4 18 13 7 13 28% 224563 304 10%
c u 34.49  0 16 36 13159  1 336342 49573 1.4 18 13 7 13 28% 224563 304 10%
c v 34.50  0 16 36 13159  1 336342 49570 1.4 18 13 7 13 28% 224563 304 10%
c w 34.51  0 16 36 13159  1 336342 49570 1.4 18 13 7 13 28% 224563 304 10%
c x 34.52  0 16 36 13159  1 336342 49570 1.4 18 13 7 13 28% 224560 304 10%
c t 34.52  0 16 36 13159  1 336342 49569 1.4 18 13 7 13 28% 224560 304 10%
c W 35.97  0 16 36 13159  1 351049 57421 1.4 18 13 7 13 27% 224560 304 10%
c - 36.29  0 16 37 13159  1 355934 50988 1.4 18 13 7 13 27% 224560 304 10%
c p 36.30  0 16 37 13159  1 355934 50996 1.4 18 13 7 13 27% 224560 304 10%
c u 36.33  0 16 37 13159  1 355934 50959 1.4 18 13 7 13 27% 224560 304 10%
c v 36.34  0 16 37 13159  1 355934 50958 1.4 18 13 7 13 27% 224560 304 10%
c w 36.34  0 16 37 13159  1 355934 50956 1.4 18 13 7 13 27% 224560 304 10%
c x 36.37  0 16 37 13159  1 355934 50956 1.4 18 13 7 13 27% 224551 304 10%
c ] 36.53  0 16 37 13159  1 357920 52193 1.4 18 13 7 13 27% 224551 304 10%
c { 36.53  0 17 37 13159  1 357920 52193 1.5 18 12 6 12 27% 224551 304 10%
c 
c  seconds  reductions    conflicts         size   tier2        variables
c         MB      restarts       redundant     glue    trail        remaining
c          level        rate          size/glue  tier1   irredundant
c 
c - 38.28  0 17 38 14263  1 376091 54599 1.5 18 12 6 12 27% 224551 304 10%
c p 38.29  0 17 38 14263  1 376091 54611 1.5 18 12 6 12 27% 224551 304 10%
c u 38.32  0 17 38 14263  1 376091 54565 1.5 18 12 6 12 27% 224551 304 10%
c v 38.34  0 17 38 14263  1 376091 54562 1.5 18 12 6 12 27% 224551 304 10%
c w 38.34  0 17 38 14263  1 376091 54562 1.5 18 12 6 12 27% 224551 304 10%
c x 38.36  0 17 38 14263  1 376091 54560 1.5 18 12 6 12 27% 224545 304 10%
c # 38.58  0 17 38 14351  1 378051 55784 1.5 18 12 6 12 27% 224545 304 10%
c s 40.45  0 16 38 15349  1 393826 65445 1.5 17 11 6 12 26% 224404 304 10%
c s 40.52  0 16 38 15349  1 393826 65396 1.5 17 11 6 12 26% 224288 304 10%
c - 40.76  0 16 39 15377  1 396811 57266 1.5 17 11 6 12 26% 224288 304 10%
c p 40.77  0 16 39 15377  1 396811 57274 1.5 17 11 6 12 26% 224288 304 10%
c u 40.82  0 16 39 15377  1 396811 57245 1.5 17 11 6 12 26% 224288 304 10%
c v 40.83  0 16 39 15377  1 396811 57243 1.5 17 11 6 12 26% 224288 304 10%
c w 40.84  0 16 39 15377  1 396811 57239 1.5 17 11 6 12 26% 224288 304 10%
c x 40.86  0 16 39 15377  1 396811 57238 1.5 17 11 6 12 26% 224283 304 10%
c B 42.09  0 16 39 16163  1 406053 63436 1.5 17 11 6 11 26% 224283 304 10%
c - 43.71  0 16 40 17028  1 418083 58791 1.5 17 11 6 11 26% 224283 304 10%
c p 43.73  0 16 40 17028  1 418083 58803 1.5 17 11 6 11 26% 224283 304 10%
c u 44.10  0 16 40 17028  1 418083 58745 1.5 17 11 6 11 26% 224283 304 10%
c v 44.12  0 16 40 17028  1 418083 58744 1.5 17 11 6 11 26% 224283 304 10%
c 
c  seconds  reductions    conflicts         size   tier2        variables
c         MB      restarts       redundant     glue    trail        remaining
c          level        rate          size/glue  tier1   irredundant
c 
c w 44.13  0 16 40 17028  1 418083 58740 1.5 17 11 6 11 26% 224283 304 10%
c x 44.16  0 16 40 17028  1 418083 58740 1.5 17 11 6 11 26% 224277 304 10%
c t 44.16  0 16 40 17028  1 418083 58739 1.5 17 11 6 11 26% 224277 304 10%
c } 45.25  0 16 40 17679  1 428014 65077 1.5 17 11 6 11 26% 224277 304 10%
c [ 45.25  0 16 40 17679  1 428014 65077 1.4 18 13 7 13 27% 224277 304 10%
c I 45.79  0 16 40 17683  1 435056 69328 1.4 18 13 7 13 27% 224277 304 10%
c - 46.16  0 16 41 17686  1 439917 60112 1.4 18 13 7 13 27% 224277 304 10%
c p 46.17  0 16 41 17686  1 439917 60120 1.4 18 13 7 13 27% 224277 304 10%
c u 46.21  0 16 41 17686  1 439917 60089 1.4 18 13 7 13 27% 224277 304 10%
c v 46.22  0 16 41 17686  1 439917 60082 1.4 18 13 7 13 27% 224277 304 10%
c w 46.23  0 16 41 17686  1 439917 60043 1.4 18 13 7 13 27% 224277 304 10%
c x 46.25  0 16 41 17686  1 439917 60042 1.4 18 13 7 13 27% 224274 304 10%
c - 47.88  0 16 42 17694  1 462315 61485 1.4 18 13 7 13 27% 224274 304 10%
c p 47.90  0 16 42 17694  1 462315 61493 1.4 18 13 7 13 27% 224274 304 10%
c u 47.94  0 16 42 17694  1 462315 61451 1.4 18 13 7 13 27% 224274 304 10%
c v 47.95  0 16 42 17694  1 462315 61450 1.4 18 13 7 13 27% 224274 304 10%
c w 47.96  0 16 42 17694  1 462315 61424 1.4 18 13 7 13 27% 224274 304 10%
c x 47.98  0 16 42 17694  1 462315 61420 1.4 18 13 7 13 27% 224261 304 10%
c B 48.21  0 16 42 17696  1 465057 63029 1.4 18 13 7 13 27% 224261 304 10%
c - 49.69  0 16 43 17708  1 485276 61029 1.4 18 13 7 13 26% 224261 304 10%
c 
c  seconds  reductions    conflicts         size   tier2        variables
c         MB      restarts       redundant     glue    trail        remaining
c          level        rate          size/glue  tier1   irredundant
c 
c p 49.69  0 16 43 17708  1 485276 61037 1.4 18 13 7 13 26% 224261 304 10%
c u 49.74  0 16 43 17708  1 485276 60999 1.4 18 13 7 13 26% 224261 304 10%
c v 49.75  0 16 43 17708  1 485276 60997 1.4 18 13 7 13 26% 224261 304 10%
c w 49.76  0 16 43 17708  1 485276 60991 1.4 18 13 7 13 26% 224261 304 10%
c x 49.78  0 16 43 17708  1 485276 60990 1.4 18 13 7 13 26% 224257 304 10%
c W 51.50  0 15 43 17709  1 496058 67604 1.4 18 13 7 13 26% 224257 304 10%
c - 52.42  0 15 44 17710  1 508799 62730 1.4 18 13 7 13 26% 224257 304 10%
c p 52.44  0 15 44 17710  1 508799 62738 1.4 18 13 7 13 26% 224257 304 10%
c u 52.48  0 15 44 17710  1 508799 62712 1.4 18 13 7 13 26% 224257 304 10%
c v 52.49  0 15 44 17710  1 508799 62708 1.4 18 13 7 13 26% 224257 304 10%
c w 52.49  0 15 44 17710  1 508799 62705 1.4 18 13 7 13 26% 224257 304 10%
c x 52.51  0 15 44 17710  1 508799 62704 1.4 18 13 7 13 26% 224249 304 10%
c ] 52.72  0 15 44 17710  1 511641 64488 1.4 18 13 7 13 26% 224249 304 10%
c { 52.72  0 16 44 17710  1 511641 64488 1.5 17 11 6 11 26% 224249 304 10%
c s 54.59  0 15 44 18674  1 527205 74344 1.5 17 11 6 11 26% 224118 304 10%
c s 54.66  0 15 44 18674  1 527205 74316 1.5 17 11 6 11 26% 223892 304 10%
c W 54.98  0 15 44 18674  1 528059 74696 1.5 17 11 6 11 26% 223892 304 10%
c - 55.64  0 15 45 19042  1 532885 58067 1.5 17 11 5 11 26% 223892 304 10%
c p 55.65  0 15 45 19042  1 532885 58074 1.5 17 11 5 11 26% 223892 304 10%
c u 55.70  0 15 45 19042  1 532885 58002 1.5 17 11 5 11 26% 223892 304 10%
c 
c  seconds  reductions    conflicts         size   tier2        variables
c         MB      restarts       redundant     glue    trail        remaining
c          level        rate          size/glue  tier1   irredundant
c 
c v 55.72  0 15 45 19042  1 532885 57999 1.5 17 11 5 11 26% 223892 304 10%
c w 55.73  0 15 45 19042  1 532885 57997 1.5 17 11 5 11 26% 223892 304 10%
c x 55.75  0 15 45 19042  1 532885 57996 1.5 17 11 5 11 26% 223879 304 10%
c - 58.64  0 15 46 20761  1 557522 59473 1.5 17 11 5 11 25% 223879 304 10%
c p 58.66  0 15 46 20761  1 557522 59481 1.5 17 11 5 11 25% 223879 304 10%
c u 58.71  0 15 46 20761  1 557522 59405 1.5 17 11 5 11 25% 223879 304 10%
c v 58.72  0 15 46 20761  1 557522 59397 1.5 17 11 5 11 25% 223879 304 10%
c w 58.73  0 15 46 20761  1 557522 59397 1.5 17 11 5 11 25% 223879 304 10%
c x 58.76  0 15 46 20761  1 557522 59396 1.5 17 11 5 11 25% 223872 304 10%
c F 59.31  0 15 46 21226  1 561060 61685 1.5 17 11 5 11 25% 223872 304 10%
c - 61.77  0 15 47 22386  1 582721 62211 1.5 17 11 5 11 25% 223872 304 10%
c p 61.78  0 15 47 22386  1 582721 62219 1.5 17 11 5 11 25% 223872 304 10%
c u 61.83  0 15 47 22386  1 582721 62137 1.5 17 11 5 11 25% 223872 304 10%
c v 61.85  0 15 47 22386  1 582721 62129 1.5 17 11 5 11 25% 223872 304 10%
c w 61.86  0 15 47 22386  1 582721 62126 1.5 17 11 5 11 25% 223872 304 10%
c x 61.89  0 15 47 22386  1 582721 62125 1.5 17 11 5 11 25% 223860 304 10%
c B 63.30  0 15 47 23056  1 595061 70042 1.5 17 11 5 10 25% 223860 304 10%
c } 63.36  0 15 47 23112  1 595428 70304 1.5 17 11 5 10 25% 223860 304 10%
c [ 63.36  0 15 47 23112  1 595428 70304 1.4 18 13 7 13 26% 223860 304 10%
c - 64.47  0 15 48 23119  1 608484 61376 1.4 18 13 7 13 26% 223860 304 10%
c 
c  seconds  reductions    conflicts         size   tier2        variables
c         MB      restarts       redundant     glue    trail        remaining
c          level        rate          size/glue  tier1   irredundant
c 
c p 64.48  0 15 48 23119  1 608484 61388 1.4 18 13 7 13 26% 223860 304 10%
c u 64.53  0 15 48 23119  1 608484 61321 1.4 18 13 7 13 26% 223860 304 10%
c v 64.55  0 15 48 23119  1 608484 61314 1.4 18 13 7 13 26% 223860 304 10%
c w 64.56  0 15 48 23119  1 608484 61314 1.4 18 13 7 13 26% 223860 304 10%
c x 64.58  0 15 48 23119  1 608484 61314 1.4 18 13 7 13 26% 223856 304 10%
c t 64.59  0 15 48 23119  1 608484 61313 1.4 18 13 7 13 26% 223856 304 10%
c O 66.55  0 15 48 23127  1 630064 73687 1.4 17 12 7 13 26% 223856 304 10%
c - 67.01  0 15 49 23130  1 634809 59604 1.4 17 12 7 13 26% 223856 304 10%
c p 67.02  0 15 49 23130  1 634809 59612 1.4 17 12 7 13 26% 223856 304 10%
c u 67.20  0 15 49 23130  1 634809 59563 1.4 17 12 7 13 26% 223856 304 10%
c v 67.22  0 15 49 23130  1 634809 59557 1.4 17 12 7 13 26% 223856 304 10%
c w 67.23  0 15 49 23130  1 634809 59541 1.4 17 12 7 13 26% 223856 304 10%
c x 67.25  0 15 49 23130  1 634809 59541 1.4 17 12 7 13 26% 223851 304 10%
c - 69.28  0 15 50 23142  1 661697 57633 1.4 17 12 6 12 25% 223851 304 10%
c p 69.29  0 15 50 23142  1 661697 57641 1.4 17 12 6 12 25% 223851 304 10%
c u 69.34  0 15 50 23142  1 661697 57623 1.4 17 12 6 12 25% 223851 304 10%
c v 69.35  0 15 50 23142  1 661697 57621 1.4 17 12 6 12 25% 223851 304 10%
c w 69.36  0 15 50 23142  1 661697 57616 1.4 17 12 6 12 25% 223851 304 10%
c x 69.38  0 15 50 23142  1 661697 57615 1.4 17 12 6 12 25% 223842 304 10%
c B 69.78  0 15 50 23143  1 666065 60019 1.4 17 12 6 12 25% 223842 304 10%
c 
c  seconds  reductions    conflicts         size   tier2        variables
c         MB      restarts       redundant     glue    trail        remaining
c          level        rate          size/glue  tier1   irredundant
c 
c s 71.08  0 15 50 23143  1 679598 67371 1.4 17 12 6 12 25% 223638 304 10%
c s 71.16  0 15 50 23143  1 679598 67361 1.4 17 12 6 12 25% 223584 304 10%
c - 72.09  0 14 51 23144  1 689150 58573 1.4 17 12 6 12 25% 223584 304 10%
c p 72.10  0 14 51 23144  1 689150 58581 1.4 17 12 6 12 25% 223584 304 10%
c u 72.15  0 14 51 23144  1 689150 58535 1.4 17 12 6 12 25% 223584 304 10%
c v 72.17  0 14 51 23144  1 689150 58508 1.4 17 12 6 12 25% 223584 304 10%
c w 72.18  0 14 51 23144  1 689150 58490 1.4 17 12 6 12 25% 223584 304 10%
c x 72.22  0 14 51 23144  1 689150 58490 1.4 17 12 6 12 25% 223576 304 10%
c ] 72.33  0 14 51 23144  1 690098 58900 1.4 17 12 6 12 25% 223576 304 10%
c { 72.33  0 15 51 23144  1 690098 58900 1.5 17 11 5 10 25% 223576 304 10%
c W 75.27  0 15 51 24231  1 703066 67177 1.5 17 11 5 10 25% 223576 304 10%
c - 76.76  0 14 52 24886  1 717154 62958 1.5 16 11 5 10 25% 223576 304 10%
c p 76.77  0 14 52 24886  1 717154 62966 1.5 16 11 5 10 25% 223576 304 10%
c u 76.82  0 14 52 24886  1 717154 62921 1.5 16 11 5 10 25% 223576 304 10%
c v 76.84  0 14 52 24886  1 717154 62911 1.5 16 11 5 10 25% 223576 304 10%
c w 76.85  0 14 52 24886  1 717154 62892 1.5 16 11 5 10 25% 223576 304 10%
c x 76.89  0 14 52 24886  1 717154 62890 1.5 16 11 5 10 25% 223569 304 10%
c # 80.12  0 14 52 26802  1 741069 78012 1.5 16 11 5 10 25% 223569 304 10%
c - 80.70  0 14 53 27024  1 745724 65789 1.5 16 11 5 10 25% 223569 304 10%
c p 80.71  0 14 53 27024  1 745724 65801 1.5 16 11 5 10 25% 223569 304 10%
c 
c  seconds  reductions    conflicts         size   tier2        variables
c         MB      restarts       redundant     glue    trail        remaining
c          level        rate          size/glue  tier1   irredundant
c 
c u 80.77  0 14 53 27024  1 745724 65746 1.5 16 11 5 10 25% 223569 304 10%
c v 80.80  0 14 53 27024  1 745724 65744 1.5 16 11 5 10 25% 223569 304 10%
c w 80.81  0 14 53 27024  1 745724 65742 1.5 16 11 5 10 25% 223569 304 10%
c x 80.84  0 14 53 27024  1 745724 65740 1.5 16 11 5 10 25% 223560 304 10%
c - 84.72  0 14 54 29459  1 774858 67765 1.5 16 11 5 10 25% 223560 304 10%
c p 84.73  0 14 54 29459  1 774858 67773 1.5 16 11 5 10 25% 223560 304 10%
c u 84.79  0 14 54 29459  1 774858 67692 1.5 16 11 5 10 25% 223560 304 10%
c v 84.82  0 14 54 29459  1 774858 67688 1.5 16 11 5 10 25% 223560 304 10%
c w 84.83  0 14 54 29459  1 774858 67680 1.5 16 11 5 10 25% 223560 304 10%
c x 84.87  0 14 54 29459  1 774858 67677 1.5 16 11 5 10 25% 223557 304 10%
c B 85.46  0 14 54 29603  1 780071 70860 1.5 16 11 5 10 25% 223557 304 10%
c } 86.16  0 14 54 29758  1 786771 74052 1.4 16 11 5 10 25% 223557 304 10%
c [ 86.16  0 14 54 29758  1 786771 74052 1.4 17 12 6 12 25% 223557 304 10%
c - 87.49  0 15 55 29758  1 804553 68847 1.4 17 12 6 12 25% 223557 304 10%
c p 87.50  0 15 55 29758  1 804553 68855 1.4 17 12 6 12 25% 223557 304 10%
c u 87.56  0 15 55 29758  1 804553 68798 1.4 17 12 6 12 25% 223557 304 10%
c v 87.58  0 15 55 29758  1 804553 68795 1.4 17 12 6 12 25% 223557 304 10%
c w 87.59  0 15 55 29758  1 804553 68793 1.4 17 12 6 12 25% 223557 304 10%
c x 87.62  0 15 55 29758  1 804553 68791 1.4 17 12 6 12 25% 223550 304 10%
c W 89.69  0 15 55 29759  1 820072 78342 1.4 17 12 6 12 25% 223550 304 10%
c 
c  seconds  reductions    conflicts         size   tier2        variables
c         MB      restarts       redundant     glue    trail        remaining
c          level        rate          size/glue  tier1   irredundant
c 
c - 90.94  0 15 56 29759  1 834813 67910 1.4 17 12 6 12 25% 223550 304 10%
c p 90.96  0 15 56 29759  1 834813 67918 1.4 17 12 6 12 25% 223550 304 10%
c u 91.01  0 15 56 29759  1 834813 67885 1.4 17 12 6 12 25% 223550 304 10%
c v 91.04  0 15 56 29759  1 834813 67880 1.4 17 12 6 12 25% 223550 304 10%
c w 91.05  0 15 56 29759  1 834813 67878 1.4 17 12 6 12 25% 223550 304 10%
c x 91.08  0 15 56 29759  1 834813 67876 1.4 17 12 6 12 25% 223541 304 10%
c s 92.37  0 15 56 29759  1 851006 77584 1.4 17 13 6 12 25% 223292 304 10%
c s 92.45  0 15 56 29759  1 851006 77542 1.4 17 13 6 12 25% 222882 304 10%
c I 93.30  0 15 56 29759  1 861073 83317 1.4 17 13 6 12 25% 222882 304 10%
c - 93.74  0 15 57 29759  1 865636 67107 1.4 17 13 6 12 25% 222882 304 10%
c p 93.75  0 15 57 29759  1 865636 67115 1.4 17 13 6 12 25% 222882 304 10%
c u 93.81  0 15 57 29759  1 865636 67093 1.4 17 13 6 12 25% 222882 304 10%
c v 93.84  0 15 57 29759  1 865636 67084 1.4 17 13 6 12 25% 222882 304 10%
c w 93.85  0 15 57 29759  1 865636 67083 1.4 17 13 6 12 25% 222882 304 10%
c x 93.88  0 15 57 29759  1 865636 67083 1.4 17 13 6 12 25% 222879 304 10%
c - 96.25  0 15 58 29771  1 896991 67823 1.4 17 12 6 12 25% 222879 304 10%
c p 96.26  0 15 58 29771  1 896991 67831 1.4 17 12 6 12 25% 222879 304 10%
c u 96.31  0 15 58 29771  1 896991 67784 1.4 17 12 6 12 25% 222879 304 10%
c v 96.33  0 15 58 29771  1 896991 67779 1.4 17 12 6 12 25% 222879 304 10%
c w 96.33  0 15 58 29771  1 896991 67777 1.4 17 12 6 12 25% 222879 304 10%
c 
c  seconds  reductions    conflicts         size   tier2        variables
c         MB      restarts       redundant     glue    trail        remaining
c          level        rate          size/glue  tier1   irredundant
c 
c x 96.36  0 15 58 29771  1 896991 67775 1.4 17 12 6 12 25% 222875 304 10%
c B 96.90  0 15 58 29773  1 903075 71498 1.4 17 12 6 12 25% 222875 304 10%
c ] 97.70  0 15 58 29776  1 913911 78101 1.4 17 12 6 12 25% 222875 304 10%
c { 97.70  0 14 58 29776  1 913911 78101 1.4 16 11 5 10 25% 222875 304 10%
c - 99.47  0 14 59 30468  1 928910 71344 1.4 16 11 5 10 25% 222875 304 10%
c p 99.48  0 14 59 30468  1 928910 71351 1.4 16 11 5 10 25% 222875 304 10%
c u 99.96  0 14 59 30468  1 928910 71226 1.4 16 11 5 10 25% 222875 304 10%
c v 99.99  0 14 59 30468  1 928910 71218 1.4 16 11 5 10 25% 222875 304 10%
c w 100.00  0 14 59 30468  1 928910 71217 1.4 16 11 5 10 25% 222875 304 10%
c x 100.04  0 14 59 30468  1 928910 71216 1.4 16 11 5 10 25% 222869 304 10%
c W 102.65  0 13 59 30984  1 946076 80488 1.4 16 11 5 10 25% 222869 304 10%
c - 104.02  0 13 60 31237  1 961394 75211 1.4 15 11 5 10 25% 222869 304 10%
c p 104.03  0 13 60 31237  1 961394 75218 1.4 15 11 5 10 25% 222869 304 10%
c u 104.10  0 13 60 31237  1 961394 75095 1.4 15 11 5 10 25% 222869 304 10%
c v 104.13  0 13 60 31237  1 961394 75082 1.4 15 11 5 10 25% 222869 304 10%
c w 104.14  0 13 60 31237  1 961394 75077 1.4 15 11 5 10 25% 222869 304 10%
c x 104.17  0 13 60 31237  1 961394 75076 1.4 15 11 5 10 25% 222844 304 10%
c F 107.42  0 13 60 32491  1 990077 92350 1.4 15 11 4 9 24% 222844 304 10%
c - 107.99  0 13 61 32572  1 994440 67657 1.4 15 11 4 9 24% 222844 304 10%
c p 108.00  0 13 61 32572  1 994440 67668 1.4 15 11 4 9 24% 222844 304 10%
c 
c  seconds   reductions    conflicts         size   tier2       variables
c          MB      restarts       redundant     glue   trail        remaining
c           level        rate          size/glue  tier1  irredundant
c 
c u 108.06  0 13 61 32572  1 994440 67609 1.4 15 11 4 9 24% 222844 304 10%
c v 108.09  0 13 61 32572  1 994440 67606 1.4 15 11 4 9 24% 222844 304 10%
c w 108.11  0 13 61 32572  1 994440 67584 1.4 15 11 4 9 24% 222844 304 10%
c x 108.14  0 13 61 32572  1 994440 67580 1.4 15 11 4 9 24% 222831 304 10%
c - 111.87  0 12 62 34053  1 1028047 66273 1.4 15 10 4 9 24% 222831 304 10%
c p 111.88  0 12 62 34053  1 1028047 66281 1.4 15 10 4 9 24% 222831 304 10%
c u 111.95  0 12 62 34053  1 1028047 66232 1.4 15 10 4 9 24% 222831 304 10%
c v 111.98  0 12 62 34053  1 1028047 66220 1.4 15 10 4 9 24% 222831 304 10%
c w 111.99  0 12 62 34053  1 1028047 66220 1.4 15 10 4 9 24% 222831 304 10%
c x 112.04  0 12 62 34053  1 1028047 66217 1.4 15 10 4 9 24% 222765 304 10%
c t 112.04  0 12 62 34053  1 1028047 66217 1.4 15 10 4 9 24% 222764 304 10%
c B 112.84  0 12 62 34763  1 1035078 70318 1.4 15 10 4 9 24% 222764 304 10%
c } 113.46  0 12 62 35326  1 1039707 73071 1.4 15 10 4 9 24% 222764 304 10%
c [ 113.46  0 15 62 35326  1 1039707 73071 1.4 17 12 6 12 25% 222764 304 10%
c s 113.69  0 15 62 35327  1 1041368 73865 1.4 17 12 6 12 25% 222258 304 10%
c s 113.79  0 15 62 35327  1 1041368 73807 1.4 17 12 6 12 25% 221645 304 10%
c - 115.52  0 14 63 35338  1 1062216 65300 1.4 17 12 6 12 25% 221645 304 10%
c p 115.54  0 14 63 35338  1 1062216 65307 1.4 17 12 6 12 25% 221645 304 10%
c u 115.60  0 14 63 35338  1 1062216 65215 1.4 17 12 6 12 25% 221645 304 10%
c v 115.63  0 14 63 35338  1 1062216 65212 1.4 17 12 6 12 25% 221645 304 10%
c 
c  seconds   reductions     conflicts         size   tier2        variables
c          MB      restarts        redundant     glue    trail        remaining
c           level        rate           size/glue  tier1   irredundant
c 
c w 115.64  0 14 63 35338  1 1062216 65209 1.4 17 12 6 12 25% 221645 304 10%
c x 115.68  0 14 63 35338  1 1062216 65209 1.4 17 12 6 12 25% 221607 304 10%
c t 115.69  0 14 63 35338  1 1062216 65209 1.4 17 12 6 12 25% 221605 304 10%
c W 118.26  0 14 63 35340  1 1081082 75686 1.4 17 12 6 12 24% 221605 304 10%
c - 119.47  0 14 64 35347  1 1096887 64424 1.4 16 12 6 12 24% 221605 304 10%
c p 119.49  0 14 64 35347  1 1096887 64431 1.4 16 12 6 12 24% 221605 304 10%
c u 119.55  0 14 64 35347  1 1096887 64340 1.4 16 12 6 12 24% 221605 304 10%
c v 119.59  0 14 64 35347  1 1096887 64335 1.4 16 12 6 12 24% 221605 304 10%
c w 119.60  0 14 64 35347  1 1096887 64335 1.4 16 12 6 12 24% 221605 304 10%
c x 119.64  0 14 64 35347  1 1096887 64335 1.4 16 12 6 12 24% 221593 304 10%
c O 122.23  0 13 64 35361  1 1128083 82132 1.4 16 11 5 12 24% 221593 304 10%
c - 122.61  0 13 65 35362  1 1132118 67014 1.4 16 11 5 12 24% 221593 304 10%
c p 122.63  0 13 65 35362  1 1132118 67021 1.4 16 11 5 12 24% 221593 304 10%
c u 122.69  0 13 65 35362  1 1132118 66892 1.4 16 11 5 12 24% 221593 304 10%
c v 122.72  0 13 65 35362  1 1132118 66887 1.4 16 11 5 12 24% 221593 304 10%
c w 122.73  0 13 65 35362  1 1132118 66886 1.4 16 11 5 12 24% 221593 304 10%
c x 122.77  0 13 65 35362  1 1132118 66886 1.4 16 11 5 12 24% 221589 304 10%
c i 125.35  0 12 65 35371  1 1162159 81368 1.4 15 11 5 12 24% 221589 302 10%
c - 126.00  0 12 66 35371  1 1167909 48507 1.4 15 11 5 12 24% 188833 302 10%
c p 126.01  0 12 66 35371  1 1167909 48514 1.4 15 11 5 12 24% 188833 302 10%
c 
c  seconds   reductions     conflicts         size   tier2        variables
c          MB      restarts        redundant     glue    trail        remaining
c           level        rate           size/glue  tier1   irredundant
c 
c u 126.07  0 12 66 35371  1 1167909 48380 1.4 15 11 5 12 24% 188833 302 10%
c v 126.10  0 12 66 35371  1 1167909 48350 1.4 15 11 5 12 24% 188833 302 10%
c w 126.11  0 12 66 35371  1 1167909 48305 1.4 15 11 5 12 24% 188833 302 10%
c x 126.14  0 12 66 35371  1 1167909 48304 1.4 15 11 5 12 24% 188808 302 10%
c B 126.86  0 12 66 35372  1 1176084 52550 1.4 15 10 5 12 24% 188808 302 10%
c i 127.18  0 12 66 35372  1 1179912 54056 1.4 15 10 5 12 24% 188808 300 10%
c ] 127.62  0 12 66 35372  1 1185842 57119 1.4 15 10 5 11 24% 188808 300 10%
c { 127.62  0 12 66 35372  1 1185842 57119 1.4 15 10 4 9 24% 188808 300 10%
c i 128.20  0 12 66 35392  1 1193424 60609 1.4 15 10 4 9 24% 188808 299 10%
c i 128.55  0 12 66 35405  1 1198498 62845 1.4 14 10 4 9 24% 188808 296 10%
c i 128.71  0 12 66 35405  1 1200478 63862 1.4 14 10 4 9 24% 188808 286 10%
c - 128.92  0 12 67 35405  1 1202384 22728 1.4 14 10 4 9 24% 117022 286 10%
c 2 128.92  0 12 67 35405  1 1202384 22726 1.4 14 10 4 9 24% 117019 286 10%
c p 128.93  0 12 67 35405  1 1202384 22731 1.4 14 10 4 9 24% 117019 285 10%
c d 128.94  0 12 67 35405  1 1202384 22254 1.4 14 10 4 9 24% 114803 282 10%
c 2 128.95  0 12 67 35405  1 1202384 22252 1.4 14 10 4 9 24% 114803 282 10%
c u 128.98  0 12 67 35405  1 1202384 21944 1.4 14 10 4 9 24% 114781 282 10%
c v 129.00  0 12 67 35405  1 1202384 21889 1.4 14 10 4 9 24% 114781 282 10%
c w 129.01  0 12 67 35405  1 1202384 21867 1.4 14 10 4 9 24% 114781 282 10%
c x 129.04  0 12 67 35405  1 1202384 21857 1.4 14 10 4 9 24% 114232 282 10%
c 
c  seconds   reductions     conflicts         size   tier2       variables
c          MB      restarts        redundant     glue   trail        remaining
c           level        rate           size/glue  tier1  irredundant
c 
c t 129.04  0 12 67 35405  1 1202384 21854 1.4 14 10 4 9 24% 114231 282 10%
c i 129.10  0 12 67 35405  1 1203636 22277 1.4 14 10 4 9 24% 114231 278  9%
c i 129.11  0 12 67 35405  1 1203729 22296 1.4 14 10 4 9 24% 114231 276  9%
c i 129.12  0 12 67 35405  1 1203814 22315 1.4 14 10 4 9 24% 114231 275  9%
c i 129.12  0 12 67 35405  1 1203855 22321 1.4 14 10 4 9 24% 114231 274  9%
c i 129.12  0 12 67 35405  1 1203903 22325 1.4 14 10 4 9 24% 114231 270  9%
c i 129.12  0 12 67 35405  1 1203968 22352 1.4 14 10 4 9 24% 114231 266  9%
c i 129.12  0 12 67 35405  1 1203986 22359 1.4 14 10 4 9 24% 114231 238  8%
c } 129.12  0 12 67 35405  1 1203989 22359 1.4 14 10 4 9 24% 114231 224  8%
c 0 129.12  0 12 67 35405  1 1203989 22359 1.4 14 10 4 9 24% 114231 224  8%
c 
c --- [ closing proof ] ------------------------------------------------------
c 
c LRAT proof file '/Users/ivanspogreev/earth-moon/lean/data/a4_m13s/leaf2.lrat' closed
c LRAT 1605606 added clauses 48.60%
c LRAT 1698416 deleted clauses 51.40%
c LRAT 289938627 bytes (276.51 MB)
c 
c --- [ result ] -------------------------------------------------------------
c 
s UNSATISFIABLE
c 
c --- [ run-time profiling ] -------------------------------------------------
c 
c process time taken by individual solving procedures
c (percentage relative to process time for solving)
c 
c       120.57   93.50% search
c        62.80   48.70% unstable
c        50.45   39.12% stable
c         8.38    6.50% simplify
c         7.30    5.66% walk
c         4.67    3.62% vivify
c         1.66    1.29% sweep
c         0.62    0.48% subsume
c         0.50    0.39% elim
c         0.37    0.28% probe
c         0.17    0.13% parse
c         0.14    0.11% ternary
c         0.07    0.06% congruence
c         0.02    0.02% lucky
c         0.00    0.00% backbone
c   =================================
c       128.95   99.87% solve
c 
c last line shows process time for solving
c (percentage relative to total process time)
c 
c --- [ statistics ] ---------------------------------------------------------
c 
c chronological:            123297        10.24 %  of conflicts
c conflicts:               1203989      9336.82    per second
c backbone:                 103865      3526.83 %  of vars
c decisions:               1449148     11238.00    per second
c eliminated:                 1841        62.51 %  of all variables
c fixed:                       866        29.41 %  of all variables
c learned:                 1177242        97.78 %  per conflict
c learned_lits:           27742417       100.00 %  learned literals
c minimized:                     0         0.00 %  learned literals
c shrunken:                6529994        23.54 %  learned literals
c minishrunken:            1769851         6.38 %  learned literals
c otfs:                      14260         1.18 %  of conflict
c propagations:           16741398         0.13 M  per second
c reduced:                  638882        53.06 %  per conflict
c rephased:                     48     25083.10    interval
c restarts:                  35405        34.01    interval
c stabilizing:                  11        53.65 %  of conflicts
c substituted:                  13         0.44 %  of all variables
c subsumed:                 459800        32.51 %  of all clauses
c strengthened:              53583         3.79 %  of all clauses
c ticks:               10781221829       657.35    propagation
c vivified:                   7239         0.51 %  of all clauses
c walked:                       14     85999.21    interval
c weakened:                   4417         2.59    average size
c congruence:                   10    120398.90    interval
c 
c seconds are measured in process time for solving
c 
c --- [ glue usage ] ---------------------------------------------------------
c 
c focused glue 4 used 213325 clauses 10.35% accumulated 52.41% tier1
c focused glue 5 used 168781 clauses 8.191% accumulated 60.60%
c focused glue 6-7 used 231820 clauses 11.25% accumulated 71.85%
c focused glue 8 used 103048 clauses 5.000% accumulated 76.85%
c focused glue 9 used 98035 clauses 4.757% accumulated 81.61% tier2
c 
c stable glue 5 used 203500 clauses 7.085% accumulated 52.23% tier1
c stable glue 6 used 166432 clauses 5.794% accumulated 58.03%
c stable glue 7-9 used 458896 clauses 15.97% accumulated 74.01%
c stable glue 10 used 145651 clauses 5.071% accumulated 79.08%
c stable glue 11 used 134980 clauses 4.699% accumulated 83.78% tier2
c 
c 
c --- [ resources ] ----------------------------------------------------------
c 
c total process time since initialization:       129.12    seconds
c total real time since initialization:          129.91    seconds
c maximum resident set size of process:          453.56    MB
c 
c --- [ shutting down ] ------------------------------------------------------
c 
c exit 20
