c --- [ banner ] -------------------------------------------------------------
c 
c CaDiCaL SAT Solver
c Copyright (c) 2016-2026
c A. Biere, M. Fleury, N. Froleyks, K. Fazekas, F. Pollitt, T. Faller
c JKU Linz, University of Freiburg, TU Wien
c 
c Version 3.0.1
c Apple clang version 16.0.0 (clang-1600.0.26.6) -Wall -Wextra -O3 -DNDEBUG -std=c++11 -DNCLOSEFROM
c Sun Jul 19 15:40:55 UTC 2026 Darwin Sonoma-arm64.local 23.6.0 arm64
c 
c --- [ proof tracing ] ------------------------------------------------------
c 
c opening file to write '/Users/ivanspogreev/earth-moon/lean/data/a4_m13s/leaf16.lrat'
c writing non-binary proof trace to '/Users/ivanspogreev/earth-moon/lean/data/a4_m13s/leaf16.lrat'
c 
c --- [ parsing input ] ------------------------------------------------------
c 
c reading DIMACS file from '/Users/ivanspogreev/earth-moon/lean/data/a4_m13s/leaf16.cnf'
c opening file to read '/Users/ivanspogreev/earth-moon/lean/data/a4_m13s/leaf16.cnf'
c found 'p cnf 2945 222259' header
c parsed 222259 clauses in 0.15 seconds process time
c 
c --- [ options ] ------------------------------------------------------------
c 
c   --binary=false                 (different from default 'true')
c   --lrat=true                    (different from default 'false')
c 
c --- [ solving ] ------------------------------------------------------------
c 
c time measured in process time since initialization
c 
c  seconds  reduction conflicts       size tier2       variables
c         MB    restarts   redundant    glue  trail         remaining
c          level     rate       size/glu tier1  irredundant
c 
c *  0.15  0  0 0   0  0    0    0 0.0 0 0 2 6  0% 222109 2904 99%
c )  0.17  0  0 0   0  0    0    0 0.0 0 0 2 6  0% 222109 2904 99%
c {  0.17  0  0 0   0  0    0    0 0.0 0 0 2 6  0% 222109 2904 99%
c i  0.17  0 2255 0   0 73   36   22 1.7 10 6 2 6 80% 222098 2903 99%
c i  0.17  0 2252 0   0 71   37   22 1.7 10 6 2 6 80% 222098 2902 99%
c i  0.17  0 2249 0   0 69   38   22 1.7 9 5 2 6 80% 222098 2901 99%
c i  0.17  0 2241 0   0 64   41   22 1.7 9 5 2 6 80% 222098 2899 98%
c i  0.18  0 1779 0   2 42   81   48 1.5 10 6 2 6 65% 222089 2898 98%
c i  0.18  0 1757 0   2 41   82   48 1.5 9 6 2 6 64% 222089 2897 98%
c i  0.18  0 1693 0   2 40   85   49 1.5 9 6 2 6 62% 222089 2895 98%
c -  0.19  0 569 1   3 16  307   79 1.6 9 5 2 6 42% 221915 2895 98%
c i  0.20  0 552 1   3 17  320   84 1.5 9 6 2 6 41% 221910 2894 98%
c i  0.20  0 536 1   3 16  332   86 1.5 8 5 2 6 40% 221905 2874 98%
c i  0.20  0 531 1   3 16  335   88 1.5 8 5 2 6 40% 221905 2873 98%
c i  0.21  0 455 1  13 15  399  117 1.5 9 6 2 6 37% 221876 2870 97%
c i  0.21  0 349 1  47 14  535  184 1.5 12 8 2 6 32% 221817 2869 97%
c i  0.21  0 344 1  47 14  544  186 1.5 12 8 2 6 31% 221813 2848 97%
c i  0.21  0 342 1  47 14  548  187 1.5 11 7 2 6 31% 221811 2846 97%
c i  0.21  0 341 1  47 14  549  187 1.5 11 7 2 6 31% 221811 2840 96%
c i  0.21  0 341 1  47 14  550  187 1.5 11 7 2 6 31% 221811 2839 96%
c 
c  seconds   reduction conflicts       size  tier2       variables
c         MB     restarts   redundant     glue  trail         remaining
c           level     rate       size/glue tier1  irredundant
c 
c i  0.21  0 340 1  47 14  551  187 1.5 11 7 2 6 31% 221811 2838 96%
c i  0.21  0 339 1  47 14  552  187 1.5 11 7 2 6 31% 221811 2832 96%
c i  0.21  0 339 1  47 14  553  187 1.5 11 7 2 6 31% 221811 2820 96%
c i  0.21  0 338 1  47 14  554  187 1.5 11 7 2 6 31% 221811 2818 96%
c i  0.22  0 264 1  53 12  778  248 1.5 11 8 2 6 32% 221669 2815 96%
c i  0.22  0 256 1  60 12  827  258 1.5 11 7 2 6 32% 221634 2814 96%
c i  0.23  0 242 1  63 12  892  280 1.5 11 7 2 6 32% 221600 2813 96%
c -  0.26  0 241 2  64 12  896  175 1.5 11 8 2 6 32% 221499 2813 96%
c }  0.27  0 220 2  89 12 1002  237 1.4 13 9 2 6 31% 221472 2813 96%
c [  0.27  0  0 2  89  0 1002  237 0.0 0 0 2 6  0% 221472 2813 96%
c O  0.27  0  1 2  89  2 1003  238 2.0 2 1 2 6  6% 221472 2813 96%
c -  0.32  0 37 3  89  1 1903  338 1.7 25 14 2 6 60% 221455 2813 96%
c ]  0.34  0 37 3  90  1 2224  604 1.7 24 14 2 6 55% 221450 2813 96%
c {  0.34  0 220 3  90 12 2224  604 1.4 13 9 2 6 31% 221450 2813 96%
c i  0.39  0 177 3 153 10 2604  820 1.3 16 12 2 6 29% 221327 2812 95%
c i  0.39  0 175 3 153 10 2617  821 1.3 16 12 2 6 29% 221322 2730 93%
c i  0.40  0 171 3 153 10 2659  835 1.3 16 12 2 6 29% 221302 2729 93%
c i  0.41  0 155 3 163  9 2848  980 1.4 17 12 2 6 29% 221287 2728 93%
c i  0.41  0 155 3 163  9 2855  983 1.4 17 12 2 6 29% 221286 2628 89%
c 2  0.44  0 154 3 165  9 2858  943 1.4 17 12 2 6  8% 221092 2611 89%
c 
c  seconds   reduction conflicts       size   tier2       variables
c         MB     restarts   redundant     glue   trail         remaining
c           level     rate       size/glue  tier1  irredundant
c 
c d  0.45  0 154 3 165  9 2858  943 1.4 17 12 2 6  8% 221059 2610 89%
c p  0.45  0 154 3 165  9 2858  943 1.4 17 12 2 6  8% 221059 2609 89%
c =  0.50  0 154 3 165  9 2858  943 1.4 17 12 2 6  8% 221044 2592 88%
c i  0.51  0 153 3 170  9 2884  960 1.4 17 12 2 6 15% 221040 2580 88%
c i  0.53  0 146 3 190  9 2975 1015 1.4 17 12 2 6 16% 221022 2579 88%
c O  0.53  0 144 3 190  9 3005 1039 1.4 17 12 2 6 17% 221020 2579 88%
c i  0.57  0 126 3 206  8 3312 1273 1.5 18 12 2 6 19% 221009 2578 88%
c -  0.61  0 123 4 220  8 3369  462 1.4 18 13 2 6 19% 220988 2578 88%
c i  0.64  0 113 4 237  7 3603  662 1.5 19 13 2 6 18% 220987 2560 87%
c i  0.65  0 107 4 239  7 3751  771 1.5 19 13 2 6 18% 220987 2479 84%
c i  0.72  0 89 4 322  6 4449 1377 1.5 20 13 2 6 19% 220981 2396 81%
c i  0.73  0 83 4 323  5 4722 1585 1.5 20 13 2 6 18% 220978 2395 81%
c i  0.75  0 76 4 325  5 5147 1877 1.5 20 13 10 16 18% 220966 2296 78%
c }  0.76  0 75 4 325  5 5194 1919 1.5 20 13 10 16 18% 220966 2296 78%
c [  0.76  0 37 4 325  1 5194 1919 1.7 24 14 2 6 61% 220966 2296 78%
c -  0.82  0 35 5 325  1 5319 1795 1.7 24 14 11 17 58% 220656 2293 78%
c 2  0.83  0 35 5 325  1 5359 1827 1.7 24 14 11 17 57% 220655 2282 77%
c d  0.84  0 35 5 325  1 5359 1823 1.7 24 14 11 17 57% 220624 2273 77%
c k  0.84  0 35 5 325  1 5359 1823 1.7 24 14 11 17 57% 220624 2266 77%
c 2  0.84  0 35 5 325  1 5359 1822 1.7 24 14 11 17 57% 220623 2266 77%
c 
c  seconds  reduction conflicts       size    tier2        variables
c         MB    restarts   redundant     glue     trail         remaining
c          level     rate       size/glue  tier1    irredundant
c 
c t  0.88  0 35 5 325  1 5359 1821 1.7 24 14 11 17 57% 220609 2266 77%
c I  0.94  0 31 5 325  1 6006 2361 1.7 23 14 11 17 46% 220603 2266 77%
c -  1.11  0 24 6 326  1 7768 3400 1.6 21 13 8 16 34% 220600 2266 77%
c 2  1.13  0 23 6 326  1 7964 3506 1.6 21 13 8 16 34% 220600 2252 76%
c ]  1.21  0 23 6 327  1 8340 3719 1.6 20 13 8 16  9% 220590 2252 76%
c {  1.21  0 75 6 327  5 8340 3719 1.5 20 13 10 16 21% 220590 2252 76%
c #  1.34  0 57 6 368  4 10008 4817 1.5 19 13 10 15 16% 220590 2252 76%
c -  1.44  0 53 7 440  4 10729 4551 1.5 19 13 10 15 14% 220590 2252 76%
c 2  1.44  0 53 7 440  4 10729 4550 1.5 19 13 10 15 14% 220590 2245 76%
c t  1.49  0 53 7 440  4 10729 4548 1.5 19 13 10 15 14% 220578 2245 76%
c s  1.67  0 45 7 547  3 12518 5665 1.5 18 12 10 15 13% 220539 2245 76%
c t  1.68  0 45 7 547  3 12518 5662 1.5 18 12 10 15 13% 220522 2245 76%
c e  1.71  0 45 7 547  3 12518 5349 1.5 18 12 10 15 13% 216930 282 10%
c s  1.72  0 45 7 547  3 12518 5343 1.5 18 12 10 15 13% 216913 282 10%
c -  1.86  0 41 8 569  3 14207 5414 1.5 18 12 9 14 12% 216912 282 10%
c 2  1.86  0 41 8 569  3 14207 5413 1.5 18 12 9 14 12% 216912 282 10%
c u  1.89  0 41 8 569  3 14207 5402 1.5 18 12 9 14 12% 216906 282 10%
c v  1.90  0 41 8 569  3 14207 5401 1.5 18 12 9 14 12% 216906 282 10%
c w  1.90  0 41 8 569  3 14207 5396 1.5 18 12 9 14 12% 216906 282 10%
c t  1.92  0 41 8 569  3 14207 5395 1.5 18 12 9 14 12% 216906 282 10%
c 
c  seconds  reductions conflicts       size   tier2        variables
c         MB    restarts    redundant     glue    trail        remaining
c          level     rate        size/glue  tier1   irredundant
c 
c B  2.04  0 39 8 631  3 15010 6022 1.5 18 12 9 14 31% 216906 282 10%
c }  2.12  0 37 8 635  3 16100 6841 1.6 18 12 9 14 34% 216906 282 10%
c [  2.12  0 23 8 635  1 16100 6841 1.6 20 13 8 16 75% 216906 282 10%
c -  2.25  0 21 9 637  1 18188 7340 1.6 19 12 8 16 39% 216906 282 10%
c B  2.42  0 18 9 638  1 21011 9303 1.6 18 11 8 16 34% 216916 282 10%
c -  2.54  0 17 10 638  1 22692 9216 1.6 18 11 6 12 34% 216916 282 10%
c t  2.59  0 17 10 638  1 22692 9215 1.6 18 11 6 12 34% 216916 282 10%
c ]  2.73  0 17 10 639  1 25118 10655 1.6 18 11 6 12 33% 216916 282 10%
c {  2.73  0 37 10 639  3 25118 10655 1.6 18 12 9 14 34% 216916 282 10%
c -  2.92  0 33 11 798  2 27723 11137 1.6 18 12 9 14 31% 216916 282 10%
c W  3.11  0 33 11 867  2 28013 11332 1.6 18 12 9 14 31% 216916 282 10%
c -  3.60  0 30 12 1220  2 33287 13668 1.6 19 12 9 14 31% 216916 282 10%
c p  3.60  0 30 12 1220  2 33287 13670 1.6 19 12 9 14 31% 216916 282 10%
c u  3.64  0 30 12 1220  2 33287 13637 1.6 19 12 9 14 31% 216916 282 10%
c v  3.65  0 30 12 1220  2 33287 13635 1.6 19 12 9 14 31% 216916 282 10%
c w  3.66  0 30 12 1220  2 33287 13634 1.6 19 12 9 14 31% 216916 282 10%
c F  3.93  0 28 12 1401  2 36014 15510 1.6 18 12 9 14 30% 216916 282 10%
c }  4.18  0 27 12 1631  2 38862 17430 1.6 18 12 8 13 30% 216916 282 10%
c [  4.18  0 17 12 1631  1 38862 17430 1.6 18 11 6 12 33% 216916 282 10%
c -  4.23  0 16 13 1632  1 39381 13634 1.6 18 11 6 12 32% 216916 282 10%
c 
c  seconds  reductions   conflicts        size   tier2        variables
c         MB     restarts      redundant     glue    trail        remaining
c          level       rate         size/glue  tier1   irredundant
c 
c p  4.23  0 16 13 1632  1 39381 13641 1.6 18 11 6 12 32% 216916 282 10%
c W  4.62  0 18 13 1636  1 45017 17788 1.5 19 12 6 12 33% 216916 282 10%
c -  4.71  0 18 14 1636  1 46010 14499 1.5 19 13 6 12 32% 216916 282 10%
c p  4.71  0 18 14 1636  1 46010 14501 1.5 19 13 6 12 32% 216916 282 10%
c s  5.11  0 18 14 1638  1 50867 17726 1.5 19 13 6 12 31% 216889 282 10%
c s  5.16  0 18 14 1638  1 50867 17722 1.5 19 13 6 12 31% 216880 282 10%
c -  5.37  0 18 15 1638  1 53176 14948 1.4 19 13 6 12 31% 216880 282 10%
c p  5.38  0 18 15 1638  1 53176 14954 1.4 19 13 6 12 31% 216880 282 10%
c u  5.40  0 18 15 1638  1 53176 14921 1.4 19 13 6 12 31% 216880 282 10%
c v  5.41  0 18 15 1638  1 53176 14919 1.4 19 13 6 12 31% 216880 282 10%
c w  5.42  0 18 15 1638  1 53176 14919 1.4 19 13 6 12 31% 216880 282 10%
c x  5.43  0 18 15 1638  1 53176 14919 1.4 19 13 6 12 31% 216880 282 10%
c ]  5.56  0 18 15 1638  1 54924 15790 1.4 19 13 6 12 31% 216880 282 10%
c {  5.56  0 27 15 1638  2 54924 15790 1.6 18 12 8 13 30% 216880 282 10%
c B  5.58  0 27 15 1661  2 55021 15862 1.6 18 12 8 13 30% 216880 282 10%
c -  6.09  0 25 16 2000  2 60878 17128 1.6 18 12 8 13 31% 216880 282 10%
c p  6.09  0 25 16 2000  2 60878 17130 1.6 18 12 8 13 31% 216880 282 10%
c W  6.45  0 23 16 2200  2 66022 20094 1.6 18 12 8 13 30% 216880 282 10%
c -  6.72  0 23 17 2435  2 69120 19542 1.6 18 12 8 13 30% 216880 282 10%
c p  6.73  0 23 17 2435  2 69120 19549 1.6 18 12 8 13 30% 216880 282 10%
c 
c  seconds  reductions   conflicts        size   tier2        variables
c         MB     restarts      redundant     glue    trail        remaining
c          level       rate         size/glue  tier1   irredundant
c 
c u  6.75  0 23 17 2435  2 69120 19535 1.6 18 12 8 13 30% 216880 282 10%
c v  6.76  0 23 17 2435  2 69120 19531 1.6 18 12 8 13 30% 216880 282 10%
c w  6.77  0 23 17 2435  2 69120 19531 1.6 18 12 8 13 30% 216880 282 10%
c -  7.31  0 21 18 2677  2 77901 19990 1.6 18 11 7 12 30% 216880 282 10%
c p  7.31  0 21 18 2677  2 77901 19992 1.6 18 11 7 12 30% 216880 282 10%
c #  7.33  0 21 18 2677  2 78023 20088 1.6 18 11 7 12 30% 216880 282 10%
c }  7.51  0 21 18 2809  2 79502 21178 1.6 18 11 7 12 30% 216880 282 10%
c [  7.51  0 18 18 2809  1 79502 21178 1.4 19 13 6 12 31% 216880 282 10%
c -  7.99  0 18 19 2812  1 87224 20433 1.4 19 13 6 12 30% 216880 282 10%
c p  7.99  0 18 19 2812  1 87224 20441 1.4 19 13 6 12 30% 216880 282 10%
c u  8.13  0 18 19 2812  1 87224 20390 1.4 19 13 6 12 30% 216880 282 10%
c v  8.14  0 18 19 2812  1 87224 20388 1.4 19 13 6 12 30% 216880 282 10%
c w  8.14  0 18 19 2812  1 87224 20388 1.4 19 13 6 12 30% 216880 282 10%
c O  8.37  0 18 19 2815  1 91024 22728 1.4 19 13 6 12 29% 216880 282 10%
c -  8.74  0 18 20 2817  1 97089 19834 1.4 19 14 6 12 30% 216880 282 10%
c p  8.75  0 18 20 2817  1 97089 19836 1.4 19 14 6 12 30% 216880 282 10%
c ]  9.14  0 18 20 2822  1 104125 23811 1.4 19 14 6 12 29% 216880 282 10%
c {  9.14  0 21 20 2822  2 104125 23811 1.6 18 11 7 12 30% 216880 282 10%
c B  9.25  0 21 20 2901  2 105026 24485 1.6 18 11 7 12 30% 216880 282 10%
c -  9.51  0 21 21 3046  2 107496 21237 1.6 18 11 7 12 30% 216880 282 10%
c 
c  seconds  reductions   conflicts         size   tier2        variables
c         MB     restarts       redundant     glue    trail        remaining
c          level       rate          size/glue  tier1   irredundant
c 
c p  9.51  0 21 21 3046  2 107496 21245 1.6 18 11 7 12 30% 216880 282 10%
c u  9.54  0 21 21 3046  2 107496 21224 1.6 18 11 7 12 30% 216880 282 10%
c v  9.55  0 21 21 3046  2 107496 21219 1.6 18 11 7 12 30% 216880 282 10%
c w  9.56  0 21 21 3046  2 107496 21217 1.6 18 11 7 12 30% 216880 282 10%
c x  9.57  0 21 21 3046  2 107496 21217 1.6 18 11 7 12 30% 216879 282 10%
c s  9.72  0 21 21 3230  2 108389 21809 1.6 18 11 7 12 30% 216853 282 10%
c s  9.76  0 21 21 3230  2 108389 21796 1.6 18 11 7 12 30% 216841 282 10%
c - 10.73  0 20 22 4155  2 118447 24333 1.6 18 11 7 12 29% 216841 282 10%
c p 10.73  0 20 22 4155  2 118447 24341 1.6 18 11 7 12 29% 216841 282 10%
c W 11.13  0 20 22 4256  2 120029 25496 1.6 18 11 7 12 29% 216841 282 10%
c - 11.97  0 19 23 4957  2 129943 27832 1.6 18 11 7 12 29% 216841 282 10%
c p 11.98  0 19 23 4957  2 129943 27838 1.6 18 11 7 12 29% 216841 282 10%
c u 12.02  0 19 23 4957  2 129943 27772 1.6 18 11 7 12 29% 216841 282 10%
c v 12.04  0 19 23 4957  2 129943 27769 1.6 18 11 7 12 29% 216841 282 10%
c w 12.05  0 19 23 4957  2 129943 27769 1.6 18 11 7 12 29% 216841 282 10%
c } 12.30  0 19 23 4971  2 134805 31170 1.6 18 11 7 12 30% 216841 282 10%
c [ 12.30  0 18 23 4971  1 134805 31170 1.4 19 14 6 12 29% 216841 282 10%
c B 12.37  0 18 23 4972  1 136030 31983 1.4 19 14 6 12 29% 216841 282 10%
c - 12.70  0 18 24 4973  1 141982 30463 1.4 19 14 8 14 30% 216841 282 10%
c p 12.71  0 18 24 4973  1 141982 30467 1.4 19 14 8 14 30% 216841 282 10%
c 
c  seconds  reductions   conflicts         size   tier2        variables
c         MB     restarts       redundant     glue    trail        remaining
c          level       rate          size/glue  tier1   irredundant
c 
c W 13.44  0 18 24 4974  1 153033 37266 1.4 19 14 8 14 30% 216841 282 10%
c - 13.55  0 18 25 4974  1 154570 30486 1.4 19 14 8 14 30% 216841 282 10%
c p 13.56  0 18 25 4974  1 154570 30492 1.4 19 14 8 14 30% 216841 282 10%
c u 13.72  0 18 25 4974  1 154570 30469 1.4 19 14 8 14 30% 216841 282 10%
c v 13.73  0 18 25 4974  1 154570 30459 1.4 19 14 8 14 30% 216841 282 10%
c w 13.74  0 18 25 4974  1 154570 30458 1.4 19 14 8 14 30% 216841 282 10%
c - 14.62  0 19 26 4977  1 167702 33046 1.4 20 14 8 14 31% 216841 282 10%
c p 14.63  0 19 26 4977  1 167702 33050 1.4 20 14 8 14 31% 216841 282 10%
c I 14.84  0 19 26 4980  1 171036 35456 1.4 20 14 8 14 31% 216841 282 10%
c ] 14.86  0 19 26 4980  1 171241 35604 1.4 20 14 8 14 31% 216841 282 10%
c { 14.86  0 19 26 4980  2 171241 35604 1.6 18 11 7 12 30% 216841 282 10%
c - 15.65  0 19 27 5435  1 181380 36785 1.7 18 11 7 12 30% 216841 282 10%
c p 15.66  0 19 27 5435  1 181380 36791 1.7 18 11 7 12 30% 216841 282 10%
c u 15.69  0 19 27 5435  1 181380 36760 1.7 18 11 7 12 30% 216841 282 10%
c v 15.70  0 19 27 5435  1 181380 36758 1.7 18 11 7 12 30% 216841 282 10%
c w 15.71  0 19 27 5435  1 181380 36758 1.7 18 11 7 12 30% 216841 282 10%
c x 15.73  0 19 27 5435  1 181380 36758 1.7 18 11 7 12 30% 216840 282 10%
c s 16.29  0 18 27 5960  2 185083 39082 1.6 18 11 7 12 30% 216816 282 10%
c s 16.33  0 18 27 5960  2 185083 39051 1.6 18 11 7 12 30% 216584 282 10%
c F 16.84  0 18 27 6177  1 190038 42517 1.6 18 11 7 12 30% 216584 282 10%
c 
c  seconds  reductions   conflicts         size   tier2        variables
c         MB     restarts       redundant     glue    trail        remaining
c          level       rate          size/glue  tier1   irredundant
c 
c - 17.49  0 18 28 6734  1 195606 40261 1.6 18 11 7 12 30% 216584 282 10%
c p 17.50  0 18 28 6734  1 195606 40269 1.6 18 11 7 12 30% 216584 282 10%
c u 17.54  0 18 28 6734  1 195606 40217 1.6 18 11 7 12 30% 216584 282 10%
c v 17.55  0 18 28 6734  1 195606 40209 1.6 18 11 7 12 30% 216584 282 10%
c w 17.56  0 18 28 6734  1 195606 40209 1.6 18 11 7 12 30% 216584 282 10%
c } 18.84  0 17 28 7732  1 207017 47514 1.6 18 11 6 11 29% 216584 282 10%
c [ 18.84  0 19 28 7732  1 207017 47514 1.4 20 14 8 14 31% 216584 282 10%
c B 19.03  0 19 28 7733  1 210041 49318 1.4 20 14 8 14 31% 216584 282 10%
c - 19.08  0 19 29 7733  1 210372 37260 1.4 20 14 8 14 31% 216584 282 10%
c p 19.09  0 19 29 7733  1 210372 37267 1.4 20 14 8 14 31% 216584 282 10%
c u 19.12  0 19 29 7733  1 210372 37241 1.4 20 14 8 14 31% 216584 282 10%
c v 19.13  0 19 29 7733  1 210372 37238 1.4 20 14 8 14 31% 216584 282 10%
c w 19.13  0 19 29 7733  1 210372 37237 1.4 20 14 8 14 31% 216584 282 10%
c x 19.15  0 19 29 7733  1 210372 37237 1.4 20 14 8 14 31% 216581 282 10%
c - 20.19  0 19 30 7741  1 225687 37603 1.4 20 14 8 14 31% 216581 282 10%
c p 20.20  0 19 30 7741  1 225687 37611 1.4 20 14 8 14 31% 216581 282 10%
c W 21.01  0 19 30 7741  1 231043 41286 1.4 20 14 8 14 31% 216581 282 10%
c - 21.71  0 19 31 7747  1 241548 37643 1.4 20 14 8 14 31% 216581 282 10%
c p 21.72  0 19 31 7747  1 241548 37651 1.4 20 14 8 14 31% 216581 282 10%
c u 21.77  0 19 31 7747  1 241548 37612 1.4 20 14 8 14 31% 216581 282 10%
c 
c  seconds  reductions   conflicts         size   tier2        variables
c         MB     restarts       redundant     glue    trail        remaining
c          level       rate          size/glue  tier1   irredundant
c 
c v 21.78  0 19 31 7747  1 241548 37603 1.4 20 14 8 14 31% 216581 282 10%
c w 21.79  0 19 31 7747  1 241548 37602 1.4 20 14 8 14 31% 216581 282 10%
c x 21.81  0 19 31 7747  1 241548 37602 1.4 20 14 8 14 31% 216575 282 10%
c ] 22.59  0 18 31 7752  1 251439 44062 1.4 20 14 8 14 30% 216575 282 10%
c { 22.59  0 17 31 7752  1 251439 44062 1.6 18 11 6 11 29% 216575 282 10%
c B 22.83  0 17 31 8052  1 253045 45137 1.6 18 11 6 11 29% 216575 282 10%
c - 23.48  0 17 32 8652  2 257957 37427 1.6 18 11 6 11 29% 216575 282 10%
c p 23.49  0 17 32 8652  2 257957 37433 1.6 18 11 6 11 29% 216575 282 10%
c u 23.75  0 17 32 8652  2 257957 37408 1.6 18 11 6 11 29% 216575 282 10%
c v 23.76  0 17 32 8652  2 257957 37407 1.6 18 11 6 11 29% 216575 282 10%
c w 23.76  0 17 32 8652  2 257957 37402 1.6 18 11 6 11 29% 216575 282 10%
c x 23.78  0 17 32 8652  2 257957 37402 1.6 18 11 6 11 29% 216572 282 10%
c - 25.66  0 17 33 10302  1 274915 40750 1.6 18 11 6 11 29% 216572 282 10%
c p 25.67  0 17 33 10302  1 274915 40758 1.6 18 11 6 11 29% 216572 282 10%
c u 25.71  0 17 33 10302  1 274915 40702 1.6 18 11 6 11 29% 216572 282 10%
c v 25.72  0 17 33 10302  1 274915 40698 1.6 18 11 6 11 29% 216572 282 10%
c w 25.73  0 17 33 10302  1 274915 40697 1.6 18 11 6 11 29% 216572 282 10%
c x 25.75  0 17 33 10302  1 274915 40697 1.6 18 11 6 11 29% 216570 282 10%
c W 26.14  0 17 33 10471  1 276046 41343 1.6 18 11 6 11 29% 216570 282 10%
c s 26.53  0 17 33 10614  1 280934 44358 1.6 18 11 6 11 29% 216398 282 10%
c 
c  seconds  reductions    conflicts         size   tier2        variables
c         MB      restarts       redundant     glue    trail        remaining
c          level        rate          size/glue  tier1   irredundant
c 
c s 26.58  0 17 33 10614  1 280934 44352 1.6 18 11 6 11 29% 216350 282 10%
c - 27.96  0 17 34 11784  1 292422 44255 1.6 18 11 6 11 29% 216350 282 10%
c p 27.97  0 17 34 11784  1 292422 44260 1.6 18 11 6 11 29% 216350 282 10%
c u 28.00  0 17 34 11784  1 292422 44228 1.6 18 11 6 11 29% 216349 282 10%
c v 28.02  0 17 34 11784  1 292422 44226 1.6 18 11 6 11 29% 216349 282 10%
c w 28.02  0 17 34 11784  1 292422 44221 1.6 18 11 6 11 29% 216349 282 10%
c x 28.04  0 17 34 11784  1 292422 44220 1.6 18 11 6 11 29% 216349 282 10%
c } 28.33  0 16 34 12047  1 294706 45722 1.5 18 11 6 11 29% 216349 282 10%
c [ 28.33  0 18 34 12047  1 294706 45722 1.4 20 14 8 14 30% 216349 282 10%
c O 28.69  0 18 34 12050  1 300047 48967 1.4 20 14 8 14 30% 216349 282 10%
c - 29.42  0 18 35 12051  1 310471 44956 1.4 19 14 8 14 29% 216349 282 10%
c p 29.42  0 18 35 12051  1 310471 44966 1.4 19 14 8 14 29% 216349 282 10%
c u 29.45  0 18 35 12051  1 310471 44952 1.4 19 14 8 14 29% 216349 282 10%
c v 29.46  0 18 35 12051  1 310471 44946 1.4 19 14 8 14 29% 216349 282 10%
c w 29.47  0 18 35 12051  1 310471 44940 1.4 19 14 8 14 29% 216349 282 10%
c x 29.49  0 18 35 12051  1 310471 44939 1.4 19 14 8 14 29% 216348 282 10%
c B 30.60  0 18 35 12052  1 325050 53823 1.4 19 13 8 14 29% 216348 282 10%
c - 30.85  0 18 36 12053  1 329068 45969 1.4 19 13 8 14 29% 216348 282 10%
c p 30.86  0 18 36 12053  1 329068 45979 1.4 19 13 8 14 29% 216348 282 10%
c u 30.89  0 18 36 12053  1 329068 45951 1.4 19 13 8 14 29% 216348 282 10%
c 
c  seconds  reductions    conflicts         size   tier2        variables
c         MB      restarts       redundant     glue    trail        remaining
c          level        rate          size/glue  tier1   irredundant
c 
c v 30.90  0 18 36 12053  1 329068 45949 1.4 19 13 8 14 29% 216348 282 10%
c w 30.91  0 18 36 12053  1 329068 45947 1.4 19 13 8 14 29% 216348 282 10%
c x 30.93  0 18 36 12053  1 329068 45947 1.4 19 13 8 14 29% 216347 282 10%
c - 32.15  0 17 37 12053  1 348215 47892 1.4 19 13 7 14 28% 216347 282 10%
c p 32.15  0 17 37 12053  1 348215 47902 1.4 19 13 7 14 28% 216347 282 10%
c u 32.19  0 17 37 12053  1 348215 47879 1.4 19 13 7 14 28% 216347 282 10%
c v 32.20  0 17 37 12053  1 348215 47877 1.4 19 13 7 14 28% 216347 282 10%
c w 32.20  0 17 37 12053  1 348215 47854 1.4 19 13 7 14 28% 216347 282 10%
c x 32.22  0 17 37 12053  1 348215 47854 1.4 19 13 7 14 28% 216340 282 10%
c W 32.84  0 17 37 12053  1 351052 49673 1.4 19 13 7 14 28% 216340 282 10%
c ] 32.89  0 17 37 12053  1 351593 50075 1.4 19 13 7 14 28% 216340 282 10%
c { 32.89  0 16 37 12053  1 351593 50075 1.5 18 11 6 11 29% 216340 282 10%
c - 34.07  0 15 38 12213  1 367911 50311 1.5 17 11 6 11 29% 216340 282 10%
c p 34.08  0 15 38 12213  1 367911 50319 1.5 17 11 6 11 29% 216340 282 10%
c u 34.11  0 15 38 12213  1 367911 50296 1.5 17 11 6 11 29% 216340 282 10%
c v 34.12  0 15 38 12213  1 367911 50294 1.5 17 11 6 11 29% 216340 282 10%
c w 34.12  0 15 38 12213  1 367911 50280 1.5 17 11 6 11 29% 216340 282 10%
c x 34.14  0 15 38 12213  1 367911 50280 1.5 17 11 6 11 29% 216338 282 10%
c # 34.75  0 15 38 12254  1 378055 55971 1.5 16 11 6 11 29% 216338 282 10%
c - 36.07  0 15 39 13460  1 388158 54431 1.5 16 11 6 11 29% 216338 282 10%
c 
c  seconds  reductions    conflicts         size   tier2        variables
c         MB      restarts       redundant     glue    trail        remaining
c          level        rate          size/glue  tier1   irredundant
c 
c p 36.07  0 15 39 13460  1 388158 54440 1.5 16 11 6 11 29% 216338 282 10%
c u 36.12  0 15 39 13460  1 388158 54408 1.5 16 11 6 11 29% 216338 282 10%
c v 36.13  0 15 39 13460  1 388158 54406 1.5 16 11 6 11 29% 216338 282 10%
c w 36.14  0 15 39 13460  1 388158 54399 1.5 16 11 6 11 29% 216338 282 10%
c x 36.15  0 15 39 13460  1 388158 54398 1.5 16 11 6 11 29% 216334 282 10%
c s 37.48  0 15 39 14816  1 395937 59538 1.5 16 11 6 11 28% 216308 282 10%
c s 37.53  0 15 39 14816  1 395937 59511 1.5 16 11 6 11 28% 216179 282 10%
c B 38.76  0 15 39 15818  1 406057 65843 1.5 16 11 5 10 28% 216179 282 10%
c - 39.17  0 15 40 16017  1 408952 49363 1.5 16 11 5 10 28% 216179 282 10%
c p 39.18  0 15 40 16017  1 408952 49372 1.5 16 11 5 10 28% 216179 282 10%
c u 39.54  0 15 40 16017  1 408952 49346 1.5 16 11 5 10 28% 216179 282 10%
c v 39.55  0 15 40 16017  1 408952 49343 1.5 16 11 5 10 28% 216179 282 10%
c w 39.56  0 15 40 16017  1 408952 49339 1.5 16 11 5 10 28% 216179 282 10%
c x 39.59  0 15 40 16017  1 408952 49339 1.5 16 11 5 10 28% 216166 282 10%
c } 39.59  0 15 40 16017  1 408952 49339 1.5 16 11 5 10 28% 216166 282 10%
c [ 39.59  0 17 40 16017  1 408952 49339 1.4 19 13 7 14 28% 216166 282 10%
c - 41.30  0 16 41 16024  1 430293 47135 1.4 18 13 7 14 28% 216166 282 10%
c p 41.31  0 16 41 16024  1 430293 47144 1.4 18 13 7 14 28% 216166 282 10%
c u 41.34  0 16 41 16024  1 430293 47098 1.4 18 13 7 14 28% 216166 282 10%
c v 41.35  0 16 41 16024  1 430293 47095 1.4 18 13 7 14 28% 216166 282 10%
c 
c  seconds  reductions    conflicts         size   tier2        variables
c         MB      restarts       redundant     glue    trail        remaining
c          level        rate          size/glue  tier1   irredundant
c 
c w 41.36  0 16 41 16024  1 430293 47094 1.4 18 13 7 14 28% 216166 282 10%
c x 41.38  0 16 41 16024  1 430293 47094 1.4 18 13 7 14 28% 216156 282 10%
c I 41.74  0 16 41 16027  1 435058 49568 1.4 18 13 7 14 28% 216156 282 10%
c - 43.04  0 16 42 16033  1 452184 47255 1.4 18 13 7 14 28% 216156 282 10%
c p 43.05  0 16 42 16033  1 452184 47263 1.4 18 13 7 14 28% 216156 282 10%
c u 43.09  0 16 42 16033  1 452184 47226 1.4 18 13 7 14 28% 216156 282 10%
c v 43.10  0 16 42 16033  1 452184 47223 1.4 18 13 7 14 28% 216156 282 10%
c w 43.11  0 16 42 16033  1 452184 47221 1.4 18 13 7 14 28% 216156 282 10%
c x 43.13  0 16 42 16033  1 452184 47220 1.4 18 13 7 14 28% 216147 282 10%
c B 44.10  0 15 42 16040  1 465059 53255 1.4 18 12 7 13 27% 216147 282 10%
c ] 44.76  0 15 42 16046  1 474563 59545 1.4 18 12 7 13 27% 216147 282 10%
c { 44.76  0 15 42 16046  1 474563 59545 1.5 16 11 5 10 28% 216147 282 10%
c - 44.79  0 15 43 16059  1 474627 48033 1.5 16 11 5 10 28% 216147 282 10%
c p 44.80  0 15 43 16059  1 474627 48041 1.5 16 11 5 10 28% 216147 282 10%
c u 44.84  0 15 43 16059  1 474627 47985 1.5 16 11 5 10 28% 216147 282 10%
c v 44.86  0 15 43 16059  1 474627 47981 1.5 16 11 5 10 28% 216147 282 10%
c w 44.86  0 15 43 16059  1 474627 47979 1.5 16 11 5 10 28% 216147 282 10%
c x 44.88  0 15 43 16059  1 474627 47979 1.5 16 11 5 10 28% 216146 282 10%
c W 48.38  0 15 43 18020  1 496062 60996 1.5 16 11 5 10 28% 216146 282 10%
c - 48.68  0 15 44 18246  1 497620 50739 1.5 16 11 5 10 28% 216146 282 10%
c 
c  seconds  reductions    conflicts         size   tier2        variables
c         MB      restarts       redundant     glue    trail        remaining
c          level        rate          size/glue  tier1   irredundant
c 
c p 48.69  0 15 44 18246  1 497620 50748 1.5 16 11 5 10 28% 216146 282 10%
c u 48.74  0 15 44 18246  1 497620 50691 1.5 16 11 5 10 28% 216146 282 10%
c v 48.77  0 15 44 18246  1 497620 50687 1.5 16 11 5 10 28% 216146 282 10%
c w 48.78  0 15 44 18246  1 497620 50685 1.5 16 11 5 10 28% 216146 282 10%
c x 48.80  0 15 44 18246  1 497620 50685 1.5 16 11 5 10 28% 216143 282 10%
c - 51.34  0 14 45 19816  1 521158 53496 1.5 16 11 5 10 28% 216143 282 10%
c p 51.35  0 14 45 19816  1 521158 53504 1.5 16 11 5 10 28% 216143 282 10%
c u 51.40  0 14 45 19816  1 521158 53456 1.5 16 11 5 10 28% 216143 282 10%
c v 51.42  0 14 45 19816  1 521158 53455 1.5 16 11 5 10 28% 216143 282 10%
c w 51.42  0 14 45 19816  1 521158 53454 1.5 16 11 5 10 28% 216143 282 10%
c x 51.45  0 14 45 19816  1 521158 53454 1.5 16 11 5 10 28% 216140 282 10%
c F 52.18  0 14 45 20163  1 528062 57748 1.5 16 11 5 10 27% 216140 282 10%
c s 52.43  0 14 45 20261  1 530092 59087 1.5 16 11 5 10 27% 216029 282 10%
c s 52.50  0 14 45 20261  1 530092 59053 1.5 16 11 5 10 27% 215884 282 10%
c } 53.86  0 14 45 21016  1 542465 66640 1.5 16 11 5 10 27% 215884 282 10%
c [ 53.86  0 15 45 21016  1 542465 66640 1.4 18 12 7 13 27% 215884 282 10%
c - 54.15  0 15 46 21017  1 545246 56257 1.4 18 12 7 13 27% 215884 282 10%
c p 54.16  0 15 46 21017  1 545246 56266 1.4 18 12 7 13 27% 215884 282 10%
c u 54.21  0 15 46 21017  1 545246 56225 1.4 18 12 7 13 27% 215884 282 10%
c v 54.23  0 15 46 21017  1 545246 56215 1.4 18 12 7 13 27% 215884 282 10%
c 
c  seconds  reductions    conflicts         size   tier2        variables
c         MB      restarts       redundant     glue    trail        remaining
c          level        rate          size/glue  tier1   irredundant
c 
c w 54.24  0 15 46 21017  1 545246 56207 1.4 18 12 7 13 27% 215884 282 10%
c x 54.27  0 15 46 21017  1 545246 56205 1.4 18 12 7 13 27% 215877 282 10%
c W 55.80  0 15 46 21018  1 561063 65788 1.4 18 13 7 13 27% 215877 282 10%
c - 56.54  0 15 47 21018  1 569877 56124 1.4 18 12 7 13 27% 215877 282 10%
c p 56.55  0 15 47 21018  1 569877 56133 1.4 18 12 7 13 27% 215877 282 10%
c u 56.59  0 15 47 21018  1 569877 56089 1.4 18 12 7 13 27% 215877 282 10%
c v 56.61  0 15 47 21018  1 569877 56080 1.4 18 12 7 13 27% 215877 282 10%
c w 56.62  0 15 47 21018  1 569877 56076 1.4 18 12 7 13 27% 215877 282 10%
c x 56.64  0 15 47 21018  1 569877 56075 1.4 18 12 7 13 27% 215870 282 10%
c - 58.66  0 15 48 21032  1 595056 56286 1.4 18 12 6 13 27% 215870 282 10%
c p 58.67  0 15 48 21032  1 595056 56295 1.4 18 12 6 13 27% 215870 282 10%
c u 58.73  0 15 48 21032  1 595056 56246 1.4 18 12 6 13 27% 215870 282 10%
c v 58.75  0 15 48 21032  1 595056 56239 1.4 18 12 6 13 27% 215870 282 10%
c w 58.76  0 15 48 21032  1 595056 56239 1.4 18 12 6 13 27% 215870 282 10%
c x 58.79  0 15 48 21032  1 595056 56238 1.4 18 12 6 13 27% 215861 282 10%
c O 58.80  0 15 48 21032  1 595065 56247 1.4 18 12 6 13 27% 215861 282 10%
c - 60.63  0 15 49 21044  1 620786 57476 1.4 18 12 6 13 27% 215861 282 10%
c p 60.64  0 15 49 21044  1 620786 57485 1.4 18 12 6 13 27% 215861 282 10%
c u 60.73  0 15 49 21044  1 620786 57403 1.4 18 12 6 13 27% 215861 282 10%
c v 60.75  0 15 49 21044  1 620786 57399 1.4 18 12 6 13 27% 215861 282 10%
c 
c  seconds  reductions    conflicts         size   tier2        variables
c         MB      restarts       redundant     glue    trail        remaining
c          level        rate          size/glue  tier1   irredundant
c 
c w 60.76  0 15 49 21044  1 620786 57395 1.4 18 12 6 13 27% 215861 282 10%
c x 60.79  0 15 49 21044  1 620786 57393 1.4 18 12 6 13 27% 215842 282 10%
c ] 60.99  0 15 49 21046  1 622972 58945 1.4 18 12 6 13 27% 215842 282 10%
c { 60.99  0 14 49 21046  1 622972 58945 1.5 16 11 5 10 27% 215842 282 10%
c B 61.80  0 14 49 21474  1 630066 63299 1.5 16 11 5 10 27% 215842 282 10%
c - 63.48  0 14 50 22117  1 647065 59765 1.5 16 11 5 10 27% 215842 282 10%
c p 63.49  0 14 50 22117  1 647065 59774 1.5 16 11 5 10 27% 215842 282 10%
c u 63.54  0 14 50 22117  1 647065 59689 1.5 16 11 5 10 27% 215841 282 10%
c v 63.56  0 14 50 22117  1 647065 59675 1.5 16 11 5 10 27% 215841 282 10%
c w 63.57  0 14 50 22117  1 647065 59673 1.5 16 11 5 10 27% 215841 282 10%
c x 63.60  0 14 50 22117  1 647065 59670 1.5 16 11 5 10 27% 215824 282 10%
c W 66.28  0 14 50 23337  1 666067 71035 1.5 16 11 5 10 27% 215824 282 10%
c - 67.23  0 14 51 23582  1 673894 64148 1.5 16 11 5 10 27% 215824 282 10%
c p 67.24  0 14 51 23582  1 673894 64157 1.5 16 11 5 10 27% 215824 282 10%
c u 67.29  0 14 51 23582  1 673894 64080 1.5 16 11 5 10 27% 215824 282 10%
c v 67.32  0 14 51 23582  1 673894 64079 1.5 16 11 5 10 27% 215824 282 10%
c w 67.33  0 14 51 23582  1 673894 64079 1.5 16 11 5 10 27% 215824 282 10%
c x 67.36  0 14 51 23582  1 673894 64075 1.5 16 11 5 10 27% 215812 282 10%
c s 68.49  0 14 51 24212  1 683379 70004 1.5 16 11 5 10 27% 215432 282 10%
c s 68.56  0 14 51 24212  1 683379 69981 1.5 16 11 5 10 27% 215183 282 10%
c 
c  seconds  reductions    conflicts         size   tier2        variables
c         MB      restarts       redundant     glue    trail        remaining
c          level        rate          size/glue  tier1   irredundant
c 
c - 70.48  0 13 52 24882  1 701274 68090 1.5 16 11 5 10 26% 215183 282 10%
c p 70.49  0 13 52 24882  1 701274 68099 1.5 16 11 5 10 26% 215183 282 10%
c u 70.56  0 13 52 24882  1 701274 68038 1.5 16 11 5 10 26% 215183 282 10%
c v 70.58  0 13 52 24882  1 701274 68038 1.5 16 11 5 10 26% 215183 282 10%
c w 70.59  0 13 52 24882  1 701274 68037 1.5 16 11 5 10 26% 215183 282 10%
c x 70.63  0 13 52 24882  1 701274 68037 1.5 16 11 5 10 26% 215162 282 10%
c # 70.85  0 13 52 24948  1 703069 69294 1.5 16 11 5 10 26% 215162 282 10%
c } 71.20  0 13 52 25094  1 706191 71131 1.5 16 11 5 10 26% 215162 282 10%
c [ 71.20  0 15 52 25094  1 706191 71131 1.4 18 12 6 13 27% 215162 282 10%
c - 73.04  0 14 53 25097  1 729177 70774 1.5 17 12 6 12 26% 215162 282 10%
c p 73.05  0 14 53 25097  1 729177 70783 1.5 17 12 6 12 26% 215162 282 10%
c u 73.12  0 14 53 25097  1 729177 70744 1.5 17 12 6 12 26% 215162 282 10%
c v 73.15  0 14 53 25097  1 729177 70742 1.5 17 12 6 12 26% 215162 282 10%
c w 73.16  0 14 53 25097  1 729177 70741 1.5 17 12 6 12 26% 215162 282 10%
c x 73.20  0 14 53 25097  1 729177 70740 1.5 17 12 6 12 26% 215158 282 10%
c B 74.08  0 14 53 25098  1 741072 77660 1.5 17 12 6 12 26% 215158 282 10%
c - 75.62  0 14 54 25098  1 757627 72250 1.5 17 12 6 12 26% 215158 282 10%
c p 75.64  0 14 54 25098  1 757627 72259 1.5 17 12 6 12 26% 215158 282 10%
c u 75.69  0 14 54 25098  1 757627 72183 1.5 17 12 6 12 26% 215158 282 10%
c v 75.71  0 14 54 25098  1 757627 72175 1.5 17 12 6 12 26% 215158 282 10%
c 
c  seconds  reductions    conflicts         size   tier2        variables
c         MB      restarts       redundant     glue    trail        remaining
c          level        rate          size/glue  tier1   irredundant
c 
c w 75.72  0 14 54 25098  1 757627 72172 1.5 17 12 6 12 26% 215158 282 10%
c x 75.75  0 14 54 25098  1 757627 72171 1.5 17 12 6 12 26% 215129 282 10%
c W 78.30  0 14 54 25099  1 780074 84093 1.5 17 11 6 12 26% 215129 282 10%
c - 78.97  0 14 55 25099  1 786627 73158 1.5 17 11 6 12 26% 215129 282 10%
c p 78.98  0 14 55 25099  1 786627 73167 1.5 17 11 6 12 26% 215129 282 10%
c u 79.04  0 14 55 25099  1 786627 73107 1.5 17 11 6 12 26% 215129 282 10%
c v 79.06  0 14 55 25099  1 786627 73089 1.5 17 11 6 12 26% 215129 282 10%
c w 79.07  0 14 55 25099  1 786627 73087 1.5 17 11 6 12 26% 215129 282 10%
c x 79.10  0 14 55 25099  1 786627 73086 1.5 17 11 6 12 26% 215093 282 10%
c ] 80.06  0 14 55 25099  1 800361 81493 1.5 17 11 5 12 26% 215093 282 10%
c { 80.06  0 13 55 25099  1 800361 81493 1.5 16 11 5 10 26% 215093 282 10%
c - 81.66  0 13 56 25601  1 816175 76172 1.5 16 11 5 10 26% 215093 282 10%
c p 81.67  0 13 56 25601  1 816175 76181 1.5 16 11 5 10 26% 215093 282 10%
c u 81.72  0 13 56 25601  1 816175 76087 1.5 16 11 5 10 26% 215093 282 10%
c v 81.75  0 13 56 25601  1 816175 76080 1.5 16 11 5 10 26% 215093 282 10%
c w 81.76  0 13 56 25601  1 816175 76075 1.5 16 11 5 10 26% 215093 282 10%
c x 81.79  0 13 56 25601  1 816175 76070 1.5 16 11 5 10 26% 215034 282 10%
c B 82.22  0 13 56 25609  1 820076 78410 1.5 16 10 5 10 26% 215034 282 10%
c i 83.54  0 12 56 25754  1 835195 85794 1.5 15 10 5 10 26% 215034 281 10%
c - 84.64  0 12 57 26079  1 846272 57169 1.5 15 10 5 10 26% 181550 281 10%
c 
c  seconds  reductions    conflicts         size   tier2        variables
c         MB      restarts       redundant     glue    trail        remaining
c          level        rate          size/glue  tier1   irredundant
c 
c p 84.65  0 12 57 26079  1 846272 57182 1.5 15 10 5 10 26% 181550 281 10%
c u 84.70  0 12 57 26079  1 846272 57050 1.5 15 10 5 10 26% 181550 281 10%
c v 84.72  0 12 57 26079  1 846272 57044 1.5 15 10 5 10 26% 181550 281 10%
c w 84.73  0 12 57 26079  1 846272 57038 1.5 15 10 5 10 26% 181550 281 10%
c x 84.75  0 12 57 26079  1 846272 57034 1.5 15 10 5 10 26% 181504 281 10%
c t 84.75  0 12 57 26079  1 846272 57032 1.5 15 10 5 10 26% 181504 281 10%
c s 85.50  0 12 57 26357  1 855742 62077 1.5 15 10 5 10 26% 180949 281 10%
c e 85.52  0 12 57 26357  1 855742 62069 1.5 15 10 5 10 26% 180947 279  9%
c s 85.57  0 12 57 26357  1 855742 62040 1.5 15 10 5 10 26% 180503 279  9%
c W 86.45  0 12 57 26365  1 861079 64753 1.5 15 10 4 9 26% 180503 279  9%
c - 87.56  0 12 58 26501  1 875226 54547 1.5 14 10 4 9 26% 180503 279  9%
c p 87.57  0 12 58 26501  1 875226 54560 1.5 14 10 4 9 26% 180503 279  9%
c u 87.62  0 12 58 26501  1 875226 54466 1.5 14 10 4 9 26% 180502 279  9%
c v 87.64  0 12 58 26501  1 875226 54460 1.5 14 10 4 9 26% 180502 279  9%
c w 87.64  0 12 58 26501  1 875226 54447 1.5 14 10 4 9 26% 180502 279  9%
c x 87.67  0 12 58 26501  1 875226 54445 1.5 14 10 4 9 26% 180443 279  9%
c t 87.67  0 12 58 26501  1 875226 54438 1.5 14 10 4 9 26% 180442 279  9%
c i 88.00  0 11 58 26501  1 879779 56479 1.5 14 9 4 9 26% 180442 278  9%
c i 88.25  0 11 58 26505  1 883011 57850 1.5 14 9 4 9 25% 180442 276  9%
c i 88.35  0 11 58 26505  1 884336 58272 1.5 14 9 4 9 25% 180442 272  9%
c 
c  seconds  reductions    conflicts         size  tier2       variables
c         MB      restarts       redundant     glue  trail        remaining
c          level        rate          size/glue tier1  irredundant
c 
c i 88.40  0 11 58 26505  1 884949 58494 1.5 14 9 4 9 25% 180442 271  9%
c i 88.44  0 11 58 26505  1 885535 58676 1.5 14 9 4 9 25% 180442 270  9%
c i 88.45  0 11 58 26505  1 885819 58786 1.5 14 9 4 9 25% 180442 257  9%
c i 88.45  0 11 58 26505  1 885868 58799 1.5 14 9 4 9 25% 180442 249  8%
c } 88.45  0 11 58 26505  1 885881 58806 1.5 14 9 4 9 25% 180442 229  8%
c 0 88.45  0 11 58 26505  1 885881 58806 1.5 14 9 4 9 25% 180442 229  8%
c 
c --- [ closing proof ] ------------------------------------------------------
c 
c LRAT proof file '/Users/ivanspogreev/earth-moon/lean/data/a4_m13s/leaf16.lrat' closed
c LRAT 1126594 added clauses 50.40%
c LRAT 1108777 deleted clauses 49.60%
c LRAT 208047206 bytes (198.41 MB)
c 
c --- [ result ] -------------------------------------------------------------
c 
s UNSATISFIABLE
c 
c --- [ run-time profiling ] -------------------------------------------------
c 
c process time taken by individual solving procedures
c (percentage relative to process time for solving)
c 
c        82.46   93.38% search
c        45.68   51.73% unstable
c        31.57   35.76% stable
c         5.85    6.62% simplify
c         5.18    5.87% walk
c         3.23    3.66% vivify
c         1.03    1.16% sweep
c         0.45    0.51% subsume
c         0.43    0.49% elim
c         0.27    0.31% probe
c         0.15    0.17% parse
c         0.09    0.10% ternary
c         0.07    0.08% congruence
c         0.02    0.02% lucky
c         0.00    0.00% backbone
c   =================================
c        88.30   99.83% solve
c 
c last line shows process time for solving
c (percentage relative to total process time)
c 
c --- [ statistics ] ---------------------------------------------------------
c 
c chronological:             89758        10.13 %  of conflicts
c conflicts:                885881     10032.14    per second
c backbone:                  88798      3015.21 %  of vars
c decisions:               1063094     12038.99    per second
c eliminated:                 1886        64.04 %  of all variables
c fixed:                       819        27.81 %  of all variables
c learned:                  865434        97.69 %  per conflict
c learned_lits:           20785666       100.00 %  learned literals
c minimized:                     0         0.00 %  learned literals
c shrunken:                4692902        22.58 %  learned literals
c minishrunken:            1531872         7.37 %  learned literals
c otfs:                      11708         1.32 %  of conflict
c propagations:           12314173         0.14 M  per second
c reduced:                  459142        51.83 %  per conflict
c rephased:                     41     21606.85    interval
c restarts:                  26505        33.42    interval
c stabilizing:                  11        48.41 %  of conflicts
c substituted:                  10         0.34 %  of all variables
c subsumed:                 324761        29.72 %  of all clauses
c strengthened:              41249         3.77 %  of all clauses
c ticks:                7156689513       592.59    propagation
c vivified:                   4989         0.46 %  of all clauses
c walked:                       13     68144.69    interval
c weakened:                   4579         2.62    average size
c congruence:                   10     88588.10    interval
c 
c seconds are measured in process time for solving
c 
c --- [ glue usage ] ---------------------------------------------------------
c 
c focused glue 4 used 173184 clauses 9.976% accumulated 54.31% tier1
c focused glue 5 used 141221 clauses 8.135% accumulated 62.44%
c focused glue 6-7 used 205881 clauses 11.86% accumulated 74.30%
c focused glue 8 used 86933 clauses 5.007% accumulated 79.31%
c focused glue 9 used 78749 clauses 4.536% accumulated 83.85% tier2
c 
c stable glue 5 used 129252 clauses 6.838% accumulated 51.77% tier1
c stable glue 6 used 101246 clauses 5.356% accumulated 57.13%
c stable glue 7-10 used 384364 clauses 20.33% accumulated 77.47%
c stable glue 11 used 89435 clauses 4.732% accumulated 82.20%
c stable glue 12 used 79748 clauses 4.219% accumulated 86.42% tier2
c 
c 
c --- [ resources ] ----------------------------------------------------------
c 
c total process time since initialization:        88.46    seconds
c total real time since initialization:           89.47    seconds
c maximum resident set size of process:          495.11    MB
c 
c --- [ shutting down ] ------------------------------------------------------
c 
c exit 20
