c --- [ banner ] -------------------------------------------------------------
c 
c CaDiCaL SAT Solver
c Copyright (c) 2016-2026
c A. Biere, M. Fleury, N. Froleyks, K. Fazekas, F. Pollitt, T. Faller
c JKU Linz, University of Freiburg, TU Wien
c 
c Version 3.0.1
c Apple clang version 16.0.0 (clang-1600.0.26.6) -Wall -Wextra -O3 -DNDEBUG -std=c++11 -DNCLOSEFROM
c Sun Jul 19 15:40:55 UTC 2026 Darwin Sonoma-arm64.local 23.6.0 arm64
c 
c --- [ proof tracing ] ------------------------------------------------------
c 
c opening file to write '/Users/ivanspogreev/earth-moon/lean/data/a4_m13s/leaf6.lrat'
c writing non-binary proof trace to '/Users/ivanspogreev/earth-moon/lean/data/a4_m13s/leaf6.lrat'
c 
c --- [ parsing input ] ------------------------------------------------------
c 
c reading DIMACS file from '/Users/ivanspogreev/earth-moon/lean/data/a4_m13s/leaf6.cnf'
c opening file to read '/Users/ivanspogreev/earth-moon/lean/data/a4_m13s/leaf6.cnf'
c found 'p cnf 2945 248177' header
c parsed 248177 clauses in 0.18 seconds process time
c 
c --- [ options ] ------------------------------------------------------------
c 
c   --binary=false                 (different from default 'true')
c   --lrat=true                    (different from default 'false')
c 
c --- [ solving ] ------------------------------------------------------------
c 
c time measured in process time since initialization
c 
c  seconds  reduction conflicts       size tier2       variables
c         MB    restarts   redundant    glue  trail         remaining
c          level     rate       size/glu tier1  irredundant
c 
c *  0.18  0  0 0   0  0    0    0 0.0 0 0 2 6  0% 248027 2904 99%
c )  0.19  0  0 0   0  0    0    0 0.0 0 0 2 6  0% 248027 2904 99%
c {  0.20  0  0 0   0  0    0    0 0.0 0 0 2 6  0% 248027 2904 99%
c i  0.20  0 2197 0   0 162   17    8 1.5 6 4 2 6 79% 248022 2902 99%
c i  0.20  0 2183 0   0 131   21    8 1.6 5 3 2 6 79% 248022 2899 98%
c i  0.20  0 2166 0   0 99   28   12 1.5 5 3 2 6 78% 248020 2898 98%
c i  0.21  0 1053 0   8 36  136   43 1.7 9 5 2 6 52% 247947 2897 98%
c i  0.21  0 1030 0   8 36  139   44 1.7 9 5 2 6 51% 247946 2895 98%
c i  0.21  0 1007 0   8 35  142   44 1.7 9 5 2 6 50% 247945 2892 98%
c i  0.21  0 1000 0   8 35  143   44 1.7 9 5 2 6 50% 247945 2891 98%
c i  0.21  0 993 0   8 35  144   44 1.7 8 5 2 6 49% 247945 2890 98%
c i  0.21  0 972 0   8 34  147   45 1.7 8 5 2 6 48% 247944 2889 98%
c -  0.24  0 509 1  10 20  300   62 1.9 9 5 2 6 41% 247808 2889 98%
c i  0.24  0 439 1  17 19  365   76 1.7 10 6 2 6 41% 247761 2888 98%
c i  0.24  0 433 1  17 19  371   77 1.7 10 6 2 6 40% 247759 2884 98%
c i  0.26  0 362 1  38 19  458  112 1.5 11 7 2 6 36% 247717 2883 98%
c i  0.26  0 355 1  40 18  467  114 1.5 11 7 2 6 35% 247711 2881 98%
c i  0.27  0 310 1  58 17  540  146 1.5 11 7 2 6 32% 247680 2879 98%
c i  0.28  0 249 1  60 14  720  213 1.5 11 7 2 6 32% 247586 2878 98%
c i  0.28  0 249 1  61 14  721  213 1.5 11 7 2 6 32% 247586 2874 98%
c 
c  seconds   reduction conflicts       size  tier2       variables
c         MB     restarts   redundant     glue  trail         remaining
c           level     rate       size/glue tier1  irredundant
c 
c i  0.28  0 248 1  61 14  723  214 1.5 11 7 2 6 32% 247586 2873 98%
c i  0.28  0 247 1  61 14  727  215 1.5 11 7 2 6 32% 247584 2871 97%
c -  0.34  0 212 2  87 13  904  178 1.4 14 10 2 6 30% 247488 2871 97%
c }  0.38  0 195 2 111 12 1001  251 1.4 15 11 2 6 28% 247476 2871 97%
c [  0.38  0  0 2 111  0 1001  251 0.0 0 0 2 6  0% 247476 2871 97%
c O  0.38  0  4 2 111  5 1002  252 2.3 7 3 2 6 16% 247476 2871 97%
c -  0.44  0 53 3 111  1 1950  408 1.9 23 12 2 6 55% 247431 2871 97%
c i  0.50  0 46 3 112  1 2746 1021 1.7 24 14 2 6 43% 247393 2863 97%
c 2  0.51  0 45 3 112  2 2912 1111 1.7 24 14 2 6 42% 247347 2852 97%
c d  0.52  0 45 3 112  2 2912 1107 1.7 24 14 2 6 42% 247314 2851 97%
c p  0.52  0 45 3 112  2 2912 1123 1.7 24 14 2 6 42% 247314 2851 97%
c t  0.58  0 45 3 112  2 2912 1115 1.7 24 14 2 6 42% 247284 2811 95%
c i  0.59  0 45 3 112  2 2933 1125 1.7 24 14 2 6 42% 247281 2808 95%
c i  0.59  0 45 3 112  2 2938 1126 1.7 24 14 2 6 42% 247280 2807 95%
c ]  0.59  0 45 3 112  2 2973 1147 1.7 24 14 2 6 41% 247275 2807 95%
c {  0.59  0 195 3 112 12 2973 1147 1.4 15 11 2 6 28% 247275 2807 95%
c i  0.59  0 194 3 116 13 2985 1152 1.3 15 11 2 6 28% 247269 2798 95%
c O  0.60  0 191 3 121 12 3003 1165 1.3 15 11 2 6 28% 247266 2798 95%
c i  0.60  0 191 3 121 12 3003 1165 1.3 15 11 2 6 28% 247266 2719 92%
c i  0.60  0 190 3 121 12 3005 1166 1.3 15 11 2 6 28% 247266 2629 89%
c 
c  seconds   reduction conflicts       size   tier2       variables
c         MB     restarts   redundant     glue   trail         remaining
c           level     rate       size/glue  tier1  irredundant
c 
c i  0.60  0 190 3 122 12 3006 1166 1.3 15 11 2 6 28% 247266 2626 89%
c i  0.64  0 188 3 124 12 3016 1137 1.3 15 11 2 6  1% 247074 2604 88%
c i  0.66  0 162 3 128 11 3214 1293 1.5 16 11 2 6 20% 247064 2524 86%
c i  0.69  0 154 3 145 10 3290 1350 1.5 16 11 2 6 18% 247053 2518 86%
c i  0.69  0 152 3 149 10 3315 1358 1.5 16 11 2 6 18% 247037 2485 84%
c i  0.70  0 151 3 151 10 3321 1363 1.5 16 11 2 6 18% 247037 2484 84%
c i  0.70  0 150 3 154 10 3337 1374 1.5 17 11 2 6 18% 247036 2425 82%
c i  0.72  0 142 3 176 10 3420 1440 1.4 17 12 2 6 17% 247035 2401 82%
c -  0.76  0 137 4 193  9 3486  516 1.4 17 12 2 6 17% 246797 2401 82%
c i  0.81  0 83 4 211  6 4660 1372 1.7 19 11 2 6 17% 246793 2335 79%
c 2  0.86  0 68 4 254  5 5413 1948 1.7 19 11 9 12 17% 246793 2323 79%
c -  0.93  0 66 5 266  5 5544 1861 1.7 19 11 9 12 17% 246692 2323 79%
c #  0.95  0 60 5 284  4 6004 2200 1.7 19 11 9 12 17% 246692 2323 79%
c 2  1.24  0 46 5 467  3 8016 3778 1.7 19 11 9 13 11% 246688 2311 78%
c d  1.25  0 46 5 467  3 8016 3778 1.7 19 11 9 13 11% 246662 2310 78%
c -  1.34  0 46 6 467  3 8136 3538 1.7 19 11 9 13 11% 246661 2306 78%
c }  1.42  0 44 6 589  3 8684 3943 1.6 19 11 9 13  9% 246661 2306 78%
c [  1.42  0 45 6 589  2 8684 3943 1.7 24 14 2 6 53% 246661 2306 78%
c I  1.48  0 38 6 590  1 10006 5027 1.6 24 15 11 17 36% 246661 2306 78%
c 2  1.53  0 35 6 590  1 10713 5527 1.6 23 14 11 17 32% 246661 2302 78%
c 
c  seconds  reductions conflicts       size    tier2        variables
c         MB    restarts    redundant     glue     trail         remaining
c          level     rate        size/glue  tier1    irredundant
c 
c -  1.61  0 33 7 591  1 11274 4612 1.6 23 14 11 17 29% 246653 2302 78%
c s  1.72  0 31 7 592  1 12834 5627 1.5 22 15 11 17 24% 246619 2302 78%
c t  1.72  0 31 7 592  1 12834 5627 1.5 22 15 11 17 24% 246601 2302 78%
c e  1.75  0 31 7 592  1 12834 5409 1.5 22 15 11 17 24% 242880 302 10%
c s  1.76  0 31 7 592  1 12834 5408 1.5 22 15 11 17 24% 242868 302 10%
c 2  1.83  0 29 7 593  1 13500 5820 1.5 22 15 11 17 23% 242868 302 10%
c t  1.84  0 29 7 593  1 13500 5820 1.5 22 15 11 17 23% 242867 302 10%
c -  1.95  0 28 8 593  1 14969 5023 1.4 21 15 11 17 30% 242867 302 10%
c B  1.96  0 28 8 593  1 15008 5055 1.4 21 15 11 17 30% 242867 302 10%
c u  2.11  0 27 8 594  1 16368 5945 1.4 21 15 11 17 27% 242879 302 10%
c v  2.11  0 27 8 594  1 16368 5944 1.4 21 15 11 17 27% 242879 302 10%
c w  2.12  0 27 8 594  1 16368 5942 1.4 21 15 11 17 27% 242879 302 10%
c x  2.13  0 27 8 594  1 16368 5942 1.4 21 15 11 17 27% 242879 302 10%
c ]  2.15  0 27 8 594  1 16516 6055 1.4 21 15 11 17 27% 242879 302 10%
c {  2.15  0 44 8 594  3 16516 6055 1.6 19 11 9 13 72% 242879 302 10%
c -  2.44  0 36 9 879  3 19207 6158 1.6 18 12 9 13 44% 242879 302 10%
c B  2.57  0 34 9 930  3 21011 7535 1.6 18 11 9 13 40% 242879 302 10%
c -  2.74  0 29 10 969  2 24005 7907 1.7 18 11 8 13 35% 242879 302 10%
c t  2.75  0 29 10 969  2 24005 7906 1.7 18 11 8 13 35% 242879 302 10%
c W  3.10  0 26 10 1071  2 28013 10682 1.7 18 11 8 13 33% 242879 302 10%
c 
c  seconds  reductions   conflicts       size   tier2        variables
c         MB     restarts     redundant     glue    trail        remaining
c          level       rate        size/glue  tier1   irredundant
c 
c -  3.26  0 25 11 1194  2 29371 9904 1.7 18 11 8 13 32% 242879 302 10%
c }  3.51  0 24 11 1367  2 32533 12223 1.7 18 10 8 13 31% 242879 302 10%
c [  3.51  0 27 11 1367  1 32533 12223 1.4 21 15 11 17 27% 242879 302 10%
c -  3.68  0 25 12 1367  1 35306 12571 1.4 20 14 11 17 28% 242879 302 10%
c p  3.69  0 25 12 1367  1 35306 12575 1.4 20 14 11 17 28% 242879 302 10%
c u  3.80  0 25 12 1367  1 35306 12561 1.4 20 14 11 17 28% 242879 302 10%
c v  3.81  0 25 12 1367  1 35306 12555 1.4 20 14 11 17 28% 242879 302 10%
c w  3.81  0 25 12 1367  1 35306 12554 1.4 20 14 11 17 28% 242879 302 10%
c x  3.83  0 25 12 1367  1 35306 12554 1.4 20 14 11 17 28% 242877 302 10%
c W  3.95  0 24 12 1368  1 36019 13078 1.4 20 14 11 17 27% 242877 302 10%
c -  4.23  0 23 13 1373  1 41813 14084 1.4 20 14 10 16 27% 242877 302 10%
c O  4.41  0 22 13 1374  1 45021 15995 1.4 19 14 10 16 27% 242877 302 10%
c -  4.63  0 22 14 1375  1 48896 15388 1.4 20 14 10 16 28% 242877 302 10%
c p  4.63  0 22 14 1375  1 48896 15396 1.4 20 14 10 16 28% 242877 302 10%
c ]  4.70  0 22 14 1375  1 50037 16281 1.4 20 14 10 16 28% 242877 302 10%
c {  4.70  0 24 14 1375  2 50037 16281 1.7 18 10 8 13 31% 242877 302 10%
c s  4.85  0 23 14 1562  2 51440 17144 1.7 18 11 8 13 31% 242825 302 10%
c s  4.88  0 23 14 1562  2 51440 17128 1.7 18 11 8 13 31% 242782 302 10%
c F  5.24  0 22 14 1818  2 55023 19513 1.7 18 10 8 13 31% 242782 302 10%
c -  5.50  0 22 15 2126  2 56555 17308 1.7 18 11 8 13 30% 242782 302 10%
c 
c  seconds  reductions   conflicts        size   tier2        variables
c         MB     restarts      redundant     glue    trail        remaining
c          level       rate         size/glue  tier1   irredundant
c 
c p  5.51  0 22 15 2126  2 56555 17317 1.7 18 11 8 13 30% 242782 302 10%
c u  5.54  0 22 15 2126  2 56555 17291 1.7 18 11 8 13 30% 242782 302 10%
c v  5.55  0 22 15 2126  2 56555 17287 1.7 18 11 8 13 30% 242782 302 10%
c w  5.56  0 22 15 2126  2 56555 17286 1.7 18 11 8 13 30% 242782 302 10%
c x  5.57  0 22 15 2126  2 56555 17286 1.7 18 11 8 13 30% 242780 302 10%
c -  6.23  0 21 16 2834  2 64793 20030 1.7 18 11 8 13 30% 242780 302 10%
c p  6.25  0 21 16 2834  2 64793 20034 1.7 18 11 8 13 30% 242780 302 10%
c B  6.39  0 20 16 3045  2 66024 20953 1.6 18 11 8 13 30% 242780 302 10%
c }  7.05  0 20 16 3705  2 71567 24588 1.6 18 11 7 11 29% 242780 302 10%
c [  7.05  0 22 16 3705  1 71567 24588 1.4 20 14 10 16 28% 242780 302 10%
c -  7.20  0 22 17 3705  1 73608 19029 1.4 20 14 10 16 28% 242780 302 10%
c p  7.21  0 22 17 3705  1 73608 19034 1.4 20 14 10 16 28% 242780 302 10%
c u  7.39  0 22 17 3705  1 73608 19009 1.4 20 14 10 16 28% 242780 302 10%
c v  7.40  0 22 17 3705  1 73608 19007 1.4 20 14 10 16 28% 242780 302 10%
c w  7.41  0 22 17 3705  1 73608 19007 1.4 20 14 10 16 28% 242780 302 10%
c x  7.42  0 22 17 3705  1 73608 19007 1.4 20 14 10 16 28% 242780 302 10%
c t  7.43  0 22 17 3705  1 73608 19006 1.4 20 14 10 16 28% 242780 302 10%
c B  7.69  0 22 17 3706  1 78026 22010 1.4 20 14 10 16 28% 242780 302 10%
c -  7.97  0 21 18 3709  1 83003 18969 1.4 20 14 10 16 28% 242780 302 10%
c p  7.98  0 21 18 3709  1 83003 18971 1.4 20 14 10 16 28% 242780 302 10%
c 
c  seconds  reductions   conflicts        size    tier2        variables
c         MB     restarts      redundant     glue     trail        remaining
c          level       rate         size/glue  tier1    irredundant
c 
c t  7.98  0 21 18 3709  1 83003 18970 1.4 20 14 10 16 28% 242779 302 10%
c W  8.67  0 21 18 3713  1 91027 24605 1.4 20 14 10 16 29% 242779 302 10%
c -  8.82  0 21 19 3715  1 92979 19190 1.4 20 14 10 16 29% 242779 302 10%
c p  8.83  0 21 19 3715  1 92979 19195 1.4 20 14 10 16 29% 242779 302 10%
c u  8.87  0 21 19 3715  1 92979 19184 1.4 20 14 10 16 29% 242779 302 10%
c v  8.88  0 21 19 3715  1 92979 19181 1.4 20 14 10 16 29% 242779 302 10%
c w  8.88  0 21 19 3715  1 92979 19181 1.4 20 14 10 16 29% 242779 302 10%
c x  8.90  0 21 19 3715  1 92979 19181 1.4 20 14 10 16 29% 242779 302 10%
c ]  9.37  0 21 19 3719  1 101263 24612 1.4 20 14 10 16 29% 242779 302 10%
c {  9.37  0 20 19 3719  2 101263 24612 1.6 18 11 7 11 29% 242779 302 10%
c -  9.75  0 20 20 4146  2 103538 20374 1.6 18 11 7 11 29% 242779 302 10%
c p  9.75  0 20 20 4146  2 103538 20376 1.6 18 11 7 11 29% 242779 302 10%
c W 10.02  0 20 20 4253  2 105028 21444 1.6 18 11 7 11 29% 242779 302 10%
c s 10.61  0 20 20 4923  2 109349 24394 1.6 18 11 7 11 28% 242748 302 10%
c s 10.66  0 20 20 4923  2 109349 24392 1.6 18 11 7 11 28% 242730 302 10%
c - 11.22  0 19 21 5396  2 114683 22823 1.6 18 11 7 11 28% 242730 302 10%
c p 11.23  0 19 21 5396  2 114683 22830 1.6 18 11 7 11 28% 242730 302 10%
c u 11.26  0 19 21 5396  2 114683 22776 1.6 18 11 7 11 28% 242730 302 10%
c v 11.28  0 19 21 5396  2 114683 22771 1.6 18 11 7 11 28% 242730 302 10%
c w 11.28  0 19 21 5396  2 114683 22771 1.6 18 11 7 11 28% 242730 302 10%
c 
c  seconds  reductions   conflicts         size   tier2        variables
c         MB     restarts       redundant     glue    trail        remaining
c          level       rate          size/glue  tier1   irredundant
c 
c x 11.30  0 19 21 5396  2 114683 22770 1.6 18 11 7 11 28% 242729 302 10%
c # 11.67  0 19 21 5684  2 120032 26565 1.6 18 11 7 11 28% 242729 302 10%
c - 12.26  0 19 22 6173  2 126410 26420 1.6 18 11 7 11 28% 242729 302 10%
c p 12.26  0 19 22 6173  2 126410 26424 1.6 18 11 7 11 28% 242729 302 10%
c } 13.08  0 18 22 6963  2 134808 31956 1.6 18 11 7 11 27% 242729 302 10%
c [ 13.08  0 21 22 6963  1 134808 31956 1.4 20 14 10 16 29% 242729 302 10%
c I 13.17  0 21 22 6963  1 136035 32867 1.4 20 14 10 16 29% 242729 302 10%
c - 13.36  0 20 23 6964  1 138720 29348 1.4 20 14 9 15 29% 242729 302 10%
c p 13.37  0 20 23 6964  1 138720 29352 1.4 20 14 9 15 29% 242729 302 10%
c u 13.58  0 20 23 6964  1 138720 29336 1.4 20 14 9 15 29% 242729 302 10%
c v 13.59  0 20 23 6964  1 138720 29328 1.4 20 14 9 15 29% 242729 302 10%
c w 13.60  0 20 23 6964  1 138720 29327 1.4 20 14 9 15 29% 242729 302 10%
c x 13.62  0 20 23 6964  1 138720 29327 1.4 20 14 9 15 29% 242729 302 10%
c - 14.44  0 20 24 6965  1 151616 30359 1.4 20 14 9 15 29% 242729 302 10%
c p 14.45  0 20 24 6965  1 151616 30361 1.4 20 14 9 15 29% 242729 302 10%
c B 14.54  0 20 24 6965  1 153039 31289 1.4 20 14 9 15 29% 242729 302 10%
c - 15.34  0 20 25 6968  1 165099 30590 1.4 20 14 9 15 29% 242729 302 10%
c p 15.35  0 20 25 6968  1 165099 30594 1.4 20 14 9 15 29% 242729 302 10%
c u 15.39  0 20 25 6968  1 165099 30551 1.4 20 14 9 15 29% 242729 302 10%
c v 15.40  0 20 25 6968  1 165099 30548 1.4 20 14 9 15 29% 242729 302 10%
c 
c  seconds  reductions   conflicts         size   tier2        variables
c         MB     restarts       redundant     glue    trail        remaining
c          level       rate          size/glue  tier1   irredundant
c 
c w 15.41  0 20 25 6968  1 165099 30548 1.4 20 14 9 15 29% 242729 302 10%
c x 15.43  0 20 25 6968  1 165099 30548 1.4 20 14 9 15 29% 242729 302 10%
c W 16.23  0 20 25 6972  1 171040 33893 1.4 20 14 9 15 28% 242729 302 10%
c ] 16.51  0 20 25 6974  1 176425 37529 1.4 20 14 9 15 29% 242729 302 10%
c { 16.51  0 18 25 6974  2 176425 37529 1.6 18 11 7 11 27% 242729 302 10%
c - 16.81  0 18 26 7135  2 179169 31510 1.6 18 11 7 11 27% 242729 302 10%
c p 16.82  0 18 26 7135  2 179169 31514 1.6 18 11 7 11 27% 242729 302 10%
c s 17.64  0 18 26 7897  2 186555 36300 1.6 18 11 7 11 27% 242683 302 10%
c s 17.68  0 18 26 7897  2 186555 36296 1.6 18 11 7 11 27% 242648 302 10%
c B 18.10  0 18 26 8283  2 190042 38666 1.6 18 11 7 11 27% 242648 302 10%
c - 18.52  0 18 27 8505  2 193827 34619 1.6 18 11 7 11 27% 242648 302 10%
c p 18.53  0 18 27 8505  2 193827 34624 1.6 18 11 7 11 27% 242648 302 10%
c u 18.58  0 18 27 8505  2 193827 34565 1.6 18 11 7 11 27% 242648 302 10%
c v 18.60  0 18 27 8505  2 193827 34548 1.6 18 11 7 11 27% 242648 302 10%
c w 18.61  0 18 27 8505  2 193827 34545 1.6 18 11 7 11 27% 242648 302 10%
c x 18.63  0 18 27 8505  2 193827 34545 1.6 18 11 7 11 27% 242645 302 10%
c - 20.07  0 18 28 9660  2 209070 34947 1.6 18 11 6 11 27% 242645 302 10%
c p 20.08  0 18 28 9660  2 209070 34950 1.6 18 11 6 11 27% 242645 302 10%
c u 20.11  0 18 28 9660  2 209070 34903 1.6 18 11 6 11 27% 242645 302 10%
c v 20.12  0 18 28 9660  2 209070 34899 1.6 18 11 6 11 27% 242645 302 10%
c 
c  seconds  reductions   conflicts         size   tier2        variables
c         MB     restarts       redundant     glue    trail        remaining
c          level       rate          size/glue  tier1   irredundant
c 
c w 20.13  0 18 28 9660  2 209070 34897 1.6 18 11 6 11 27% 242645 302 10%
c x 20.15  0 18 28 9660  2 209070 34897 1.6 18 11 6 11 27% 242645 302 10%
c W 20.55  0 18 28 9739  2 210045 35454 1.6 18 11 6 11 27% 242645 302 10%
c } 21.67  0 17 28 10434  2 222738 44942 1.6 18 11 6 11 28% 242645 302 10%
c [ 21.67  0 20 28 10434  1 222738 44942 1.4 20 14 9 15 29% 242645 302 10%
c - 21.86  0 20 29 10436  1 224904 38168 1.4 20 14 9 15 29% 242645 302 10%
c p 21.87  0 20 29 10436  1 224904 38171 1.4 20 14 9 15 29% 242645 302 10%
c u 21.91  0 20 29 10436  1 224904 38143 1.4 20 14 9 15 29% 242645 302 10%
c v 21.92  0 20 29 10436  1 224904 38141 1.4 20 14 9 15 29% 242645 302 10%
c w 21.92  0 20 29 10436  1 224904 38139 1.4 20 14 9 15 29% 242645 302 10%
c x 21.94  0 20 29 10436  1 224904 38139 1.4 20 14 9 15 29% 242642 302 10%
c O 22.33  0 19 29 10439  1 231046 41932 1.4 20 14 9 15 28% 242642 302 10%
c - 23.08  0 19 30 10440  1 241326 37569 1.4 20 14 9 15 28% 242642 302 10%
c p 23.09  0 19 30 10440  1 241326 37572 1.4 20 14 9 15 28% 242642 302 10%
c u 23.32  0 19 30 10440  1 241326 37541 1.4 20 14 9 15 28% 242642 302 10%
c v 23.33  0 19 30 10440  1 241326 37539 1.4 20 14 9 15 28% 242642 302 10%
c w 23.33  0 19 30 10440  1 241326 37538 1.4 20 14 9 15 28% 242642 302 10%
c x 23.35  0 19 30 10440  1 241326 37538 1.4 20 14 9 15 28% 242641 302 10%
c t 23.35  0 19 30 10440  1 241326 37537 1.4 20 14 9 15 28% 242641 302 10%
c B 24.07  0 19 30 10447  1 253050 43959 1.4 19 14 9 15 27% 242641 302 10%
c 
c  seconds  reductions    conflicts         size   tier2        variables
c         MB      restarts       redundant     glue    trail        remaining
c          level        rate          size/glue  tier1   irredundant
c 
c - 24.44  0 19 31 10451  1 258334 35096 1.4 19 14 9 15 27% 242641 302 10%
c p 24.45  0 19 31 10451  1 258334 35097 1.4 19 14 9 15 27% 242641 302 10%
c - 25.65  0 19 32 10456  1 275932 36109 1.4 20 14 8 14 27% 242641 302 10%
c p 25.66  0 19 32 10456  1 275932 36112 1.4 20 14 8 14 27% 242641 302 10%
c u 25.70  0 19 32 10456  1 275932 36079 1.4 20 14 8 14 27% 242641 302 10%
c v 25.72  0 19 32 10456  1 275932 36077 1.4 20 14 8 14 27% 242641 302 10%
c w 25.73  0 19 32 10456  1 275932 36076 1.4 20 14 8 14 27% 242641 302 10%
c x 25.76  0 19 32 10456  1 275932 36076 1.4 20 14 8 14 27% 242639 302 10%
c W 26.14  0 19 32 10456  1 276051 36165 1.4 20 14 8 14 27% 242639 302 10%
c ] 26.69  0 19 32 10456  1 282912 40086 1.4 20 14 8 14 27% 242639 302 10%
c { 26.69  0 17 32 10456  2 282912 40086 1.6 18 11 6 11 28% 242639 302 10%
c s 26.74  0 17 32 10494  2 283058 40155 1.6 18 11 6 11 28% 242557 302 10%
c s 26.80  0 17 32 10494  2 283058 40152 1.6 18 11 6 11 28% 242517 302 10%
c - 27.99  0 17 33 11558  2 294119 38768 1.6 18 11 6 11 28% 242517 302 10%
c p 28.00  0 17 33 11558  2 294119 38773 1.6 18 11 6 11 28% 242517 302 10%
c u 28.03  0 17 33 11558  2 294119 38735 1.6 18 11 6 11 28% 242517 302 10%
c v 28.04  0 17 33 11558  2 294119 38733 1.6 18 11 6 11 28% 242517 302 10%
c w 28.05  0 17 33 11558  2 294119 38732 1.6 18 11 6 11 28% 242517 302 10%
c x 28.07  0 17 33 11558  2 294119 38730 1.6 18 11 6 11 28% 242513 302 10%
c F 28.78  0 17 33 12224  2 300052 42830 1.6 18 11 6 11 28% 242513 302 10%
c 
c  seconds  reductions    conflicts         size   tier2        variables
c         MB      restarts       redundant     glue    trail        remaining
c          level        rate          size/glue  tier1   irredundant
c 
c - 30.15  0 17 34 13291  1 312893 43177 1.6 18 11 6 11 27% 242513 302 10%
c p 30.16  0 17 34 13291  1 312893 43180 1.6 18 11 6 11 27% 242513 302 10%
c u 30.19  0 17 34 13291  1 312893 43147 1.6 18 11 6 11 27% 242513 302 10%
c v 30.20  0 17 34 13291  1 312893 43143 1.6 18 11 6 11 27% 242513 302 10%
c w 30.20  0 17 34 13291  1 312893 43142 1.6 18 11 6 11 27% 242513 302 10%
c x 30.22  0 17 34 13291  1 312893 43142 1.6 18 11 6 11 27% 242509 302 10%
c B 31.46  0 16 34 14018  1 325053 50874 1.6 18 11 6 11 27% 242509 302 10%
c - 32.25  0 16 35 14553  1 332258 46616 1.6 17 11 6 11 27% 242509 302 10%
c p 32.26  0 16 35 14553  1 332258 46619 1.6 17 11 6 11 27% 242509 302 10%
c u 32.30  0 16 35 14553  1 332258 46561 1.6 17 11 6 11 27% 242509 302 10%
c v 32.31  0 16 35 14553  1 332258 46550 1.6 17 11 6 11 27% 242509 302 10%
c w 32.32  0 16 35 14553  1 332258 46547 1.6 17 11 6 11 27% 242509 302 10%
c x 32.34  0 16 35 14553  1 332258 46547 1.6 17 11 6 11 27% 242505 302 10%
c t 32.34  0 16 35 14553  1 332258 46546 1.6 17 11 6 11 27% 242505 302 10%
c } 33.65  0 16 35 15519  1 342404 53910 1.6 18 11 5 11 27% 242505 302 10%
c [ 33.65  0 19 35 15519  1 342404 53910 1.4 20 14 8 14 27% 242505 302 10%
c I 34.35  0 18 35 15519  1 351054 59581 1.4 20 14 8 14 27% 242505 302 10%
c - 34.49  0 18 36 15520  1 352211 43916 1.4 20 14 8 14 27% 242505 302 10%
c p 34.50  0 18 36 15520  1 352211 43921 1.4 20 14 8 14 27% 242505 302 10%
c u 34.55  0 18 36 15520  1 352211 43867 1.4 20 14 8 14 27% 242505 302 10%
c 
c  seconds  reductions    conflicts         size   tier2        variables
c         MB      restarts       redundant     glue    trail        remaining
c          level        rate          size/glue  tier1   irredundant
c 
c v 34.56  0 18 36 15520  1 352211 43845 1.4 20 14 8 14 27% 242505 302 10%
c w 34.57  0 18 36 15520  1 352211 43841 1.4 20 14 8 14 27% 242505 302 10%
c x 34.60  0 18 36 15520  1 352211 43841 1.4 20 14 8 14 27% 242503 302 10%
c - 36.28  0 18 37 15520  1 372754 42435 1.4 19 14 8 14 27% 242503 302 10%
c p 36.30  0 18 37 15520  1 372754 42438 1.4 19 14 8 14 27% 242503 302 10%
c u 36.34  0 18 37 15520  1 372754 42371 1.4 19 14 8 14 27% 242503 302 10%
c v 36.35  0 18 37 15520  1 372754 42368 1.4 19 14 8 14 27% 242503 302 10%
c w 36.36  0 18 37 15520  1 372754 42367 1.4 19 14 8 14 27% 242503 302 10%
c x 36.38  0 18 37 15520  1 372754 42366 1.4 19 14 8 14 27% 242501 302 10%
c B 36.80  0 18 37 15520  1 378055 45755 1.4 19 14 8 14 27% 242501 302 10%
c - 38.04  0 17 38 15527  1 393888 41311 1.4 19 14 8 14 27% 242501 302 10%
c p 38.05  0 17 38 15527  1 393888 41314 1.4 19 14 8 14 27% 242501 302 10%
c u 38.37  0 17 38 15527  1 393888 41281 1.4 19 14 8 14 27% 242501 302 10%
c v 38.38  0 17 38 15527  1 393888 41279 1.4 19 14 8 14 27% 242501 302 10%
c w 38.39  0 17 38 15527  1 393888 41277 1.4 19 14 8 14 27% 242501 302 10%
c x 38.41  0 17 38 15527  1 393888 41277 1.4 19 14 8 14 27% 242501 302 10%
c t 38.41  0 17 38 15527  1 393888 41276 1.4 19 14 8 14 27% 242501 302 10%
c s 38.90  0 17 38 15529  1 398850 44825 1.4 19 14 8 14 27% 242316 302 10%
c s 38.97  0 17 38 15529  1 398850 44789 1.4 19 14 8 14 27% 242212 302 10%
c W 40.58  0 17 38 15534  1 406056 49507 1.4 19 14 8 14 27% 242212 302 10%
c 
c  seconds  reductions    conflicts         size   tier2        variables
c         MB      restarts       redundant     glue    trail        remaining
c          level        rate          size/glue  tier1   irredundant
c 
c ] 41.14  0 17 38 15535  1 413829 55126 1.4 19 14 8 14 27% 242212 302 10%
c { 41.14  0 16 38 15535  1 413829 55126 1.6 18 11 5 11 27% 242212 302 10%
c - 41.43  0 16 39 15719  1 415618 41346 1.6 18 11 5 11 27% 242212 302 10%
c p 41.44  0 16 39 15719  1 415618 41351 1.6 18 11 5 11 27% 242212 302 10%
c u 41.48  0 16 39 15719  1 415618 41311 1.6 18 11 5 11 27% 242212 302 10%
c v 41.50  0 16 39 15719  1 415618 41311 1.6 18 11 5 11 27% 242212 302 10%
c w 41.51  0 16 39 15719  1 415618 41310 1.6 18 11 5 11 27% 242212 302 10%
c x 41.54  0 16 39 15719  1 415618 41310 1.6 18 11 5 11 27% 242203 302 10%
c W 44.08  0 16 39 17239  1 435058 53933 1.5 17 11 5 11 27% 242203 302 10%
c - 44.55  0 16 40 17554  1 437927 44646 1.5 17 11 5 11 27% 242203 302 10%
c p 44.56  0 16 40 17554  1 437927 44651 1.5 17 11 5 11 27% 242203 302 10%
c u 44.62  0 16 40 17554  1 437927 44575 1.5 17 11 5 11 27% 242203 302 10%
c v 44.64  0 16 40 17554  1 437927 44571 1.5 17 11 5 11 27% 242203 302 10%
c w 44.65  0 16 40 17554  1 437927 44569 1.5 17 11 5 11 27% 242203 302 10%
c x 44.68  0 16 40 17554  1 437927 44569 1.5 17 11 5 11 27% 242198 302 10%
c t 44.69  0 16 40 17554  1 437927 44568 1.5 17 11 5 11 27% 242198 302 10%
c - 47.78  0 16 41 19285  1 460826 49597 1.5 17 11 5 11 27% 242198 302 10%
c p 47.79  0 16 41 19285  1 460826 49600 1.5 17 11 5 11 27% 242198 302 10%
c u 47.85  0 16 41 19285  1 460826 49552 1.5 17 11 5 11 27% 242198 302 10%
c v 47.87  0 16 41 19285  1 460826 49545 1.5 17 11 5 11 27% 242198 302 10%
c 
c  seconds  reductions    conflicts         size   tier2        variables
c         MB      restarts       redundant     glue    trail        remaining
c          level        rate          size/glue  tier1   irredundant
c 
c w 47.89  0 16 41 19285  1 460826 49539 1.5 17 11 5 11 27% 242198 302 10%
c x 47.93  0 16 41 19285  1 460826 49539 1.5 17 11 5 11 27% 242196 302 10%
c t 47.93  0 16 41 19285  1 460826 49538 1.5 17 11 5 11 27% 242196 302 10%
c # 48.31  0 16 41 19442  1 465060 52122 1.5 17 11 5 11 27% 242196 302 10%
c i 50.68  0 16 41 21177  1 482426 63369 1.5 17 11 5 11 26% 242196 301 10%
c - 50.99  0 15 42 21338  1 484317 50071 1.5 17 11 5 11 26% 241985 301 10%
c 2 50.99  0 15 42 21338  1 484317 50071 1.5 17 11 5 11 26% 241984 301 10%
c p 51.00  0 15 42 21338  1 484317 50073 1.5 17 11 5 11 26% 241984 301 10%
c u 51.07  0 15 42 21338  1 484317 50003 1.5 17 11 5 11 26% 241984 301 10%
c v 51.09  0 15 42 21338  1 484317 49998 1.5 17 11 5 11 26% 241984 301 10%
c w 51.10  0 15 42 21338  1 484317 49990 1.5 17 11 5 11 26% 241984 301 10%
c x 51.13  0 15 42 21338  1 484317 49988 1.5 17 11 5 11 26% 241982 301 10%
c } 51.25  0 15 42 21383  1 485519 50849 1.5 17 11 5 11 26% 241982 301 10%
c [ 51.25  0 17 42 21383  1 485519 50849 1.4 19 14 8 14 27% 241982 301 10%
c O 51.93  0 17 42 21388  1 496061 57417 1.4 19 14 8 14 27% 241982 301 10%
c - 53.09  0 17 43 21395  1 508392 50545 1.4 19 13 8 14 26% 241982 301 10%
c p 53.10  0 17 43 21395  1 508392 50549 1.4 19 13 8 14 26% 241982 301 10%
c u 53.15  0 17 43 21395  1 508392 50498 1.4 19 13 8 14 26% 241982 301 10%
c v 53.17  0 17 43 21395  1 508392 50495 1.4 19 13 8 14 26% 241982 301 10%
c w 53.17  0 17 43 21395  1 508392 50494 1.4 19 13 8 14 26% 241982 301 10%
c 
c  seconds  reductions    conflicts         size   tier2        variables
c         MB      restarts       redundant     glue    trail        remaining
c          level        rate          size/glue  tier1   irredundant
c 
c x 53.20  0 17 43 21395  1 508392 50494 1.4 19 13 8 14 26% 241982 301 10%
c B 54.56  0 17 43 21399  1 528063 64312 1.4 19 13 8 14 26% 241982 301 10%
c - 55.03  0 17 44 21399  1 533057 51574 1.4 19 13 7 14 26% 241982 301 10%
c p 55.04  0 17 44 21399  1 533057 51577 1.4 19 13 7 14 26% 241982 301 10%
c u 55.09  0 17 44 21399  1 533057 51526 1.4 19 13 7 14 26% 241982 301 10%
c v 55.11  0 17 44 21399  1 533057 51522 1.4 19 13 7 14 26% 241982 301 10%
c w 55.12  0 17 44 21399  1 533057 51521 1.4 19 13 7 14 26% 241982 301 10%
c x 55.15  0 17 44 21399  1 533057 51521 1.4 19 13 7 14 26% 241980 301 10%
c s 55.29  0 17 44 21399  1 533919 52135 1.4 19 13 7 14 26% 241703 301 10%
c e 55.33  0 17 44 21399  1 533919 51934 1.4 19 13 7 14 26% 241701 299 10%
c s 55.36  0 17 44 21399  1 533919 51916 1.4 19 13 7 14 26% 241557 299 10%
c - 57.24  0 17 45 21410  1 558317 50585 1.4 19 13 7 14 26% 241557 299 10%
c p 57.25  0 17 45 21410  1 558317 50587 1.4 19 13 7 14 26% 241557 299 10%
c u 57.30  0 17 45 21410  1 558317 50553 1.4 19 13 7 14 26% 241557 299 10%
c v 57.31  0 17 45 21410  1 558317 50549 1.4 19 13 7 14 26% 241557 299 10%
c w 57.32  0 17 45 21410  1 558317 50549 1.4 19 13 7 14 26% 241557 299 10%
c x 57.36  0 17 45 21410  1 558317 50549 1.4 19 13 7 14 26% 241556 299 10%
c W 58.46  0 16 45 21412  1 561065 52070 1.4 19 13 7 14 25% 241556 299 10%
c ] 59.89  0 16 45 21418  1 579140 62253 1.4 18 13 7 14 25% 241556 299 10%
c { 59.89  0 15 45 21418  1 579140 62253 1.5 17 11 5 11 26% 241556 299 10%
c 
c  seconds  reductions    conflicts         size   tier2        variables
c         MB      restarts       redundant     glue    trail        remaining
c          level        rate          size/glue  tier1   irredundant
c 
c - 60.53  0 15 46 21725  1 584151 52981 1.5 17 11 5 11 26% 241556 299 10%
c p 60.55  0 15 46 21725  1 584151 52983 1.5 17 11 5 11 26% 241556 299 10%
c u 60.59  0 15 46 21725  1 584151 52913 1.5 17 11 5 11 26% 241556 299 10%
c v 60.62  0 15 46 21725  1 584151 52906 1.5 17 11 5 11 26% 241556 299 10%
c w 60.63  0 15 46 21725  1 584151 52906 1.5 17 11 5 11 26% 241556 299 10%
c x 60.66  0 15 46 21725  1 584151 52906 1.5 17 11 5 11 26% 241553 299 10%
c B 62.19  0 15 46 22874  1 595067 60255 1.5 17 11 5 11 26% 241553 299 10%
c - 64.31  0 15 47 23910  1 610578 57162 1.5 17 11 5 11 26% 241553 299 10%
c p 64.32  0 15 47 23910  1 610578 57165 1.5 17 11 5 11 26% 241553 299 10%
c u 64.77  0 15 47 23910  1 610578 57080 1.5 17 11 5 11 26% 241553 299 10%
c v 64.79  0 15 47 23910  1 610578 57063 1.5 17 11 5 11 26% 241553 299 10%
c w 64.80  0 15 47 23910  1 610578 57055 1.5 17 11 5 11 26% 241553 299 10%
c x 64.84  0 15 47 23910  1 610578 57054 1.5 17 11 5 11 26% 241547 299 10%
c W 67.56  0 15 47 24893  1 630069 69451 1.5 17 11 5 11 25% 241547 299 10%
c - 68.52  0 15 48 25346  1 637593 59795 1.5 17 11 5 11 25% 241547 299 10%
c p 68.53  0 15 48 25346  1 637593 59797 1.5 17 11 5 11 25% 241547 299 10%
c u 68.59  0 15 48 25346  1 637593 59744 1.5 17 11 5 11 25% 241547 299 10%
c v 68.61  0 15 48 25346  1 637593 59736 1.5 17 11 5 11 25% 241547 299 10%
c w 68.62  0 15 48 25346  1 637593 59735 1.5 17 11 5 11 25% 241547 299 10%
c x 68.66  0 15 48 25346  1 637593 59735 1.5 17 11 5 11 25% 241543 299 10%
c 
c  seconds  reductions    conflicts         size   tier2        variables
c         MB      restarts       redundant     glue    trail        remaining
c          level        rate          size/glue  tier1   irredundant
c 
c - 71.69  0 15 49 27208  1 665200 59845 1.5 17 11 5 10 25% 241543 299 10%
c p 71.70  0 15 49 27208  1 665200 59847 1.5 17 11 5 10 25% 241543 299 10%
c u 71.76  0 15 49 27208  1 665200 59823 1.5 17 11 5 10 25% 241543 299 10%
c v 71.78  0 15 49 27208  1 665200 59812 1.5 17 11 5 10 25% 241543 299 10%
c w 71.79  0 15 49 27208  1 665200 59810 1.5 17 11 5 10 25% 241543 299 10%
c x 71.83  0 15 49 27208  1 665200 59808 1.5 17 11 5 10 25% 241539 299 10%
c F 71.94  0 15 49 27309  1 666070 60365 1.5 17 11 5 10 25% 241539 299 10%
c } 72.79  0 14 49 27593  1 674389 66136 1.5 17 11 5 10 25% 241539 299 10%
c [ 72.79  0 16 49 27593  1 674389 66136 1.4 18 13 7 14 25% 241539 299 10%
c s 74.00  0 16 49 27601  1 688448 74592 1.4 18 13 7 14 25% 241278 299 10%
c s 74.08  0 16 49 27601  1 688448 74569 1.4 18 13 7 14 25% 241112 299 10%
c - 74.54  0 16 50 27603  1 693397 61094 1.4 18 13 7 14 25% 241112 299 10%
c p 74.55  0 16 50 27603  1 693397 61097 1.4 18 13 7 14 25% 241112 299 10%
c u 74.60  0 16 50 27603  1 693397 61033 1.4 18 13 7 14 25% 241112 299 10%
c v 74.62  0 16 50 27603  1 693397 61023 1.4 18 13 7 14 25% 241112 299 10%
c w 74.63  0 16 50 27603  1 693397 61021 1.4 18 13 7 14 25% 241112 299 10%
c x 74.66  0 16 50 27603  1 693397 61020 1.4 18 13 7 14 25% 241103 299 10%
c I 75.39  0 15 50 27604  1 703072 66399 1.4 18 13 7 14 24% 241103 299 10%
c - 76.95  0 15 51 27606  1 722171 60323 1.4 18 12 7 14 24% 241103 299 10%
c p 76.97  0 15 51 27606  1 722171 60325 1.4 18 12 7 14 24% 241103 299 10%
c 
c  seconds  reductions    conflicts         size   tier2        variables
c         MB      restarts       redundant     glue    trail        remaining
c          level        rate          size/glue  tier1   irredundant
c 
c u 77.02  0 15 51 27606  1 722171 60275 1.4 18 12 7 14 24% 241103 299 10%
c v 77.03  0 15 51 27606  1 722171 60264 1.4 18 12 7 14 24% 241103 299 10%
c w 77.05  0 15 51 27606  1 722171 60263 1.4 18 12 7 14 24% 241103 299 10%
c x 77.08  0 15 51 27606  1 722171 60262 1.4 18 12 7 14 24% 241096 299 10%
c B 78.55  0 15 51 27606  1 741073 70467 1.4 17 12 6 13 24% 241096 299 10%
c - 79.49  0 15 52 27606  1 751536 59637 1.4 17 12 6 13 24% 241096 299 10%
c p 79.50  0 15 52 27606  1 751536 59639 1.4 17 12 6 13 24% 241096 299 10%
c u 79.56  0 15 52 27606  1 751536 59456 1.4 17 12 6 13 24% 241096 299 10%
c v 79.58  0 15 52 27606  1 751536 59433 1.4 17 12 6 13 24% 241096 299 10%
c w 79.59  0 15 52 27606  1 751536 59428 1.4 17 12 6 13 24% 241096 299 10%
c x 79.63  0 15 52 27606  1 751536 59428 1.4 17 12 6 13 24% 241092 299 10%
c W 82.99  0 14 52 27607  1 780074 74665 1.4 17 12 6 13 23% 241092 299 10%
c - 83.14  0 14 53 27607  1 781491 62087 1.4 17 12 6 13 23% 241092 299 10%
c p 83.16  0 14 53 27607  1 781491 62089 1.4 17 12 6 13 23% 241092 299 10%
c u 83.21  0 14 53 27607  1 781491 62002 1.4 17 12 6 13 23% 241092 299 10%
c v 83.24  0 14 53 27607  1 781491 62000 1.4 17 12 6 13 23% 241092 299 10%
c w 83.25  0 14 53 27607  1 781491 61998 1.4 17 12 6 13 23% 241092 299 10%
c x 83.28  0 14 53 27607  1 781491 61996 1.4 17 12 6 13 23% 241086 299 10%
c ] 83.67  0 14 53 27607  1 786644 65525 1.4 17 12 6 13 24% 241086 299 10%
c { 83.67  0 14 53 27607  1 786644 65525 1.5 17 11 5 10 25% 241086 299 10%
c 
c  seconds  reductions    conflicts         size   tier2        variables
c         MB      restarts       redundant     glue    trail        remaining
c          level        rate          size/glue  tier1   irredundant
c 
c - 86.57  0 14 54 28643  1 812038 59719 1.5 16 11 4 10 24% 241086 299 10%
c p 86.58  0 14 54 28643  1 812038 59721 1.5 16 11 4 10 24% 241086 299 10%
c u 86.64  0 14 54 28643  1 812038 59619 1.5 16 11 4 10 24% 241086 299 10%
c v 86.67  0 14 54 28643  1 812038 59618 1.5 16 11 4 10 24% 241086 299 10%
c w 86.68  0 14 54 28643  1 812038 59614 1.5 16 11 4 10 24% 241086 299 10%
c x 86.72  0 14 54 28643  1 812038 59614 1.5 16 11 4 10 24% 241080 299 10%
c B 87.53  0 14 54 28762  1 820075 64532 1.5 16 11 4 10 24% 241080 299 10%
c - 90.14  0 13 55 29743  1 843175 60761 1.5 16 11 4 10 24% 241080 299 10%
c p 90.15  0 13 55 29743  1 843175 60763 1.5 16 11 4 10 24% 241080 299 10%
c u 90.22  0 13 55 29743  1 843175 60702 1.5 16 11 4 10 24% 241080 299 10%
c v 90.25  0 13 55 29743  1 843175 60697 1.5 16 11 4 10 24% 241080 299 10%
c w 90.26  0 13 55 29743  1 843175 60690 1.5 16 11 4 10 24% 241080 299 10%
c x 90.30  0 13 55 29743  1 843175 60688 1.5 16 11 4 10 24% 241031 299 10%
c W 93.28  0 13 55 31164  1 861077 72044 1.5 16 11 4 10 24% 241031 299 10%
c s 93.49  0 13 55 31187  1 862248 72796 1.5 16 11 4 10 24% 240896 299 10%
c s 93.58  0 13 55 31187  1 862248 72768 1.5 16 11 4 10 24% 240714 299 10%
c - 95.16  0 13 56 31881  1 874903 63582 1.5 16 11 4 10 24% 240714 299 10%
c p 95.18  0 13 56 31881  1 874903 63584 1.5 16 11 4 10 24% 240714 299 10%
c u 95.25  0 13 56 31881  1 874903 63538 1.5 16 11 4 10 24% 240714 299 10%
c v 95.27  0 13 56 31881  1 874903 63506 1.5 16 11 4 10 24% 240714 299 10%
c 
c  seconds  reductions    conflicts         size   tier2        variables
c         MB      restarts       redundant     glue    trail        remaining
c          level        rate          size/glue  tier1   irredundant
c 
c w 95.29  0 13 56 31881  1 874903 63483 1.5 16 11 4 10 24% 240714 299 10%
c x 95.33  0 13 56 31881  1 874903 63482 1.5 16 11 4 10 24% 240703 299 10%
c } 98.40  0 13 56 33331  1 900238 78223 1.5 16 10 4 10 24% 240703 299 10%
c [ 98.40  0 14 56 33331  1 900238 78223 1.4 17 12 6 13 24% 240703 299 10%
c O 98.67  0 14 56 33331  1 903078 79648 1.4 17 12 6 13 23% 240703 299 10%
c - 99.08  0 14 57 33331  1 907210 64671 1.4 17 12 6 13 23% 240703 299 10%
c p 99.10  0 14 57 33331  1 907210 64673 1.4 17 12 6 13 23% 240703 299 10%
c u 99.63  0 14 57 33331  1 907210 64607 1.4 17 12 6 13 23% 240703 299 10%
c v 99.66  0 14 57 33331  1 907210 64573 1.4 17 12 6 13 23% 240703 299 10%
c w 99.67  0 14 57 33331  1 907210 64549 1.4 17 12 6 13 23% 240703 299 10%
c x 99.72  0 14 57 33331  1 907210 64549 1.4 17 12 6 13 23% 240693 299 10%
c - 102.49  0 14 58 33335  1 940105 64187 1.4 16 12 6 13 23% 240693 299 10%
c p 102.51  0 14 58 33335  1 940105 64189 1.4 16 12 6 13 23% 240693 299 10%
c u 102.56  0 14 58 33335  1 940105 64106 1.4 16 12 6 13 23% 240693 299 10%
c v 102.59  0 14 58 33335  1 940105 64100 1.4 16 12 6 13 23% 240693 299 10%
c w 102.60  0 14 58 33335  1 940105 64095 1.4 16 12 6 13 23% 240693 299 10%
c x 102.64  0 14 58 33335  1 940105 64094 1.4 16 12 6 13 23% 240689 299 10%
c B 103.15  0 14 58 33338  1 946079 67764 1.4 16 12 6 13 23% 240689 299 10%
c - 105.77  0 13 59 33350  1 973592 63907 1.4 16 11 6 13 23% 240689 299 10%
c p 105.79  0 13 59 33350  1 973592 63909 1.4 16 11 6 13 23% 240689 299 10%
c 
c  seconds   reductions    conflicts         size   tier2        variables
c          MB      restarts       redundant     glue    trail        remaining
c           level        rate          size/glue  tier1   irredundant
c 
c u 105.85  0 13 59 33350  1 973592 63788 1.4 16 11 6 13 23% 240689 299 10%
c v 105.88  0 13 59 33350  1 973592 63736 1.4 16 11 6 13 23% 240689 299 10%
c w 105.90  0 13 59 33350  1 973592 63709 1.4 16 11 6 13 23% 240689 299 10%
c x 105.94  0 13 59 33350  1 973592 63705 1.4 16 11 6 13 23% 240032 299 10%
c t 105.94  0 13 59 33350  1 973592 63703 1.4 16 11 6 13 23% 240032 299 10%
c i 106.95  0 13 59 33356  1 985098 69939 1.4 16 11 6 13 24% 240032 298 10%
c W 108.45  0 13 59 33360  1 990086 44892 1.4 16 11 6 12 24% 203033 298 10%
c - 109.90  0 12 60 33362  1 1007669 44962 1.5 15 10 6 12 24% 203033 298 10%
c 2 109.90  0 12 60 33362  1 1007669 44961 1.5 15 10 6 12 24% 203033 298 10%
c p 109.91  0 12 60 33362  1 1007669 44963 1.5 15 10 6 12 24% 203033 298 10%
c u 109.98  0 12 60 33362  1 1007669 44862 1.5 15 10 6 12 24% 203032 298 10%
c v 110.00  0 12 60 33362  1 1007669 44846 1.5 15 10 6 12 24% 203032 298 10%
c w 110.01  0 12 60 33362  1 1007669 44840 1.5 15 10 6 12 24% 203032 298 10%
c x 110.05  0 12 60 33362  1 1007669 44837 1.5 15 10 6 12 24% 203020 298 10%
c i 110.75  0 12 60 33362  1 1016268 48972 1.5 15 10 6 12 24% 203020 297 10%
c i 111.29  0 12 60 33365  1 1022660 52420 1.5 15 10 6 12 24% 203020 296 10%
c i 111.50  0 12 60 33368  1 1025238 53605 1.5 15 10 6 12 24% 203020 294 10%
c i 111.78  0 12 60 33369  1 1028605 55282 1.5 15 10 6 12 24% 203020 293 10%
c i 111.83  0 12 60 33369  1 1029098 55511 1.5 15 10 6 12 24% 203020 289 10%
c i 111.89  0 12 60 33369  1 1030010 55890 1.5 15 10 6 12 23% 203020 274  9%
c 
c  seconds   reductions     conflicts         size   tier2        variables
c          MB      restarts        redundant     glue    trail        remaining
c           level        rate           size/glue  tier1   irredundant
c 
c i 111.90  0 12 60 33369  1 1030071 55919 1.5 15 10 6 12 23% 203020 273  9%
c i 111.90  0 12 60 33369  1 1030094 55927 1.5 15 10 6 12 23% 203020 272  9%
c i 111.90  0 12 60 33369  1 1030102 55928 1.5 15 10 6 12 23% 203020 269  9%
c i 111.90  0 12 60 33369  1 1030103 55928 1.5 15 10 6 12 23% 203020 267  9%
c i 111.90  0 12 60 33369  1 1030111 55931 1.5 15 10 6 12 23% 203020 262  9%
c ] 111.90  0 12 60 33369  1 1030113 55931 1.5 15 10 6 12 23% 203020 242  8%
c 0 111.90  0 12 60 33369  1 1030113 55931 1.5 15 10 6 12 23% 203020 242  8%
c 
c --- [ closing proof ] ------------------------------------------------------
c 
c LRAT proof file '/Users/ivanspogreev/earth-moon/lean/data/a4_m13s/leaf6.lrat' closed
c LRAT 1363761 added clauses 50.21%
c LRAT 1352139 deleted clauses 49.79%
c LRAT 238142198 bytes (227.11 MB)
c 
c --- [ result ] -------------------------------------------------------------
c 
s UNSATISFIABLE
c 
c --- [ run-time profiling ] -------------------------------------------------
c 
c process time taken by individual solving procedures
c (percentage relative to process time for solving)
c 
c       103.96   93.05% search
c        53.24   47.65% unstable
c        43.87   39.26% stable
c         7.76    6.95% simplify
c         6.83    6.12% walk
c         4.15    3.72% vivify
c         1.81    1.62% sweep
c         0.50    0.44% elim
c         0.49    0.44% subsume
c         0.32    0.28% probe
c         0.18    0.16% parse
c         0.12    0.11% ternary
c         0.08    0.07% congruence
c         0.02    0.02% lucky
c         0.00    0.00% backbone
c   =================================
c       111.72   99.84% solve
c 
c last line shows process time for solving
c (percentage relative to total process time)
c 
c --- [ statistics ] ---------------------------------------------------------
c 
c chronological:            106438        10.33 %  of conflicts
c conflicts:               1030113      9220.08    per second
c backbone:                 105222      3572.90 %  of vars
c decisions:               1249521     11183.90    per second
c eliminated:                 1854        62.95 %  of all variables
c fixed:                       846        28.73 %  of all variables
c learned:                 1004225        97.49 %  per conflict
c learned_lits:           23229358       100.00 %  learned literals
c minimized:                     0         0.00 %  learned literals
c shrunken:                4627720        19.92 %  learned literals
c minishrunken:            1507644         6.49 %  learned literals
c otfs:                      15332         1.49 %  of conflict
c propagations:           13984733         0.13 M  per second
c reduced:                  563710        54.72 %  per conflict
c rephased:                     44     23411.66    interval
c restarts:                  33369        30.87    interval
c stabilizing:                  10        54.43 %  of conflicts
c substituted:                   2         0.07 %  of all variables
c subsumed:                 361082        28.71 %  of all clauses
c strengthened:              45944         3.65 %  of all clauses
c ticks:                9334716737       680.77    propagation
c vivified:                   5922         0.47 %  of all clauses
c walked:                       14     73579.50    interval
c weakened:                   4508         2.61    average size
c congruence:                   10    103011.30    interval
c 
c seconds are measured in process time for solving
c 
c --- [ glue usage ] ---------------------------------------------------------
c 
c focused glue 4 used 147432 clauses 8.967% accumulated 52.53% tier1
c focused glue 5 used 119739 clauses 7.282% accumulated 59.82%
c focused glue 6-8 used 264240 clauses 16.07% accumulated 75.89%
c focused glue 9 used 79400 clauses 4.829% accumulated 80.72%
c focused glue 10 used 72282 clauses 4.396% accumulated 85.11% tier2
c 
c stable glue 5 used 154869 clauses 6.531% accumulated 51.32% tier1
c stable glue 6 used 124918 clauses 5.268% accumulated 56.59%
c stable glue 7-10 used 491727 clauses 20.73% accumulated 77.33%
c stable glue 11 used 113682 clauses 4.794% accumulated 82.12%
c stable glue 12 used 98959 clauses 4.173% accumulated 86.30% tier2
c 
c 
c --- [ resources ] ----------------------------------------------------------
c 
c total process time since initialization:       111.90    seconds
c total real time since initialization:          112.42    seconds
c maximum resident set size of process:          646.72    MB
c 
c --- [ shutting down ] ------------------------------------------------------
c 
c exit 20
