c --- [ banner ] -------------------------------------------------------------
c 
c CaDiCaL SAT Solver
c Copyright (c) 2016-2026
c A. Biere, M. Fleury, N. Froleyks, K. Fazekas, F. Pollitt, T. Faller
c JKU Linz, University of Freiburg, TU Wien
c 
c Version 3.0.1
c Apple clang version 16.0.0 (clang-1600.0.26.6) -Wall -Wextra -O3 -DNDEBUG -std=c++11 -DNCLOSEFROM
c Sun Jul 19 15:40:55 UTC 2026 Darwin Sonoma-arm64.local 23.6.0 arm64
c 
c --- [ proof tracing ] ------------------------------------------------------
c 
c opening file to write '/Users/ivanspogreev/earth-moon/lean/data/a4_m13s/leaf3.lrat'
c writing non-binary proof trace to '/Users/ivanspogreev/earth-moon/lean/data/a4_m13s/leaf3.lrat'
c 
c --- [ parsing input ] ------------------------------------------------------
c 
c reading DIMACS file from '/Users/ivanspogreev/earth-moon/lean/data/a4_m13s/leaf3.cnf'
c opening file to read '/Users/ivanspogreev/earth-moon/lean/data/a4_m13s/leaf3.cnf'
c found 'p cnf 2945 213319' header
c parsed 213319 clauses in 0.15 seconds process time
c 
c --- [ options ] ------------------------------------------------------------
c 
c   --binary=false                 (different from default 'true')
c   --lrat=true                    (different from default 'false')
c 
c --- [ solving ] ------------------------------------------------------------
c 
c time measured in process time since initialization
c 
c  seconds  reduction conflicts       size tier2       variables
c         MB    restarts   redundant    glue  trail         remaining
c          level     rate       size/glu tier1  irredundant
c 
c *  0.15  0  0 0   0  0    0    0 0.0 0 0 2 6  0% 213169 2904 99%
c )  0.17  0  0 0   0  0    0    0 0.0 0 0 2 6  0% 213169 2904 99%
c {  0.17  0  0 0   0  0    0    0 0.0 0 0 2 6  0% 213169 2904 99%
c i  0.17  0 2267 0   0 136   19   10 1.3 7 5 2 6 80% 213163 2902 99%
c i  0.17  0 2269 0   0 123   21   11 1.3 6 5 2 6 80% 213163 2901 99%
c i  0.17  0 2258 0   0 108   24   13 1.3 6 4 2 6 80% 213163 2900 98%
c i  0.17  0 2249 0   0 100   26   14 1.3 5 4 2 6 80% 213163 2899 98%
c i  0.17  0 2046 0   1 49   60   30 1.4 8 6 2 6 74% 213153 2897 98%
c i  0.19  0 793 0  30 58  200   83 1.4 10 7 2 6 42% 213073 2895 98%
c i  0.19  0 785 0  31 58  202   83 1.4 10 7 2 6 41% 213073 2894 98%
c i  0.19  0 781 0  31 57  203   83 1.4 10 7 2 6 41% 213073 2893 98%
c i  0.19  0 777 0  31 57  204   83 1.4 10 7 2 6 41% 213073 2892 98%
c i  0.19  0 620 0  39 47  258  108 1.3 10 8 2 6 34% 213048 2891 98%
c i  0.19  0 613 0  39 46  261  108 1.3 10 8 2 6 34% 213048 2887 98%
c i  0.19  0 610 0  39 46  262  108 1.3 10 7 2 6 34% 213048 2886 98%
c i  0.19  0 601 0  39 45  267  110 1.3 10 7 2 6 33% 213047 2885 98%
c -  0.21  0 537 1  39 41  302   78 1.3 10 7 2 6 33% 212987 2885 98%
c i  0.21  0 473 1  39 36  356   85 1.4 10 7 2 6 33% 212942 2884 98%
c i  0.21  0 457 1  39 34  372   88 1.4 10 7 2 6 32% 212931 2883 98%
c i  0.21  0 422 1  39 32  408   97 1.4 9 7 2 6 30% 212908 2882 98%
c 
c  seconds   reduction conflicts       size tier2       variables
c         MB     restarts   redundant    glue  trail         remaining
c           level     rate       size/glu tier1  irredundant
c 
c i  0.21  0 411 1  39 31  419   98 1.4 9 6 2 6 30% 212908 2800 95%
c i  0.24  0 325 1  51 25  564  166 1.5 10 7 2 6 30% 212849 2799 95%
c i  0.24  0 317 1  51 24  578  172 1.5 10 7 2 6 30% 212844 2798 95%
c i  0.24  0 316 1  51 24  581  173 1.5 10 7 2 6 30% 212843 2796 95%
c i  0.24  0 313 1  51 24  586  173 1.5 10 6 2 6 30% 212841 2788 95%
c i  0.26  0 242 1  78 20  824  257 1.4 11 8 2 6 30% 212709 2787 95%
c i  0.27  0 237 1  83 20  842  265 1.5 11 8 2 6 29% 212701 2786 95%
c i  0.27  0 236 1  83 20  843  265 1.5 11 8 2 6 29% 212701 2784 95%
c i  0.27  0 236 1  83 20  844  265 1.5 11 8 2 6 29% 212701 2783 94%
c i  0.27  0 236 1  83 20  845  265 1.5 11 8 2 6 29% 212701 2782 94%
c -  0.30  0 229 2  83 19  881  165 1.5 11 8 2 6 30% 212550 2782 94%
c i  0.30  0 223 2  83 19  926  177 1.4 11 8 2 6 30% 212523 2781 94%
c i  0.30  0 210 2  93 18  993  196 1.4 11 8 2 6 29% 212480 2780 94%
c i  0.30  0 210 2  93 18  995  196 1.4 11 8 2 6 29% 212480 2773 94%
c i  0.30  0 210 2  93 18  996  196 1.4 11 8 2 6 29% 212480 2772 94%
c i  0.30  0 209 2  93 18  997  196 1.4 11 8 2 6 29% 212480 2771 94%
c }  0.31  0 209 2  93 18 1002  197 1.4 11 7 2 6 29% 212477 2771 94%
c [  0.31  0  0 2  93  0 1002  197 0.0 0 0 2 6  0% 212477 2771 94%
c O  0.31  0  1 2  93  2 1003  198 2.0 2 1 2 6  8% 212477 2771 94%
c -  0.37  0 39 3  93  1 1865  409 2.2 24 11 2 6 59% 212446 2771 94%
c 
c  seconds  reduction conflicts       size   tier2       variables
c         MB    restarts   redundant     glue   trail         remaining
c          level     rate       size/glue  tier1  irredundant
c 
c i  0.39  0 46 3  94  2 2440  716 2.1 22 10 2 6 56% 212326 2770 94%
c i  0.39  0 45 3  94  2 2449  718 2.1 22 10 2 6 56% 212323 2769 94%
c ]  0.41  0 41 3  94  1 2687  805 1.9 22 11 2 6 51% 212317 2769 94%
c {  0.41  0 209 3  94 18 2687  805 1.4 11 7 2 6 29% 212317 2769 94%
c i  0.41  0 208 3  94 18 2690  806 1.4 11 8 2 6 29% 212317 2768 94%
c 2  0.44  0 185 3 121 16 2840  913 1.4 13 9 2 6 28% 212301 2749 93%
c d  0.45  0 185 3 121 16 2840  910 1.4 13 9 2 6 28% 212262 2748 93%
c p  0.45  0 185 3 121 16 2840  910 1.4 13 9 2 6 28% 212262 2747 93%
c =  0.50  0 185 3 121 16 2840  905 1.4 13 9 2 6 28% 212143 2625 89%
c t  0.50  0 185 3 121 16 2840  902 1.4 13 9 2 6 28% 212143 2625 89%
c O  0.56  0 164 3 161 15 3004 1025 1.4 15 11 2 6 10% 212138 2625 89%
c i  0.58  0 161 3 168 14 3031 1046 1.4 15 11 2 6 11% 212133 2525 86%
c -  0.62  0 136 4 174 12 3297  606 1.6 17 10 2 6 17% 212019 2525 86%
c i  0.62  0 132 4 174 12 3347  650 1.7 17 10 2 6 17% 212019 2524 86%
c i  0.66  0 92 4 200  8 4187 1368 1.9 19 10 2 6 19% 212016 2523 86%
c i  0.66  0 92 4 200  8 4195 1369 1.9 19 10 2 6 19% 212013 2522 86%
c i  0.67  0 88 4 235  8 4337 1475 1.9 19 10 2 6 18% 212012 2521 86%
c i  0.67  0 88 4 238  8 4347 1481 1.9 19 10 2 6 18% 212011 2429 82%
c i  0.68  0 84 4 272  8 4481 1564 1.8 19 10 2 6 18% 212010 2331 79%
c -  0.82  0 71 5 383  6 5200 1783 1.7 19 11 9 14 18% 211781 2328 79%
c 
c  seconds  reduction conflicts       size   tier2        variables
c         MB    restarts   redundant     glue    trail         remaining
c          level     rate       size/glue  tier1   irredundant
c 
c 2  0.83  0 68 5 387  6 5340 1897 1.7 19 11 9 14 18% 211781 2312 79%
c d  0.84  0 68 5 387  6 5340 1896 1.7 19 11 9 14 18% 211753 2311 78%
c k  0.84  0 68 5 387  6 5340 1896 1.7 19 11 9 14 18% 211753 2294 78%
c t  0.88  0 68 5 387  6 5340 1895 1.7 19 11 9 14 18% 211729 2294 78%
c #  0.98  0 61 5 512  6 6009 2395 1.6 19 11 9 14 18% 211727 2294 78%
c }  1.01  0 54 5 518  5 6631 2821 1.7 18 11 9 15 18% 211727 2294 78%
c [  1.01  0 41 5 518  1 6631 2821 1.9 22 11 2 6 57% 211727 2294 78%
c -  1.08  0 31 6 519  1 7590 3312 1.9 20 10 9 14 43% 211727 2294 78%
c 2  1.09  0 29 6 519  1 7944 3558 1.9 20 10 9 14 40% 211727 2289 78%
c I  1.27  0 25 6 520  1 10010 5101 1.7 20 12 9 14  9% 211725 2289 78%
c -  1.36  0 24 7 521  1 10477 4622 1.6 20 12 9 14  9% 211725 2289 78%
c 2  1.37  0 24 7 521  1 10641 4748 1.6 20 12 9 14 10% 211725 2285 78%
c =  1.43  0 24 7 521  1 10641 4748 1.6 20 12 9 14 10% 211714 2283 78%
c t  1.44  0 24 7 521  1 10641 4747 1.6 20 12 9 14 10% 211714 2283 78%
c ]  1.53  0 24 7 522  1 11932 5559 1.5 20 13 9 14 10% 211714 2283 78%
c {  1.53  0 54 7 522  5 11932 5559 1.7 18 11 9 15 21% 211714 2283 78%
c s  1.62  0 52 7 610  5 12397 5885 1.7 18 11 9 15 20% 211674 2283 78%
c t  1.62  0 52 7 610  5 12397 5884 1.7 18 11 9 15 20% 211654 2283 78%
c e  1.65  0 52 7 610  5 12397 5513 1.7 18 11 9 15 20% 207986 280 10%
c s  1.66  0 52 7 610  5 12397 5513 1.7 18 11 9 15 20% 207982 280 10%
c 
c  seconds  reductions conflicts       size   tier2        variables
c         MB    restarts    redundant     glue    trail        remaining
c          level     rate        size/glue  tier1   irredundant
c 
c -  1.76  0 44 8 610  4 13870 4961 1.8 18 10 8 13 17% 207982 280 10%
c 2  1.76  0 44 8 610  4 13870 4960 1.8 18 10 8 13 17% 207982 280 10%
c u  1.83  0 44 8 610  4 13870 4920 1.8 18 10 8 13 17% 207982 280 10%
c v  1.83  0 44 8 610  4 13870 4920 1.8 18 10 8 13 17% 207982 280 10%
c w  1.84  0 44 8 610  4 13870 4920 1.8 18 10 8 13 17% 207982 280 10%
c x  1.84  0 44 8 610  4 13870 4920 1.8 18 10 8 13 17% 207980 280 10%
c t  1.85  0 44 8 610  4 13870 4920 1.8 18 10 8 13 17% 207979 280 10%
c B  1.96  0 40 8 804  4 15012 5694 1.7 18 11 8 13 26% 207979 280 10%
c -  2.21  0 34 9 1109  3 17752 6104 1.7 18 11 8 13 28% 207979 280 10%
c W  2.60  0 30 9 1314  3 21015 8730 1.7 19 11 8 13 31% 207988 280 10%
c }  2.70  0 29 9 1393  3 21948 9387 1.7 18 11 8 13 31% 207988 280 10%
c [  2.70  0 24 9 1393  1 21948 9387 1.5 20 13 9 14 79% 207988 280 10%
c -  2.73  0 24 10 1393  1 22141 8126 1.5 20 13 9 14 77% 207988 280 10%
c p  2.73  0 24 10 1393  1 22141 8130 1.5 20 13 9 14 77% 207988 280 10%
c t  2.80  0 24 10 1393  1 22141 8130 1.5 20 13 9 14 77% 207987 280 10%
c -  3.08  0 22 11 1394  1 27043 9095 1.4 20 14 9 14 50% 207987 280 10%
c p  3.08  0 22 11 1394  1 27043 9099 1.4 20 14 9 14 50% 207987 280 10%
c B  3.14  0 22 11 1395  1 28016 9811 1.4 19 14 9 14 48% 207987 280 10%
c -  3.37  0 22 12 1398  1 32465 9469 1.4 20 15 9 14 42% 207987 280 10%
c u  3.40  0 22 12 1398  1 32465 9446 1.4 20 15 9 14 42% 207987 280 10%
c 
c  seconds  reductions   conflicts       size   tier2        variables
c         MB     restarts     redundant     glue    trail        remaining
c          level       rate        size/glue  tier1   irredundant
c 
c v  3.41  0 22 12 1398  1 32465 9437 1.4 20 15 9 14 42% 207987 280 10%
c w  3.42  0 22 12 1398  1 32465 9436 1.4 20 15 9 14 42% 207987 280 10%
c ]  3.51  0 22 12 1400  1 34086 10613 1.4 20 15 9 14 41% 207987 280 10%
c {  3.51  0 29 12 1400  3 34086 10613 1.7 18 11 8 13 31% 207987 280 10%
c F  3.64  0 28 12 1564  3 36018 11881 1.7 18 11 8 13 30% 207987 280 10%
c -  3.89  0 27 13 2037  2 38401 10576 1.6 18 11 8 13 30% 207987 280 10%
c p  3.89  0 27 13 2037  2 38401 10583 1.6 18 11 8 13 30% 207987 280 10%
c -  4.54  0 24 14 2370  2 44858 13193 1.6 18 11 8 13 30% 207987 280 10%
c p  4.55  0 24 14 2370  2 44858 13202 1.6 18 11 8 13 30% 207987 280 10%
c B  4.57  0 24 14 2388  2 45019 13319 1.6 18 11 8 13 30% 207987 280 10%
c s  5.02  0 23 14 2657  2 50545 17317 1.6 18 11 8 13 30% 207953 280 10%
c e  5.05  0 23 14 2657  2 50545 17317 1.6 18 11 8 13 30% 207953 279  9%
c s  5.06  0 23 14 2657  2 50545 17312 1.6 18 11 8 13 30% 207945 279  9%
c }  5.11  0 23 14 2677  2 50686 17427 1.6 18 11 8 13 30% 207945 279  9%
c [  5.11  0 22 14 2677  1 50686 17427 1.4 20 15 9 14 41% 207945 279  9%
c -  5.19  0 22 15 2677  1 51835 15835 1.4 20 15 9 14 40% 207945 279  9%
c p  5.19  0 22 15 2677  1 51835 15836 1.4 20 15 9 14 40% 207945 279  9%
c u  5.22  0 22 15 2677  1 51835 15807 1.4 20 15 9 14 40% 207945 279  9%
c v  5.23  0 22 15 2677  1 51835 15803 1.4 20 15 9 14 40% 207945 279  9%
c w  5.24  0 22 15 2677  1 51835 15803 1.4 20 15 9 14 40% 207945 279  9%
c 
c  seconds  reductions   conflicts        size   tier2        variables
c         MB     restarts      redundant     glue    trail        remaining
c          level       rate         size/glue  tier1   irredundant
c 
c x  5.25  0 22 15 2677  1 51835 15801 1.4 20 15 9 14 40% 207943 279  9%
c t  5.25  0 22 15 2677  1 51835 15801 1.4 20 15 9 14 40% 207942 279  9%
c W  5.60  0 20 15 2678  1 55020 18011 1.4 19 14 9 14 39% 207942 279  9%
c -  5.91  0 20 16 2679  1 59335 17878 1.4 19 14 9 14 38% 207942 279  9%
c p  5.91  0 20 16 2679  1 59335 17882 1.4 19 14 9 14 38% 207942 279  9%
c O  6.29  0 20 16 2680  1 66021 22724 1.4 20 14 9 14 37% 207942 279  9%
c -  6.41  0 20 17 2681  1 67359 19933 1.4 20 14 9 14 37% 207942 279  9%
c p  6.41  0 20 17 2681  1 67359 19937 1.4 20 14 9 14 37% 207942 279  9%
c ]  6.74  0 20 17 2683  1 70390 21899 1.4 20 14 9 14 36% 207942 279  9%
c {  6.74  0 23 17 2683  2 70390 21899 1.6 18 11 8 13 30% 207942 279  9%
c -  7.12  0 22 18 3027  2 75911 21286 1.6 18 11 8 12 29% 207942 279  9%
c p  7.12  0 22 18 3027  2 75911 21290 1.6 18 11 8 12 29% 207942 279  9%
c u  7.16  0 22 18 3027  2 75911 21259 1.6 18 11 8 12 29% 207942 279  9%
c v  7.17  0 22 18 3027  2 75911 21255 1.6 18 11 8 12 29% 207942 279  9%
c w  7.17  0 22 18 3027  2 75911 21255 1.6 18 11 8 12 29% 207942 279  9%
c x  7.19  0 22 18 3027  2 75911 21253 1.6 18 11 8 12 29% 207929 279  9%
c W  7.45  0 21 18 3105  2 78024 22798 1.6 18 11 8 12 30% 207929 279  9%
c -  8.24  0 21 19 4005  2 84990 23144 1.6 18 11 8 12 29% 207929 279  9%
c p  8.24  0 21 19 4005  2 84990 23150 1.6 18 11 8 12 29% 207929 279  9%
c #  8.63  0 20 19 4256  2 91030 28150 1.6 18 11 8 12 30% 207929 279  9%
c 
c  seconds  reductions   conflicts        size   tier2        variables
c         MB     restarts      redundant     glue    trail        remaining
c          level       rate         size/glue  tier1   irredundant
c 
c -  8.89  0 20 20 4356  2 94594 27234 1.7 18 11 8 12 31% 207929 279  9%
c p  8.89  0 20 20 4356  2 94594 27235 1.7 18 11 8 12 31% 207929 279  9%
c u  8.93  0 20 20 4356  2 94594 27219 1.7 18 11 8 12 31% 207929 279  9%
c v  8.94  0 20 20 4356  2 94594 27216 1.7 18 11 8 12 31% 207929 279  9%
c w  8.94  0 20 20 4356  2 94594 27216 1.7 18 11 8 12 31% 207929 279  9%
c x  8.95  0 20 20 4356  2 94594 27216 1.7 18 11 8 12 31% 207923 279  9%
c t  8.96  0 20 20 4356  2 94594 27216 1.7 18 11 8 12 31% 207922 279  9%
c }  9.28  0 20 20 4742  2 97111 29087 1.6 18 11 8 12 31% 207922 279  9%
c [  9.28  0 20 20 4742  1 97111 29087 1.4 20 14 9 14 36% 207922 279  9%
c -  9.69  0 20 21 4746  1 104727 29759 1.4 20 14 9 14 35% 207922 279  9%
c p  9.69  0 20 21 4746  1 104727 29765 1.4 20 14 9 14 35% 207922 279  9%
c B  9.73  0 20 21 4746  1 105032 29994 1.4 20 14 9 14 35% 207922 279  9%
c s  9.92  0 20 21 4748  1 107796 32210 1.4 20 14 9 14 35% 207819 279  9%
c s  9.96  0 20 21 4748  1 107796 32207 1.4 20 14 9 14 35% 207796 279  9%
c - 10.50  0 20 22 4752  1 115388 30828 1.5 20 14 9 14 35% 207796 279  9%
c p 10.51  0 20 22 4752  1 115388 30829 1.5 20 14 9 14 35% 207796 279  9%
c u 10.65  0 20 22 4752  1 115388 30813 1.5 20 14 9 14 35% 207796 279  9%
c v 10.66  0 20 22 4752  1 115388 30813 1.5 20 14 9 14 35% 207796 279  9%
c w 10.66  0 20 22 4752  1 115388 30812 1.5 20 14 9 14 35% 207796 279  9%
c x 10.67  0 20 22 4752  1 115388 30812 1.5 20 14 9 14 35% 207782 279  9%
c 
c  seconds  reductions   conflicts         size   tier2        variables
c         MB     restarts       redundant     glue    trail        remaining
c          level       rate          size/glue  tier1   irredundant
c 
c W 11.18  0 20 22 4753  1 120033 33784 1.4 20 14 9 14 35% 207782 279  9%
c - 11.61  0 20 23 4754  1 126578 31302 1.4 20 14 9 14 34% 207782 279  9%
c p 11.61  0 20 23 4754  1 126578 31308 1.4 20 14 9 14 34% 207782 279  9%
c ] 11.68  0 20 23 4754  1 127324 31893 1.4 20 14 9 14 34% 207782 279  9%
c { 11.68  0 20 23 4754  2 127324 31893 1.6 18 11 8 12 31% 207782 279  9%
c B 12.43  0 19 23 5382  2 136034 37822 1.6 18 11 8 12 30% 207782 279  9%
c - 12.73  0 19 24 5773  2 138296 30266 1.6 18 11 7 12 30% 207782 279  9%
c p 12.73  0 19 24 5773  2 138296 30269 1.6 18 11 7 12 30% 207782 279  9%
c u 12.78  0 19 24 5773  2 138296 30233 1.6 18 11 7 12 30% 207782 279  9%
c v 12.79  0 19 24 5773  2 138296 30233 1.6 18 11 7 12 30% 207782 279  9%
c w 12.80  0 19 24 5773  2 138296 30233 1.6 18 11 7 12 30% 207782 279  9%
c x 12.81  0 19 24 5773  2 138296 30231 1.6 18 11 7 12 30% 207768 279  9%
c - 13.92  0 18 25 6610  2 150546 33891 1.6 18 11 7 12 30% 207768 279  9%
c p 13.93  0 18 25 6610  2 150546 33896 1.6 18 11 7 12 30% 207768 279  9%
c W 14.40  0 18 25 6897  2 153038 35622 1.6 18 11 7 12 30% 207768 279  9%
c - 15.12  0 18 26 7545  2 163326 36217 1.6 18 11 7 12 29% 207768 279  9%
c p 15.13  0 18 26 7545  2 163326 36222 1.6 18 11 7 12 29% 207768 279  9%
c u 15.16  0 18 26 7545  2 163326 36181 1.6 18 11 7 12 29% 207768 279  9%
c v 15.18  0 18 26 7545  2 163326 36170 1.6 18 11 7 12 29% 207768 279  9%
c w 15.19  0 18 26 7545  2 163326 36170 1.6 18 11 7 12 29% 207768 279  9%
c 
c  seconds  reductions   conflicts         size   tier2        variables
c         MB     restarts       redundant     glue    trail        remaining
c          level       rate          size/glue  tier1   irredundant
c 
c x 15.20  0 18 26 7545  2 163326 36168 1.6 18 11 7 12 29% 207762 279  9%
c } 15.30  0 18 26 7652  2 164107 36641 1.6 18 11 7 12 29% 207762 279  9%
c [ 15.30  0 20 26 7652  1 164107 36641 1.4 20 14 9 14 34% 207762 279  9%
c I 15.70  0 19 26 7652  1 171040 41517 1.4 20 14 9 14 34% 207762 279  9%
c - 16.10  0 19 27 7652  1 176639 37812 1.4 20 14 9 14 33% 207762 279  9%
c p 16.11  0 19 27 7652  1 176639 37816 1.4 20 14 9 14 33% 207762 279  9%
c s 16.54  0 19 27 7656  1 184122 42554 1.4 20 14 9 14 32% 207713 279  9%
c s 16.58  0 19 27 7656  1 184122 42550 1.4 20 14 9 14 32% 207681 279  9%
c B 16.93  0 19 27 7659  1 190041 46365 1.4 20 14 9 14 32% 207681 279  9%
c - 16.97  0 19 28 7659  1 190482 38826 1.4 20 14 9 14 32% 207681 279  9%
c p 16.98  0 19 28 7659  1 190482 38828 1.4 20 14 9 14 32% 207681 279  9%
c u 17.15  0 19 28 7659  1 190482 38773 1.4 20 14 9 14 32% 207681 279  9%
c v 17.16  0 19 28 7659  1 190482 38771 1.4 20 14 9 14 32% 207681 279  9%
c w 17.17  0 19 28 7659  1 190482 38771 1.4 20 14 9 14 32% 207681 279  9%
c x 17.18  0 19 28 7659  1 190482 38771 1.4 20 14 9 14 32% 207672 279  9%
c - 17.94  0 18 29 7667  1 204860 39953 1.4 19 14 8 14 31% 207672 279  9%
c p 17.95  0 18 29 7667  1 204860 39954 1.4 19 14 8 14 31% 207672 279  9%
c ] 18.20  0 18 29 7667  1 209356 42654 1.4 19 14 8 14 30% 207672 279  9%
c { 18.20  0 18 29 7667  2 209356 42654 1.6 18 11 7 12 29% 207672 279  9%
c F 18.30  0 18 29 7811  2 210042 43118 1.6 18 11 7 12 29% 207672 279  9%
c 
c  seconds  reductions   conflicts         size   tier2        variables
c         MB     restarts       redundant     glue    trail        remaining
c          level       rate          size/glue  tier1   irredundant
c 
c - 19.21  0 17 30 8439  2 219768 42354 1.6 17 11 7 12 29% 207672 279  9%
c p 19.22  0 17 30 8439  2 219768 42359 1.6 17 11 7 12 29% 207672 279  9%
c u 19.25  0 17 30 8439  2 219768 42316 1.6 17 11 7 12 29% 207672 279  9%
c v 19.27  0 17 30 8439  2 219768 42310 1.6 17 11 7 12 29% 207672 279  9%
c w 19.28  0 17 30 8439  2 219768 42310 1.6 17 11 7 12 29% 207672 279  9%
c x 19.29  0 17 30 8439  2 219768 42307 1.6 17 11 7 12 29% 207668 279  9%
c t 19.30  0 17 30 8439  2 219768 42307 1.6 17 11 7 12 29% 207667 279  9%
c B 20.35  0 17 30 9072  2 231043 50435 1.6 18 11 7 12 29% 207667 279  9%
c - 20.71  0 16 31 9414  2 235208 46937 1.6 17 11 7 12 29% 207667 279  9%
c p 20.72  0 16 31 9414  2 235208 46940 1.6 17 11 7 12 29% 207667 279  9%
c u 20.76  0 16 31 9414  2 235208 46929 1.6 17 11 7 12 29% 207667 279  9%
c v 20.77  0 16 31 9414  2 235208 46928 1.6 17 11 7 12 29% 207667 279  9%
c w 20.77  0 16 31 9414  2 235208 46927 1.6 17 11 7 12 29% 207667 279  9%
c x 20.79  0 16 31 9414  2 235208 46926 1.6 17 11 7 12 29% 207666 279  9%
c t 20.79  0 16 31 9414  2 235208 46926 1.6 17 11 7 12 29% 207665 279  9%
c - 22.57  0 16 32 10898  2 251179 51195 1.6 18 11 7 12 29% 207665 279  9%
c p 22.58  0 16 32 10898  2 251179 51200 1.6 18 11 7 12 29% 207665 279  9%
c u 22.62  0 16 32 10898  2 251179 51164 1.6 18 11 7 12 29% 207665 279  9%
c v 22.63  0 16 32 10898  2 251179 51160 1.6 18 11 7 12 29% 207665 279  9%
c w 22.64  0 16 32 10898  2 251179 51158 1.6 18 11 7 12 29% 207665 279  9%
c 
c  seconds  reductions    conflicts         size   tier2        variables
c         MB      restarts       redundant     glue    trail        remaining
c          level        rate          size/glue  tier1   irredundant
c 
c x 22.66  0 16 32 10898  2 251179 51158 1.6 18 11 7 12 29% 207662 279  9%
c W 23.42  0 16 32 11309  2 253044 52360 1.6 18 11 7 12 29% 207662 279  9%
c } 23.47  0 16 32 11346  2 253400 52600 1.6 18 11 7 12 29% 207662 279  9%
c [ 23.47  0 18 32 11346  1 253400 52600 1.4 19 14 8 14 30% 207662 279  9%
c - 24.23  0 18 33 11353  1 267684 52621 1.4 19 13 8 14 29% 207662 279  9%
c p 24.23  0 18 33 11353  1 267684 52625 1.4 19 13 8 14 29% 207662 279  9%
c W 24.81  0 17 33 11359  1 276045 57996 1.4 19 13 8 14 29% 207662 279  9%
c s 25.04  0 17 33 11360  1 279521 60166 1.4 19 13 8 14 29% 207626 279  9%
c s 25.10  0 17 33 11360  1 279521 60157 1.4 19 13 8 14 29% 207612 279  9%
c - 25.48  0 17 34 11361  1 284723 53923 1.4 18 13 8 14 29% 207612 279  9%
c p 25.49  0 17 34 11361  1 284723 53926 1.4 18 13 8 14 29% 207612 279  9%
c u 25.53  0 17 34 11361  1 284723 53907 1.4 18 13 8 14 29% 207612 279  9%
c v 25.55  0 17 34 11361  1 284723 53897 1.4 18 13 8 14 29% 207612 279  9%
c w 25.56  0 17 34 11361  1 284723 53895 1.4 18 13 8 14 29% 207612 279  9%
c x 25.58  0 17 34 11361  1 284723 53893 1.4 18 13 8 14 29% 207606 279  9%
c O 26.53  0 17 34 11362  1 300046 63083 1.4 18 13 8 14 28% 207606 279  9%
c - 26.73  0 17 35 11362  1 302295 55151 1.4 18 13 8 14 28% 207606 279  9%
c p 26.73  0 17 35 11362  1 302295 55155 1.4 18 13 8 14 28% 207606 279  9%
c u 26.94  0 17 35 11362  1 302295 55142 1.4 18 13 8 14 28% 207606 279  9%
c v 26.95  0 17 35 11362  1 302295 55134 1.4 18 13 8 14 28% 207606 279  9%
c 
c  seconds  reductions    conflicts         size   tier2        variables
c         MB      restarts       redundant     glue    trail        remaining
c          level        rate          size/glue  tier1   irredundant
c 
c w 26.95  0 17 35 11362  1 302295 55133 1.4 18 13 8 14 28% 207606 279  9%
c x 26.97  0 17 35 11362  1 302295 55133 1.4 18 13 8 14 28% 207603 279  9%
c ] 27.70  0 16 35 11363  1 313915 61224 1.4 18 13 8 14 28% 207603 279  9%
c { 27.70  0 16 35 11363  2 313915 61224 1.6 18 11 7 12 29% 207603 279  9%
c - 28.47  0 16 36 12104  2 320402 57557 1.6 18 11 7 12 29% 207603 279  9%
c p 28.48  0 16 36 12104  2 320402 57562 1.6 18 11 7 12 29% 207603 279  9%
c u 28.52  0 16 36 12104  2 320402 57549 1.6 18 11 7 12 29% 207603 279  9%
c v 28.53  0 16 36 12104  2 320402 57542 1.6 18 11 7 12 29% 207603 279  9%
c w 28.53  0 16 36 12104  2 320402 57542 1.6 18 11 7 12 29% 207603 279  9%
c x 28.55  0 16 36 12104  2 320402 57542 1.6 18 11 7 12 29% 207600 279  9%
c # 29.23  0 16 36 12753  2 325048 60642 1.6 18 11 7 12 29% 207600 279  9%
c - 30.83  0 16 37 13977  2 339043 52194 1.5 17 11 6 11 28% 207600 279  9%
c p 30.84  0 16 37 13977  2 339043 52199 1.5 17 11 6 11 28% 207600 279  9%
c u 30.88  0 16 37 13977  2 339043 52167 1.5 17 11 6 11 28% 207600 279  9%
c v 30.90  0 16 37 13977  2 339043 52162 1.5 17 11 6 11 28% 207600 279  9%
c w 30.91  0 16 37 13977  2 339043 52156 1.5 17 11 6 11 28% 207600 279  9%
c x 30.93  0 16 37 13977  2 339043 52152 1.5 17 11 6 11 28% 207596 279  9%
c B 32.04  0 16 37 14627  1 351049 60902 1.5 17 11 6 11 28% 207596 279  9%
c - 32.79  0 16 38 15189  1 358216 53233 1.5 17 11 6 11 28% 207596 279  9%
c p 32.80  0 16 38 15189  1 358216 53238 1.5 17 11 6 11 28% 207596 279  9%
c 
c  seconds  reductions    conflicts         size   tier2        variables
c         MB      restarts       redundant     glue    trail        remaining
c          level        rate          size/glue  tier1   irredundant
c 
c u 32.84  0 16 38 15189  1 358216 53162 1.5 17 11 6 11 28% 207595 279  9%
c v 32.85  0 16 38 15189  1 358216 53126 1.5 17 11 6 11 28% 207595 279  9%
c w 32.85  0 16 38 15189  1 358216 53122 1.5 17 11 6 11 28% 207595 279  9%
c x 32.87  0 16 38 15189  1 358216 53120 1.5 17 11 6 11 28% 207594 279  9%
c } 34.03  0 16 38 15820  1 369079 59936 1.5 17 11 6 11 28% 207594 279  9%
c [ 34.03  0 16 38 15820  1 369079 59936 1.4 18 13 8 14 28% 207594 279  9%
c - 34.65  0 16 39 15820  1 377924 55392 1.4 18 13 8 14 28% 207594 279  9%
c p 34.65  0 16 39 15820  1 377924 55395 1.4 18 13 8 14 28% 207594 279  9%
c u 34.69  0 16 39 15820  1 377924 55357 1.4 18 13 8 14 28% 207594 279  9%
c v 34.70  0 16 39 15820  1 377924 55349 1.4 18 13 8 14 28% 207594 279  9%
c w 34.71  0 16 39 15820  1 377924 55342 1.4 18 13 8 14 28% 207594 279  9%
c x 34.72  0 16 39 15820  1 377924 55338 1.4 18 13 8 14 28% 207588 279  9%
c B 34.74  0 16 39 15820  1 378052 55428 1.4 18 13 8 14 28% 207588 279  9%
c s 35.55  0 15 39 15820  1 393994 64496 1.4 17 12 8 14 28% 207423 279  9%
c s 35.60  0 15 39 15820  1 393994 64457 1.4 17 12 8 14 28% 207297 279  9%
c - 35.93  0 15 40 15823  1 398170 57418 1.4 17 12 8 14 28% 207297 279  9%
c p 35.94  0 15 40 15823  1 398170 57423 1.4 17 12 8 14 28% 207297 279  9%
c u 35.97  0 15 40 15823  1 398170 57385 1.4 17 12 8 14 28% 207297 279  9%
c v 35.98  0 15 40 15823  1 398170 57378 1.4 17 12 8 14 28% 207297 279  9%
c w 35.98  0 15 40 15823  1 398170 57369 1.4 17 12 8 14 28% 207297 279  9%
c 
c  seconds  reductions    conflicts         size   tier2        variables
c         MB      restarts       redundant     glue    trail        remaining
c          level        rate          size/glue  tier1   irredundant
c 
c x 35.99  0 15 40 15823  1 398170 57368 1.4 17 12 8 14 28% 207285 279  9%
c W 37.09  0 15 40 15827  1 406053 62009 1.4 17 12 7 13 27% 207285 279  9%
c - 37.90  0 15 41 15834  1 418943 58594 1.4 17 12 7 13 27% 207285 279  9%
c p 37.91  0 15 41 15834  1 418943 58599 1.4 17 12 7 13 27% 207285 279  9%
c u 37.94  0 15 41 15834  1 418943 58519 1.4 17 12 7 13 27% 207285 279  9%
c v 37.94  0 15 41 15834  1 418943 58513 1.4 17 12 7 13 27% 207285 279  9%
c w 37.95  0 15 41 15834  1 418943 58505 1.4 17 12 7 13 27% 207285 279  9%
c x 37.96  0 15 41 15834  1 418943 58505 1.4 17 12 7 13 27% 207274 279  9%
c I 39.02  0 15 41 15840  1 435055 68417 1.4 17 12 7 13 27% 207274 279  9%
c - 39.42  0 15 42 15842  1 440246 60213 1.4 17 12 7 13 27% 207274 279  9%
c p 39.43  0 15 42 15842  1 440246 60216 1.4 17 12 7 13 27% 207274 279  9%
c u 39.46  0 15 42 15842  1 440246 60192 1.4 17 12 7 13 27% 207274 279  9%
c v 39.47  0 15 42 15842  1 440246 60188 1.4 17 12 7 13 27% 207274 279  9%
c w 39.48  0 15 42 15842  1 440246 60175 1.4 17 12 7 13 27% 207274 279  9%
c x 39.49  0 15 42 15842  1 440246 60175 1.4 17 12 7 13 27% 207274 279  9%
c ] 39.71  0 15 42 15845  1 444200 62423 1.4 17 12 7 13 27% 207274 279  9%
c { 39.71  0 16 42 15845  1 444200 62423 1.5 17 11 6 11 28% 207274 279  9%
c - 41.37  0 15 43 16855  1 462083 63125 1.5 17 11 6 11 27% 207274 279  9%
c p 41.38  0 15 43 16855  1 462083 63130 1.5 17 11 6 11 27% 207274 279  9%
c u 41.66  0 15 43 16855  1 462083 63118 1.5 17 11 6 11 27% 207274 279  9%
c 
c  seconds  reductions    conflicts         size   tier2        variables
c         MB      restarts       redundant     glue    trail        remaining
c          level        rate          size/glue  tier1   irredundant
c 
c v 41.68  0 15 43 16855  1 462083 63113 1.5 17 11 6 11 27% 207274 279  9%
c w 41.68  0 15 43 16855  1 462083 63109 1.5 17 11 6 11 27% 207274 279  9%
c x 41.70  0 15 43 16855  1 462083 63108 1.5 17 11 6 11 27% 207269 279  9%
c t 41.70  0 15 43 16855  1 462083 63108 1.5 17 11 6 11 27% 207268 279  9%
c W 42.39  0 15 43 17086  1 465056 65225 1.5 17 11 5 10 27% 207268 279  9%
c - 44.53  0 15 44 18180  1 484458 56342 1.5 17 11 5 10 27% 207268 279  9%
c p 44.54  0 15 44 18180  1 484458 56347 1.5 17 11 5 10 27% 207268 279  9%
c u 44.58  0 15 44 18180  1 484458 56304 1.5 17 11 5 10 27% 207268 279  9%
c v 44.59  0 15 44 18180  1 484458 56300 1.5 17 11 5 10 27% 207268 279  9%
c w 44.60  0 15 44 18180  1 484458 56300 1.5 17 11 5 10 27% 207268 279  9%
c x 44.62  0 15 44 18180  1 484458 56299 1.5 17 11 5 10 27% 207261 279  9%
c F 45.75  0 15 44 18651  1 496060 63975 1.5 17 11 5 10 27% 207261 279  9%
c - 47.04  0 15 45 19842  1 507369 56534 1.5 17 11 5 10 27% 207261 279  9%
c p 47.05  0 15 45 19842  1 507369 56539 1.5 17 11 5 10 27% 207261 279  9%
c u 47.10  0 15 45 19842  1 507369 56500 1.5 17 11 5 10 27% 207261 279  9%
c v 47.11  0 15 45 19842  1 507369 56492 1.5 17 11 5 10 27% 207261 279  9%
c w 47.12  0 15 45 19842  1 507369 56488 1.5 17 11 5 10 27% 207261 279  9%
c x 47.14  0 15 45 19842  1 507369 56487 1.5 17 11 5 10 27% 207253 279  9%
c } 47.98  0 15 45 20559  1 513837 60713 1.5 17 11 5 10 27% 207253 279  9%
c [ 47.98  0 15 45 20559  1 513837 60713 1.4 17 12 7 13 27% 207253 279  9%
c 
c  seconds  reductions    conflicts         size   tier2        variables
c         MB      restarts       redundant     glue    trail        remaining
c          level        rate          size/glue  tier1   irredundant
c 
c s 48.98  0 15 45 20564  1 527517 69762 1.4 17 12 7 13 27% 207073 279  9%
c s 49.04  0 15 45 20564  1 527517 69735 1.4 17 12 7 13 27% 206809 279  9%
c B 49.14  0 15 45 20564  1 528062 70146 1.4 17 12 7 13 27% 206809 279  9%
c - 49.35  0 15 46 20564  1 530812 56558 1.4 17 12 7 13 27% 206809 279  9%
c p 49.36  0 15 46 20564  1 530812 56562 1.4 17 12 7 13 27% 206809 279  9%
c u 49.40  0 15 46 20564  1 530812 56529 1.4 17 12 7 13 27% 206809 279  9%
c v 49.42  0 15 46 20564  1 530812 56522 1.4 17 12 7 13 27% 206809 279  9%
c w 49.43  0 15 46 20564  1 530812 56521 1.4 17 12 7 13 27% 206809 279  9%
c x 49.45  0 15 46 20564  1 530812 56519 1.4 17 12 7 13 27% 206787 279  9%
c - 51.21  0 14 47 20570  1 554773 56088 1.4 17 12 7 13 27% 206787 279  9%
c p 51.22  0 14 47 20570  1 554773 56092 1.4 17 12 7 13 27% 206787 279  9%
c u 51.25  0 14 47 20570  1 554773 56060 1.4 17 12 7 13 27% 206787 279  9%
c v 51.26  0 14 47 20570  1 554773 56056 1.4 17 12 7 13 27% 206787 279  9%
c w 51.27  0 14 47 20570  1 554773 56052 1.4 17 12 7 13 27% 206787 279  9%
c x 51.29  0 14 47 20570  1 554773 56052 1.4 17 12 7 13 27% 206786 279  9%
c W 52.18  0 14 47 20572  1 561063 59692 1.4 17 12 7 13 27% 206786 279  9%
c - 53.49  0 14 48 20580  1 579269 54927 1.4 17 12 7 13 27% 206786 279  9%
c p 53.50  0 14 48 20580  1 579269 54930 1.4 17 12 7 13 27% 206786 279  9%
c u 53.54  0 14 48 20580  1 579269 54900 1.4 17 12 7 13 27% 206786 279  9%
c v 53.56  0 14 48 20580  1 579269 54897 1.4 17 12 7 13 27% 206786 279  9%
c 
c  seconds  reductions    conflicts         size   tier2        variables
c         MB      restarts       redundant     glue    trail        remaining
c          level        rate          size/glue  tier1   irredundant
c 
c w 53.56  0 14 48 20580  1 579269 54896 1.4 17 12 7 13 27% 206786 279  9%
c x 53.59  0 14 48 20580  1 579269 54896 1.4 17 12 7 13 27% 206778 279  9%
c O 54.55  0 14 48 20588  1 595066 63044 1.4 16 12 6 12 26% 206778 279  9%
c ] 55.08  0 14 48 20593  1 601211 66653 1.4 16 12 6 12 26% 206778 279  9%
c { 55.08  0 15 48 20593  1 601211 66653 1.5 17 11 5 10 27% 206778 279  9%
c - 55.45  0 15 49 20863  1 604301 56580 1.5 17 11 5 10 27% 206778 279  9%
c p 55.46  0 15 49 20863  1 604301 56583 1.5 17 11 5 10 27% 206778 279  9%
c u 55.50  0 15 49 20863  1 604301 56539 1.5 17 11 5 10 27% 206778 279  9%
c v 55.52  0 15 49 20863  1 604301 56523 1.5 17 11 5 10 27% 206778 279  9%
c w 55.52  0 15 49 20863  1 604301 56517 1.5 17 11 5 10 27% 206778 279  9%
c x 55.54  0 15 49 20863  1 604301 56517 1.5 17 11 5 10 27% 206772 279  9%
c - 58.29  0 15 50 22621  1 629866 60597 1.5 17 11 5 10 27% 206772 279  9%
c p 58.30  0 15 50 22621  1 629866 60601 1.5 17 11 5 10 27% 206772 279  9%
c u 58.36  0 15 50 22621  1 629866 60489 1.5 17 11 5 10 27% 206771 279  9%
c v 58.38  0 15 50 22621  1 629866 60481 1.5 17 11 5 10 27% 206771 279  9%
c w 58.39  0 15 50 22621  1 629866 60462 1.5 17 11 5 10 27% 206771 279  9%
c x 58.41  0 15 50 22621  1 629866 60462 1.5 17 11 5 10 27% 206768 279  9%
c B 58.44  0 15 50 22621  1 630067 60556 1.5 17 11 5 10 27% 206768 279  9%
c - 61.38  0 14 51 24587  1 655968 62400 1.5 16 11 5 10 27% 206768 279  9%
c p 61.40  0 14 51 24587  1 655968 62405 1.5 16 11 5 10 27% 206768 279  9%
c 
c  seconds  reductions    conflicts         size   tier2        variables
c         MB      restarts       redundant     glue    trail        remaining
c          level        rate          size/glue  tier1   irredundant
c 
c u 61.46  0 14 51 24587  1 655968 62334 1.5 16 11 5 10 27% 206768 279  9%
c v 61.48  0 14 51 24587  1 655968 62322 1.5 16 11 5 10 27% 206768 279  9%
c w 61.50  0 14 51 24587  1 655968 62321 1.5 16 11 5 10 27% 206768 279  9%
c x 61.53  0 14 51 24587  1 655968 62320 1.5 16 11 5 10 27% 206761 279  9%
c W 63.48  0 14 51 25249  1 666069 69089 1.5 16 11 5 10 27% 206761 279  9%
c s 64.61  0 14 51 25479  1 680059 78252 1.5 16 11 5 10 27% 206565 279  9%
c s 64.67  0 14 51 25479  1 680059 78249 1.5 16 11 5 10 27% 206493 279  9%
c - 64.93  0 14 52 25487  1 682602 66471 1.5 16 11 5 10 27% 206493 279  9%
c p 64.94  0 14 52 25487  1 682602 66476 1.5 16 11 5 10 27% 206493 279  9%
c u 65.00  0 14 52 25487  1 682602 66383 1.5 16 11 5 10 27% 206493 279  9%
c v 65.02  0 14 52 25487  1 682602 66375 1.5 16 11 5 10 27% 206493 279  9%
c w 65.03  0 14 52 25487  1 682602 66357 1.5 16 11 5 10 27% 206493 279  9%
c x 65.05  0 14 52 25487  1 682602 66356 1.5 16 11 5 10 27% 206483 279  9%
c } 65.57  0 14 52 26033  1 687668 69214 1.5 16 11 5 10 26% 206483 279  9%
c [ 65.57  0 14 52 26033  1 687668 69214 1.4 16 12 6 12 26% 206483 279  9%
c B 66.71  0 14 52 26036  1 703070 77622 1.4 16 11 6 12 26% 206483 279  9%
c - 67.23  0 14 53 26036  1 709761 67256 1.4 16 12 6 12 26% 206483 279  9%
c p 67.24  0 14 53 26036  1 709761 67260 1.4 16 12 6 12 26% 206483 279  9%
c u 67.28  0 14 53 26036  1 709761 67213 1.4 16 12 6 12 26% 206483 279  9%
c v 67.30  0 14 53 26036  1 709761 67206 1.4 16 12 6 12 26% 206483 279  9%
c 
c  seconds  reductions    conflicts         size   tier2        variables
c         MB      restarts       redundant     glue    trail        remaining
c          level        rate          size/glue  tier1   irredundant
c 
c w 67.30  0 14 53 26036  1 709761 67195 1.4 16 12 6 12 26% 206483 279  9%
c x 67.32  0 14 53 26036  1 709761 67194 1.4 16 12 6 12 26% 206480 279  9%
c - 69.20  0 13 54 26037  1 737453 68356 1.5 17 11 6 12 26% 206480 279  9%
c p 69.21  0 13 54 26037  1 737453 68359 1.5 17 11 6 12 26% 206480 279  9%
c u 69.25  0 13 54 26037  1 737453 68333 1.5 17 11 6 12 26% 206480 279  9%
c v 69.26  0 13 54 26037  1 737453 68330 1.5 17 11 6 12 26% 206480 279  9%
c w 69.27  0 13 54 26037  1 737453 68330 1.5 17 11 6 12 26% 206480 279  9%
c x 69.29  0 13 54 26037  1 737453 68330 1.5 17 11 6 12 26% 206468 279  9%
c W 69.97  0 13 54 26037  1 741071 70897 1.5 17 11 6 12 26% 206468 279  9%
c - 71.93  0 13 55 26038  1 765680 71602 1.5 16 11 6 12 26% 206468 279  9%
c p 71.95  0 13 55 26038  1 765680 71605 1.5 16 11 6 12 26% 206468 279  9%
c u 71.99  0 13 55 26038  1 765680 71535 1.5 16 11 6 12 26% 206468 279  9%
c v 72.01  0 13 55 26038  1 765680 71530 1.5 16 11 6 12 26% 206468 279  9%
c w 72.02  0 13 55 26038  1 765680 71530 1.5 16 11 6 12 26% 206468 279  9%
c x 72.04  0 13 55 26038  1 765680 71530 1.5 16 11 6 12 26% 206462 279  9%
c I 73.04  0 13 55 26038  1 780072 78666 1.4 16 11 6 12 25% 206462 279  9%
c ] 73.68  0 13 55 26038  1 788423 83649 1.5 16 11 6 12 25% 206462 279  9%
c { 73.68  0 14 55 26038  1 788423 83649 1.5 16 11 5 10 26% 206462 279  9%
c - 74.19  0 14 56 26258  1 794442 73110 1.5 16 11 5 10 26% 206462 279  9%
c p 74.20  0 14 56 26258  1 794442 73113 1.5 16 11 5 10 26% 206462 279  9%
c 
c  seconds  reductions    conflicts         size   tier2        variables
c         MB      restarts       redundant     glue    trail        remaining
c          level        rate          size/glue  tier1   irredundant
c 
c u 74.25  0 14 56 26258  1 794442 73077 1.5 16 11 5 10 26% 206462 279  9%
c v 74.26  0 14 56 26258  1 794442 73074 1.5 16 11 5 10 26% 206462 279  9%
c w 74.27  0 14 56 26258  1 794442 73072 1.5 16 11 5 10 26% 206462 279  9%
c x 74.30  0 14 56 26258  1 794442 73071 1.5 16 11 5 10 26% 206451 279  9%
c # 76.64  0 13 56 26960  1 820073 89306 1.5 16 11 5 10 26% 206451 279  9%
c - 77.10  0 13 57 27233  1 823740 76840 1.5 16 11 5 10 26% 206451 279  9%
c p 77.11  0 13 57 27233  1 823740 76845 1.5 16 11 5 10 26% 206451 279  9%
c u 77.17  0 13 57 27233  1 823740 76802 1.5 16 11 5 10 26% 206451 279  9%
c v 77.19  0 13 57 27233  1 823740 76792 1.5 16 11 5 10 26% 206451 279  9%
c w 77.21  0 13 57 27233  1 823740 76781 1.5 16 11 5 10 26% 206451 279  9%
c x 77.25  0 13 57 27233  1 823740 76780 1.5 16 11 5 10 26% 206442 279  9%
c s 79.86  0 13 57 27939  1 851630 91799 1.5 16 10 5 10 26% 205982 279  9%
c s 79.94  0 13 57 27939  1 851630 91743 1.5 16 10 5 10 26% 205432 279  9%
c - 80.16  0 13 58 27994  1 853574 79841 1.5 16 10 5 10 26% 205432 279  9%
c p 80.17  0 13 58 27994  1 853574 79846 1.5 16 10 5 10 26% 205432 279  9%
c u 80.24  0 13 58 27994  1 853574 79806 1.5 16 10 5 10 26% 205432 279  9%
c v 80.26  0 13 58 27994  1 853574 79782 1.5 16 10 5 10 26% 205432 279  9%
c w 80.27  0 13 58 27994  1 853574 79768 1.5 16 10 5 10 26% 205432 279  9%
c x 80.29  0 13 58 27994  1 853574 79768 1.5 16 10 5 10 26% 205392 279  9%
c B 80.82  0 12 58 28019  1 861075 83138 1.5 15 10 4 9 26% 205392 279  9%
c 
c  seconds  reductions    conflicts         size   tier2       variables
c         MB      restarts       redundant     glue   trail        remaining
c          level        rate          size/glue  tier1  irredundant
c 
c i 81.82  0 12 58 28074  1 876638 90657 1.5 15 10 4 9 26% 205392 278  9%
c - 82.68  0 12 59 28699  1 883892 52393 1.5 15 10 4 9 25% 187925 278  9%
c p 82.69  0 12 59 28699  1 883892 52398 1.5 15 10 4 9 25% 187925 278  9%
c u 82.74  0 12 59 28699  1 883892 52315 1.5 15 10 4 9 25% 187925 278  9%
c v 82.75  0 12 59 28699  1 883892 52304 1.5 15 10 4 9 25% 187925 278  9%
c w 82.76  0 12 59 28699  1 883892 52256 1.5 15 10 4 9 25% 187925 278  9%
c x 82.79  0 12 59 28699  1 883892 52255 1.5 15 10 4 9 25% 187648 278  9%
c } 84.07  0 12 59 29123  1 900894 60584 1.5 14 10 4 9 25% 187648 278  9%
c [ 84.07  0 13 59 29123  1 900894 60584 1.5 16 11 6 12 25% 187648 278  9%
c B 84.26  0 13 59 29123  1 903078 61691 1.5 16 11 6 12 25% 187648 278  9%
c i 84.41  0 13 59 29123  1 905130 62500 1.5 16 11 6 12 25% 187648 277  9%
c - 84.97  0 12 60 29123  1 913836 41792 1.4 15 11 6 12 25% 160804 277  9%
c 2 84.97  0 12 60 29123  1 913836 41789 1.4 15 11 6 12 25% 160804 277  9%
c p 84.98  0 12 60 29123  1 913836 41794 1.4 15 11 6 12 25% 160804 277  9%
c u 85.02  0 12 60 29123  1 913836 41652 1.4 15 11 6 12 25% 160803 277  9%
c v 85.03  0 12 60 29123  1 913836 41634 1.4 15 11 6 12 25% 160803 277  9%
c w 85.04  0 12 60 29123  1 913836 41615 1.4 15 11 6 12 25% 160803 277  9%
c x 85.06  0 12 60 29123  1 913836 41614 1.4 15 11 6 12 25% 160026 277  9%
c t 85.06  0 12 60 29123  1 913836 41614 1.4 15 11 6 12 25% 160025 277  9%
c i 85.62  0 12 60 29123  1 922114 45105 1.4 15 10 6 12 25% 160025 271  9%
c 
c  seconds  reductions    conflicts         size   tier2        variables
c         MB      restarts       redundant     glue    trail        remaining
c          level        rate          size/glue  tier1   irredundant
c 
c i 85.64  0 12 60 29123  1 922278 45139 1.4 15 10 6 12 25% 160025 267  9%
c i 85.64  0 12 60 29123  1 922333 45149 1.4 15 10 6 12 25% 160025 266  9%
c i 85.68  0 12 60 29123  1 922860 45348 1.5 15 10 5 11 25% 160025 264  9%
c i 85.68  0 12 60 29123  1 922922 45364 1.5 15 10 5 11 25% 160025 236  8%
c i 85.68  0 12 60 29123  1 922926 45366 1.5 15 10 5 11 25% 160025 235  8%
c i 85.68  0 12 60 29123  1 922929 45367 1.5 15 10 5 11 25% 160025 233  8%
c i 85.68  0 12 60 29123  1 922935 45369 1.5 15 10 5 11 25% 160025 226  8%
c ] 85.68  0 12 60 29123  1 922939 45370 1.5 15 10 5 11 25% 160025 207  7%
c 0 85.68  0 12 60 29123  1 922939 45370 1.5 15 10 5 11 25% 160025 207  7%
c 
c --- [ closing proof ] ------------------------------------------------------
c 
c LRAT proof file '/Users/ivanspogreev/earth-moon/lean/data/a4_m13s/leaf3.lrat' closed
c LRAT 1202613 added clauses 49.85%
c LRAT 1209700 deleted clauses 50.15%
c LRAT 216833478 bytes (206.79 MB)
c 
c --- [ result ] -------------------------------------------------------------
c 
s UNSATISFIABLE
c 
c --- [ run-time profiling ] -------------------------------------------------
c 
c process time taken by individual solving procedures
c (percentage relative to process time for solving)
c 
c        79.92   93.44% search
c        45.46   53.14% unstable
c        30.38   35.52% stable
c         5.61    6.56% simplify
c         4.07    4.76% walk
c         3.00    3.50% vivify
c         1.07    1.25% sweep
c         0.47    0.55% subsume
c         0.39    0.45% elim
c         0.26    0.30% probe
c         0.15    0.18% parse
c         0.09    0.11% ternary
c         0.07    0.08% congruence
c         0.02    0.02% lucky
c         0.00    0.00% backbone
c   =================================
c        85.53   99.82% solve
c 
c last line shows process time for solving
c (percentage relative to total process time)
c 
c --- [ statistics ] ---------------------------------------------------------
c 
c chronological:             91931         9.96 %  of conflicts
c conflicts:                922939     10790.53    per second
c backbone:                  91676      3112.94 %  of vars
c decisions:               1120678     13102.39    per second
c eliminated:                 1903        64.62 %  of all variables
c fixed:                       832        28.25 %  of all variables
c learned:                  902685        97.81 %  per conflict
c learned_lits:           21246491       100.00 %  learned literals
c minimized:                     0         0.00 %  learned literals
c shrunken:                4942491        23.26 %  learned literals
c minishrunken:            1469920         6.92 %  learned literals
c otfs:                      11238         1.22 %  of conflict
c propagations:           12809317         0.15 M  per second
c reduced:                  485219        52.57 %  per conflict
c rephased:                     42     21974.74    interval
c restarts:                  29123        31.69    interval
c stabilizing:                  11        49.51 %  of conflicts
c substituted:                   2         0.07 %  of all variables
c subsumed:                 342416        30.54 %  of all clauses
c strengthened:              45066         4.02 %  of all clauses
c ticks:                7307476667       581.35    propagation
c vivified:                   6160         0.55 %  of all clauses
c walked:                       12     76911.58    interval
c weakened:                   4638         2.61    average size
c congruence:                   10     92293.90    interval
c 
c seconds are measured in process time for solving
c 
c --- [ glue usage ] ---------------------------------------------------------
c 
c focused glue 4 used 187694 clauses 10.62% accumulated 52.86% tier1
c focused glue 5 used 155875 clauses 8.820% accumulated 61.68%
c focused glue 6-7 used 214263 clauses 12.12% accumulated 73.80%
c focused glue 8 used 88287 clauses 4.995% accumulated 78.80%
c focused glue 9 used 80478 clauses 4.553% accumulated 83.35% tier2
c 
c stable glue 5 used 137775 clauses 6.755% accumulated 51.49% tier1
c stable glue 6 used 120241 clauses 5.895% accumulated 57.39%
c stable glue 7-9 used 347191 clauses 17.02% accumulated 74.41%
c stable glue 10 used 106282 clauses 5.211% accumulated 79.62%
c stable glue 11 used 95023 clauses 4.659% accumulated 84.28% tier2
c 
c 
c --- [ resources ] ----------------------------------------------------------
c 
c total process time since initialization:        85.68    seconds
c total real time since initialization:           86.36    seconds
c maximum resident set size of process:          441.12    MB
c 
c --- [ shutting down ] ------------------------------------------------------
c 
c exit 20
