# lean_static_resolve 2026-10-02 19:33:53
# dump=/root/earth-moon/population/f034-a4-cert/cs-a4_m09c/s/n101_n106_n108_p141/dump.jsonl raw=1440954 dedup=1440954 footer={'type': 'footer', 'verdict': 'UNSAT', 'counts': {'preseed': 8900, 'prop': 1432054, 'model': 0}, 'stats': {'checks': 6531271, 'confl': 716027, 'model_rej': 0}, 'time': '2026-10-02T19:33:08+0000'}
# counters=False
$ /root/bin/cadical --lrat --no-binary --no-factor /root/earth-moon/population/f034-a4-cert/cs-a4_m09c/r/n101_n106_n108_p141/round-0/F.cnf /root/earth-moon/population/f034-a4-cert/cs-a4_m09c/r/n101_n106_n108_p141/round-0/F.lrat
c --- [ banner ] -------------------------------------------------------------
c 
c CaDiCaL SAT Solver
c Copyright (c) 2016-2026
c A. Biere, M. Fleury, N. Froleyks, K. Fazekas, F. Pollitt, T. Faller
c JKU Linz, University of Freiburg, TU Wien
c 
c Version 3.0.1 c60730422e758ef1cebe7aeddf2dda31c996bf04
c g++ (Ubuntu 13.3.0-6ubuntu2~24.04.1) 13.3.0 -Wall -Wextra -O3 -DNDEBUG
c Fri Oct 2 18:00:09 UTC 2026 Linux ai-math 6.8.0-139-generic x86_64
c 
c --- [ proof tracing ] ------------------------------------------------------
c 
c opening file to write '/root/earth-moon/population/f034-a4-cert/cs-a4_m09c/r/n101_n106_n108_p141/round-0/F.lrat'
c writing non-binary proof trace to '/root/earth-moon/population/f034-a4-cert/cs-a4_m09c/r/n101_n106_n108_p141/round-0/F.lrat'
c 
c --- [ parsing input ] ------------------------------------------------------
c 
c reading DIMACS file from '/root/earth-moon/population/f034-a4-cert/cs-a4_m09c/r/n101_n106_n108_p141/round-0/F.cnf'
c opening file to read '/root/earth-moon/population/f034-a4-cert/cs-a4_m09c/r/n101_n106_n108_p141/round-0/F.cnf'
c found 'p cnf 2808 1448898' header
c parsed 1448898 clauses in 0.87 seconds process time
c 
c --- [ options ] ------------------------------------------------------------
c 
c   --binary=false                 (different from default 'true')
c   --lrat=true                    (different from default 'false')
c 
c --- [ solving ] ------------------------------------------------------------
c 
c time measured in process time since initialization
c 
c  seconds   reduction conflicts       size tier2        variables
c          MB    restarts   redundant    glue  trail          remaining
c           level     rate       size/glu tier1   irredundant
c 
c *  0.87 155  0 0   0  0    0    0 0.0 0 0 2 6  0% 1178533 2770 99%
c )  1.23 218  0 0   0  0    0    0 0.0 0 0 2 6  0% 1178533 2770 99%
c {  1.25 219  0 0   0  0    0    0 0.0 0 0 2 6  0% 1178533 2770 99%
c i  1.43 223 515 0   2 13   80   33 1.5 22 15 2 6 25% 1178489 2769 99%
c i  1.44 223 508 0   2 14   81   33 1.5 22 15 2 6 25% 1178489 2768 99%
c i  1.71 234 254 0  16 10  182   93 1.3 24 19 2 6 16% 1178457 2767 99%
c -  1.98 239 170 1  21  7  300   55 1.3 26 20 2 6 15% 1178423 2767 99%
c }  2.38 245 69 1  26  3 1004  597 1.6 30 18 2 6 18% 1178362 2767 99%
c [  2.38 245  0 1  26  0 1004  597 0.0 0 0 2 6  0% 1178362 2767 99%
c O  2.38 245  6 1  26  7 1005  598 2.7 8 3 2 6 16% 1178362 2767 99%
c -  2.85 336 13 2  26  1 1196  229 1.7 17 10 2 6 23% 1178349 2767 99%
c ]  3.39 336 15 2  27  1 2646 1201 2.0 22 11 2 6 19% 1178281 2767 99%
c {  3.39 336 69 2  27  3 2646 1201 1.6 30 18 2 6 18% 1178281 2767 99%
c -  3.81 337 57 3  27  3 2985  573 1.8 31 18 2 6 19% 1178272 2767 99%
c O  3.86 337 56 3  28  3 3008  594 1.8 31 18 2 6 19% 1178270 2767 99%
c i  3.87 337 56 3  28  3 3019  602 1.8 31 18 2 6 19% 1178269 2764 98%
c i  3.87 337 56 3  28  3 3023  603 1.8 31 18 2 6 19% 1178268 2763 98%
c i  3.88 337 55 3  28  3 3062  625 1.8 30 17 2 6 18% 1178260 2762 98%
c i  3.88 337 55 3  28  3 3064  626 1.8 30 17 2 6 18% 1178260 2761 98%
c 2  4.27 337 45 3  28  2 3687 1209 2.0 32 16 2 6 20% 1178248 2749 98%
c 
c  seconds   reduction conflicts       size   tier2        variables
c          MB    restarts   redundant     glue   trail          remaining
c           level     rate       size/glue  tier1   irredundant
c 
c d  4.33 337 45 3  28  2 3687 1207 2.0 32 16 2 6 20% 1178213 2748 98%
c p  4.34 337 45 3  28  2 3687 1207 2.0 32 16 2 6 20% 1178213 2747 98%
c t  4.75 350 45 3  28  2 3687 1205 2.0 32 16 2 6 20% 1178205 2737 97%
c i  5.08 350 44 3  73  2 3867 1357 1.9 32 17 2 6 19% 1178197 2736 97%
c -  6.33 351 36 4 143  2 5814 2738 1.9 31 16 13 19 20% 1178132 2736 97%
c #  6.49 351 35 4 143  2 6009 2924 2.0 31 16 13 19 20% 1178131 2736 97%
c i  6.51 351 35 4 143  2 6022 2932 2.0 31 16 13 19 20% 1178129 2734 97%
c i  6.56 351 35 4 143  2 6073 2969 2.0 31 16 13 19 20% 1178127 2724 97%
c 2  6.75 351 35 4 154  2 6187 3051 1.9 31 16 13 19 20% 1178122 2714 97%
c i  7.04 351 34 4 182  2 6455 3253 1.9 31 16 13 19 19% 1178111 2706 96%
c i  7.48 351 33 4 206  2 7294 3905 1.8 29 16 12 19 19% 1178080 2675 95%
c }  7.60 351 32 4 213  2 7409 3995 1.8 29 16 12 19 19% 1178080 2675 95%
c [  7.60 351 15 4 213  1 7409 3995 2.0 22 11 2 6 19% 1178080 2675 95%
c i  7.75 351 16 4 213  1 7858 4296 1.8 22 12 2 6 18% 1178078 2662 95%
c -  8.36 351 16 5 214  1 9762 5223 1.7 20 12 8 15 17% 1177986 2662 95%
c 2  8.36 351 16 5 214  1 9762 5223 1.7 20 12 8 15 17% 1177986 2641 94%
c t  8.47 351 16 5 214  1 9762 5222 1.7 20 12 8 15 17% 1177988 2641 94%
c i  8.55 351 16 5 214  1 9914 5304 1.7 20 12 8 15 17% 1177984 2636 94%
c I  8.59 351 16 5 214  1 10010 5376 1.7 20 12 8 15 17% 1177984 2636 94%
c ] 10.23 351 21 5 217  1 13971 8745 1.8 27 15 10 18 21% 1177965 2636 94%
c 
c  seconds   reductions conflicts       size    tier2         variables
c          MB    restarts    redundant     glue     trail          remaining
c           level     rate        size/glue  tier1     irredundant
c 
c { 10.23 351 32 5 217  2 13971 8745 1.8 29 16 12 19 19% 1177965 2636 94%
c i 10.30 351 32 5 225  2 14012 8780 1.8 29 16 12 19 19% 1177960 2594 92%
c i 10.33 351 32 5 227  2 14016 8783 1.8 29 16 12 19 19% 1177960 2593 92%
c i 10.49 351 32 5 243  2 14083 8840 1.8 29 16 12 19 19% 1177954 2550 91%
c i 10.51 351 32 5 244  2 14088 8843 1.8 29 16 12 19 19% 1177954 2539 90%
c - 11.31 352 32 6 261  2 14878 7613 1.8 29 16 12 19 20% 1177812 2539 90%
c 2 11.32 352 32 6 261  2 14878 7613 1.8 29 16 12 19 20% 1177812 2529 90%
c B 12.21 352 32 6 284  2 15011 7725 1.8 29 16 12 19 20% 1177795 2529 90%
c i 13.39 352 29 6 317  2 17177 9310 1.8 28 16 12 19 20% 1177778 2522 90%
c i 13.39 352 29 6 317  2 17179 9310 1.8 28 16 12 19 20% 1177777 2511 89%
c s 13.84 353 28 6 318  2 17467 9487 1.8 27 15 12 19 12% 1177683 2511 89%
c t 13.87 353 28 6 318  2 17467 9486 1.8 27 15 12 19 12% 1177673 2511 89%
c e 14.14 354 28 6 318  2 17467 9177 1.8 27 15 12 19 12% 1173695 365 13%
c s 14.19 354 28 6 318  2 17467 9176 1.8 27 15 12 19 12% 1173678 365 13%
c W 17.18 347 26 6 463  2 21012 11564 1.7 25 15 12 19  9% 1094233 364 13%
c - 17.65 347 26 7 497  2 21192 10128 1.7 25 15 12 19  9% 1094233 364 13%
c 2 17.66 347 26 7 497  2 21192 10127 1.7 25 15 12 19  9% 1094233 364 13%
c p 17.67 347 26 7 497  2 21192 10140 1.7 25 15 12 19  9% 1094233 364 13%
c u 17.97 347 26 7 497  2 21192 10099 1.7 25 15 12 19  9% 1094233 364 13%
c v 18.07 347 26 7 497  2 21192 10091 1.7 25 15 12 19  9% 1094233 364 13%
c 
c  seconds   reductions conflicts        size    tier2         variables
c          MB    restarts     redundant     glue     trail         remaining
c           level     rate         size/glue  tier1     irredundant
c 
c w 18.13 347 26 7 497  2 21192 10088 1.7 25 15 12 19  9% 1094233 364 13%
c x 18.34 347 26 7 497  2 21192 10088 1.7 25 15 12 19  9% 1094227 364 13%
c } 21.29 347 23 7 545  2 26375 13802 1.6 24 14 11 17 28% 1094227 364 13%
c [ 21.29 347 21 7 545  1 26375 13802 1.8 27 15 10 18 161% 1094227 364 13%
c B 21.74 347 20 7 546  1 28013 14901 1.7 25 14 10 18 137% 1094227 364 13%
c - 22.22 347 20 8 546  1 28614 12368 1.7 25 15 10 18 131% 1094227 364 13%
c W 25.49 347 23 8 551  1 36014 18502 1.7 27 17 10 18 88% 1094240 364 13%
c - 26.04 347 24 9 552  1 37236 14481 1.6 28 17 10 18 85% 1094240 364 13%
c p 26.06 347 24 9 552  1 37236 14482 1.6 28 17 10 18 85% 1094240 364 13%
c t 26.61 348 24 9 552  1 37236 14482 1.6 28 17 10 18 85% 1094239 364 13%
c ] 28.39 348 26 9 554  1 43289 19649 1.6 29 18 10 21 72% 1094239 364 13%
c { 28.39 348 23 9 554  2 43289 19649 1.6 24 14 11 17 28% 1094239 364 13%
c F 30.13 348 23 9 777  2 45018 21025 1.6 24 15 11 17 28% 1094239 364 13%
c - 30.98 348 22 10 777  2 47072 17094 1.6 23 14 11 17 27% 1094239 364 13%
c p 31.02 348 22 10 777  2 47072 17105 1.6 23 14 11 17 27% 1094239 364 13%
c u 31.32 348 22 10 777  2 47072 17062 1.6 23 14 11 17 27% 1094239 364 13%
c v 31.44 348 22 10 777  2 47072 17060 1.6 23 14 11 17 27% 1094239 364 13%
c w 31.49 348 22 10 777  2 47072 17058 1.6 23 14 11 17 27% 1094239 364 13%
c x 31.68 348 22 10 777  2 47072 17058 1.6 23 14 11 17 27% 1094226 364 13%
c B 33.77 348 20 10 796  1 55019 22263 1.6 21 13 11 17 28% 1094226 364 13%
c 
c  seconds   reductions   conflicts        size    tier2         variables
c          MB     restarts      redundant     glue     trail         remaining
c           level       rate         size/glue  tier1     irredundant
c 
c - 35.25 349 19 11 1026  1 58132 20946 1.6 21 13 11 17 26% 1094226 364 13%
c p 35.28 349 19 11 1026  1 58132 20958 1.6 21 13 11 17 26% 1094226 364 13%
c s 36.79 351 18 11 1216  1 64087 23846 1.5 20 13 11 17 23% 1094154 364 13%
c e 37.07 351 18 11 1216  1 64087 23742 1.5 20 13 11 17 23% 1094153 363 13%
c s 37.12 351 18 11 1216  1 64087 23742 1.5 20 13 11 17 23% 1094133 363 13%
c W 38.01 351 18 11 1216  1 66020 24533 1.5 20 13 11 17 23% 1094133 363 13%
c - 40.41 351 18 12 1526  1 70421 24400 1.5 20 13 11 17 23% 1094133 363 13%
c p 40.43 351 18 12 1526  1 70421 24402 1.5 20 13 11 17 23% 1094133 363 13%
c } 42.72 351 18 12 1677  1 75127 27698 1.5 20 13 10 15 24% 1094133 363 13%
c [ 42.72 351 26 12 1677  1 75127 27698 1.6 29 18 10 21 72% 1094133 363 13%
c O 43.61 351 25 12 1677  1 78025 29582 1.6 27 17 10 21 67% 1094133 363 13%
c - 45.58 352 23 13 1678  1 83948 27167 1.6 26 16 10 21 59% 1094133 363 13%
c p 45.62 352 23 13 1678  1 83948 27168 1.6 26 16 10 21 59% 1094133 363 13%
c u 46.60 352 23 13 1678  1 83948 27140 1.6 26 16 10 21 59% 1094133 363 13%
c v 46.74 352 23 13 1678  1 83948 27137 1.6 26 16 10 21 59% 1094133 363 13%
c w 46.79 352 23 13 1678  1 83948 27133 1.6 26 16 10 21 59% 1094133 363 13%
c x 47.00 352 23 13 1678  1 83948 27133 1.6 26 16 10 21 59% 1094106 363 13%
c B 49.77 352 22 13 1683  1 91027 31959 1.6 25 16 10 21 53% 1094106 363 13%
c - 53.12 352 23 14 1687  1 98716 30468 1.6 27 17 10 21 50% 1094106 363 13%
c p 53.17 352 23 14 1687  1 98716 30480 1.6 27 17 10 21 50% 1094106 363 13%
c 
c  seconds   reductions   conflicts         size    tier2         variables
c          MB     restarts       redundant     glue     trail         remaining
c           level       rate          size/glue  tier1     irredundant
c 
c ] 54.52 352 24 14 1690  1 102665 33695 1.6 27 17 10 21 49% 1094106 363 13%
c { 54.52 352 18 14 1690  1 102665 33695 1.5 20 13 10 15 24% 1094106 363 13%
c # 56.50 352 18 14 1971  1 105030 35497 1.5 20 13 10 15 24% 1094106 363 13%
c - 58.34 352 17 15 2102  1 114730 33455 1.5 19 13 10 15 23% 1094106 363 13%
c p 58.39 352 17 15 2102  1 114730 33459 1.5 19 13 10 15 23% 1094106 363 13%
c u 58.73 352 17 15 2102  1 114730 33403 1.5 19 13 10 15 23% 1094106 363 13%
c v 58.86 352 17 15 2102  1 114730 33386 1.5 19 13 10 15 23% 1094106 363 13%
c w 58.92 352 17 15 2102  1 114730 33381 1.5 19 13 10 15 23% 1094106 363 13%
c x 59.13 352 17 15 2102  1 114730 33381 1.5 19 13 10 15 23% 1094094 363 13%
c B 59.76 352 16 15 2103  1 120032 35664 1.5 19 13 10 15 22% 1094094 363 13%
c - 66.48 353 16 16 2825  1 131994 37698 1.5 19 13 10 15 23% 1094094 363 13%
c p 66.51 353 16 16 2825  1 131994 37709 1.5 19 13 10 15 23% 1094094 363 13%
c s 67.31 353 16 16 2873  1 133433 38545 1.5 19 13 10 15 23% 1094064 363 13%
c s 67.67 353 16 16 2873  1 133433 38542 1.5 19 13 10 15 23% 1093993 363 13%
c W 72.65 353 16 16 3111  1 136033 40104 1.5 19 13 10 15 23% 1093993 363 13%
c } 79.50 353 16 16 4312  1 146139 46868 1.5 19 13 9 14 23% 1093993 363 13%
c [ 79.50 353 24 16 4312  1 146139 46868 1.6 27 17 10 21 49% 1093993 363 13%
c - 81.69 352 24 17 4313  1 150513 37324 1.6 27 18 10 21 48% 1093993 363 13%
c p 81.76 352 24 17 4313  1 150513 37336 1.6 27 18 10 21 48% 1093993 363 13%
c u 82.27 352 24 17 4313  1 150513 37301 1.6 27 18 10 21 48% 1093993 363 13%
c 
c  seconds   reductions   conflicts         size    tier2         variables
c          MB     restarts       redundant     glue     trail         remaining
c           level       rate          size/glue  tier1     irredundant
c 
c v 82.45 352 24 17 4313  1 150513 37289 1.6 27 18 10 21 48% 1093993 363 13%
c w 82.54 352 24 17 4313  1 150513 37279 1.6 27 18 10 21 48% 1093993 363 13%
c x 82.82 352 24 17 4313  1 150513 37279 1.6 27 18 10 21 48% 1093990 363 13%
c t 82.83 352 24 17 4313  1 150513 37278 1.6 27 18 10 21 48% 1093990 363 13%
c W 84.06 352 25 17 4314  1 153035 39284 1.5 27 18 10 21 47% 1093990 363 13%
c - 88.88 352 27 18 4315  1 170290 36199 1.5 29 20 10 21 44% 1093990 363 13%
c p 88.92 352 27 18 4315  1 170290 36212 1.5 29 20 10 21 44% 1093990 363 13%
c I 90.21 352 27 18 4315  1 171037 36884 1.5 29 20 10 21 44% 1093990 363 13%
c B 92.45 352 24 18 4323  1 190038 45984 1.4 26 18 10 21 36% 1093990 363 13%
c - 92.76 352 23 19 4324  1 191324 36594 1.4 26 18 10 21 35% 1093990 363 13%
c u 93.12 352 23 19 4324  1 191324 36565 1.4 26 18 10 21 35% 1093990 363 13%
c v 93.25 352 23 19 4324  1 191324 36558 1.4 26 18 10 21 35% 1093990 363 13%
c w 93.31 352 23 19 4324  1 191324 36556 1.4 26 18 10 21 35% 1093990 363 13%
c x 93.51 352 23 19 4324  1 191324 36556 1.4 26 18 10 21 35% 1093984 363 13%
c W 96.83 352 21 19 4330  1 210039 45187 1.4 23 17 12 21 30% 1093984 363 13%
c ] 97.90 352 21 19 4331  1 211962 46635 1.4 23 17 12 21 30% 1093984 363 13%
c { 97.90 352 16 19 4331  1 211962 46635 1.5 19 13 9 14 23% 1093984 363 13%
c - 99.61 353 16 20 4475  1 213624 41931 1.5 19 13 9 14 23% 1093984 363 13%
c p 99.64 353 16 20 4475  1 213624 41932 1.5 19 13 9 14 23% 1093984 363 13%
c s 106.97 353 17 20 5465  1 225892 50517 1.5 19 13 9 14 23% 1093897 363 13%
c 
c  seconds    reductions   conflicts         size   tier2         variables
c           MB     restarts       redundant     glue    trail         remaining
c            level       rate          size/glue  tier1    irredundant
c 
c s 107.32 353 17 20 5465  1 225892 50505 1.5 19 13 9 14 23% 1093797 363 13%
c F 109.46 353 17 20 5551  1 231040 54404 1.5 19 13 9 14 24% 1093797 363 13%
c - 114.69 353 17 21 6105  2 237183 49372 1.5 19 13 9 14 24% 1093797 363 13%
c p 114.77 353 17 21 6105  2 237183 49385 1.5 19 13 9 14 24% 1093797 363 13%
c u 115.24 353 17 21 6105  2 237183 49334 1.5 19 13 9 14 24% 1093797 363 13%
c v 115.44 353 17 21 6105  2 237183 49329 1.5 19 13 9 14 24% 1093797 363 13%
c w 115.52 353 17 21 6105  2 237183 49316 1.5 19 13 9 14 24% 1093797 363 13%
c x 115.79 353 17 21 6105  2 237183 49316 1.5 19 13 9 14 24% 1093759 363 13%
c B 122.48 353 17 21 6904  1 253042 59408 1.5 19 13 9 14 23% 1093759 363 13%
c - 126.16 354 16 22 7585  1 262007 55184 1.5 19 13 9 14 24% 1093759 363 13%
c p 126.22 354 16 22 7585  1 262007 55196 1.5 19 13 9 14 24% 1093759 363 13%
c W 130.56 354 16 22 7798  1 276044 62553 1.5 19 13 9 14 23% 1093759 363 13%
c } 130.90 354 16 22 7806  1 276317 62670 1.5 19 13 9 14 23% 1093759 363 13%
c [ 130.90 354 21 22 7806  1 276317 62670 1.4 23 17 12 21 30% 1093759 363 13%
c - 134.80 354 20 23 7812  1 288097 60164 1.4 22 16 12 21 30% 1093759 363 13%
c p 134.86 354 20 23 7812  1 288097 60175 1.4 22 16 12 21 30% 1093759 363 13%
c u 135.43 354 20 23 7812  1 288097 60100 1.4 22 16 12 21 30% 1093759 363 13%
c v 135.65 354 20 23 7812  1 288097 60064 1.4 22 16 12 21 30% 1093759 363 13%
c w 135.75 354 20 23 7812  1 288097 60039 1.4 22 16 12 21 30% 1093759 363 13%
c x 136.10 354 20 23 7812  1 288097 60038 1.4 22 16 12 21 30% 1093752 363 13%
c 
c  seconds    reductions   conflicts         size    tier2         variables
c           MB     restarts       redundant     glue     trail         remaining
c            level       rate          size/glue  tier1     irredundant
c 
c i 138.47 354 19 23 7817  1 294131 63161 1.4 22 15 12 21 30% 1093752 362 13%
c O 140.87 354 20 23 7819  1 300046 68270 1.5 23 15 12 21 30% 1093752 362 13%
c - 147.33 350 20 24 7821  1 315455 45613 1.5 24 15 12 21 31% 1061983 362 13%
c 2 147.33 350 20 24 7821  1 315455 45612 1.5 24 15 12 21 31% 1061983 362 13%
c p 147.40 350 20 24 7821  1 315455 45623 1.5 24 15 12 21 31% 1061983 362 13%
c u 149.13 350 20 24 7821  1 315455 45590 1.5 24 15 12 21 31% 1061983 362 13%
c v 149.25 350 20 24 7821  1 315455 45585 1.5 24 15 12 21 31% 1061983 362 13%
c w 149.31 350 20 24 7821  1 315455 45585 1.5 24 15 12 21 31% 1061983 362 13%
c x 149.51 350 20 24 7821  1 315455 45585 1.5 24 15 12 21 31% 1061976 362 13%
c B 152.37 350 21 24 7821  1 325049 53656 1.5 24 16 12 21 32% 1061976 362 13%
c ] 156.71 350 22 24 7822  1 339048 65580 1.6 25 16 10 19 32% 1061976 362 13%
c { 156.71 350 16 24 7822  1 339048 65580 1.5 19 13 9 14 23% 1061976 362 13%
c s 159.06 350 16 24 8248  1 341464 67369 1.5 19 13 9 14 23% 1061913 362 13%
c e 159.33 350 16 24 8248  1 341464 67095 1.5 19 13 9 14 23% 1061912 361 13%
c s 159.40 350 16 24 8248  1 341464 67086 1.5 19 13 9 14 23% 1061867 361 13%
c - 160.53 351 16 25 8289  1 343903 52380 1.5 19 13 9 14 23% 1061867 361 13%
c p 160.58 351 16 25 8289  1 343903 52392 1.5 19 13 9 14 23% 1061867 361 13%
c u 160.91 351 16 25 8289  1 343903 52367 1.5 19 13 9 14 23% 1061867 361 13%
c v 161.05 351 16 25 8289  1 343903 52360 1.5 19 13 9 14 23% 1061867 361 13%
c w 161.12 351 16 25 8289  1 343903 52360 1.5 19 13 9 14 23% 1061867 361 13%
c 
c  seconds    reductions   conflicts         size   tier2         variables
c           MB     restarts       redundant     glue    trail         remaining
c            level       rate          size/glue  tier1    irredundant
c 
c x 161.31 351 16 25 8289  1 343903 52360 1.5 19 13 9 14 23% 1061855 361 13%
c # 162.27 351 16 25 8300  1 351050 55715 1.5 18 13 9 14 22% 1061855 361 13%
c - 166.80 351 15 26 8469  1 373605 57915 1.5 18 12 9 14 22% 1061855 361 13%
c p 166.84 351 15 26 8469  1 373605 57927 1.5 18 12 9 14 22% 1061855 361 13%
c B 168.64 351 15 26 8694  1 378052 60424 1.5 18 12 9 14 22% 1061855 361 13%
c - 172.84 351 14 27 8931  1 404563 56214 1.4 17 12 8 13 20% 1061855 361 13%
c p 172.90 351 14 27 8931  1 404563 56225 1.4 17 12 8 13 20% 1061855 361 13%
c u 173.24 351 14 27 8931  1 404563 56187 1.4 17 12 8 13 20% 1061855 361 13%
c v 173.39 351 14 27 8931  1 404563 56187 1.4 17 12 8 13 20% 1061855 361 13%
c w 173.46 351 14 27 8931  1 404563 56185 1.4 17 12 8 13 20% 1061855 361 13%
c x 173.67 351 14 27 8931  1 404563 56185 1.4 17 12 8 13 20% 1061853 361 13%
c W 178.37 351 14 27 9244  1 406054 57172 1.4 17 12 8 13 20% 1061853 361 13%
c F 187.05 351 14 27 10836  1 435056 71085 1.4 16 12 8 13 19% 1061853 361 13%
c - 188.67 351 14 28 11221  1 436779 58729 1.4 16 12 8 13 19% 1061853 361 13%
c p 188.73 351 14 28 11221  1 436779 58741 1.4 16 12 8 13 19% 1061853 361 13%
c u 189.04 351 14 28 11221  1 436779 58716 1.4 16 12 8 13 19% 1061853 361 13%
c v 189.18 351 14 28 11221  1 436779 58708 1.4 16 12 8 13 19% 1061853 361 13%
c w 189.23 351 14 28 11221  1 436779 58705 1.4 16 12 8 13 19% 1061853 361 13%
c x 189.42 351 14 28 11221  1 436779 58705 1.4 16 12 8 13 19% 1061849 361 13%
c } 199.15 351 14 28 12955  1 458126 70192 1.4 16 12 8 13 19% 1061849 361 13%
c 
c  seconds    reductions    conflicts         size    tier2         variables
c           MB      restarts       redundant     glue     trail         remaining
c            level        rate          size/glue  tier1     irredundant
c 
c [ 199.15 351 22 28 12955  1 458126 70192 1.6 25 16 10 19 32% 1061849 361 13%
c W 202.91 351 22 28 12955  1 465057 76221 1.6 25 16 10 19 32% 1061849 361 13%
c - 205.23 351 22 29 12955  1 470254 63694 1.6 25 16 10 19 33% 1061849 361 13%
c p 205.31 351 22 29 12955  1 470254 63706 1.6 25 16 10 19 33% 1061849 361 13%
c u 205.68 351 22 29 12955  1 470254 63659 1.6 25 16 10 19 33% 1061849 361 13%
c v 205.83 351 22 29 12955  1 470254 63647 1.6 25 16 10 19 33% 1061849 361 13%
c w 205.90 351 22 29 12955  1 470254 63646 1.6 25 16 10 19 33% 1061849 361 13%
c x 206.14 351 22 29 12955  1 470254 63646 1.6 25 16 10 19 33% 1061845 361 13%
c s 210.90 351 23 29 12957  1 479732 71884 1.6 26 17 10 19 34% 1061725 361 13%
c e 211.18 351 23 29 12957  1 479732 71667 1.6 26 17 10 19 34% 1061725 360 13%
c s 211.27 351 23 29 12957  1 479732 71632 1.6 26 17 10 19 34% 1061584 360 13%
c I 218.80 351 24 29 12967  1 496058 85508 1.5 26 17 10 19 34% 1061584 360 13%
c - 222.30 352 23 30 12970  1 504988 65480 1.5 26 17 10 19 34% 1061584 360 13%
c p 222.34 352 23 30 12970  1 504988 65492 1.5 26 17 10 19 34% 1061584 360 13%
c u 222.85 352 23 30 12970  1 504988 65406 1.5 26 17 10 19 34% 1061584 360 13%
c v 223.04 352 23 30 12970  1 504988 65400 1.5 26 17 10 19 34% 1061584 360 13%
c w 223.14 352 23 30 12970  1 504988 65398 1.5 26 17 10 19 34% 1061584 360 13%
c x 223.43 352 23 30 12970  1 504988 65397 1.5 26 17 10 19 34% 1061530 360 13%
c B 230.11 352 24 30 12981  1 528059 83662 1.5 27 18 10 19 33% 1061530 360 13%
c ] 231.17 352 24 30 12983  1 531132 86009 1.5 27 18 10 20 34% 1061530 360 13%
c 
c  seconds    reductions    conflicts         size   tier2         variables
c           MB      restarts       redundant     glue    trail         remaining
c            level        rate          size/glue  tier1    irredundant
c 
c { 231.17 352 14 30 12983  1 531132 86009 1.4 16 12 8 13 19% 1061530 360 13%
c - 233.15 351 14 31 13121  1 540980 64955 1.4 16 12 8 13 19% 1061530 360 13%
c p 233.22 351 14 31 13121  1 540980 64967 1.4 16 12 8 13 19% 1061530 360 13%
c u 234.95 351 14 31 13121  1 540980 64900 1.4 16 12 8 13 19% 1061530 360 13%
c v 235.09 351 14 31 13121  1 540980 64892 1.4 16 12 8 13 19% 1061530 360 13%
c w 235.16 351 14 31 13121  1 540980 64891 1.4 16 12 8 13 19% 1061530 360 13%
c x 235.35 351 14 31 13121  1 540980 64891 1.4 16 12 8 13 19% 1061509 360 13%
c B 244.88 351 14 31 14902  1 561060 76273 1.4 16 12 8 13 19% 1061509 360 13%
c - 250.00 352 14 32 15610  1 578231 70478 1.4 16 12 8 13 18% 1061509 360 13%
c p 250.05 352 14 32 15610  1 578231 70490 1.4 16 12 8 13 18% 1061509 360 13%
c u 250.40 352 14 32 15610  1 578231 70445 1.4 16 12 8 13 18% 1061509 360 13%
c v 250.55 352 14 32 15610  1 578231 70443 1.4 16 12 8 13 18% 1061509 360 13%
c w 250.63 352 14 32 15610  1 578231 70441 1.4 16 12 8 13 18% 1061509 360 13%
c x 250.89 352 14 32 15610  1 578231 70441 1.4 16 12 8 13 18% 1061496 360 13%
c W 260.44 352 13 32 16325  1 595062 78126 1.4 16 11 8 13 18% 1061496 360 13%
c - 267.61 353 14 33 17115  1 616744 79566 1.4 16 11 8 13 18% 1061496 360 13%
c p 267.68 353 14 33 17115  1 616744 79578 1.4 16 11 8 13 18% 1061496 360 13%
c u 268.01 353 14 33 17115  1 616744 79553 1.4 16 11 8 13 18% 1061496 360 13%
c v 268.16 353 14 33 17115  1 616744 79548 1.4 16 11 8 13 18% 1061496 360 13%
c w 268.24 353 14 33 17115  1 616744 79548 1.4 16 11 8 13 18% 1061496 360 13%
c 
c  seconds    reductions    conflicts         size   tier2         variables
c           MB      restarts       redundant     glue    trail         remaining
c            level        rate          size/glue  tier1    irredundant
c 
c x 268.45 353 14 33 17115  1 616744 79548 1.4 16 11 8 13 18% 1061481 360 13%
c # 270.71 353 13 33 17292  1 630064 84300 1.4 15 11 8 13 18% 1061481 360 13%
c s 275.01 353 13 33 17822  1 641098 90033 1.4 15 11 8 13 18% 1061341 360 13%
c s 275.40 353 13 33 17822  1 641098 90012 1.4 15 11 8 13 18% 1061202 360 13%
c - 285.61 353 13 34 19415  1 656519 86247 1.4 15 11 8 13 18% 1061202 360 13%
c p 285.67 353 13 34 19415  1 656519 86259 1.4 15 11 8 13 18% 1061202 360 13%
c u 286.07 353 13 34 19415  1 656519 86238 1.4 15 11 8 13 18% 1061202 360 13%
c v 286.23 353 13 34 19415  1 656519 86233 1.4 15 11 8 13 18% 1061202 360 13%
c w 286.31 353 13 34 19415  1 656519 86225 1.4 15 11 8 13 18% 1061202 360 13%
c x 286.54 353 13 34 19415  1 656519 86225 1.4 15 11 8 13 18% 1061172 360 13%
c B 288.60 353 13 34 19714  1 666065 90170 1.4 15 11 8 12 18% 1061172 360 13%
c } 289.30 353 13 34 19841  1 666621 90562 1.4 15 11 8 12 18% 1061172 360 13%
c [ 289.30 353 24 34 19841  1 666621 90562 1.5 27 18 10 20 34% 1061172 360 13%
c - 298.24 353 24 35 19846  1 697553 90527 1.5 27 18 10 20 33% 1061172 360 13%
c p 298.32 353 24 35 19846  1 697553 90539 1.5 27 18 10 20 33% 1061172 360 13%
c u 298.75 353 24 35 19846  1 697553 90479 1.5 27 18 10 20 33% 1061172 360 13%
c v 298.93 353 24 35 19846  1 697553 90473 1.5 27 18 10 20 33% 1061172 360 13%
c w 299.02 353 24 35 19846  1 697553 90464 1.5 27 18 10 20 33% 1061172 360 13%
c x 299.27 353 24 35 19846  1 697553 90464 1.5 27 18 10 20 33% 1061101 360 13%
c W 302.45 353 25 35 19850  1 703068 94901 1.5 27 18 10 20 33% 1061101 360 13%
c 
c  seconds    reductions    conflicts         size    tier2         variables
c           MB      restarts       redundant     glue     trail         remaining
c            level        rate          size/glue  tier1     irredundant
c 
c - 312.18 354 24 36 19866  1 739850 92527 1.5 27 18 10 20 32% 1061101 360 13%
c p 312.24 354 24 36 19866  1 739850 92538 1.5 27 18 10 20 32% 1061101 360 13%
c u 312.67 354 24 36 19866  1 739850 92476 1.5 27 18 10 20 32% 1061101 360 13%
c v 312.85 354 24 36 19866  1 739850 92468 1.5 27 18 10 20 32% 1061101 360 13%
c w 312.95 354 24 36 19866  1 739850 92467 1.5 27 18 10 20 32% 1061101 360 13%
c x 313.22 354 24 36 19866  1 739850 92467 1.5 27 18 10 20 32% 1061092 360 13%
c O 313.84 354 24 36 19866  1 741069 93446 1.5 27 18 10 20 32% 1061092 360 13%
c B 322.36 354 23 36 19876  1 780072 121930 1.5 26 18 10 20 30% 1061092 360 13%
c - 323.73 354 23 37 19876  1 783410 94050 1.5 26 18 10 20 30% 1061092 360 13%
c p 323.80 354 23 37 19876  1 783410 94062 1.5 26 18 10 20 30% 1061092 360 13%
c u 324.18 354 23 37 19876  1 783410 94004 1.5 26 18 10 20 30% 1061092 360 13%
c v 324.36 354 23 37 19876  1 783410 93999 1.5 26 18 10 20 30% 1061092 360 13%
c w 324.45 354 23 37 19876  1 783410 93998 1.5 26 18 10 20 30% 1061092 360 13%
c x 324.67 354 23 37 19876  1 783410 93998 1.5 26 18 10 20 30% 1061067 360 13%
c ] 325.99 354 24 37 19876  1 788632 97757 1.5 26 18 10 20 30% 1061067 360 13%
c { 325.99 354 13 37 19876  1 788632 97757 1.4 15 11 8 12 18% 1061067 360 13%
c W 343.36 354 13 37 23463  1 820074 116123 1.4 16 11 8 12 20% 1061067 360 13%
c s 345.75 354 14 37 24091  1 825505 119389 1.4 16 11 8 12 20% 1060852 360 13%
c s 346.13 354 14 37 24091  1 825505 119354 1.4 16 11 8 12 20% 1060428 360 13%
c - 347.50 354 14 38 24506  1 828234 100521 1.4 16 11 8 12 20% 1060428 360 13%
c 
c  seconds    reductions    conflicts          size   tier2         variables
c           MB      restarts       redundant      glue    trail         remaining
c            level        rate           size/glue  tier1    irredundant
c 
c p 347.56 354 14 38 24506  1 828234 100533 1.4 16 11 8 12 20% 1060428 360 13%
c u 348.15 354 14 38 24506  1 828234 100463 1.4 16 11 8 12 20% 1060428 360 13%
c v 348.37 354 14 38 24506  1 828234 100446 1.4 16 11 8 12 20% 1060428 360 13%
c w 348.49 354 14 38 24506  1 828234 100425 1.4 16 11 8 12 20% 1060428 360 13%
c x 348.81 354 14 38 24506  1 828234 100424 1.4 16 11 8 12 20% 1060350 360 13%
c F 363.33 354 14 38 28951  1 861079 121037 1.4 17 12 8 12 21% 1060350 360 13%
c - 368.01 355 15 39 30545  1 874315 108744 1.4 17 12 8 12 21% 1060350 360 13%
c p 368.08 355 15 39 30545  1 874315 108756 1.4 17 12 8 12 21% 1060350 360 13%
c u 370.09 355 15 39 30545  1 874315 108667 1.4 17 12 8 12 21% 1060350 360 13%
c v 370.28 355 15 39 30545  1 874315 108660 1.4 17 12 8 12 21% 1060350 360 13%
c w 370.36 355 15 39 30545  1 874315 108659 1.4 17 12 8 12 21% 1060350 360 13%
c x 370.61 355 15 39 30545  1 874315 108659 1.4 17 12 8 12 21% 1060341 360 13%
c B 379.53 355 15 39 32500  1 903083 125173 1.4 17 12 8 12 22% 1060341 360 13%
c - 385.18 356 14 40 33431  1 921662 116985 1.4 17 12 8 12 22% 1060341 360 13%
c p 385.24 356 14 40 33431  1 921662 116997 1.4 17 12 8 12 22% 1060341 360 13%
c u 385.65 356 14 40 33431  1 921662 116919 1.4 17 12 8 12 22% 1060341 360 13%
c v 385.82 356 14 40 33431  1 921662 116897 1.4 17 12 8 12 22% 1060341 360 13%
c w 385.90 356 14 40 33431  1 921662 116897 1.4 17 12 8 12 22% 1060341 360 13%
c x 386.14 356 14 40 33431  1 921662 116897 1.4 17 12 8 12 22% 1060335 360 13%
c W 398.22 356 15 40 35287  1 946084 132149 1.4 18 12 8 13 22% 1060335 360 13%
c 
c  seconds    reductions    conflicts          size   tier2         variables
c           MB      restarts       redundant      glue    trail         remaining
c            level        rate           size/glue  tier1    irredundant
c 
c } 398.69 356 15 40 35356  1 946886 132701 1.4 18 12 8 13 22% 1060335 360 13%
c [ 398.69 356 24 40 35356  1 946886 132701 1.5 26 18 10 20 30% 1060335 360 13%
c - 404.86 357 22 41 35356  1 970272 128680 1.5 25 17 10 20 29% 1060335 360 13%
c p 404.93 357 22 41 35356  1 970272 128692 1.5 25 17 10 20 29% 1060335 360 13%
c u 405.34 357 22 41 35356  1 970272 128595 1.5 25 17 10 20 29% 1060335 360 13%
c v 405.53 357 22 41 35356  1 970272 128584 1.5 25 17 10 20 29% 1060335 360 13%
c w 405.62 357 22 41 35356  1 970272 128584 1.5 25 17 10 20 29% 1060335 360 13%
c x 405.87 357 22 41 35356  1 970272 128584 1.5 25 17 10 20 29% 1060317 360 13%
c W 412.53 357 21 41 35357  1 990085 141237 1.5 24 16 10 20 29% 1060317 360 13%
c - 420.66 358 20 42 35357  1 1020148 136437 1.5 24 16 10 20 28% 1060317 360 13%
c p 420.72 358 20 42 35357  1 1020148 136449 1.5 24 16 10 20 28% 1060317 360 13%
c u 421.18 358 20 42 35357  1 1020148 136266 1.5 24 16 10 20 28% 1060317 360 13%
c v 421.38 358 20 42 35357  1 1020148 136242 1.5 24 16 10 20 28% 1060317 360 13%
c w 421.48 358 20 42 35357  1 1020148 136242 1.5 24 16 10 20 28% 1060317 360 13%
c x 421.77 358 20 42 35357  1 1020148 136242 1.5 24 16 10 20 28% 1060295 360 13%
c s 426.72 358 20 42 35357  1 1032945 145868 1.5 24 16 10 20 29% 1059032 360 13%
c s 427.14 358 20 42 35357  1 1032945 145835 1.5 24 16 10 20 29% 1057982 360 13%
c I 428.11 358 20 42 35357  1 1035088 147558 1.5 24 16 10 20 29% 1057982 360 13%
c - 436.17 358 19 43 35373  1 1071290 140620 1.5 23 15 10 19 27% 1057982 360 13%
c p 436.25 358 19 43 35373  1 1071290 140631 1.5 23 15 10 19 27% 1057982 360 13%
c 
c  seconds    reductions     conflicts          size    tier2         variables
c           MB      restarts        redundant      glue     trail         remaining
c            level        rate            size/glue  tier1     irredundant
c 
c u 436.72 358 19 43 35373  1 1071290 140594 1.5 23 15 10 19 27% 1057982 360 13%
c v 436.91 358 19 43 35373  1 1071290 140569 1.5 23 15 10 19 27% 1057982 360 13%
c w 437.01 358 19 43 35373  1 1071290 140569 1.5 23 15 10 19 27% 1057982 360 13%
c x 437.29 358 19 43 35373  1 1071290 140568 1.5 23 15 10 19 27% 1057927 360 13%
c B 440.21 358 18 43 35379  1 1081089 146549 1.5 23 15 10 19 27% 1057927 360 13%
c ] 451.26 358 17 43 35391  1 1123390 172083 1.5 22 14 10 18 26% 1057927 360 13%
c { 451.26 358 15 43 35391  1 1123390 172083 1.4 18 12 8 13 22% 1057927 360 13%
c - 451.51 359 15 44 35391  1 1123673 146966 1.4 18 12 8 13 22% 1057927 360 13%
c p 451.55 359 15 44 35391  1 1123673 146978 1.4 18 12 8 13 22% 1057927 360 13%
c u 451.98 359 15 44 35391  1 1123673 146941 1.4 18 12 8 13 22% 1057927 360 13%
c v 452.17 359 15 44 35391  1 1123673 146873 1.4 18 12 8 13 22% 1057927 360 13%
c w 452.26 359 15 44 35391  1 1123673 146871 1.4 18 12 8 13 22% 1057927 360 13%
c x 452.55 359 15 44 35391  1 1123673 146871 1.4 18 12 8 13 22% 1057816 360 13%
c # 454.15 359 15 44 35736  1 1128091 149440 1.4 18 12 8 13 22% 1057816 360 13%
c B 466.33 359 14 44 37429  1 1176093 175278 1.4 17 12 8 13 22% 1057816 360 13%
c - 466.93 359 14 45 37508  1 1177322 156061 1.4 17 12 8 13 22% 1057816 360 13%
c p 467.01 359 14 45 37508  1 1177322 156073 1.4 17 12 8 13 22% 1057816 360 13%
c u 467.44 359 14 45 37508  1 1177322 156009 1.4 17 12 8 13 22% 1057816 360 13%
c v 467.64 359 14 45 37508  1 1177322 155997 1.4 17 12 8 13 22% 1057816 360 13%
c w 467.72 359 14 45 37508  1 1177322 155994 1.4 17 12 8 13 22% 1057816 360 13%
c 
c  seconds    reductions     conflicts          size   tier2         variables
c           MB      restarts        redundant      glue    trail         remaining
c            level        rate            size/glue  tier1    irredundant
c 
c x 467.98 359 14 45 37508  1 1177322 155992 1.4 17 12 8 13 22% 1057751 360 13%
c t 467.99 359 14 45 37508  1 1177322 155991 1.4 17 12 8 13 22% 1057751 360 13%
c W 484.80 359 14 45 40654  1 1225095 182755 1.4 17 12 8 13 22% 1057751 360 13%
c - 487.54 360 14 46 41273  1 1232236 164188 1.4 17 12 8 13 22% 1057751 360 13%
c p 487.59 360 14 46 41273  1 1232236 164200 1.4 17 12 8 13 22% 1057751 360 13%
c u 488.04 360 14 46 41273  1 1232236 164177 1.4 17 12 8 13 22% 1057751 360 13%
c v 488.24 360 14 46 41273  1 1232236 164168 1.4 17 12 8 13 22% 1057751 360 13%
c w 488.33 360 14 46 41273  1 1232236 164167 1.4 17 12 8 13 22% 1057751 360 13%
c x 488.60 360 14 46 41273  1 1232236 164167 1.4 17 12 8 13 22% 1057743 360 13%
c t 488.61 360 14 46 41273  1 1232236 164166 1.4 17 12 8 13 22% 1057743 360 13%
c s 499.83 360 14 46 43711  1 1263366 181145 1.4 17 12 8 13 22% 1056691 360 13%
c s 500.29 360 14 46 43711  1 1263366 181078 1.4 17 12 8 13 22% 1055557 360 13%
c F 503.11 360 14 46 43846  1 1275096 187083 1.5 17 12 8 13 22% 1055557 360 13%
c - 507.37 360 14 47 45473  1 1288414 170273 1.4 17 12 8 13 22% 1055557 360 13%
c p 507.45 360 14 47 45473  1 1288414 170285 1.4 17 12 8 13 22% 1055557 360 13%
c u 508.00 360 14 47 45473  1 1288414 170217 1.4 17 12 8 13 22% 1055557 360 13%
c v 508.20 360 14 47 45473  1 1288414 170146 1.4 17 12 8 13 22% 1055557 360 13%
c w 508.30 360 14 47 45473  1 1288414 170143 1.4 17 12 8 13 22% 1055557 360 13%
c x 508.62 360 14 47 45473  1 1288414 170142 1.4 17 12 8 13 22% 1055527 360 13%
c B 520.82 360 14 47 46897  1 1326098 190240 1.4 17 12 8 13 22% 1055527 360 13%
c 
c  seconds    reductions     conflicts          size   tier2         variables
c           MB      restarts        redundant      glue    trail         remaining
c            level        rate            size/glue  tier1    irredundant
c 
c - 528.51 361 14 48 48427  1 1345836 178892 1.4 17 12 8 13 22% 1055527 360 13%
c p 528.59 361 14 48 48427  1 1345836 178907 1.4 17 12 8 13 22% 1055527 360 13%
c u 529.75 361 14 48 48427  1 1345836 178862 1.4 17 12 8 13 22% 1055527 360 13%
c v 530.00 361 14 48 48427  1 1345836 178852 1.4 17 12 8 13 22% 1055527 360 13%
c w 530.11 361 14 48 48427  1 1345836 178848 1.4 17 12 8 13 22% 1055527 360 13%
c x 530.46 361 14 48 48427  1 1345836 178848 1.4 17 12 8 13 22% 1055486 360 13%
c t 530.47 361 14 48 48427  1 1345836 178847 1.4 17 12 8 13 22% 1055486 360 13%
c } 531.15 361 14 48 48482  1 1346565 179374 1.4 17 12 8 13 22% 1055486 360 13%
c [ 531.15 361 17 48 48482  1 1346565 179374 1.5 22 14 10 18 26% 1055486 360 13%
c W 544.49 361 17 48 48496  1 1378100 198845 1.5 21 14 10 18 27% 1055486 360 13%
c - 551.16 362 16 49 48509  1 1404525 186347 1.5 21 14 10 18 26% 1055486 360 13%
c p 551.25 362 16 49 48509  1 1404525 186360 1.5 21 14 10 18 26% 1055486 360 13%
c u 551.81 362 16 49 48509  1 1404525 186316 1.5 21 14 10 18 26% 1055486 360 13%
c v 552.06 362 16 49 48509  1 1404525 186300 1.5 21 14 10 18 26% 1055486 360 13%
c w 552.18 362 16 49 48509  1 1404525 186292 1.5 21 14 10 18 26% 1055486 360 13%
c x 552.54 362 16 49 48509  1 1404525 186292 1.5 21 14 10 18 26% 1055471 360 13%
c t 552.55 362 16 49 48509  1 1404525 186291 1.5 21 14 10 18 26% 1055471 360 13%
c O 558.57 362 16 49 48511  1 1431102 200872 1.5 21 13 10 18 25% 1055471 360 13%
c i 567.18 362 14 49 48513  1 1461936 215594 1.5 19 12 9 17 25% 1055471 357 13%
c - 568.11 352 14 50 48515  1 1464475 152097 1.5 19 12 9 17 25% 975366 357 13%
c 
c  seconds    reductions     conflicts          size   tier2        variables
c           MB      restarts        redundant      glue    trail        remaining
c            level        rate            size/glue  tier1   irredundant
c 
c 2 568.11 352 14 50 48515  1 1464475 152097 1.5 19 12 9 17 25% 975365 357 13%
c p 568.18 352 14 50 48515  1 1464475 152115 1.5 19 12 9 17 25% 975365 357 13%
c u 568.66 352 14 50 48515  1 1464475 152065 1.5 19 12 9 17 25% 975365 357 13%
c v 568.89 352 14 50 48515  1 1464475 152047 1.5 19 12 9 17 25% 975365 357 13%
c w 569.06 352 14 50 48515  1 1464475 152042 1.5 19 12 9 17 25% 975365 357 13%
c x 569.44 352 14 50 48515  1 1464475 152041 1.5 19 12 9 17 25% 975352 357 13%
c B 574.06 352 14 50 48526  1 1485104 163719 1.5 18 12 9 17 25% 975352 357 13%
c i 576.90 352 14 50 48532  1 1500149 170320 1.5 18 12 9 17 25% 975352 354 13%
c s 580.55 352 14 50 48540  1 1516757 180017 1.5 18 12 9 17 24% 973076 354 13%
c e 580.79 352 14 50 48540  1 1516757 178824 1.5 18 12 9 17 24% 933698 347 12%
c s 580.97 352 14 50 48540  1 1516757 178783 1.5 18 12 9 17 24% 931628 347 12%
c - 583.37 267 14 51 48541  1 1524657 130607 1.5 18 12 9 17 24% 931628 347 12%
c p 583.41 267 14 51 48541  1 1524657 130618 1.5 18 12 9 17 24% 931628 347 12%
c u 583.83 267 14 51 48541  1 1524657 130526 1.5 18 12 9 17 24% 931603 347 12%
c v 584.02 267 14 51 48541  1 1524657 130506 1.5 18 12 9 17 24% 931603 347 12%
c w 584.12 267 14 51 48541  1 1524657 130500 1.5 18 12 9 17 24% 931603 347 12%
c x 584.42 267 14 51 48541  1 1524657 130497 1.5 18 12 9 17 24% 931533 347 12%
c W 589.62 267 14 51 48542  1 1540107 138512 1.5 18 12 9 17 24% 931533 347 12%
c - 598.50 348 13 52 48564  1 1585448 152276 1.5 17 11 9 16 23% 931533 347 12%
c p 598.57 348 13 52 48564  1 1585448 152288 1.5 17 11 9 16 23% 931533 347 12%
c 
c  seconds    reductions     conflicts          size   tier2        variables
c           MB      restarts        redundant      glue    trail        remaining
c            level        rate            size/glue  tier1   irredundant
c 
c u 598.94 348 13 52 48564  1 1585448 152229 1.5 17 11 9 16 23% 931532 347 12%
c v 599.12 348 13 52 48564  1 1585448 151862 1.5 17 11 9 16 23% 931532 347 12%
c w 599.21 348 13 52 48564  1 1585448 151861 1.5 17 11 9 16 23% 931532 347 12%
c x 599.43 348 13 52 48564  1 1585448 151859 1.5 17 11 9 16 23% 931456 347 12%
c t 599.44 348 13 52 48564  1 1585448 151858 1.5 17 11 9 16 23% 931456 347 12%
c ] 601.24 348 13 52 48568  1 1592969 155832 1.5 17 11 9 16 23% 931456 347 12%
c { 601.24 348 14 52 48568  1 1592969 155832 1.4 17 12 8 13 22% 931456 347 12%
c W 603.04 348 13 52 48568  1 1596109 157278 1.4 17 12 8 13 22% 931456 347 12%
c i 607.28 348 13 52 48813  1 1613689 165035 1.5 16 11 8 13 22% 931456 346 12%
c i 608.17 348 13 52 48924  1 1617455 166603 1.5 16 11 8 13 22% 931456 345 12%
c i 608.85 348 13 52 48953  1 1620143 167834 1.5 16 11 8 13 22% 931456 344 12%
c i 609.03 348 13 52 48953  1 1620854 168053 1.5 16 11 8 13 22% 931456 343 12%
c i 609.03 348 13 52 48953  1 1620863 168055 1.5 16 11 8 13 22% 931456 342 12%
c i 609.19 348 13 52 48953  1 1621393 168305 1.5 16 11 8 13 22% 931456 341 12%
c i 609.22 348 13 52 48953  1 1621488 168325 1.5 16 11 8 13 22% 931456 336 12%
c i 609.22 348 13 52 48953  1 1621489 168325 1.5 16 11 8 13 22% 931456 329 12%
c i 609.22 348 13 52 48953  1 1621491 168326 1.5 16 11 8 13 22% 931456 327 12%
c i 609.23 348 13 52 48953  1 1621578 168340 1.5 16 11 8 13 22% 931456 320 11%
c } 609.24 348 13 52 48953  1 1621582 168342 1.5 16 11 8 13 22% 931456 308 11%
c 0 609.24 348 13 52 48953  1 1621582 168342 1.5 16 11 8 13 22% 931456 308 11%
c 
c --- [ closing proof ] ------------------------------------------------------
c 
c LRAT proof file '/root/earth-moon/population/f034-a4-cert/cs-a4_m09c/r/n101_n106_n108_p141/round-0/F.lrat' closed
c LRAT 2709490 added clauses 46.98%
c LRAT 3058108 deleted clauses 53.02%
c LRAT 494113208 bytes (471.22 MB)
c 
c --- [ result ] -------------------------------------------------------------
c 
s UNSATISFIABLE
c 
c --- [ run-time profiling ] -------------------------------------------------
c 
c process time taken by individual solving procedures
c (percentage relative to process time for solving)
c 
c       556.13   91.41% search
c       301.68   49.59% unstable
c       223.24   36.70% stable
c        52.23    8.59% simplify
c        32.79    5.39% vivify
c        30.83    5.07% walk
c         7.99    1.31% sweep
c         4.88    0.80% elim
c         2.21    0.36% subsume
c         1.72    0.28% probe
c         0.87    0.14% parse
c         0.70    0.11% congruence
c         0.50    0.08% ternary
c         0.37    0.06% lucky
c         0.00    0.00% backbone
c   =================================
c       608.36   99.86% solve
c 
c last line shows process time for solving
c (percentage relative to total process time)
c 
c --- [ statistics ] ---------------------------------------------------------
c 
c chronological:            155451         9.59 %  of conflicts
c conflicts:               1621582      2665.49    per second
c backbone:                  84732      3017.52 %  of vars
c decisions:               1926117      3166.07    per second
c eliminated:                 2019        71.90 %  of all variables
c fixed:                       480        17.09 %  of all variables
c learned:                 1593205        98.25 %  per conflict
c learned_lits:           45306276       100.00 %  learned literals
c minimized:                     0         0.00 %  learned literals
c shrunken:               11545667        25.48 %  learned literals
c minishrunken:            2583431         5.70 %  learned literals
c otfs:                       8831         0.54 %  of conflict
c propagations:           22202853         0.04 M  per second
c reduced:                  698438        43.07 %  per conflict
c rephased:                     56     28956.82    interval
c restarts:                  48953        33.13    interval
c stabilizing:                  10        49.13 %  of conflicts
c substituted:                   1         0.04 %  of all variables
c subsumed:                 626964        22.58 %  of all clauses
c strengthened:              49058         1.77 %  of all clauses
c ticks:               27388210107      1248.13    propagation
c vivified:                   5297         0.19 %  of all clauses
c walked:                       18     90087.89    interval
c weakened:                   4893         2.47    average size
c congruence:                    9    180175.78    interval
c 
c seconds are measured in process time for solving
c 
c --- [ glue usage ] ---------------------------------------------------------
c 
c focused glue 8 used 131656 clauses 7.008% accumulated 56.29% tier1
c focused glue 9 used 134471 clauses 7.158% accumulated 63.45%
c focused glue 10 used 135710 clauses 7.224% accumulated 70.67%
c focused glue 11 used 127241 clauses 6.773% accumulated 77.45%
c focused glue 12 used 109764 clauses 5.843% accumulated 83.29% tier2
c 
c stable glue 9 used 118204 clauses 5.478% accumulated 54.04% tier1
c stable glue 10 used 118487 clauses 5.492% accumulated 59.53%
c stable glue 11-14 used 417121 clauses 19.33% accumulated 78.87%
c stable glue 15 used 74042 clauses 3.431% accumulated 82.30%
c stable glue 16 used 63370 clauses 2.937% accumulated 85.24% tier2
c 
c 
c --- [ resources ] ----------------------------------------------------------
c 
c total process time since initialization:       609.24    seconds
c total real time since initialization:          609.45    seconds
c maximum resident set size of process:          455.57    MB
c 
c --- [ shutting down ] ------------------------------------------------------
c 
c exit 20

[rc=20 609.5s]
$ /root/earth-moon/verifier/../tools/drat-trim/lrat-check /root/earth-moon/population/f034-a4-cert/cs-a4_m09c/r/n101_n106_n108_p141/round-0/F.cnf /root/earth-moon/population/f034-a4-cert/cs-a4_m09c/r/n101_n106_n108_p141/round-0/F.lrat
c parsed a formula with 2808 variables and 1448898 clauses
c VERIFIED
c allocated 1024 33007704 42120
c Added clauses = 4158388.  Deleted clauses = 3058108.  Max live clauses = 1448898
c verification time = 8.28 secs

[rc=0 8.3s]
