# A4 member 9: slack=0 e=156 n=28 mults=[05:3 06:5 14:5 15:1 16:2 23:6 25:1 26:1 34:1 35:1 45:2] generators=17 backend=boyer Fri Oct  2 19:19:10 2026 cube=[101, -106, -108, 141]
[f034-a4-09-e156] n=28 m=156 cap=78 | 434 K5s, 4016 K3,3s, 17 sym generators, 41180 clauses, propagator check_at=9 planarity=boyer, clause dump -> /root/earth-moon/population/f034-a4-cert/cs-a4_m09c/s/p101_n106_n108_p141/dump.jsonl
    ... {'checks': 50000, 'confl': 11577, 'model_rej': 0} 3s
    ... {'checks': 100000, 'confl': 22487, 'model_rej': 0} 5s
    ... {'checks': 150000, 'confl': 33808, 'model_rej': 0} 8s
    ... {'checks': 200000, 'confl': 43919, 'model_rej': 0} 11s
    ... {'checks': 250000, 'confl': 52125, 'model_rej': 0} 14s
    ... {'checks': 300000, 'confl': 62199, 'model_rej': 0} 17s
    ... {'checks': 350000, 'confl': 73001, 'model_rej': 0} 20s
    ... {'checks': 400000, 'confl': 82355, 'model_rej': 0} 23s
    ... {'checks': 450000, 'confl': 92732, 'model_rej': 0} 26s
    ... {'checks': 500000, 'confl': 102935, 'model_rej': 0} 30s
    ... {'checks': 550000, 'confl': 112261, 'model_rej': 0} 34s
    ... {'checks': 600000, 'confl': 121462, 'model_rej': 0} 38s
    ... {'checks': 650000, 'confl': 128427, 'model_rej': 0} 42s
    ... {'checks': 700000, 'confl': 134961, 'model_rej': 0} 45s
    ... {'checks': 750000, 'confl': 142813, 'model_rej': 0} 49s
    ... {'checks': 800000, 'confl': 150262, 'model_rej': 0} 53s
    ... {'checks': 850000, 'confl': 155116, 'model_rej': 0} 56s
    ... {'checks': 900000, 'confl': 160235, 'model_rej': 0} 59s
    ... {'checks': 950000, 'confl': 167175, 'model_rej': 0} 64s
    ... {'checks': 1000000, 'confl': 173750, 'model_rej': 0} 67s
    ... {'checks': 1050000, 'confl': 181312, 'model_rej': 0} 72s
    ... {'checks': 1100000, 'confl': 186707, 'model_rej': 0} 76s
    ... {'checks': 1150000, 'confl': 195170, 'model_rej': 0} 80s
    ... {'checks': 1200000, 'confl': 202757, 'model_rej': 0} 85s
    ... {'checks': 1250000, 'confl': 210087, 'model_rej': 0} 92s
    ... {'checks': 1300000, 'confl': 217541, 'model_rej': 0} 97s
    ... {'checks': 1350000, 'confl': 223765, 'model_rej': 0} 102s
    ... {'checks': 1400000, 'confl': 230704, 'model_rej': 0} 107s
    ... {'checks': 1450000, 'confl': 237702, 'model_rej': 0} 113s
    ... {'checks': 1500000, 'confl': 244431, 'model_rej': 0} 121s
    ... {'checks': 1550000, 'confl': 252219, 'model_rej': 0} 124s
    ... {'checks': 1600000, 'confl': 258225, 'model_rej': 0} 130s
    ... {'checks': 1650000, 'confl': 264079, 'model_rej': 0} 138s
    ... {'checks': 1700000, 'confl': 269836, 'model_rej': 0} 143s
    ... {'checks': 1750000, 'confl': 274670, 'model_rej': 0} 150s
    ... {'checks': 1800000, 'confl': 280234, 'model_rej': 0} 157s
    ... {'checks': 1850000, 'confl': 286294, 'model_rej': 0} 163s
    ... {'checks': 1900000, 'confl': 291705, 'model_rej': 0} 170s
    ... {'checks': 1950000, 'confl': 296553, 'model_rej': 0} 176s
    ... {'checks': 2000000, 'confl': 300908, 'model_rej': 0} 185s
    ... {'checks': 2050000, 'confl': 306323, 'model_rej': 0} 190s
    ... {'checks': 2100000, 'confl': 310971, 'model_rej': 0} 195s
    ... {'checks': 2150000, 'confl': 315287, 'model_rej': 0} 200s
    ... {'checks': 2200000, 'confl': 319210, 'model_rej': 0} 204s
    ... {'checks': 2250000, 'confl': 322442, 'model_rej': 0} 209s
    ... {'checks': 2300000, 'confl': 327206, 'model_rej': 0} 214s
    ... {'checks': 2350000, 'confl': 331668, 'model_rej': 0} 219s
    ... {'checks': 2400000, 'confl': 337757, 'model_rej': 0} 229s
    ... {'checks': 2450000, 'confl': 343200, 'model_rej': 0} 235s
    ... {'checks': 2500000, 'confl': 346634, 'model_rej': 0} 241s
    ... {'checks': 2550000, 'confl': 350838, 'model_rej': 0} 246s
    ... {'checks': 2600000, 'confl': 355133, 'model_rej': 0} 251s
    ... {'checks': 2650000, 'confl': 358519, 'model_rej': 0} 261s
    ... {'checks': 2700000, 'confl': 362251, 'model_rej': 0} 265s
    ... {'checks': 2750000, 'confl': 365872, 'model_rej': 0} 271s
    ... {'checks': 2800000, 'confl': 368383, 'model_rej': 0} 280s
    ... {'checks': 2850000, 'confl': 372456, 'model_rej': 0} 286s
    ... {'checks': 2900000, 'confl': 376125, 'model_rej': 0} 290s
    ... {'checks': 2950000, 'confl': 381198, 'model_rej': 0} 297s
    ... {'checks': 3000000, 'confl': 386454, 'model_rej': 0} 302s
    ... {'checks': 3050000, 'confl': 390505, 'model_rej': 0} 310s
    ... {'checks': 3100000, 'confl': 395751, 'model_rej': 0} 317s
    ... {'checks': 3150000, 'confl': 403220, 'model_rej': 0} 322s
    ... {'checks': 3200000, 'confl': 407770, 'model_rej': 0} 330s
    ... {'checks': 3250000, 'confl': 411377, 'model_rej': 0} 336s
    ... {'checks': 3300000, 'confl': 416173, 'model_rej': 0} 354s
    ... {'checks': 3350000, 'confl': 420225, 'model_rej': 0} 361s
    ... {'checks': 3400000, 'confl': 424856, 'model_rej': 0} 367s
    ... {'checks': 3450000, 'confl': 428801, 'model_rej': 0} 375s
    ... {'checks': 3500000, 'confl': 432463, 'model_rej': 0} 382s
    ... {'checks': 3550000, 'confl': 435990, 'model_rej': 0} 390s
    ... {'checks': 3600000, 'confl': 443011, 'model_rej': 0} 398s
    ... {'checks': 3650000, 'confl': 449577, 'model_rej': 0} 402s
    ... {'checks': 3700000, 'confl': 453459, 'model_rej': 0} 410s
    ... {'checks': 3750000, 'confl': 456409, 'model_rej': 0} 418s
    ... {'checks': 3800000, 'confl': 460357, 'model_rej': 0} 426s
    ... {'checks': 3850000, 'confl': 465619, 'model_rej': 0} 435s
    ... {'checks': 3900000, 'confl': 470072, 'model_rej': 0} 444s
    ... {'checks': 3950000, 'confl': 476988, 'model_rej': 0} 452s
    ... {'checks': 4000000, 'confl': 480366, 'model_rej': 0} 461s
    ... {'checks': 4050000, 'confl': 484700, 'model_rej': 0} 470s
    ... {'checks': 4100000, 'confl': 488373, 'model_rej': 0} 480s
    ... {'checks': 4150000, 'confl': 492593, 'model_rej': 0} 488s
    ... {'checks': 4200000, 'confl': 495389, 'model_rej': 0} 496s
    ... {'checks': 4250000, 'confl': 498901, 'model_rej': 0} 507s
    ... {'checks': 4300000, 'confl': 501674, 'model_rej': 0} 515s
    ... {'checks': 4350000, 'confl': 504505, 'model_rej': 0} 524s
    ... {'checks': 4400000, 'confl': 509504, 'model_rej': 0} 532s
    ... {'checks': 4450000, 'confl': 512101, 'model_rej': 0} 541s
    ... {'checks': 4500000, 'confl': 514908, 'model_rej': 0} 563s
    ... {'checks': 4550000, 'confl': 519232, 'model_rej': 0} 586s
    ... {'checks': 4600000, 'confl': 522096, 'model_rej': 0} 595s
    ... {'checks': 4650000, 'confl': 526406, 'model_rej': 0} 600s
    ... {'checks': 4700000, 'confl': 528933, 'model_rej': 0} 604s
    ... {'checks': 4750000, 'confl': 533336, 'model_rej': 0} 613s
    ... {'checks': 4800000, 'confl': 536655, 'model_rej': 0} 622s
    ... {'checks': 4850000, 'confl': 539309, 'model_rej': 0} 631s
    ... {'checks': 4900000, 'confl': 543352, 'model_rej': 0} 650s
    ... {'checks': 4950000, 'confl': 546987, 'model_rej': 0} 661s
    ... {'checks': 5000000, 'confl': 552761, 'model_rej': 0} 669s
    ... {'checks': 5050000, 'confl': 559114, 'model_rej': 0} 674s
    ... {'checks': 5100000, 'confl': 565031, 'model_rej': 0} 681s
    ... {'checks': 5150000, 'confl': 569276, 'model_rej': 0} 702s
    ... {'checks': 5200000, 'confl': 574383, 'model_rej': 0} 710s
    ... {'checks': 5250000, 'confl': 577225, 'model_rej': 0} 720s
    ... {'checks': 5300000, 'confl': 581236, 'model_rej': 0} 729s
    ... {'checks': 5350000, 'confl': 584058, 'model_rej': 0} 740s
    ... {'checks': 5400000, 'confl': 588531, 'model_rej': 0} 749s
    ... {'checks': 5450000, 'confl': 593136, 'model_rej': 0} 757s
    ... {'checks': 5500000, 'confl': 598441, 'model_rej': 0} 766s
    ... {'checks': 5550000, 'confl': 604144, 'model_rej': 0} 776s
    ... {'checks': 5600000, 'confl': 606146, 'model_rej': 0} 784s
    ... {'checks': 5650000, 'confl': 607707, 'model_rej': 0} 792s
    ... {'checks': 5700000, 'confl': 610706, 'model_rej': 0} 798s
    ... {'checks': 5750000, 'confl': 613500, 'model_rej': 0} 815s
    ... {'checks': 5800000, 'confl': 615907, 'model_rej': 0} 823s
    ... {'checks': 5850000, 'confl': 618570, 'model_rej': 0} 832s
    ... {'checks': 5900000, 'confl': 620657, 'model_rej': 0} 840s
    ... {'checks': 5950000, 'confl': 623631, 'model_rej': 0} 857s
    ... {'checks': 6000000, 'confl': 626998, 'model_rej': 0} 864s
    ... {'checks': 6050000, 'confl': 630241, 'model_rej': 0} 871s
    ... {'checks': 6100000, 'confl': 631946, 'model_rej': 0} 879s
    ... {'checks': 6150000, 'confl': 634020, 'model_rej': 0} 887s
    ... {'checks': 6200000, 'confl': 636354, 'model_rej': 0} 894s
    ... {'checks': 6250000, 'confl': 638645, 'model_rej': 0} 904s
    ... {'checks': 6300000, 'confl': 641039, 'model_rej': 0} 912s
    ... {'checks': 6350000, 'confl': 643479, 'model_rej': 0} 920s
    ... {'checks': 6400000, 'confl': 647041, 'model_rej': 0} 927s
    ... {'checks': 6450000, 'confl': 649505, 'model_rej': 0} 945s
    ... {'checks': 6500000, 'confl': 651831, 'model_rej': 0} 954s
    ... {'checks': 6550000, 'confl': 654610, 'model_rej': 0} 962s
    ... {'checks': 6600000, 'confl': 656497, 'model_rej': 0} 971s
    ... {'checks': 6650000, 'confl': 658430, 'model_rej': 0} 980s
    ... {'checks': 6700000, 'confl': 660248, 'model_rej': 0} 988s
    ... {'checks': 6750000, 'confl': 661728, 'model_rej': 0} 1016s
    ... {'checks': 6800000, 'confl': 662965, 'model_rej': 0} 1025s
    ... {'checks': 6850000, 'confl': 664835, 'model_rej': 0} 1033s
    ... {'checks': 6900000, 'confl': 666719, 'model_rej': 0} 1042s
    ... {'checks': 6950000, 'confl': 668112, 'model_rej': 0} 1051s
    ... {'checks': 7000000, 'confl': 669824, 'model_rej': 0} 1060s
    ... {'checks': 7050000, 'confl': 671128, 'model_rej': 0} 1083s
    ... {'checks': 7100000, 'confl': 672856, 'model_rej': 0} 1092s
    ... {'checks': 7150000, 'confl': 674437, 'model_rej': 0} 1102s
    ... {'checks': 7200000, 'confl': 675468, 'model_rej': 0} 1110s
    ... {'checks': 7250000, 'confl': 676902, 'model_rej': 0} 1119s
    ... {'checks': 7300000, 'confl': 678149, 'model_rej': 0} 1129s
    ... {'checks': 7350000, 'confl': 680253, 'model_rej': 0} 1138s
    ... {'checks': 7400000, 'confl': 682228, 'model_rej': 0} 1148s
    ... {'checks': 7450000, 'confl': 683749, 'model_rej': 0} 1156s
    ... {'checks': 7500000, 'confl': 685285, 'model_rej': 0} 1166s
    ... {'checks': 7550000, 'confl': 686782, 'model_rej': 0} 1175s
    ... {'checks': 7600000, 'confl': 688063, 'model_rej': 0} 1197s
    ... {'checks': 7650000, 'confl': 689638, 'model_rej': 0} 1218s
    ... {'checks': 7700000, 'confl': 690663, 'model_rej': 0} 1228s
    ... {'checks': 7750000, 'confl': 691694, 'model_rej': 0} 1237s
    ... {'checks': 7800000, 'confl': 693283, 'model_rej': 0} 1245s
    ... {'checks': 7850000, 'confl': 694813, 'model_rej': 0} 1253s
    ... {'checks': 7900000, 'confl': 696293, 'model_rej': 0} 1262s
    ... {'checks': 7950000, 'confl': 697663, 'model_rej': 0} 1271s
[f034-a4-09-e156] stats: {'checks': 7981536, 'confl': 698454, 'model_rej': 0}
[f034-a4-09-e156] clause dump closed: {'preseed': 8900, 'prop': 1396908, 'model': 0}
[f034-a4-09-e156] UNSAT in 1276.8s — NOT BIPLANAR (subject to control validation)
RESULT f034-a4-09-e156 UNSAT 1277.0s
