# A4 member 7: slack=0 e=156 n=28 mults=[05:2 06:6 14:6 15:2 23:4 24:1 25:2 26:1 34:1 35:2 36:1] generators=20 backend=boyer Thu Sep 24 15:46:53 2026
[f034-a4-07-e156] n=28 m=156 cap=78 | 432 K5s, 4346 K3,3s, 20 sym generators, 43233 clauses, propagator check_at=9 planarity=boyer
    ... {'checks': 50000, 'confl': 12018, 'model_rej': 0} 1s
    ... {'checks': 100000, 'confl': 22382, 'model_rej': 0} 3s
    ... {'checks': 150000, 'confl': 33933, 'model_rej': 0} 4s
    ... {'checks': 200000, 'confl': 43456, 'model_rej': 0} 6s
    ... {'checks': 250000, 'confl': 51009, 'model_rej': 0} 7s
    ... {'checks': 300000, 'confl': 60358, 'model_rej': 0} 9s
    ... {'checks': 350000, 'confl': 70923, 'model_rej': 0} 11s
    ... {'checks': 400000, 'confl': 81269, 'model_rej': 0} 13s
    ... {'checks': 450000, 'confl': 91324, 'model_rej': 0} 14s
    ... {'checks': 500000, 'confl': 100754, 'model_rej': 0} 17s
    ... {'checks': 550000, 'confl': 108927, 'model_rej': 0} 19s
    ... {'checks': 600000, 'confl': 117354, 'model_rej': 0} 21s
    ... {'checks': 650000, 'confl': 123936, 'model_rej': 0} 23s
    ... {'checks': 700000, 'confl': 129618, 'model_rej': 0} 26s
    ... {'checks': 750000, 'confl': 134675, 'model_rej': 0} 28s
    ... {'checks': 800000, 'confl': 140432, 'model_rej': 0} 30s
    ... {'checks': 850000, 'confl': 147287, 'model_rej': 0} 33s
    ... {'checks': 900000, 'confl': 153778, 'model_rej': 0} 36s
    ... {'checks': 950000, 'confl': 161791, 'model_rej': 0} 38s
    ... {'checks': 1000000, 'confl': 169360, 'model_rej': 0} 40s
    ... {'checks': 1050000, 'confl': 176479, 'model_rej': 0} 42s
    ... {'checks': 1100000, 'confl': 184168, 'model_rej': 0} 44s
    ... {'checks': 1150000, 'confl': 191457, 'model_rej': 0} 47s
    ... {'checks': 1200000, 'confl': 198324, 'model_rej': 0} 51s
    ... {'checks': 1250000, 'confl': 204373, 'model_rej': 0} 53s
    ... {'checks': 1300000, 'confl': 212438, 'model_rej': 0} 56s
    ... {'checks': 1350000, 'confl': 219500, 'model_rej': 0} 58s
    ... {'checks': 1400000, 'confl': 226007, 'model_rej': 0} 61s
    ... {'checks': 1450000, 'confl': 232734, 'model_rej': 0} 64s
    ... {'checks': 1500000, 'confl': 238257, 'model_rej': 0} 67s
    ... {'checks': 1550000, 'confl': 246126, 'model_rej': 0} 70s
    ... {'checks': 1600000, 'confl': 250509, 'model_rej': 0} 74s
    ... {'checks': 1650000, 'confl': 256749, 'model_rej': 0} 77s
    ... {'checks': 1700000, 'confl': 263204, 'model_rej': 0} 80s
    ... {'checks': 1750000, 'confl': 268571, 'model_rej': 0} 83s
    ... {'checks': 1800000, 'confl': 275596, 'model_rej': 0} 86s
    ... {'checks': 1850000, 'confl': 280213, 'model_rej': 0} 89s
    ... {'checks': 1900000, 'confl': 285603, 'model_rej': 0} 92s
    ... {'checks': 1950000, 'confl': 289897, 'model_rej': 0} 96s
    ... {'checks': 2000000, 'confl': 293857, 'model_rej': 0} 99s
    ... {'checks': 2050000, 'confl': 298585, 'model_rej': 0} 102s
    ... {'checks': 2100000, 'confl': 302942, 'model_rej': 0} 106s
    ... {'checks': 2150000, 'confl': 307359, 'model_rej': 0} 109s
    ... {'checks': 2200000, 'confl': 312562, 'model_rej': 0} 113s
    ... {'checks': 2250000, 'confl': 316611, 'model_rej': 0} 118s
    ... {'checks': 2300000, 'confl': 321498, 'model_rej': 0} 123s
    ... {'checks': 2350000, 'confl': 325789, 'model_rej': 0} 126s
    ... {'checks': 2400000, 'confl': 331616, 'model_rej': 0} 130s
    ... {'checks': 2450000, 'confl': 336898, 'model_rej': 0} 133s
    ... {'checks': 2500000, 'confl': 341534, 'model_rej': 0} 137s
    ... {'checks': 2550000, 'confl': 344837, 'model_rej': 0} 141s
    ... {'checks': 2600000, 'confl': 349093, 'model_rej': 0} 144s
    ... {'checks': 2650000, 'confl': 353195, 'model_rej': 0} 148s
    ... {'checks': 2700000, 'confl': 358353, 'model_rej': 0} 153s
    ... {'checks': 2750000, 'confl': 362014, 'model_rej': 0} 157s
    ... {'checks': 2800000, 'confl': 364557, 'model_rej': 0} 161s
    ... {'checks': 2850000, 'confl': 367463, 'model_rej': 0} 165s
    ... {'checks': 2900000, 'confl': 370475, 'model_rej': 0} 169s
    ... {'checks': 2950000, 'confl': 374679, 'model_rej': 0} 173s
    ... {'checks': 3000000, 'confl': 380335, 'model_rej': 0} 177s
    ... {'checks': 3050000, 'confl': 385514, 'model_rej': 0} 181s
    ... {'checks': 3100000, 'confl': 391631, 'model_rej': 0} 185s
    ... {'checks': 3150000, 'confl': 396134, 'model_rej': 0} 188s
    ... {'checks': 3200000, 'confl': 400858, 'model_rej': 0} 194s
    ... {'checks': 3250000, 'confl': 406065, 'model_rej': 0} 199s
    ... {'checks': 3300000, 'confl': 410810, 'model_rej': 0} 203s
    ... {'checks': 3350000, 'confl': 415604, 'model_rej': 0} 207s
    ... {'checks': 3400000, 'confl': 419256, 'model_rej': 0} 211s
    ... {'checks': 3450000, 'confl': 424324, 'model_rej': 0} 216s
    ... {'checks': 3500000, 'confl': 428828, 'model_rej': 0} 219s
    ... {'checks': 3550000, 'confl': 433164, 'model_rej': 0} 225s
    ... {'checks': 3600000, 'confl': 436406, 'model_rej': 0} 229s
    ... {'checks': 3650000, 'confl': 440006, 'model_rej': 0} 233s
    ... {'checks': 3700000, 'confl': 443831, 'model_rej': 0} 237s
    ... {'checks': 3750000, 'confl': 447660, 'model_rej': 0} 244s
    ... {'checks': 3800000, 'confl': 453194, 'model_rej': 0} 248s
    ... {'checks': 3850000, 'confl': 456211, 'model_rej': 0} 252s
    ... {'checks': 3900000, 'confl': 459151, 'model_rej': 0} 257s
    ... {'checks': 3950000, 'confl': 462493, 'model_rej': 0} 261s
    ... {'checks': 4000000, 'confl': 466510, 'model_rej': 0} 265s
    ... {'checks': 4050000, 'confl': 469595, 'model_rej': 0} 269s
    ... {'checks': 4100000, 'confl': 473701, 'model_rej': 0} 275s
    ... {'checks': 4150000, 'confl': 476697, 'model_rej': 0} 279s
    ... {'checks': 4200000, 'confl': 480193, 'model_rej': 0} 284s
    ... {'checks': 4250000, 'confl': 482644, 'model_rej': 0} 289s
    ... {'checks': 4300000, 'confl': 486616, 'model_rej': 0} 296s
    ... {'checks': 4350000, 'confl': 489912, 'model_rej': 0} 301s
    ... {'checks': 4400000, 'confl': 493814, 'model_rej': 0} 306s
    ... {'checks': 4450000, 'confl': 496799, 'model_rej': 0} 310s
    ... {'checks': 4500000, 'confl': 500097, 'model_rej': 0} 315s
    ... {'checks': 4550000, 'confl': 502927, 'model_rej': 0} 320s
    ... {'checks': 4600000, 'confl': 505933, 'model_rej': 0} 324s
    ... {'checks': 4650000, 'confl': 508121, 'model_rej': 0} 329s
    ... {'checks': 4700000, 'confl': 512091, 'model_rej': 0} 335s
    ... {'checks': 4750000, 'confl': 515968, 'model_rej': 0} 339s
    ... {'checks': 4800000, 'confl': 519671, 'model_rej': 0} 344s
    ... {'checks': 4850000, 'confl': 524399, 'model_rej': 0} 348s
    ... {'checks': 4900000, 'confl': 527029, 'model_rej': 0} 355s
    ... {'checks': 4950000, 'confl': 529505, 'model_rej': 0} 360s
    ... {'checks': 5000000, 'confl': 531334, 'model_rej': 0} 365s
    ... {'checks': 5050000, 'confl': 534571, 'model_rej': 0} 370s
    ... {'checks': 5100000, 'confl': 537526, 'model_rej': 0} 376s
    ... {'checks': 5150000, 'confl': 540492, 'model_rej': 0} 382s
    ... {'checks': 5200000, 'confl': 543051, 'model_rej': 0} 388s
    ... {'checks': 5250000, 'confl': 546045, 'model_rej': 0} 393s
    ... {'checks': 5300000, 'confl': 548767, 'model_rej': 0} 399s
    ... {'checks': 5350000, 'confl': 553677, 'model_rej': 0} 403s
    ... {'checks': 5400000, 'confl': 556738, 'model_rej': 0} 408s
    ... {'checks': 5450000, 'confl': 560076, 'model_rej': 0} 413s
    ... {'checks': 5500000, 'confl': 562371, 'model_rej': 0} 420s
    ... {'checks': 5550000, 'confl': 564732, 'model_rej': 0} 426s
    ... {'checks': 5600000, 'confl': 567553, 'model_rej': 0} 431s
    ... {'checks': 5650000, 'confl': 569711, 'model_rej': 0} 437s
    ... {'checks': 5700000, 'confl': 571960, 'model_rej': 0} 443s
    ... {'checks': 5750000, 'confl': 574310, 'model_rej': 0} 449s
    ... {'checks': 5800000, 'confl': 576203, 'model_rej': 0} 454s
    ... {'checks': 5850000, 'confl': 578571, 'model_rej': 0} 460s
    ... {'checks': 5900000, 'confl': 581223, 'model_rej': 0} 465s
    ... {'checks': 5950000, 'confl': 583103, 'model_rej': 0} 471s
    ... {'checks': 6000000, 'confl': 584938, 'model_rej': 0} 477s
    ... {'checks': 6050000, 'confl': 587063, 'model_rej': 0} 487s
    ... {'checks': 6100000, 'confl': 589330, 'model_rej': 0} 493s
    ... {'checks': 6150000, 'confl': 590892, 'model_rej': 0} 500s
    ... {'checks': 6200000, 'confl': 593923, 'model_rej': 0} 507s
    ... {'checks': 6250000, 'confl': 597391, 'model_rej': 0} 512s
    ... {'checks': 6300000, 'confl': 599938, 'model_rej': 0} 519s
    ... {'checks': 6350000, 'confl': 601516, 'model_rej': 0} 526s
    ... {'checks': 6400000, 'confl': 602815, 'model_rej': 0} 532s
    ... {'checks': 6450000, 'confl': 604867, 'model_rej': 0} 555s
    ... {'checks': 6500000, 'confl': 606311, 'model_rej': 0} 561s
    ... {'checks': 6550000, 'confl': 608085, 'model_rej': 0} 567s
    ... {'checks': 6600000, 'confl': 610112, 'model_rej': 0} 573s
    ... {'checks': 6650000, 'confl': 611740, 'model_rej': 0} 579s
    ... {'checks': 6700000, 'confl': 613411, 'model_rej': 0} 586s
    ... {'checks': 6750000, 'confl': 614739, 'model_rej': 0} 593s
    ... {'checks': 6800000, 'confl': 616516, 'model_rej': 0} 600s
    ... {'checks': 6850000, 'confl': 618113, 'model_rej': 0} 609s
    ... {'checks': 6900000, 'confl': 619643, 'model_rej': 0} 615s
    ... {'checks': 6950000, 'confl': 621051, 'model_rej': 0} 622s
    ... {'checks': 7000000, 'confl': 622326, 'model_rej': 0} 628s
    ... {'checks': 7050000, 'confl': 624747, 'model_rej': 0} 634s
    ... {'checks': 7100000, 'confl': 626626, 'model_rej': 0} 640s
    ... {'checks': 7150000, 'confl': 628479, 'model_rej': 0} 646s
    ... {'checks': 7200000, 'confl': 629865, 'model_rej': 0} 653s
    ... {'checks': 7250000, 'confl': 630744, 'model_rej': 0} 660s
    ... {'checks': 7300000, 'confl': 632399, 'model_rej': 0} 673s
    ... {'checks': 7350000, 'confl': 633416, 'model_rej': 0} 680s
    ... {'checks': 7400000, 'confl': 634124, 'model_rej': 0} 688s
    ... {'checks': 7450000, 'confl': 635679, 'model_rej': 0} 694s
    ... {'checks': 7500000, 'confl': 637415, 'model_rej': 0} 700s
    ... {'checks': 7550000, 'confl': 638644, 'model_rej': 0} 706s
    ... {'checks': 7600000, 'confl': 639573, 'model_rej': 0} 712s
    ... {'checks': 7650000, 'confl': 640821, 'model_rej': 0} 719s
    ... {'checks': 7700000, 'confl': 642192, 'model_rej': 0} 726s
    ... {'checks': 7750000, 'confl': 643459, 'model_rej': 0} 733s
    ... {'checks': 7800000, 'confl': 644721, 'model_rej': 0} 740s
    ... {'checks': 7850000, 'confl': 646378, 'model_rej': 0} 747s
    ... {'checks': 7900000, 'confl': 648583, 'model_rej': 0} 753s
    ... {'checks': 7950000, 'confl': 651087, 'model_rej': 0} 760s
    ... {'checks': 8000000, 'confl': 653231, 'model_rej': 0} 767s
    ... {'checks': 8050000, 'confl': 654604, 'model_rej': 0} 774s
    ... {'checks': 8100000, 'confl': 655825, 'model_rej': 0} 781s
    ... {'checks': 8150000, 'confl': 657052, 'model_rej': 0} 803s
    ... {'checks': 8200000, 'confl': 658135, 'model_rej': 0} 809s
    ... {'checks': 8250000, 'confl': 659080, 'model_rej': 0} 816s
    ... {'checks': 8300000, 'confl': 660137, 'model_rej': 0} 822s
    ... {'checks': 8350000, 'confl': 661678, 'model_rej': 0} 828s
    ... {'checks': 8400000, 'confl': 663171, 'model_rej': 0} 835s
    ... {'checks': 8450000, 'confl': 664686, 'model_rej': 0} 841s
    ... {'checks': 8500000, 'confl': 666700, 'model_rej': 0} 847s
    ... {'checks': 8550000, 'confl': 667875, 'model_rej': 0} 853s
    ... {'checks': 8600000, 'confl': 668643, 'model_rej': 0} 860s
    ... {'checks': 8650000, 'confl': 669767, 'model_rej': 0} 868s
    ... {'checks': 8700000, 'confl': 670977, 'model_rej': 0} 875s
    ... {'checks': 8750000, 'confl': 671793, 'model_rej': 0} 883s
    ... {'checks': 8800000, 'confl': 674079, 'model_rej': 0} 890s
    ... {'checks': 8850000, 'confl': 676685, 'model_rej': 0} 896s
    ... {'checks': 8900000, 'confl': 679166, 'model_rej': 0} 903s
    ... {'checks': 8950000, 'confl': 680852, 'model_rej': 0} 910s
    ... {'checks': 9000000, 'confl': 681446, 'model_rej': 0} 918s
    ... {'checks': 9050000, 'confl': 682586, 'model_rej': 0} 939s
    ... {'checks': 9100000, 'confl': 683640, 'model_rej': 0} 946s
    ... {'checks': 9150000, 'confl': 685219, 'model_rej': 0} 952s
    ... {'checks': 9200000, 'confl': 686923, 'model_rej': 0} 957s
    ... {'checks': 9250000, 'confl': 690131, 'model_rej': 0} 963s
    ... {'checks': 9300000, 'confl': 693651, 'model_rej': 0} 970s
    ... {'checks': 9350000, 'confl': 695987, 'model_rej': 0} 977s
    ... {'checks': 9400000, 'confl': 698573, 'model_rej': 0} 983s
    ... {'checks': 9450000, 'confl': 701069, 'model_rej': 0} 989s
    ... {'checks': 9500000, 'confl': 703320, 'model_rej': 0} 996s
    ... {'checks': 9550000, 'confl': 705352, 'model_rej': 0} 1003s
    ... {'checks': 9600000, 'confl': 707560, 'model_rej': 0} 1010s
    ... {'checks': 9650000, 'confl': 709125, 'model_rej': 0} 1017s
    ... {'checks': 9700000, 'confl': 711515, 'model_rej': 0} 1024s
    ... {'checks': 9750000, 'confl': 713194, 'model_rej': 0} 1035s
    ... {'checks': 9800000, 'confl': 714178, 'model_rej': 0} 1041s
    ... {'checks': 9850000, 'confl': 714826, 'model_rej': 0} 1047s
    ... {'checks': 9900000, 'confl': 715392, 'model_rej': 0} 1054s
    ... {'checks': 9950000, 'confl': 716071, 'model_rej': 0} 1061s
    ... {'checks': 10000000, 'confl': 717147, 'model_rej': 0} 1068s
    ... {'checks': 10050000, 'confl': 718831, 'model_rej': 0} 1075s
    ... {'checks': 10100000, 'confl': 719776, 'model_rej': 0} 1082s
    ... {'checks': 10150000, 'confl': 720611, 'model_rej': 0} 1089s
    ... {'checks': 10200000, 'confl': 721346, 'model_rej': 0} 1096s
    ... {'checks': 10250000, 'confl': 723561, 'model_rej': 0} 1103s
    ... {'checks': 10300000, 'confl': 724905, 'model_rej': 0} 1110s
    ... {'checks': 10350000, 'confl': 725615, 'model_rej': 0} 1118s
    ... {'checks': 10400000, 'confl': 726441, 'model_rej': 0} 1125s
    ... {'checks': 10450000, 'confl': 728441, 'model_rej': 0} 1138s
    ... {'checks': 10500000, 'confl': 731006, 'model_rej': 0} 1144s
    ... {'checks': 10550000, 'confl': 733155, 'model_rej': 0} 1150s
    ... {'checks': 10600000, 'confl': 734506, 'model_rej': 0} 1159s
    ... {'checks': 10650000, 'confl': 737045, 'model_rej': 0} 1166s
    ... {'checks': 10700000, 'confl': 738568, 'model_rej': 0} 1173s
    ... {'checks': 10750000, 'confl': 739746, 'model_rej': 0} 1180s
    ... {'checks': 10800000, 'confl': 740865, 'model_rej': 0} 1187s
    ... {'checks': 10850000, 'confl': 742751, 'model_rej': 0} 1194s
    ... {'checks': 10900000, 'confl': 743498, 'model_rej': 0} 1202s
    ... {'checks': 10950000, 'confl': 744249, 'model_rej': 0} 1209s
    ... {'checks': 11000000, 'confl': 745180, 'model_rej': 0} 1221s
    ... {'checks': 11050000, 'confl': 747745, 'model_rej': 0} 1228s
    ... {'checks': 11100000, 'confl': 750752, 'model_rej': 0} 1235s
    ... {'checks': 11150000, 'confl': 751714, 'model_rej': 0} 1243s
    ... {'checks': 11200000, 'confl': 753963, 'model_rej': 0} 1250s
    ... {'checks': 11250000, 'confl': 756912, 'model_rej': 0} 1258s
    ... {'checks': 11300000, 'confl': 759801, 'model_rej': 0} 1265s
    ... {'checks': 11350000, 'confl': 761075, 'model_rej': 0} 1272s
    ... {'checks': 11400000, 'confl': 764975, 'model_rej': 0} 1281s
    ... {'checks': 11450000, 'confl': 767267, 'model_rej': 0} 1287s
    ... {'checks': 11500000, 'confl': 768492, 'model_rej': 0} 1294s
    ... {'checks': 11550000, 'confl': 769760, 'model_rej': 0} 1301s
    ... {'checks': 11600000, 'confl': 770696, 'model_rej': 0} 1309s
    ... {'checks': 11650000, 'confl': 771364, 'model_rej': 0} 1316s
    ... {'checks': 11700000, 'confl': 772011, 'model_rej': 0} 1324s
    ... {'checks': 11750000, 'confl': 772838, 'model_rej': 0} 1333s
    ... {'checks': 11800000, 'confl': 774504, 'model_rej': 0} 1340s
    ... {'checks': 11850000, 'confl': 775337, 'model_rej': 0} 1349s
    ... {'checks': 11900000, 'confl': 776229, 'model_rej': 0} 1356s
    ... {'checks': 11950000, 'confl': 776807, 'model_rej': 0} 1364s
    ... {'checks': 12000000, 'confl': 777486, 'model_rej': 0} 1372s
    ... {'checks': 12050000, 'confl': 780312, 'model_rej': 0} 1380s
    ... {'checks': 12100000, 'confl': 782433, 'model_rej': 0} 1388s
    ... {'checks': 12150000, 'confl': 784044, 'model_rej': 0} 1396s
    ... {'checks': 12200000, 'confl': 786551, 'model_rej': 0} 1405s
    ... {'checks': 12250000, 'confl': 787463, 'model_rej': 0} 1414s
    ... {'checks': 12300000, 'confl': 787984, 'model_rej': 0} 1421s
    ... {'checks': 12350000, 'confl': 788427, 'model_rej': 0} 1428s
    ... {'checks': 12400000, 'confl': 788910, 'model_rej': 0} 1435s
    ... {'checks': 12450000, 'confl': 790226, 'model_rej': 0} 1444s
    ... {'checks': 12500000, 'confl': 792124, 'model_rej': 0} 1451s
    ... {'checks': 12550000, 'confl': 794626, 'model_rej': 0} 1458s
    ... {'checks': 12600000, 'confl': 797418, 'model_rej': 0} 1464s
    ... {'checks': 12650000, 'confl': 799570, 'model_rej': 0} 1472s
    ... {'checks': 12700000, 'confl': 801905, 'model_rej': 0} 1480s
    ... {'checks': 12750000, 'confl': 804919, 'model_rej': 0} 1487s
    ... {'checks': 12800000, 'confl': 807847, 'model_rej': 0} 1494s
    ... {'checks': 12850000, 'confl': 809990, 'model_rej': 0} 1501s
    ... {'checks': 12900000, 'confl': 811610, 'model_rej': 0} 1551s
    ... {'checks': 12950000, 'confl': 813862, 'model_rej': 0} 1558s
    ... {'checks': 13000000, 'confl': 815683, 'model_rej': 0} 1565s
    ... {'checks': 13050000, 'confl': 817868, 'model_rej': 0} 1572s
    ... {'checks': 13100000, 'confl': 819707, 'model_rej': 0} 1580s
    ... {'checks': 13150000, 'confl': 822007, 'model_rej': 0} 1588s
    ... {'checks': 13200000, 'confl': 824924, 'model_rej': 0} 1595s
    ... {'checks': 13250000, 'confl': 826938, 'model_rej': 0} 1602s
    ... {'checks': 13300000, 'confl': 829001, 'model_rej': 0} 1610s
    ... {'checks': 13350000, 'confl': 831144, 'model_rej': 0} 1617s
    ... {'checks': 13400000, 'confl': 833664, 'model_rej': 0} 1656s
    ... {'checks': 13450000, 'confl': 836268, 'model_rej': 0} 1663s
    ... {'checks': 13500000, 'confl': 838273, 'model_rej': 0} 1672s
    ... {'checks': 13550000, 'confl': 839094, 'model_rej': 0} 1679s
    ... {'checks': 13600000, 'confl': 840836, 'model_rej': 0} 1687s
    ... {'checks': 13650000, 'confl': 842767, 'model_rej': 0} 1695s
    ... {'checks': 13700000, 'confl': 845176, 'model_rej': 0} 1705s
    ... {'checks': 13750000, 'confl': 847509, 'model_rej': 0} 1712s
    ... {'checks': 13800000, 'confl': 849251, 'model_rej': 0} 1719s
    ... {'checks': 13850000, 'confl': 850748, 'model_rej': 0} 1726s
    ... {'checks': 13900000, 'confl': 851711, 'model_rej': 0} 1733s
    ... {'checks': 13950000, 'confl': 852949, 'model_rej': 0} 1741s
    ... {'checks': 14000000, 'confl': 854150, 'model_rej': 0} 1749s
    ... {'checks': 14050000, 'confl': 855760, 'model_rej': 0} 1758s
    ... {'checks': 14100000, 'confl': 857433, 'model_rej': 0} 1767s
    ... {'checks': 14150000, 'confl': 858802, 'model_rej': 0} 1774s
    ... {'checks': 14200000, 'confl': 861460, 'model_rej': 0} 1783s
    ... {'checks': 14250000, 'confl': 863502, 'model_rej': 0} 1791s
    ... {'checks': 14300000, 'confl': 864724, 'model_rej': 0} 1847s
    ... {'checks': 14350000, 'confl': 866120, 'model_rej': 0} 1855s
    ... {'checks': 14400000, 'confl': 867799, 'model_rej': 0} 1863s
    ... {'checks': 14450000, 'confl': 869281, 'model_rej': 0} 1871s
    ... {'checks': 14500000, 'confl': 871174, 'model_rej': 0} 1879s
    ... {'checks': 14550000, 'confl': 871672, 'model_rej': 0} 1888s
    ... {'checks': 14600000, 'confl': 874260, 'model_rej': 0} 1896s
    ... {'checks': 14650000, 'confl': 875539, 'model_rej': 0} 1904s
    ... {'checks': 14700000, 'confl': 877083, 'model_rej': 0} 1913s
    ... {'checks': 14750000, 'confl': 878845, 'model_rej': 0} 1920s
    ... {'checks': 14800000, 'confl': 880660, 'model_rej': 0} 1929s
    ... {'checks': 14850000, 'confl': 882850, 'model_rej': 0} 1936s
    ... {'checks': 14900000, 'confl': 885234, 'model_rej': 0} 1944s
    ... {'checks': 14950000, 'confl': 887279, 'model_rej': 0} 1951s
    ... {'checks': 15000000, 'confl': 889499, 'model_rej': 0} 1960s
    ... {'checks': 15050000, 'confl': 891717, 'model_rej': 0} 1968s
    ... {'checks': 15100000, 'confl': 894880, 'model_rej': 0} 1974s
    ... {'checks': 15150000, 'confl': 896158, 'model_rej': 0} 1982s
    ... {'checks': 15200000, 'confl': 897251, 'model_rej': 0} 1991s
    ... {'checks': 15250000, 'confl': 898694, 'model_rej': 0} 1999s
    ... {'checks': 15300000, 'confl': 900458, 'model_rej': 0} 2008s
    ... {'checks': 15350000, 'confl': 902352, 'model_rej': 0} 2016s
    ... {'checks': 15400000, 'confl': 904940, 'model_rej': 0} 2025s
    ... {'checks': 15450000, 'confl': 906839, 'model_rej': 0} 2033s
    ... {'checks': 15500000, 'confl': 907592, 'model_rej': 0} 2042s
    ... {'checks': 15550000, 'confl': 909720, 'model_rej': 0} 2051s
    ... {'checks': 15600000, 'confl': 911471, 'model_rej': 0} 2059s
    ... {'checks': 15650000, 'confl': 913457, 'model_rej': 0} 2067s
    ... {'checks': 15700000, 'confl': 915008, 'model_rej': 0} 2089s
    ... {'checks': 15750000, 'confl': 916828, 'model_rej': 0} 2097s
    ... {'checks': 15800000, 'confl': 918352, 'model_rej': 0} 2106s
    ... {'checks': 15850000, 'confl': 918863, 'model_rej': 0} 2115s
    ... {'checks': 15900000, 'confl': 919554, 'model_rej': 0} 2123s
    ... {'checks': 15950000, 'confl': 920701, 'model_rej': 0} 2132s
    ... {'checks': 16000000, 'confl': 923274, 'model_rej': 0} 2140s
    ... {'checks': 16050000, 'confl': 925542, 'model_rej': 0} 2148s
    ... {'checks': 16100000, 'confl': 926670, 'model_rej': 0} 2155s
    ... {'checks': 16150000, 'confl': 927596, 'model_rej': 0} 2164s
    ... {'checks': 16200000, 'confl': 929093, 'model_rej': 0} 2172s
    ... {'checks': 16250000, 'confl': 929774, 'model_rej': 0} 2180s
    ... {'checks': 16300000, 'confl': 930468, 'model_rej': 0} 2188s
    ... {'checks': 16350000, 'confl': 931063, 'model_rej': 0} 2196s
    ... {'checks': 16400000, 'confl': 931650, 'model_rej': 0} 2205s
    ... {'checks': 16450000, 'confl': 932888, 'model_rej': 0} 2214s
    ... {'checks': 16500000, 'confl': 934076, 'model_rej': 0} 2223s
    ... {'checks': 16550000, 'confl': 934961, 'model_rej': 0} 2233s
    ... {'checks': 16600000, 'confl': 936765, 'model_rej': 0} 2241s
    ... {'checks': 16650000, 'confl': 939124, 'model_rej': 0} 2248s
    ... {'checks': 16700000, 'confl': 940692, 'model_rej': 0} 2257s
    ... {'checks': 16750000, 'confl': 943092, 'model_rej': 0} 2264s
    ... {'checks': 16800000, 'confl': 945417, 'model_rej': 0} 2270s
    ... {'checks': 16850000, 'confl': 947131, 'model_rej': 0} 2278s
    ... {'checks': 16900000, 'confl': 949075, 'model_rej': 0} 2287s
    ... {'checks': 16950000, 'confl': 950278, 'model_rej': 0} 2296s
    ... {'checks': 17000000, 'confl': 951204, 'model_rej': 0} 2307s
    ... {'checks': 17050000, 'confl': 953164, 'model_rej': 0} 2316s
    ... {'checks': 17100000, 'confl': 954783, 'model_rej': 0} 2323s
    ... {'checks': 17150000, 'confl': 956100, 'model_rej': 0} 2407s
    ... {'checks': 17200000, 'confl': 957392, 'model_rej': 0} 2417s
    ... {'checks': 17250000, 'confl': 958670, 'model_rej': 0} 2426s
    ... {'checks': 17300000, 'confl': 959901, 'model_rej': 0} 2436s
    ... {'checks': 17350000, 'confl': 960782, 'model_rej': 0} 2445s
    ... {'checks': 17400000, 'confl': 961966, 'model_rej': 0} 2543s
    ... {'checks': 17450000, 'confl': 963554, 'model_rej': 0} 2551s
    ... {'checks': 17500000, 'confl': 964368, 'model_rej': 0} 2561s
    ... {'checks': 17550000, 'confl': 965044, 'model_rej': 0} 2571s
    ... {'checks': 17600000, 'confl': 966268, 'model_rej': 0} 2581s
    ... {'checks': 17650000, 'confl': 966991, 'model_rej': 0} 2591s
    ... {'checks': 17700000, 'confl': 967418, 'model_rej': 0} 2601s
    ... {'checks': 17750000, 'confl': 967911, 'model_rej': 0} 2612s
    ... {'checks': 17800000, 'confl': 968820, 'model_rej': 0} 2621s
    ... {'checks': 17850000, 'confl': 969782, 'model_rej': 0} 2629s
    ... {'checks': 17900000, 'confl': 970837, 'model_rej': 0} 2639s
    ... {'checks': 17950000, 'confl': 972157, 'model_rej': 0} 2648s
    ... {'checks': 18000000, 'confl': 975844, 'model_rej': 0} 2653s
    ... {'checks': 18050000, 'confl': 978603, 'model_rej': 0} 2659s
    ... {'checks': 18100000, 'confl': 981195, 'model_rej': 0} 2666s
    ... {'checks': 18150000, 'confl': 983934, 'model_rej': 0} 2689s
    ... {'checks': 18200000, 'confl': 987108, 'model_rej': 0} 2695s
    ... {'checks': 18250000, 'confl': 989497, 'model_rej': 0} 2701s
    ... {'checks': 18300000, 'confl': 992023, 'model_rej': 0} 2706s
    ... {'checks': 18350000, 'confl': 994025, 'model_rej': 0} 2714s
    ... {'checks': 18400000, 'confl': 995992, 'model_rej': 0} 2722s
    ... {'checks': 18450000, 'confl': 997202, 'model_rej': 0} 2733s
    ... {'checks': 18500000, 'confl': 998928, 'model_rej': 0} 2741s
    ... {'checks': 18550000, 'confl': 1000138, 'model_rej': 0} 2750s
    ... {'checks': 18600000, 'confl': 1001262, 'model_rej': 0} 2759s
    ... {'checks': 18650000, 'confl': 1002571, 'model_rej': 0} 2768s
    ... {'checks': 18700000, 'confl': 1003915, 'model_rej': 0} 2778s
    ... {'checks': 18750000, 'confl': 1005528, 'model_rej': 0} 2787s
    ... {'checks': 18800000, 'confl': 1007799, 'model_rej': 0} 2796s
    ... {'checks': 18850000, 'confl': 1009456, 'model_rej': 0} 2806s
    ... {'checks': 18900000, 'confl': 1012045, 'model_rej': 0} 2812s
    ... {'checks': 18950000, 'confl': 1014792, 'model_rej': 0} 2836s
    ... {'checks': 19000000, 'confl': 1018070, 'model_rej': 0} 2842s
    ... {'checks': 19050000, 'confl': 1020972, 'model_rej': 0} 2848s
    ... {'checks': 19100000, 'confl': 1023364, 'model_rej': 0} 2853s
    ... {'checks': 19150000, 'confl': 1026305, 'model_rej': 0} 2861s
    ... {'checks': 19200000, 'confl': 1028696, 'model_rej': 0} 2868s
    ... {'checks': 19250000, 'confl': 1031261, 'model_rej': 0} 2875s
    ... {'checks': 19300000, 'confl': 1033589, 'model_rej': 0} 2884s
    ... {'checks': 19350000, 'confl': 1035733, 'model_rej': 0} 2893s
    ... {'checks': 19400000, 'confl': 1039217, 'model_rej': 0} 2898s
    ... {'checks': 19450000, 'confl': 1041969, 'model_rej': 0} 2903s
    ... {'checks': 19500000, 'confl': 1043976, 'model_rej': 0} 2909s
    ... {'checks': 19550000, 'confl': 1045982, 'model_rej': 0} 2915s
    ... {'checks': 19600000, 'confl': 1048130, 'model_rej': 0} 2921s
    ... {'checks': 19650000, 'confl': 1049882, 'model_rej': 0} 2995s
    ... {'checks': 19700000, 'confl': 1052487, 'model_rej': 0} 3000s
    ... {'checks': 19750000, 'confl': 1055143, 'model_rej': 0} 3005s
    ... {'checks': 19800000, 'confl': 1057543, 'model_rej': 0} 3009s
    ... {'checks': 19850000, 'confl': 1059622, 'model_rej': 0} 3033s
    ... {'checks': 19900000, 'confl': 1061080, 'model_rej': 0} 3039s
    ... {'checks': 19950000, 'confl': 1063068, 'model_rej': 0} 3046s
    ... {'checks': 20000000, 'confl': 1065025, 'model_rej': 0} 3051s
    ... {'checks': 20050000, 'confl': 1067925, 'model_rej': 0} 3057s
    ... {'checks': 20100000, 'confl': 1070092, 'model_rej': 0} 3063s
    ... {'checks': 20150000, 'confl': 1071900, 'model_rej': 0} 3069s
    ... {'checks': 20200000, 'confl': 1074585, 'model_rej': 0} 3075s
    ... {'checks': 20250000, 'confl': 1076515, 'model_rej': 0} 3082s
    ... {'checks': 20300000, 'confl': 1078708, 'model_rej': 0} 3088s
    ... {'checks': 20350000, 'confl': 1080658, 'model_rej': 0} 3094s
    ... {'checks': 20400000, 'confl': 1082884, 'model_rej': 0} 3101s
    ... {'checks': 20450000, 'confl': 1084610, 'model_rej': 0} 3117s
    ... {'checks': 20500000, 'confl': 1086636, 'model_rej': 0} 3124s
    ... {'checks': 20550000, 'confl': 1088776, 'model_rej': 0} 3130s
    ... {'checks': 20600000, 'confl': 1090715, 'model_rej': 0} 3136s
    ... {'checks': 20650000, 'confl': 1092423, 'model_rej': 0} 3143s
    ... {'checks': 20700000, 'confl': 1093878, 'model_rej': 0} 3148s
    ... {'checks': 20750000, 'confl': 1096313, 'model_rej': 0} 3177s
    ... {'checks': 20800000, 'confl': 1098506, 'model_rej': 0} 3183s
    ... {'checks': 20850000, 'confl': 1100938, 'model_rej': 0} 3189s
    ... {'checks': 20900000, 'confl': 1103153, 'model_rej': 0} 3196s
    ... {'checks': 20950000, 'confl': 1105640, 'model_rej': 0} 3202s
    ... {'checks': 21000000, 'confl': 1107598, 'model_rej': 0} 3208s
    ... {'checks': 21050000, 'confl': 1108937, 'model_rej': 0} 3215s
    ... {'checks': 21100000, 'confl': 1109894, 'model_rej': 0} 3223s
    ... {'checks': 21150000, 'confl': 1111769, 'model_rej': 0} 3229s
    ... {'checks': 21200000, 'confl': 1113300, 'model_rej': 0} 3236s
    ... {'checks': 21250000, 'confl': 1115130, 'model_rej': 0} 3242s
    ... {'checks': 21300000, 'confl': 1116694, 'model_rej': 0} 3281s
    ... {'checks': 21350000, 'confl': 1117832, 'model_rej': 0} 3288s
    ... {'checks': 21400000, 'confl': 1119550, 'model_rej': 0} 3294s
    ... {'checks': 21450000, 'confl': 1121322, 'model_rej': 0} 3300s
    ... {'checks': 21500000, 'confl': 1123148, 'model_rej': 0} 3307s
    ... {'checks': 21550000, 'confl': 1125073, 'model_rej': 0} 3316s
    ... {'checks': 21600000, 'confl': 1126818, 'model_rej': 0} 3323s
    ... {'checks': 21650000, 'confl': 1128911, 'model_rej': 0} 3341s
    ... {'checks': 21700000, 'confl': 1130842, 'model_rej': 0} 3348s
    ... {'checks': 21750000, 'confl': 1132878, 'model_rej': 0} 3355s
    ... {'checks': 21800000, 'confl': 1134343, 'model_rej': 0} 3362s
    ... {'checks': 21850000, 'confl': 1136093, 'model_rej': 0} 3368s
    ... {'checks': 21900000, 'confl': 1138263, 'model_rej': 0} 3374s
    ... {'checks': 21950000, 'confl': 1139994, 'model_rej': 0} 3380s
    ... {'checks': 22000000, 'confl': 1141442, 'model_rej': 0} 3386s
    ... {'checks': 22050000, 'confl': 1142912, 'model_rej': 0} 3392s
    ... {'checks': 22100000, 'confl': 1144414, 'model_rej': 0} 3492s
    ... {'checks': 22150000, 'confl': 1146110, 'model_rej': 0} 3497s
    ... {'checks': 22200000, 'confl': 1147560, 'model_rej': 0} 3503s
    ... {'checks': 22250000, 'confl': 1149024, 'model_rej': 0} 3510s
    ... {'checks': 22300000, 'confl': 1150568, 'model_rej': 0} 3516s
    ... {'checks': 22350000, 'confl': 1152390, 'model_rej': 0} 3522s
    ... {'checks': 22400000, 'confl': 1155043, 'model_rej': 0} 3529s
    ... {'checks': 22450000, 'confl': 1157111, 'model_rej': 0} 3535s
    ... {'checks': 22500000, 'confl': 1159451, 'model_rej': 0} 3541s
    ... {'checks': 22550000, 'confl': 1161485, 'model_rej': 0} 3547s
    ... {'checks': 22600000, 'confl': 1163210, 'model_rej': 0} 3575s
    ... {'checks': 22650000, 'confl': 1164534, 'model_rej': 0} 3585s
    ... {'checks': 22700000, 'confl': 1165597, 'model_rej': 0} 3595s
    ... {'checks': 22750000, 'confl': 1166968, 'model_rej': 0} 3603s
    ... {'checks': 22800000, 'confl': 1168101, 'model_rej': 0} 3610s
    ... {'checks': 22850000, 'confl': 1169263, 'model_rej': 0} 3618s
    ... {'checks': 22900000, 'confl': 1170232, 'model_rej': 0} 3626s
    ... {'checks': 22950000, 'confl': 1171658, 'model_rej': 0} 3682s
    ... {'checks': 23000000, 'confl': 1172973, 'model_rej': 0} 3690s
    ... {'checks': 23050000, 'confl': 1173706, 'model_rej': 0} 3697s
    ... {'checks': 23100000, 'confl': 1174727, 'model_rej': 0} 3705s
    ... {'checks': 23150000, 'confl': 1175710, 'model_rej': 0} 3714s
    ... {'checks': 23200000, 'confl': 1176769, 'model_rej': 0} 3723s
    ... {'checks': 23250000, 'confl': 1177779, 'model_rej': 0} 3730s
    ... {'checks': 23300000, 'confl': 1178837, 'model_rej': 0} 3738s
    ... {'checks': 23350000, 'confl': 1179910, 'model_rej': 0} 3745s
    ... {'checks': 23400000, 'confl': 1180794, 'model_rej': 0} 3752s
    ... {'checks': 23450000, 'confl': 1181722, 'model_rej': 0} 3759s
    ... {'checks': 23500000, 'confl': 1182537, 'model_rej': 0} 3767s
    ... {'checks': 23550000, 'confl': 1184204, 'model_rej': 0} 3804s
    ... {'checks': 23600000, 'confl': 1185337, 'model_rej': 0} 3813s
    ... {'checks': 23650000, 'confl': 1186362, 'model_rej': 0} 3822s
    ... {'checks': 23700000, 'confl': 1187425, 'model_rej': 0} 3830s
    ... {'checks': 23750000, 'confl': 1188655, 'model_rej': 0} 3941s
    ... {'checks': 23800000, 'confl': 1190316, 'model_rej': 0} 3949s
    ... {'checks': 23850000, 'confl': 1192097, 'model_rej': 0} 3957s
    ... {'checks': 23900000, 'confl': 1193055, 'model_rej': 0} 3966s
    ... {'checks': 23950000, 'confl': 1193970, 'model_rej': 0} 3975s
    ... {'checks': 24000000, 'confl': 1194980, 'model_rej': 0} 3983s
    ... {'checks': 24050000, 'confl': 1195847, 'model_rej': 0} 3992s
    ... {'checks': 24100000, 'confl': 1196959, 'model_rej': 0} 4000s
    ... {'checks': 24150000, 'confl': 1198419, 'model_rej': 0} 4009s
    ... {'checks': 24200000, 'confl': 1199412, 'model_rej': 0} 4017s
    ... {'checks': 24250000, 'confl': 1200386, 'model_rej': 0} 4025s
    ... {'checks': 24300000, 'confl': 1201438, 'model_rej': 0} 4034s
    ... {'checks': 24350000, 'confl': 1202464, 'model_rej': 0} 4044s
    ... {'checks': 24400000, 'confl': 1203433, 'model_rej': 0} 4053s
    ... {'checks': 24450000, 'confl': 1204261, 'model_rej': 0} 4063s
    ... {'checks': 24500000, 'confl': 1204796, 'model_rej': 0} 4073s
    ... {'checks': 24550000, 'confl': 1205347, 'model_rej': 0} 4090s
    ... {'checks': 24600000, 'confl': 1206153, 'model_rej': 0} 4160s
    ... {'checks': 24650000, 'confl': 1207426, 'model_rej': 0} 4169s
    ... {'checks': 24700000, 'confl': 1208609, 'model_rej': 0} 4178s
    ... {'checks': 24750000, 'confl': 1209742, 'model_rej': 0} 4186s
    ... {'checks': 24800000, 'confl': 1210653, 'model_rej': 0} 4194s
    ... {'checks': 24850000, 'confl': 1211532, 'model_rej': 0} 4204s
    ... {'checks': 24900000, 'confl': 1212363, 'model_rej': 0} 4212s
    ... {'checks': 24950000, 'confl': 1214039, 'model_rej': 0} 4219s
    ... {'checks': 25000000, 'confl': 1215098, 'model_rej': 0} 4227s
    ... {'checks': 25050000, 'confl': 1216767, 'model_rej': 0} 4235s
    ... {'checks': 25100000, 'confl': 1218253, 'model_rej': 0} 4242s
    ... {'checks': 25150000, 'confl': 1220427, 'model_rej': 0} 4249s
    ... {'checks': 25200000, 'confl': 1222552, 'model_rej': 0} 4256s
    ... {'checks': 25250000, 'confl': 1223791, 'model_rej': 0} 4265s
    ... {'checks': 25300000, 'confl': 1225223, 'model_rej': 0} 4273s
    ... {'checks': 25350000, 'confl': 1226290, 'model_rej': 0} 4280s
    ... {'checks': 25400000, 'confl': 1227079, 'model_rej': 0} 4287s
    ... {'checks': 25450000, 'confl': 1228084, 'model_rej': 0} 4295s
    ... {'checks': 25500000, 'confl': 1229196, 'model_rej': 0} 4307s
    ... {'checks': 25550000, 'confl': 1231152, 'model_rej': 0} 4345s
    ... {'checks': 25600000, 'confl': 1232711, 'model_rej': 0} 4353s
    ... {'checks': 25650000, 'confl': 1233979, 'model_rej': 0} 4362s
    ... {'checks': 25700000, 'confl': 1235401, 'model_rej': 0} 4370s
    ... {'checks': 25750000, 'confl': 1236460, 'model_rej': 0} 4378s
    ... {'checks': 25800000, 'confl': 1237292, 'model_rej': 0} 4385s
    ... {'checks': 25850000, 'confl': 1238131, 'model_rej': 0} 4394s
    ... {'checks': 25900000, 'confl': 1238791, 'model_rej': 0} 4402s
    ... {'checks': 25950000, 'confl': 1239422, 'model_rej': 0} 4409s
    ... {'checks': 26000000, 'confl': 1240493, 'model_rej': 0} 4417s
    ... {'checks': 26050000, 'confl': 1241479, 'model_rej': 0} 4426s
    ... {'checks': 26100000, 'confl': 1242293, 'model_rej': 0} 4434s
    ... {'checks': 26150000, 'confl': 1243455, 'model_rej': 0} 4442s
    ... {'checks': 26200000, 'confl': 1244667, 'model_rej': 0} 4451s
    ... {'checks': 26250000, 'confl': 1245676, 'model_rej': 0} 4460s
    ... {'checks': 26300000, 'confl': 1246570, 'model_rej': 0} 4468s
    ... {'checks': 26350000, 'confl': 1247343, 'model_rej': 0} 4521s
    ... {'checks': 26400000, 'confl': 1248147, 'model_rej': 0} 4530s
    ... {'checks': 26450000, 'confl': 1248867, 'model_rej': 0} 4539s
    ... {'checks': 26500000, 'confl': 1249536, 'model_rej': 0} 4548s
    ... {'checks': 26550000, 'confl': 1250056, 'model_rej': 0} 4577s
    ... {'checks': 26600000, 'confl': 1250858, 'model_rej': 0} 4585s
    ... {'checks': 26650000, 'confl': 1251719, 'model_rej': 0} 4593s
    ... {'checks': 26700000, 'confl': 1252309, 'model_rej': 0} 4602s
    ... {'checks': 26750000, 'confl': 1253066, 'model_rej': 0} 4610s
    ... {'checks': 26800000, 'confl': 1253719, 'model_rej': 0} 4617s
    ... {'checks': 26850000, 'confl': 1254731, 'model_rej': 0} 4626s
    ... {'checks': 26900000, 'confl': 1255627, 'model_rej': 0} 4636s
    ... {'checks': 26950000, 'confl': 1256380, 'model_rej': 0} 4645s
    ... {'checks': 27000000, 'confl': 1256939, 'model_rej': 0} 4654s
    ... {'checks': 27050000, 'confl': 1257886, 'model_rej': 0} 4662s
[f034-a4-07-e156] stats: {'checks': 27068821, 'confl': 1258125, 'model_rej': 0}
[f034-a4-07-e156] UNSAT in 4665.0s — NOT BIPLANAR (subject to control validation)
RESULT f034-a4-07-e156 UNSAT 4665.1s
