# A4 member 20: slack=4 e=152 n=28 mults=[05:2 06:6 14:4 15:4 23:6 24:1 25:1 34:1 35:1 46:2] generators=21 backend=boyer Thu Sep 24 23:00:24 2026
[f034-a4-20-e152] n=28 m=152 cap=78 | 420 K5s, 3614 K3,3s, 21 sym generators, 40704 clauses, propagator check_at=9 planarity=boyer
    ... {'checks': 50000, 'confl': 11028, 'model_rej': 0} 1s
    ... {'checks': 100000, 'confl': 20197, 'model_rej': 0} 3s
    ... {'checks': 150000, 'confl': 30205, 'model_rej': 0} 4s
    ... {'checks': 200000, 'confl': 39299, 'model_rej': 0} 6s
    ... {'checks': 250000, 'confl': 47783, 'model_rej': 0} 7s
    ... {'checks': 300000, 'confl': 58270, 'model_rej': 0} 9s
    ... {'checks': 350000, 'confl': 68620, 'model_rej': 0} 10s
    ... {'checks': 400000, 'confl': 78235, 'model_rej': 0} 12s
    ... {'checks': 450000, 'confl': 87350, 'model_rej': 0} 14s
    ... {'checks': 500000, 'confl': 94674, 'model_rej': 0} 16s
    ... {'checks': 550000, 'confl': 103658, 'model_rej': 0} 18s
    ... {'checks': 600000, 'confl': 113526, 'model_rej': 0} 20s
    ... {'checks': 650000, 'confl': 122378, 'model_rej': 0} 22s
    ... {'checks': 700000, 'confl': 129645, 'model_rej': 0} 23s
    ... {'checks': 750000, 'confl': 136122, 'model_rej': 0} 25s
    ... {'checks': 800000, 'confl': 143636, 'model_rej': 0} 27s
    ... {'checks': 850000, 'confl': 152027, 'model_rej': 0} 29s
    ... {'checks': 900000, 'confl': 159497, 'model_rej': 0} 32s
    ... {'checks': 950000, 'confl': 167094, 'model_rej': 0} 34s
    ... {'checks': 1000000, 'confl': 174324, 'model_rej': 0} 37s
    ... {'checks': 1050000, 'confl': 180465, 'model_rej': 0} 39s
    ... {'checks': 1100000, 'confl': 187167, 'model_rej': 0} 42s
    ... {'checks': 1150000, 'confl': 193711, 'model_rej': 0} 46s
    ... {'checks': 1200000, 'confl': 199430, 'model_rej': 0} 50s
    ... {'checks': 1250000, 'confl': 205134, 'model_rej': 0} 54s
    ... {'checks': 1300000, 'confl': 211030, 'model_rej': 0} 57s
    ... {'checks': 1350000, 'confl': 216461, 'model_rej': 0} 61s
    ... {'checks': 1400000, 'confl': 221495, 'model_rej': 0} 65s
    ... {'checks': 1450000, 'confl': 226440, 'model_rej': 0} 69s
    ... {'checks': 1500000, 'confl': 231569, 'model_rej': 0} 72s
    ... {'checks': 1550000, 'confl': 236922, 'model_rej': 0} 78s
    ... {'checks': 1600000, 'confl': 243038, 'model_rej': 0} 81s
    ... {'checks': 1650000, 'confl': 248304, 'model_rej': 0} 85s
    ... {'checks': 1700000, 'confl': 253251, 'model_rej': 0} 89s
    ... {'checks': 1750000, 'confl': 257274, 'model_rej': 0} 94s
    ... {'checks': 1800000, 'confl': 260285, 'model_rej': 0} 97s
    ... {'checks': 1850000, 'confl': 263893, 'model_rej': 0} 102s
    ... {'checks': 1900000, 'confl': 267200, 'model_rej': 0} 106s
    ... {'checks': 1950000, 'confl': 270879, 'model_rej': 0} 110s
    ... {'checks': 2000000, 'confl': 274727, 'model_rej': 0} 114s
    ... {'checks': 2050000, 'confl': 278293, 'model_rej': 0} 118s
    ... {'checks': 2100000, 'confl': 281014, 'model_rej': 0} 122s
    ... {'checks': 2150000, 'confl': 283385, 'model_rej': 0} 126s
    ... {'checks': 2200000, 'confl': 285691, 'model_rej': 0} 132s
    ... {'checks': 2250000, 'confl': 288601, 'model_rej': 0} 135s
    ... {'checks': 2300000, 'confl': 291938, 'model_rej': 0} 139s
    ... {'checks': 2350000, 'confl': 293805, 'model_rej': 0} 142s
    ... {'checks': 2400000, 'confl': 296484, 'model_rej': 0} 145s
    ... {'checks': 2450000, 'confl': 298999, 'model_rej': 0} 150s
    ... {'checks': 2500000, 'confl': 301007, 'model_rej': 0} 154s
    ... {'checks': 2550000, 'confl': 304274, 'model_rej': 0} 159s
    ... {'checks': 2600000, 'confl': 306133, 'model_rej': 0} 163s
    ... {'checks': 2650000, 'confl': 307748, 'model_rej': 0} 167s
    ... {'checks': 2700000, 'confl': 309568, 'model_rej': 0} 171s
    ... {'checks': 2750000, 'confl': 311545, 'model_rej': 0} 175s
    ... {'checks': 2800000, 'confl': 314748, 'model_rej': 0} 180s
    ... {'checks': 2850000, 'confl': 316566, 'model_rej': 0} 183s
    ... {'checks': 2900000, 'confl': 318158, 'model_rej': 0} 189s
    ... {'checks': 2950000, 'confl': 319647, 'model_rej': 0} 196s
    ... {'checks': 3000000, 'confl': 323369, 'model_rej': 0} 200s
    ... {'checks': 3050000, 'confl': 325267, 'model_rej': 0} 204s
    ... {'checks': 3100000, 'confl': 326676, 'model_rej': 0} 209s
    ... {'checks': 3150000, 'confl': 329213, 'model_rej': 0} 213s
[f034-a4-20-e152] stats: {'checks': 3175424, 'confl': 329741, 'model_rej': 0}
[f034-a4-20-e152] UNSAT in 215.3s — NOT BIPLANAR (subject to control validation)
RESULT f034-a4-20-e152 UNSAT 215.4s
