# A4 member 5: slack=0 e=156 n=28 mults=[05:2 06:6 14:5 15:3 23:4 24:1 25:3 34:2 36:2] generators=19 backend=boyer Thu Sep 24 15:43:04 2026
[f034-a4-05-e156] n=28 m=156 cap=78 | 399 K5s, 3577 K3,3s, 19 sym generators, 41162 clauses, propagator check_at=9 planarity=boyer
    ... {'checks': 50000, 'confl': 12032, 'model_rej': 0} 1s
    ... {'checks': 100000, 'confl': 22361, 'model_rej': 0} 3s
    ... {'checks': 150000, 'confl': 33281, 'model_rej': 0} 4s
    ... {'checks': 200000, 'confl': 42934, 'model_rej': 0} 6s
    ... {'checks': 250000, 'confl': 51123, 'model_rej': 0} 7s
    ... {'checks': 300000, 'confl': 59697, 'model_rej': 0} 9s
    ... {'checks': 350000, 'confl': 68777, 'model_rej': 0} 11s
    ... {'checks': 400000, 'confl': 76077, 'model_rej': 0} 13s
    ... {'checks': 450000, 'confl': 84896, 'model_rej': 0} 15s
    ... {'checks': 500000, 'confl': 93276, 'model_rej': 0} 17s
    ... {'checks': 550000, 'confl': 100958, 'model_rej': 0} 19s
    ... {'checks': 600000, 'confl': 108777, 'model_rej': 0} 21s
    ... {'checks': 650000, 'confl': 115758, 'model_rej': 0} 24s
    ... {'checks': 700000, 'confl': 122713, 'model_rej': 0} 26s
    ... {'checks': 750000, 'confl': 129515, 'model_rej': 0} 29s
    ... {'checks': 800000, 'confl': 136024, 'model_rej': 0} 30s
    ... {'checks': 850000, 'confl': 140970, 'model_rej': 0} 33s
    ... {'checks': 900000, 'confl': 147613, 'model_rej': 0} 35s
    ... {'checks': 950000, 'confl': 154523, 'model_rej': 0} 38s
    ... {'checks': 1000000, 'confl': 161182, 'model_rej': 0} 40s
    ... {'checks': 1050000, 'confl': 168172, 'model_rej': 0} 43s
    ... {'checks': 1100000, 'confl': 175877, 'model_rej': 0} 46s
    ... {'checks': 1150000, 'confl': 181356, 'model_rej': 0} 50s
    ... {'checks': 1200000, 'confl': 187341, 'model_rej': 0} 53s
    ... {'checks': 1250000, 'confl': 193161, 'model_rej': 0} 56s
    ... {'checks': 1300000, 'confl': 198258, 'model_rej': 0} 59s
    ... {'checks': 1350000, 'confl': 203581, 'model_rej': 0} 62s
    ... {'checks': 1400000, 'confl': 209388, 'model_rej': 0} 65s
    ... {'checks': 1450000, 'confl': 214977, 'model_rej': 0} 68s
    ... {'checks': 1500000, 'confl': 220767, 'model_rej': 0} 71s
    ... {'checks': 1550000, 'confl': 226102, 'model_rej': 0} 74s
    ... {'checks': 1600000, 'confl': 231472, 'model_rej': 0} 78s
    ... {'checks': 1650000, 'confl': 236550, 'model_rej': 0} 80s
    ... {'checks': 1700000, 'confl': 241658, 'model_rej': 0} 84s
    ... {'checks': 1750000, 'confl': 246135, 'model_rej': 0} 86s
    ... {'checks': 1800000, 'confl': 248570, 'model_rej': 0} 89s
    ... {'checks': 1850000, 'confl': 251986, 'model_rej': 0} 93s
    ... {'checks': 1900000, 'confl': 256120, 'model_rej': 0} 98s
    ... {'checks': 1950000, 'confl': 259722, 'model_rej': 0} 101s
    ... {'checks': 2000000, 'confl': 262449, 'model_rej': 0} 104s
    ... {'checks': 2050000, 'confl': 264934, 'model_rej': 0} 107s
    ... {'checks': 2100000, 'confl': 268734, 'model_rej': 0} 110s
    ... {'checks': 2150000, 'confl': 271851, 'model_rej': 0} 115s
    ... {'checks': 2200000, 'confl': 274464, 'model_rej': 0} 118s
    ... {'checks': 2250000, 'confl': 277695, 'model_rej': 0} 121s
    ... {'checks': 2300000, 'confl': 281227, 'model_rej': 0} 124s
    ... {'checks': 2350000, 'confl': 285051, 'model_rej': 0} 128s
    ... {'checks': 2400000, 'confl': 288405, 'model_rej': 0} 131s
    ... {'checks': 2450000, 'confl': 291407, 'model_rej': 0} 134s
    ... {'checks': 2500000, 'confl': 295855, 'model_rej': 0} 138s
    ... {'checks': 2550000, 'confl': 298928, 'model_rej': 0} 142s
    ... {'checks': 2600000, 'confl': 301450, 'model_rej': 0} 145s
    ... {'checks': 2650000, 'confl': 302906, 'model_rej': 0} 149s
    ... {'checks': 2700000, 'confl': 305961, 'model_rej': 0} 152s
    ... {'checks': 2750000, 'confl': 311183, 'model_rej': 0} 155s
    ... {'checks': 2800000, 'confl': 313434, 'model_rej': 0} 158s
    ... {'checks': 2850000, 'confl': 316968, 'model_rej': 0} 163s
    ... {'checks': 2900000, 'confl': 320534, 'model_rej': 0} 167s
    ... {'checks': 2950000, 'confl': 323712, 'model_rej': 0} 171s
    ... {'checks': 3000000, 'confl': 327577, 'model_rej': 0} 174s
    ... {'checks': 3050000, 'confl': 330972, 'model_rej': 0} 178s
    ... {'checks': 3100000, 'confl': 333790, 'model_rej': 0} 181s
    ... {'checks': 3150000, 'confl': 337280, 'model_rej': 0} 185s
    ... {'checks': 3200000, 'confl': 340360, 'model_rej': 0} 189s
    ... {'checks': 3250000, 'confl': 342977, 'model_rej': 0} 192s
    ... {'checks': 3300000, 'confl': 346135, 'model_rej': 0} 198s
    ... {'checks': 3350000, 'confl': 348066, 'model_rej': 0} 202s
    ... {'checks': 3400000, 'confl': 350415, 'model_rej': 0} 205s
    ... {'checks': 3450000, 'confl': 353837, 'model_rej': 0} 209s
    ... {'checks': 3500000, 'confl': 356519, 'model_rej': 0} 212s
    ... {'checks': 3550000, 'confl': 359145, 'model_rej': 0} 216s
    ... {'checks': 3600000, 'confl': 360931, 'model_rej': 0} 219s
    ... {'checks': 3650000, 'confl': 362839, 'model_rej': 0} 226s
    ... {'checks': 3700000, 'confl': 365809, 'model_rej': 0} 231s
    ... {'checks': 3750000, 'confl': 368286, 'model_rej': 0} 236s
    ... {'checks': 3800000, 'confl': 371135, 'model_rej': 0} 240s
    ... {'checks': 3850000, 'confl': 373645, 'model_rej': 0} 244s
    ... {'checks': 3900000, 'confl': 376625, 'model_rej': 0} 248s
    ... {'checks': 3950000, 'confl': 379064, 'model_rej': 0} 251s
    ... {'checks': 4000000, 'confl': 380980, 'model_rej': 0} 263s
    ... {'checks': 4050000, 'confl': 383081, 'model_rej': 0} 268s
    ... {'checks': 4100000, 'confl': 384447, 'model_rej': 0} 272s
    ... {'checks': 4150000, 'confl': 386127, 'model_rej': 0} 275s
    ... {'checks': 4200000, 'confl': 388767, 'model_rej': 0} 280s
    ... {'checks': 4250000, 'confl': 390545, 'model_rej': 0} 285s
    ... {'checks': 4300000, 'confl': 391882, 'model_rej': 0} 289s
    ... {'checks': 4350000, 'confl': 393609, 'model_rej': 0} 299s
    ... {'checks': 4400000, 'confl': 395346, 'model_rej': 0} 304s
    ... {'checks': 4450000, 'confl': 397327, 'model_rej': 0} 308s
    ... {'checks': 4500000, 'confl': 398780, 'model_rej': 0} 312s
    ... {'checks': 4550000, 'confl': 399935, 'model_rej': 0} 316s
    ... {'checks': 4600000, 'confl': 401319, 'model_rej': 0} 320s
    ... {'checks': 4650000, 'confl': 402783, 'model_rej': 0} 324s
    ... {'checks': 4700000, 'confl': 404183, 'model_rej': 0} 329s
    ... {'checks': 4750000, 'confl': 404948, 'model_rej': 0} 335s
    ... {'checks': 4800000, 'confl': 406011, 'model_rej': 0} 339s
    ... {'checks': 4850000, 'confl': 407084, 'model_rej': 0} 343s
    ... {'checks': 4900000, 'confl': 407855, 'model_rej': 0} 348s
    ... {'checks': 4950000, 'confl': 409223, 'model_rej': 0} 353s
    ... {'checks': 5000000, 'confl': 410081, 'model_rej': 0} 358s
[f034-a4-05-e156] stats: {'checks': 5019311, 'confl': 410397, 'model_rej': 0}
[f034-a4-05-e156] UNSAT in 359.6s — NOT BIPLANAR (subject to control validation)
RESULT f034-a4-05-e156 UNSAT 359.6s
