# A4 member 15: slack=2 e=154 n=28 mults=[05:2 06:6 14:4 15:3 16:1 23:6 25:2 34:2 45:1 46:1] generators=18 backend=boyer Thu Sep 24 22:40:26 2026
[f034-a4-15-e154] n=28 m=154 cap=78 | 418 K5s, 3944 K3,3s, 18 sym generators, 40731 clauses, propagator check_at=9 planarity=boyer
    ... {'checks': 50000, 'confl': 12100, 'model_rej': 0} 1s
    ... {'checks': 100000, 'confl': 22858, 'model_rej': 0} 3s
    ... {'checks': 150000, 'confl': 33622, 'model_rej': 0} 4s
    ... {'checks': 200000, 'confl': 43448, 'model_rej': 0} 6s
    ... {'checks': 250000, 'confl': 51525, 'model_rej': 0} 7s
    ... {'checks': 300000, 'confl': 60518, 'model_rej': 0} 9s
    ... {'checks': 350000, 'confl': 69821, 'model_rej': 0} 11s
    ... {'checks': 400000, 'confl': 77022, 'model_rej': 0} 13s
    ... {'checks': 450000, 'confl': 84444, 'model_rej': 0} 15s
    ... {'checks': 500000, 'confl': 91178, 'model_rej': 0} 17s
    ... {'checks': 550000, 'confl': 96822, 'model_rej': 0} 19s
    ... {'checks': 600000, 'confl': 101674, 'model_rej': 0} 21s
    ... {'checks': 650000, 'confl': 107603, 'model_rej': 0} 24s
    ... {'checks': 700000, 'confl': 111877, 'model_rej': 0} 26s
    ... {'checks': 750000, 'confl': 116003, 'model_rej': 0} 28s
    ... {'checks': 800000, 'confl': 121458, 'model_rej': 0} 30s
    ... {'checks': 850000, 'confl': 127297, 'model_rej': 0} 33s
    ... {'checks': 900000, 'confl': 132621, 'model_rej': 0} 36s
    ... {'checks': 950000, 'confl': 137716, 'model_rej': 0} 38s
    ... {'checks': 1000000, 'confl': 143313, 'model_rej': 0} 40s
    ... {'checks': 1050000, 'confl': 147424, 'model_rej': 0} 44s
    ... {'checks': 1100000, 'confl': 150371, 'model_rej': 0} 46s
    ... {'checks': 1150000, 'confl': 154498, 'model_rej': 0} 50s
    ... {'checks': 1200000, 'confl': 158416, 'model_rej': 0} 53s
    ... {'checks': 1250000, 'confl': 162334, 'model_rej': 0} 56s
    ... {'checks': 1300000, 'confl': 166334, 'model_rej': 0} 58s
    ... {'checks': 1350000, 'confl': 168913, 'model_rej': 0} 61s
    ... {'checks': 1400000, 'confl': 172535, 'model_rej': 0} 64s
    ... {'checks': 1450000, 'confl': 175409, 'model_rej': 0} 68s
    ... {'checks': 1500000, 'confl': 179064, 'model_rej': 0} 72s
    ... {'checks': 1550000, 'confl': 181963, 'model_rej': 0} 74s
    ... {'checks': 1600000, 'confl': 185781, 'model_rej': 0} 77s
    ... {'checks': 1650000, 'confl': 188976, 'model_rej': 0} 81s
[f034-a4-15-e154] stats: {'checks': 1688043, 'confl': 190603, 'model_rej': 0}
[f034-a4-15-e154] UNSAT in 83.5s — NOT BIPLANAR (subject to control validation)
RESULT f034-a4-15-e154 UNSAT 83.5s
