# A4 member 17: slack=2 e=154 n=28 mults=[05:3 06:5 14:5 15:3 23:6 25:1 26:1 34:1 35:1 46:2] generators=19 backend=boyer Thu Sep 24 22:42:23 2026
[f034-a4-17-e154] n=28 m=154 cap=78 | 404 K5s, 3460 K3,3s, 19 sym generators, 40196 clauses, propagator check_at=9 planarity=boyer
    ... {'checks': 50000, 'confl': 11734, 'model_rej': 0} 2s
    ... {'checks': 100000, 'confl': 22770, 'model_rej': 0} 3s
    ... {'checks': 150000, 'confl': 32695, 'model_rej': 0} 5s
    ... {'checks': 200000, 'confl': 42317, 'model_rej': 0} 6s
    ... {'checks': 250000, 'confl': 52166, 'model_rej': 0} 8s
    ... {'checks': 300000, 'confl': 62054, 'model_rej': 0} 9s
    ... {'checks': 350000, 'confl': 71097, 'model_rej': 0} 11s
    ... {'checks': 400000, 'confl': 79790, 'model_rej': 0} 12s
    ... {'checks': 450000, 'confl': 87165, 'model_rej': 0} 15s
    ... {'checks': 500000, 'confl': 95020, 'model_rej': 0} 17s
    ... {'checks': 550000, 'confl': 101706, 'model_rej': 0} 19s
    ... {'checks': 600000, 'confl': 106879, 'model_rej': 0} 21s
    ... {'checks': 650000, 'confl': 112895, 'model_rej': 0} 24s
    ... {'checks': 700000, 'confl': 119298, 'model_rej': 0} 26s
    ... {'checks': 750000, 'confl': 125183, 'model_rej': 0} 28s
    ... {'checks': 800000, 'confl': 129178, 'model_rej': 0} 29s
    ... {'checks': 850000, 'confl': 135181, 'model_rej': 0} 32s
    ... {'checks': 900000, 'confl': 141957, 'model_rej': 0} 35s
    ... {'checks': 950000, 'confl': 146839, 'model_rej': 0} 37s
    ... {'checks': 1000000, 'confl': 153660, 'model_rej': 0} 40s
    ... {'checks': 1050000, 'confl': 157969, 'model_rej': 0} 42s
    ... {'checks': 1100000, 'confl': 163274, 'model_rej': 0} 45s
    ... {'checks': 1150000, 'confl': 169238, 'model_rej': 0} 48s
    ... {'checks': 1200000, 'confl': 174658, 'model_rej': 0} 51s
    ... {'checks': 1250000, 'confl': 178974, 'model_rej': 0} 54s
    ... {'checks': 1300000, 'confl': 182312, 'model_rej': 0} 56s
    ... {'checks': 1350000, 'confl': 187021, 'model_rej': 0} 59s
    ... {'checks': 1400000, 'confl': 190753, 'model_rej': 0} 62s
    ... {'checks': 1450000, 'confl': 192472, 'model_rej': 0} 66s
    ... {'checks': 1500000, 'confl': 198019, 'model_rej': 0} 68s
    ... {'checks': 1550000, 'confl': 203704, 'model_rej': 0} 71s
    ... {'checks': 1600000, 'confl': 210264, 'model_rej': 0} 73s
    ... {'checks': 1650000, 'confl': 216421, 'model_rej': 0} 76s
    ... {'checks': 1700000, 'confl': 221900, 'model_rej': 0} 79s
    ... {'checks': 1750000, 'confl': 226551, 'model_rej': 0} 84s
    ... {'checks': 1800000, 'confl': 231537, 'model_rej': 0} 88s
    ... {'checks': 1850000, 'confl': 235690, 'model_rej': 0} 91s
    ... {'checks': 1900000, 'confl': 240144, 'model_rej': 0} 95s
    ... {'checks': 1950000, 'confl': 244218, 'model_rej': 0} 98s
    ... {'checks': 2000000, 'confl': 248477, 'model_rej': 0} 102s
    ... {'checks': 2050000, 'confl': 252961, 'model_rej': 0} 105s
    ... {'checks': 2100000, 'confl': 258336, 'model_rej': 0} 110s
    ... {'checks': 2150000, 'confl': 263729, 'model_rej': 0} 113s
    ... {'checks': 2200000, 'confl': 267335, 'model_rej': 0} 117s
    ... {'checks': 2250000, 'confl': 270852, 'model_rej': 0} 121s
    ... {'checks': 2300000, 'confl': 276542, 'model_rej': 0} 125s
    ... {'checks': 2350000, 'confl': 281052, 'model_rej': 0} 128s
    ... {'checks': 2400000, 'confl': 285845, 'model_rej': 0} 132s
    ... {'checks': 2450000, 'confl': 291212, 'model_rej': 0} 137s
    ... {'checks': 2500000, 'confl': 295496, 'model_rej': 0} 140s
    ... {'checks': 2550000, 'confl': 299485, 'model_rej': 0} 144s
    ... {'checks': 2600000, 'confl': 304739, 'model_rej': 0} 148s
    ... {'checks': 2650000, 'confl': 309065, 'model_rej': 0} 152s
    ... {'checks': 2700000, 'confl': 313305, 'model_rej': 0} 157s
    ... {'checks': 2750000, 'confl': 315301, 'model_rej': 0} 160s
    ... {'checks': 2800000, 'confl': 320362, 'model_rej': 0} 166s
    ... {'checks': 2850000, 'confl': 325305, 'model_rej': 0} 172s
    ... {'checks': 2900000, 'confl': 329302, 'model_rej': 0} 180s
    ... {'checks': 2950000, 'confl': 332080, 'model_rej': 0} 183s
    ... {'checks': 3000000, 'confl': 335814, 'model_rej': 0} 189s
    ... {'checks': 3050000, 'confl': 340011, 'model_rej': 0} 195s
    ... {'checks': 3100000, 'confl': 343220, 'model_rej': 0} 199s
    ... {'checks': 3150000, 'confl': 347964, 'model_rej': 0} 204s
    ... {'checks': 3200000, 'confl': 351995, 'model_rej': 0} 209s
    ... {'checks': 3250000, 'confl': 355497, 'model_rej': 0} 214s
    ... {'checks': 3300000, 'confl': 359587, 'model_rej': 0} 221s
    ... {'checks': 3350000, 'confl': 363699, 'model_rej': 0} 227s
    ... {'checks': 3400000, 'confl': 367602, 'model_rej': 0} 232s
    ... {'checks': 3450000, 'confl': 371877, 'model_rej': 0} 237s
    ... {'checks': 3500000, 'confl': 375802, 'model_rej': 0} 242s
    ... {'checks': 3550000, 'confl': 378706, 'model_rej': 0} 247s
    ... {'checks': 3600000, 'confl': 382103, 'model_rej': 0} 255s
    ... {'checks': 3650000, 'confl': 385982, 'model_rej': 0} 261s
    ... {'checks': 3700000, 'confl': 389907, 'model_rej': 0} 267s
    ... {'checks': 3750000, 'confl': 393816, 'model_rej': 0} 274s
    ... {'checks': 3800000, 'confl': 398109, 'model_rej': 0} 278s
    ... {'checks': 3850000, 'confl': 401748, 'model_rej': 0} 286s
    ... {'checks': 3900000, 'confl': 405814, 'model_rej': 0} 291s
    ... {'checks': 3950000, 'confl': 409935, 'model_rej': 0} 298s
    ... {'checks': 4000000, 'confl': 414441, 'model_rej': 0} 306s
    ... {'checks': 4050000, 'confl': 418418, 'model_rej': 0} 312s
    ... {'checks': 4100000, 'confl': 421994, 'model_rej': 0} 319s
    ... {'checks': 4150000, 'confl': 426529, 'model_rej': 0} 325s
    ... {'checks': 4200000, 'confl': 429571, 'model_rej': 0} 331s
    ... {'checks': 4250000, 'confl': 432102, 'model_rej': 0} 335s
    ... {'checks': 4300000, 'confl': 436037, 'model_rej': 0} 340s
    ... {'checks': 4350000, 'confl': 438964, 'model_rej': 0} 348s
    ... {'checks': 4400000, 'confl': 442494, 'model_rej': 0} 356s
    ... {'checks': 4450000, 'confl': 445260, 'model_rej': 0} 363s
    ... {'checks': 4500000, 'confl': 449355, 'model_rej': 0} 369s
    ... {'checks': 4550000, 'confl': 451850, 'model_rej': 0} 375s
    ... {'checks': 4600000, 'confl': 455375, 'model_rej': 0} 384s
    ... {'checks': 4650000, 'confl': 457515, 'model_rej': 0} 389s
    ... {'checks': 4700000, 'confl': 460922, 'model_rej': 0} 396s
    ... {'checks': 4750000, 'confl': 463100, 'model_rej': 0} 398s
    ... {'checks': 4800000, 'confl': 466503, 'model_rej': 0} 408s
    ... {'checks': 4850000, 'confl': 469640, 'model_rej': 0} 415s
    ... {'checks': 4900000, 'confl': 473458, 'model_rej': 0} 422s
    ... {'checks': 4950000, 'confl': 476188, 'model_rej': 0} 429s
    ... {'checks': 5000000, 'confl': 479508, 'model_rej': 0} 438s
    ... {'checks': 5050000, 'confl': 481785, 'model_rej': 0} 445s
    ... {'checks': 5100000, 'confl': 483624, 'model_rej': 0} 453s
    ... {'checks': 5150000, 'confl': 485401, 'model_rej': 0} 459s
    ... {'checks': 5200000, 'confl': 487185, 'model_rej': 0} 465s
    ... {'checks': 5250000, 'confl': 488324, 'model_rej': 0} 471s
    ... {'checks': 5300000, 'confl': 489906, 'model_rej': 0} 477s
    ... {'checks': 5350000, 'confl': 491912, 'model_rej': 0} 500s
    ... {'checks': 5400000, 'confl': 494351, 'model_rej': 0} 507s
    ... {'checks': 5450000, 'confl': 497138, 'model_rej': 0} 514s
    ... {'checks': 5500000, 'confl': 499227, 'model_rej': 0} 521s
    ... {'checks': 5550000, 'confl': 502662, 'model_rej': 0} 526s
    ... {'checks': 5600000, 'confl': 505612, 'model_rej': 0} 533s
    ... {'checks': 5650000, 'confl': 508706, 'model_rej': 0} 538s
    ... {'checks': 5700000, 'confl': 510951, 'model_rej': 0} 544s
    ... {'checks': 5750000, 'confl': 512994, 'model_rej': 0} 552s
    ... {'checks': 5800000, 'confl': 515154, 'model_rej': 0} 558s
    ... {'checks': 5850000, 'confl': 517337, 'model_rej': 0} 565s
    ... {'checks': 5900000, 'confl': 520578, 'model_rej': 0} 571s
    ... {'checks': 5950000, 'confl': 525099, 'model_rej': 0} 577s
    ... {'checks': 6000000, 'confl': 527753, 'model_rej': 0} 583s
    ... {'checks': 6050000, 'confl': 530663, 'model_rej': 0} 589s
    ... {'checks': 6100000, 'confl': 533159, 'model_rej': 0} 595s
    ... {'checks': 6150000, 'confl': 535688, 'model_rej': 0} 606s
    ... {'checks': 6200000, 'confl': 538259, 'model_rej': 0} 611s
    ... {'checks': 6250000, 'confl': 540285, 'model_rej': 0} 616s
    ... {'checks': 6300000, 'confl': 542386, 'model_rej': 0} 623s
    ... {'checks': 6350000, 'confl': 544822, 'model_rej': 0} 629s
    ... {'checks': 6400000, 'confl': 547491, 'model_rej': 0} 636s
    ... {'checks': 6450000, 'confl': 549173, 'model_rej': 0} 642s
    ... {'checks': 6500000, 'confl': 551075, 'model_rej': 0} 648s
    ... {'checks': 6550000, 'confl': 553078, 'model_rej': 0} 654s
    ... {'checks': 6600000, 'confl': 555736, 'model_rej': 0} 669s
    ... {'checks': 6650000, 'confl': 558370, 'model_rej': 0} 674s
    ... {'checks': 6700000, 'confl': 559335, 'model_rej': 0} 680s
    ... {'checks': 6750000, 'confl': 560937, 'model_rej': 0} 686s
    ... {'checks': 6800000, 'confl': 563454, 'model_rej': 0} 702s
    ... {'checks': 6850000, 'confl': 566236, 'model_rej': 0} 709s
    ... {'checks': 6900000, 'confl': 568296, 'model_rej': 0} 715s
    ... {'checks': 6950000, 'confl': 569941, 'model_rej': 0} 721s
    ... {'checks': 7000000, 'confl': 571626, 'model_rej': 0} 728s
    ... {'checks': 7050000, 'confl': 573976, 'model_rej': 0} 734s
    ... {'checks': 7100000, 'confl': 576217, 'model_rej': 0} 740s
    ... {'checks': 7150000, 'confl': 578490, 'model_rej': 0} 747s
    ... {'checks': 7200000, 'confl': 580234, 'model_rej': 0} 754s
    ... {'checks': 7250000, 'confl': 582652, 'model_rej': 0} 761s
    ... {'checks': 7300000, 'confl': 584632, 'model_rej': 0} 768s
    ... {'checks': 7350000, 'confl': 587129, 'model_rej': 0} 779s
    ... {'checks': 7400000, 'confl': 588990, 'model_rej': 0} 785s
    ... {'checks': 7450000, 'confl': 591409, 'model_rej': 0} 791s
    ... {'checks': 7500000, 'confl': 593891, 'model_rej': 0} 821s
    ... {'checks': 7550000, 'confl': 596282, 'model_rej': 0} 828s
    ... {'checks': 7600000, 'confl': 598228, 'model_rej': 0} 835s
    ... {'checks': 7650000, 'confl': 599804, 'model_rej': 0} 842s
    ... {'checks': 7700000, 'confl': 601758, 'model_rej': 0} 849s
    ... {'checks': 7750000, 'confl': 603466, 'model_rej': 0} 856s
    ... {'checks': 7800000, 'confl': 605345, 'model_rej': 0} 862s
    ... {'checks': 7850000, 'confl': 607239, 'model_rej': 0} 869s
    ... {'checks': 7900000, 'confl': 609257, 'model_rej': 0} 882s
    ... {'checks': 7950000, 'confl': 610770, 'model_rej': 0} 910s
    ... {'checks': 8000000, 'confl': 612410, 'model_rej': 0} 917s
    ... {'checks': 8050000, 'confl': 613774, 'model_rej': 0} 923s
    ... {'checks': 8100000, 'confl': 615490, 'model_rej': 0} 931s
    ... {'checks': 8150000, 'confl': 616743, 'model_rej': 0} 938s
    ... {'checks': 8200000, 'confl': 618282, 'model_rej': 0} 945s
    ... {'checks': 8250000, 'confl': 620658, 'model_rej': 0} 952s
    ... {'checks': 8300000, 'confl': 622225, 'model_rej': 0} 959s
    ... {'checks': 8350000, 'confl': 623990, 'model_rej': 0} 966s
    ... {'checks': 8400000, 'confl': 626117, 'model_rej': 0} 973s
    ... {'checks': 8450000, 'confl': 627984, 'model_rej': 0} 1008s
    ... {'checks': 8500000, 'confl': 629749, 'model_rej': 0} 1016s
    ... {'checks': 8550000, 'confl': 630899, 'model_rej': 0} 1023s
    ... {'checks': 8600000, 'confl': 632047, 'model_rej': 0} 1030s
    ... {'checks': 8650000, 'confl': 632899, 'model_rej': 0} 1040s
    ... {'checks': 8700000, 'confl': 633590, 'model_rej': 0} 1046s
[f034-a4-17-e154] stats: {'checks': 8712007, 'confl': 633745, 'model_rej': 0}
[f034-a4-17-e154] UNSAT in 1047.9s — NOT BIPLANAR (subject to control validation)
RESULT f034-a4-17-e154 UNSAT 1047.9s
