# A4 member 6: slack=0 e=156 n=28 mults=[05:2 06:6 14:5 15:3 23:5 24:1 25:1 26:1 34:1 35:2 46:1] generators=17 backend=boyer Thu Sep 24 15:43:11 2026
[f034-a4-06-e156] n=28 m=156 cap=78 | 424 K5s, 3945 K3,3s, 17 sym generators, 41014 clauses, propagator check_at=9 planarity=boyer
    ... {'checks': 50000, 'confl': 11881, 'model_rej': 0} 1s
    ... {'checks': 100000, 'confl': 22605, 'model_rej': 0} 3s
    ... {'checks': 150000, 'confl': 33426, 'model_rej': 0} 4s
    ... {'checks': 200000, 'confl': 42703, 'model_rej': 0} 5s
    ... {'checks': 250000, 'confl': 52487, 'model_rej': 0} 7s
    ... {'checks': 300000, 'confl': 62197, 'model_rej': 0} 9s
    ... {'checks': 350000, 'confl': 71884, 'model_rej': 0} 10s
    ... {'checks': 400000, 'confl': 80995, 'model_rej': 0} 12s
    ... {'checks': 450000, 'confl': 89967, 'model_rej': 0} 13s
    ... {'checks': 500000, 'confl': 97675, 'model_rej': 0} 15s
    ... {'checks': 550000, 'confl': 105671, 'model_rej': 0} 17s
    ... {'checks': 600000, 'confl': 112341, 'model_rej': 0} 19s
    ... {'checks': 650000, 'confl': 120434, 'model_rej': 0} 20s
    ... {'checks': 700000, 'confl': 127284, 'model_rej': 0} 23s
    ... {'checks': 750000, 'confl': 135363, 'model_rej': 0} 24s
    ... {'checks': 800000, 'confl': 141118, 'model_rej': 0} 26s
    ... {'checks': 850000, 'confl': 149180, 'model_rej': 0} 27s
    ... {'checks': 900000, 'confl': 156129, 'model_rej': 0} 29s
    ... {'checks': 950000, 'confl': 162780, 'model_rej': 0} 31s
    ... {'checks': 1000000, 'confl': 170191, 'model_rej': 0} 33s
    ... {'checks': 1050000, 'confl': 177736, 'model_rej': 0} 35s
    ... {'checks': 1100000, 'confl': 185838, 'model_rej': 0} 37s
    ... {'checks': 1150000, 'confl': 192883, 'model_rej': 0} 39s
    ... {'checks': 1200000, 'confl': 200345, 'model_rej': 0} 42s
    ... {'checks': 1250000, 'confl': 206939, 'model_rej': 0} 44s
    ... {'checks': 1300000, 'confl': 213701, 'model_rej': 0} 47s
    ... {'checks': 1350000, 'confl': 220434, 'model_rej': 0} 50s
    ... {'checks': 1400000, 'confl': 225259, 'model_rej': 0} 52s
    ... {'checks': 1450000, 'confl': 232368, 'model_rej': 0} 55s
    ... {'checks': 1500000, 'confl': 238038, 'model_rej': 0} 57s
    ... {'checks': 1550000, 'confl': 244343, 'model_rej': 0} 60s
    ... {'checks': 1600000, 'confl': 250562, 'model_rej': 0} 63s
    ... {'checks': 1650000, 'confl': 255812, 'model_rej': 0} 66s
    ... {'checks': 1700000, 'confl': 261781, 'model_rej': 0} 69s
    ... {'checks': 1750000, 'confl': 267165, 'model_rej': 0} 71s
    ... {'checks': 1800000, 'confl': 271100, 'model_rej': 0} 74s
    ... {'checks': 1850000, 'confl': 277140, 'model_rej': 0} 77s
    ... {'checks': 1900000, 'confl': 280410, 'model_rej': 0} 81s
    ... {'checks': 1950000, 'confl': 284665, 'model_rej': 0} 84s
    ... {'checks': 2000000, 'confl': 288735, 'model_rej': 0} 86s
    ... {'checks': 2050000, 'confl': 293932, 'model_rej': 0} 89s
    ... {'checks': 2100000, 'confl': 300118, 'model_rej': 0} 91s
    ... {'checks': 2150000, 'confl': 305911, 'model_rej': 0} 94s
    ... {'checks': 2200000, 'confl': 311178, 'model_rej': 0} 96s
    ... {'checks': 2250000, 'confl': 316688, 'model_rej': 0} 99s
    ... {'checks': 2300000, 'confl': 322557, 'model_rej': 0} 101s
    ... {'checks': 2350000, 'confl': 327286, 'model_rej': 0} 104s
    ... {'checks': 2400000, 'confl': 331947, 'model_rej': 0} 107s
    ... {'checks': 2450000, 'confl': 335769, 'model_rej': 0} 111s
    ... {'checks': 2500000, 'confl': 339738, 'model_rej': 0} 113s
    ... {'checks': 2550000, 'confl': 342600, 'model_rej': 0} 116s
    ... {'checks': 2600000, 'confl': 345789, 'model_rej': 0} 119s
    ... {'checks': 2650000, 'confl': 350265, 'model_rej': 0} 122s
    ... {'checks': 2700000, 'confl': 354375, 'model_rej': 0} 125s
    ... {'checks': 2750000, 'confl': 358229, 'model_rej': 0} 130s
    ... {'checks': 2800000, 'confl': 362621, 'model_rej': 0} 134s
    ... {'checks': 2850000, 'confl': 367714, 'model_rej': 0} 138s
    ... {'checks': 2900000, 'confl': 371703, 'model_rej': 0} 141s
    ... {'checks': 2950000, 'confl': 376013, 'model_rej': 0} 145s
    ... {'checks': 3000000, 'confl': 380554, 'model_rej': 0} 149s
    ... {'checks': 3050000, 'confl': 384859, 'model_rej': 0} 152s
    ... {'checks': 3100000, 'confl': 389696, 'model_rej': 0} 159s
    ... {'checks': 3150000, 'confl': 394121, 'model_rej': 0} 163s
    ... {'checks': 3200000, 'confl': 398365, 'model_rej': 0} 167s
    ... {'checks': 3250000, 'confl': 402146, 'model_rej': 0} 172s
    ... {'checks': 3300000, 'confl': 405365, 'model_rej': 0} 176s
    ... {'checks': 3350000, 'confl': 409501, 'model_rej': 0} 181s
    ... {'checks': 3400000, 'confl': 413183, 'model_rej': 0} 186s
    ... {'checks': 3450000, 'confl': 417309, 'model_rej': 0} 190s
    ... {'checks': 3500000, 'confl': 421153, 'model_rej': 0} 196s
    ... {'checks': 3550000, 'confl': 424609, 'model_rej': 0} 199s
    ... {'checks': 3600000, 'confl': 427957, 'model_rej': 0} 204s
    ... {'checks': 3650000, 'confl': 432044, 'model_rej': 0} 209s
    ... {'checks': 3700000, 'confl': 435635, 'model_rej': 0} 213s
    ... {'checks': 3750000, 'confl': 438856, 'model_rej': 0} 220s
    ... {'checks': 3800000, 'confl': 442600, 'model_rej': 0} 225s
    ... {'checks': 3850000, 'confl': 445451, 'model_rej': 0} 228s
    ... {'checks': 3900000, 'confl': 448544, 'model_rej': 0} 234s
    ... {'checks': 3950000, 'confl': 451609, 'model_rej': 0} 238s
    ... {'checks': 4000000, 'confl': 454869, 'model_rej': 0} 243s
    ... {'checks': 4050000, 'confl': 458178, 'model_rej': 0} 247s
    ... {'checks': 4100000, 'confl': 461178, 'model_rej': 0} 251s
    ... {'checks': 4150000, 'confl': 464788, 'model_rej': 0} 256s
    ... {'checks': 4200000, 'confl': 467689, 'model_rej': 0} 260s
    ... {'checks': 4250000, 'confl': 470101, 'model_rej': 0} 264s
    ... {'checks': 4300000, 'confl': 472956, 'model_rej': 0} 269s
    ... {'checks': 4350000, 'confl': 475320, 'model_rej': 0} 273s
    ... {'checks': 4400000, 'confl': 478013, 'model_rej': 0} 277s
    ... {'checks': 4450000, 'confl': 480893, 'model_rej': 0} 282s
    ... {'checks': 4500000, 'confl': 484638, 'model_rej': 0} 288s
    ... {'checks': 4550000, 'confl': 487155, 'model_rej': 0} 293s
    ... {'checks': 4600000, 'confl': 489926, 'model_rej': 0} 298s
    ... {'checks': 4650000, 'confl': 493144, 'model_rej': 0} 302s
    ... {'checks': 4700000, 'confl': 496088, 'model_rej': 0} 307s
    ... {'checks': 4750000, 'confl': 498728, 'model_rej': 0} 313s
    ... {'checks': 4800000, 'confl': 501944, 'model_rej': 0} 318s
    ... {'checks': 4850000, 'confl': 505826, 'model_rej': 0} 323s
    ... {'checks': 4900000, 'confl': 508204, 'model_rej': 0} 327s
    ... {'checks': 4950000, 'confl': 510698, 'model_rej': 0} 333s
    ... {'checks': 5000000, 'confl': 513714, 'model_rej': 0} 337s
    ... {'checks': 5050000, 'confl': 515737, 'model_rej': 0} 343s
    ... {'checks': 5100000, 'confl': 518379, 'model_rej': 0} 346s
    ... {'checks': 5150000, 'confl': 521458, 'model_rej': 0} 350s
    ... {'checks': 5200000, 'confl': 524653, 'model_rej': 0} 354s
    ... {'checks': 5250000, 'confl': 527870, 'model_rej': 0} 359s
    ... {'checks': 5300000, 'confl': 531226, 'model_rej': 0} 362s
    ... {'checks': 5350000, 'confl': 534196, 'model_rej': 0} 366s
    ... {'checks': 5400000, 'confl': 537125, 'model_rej': 0} 374s
    ... {'checks': 5450000, 'confl': 539467, 'model_rej': 0} 377s
    ... {'checks': 5500000, 'confl': 541520, 'model_rej': 0} 381s
    ... {'checks': 5550000, 'confl': 544036, 'model_rej': 0} 385s
    ... {'checks': 5600000, 'confl': 546419, 'model_rej': 0} 388s
    ... {'checks': 5650000, 'confl': 548392, 'model_rej': 0} 392s
    ... {'checks': 5700000, 'confl': 550243, 'model_rej': 0} 397s
    ... {'checks': 5750000, 'confl': 551825, 'model_rej': 0} 401s
    ... {'checks': 5800000, 'confl': 553611, 'model_rej': 0} 410s
    ... {'checks': 5850000, 'confl': 555391, 'model_rej': 0} 414s
    ... {'checks': 5900000, 'confl': 557439, 'model_rej': 0} 419s
    ... {'checks': 5950000, 'confl': 559185, 'model_rej': 0} 422s
    ... {'checks': 6000000, 'confl': 560976, 'model_rej': 0} 426s
    ... {'checks': 6050000, 'confl': 562313, 'model_rej': 0} 429s
    ... {'checks': 6100000, 'confl': 563723, 'model_rej': 0} 432s
    ... {'checks': 6150000, 'confl': 565492, 'model_rej': 0} 440s
    ... {'checks': 6200000, 'confl': 567190, 'model_rej': 0} 445s
    ... {'checks': 6250000, 'confl': 568389, 'model_rej': 0} 448s
    ... {'checks': 6300000, 'confl': 570133, 'model_rej': 0} 451s
    ... {'checks': 6350000, 'confl': 571614, 'model_rej': 0} 455s
    ... {'checks': 6400000, 'confl': 573557, 'model_rej': 0} 458s
    ... {'checks': 6450000, 'confl': 575073, 'model_rej': 0} 461s
[f034-a4-06-e156] stats: {'checks': 6458355, 'confl': 575435, 'model_rej': 0}
[f034-a4-06-e156] UNSAT in 461.0s — NOT BIPLANAR (subject to control validation)
RESULT f034-a4-06-e156 UNSAT 461.1s
