# A4 member 13: slack=1 e=155 n=28 mults=[05:3 06:5 14:4 15:4 23:6 24:1 26:1 34:1 35:1 46:2] generators=18 backend=boyer Thu Sep 24 21:37:46 2026
[f034-a4-13-e155] n=28 m=155 cap=78 | 405 K5s, 3544 K3,3s, 18 sym generators, 40273 clauses, propagator check_at=9 planarity=boyer
    ... {'checks': 50000, 'confl': 11667, 'model_rej': 0} 2s
    ... {'checks': 100000, 'confl': 22370, 'model_rej': 0} 4s
    ... {'checks': 150000, 'confl': 33425, 'model_rej': 0} 5s
    ... {'checks': 200000, 'confl': 41065, 'model_rej': 0} 7s
    ... {'checks': 250000, 'confl': 49485, 'model_rej': 0} 9s
    ... {'checks': 300000, 'confl': 58697, 'model_rej': 0} 11s
    ... {'checks': 350000, 'confl': 66183, 'model_rej': 0} 13s
    ... {'checks': 400000, 'confl': 73778, 'model_rej': 0} 15s
    ... {'checks': 450000, 'confl': 80455, 'model_rej': 0} 18s
    ... {'checks': 500000, 'confl': 87465, 'model_rej': 0} 20s
    ... {'checks': 550000, 'confl': 93946, 'model_rej': 0} 23s
    ... {'checks': 600000, 'confl': 98369, 'model_rej': 0} 26s
    ... {'checks': 650000, 'confl': 106459, 'model_rej': 0} 27s
    ... {'checks': 700000, 'confl': 112896, 'model_rej': 0} 29s
    ... {'checks': 750000, 'confl': 117498, 'model_rej': 0} 31s
    ... {'checks': 800000, 'confl': 123002, 'model_rej': 0} 34s
    ... {'checks': 850000, 'confl': 127592, 'model_rej': 0} 37s
    ... {'checks': 900000, 'confl': 133337, 'model_rej': 0} 40s
    ... {'checks': 950000, 'confl': 139542, 'model_rej': 0} 44s
    ... {'checks': 1000000, 'confl': 146100, 'model_rej': 0} 47s
    ... {'checks': 1050000, 'confl': 152177, 'model_rej': 0} 50s
    ... {'checks': 1100000, 'confl': 158309, 'model_rej': 0} 53s
    ... {'checks': 1150000, 'confl': 164004, 'model_rej': 0} 57s
    ... {'checks': 1200000, 'confl': 169965, 'model_rej': 0} 59s
    ... {'checks': 1250000, 'confl': 175867, 'model_rej': 0} 62s
    ... {'checks': 1300000, 'confl': 182493, 'model_rej': 0} 66s
    ... {'checks': 1350000, 'confl': 188708, 'model_rej': 0} 69s
    ... {'checks': 1400000, 'confl': 194685, 'model_rej': 0} 73s
    ... {'checks': 1450000, 'confl': 200815, 'model_rej': 0} 77s
    ... {'checks': 1500000, 'confl': 207062, 'model_rej': 0} 82s
    ... {'checks': 1550000, 'confl': 213855, 'model_rej': 0} 86s
    ... {'checks': 1600000, 'confl': 219204, 'model_rej': 0} 90s
    ... {'checks': 1650000, 'confl': 224578, 'model_rej': 0} 94s
    ... {'checks': 1700000, 'confl': 230161, 'model_rej': 0} 97s
    ... {'checks': 1750000, 'confl': 234314, 'model_rej': 0} 100s
    ... {'checks': 1800000, 'confl': 239704, 'model_rej': 0} 104s
    ... {'checks': 1850000, 'confl': 246238, 'model_rej': 0} 107s
    ... {'checks': 1900000, 'confl': 254449, 'model_rej': 0} 109s
    ... {'checks': 1950000, 'confl': 260861, 'model_rej': 0} 114s
    ... {'checks': 2000000, 'confl': 266298, 'model_rej': 0} 117s
    ... {'checks': 2050000, 'confl': 271594, 'model_rej': 0} 121s
    ... {'checks': 2100000, 'confl': 278492, 'model_rej': 0} 124s
    ... {'checks': 2150000, 'confl': 282590, 'model_rej': 0} 127s
    ... {'checks': 2200000, 'confl': 285932, 'model_rej': 0} 131s
    ... {'checks': 2250000, 'confl': 290349, 'model_rej': 0} 134s
    ... {'checks': 2300000, 'confl': 294978, 'model_rej': 0} 137s
    ... {'checks': 2350000, 'confl': 297731, 'model_rej': 0} 141s
    ... {'checks': 2400000, 'confl': 301503, 'model_rej': 0} 144s
    ... {'checks': 2450000, 'confl': 305231, 'model_rej': 0} 148s
    ... {'checks': 2500000, 'confl': 309375, 'model_rej': 0} 152s
    ... {'checks': 2550000, 'confl': 314435, 'model_rej': 0} 155s
    ... {'checks': 2600000, 'confl': 319623, 'model_rej': 0} 160s
    ... {'checks': 2650000, 'confl': 324618, 'model_rej': 0} 167s
    ... {'checks': 2700000, 'confl': 327837, 'model_rej': 0} 171s
    ... {'checks': 2750000, 'confl': 331589, 'model_rej': 0} 176s
    ... {'checks': 2800000, 'confl': 336752, 'model_rej': 0} 181s
    ... {'checks': 2850000, 'confl': 341520, 'model_rej': 0} 186s
    ... {'checks': 2900000, 'confl': 346338, 'model_rej': 0} 193s
    ... {'checks': 2950000, 'confl': 351104, 'model_rej': 0} 200s
    ... {'checks': 3000000, 'confl': 355418, 'model_rej': 0} 207s
    ... {'checks': 3050000, 'confl': 361279, 'model_rej': 0} 214s
    ... {'checks': 3100000, 'confl': 365030, 'model_rej': 0} 220s
    ... {'checks': 3150000, 'confl': 369979, 'model_rej': 0} 229s
    ... {'checks': 3200000, 'confl': 375218, 'model_rej': 0} 237s
    ... {'checks': 3250000, 'confl': 379380, 'model_rej': 0} 244s
    ... {'checks': 3300000, 'confl': 385099, 'model_rej': 0} 252s
    ... {'checks': 3350000, 'confl': 389563, 'model_rej': 0} 259s
    ... {'checks': 3400000, 'confl': 393917, 'model_rej': 0} 265s
    ... {'checks': 3450000, 'confl': 398774, 'model_rej': 0} 275s
    ... {'checks': 3500000, 'confl': 403766, 'model_rej': 0} 284s
    ... {'checks': 3550000, 'confl': 408411, 'model_rej': 0} 293s
    ... {'checks': 3600000, 'confl': 413575, 'model_rej': 0} 300s
    ... {'checks': 3650000, 'confl': 417552, 'model_rej': 0} 309s
    ... {'checks': 3700000, 'confl': 421541, 'model_rej': 0} 317s
    ... {'checks': 3750000, 'confl': 426318, 'model_rej': 0} 324s
    ... {'checks': 3800000, 'confl': 431379, 'model_rej': 0} 332s
    ... {'checks': 3850000, 'confl': 435877, 'model_rej': 0} 341s
    ... {'checks': 3900000, 'confl': 440140, 'model_rej': 0} 353s
    ... {'checks': 3950000, 'confl': 443575, 'model_rej': 0} 360s
    ... {'checks': 4000000, 'confl': 448773, 'model_rej': 0} 368s
    ... {'checks': 4050000, 'confl': 453812, 'model_rej': 0} 377s
    ... {'checks': 4100000, 'confl': 458806, 'model_rej': 0} 386s
    ... {'checks': 4150000, 'confl': 463564, 'model_rej': 0} 393s
    ... {'checks': 4200000, 'confl': 466429, 'model_rej': 0} 402s
    ... {'checks': 4250000, 'confl': 470731, 'model_rej': 0} 411s
    ... {'checks': 4300000, 'confl': 475450, 'model_rej': 0} 419s
    ... {'checks': 4350000, 'confl': 481085, 'model_rej': 0} 427s
    ... {'checks': 4400000, 'confl': 486666, 'model_rej': 0} 438s
    ... {'checks': 4450000, 'confl': 490925, 'model_rej': 0} 449s
    ... {'checks': 4500000, 'confl': 495053, 'model_rej': 0} 457s
    ... {'checks': 4550000, 'confl': 500675, 'model_rej': 0} 466s
    ... {'checks': 4600000, 'confl': 505490, 'model_rej': 0} 473s
    ... {'checks': 4650000, 'confl': 510426, 'model_rej': 0} 482s
    ... {'checks': 4700000, 'confl': 514140, 'model_rej': 0} 489s
    ... {'checks': 4750000, 'confl': 518406, 'model_rej': 0} 505s
    ... {'checks': 4800000, 'confl': 523178, 'model_rej': 0} 514s
    ... {'checks': 4850000, 'confl': 527256, 'model_rej': 0} 524s
    ... {'checks': 4900000, 'confl': 531927, 'model_rej': 0} 532s
    ... {'checks': 4950000, 'confl': 536513, 'model_rej': 0} 541s
    ... {'checks': 5000000, 'confl': 541216, 'model_rej': 0} 550s
    ... {'checks': 5050000, 'confl': 545161, 'model_rej': 0} 560s
    ... {'checks': 5100000, 'confl': 548522, 'model_rej': 0} 569s
    ... {'checks': 5150000, 'confl': 552074, 'model_rej': 0} 579s
    ... {'checks': 5200000, 'confl': 556005, 'model_rej': 0} 592s
    ... {'checks': 5250000, 'confl': 559789, 'model_rej': 0} 599s
    ... {'checks': 5300000, 'confl': 563952, 'model_rej': 0} 610s
    ... {'checks': 5350000, 'confl': 568887, 'model_rej': 0} 622s
    ... {'checks': 5400000, 'confl': 574569, 'model_rej': 0} 632s
    ... {'checks': 5450000, 'confl': 579378, 'model_rej': 0} 637s
    ... {'checks': 5500000, 'confl': 583348, 'model_rej': 0} 642s
    ... {'checks': 5550000, 'confl': 587355, 'model_rej': 0} 648s
    ... {'checks': 5600000, 'confl': 591713, 'model_rej': 0} 653s
    ... {'checks': 5650000, 'confl': 596907, 'model_rej': 0} 659s
    ... {'checks': 5700000, 'confl': 602358, 'model_rej': 0} 665s
    ... {'checks': 5750000, 'confl': 607530, 'model_rej': 0} 671s
    ... {'checks': 5800000, 'confl': 611595, 'model_rej': 0} 685s
    ... {'checks': 5850000, 'confl': 616005, 'model_rej': 0} 698s
    ... {'checks': 5900000, 'confl': 621277, 'model_rej': 0} 705s
    ... {'checks': 5950000, 'confl': 625958, 'model_rej': 0} 713s
    ... {'checks': 6000000, 'confl': 630099, 'model_rej': 0} 718s
    ... {'checks': 6050000, 'confl': 633390, 'model_rej': 0} 725s
    ... {'checks': 6100000, 'confl': 637806, 'model_rej': 0} 733s
    ... {'checks': 6150000, 'confl': 641512, 'model_rej': 0} 741s
    ... {'checks': 6200000, 'confl': 646922, 'model_rej': 0} 748s
    ... {'checks': 6250000, 'confl': 650587, 'model_rej': 0} 756s
    ... {'checks': 6300000, 'confl': 654678, 'model_rej': 0} 763s
    ... {'checks': 6350000, 'confl': 657943, 'model_rej': 0} 770s
    ... {'checks': 6400000, 'confl': 662053, 'model_rej': 0} 778s
    ... {'checks': 6450000, 'confl': 665750, 'model_rej': 0} 786s
    ... {'checks': 6500000, 'confl': 669464, 'model_rej': 0} 793s
    ... {'checks': 6550000, 'confl': 673609, 'model_rej': 0} 799s
    ... {'checks': 6600000, 'confl': 676608, 'model_rej': 0} 807s
    ... {'checks': 6650000, 'confl': 679771, 'model_rej': 0} 822s
    ... {'checks': 6700000, 'confl': 684468, 'model_rej': 0} 829s
    ... {'checks': 6750000, 'confl': 687891, 'model_rej': 0} 835s
    ... {'checks': 6800000, 'confl': 691670, 'model_rej': 0} 842s
    ... {'checks': 6850000, 'confl': 695424, 'model_rej': 0} 849s
    ... {'checks': 6900000, 'confl': 699105, 'model_rej': 0} 856s
    ... {'checks': 6950000, 'confl': 702589, 'model_rej': 0} 863s
    ... {'checks': 7000000, 'confl': 706528, 'model_rej': 0} 872s
    ... {'checks': 7050000, 'confl': 710350, 'model_rej': 0} 888s
    ... {'checks': 7100000, 'confl': 714574, 'model_rej': 0} 895s
    ... {'checks': 7150000, 'confl': 717805, 'model_rej': 0} 903s
    ... {'checks': 7200000, 'confl': 720418, 'model_rej': 0} 909s
    ... {'checks': 7250000, 'confl': 723494, 'model_rej': 0} 917s
    ... {'checks': 7300000, 'confl': 726427, 'model_rej': 0} 923s
    ... {'checks': 7350000, 'confl': 729154, 'model_rej': 0} 930s
    ... {'checks': 7400000, 'confl': 732263, 'model_rej': 0} 936s
    ... {'checks': 7450000, 'confl': 735360, 'model_rej': 0} 943s
    ... {'checks': 7500000, 'confl': 737753, 'model_rej': 0} 954s
    ... {'checks': 7550000, 'confl': 741038, 'model_rej': 0} 962s
    ... {'checks': 7600000, 'confl': 744278, 'model_rej': 0} 984s
    ... {'checks': 7650000, 'confl': 747806, 'model_rej': 0} 992s
    ... {'checks': 7700000, 'confl': 751739, 'model_rej': 0} 1001s
    ... {'checks': 7750000, 'confl': 753600, 'model_rej': 0} 1009s
    ... {'checks': 7800000, 'confl': 757548, 'model_rej': 0} 1016s
    ... {'checks': 7850000, 'confl': 761707, 'model_rej': 0} 1024s
    ... {'checks': 7900000, 'confl': 765046, 'model_rej': 0} 1032s
    ... {'checks': 7950000, 'confl': 767052, 'model_rej': 0} 1039s
    ... {'checks': 8000000, 'confl': 769533, 'model_rej': 0} 1053s
    ... {'checks': 8050000, 'confl': 773261, 'model_rej': 0} 1062s
    ... {'checks': 8100000, 'confl': 776526, 'model_rej': 0} 1068s
    ... {'checks': 8150000, 'confl': 779128, 'model_rej': 0} 1076s
    ... {'checks': 8200000, 'confl': 782116, 'model_rej': 0} 1083s
    ... {'checks': 8250000, 'confl': 787079, 'model_rej': 0} 1090s
    ... {'checks': 8300000, 'confl': 790748, 'model_rej': 0} 1098s
    ... {'checks': 8350000, 'confl': 793469, 'model_rej': 0} 1105s
    ... {'checks': 8400000, 'confl': 797386, 'model_rej': 0} 1112s
    ... {'checks': 8450000, 'confl': 800318, 'model_rej': 0} 1120s
    ... {'checks': 8500000, 'confl': 804792, 'model_rej': 0} 1127s
    ... {'checks': 8550000, 'confl': 807554, 'model_rej': 0} 1140s
    ... {'checks': 8600000, 'confl': 811027, 'model_rej': 0} 1148s
    ... {'checks': 8650000, 'confl': 814190, 'model_rej': 0} 1157s
    ... {'checks': 8700000, 'confl': 816870, 'model_rej': 0} 1165s
    ... {'checks': 8750000, 'confl': 821011, 'model_rej': 0} 1173s
    ... {'checks': 8800000, 'confl': 824699, 'model_rej': 0} 1180s
    ... {'checks': 8850000, 'confl': 826665, 'model_rej': 0} 1188s
    ... {'checks': 8900000, 'confl': 830162, 'model_rej': 0} 1196s
    ... {'checks': 8950000, 'confl': 833760, 'model_rej': 0} 1203s
    ... {'checks': 9000000, 'confl': 837581, 'model_rej': 0} 1212s
    ... {'checks': 9050000, 'confl': 840541, 'model_rej': 0} 1223s
    ... {'checks': 9100000, 'confl': 841427, 'model_rej': 0} 1231s
    ... {'checks': 9150000, 'confl': 842804, 'model_rej': 0} 1243s
    ... {'checks': 9200000, 'confl': 844703, 'model_rej': 0} 1251s
    ... {'checks': 9250000, 'confl': 847876, 'model_rej': 0} 1259s
    ... {'checks': 9300000, 'confl': 851327, 'model_rej': 0} 1266s
    ... {'checks': 9350000, 'confl': 854061, 'model_rej': 0} 1275s
    ... {'checks': 9400000, 'confl': 856531, 'model_rej': 0} 1283s
    ... {'checks': 9450000, 'confl': 859742, 'model_rej': 0} 1291s
    ... {'checks': 9500000, 'confl': 862903, 'model_rej': 0} 1298s
    ... {'checks': 9550000, 'confl': 865587, 'model_rej': 0} 1305s
    ... {'checks': 9600000, 'confl': 868515, 'model_rej': 0} 1315s
    ... {'checks': 9650000, 'confl': 872204, 'model_rej': 0} 1328s
    ... {'checks': 9700000, 'confl': 874982, 'model_rej': 0} 1339s
    ... {'checks': 9750000, 'confl': 877548, 'model_rej': 0} 1360s
    ... {'checks': 9800000, 'confl': 880172, 'model_rej': 0} 1372s
    ... {'checks': 9850000, 'confl': 882872, 'model_rej': 0} 1382s
    ... {'checks': 9900000, 'confl': 884920, 'model_rej': 0} 1395s
    ... {'checks': 9950000, 'confl': 887355, 'model_rej': 0} 1406s
    ... {'checks': 10000000, 'confl': 889738, 'model_rej': 0} 1418s
    ... {'checks': 10050000, 'confl': 892459, 'model_rej': 0} 1430s
    ... {'checks': 10100000, 'confl': 895511, 'model_rej': 0} 1441s
    ... {'checks': 10150000, 'confl': 897787, 'model_rej': 0} 1453s
    ... {'checks': 10200000, 'confl': 900111, 'model_rej': 0} 1464s
    ... {'checks': 10250000, 'confl': 903312, 'model_rej': 0} 1478s
    ... {'checks': 10300000, 'confl': 905760, 'model_rej': 0} 1496s
    ... {'checks': 10350000, 'confl': 908318, 'model_rej': 0} 1510s
    ... {'checks': 10400000, 'confl': 911055, 'model_rej': 0} 1522s
    ... {'checks': 10450000, 'confl': 914290, 'model_rej': 0} 1536s
    ... {'checks': 10500000, 'confl': 916132, 'model_rej': 0} 1551s
    ... {'checks': 10550000, 'confl': 918585, 'model_rej': 0} 1563s
    ... {'checks': 10600000, 'confl': 921509, 'model_rej': 0} 1574s
    ... {'checks': 10650000, 'confl': 924098, 'model_rej': 0} 1586s
    ... {'checks': 10700000, 'confl': 926531, 'model_rej': 0} 1601s
    ... {'checks': 10750000, 'confl': 929380, 'model_rej': 0} 1615s
    ... {'checks': 10800000, 'confl': 931311, 'model_rej': 0} 1624s
    ... {'checks': 10850000, 'confl': 932685, 'model_rej': 0} 1634s
    ... {'checks': 10900000, 'confl': 934191, 'model_rej': 0} 1646s
    ... {'checks': 10950000, 'confl': 936694, 'model_rej': 0} 1686s
    ... {'checks': 11000000, 'confl': 938103, 'model_rej': 0} 1696s
    ... {'checks': 11050000, 'confl': 940697, 'model_rej': 0} 1708s
    ... {'checks': 11100000, 'confl': 943672, 'model_rej': 0} 1723s
    ... {'checks': 11150000, 'confl': 947271, 'model_rej': 0} 1735s
    ... {'checks': 11200000, 'confl': 949797, 'model_rej': 0} 1758s
    ... {'checks': 11250000, 'confl': 951519, 'model_rej': 0} 1769s
    ... {'checks': 11300000, 'confl': 953839, 'model_rej': 0} 1783s
    ... {'checks': 11350000, 'confl': 956376, 'model_rej': 0} 1800s
    ... {'checks': 11400000, 'confl': 958236, 'model_rej': 0} 1810s
    ... {'checks': 11450000, 'confl': 960054, 'model_rej': 0} 1823s
    ... {'checks': 11500000, 'confl': 962125, 'model_rej': 0} 1835s
    ... {'checks': 11550000, 'confl': 963705, 'model_rej': 0} 1850s
    ... {'checks': 11600000, 'confl': 966088, 'model_rej': 0} 1866s
    ... {'checks': 11650000, 'confl': 968387, 'model_rej': 0} 1879s
    ... {'checks': 11700000, 'confl': 970191, 'model_rej': 0} 1892s
    ... {'checks': 11750000, 'confl': 973416, 'model_rej': 0} 1903s
    ... {'checks': 11800000, 'confl': 975383, 'model_rej': 0} 1916s
    ... {'checks': 11850000, 'confl': 979316, 'model_rej': 0} 1928s
    ... {'checks': 11900000, 'confl': 981715, 'model_rej': 0} 1940s
    ... {'checks': 11950000, 'confl': 983991, 'model_rej': 0} 1962s
    ... {'checks': 12000000, 'confl': 986375, 'model_rej': 0} 1978s
    ... {'checks': 12050000, 'confl': 988375, 'model_rej': 0} 1989s
    ... {'checks': 12100000, 'confl': 990415, 'model_rej': 0} 2004s
    ... {'checks': 12150000, 'confl': 993353, 'model_rej': 0} 2044s
    ... {'checks': 12200000, 'confl': 994951, 'model_rej': 0} 2058s
    ... {'checks': 12250000, 'confl': 997115, 'model_rej': 0} 2071s
    ... {'checks': 12300000, 'confl': 999920, 'model_rej': 0} 2086s
    ... {'checks': 12350000, 'confl': 1001989, 'model_rej': 0} 2099s
    ... {'checks': 12400000, 'confl': 1003616, 'model_rej': 0} 2108s
    ... {'checks': 12450000, 'confl': 1006517, 'model_rej': 0} 2123s
    ... {'checks': 12500000, 'confl': 1009335, 'model_rej': 0} 2138s
    ... {'checks': 12550000, 'confl': 1011015, 'model_rej': 0} 2150s
    ... {'checks': 12600000, 'confl': 1012449, 'model_rej': 0} 2164s
    ... {'checks': 12650000, 'confl': 1013884, 'model_rej': 0} 2179s
    ... {'checks': 12700000, 'confl': 1015934, 'model_rej': 0} 2195s
    ... {'checks': 12750000, 'confl': 1018677, 'model_rej': 0} 2220s
    ... {'checks': 12800000, 'confl': 1020908, 'model_rej': 0} 2235s
    ... {'checks': 12850000, 'confl': 1022995, 'model_rej': 0} 2251s
    ... {'checks': 12900000, 'confl': 1024936, 'model_rej': 0} 2263s
    ... {'checks': 12950000, 'confl': 1027331, 'model_rej': 0} 2275s
    ... {'checks': 13000000, 'confl': 1029600, 'model_rej': 0} 2287s
    ... {'checks': 13050000, 'confl': 1031225, 'model_rej': 0} 2300s
    ... {'checks': 13100000, 'confl': 1033105, 'model_rej': 0} 2313s
    ... {'checks': 13150000, 'confl': 1034924, 'model_rej': 0} 2327s
    ... {'checks': 13200000, 'confl': 1037196, 'model_rej': 0} 2340s
    ... {'checks': 13250000, 'confl': 1038924, 'model_rej': 0} 2355s
    ... {'checks': 13300000, 'confl': 1040994, 'model_rej': 0} 2369s
    ... {'checks': 13350000, 'confl': 1042343, 'model_rej': 0} 2381s
    ... {'checks': 13400000, 'confl': 1044606, 'model_rej': 0} 2396s
    ... {'checks': 13450000, 'confl': 1047062, 'model_rej': 0} 2473s
    ... {'checks': 13500000, 'confl': 1049352, 'model_rej': 0} 2487s
    ... {'checks': 13550000, 'confl': 1051330, 'model_rej': 0} 2511s
    ... {'checks': 13600000, 'confl': 1053415, 'model_rej': 0} 2524s
    ... {'checks': 13650000, 'confl': 1055101, 'model_rej': 0} 2538s
    ... {'checks': 13700000, 'confl': 1057267, 'model_rej': 0} 2553s
    ... {'checks': 13750000, 'confl': 1058813, 'model_rej': 0} 2564s
    ... {'checks': 13800000, 'confl': 1060935, 'model_rej': 0} 2576s
    ... {'checks': 13850000, 'confl': 1062105, 'model_rej': 0} 2589s
    ... {'checks': 13900000, 'confl': 1063959, 'model_rej': 0} 2605s
    ... {'checks': 13950000, 'confl': 1066643, 'model_rej': 0} 2618s
    ... {'checks': 14000000, 'confl': 1068724, 'model_rej': 0} 2631s
    ... {'checks': 14050000, 'confl': 1070774, 'model_rej': 0} 2646s
    ... {'checks': 14100000, 'confl': 1072948, 'model_rej': 0} 2661s
    ... {'checks': 14150000, 'confl': 1075166, 'model_rej': 0} 2675s
    ... {'checks': 14200000, 'confl': 1077782, 'model_rej': 0} 2690s
    ... {'checks': 14250000, 'confl': 1080000, 'model_rej': 0} 2703s
    ... {'checks': 14300000, 'confl': 1082434, 'model_rej': 0} 2720s
    ... {'checks': 14350000, 'confl': 1084928, 'model_rej': 0} 2732s
    ... {'checks': 14400000, 'confl': 1085978, 'model_rej': 0} 2742s
    ... {'checks': 14450000, 'confl': 1088246, 'model_rej': 0} 2758s
    ... {'checks': 14500000, 'confl': 1090343, 'model_rej': 0} 2771s
    ... {'checks': 14550000, 'confl': 1092345, 'model_rej': 0} 2785s
    ... {'checks': 14600000, 'confl': 1094090, 'model_rej': 0} 2798s
    ... {'checks': 14650000, 'confl': 1095862, 'model_rej': 0} 2814s
    ... {'checks': 14700000, 'confl': 1097089, 'model_rej': 0} 2824s
    ... {'checks': 14750000, 'confl': 1098864, 'model_rej': 0} 2927s
    ... {'checks': 14800000, 'confl': 1101132, 'model_rej': 0} 2939s
    ... {'checks': 14850000, 'confl': 1103067, 'model_rej': 0} 2952s
    ... {'checks': 14900000, 'confl': 1105399, 'model_rej': 0} 2964s
    ... {'checks': 14950000, 'confl': 1106686, 'model_rej': 0} 2977s
    ... {'checks': 15000000, 'confl': 1108043, 'model_rej': 0} 2989s
    ... {'checks': 15050000, 'confl': 1110165, 'model_rej': 0} 3003s
    ... {'checks': 15100000, 'confl': 1111633, 'model_rej': 0} 3014s
    ... {'checks': 15150000, 'confl': 1114401, 'model_rej': 0} 3028s
    ... {'checks': 15200000, 'confl': 1116559, 'model_rej': 0} 3041s
    ... {'checks': 15250000, 'confl': 1118139, 'model_rej': 0} 3052s
    ... {'checks': 15300000, 'confl': 1119906, 'model_rej': 0} 3066s
    ... {'checks': 15350000, 'confl': 1122036, 'model_rej': 0} 3079s
    ... {'checks': 15400000, 'confl': 1123618, 'model_rej': 0} 3105s
    ... {'checks': 15450000, 'confl': 1125281, 'model_rej': 0} 3118s
    ... {'checks': 15500000, 'confl': 1127477, 'model_rej': 0} 3134s
    ... {'checks': 15550000, 'confl': 1128925, 'model_rej': 0} 3147s
    ... {'checks': 15600000, 'confl': 1130637, 'model_rej': 0} 3160s
    ... {'checks': 15650000, 'confl': 1132660, 'model_rej': 0} 3174s
    ... {'checks': 15700000, 'confl': 1134293, 'model_rej': 0} 3187s
    ... {'checks': 15750000, 'confl': 1135625, 'model_rej': 0} 3199s
    ... {'checks': 15800000, 'confl': 1138057, 'model_rej': 0} 3211s
    ... {'checks': 15850000, 'confl': 1139506, 'model_rej': 0} 3223s
    ... {'checks': 15900000, 'confl': 1141056, 'model_rej': 0} 3236s
    ... {'checks': 15950000, 'confl': 1142516, 'model_rej': 0} 3251s
    ... {'checks': 16000000, 'confl': 1144452, 'model_rej': 0} 3263s
    ... {'checks': 16050000, 'confl': 1146211, 'model_rej': 0} 3274s
    ... {'checks': 16100000, 'confl': 1147704, 'model_rej': 0} 3362s
    ... {'checks': 16150000, 'confl': 1148922, 'model_rej': 0} 3375s
    ... {'checks': 16200000, 'confl': 1150465, 'model_rej': 0} 3389s
    ... {'checks': 16250000, 'confl': 1151938, 'model_rej': 0} 3401s
    ... {'checks': 16300000, 'confl': 1153306, 'model_rej': 0} 3415s
    ... {'checks': 16350000, 'confl': 1154257, 'model_rej': 0} 3427s
    ... {'checks': 16400000, 'confl': 1155642, 'model_rej': 0} 3441s
    ... {'checks': 16450000, 'confl': 1157216, 'model_rej': 0} 3454s
    ... {'checks': 16500000, 'confl': 1158195, 'model_rej': 0} 3467s
    ... {'checks': 16550000, 'confl': 1159830, 'model_rej': 0} 3479s
    ... {'checks': 16600000, 'confl': 1161195, 'model_rej': 0} 3490s
    ... {'checks': 16650000, 'confl': 1162734, 'model_rej': 0} 3516s
    ... {'checks': 16700000, 'confl': 1165001, 'model_rej': 0} 3529s
    ... {'checks': 16750000, 'confl': 1166936, 'model_rej': 0} 3548s
    ... {'checks': 16800000, 'confl': 1168322, 'model_rej': 0} 3560s
    ... {'checks': 16850000, 'confl': 1169679, 'model_rej': 0} 3573s
    ... {'checks': 16900000, 'confl': 1171035, 'model_rej': 0} 3586s
    ... {'checks': 16950000, 'confl': 1172582, 'model_rej': 0} 3599s
    ... {'checks': 17000000, 'confl': 1174064, 'model_rej': 0} 3611s
    ... {'checks': 17050000, 'confl': 1175505, 'model_rej': 0} 3623s
[f034-a4-13-e155] stats: {'checks': 17051403, 'confl': 1175531, 'model_rej': 0}
[f034-a4-13-e155] UNSAT in 3623.8s — NOT BIPLANAR (subject to control validation)
RESULT f034-a4-13-e155 UNSAT 3623.9s
