# A4 member 8: slack=0 e=156 n=28 mults=[05:3 06:5 13:1 14:3 15:4 23:6 24:1 25:1 34:1 46:3] generators=18 backend=boyer Thu Sep 24 15:49:36 2026
[f034-a4-08-e156] n=28 m=156 cap=78 | 406 K5s, 3537 K3,3s, 18 sym generators, 40629 clauses, propagator check_at=9 planarity=boyer
    ... {'checks': 50000, 'confl': 11728, 'model_rej': 0} 1s
    ... {'checks': 100000, 'confl': 22381, 'model_rej': 0} 3s
    ... {'checks': 150000, 'confl': 32035, 'model_rej': 0} 4s
    ... {'checks': 200000, 'confl': 42237, 'model_rej': 0} 6s
    ... {'checks': 250000, 'confl': 52715, 'model_rej': 0} 7s
    ... {'checks': 300000, 'confl': 62399, 'model_rej': 0} 9s
    ... {'checks': 350000, 'confl': 71598, 'model_rej': 0} 11s
    ... {'checks': 400000, 'confl': 78711, 'model_rej': 0} 13s
    ... {'checks': 450000, 'confl': 86632, 'model_rej': 0} 14s
    ... {'checks': 500000, 'confl': 94491, 'model_rej': 0} 16s
    ... {'checks': 550000, 'confl': 101348, 'model_rej': 0} 18s
    ... {'checks': 600000, 'confl': 108690, 'model_rej': 0} 21s
    ... {'checks': 650000, 'confl': 118105, 'model_rej': 0} 22s
    ... {'checks': 700000, 'confl': 126986, 'model_rej': 0} 24s
    ... {'checks': 750000, 'confl': 133608, 'model_rej': 0} 26s
    ... {'checks': 800000, 'confl': 141202, 'model_rej': 0} 29s
    ... {'checks': 850000, 'confl': 147776, 'model_rej': 0} 30s
    ... {'checks': 900000, 'confl': 155822, 'model_rej': 0} 33s
    ... {'checks': 950000, 'confl': 165231, 'model_rej': 0} 35s
    ... {'checks': 1000000, 'confl': 174121, 'model_rej': 0} 37s
    ... {'checks': 1050000, 'confl': 183026, 'model_rej': 0} 40s
    ... {'checks': 1100000, 'confl': 188993, 'model_rej': 0} 41s
    ... {'checks': 1150000, 'confl': 194194, 'model_rej': 0} 43s
    ... {'checks': 1200000, 'confl': 199756, 'model_rej': 0} 45s
    ... {'checks': 1250000, 'confl': 204975, 'model_rej': 0} 47s
    ... {'checks': 1300000, 'confl': 210864, 'model_rej': 0} 50s
    ... {'checks': 1350000, 'confl': 216335, 'model_rej': 0} 53s
    ... {'checks': 1400000, 'confl': 221482, 'model_rej': 0} 55s
    ... {'checks': 1450000, 'confl': 226802, 'model_rej': 0} 57s
    ... {'checks': 1500000, 'confl': 232598, 'model_rej': 0} 60s
    ... {'checks': 1550000, 'confl': 237585, 'model_rej': 0} 63s
    ... {'checks': 1600000, 'confl': 243666, 'model_rej': 0} 65s
    ... {'checks': 1650000, 'confl': 249504, 'model_rej': 0} 68s
    ... {'checks': 1700000, 'confl': 254781, 'model_rej': 0} 72s
    ... {'checks': 1750000, 'confl': 260216, 'model_rej': 0} 75s
    ... {'checks': 1800000, 'confl': 264463, 'model_rej': 0} 77s
    ... {'checks': 1850000, 'confl': 270420, 'model_rej': 0} 80s
    ... {'checks': 1900000, 'confl': 278402, 'model_rej': 0} 82s
    ... {'checks': 1950000, 'confl': 286194, 'model_rej': 0} 85s
    ... {'checks': 2000000, 'confl': 293684, 'model_rej': 0} 87s
    ... {'checks': 2050000, 'confl': 300599, 'model_rej': 0} 89s
    ... {'checks': 2100000, 'confl': 306208, 'model_rej': 0} 93s
    ... {'checks': 2150000, 'confl': 312051, 'model_rej': 0} 96s
    ... {'checks': 2200000, 'confl': 316356, 'model_rej': 0} 99s
    ... {'checks': 2250000, 'confl': 321804, 'model_rej': 0} 101s
    ... {'checks': 2300000, 'confl': 327587, 'model_rej': 0} 104s
    ... {'checks': 2350000, 'confl': 335078, 'model_rej': 0} 106s
    ... {'checks': 2400000, 'confl': 342070, 'model_rej': 0} 108s
    ... {'checks': 2450000, 'confl': 348794, 'model_rej': 0} 112s
    ... {'checks': 2500000, 'confl': 353849, 'model_rej': 0} 115s
    ... {'checks': 2550000, 'confl': 359020, 'model_rej': 0} 119s
    ... {'checks': 2600000, 'confl': 363886, 'model_rej': 0} 122s
    ... {'checks': 2650000, 'confl': 369399, 'model_rej': 0} 125s
    ... {'checks': 2700000, 'confl': 373694, 'model_rej': 0} 128s
    ... {'checks': 2750000, 'confl': 376790, 'model_rej': 0} 131s
    ... {'checks': 2800000, 'confl': 382184, 'model_rej': 0} 135s
    ... {'checks': 2850000, 'confl': 387609, 'model_rej': 0} 139s
    ... {'checks': 2900000, 'confl': 393840, 'model_rej': 0} 142s
    ... {'checks': 2950000, 'confl': 399694, 'model_rej': 0} 145s
    ... {'checks': 3000000, 'confl': 403572, 'model_rej': 0} 148s
    ... {'checks': 3050000, 'confl': 408299, 'model_rej': 0} 151s
    ... {'checks': 3100000, 'confl': 412916, 'model_rej': 0} 154s
    ... {'checks': 3150000, 'confl': 416782, 'model_rej': 0} 159s
    ... {'checks': 3200000, 'confl': 419920, 'model_rej': 0} 163s
    ... {'checks': 3250000, 'confl': 424757, 'model_rej': 0} 166s
    ... {'checks': 3300000, 'confl': 429752, 'model_rej': 0} 172s
    ... {'checks': 3350000, 'confl': 433916, 'model_rej': 0} 175s
    ... {'checks': 3400000, 'confl': 437935, 'model_rej': 0} 178s
    ... {'checks': 3450000, 'confl': 442580, 'model_rej': 0} 181s
    ... {'checks': 3500000, 'confl': 447541, 'model_rej': 0} 191s
    ... {'checks': 3550000, 'confl': 451709, 'model_rej': 0} 195s
    ... {'checks': 3600000, 'confl': 455572, 'model_rej': 0} 198s
    ... {'checks': 3650000, 'confl': 459841, 'model_rej': 0} 202s
    ... {'checks': 3700000, 'confl': 463330, 'model_rej': 0} 205s
    ... {'checks': 3750000, 'confl': 468793, 'model_rej': 0} 209s
    ... {'checks': 3800000, 'confl': 471309, 'model_rej': 0} 215s
    ... {'checks': 3850000, 'confl': 476340, 'model_rej': 0} 220s
    ... {'checks': 3900000, 'confl': 481915, 'model_rej': 0} 224s
    ... {'checks': 3950000, 'confl': 486731, 'model_rej': 0} 227s
    ... {'checks': 4000000, 'confl': 492236, 'model_rej': 0} 231s
    ... {'checks': 4050000, 'confl': 497019, 'model_rej': 0} 234s
    ... {'checks': 4100000, 'confl': 501584, 'model_rej': 0} 238s
    ... {'checks': 4150000, 'confl': 506300, 'model_rej': 0} 241s
    ... {'checks': 4200000, 'confl': 509313, 'model_rej': 0} 245s
    ... {'checks': 4250000, 'confl': 512310, 'model_rej': 0} 258s
    ... {'checks': 4300000, 'confl': 516883, 'model_rej': 0} 262s
    ... {'checks': 4350000, 'confl': 520717, 'model_rej': 0} 269s
    ... {'checks': 4400000, 'confl': 523946, 'model_rej': 0} 273s
    ... {'checks': 4450000, 'confl': 525415, 'model_rej': 0} 278s
    ... {'checks': 4500000, 'confl': 526892, 'model_rej': 0} 282s
    ... {'checks': 4550000, 'confl': 531263, 'model_rej': 0} 287s
    ... {'checks': 4600000, 'confl': 534744, 'model_rej': 0} 291s
    ... {'checks': 4650000, 'confl': 539872, 'model_rej': 0} 300s
    ... {'checks': 4700000, 'confl': 545013, 'model_rej': 0} 304s
    ... {'checks': 4750000, 'confl': 549234, 'model_rej': 0} 309s
    ... {'checks': 4800000, 'confl': 552653, 'model_rej': 0} 313s
    ... {'checks': 4850000, 'confl': 556046, 'model_rej': 0} 317s
    ... {'checks': 4900000, 'confl': 558821, 'model_rej': 0} 326s
    ... {'checks': 4950000, 'confl': 562440, 'model_rej': 0} 330s
    ... {'checks': 5000000, 'confl': 566139, 'model_rej': 0} 335s
    ... {'checks': 5050000, 'confl': 568700, 'model_rej': 0} 339s
    ... {'checks': 5100000, 'confl': 571137, 'model_rej': 0} 358s
    ... {'checks': 5150000, 'confl': 573329, 'model_rej': 0} 363s
    ... {'checks': 5200000, 'confl': 575822, 'model_rej': 0} 368s
    ... {'checks': 5250000, 'confl': 578123, 'model_rej': 0} 372s
    ... {'checks': 5300000, 'confl': 582215, 'model_rej': 0} 376s
    ... {'checks': 5350000, 'confl': 586003, 'model_rej': 0} 380s
    ... {'checks': 5400000, 'confl': 588617, 'model_rej': 0} 385s
    ... {'checks': 5450000, 'confl': 592352, 'model_rej': 0} 389s
    ... {'checks': 5500000, 'confl': 595031, 'model_rej': 0} 394s
    ... {'checks': 5550000, 'confl': 598547, 'model_rej': 0} 403s
    ... {'checks': 5600000, 'confl': 600957, 'model_rej': 0} 407s
    ... {'checks': 5650000, 'confl': 603579, 'model_rej': 0} 412s
    ... {'checks': 5700000, 'confl': 607055, 'model_rej': 0} 417s
    ... {'checks': 5750000, 'confl': 609376, 'model_rej': 0} 422s
    ... {'checks': 5800000, 'confl': 611405, 'model_rej': 0} 426s
    ... {'checks': 5850000, 'confl': 613271, 'model_rej': 0} 431s
    ... {'checks': 5900000, 'confl': 616826, 'model_rej': 0} 435s
    ... {'checks': 5950000, 'confl': 620282, 'model_rej': 0} 440s
    ... {'checks': 6000000, 'confl': 623611, 'model_rej': 0} 444s
    ... {'checks': 6050000, 'confl': 626182, 'model_rej': 0} 453s
    ... {'checks': 6100000, 'confl': 628302, 'model_rej': 0} 458s
    ... {'checks': 6150000, 'confl': 630687, 'model_rej': 0} 466s
    ... {'checks': 6200000, 'confl': 632703, 'model_rej': 0} 472s
    ... {'checks': 6250000, 'confl': 634308, 'model_rej': 0} 477s
    ... {'checks': 6300000, 'confl': 635265, 'model_rej': 0} 483s
    ... {'checks': 6350000, 'confl': 637077, 'model_rej': 0} 488s
    ... {'checks': 6400000, 'confl': 638726, 'model_rej': 0} 493s
    ... {'checks': 6450000, 'confl': 640398, 'model_rej': 0} 500s
    ... {'checks': 6500000, 'confl': 641778, 'model_rej': 0} 504s
    ... {'checks': 6550000, 'confl': 643100, 'model_rej': 0} 509s
    ... {'checks': 6600000, 'confl': 645414, 'model_rej': 0} 514s
    ... {'checks': 6650000, 'confl': 647505, 'model_rej': 0} 519s
    ... {'checks': 6700000, 'confl': 649986, 'model_rej': 0} 524s
    ... {'checks': 6750000, 'confl': 651937, 'model_rej': 0} 531s
    ... {'checks': 6800000, 'confl': 653976, 'model_rej': 0} 536s
    ... {'checks': 6850000, 'confl': 655472, 'model_rej': 0} 565s
    ... {'checks': 6900000, 'confl': 657222, 'model_rej': 0} 570s
    ... {'checks': 6950000, 'confl': 658960, 'model_rej': 0} 576s
    ... {'checks': 7000000, 'confl': 660758, 'model_rej': 0} 582s
    ... {'checks': 7050000, 'confl': 662519, 'model_rej': 0} 588s
    ... {'checks': 7100000, 'confl': 664633, 'model_rej': 0} 594s
    ... {'checks': 7150000, 'confl': 667155, 'model_rej': 0} 599s
    ... {'checks': 7200000, 'confl': 668813, 'model_rej': 0} 605s
    ... {'checks': 7250000, 'confl': 670592, 'model_rej': 0} 611s
    ... {'checks': 7300000, 'confl': 672638, 'model_rej': 0} 618s
    ... {'checks': 7350000, 'confl': 674773, 'model_rej': 0} 623s
    ... {'checks': 7400000, 'confl': 676682, 'model_rej': 0} 633s
    ... {'checks': 7450000, 'confl': 678674, 'model_rej': 0} 638s
    ... {'checks': 7500000, 'confl': 681235, 'model_rej': 0} 643s
    ... {'checks': 7550000, 'confl': 683016, 'model_rej': 0} 648s
[f034-a4-08-e156] stats: {'checks': 7597719, 'confl': 685369, 'model_rej': 0}
[f034-a4-08-e156] UNSAT in 653.5s — NOT BIPLANAR (subject to control validation)
RESULT f034-a4-08-e156 UNSAT 653.5s
