# lean_static_resolve 2026-10-02 18:46:14
# dump=/root/earth-moon/population/f034-a4-cert/cs-a4_m11c/s/n107_p128_p146_p60/dump.jsonl raw=981476 dedup=981476 footer={'type': 'footer', 'verdict': 'UNSAT', 'counts': {'preseed': 7504, 'prop': 973972, 'model': 0}, 'stats': {'checks': 6257857, 'confl': 486986, 'model_rej': 0}, 'time': '2026-10-02T18:45:58+0000'}
# counters=False
$ /root/bin/cadical --lrat --no-binary --no-factor /root/earth-moon/population/f034-a4-cert/cs-a4_m11c/r/n107_p128_p146_p60/round-0/F.cnf /root/earth-moon/population/f034-a4-cert/cs-a4_m11c/r/n107_p128_p146_p60/round-0/F.lrat
c --- [ banner ] -------------------------------------------------------------
c 
c CaDiCaL SAT Solver
c Copyright (c) 2016-2026
c A. Biere, M. Fleury, N. Froleyks, K. Fazekas, F. Pollitt, T. Faller
c JKU Linz, University of Freiburg, TU Wien
c 
c Version 3.0.1 c60730422e758ef1cebe7aeddf2dda31c996bf04
c g++ (Ubuntu 13.3.0-6ubuntu2~24.04.1) 13.3.0 -Wall -Wextra -O3 -DNDEBUG
c Fri Oct 2 18:00:09 UTC 2026 Linux ai-math 6.8.0-139-generic x86_64
c 
c --- [ proof tracing ] ------------------------------------------------------
c 
c opening file to write '/root/earth-moon/population/f034-a4-cert/cs-a4_m11c/r/n107_p128_p146_p60/round-0/F.lrat'
c writing non-binary proof trace to '/root/earth-moon/population/f034-a4-cert/cs-a4_m11c/r/n107_p128_p146_p60/round-0/F.lrat'
c 
c --- [ parsing input ] ------------------------------------------------------
c 
c reading DIMACS file from '/root/earth-moon/population/f034-a4-cert/cs-a4_m11c/r/n107_p128_p146_p60/round-0/F.cnf'
c opening file to read '/root/earth-moon/population/f034-a4-cert/cs-a4_m11c/r/n107_p128_p146_p60/round-0/F.cnf'
c found 'p cnf 3100 990297' header
c parsed 990297 clauses in 0.67 seconds process time
c 
c --- [ options ] ------------------------------------------------------------
c 
c   --binary=false                 (different from default 'true')
c   --lrat=true                    (different from default 'false')
c 
c --- [ solving ] ------------------------------------------------------------
c 
c time measured in process time since initialization
c 
c  seconds  reduction conflicts       size tier2       variables
c         MB    restarts   redundant    glue  trail         remaining
c          level     rate       size/glu tier1  irredundant
c 
c *  0.67 89  0 0   0  0    0    0 0.0 0 0 2 6  0% 657246 3057 99%
c )  0.77 119  0 0   0  0    0    0 0.0 0 0 2 6  0% 657246 3057 99%
c {  0.77 119  0 0   0  0    0    0 0.0 0 0 2 6  0% 657246 3057 99%
c i  0.91 134 132 0   8  9  272  101 1.4 16 11 2 6 17% 657093 3056 99%
c i  0.91 134 131 0   9  9  274  101 1.4 16 11 2 6 17% 657093 3055 99%
c i  0.91 134 130 0   9  9  275  101 1.4 16 11 2 6 17% 657093 3054 99%
c i  0.91 134 130 0   9  9  276  101 1.4 16 11 2 6 17% 657093 3052 98%
c i  0.92 135 125 0  14  9  294  110 1.5 16 11 2 6 16% 657089 3049 98%
c i  0.92 135 124 0  14  9  296  110 1.5 16 11 2 6 16% 657088 3047 98%
c i  0.92 135 122 0  15  9  301  113 1.5 15 10 2 6 16% 657088 3046 98%
c -  0.96 134 122 1  15  9  301   59 1.5 15 10 2 6 16% 657069 3046 98%
c i  1.00 138 98 1  33  9  420  128 1.4 17 12 2 6 15% 657032 3044 98%
c i  1.02 138 94 1  45 10  478  160 1.4 17 12 2 6 16% 657012 3043 98%
c i  1.02 138 93 1  45  9  483  163 1.4 17 12 2 6 15% 657011 3042 98%
c i  1.02 138 92 1  45  9  484  163 1.4 17 12 2 6 15% 657011 3040 98%
c i  1.02 138 92 1  45  9  486  164 1.4 16 12 2 6 15% 657011 3039 98%
c i  1.11 139 81 1  58  9  669  269 1.4 17 12 2 6 18% 656961 3030 98%
c i  1.11 139 81 1  59  9  671  269 1.4 17 12 2 6 18% 656960 3028 98%
c i  1.11 139 81 1  59  9  673  270 1.4 17 12 2 6 18% 656960 3027 98%
c i  1.11 139 80 1  60  9  677  273 1.4 17 12 2 6 18% 656960 3025 98%
c 
c  seconds   reduction conflicts       size   tier2       variables
c          MB    restarts   redundant     glue   trail         remaining
c           level     rate       size/glue  tier1  irredundant
c 
c i  1.14 139 76 1  91 10  801  321 1.3 18 14 2 6 18% 656905 3024 98%
c i  1.14 139 76 1  91 10  808  323 1.3 18 13 2 6 18% 656904 3023 98%
c i  1.14 139 76 1  91 10  810  323 1.3 18 13 2 6 18% 656904 3021 97%
c i  1.14 139 75 1  91 10  818  325 1.3 18 13 2 6 18% 656902 3014 97%
c }  1.20 140 72 1 101  9 1001  430 1.4 18 13 2 6 19% 656856 3014 97%
c [  1.20 140  0 1 101  0 1001  430 0.0 0 0 2 6  0% 656856 3014 97%
c O  1.20 140  6 1 101  7 1002  431 1.5 3 2 2 6 24% 656856 3014 97%
c i  1.20 140  5 1 101  1 1075  463 1.4 5 3 2 6 24% 656856 3004 97%
c -  1.40 191 12 2 101  2 1088  218 1.6 7 4 2 6 28% 656133 3004 97%
c ]  1.62 191 50 2 101  1 1531  584 2.0 29 15 2 6 51% 656094 3004 97%
c {  1.62 191 72 2 101  9 1531  584 1.4 18 13 2 6 19% 656094 3004 97%
c i  1.69 174 70 2 113  9 1612  643 1.4 19 14 2 6 20% 656076 3001 97%
c i  1.71 174 70 2 119  9 1645  656 1.4 19 14 2 6 20% 656058 2989 96%
c i  1.71 174 70 2 119  9 1649  656 1.4 19 14 2 6 20% 656055 2982 96%
c i  1.71 174 70 2 119  9 1652  656 1.4 19 14 2 6 20% 656054 2976 96%
c i  1.71 174 70 2 119  9 1653  656 1.4 19 14 2 6 20% 656054 2967 96%
c i  1.71 174 70 2 119  9 1662  660 1.4 19 14 2 6 20% 656050 2966 96%
c i  1.71 174 70 2 119  9 1666  660 1.4 19 14 2 6 20% 656048 2960 95%
c i  1.72 174 70 2 119  9 1669  662 1.4 19 14 2 6 20% 656048 2954 95%
c i  1.72 174 69 2 119  9 1687  671 1.4 19 14 2 6 20% 656041 2952 95%
c 
c  seconds   reduction conflicts       size   tier2       variables
c          MB    restarts   redundant     glue   trail         remaining
c           level     rate       size/glue  tier1  irredundant
c 
c i  1.72 174 69 2 119  9 1691  672 1.4 19 14 2 6 20% 656039 2946 95%
c i  1.72 174 69 2 119  9 1692  672 1.4 19 14 2 6 20% 656039 2945 95%
c i  1.80 174 67 2 142  9 1795  749 1.4 20 15 2 6 19% 656021 2944 95%
c i  1.80 174 67 2 142  9 1796  749 1.4 20 15 2 6 19% 656021 2943 95%
c i  1.83 174 66 2 151  9 1836  772 1.4 20 15 2 6 19% 656011 2942 95%
c i  1.84 174 66 2 153  9 1846  779 1.4 20 15 2 6 19% 656010 2901 94%
c i  1.86 174 66 2 157  9 1862  786 1.4 20 15 2 6 19% 656005 2852 92%
c i  1.86 174 66 2 158  9 1864  787 1.4 20 15 2 6 19% 656005 2851 92%
c i  1.86 174 66 2 158  9 1884  797 1.4 20 15 2 6 19% 655998 2847 92%
c i  1.98 174 61 2 190  8 2059  938 1.3 21 15 2 6 19% 655996 2846 92%
c i  1.98 174 61 2 191  8 2062  939 1.3 21 15 2 6 19% 655995 2800 90%
c i  2.24 174 58 2 256  8 2531 1218 1.3 22 16 2 6 21% 655864 2793 90%
c i  2.24 174 58 2 256  8 2563 1227 1.3 22 16 2 6 21% 655847 2746 89%
c -  2.39 174 58 3 256  8 2586  454 1.3 22 16 2 6 21% 653099 2746 89%
c i  2.60 174 55 3 261  7 2978  711 1.4 22 16 2 6 17% 653014 2745 89%
c i  2.60 174 55 3 261  7 2985  714 1.4 22 16 2 6 17% 653012 2744 89%
c i  2.60 174 55 3 261  7 2989  716 1.4 22 16 2 6 17% 653011 2743 88%
c O  2.63 174 55 3 261  7 3005  723 1.4 22 16 2 6 17% 653003 2743 88%
c i  2.63 174 55 3 261  7 3013  730 1.4 22 16 2 6 17% 653003 2660 86%
c i  2.79 174 51 3 276  6 3342  989 1.4 22 16 2 6 15% 653003 2659 86%
c 
c  seconds   reduction conflicts       size   tier2       variables
c          MB    restarts   redundant     glue   trail         remaining
c           level     rate       size/glue  tier1  irredundant
c 
c i  2.81 174 51 3 277  6 3357 1002 1.4 22 16 2 6 15% 653003 2645 85%
c 2  2.83 174 51 3 277  6 3385 1025 1.4 22 16 2 6 14% 653003 2610 84%
c d  2.86 174 51 3 277  6 3385  988 1.4 22 16 2 6 14% 652847 2609 84%
c p  2.87 174 51 3 277  6 3385  992 1.4 22 16 2 6 14% 652847 2609 84%
c t  3.14 160 51 3 277  6 3385  978 1.4 22 16 2 6 14% 652862 2597 84%
c }  3.49 160 43 3 352  5 4585 1962 1.4 23 16 2 6 15% 652848 2597 84%
c [  3.49 160 50 3 352  1 4585 1962 2.0 29 15 2 6 57% 652848 2597 84%
c i  3.55 160 43 3 352  1 4779 2079 1.8 28 15 2 6 47% 652816 2595 84%
c -  3.67 160 39 4 352  1 4893  777 1.8 27 15 2 6 43% 652809 2595 84%
c i  3.67 160 39 4 352  1 4896  777 1.8 27 15 2 6 42% 652807 2538 82%
c 2  3.87 160 38 4 353  2 5889 1474 1.5 27 17 13 21 31% 652700 2533 82%
c i  3.90 160 38 4 353  2 5909 1478 1.5 27 17 13 21 31% 652690 2532 82%
c i  3.90 160 38 4 353  2 5910 1478 1.5 27 17 13 21 31% 652690 2530 82%
c I  3.94 160 37 4 353  2 6006 1553 1.5 27 17 13 21 31% 652689 2530 82%
c -  4.61 160 31 5 354  1 8065  970 1.4 26 19 13 22 24% 652610 2530 82%
c 2  4.74 160 30 5 355  1 8493 1277 1.4 26 19 13 22 24% 652603 2437 79%
c ]  5.19 161 30 5 355  1 8770 1464 1.4 26 19 13 22 10% 652506 2437 79%
c {  5.19 161 43 5 355  5 8770 1464 1.4 23 16 2 6 17% 652506 2437 79%
c i  5.25 161 42 5 361  5 8798 1484 1.4 23 16 2 6 16% 652506 2433 78%
c i  5.66 161 38 5 424  4 9998 2328 1.4 23 16 10 21 14% 652442 2431 78%
c 
c  seconds   reductions conflicts       size    tier2        variables
c          MB    restarts    redundant     glue     trail         remaining
c           level     rate        size/glue  tier1    irredundant
c 
c #  5.67 161 38 5 424  4 10008 2334 1.4 23 16 10 21 14% 652438 2431 78%
c i  6.09 161 37 5 477  4 10803 2974 1.4 23 17 10 21 14% 652402 2389 77%
c -  6.47 161 33 6 477  3 12141 3599 1.4 22 16 10 21 14% 652325 2389 77%
c 2  6.47 161 33 6 477  3 12141 3599 1.4 22 16 10 21 14% 652325 2349 76%
c i  6.84 161 30 6 528  3 13885 4791 1.4 22 16 11 19 14% 652319 2333 75%
c B  7.04 161 29 6 533  3 15009 5558 1.4 22 16 11 19 14% 652316 2333 75%
c s  7.27 161 28 6 533  3 15499 5908 1.4 22 16 11 19 14% 652242 2333 75%
c t  7.29 161 28 6 533  3 15499 5907 1.4 22 16 11 19 14% 652224 2333 75%
c e  7.42 180 28 6 533  3 15499 5536 1.4 22 16 11 19 14% 648765 369 12%
c s  7.45 161 28 6 533  3 15499 5536 1.4 22 16 11 19 14% 648712 369 12%
c -  8.28 179 27 7 594  2 17138 6344 1.4 22 16 11 19 24% 648712 369 12%
c 2  8.28 179 27 7 594  2 17138 6343 1.4 22 16 11 19 24% 648712 369 12%
c u  8.41 179 27 7 594  2 17138 6302 1.4 22 16 11 19 24% 648712 369 12%
c v  8.46 179 27 7 594  2 17138 6296 1.4 22 16 11 19 24% 648712 369 12%
c w  8.48 179 27 7 594  2 17138 6295 1.4 22 16 11 19 24% 648712 369 12%
c x  8.55 179 27 7 594  2 17138 6295 1.4 22 16 11 19 24% 648712 369 12%
c t  8.55 179 27 7 594  2 17138 6294 1.4 22 16 11 19 24% 648710 369 12%
c }  8.95 179 25 7 594  2 19160 7588 1.4 21 15 11 19 23% 648710 369 12%
c [  8.95 179 30 7 594  1 19160 7588 1.4 26 19 13 22 64% 648710 369 12%
c B  9.23 179 26 7 596  1 21010 8908 1.4 24 17 13 22 28% 648710 369 12%
c 
c  seconds   reductions conflicts       size    tier2        variables
c          MB    restarts    redundant     glue     trail        remaining
c           level     rate        size/glue  tier1    irredundant
c 
c -  9.70 179 25 8 597  1 23067 8914 1.4 23 16 11 20 28% 648710 369 12%
c W 11.15 162 22 8 598  1 28012 12027 1.4 22 16 11 20 26% 648733 369 12%
c - 11.58 162 21 9 600  1 29945 11112 1.4 22 16 11 20 26% 648733 369 12%
c ] 11.84 162 21 9 600  1 31330 12087 1.4 22 16 11 20 26% 648733 369 12%
c { 11.84 162 25 9 600  2 31330 12087 1.4 21 15 11 19 23% 648733 369 12%
c W 12.65 162 23 9 624  2 36013 14987 1.4 20 15 11 19 23% 648733 369 12%
c - 13.26 162 22 10 746  2 37785 12255 1.4 20 14 10 16 23% 648733 369 12%
c F 14.85 162 20 10 801  2 45015 16549 1.4 19 14 10 16 23% 648733 369 12%
c - 15.23 162 20 11 853  2 46591 14470 1.4 19 14 10 16 23% 648733 369 12%
c p 15.24 162 20 11 853  2 46591 14472 1.4 19 14 10 16 23% 648733 369 12%
c u 15.40 162 20 11 853  2 46591 14438 1.4 19 14 10 16 23% 648733 369 12%
c v 15.46 162 20 11 853  2 46591 14429 1.4 19 14 10 16 23% 648733 369 12%
c w 15.49 162 20 11 853  2 46591 14426 1.4 19 14 10 16 23% 648733 369 12%
c x 15.57 162 20 11 853  2 46591 14426 1.4 19 14 10 16 23% 648725 369 12%
c } 16.50 162 19 11 1110  2 50754 17265 1.4 19 14 10 16 24% 648725 369 12%
c [ 16.50 162 21 11 1110  1 50754 17265 1.4 22 16 11 20 26% 648725 369 12%
c O 17.05 162 20 11 1114  1 55017 19870 1.4 22 15 11 20 26% 648725 369 12%
c - 17.34 162 20 12 1114  1 56369 17115 1.4 22 15 11 20 26% 648725 369 12%
c s 18.13 172 20 12 1114  1 58619 18488 1.4 21 15 11 20 26% 648618 369 12%
c s 18.31 183 20 12 1114  1 58619 18482 1.4 21 15 11 20 26% 648550 369 12%
c 
c  seconds   reductions   conflicts        size    tier2        variables
c          MB     restarts      redundant     glue     trail        remaining
c           level       rate         size/glue  tier1    irredundant
c 
c B 19.55 183 19 12 1115  1 66023 23105 1.4 22 15 11 20 26% 648550 369 12%
c - 19.89 183 20 13 1115  1 67123 19304 1.4 22 15 11 20 26% 648550 369 12%
c p 19.91 183 20 13 1115  1 67123 19312 1.4 22 15 11 20 26% 648550 369 12%
c ] 20.82 183 19 13 1119  1 72270 22890 1.4 22 15 10 17 26% 648550 369 12%
c { 20.82 183 19 13 1119  2 72270 22890 1.4 19 14 10 16 24% 648550 369 12%
c B 22.03 183 19 13 1321  2 78026 27022 1.4 19 14 10 16 24% 648550 369 12%
c - 22.36 184 19 14 1328  2 78860 23021 1.4 19 14 10 16 24% 648550 369 12%
c p 22.40 184 19 14 1328  2 78860 23026 1.4 19 14 10 16 24% 648550 369 12%
c u 22.57 184 19 14 1328  2 78860 22953 1.4 19 14 10 16 24% 648550 369 12%
c v 22.63 184 19 14 1328  2 78860 22932 1.4 19 14 10 16 24% 648550 369 12%
c w 22.66 184 19 14 1328  2 78860 22928 1.4 19 14 10 16 24% 648550 369 12%
c x 22.76 184 19 14 1328  2 78860 22928 1.4 19 14 10 16 24% 648550 369 12%
c W 25.58 184 18 14 1528  1 91029 30745 1.5 19 13 10 16 24% 648550 369 12%
c - 25.81 184 17 15 1528  1 91581 26920 1.5 19 13 10 16 24% 648550 369 12%
c p 25.83 184 17 15 1528  1 91581 26922 1.5 19 13 10 16 24% 648550 369 12%
c # 27.61 184 16 15 1551  1 105030 34595 1.5 18 12 10 16 24% 648550 369 12%
c } 27.71 184 16 15 1568  1 105113 34656 1.5 18 12 10 16 24% 648550 369 12%
c [ 27.71 184 19 15 1568  1 105113 34656 1.4 22 15 10 17 26% 648550 369 12%
c - 27.91 184 19 16 1568  1 105288 30065 1.4 22 15 10 17 26% 648550 369 12%
c p 27.93 184 19 16 1568  1 105288 30069 1.4 22 15 10 17 26% 648550 369 12%
c 
c  seconds   reductions   conflicts         size    tier2        variables
c          MB     restarts       redundant     glue     trail        remaining
c           level       rate          size/glue  tier1    irredundant
c 
c u 28.09 184 19 16 1568  1 105288 30049 1.4 22 15 10 17 26% 648550 369 12%
c v 28.16 184 19 16 1568  1 105288 30045 1.4 22 15 10 17 26% 648550 369 12%
c w 28.20 184 19 16 1568  1 105288 30044 1.4 22 15 10 17 26% 648550 369 12%
c x 28.28 184 19 16 1568  1 105288 30044 1.4 22 15 10 17 26% 648549 369 12%
c - 30.78 185 19 17 1577  1 119986 33773 1.4 21 15 10 17 25% 648549 369 12%
c p 30.79 185 19 17 1577  1 119986 33775 1.4 21 15 10 17 25% 648549 369 12%
c W 31.82 164 19 17 1577  1 120034 33812 1.4 21 15 10 17 25% 648549 369 12%
c s 32.45 174 19 17 1578  1 123297 36092 1.4 21 15 10 17 25% 648424 369 12%
c s 32.63 183 19 17 1578  1 123297 36088 1.4 21 15 10 17 25% 648349 369 12%
c - 34.78 184 18 18 1580  1 135675 39401 1.4 21 15 10 17 25% 648349 369 12%
c p 34.82 184 18 18 1580  1 135675 39404 1.4 21 15 10 17 25% 648349 369 12%
c u 34.99 184 18 18 1580  1 135675 39362 1.4 21 15 10 17 25% 648349 369 12%
c v 35.06 184 18 18 1580  1 135675 39356 1.4 21 15 10 17 25% 648349 369 12%
c w 35.09 184 18 18 1580  1 135675 39356 1.4 21 15 10 17 25% 648349 369 12%
c x 35.16 184 18 18 1580  1 135675 39356 1.4 21 15 10 17 25% 648317 369 12%
c I 35.31 184 18 18 1580  1 136036 39598 1.4 21 15 10 17 25% 648317 369 12%
c ] 36.10 184 18 18 1580  1 139436 42007 1.4 21 15 10 17 25% 648317 369 12%
c { 36.10 184 16 18 1580  1 139436 42007 1.5 18 12 10 16 24% 648317 369 12%
c - 39.64 184 16 19 2640  1 152358 44031 1.5 18 12 10 16 23% 648317 369 12%
c p 39.66 184 16 19 2640  1 152358 44032 1.5 18 12 10 16 23% 648317 369 12%
c 
c  seconds   reductions   conflicts         size    tier2        variables
c          MB     restarts       redundant     glue     trail        remaining
c           level       rate          size/glue  tier1    irredundant
c 
c B 39.94 184 16 19 2665  1 153038 44499 1.5 18 12 10 16 23% 648317 369 12%
c - 44.23 185 16 20 3910  1 170040 47275 1.4 18 12 10 16 23% 648317 369 12%
c p 44.25 185 16 20 3910  1 170040 47278 1.4 18 12 10 16 23% 648317 369 12%
c u 44.44 185 16 20 3910  1 170040 47235 1.4 18 12 10 16 23% 648317 369 12%
c v 44.51 185 16 20 3910  1 170040 47225 1.4 18 12 10 16 23% 648317 369 12%
c w 44.55 185 16 20 3910  1 170040 47225 1.4 18 12 10 16 23% 648317 369 12%
c x 44.61 185 16 20 3910  1 170040 47225 1.4 18 12 10 16 23% 648180 369 12%
c W 45.38 185 16 20 3910  1 171039 47679 1.4 18 12 10 16 23% 648180 369 12%
c } 48.50 185 16 20 4767  1 180164 53743 1.4 18 12 10 16 23% 648180 369 12%
c [ 48.50 185 18 20 4767  1 180164 53743 1.4 21 15 10 17 25% 648180 369 12%
c - 50.21 185 18 21 4767  1 188715 52202 1.4 21 15 10 17 25% 648180 369 12%
c p 50.25 185 18 21 4767  1 188715 52205 1.4 21 15 10 17 25% 648180 369 12%
c B 50.55 185 18 21 4767  1 190040 53177 1.4 21 15 10 17 25% 648180 369 12%
c - 53.40 185 19 22 4778  1 208392 55665 1.4 21 16 10 17 25% 648180 369 12%
c p 53.43 185 19 22 4778  1 208392 55667 1.4 21 16 10 17 25% 648180 369 12%
c u 53.69 185 19 22 4778  1 208392 55628 1.4 21 16 10 17 25% 648180 369 12%
c v 53.80 185 19 22 4778  1 208392 55620 1.4 21 16 10 17 25% 648180 369 12%
c w 53.86 185 19 22 4778  1 208392 55620 1.4 21 16 10 17 25% 648180 369 12%
c x 54.01 185 19 22 4778  1 208392 55620 1.4 21 16 10 17 25% 648180 369 12%
c s 54.36 191 19 22 4779  1 209529 56382 1.4 22 16 10 17 25% 648012 369 12%
c 
c  seconds   reductions   conflicts         size    tier2        variables
c          MB     restarts       redundant     glue     trail        remaining
c           level       rate          size/glue  tier1    irredundant
c 
c s 54.55 191 19 22 4779  1 209529 56349 1.4 22 16 10 17 25% 647802 369 12%
c W 55.64 192 19 22 4780  1 210041 56671 1.4 22 16 10 17 25% 647802 369 12%
c ] 58.07 192 19 22 4785  1 227038 67706 1.4 21 16 10 17 24% 647802 369 12%
c { 58.07 192 16 22 4785  1 227038 67706 1.4 18 12 10 16 23% 647802 369 12%
c - 58.71 192 16 23 4997  1 229067 58908 1.4 18 12 10 16 23% 647802 369 12%
c p 58.75 192 16 23 4997  1 229067 58910 1.4 18 12 10 16 23% 647802 369 12%
c F 60.03 166 16 23 5113  1 231043 60176 1.4 18 12 10 16 23% 647802 369 12%
c - 65.29 167 15 24 6591  1 250740 64993 1.4 18 12 10 16 23% 647802 369 12%
c p 65.34 167 15 24 6591  1 250740 64995 1.4 18 12 10 16 23% 647802 369 12%
c u 65.60 167 15 24 6591  1 250740 64920 1.4 18 12 10 16 23% 647802 369 12%
c v 65.71 167 15 24 6591  1 250740 64910 1.4 18 12 10 16 23% 647802 369 12%
c w 65.77 167 15 24 6591  1 250740 64908 1.4 18 12 10 16 23% 647802 369 12%
c x 65.92 167 15 24 6591  1 250740 64908 1.4 18 12 10 16 23% 647801 369 12%
c B 66.41 167 15 24 6591  1 253044 66138 1.4 18 12 10 16 23% 647801 369 12%
c - 73.01 168 16 25 8556  1 273420 51954 1.4 18 13 8 13 23% 647801 369 12%
c p 73.05 168 16 25 8556  1 273420 51956 1.4 18 13 8 13 23% 647801 369 12%
c u 73.23 168 16 25 8556  1 273420 51915 1.4 18 13 8 13 23% 647801 369 12%
c v 73.29 168 16 25 8556  1 273420 51913 1.4 18 13 8 13 23% 647801 369 12%
c w 73.32 168 16 25 8556  1 273420 51913 1.4 18 13 8 13 23% 647801 369 12%
c x 73.41 168 16 25 8556  1 273420 51913 1.4 18 13 8 13 23% 647801 369 12%
c 
c  seconds   reductions   conflicts         size   tier2        variables
c          MB     restarts       redundant     glue    trail        remaining
c           level       rate          size/glue  tier1   irredundant
c 
c W 75.03 168 16 25 8802  1 276046 53761 1.4 18 13 8 13 23% 647801 369 12%
c } 75.28 168 16 25 8898  1 276448 54064 1.4 18 13 8 13 23% 647801 369 12%
c [ 75.28 168 19 25 8898  1 276448 54064 1.4 21 16 10 17 24% 647801 369 12%
c - 77.86 168 19 26 8909  1 297100 47830 1.3 21 16 10 17 24% 647801 369 12%
c p 77.91 168 19 26 8909  1 297100 47833 1.3 21 16 10 17 24% 647801 369 12%
c O 78.37 168 19 26 8910  1 300048 49864 1.3 22 16 10 17 24% 647801 369 12%
c s 81.38 186 18 26 8911  1 317308 60520 1.4 21 15 10 17 25% 647623 369 12%
c s 81.58 190 18 26 8911  1 317308 60496 1.4 21 15 10 17 25% 647460 369 12%
c - 82.55 191 17 27 8911  1 321784 50744 1.4 21 15 10 17 25% 647460 369 12%
c p 82.58 191 17 27 8911  1 321784 50747 1.4 21 15 10 17 25% 647460 369 12%
c u 82.80 191 17 27 8911  1 321784 50681 1.4 21 15 10 17 25% 647460 369 12%
c v 82.90 191 17 27 8911  1 321784 50672 1.4 21 15 10 17 25% 647460 369 12%
c w 82.95 191 17 27 8911  1 321784 50669 1.4 21 15 10 17 25% 647460 369 12%
c x 83.07 191 17 27 8911  1 321784 50668 1.4 21 15 10 17 25% 647459 369 12%
c B 83.90 191 18 27 8912  1 325052 52867 1.4 21 15 10 17 25% 647459 369 12%
c ] 86.90 191 18 27 8912  1 344779 66668 1.4 21 15 10 17 24% 647459 369 12%
c { 86.90 191 16 27 8912  1 344779 66668 1.4 18 13 8 13 23% 647459 369 12%
c - 87.69 192 16 28 9034  1 347469 54627 1.4 18 13 8 13 23% 647459 369 12%
c p 87.74 192 16 28 9034  1 347469 54629 1.4 18 13 8 13 23% 647459 369 12%
c u 87.90 192 16 28 9034  1 347469 54612 1.4 18 13 8 13 23% 647459 369 12%
c 
c  seconds   reductions   conflicts         size   tier2        variables
c          MB     restarts       redundant     glue    trail        remaining
c           level       rate          size/glue  tier1   irredundant
c 
c v 87.96 192 16 28 9034  1 347469 54609 1.4 18 13 8 13 23% 647459 369 12%
c w 87.99 192 16 28 9034  1 347469 54608 1.4 18 13 8 13 23% 647459 369 12%
c x 88.07 192 16 28 9034  1 347469 54608 1.4 18 13 8 13 23% 647458 369 12%
c # 88.85 192 15 28 9129  1 351054 56857 1.4 18 13 8 13 23% 647458 369 12%
c - 93.64 192 15 29 9788  1 374159 59901 1.5 18 12 8 13 24% 647458 369 12%
c p 93.68 192 15 29 9788  1 374159 59904 1.5 18 12 8 13 24% 647458 369 12%
c u 93.92 192 15 29 9788  1 374159 59874 1.5 18 12 8 13 24% 647458 369 12%
c v 94.01 192 15 29 9788  1 374159 59867 1.5 18 12 8 13 24% 647458 369 12%
c w 94.06 192 15 29 9788  1 374159 59866 1.5 18 12 8 13 24% 647458 369 12%
c B 95.04 192 15 29 9941  1 378055 62222 1.5 18 12 8 13 24% 647458 369 12%
c - 100.84 193 15 30 11598  1 401858 65592 1.5 18 12 8 13 24% 647458 369 12%
c p 100.89 193 15 30 11598  1 401858 65594 1.5 18 12 8 13 24% 647458 368 12%
c u 101.88 166 15 30 11598  1 401858 65558 1.5 18 12 8 13 24% 579527 368 12%
c v 101.94 166 15 30 11598  1 401858 65551 1.5 18 12 8 13 24% 579527 368 12%
c w 101.97 166 15 30 11598  1 401858 65547 1.5 18 12 8 13 24% 579527 368 12%
c x 102.05 166 15 30 11598  1 401858 65547 1.5 18 12 8 13 24% 579524 368 12%
c W 104.69 160 15 30 11844  1 406059 60697 1.5 18 12 8 13 24% 579524 368 12%
c } 107.85 160 15 30 13117  1 419530 69219 1.5 18 12 8 13 24% 579524 368 12%
c [ 107.85 160 18 30 13117  1 419530 69219 1.4 21 15 10 17 24% 579524 368 12%
c - 109.59 160 17 31 13117  1 430563 64065 1.4 21 15 10 17 24% 579524 368 12%
c 
c  seconds    reductions    conflicts         size    tier2        variables
c           MB      restarts       redundant     glue     trail        remaining
c            level        rate          size/glue  tier1    irredundant
c 
c 2 109.59 160 17 31 13117  1 430563 64065 1.4 21 15 10 17 24% 579523 368 12%
c p 109.63 160 17 31 13117  1 430563 64067 1.4 21 15 10 17 24% 579523 368 12%
c u 109.88 160 17 31 13117  1 430563 64012 1.4 21 15 10 17 24% 579523 368 12%
c v 109.99 160 17 31 13117  1 430563 64000 1.4 21 15 10 17 24% 579523 368 12%
c w 110.05 160 17 31 13117  1 430563 63999 1.4 21 15 10 17 24% 579523 368 12%
c W 111.19 160 17 31 13120  1 435062 66878 1.4 21 15 10 17 24% 579523 368 12%
c s 113.16 170 18 31 13127  1 446633 74295 1.4 21 15 10 17 24% 579484 368 12%
c e 113.29 170 18 31 13127  1 446633 74122 1.4 21 15 10 17 24% 579482 366 12%
c s 113.36 170 18 31 13127  1 446633 74102 1.4 21 15 10 17 24% 579317 366 12%
c - 115.79 170 18 32 13132  1 459485 65834 1.4 21 15 10 17 24% 579317 366 12%
c p 115.83 170 18 32 13132  1 459485 65836 1.4 21 15 10 17 24% 579317 366 12%
c u 116.07 170 18 32 13132  1 459485 65799 1.4 21 15 10 17 24% 579317 366 12%
c v 116.18 170 18 32 13132  1 459485 65793 1.4 21 15 10 17 24% 579317 366 12%
c w 116.23 170 18 32 13132  1 459485 65791 1.4 21 15 10 17 24% 579317 366 12%
c I 117.24 170 17 32 13133  1 465065 69328 1.4 21 15 10 16 24% 579317 366 12%
c - 121.28 170 17 33 13146  1 489361 67441 1.4 21 15 10 16 24% 579317 366 12%
c p 121.31 170 17 33 13146  1 489361 67443 1.4 21 15 10 16 24% 579317 366 12%
c u 121.47 170 17 33 13146  1 489361 67366 1.4 21 15 10 16 24% 579317 366 12%
c v 121.54 170 17 33 13146  1 489361 67349 1.4 21 15 10 16 24% 579317 366 12%
c w 121.57 170 17 33 13146  1 489361 67347 1.4 21 15 10 16 24% 579317 366 12%
c 
c  seconds    reductions    conflicts         size    tier2        variables
c           MB      restarts       redundant     glue     trail        remaining
c            level        rate          size/glue  tier1    irredundant
c 
c x 121.67 170 17 33 13146  1 489361 67346 1.4 21 15 10 16 24% 579315 366 12%
c B 122.74 170 18 33 13147  1 496069 71562 1.4 21 15 10 16 24% 579315 366 12%
c ] 124.43 170 18 33 13148  1 506708 78387 1.4 21 15 10 16 24% 579315 366 12%
c { 124.43 170 15 33 13148  1 506708 78387 1.5 18 12 8 13 24% 579315 366 12%
c - 127.38 171 15 34 13577  1 520192 71258 1.5 18 12 8 13 23% 579315 366 12%
c p 127.42 171 15 34 13577  1 520192 71260 1.5 18 12 8 13 23% 579315 366 12%
c u 127.64 171 15 34 13577  1 520192 71228 1.5 18 12 8 13 23% 579315 366 12%
c v 127.72 171 15 34 13577  1 520192 71213 1.5 18 12 8 13 23% 579315 366 12%
c w 127.77 171 15 34 13577  1 520192 71212 1.5 18 12 8 13 23% 579315 366 12%
c F 129.45 171 15 34 13880  1 528071 75941 1.5 18 12 8 13 23% 579315 366 12%
c - 134.78 171 15 35 16150  1 551980 77133 1.5 18 12 8 13 23% 579315 366 12%
c p 134.80 171 15 35 16150  1 551980 77134 1.5 18 12 8 13 23% 579315 366 12%
c u 135.03 171 15 35 16150  1 551980 77103 1.5 18 12 8 13 23% 579315 366 12%
c v 135.13 171 15 35 16150  1 551980 77086 1.5 18 12 8 13 23% 579315 366 12%
c w 135.18 171 15 35 16150  1 551980 77083 1.5 18 12 8 13 23% 579315 366 12%
c B 137.12 171 15 35 16494  1 561072 82739 1.5 18 12 8 13 23% 579315 366 12%
c - 142.20 172 15 36 18103  1 584722 83912 1.5 18 12 8 13 23% 579315 366 12%
c p 142.24 172 15 36 18103  1 584722 83914 1.5 18 12 8 13 23% 579315 366 12%
c u 142.46 172 15 36 18103  1 584722 83877 1.5 18 12 8 13 23% 579315 366 12%
c v 142.56 172 15 36 18103  1 584722 83863 1.5 18 12 8 13 23% 579315 366 12%
c 
c  seconds    reductions    conflicts         size   tier2        variables
c           MB      restarts       redundant     glue    trail        remaining
c            level        rate          size/glue  tier1   irredundant
c 
c w 142.61 172 15 36 18103  1 584722 83859 1.5 18 12 8 13 23% 579315 366 12%
c W 146.94 172 15 36 19607  1 595076 90429 1.4 18 12 7 13 23% 579315 366 12%
c s 147.22 162 15 36 19647  1 595430 90640 1.4 18 12 7 13 23% 579105 366 12%
c s 147.44 162 15 36 19647  1 595430 90618 1.4 18 12 7 13 23% 578901 366 12%
c } 150.04 165 15 36 20600  1 605048 96680 1.4 18 12 7 13 23% 578901 366 12%
c [ 150.04 165 18 36 20600  1 605048 96680 1.4 21 15 10 16 24% 578901 366 12%
c - 152.56 164 17 37 20604  1 618423 77410 1.4 20 15 10 16 24% 578901 366 12%
c p 152.59 164 17 37 20604  1 618423 77412 1.4 20 15 10 16 24% 578901 366 12%
c u 152.81 166 17 37 20604  1 618423 77374 1.4 20 15 10 16 24% 578901 366 12%
c v 152.90 166 17 37 20604  1 618423 77344 1.4 20 15 10 16 24% 578901 366 12%
c w 152.94 166 17 37 20604  1 618423 77339 1.4 20 15 10 16 24% 578901 366 12%
c x 153.07 166 17 37 20604  1 618423 77337 1.4 20 15 10 16 24% 578901 366 12%
c W 155.44 166 17 37 20611  1 630079 85068 1.4 21 15 10 16 24% 578901 366 12%
c - 158.65 166 17 38 20621  1 653076 75076 1.4 20 15 10 16 24% 578901 366 12%
c p 158.69 166 17 38 20621  1 653076 75078 1.4 20 15 10 16 24% 578901 366 12%
c u 159.70 165 17 38 20621  1 653076 75043 1.4 20 15 10 16 24% 578901 366 12%
c v 159.80 165 17 38 20621  1 653076 75021 1.4 20 15 10 16 24% 578901 366 12%
c w 159.85 165 17 38 20621  1 653076 75018 1.4 20 15 10 16 24% 578901 366 12%
c O 161.45 165 17 38 20628  1 666083 83482 1.4 20 15 9 16 24% 578901 366 12%
c - 164.83 165 17 39 20631  1 688686 74711 1.4 20 14 9 16 23% 578901 366 12%
c 
c  seconds    reductions    conflicts         size   tier2        variables
c           MB      restarts       redundant     glue    trail        remaining
c            level        rate          size/glue  tier1   irredundant
c 
c p 164.86 165 17 39 20631  1 688686 74713 1.4 20 14 9 16 23% 578901 366 12%
c u 165.07 165 17 39 20631  1 688686 74664 1.4 20 14 9 16 23% 578901 366 12%
c v 165.15 165 17 39 20631  1 688686 74661 1.4 20 14 9 16 23% 578901 366 12%
c w 165.19 165 17 39 20631  1 688686 74660 1.4 20 14 9 16 23% 578901 366 12%
c B 167.10 165 17 39 20632  1 703086 84105 1.4 20 14 9 16 23% 578901 366 12%
c - 170.22 165 17 40 20632  1 725254 76216 1.4 20 15 9 16 23% 578901 366 12%
c p 170.26 165 17 40 20632  1 725254 76218 1.4 20 15 9 16 23% 578901 366 12%
c u 170.50 165 17 40 20632  1 725254 76117 1.4 20 15 9 16 23% 578901 366 12%
c v 170.62 165 17 40 20632  1 725254 76116 1.4 20 15 9 16 23% 578901 366 12%
c w 170.68 165 17 40 20632  1 725254 76110 1.4 20 15 9 16 23% 578901 366 12%
c ] 171.04 165 17 40 20632  1 727070 77374 1.4 20 15 9 16 23% 578901 366 12%
c { 171.04 165 15 40 20632  1 727070 77374 1.4 18 12 7 13 23% 578901 366 12%
c # 174.25 165 15 40 21536  1 741089 86204 1.4 18 12 7 13 23% 578901 366 12%
c - 179.62 166 15 41 22610  1 762782 81222 1.4 18 12 7 13 23% 578901 366 12%
c p 179.66 166 15 41 22610  1 762782 81224 1.4 18 12 7 13 23% 578901 366 12%
c u 179.97 166 15 41 22610  1 762782 81157 1.4 18 12 7 13 23% 578901 366 12%
c v 180.10 166 15 41 22610  1 762782 81100 1.4 18 12 7 13 23% 578901 366 12%
c w 180.17 166 15 41 22610  1 762782 81097 1.4 18 12 7 13 23% 578901 366 12%
c s 181.02 162 15 41 22610  1 765469 82773 1.4 18 12 7 13 23% 578527 366 12%
c s 181.25 162 15 41 22610  1 765469 82728 1.4 18 12 7 13 23% 578120 366 12%
c 
c  seconds    reductions    conflicts         size   tier2        variables
c           MB      restarts       redundant     glue    trail        remaining
c            level        rate          size/glue  tier1   irredundant
c 
c B 184.77 165 15 41 23978  1 780091 91920 1.4 18 12 7 13 23% 578120 366 12%
c - 189.66 165 15 42 25402  1 801267 88450 1.4 18 12 7 13 23% 578120 366 12%
c p 189.70 165 15 42 25402  1 801267 88452 1.4 18 12 7 13 23% 578120 366 12%
c u 189.93 167 15 42 25402  1 801267 88413 1.4 18 12 7 13 23% 578120 366 12%
c v 190.01 167 15 42 25402  1 801267 88395 1.4 18 12 7 13 23% 578120 366 12%
c w 190.06 167 15 42 25402  1 801267 88393 1.4 18 12 7 13 23% 578120 366 12%
c x 190.19 167 15 42 25402  1 801267 88393 1.4 18 12 7 13 23% 578120 366 12%
c W 196.32 167 15 42 26307  1 820097 99586 1.5 18 12 7 13 23% 578120 366 12%
c - 199.89 168 14 43 26948  1 840699 94524 1.5 18 12 7 13 23% 578120 366 12%
c p 199.92 168 14 43 26948  1 840699 94526 1.5 18 12 7 13 23% 578120 366 12%
c u 200.24 168 14 43 26948  1 840699 94472 1.5 18 12 7 13 23% 578120 366 12%
c v 200.38 168 14 43 26948  1 840699 94412 1.5 18 12 7 13 23% 578120 366 12%
c w 200.44 168 14 43 26948  1 840699 94408 1.5 18 12 7 13 23% 578120 366 12%
c } 201.51 168 14 43 27183  1 844954 96912 1.5 18 12 7 13 23% 578120 366 12%
c [ 201.51 168 17 43 27183  1 844954 96912 1.4 20 15 9 16 23% 578120 366 12%
c W 204.52 168 17 43 27184  1 861098 106351 1.4 20 14 9 16 23% 578120 366 12%
c - 207.48 168 17 44 27184  1 881087 95520 1.4 21 15 9 16 23% 578120 366 12%
c p 207.52 168 17 44 27184  1 881087 95522 1.4 21 15 9 16 23% 578120 366 12%
c u 207.80 168 17 44 27184  1 881087 95485 1.4 21 15 9 16 23% 578120 366 12%
c v 207.92 168 17 44 27184  1 881087 95460 1.4 21 15 9 16 23% 578120 366 12%
c 
c  seconds    reductions    conflicts         size   tier2        variables
c           MB      restarts       redundant     glue    trail        remaining
c            level        rate          size/glue  tier1   irredundant
c 
c w 207.99 168 17 44 27184  1 881087 95455 1.4 21 15 9 16 23% 578120 366 12%
c I 211.20 168 17 44 27184  1 903101 109540 1.4 21 15 9 16 23% 578120 366 12%
c - 214.64 168 17 45 27190  1 922435 94958 1.4 21 15 9 16 23% 578120 366 12%
c p 214.69 168 17 45 27190  1 922435 94960 1.4 21 15 9 16 23% 578120 366 12%
c u 214.90 168 17 45 27190  1 922435 94921 1.4 21 15 9 16 23% 578120 366 12%
c v 215.00 168 17 45 27190  1 922435 94918 1.4 21 15 9 16 23% 578120 366 12%
c w 215.05 168 17 45 27190  1 922435 94914 1.4 21 15 9 16 23% 578120 366 12%
c x 215.18 168 17 45 27190  1 922435 94913 1.4 21 15 9 16 23% 578117 366 12%
c B 219.13 168 18 45 27199  1 946103 110300 1.4 21 15 9 16 23% 578117 366 12%
c s 221.07 163 18 45 27206  1 956725 117359 1.4 21 15 9 16 23% 577827 366 12%
c s 221.32 163 18 45 27206  1 956725 117337 1.4 21 15 9 16 23% 577498 366 12%
c - 222.99 166 18 46 27210  1 964742 94261 1.4 21 15 9 16 23% 577498 366 12%
c p 223.03 166 18 46 27210  1 964742 94263 1.4 21 15 9 16 23% 577498 366 12%
c u 223.32 168 18 46 27210  1 964742 94158 1.4 21 15 9 16 23% 577498 366 12%
c v 223.46 168 18 46 27210  1 964742 94152 1.4 21 15 9 16 23% 577498 366 12%
c w 223.52 168 18 46 27210  1 964742 94105 1.4 21 15 9 16 23% 577498 366 12%
c ] 224.88 168 18 46 27213  1 972892 99023 1.4 21 15 9 16 23% 577498 366 12%
c { 224.88 168 14 46 27213  1 972892 99023 1.5 18 12 7 13 23% 577498 366 12%
c F 228.69 168 14 46 28345  1 990105 108744 1.5 18 12 7 13 23% 577498 366 12%
c - 233.20 168 14 47 29282  1 1007997 97442 1.4 17 12 7 13 23% 577498 366 12%
c 
c  seconds    reductions     conflicts         size   tier2        variables
c           MB      restarts        redundant     glue    trail        remaining
c            level        rate           size/glue  tier1   irredundant
c 
c p 233.24 168 14 47 29282  1 1007997 97444 1.4 17 12 7 13 23% 577498 366 12%
c u 234.34 167 14 47 29282  1 1007997 97412 1.4 17 12 7 13 23% 577498 366 12%
c v 234.45 167 14 47 29282  1 1007997 97392 1.4 17 12 7 13 23% 577498 366 12%
c w 234.49 167 14 47 29282  1 1007997 97313 1.4 17 12 7 13 23% 577498 366 12%
c x 234.63 167 14 47 29282  1 1007997 97313 1.4 17 12 7 13 23% 577494 366 12%
c B 240.39 167 14 47 30223  1 1035109 112006 1.5 17 12 7 13 23% 577494 366 12%
c - 245.27 168 14 48 31097  1 1052211 106348 1.5 17 12 7 13 23% 577494 366 12%
c p 245.32 168 14 48 31097  1 1052211 106350 1.5 17 12 7 13 23% 577494 366 12%
c u 245.58 168 14 48 31097  1 1052211 106300 1.5 17 12 7 13 23% 577494 366 12%
c v 245.69 168 14 48 31097  1 1052211 106286 1.5 17 12 7 13 23% 577494 366 12%
c w 245.74 168 14 48 31097  1 1052211 106280 1.5 17 12 7 13 23% 577494 366 12%
c x 245.91 168 14 48 31097  1 1052211 106279 1.5 17 12 7 13 23% 577493 366 12%
c W 254.72 168 14 48 33522  1 1081110 123173 1.5 17 12 7 12 23% 577493 366 12%
c - 259.16 172 14 49 35039  1 1097385 109483 1.4 17 12 7 12 23% 577493 366 12%
c p 259.20 172 14 49 35039  1 1097385 109485 1.4 17 12 7 12 23% 577493 366 12%
c u 259.47 172 14 49 35039  1 1097385 109383 1.4 17 12 7 12 23% 577493 366 12%
c v 259.59 172 14 49 35039  1 1097385 109373 1.4 17 12 7 12 23% 577493 366 12%
c w 259.64 172 14 49 35039  1 1097385 109363 1.4 17 12 7 12 23% 577493 366 12%
c x 259.80 172 14 49 35039  1 1097385 109362 1.4 17 12 7 12 23% 577490 366 12%
c } 263.22 172 14 49 36026  1 1110442 117008 1.4 17 12 7 12 23% 577490 366 12%
c 
c  seconds    reductions     conflicts          size   tier2        variables
c           MB      restarts        redundant      glue    trail        remaining
c            level        rate            size/glue  tier1   irredundant
c 
c [ 263.22 172 18 49 36026  1 1110442 117008 1.4 21 15 9 16 23% 577490 366 12%
c W 266.98 172 17 49 36028  1 1128111 126213 1.4 20 14 9 16 23% 577490 366 12%
c - 269.49 173 17 50 36034  1 1143518 113125 1.4 20 14 9 16 23% 577490 366 12%
c p 269.53 173 17 50 36034  1 1143518 113127 1.4 20 14 9 16 23% 577490 366 12%
c u 269.77 173 17 50 36034  1 1143518 113054 1.4 20 14 9 16 23% 577490 366 12%
c v 269.88 173 17 50 36034  1 1143518 113051 1.4 20 14 9 16 23% 577490 366 12%
c w 269.95 173 17 50 36034  1 1143518 113046 1.4 20 14 9 16 23% 577490 366 12%
c x 270.10 173 17 50 36034  1 1143518 113046 1.4 20 14 9 16 23% 577489 366 12%
c s 274.30 164 16 50 36044  1 1169203 128961 1.4 20 14 9 16 23% 576889 366 12%
c s 274.58 164 16 50 36044  1 1169203 128947 1.4 20 14 9 16 23% 576547 366 12%
c O 275.66 166 16 50 36049  1 1176113 133156 1.4 20 14 9 16 23% 576547 366 12%
c - 278.30 167 16 51 36057  1 1190610 116746 1.4 19 14 8 16 23% 576547 366 12%
c p 278.34 167 16 51 36057  1 1190610 116748 1.4 19 14 8 16 23% 576547 366 12%
c u 278.57 169 16 51 36057  1 1190610 116691 1.4 19 14 8 16 23% 576547 366 12%
c v 278.67 169 16 51 36057  1 1190610 116684 1.4 19 14 8 16 23% 576547 366 12%
c w 278.72 169 16 51 36057  1 1190610 116682 1.4 19 14 8 16 23% 576547 366 12%
c x 278.88 169 16 51 36057  1 1190610 116682 1.4 19 14 8 16 23% 576546 366 12%
c B 284.37 169 15 51 36060  1 1225115 135431 1.4 19 13 8 16 22% 576546 366 12%
c - 286.61 169 15 52 36060  1 1238642 121382 1.4 19 13 8 16 23% 576546 366 12%
c p 286.66 169 15 52 36060  1 1238642 121384 1.4 19 13 8 16 23% 576546 366 12%
c 
c  seconds    reductions     conflicts          size   tier2        variables
c           MB      restarts        redundant      glue    trail        remaining
c            level        rate            size/glue  tier1   irredundant
c 
c u 286.86 169 15 52 36060  1 1238642 121335 1.4 19 13 8 16 23% 576546 366 12%
c v 286.93 169 15 52 36060  1 1238642 121275 1.4 19 13 8 16 23% 576546 366 12%
c w 286.97 169 15 52 36060  1 1238642 121244 1.4 19 13 8 16 23% 576546 366 12%
c x 287.09 169 15 52 36060  1 1238642 121244 1.4 19 13 8 16 23% 576544 366 12%
c ] 292.50 169 14 52 36073  1 1272028 139873 1.4 18 12 8 15 23% 576544 366 12%
c { 292.50 169 14 52 36073  1 1272028 139873 1.4 17 12 7 12 23% 576544 366 12%
c # 293.11 169 14 52 36073  1 1275116 141841 1.4 17 12 7 12 23% 576544 366 12%
c - 296.51 170 14 53 37478  1 1287633 129824 1.4 17 12 7 12 23% 576544 366 12%
c p 296.55 170 14 53 37478  1 1287633 129827 1.4 17 12 7 12 23% 576544 366 12%
c u 296.86 170 14 53 37478  1 1287633 129748 1.4 17 12 7 12 23% 576544 366 12%
c v 296.97 170 14 53 37478  1 1287633 129719 1.4 17 12 7 12 23% 576544 366 12%
c w 297.03 170 14 53 37478  1 1287633 129718 1.4 17 12 7 12 23% 576544 366 12%
c x 297.20 170 14 53 37478  1 1287633 129718 1.4 17 12 7 12 23% 576538 366 12%
c B 304.34 170 14 53 39773  1 1326117 150486 1.4 17 12 7 12 23% 576538 366 12%
c - 307.80 170 14 54 41199  1 1337584 134579 1.4 17 12 7 12 23% 576538 366 12%
c p 307.84 170 14 54 41199  1 1337584 134581 1.4 17 12 7 12 23% 576538 366 12%
c u 308.11 170 14 54 41199  1 1337584 134530 1.4 17 12 7 12 23% 576538 366 12%
c v 308.22 170 14 54 41199  1 1337584 134513 1.4 17 12 7 12 23% 576538 366 12%
c w 308.27 170 14 54 41199  1 1337584 134475 1.4 17 12 7 12 23% 576538 366 12%
c x 308.44 170 14 54 41199  1 1337584 134475 1.4 17 12 7 12 23% 576530 366 12%
c 
c  seconds    reductions     conflicts          size   tier2        variables
c           MB      restarts        redundant      glue    trail        remaining
c            level        rate            size/glue  tier1   irredundant
c 
c W 318.42 170 13 54 41669  1 1378118 155125 1.4 16 11 7 12 22% 576530 366 12%
c - 321.29 170 13 55 42394  1 1388494 140462 1.4 16 11 7 12 23% 576530 366 12%
c p 321.34 170 13 55 42394  1 1388494 140464 1.4 16 11 7 12 23% 576530 366 12%
c u 321.63 170 13 55 42394  1 1388494 140406 1.4 16 11 7 12 23% 576530 366 12%
c v 321.75 170 13 55 42394  1 1388494 140396 1.4 16 11 7 12 23% 576530 366 12%
c w 321.82 170 13 55 42394  1 1388494 140390 1.4 16 11 7 12 23% 576530 366 12%
c x 322.00 170 13 55 42394  1 1388494 140390 1.4 16 11 7 12 23% 576526 366 12%
c s 325.69 166 13 55 42792  1 1402874 148102 1.4 16 11 7 12 23% 575342 366 12%
c s 326.00 166 13 55 42792  1 1402874 148037 1.4 16 11 7 12 23% 574240 366 12%
c F 332.27 169 13 55 44406  1 1431121 163051 1.4 16 11 7 12 22% 574240 366 12%
c } 334.16 169 13 55 45380  1 1436810 166435 1.4 16 11 7 12 22% 574240 366 12%
c [ 334.16 169 14 55 45380  1 1436810 166435 1.4 18 12 8 15 23% 574240 366 12%
c - 334.86 169 14 56 45381  1 1440364 147231 1.4 18 12 8 15 23% 574240 366 12%
c p 334.91 169 14 56 45381  1 1440364 147233 1.4 18 12 8 15 23% 574240 366 12%
c u 335.22 171 14 56 45381  1 1440364 147162 1.4 18 12 8 15 23% 574240 366 12%
c v 335.36 171 14 56 45381  1 1440364 147151 1.4 18 12 8 15 23% 574240 366 12%
c w 335.42 171 14 56 45381  1 1440364 147130 1.4 18 12 8 15 23% 574240 366 12%
c x 335.62 171 14 56 45381  1 1440364 147130 1.4 18 12 8 15 23% 574229 366 12%
c W 345.85 171 14 56 45398  1 1485123 172555 1.4 18 13 8 15 23% 574229 366 12%
c - 347.45 171 15 57 45398  1 1493142 150177 1.4 18 13 8 15 23% 574229 366 12%
c 
c  seconds    reductions     conflicts          size   tier2        variables
c           MB      restarts        redundant      glue    trail        remaining
c            level        rate            size/glue  tier1   irredundant
c 
c p 347.51 171 15 57 45398  1 1493142 150179 1.4 18 13 8 15 23% 574229 366 12%
c u 349.23 171 15 57 45398  1 1493142 150115 1.4 18 13 8 15 23% 574229 366 12%
c v 349.37 171 15 57 45398  1 1493142 150101 1.4 18 13 8 15 23% 574229 366 12%
c w 349.43 171 15 57 45398  1 1493142 150088 1.4 18 13 8 15 23% 574229 366 12%
c x 349.60 171 15 57 45398  1 1493142 150088 1.4 18 13 8 15 23% 574211 366 12%
c I 357.02 171 16 57 45419  1 1540125 180730 1.4 19 14 8 15 23% 574211 366 12%
c - 358.78 171 16 58 45422  1 1546878 150433 1.4 19 14 8 15 23% 574211 366 12%
c p 358.82 171 16 58 45422  1 1546878 150434 1.4 19 14 8 15 23% 574211 366 12%
c u 359.11 171 16 58 45422  1 1546878 150357 1.4 19 14 8 15 23% 574211 366 12%
c v 359.25 171 16 58 45422  1 1546878 150318 1.4 19 14 8 15 23% 574211 366 12%
c w 359.32 171 16 58 45422  1 1546878 150310 1.4 19 14 8 15 23% 574211 366 12%
c x 359.51 171 16 58 45422  1 1546878 150310 1.4 19 14 8 15 23% 574202 366 12%
c B 369.56 171 16 58 45430  1 1596128 178225 1.4 19 14 8 15 23% 574202 366 12%
c - 370.80 171 16 59 45430  1 1601575 150926 1.4 19 14 8 15 23% 574202 366 12%
c p 370.85 171 16 59 45430  1 1601575 150928 1.4 19 14 8 15 23% 574202 366 12%
c u 371.15 171 16 59 45430  1 1601575 150809 1.4 19 14 8 15 23% 574202 366 12%
c v 371.29 171 16 59 45430  1 1601575 150770 1.4 19 14 8 15 23% 574202 366 12%
c w 371.36 171 16 59 45430  1 1601575 150761 1.4 19 14 8 15 23% 574202 366 12%
c x 371.56 171 16 59 45430  1 1601575 150761 1.4 19 14 8 15 23% 574197 366 12%
c ] 372.80 171 16 59 45430  1 1608194 154643 1.4 19 14 8 15 23% 574197 366 12%
c 
c  seconds    reductions     conflicts          size   tier2        variables
c           MB      restarts        redundant      glue    trail        remaining
c            level        rate            size/glue  tier1   irredundant
c 
c { 372.80 171 13 59 45430  1 1608194 154643 1.4 16 11 7 12 22% 574197 366 12%
c B 385.11 171 13 59 49584  1 1653130 179891 1.4 16 11 6 12 22% 574197 366 12%
c - 385.99 170 13 60 49637  1 1657228 133790 1.4 16 11 6 12 22% 574197 366 12%
c p 386.04 170 13 60 49637  1 1657228 133792 1.4 16 11 6 12 22% 574197 366 12%
c u 386.36 170 13 60 49637  1 1657228 133709 1.4 16 11 6 12 22% 574197 366 12%
c v 386.51 170 13 60 49637  1 1657228 133665 1.4 16 11 6 12 22% 574197 366 12%
c w 386.59 170 13 60 49637  1 1657228 133613 1.4 16 11 6 12 22% 574197 366 12%
c x 386.80 170 13 60 49637  1 1657228 133612 1.4 16 11 6 12 22% 574189 366 12%
c s 387.23 165 13 60 49637  1 1657652 133752 1.4 16 11 6 12 22% 572994 366 12%
c s 387.56 165 13 60 49637  1 1657652 133736 1.4 16 11 6 12 22% 571941 366 12%
c i 389.16 167 13 60 49654  1 1664464 136650 1.4 16 11 6 12 22% 571941 365 12%
c W 403.02 163 13 60 53909  1 1711133 132878 1.4 16 11 6 12 22% 510174 365 12%
c - 403.71 160 13 61 54171  1 1713839 108901 1.4 16 11 6 12 22% 510174 365 12%
c p 403.76 160 13 61 54171  1 1713839 108903 1.4 16 11 6 12 22% 510174 365 12%
c u 404.08 160 13 61 54171  1 1713839 108840 1.4 16 11 6 12 22% 510174 365 12%
c v 404.22 160 13 61 54171  1 1713839 108795 1.4 16 11 6 12 22% 510174 365 12%
c w 404.29 160 13 61 54171  1 1713839 108704 1.4 16 11 6 12 22% 510174 365 12%
c x 404.48 160 13 61 54171  1 1713839 108703 1.4 16 11 6 12 22% 510168 365 12%
c - 416.02 161 13 62 59293  1 1769730 117454 1.4 16 11 6 12 23% 510168 365 12%
c p 416.06 161 13 62 59293  1 1769730 117456 1.4 16 11 6 12 23% 510168 365 12%
c 
c  seconds    reductions     conflicts          size   tier2        variables
c           MB      restarts        redundant      glue    trail        remaining
c            level        rate            size/glue  tier1   irredundant
c 
c u 416.33 161 13 62 59293  1 1769730 117360 1.4 16 11 6 12 23% 510168 365 12%
c v 416.44 161 13 62 59293  1 1769730 117319 1.4 16 11 6 12 23% 510168 365 12%
c w 416.50 161 13 62 59293  1 1769730 117235 1.4 16 11 6 12 23% 510168 365 12%
c x 416.67 161 13 62 59293  1 1769730 117235 1.4 16 11 6 12 23% 510156 365 12%
c # 416.84 161 13 62 59360  1 1770134 117448 1.4 16 12 6 12 23% 510156 365 12%
c } 423.10 161 13 62 61838  1 1797581 133152 1.4 17 12 6 12 23% 510156 365 12%
c [ 423.10 161 16 62 61838  1 1797581 133152 1.4 19 14 8 15 23% 510156 365 12%
c - 428.24 161 15 63 61839  1 1826523 121684 1.4 18 13 8 15 23% 510156 365 12%
c p 428.29 161 15 63 61839  1 1826523 121686 1.4 18 13 8 15 23% 510156 365 12%
c u 428.63 161 15 63 61839  1 1826523 121370 1.4 18 13 8 15 23% 510156 365 12%
c v 428.76 161 15 63 61839  1 1826523 121255 1.4 18 13 8 15 23% 510156 365 12%
c w 428.83 161 15 63 61839  1 1826523 121229 1.4 18 13 8 15 23% 510156 365 12%
c x 429.04 161 15 63 61839  1 1826523 121229 1.4 18 13 8 15 23% 510138 365 12%
c W 431.01 161 15 63 61839  1 1830136 123292 1.4 18 13 8 15 23% 510138 365 12%
c - 439.93 162 15 64 61840  1 1884221 126930 1.4 18 13 7 15 23% 510138 365 12%
c p 439.98 162 15 64 61840  1 1884221 126932 1.4 18 13 7 15 23% 510138 365 12%
c u 440.28 162 15 64 61840  1 1884221 126836 1.4 18 13 7 15 23% 510138 365 12%
c v 440.39 162 15 64 61840  1 1884221 126488 1.4 18 13 7 15 23% 510138 365 12%
c w 440.46 162 15 64 61840  1 1884221 126470 1.4 18 13 7 15 23% 510138 365 12%
c x 440.63 162 15 64 61840  1 1884221 126469 1.4 18 13 7 15 23% 510136 365 12%
c 
c  seconds    reductions     conflicts          size   tier2        variables
c           MB      restarts        redundant      glue    trail        remaining
c            level        rate            size/glue  tier1   irredundant
c 
c O 442.15 162 15 64 61840  1 1891137 130749 1.4 18 13 7 15 23% 510136 365 12%
c s 450.18 169 14 64 61840  1 1933508 155001 1.5 18 12 7 15 23% 509366 365 12%
c e 450.28 169 14 64 61840  1 1933508 154970 1.5 18 12 7 15 23% 509364 363 12%
c s 450.51 169 14 64 61840  1 1933508 154917 1.5 18 12 7 15 23% 508042 363 12%
c - 452.56 169 14 65 61840  1 1942822 129703 1.4 18 12 7 15 23% 508042 363 12%
c p 452.60 169 14 65 61840  1 1942822 129706 1.4 18 12 7 15 23% 508042 363 12%
c u 452.87 169 14 65 61840  1 1942822 129637 1.4 18 12 7 15 23% 508042 363 12%
c v 452.99 169 14 65 61840  1 1942822 129618 1.4 18 12 7 15 23% 508042 363 12%
c w 453.05 169 14 65 61840  1 1942822 129543 1.4 18 12 7 15 23% 508042 363 12%
c x 453.23 169 14 65 61840  1 1942822 129543 1.4 18 12 7 15 23% 508035 363 12%
c B 454.99 169 14 65 61840  1 1953138 135421 1.4 18 12 7 15 23% 508035 363 12%
c - 464.13 169 14 66 61840  1 2002268 131642 1.4 18 13 7 14 23% 508035 363 12%
c p 464.17 169 14 66 61840  1 2002268 131645 1.4 18 13 7 14 23% 508035 363 12%
c u 464.45 169 14 66 61840  1 2002268 131560 1.4 18 13 7 14 23% 508035 363 12%
c v 464.59 169 14 66 61840  1 2002268 131540 1.4 18 13 7 14 23% 508035 363 12%
c w 464.65 169 14 66 61840  1 2002268 131493 1.4 18 13 7 14 23% 508035 363 12%
c x 464.84 169 14 66 61840  1 2002268 131490 1.4 18 13 7 14 23% 508014 363 12%
c t 464.85 169 14 66 61840  1 2002268 131490 1.4 18 13 7 14 23% 508013 363 12%
c ] 467.31 169 14 66 61846  1 2013823 137540 1.4 18 12 7 14 23% 508013 363 12%
c { 467.31 169 13 66 61846  1 2013823 137540 1.4 17 12 6 12 23% 508013 363 12%
c 
c  seconds    reductions     conflicts          size   tier2        variables
c           MB      restarts        redundant      glue    trail        remaining
c            level        rate            size/glue  tier1   irredundant
c 
c B 468.04 169 13 66 62033  1 2016140 138813 1.4 17 12 6 12 23% 508013 363 12%
c - 477.73 170 13 67 63898  1 2062613 135090 1.4 16 11 6 12 23% 508013 363 12%
c p 477.77 170 13 67 63898  1 2062613 135093 1.4 16 11 6 12 23% 508013 363 12%
c u 478.06 170 13 67 63898  1 2062613 135002 1.4 16 11 6 12 23% 508013 363 12%
c v 478.20 170 13 67 63898  1 2062613 134976 1.4 16 11 6 12 23% 508013 363 12%
c w 478.26 170 13 67 63898  1 2062613 134692 1.4 16 11 6 12 23% 508013 363 12%
c x 478.44 170 13 67 63898  1 2062613 134690 1.4 16 11 6 12 23% 507869 363 12%
c W 484.94 170 13 67 64068  1 2080141 143218 1.4 16 11 6 12 23% 507869 363 12%
c - 495.88 170 12 68 66094  1 2123860 143372 1.4 15 11 6 12 23% 507869 363 12%
c p 495.93 170 12 68 66094  1 2123860 143377 1.4 15 11 6 12 23% 507869 363 12%
c u 497.74 160 12 68 66094  1 2123860 143238 1.4 15 11 6 12 23% 507869 363 12%
c v 497.88 160 12 68 66094  1 2123860 143157 1.4 15 11 6 12 23% 507869 363 12%
c w 497.95 160 12 68 66094  1 2123860 142701 1.4 15 11 6 12 23% 507869 363 12%
c x 498.14 160 12 68 66094  1 2123860 142701 1.4 15 11 6 12 23% 507754 363 12%
c t 498.15 160 12 68 66094  1 2123860 142674 1.4 15 11 6 12 23% 507754 363 12%
c F 503.14 160 12 68 66593  1 2145142 153402 1.4 15 11 6 12 23% 507754 363 12%
c i 505.91 160 12 68 66676  1 2157107 158533 1.4 15 10 6 12 23% 507754 362 12%
c i 507.64 160 11 68 66682  1 2163846 161081 1.4 15 10 6 12 23% 507754 361 12%
c i 508.32 160 11 68 66694  1 2166020 161949 1.4 15 10 6 12 23% 507754 360 12%
c i 508.71 160 11 68 66694  1 2167357 162580 1.4 15 10 6 12 23% 507754 359 12%
c 
c  seconds    reductions     conflicts          size   tier2        variables
c           MB      restarts        redundant      glue    trail        remaining
c            level        rate            size/glue  tier1   irredundant
c 
c i 508.82 160 11 68 66694  1 2167757 162717 1.4 15 10 6 11 23% 507754 358 12%
c i 508.99 160 11 68 66694  1 2168489 163007 1.4 14 10 6 11 23% 507754 357 12%
c i 509.12 160 11 68 66694  1 2168892 163163 1.4 14 10 6 11 23% 507754 355 11%
c i 509.12 160 11 68 66694  1 2168915 163167 1.4 14 10 6 11 23% 507754 352 11%
c i 509.16 160 11 68 66694  1 2169021 163194 1.4 14 10 6 11 23% 507754 346 11%
c i 509.16 160 11 68 66694  1 2169044 163201 1.4 14 10 6 11 23% 507754 323 10%
c i 509.16 160 11 68 66694  1 2169047 163202 1.4 14 10 6 11 23% 507754 316 10%
c i 509.17 160 11 68 66694  1 2169048 163202 1.4 14 10 6 11 23% 507754 314 10%
c i 509.17 160 11 68 66694  1 2169049 163202 1.4 14 10 6 11 23% 507754 313 10%
c } 509.17 160 11 68 66694  1 2169051 163202 1.4 14 10 6 11 23% 507754 298 10%
c 0 509.17 160 11 68 66694  1 2169051 163202 1.4 14 10 6 11 23% 507754 298 10%
c 
c --- [ closing proof ] ------------------------------------------------------
c 
c LRAT proof file '/root/earth-moon/population/f034-a4-cert/cs-a4_m11c/r/n107_p128_p146_p60/round-0/F.lrat' closed
c LRAT 2967453 added clauses 47.45%
c LRAT 3285931 deleted clauses 52.55%
c LRAT 617541010 bytes (588.93 MB)
c 
c --- [ result ] -------------------------------------------------------------
c 
s UNSATISFIABLE
c 
c --- [ run-time profiling ] -------------------------------------------------
c 
c process time taken by individual solving procedures
c (percentage relative to process time for solving)
c 
c       466.75   91.79% search
c       258.09   50.76% unstable
c       185.02   36.39% stable
c        41.75    8.21% simplify
c        25.71    5.06% vivify
c        23.53    4.63% walk
c         6.94    1.37% sweep
c         2.83    0.56% subsume
c         2.75    0.54% elim
c         1.41    0.28% probe
c         0.67    0.13% parse
c         0.59    0.12% ternary
c         0.47    0.09% congruence
c         0.10    0.02% lucky
c         0.00    0.00% backbone
c   =================================
c       508.49   99.87% solve
c 
c last line shows process time for solving
c (percentage relative to total process time)
c 
c --- [ statistics ] ---------------------------------------------------------
c 
c chronological:            263911        12.17 %  of conflicts
c conflicts:               2169051      4265.66    per second
c backbone:                 105941      3417.45 %  of vars
c decisions:               2547047      5009.02    per second
c eliminated:                 1966        63.42 %  of all variables
c fixed:                       835        26.94 %  of all variables
c learned:                 2128063        98.11 %  per conflict
c learned_lits:           57104602       100.00 %  learned literals
c minimized:                     0         0.00 %  learned literals
c shrunken:               16077974        28.16 %  learned literals
c minishrunken:            2714524         4.75 %  learned literals
c otfs:                       9026         0.42 %  of conflict
c propagations:           32936808         0.06 M  per second
c reduced:                 1078189        49.71 %  per conflict
c rephased:                     65     33370.02    interval
c restarts:                  66694        32.52    interval
c stabilizing:                  13        49.43 %  of conflicts
c substituted:                   1         0.03 %  of all variables
c subsumed:                 863957        30.95 %  of all clauses
c strengthened:              80934         2.90 %  of all clauses
c ticks:               29907336998       919.25    propagation
c vivified:                   9186         0.33 %  of all clauses
c walked:                       20    108452.55    interval
c weakened:                   4580         2.48    average size
c congruence:                   11    197186.45    interval
c 
c seconds are measured in process time for solving
c 
c --- [ glue usage ] ---------------------------------------------------------
c 
c focused glue 6 used 254248 clauses 7.641% accumulated 53.64% tier1
c focused glue 7 used 218935 clauses 6.580% accumulated 60.22%
c focused glue 8-9 used 398459 clauses 11.97% accumulated 72.19%
c focused glue 10 used 194039 clauses 5.831% accumulated 78.03%
c focused glue 11 used 174861 clauses 5.255% accumulated 83.28% tier2
c 
c stable glue 7 used 176683 clauses 5.105% accumulated 51.47% tier1
c stable glue 8 used 160158 clauses 4.627% accumulated 56.10%
c stable glue 9-12 used 710533 clauses 20.53% accumulated 76.63%
c stable glue 13 used 163621 clauses 4.727% accumulated 81.36%
c stable glue 14 used 145224 clauses 4.196% accumulated 85.55% tier2
c 
c 
c --- [ resources ] ----------------------------------------------------------
c 
c total process time since initialization:       509.17    seconds
c total real time since initialization:          509.24    seconds
c maximum resident set size of process:          246.36    MB
c 
c --- [ shutting down ] ------------------------------------------------------
c 
c exit 20

[rc=20 509.3s]
$ /root/earth-moon/verifier/../tools/drat-trim/lrat-check /root/earth-moon/population/f034-a4-cert/cs-a4_m11c/r/n107_p128_p146_p60/round-0/F.cnf /root/earth-moon/population/f034-a4-cert/cs-a4_m11c/r/n107_p128_p146_p60/round-0/F.lrat
c parsed a formula with 3100 variables and 990297 clauses
c VERIFIED
c allocated 1024 22560201 69750
c Added clauses = 3957750.  Deleted clauses = 3285931.  Max live clauses = 990297
c verification time = 8.86 secs

[rc=0 8.9s]
