# lean_static_resolve 2026-10-02 19:28:02
# dump=/root/earth-moon/population/f034-a4-cert/cs-a4_m11c/s/n107_p128_n146_n60/dump.jsonl raw=1441114 dedup=1441114 footer={'type': 'footer', 'verdict': 'UNSAT', 'counts': {'preseed': 7504, 'prop': 1433610, 'model': 0}, 'stats': {'checks': 11250654, 'confl': 716805, 'model_rej': 0}, 'time': '2026-10-02T19:01:00+0000'}
# counters=False
# cube=[-108]
$ /root/bin/cadical --lrat --no-binary --no-factor /root/earth-moon/population/f034-a4-cert/cs-a4_m11c/r/n107_p128_n146_n60_n108/round-0/F.cnf /root/earth-moon/population/f034-a4-cert/cs-a4_m11c/r/n107_p128_n146_n60_n108/round-0/F.lrat
c --- [ banner ] -------------------------------------------------------------
c 
c CaDiCaL SAT Solver
c Copyright (c) 2016-2026
c A. Biere, M. Fleury, N. Froleyks, K. Fazekas, F. Pollitt, T. Faller
c JKU Linz, University of Freiburg, TU Wien
c 
c Version 3.0.1 c60730422e758ef1cebe7aeddf2dda31c996bf04
c g++ (Ubuntu 13.3.0-6ubuntu2~24.04.1) 13.3.0 -Wall -Wextra -O3 -DNDEBUG
c Fri Oct 2 18:00:09 UTC 2026 Linux ai-math 6.8.0-139-generic x86_64
c 
c --- [ proof tracing ] ------------------------------------------------------
c 
c opening file to write '/root/earth-moon/population/f034-a4-cert/cs-a4_m11c/r/n107_p128_n146_n60_n108/round-0/F.lrat'
c writing non-binary proof trace to '/root/earth-moon/population/f034-a4-cert/cs-a4_m11c/r/n107_p128_n146_n60_n108/round-0/F.lrat'
c 
c --- [ parsing input ] ------------------------------------------------------
c 
c reading DIMACS file from '/root/earth-moon/population/f034-a4-cert/cs-a4_m11c/r/n107_p128_n146_n60_n108/round-0/F.cnf'
c opening file to read '/root/earth-moon/population/f034-a4-cert/cs-a4_m11c/r/n107_p128_n146_n60_n108/round-0/F.cnf'
c found 'p cnf 3100 1449936' header
c parsed 1449936 clauses in 1.08 seconds process time
c 
c --- [ options ] ------------------------------------------------------------
c 
c   --binary=false                 (different from default 'true')
c   --lrat=true                    (different from default 'false')
c 
c --- [ solving ] ------------------------------------------------------------
c 
c time measured in process time since initialization
c 
c  seconds   reduction conflicts       size tier2       variables
c          MB    restarts   redundant    glue  trail         remaining
c           level     rate       size/glu tier1  irredundant
c 
c *  1.08 118  0 0   0  0    0    0 0.0 0 0 2 6  0% 903149 3056 99%
c )  1.27 166  0 0   0  0    0    0 0.0 0 0 2 6  0% 903149 3056 99%
c {  1.29 166  0 0   0  0    0    0 0.0 0 0 2 6  0% 903149 3056 99%
c i  1.43 171 307 0   6 25  119   53 1.4 15 11 2 6 20% 903087 3055 99%
c i  1.43 171 304 0   7 24  120   53 1.4 15 11 2 6 19% 903087 3053 98%
c -  1.58 175 134 1   8 11  301  125 2.1 14 7 2 6 14% 903033 3053 98%
c i  1.66 159 100 1  17  9  424  208 2.1 14 7 2 6 13% 903012 3052 98%
c i  1.76 160 93 1  34 10  492  249 1.9 16 8 2 6 14% 902989 3051 98%
c i  1.76 160 93 1  35 10  493  249 1.9 16 8 2 6 14% 902989 3050 98%
c i  1.77 160 93 1  37 10  500  252 1.9 15 8 2 6 14% 902987 3049 98%
c i  1.80 161 87 1  49 10  548  280 1.8 15 8 2 6 13% 902976 3048 98%
c i  1.96 168 78 1  83 10  690  364 1.7 16 9 2 6 14% 902936 3047 98%
c i  1.96 168 78 1  83 10  691  364 1.7 16 9 2 6 14% 902936 3046 98%
c i  1.96 168 77 1  83 10  694  365 1.7 16 9 2 6 14% 902935 3044 98%
c i  1.96 168 77 1  83 10  695  365 1.7 16 9 2 6 14% 902935 3040 98%
c i  2.21 174 69 1 117  9  925  492 1.6 17 11 2 6 15% 902865 3034 98%
c i  2.24 176 68 1 123  9  950  510 1.6 17 11 2 6 15% 902861 3030 98%
c i  2.29 177 67 1 132  9  987  541 1.6 17 11 2 6 15% 902858 3028 98%
c }  2.31 177 66 1 135  9 1001  553 1.6 17 11 2 6 15% 902858 3028 98%
c [  2.31 177  0 1 135  0 1001  553 0.0 0 0 2 6  0% 902858 3028 98%
c 
c  seconds   reduction conflicts       size tier2       variables
c          MB    restarts   redundant    glue  trail         remaining
c           level     rate       size/glu tier1  irredundant
c 
c O  2.31 177  0 1 135  1 1002  553 0.0 1 0 2 6  3% 902858 3028 98%
c i  2.31 177  0 1 135  1 1002  553 0.0 1 0 2 6  3% 902858 3017 97%
c -  2.76 253 39 2 135  1 1147  283 1.9 31 16 2 6 49% 891393 3017 97%
c i  3.13 253 37 2 136  1 2169 1164 2.0 33 16 2 6 44% 891370 3013 97%
c ]  3.22 253 39 2 136  1 2675 1586 1.8 30 17 2 6 38% 891359 3013 97%
c {  3.22 253 66 2 136  9 2675 1586 1.6 17 11 2 6 15% 891359 3013 97%
c -  3.56 253 63 3 167  9 2797  552 1.5 18 12 2 6 15% 891336 3013 97%
c i  3.59 253 63 3 170  9 2828  565 1.5 17 11 2 6 15% 891324 3006 97%
c O  3.73 253 59 3 197  9 3003  673 1.5 18 12 2 6 16% 891287 3006 97%
c i  3.78 253 59 3 203  9 3028  694 1.5 18 12 2 6 16% 891285 3004 97%
c 2  3.94 253 46 3 224  7 3552 1082 1.6 18 11 2 6 15% 891279 2995 97%
c d  3.99 253 46 3 224  7 3552 1070 1.6 18 11 2 6 15% 891247 2994 97%
c p  3.99 253 46 3 224  7 3552 1070 1.6 18 11 2 6 15% 891247 2993 97%
c t  4.31 245 46 3 224  7 3552 1069 1.6 18 11 2 6 15% 891255 2985 96%
c -  5.14 246 32 4 326  4 5374 1971 1.5 17 11 5 13 14% 891184 2985 96%
c i  5.25 246 32 4 332  4 5442 2023 1.5 17 11 5 13 14% 891177 2929 94%
c #  5.47 246 30 4 366  4 6005 2381 1.5 17 11 6 13 14% 891175 2929 94%
c 2  5.57 246 30 4 375  4 6053 2424 1.5 17 12 5 13 14% 891175 2921 94%
c }  7.90 246 30 4 672  4 7598 3684 1.5 19 13 6 14 16% 891116 2921 94%
c [  7.90 246 39 4 672  1 7598 3684 1.8 30 17 2 6 38% 891116 2921 94%
c 
c  seconds   reduction conflicts       size   tier2       variables
c          MB    restarts   redundant     glue   trail         remaining
c           level     rate       size/glue  tier1  irredundant
c 
c i  8.14 246 36 4 673  1 8101 4124 1.9 29 15 2 6 37% 891102 2920 94%
c -  8.54 246 38 5 673  1 8947 3762 1.9 28 15 2 6 37% 890878 2920 94%
c 2  8.55 246 38 5 673  1 8947 3762 1.9 28 15 2 6 37% 890878 2912 94%
c I  9.21 247 51 5 673  1 10006 4710 1.8 29 17 12 19 39% 890836 2912 94%
c - 10.58 247 44 6 676  1 13556 4926 1.8 29 17 12 20 37% 890763 2912 94%
c 2 10.58 247 44 6 676  1 13556 4926 1.8 29 17 12 20 37% 890763 2873 93%
c ] 11.02 247 41 6 677  1 14945 5938 1.7 29 17 12 20 35% 890754 2873 93%
c { 11.02 247 30 6 677  4 14945 5938 1.5 19 13 6 14 16% 890754 2873 93%
c B 11.11 247 30 6 690  4 15007 5981 1.5 19 13 6 14 16% 890750 2873 93%
c s 11.47 248 27 6 735  4 16416 6816 1.5 18 12 6 14 15% 890687 2873 93%
c t 11.49 248 27 6 735  4 16416 6815 1.5 18 12 6 14 15% 890668 2873 93%
c e 11.68 248 27 6 735  4 16416 6150 1.5 18 12 6 14 15% 886371 370 12%
c s 11.72 248 27 6 735  4 16416 6150 1.5 18 12 6 14 15% 886357 370 12%
c - 13.76 197 26 7 874  3 19229 5668 1.6 19 12 6 14 31% 886357 370 12%
c u 13.94 197 26 7 874  3 19229 5594 1.6 19 12 6 14 31% 886357 370 12%
c v 14.05 197 26 7 874  3 19229 5584 1.6 19 12 6 14 31% 886357 370 12%
c w 14.09 197 26 7 874  3 19229 5582 1.6 19 12 6 14 31% 886357 370 12%
c x 14.22 197 26 7 874  3 19229 5582 1.6 19 12 6 14 31% 886357 370 12%
c t 14.23 197 26 7 874  3 19229 5581 1.6 19 12 6 14 31% 886357 370 12%
c W 15.52 197 25 7 946  3 21010 6991 1.7 19 12 6 14 34% 886357 370 12%
c 
c  seconds   reductions  conflicts       size   tier2        variables
c          MB    restarts     redundant     glue    trail        remaining
c           level      rate        size/glue  tier1   irredundant
c 
c - 20.18 203 25 8 1631  3 25980 8184 1.7 20 12 7 13 32% 886357 370 12%
c p 20.22 203 25 8 1631  3 25980 8184 1.7 20 12 7 13 32% 886357 370 12%
c } 21.23 198 25 8 1680  3 26550 8657 1.6 20 12 7 13 32% 886362 370 12%
c [ 21.23 198 41 8 1680  1 26550 8657 1.7 29 17 12 20 293% 886362 370 12%
c B 21.48 198 39 8 1680  1 28011 9966 1.7 28 17 12 20 257% 886362 370 12%
c - 22.87 198 40 9 1683  1 33826 9628 1.6 28 18 12 20 174% 886362 370 12%
c W 24.14 198 39 9 1685  1 36013 11400 1.5 27 18 12 20 157% 886362 370 12%
c - 25.74 198 35 10 1687  1 42780 11069 1.5 26 17 12 21 119% 886362 370 12%
c p 25.75 198 35 10 1687  1 42780 11070 1.5 26 17 12 21 119% 886362 370 12%
c u 25.98 198 35 10 1687  1 42780 11038 1.5 26 17 12 21 119% 886362 370 12%
c v 26.08 198 35 10 1687  1 42780 11036 1.5 26 17 12 21 119% 886362 370 12%
c w 26.12 198 35 10 1687  1 42780 11033 1.5 26 17 12 21 119% 886362 370 12%
c x 26.27 198 35 10 1687  1 42780 11033 1.5 26 17 12 21 119% 886361 370 12%
c O 26.75 198 35 10 1688  1 45014 12934 1.5 26 17 12 21 111% 886361 370 12%
c ] 27.56 198 33 10 1688  1 48584 15641 1.6 25 16 12 21 101% 886361 370 12%
c { 27.56 198 25 10 1688  3 48584 15641 1.6 20 12 7 13 32% 886361 370 12%
c - 28.40 198 22 11 1709  2 52849 14353 1.6 19 12 7 13 28% 886361 370 12%
c F 30.38 198 22 11 2035  3 55015 15917 1.6 19 12 7 13 27% 886361 370 12%
c s 33.01 226 21 11 2336  2 61321 20766 1.7 19 12 7 13 27% 886321 370 12%
c e 33.23 200 21 11 2336  2 61321 20682 1.7 19 12 7 13 27% 886321 368 12%
c 
c  seconds   reductions   conflicts        size   tier2        variables
c          MB     restarts      redundant     glue    trail        remaining
c           level       rate         size/glue  tier1   irredundant
c 
c s 33.28 226 21 11 2336  2 61321 20679 1.7 19 12 7 13 27% 886303 368 12%
c - 34.30 198 21 12 2385  2 64043 18188 1.6 19 12 7 13 26% 886303 368 12%
c p 34.33 198 21 12 2385  2 64043 18194 1.6 19 12 7 13 26% 886303 368 12%
c B 35.88 198 21 12 2385  2 66019 19581 1.7 19 11 7 13 27% 886303 368 12%
c - 40.42 205 19 13 3186  2 76364 20767 1.6 18 11 7 13 25% 886303 368 12%
c p 40.46 205 19 13 3186  2 76364 20771 1.6 18 11 7 13 25% 886303 368 12%
c u 40.71 205 19 13 3186  2 76364 20643 1.6 18 11 7 13 25% 886303 368 12%
c v 40.83 205 19 13 3186  2 76364 20639 1.6 18 11 7 13 25% 886303 368 12%
c w 40.89 205 19 13 3186  2 76364 20637 1.6 18 11 7 13 25% 886303 368 12%
c x 41.07 205 19 13 3186  2 76364 20637 1.6 18 11 7 13 25% 886303 368 12%
c W 43.32 208 20 13 3462  2 78021 21981 1.6 18 11 7 13 25% 886303 368 12%
c } 44.29 214 20 13 3648  2 79563 23219 1.6 18 12 7 13 25% 886303 368 12%
c [ 44.29 214 33 13 3648  1 79563 23219 1.6 25 16 12 21 101% 886303 368 12%
c - 46.00 215 33 14 3654  1 89817 23409 1.5 24 16 12 21 82% 886303 368 12%
c B 46.41 215 33 14 3655  1 91023 24377 1.5 24 16 12 21 80% 886303 368 12%
c - 49.96 216 33 15 3662  1 104408 26886 1.5 24 16 12 21 69% 886303 368 12%
c p 49.99 216 33 15 3662  1 104408 26893 1.5 24 16 12 21 69% 886303 368 12%
c u 50.22 216 33 15 3662  1 104408 26861 1.5 24 16 12 21 69% 886303 368 12%
c v 50.31 216 33 15 3662  1 104408 26859 1.5 24 16 12 21 69% 886303 368 12%
c w 50.36 216 33 15 3662  1 104408 26858 1.5 24 16 12 21 69% 886303 368 12%
c 
c  seconds   reductions   conflicts         size    tier2        variables
c          MB     restarts       redundant     glue     trail        remaining
c           level       rate          size/glue  tier1    irredundant
c 
c x 50.49 216 33 15 3662  1 104408 26858 1.5 24 16 12 21 69% 886302 368 12%
c W 51.19 216 33 15 3662  1 105024 27262 1.5 24 15 12 21 68% 886302 368 12%
c ] 54.85 216 32 15 3664  1 117252 37405 1.6 25 16 12 21 62% 886302 368 12%
c { 54.85 216 20 15 3664  2 117252 37405 1.6 18 12 7 13 25% 886302 368 12%
c # 56.21 216 19 15 3767  2 120025 39316 1.6 19 11 7 13 25% 886302 368 12%
c - 56.38 216 19 16 3767  2 120141 29176 1.6 19 11 7 13 25% 886302 368 12%
c p 56.41 216 19 16 3767  2 120141 29183 1.6 19 11 7 13 25% 886302 368 12%
c s 59.40 228 19 16 4161  2 128726 34619 1.6 18 11 7 13 24% 886261 368 12%
c s 59.68 227 19 16 4161  2 128726 34612 1.6 18 11 7 13 24% 886190 368 12%
c B 63.10 204 18 16 4625  2 136029 38960 1.6 18 11 7 13 23% 886190 368 12%
c - 63.65 207 18 17 4681  2 137016 27950 1.6 18 11 6 12 23% 886190 368 12%
c u 64.81 199 18 17 4681  2 137016 27899 1.6 18 11 6 12 23% 886190 368 12%
c v 64.95 199 18 17 4681  2 137016 27895 1.6 18 11 6 12 23% 886190 368 12%
c w 65.01 199 18 17 4681  2 137016 27894 1.6 18 11 6 12 23% 886190 368 12%
c x 65.19 199 18 17 4681  2 137016 27890 1.6 18 11 6 12 23% 886188 368 12%
c W 74.14 222 18 17 5954  2 153032 37903 1.6 17 11 6 12 23% 886188 368 12%
c - 76.50 207 18 18 6249  2 155036 30330 1.6 17 11 6 12 23% 886188 368 12%
c p 76.55 207 18 18 6249  2 155036 30337 1.6 17 11 6 12 23% 886188 368 12%
c } 81.17 209 18 18 6996  2 164826 37067 1.6 17 11 6 12 23% 886188 368 12%
c [ 81.17 209 32 18 6996  1 164826 37067 1.6 25 16 12 21 62% 886188 368 12%
c 
c  seconds   reductions   conflicts         size    tier2        variables
c          MB     restarts       redundant     glue     trail        remaining
c           level       rate          size/glue  tier1    irredundant
c 
c I 82.54 210 32 18 6996  1 171033 42005 1.6 24 15 12 21 58% 886188 368 12%
c - 83.63 211 31 19 6996  1 174208 34419 1.6 24 15 12 21 56% 886188 368 12%
c p 83.65 211 31 19 6996  1 174208 34426 1.6 24 15 12 21 56% 886188 368 12%
c u 83.93 211 31 19 6996  1 174208 34273 1.6 24 15 12 21 56% 886188 368 12%
c v 84.07 211 31 19 6996  1 174208 34267 1.6 24 15 12 21 56% 886188 368 12%
c w 84.14 211 31 19 6996  1 174208 34265 1.6 24 15 12 21 56% 886188 368 12%
c x 84.33 211 31 19 6996  1 174208 34264 1.6 24 15 12 21 56% 886095 368 12%
c B 86.78 211 31 19 7003  1 190036 47288 1.6 24 15 12 21 52% 886095 368 12%
c - 87.58 211 31 20 7006  1 194530 37917 1.6 24 15 12 21 50% 886095 368 12%
c p 87.63 211 31 20 7006  1 194530 37921 1.6 24 15 12 21 50% 886095 368 12%
c W 91.95 211 31 20 7011  1 210039 50002 1.6 24 15 9 18 46% 886095 368 12%
c - 93.21 211 31 21 7014  1 216002 40095 1.6 24 15 9 18 44% 886095 368 12%
c p 93.25 211 31 21 7014  1 216002 40106 1.6 24 15 9 18 44% 886095 368 12%
c u 93.53 211 31 21 7014  1 216002 40069 1.6 24 15 9 18 44% 886095 368 12%
c v 93.64 211 31 21 7014  1 216002 40065 1.6 24 15 9 18 44% 886095 368 12%
c w 93.69 211 31 21 7014  1 216002 40062 1.6 24 15 9 18 44% 886095 368 12%
c x 93.85 211 31 21 7014  1 216002 40062 1.6 24 15 9 18 44% 886066 368 12%
c s 94.60 228 31 21 7016  1 218596 41921 1.5 24 16 9 18 44% 885952 368 12%
c s 94.89 228 31 21 7016  1 218596 41916 1.5 24 16 9 18 44% 885874 368 12%
c ] 97.45 200 30 21 7020  1 226592 47385 1.5 24 16 9 18 42% 885874 368 12%
c 
c  seconds   reductions   conflicts         size   tier2        variables
c          MB     restarts       redundant     glue    trail        remaining
c           level       rate          size/glue  tier1   irredundant
c 
c { 97.45 200 18 21 7020  2 226592 47385 1.6 17 11 6 12 23% 885874 368 12%
c F 100.58 212 18 21 7641  2 231040 50373 1.5 17 11 6 12 23% 885874 368 12%
c - 103.35 221 17 22 7987  2 238630 40352 1.5 17 11 6 12 22% 885874 368 12%
c p 103.41 221 17 22 7987  2 238630 40363 1.5 17 11 6 12 22% 885874 368 12%
c u 103.63 221 17 22 7987  2 238630 40340 1.5 17 11 6 12 22% 885874 368 12%
c v 103.72 221 17 22 7987  2 238630 40339 1.5 17 11 6 12 22% 885874 368 12%
c w 103.77 221 17 22 7987  2 238630 40339 1.5 17 11 6 12 22% 885874 368 12%
c x 103.90 221 17 22 7987  2 238630 40339 1.5 17 11 6 12 22% 885851 368 12%
c B 108.03 221 16 22 8696  2 253044 48263 1.5 17 11 6 12 21% 885851 368 12%
c - 112.00 200 16 23 9265  2 262411 43838 1.5 17 11 6 12 21% 885851 368 12%
c p 112.03 200 16 23 9265  2 262411 43847 1.5 17 11 6 12 21% 885851 368 12%
c W 120.47 216 16 23 10500  2 276045 52252 1.5 17 11 5 11 21% 885851 368 12%
c - 127.31 200 17 24 11562  2 287351 43117 1.5 17 11 5 11 22% 885851 368 12%
c p 127.38 200 17 24 11562  2 287351 43128 1.5 17 11 5 11 22% 885851 368 12%
c u 127.74 200 17 24 11562  2 287351 43024 1.5 17 11 5 11 22% 885851 368 12%
c v 127.94 200 17 24 11562  2 287351 43017 1.5 17 11 5 11 22% 885851 368 12%
c w 128.03 200 17 24 11562  2 287351 43013 1.5 17 11 5 11 22% 885851 368 12%
c x 128.25 200 17 24 11562  2 287351 43009 1.5 17 11 5 11 22% 885338 368 12%
c } 132.67 213 17 24 12292  2 297020 49962 1.5 17 11 5 11 21% 885338 368 12%
c [ 132.67 213 30 24 12292  1 297020 49962 1.5 24 16 9 18 42% 885338 368 12%
c 
c  seconds    reductions    conflicts         size   tier2        variables
c           MB      restarts       redundant     glue    trail        remaining
c            level        rate          size/glue  tier1   irredundant
c 
c O 133.47 213 30 24 12294  1 300048 52262 1.5 24 16 9 18 42% 885338 368 12%
c - 135.17 214 29 25 12298  1 313448 44477 1.5 24 16 9 18 39% 885338 368 12%
c p 135.21 214 29 25 12298  1 313448 44488 1.5 24 16 9 18 39% 885338 368 12%
c B 137.53 214 28 25 12299  1 325050 52527 1.5 23 16 9 18 38% 885338 368 12%
c s 138.71 230 28 25 12299  1 330928 57066 1.5 24 16 9 18 38% 885240 368 12%
c s 139.02 229 28 25 12299  1 330928 57038 1.5 24 16 9 18 38% 884993 368 12%
c - 141.05 200 28 26 12300  1 340699 43435 1.5 23 16 9 19 37% 884993 368 12%
c p 141.09 200 28 26 12300  1 340699 43446 1.5 23 16 9 19 37% 884993 368 12%
c u 141.37 200 28 26 12300  1 340699 43278 1.5 23 16 9 19 37% 884993 368 12%
c v 141.54 200 28 26 12300  1 340699 43271 1.5 23 16 9 19 37% 884993 368 12%
c w 141.61 200 28 26 12300  1 340699 43268 1.5 23 16 9 19 37% 884993 368 12%
c x 141.85 200 28 26 12300  1 340699 43267 1.5 23 16 9 19 37% 884952 368 12%
c W 145.28 200 27 26 12300  1 351051 51083 1.5 23 16 9 19 37% 884952 368 12%
c - 150.35 200 27 27 12303  1 369108 41696 1.5 23 16 9 19 35% 884952 368 12%
c p 150.43 200 27 27 12303  1 369108 41710 1.5 23 16 9 19 35% 884952 368 12%
c u 150.67 200 27 27 12303  1 369108 41607 1.5 23 16 9 19 35% 884952 368 12%
c v 150.77 200 27 27 12303  1 369108 41604 1.5 23 16 9 19 35% 884952 368 12%
c w 150.81 200 27 27 12303  1 369108 41603 1.5 23 16 9 19 35% 884952 368 12%
c x 150.95 200 27 27 12303  1 369108 41602 1.5 23 16 9 19 35% 884840 368 12%
c I 153.27 200 28 27 12307  1 378054 49023 1.5 23 16 9 19 36% 884840 368 12%
c 
c  seconds    reductions    conflicts         size   tier2        variables
c           MB      restarts       redundant     glue    trail        remaining
c            level        rate          size/glue  tier1   irredundant
c 
c ] 154.93 200 27 27 12311  1 383948 53473 1.5 23 16 9 19 35% 884840 368 12%
c { 154.93 200 17 27 12311  2 383948 53473 1.5 17 11 5 11 21% 884840 368 12%
c - 160.37 219 16 28 13394  2 398678 43615 1.5 17 11 5 11 21% 884840 368 12%
c p 160.43 219 16 28 13394  2 398678 43628 1.5 17 11 5 11 21% 884840 368 12%
c u 160.65 219 16 28 13394  2 398678 43541 1.5 17 11 5 11 21% 884840 368 12%
c v 160.75 219 16 28 13394  2 398678 43539 1.5 17 11 5 11 21% 884840 368 12%
c w 160.79 219 16 28 13394  2 398678 43539 1.5 17 11 5 11 21% 884840 368 12%
c x 160.93 219 16 28 13394  2 398678 43539 1.5 17 11 5 11 21% 884798 368 12%
c # 165.91 225 16 28 14271  2 406056 49038 1.5 17 11 5 11 21% 884798 368 12%
c - 176.29 239 16 29 16073  2 429410 50033 1.5 17 11 5 11 22% 884798 368 12%
c p 176.37 201 16 29 16073  2 429410 50046 1.5 17 11 5 11 22% 884798 368 12%
c u 176.73 201 16 29 16073  2 429410 50027 1.5 17 11 5 11 22% 884798 368 12%
c v 176.92 201 16 29 16073  2 429410 50023 1.5 17 11 5 11 22% 884798 368 12%
c w 176.99 201 16 29 16073  2 429410 50022 1.5 17 11 5 11 22% 884798 368 12%
c x 177.18 201 16 29 16073  2 429410 50022 1.5 17 11 5 11 22% 884698 368 12%
c B 177.51 201 16 29 16114  2 435057 52927 1.5 17 11 5 11 21% 884698 368 12%
c - 191.06 223 16 30 18242  2 461303 56051 1.5 17 11 5 11 22% 884698 368 12%
c p 191.11 223 16 30 18242  2 461303 56064 1.5 17 11 5 11 22% 884698 368 12%
c u 192.71 201 16 30 18242  2 461303 56044 1.5 17 11 5 11 22% 884698 368 12%
c v 192.83 201 16 30 18242  2 461303 56043 1.5 17 11 5 11 22% 884698 368 12%
c 
c  seconds    reductions    conflicts         size   tier2        variables
c           MB      restarts       redundant     glue    trail        remaining
c            level        rate          size/glue  tier1   irredundant
c 
c w 192.88 201 16 30 18242  2 461303 56041 1.5 17 11 5 11 22% 884698 368 12%
c x 193.07 201 16 30 18242  2 461303 56041 1.5 17 11 5 11 22% 884668 368 12%
c W 196.46 202 16 30 18627  2 465058 58988 1.5 17 11 5 11 22% 884668 368 12%
c s 196.82 230 16 30 18647  2 465709 59240 1.5 17 11 5 11 22% 884414 368 12%
c s 197.11 230 16 30 18647  2 465709 59209 1.5 17 11 5 11 22% 884285 368 12%
c } 201.11 203 16 30 19127  2 477825 66761 1.6 17 11 5 11 23% 884285 368 12%
c [ 201.11 203 27 30 19127  1 477825 66761 1.5 23 16 9 19 35% 884285 368 12%
c - 206.05 205 26 31 19132  1 494357 60924 1.5 23 15 9 19 35% 884285 368 12%
c p 206.12 205 26 31 19132  1 494357 60937 1.5 23 15 9 19 35% 884285 368 12%
c u 206.43 205 26 31 19132  1 494357 60905 1.5 23 15 9 19 35% 884285 368 12%
c v 206.55 205 26 31 19132  1 494357 60903 1.5 23 15 9 19 35% 884285 368 12%
c w 206.60 205 26 31 19132  1 494357 60902 1.5 23 15 9 19 35% 884285 368 12%
c x 206.77 205 26 31 19132  1 494357 60902 1.5 23 15 9 19 35% 884265 368 12%
c B 207.38 205 27 31 19134  1 496059 62244 1.5 23 15 9 19 35% 884265 368 12%
c W 212.82 205 27 31 19147  1 528061 84492 1.5 23 16 9 19 33% 884265 368 12%
c - 213.06 209 27 32 19147  1 528572 61704 1.5 23 16 9 19 33% 884265 368 12%
c p 213.10 209 27 32 19147  1 528572 61717 1.5 23 16 9 19 33% 884265 368 12%
c O 220.27 209 25 32 19158  1 561064 83895 1.5 22 15 9 18 32% 884265 368 12%
c - 221.07 209 25 33 19160  1 563952 62006 1.5 22 15 9 18 32% 884265 368 12%
c p 221.14 209 25 33 19160  1 563952 62019 1.5 22 15 9 18 32% 884265 368 12%
c 
c  seconds    reductions    conflicts         size   tier2        variables
c           MB      restarts       redundant     glue    trail        remaining
c            level        rate          size/glue  tier1   irredundant
c 
c u 221.56 209 25 33 19160  1 563952 61957 1.5 22 15 9 18 32% 884265 368 12%
c v 221.76 209 25 33 19160  1 563952 61946 1.5 22 15 9 18 32% 884265 368 12%
c w 221.85 209 25 33 19160  1 563952 61944 1.5 22 15 9 18 32% 884265 368 12%
c x 222.06 209 25 33 19160  1 563952 61942 1.5 22 15 9 18 32% 883805 368 12%
c ] 229.33 209 27 33 19173  1 593940 86441 1.5 22 15 9 18 34% 883805 368 12%
c { 229.33 209 16 33 19173  2 593940 86441 1.6 17 11 5 11 23% 883805 368 12%
c F 230.48 209 16 33 19445  2 595065 87263 1.6 17 11 5 11 23% 883805 368 12%
c - 233.98 218 17 34 19850  2 600499 66646 1.6 18 11 5 11 23% 883805 368 12%
c p 234.02 218 17 34 19850  2 600499 66659 1.6 18 11 5 11 23% 883805 368 12%
c u 234.38 218 17 34 19850  2 600499 66595 1.6 18 11 5 11 23% 883805 368 12%
c v 234.54 218 17 34 19850  2 600499 66593 1.6 18 11 5 11 23% 883805 368 12%
c w 234.61 218 17 34 19850  2 600499 66593 1.6 18 11 5 11 23% 883805 368 12%
c x 234.81 218 17 34 19850  2 600499 66592 1.6 18 11 5 11 23% 883784 368 12%
c s 241.83 232 16 34 20884  2 622938 78608 1.5 17 11 5 11 22% 883611 368 12%
c s 242.16 231 16 34 20884  2 622938 78588 1.5 17 11 5 11 22% 883504 368 12%
c B 243.77 202 16 34 21012  2 630066 82197 1.5 17 11 5 11 22% 883504 368 12%
c - 246.70 213 15 35 21558  2 638206 68167 1.5 17 11 5 11 22% 883504 368 12%
c p 246.78 213 15 35 21558  2 638206 68180 1.5 17 11 5 11 22% 883504 368 12%
c u 246.98 213 15 35 21558  2 638206 68110 1.5 17 11 5 11 22% 883504 368 12%
c v 247.09 213 15 35 21558  2 638206 68108 1.5 17 11 5 11 22% 883504 368 12%
c 
c  seconds    reductions    conflicts         size   tier2        variables
c           MB      restarts       redundant     glue    trail        remaining
c            level        rate          size/glue  tier1   irredundant
c 
c w 247.14 213 15 35 21558  2 638206 68108 1.5 17 11 5 11 22% 883504 368 12%
c x 247.30 213 15 35 21558  2 638206 68108 1.5 17 11 5 11 22% 883446 368 12%
c W 262.63 235 16 35 23955  2 666067 84878 1.5 16 11 5 11 21% 883446 368 12%
c - 267.56 222 15 36 24750  2 677074 73423 1.5 17 11 5 11 21% 883446 368 12%
c p 267.61 222 15 36 24750  2 677074 73434 1.5 17 11 5 11 21% 883446 368 12%
c u 267.86 222 15 36 24750  2 677074 73210 1.5 17 11 5 11 21% 883446 368 12%
c v 268.01 222 15 36 24750  2 677074 73195 1.5 17 11 5 11 21% 883446 368 12%
c w 268.09 222 15 36 24750  2 677074 73194 1.5 17 11 5 11 21% 883446 368 12%
c x 268.29 222 15 36 24750  2 677074 73194 1.5 17 11 5 11 21% 883424 368 12%
c # 278.51 233 15 36 26652  2 703070 88186 1.5 16 11 5 11 21% 883424 368 12%
c - 284.94 210 15 37 27859  2 717108 77178 1.5 16 11 5 11 21% 883424 368 12%
c p 285.01 210 15 37 27859  2 717108 77191 1.5 16 11 5 11 21% 883424 368 12%
c u 285.30 210 15 37 27859  2 717108 77029 1.5 16 11 5 11 21% 883424 368 12%
c v 285.44 210 15 37 27859  2 717108 77021 1.5 16 11 5 11 21% 883424 368 12%
c w 285.53 210 15 37 27859  2 717108 77018 1.5 16 11 5 11 21% 883424 368 12%
c x 285.74 210 15 37 27859  2 717108 77018 1.5 16 11 5 11 21% 883410 368 12%
c } 288.20 210 15 37 28347  2 725838 81854 1.5 16 11 5 11 21% 883410 368 12%
c [ 288.20 210 27 37 28347  1 725838 81854 1.5 22 15 9 18 34% 883410 368 12%
c B 291.01 210 26 37 28351  1 741072 94197 1.5 22 15 8 18 33% 883410 368 12%
c - 295.14 210 27 38 28352  1 758310 79976 1.5 23 15 8 18 32% 883410 368 12%
c 
c  seconds    reductions    conflicts         size   tier2        variables
c           MB      restarts       redundant     glue    trail        remaining
c            level        rate          size/glue  tier1   irredundant
c 
c p 295.19 210 27 38 28352  1 758310 79988 1.5 23 15 8 18 32% 883410 368 12%
c u 296.87 203 27 38 28352  1 758310 79904 1.5 23 15 8 18 32% 883410 368 12%
c v 296.99 203 27 38 28352  1 758310 79903 1.5 23 15 8 18 32% 883410 368 12%
c w 297.05 203 27 38 28352  1 758310 79892 1.5 23 15 8 18 32% 883410 368 12%
c x 297.21 203 27 38 28352  1 758310 79892 1.5 23 15 8 18 32% 883183 368 12%
c W 303.89 209 27 38 28353  1 780076 96698 1.5 23 15 8 18 33% 883183 368 12%
c - 309.79 212 27 39 28354  1 800677 80174 1.5 23 15 8 17 33% 883183 368 12%
c p 309.86 212 27 39 28354  1 800677 80186 1.5 23 15 8 17 33% 883183 368 12%
c u 310.19 212 27 39 28354  1 800677 80052 1.5 23 15 8 17 33% 883183 368 12%
c v 310.34 212 27 39 28354  1 800677 80049 1.5 23 15 8 17 33% 883183 368 12%
c w 310.41 212 27 39 28354  1 800677 80048 1.5 23 15 8 17 33% 883183 368 12%
c x 310.63 212 27 39 28354  1 800677 80047 1.5 23 15 8 17 33% 883121 368 12%
c s 311.38 232 27 39 28354  1 802609 81469 1.5 23 15 8 17 33% 882931 368 12%
c s 311.73 232 27 39 28354  1 802609 81459 1.5 23 15 8 17 33% 882768 368 12%
c I 317.65 233 28 39 28354  1 820077 95635 1.5 23 15 8 17 34% 882768 368 12%
c - 324.09 233 27 40 28354  1 844212 80224 1.5 23 15 8 17 33% 882768 368 12%
c p 324.15 233 27 40 28354  1 844212 80236 1.5 23 15 8 17 33% 882768 368 12%
c u 324.52 233 27 40 28354  1 844212 80186 1.5 23 15 8 17 33% 882768 368 12%
c v 324.68 233 27 40 28354  1 844212 80168 1.5 23 15 8 17 33% 882768 368 12%
c w 324.76 233 27 40 28354  1 844212 80168 1.5 23 15 8 17 33% 882768 368 12%
c 
c  seconds    reductions    conflicts         size   tier2        variables
c           MB      restarts       redundant     glue    trail        remaining
c            level        rate          size/glue  tier1   irredundant
c 
c x 324.96 233 27 40 28354  1 844212 80168 1.5 23 15 8 17 33% 882740 368 12%
c B 328.59 233 27 40 28357  1 861080 94099 1.6 23 15 8 17 34% 882740 368 12%
c ] 329.37 233 27 40 28360  1 864668 96926 1.6 23 15 8 17 34% 882740 368 12%
c { 329.37 233 15 40 28360  2 864668 96926 1.5 16 11 5 11 21% 882740 368 12%
c - 341.06 210 15 41 30832  2 888909 83513 1.5 16 11 5 11 21% 882740 368 12%
c p 341.13 210 15 41 30832  2 888909 83525 1.5 16 11 5 11 21% 882740 368 12%
c u 341.52 210 15 41 30832  2 888909 83486 1.5 16 11 5 11 21% 882740 368 12%
c v 341.68 210 15 41 30832  2 888909 83462 1.5 16 11 5 11 21% 882740 368 12%
c w 341.77 210 15 41 30832  2 888909 83460 1.5 16 11 5 11 21% 882740 368 12%
c x 342.00 210 15 41 30832  2 888909 83460 1.5 16 11 5 11 21% 882722 368 12%
c B 347.59 216 15 41 32686  2 903081 92077 1.5 16 11 5 11 21% 882722 368 12%
c - 367.42 215 15 42 37085  2 934772 89805 1.5 17 11 5 11 21% 882722 368 12%
c p 367.49 215 15 42 37085  2 934772 89817 1.5 17 11 5 11 21% 882722 368 12%
c u 367.99 215 15 42 37085  2 934772 89740 1.5 17 11 5 11 21% 882722 368 12%
c v 368.22 215 15 42 37085  2 934772 89720 1.5 17 11 5 11 21% 882722 368 12%
c w 368.33 215 15 42 37085  2 934772 89714 1.5 17 11 5 11 21% 882722 368 12%
c x 368.60 215 15 42 37085  2 934772 89711 1.5 17 11 5 11 21% 882476 368 12%
c W 375.17 216 16 42 37475  2 946082 97803 1.5 17 11 5 11 22% 882476 368 12%
c - 392.89 212 15 43 40769  2 981802 96444 1.5 17 11 5 11 23% 882476 368 12%
c p 392.97 212 15 43 40769  2 981802 96456 1.5 17 11 5 11 23% 882476 368 12%
c 
c  seconds    reductions    conflicts         size   tier2        variables
c           MB      restarts       redundant     glue    trail        remaining
c            level        rate          size/glue  tier1   irredundant
c 
c u 393.46 212 15 43 40769  2 981802 96404 1.5 17 11 5 11 23% 882476 368 12%
c v 393.69 212 15 43 40769  2 981802 96398 1.5 17 11 5 11 23% 882476 368 12%
c w 393.81 212 15 43 40769  2 981802 96398 1.5 17 11 5 11 23% 882476 368 12%
c x 394.11 212 15 43 40769  2 981802 96395 1.5 17 11 5 11 23% 882407 368 12%
c t 394.13 212 15 43 40769  2 981802 96394 1.5 17 11 5 11 23% 882407 368 12%
c F 397.23 212 15 43 40843  1 990085 100252 1.5 17 11 5 11 23% 882407 368 12%
c } 400.63 216 15 43 41757  2 994562 103210 1.5 17 11 5 11 23% 882407 368 12%
c [ 400.63 216 27 43 41757  1 994562 103210 1.6 23 15 8 17 34% 882407 368 12%
c s 403.61 235 26 43 41761  1 1004716 110341 1.6 23 15 8 17 34% 882016 368 12%
c s 403.98 234 26 43 41761  1 1004716 110263 1.6 23 15 8 17 34% 881445 368 12%
c - 412.39 235 26 44 41773  1 1029999 99561 1.6 24 15 8 17 34% 881445 368 12%
c p 412.47 235 26 44 41773  1 1029999 99574 1.6 24 15 8 17 34% 881445 368 12%
c u 412.95 235 26 44 41773  1 1029999 99514 1.6 24 15 8 17 34% 881445 368 12%
c v 413.17 235 26 44 41773  1 1029999 99511 1.6 24 15 8 17 34% 881445 368 12%
c w 413.28 235 26 44 41773  1 1029999 99511 1.6 24 15 8 17 34% 881445 368 12%
c x 413.58 235 26 44 41773  1 1029999 99511 1.6 24 15 8 17 34% 881182 368 12%
c W 416.94 235 26 44 41775  1 1035086 103424 1.6 24 15 8 17 34% 881182 368 12%
c - 430.09 235 23 45 41788  1 1079353 93383 1.5 23 15 8 17 30% 881182 368 12%
c p 430.17 235 23 45 41788  1 1079353 93396 1.5 23 15 8 17 30% 881182 368 12%
c u 430.64 235 23 45 41788  1 1079353 93322 1.5 23 15 8 17 30% 881182 368 12%
c 
c  seconds    reductions     conflicts         size   tier2        variables
c           MB      restarts        redundant     glue    trail        remaining
c            level        rate           size/glue  tier1   irredundant
c 
c v 430.86 235 23 45 41788  1 1079353 93321 1.5 23 15 8 17 30% 881182 368 12%
c w 430.96 235 23 45 41788  1 1079353 93320 1.5 23 15 8 17 30% 881182 368 12%
c x 431.18 235 23 45 41788  1 1079353 93318 1.5 23 15 8 17 30% 881123 368 12%
c t 431.18 235 23 45 41788  1 1079353 93308 1.5 23 15 8 17 30% 881123 368 12%
c O 431.93 235 23 45 41789  1 1081087 94519 1.5 23 15 8 17 30% 881123 368 12%
c B 443.52 235 22 45 41811  1 1128088 127615 1.5 22 15 8 17 30% 881123 368 12%
c - 444.44 234 22 46 41812  1 1129870 93718 1.5 22 15 8 17 30% 881123 368 12%
c p 444.51 234 22 46 41812  1 1129870 93731 1.5 22 15 8 17 30% 881123 368 12%
c u 444.93 234 22 46 41812  1 1129870 93667 1.5 22 15 8 17 30% 881123 368 12%
c v 445.08 234 22 46 41812  1 1129870 93627 1.5 22 15 8 17 30% 881123 368 12%
c w 445.17 234 22 46 41812  1 1129870 93627 1.5 22 15 8 17 30% 881123 368 12%
c x 445.32 234 22 46 41812  1 1129870 93626 1.5 22 15 8 17 30% 880877 368 12%
c ] 451.37 234 22 46 41814  1 1159409 114691 1.5 22 15 8 17 30% 880877 368 12%
c { 451.37 234 15 46 41814  2 1159409 114691 1.5 17 11 5 11 23% 880877 368 12%
c B 459.93 235 15 46 43889  2 1176089 125896 1.5 17 11 5 11 23% 880877 368 12%
c - 464.52 212 15 47 44879  2 1181555 98341 1.5 17 12 5 11 23% 880877 368 12%
c p 464.59 212 15 47 44879  2 1181555 98354 1.5 17 12 5 11 23% 880877 368 12%
c u 466.27 204 15 47 44879  2 1181555 98239 1.5 17 12 5 11 23% 880877 368 12%
c v 466.43 204 15 47 44879  2 1181555 98203 1.5 17 12 5 11 23% 880877 368 12%
c w 466.54 204 15 47 44879  2 1181555 98198 1.5 17 12 5 11 23% 880877 368 12%
c 
c  seconds    reductions     conflicts         size   tier2        variables
c           MB      restarts        redundant     glue    trail        remaining
c            level        rate           size/glue  tier1   irredundant
c 
c x 466.72 204 15 47 44879  2 1181555 98195 1.5 17 12 5 11 23% 880398 368 12%
c W 489.77 227 15 47 48596  1 1225091 127771 1.5 18 12 5 11 24% 880398 368 12%
c s 491.94 235 15 47 49114  1 1229235 130287 1.5 18 12 5 11 24% 880151 368 12%
c s 492.32 235 15 47 49114  1 1229235 130241 1.5 18 12 5 11 24% 879455 368 12%
c - 496.62 212 16 48 49863  1 1234407 106428 1.5 18 12 5 11 24% 879455 368 12%
c p 496.70 212 16 48 49863  1 1234407 106441 1.5 18 12 5 11 24% 879455 368 12%
c u 497.12 212 16 48 49863  1 1234407 106180 1.5 18 12 5 11 24% 879455 368 12%
c v 497.39 212 16 48 49863  1 1234407 106174 1.5 18 12 5 11 24% 879455 368 12%
c w 497.55 212 16 48 49863  1 1234407 106173 1.5 18 12 5 11 24% 879455 368 12%
c x 497.88 212 16 48 49863  1 1234407 106171 1.5 18 12 5 11 24% 878525 368 12%
c # 515.44 231 16 48 53499  1 1275092 132016 1.5 18 12 5 11 24% 878525 368 12%
c - 521.69 205 16 49 54650  1 1288408 112287 1.5 18 12 5 11 24% 878525 368 12%
c p 521.76 205 16 49 54650  1 1288408 112300 1.5 18 12 5 11 24% 878525 368 12%
c u 522.15 205 16 49 54650  1 1288408 112116 1.5 18 12 5 11 24% 878525 368 12%
c v 522.41 205 16 49 54650  1 1288408 112110 1.5 18 12 5 11 24% 878525 368 12%
c w 522.54 205 16 49 54650  1 1288408 112109 1.5 18 12 5 11 24% 878525 368 12%
c x 522.82 205 16 49 54650  1 1288408 112107 1.5 18 12 5 11 24% 877785 368 12%
c } 537.22 224 16 49 57730  1 1314466 129593 1.5 18 12 5 11 24% 877785 368 12%
c [ 537.22 224 22 49 57730  1 1314466 129593 1.5 22 15 8 17 30% 877785 368 12%
c W 542.63 230 22 49 57730  1 1326093 137225 1.5 22 15 8 17 29% 877785 368 12%
c 
c  seconds    reductions     conflicts          size   tier2        variables
c           MB      restarts        redundant      glue    trail        remaining
c            level        rate            size/glue  tier1   irredundant
c 
c - 546.86 205 21 50 57731  1 1343566 109953 1.5 22 15 8 17 28% 877785 368 12%
c p 546.95 205 21 50 57731  1 1343566 109966 1.5 22 15 8 17 28% 877785 368 12%
c u 547.36 205 21 50 57731  1 1343566 109809 1.5 22 15 8 17 28% 877785 368 12%
c v 547.62 205 21 50 57731  1 1343566 109804 1.5 22 15 8 17 28% 877785 368 12%
c w 547.74 205 21 50 57731  1 1343566 109801 1.5 22 15 8 17 28% 877785 368 12%
c x 548.10 205 21 50 57731  1 1343566 109800 1.5 22 15 8 17 28% 877748 368 12%
c I 556.47 205 20 50 57748  1 1378094 131608 1.5 21 15 8 17 26% 877748 368 12%
c - 563.08 214 20 51 57759  1 1399882 105283 1.5 21 14 8 16 27% 877748 368 12%
c p 563.16 214 20 51 57759  1 1399882 105295 1.5 21 14 8 16 27% 877748 368 12%
c u 563.58 214 20 51 57759  1 1399882 105132 1.5 21 14 8 16 27% 877748 368 12%
c v 563.81 214 20 51 57759  1 1399882 105120 1.5 21 14 8 16 27% 877748 368 12%
c w 563.93 214 20 51 57759  1 1399882 105120 1.5 21 14 8 16 27% 877748 368 12%
c x 564.21 214 20 51 57759  1 1399882 105119 1.5 21 14 8 16 27% 877657 368 12%
c B 571.66 214 19 51 57766  1 1431095 126001 1.5 21 14 8 16 27% 877657 368 12%
c - 578.28 214 19 52 57776  1 1457365 104416 1.5 21 14 8 16 26% 877657 368 12%
c p 578.36 214 19 52 57776  1 1457365 104429 1.5 21 14 8 16 26% 877657 368 12%
c u 578.82 214 19 52 57776  1 1457365 104271 1.5 21 14 8 16 26% 877657 368 12%
c v 579.05 214 19 52 57776  1 1457365 104260 1.5 21 14 8 16 26% 877657 368 12%
c w 579.17 214 19 52 57776  1 1457365 104258 1.5 21 14 8 16 26% 877657 368 12%
c x 579.43 214 19 52 57776  1 1457365 104257 1.5 21 14 8 16 26% 877542 368 12%
c 
c  seconds    reductions     conflicts          size   tier2        variables
c           MB      restarts        redundant      glue    trail        remaining
c            level        rate            size/glue  tier1   irredundant
c 
c s 585.29 234 20 52 57787  1 1476135 118390 1.5 21 14 8 16 26% 875843 368 12%
c s 585.71 234 20 52 57787  1 1476135 118362 1.5 21 14 8 16 26% 875409 368 12%
c W 590.58 204 20 52 57791  1 1485097 124549 1.5 21 15 8 16 27% 875409 368 12%
c - 599.12 204 19 53 57793  1 1516014 104595 1.5 21 14 8 16 26% 875409 368 12%
c p 599.20 204 19 53 57793  1 1516014 104608 1.5 21 14 8 16 26% 875409 368 12%
c u 599.73 204 19 53 57793  1 1516014 104530 1.5 21 14 8 16 26% 875409 368 12%
c v 599.98 204 19 53 57793  1 1516014 104524 1.5 21 14 8 16 26% 875409 368 12%
c w 600.10 204 19 53 57793  1 1516014 104522 1.5 21 14 8 16 26% 875409 368 12%
c x 600.34 204 19 53 57793  1 1516014 104519 1.5 21 14 8 16 26% 875366 368 12%
c ] 600.92 204 19 53 57793  1 1516919 105125 1.5 21 14 8 16 26% 875366 368 12%
c { 600.92 204 16 53 57793  1 1516919 105125 1.5 18 12 5 11 24% 875366 368 12%
c B 612.51 217 16 53 60037  1 1540098 120798 1.5 18 12 5 11 25% 875366 368 12%
c - 630.53 205 16 54 63493  1 1575798 109509 1.5 18 13 5 11 24% 875366 368 12%
c p 630.60 205 16 54 63493  1 1575798 109522 1.5 18 13 5 11 24% 875366 368 12%
c u 631.27 205 16 54 63493  1 1575798 109445 1.5 18 13 5 11 24% 875366 368 12%
c v 631.59 205 16 54 63493  1 1575798 109434 1.5 18 13 5 11 24% 875366 368 12%
c w 631.75 205 16 54 63493  1 1575798 109427 1.5 18 13 5 11 24% 875366 368 12%
c x 632.10 205 16 54 63493  1 1575798 109426 1.5 18 13 5 11 24% 875298 368 12%
c W 641.80 222 16 54 64085  1 1596102 121185 1.5 18 12 5 11 24% 875298 368 12%
c - 659.12 214 15 55 66184  1 1636749 115468 1.4 18 12 5 11 23% 875298 368 12%
c 
c  seconds    reductions     conflicts          size   tier2        variables
c           MB      restarts        redundant      glue    trail        remaining
c            level        rate            size/glue  tier1   irredundant
c 
c p 659.34 214 15 55 66184  1 1636749 113871 1.4 18 12 5 11 23% 875296 367 12%
c u 659.96 214 15 55 66184  1 1636749 113801 1.4 18 12 5 11 23% 875296 367 12%
c v 660.25 214 15 55 66184  1 1636749 113777 1.4 18 12 5 11 23% 875296 367 12%
c w 660.38 214 15 55 66184  1 1636749 113777 1.4 18 12 5 11 23% 875296 367 12%
c x 660.64 214 15 55 66184  1 1636749 113774 1.4 18 12 5 11 23% 875208 367 12%
c F 666.45 214 15 55 66276  1 1653103 122131 1.4 17 12 5 11 23% 875208 367 12%
c - 688.09 214 15 56 70590  1 1698864 122111 1.5 18 12 5 11 24% 875208 367 12%
c p 688.17 214 15 56 70590  1 1698864 122124 1.5 18 12 5 11 24% 875208 367 12%
c u 688.85 214 15 56 70590  1 1698864 122043 1.5 18 12 5 11 24% 875208 367 12%
c v 689.13 214 15 56 70590  1 1698864 122019 1.5 18 12 5 11 24% 875208 367 12%
c w 689.29 214 15 56 70590  1 1698864 122017 1.5 18 12 5 11 24% 875208 367 12%
c x 689.59 214 15 56 70590  1 1698864 122016 1.5 18 12 5 11 24% 875079 367 12%
c B 695.28 215 15 56 71703  1 1711105 129653 1.4 18 12 5 11 24% 875079 367 12%
c } 695.91 215 15 56 71784  1 1712869 130743 1.4 18 12 5 11 24% 875079 367 12%
c [ 695.91 215 19 56 71784  1 1712869 130743 1.5 21 14 8 16 26% 875079 367 12%
c s 702.99 236 19 56 71785  1 1745321 150282 1.4 20 14 8 16 26% 873816 367 12%
c e 703.23 236 19 56 71785  1 1745321 150282 1.4 20 14 8 16 26% 873816 365 12%
c s 703.45 236 19 56 71785  1 1745321 150237 1.4 20 14 8 16 26% 873460 365 12%
c - 707.53 236 19 57 71785  1 1762149 122727 1.4 20 14 8 16 25% 873460 365 12%
c p 707.60 236 19 57 71785  1 1762149 122740 1.4 20 14 8 16 25% 873460 365 12%
c 
c  seconds    reductions     conflicts          size   tier2        variables
c           MB      restarts        redundant      glue    trail        remaining
c            level        rate            size/glue  tier1   irredundant
c 
c u 710.31 205 19 57 71785  1 1762149 122685 1.4 20 14 8 16 25% 873460 365 12%
c v 710.54 205 19 57 71785  1 1762149 122653 1.4 20 14 8 16 25% 873460 365 12%
c w 710.66 205 19 57 71785  1 1762149 122644 1.4 20 14 8 16 25% 873460 365 12%
c x 710.89 205 19 57 71785  1 1762149 122641 1.4 20 14 8 16 25% 873276 365 12%
c t 710.89 205 19 57 71785  1 1762149 122640 1.4 20 14 8 16 25% 873276 365 12%
c O 712.83 205 18 57 71785  1 1770108 127721 1.4 20 14 8 16 25% 873276 365 12%
c - 726.72 206 18 58 71786  1 1826573 127697 1.6 20 13 8 16 25% 873276 365 12%
c p 726.79 206 18 58 71786  1 1826573 127710 1.6 20 13 8 16 25% 873276 365 12%
c u 727.36 206 18 58 71786  1 1826573 127625 1.6 20 13 8 16 25% 873276 365 12%
c v 727.53 206 18 58 71786  1 1826573 127537 1.6 20 13 8 16 25% 873276 365 12%
c w 727.65 206 18 58 71786  1 1826573 127535 1.6 20 13 8 16 25% 873276 365 12%
c x 727.90 206 18 58 71786  1 1826573 127532 1.6 20 13 8 16 25% 873033 365 12%
c B 729.18 206 18 58 71786  1 1830110 129643 1.6 20 13 8 16 25% 873033 365 12%
c W 748.16 207 18 58 71786  1 1891111 167867 1.5 20 13 8 16 25% 873033 365 12%
c - 748.65 208 18 59 71786  1 1892158 128320 1.5 20 14 8 16 25% 873033 365 12%
c p 748.74 208 18 59 71786  1 1892158 128333 1.5 20 14 8 16 25% 873033 365 12%
c u 749.35 208 18 59 71786  1 1892158 128215 1.5 20 14 8 16 25% 873033 365 12%
c v 749.58 208 18 59 71786  1 1892158 128178 1.5 20 14 8 16 25% 873033 365 12%
c w 749.72 208 18 59 71786  1 1892158 128178 1.5 20 14 8 16 25% 873033 365 12%
c x 750.11 208 18 59 71786  1 1892158 128177 1.5 20 14 8 16 25% 872997 365 12%
c 
c  seconds    reductions     conflicts          size   tier2        variables
c           MB      restarts        redundant      glue    trail        remaining
c            level        rate            size/glue  tier1   irredundant
c 
c I 767.40 210 17 59 71796  1 1953113 166864 1.5 20 13 8 16 25% 872997 365 12%
c - 769.68 212 18 60 71800  1 1958906 126476 1.5 20 13 8 16 26% 872997 365 12%
c p 769.76 212 18 60 71800  1 1958906 126489 1.5 20 13 8 16 26% 872997 365 12%
c u 770.41 212 18 60 71800  1 1958906 126429 1.5 20 13 8 16 26% 872997 365 12%
c v 770.73 212 18 60 71800  1 1958906 126407 1.5 20 13 8 16 26% 872997 365 12%
c w 770.90 212 18 60 71800  1 1958906 126402 1.5 20 13 8 16 26% 872997 365 12%
c x 771.32 212 18 60 71800  1 1958906 126401 1.5 20 13 8 16 26% 872967 365 12%
c ] 772.12 212 18 60 71800  1 1961246 128184 1.5 20 13 8 16 26% 872967 365 12%
c { 772.12 212 15 60 71800  1 1961246 128184 1.4 18 12 5 11 24% 872967 365 12%
c W 798.65 231 15 60 75081  1 2016116 162834 1.5 18 12 5 11 24% 872967 365 12%
c - 803.90 206 15 61 75639  1 2026822 133011 1.5 18 12 5 11 23% 872967 365 12%
c p 803.98 206 15 61 75639  1 2026822 133024 1.5 18 12 5 11 23% 872967 365 12%
c u 804.49 206 15 61 75639  1 2026822 132803 1.5 18 12 5 11 23% 872967 365 12%
c v 804.81 206 15 61 75639  1 2026822 132756 1.5 18 12 5 11 23% 872967 365 12%
c w 804.97 206 15 61 75639  1 2026822 132753 1.5 18 12 5 11 23% 872967 365 12%
c x 805.42 206 15 61 75639  1 2026822 132753 1.5 18 12 5 11 23% 872871 365 12%
c s 809.74 237 15 61 75869  1 2037162 138443 1.5 17 12 5 11 23% 872337 365 12%
c s 810.17 237 15 61 75869  1 2037162 138422 1.5 17 12 5 11 23% 871670 365 12%
c # 828.11 237 14 61 78335  1 2080117 162885 1.5 17 12 5 11 23% 871670 365 12%
c - 835.18 238 14 62 79409  1 2095904 138619 1.4 17 12 5 11 23% 871670 365 12%
c 
c  seconds    reductions     conflicts          size   tier2        variables
c           MB      restarts        redundant      glue    trail        remaining
c            level        rate            size/glue  tier1   irredundant
c 
c p 835.25 238 14 62 79409  1 2095904 138631 1.4 17 12 5 11 23% 871670 365 12%
c u 835.85 238 14 62 79409  1 2095904 138445 1.4 17 12 5 11 23% 871670 365 12%
c v 836.19 238 14 62 79409  1 2095904 138409 1.4 17 12 5 11 23% 871670 365 12%
c w 836.36 238 14 62 79409  1 2095904 138393 1.4 17 12 5 11 23% 871670 365 12%
c x 836.85 238 14 62 79409  1 2095904 138393 1.4 17 12 5 11 23% 871601 365 12%
c B 861.09 239 14 62 82575  1 2145118 167049 1.4 17 12 5 11 22% 871601 365 12%
c - 872.14 222 14 63 85117  1 2166131 140743 1.4 17 12 5 11 22% 871601 365 12%
c p 872.22 222 14 63 85117  1 2166131 140756 1.4 17 12 5 11 22% 871601 365 12%
c u 872.86 222 14 63 85117  1 2166131 140451 1.4 17 12 5 11 22% 871601 365 12%
c v 873.25 222 14 63 85117  1 2166131 140432 1.4 17 12 5 11 22% 871601 365 12%
c w 873.44 222 14 63 85117  1 2166131 140430 1.4 17 12 5 11 22% 871601 365 12%
c x 873.96 222 14 63 85117  1 2166131 140429 1.4 17 12 5 11 22% 871440 365 12%
c } 886.32 223 15 63 87247  1 2193402 159080 1.5 18 12 5 11 23% 871440 365 12%
c [ 886.32 223 18 63 87247  1 2193402 159080 1.5 20 13 8 16 26% 871440 365 12%
c B 890.96 224 18 63 87254  1 2211121 170880 1.5 20 14 8 16 25% 871440 365 12%
c - 899.93 226 19 64 87264  1 2237524 139940 1.5 21 14 8 16 26% 871440 365 12%
c p 900.02 226 19 64 87264  1 2237524 139953 1.5 21 14 8 16 26% 871440 365 12%
c u 900.67 226 19 64 87264  1 2237524 139828 1.5 21 14 8 16 26% 871440 365 12%
c v 900.97 226 19 64 87264  1 2237524 139748 1.5 21 14 8 16 26% 871440 365 12%
c w 901.13 226 19 64 87264  1 2237524 139740 1.5 21 14 8 16 26% 871440 365 12%
c 
c  seconds    reductions     conflicts          size   tier2        variables
c           MB      restarts        redundant      glue    trail        remaining
c            level        rate            size/glue  tier1   irredundant
c 
c x 901.54 226 19 64 87264  1 2237524 139737 1.5 21 14 8 16 26% 871360 365 12%
c W 917.83 226 19 64 87278  1 2278122 165780 1.5 21 14 8 16 25% 871360 365 12%
c - 927.36 225 19 65 87293  1 2310079 133724 1.4 21 14 8 16 25% 871360 365 12%
c p 927.42 225 19 65 87293  1 2310079 133737 1.4 21 14 8 16 25% 871360 365 12%
c u 928.09 225 19 65 87293  1 2310079 133674 1.4 21 14 8 16 25% 871360 365 12%
c v 928.43 225 19 65 87293  1 2310079 133659 1.4 21 14 8 16 25% 871360 365 12%
c w 928.60 225 19 65 87293  1 2310079 133658 1.4 21 14 8 16 25% 871360 365 12%
c x 929.06 225 19 65 87293  1 2310079 133655 1.4 21 14 8 16 25% 870790 365 12%
c O 939.99 225 18 65 87296  1 2346124 155172 1.4 21 15 8 16 25% 870790 365 12%
c s 941.93 237 18 65 87296  1 2351369 158370 1.4 21 14 8 16 25% 868436 365 12%
c s 942.41 237 18 65 87296  1 2351369 158331 1.4 21 14 8 16 25% 868031 365 12%
c - 951.69 236 18 66 87305  1 2383800 130016 1.4 20 14 8 15 24% 868031 365 12%
c p 951.76 236 18 66 87305  1 2383800 130029 1.4 20 14 8 15 24% 868031 365 12%
c u 952.52 236 18 66 87305  1 2383800 129980 1.4 20 14 8 15 24% 868031 365 12%
c v 952.88 236 18 66 87305  1 2383800 129954 1.4 20 14 8 15 24% 868031 365 12%
c w 953.05 236 18 66 87305  1 2383800 129952 1.4 20 14 8 15 24% 868031 365 12%
c x 953.52 236 18 66 87305  1 2383800 129952 1.4 20 14 8 15 24% 867987 365 12%
c B 962.43 236 17 66 87318  1 2415125 148224 1.4 20 14 8 15 23% 867987 365 12%
c ] 974.04 236 16 66 87330  1 2456737 172728 1.4 19 13 8 15 23% 867987 365 12%
c { 974.04 236 15 66 87330  1 2456737 172728 1.5 18 12 5 11 23% 867987 365 12%
c 
c  seconds    reductions     conflicts          size   tier2        variables
c           MB      restarts        redundant      glue    trail        remaining
c            level        rate            size/glue  tier1   irredundant
c 
c - 975.47 237 15 67 87495  1 2458626 133834 1.5 18 12 5 11 23% 867987 365 12%
c p 975.56 237 15 67 87495  1 2458626 133847 1.5 18 12 5 11 23% 867987 365 12%
c u 976.34 237 15 67 87495  1 2458626 133797 1.5 18 12 5 11 23% 867987 365 12%
c v 976.67 237 15 67 87495  1 2458626 133684 1.5 18 12 5 11 23% 867987 365 12%
c w 976.86 237 15 67 87495  1 2458626 133679 1.5 18 12 5 11 23% 867987 365 12%
c x 977.38 237 15 67 87495  1 2458626 133678 1.5 18 12 5 11 23% 867952 365 12%
c W 993.04 237 15 67 89292  1 2485128 150201 1.5 18 12 5 11 23% 867952 365 12%
c - 1017.97 206 15 68 92786  1 2534616 141799 1.4 18 12 5 11 23% 867952 365 12%
c p 1018.06 206 15 68 92786  1 2534616 141812 1.4 18 12 5 11 23% 867952 365 12%
c u 1022.49 206 15 68 92786  1 2534616 141730 1.4 18 12 5 11 23% 867952 365 12%
c v 1022.89 206 15 68 92786  1 2534616 141718 1.4 18 12 5 11 23% 867952 365 12%
c w 1023.08 206 15 68 92786  1 2534616 141709 1.4 18 12 5 11 23% 867952 365 12%
c x 1023.64 206 15 68 92786  1 2534616 141708 1.4 18 12 5 11 23% 867877 365 12%
c F 1033.08 218 15 68 94310  1 2556129 153516 1.4 17 12 5 11 23% 867877 365 12%
c - 1057.30 230 15 69 97551  1 2611770 145550 1.4 17 12 5 11 23% 867877 365 12%
c p 1057.38 230 15 69 97551  1 2611770 145563 1.4 17 12 5 11 23% 867877 365 12%
c u 1058.16 230 15 69 97551  1 2611770 145430 1.4 17 12 5 11 23% 867877 365 12%
c v 1058.54 230 15 69 97551  1 2611770 145417 1.4 17 12 5 11 23% 867877 365 12%
c w 1058.75 230 15 69 97551  1 2611770 145409 1.4 17 12 5 11 23% 867877 365 12%
c x 1059.28 230 15 69 97551  1 2611770 145409 1.4 17 12 5 11 23% 867342 365 12%
c 
c   seconds    reductions     conflicts          size   tier2        variables
c            MB      restarts        redundant      glue    trail        remaining
c             level        rate            size/glue  tier1   irredundant
c 
c B 1067.16 230 14 69 98643  1 2628134 154404 1.4 17 12 5 11 23% 867342 365 12%
c s 1093.93 238 15 69 102556  1 2687839 191255 1.4 17 12 5 11 22% 866218 365 12%
c s 1094.46 238 15 69 102556  1 2687839 191165 1.4 17 12 5 11 22% 861879 365 12%
c - 1096.01 238 15 70 102656  1 2690087 150522 1.4 17 12 5 11 22% 861879 365 12%
c p 1096.09 238 15 70 102656  1 2690087 150536 1.4 17 12 5 11 22% 861879 365 12%
c u 1096.91 238 15 70 102656  1 2690087 150449 1.4 17 12 5 11 22% 861879 365 12%
c v 1097.31 238 15 70 102656  1 2690087 150406 1.4 17 12 5 11 22% 861879 365 12%
c w 1097.52 238 15 70 102656  1 2690087 150404 1.4 17 12 5 11 22% 861879 365 12%
c x 1098.06 238 15 70 102656  1 2690087 150403 1.4 17 12 5 11 22% 861187 365 12%
c W 1106.92 238 15 70 103550  1 2701135 157031 1.4 18 12 5 11 22% 861187 365 12%
c } 1116.78 238 14 70 104658  1 2726392 171739 1.4 17 12 5 11 22% 861187 365 12%
c [ 1116.78 238 16 70 104658  1 2726392 171739 1.4 19 13 8 15 23% 861187 365 12%
c - 1130.25 238 15 71 104679  1 2769447 154163 1.4 18 13 8 15 23% 861187 365 12%
c p 1130.33 238 15 71 104679  1 2769447 154177 1.4 18 13 8 15 23% 861187 365 12%
c u 1131.04 238 15 71 104679  1 2769447 154026 1.4 18 13 8 15 23% 861187 365 12%
c v 1131.39 238 15 71 104679  1 2769447 154004 1.4 18 13 8 15 23% 861187 365 12%
c w 1131.57 238 15 71 104679  1 2769447 154004 1.4 18 13 8 15 23% 861187 365 12%
c x 1132.08 238 15 71 104679  1 2769447 154001 1.4 18 13 8 15 23% 861022 365 12%
c W 1135.98 238 15 71 104683  1 2775136 157592 1.4 18 13 8 15 23% 861022 365 12%
c - 1155.68 238 15 72 104688  1 2849955 153870 1.4 18 13 8 15 23% 861022 365 12%
c 
c   seconds    reductions      conflicts          size   tier2        variables
c            MB      restarts         redundant      glue    trail        remaining
c             level         rate            size/glue  tier1   irredundant
c 
c p 1155.77 238 15 72 104688  1 2849955 153884 1.4 18 13 8 15 23% 861022 365 12%
c u 1156.30 238 15 72 104688  1 2849955 153725 1.4 18 13 8 15 23% 861022 365 12%
c v 1156.63 238 15 72 104688  1 2849955 153709 1.4 18 13 8 15 23% 861022 365 12%
c w 1156.79 238 15 72 104688  1 2849955 153704 1.4 18 13 8 15 23% 861022 365 12%
c x 1157.28 238 15 72 104688  1 2849955 153704 1.4 18 13 8 15 23% 860938 365 12%
c I 1157.48 238 15 72 104688  1 2850138 153806 1.4 18 13 8 15 23% 860938 365 12%
c B 1177.48 238 16 72 104701  1 2926140 200684 1.4 19 13 8 15 23% 860938 365 12%
c - 1179.27 238 16 73 104703  1 2931621 146081 1.4 19 14 8 15 23% 860938 365 12%
c p 1179.34 238 16 73 104703  1 2931621 146095 1.4 19 14 8 15 23% 860938 365 12%
c u 1179.94 238 16 73 104703  1 2931621 145975 1.4 19 14 8 15 23% 860938 365 12%
c v 1180.30 238 16 73 104703  1 2931621 145962 1.4 19 14 8 15 23% 860938 365 12%
c w 1180.47 238 16 73 104703  1 2931621 145957 1.4 19 14 8 15 23% 860938 365 12%
c x 1180.96 238 16 73 104703  1 2931621 145953 1.4 19 14 8 15 23% 860867 365 12%
c W 1204.58 238 16 73 104729  1 3003141 188399 1.4 19 13 8 15 23% 860867 365 12%
c - 1208.49 237 16 74 104734  1 3014445 141530 1.4 19 13 8 15 23% 860867 365 12%
c p 1208.58 237 16 74 104734  1 3014445 141544 1.4 19 13 8 15 23% 860867 365 12%
c u 1209.34 237 16 74 104734  1 3014445 141428 1.4 19 13 8 15 23% 860867 365 12%
c v 1209.75 237 16 74 104734  1 3014445 141410 1.4 19 13 8 15 23% 860867 365 12%
c w 1209.95 237 16 74 104734  1 3014445 141408 1.4 19 13 8 15 23% 860867 365 12%
c x 1210.53 237 16 74 104734  1 3014445 141407 1.4 19 13 8 15 23% 860767 365 12%
c 
c   seconds    reductions      conflicts          size   tier2        variables
c            MB      restarts         redundant      glue    trail        remaining
c             level         rate            size/glue  tier1   irredundant
c 
c ] 1217.77 237 15 74 104747  1 3041588 157428 1.4 19 13 8 15 23% 860767 365 12%
c { 1217.77 237 14 74 104747  1 3041588 157428 1.4 17 12 5 11 22% 860767 365 12%
c s 1219.26 237 14 74 104769  1 3046411 159894 1.4 17 12 5 11 22% 859205 365 12%
c s 1219.84 237 14 74 104769  1 3046411 159853 1.4 17 12 5 11 22% 858343 365 12%
c # 1234.25 237 14 74 106539  1 3081143 179236 1.5 17 12 5 11 22% 858343 365 12%
c - 1241.03 238 14 75 107250  1 3098430 150877 1.5 17 12 5 11 22% 858343 365 12%
c p 1241.10 238 14 75 107250  1 3098430 150891 1.5 17 12 5 11 22% 858343 365 12%
c u 1241.86 238 14 75 107250  1 3098430 150833 1.5 17 12 5 11 22% 858343 365 12%
c v 1242.22 238 14 75 107250  1 3098430 150818 1.5 17 12 5 11 22% 858343 365 12%
c w 1242.40 238 14 75 107250  1 3098430 150817 1.5 17 12 5 11 22% 858343 365 12%
c x 1242.93 238 14 75 107250  1 3098430 150817 1.5 17 12 5 11 22% 858246 365 12%
c B 1267.49 238 14 75 111909  1 3160145 185162 1.4 17 12 5 11 22% 858246 365 12%
c - 1278.29 207 14 76 114085  1 3183521 159901 1.4 17 12 5 11 22% 858246 365 12%
c p 1278.37 207 14 76 114085  1 3183521 159914 1.4 17 12 5 11 22% 858246 365 12%
c u 1279.23 207 14 76 114085  1 3183521 159844 1.4 17 12 5 11 22% 858246 365 12%
c v 1279.70 207 14 76 114085  1 3183521 159821 1.4 17 12 5 11 22% 858246 365 12%
c w 1279.92 207 14 76 114085  1 3183521 159816 1.4 17 12 5 11 22% 858246 365 12%
c x 1280.64 207 14 76 114085  1 3183521 159815 1.4 17 12 5 11 22% 858037 365 12%
c W 1304.19 216 13 76 114846  1 3240148 188335 1.5 16 11 5 11 22% 858037 365 12%
c - 1315.04 219 12 77 115540  1 3269772 166768 1.5 16 11 5 11 23% 858037 365 12%
c 
c   seconds    reductions      conflicts          size   tier2        variables
c            MB      restarts         redundant      glue    trail        remaining
c             level         rate            size/glue  tier1   irredundant
c 
c p 1315.15 219 12 77 115540  1 3269772 166782 1.5 16 11 5 11 23% 858037 365 12%
c u 1316.08 219 12 77 115540  1 3269772 166729 1.5 16 11 5 11 23% 858037 365 12%
c v 1316.54 219 12 77 115540  1 3269772 166715 1.5 16 11 5 11 23% 858037 365 12%
c w 1316.76 219 12 77 115540  1 3269772 166707 1.5 16 11 5 11 23% 858037 365 12%
c x 1317.38 219 12 77 115540  1 3269772 166701 1.5 16 11 5 11 23% 858004 365 12%
c F 1341.83 229 13 77 121840  1 3321150 194393 1.4 16 11 5 11 22% 858004 365 12%
c } 1355.98 232 13 77 124671  1 3355950 212751 1.4 16 11 5 11 22% 858004 365 12%
c [ 1355.98 232 15 77 124671  1 3355950 212751 1.4 19 13 8 15 23% 858004 365 12%
c - 1356.50 233 15 78 124672  1 3357178 171654 1.4 19 13 8 15 23% 858004 365 12%
c p 1356.59 208 15 78 124672  1 3357178 171669 1.4 19 13 8 15 23% 858004 365 12%
c u 1357.57 208 15 78 124672  1 3357178 171527 1.4 19 13 8 15 23% 858004 365 12%
c v 1358.07 208 15 78 124672  1 3357178 171503 1.4 19 13 8 15 23% 858004 365 12%
c w 1358.31 208 15 78 124672  1 3357178 171466 1.4 19 13 8 15 23% 858004 365 12%
c x 1359.01 208 15 78 124672  1 3357178 171465 1.4 19 13 8 15 23% 857953 365 12%
c O 1372.56 208 15 78 124675  1 3403155 198594 1.4 19 13 8 15 23% 857953 365 12%
c s 1379.62 208 15 78 124681  1 3427193 211125 1.4 18 13 7 15 23% 855925 365 12%
c s 1380.25 208 15 78 124681  1 3427193 211062 1.4 18 13 7 15 23% 851436 365 12%
c - 1386.13 227 15 79 124690  1 3445744 168513 1.4 18 13 7 15 23% 851436 365 12%
c p 1386.21 227 15 79 124690  1 3445744 168527 1.4 18 13 7 15 23% 851436 365 12%
c u 1386.98 227 15 79 124690  1 3445744 168473 1.4 18 13 7 15 23% 851436 365 12%
c 
c   seconds    reductions      conflicts          size   tier2        variables
c            MB      restarts         redundant      glue    trail        remaining
c             level         rate            size/glue  tier1   irredundant
c 
c v 1387.38 227 15 79 124690  1 3445744 168456 1.4 18 13 7 15 23% 851436 365 12%
c w 1387.58 227 15 79 124690  1 3445744 168451 1.4 18 13 7 15 23% 851436 365 12%
c x 1388.09 227 15 79 124690  1 3445744 168449 1.4 18 13 7 15 23% 851217 365 12%
c B 1401.24 227 14 79 124706  1 3486157 191485 1.4 18 12 7 15 22% 851217 365 12%
c - 1416.51 227 15 80 124721  1 3535315 168616 1.4 18 13 7 15 23% 851217 365 12%
c p 1416.59 227 15 80 124721  1 3535315 168630 1.4 18 13 7 15 23% 851217 365 12%
c u 1417.97 207 15 80 124721  1 3535315 168448 1.4 18 13 7 15 23% 851217 365 12%
c v 1418.42 207 15 80 124721  1 3535315 168435 1.4 18 13 7 15 23% 851217 365 12%
c w 1418.65 207 15 80 124721  1 3535315 168430 1.4 18 13 7 15 23% 851217 365 12%
c x 1419.23 207 15 80 124721  1 3535315 168429 1.4 18 13 7 15 23% 850642 365 12%
c W 1435.02 215 15 80 124737  1 3570158 188231 1.4 18 13 7 15 22% 850642 365 12%
c - 1455.58 217 14 81 124739  1 3626038 174509 1.5 18 12 7 15 22% 850642 365 12%
c p 1455.66 217 14 81 124739  1 3626038 174523 1.5 18 12 7 15 22% 850642 365 12%
c u 1456.23 217 14 81 124739  1 3626038 174081 1.5 18 12 7 15 22% 850642 365 12%
c v 1456.73 217 14 81 124739  1 3626038 174058 1.5 18 12 7 15 22% 850642 365 12%
c w 1457.03 217 14 81 124739  1 3626038 174054 1.5 18 12 7 15 22% 850642 365 12%
c x 1457.51 217 14 81 124739  1 3626038 174052 1.5 18 12 7 15 22% 849704 365 12%
c I 1468.08 217 14 81 124739  1 3655161 190259 1.5 18 12 7 15 22% 849704 365 12%
c ] 1481.02 217 14 81 124740  1 3690792 210479 1.5 18 12 7 15 22% 849704 365 12%
c { 1481.02 217 13 81 124740  1 3690792 210479 1.4 16 11 5 11 22% 849704 365 12%
c 
c   seconds    reductions      conflicts          size   tier2        variables
c            MB      restarts         redundant      glue    trail        remaining
c             level         rate            size/glue  tier1   irredundant
c 
c - 1493.62 223 12 82 126141  1 3717904 178057 1.4 16 11 5 11 22% 849704 365 12%
c p 1493.70 223 12 82 126141  1 3717904 178071 1.4 16 11 5 11 22% 849704 365 12%
c u 1494.66 223 12 82 126141  1 3717904 177980 1.4 16 11 5 11 22% 849704 365 12%
c v 1495.14 223 12 82 126141  1 3717904 177947 1.4 16 11 5 11 22% 849704 365 12%
c w 1495.37 223 12 82 126141  1 3717904 177942 1.4 16 11 5 11 22% 849704 365 12%
c x 1496.03 223 12 82 126141  1 3717904 177939 1.4 16 11 5 11 22% 848982 365 12%
c B 1507.20 223 13 82 127798  1 3741162 190186 1.4 16 11 5 11 22% 848982 365 12%
c - 1541.32 232 13 83 132770  1 3810903 182468 1.4 16 11 5 11 21% 848982 365 12%
c p 1541.40 232 13 83 132770  1 3810903 182482 1.4 16 11 5 11 21% 848982 365 12%
c u 1542.46 232 13 83 132770  1 3810903 182386 1.4 16 11 5 11 21% 848982 365 12%
c v 1542.98 232 13 83 132770  1 3810903 182355 1.4 16 11 5 11 21% 848982 365 12%
c w 1543.24 232 13 83 132770  1 3810903 182343 1.4 16 11 5 11 21% 848982 365 12%
c x 1543.97 232 13 83 132770  1 3810903 182342 1.4 16 11 5 11 21% 848646 365 12%
c W 1555.72 232 13 83 134267  1 3828163 191696 1.4 16 11 5 11 21% 848646 365 12%
c s 1557.45 240 13 83 134399  1 3829954 192610 1.4 16 11 5 11 21% 846543 365 12%
c s 1558.07 240 13 83 134399  1 3829954 192550 1.4 16 11 5 11 21% 839862 365 12%
c - 1592.19 240 13 84 139262  1 3905039 190649 1.4 16 11 5 11 22% 839862 365 12%
c p 1592.28 240 13 84 139262  1 3905039 190663 1.4 16 11 5 11 22% 839862 365 12%
c u 1593.33 240 13 84 139262  1 3905039 190585 1.4 16 11 5 11 22% 839861 365 12%
c v 1593.85 240 13 84 139262  1 3905039 190570 1.4 16 11 5 11 22% 839861 365 12%
c 
c   seconds    reductions      conflicts          size   tier2        variables
c            MB      restarts         redundant      glue    trail        remaining
c             level         rate            size/glue  tier1   irredundant
c 
c w 1594.12 240 13 84 139262  1 3905039 190563 1.4 16 11 5 11 22% 839861 365 12%
c x 1594.70 240 13 84 139262  1 3905039 190562 1.4 16 11 5 11 22% 839583 365 12%
c # 1599.15 240 13 84 139757  1 3916166 196173 1.4 16 11 5 11 22% 839583 365 12%
c - 1636.42 240 12 85 144978  1 4000098 197724 1.4 16 11 5 11 22% 839583 365 12%
c p 1636.50 240 12 85 144978  1 4000098 197738 1.4 16 11 5 11 22% 839583 365 12%
c u 1637.59 240 12 85 144978  1 4000098 197663 1.4 16 11 5 11 22% 839583 365 12%
c v 1638.12 240 12 85 144978  1 4000098 197652 1.4 16 11 5 11 22% 839583 365 12%
c w 1638.36 240 12 85 144978  1 4000098 197645 1.4 16 11 5 11 22% 839583 365 12%
c x 1638.90 240 12 85 144978  1 4000098 197645 1.4 16 11 5 11 22% 839452 365 12%
c B 1642.07 240 12 85 145020  1 4005171 199839 1.4 15 11 5 11 22% 839452 365 12%
c } 1653.19 240 12 85 145762  1 4032884 212812 1.4 15 10 5 11 21% 839452 365 12%
c [ 1653.19 240 14 85 145762  1 4032884 212812 1.5 18 12 7 15 22% 839452 365 12%
c i 1653.97 240 14 85 145762  1 4034612 213415 1.5 18 12 7 15 22% 839452 364 12%
c i 1665.30 240 13 85 145762  1 4060246 225907 1.5 17 12 7 15 22% 839452 360 12%
c i 1671.04 240 14 85 145762  1 4082534 238157 1.5 17 11 7 15 23% 839452 358 12%
c i 1673.37 240 13 85 145762  1 4087829 240236 1.5 16 11 7 15 23% 839452 357 12%
c i 1674.40 240 13 85 145762  1 4090956 241777 1.5 16 11 7 15 23% 839452 354 11%
c i 1675.18 240 13 85 145762  1 4093557 243021 1.5 16 11 7 15 23% 839452 353 11%
c i 1675.30 240 13 85 145762  1 4093858 243115 1.5 16 11 7 15 23% 839452 347 11%
c i 1675.32 240 13 85 145762  1 4093903 243130 1.5 16 11 7 15 23% 839452 344 11%
c 
c   seconds    reductions      conflicts          size   tier2        variables
c            MB      restarts         redundant      glue    trail        remaining
c             level         rate            size/glue  tier1   irredundant
c 
c i 1675.37 240 13 85 145762  1 4093986 243160 1.5 16 11 7 15 23% 839452 334 11%
c i 1675.37 240 13 85 145762  1 4094000 243164 1.5 16 11 7 15 23% 839452 327 11%
c ] 1675.38 240 13 85 145762  1 4094011 243166 1.5 16 11 7 15 23% 839452 291  9%
c 0 1675.38 240 13 85 145762  1 4094011 243166 1.5 16 11 7 15 23% 839452 291  9%
c 
c --- [ closing proof ] ------------------------------------------------------
c 
c LRAT proof file '/root/earth-moon/population/f034-a4-cert/cs-a4_m11c/r/n107_p128_n146_n60_n108/round-0/F.lrat' closed
c LRAT 5002114 added clauses 48.23%
c LRAT 5368937 deleted clauses 51.77%
c LRAT 1080723217 bytes (1030.66 MB)
c 
c --- [ result ] -------------------------------------------------------------
c 
s UNSATISFIABLE
c 
c --- [ run-time profiling ] -------------------------------------------------
c 
c process time taken by individual solving procedures
c (percentage relative to process time for solving)
c 
c      1554.79   92.86% search
c       921.76   55.05% unstable
c       571.18   34.11% stable
c       119.51    7.14% simplify
c        85.87    5.13% vivify
c        61.63    3.68% walk
c        12.96    0.77% sweep
c         6.70    0.40% subsume
c         6.40    0.38% elim
c         3.30    0.20% probe
c         1.35    0.08% ternary
c         1.08    0.06% parse
c         0.76    0.05% congruence
c         0.21    0.01% lucky
c         0.01    0.00% backbone
c   =================================
c      1674.30   99.94% solve
c 
c last line shows process time for solving
c (percentage relative to total process time)
c 
c --- [ statistics ] ---------------------------------------------------------
c 
c chronological:            364975         8.91 %  of conflicts
c conflicts:               4094011      2445.21    per second
c backbone:                 128669      4150.61 %  of vars
c decisions:               4864269      2905.26    per second
c eliminated:                 2313        74.61 %  of all variables
c fixed:                       494        15.94 %  of all variables
c learned:                 4029009        98.41 %  per conflict
c learned_lits:          107754553       100.00 %  learned literals
c minimized:                     0         0.00 %  learned literals
c shrunken:               26486203        24.58 %  learned literals
c minishrunken:            6764310         6.28 %  learned literals
c otfs:                      18961         0.46 %  of conflict
c propagations:           59113141         0.04 M  per second
c reduced:                 2288240        55.89 %  per conflict
c rephased:                     89     46000.12    interval
c restarts:                 145762        28.09    interval
c stabilizing:                  15        50.24 %  of conflicts
c substituted:                   2         0.06 %  of all variables
c subsumed:                1556074        31.38 %  of all clauses
c strengthened:             214930         4.33 %  of all clauses
c ticks:               78255012486      1354.39    propagation
c vivified:                  35378         0.71 %  of all clauses
c walked:                       28    146214.68    interval
c weakened:                   5448         2.45    average size
c congruence:                   12    341167.58    interval
c 
c seconds are measured in process time for solving
c 
c --- [ glue usage ] ---------------------------------------------------------
c 
c focused glue 5 used 515026 clauses 7.905% accumulated 54.45% tier1
c focused glue 6 used 344590 clauses 5.289% accumulated 59.74%
c focused glue 7-9 used 1036244 clauses 15.90% accumulated 75.65%
c focused glue 10 used 331749 clauses 5.092% accumulated 80.74%
c focused glue 11 used 297097 clauses 4.560% accumulated 85.30% tier2
c 
c stable glue 7 used 284975 clauses 4.171% accumulated 52.49% tier1
c stable glue 8 used 319266 clauses 4.673% accumulated 57.16%
c stable glue 9-12 used 1399442 clauses 20.48% accumulated 77.65%
c stable glue 13 used 304420 clauses 4.456% accumulated 82.11%
c stable glue 14 used 265736 clauses 3.890% accumulated 86.00% tier2
c 
c 
c --- [ resources ] ----------------------------------------------------------
c 
c total process time since initialization:      1675.38    seconds
c total real time since initialization:         1675.80    seconds
c maximum resident set size of process:          317.96    MB
c 
c --- [ shutting down ] ------------------------------------------------------
c 
c exit 20

[rc=20 1675.8s]
$ /root/earth-moon/verifier/../tools/drat-trim/lrat-check /root/earth-moon/population/f034-a4-cert/cs-a4_m11c/r/n107_p128_n146_n60_n108/round-0/F.cnf /root/earth-moon/population/f034-a4-cert/cs-a4_m11c/r/n107_p128_n146_n60_n108/round-0/F.lrat
c parsed a formula with 3100 variables and 1449936 clauses
c VERIFIED
c allocated 1024 33031354 69750
c Added clauses = 6452050.  Deleted clauses = 5368937.  Max live clauses = 1449936
c verification time = 16.38 secs

[rc=0 16.4s]
