# lean_static_resolve 2026-10-02 19:58:16
# dump=/root/earth-moon/population/f034-a4-cert/cs-a4_m09c/s/n101_p106_n108_p141_p38/dump.jsonl raw=995172 dedup=995172 footer={'type': 'footer', 'verdict': 'UNSAT', 'counts': {'preseed': 8900, 'prop': 986272, 'model': 0}, 'stats': {'checks': 4535169, 'confl': 493136, 'model_rej': 0}, 'time': '2026-10-02T19:57:58+0000'}
# counters=False
$ /root/bin/cadical --lrat --no-binary --no-factor /root/earth-moon/population/f034-a4-cert/cs-a4_m09c/r/n101_p106_n108_p141_p38/round-0/F.cnf /root/earth-moon/population/f034-a4-cert/cs-a4_m09c/r/n101_p106_n108_p141_p38/round-0/F.lrat
c --- [ banner ] -------------------------------------------------------------
c 
c CaDiCaL SAT Solver
c Copyright (c) 2016-2026
c A. Biere, M. Fleury, N. Froleyks, K. Fazekas, F. Pollitt, T. Faller
c JKU Linz, University of Freiburg, TU Wien
c 
c Version 3.0.1 c60730422e758ef1cebe7aeddf2dda31c996bf04
c g++ (Ubuntu 13.3.0-6ubuntu2~24.04.1) 13.3.0 -Wall -Wextra -O3 -DNDEBUG
c Fri Oct 2 18:00:09 UTC 2026 Linux ai-math 6.8.0-139-generic x86_64
c 
c --- [ proof tracing ] ------------------------------------------------------
c 
c opening file to write '/root/earth-moon/population/f034-a4-cert/cs-a4_m09c/r/n101_p106_n108_p141_p38/round-0/F.lrat'
c writing non-binary proof trace to '/root/earth-moon/population/f034-a4-cert/cs-a4_m09c/r/n101_p106_n108_p141_p38/round-0/F.lrat'
c 
c --- [ parsing input ] ------------------------------------------------------
c 
c reading DIMACS file from '/root/earth-moon/population/f034-a4-cert/cs-a4_m09c/r/n101_p106_n108_p141_p38/round-0/F.cnf'
c opening file to read '/root/earth-moon/population/f034-a4-cert/cs-a4_m09c/r/n101_p106_n108_p141_p38/round-0/F.cnf'
c found 'p cnf 2808 1003117' header
c parsed 1003117 clauses in 0.70 seconds process time
c 
c --- [ options ] ------------------------------------------------------------
c 
c   --binary=false                 (different from default 'true')
c   --lrat=true                    (different from default 'false')
c 
c --- [ solving ] ------------------------------------------------------------
c 
c time measured in process time since initialization
c 
c  seconds  reduction conflicts       size tier2       variables
c         MB    restarts   redundant    glue  trail         remaining
c          level     rate       size/glu tier1  irredundant
c 
c *  0.70 91  0 0   0  0    0    0 0.0 0 0 2 6  0% 681091 2769 99%
c )  0.92 132  0 0   0  0    0    0 0.0 0 0 2 6  0% 681091 2769 99%
c {  0.97 133  0 0   0  0    0    0 0.0 0 0 2 6  0% 681091 2769 99%
c i  1.16 135 204 0   2  7  200  110 1.3 22 17 2 6 14% 681041 2767 99%
c i  1.18 136 174 0   3  6  241  136 1.3 22 18 2 6 12% 681037 2766 99%
c -  1.28 135 148 1   4  6  300   55 1.3 23 18 2 6 12% 681015 2766 99%
c i  1.31 125 144 1   4  6  308   60 1.3 22 18 2 6 12% 681013 2765 98%
c i  1.31 125 138 1   4  6  323   67 1.3 22 18 2 6 12% 681012 2763 98%
c i  1.36 127 117 1   4  5  394   92 1.3 21 17 2 6 11% 680989 2761 98%
c }  1.77 132 61 1  70  4 1002  489 1.3 23 17 2 6 12% 680908 2761 98%
c [  1.77 132  0 1  70  0 1002  489 0.0 0 0 2 6  0% 680908 2761 98%
c O  1.78 132  6 1  70  7 1003  490 4.0 8 2 2 6 16% 680908 2761 98%
c -  2.05 185 12 2  70  1 1095  199 2.0 15 8 2 6 22% 680896 2761 98%
c ]  2.54 185 21 2  71  1 2162  930 1.7 26 15 2 6 20% 680810 2761 98%
c {  2.54 185 61 2  71  4 2162  930 1.3 23 17 2 6 12% 680810 2761 98%
c i  2.58 185 60 2  80  4 2196  952 1.3 23 18 2 6 12% 680800 2760 98%
c i  2.59 185 59 2  83  4 2210  953 1.3 23 18 2 6 12% 680788 2759 98%
c i  2.59 185 59 2  84  4 2212  953 1.3 23 17 2 6 12% 680788 2755 98%
c i  2.59 185 59 2  84  4 2213  953 1.3 23 17 2 6 12% 680788 2754 98%
c i  2.59 185 59 2  84  4 2219  955 1.3 23 17 2 6 12% 680785 2753 98%
c 
c  seconds   reduction conflicts       size   tier2       variables
c          MB    restarts   redundant     glue   trail         remaining
c           level     rate       size/glue  tier1  irredundant
c 
c i  2.59 185 59 2  84  4 2220  955 1.3 23 17 2 6 12% 680785 2752 98%
c -  2.89 185 49 3  89  3 2610  448 1.4 24 16 2 6 14% 680759 2752 98%
c i  2.90 185 49 3  89  3 2616  451 1.4 24 16 2 6 14% 680758 2723 97%
c i  2.90 185 49 3  89  3 2617  451 1.4 24 16 2 6 14% 680758 2721 97%
c i  2.91 185 49 3  89  3 2629  455 1.4 24 16 2 6 14% 680753 2710 97%
c i  2.91 185 49 3  89  3 2630  455 1.4 23 16 2 6 14% 680753 2707 96%
c i  2.91 185 49 3  89  3 2633  455 1.4 23 16 2 6 14% 680752 2667 95%
c i  2.99 185 46 3  89  3 2806  603 1.5 24 16 2 6 15% 680743 2666 95%
c O  3.06 185 43 3  89  3 3004  771 1.6 24 15 2 6 16% 680734 2666 95%
c 2  3.28 185 39 3  89  3 3402 1084 1.6 24 15 2 6 17% 680718 2658 95%
c d  3.37 185 39 3  89  3 3402 1073 1.6 24 15 2 6 17% 664671 2657 95%
c p  3.38 185 39 3  89  3 3402 1073 1.6 24 15 2 6 17% 664671 2656 95%
c =  3.68 192 39 3  89  3 3402 1072 1.6 24 15 2 6 17% 664655 2637 94%
c t  3.69 192 39 3  89  3 3402 1070 1.6 24 15 2 6 17% 664655 2637 94%
c i  4.13 192 38 3 176  3 3822 1422 1.6 25 16 2 6 17% 664633 2636 94%
c i  4.17 192 38 3 188  3 3869 1464 1.6 25 16 2 6 17% 664630 2633 94%
c -  4.85 190 35 4 222  3 4950  836 1.6 25 15 2 6 18% 664605 2633 94%
c 2  5.14 190 31 4 234  2 5903 1492 1.6 24 15 11 17 18% 664603 2623 93%
c t  5.31 190 31 4 234  2 5903 1490 1.6 24 15 11 17 18% 664583 2623 93%
c #  5.35 190 31 4 234  2 6005 1538 1.6 24 15 11 17 17% 664583 2623 93%
c 
c  seconds   reduction conflicts       size    tier2        variables
c          MB    restarts   redundant     glue     trail         remaining
c           level     rate       size/glue  tier1    irredundant
c 
c }  5.75 190 29 4 264  2 6944 2238 1.6 24 15 10 17 18% 664575 2623 93%
c [  5.75 190 21 4 264  1 6944 2238 1.7 26 15 2 6 20% 664575 2623 93%
c -  6.31 191 19 5 265  1 8156 3033 1.9 26 14 12 20 21% 664575 2623 93%
c 2  6.47 191 19 5 265  1 8506 3318 1.9 26 14 12 20 21% 664574 2615 93%
c I  6.97 191 21 5 265  1 10007 4508 1.8 28 16 9 18 21% 664577 2615 93%
c -  7.69 191 21 6 268  1 12269 5067 1.7 27 16 9 18 21% 664551 2615 93%
c 2  7.70 191 21 6 268  1 12269 5067 1.7 27 16 9 18 21% 664551 2606 93%
c ]  8.05 193 21 6 268  1 12787 5502 1.7 27 16 9 18 21% 664533 2606 93%
c {  8.05 193 29 6 268  2 12787 5502 1.6 24 15 10 17 18% 664533 2606 93%
c B  8.66 193 26 6 368  2 15009 6925 1.6 23 15 10 17 18% 664526 2606 93%
c s  9.02 193 25 6 399  2 15885 7489 1.6 23 15 10 17 18% 664471 2606 93%
c t  9.04 193 25 6 399  2 15885 7487 1.6 23 15 10 17 18% 664459 2606 93%
c e  9.18 193 25 6 399  2 15885 6951 1.6 23 15 10 17 18% 660375 361 13%
c s  9.21 193 25 6 399  2 15885 6948 1.6 23 15 10 17 18% 660356 361 13%
c -  9.85 188 24 7 405  2 17317 6232 1.6 23 15 10 17 19% 605092 360 13%
c 2  9.86 188 24 7 405  2 17317 6231 1.6 23 15 10 17 19% 605092 360 13%
c u 10.04 188 24 7 405  2 17317 6199 1.6 23 15 10 17 19% 605092 360 13%
c v 10.12 188 24 7 405  2 17317 6194 1.6 23 15 10 17 19% 605092 360 13%
c w 10.15 188 24 7 405  2 17317 6191 1.6 23 15 10 17 19% 605092 360 13%
c x 10.25 188 24 7 405  2 17317 6191 1.6 23 15 10 17 19% 605090 360 13%
c 
c  seconds   reductions conflicts       size    tier2        variables
c          MB    restarts    redundant     glue     trail        remaining
c           level     rate        size/glue  tier1    irredundant
c 
c t 10.25 188 24 7 405  2 17317 6191 1.6 23 15 10 17 19% 605089 360 13%
c W 12.11 188 22 7 712  2 21010 8577 1.5 22 15 10 17 21% 605089 360 13%
c - 12.96 188 22 8 791  2 23178 8007 1.5 22 14 10 16 22% 605089 360 13%
c p 12.97 188 22 8 791  2 23178 8017 1.5 22 14 10 16 22% 605089 360 13%
c } 14.47 188 21 8 997  2 27211 11152 1.6 22 14 10 16 24% 605104 360 13%
c [ 14.47 188 21 8 997  1 27211 11152 1.7 27 16 9 18 161% 605104 360 13%
c B 14.71 188 21 8 997  1 28012 11761 1.7 27 16 9 18 147% 605104 360 13%
c - 15.27 189 22 9 998  1 29961 10114 1.6 27 17 9 18 122% 605104 360 13%
c p 15.28 189 22 9 998  1 29961 10123 1.6 27 17 9 18 122% 605104 360 13%
c W 17.02 190 23 9 1001  1 36014 14451 1.5 27 18 9 18 84% 605104 360 13%
c - 17.50 190 22 10 1002  1 37670 11180 1.5 26 17 9 18 78% 605104 360 13%
c u 17.68 190 22 10 1002  1 37670 11161 1.5 26 17 9 18 78% 605104 360 13%
c v 17.75 190 22 10 1002  1 37670 11161 1.5 26 17 9 18 78% 605104 360 13%
c w 17.78 190 22 10 1002  1 37670 11152 1.5 26 17 9 18 78% 605104 360 13%
c x 17.87 190 22 10 1002  1 37670 11152 1.5 26 17 9 18 78% 605104 360 13%
c ] 19.21 190 21 10 1005  1 43990 15601 1.5 26 17 11 20 64% 605104 360 13%
c { 19.21 190 21 10 1005  2 43990 15601 1.6 22 14 10 16 24% 605104 360 13%
c F 19.52 190 21 10 1031  2 45015 16301 1.6 22 14 10 16 25% 605104 360 13%
c - 19.99 190 21 11 1031  2 46315 12915 1.6 22 14 10 16 25% 605104 360 13%
c p 20.01 190 21 11 1031  2 46315 12918 1.6 22 14 10 16 25% 605104 360 13%
c 
c  seconds   reductions   conflicts        size    tier2        variables
c          MB     restarts      redundant     glue     trail        remaining
c           level       rate         size/glue  tier1    irredundant
c 
c B 22.37 190 19 11 1210  1 55016 18660 1.6 21 13 10 16 25% 605104 360 13%
c - 22.77 190 19 12 1321  1 55901 16382 1.6 21 13 10 16 25% 605104 360 13%
c p 22.79 190 19 12 1321  1 55901 16392 1.6 21 13 10 16 25% 605104 360 13%
c s 24.56 190 19 12 1650  2 59250 18793 1.6 21 14 10 16 25% 605037 360 13%
c e 24.71 190 19 12 1650  2 59250 18481 1.6 21 14 10 16 25% 605036 359 13%
c s 24.74 190 19 12 1650  2 59250 18472 1.6 21 14 10 16 25% 604975 359 13%
c W 27.92 190 19 12 2064  2 66017 23437 1.6 22 14 10 16 26% 604975 359 13%
c - 28.29 191 19 13 2137  2 66431 19916 1.6 22 14 10 16 26% 604975 359 13%
c p 28.31 191 19 13 2137  2 66431 19919 1.6 22 14 10 16 26% 604975 359 13%
c u 28.98 191 19 13 2137  2 66431 19898 1.6 22 14 10 16 26% 604975 359 13%
c v 29.08 191 19 13 2137  2 66431 19895 1.6 22 14 10 16 26% 604975 359 13%
c w 29.13 191 19 13 2137  2 66431 19885 1.6 22 14 10 16 26% 604975 359 13%
c x 29.27 191 19 13 2137  2 66431 19885 1.6 22 14 10 16 26% 604974 359 13%
c } 29.72 191 19 13 2137  1 67835 20925 1.6 22 14 10 16 26% 604974 359 13%
c [ 29.72 191 21 13 2137  1 67835 20925 1.5 26 17 11 20 64% 604974 359 13%
c - 32.13 191 20 14 2139  1 77913 23652 1.5 25 16 10 19 52% 604974 359 13%
c p 32.16 191 20 14 2139  1 77913 23661 1.5 25 16 10 19 52% 604974 359 13%
c O 32.24 191 20 14 2139  1 78020 23737 1.5 25 16 10 19 52% 604974 359 13%
c - 35.72 191 19 15 2146  1 90348 27982 1.6 24 15 10 19 44% 604974 359 13%
c p 35.74 191 19 15 2146  1 90348 27985 1.6 24 15 10 19 44% 604974 359 13%
c 
c  seconds   reductions   conflicts        size    tier2        variables
c          MB     restarts      redundant     glue     trail        remaining
c           level       rate         size/glue  tier1    irredundant
c 
c u 35.91 191 19 15 2146  1 90348 27943 1.6 24 15 10 19 44% 604974 359 13%
c v 35.98 191 19 15 2146  1 90348 27931 1.6 24 15 10 19 44% 604974 359 13%
c w 36.02 191 19 15 2146  1 90348 27928 1.6 24 15 10 19 44% 604974 359 13%
c x 36.12 191 19 15 2146  1 90348 27928 1.6 24 15 10 19 44% 604973 359 13%
c B 36.39 191 19 15 2147  1 91021 28490 1.6 24 15 10 19 43% 604973 359 13%
c ] 37.48 191 19 15 2150  1 95215 31831 1.6 24 15 10 19 42% 604973 359 13%
c { 37.48 191 19 15 2150  1 95215 31831 1.6 22 14 10 16 26% 604973 359 13%
c - 40.61 192 19 16 2692  1 103735 32044 1.6 21 14 10 16 26% 604973 359 13%
c p 40.63 192 19 16 2692  1 103735 32053 1.6 21 14 10 16 26% 604973 359 13%
c # 40.94 192 18 16 2692  1 105023 33001 1.6 21 13 10 16 26% 604973 359 13%
c - 45.61 192 18 17 3812  1 118080 36156 1.6 21 14 10 16 26% 604973 359 13%
c p 45.64 192 18 17 3812  1 118080 36159 1.6 21 14 10 16 26% 604973 359 13%
c u 45.90 192 18 17 3812  1 118080 36130 1.6 21 14 10 16 26% 604973 359 13%
c v 46.00 192 18 17 3812  1 118080 36124 1.6 21 14 10 16 26% 604973 359 13%
c w 46.04 192 18 17 3812  1 118080 36123 1.6 21 14 10 16 26% 604973 359 13%
c x 46.15 192 18 17 3812  1 118080 36122 1.6 21 14 10 16 26% 604970 359 13%
c t 46.16 192 18 17 3812  1 118080 36122 1.6 21 14 10 16 26% 604969 359 13%
c B 47.46 192 18 17 4151  2 120024 37503 1.6 21 14 10 16 26% 604969 359 13%
c s 48.98 192 18 17 4607  2 123564 39989 1.6 21 14 10 16 26% 604922 359 13%
c s 49.17 192 18 17 4607  2 123564 39963 1.6 21 14 10 16 26% 604874 359 13%
c 
c  seconds   reductions   conflicts         size    tier2        variables
c          MB     restarts       redundant     glue     trail        remaining
c           level       rate          size/glue  tier1    irredundant
c 
c } 52.36 192 18 17 5141  2 130658 45256 1.6 21 14 10 16 26% 604874 359 13%
c [ 52.36 192 19 17 5141  1 130658 45256 1.6 24 15 10 19 42% 604874 359 13%
c - 53.02 193 19 18 5142  1 133386 40636 1.6 24 15 10 19 41% 604874 359 13%
c p 53.05 193 19 18 5142  1 133386 40648 1.6 24 15 10 19 41% 604874 359 13%
c W 55.70 194 19 18 5143  1 136026 42740 1.6 24 15 10 19 41% 604874 359 13%
c - 58.37 194 19 19 5145  1 149653 44300 1.6 24 15 9 16 37% 604874 359 13%
c p 58.39 194 19 19 5145  1 149653 44310 1.6 24 15 9 16 37% 604874 359 13%
c u 58.65 194 19 19 5145  1 149653 44288 1.6 24 15 9 16 37% 604874 359 13%
c v 58.75 194 19 19 5145  1 149653 44284 1.6 24 15 9 16 37% 604874 359 13%
c w 58.80 194 19 19 5145  1 149653 44280 1.6 24 15 9 16 37% 604874 359 13%
c x 58.95 194 19 19 5145  1 149653 44280 1.6 24 15 9 16 37% 604872 359 13%
c t 58.95 194 19 19 5145  1 149653 44279 1.6 24 15 9 16 37% 604872 359 13%
c I 59.71 194 19 19 5145  1 153027 46695 1.6 24 15 9 16 37% 604872 359 13%
c - 62.31 194 20 20 5148  1 166884 47907 1.6 25 15 9 16 36% 604872 359 13%
c p 62.35 194 20 20 5148  1 166884 47909 1.6 25 15 9 16 36% 604872 359 13%
c B 63.02 194 21 20 5151  1 171028 50364 1.6 25 15 9 16 35% 604872 359 13%
c ] 64.15 194 21 20 5153  1 175980 53860 1.6 24 16 9 16 35% 604872 359 13%
c { 64.15 194 18 20 5153  2 175980 53860 1.6 21 14 10 16 26% 604872 359 13%
c - 66.78 195 18 21 5428  1 185079 50273 1.6 21 13 10 16 26% 604872 359 13%
c p 66.80 195 18 21 5428  1 185079 50285 1.6 21 13 10 16 26% 604872 359 13%
c 
c  seconds   reductions   conflicts         size    tier2        variables
c          MB     restarts       redundant     glue     trail        remaining
c           level       rate          size/glue  tier1    irredundant
c 
c u 67.03 195 18 21 5428  1 185079 50205 1.6 21 13 10 16 26% 604872 359 13%
c v 67.13 195 18 21 5428  1 185079 50202 1.6 21 13 10 16 26% 604872 359 13%
c w 67.18 195 18 21 5428  1 185079 50199 1.6 21 13 10 16 26% 604872 359 13%
c x 67.32 195 18 21 5428  1 185079 50198 1.6 21 13 10 16 26% 604858 359 13%
c W 70.11 195 18 21 5978  1 190029 53675 1.5 21 14 10 16 26% 604858 359 13%
c - 74.87 194 17 22 6651  1 204241 41657 1.6 21 13 8 14 26% 604858 359 13%
c p 74.91 194 17 22 6651  1 204241 41669 1.6 21 13 8 14 26% 604858 359 13%
c u 75.08 194 17 22 6651  1 204241 41642 1.6 21 13 8 14 26% 604858 359 13%
c v 75.15 194 17 22 6651  1 204241 41639 1.6 21 13 8 14 26% 604858 359 13%
c w 75.18 194 17 22 6651  1 204241 41637 1.6 21 13 8 14 26% 604858 359 13%
c x 75.29 194 17 22 6651  1 204241 41636 1.6 21 13 8 14 26% 604852 359 13%
c s 77.74 194 17 22 7284  1 209313 45092 1.5 21 13 8 14 26% 604764 359 13%
c s 77.93 194 17 22 7284  1 209313 45074 1.5 21 13 8 14 26% 604727 359 13%
c F 78.30 194 17 22 7297  1 210032 45479 1.5 21 13 8 14 26% 604727 359 13%
c - 83.82 193 18 23 8912  1 224371 41546 1.5 21 14 8 14 26% 604727 359 13%
c p 83.85 193 18 23 8912  1 224371 41558 1.5 21 14 8 14 26% 604727 359 13%
c u 84.10 193 18 23 8912  1 224371 41510 1.5 21 14 8 14 26% 604727 359 13%
c v 84.18 193 18 23 8912  1 224371 41504 1.5 21 14 8 14 26% 604727 359 13%
c w 84.22 193 18 23 8912  1 224371 41504 1.5 21 14 8 14 26% 604727 359 13%
c x 84.34 193 18 23 8912  1 224371 41503 1.5 21 14 8 14 26% 604670 359 13%
c 
c  seconds   reductions   conflicts         size   tier2        variables
c          MB     restarts       redundant     glue    trail        remaining
c           level       rate          size/glue  tier1   irredundant
c 
c B 85.68 193 17 23 9107  1 231034 45262 1.5 21 14 8 14 25% 604670 359 13%
c } 86.34 193 17 23 9154  1 233716 47206 1.5 21 14 8 14 25% 604670 359 13%
c [ 86.34 193 21 23 9154  1 233716 47206 1.6 24 16 9 16 35% 604670 359 13%
c - 88.14 194 20 24 9160  1 245466 45254 1.6 24 15 9 16 33% 604670 359 13%
c p 88.17 194 20 24 9160  1 245466 45266 1.6 24 15 9 16 33% 604670 359 13%
c W 91.61 195 20 24 9161  1 253035 50563 1.6 23 15 9 16 33% 604670 359 13%
c - 94.11 195 19 25 9170  1 267532 49561 1.6 23 15 9 16 31% 604670 359 13%
c p 94.13 195 19 25 9170  1 267532 49573 1.6 23 15 9 16 31% 604670 359 13%
c u 94.34 195 19 25 9170  1 267532 49503 1.6 23 15 9 16 31% 604670 359 13%
c v 94.44 195 19 25 9170  1 267532 49501 1.6 23 15 9 16 31% 604670 359 13%
c w 94.49 195 19 25 9170  1 267532 49500 1.6 23 15 9 16 31% 604670 359 13%
c x 94.62 195 19 25 9170  1 267532 49496 1.6 23 15 9 16 31% 604645 359 13%
c t 94.63 195 19 25 9170  1 267532 49496 1.6 23 15 9 16 31% 604644 359 13%
c O 96.32 195 19 25 9175  1 276036 55698 1.6 23 15 9 16 31% 604644 359 13%
c - 99.09 195 20 26 9177  1 290567 50124 1.6 24 15 9 16 31% 604644 359 13%
c p 99.14 195 20 26 9177  1 290567 50136 1.6 24 15 9 16 31% 604644 359 13%
c u 99.30 195 20 26 9177  1 290567 50111 1.6 24 15 9 16 31% 604644 359 13%
c v 99.37 195 20 26 9177  1 290567 50108 1.6 24 15 9 16 31% 604644 359 13%
c w 99.41 195 20 26 9177  1 290567 50108 1.6 24 15 9 16 31% 604644 359 13%
c x 99.50 195 20 26 9177  1 290567 50108 1.6 24 15 9 16 31% 604638 359 13%
c 
c  seconds    reductions   conflicts         size   tier2        variables
c           MB     restarts       redundant     glue    trail        remaining
c            level       rate          size/glue  tier1   irredundant
c 
c B 101.48 195 20 26 9177  1 300037 56545 1.6 24 15 9 16 31% 604638 359 13%
c ] 102.49 195 20 26 9178  1 304419 59623 1.6 24 15 9 16 31% 604638 359 13%
c { 102.49 195 17 26 9178  1 304419 59623 1.5 21 14 8 14 25% 604638 359 13%
c - 106.30 195 17 27 9751  1 314574 50746 1.5 21 14 8 14 25% 604638 359 13%
c p 106.33 195 17 27 9751  1 314574 50758 1.5 21 14 8 14 25% 604638 359 13%
c u 106.52 195 17 27 9751  1 314574 50740 1.5 21 14 8 14 25% 604638 359 13%
c v 106.60 195 17 27 9751  1 314574 50740 1.5 21 14 8 14 25% 604638 359 13%
c w 106.63 195 17 27 9751  1 314574 50740 1.5 21 14 8 14 25% 604638 359 13%
c x 106.74 195 17 27 9751  1 314574 50740 1.5 21 14 8 14 25% 604603 359 13%
c s 107.71 195 17 27 10074  1 316495 52118 1.5 21 14 8 14 25% 604511 359 13%
c s 107.91 195 17 27 10074  1 316495 52091 1.5 21 14 8 14 25% 604408 359 13%
c W 111.45 195 17 27 10775  1 325038 57870 1.5 21 14 8 14 25% 604408 359 13%
c - 116.32 196 17 28 11425  1 339552 55609 1.5 20 13 8 14 25% 604408 359 13%
c p 116.36 196 17 28 11425  1 339552 55621 1.5 20 13 8 14 25% 604408 359 13%
c u 116.57 196 17 28 11425  1 339552 55593 1.5 20 13 8 14 25% 604408 359 13%
c v 116.67 196 17 28 11425  1 339552 55584 1.5 20 13 8 14 25% 604408 359 13%
c w 116.72 196 17 28 11425  1 339552 55584 1.5 20 13 8 14 25% 604408 359 13%
c x 116.84 196 17 28 11425  1 339552 55584 1.5 20 13 8 14 25% 604384 359 13%
c # 120.87 196 17 28 12305  1 351039 63437 1.5 20 13 8 14 25% 604384 359 13%
c - 125.60 196 17 29 12978  1 365500 61525 1.6 21 13 8 14 26% 604384 359 13%
c 
c  seconds    reductions    conflicts         size   tier2        variables
c           MB      restarts       redundant     glue    trail        remaining
c            level        rate          size/glue  tier1   irredundant
c 
c p 125.63 196 17 29 12978  1 365500 61537 1.6 21 13 8 14 26% 604384 359 13%
c u 125.86 196 17 29 12978  1 365500 61513 1.6 21 13 8 14 26% 604384 359 13%
c v 125.96 196 17 29 12978  1 365500 61503 1.6 21 13 8 14 26% 604384 359 13%
c w 126.00 196 17 29 12978  1 365500 61503 1.6 21 13 8 14 26% 604384 359 13%
c x 126.11 196 17 29 12978  1 365500 61503 1.6 21 13 8 14 26% 604381 359 13%
c t 126.12 196 17 29 12978  1 365500 61502 1.6 21 13 8 14 26% 604381 359 13%
c } 129.52 196 17 29 13565  1 376683 69137 1.6 20 13 8 14 26% 604381 359 13%
c [ 129.52 196 20 29 13565  1 376683 69137 1.6 24 15 9 16 31% 604381 359 13%
c W 131.07 196 19 29 13565  1 378041 70088 1.6 24 15 9 16 30% 604381 359 13%
c - 133.74 197 21 30 13565  1 392422 66385 1.5 24 16 9 16 30% 604381 359 13%
c p 133.79 197 21 30 13565  1 392422 66397 1.5 24 16 9 16 30% 604381 359 13%
c u 134.06 197 21 30 13565  1 392422 66381 1.5 24 16 9 16 30% 604381 359 13%
c v 134.15 197 21 30 13565  1 392422 66380 1.5 24 16 9 16 30% 604381 359 13%
c w 134.19 197 21 30 13565  1 392422 66379 1.5 24 16 9 16 30% 604381 359 13%
c x 134.31 197 21 30 13565  1 392422 66377 1.5 24 16 9 16 30% 604375 359 13%
c I 137.58 197 20 30 13565  1 406043 75581 1.5 24 15 9 17 29% 604375 359 13%
c - 141.30 197 19 31 13572  1 420317 70350 1.6 24 15 9 17 29% 604375 359 13%
c p 141.33 197 19 31 13572  1 420317 70361 1.6 24 15 9 17 29% 604375 359 13%
c u 142.27 204 19 31 13572  1 420317 70292 1.6 24 15 9 17 29% 604375 359 13%
c v 142.35 204 19 31 13572  1 420317 70289 1.6 24 15 9 17 29% 604375 359 13%
c 
c  seconds    reductions    conflicts         size   tier2        variables
c           MB      restarts       redundant     glue    trail        remaining
c            level        rate          size/glue  tier1   irredundant
c 
c w 142.39 204 19 31 13572  1 420317 70289 1.6 24 15 9 17 29% 604375 359 13%
c x 142.50 204 19 31 13572  1 420317 70287 1.6 24 15 9 17 29% 604364 359 13%
c B 145.24 204 19 31 13580  1 435044 79356 1.5 23 15 9 17 28% 604364 359 13%
c s 147.43 204 19 31 13583  1 445103 85694 1.5 23 15 9 17 28% 604189 359 13%
c s 147.65 204 19 31 13583  1 445103 85686 1.5 23 15 9 17 28% 604060 359 13%
c - 148.85 204 19 32 13586  1 449187 72159 1.5 23 15 9 17 28% 604060 359 13%
c p 148.89 204 19 32 13586  1 449187 72171 1.5 23 15 9 17 28% 604060 359 13%
c u 149.06 204 19 32 13586  1 449187 72141 1.5 23 15 9 17 28% 604060 359 13%
c v 149.13 204 19 32 13586  1 449187 72141 1.5 23 15 9 17 28% 604060 359 13%
c w 149.16 204 19 32 13586  1 449187 72136 1.5 23 15 9 17 28% 604060 359 13%
c x 149.23 204 19 32 13586  1 449187 72135 1.5 23 15 9 17 28% 604053 359 13%
c t 149.24 204 19 32 13586  1 449187 72134 1.5 23 15 9 17 28% 604053 359 13%
c ] 152.49 204 19 32 13594  1 463751 83014 1.6 23 15 9 17 28% 604053 359 13%
c { 152.49 204 17 32 13594  1 463751 83014 1.6 20 13 8 14 26% 604053 359 13%
c B 152.89 204 16 32 13617  1 465045 83935 1.6 20 13 8 14 26% 604053 359 13%
c - 157.14 204 16 33 14868  1 479032 74738 1.6 21 13 8 14 26% 604053 359 13%
c p 157.17 204 16 33 14868  1 479032 74750 1.6 21 13 8 14 26% 604053 359 13%
c u 157.41 204 16 33 14868  1 479032 74695 1.6 21 13 8 14 26% 604053 359 13%
c v 157.51 204 16 33 14868  1 479032 74681 1.6 21 13 8 14 26% 604053 359 13%
c w 157.56 204 16 33 14868  1 479032 74674 1.6 21 13 8 14 26% 604053 359 13%
c 
c  seconds    reductions    conflicts         size   tier2        variables
c           MB      restarts       redundant     glue    trail        remaining
c            level        rate          size/glue  tier1   irredundant
c 
c x 157.68 204 16 33 14868  1 479032 74673 1.6 21 13 8 14 26% 604030 359 13%
c W 163.74 204 16 33 16243  1 496048 84728 1.5 20 13 8 14 26% 604030 359 13%
c - 168.18 205 16 34 16892  1 509850 79844 1.5 20 13 8 14 26% 604030 359 13%
c p 168.22 205 16 34 16892  1 509850 79856 1.5 20 13 8 14 26% 604030 359 13%
c u 168.45 205 16 34 16892  1 509850 79781 1.5 20 13 8 14 26% 604030 359 13%
c v 168.56 205 16 34 16892  1 509850 79779 1.5 20 13 8 14 26% 604030 359 13%
c w 168.61 205 16 34 16892  1 509850 79776 1.5 20 13 8 14 26% 604030 359 13%
c x 168.76 205 16 34 16892  1 509850 79773 1.5 20 13 8 14 26% 604017 359 13%
c F 173.17 205 16 34 17496  1 528052 89604 1.5 20 13 8 14 26% 604017 359 13%
c - 177.13 204 16 35 18710  1 541641 74228 1.5 20 13 7 14 26% 604017 359 13%
c p 177.16 204 16 35 18710  1 541641 74240 1.5 20 13 7 14 26% 604017 359 13%
c u 177.35 204 16 35 18710  1 541641 74184 1.5 20 13 7 14 26% 604017 359 13%
c v 177.43 204 16 35 18710  1 541641 74176 1.5 20 13 7 14 26% 604017 359 13%
c w 177.47 204 16 35 18710  1 541641 74172 1.5 20 13 7 14 26% 604017 359 13%
c x 177.56 204 16 35 18710  1 541641 74168 1.5 20 13 7 14 26% 603960 359 13%
c B 182.99 204 16 35 20124  1 561055 86155 1.5 20 13 7 14 26% 603960 359 13%
c } 185.32 204 16 35 20891  1 567684 90275 1.5 20 13 7 14 26% 603960 359 13%
c [ 185.32 204 19 35 20891  1 567684 90275 1.6 23 15 9 17 28% 603960 359 13%
c - 188.17 204 19 36 20892  1 574411 75327 1.6 23 15 9 17 29% 603960 359 13%
c p 188.22 204 19 36 20892  1 574411 75339 1.6 23 15 9 17 29% 603960 359 13%
c 
c  seconds    reductions    conflicts         size   tier2        variables
c           MB      restarts       redundant     glue    trail        remaining
c            level        rate          size/glue  tier1   irredundant
c 
c u 188.50 204 19 36 20892  1 574411 75289 1.6 23 15 9 17 29% 603960 359 13%
c v 188.63 204 19 36 20892  1 574411 75283 1.6 23 15 9 17 29% 603960 359 13%
c w 188.69 204 19 36 20892  1 574411 75282 1.6 23 15 9 17 29% 603960 359 13%
c x 188.87 204 19 36 20892  1 574411 75281 1.6 23 15 9 17 29% 603854 359 13%
c W 193.65 204 18 36 20893  1 595056 87300 1.5 22 14 9 16 27% 603854 359 13%
c s 193.80 204 18 36 20893  1 595134 87269 1.5 22 14 9 16 27% 603547 359 13%
c s 194.04 204 18 36 20893  1 595134 87240 1.5 22 14 9 16 27% 603406 359 13%
c - 198.18 204 18 37 20900  1 608156 79976 1.6 22 14 9 16 27% 603406 359 13%
c p 198.21 204 18 37 20900  1 608156 79988 1.6 22 14 9 16 27% 603406 359 13%
c u 198.41 204 18 37 20900  1 608156 79936 1.6 22 14 9 16 27% 603406 359 13%
c v 198.50 204 18 37 20900  1 608156 79934 1.6 22 14 9 16 27% 603406 359 13%
c w 198.54 204 18 37 20900  1 608156 79934 1.6 22 14 9 16 27% 603406 359 13%
c x 198.66 204 18 37 20900  1 608156 79933 1.6 22 14 9 16 27% 603372 359 13%
c O 202.91 204 17 37 20909  1 630058 94484 1.6 22 14 9 16 27% 603372 359 13%
c - 206.04 205 17 38 20916  1 642870 86890 1.6 22 14 9 16 27% 603372 359 13%
c p 206.08 205 17 38 20916  1 642870 86902 1.6 22 14 9 16 27% 603372 359 13%
c u 206.34 205 17 38 20916  1 642870 86844 1.6 22 14 9 16 27% 603372 359 13%
c v 206.44 205 17 38 20916  1 642870 86833 1.6 22 14 9 16 27% 603372 359 13%
c w 206.49 205 17 38 20916  1 642870 86830 1.6 22 14 9 16 27% 603372 359 13%
c x 206.63 205 17 38 20916  1 642870 86827 1.6 22 14 9 16 27% 603314 359 13%
c 
c  seconds    reductions    conflicts         size   tier2        variables
c           MB      restarts       redundant     glue    trail        remaining
c            level        rate          size/glue  tier1   irredundant
c 
c t 206.63 205 17 38 20916  1 642870 86826 1.6 22 14 9 16 27% 603314 359 13%
c B 211.15 205 18 38 20924  1 666060 104107 1.6 23 14 8 16 28% 603314 359 13%
c - 213.75 205 18 39 20924  1 678561 85582 1.6 23 15 8 16 28% 603314 359 13%
c p 213.78 205 18 39 20924  1 678561 85594 1.6 23 15 8 16 28% 603314 359 13%
c u 214.93 206 18 39 20924  1 678561 85574 1.6 23 15 8 16 28% 603314 359 13%
c v 215.03 206 18 39 20924  1 678561 85566 1.6 23 15 8 16 28% 603314 359 13%
c w 215.08 206 18 39 20924  1 678561 85563 1.6 23 15 8 16 28% 603314 359 13%
c x 215.20 206 18 39 20924  1 678561 85561 1.6 23 15 8 16 28% 603256 359 13%
c t 215.21 206 18 39 20924  1 678561 85560 1.6 23 15 8 16 28% 603256 359 13%
c ] 216.55 206 18 39 20925  1 683665 89157 1.6 23 15 8 16 28% 603256 359 13%
c { 216.55 206 16 39 20925  1 683665 89157 1.5 20 13 7 14 26% 603256 359 13%
c W 220.92 206 15 39 21589  1 703062 99497 1.5 19 13 7 14 25% 603256 359 13%
c - 223.72 206 15 40 22171  1 715227 84470 1.5 19 13 7 14 24% 603256 359 13%
c p 223.77 206 15 40 22171  1 715227 84482 1.5 19 13 7 14 24% 603256 359 13%
c u 223.98 206 15 40 22171  1 715227 84464 1.5 19 13 7 14 24% 603256 359 13%
c v 224.07 206 15 40 22171  1 715227 84463 1.5 19 13 7 14 24% 603256 359 13%
c w 224.12 206 15 40 22171  1 715227 84462 1.5 19 13 7 14 24% 603256 359 13%
c x 224.24 206 15 40 22171  1 715227 84462 1.5 19 13 7 14 24% 603211 359 13%
c # 233.35 206 16 40 24893  1 741064 100362 1.5 19 13 7 14 24% 603211 359 13%
c - 236.54 206 15 41 25420  1 752870 90595 1.5 19 13 7 14 24% 603211 359 13%
c 
c  seconds    reductions    conflicts         size   tier2        variables
c           MB      restarts       redundant     glue    trail        remaining
c            level        rate          size/glue  tier1   irredundant
c 
c p 236.58 206 15 41 25420  1 752870 90607 1.5 19 13 7 14 24% 603211 359 13%
c u 236.86 206 15 41 25420  1 752870 90549 1.5 19 13 7 14 24% 603211 359 13%
c v 236.99 206 15 41 25420  1 752870 90536 1.5 19 13 7 14 24% 603211 359 13%
c w 237.05 206 15 41 25420  1 752870 90532 1.5 19 13 7 14 24% 603211 359 13%
c x 237.22 206 15 41 25420  1 752870 90532 1.5 19 13 7 14 24% 603083 359 13%
c s 240.45 206 15 41 25882  1 766574 98839 1.5 19 13 7 14 24% 602767 359 13%
c s 240.69 206 15 41 25882  1 766574 98811 1.5 19 13 7 14 24% 602474 359 13%
c B 244.30 206 15 41 26974  1 780065 107112 1.5 19 13 7 14 25% 602474 359 13%
c - 247.07 207 15 42 27604  1 791491 95484 1.5 19 13 7 14 24% 602474 359 13%
c p 247.10 207 15 42 27604  1 791491 95495 1.5 19 13 7 14 24% 602474 359 13%
c u 247.39 207 15 42 27604  1 791491 95457 1.5 19 13 7 14 24% 602474 359 13%
c v 247.51 207 15 42 27604  1 791491 95450 1.5 19 13 7 14 24% 602474 359 13%
c w 247.57 207 15 42 27604  1 791491 95450 1.5 19 13 7 14 24% 602474 359 13%
c x 247.68 207 15 42 27604  1 791491 95450 1.5 19 13 7 14 24% 602456 359 13%
c W 258.27 207 15 42 30100  1 820067 113062 1.5 19 13 7 14 24% 602456 359 13%
c } 259.16 207 15 42 30266  1 824535 115617 1.5 19 13 7 14 24% 602456 359 13%
c [ 259.16 207 18 42 30266  1 824535 115617 1.6 23 15 8 16 28% 602456 359 13%
c - 260.81 207 18 43 30266  1 831081 99874 1.6 23 15 8 16 28% 602456 359 13%
c p 260.85 207 18 43 30266  1 831081 99886 1.6 23 15 8 16 28% 602456 359 13%
c u 261.09 207 18 43 30266  1 831081 99820 1.6 23 15 8 16 28% 602456 359 13%
c 
c  seconds    reductions    conflicts         size   tier2        variables
c           MB      restarts       redundant     glue    trail        remaining
c            level        rate          size/glue  tier1   irredundant
c 
c v 261.20 207 18 43 30266  1 831081 99792 1.6 23 15 8 16 28% 602456 359 13%
c w 261.25 207 18 43 30266  1 831081 99791 1.6 23 15 8 16 28% 602456 359 13%
c x 261.40 207 18 43 30266  1 831081 99791 1.6 23 15 8 16 28% 602435 359 13%
c W 267.99 207 17 43 30267  1 861069 116953 1.5 22 14 8 16 27% 602435 359 13%
c - 270.52 207 17 44 30267  1 871648 101690 1.5 22 14 8 16 27% 602435 359 13%
c p 270.55 207 17 44 30267  1 871648 101702 1.5 22 14 8 16 27% 602435 359 13%
c u 270.82 207 17 44 30267  1 871648 101662 1.5 22 14 8 16 27% 602435 359 13%
c v 270.95 207 17 44 30267  1 871648 101648 1.5 22 14 8 16 27% 602435 359 13%
c w 271.01 207 17 44 30267  1 871648 101647 1.5 22 14 8 16 27% 602435 359 13%
c x 271.18 207 17 44 30267  1 871648 101646 1.5 22 14 8 16 27% 602421 359 13%
c I 278.21 207 17 44 30267  1 903070 122932 1.6 22 14 8 16 27% 602421 359 13%
c - 281.12 208 17 45 30267  1 913193 104924 1.6 22 14 8 16 27% 602421 359 13%
c p 281.16 208 17 45 30267  1 913193 104936 1.6 22 14 8 16 27% 602421 359 13%
c u 281.44 208 17 45 30267  1 913193 104888 1.6 22 14 8 16 27% 602421 359 13%
c v 281.58 208 17 45 30267  1 913193 104875 1.6 22 14 8 16 27% 602421 359 13%
c w 281.64 208 17 45 30267  1 913193 104870 1.6 22 14 8 16 27% 602421 359 13%
c x 281.83 208 17 45 30267  1 913193 104870 1.6 22 14 8 16 27% 602399 359 13%
c t 281.84 208 17 45 30267  1 913193 104869 1.6 22 14 8 16 27% 602399 359 13%
c B 290.47 208 16 45 30282  1 946072 126090 1.6 22 14 8 16 27% 602399 359 13%
c - 292.81 208 16 46 30285  1 955715 107428 1.6 22 14 8 16 27% 602399 359 13%
c 
c  seconds    reductions    conflicts          size   tier2        variables
c           MB      restarts       redundant      glue    trail        remaining
c            level        rate           size/glue  tier1   irredundant
c 
c p 292.85 208 16 46 30285  1 955715 107444 1.6 22 14 8 16 27% 602399 359 13%
c u 293.16 208 16 46 30285  1 955715 107392 1.6 22 14 8 16 27% 602399 359 13%
c v 293.29 208 16 46 30285  1 955715 107324 1.6 22 14 8 16 27% 602399 359 13%
c w 293.36 208 16 46 30285  1 955715 107318 1.6 22 14 8 16 27% 602399 359 13%
c x 293.56 208 16 46 30285  1 955715 107318 1.6 22 14 8 16 27% 602386 359 13%
c s 294.69 208 16 46 30287  1 959403 109730 1.6 22 14 8 16 27% 601412 359 13%
c s 294.96 208 16 46 30287  1 959403 109707 1.6 22 14 8 16 27% 601039 359 13%
c ] 296.22 208 17 46 30289  1 965196 113174 1.6 22 14 8 16 27% 601039 359 13%
c { 296.22 208 15 46 30289  1 965196 113174 1.5 19 13 7 14 24% 601039 359 13%
c F 302.47 208 15 46 31129  1 990073 127812 1.5 19 13 7 13 25% 601039 359 13%
c - 305.24 208 15 47 31437  1 999215 108673 1.6 19 12 7 13 25% 601039 359 13%
c p 305.29 208 15 47 31437  1 999215 108695 1.6 19 12 7 13 25% 601039 359 13%
c u 305.62 208 15 47 31437  1 999215 108663 1.6 19 12 7 13 25% 601039 359 13%
c v 305.73 208 15 47 31437  1 999215 108633 1.6 19 12 7 13 25% 601039 359 13%
c w 305.79 208 15 47 31437  1 999215 108622 1.6 19 12 7 13 25% 601039 359 13%
c x 305.94 208 15 47 31437  1 999215 108615 1.6 19 12 7 13 25% 601005 359 13%
c t 305.95 208 15 47 31437  1 999215 108613 1.6 19 12 7 13 25% 601005 359 13%
c i 314.81 208 14 47 32589  1 1031808 127596 1.6 19 12 7 13 26% 601005 355 13%
c B 315.50 208 14 47 32604  1 1035076 129539 1.6 19 12 7 13 26% 601005 355 13%
c - 317.74 198 14 48 32954  1 1043670 91285 1.6 19 12 7 13 26% 504435 355 13%
c 
c  seconds    reductions     conflicts         size   tier2        variables
c           MB      restarts        redundant     glue    trail        remaining
c            level        rate           size/glue  tier1   irredundant
c 
c 2 317.74 198 14 48 32954  1 1043670 91284 1.6 19 12 7 13 26% 504434 355 13%
c p 317.78 198 14 48 32954  1 1043670 91305 1.6 19 12 7 13 26% 504434 355 13%
c u 318.41 198 14 48 32954  1 1043670 91186 1.6 19 12 7 13 26% 504434 355 13%
c v 318.54 198 14 48 32954  1 1043670 91127 1.6 19 12 7 13 26% 504434 355 13%
c w 318.61 198 14 48 32954  1 1043670 91124 1.6 19 12 7 13 26% 504434 355 13%
c x 318.79 198 14 48 32954  1 1043670 91119 1.6 19 12 7 13 26% 504317 355 13%
c t 318.79 198 14 48 32954  1 1043670 91116 1.6 19 12 7 13 26% 504317 355 13%
c i 323.05 198 14 48 34118  1 1060840 100080 1.6 18 12 7 13 26% 504317 354 13%
c i 325.85 198 14 48 34752  1 1072466 106259 1.6 18 12 7 13 26% 504317 353 13%
c i 326.38 198 13 48 34752  1 1074426 107065 1.6 18 11 7 13 26% 504317 350 12%
c i 326.81 198 13 48 34752  1 1076176 107691 1.6 18 11 7 13 26% 504317 348 12%
c i 327.81 198 13 48 34807  1 1080453 109851 1.6 18 11 7 13 26% 504317 336 12%
c i 327.83 198 13 48 34807  1 1080510 109871 1.6 18 11 7 13 26% 504317 329 12%
c } 327.83 198 13 48 34807  1 1080515 109873 1.6 18 11 7 13 26% 504317 305 11%
c 0 327.83 198 13 48 34807  1 1080515 109873 1.6 18 11 7 13 26% 504317 305 11%
c 
c --- [ closing proof ] ------------------------------------------------------
c 
c LRAT proof file '/root/earth-moon/population/f034-a4-cert/cs-a4_m09c/r/n101_p106_n108_p141_p38/round-0/F.lrat' closed
c LRAT 1860406 added clauses 45.28%
c LRAT 2248679 deleted clauses 54.72%
c LRAT 352270442 bytes (335.95 MB)
c 
c --- [ result ] -------------------------------------------------------------
c 
s UNSATISFIABLE
c 
c --- [ run-time profiling ] -------------------------------------------------
c 
c process time taken by individual solving procedures
c (percentage relative to process time for solving)
c 
c       300.82   91.96% search
c       173.13   52.92% unstable
c       115.06   35.17% stable
c        26.31    8.04% simplify
c        16.33    4.99% vivify
c        12.36    3.78% walk
c         4.29    1.31% sweep
c         2.13    0.65% elim
c         1.18    0.36% subsume
c         0.85    0.26% probe
c         0.70    0.22% parse
c         0.41    0.12% congruence
c         0.30    0.09% ternary
c         0.26    0.08% lucky
c         0.00    0.00% backbone
c   =================================
c       327.13   99.79% solve
c 
c last line shows process time for solving
c (percentage relative to total process time)
c 
c --- [ statistics ] ---------------------------------------------------------
c 
c chronological:            120639        11.16 %  of conflicts
c conflicts:               1080515      3303.02    per second
c backbone:                  83165      2961.72 %  of vars
c decisions:               1286876      3933.84    per second
c eliminated:                 1852        65.95 %  of all variables
c fixed:                       650        23.15 %  of all variables
c learned:                 1062449        98.33 %  per conflict
c learned_lits:           31898388       100.00 %  learned literals
c minimized:                     0         0.00 %  learned literals
c shrunken:                7537708        23.63 %  learned literals
c minishrunken:            2055744         6.44 %  learned literals
c otfs:                       5431         0.50 %  of conflict
c propagations:           15532452         0.05 M  per second
c reduced:                  565474        52.33 %  per conflict
c rephased:                     45     24011.44    interval
c restarts:                  34807        31.04    interval
c stabilizing:                   9        47.15 %  of conflicts
c substituted:                   1         0.04 %  of all variables
c subsumed:                 365278        20.89 %  of all clauses
c strengthened:              38791         2.22 %  of all clauses
c ticks:               14996253874       979.78    propagation
c vivified:                   4746         0.27 %  of all clauses
c walked:                       13     83116.54    interval
c weakened:                   4323         2.47    average size
c congruence:                    9    120057.22    interval
c 
c seconds are measured in process time for solving
c 
c --- [ glue usage ] ---------------------------------------------------------
c 
c focused glue 7 used 101061 clauses 6.135% accumulated 55.08% tier1
c focused glue 8 used 91823 clauses 5.574% accumulated 60.65%
c focused glue 9-11 used 269590 clauses 16.36% accumulated 77.02%
c focused glue 12 used 81951 clauses 4.975% accumulated 82.00%
c focused glue 13 used 71563 clauses 4.344% accumulated 86.34% tier2
c 
c stable glue 8 used 64088 clauses 4.020% accumulated 52.05% tier1
c stable glue 9 used 69081 clauses 4.333% accumulated 56.39%
c stable glue 10-14 used 391789 clauses 24.57% accumulated 80.97%
c stable glue 15 used 64541 clauses 4.049% accumulated 85.02%
c stable glue 16 used 55220 clauses 3.464% accumulated 88.48% tier2
c 
c 
c --- [ resources ] ----------------------------------------------------------
c 
c total process time since initialization:       327.83    seconds
c total real time since initialization:          328.02    seconds
c maximum resident set size of process:          262.24    MB
c 
c --- [ shutting down ] ------------------------------------------------------
c 
c exit 20

[rc=20 328.0s]
$ /root/earth-moon/verifier/../tools/drat-trim/lrat-check /root/earth-moon/population/f034-a4-cert/cs-a4_m09c/r/n101_p106_n108_p141_p38/round-0/F.cnf /root/earth-moon/population/f034-a4-cert/cs-a4_m09c/r/n101_p106_n108_p141_p38/round-0/F.lrat
c parsed a formula with 2808 variables and 1003117 clauses
c VERIFIED
c allocated 1024 22852255 28080
c Added clauses = 2863523.  Deleted clauses = 2248679.  Max live clauses = 1003117
c verification time = 5.89 secs

[rc=0 5.9s]
