# lean_static_resolve 2026-10-02 19:26:47
# dump=/root/earth-moon/population/f034-a4-cert/cs-a4_m04c/s/p105_n94_n136_n143/dump.jsonl raw=14134 dedup=14134 footer={'type': 'footer', 'verdict': 'UNSAT', 'counts': {'preseed': 8426, 'prop': 5708, 'model': 0}, 'stats': {'checks': 13211, 'confl': 2854, 'model_rej': 0}, 'time': '2026-10-02T19:19:13+0000'}
# counters=False
$ /root/bin/cadical --lrat --no-binary --no-factor /root/earth-moon/population/f034-a4-cert/cs-a4_m04c/r/p105_n94_n136_n143/round-0/F.cnf /root/earth-moon/population/f034-a4-cert/cs-a4_m04c/r/p105_n94_n136_n143/round-0/F.lrat
c --- [ banner ] -------------------------------------------------------------
c 
c CaDiCaL SAT Solver
c Copyright (c) 2016-2026
c A. Biere, M. Fleury, N. Froleyks, K. Fazekas, F. Pollitt, T. Faller
c JKU Linz, University of Freiburg, TU Wien
c 
c Version 3.0.1 c60730422e758ef1cebe7aeddf2dda31c996bf04
c g++ (Ubuntu 13.3.0-6ubuntu2~24.04.1) 13.3.0 -Wall -Wextra -O3 -DNDEBUG
c Fri Oct 2 18:00:09 UTC 2026 Linux ai-math 6.8.0-139-generic x86_64
c 
c --- [ proof tracing ] ------------------------------------------------------
c 
c opening file to write '/root/earth-moon/population/f034-a4-cert/cs-a4_m04c/r/p105_n94_n136_n143/round-0/F.lrat'
c writing non-binary proof trace to '/root/earth-moon/population/f034-a4-cert/cs-a4_m04c/r/p105_n94_n136_n143/round-0/F.lrat'
c 
c --- [ parsing input ] ------------------------------------------------------
c 
c reading DIMACS file from '/root/earth-moon/population/f034-a4-cert/cs-a4_m04c/r/p105_n94_n136_n143/round-0/F.cnf'
c opening file to read '/root/earth-moon/population/f034-a4-cert/cs-a4_m04c/r/p105_n94_n136_n143/round-0/F.cnf'
c found 'p cnf 2964 22545' header
c parsed 22545 clauses in 0.02 seconds process time
c 
c --- [ options ] ------------------------------------------------------------
c 
c   --binary=false                 (different from default 'true')
c   --lrat=true                    (different from default 'false')
c 
c --- [ solving ] ------------------------------------------------------------
c 
c time measured in process time since initialization
c 
c  seconds  reduction conflicts       size tier2      variables
c         MB    restarts   redundant    glue  trail        remaining
c          level     rate       size/glu tier1  irredundant
c 
c *  0.02  7  0 0   0  0    0    0 0.0 0 0 2 6  0% 17915 2923 99%
c )  0.02  8  0 0   0  0    0    0 0.0 0 0 2 6  0% 17915 2923 99%
c {  0.02  8  0 0   0  0    0    0 0.0 0 0 2 6  0% 17915 2923 99%
c i  0.02  8 587 0   0 14   74   21 1.5 12 8 2 6 29% 17863 2922 99%
c i  0.02  8 587 0   0 14   76   22 1.5 11 7 2 6 29% 17863 2921 99%
c i  0.02  8 586 0   0 14   78   22 1.5 11 7 2 6 29% 17863 2920 99%
c i  0.02  8 581 0   0  8  146   61 1.5 13 8 2 6 34% 17844 2918 98%
c i  0.02  8 579 0   0  7  174   72 1.5 12 8 2 6 34% 17831 2917 98%
c i  0.02  8 579 0   0  7  175   72 1.5 12 8 2 6 34% 17831 2916 98%
c i  0.02  8 579 0   0  7  178   72 1.5 12 8 2 6 34% 17831 2865 97%
c i  0.02  8 579 0   0  7  179   72 1.5 12 8 2 6 34% 17831 2864 97%
c i  0.02  8 579 0   0  7  183   74 1.5 12 8 2 6 34% 17830 2862 97%
c i  0.02  8 578 0   0  7  187   74 1.5 11 8 2 6 34% 17828 2860 96%
c i  0.02  8 577 0   0  7  190   75 1.5 11 7 2 6 34% 17827 2856 96%
c -  0.02  8 552 1   3  5  301   70 1.4 12 8 2 6 33% 17714 2856 96%
c i  0.02  8 426 1  10  6  408  111 1.5 12 8 2 6 29% 17667 2855 96%
c i  0.03  8 406 1  10  6  427  118 1.5 11 8 2 6 28% 17656 2854 96%
c i  0.03  8 405 1  10  6  428  118 1.5 11 8 2 6 28% 17656 2853 96%
c i  0.03  8 376 1  14  6  469  133 1.4 12 8 2 6 28% 17637 2852 96%
c i  0.03  8 372 1  14  6  474  134 1.4 11 8 2 6 28% 17635 2847 96%
c 
c  seconds   reduction conflicts       size  tier2      variables
c         MB     restarts   redundant     glue  trail        remaining
c           level     rate       size/glue tier1  irredundant
c 
c i  0.03  8 372 1  14  6  475  134 1.4 11 8 2 6 28% 17635 2845 96%
c i  0.03  9 291 1  24  7  678  204 1.4 12 8 2 6 31% 17533 2844 96%
c i  0.03  9 278 1  33  7  723  215 1.4 12 8 2 6 30% 17506 2843 96%
c -  0.03 10 274 2  37  7  735  153 1.4 12 8 2 6 30% 17482 2843 96%
c i  0.03 10 269 2  40  7  749  157 1.4 12 8 2 6 30% 17473 2842 96%
c i  0.03 10 250 2  49  8  822  184 1.4 12 9 2 6 29% 17437 2841 96%
c i  0.03 10 249 2  49  8  826  185 1.4 12 8 2 6 29% 17436 2840 96%
c i  0.03 10 244 2  49  7  846  188 1.4 12 8 2 6 29% 17423 2815 95%
c i  0.03 10 243 2  49  7  847  188 1.4 12 8 2 6 29% 17423 2808 95%
c i  0.04 10 225 2  51  7  953  217 1.4 12 8 2 6 29% 17360 2807 95%
c i  0.04 10 223 2  52  7  962  217 1.4 12 8 2 6 29% 17357 2800 94%
c i  0.04 10 223 2  52  7  964  218 1.4 12 8 2 6 29% 17357 2799 94%
c i  0.04 10 222 2  52  7  966  218 1.4 12 8 2 6 29% 17357 2795 94%
c i  0.04 10 222 2  52  7  967  218 1.4 12 8 2 6 29% 17357 2794 94%
c i  0.04 10 222 2  52  7  968  218 1.4 12 8 2 6 29% 17357 2791 94%
c }  0.04 10 216 2  52  7 1001  241 1.4 12 8 2 6 29% 17348 2791 94%
c [  0.04 10  0 2  52  0 1001  241 0.0 0 0 2 6  0% 17348 2791 94%
c O  0.04 10  3 2  52  4 1002  242 1.5 3 2 2 6 19% 17348 2791 94%
c i  0.04 10  5 2  52  1 1204  324 1.5 6 4 2 6 17% 17341 2784 94%
c i  0.04 10 20 2  52  2 1357  415 1.8 9 5 2 6 25% 17308 2775 94%
c 
c  seconds  reduction conflicts       size  tier2      variables
c         MB    restarts   redundant     glue  trail        remaining
c          level     rate       size/glue tier1  irredundant
c 
c -  0.04 10 23 3  52  2 1412  235 1.9 10 5 2 6 27% 16659 2775 94%
c i  0.05 10 24 3  52  2 1422  240 1.9 10 5 2 6 27% 16657 2774 94%
c i  0.05 10 26 3  52  2 1431  240 1.8 10 5 2 6 27% 16652 2773 94%
c i  0.05 10 30 3  52  2 1456  241 1.8 10 5 2 6 26% 16630 2769 93%
c i  0.05 10 30 3  52  2 1458  241 1.8 10 5 2 6 26% 16629 2768 93%
c i  0.05 10 30 3  52  2 1464  244 1.8 10 5 2 6 26% 16629 2759 93%
c i  0.05 10 30 3  52  2 1466  244 1.8 10 5 2 6 26% 16628 2758 93%
c i  0.05 10 30 3  52  2 1467  244 1.8 10 5 2 6 26% 16628 2697 91%
c i  0.05 10 29 3  52  2 1500  241 1.8 10 5 2 6 25% 16621 2696 91%
c i  0.05 10 30 3  52  3 1525  254 1.7 10 6 2 6 25% 16611 2695 91%
c i  0.05 10 29 3  52  3 1585  265 1.7 10 6 2 6 24% 16584 2685 91%
c i  0.05 10 29 3  52  3 1588  265 1.7 10 6 2 6 24% 16583 2684 91%
c i  0.05 10 29 3  52  3 1591  265 1.7 10 6 2 6 24% 16582 2628 89%
c i  0.05 10 30 3  52  3 1623  273 1.7 10 6 2 6 24% 16560 2627 89%
c i  0.05 10 29 3  52  3 1674  287 1.6 10 6 2 6 24% 16538 2617 88%
c i  0.05 10 29 3  52  3 1685  286 1.6 10 6 2 6 24% 16533 2616 88%
c i  0.05 10 29 3  52  3 1687  286 1.6 10 6 2 6 24% 16533 2614 88%
c i  0.05 10 29 3  52  3 1708  287 1.6 10 6 2 6 24% 16531 2593 87%
c 2  0.05 10 26 3  52  3 1809  301 1.6 9 6 2 6 23% 16531 2583 87%
c d  0.05 10 26 3  52  3 1809  258 1.6 9 6 2 6 23% 16313 2582 87%
c 
c  seconds  reduction conflicts       size tier2      variables
c         MB    restarts   redundant    glue  trail        remaining
c          level     rate       size/glu tier1  irredundant
c 
c p  0.05 10 26 3  52  3 1809  258 1.6 9 6 2 6 23% 16313 2581 87%
c =  0.06 10 26 3  52  3 1809  257 1.6 9 6 2 6 23% 16258 2514 85%
c t  0.06 10 26 3  52  3 1809  254 1.6 9 6 2 6 23% 16258 2514 85%
c i  0.06 10 25 3  52  3 1822  259 1.6 9 6 2 6 23% 16256 2513 85%
c i  0.06 10 25 3  52  3 1823  259 1.6 9 6 2 6 23% 16256 2512 85%
c i  0.06 10 25 3  52  3 1829  261 1.6 9 6 2 6 22% 16255 2495 84%
c i  0.06 10 25 3  52  3 1830  261 1.6 9 6 2 6 22% 16255 2493 84%
c ]  0.06 10 25 3  52  3 1833  261 1.6 9 6 2 6 22% 16255 2491 84%
c 0  0.06 10 25 3  52  3 1833  261 1.6 9 6 2 6 22% 16255 2491 84%
c 
c --- [ closing proof ] ------------------------------------------------------
c 
c LRAT proof file '/root/earth-moon/population/f034-a4-cert/cs-a4_m04c/r/p105_n94_n136_n143/round-0/F.lrat' closed
c LRAT 9786 added clauses 38.95%
c LRAT 15339 deleted clauses 61.05%
c LRAT 759339 bytes (0.72 MB)
c 
c --- [ result ] -------------------------------------------------------------
c 
s UNSATISFIABLE
c 
c --- [ run-time profiling ] -------------------------------------------------
c 
c process time taken by individual solving procedures
c (percentage relative to process time for solving)
c 
c         0.04   78.04% search
c         0.02   40.63% unstable
c         0.02   34.54% parse
c         0.01   33.18% stable
c         0.01   21.49% simplify
c         0.00    8.96% sweep
c         0.00    5.52% congruence
c         0.00    4.12% lucky
c         0.00    0.50% backbone
c         0.00    0.20% probe
c   =================================
c         0.04   74.01% solve
c 
c last line shows process time for solving
c (percentage relative to total process time)
c 
c --- [ statistics ] ---------------------------------------------------------
c 
c chronological:               856        46.70 %  of conflicts
c conflicts:                  1833     40797.70    per second
c backbone:                   7622       257.15 %  of vars
c decisions:                  8567    190678.63    per second
c fixed:                       472        15.92 %  of all variables
c learned:                    1056        57.61 %  per conflict
c learned_lits:              14669       100.00 %  learned literals
c minimized:                     0         0.00 %  learned literals
c shrunken:                   3364        22.93 %  learned literals
c minishrunken:                529         3.61 %  learned literals
c otfs:                       1406        76.70 %  of conflict
c propagations:             107926         2.40 M  per second
c reduced:                     223        12.17 %  per conflict
c rephased:                      1      1833.00    interval
c restarts:                     52        35.25    interval
c stabilizing:                   1        41.68 %  of conflicts
c substituted:                   1         0.03 %  of all variables
c subsumed:                   1641         8.67 %  of all clauses
c strengthened:                754         3.98 %  of all clauses
c ticks:                   1042276         9.72    propagation
c weakened:                      2         2.00    average size
c congruence:                    1      1833.00    interval
c 
c seconds are measured in process time for solving
c 
c --- [ glue usage ] ---------------------------------------------------------
c 
c focused glue 2 used 107 clauses 19.77% accumulated 38.81% tier1
c focused glue 3 used 43 clauses 7.948% accumulated 46.76%
c focused glue 4 used 27 clauses 4.990% accumulated 51.75%
c focused glue 5 used 38 clauses 7.024% accumulated 58.78%
c focused glue 6 used 33 clauses 6.099% accumulated 64.87% tier2
c 
c stable glue 4 used 127 clauses 12.59% accumulated 59.32% tier1
c stable glue 5 used 137 clauses 13.59% accumulated 72.91%
c stable glue 6 used 71 clauses 7.043% accumulated 79.96% tier2
c 
c 
c --- [ resources ] ----------------------------------------------------------
c 
c total process time since initialization:         0.06    seconds
c total real time since initialization:            0.06    seconds
c maximum resident set size of process:           42.28    MB
c 
c --- [ shutting down ] ------------------------------------------------------
c 
c exit 20

[rc=20 0.1s]
$ /root/earth-moon/verifier/../tools/drat-trim/lrat-check /root/earth-moon/population/f034-a4-cert/cs-a4_m04c/r/p105_n94_n136_n143/round-0/F.cnf /root/earth-moon/population/f034-a4-cert/cs-a4_m04c/r/p105_n94_n136_n143/round-0/F.lrat
c parsed a formula with 2964 variables and 22545 clauses
c VERIFIED
c allocated 1024 342400 29640
c Added clauses = 32331.  Deleted clauses = 15339.  Max live clauses = 22545
c verification time = 0.04 secs

[rc=0 0.0s]
