# lean_static_resolve 2026-10-02 18:43:15
# dump=/root/earth-moon/population/f034-a4-cert/cs-a4_m11c/s/n107_n128_n146_p60/dump.jsonl raw=804880 dedup=804880 footer={'type': 'footer', 'verdict': 'UNSAT', 'counts': {'preseed': 7504, 'prop': 797376, 'model': 0}, 'stats': {'checks': 5375055, 'confl': 398688, 'model_rej': 0}, 'time': '2026-10-02T18:43:01+0000'}
# counters=False
$ /root/bin/cadical --lrat --no-binary --no-factor /root/earth-moon/population/f034-a4-cert/cs-a4_m11c/r/n107_n128_n146_p60/round-0/F.cnf /root/earth-moon/population/f034-a4-cert/cs-a4_m11c/r/n107_n128_n146_p60/round-0/F.lrat
c --- [ banner ] -------------------------------------------------------------
c 
c CaDiCaL SAT Solver
c Copyright (c) 2016-2026
c A. Biere, M. Fleury, N. Froleyks, K. Fazekas, F. Pollitt, T. Faller
c JKU Linz, University of Freiburg, TU Wien
c 
c Version 3.0.1 c60730422e758ef1cebe7aeddf2dda31c996bf04
c g++ (Ubuntu 13.3.0-6ubuntu2~24.04.1) 13.3.0 -Wall -Wextra -O3 -DNDEBUG
c Fri Oct 2 18:00:09 UTC 2026 Linux ai-math 6.8.0-139-generic x86_64
c 
c --- [ proof tracing ] ------------------------------------------------------
c 
c opening file to write '/root/earth-moon/population/f034-a4-cert/cs-a4_m11c/r/n107_n128_n146_p60/round-0/F.lrat'
c writing non-binary proof trace to '/root/earth-moon/population/f034-a4-cert/cs-a4_m11c/r/n107_n128_n146_p60/round-0/F.lrat'
c 
c --- [ parsing input ] ------------------------------------------------------
c 
c reading DIMACS file from '/root/earth-moon/population/f034-a4-cert/cs-a4_m11c/r/n107_n128_n146_p60/round-0/F.cnf'
c opening file to read '/root/earth-moon/population/f034-a4-cert/cs-a4_m11c/r/n107_n128_n146_p60/round-0/F.cnf'
c found 'p cnf 3100 813701' header
c parsed 813701 clauses in 0.59 seconds process time
c 
c --- [ options ] ------------------------------------------------------------
c 
c   --binary=false                 (different from default 'true')
c   --lrat=true                    (different from default 'false')
c 
c --- [ solving ] ------------------------------------------------------------
c 
c time measured in process time since initialization
c 
c  seconds  reduction conflicts       size tier2       variables
c         MB    restarts   redundant    glue  trail         remaining
c          level     rate       size/glu tier1  irredundant
c 
c *  0.59 65  0 0   0  0    0    0 0.0 0 0 2 6  0% 471248 3057 99%
c )  0.66 88  0 0   0  0    0    0 0.0 0 0 2 6  0% 471248 3057 99%
c {  0.66 88  0 0   0  0    0    0 0.0 0 0 2 6  0% 471248 3057 99%
c i  0.67 89 314 0   0 27   68   14 1.3 8 6 2 6 16% 471197 3056 99%
c i  0.67 89 313 0   0 25   72   15 1.3 8 6 2 6 16% 471195 3055 99%
c i  0.67 89 310 0   0 24   76   15 1.3 7 5 2 6 16% 471195 2995 97%
c i  0.67 89 260 0   2 17  115   35 1.6 13 8 2 6 17% 471181 2994 97%
c i  0.67 89 255 0   3 17  117   35 1.6 13 8 2 6 17% 471181 2993 97%
c i  0.67 89 226 0   6 16  133   41 1.5 13 9 2 6 16% 471172 2992 97%
c i  0.67 89 223 0   6 16  135   42 1.5 13 8 2 6 16% 471172 2990 96%
c i  0.67 89 215 0   6 15  141   45 1.5 12 8 2 6 15% 471171 2989 96%
c i  0.67 89 196 0   6 14  156   48 1.5 11 7 2 6 15% 471161 2988 96%
c i  0.67 89 195 0   6 14  157   48 1.6 11 7 2 6 15% 471161 2987 96%
c i  0.67 89 193 0   6 14  159   49 1.6 11 7 2 6 14% 471161 2986 96%
c i  0.67 89 192 0   6 14  160   49 1.6 11 7 2 6 14% 471161 2985 96%
c i  0.68 89 191 0   6 14  161   49 1.6 11 7 2 6 14% 471161 2984 96%
c i  0.74 97 157 0  14 12  233   97 1.4 15 11 2 6 16% 471145 2983 96%
c -  0.80 96 133 1  25 12  300   62 1.4 14 11 2 6 16% 460846 2983 96%
c i  0.91 99 98 1  72 12  568  172 1.3 17 13 2 6 18% 460704 2980 96%
c i  0.91 99 98 1  72 12  569  172 1.3 17 13 2 6 17% 460704 2979 96%
c 
c  seconds  reduction conflicts       size   tier2       variables
c         MB    restarts   redundant     glue   trail         remaining
c          level     rate       size/glue  tier1  irredundant
c 
c i  0.91 99 98 1  72 12  570  172 1.3 17 13 2 6 17% 460704 2978 96%
c i  0.93 99 88 1  76 10  749  276 1.4 17 12 2 6 19% 460647 2977 96%
c i  0.93 99 88 1  76 10  750  276 1.4 17 12 2 6 19% 460647 2976 96%
c i  0.93 99 87 1  76 10  751  276 1.4 17 12 2 6 19% 460647 2973 96%
c i  0.93 99 86 1  76 10  767  280 1.4 16 12 2 6 19% 460639 2962 96%
c i  0.93 99 85 1  76 10  768  280 1.4 16 12 2 6 19% 460639 2960 95%
c i  0.94 99 82 1  81  9  855  318 1.4 16 12 2 6 19% 460600 2959 95%
c i  0.94 99 82 1  81  9  856  318 1.4 16 12 2 6 19% 460600 2958 95%
c i  0.94 99 82 1  81  9  857  318 1.4 16 12 2 6 19% 460600 2952 95%
c i  0.94 99 81 1  81  9  861  320 1.4 16 12 2 6 19% 460599 2950 95%
c i  0.97 99 79 1  83  9  935  359 1.4 17 12 2 6 20% 460572 2908 94%
c i  0.97 99 78 1  84  9  950  365 1.4 17 12 2 6 20% 460568 2907 94%
c i  0.97 99 78 1  84  9  952  365 1.4 16 12 2 6 20% 460567 2905 94%
c i  0.97 99 78 1  84  9  953  365 1.4 16 12 2 6 20% 460567 2904 94%
c i  0.97 99 78 1  84  9  960  368 1.4 16 12 2 6 20% 460565 2903 94%
c i  1.00 99 76 1  92  9  999  394 1.4 17 12 2 6 19% 460555 2900 94%
c }  1.01 99 76 1  92  9 1001  396 1.4 17 12 2 6 19% 460555 2900 94%
c [  1.01 99  0 1  92  0 1001  396 0.0 0 0 2 6  0% 460555 2900 94%
c O  1.01 99  3 1  92  4 1002  397 1.5 3 2 2 6 23% 460555 2900 94%
c -  1.11 134  7 2  92  2 1020  179 1.5 8 5 2 6 26% 460450 2900 94%
c 
c  seconds   reduction conflicts       size tier2       variables
c          MB    restarts   redundant    glue  trail         remaining
c           level     rate       size/glu tier1  irredundant
c 
c i  1.12 134  5 2  92  1 1139  218 1.5 6 4 2 6 21% 460446 2893 93%
c ]  1.30 134 60 2  92  1 1961  911 1.7 28 16 2 6 46% 460379 2893 93%
c {  1.30 134 76 2  92  9 1961  911 1.4 17 12 2 6 19% 460379 2893 93%
c i  1.30 134 76 2  93  9 1964  913 1.4 17 13 2 6 19% 460379 2862 92%
c i  1.31 134 76 2  94  9 1969  917 1.4 17 12 2 6 19% 460379 2861 92%
c i  1.33 134 74 2 104  9 2009  953 1.4 17 13 2 6 19% 460379 2860 92%
c i  1.35 134 73 2 116  9 2051  979 1.4 18 13 2 6 19% 460367 2859 92%
c i  1.35 134 73 2 116  9 2052  979 1.4 18 13 2 6 19% 460367 2858 92%
c i  1.35 134 73 2 116  9 2053  979 1.4 18 13 2 6 19% 460367 2857 92%
c i  1.35 134 72 2 117  9 2054  979 1.4 18 13 2 6 19% 460367 2852 92%
c i  1.35 134 72 2 117  9 2069  987 1.4 17 13 2 6 19% 460364 2851 92%
c i  1.35 134 72 2 117  9 2070  987 1.4 17 13 2 6 19% 460364 2850 92%
c i  1.35 134 72 2 117  9 2071  987 1.4 17 13 2 6 19% 460364 2848 92%
c i  1.35 134 71 2 117  9 2074  987 1.4 17 13 2 6 19% 460364 2841 92%
c -  1.45 134 66 3 117  7 2348  436 1.4 16 11 2 6 21% 459321 2841 92%
c i  1.46 134 66 3 120  8 2361  440 1.4 16 11 2 6 21% 459314 2804 90%
c i  1.49 134 64 3 133  7 2432  486 1.4 17 12 2 6 21% 459302 2801 90%
c i  1.51 134 64 3 145  8 2484  500 1.4 17 12 2 6 21% 459265 2757 89%
c i  1.60 134 64 3 153  8 2519  491 1.4 17 12 2 6 16% 459160 2756 89%
c i  1.60 134 64 3 153  8 2520  491 1.4 17 12 2 6 15% 459160 2755 89%
c 
c  seconds   reduction conflicts       size   tier2       variables
c          MB    restarts   redundant     glue   trail         remaining
c           level     rate       size/glue  tier1  irredundant
c 
c i  1.60 134 64 3 153  8 2524  492 1.4 17 12 2 6 14% 459158 2754 89%
c i  1.60 134 64 3 153  8 2531  497 1.4 17 12 2 6 13% 459157 2745 89%
c i  1.60 134 63 3 153  8 2537  499 1.4 16 12 2 6 13% 459156 2743 88%
c i  1.73 134 61 3 204  9 2781  644 1.4 17 12 2 6 16% 459072 2711 87%
c i  1.74 134 61 3 205  9 2795  645 1.4 17 12 2 6 16% 459063 2657 86%
c i  1.74 134 61 3 205  9 2796  645 1.4 17 12 2 6 16% 459063 2656 86%
c i  1.77 134 60 3 207  8 2840  681 1.4 17 12 2 6 16% 459057 2630 85%
c O  1.85 134 60 3 235  9 3003  766 1.4 17 12 2 6 17% 458993 2630 85%
c i  1.94 134 58 3 266  8 3155  876 1.4 17 13 2 6 17% 458962 2629 85%
c 2  1.97 134 57 3 282  8 3218  923 1.4 17 13 2 6 17% 458953 2618 84%
c d  2.02 134 57 3 282  8 3218  898 1.4 17 13 2 6 17% 457554 2617 84%
c p  2.03 134 57 3 282  8 3218  900 1.4 17 13 2 6 17% 457554 2617 84%
c t  2.18 136 57 3 282  8 3218  890 1.4 17 13 2 6 17% 457572 2605 84%
c i  2.32 136 55 3 314  8 3509 1052 1.4 17 13 2 6 18% 457474 2563 83%
c i  2.32 136 55 3 314  8 3514 1055 1.4 17 13 2 6 18% 457473 2562 83%
c i  2.43 136 53 3 345  8 3760 1215 1.4 18 13 2 6 19% 457423 2561 83%
c i  2.43 136 53 3 345  8 3761 1215 1.4 17 13 2 6 19% 457423 2559 83%
c i  2.49 136 51 3 363  7 3948 1351 1.4 18 13 2 6 20% 457403 2549 82%
c i  2.56 136 50 3 397  7 4091 1456 1.4 18 13 2 6 20% 457396 2516 81%
c i  2.58 136 50 3 402  7 4120 1469 1.4 18 13 2 6 19% 457382 2500 81%
c 
c  seconds   reduction conflicts       size   tier2       variables
c          MB    restarts   redundant     glue   trail         remaining
c           level     rate       size/glue  tier1  irredundant
c 
c i  2.59 136 49 3 402  7 4200 1509 1.4 18 13 2 6 19% 457374 2499 81%
c i  2.59 136 49 3 402  7 4204 1510 1.4 18 13 2 6 19% 457373 2498 81%
c i  2.60 136 49 3 402  7 4210 1510 1.4 18 13 2 6 19% 457371 2466 80%
c -  2.70 136 47 4 402  7 4360  659 1.4 18 13 2 6 20% 457221 2466 80%
c i  2.78 136 47 4 421  7 4471  739 1.4 18 13 2 6 20% 457202 2445 79%
c i  2.85 136 47 4 448  7 4659  860 1.4 18 13 2 6 21% 457165 2443 79%
c i  2.85 136 47 4 448  7 4660  860 1.4 18 13 2 6 21% 457165 2442 79%
c }  2.88 136 46 4 448  6 4822  953 1.4 18 13 2 6 22% 457126 2442 79%
c [  2.88 136 60 4 448  1 4822  953 1.7 28 16 2 6 52% 457126 2442 79%
c i  2.92 136 53 4 449  1 4997 1068 1.7 26 16 2 6 47% 457115 2397 77%
c i  2.92 136 53 4 449  1 5004 1072 1.7 26 16 13 22 47% 457114 2394 77%
c i  2.93 136 51 4 449  1 5067 1103 1.7 26 16 13 22 46% 457112 2389 77%
c 2  3.04 136 39 4 449  1 5718 1539 1.6 24 15 12 19 37% 457111 2381 77%
c I  3.13 136 36 4 449  1 6005 1735 1.6 23 15 12 19 35% 457101 2381 77%
c -  3.39 136 29 5 450  1 7102  910 1.6 23 14 11 16 32% 457001 2381 77%
c 2  3.60 136 25 5 451  1 8322 1709 1.6 22 14 11 16 30% 456999 2331 75%
c B  4.07 140 23 5 452  1 10005 2830 1.6 21 14 10 15 11% 456942 2331 75%
c ]  4.11 140 23 5 452  1 10123 2907 1.6 21 14 10 15 11% 456942 2331 75%
c {  4.11 140 46 5 452  6 10123 2907 1.4 18 13 2 6 26% 456942 2331 75%
c i  4.14 140 46 5 460  6 10179 2945 1.4 18 13 2 6 25% 456941 2327 75%
c 
c  seconds   reductions conflicts       size   tier2       variables
c          MB    restarts    redundant     glue   trail         remaining
c           level     rate        size/glue  tier1  irredundant
c 
c i  4.14 140 46 5 461  6 10180 2945 1.4 18 13 2 6 25% 456941 2295 74%
c -  4.34 140 43 6 516  6 10597 1104 1.4 18 13 2 6 23% 456902 2295 74%
c d  4.45 140 41 6 546  5 11019 1398 1.4 18 13 2 6 21% 456899 2294 74%
c 2  4.46 140 41 6 546  5 11019 1398 1.4 18 13 2 6 21% 456898 2294 74%
c t  4.46 140 41 6 546  5 11019 1396 1.4 18 13 2 6 21% 456898 2294 74%
c s  4.96 141 29 6 633  4 14539 3267 1.3 17 13 10 14 14% 456828 2294 74%
c t  4.97 141 29 6 633  4 14539 3265 1.3 17 13 10 14 14% 456806 2294 74%
c e  5.05 141 29 6 633  4 14539 3015 1.3 17 13 10 14 14% 453553 368 12%
c s  5.07 141 29 6 633  4 14539 3011 1.3 17 13 10 14 14% 453526 368 12%
c -  5.42 141 29 7 712  4 14868 2819 1.3 18 13 10 14 27% 453526 368 12%
c 2  5.42 141 29 7 712  4 14868 2818 1.3 18 13 10 14 27% 453526 368 12%
c t  5.43 141 29 7 712  4 14868 2818 1.3 18 13 10 14 27% 453524 368 12%
c #  5.51 141 29 7 742  4 15008 2925 1.3 18 13 10 14 26% 453524 368 12%
c -  6.30 141 23 8 754  3 19917 6010 1.5 18 12 10 14 25% 453524 368 12%
c u  6.58 141 23 8 754  3 19917 5974 1.5 18 12 10 14 25% 453551 368 12%
c v  6.62 141 23 8 754  3 19917 5970 1.5 18 12 10 14 25% 453551 368 12%
c x  6.69 141 23 8 754  3 19917 5964 1.5 18 12 10 14 25% 453493 368 12%
c B  6.96 141 22 8 754  3 21009 6685 1.5 18 12 10 14 25% 453493 368 12%
c }  7.17 141 22 8 827  3 21810 7225 1.5 18 12 9 13 25% 453493 368 12%
c [  7.17 141 23 8 827  1 21810 7225 1.6 21 14 10 15 70% 453493 368 12%
c 
c  seconds   reductions conflicts       size    tier2        variables
c          MB    restarts    redundant     glue     trail        remaining
c           level     rate        size/glue  tier1    irredundant
c 
c -  7.75 141 19 9 829  1 25761 7938 1.5 19 13 10 15 36% 453493 368 12%
c W  8.32 141 18 9 829  1 28012 9332 1.5 19 13 10 15 32% 453493 368 12%
c -  8.81 141 18 10 833  1 32409 10146 1.5 19 13 10 15 29% 453493 368 12%
c O  9.16 141 18 10 835  1 36013 12508 1.5 19 13 10 15 28% 453493 368 12%
c ]  9.18 141 18 10 835  1 36044 12534 1.5 19 13 10 15 28% 453493 368 12%
c {  9.18 141 22 10 835  3 36044 12534 1.5 18 12 9 13 25% 453493 368 12%
c - 10.08 142 21 11 1159  2 39863 12269 1.5 18 12 9 13 24% 453493 368 12%
c p 10.10 142 21 11 1159  2 39863 12271 1.5 18 12 9 13 24% 453493 368 12%
c W 11.32 142 19 11 1351  2 45014 16004 1.5 18 12 9 13 24% 453493 368 12%
c - 11.85 142 19 12 1476  2 48130 15246 1.5 18 12 9 13 24% 453493 368 12%
c p 11.86 142 19 12 1476  2 48130 15249 1.5 18 12 9 13 24% 453493 368 12%
c u 12.18 142 19 12 1476  2 48130 15201 1.5 18 12 9 13 24% 453493 368 12%
c v 12.23 142 19 12 1476  2 48130 15198 1.5 18 12 9 13 24% 453493 368 12%
c w 12.25 142 19 12 1476  2 48130 15195 1.5 18 12 9 13 24% 453493 368 12%
c x 12.30 142 19 12 1476  2 48130 15192 1.5 18 12 9 13 24% 453453 368 12%
c F 13.16 142 17 12 1659  2 55015 19656 1.5 17 12 9 13 25% 453453 368 12%
c } 13.28 142 17 12 1690  2 55330 19857 1.5 17 12 9 13 25% 453453 368 12%
c [ 13.28 142 18 12 1690  1 55330 19857 1.5 19 13 10 15 28% 453453 368 12%
c s 13.34 142 18 12 1690  1 55610 19970 1.5 19 13 10 15 28% 453332 368 12%
c s 13.45 142 18 12 1690  1 55610 19967 1.5 19 13 10 15 28% 453272 368 12%
c 
c  seconds   reductions   conflicts        size    tier2        variables
c          MB     restarts      redundant     glue     trail        remaining
c           level       rate         size/glue  tier1    irredundant
c 
c - 13.90 142 18 13 1691  1 57215 17850 1.5 19 13 10 15 27% 453272 368 12%
c p 13.91 142 18 13 1691  1 57215 17852 1.5 19 13 10 15 27% 453272 368 12%
c B 15.12 142 18 13 1692  1 66016 23740 1.4 20 14 10 15 26% 453272 368 12%
c - 15.31 142 18 14 1692  1 67118 19435 1.4 20 14 10 15 26% 453272 368 12%
c ] 16.48 142 19 14 1698  1 76430 25646 1.4 21 15 9 15 25% 453272 368 12%
c { 16.48 142 17 14 1698  2 76430 25646 1.5 17 12 9 13 25% 453272 368 12%
c - 16.90 142 17 15 1810  2 77846 20558 1.5 17 12 9 13 25% 453272 368 12%
c p 16.92 142 17 15 1810  2 77846 20560 1.5 17 12 9 13 25% 453272 368 12%
c u 17.03 142 17 15 1810  2 77846 20524 1.5 17 12 9 13 25% 453272 368 12%
c v 17.08 142 17 15 1810  2 77846 20518 1.5 17 12 9 13 25% 453272 368 12%
c w 17.10 142 17 15 1810  2 77846 20517 1.5 17 12 9 13 25% 453272 368 12%
c x 17.16 142 17 15 1810  2 77846 20516 1.5 17 12 9 13 25% 453234 368 12%
c B 17.24 142 17 15 1810  2 78017 20634 1.5 17 12 9 13 24% 453234 368 12%
c - 20.20 143 17 16 2939  2 89400 22992 1.5 17 12 9 13 24% 453234 368 12%
c p 20.22 143 17 16 2939  2 89400 22994 1.5 17 12 9 13 24% 453234 368 12%
c W 20.94 143 17 16 3017  2 91019 24017 1.5 17 12 9 13 24% 453234 368 12%
c - 23.04 143 16 17 3870  2 101781 26731 1.5 17 12 9 13 24% 453234 368 12%
c u 23.49 143 16 17 3870  2 101781 26690 1.5 17 12 9 13 24% 453234 368 12%
c v 23.55 143 16 17 3870  2 101781 26687 1.5 17 12 9 13 24% 453234 368 12%
c w 23.58 143 16 17 3870  2 101781 26686 1.5 17 12 9 13 24% 453234 368 12%
c 
c  seconds   reductions   conflicts         size   tier2        variables
c          MB     restarts       redundant     glue    trail        remaining
c           level       rate          size/glue  tier1   irredundant
c 
c x 23.66 143 16 17 3870  2 101781 26685 1.5 17 12 9 13 24% 453220 368 12%
c } 23.82 143 16 17 3870  2 103313 27354 1.5 17 12 9 13 23% 453220 368 12%
c [ 23.82 143 19 17 3870  1 103313 27354 1.4 21 15 9 15 25% 453220 368 12%
c W 24.31 143 18 17 3871  1 105020 28203 1.4 20 14 9 15 24% 453220 368 12%
c - 25.75 143 18 18 3877  1 114990 29493 1.4 20 14 9 15 24% 453220 368 12%
c p 25.78 143 18 18 3877  1 114990 29495 1.4 20 14 9 15 24% 453220 368 12%
c s 26.12 143 18 18 3878  1 117209 30919 1.4 20 14 9 15 24% 453095 368 12%
c s 26.24 143 18 18 3878  1 117209 30913 1.4 20 14 9 15 24% 453068 368 12%
c I 26.62 143 18 18 3878  1 120021 32496 1.4 20 14 9 15 24% 453068 368 12%
c - 27.91 143 18 19 3880  1 129030 31721 1.4 20 14 9 15 24% 453068 368 12%
c u 28.01 143 18 19 3880  1 129030 31690 1.4 20 14 9 15 24% 453068 368 12%
c v 28.05 143 18 19 3880  1 129030 31688 1.4 20 14 9 15 24% 453068 368 12%
c w 28.06 143 18 19 3880  1 129030 31687 1.4 20 14 9 15 24% 453068 368 12%
c x 28.11 143 18 19 3880  1 129030 31686 1.4 20 14 9 15 24% 453053 368 12%
c B 28.99 143 18 19 3880  1 136024 36175 1.4 21 15 9 15 24% 453053 368 12%
c ] 29.17 143 18 19 3880  1 137204 37002 1.4 21 15 9 16 24% 453053 368 12%
c { 29.17 143 16 19 3880  2 137204 37002 1.5 17 12 9 13 23% 453053 368 12%
c - 30.54 144 16 20 4641  2 143902 34103 1.5 17 12 9 13 23% 453053 368 12%
c p 30.55 144 16 20 4641  2 143902 34105 1.5 17 12 9 13 23% 453053 368 12%
c # 32.16 144 16 20 5177  2 153025 39812 1.5 17 12 9 13 23% 453053 368 12%
c 
c  seconds   reductions   conflicts         size   tier2        variables
c          MB     restarts       redundant     glue    trail        remaining
c           level       rate          size/glue  tier1   irredundant
c 
c - 33.30 144 16 21 5673  2 159607 37834 1.5 17 12 9 13 23% 453053 368 12%
c u 33.45 144 16 21 5673  2 159607 37798 1.5 17 12 9 13 23% 453053 368 12%
c v 33.50 144 16 21 5673  2 159607 37796 1.5 17 12 9 13 23% 453053 368 12%
c w 33.52 144 16 21 5673  2 159607 37796 1.5 17 12 9 13 23% 453053 368 12%
c x 33.58 144 16 21 5673  2 159607 37793 1.5 17 12 9 13 23% 453047 368 12%
c B 35.60 144 15 21 6321  2 171027 44703 1.4 17 12 9 13 22% 453047 368 12%
c - 36.68 144 15 22 6836  2 176147 41871 1.4 17 12 9 13 22% 453047 368 12%
c p 36.70 144 15 22 6836  2 176147 41873 1.4 17 12 9 13 22% 453047 368 12%
c } 37.31 144 14 22 6836  1 186165 46117 1.4 16 11 9 13 21% 453047 368 12%
c [ 37.31 144 18 22 6836  1 186165 46117 1.4 21 15 9 16 24% 453047 368 12%
c W 38.22 144 17 22 6836  1 190028 47516 1.4 20 14 9 16 24% 453047 368 12%
c - 38.74 144 17 23 6836  1 193523 44848 1.4 20 14 9 16 24% 453047 368 12%
c u 39.07 145 17 23 6836  1 193523 44829 1.4 20 14 9 16 24% 453047 368 12%
c v 39.11 145 17 23 6836  1 193523 44828 1.4 20 14 9 16 24% 453047 368 12%
c w 39.14 145 17 23 6836  1 193523 44827 1.4 20 14 9 16 24% 453047 368 12%
c x 39.19 145 17 23 6836  1 193523 44826 1.4 20 14 9 16 24% 453032 368 12%
c s 39.87 145 17 23 6841  1 199336 48599 1.4 20 14 9 16 24% 452980 368 12%
c s 39.99 145 17 23 6841  1 199336 48577 1.4 20 14 9 16 24% 452928 368 12%
c O 41.21 145 17 23 6846  1 210030 55446 1.4 20 14 9 16 24% 452928 368 12%
c - 41.47 146 17 24 6847  1 211736 48548 1.4 20 14 9 16 24% 452928 368 12%
c 
c  seconds   reductions   conflicts         size   tier2        variables
c          MB     restarts       redundant     glue    trail        remaining
c           level       rate          size/glue  tier1   irredundant
c 
c p 41.49 146 17 24 6847  1 211736 48550 1.4 20 14 9 16 24% 452928 368 12%
c - 43.87 146 17 25 6854  1 230785 54688 1.4 20 14 9 16 24% 452928 368 12%
c u 44.02 146 17 25 6854  1 230785 54643 1.4 20 14 9 16 24% 452928 368 12%
c v 44.07 146 17 25 6854  1 230785 54640 1.4 20 14 9 16 24% 452928 368 12%
c w 44.09 146 17 25 6854  1 230785 54640 1.4 20 14 9 16 24% 452928 368 12%
c x 44.16 146 17 25 6854  1 230785 54637 1.4 20 14 9 16 24% 452914 368 12%
c B 44.24 146 17 25 6854  1 231032 54778 1.4 20 14 9 16 24% 452914 368 12%
c ] 45.00 146 17 25 6858  1 237412 59043 1.4 20 14 9 16 24% 452914 368 12%
c { 45.00 146 14 25 6858  1 237412 59043 1.4 16 11 9 13 21% 452914 368 12%
c - 47.41 147 14 26 7945  1 250673 59077 1.4 17 12 9 13 22% 452914 368 12%
c p 47.44 147 14 26 7945  1 250673 59079 1.4 17 12 9 13 22% 452914 368 12%
c u 47.53 147 14 26 7945  1 250673 59026 1.4 17 12 9 13 22% 452914 368 12%
c v 47.56 147 14 26 7945  1 250673 59026 1.4 17 12 9 13 22% 452914 368 12%
c w 47.58 147 14 26 7945  1 250673 59026 1.4 17 12 9 13 22% 452914 368 12%
c x 47.62 147 14 26 7945  1 250673 59025 1.4 17 12 9 13 22% 452914 368 12%
c W 48.96 147 14 26 8378  1 253033 60644 1.4 17 12 9 13 22% 452914 368 12%
c - 52.31 146 14 27 9732  1 271402 47498 1.4 17 12 7 12 22% 452914 368 12%
c p 52.33 146 14 27 9732  1 271402 47500 1.4 17 12 7 12 22% 452914 368 12%
c u 52.43 146 14 27 9732  1 271402 47472 1.4 17 12 7 12 22% 452914 368 12%
c v 52.46 146 14 27 9732  1 271402 47471 1.4 17 12 7 12 22% 452914 368 12%
c 
c  seconds   reductions   conflicts         size   tier2        variables
c          MB     restarts       redundant     glue    trail        remaining
c           level       rate          size/glue  tier1   irredundant
c 
c w 52.48 146 14 27 9732  1 271402 47471 1.4 17 12 7 12 22% 452914 368 12%
c x 52.53 146 14 27 9732  1 271402 47470 1.4 17 12 7 12 22% 452907 368 12%
c F 53.67 146 15 27 10286  1 276036 50755 1.4 17 12 7 12 22% 452907 368 12%
c } 56.71 146 15 27 11553  1 289388 59360 1.5 17 12 7 12 22% 452907 368 12%
c [ 56.71 146 17 27 11553  1 289388 59360 1.4 20 14 9 16 24% 452907 368 12%
c - 57.39 145 17 28 11554  1 292970 47548 1.4 20 14 9 16 24% 452907 368 12%
c p 57.43 145 17 28 11554  1 292970 47550 1.4 20 14 9 16 24% 452907 368 12%
c u 57.55 145 17 28 11554  1 292970 47484 1.4 20 14 9 16 24% 452907 368 12%
c v 57.60 145 17 28 11554  1 292970 47481 1.4 20 14 9 16 24% 452907 368 12%
c w 57.63 145 17 28 11554  1 292970 47481 1.4 20 14 9 16 24% 452907 368 12%
c x 57.69 145 17 28 11554  1 292970 47481 1.4 20 14 9 16 24% 452892 368 12%
c W 59.21 145 17 28 11559  1 300039 52346 1.4 20 14 9 16 24% 452892 368 12%
c s 59.56 145 17 28 11560  1 301990 53757 1.4 20 14 9 16 24% 452768 368 12%
c s 59.70 145 17 28 11560  1 301990 53718 1.4 20 14 9 16 24% 452525 368 12%
c - 61.55 146 17 29 11562  1 315377 48029 1.4 20 14 9 16 24% 452525 368 12%
c p 61.58 146 17 29 11562  1 315377 48031 1.4 20 14 9 16 24% 452525 368 12%
c u 61.68 146 17 29 11562  1 315377 48020 1.4 20 14 9 16 24% 452525 368 12%
c v 61.71 146 17 29 11562  1 315377 48015 1.4 20 14 9 16 24% 452525 368 12%
c w 61.73 146 17 29 11562  1 315377 48014 1.4 20 14 9 16 24% 452525 368 12%
c x 61.78 146 17 29 11562  1 315377 48014 1.4 20 14 9 16 24% 452518 368 12%
c 
c  seconds   reductions    conflicts         size   tier2        variables
c          MB      restarts       redundant     glue    trail        remaining
c           level        rate          size/glue  tier1   irredundant
c 
c I 62.96 146 17 29 11562  1 325041 54644 1.4 20 14 9 16 24% 452518 368 12%
c - 65.18 145 17 30 11563  1 338620 47046 1.4 20 14 9 15 24% 452518 368 12%
c p 65.21 145 17 30 11563  1 338620 47048 1.4 20 14 9 15 24% 452518 368 12%
c u 65.77 147 17 30 11563  1 338620 47014 1.4 20 14 9 15 24% 452518 368 12%
c v 65.80 147 17 30 11563  1 338620 47010 1.4 20 14 9 15 24% 452518 368 12%
c w 65.81 147 17 30 11563  1 338620 47009 1.4 20 14 9 15 24% 452518 368 12%
c x 65.86 147 17 30 11563  1 338620 47008 1.4 20 14 9 15 24% 452503 368 12%
c B 67.80 147 17 30 11563  1 351043 54206 1.4 20 14 9 15 24% 452503 368 12%
c ] 67.93 147 17 30 11563  1 351927 54807 1.4 20 14 9 15 24% 452503 368 12%
c { 67.93 147 15 30 11563  1 351927 54807 1.5 17 12 7 12 22% 452503 368 12%
c - 70.02 147 14 31 12026  1 362706 48327 1.5 17 12 7 12 22% 452503 368 12%
c p 70.04 147 14 31 12026  1 362706 48329 1.5 17 12 7 12 22% 452503 368 12%
c u 70.15 147 14 31 12026  1 362706 48302 1.5 17 12 7 12 22% 452503 368 12%
c v 70.19 147 14 31 12026  1 362706 48300 1.5 17 12 7 12 22% 452503 368 12%
c w 70.21 147 14 31 12026  1 362706 48300 1.5 17 12 7 12 22% 452503 368 12%
c x 70.27 147 14 31 12026  1 362706 48299 1.5 17 12 7 12 22% 452499 368 12%
c B 73.30 147 14 31 13341  1 378046 57684 1.4 17 12 7 12 22% 452499 368 12%
c - 75.40 147 14 32 14261  1 387633 53490 1.4 17 12 7 12 22% 452499 368 12%
c p 75.44 147 14 32 14261  1 387633 53492 1.4 17 12 7 12 22% 452499 368 12%
c u 75.55 147 14 32 14261  1 387633 53471 1.4 17 12 7 12 22% 452499 368 12%
c 
c  seconds   reductions    conflicts         size   tier2        variables
c          MB      restarts       redundant     glue    trail        remaining
c           level        rate          size/glue  tier1   irredundant
c 
c v 75.60 147 14 32 14261  1 387633 53471 1.4 17 12 7 12 22% 452499 368 12%
c w 75.63 147 14 32 14261  1 387633 53470 1.4 17 12 7 12 22% 452499 368 12%
c x 75.70 147 14 32 14261  1 387633 53468 1.4 17 12 7 12 22% 452496 368 12%
c W 80.07 147 14 32 15293  1 406048 64486 1.4 17 12 7 12 23% 452496 368 12%
c - 81.71 148 14 33 15683  1 413403 58489 1.4 17 12 7 12 23% 452496 368 12%
c p 81.74 148 14 33 15683  1 413403 58491 1.4 17 12 7 12 23% 452496 368 12%
c u 81.86 148 14 33 15683  1 413403 58454 1.4 17 12 7 12 23% 452496 368 12%
c v 81.91 148 14 33 15683  1 413403 58443 1.4 17 12 7 12 23% 452496 368 12%
c w 81.94 148 14 33 15683  1 413403 58443 1.4 17 12 7 12 23% 452496 368 12%
c x 82.02 148 14 33 15683  1 413403 58442 1.4 17 12 7 12 23% 452485 368 12%
c } 84.77 148 14 33 16803  1 423646 65075 1.4 17 12 7 12 23% 452485 368 12%
c [ 84.77 148 17 33 16803  1 423646 65075 1.4 20 14 9 15 24% 452485 368 12%
c s 85.00 148 17 33 16803  1 425160 66063 1.4 20 14 9 15 24% 452292 368 12%
c s 85.15 148 17 33 16803  1 425160 66039 1.4 20 14 9 15 24% 452095 368 12%
c W 86.71 148 18 33 16804  1 435052 72933 1.4 21 15 9 15 24% 452095 368 12%
c - 87.40 148 18 34 16808  1 440017 59193 1.4 21 15 9 15 24% 452095 368 12%
c p 87.43 148 18 34 16808  1 440017 59195 1.4 21 15 9 15 24% 452095 368 12%
c u 87.54 148 18 34 16808  1 440017 59176 1.4 21 15 9 15 24% 452095 368 12%
c v 87.59 148 18 34 16808  1 440017 59172 1.4 21 15 9 15 24% 452095 368 12%
c w 87.61 148 18 34 16808  1 440017 59171 1.4 21 15 9 15 24% 452095 368 12%
c 
c  seconds   reductions    conflicts         size   tier2        variables
c          MB      restarts       redundant     glue    trail        remaining
c           level        rate          size/glue  tier1   irredundant
c 
c x 87.67 148 18 34 16808  1 440017 59169 1.4 21 15 9 15 24% 452083 368 12%
c O 90.60 148 18 34 16818  1 465054 74904 1.4 21 15 9 16 24% 452083 368 12%
c - 91.05 148 18 35 16818  1 467465 57176 1.4 21 15 9 16 24% 452083 368 12%
c p 91.07 148 18 35 16818  1 467465 57178 1.4 21 15 9 16 24% 452083 368 12%
c u 91.21 148 18 35 16818  1 467465 57161 1.4 21 15 9 16 24% 452083 368 12%
c v 91.26 148 18 35 16818  1 467465 57153 1.4 21 15 9 16 24% 452083 368 12%
c w 91.29 148 18 35 16818  1 467465 57150 1.4 21 15 9 16 24% 452083 368 12%
c x 91.36 148 18 35 16818  1 467465 57150 1.4 21 15 9 16 24% 452074 368 12%
c - 95.06 148 17 36 16833  1 495756 62669 1.4 20 14 9 16 24% 452074 368 12%
c p 95.10 148 17 36 16833  1 495756 62670 1.4 20 14 9 16 24% 452074 368 12%
c u 95.22 148 17 36 16833  1 495756 62648 1.4 20 14 9 16 24% 452074 368 12%
c v 95.27 148 17 36 16833  1 495756 62638 1.4 20 14 9 16 24% 452074 368 12%
c w 95.29 148 17 36 16833  1 495756 62637 1.4 20 14 9 16 24% 452074 368 12%
c x 95.35 148 17 36 16833  1 495756 62635 1.4 20 14 9 16 24% 452071 368 12%
c B 95.44 148 17 36 16833  1 496056 62821 1.4 20 14 9 16 24% 452071 368 12%
c ] 97.05 148 17 36 16834  1 507296 70134 1.4 20 14 9 16 24% 452071 368 12%
c { 97.05 148 14 36 16834  1 507296 70134 1.4 17 12 7 12 23% 452071 368 12%
c - 101.15 149 15 37 18922  1 524890 66639 1.4 17 12 7 12 23% 452071 368 12%
c p 101.18 149 15 37 18922  1 524890 66641 1.4 17 12 7 12 23% 452071 368 12%
c u 101.31 149 15 37 18922  1 524890 66578 1.4 17 12 7 12 23% 452071 368 12%
c 
c  seconds    reductions    conflicts         size   tier2        variables
c           MB      restarts       redundant     glue    trail        remaining
c            level        rate          size/glue  tier1   irredundant
c 
c v 101.36 149 15 37 18922  1 524890 66565 1.4 17 12 7 12 23% 452071 368 12%
c w 101.39 149 15 37 18922  1 524890 66564 1.4 17 12 7 12 23% 452071 368 12%
c x 101.47 149 15 37 18922  1 524890 66564 1.4 17 12 7 12 23% 452067 368 12%
c # 102.00 149 15 37 18969  1 528057 68370 1.4 17 12 7 12 23% 452067 368 12%
c - 106.08 148 14 38 20610  1 554873 60360 1.4 17 12 6 12 23% 452067 368 12%
c p 106.12 148 14 38 20610  1 554873 60362 1.4 17 12 6 12 23% 452067 368 12%
c u 106.89 148 14 38 20610  1 554873 60329 1.4 17 12 6 12 23% 452067 368 12%
c v 106.93 148 14 38 20610  1 554873 60316 1.4 17 12 6 12 23% 452067 368 12%
c w 106.96 148 14 38 20610  1 554873 60315 1.4 17 12 6 12 23% 452067 368 12%
c x 107.04 148 14 38 20610  1 554873 60313 1.4 17 12 6 12 23% 452054 368 12%
c B 108.40 148 14 38 21041  1 561060 64211 1.5 17 12 6 12 23% 452054 368 12%
c s 109.68 148 14 38 21174  1 568838 69158 1.5 17 12 6 12 23% 451928 368 12%
c s 109.85 148 14 38 21174  1 568838 69136 1.5 17 12 6 12 23% 451796 368 12%
c - 114.03 148 14 39 22093  1 585697 64093 1.5 17 12 6 12 23% 451796 368 12%
c p 114.05 148 14 39 22093  1 585697 64095 1.5 17 12 6 12 23% 451796 368 12%
c u 114.21 148 14 39 22093  1 585697 64046 1.5 17 12 6 12 23% 451796 368 12%
c v 114.28 148 14 39 22093  1 585697 64040 1.5 17 12 6 12 23% 451796 368 12%
c w 114.31 148 14 39 22093  1 585697 64036 1.5 17 12 6 12 23% 451796 368 12%
c x 114.40 148 14 39 22093  1 585697 64035 1.5 17 12 6 12 23% 451790 368 12%
c W 118.16 148 14 39 22094  1 595063 69196 1.5 17 12 6 12 23% 451790 368 12%
c 
c  seconds    reductions    conflicts         size   tier2        variables
c           MB      restarts       redundant     glue    trail        remaining
c            level        rate          size/glue  tier1   irredundant
c 
c } 118.83 148 14 39 22103  1 598664 71139 1.5 17 11 6 12 23% 451790 368 12%
c [ 118.83 148 17 39 22103  1 598664 71139 1.4 20 14 9 16 24% 451790 368 12%
c - 121.70 148 16 40 22109  1 617359 67900 1.4 19 13 9 16 23% 451790 368 12%
c p 121.73 148 16 40 22109  1 617359 67902 1.4 19 13 9 16 23% 451790 368 12%
c u 121.89 148 16 40 22109  1 617359 67848 1.4 19 13 9 16 23% 451790 368 12%
c v 121.95 148 16 40 22109  1 617359 67845 1.4 19 13 9 16 23% 451790 368 12%
c w 121.98 148 16 40 22109  1 617359 67839 1.4 19 13 9 16 23% 451790 368 12%
c x 122.07 148 16 40 22109  1 617359 67837 1.4 19 13 9 16 23% 451779 368 12%
c i 124.32 148 15 40 22116  1 629940 73565 1.4 18 13 9 16 23% 451779 367 12%
c W 124.81 145 15 40 22117  1 630065 50113 1.4 18 13 9 16 23% 423165 367 12%
c - 127.32 144 15 41 22124  1 649868 47479 1.4 19 13 9 16 23% 423165 367 12%
c 2 127.32 144 15 41 22124  1 649868 47479 1.4 19 13 9 16 23% 423164 367 12%
c p 127.34 144 15 41 22124  1 649868 47481 1.4 19 13 9 16 23% 423164 367 12%
c u 127.48 144 15 41 22124  1 649868 47402 1.4 19 13 9 16 23% 423164 367 12%
c v 127.54 144 15 41 22124  1 649868 47393 1.4 19 13 9 16 23% 423164 367 12%
c w 127.56 144 15 41 22124  1 649868 47389 1.4 19 13 9 16 23% 423164 367 12%
c x 127.64 144 15 41 22124  1 649868 47389 1.4 19 13 9 16 23% 423161 367 12%
c I 129.62 144 16 41 22132  1 666066 57446 1.4 19 13 7 15 23% 423161 367 12%
c - 131.80 145 16 42 22134  1 682647 53250 1.4 19 13 7 15 23% 423161 367 12%
c p 131.83 145 16 42 22134  1 682647 53252 1.4 19 13 7 15 23% 423161 367 12%
c 
c  seconds    reductions    conflicts         size   tier2        variables
c           MB      restarts       redundant     glue    trail        remaining
c            level        rate          size/glue  tier1   irredundant
c 
c u 131.92 145 16 42 22134  1 682647 53219 1.4 19 13 7 15 23% 423161 367 12%
c v 131.96 145 16 42 22134  1 682647 53206 1.4 19 13 7 15 23% 423161 367 12%
c w 131.98 145 16 42 22134  1 682647 53196 1.4 19 13 7 15 23% 423161 367 12%
c x 132.03 145 16 42 22134  1 682647 53195 1.4 19 13 7 15 23% 423155 367 12%
c B 134.60 145 16 42 22135  1 703067 66240 1.4 19 14 7 15 23% 423155 367 12%
c ] 135.32 145 16 42 22135  1 708737 69860 1.4 19 14 7 15 23% 423155 367 12%
c { 135.32 145 14 42 22135  1 708737 69860 1.5 17 11 6 12 23% 423155 367 12%
c - 136.98 145 14 43 23596  1 716242 56580 1.5 17 12 6 12 23% 423155 367 12%
c p 137.00 145 14 43 23596  1 716242 56581 1.5 17 12 6 12 23% 423155 367 12%
c u 137.13 145 14 43 23596  1 716242 56560 1.5 17 12 6 12 23% 423155 367 12%
c v 137.18 145 14 43 23596  1 716242 56554 1.5 17 12 6 12 23% 423155 367 12%
c w 137.20 145 14 43 23596  1 716242 56544 1.5 17 12 6 12 23% 423155 367 12%
c x 137.27 145 14 43 23596  1 716242 56544 1.5 17 12 6 12 23% 423154 367 12%
c s 140.57 145 14 43 25104  1 733028 67066 1.5 17 12 6 12 23% 422801 367 12%
c e 140.65 145 14 43 25104  1 733028 66658 1.5 17 12 6 12 23% 422799 365 12%
c s 140.73 145 14 43 25104  1 733028 66633 1.5 17 12 6 12 23% 422529 365 12%
c F 141.90 145 14 43 25361  1 741068 71394 1.5 17 12 6 12 23% 422529 365 12%
c - 143.84 146 14 44 26262  1 750658 62113 1.4 17 12 6 12 23% 422529 365 12%
c p 143.87 146 14 44 26262  1 750658 62115 1.4 17 12 6 12 23% 422529 365 12%
c u 144.01 146 14 44 26262  1 750658 62051 1.4 17 12 6 12 23% 422529 365 12%
c 
c  seconds    reductions    conflicts         size   tier2        variables
c           MB      restarts       redundant     glue    trail        remaining
c            level        rate          size/glue  tier1   irredundant
c 
c v 144.07 146 14 44 26262  1 750658 62042 1.4 17 12 6 12 23% 422529 365 12%
c w 144.10 146 14 44 26262  1 750658 62032 1.4 17 12 6 12 23% 422529 365 12%
c x 144.19 146 14 44 26262  1 750658 62031 1.4 17 12 6 12 23% 422526 365 12%
c B 149.32 146 14 44 29012  1 780073 79923 1.4 17 12 6 12 23% 422526 365 12%
c - 150.35 147 14 45 29197  1 785874 69076 1.4 17 12 6 12 23% 422526 365 12%
c p 150.38 147 14 45 29197  1 785874 69078 1.4 17 12 6 12 23% 422526 365 12%
c u 150.54 147 14 45 29197  1 785874 69049 1.4 17 12 6 12 23% 422526 365 12%
c v 150.60 147 14 45 29197  1 785874 69033 1.4 17 12 6 12 23% 422526 365 12%
c w 150.63 147 14 45 29197  1 785874 69006 1.4 17 12 6 12 23% 422526 365 12%
c x 150.72 147 14 45 29197  1 785874 69003 1.4 17 12 6 12 23% 422500 365 12%
c W 158.12 147 14 45 31118  1 820075 89245 1.5 17 12 6 12 23% 422500 365 12%
c } 158.57 147 14 45 31341  1 821371 90092 1.4 17 12 6 12 23% 422500 365 12%
c [ 158.57 147 16 45 31341  1 821371 90092 1.4 19 14 7 15 23% 422500 365 12%
c - 158.74 147 16 46 31341  1 821906 73907 1.4 19 14 7 15 23% 422500 365 12%
c p 158.77 147 16 46 31341  1 821906 73908 1.4 19 14 7 15 23% 422500 365 12%
c u 158.93 147 16 46 31341  1 821906 73885 1.4 19 14 7 15 23% 422500 365 12%
c v 158.98 147 16 46 31341  1 821906 73867 1.4 19 14 7 15 23% 422500 365 12%
c w 159.01 147 16 46 31341  1 821906 73852 1.4 19 14 7 15 23% 422500 365 12%
c x 159.09 147 16 46 31341  1 821906 73848 1.4 19 14 7 15 23% 422493 365 12%
c - 163.86 147 17 47 31342  1 858754 73258 1.4 20 14 8 15 23% 422493 365 12%
c 
c  seconds    reductions    conflicts         size   tier2        variables
c           MB      restarts       redundant     glue    trail        remaining
c            level        rate          size/glue  tier1   irredundant
c 
c p 163.88 147 17 47 31342  1 858754 73260 1.4 20 14 8 15 23% 422493 365 12%
c u 164.71 147 17 47 31342  1 858754 73230 1.4 20 14 8 15 23% 422493 365 12%
c v 164.77 147 17 47 31342  1 858754 73224 1.4 20 14 8 15 23% 422493 365 12%
c w 164.80 147 17 47 31342  1 858754 73211 1.4 20 14 8 15 23% 422493 365 12%
c x 164.88 147 17 47 31342  1 858754 73210 1.4 20 14 8 15 23% 422489 365 12%
c W 165.55 147 17 47 31342  1 861076 74626 1.4 20 14 8 15 23% 422489 365 12%
c - 169.85 147 16 48 31342  1 896419 70141 1.4 20 14 8 15 23% 422489 365 12%
c p 169.88 147 16 48 31342  1 896419 70143 1.4 20 14 8 15 23% 422489 365 12%
c u 170.01 147 16 48 31342  1 896419 70087 1.4 20 14 8 15 23% 422489 365 12%
c v 170.06 147 16 48 31342  1 896419 70080 1.4 20 14 8 15 23% 422489 365 12%
c w 170.08 147 16 48 31342  1 896419 70070 1.4 20 14 8 15 23% 422489 365 12%
c x 170.16 147 16 48 31342  1 896419 70068 1.4 20 14 8 15 23% 422484 365 12%
c O 170.98 147 16 48 31342  1 903078 73806 1.4 20 14 8 15 23% 422484 365 12%
c s 172.91 147 16 48 31349  1 916215 80776 1.4 19 14 8 15 23% 421570 365 12%
c s 173.09 147 16 48 31349  1 916215 80737 1.4 19 14 8 15 23% 421288 365 12%
c - 175.68 148 15 49 31357  1 934901 77175 1.4 19 13 7 15 23% 421288 365 12%
c p 175.72 148 15 49 31357  1 934901 77177 1.4 19 13 7 15 23% 421288 365 12%
c u 175.86 148 15 49 31357  1 934901 77122 1.4 19 13 7 15 23% 421288 365 12%
c v 175.92 148 15 49 31357  1 934901 77111 1.4 19 13 7 15 23% 421288 365 12%
c w 175.94 148 15 49 31357  1 934901 77101 1.4 19 13 7 15 23% 421288 365 12%
c 
c  seconds    reductions    conflicts         size   tier2        variables
c           MB      restarts       redundant     glue    trail        remaining
c            level        rate          size/glue  tier1   irredundant
c 
c x 176.01 148 15 49 31357  1 934901 77101 1.4 19 13 7 15 23% 421170 365 12%
c B 177.54 148 15 49 31363  1 946081 83139 1.4 18 13 7 15 23% 421170 365 12%
c i 177.69 148 15 49 31364  1 947109 83487 1.4 18 13 7 15 23% 421170 363 12%
c ] 178.25 148 15 49 31364  1 950501 85369 1.4 18 13 7 15 23% 421170 363 12%
c { 178.25 148 14 49 31364  1 950501 85369 1.4 17 12 6 12 23% 421170 363 12%
c - 182.64 145 14 50 33589  1 974170 59830 1.4 17 12 6 12 23% 407333 363 12%
c 2 182.64 145 14 50 33589  1 974170 59830 1.4 17 12 6 12 23% 407331 363 12%
c p 182.67 145 14 50 33589  1 974170 59833 1.4 17 12 6 12 23% 407331 363 12%
c u 182.83 145 14 50 33589  1 974170 59801 1.4 17 12 6 12 23% 407331 363 12%
c v 182.89 145 14 50 33589  1 974170 59793 1.4 17 12 6 12 23% 407331 363 12%
c w 182.92 145 14 50 33589  1 974170 59773 1.4 17 12 6 12 23% 407331 363 12%
c x 183.02 145 14 50 33589  1 974170 59771 1.4 17 12 6 12 23% 407326 363 12%
c # 186.07 145 14 50 35454  1 990083 69879 1.4 18 12 6 12 23% 407326 363 12%
c i 187.67 145 14 50 35454  1 1000735 75449 1.4 17 12 6 12 23% 407326 362 12%
c - 189.64 143 14 51 35700  1 1013898 57447 1.4 17 12 6 12 22% 395959 362 12%
c 2 189.64 143 14 51 35700  1 1013898 57447 1.4 17 12 6 12 22% 395958 362 12%
c p 189.66 143 14 51 35700  1 1013898 57450 1.4 17 12 6 12 22% 395958 362 12%
c u 189.80 143 14 51 35700  1 1013898 57359 1.4 17 12 6 12 22% 395958 362 12%
c v 189.86 143 14 51 35700  1 1013898 57345 1.4 17 12 6 12 22% 395958 362 12%
c w 189.89 143 14 51 35700  1 1013898 57325 1.4 17 12 6 12 22% 395958 362 12%
c 
c  seconds    reductions     conflicts         size   tier2        variables
c           MB      restarts        redundant     glue    trail        remaining
c            level        rate           size/glue  tier1   irredundant
c 
c x 189.97 143 14 51 35700  1 1013898 57324 1.4 17 12 6 12 22% 395953 362 12%
c B 193.01 143 13 51 36555  1 1035084 68635 1.4 16 11 6 12 22% 395953 362 12%
c - 196.80 144 14 52 37999  1 1054116 67098 1.4 17 11 6 12 22% 395953 362 12%
c p 196.83 144 14 52 37999  1 1054116 67101 1.4 17 11 6 12 22% 395953 362 12%
c u 196.97 144 14 52 37999  1 1054116 67021 1.4 17 11 6 12 22% 395953 362 12%
c v 197.03 144 14 52 37999  1 1054116 67014 1.4 17 11 6 12 22% 395953 362 12%
c w 197.06 144 14 52 37999  1 1054116 66999 1.4 17 11 6 12 22% 395953 362 12%
c x 197.14 144 14 52 37999  1 1054116 66998 1.4 17 11 6 12 22% 395945 362 12%
c W 204.25 144 14 52 41125  1 1081086 83157 1.4 17 12 6 12 22% 395945 362 12%
c } 206.84 144 14 52 42494  1 1091493 89728 1.4 17 12 6 12 22% 395945 362 12%
c [ 206.84 144 15 52 42494  1 1091493 89728 1.4 18 13 7 15 23% 395945 362 12%
c - 207.52 145 15 53 42497  1 1095124 74386 1.4 18 13 7 15 23% 395945 362 12%
c p 207.54 145 15 53 42497  1 1095124 74389 1.4 18 13 7 15 23% 395945 362 12%
c u 207.70 145 15 53 42497  1 1095124 74294 1.4 18 13 7 15 23% 395945 362 12%
c v 207.77 145 15 53 42497  1 1095124 74282 1.4 18 13 7 15 23% 395945 362 12%
c w 207.80 145 15 53 42497  1 1095124 74270 1.4 18 13 7 15 23% 395945 362 12%
c x 207.88 145 15 53 42497  1 1095124 74270 1.4 18 13 7 15 23% 395936 362 12%
c s 211.28 145 15 53 42503  1 1119671 89547 1.4 18 13 7 15 23% 395761 362 12%
c e 211.36 145 15 53 42503  1 1119671 88398 1.4 18 13 7 15 23% 395741 352 11%
c s 211.47 145 15 53 42503  1 1119671 88373 1.4 18 13 7 15 23% 395483 352 11%
c 
c  seconds    reductions     conflicts         size   tier2        variables
c           MB      restarts        redundant     glue    trail        remaining
c            level        rate           size/glue  tier1   irredundant
c 
c W 213.10 145 15 53 42503  1 1128087 93324 1.4 18 13 7 15 23% 395483 352 11%
c - 214.45 145 15 54 42509  1 1136921 77052 1.4 18 13 7 15 23% 395483 352 11%
c p 214.48 145 15 54 42509  1 1136921 77053 1.4 18 13 7 15 23% 395483 352 11%
c u 214.62 145 15 54 42509  1 1136921 76878 1.4 18 13 7 15 23% 395483 352 11%
c v 214.68 145 15 54 42509  1 1136921 76864 1.4 18 13 7 15 23% 395483 352 11%
c w 214.71 145 15 54 42509  1 1136921 76858 1.4 18 13 7 15 23% 395483 352 11%
c x 214.79 145 15 54 42509  1 1136921 76858 1.4 18 13 7 15 23% 395470 352 11%
c I 219.41 145 15 54 42526  1 1176089 100985 1.5 19 13 7 15 23% 395470 352 11%
c - 219.97 145 15 55 42529  1 1179494 80128 1.5 19 13 7 15 23% 395470 352 11%
c p 220.00 145 15 55 42529  1 1179494 80129 1.5 19 13 7 15 23% 395470 352 11%
c u 220.14 145 15 55 42529  1 1179494 80080 1.5 19 13 7 15 23% 395470 352 11%
c v 220.19 145 15 55 42529  1 1179494 80065 1.5 19 13 7 15 23% 395470 352 11%
c w 220.22 145 15 55 42529  1 1179494 80058 1.5 19 13 7 15 23% 395470 352 11%
c x 220.31 145 15 55 42529  1 1179494 80054 1.5 19 13 7 15 23% 395467 352 11%
c - 226.44 146 14 56 42535  1 1222858 84346 1.4 18 12 7 14 22% 395467 352 11%
c p 226.47 146 14 56 42535  1 1222858 84347 1.4 18 12 7 14 22% 395467 352 11%
c u 226.60 146 14 56 42535  1 1222858 84307 1.4 18 12 7 14 22% 395467 352 11%
c v 226.66 146 14 56 42535  1 1222858 84284 1.4 18 12 7 14 22% 395467 352 11%
c w 226.68 146 14 56 42535  1 1222858 84278 1.4 18 12 7 14 22% 395467 352 11%
c x 226.77 146 14 56 42535  1 1222858 84278 1.4 18 12 7 14 22% 395462 352 11%
c 
c  seconds    reductions     conflicts         size   tier2        variables
c           MB      restarts        redundant     glue    trail        remaining
c            level        rate           size/glue  tier1   irredundant
c 
c B 227.19 146 14 56 42535  1 1225090 85716 1.5 18 12 7 14 22% 395462 352 11%
c ] 229.93 146 15 56 42538  1 1248116 99944 1.4 18 13 7 14 22% 395462 352 11%
c { 229.93 146 14 56 42538  1 1248116 99944 1.4 17 12 6 12 22% 395462 352 11%
c - 233.42 146 14 57 43421  1 1267010 86886 1.4 17 12 6 12 22% 395462 352 11%
c p 233.45 146 14 57 43421  1 1267010 86887 1.4 17 12 6 12 22% 395462 352 11%
c u 233.70 146 14 57 43421  1 1267010 86827 1.4 17 12 6 12 22% 395462 352 11%
c v 233.76 146 14 57 43421  1 1267010 86813 1.4 17 12 6 12 22% 395462 352 11%
c w 233.79 146 14 57 43421  1 1267010 86797 1.4 17 12 6 12 22% 395462 352 11%
c x 233.87 146 14 57 43421  1 1267010 86796 1.4 17 12 6 12 22% 395454 352 11%
c F 235.42 146 14 57 43542  1 1275091 90834 1.4 17 12 6 12 22% 395454 352 11%
c - 242.65 146 14 58 46938  1 1311952 88422 1.4 17 12 6 12 22% 395454 352 11%
c p 242.68 146 14 58 46938  1 1311952 88423 1.4 17 12 6 12 22% 395454 352 11%
c u 242.88 146 14 58 46938  1 1311952 88370 1.4 17 12 6 12 22% 395454 352 11%
c v 242.97 146 14 58 46938  1 1311952 88348 1.4 17 12 6 12 22% 395454 352 11%
c w 243.01 146 14 58 46938  1 1311952 88341 1.4 17 12 6 12 22% 395454 352 11%
c x 243.12 146 14 58 46938  1 1311952 88339 1.4 17 12 6 12 22% 395441 352 11%
c B 246.36 146 14 58 48108  1 1326094 96514 1.4 17 12 6 12 22% 395441 352 11%
c s 250.02 146 14 58 48738  1 1342618 105959 1.4 17 12 6 12 22% 395192 352 11%
c s 250.25 146 14 58 48738  1 1342618 105948 1.4 17 12 6 12 22% 394883 352 11%
c - 253.42 146 14 59 49050  1 1357685 93390 1.4 17 12 6 12 21% 394883 352 11%
c 
c  seconds    reductions     conflicts         size   tier2        variables
c           MB      restarts        redundant     glue    trail        remaining
c            level        rate           size/glue  tier1   irredundant
c 
c p 253.45 146 14 59 49050  1 1357685 93391 1.4 17 12 6 12 21% 394883 352 11%
c u 253.61 146 14 59 49050  1 1357685 93339 1.4 17 12 6 12 21% 394883 352 11%
c v 253.67 146 14 59 49050  1 1357685 93313 1.4 17 12 6 12 21% 394883 352 11%
c w 253.70 146 14 59 49050  1 1357685 93282 1.4 17 12 6 12 21% 394883 352 11%
c x 253.79 146 14 59 49050  1 1357685 93281 1.4 17 12 6 12 21% 394872 352 11%
c W 259.51 146 13 59 49885  1 1378095 104562 1.4 17 12 6 12 22% 394872 352 11%
c - 264.99 146 13 60 51609  1 1404188 95531 1.4 17 12 6 11 21% 394872 352 11%
c p 265.02 146 13 60 51609  1 1404188 95532 1.4 17 12 6 11 21% 394872 352 11%
c u 265.21 146 13 60 51609  1 1404188 95439 1.4 17 12 6 11 21% 394872 352 11%
c v 265.28 146 13 60 51609  1 1404188 95414 1.4 17 12 6 11 21% 394872 352 11%
c w 265.32 146 13 60 51609  1 1404188 95400 1.4 17 12 6 11 21% 394872 352 11%
c x 265.43 146 13 60 51609  1 1404188 95400 1.4 17 12 6 11 21% 394861 352 11%
c } 265.74 146 13 60 51695  1 1405696 96262 1.4 17 12 6 11 21% 394861 352 11%
c [ 265.74 146 15 60 51695  1 1405696 96262 1.4 18 13 7 14 22% 394861 352 11%
c W 270.54 146 14 60 51707  1 1431096 110799 1.5 18 12 7 14 22% 394861 352 11%
c - 274.63 146 14 61 51717  1 1451483 98157 1.4 18 12 7 14 22% 394861 352 11%
c p 274.67 146 14 61 51717  1 1451483 98158 1.4 18 12 7 14 22% 394861 352 11%
c u 274.87 146 14 61 51717  1 1451483 98108 1.4 18 12 7 14 22% 394861 352 11%
c v 274.96 146 14 61 51717  1 1451483 98090 1.4 18 12 7 14 22% 394861 352 11%
c w 275.00 146 14 61 51717  1 1451483 98077 1.4 18 12 7 14 22% 394861 352 11%
c 
c  seconds    reductions     conflicts         size   tier2        variables
c           MB      restarts        redundant     glue    trail        remaining
c            level        rate           size/glue  tier1   irredundant
c 
c x 275.11 146 14 61 51717  1 1451483 98076 1.4 18 12 7 14 22% 394849 352 11%
c O 280.18 146 14 61 51723  1 1485098 118658 1.5 18 12 7 14 22% 394849 352 11%
c - 282.71 147 14 62 51731  1 1499567 99410 1.5 18 13 7 14 22% 394849 352 11%
c p 282.73 147 14 62 51731  1 1499567 99411 1.5 18 13 7 14 22% 394849 352 11%
c u 282.91 147 14 62 51731  1 1499567 99343 1.5 18 13 7 14 22% 394849 352 11%
c v 283.00 147 14 62 51731  1 1499567 99327 1.5 18 13 7 14 22% 394849 352 11%
c w 283.03 147 14 62 51731  1 1499567 99310 1.5 18 13 7 14 22% 394849 352 11%
c x 283.14 147 14 62 51731  1 1499567 99309 1.5 18 13 7 14 22% 394825 352 11%
c B 289.81 147 14 62 51751  1 1540102 121491 1.5 18 12 6 14 22% 394825 352 11%
c - 291.40 147 14 63 51753  1 1548440 100469 1.5 18 12 6 14 22% 394825 352 11%
c p 291.43 147 14 63 51753  1 1548440 100470 1.5 18 12 6 14 22% 394825 352 11%
c u 291.62 147 14 63 51753  1 1548440 100386 1.5 18 12 6 14 22% 394825 352 11%
c v 291.71 147 14 63 51753  1 1548440 100362 1.5 18 12 6 14 22% 394825 352 11%
c w 291.75 147 14 63 51753  1 1548440 100344 1.5 18 12 6 14 22% 394825 352 11%
c x 291.87 147 14 63 51753  1 1548440 100341 1.5 18 12 6 14 22% 394812 352 11%
c ] 295.09 147 14 63 51754  1 1567721 111735 1.5 18 12 6 14 22% 394812 352 11%
c { 295.09 147 13 63 51754  1 1567721 111735 1.4 17 12 6 11 21% 394812 352 11%
c s 298.84 147 13 63 52614  1 1585779 121847 1.5 17 11 5 11 22% 394279 352 11%
c s 299.09 147 13 63 52614  1 1585779 121819 1.5 17 11 5 11 22% 393688 352 11%
c # 301.49 147 13 63 52624  1 1596103 126651 1.5 16 11 5 11 21% 393688 352 11%
c 
c  seconds    reductions     conflicts         size   tier2        variables
c           MB      restarts        redundant     glue    trail        remaining
c            level        rate           size/glue  tier1   irredundant
c 
c - 302.11 146 13 64 52718  1 1598103 96910 1.5 16 11 5 11 21% 393688 352 11%
c u 302.35 146 13 64 52718  1 1598103 96832 1.5 16 11 5 11 21% 393688 352 11%
c v 302.43 146 13 64 52718  1 1598103 96803 1.5 16 11 5 11 21% 393688 352 11%
c w 302.47 146 13 64 52718  1 1598103 96783 1.5 16 11 5 11 21% 393688 352 11%
c x 302.60 146 13 64 52718  1 1598103 96781 1.5 16 11 5 11 21% 393673 352 11%
c - 312.51 146 12 65 54702  1 1648516 99504 1.5 16 11 5 11 21% 393673 352 11%
c p 312.54 146 12 65 54702  1 1648516 99505 1.5 16 11 5 11 21% 393673 352 11%
c u 312.78 146 12 65 54702  1 1648516 99416 1.5 16 11 5 11 21% 393673 352 11%
c v 312.89 146 12 65 54702  1 1648516 99410 1.5 16 11 5 11 21% 393673 352 11%
c w 312.93 146 12 65 54702  1 1648516 99402 1.5 16 11 5 11 21% 393673 352 11%
c x 313.07 146 12 65 54702  1 1648516 99395 1.5 16 11 5 11 21% 393658 352 11%
c B 313.94 146 12 65 54827  1 1653105 101905 1.5 16 11 5 11 21% 393658 352 11%
c - 324.57 146 12 66 58209  1 1699717 102342 1.5 16 11 5 11 21% 393658 352 11%
c p 324.60 146 12 66 58209  1 1699717 102343 1.5 16 11 5 11 21% 393658 352 11%
c u 324.85 146 12 66 58209  1 1699717 102191 1.5 16 11 5 11 21% 393658 352 11%
c v 324.97 146 12 66 58209  1 1699717 102177 1.5 16 11 5 11 21% 393658 352 11%
c w 325.02 146 12 66 58209  1 1699717 102172 1.5 16 11 5 11 21% 393658 352 11%
c x 325.16 146 12 66 58209  1 1699717 102170 1.5 16 11 5 11 21% 393636 352 11%
c W 330.34 146 12 66 58409  1 1711108 107559 1.5 16 11 5 11 21% 393636 352 11%
c } 337.48 146 12 66 61317  1 1742351 124473 1.5 16 11 5 11 21% 393636 352 11%
c 
c  seconds    reductions     conflicts          size   tier2        variables
c           MB      restarts        redundant      glue    trail        remaining
c            level        rate            size/glue  tier1   irredundant
c 
c [ 337.48 146 14 66 61317  1 1742351 124473 1.5 18 12 6 14 22% 393636 352 11%
c - 338.92 147 14 67 61318  1 1751707 104091 1.5 18 12 6 14 22% 393636 352 11%
c p 338.95 147 14 67 61318  1 1751707 104092 1.5 18 12 6 14 22% 393636 352 11%
c u 339.19 147 14 67 61318  1 1751707 103989 1.5 18 12 6 14 22% 393636 352 11%
c v 339.30 147 14 67 61318  1 1751707 103981 1.5 18 12 6 14 22% 393636 352 11%
c w 339.35 147 14 67 61318  1 1751707 103975 1.5 18 12 6 14 22% 393636 352 11%
c x 339.50 147 14 67 61318  1 1751707 103973 1.5 18 12 6 14 22% 393621 352 11%
c W 343.51 147 14 67 61318  1 1770109 114318 1.5 18 12 6 14 22% 393621 352 11%
c - 348.71 147 14 68 61319  1 1804485 107369 1.5 18 12 6 13 22% 393621 352 11%
c p 348.74 147 14 68 61319  1 1804485 107370 1.5 18 12 6 13 22% 393621 352 11%
c u 349.91 147 14 68 61319  1 1804485 107241 1.5 18 12 6 13 22% 393621 352 11%
c v 349.99 147 14 68 61319  1 1804485 107230 1.5 18 12 6 13 22% 393621 352 11%
c w 350.03 147 14 68 61319  1 1804485 107222 1.5 18 12 6 13 22% 393621 352 11%
c x 350.14 147 14 68 61319  1 1804485 107221 1.5 18 12 6 13 22% 393615 352 11%
c I 354.23 147 13 68 61319  1 1830110 121563 1.5 18 12 6 13 22% 393615 352 11%
c s 358.28 147 13 68 61320  1 1849089 131614 1.5 17 12 6 13 22% 391738 352 11%
c s 358.54 147 13 68 61320  1 1849089 131530 1.5 17 12 6 13 22% 390499 352 11%
c - 360.28 147 13 69 61320  1 1858055 109984 1.5 17 12 6 13 22% 390499 352 11%
c p 360.31 147 13 69 61320  1 1858055 109985 1.5 17 12 6 13 22% 390499 352 11%
c u 360.54 147 13 69 61320  1 1858055 109755 1.5 17 12 6 13 22% 390498 352 11%
c 
c  seconds    reductions     conflicts          size   tier2        variables
c           MB      restarts        redundant      glue    trail        remaining
c            level        rate            size/glue  tier1   irredundant
c 
c v 360.63 147 13 69 61320  1 1858055 109742 1.5 17 12 6 13 22% 390498 352 11%
c w 360.67 147 13 69 61320  1 1858055 109731 1.5 17 12 6 13 22% 390498 352 11%
c x 360.78 147 13 69 61320  1 1858055 109731 1.5 17 12 6 13 22% 390465 352 11%
c t 360.79 147 13 69 61320  1 1858055 109648 1.5 17 12 6 13 22% 390465 352 11%
c i 363.38 147 13 69 61320  1 1874378 117777 1.5 17 11 6 13 22% 390465 351 11%
c i 364.88 147 13 69 61320  1 1881750 121754 1.5 17 11 6 13 22% 390465 349 11%
c i 365.19 147 13 69 61320  1 1883159 122467 1.5 17 11 6 13 22% 390465 348 11%
c i 365.26 147 13 69 61320  1 1883513 122635 1.5 17 11 6 13 22% 390465 347 11%
c i 365.34 147 13 69 61320  1 1883975 122845 1.5 17 11 6 13 22% 390465 340 11%
c ] 365.38 147 13 69 61320  1 1884278 123000 1.5 17 11 6 13 22% 390465 336 11%
c 0 365.38 147 13 69 61320  1 1884278 123000 1.5 17 11 6 13 22% 390465 336 11%
c 
c --- [ closing proof ] ------------------------------------------------------
c 
c LRAT proof file '/root/earth-moon/population/f034-a4-cert/cs-a4_m11c/r/n107_n128_n146_p60/round-0/F.lrat' closed
c LRAT 2684311 added clauses 47.36%
c LRAT 2983639 deleted clauses 52.64%
c LRAT 530633780 bytes (506.05 MB)
c 
c --- [ result ] -------------------------------------------------------------
c 
s UNSATISFIABLE
c 
c --- [ run-time profiling ] -------------------------------------------------
c 
c process time taken by individual solving procedures
c (percentage relative to process time for solving)
c 
c       338.62   92.82% search
c       179.06   49.09% unstable
c       141.78   38.87% stable
c        26.17    7.18% simplify
c        17.71    4.85% walk
c        16.12    4.42% vivify
c         3.72    1.02% sweep
c         2.21    0.61% subsume
c         1.65    0.45% elim
c         0.92    0.25% probe
c         0.59    0.16% parse
c         0.41    0.11% ternary
c         0.32    0.09% congruence
c         0.07    0.02% lucky
c         0.00    0.00% backbone
c   =================================
c       364.80   99.84% solve
c 
c last line shows process time for solving
c (percentage relative to total process time)
c 
c --- [ statistics ] ---------------------------------------------------------
c 
c chronological:            217069        11.52 %  of conflicts
c conflicts:               1884278      5165.29    per second
c backbone:                 118550      3824.19 %  of vars
c decisions:               2235842      6129.02    per second
c eliminated:                 1938        62.52 %  of all variables
c fixed:                       824        26.58 %  of all variables
c learned:                 1849053        98.13 %  per conflict
c learned_lits:           47673034       100.00 %  learned literals
c minimized:                     0         0.00 %  learned literals
c shrunken:               12634049        26.50 %  learned literals
c minishrunken:            2366753         4.96 %  learned literals
c otfs:                       9599         0.51 %  of conflict
c propagations:           27775442         0.08 M  per second
c reduced:                  923787        49.03 %  per conflict
c rephased:                     60     31404.63    interval
c restarts:                  61320        30.73    interval
c stabilizing:                  13        51.50 %  of conflicts
c substituted:                   2         0.06 %  of all variables
c subsumed:                 748597        32.19 %  of all clauses
c strengthened:              65964         2.84 %  of all clauses
c ticks:               21672836809       790.23    propagation
c vivified:                   6675         0.29 %  of all clauses
c walked:                       19     99172.53    interval
c weakened:                   4376         2.46    average size
c congruence:                   11    171298.00    interval
c 
c seconds are measured in process time for solving
c 
c --- [ glue usage ] ---------------------------------------------------------
c 
c focused glue 5 used 239682 clauses 8.124% accumulated 52.66% tier1
c focused glue 6 used 197193 clauses 6.684% accumulated 59.34%
c focused glue 7-9 used 473516 clauses 16.05% accumulated 75.39%
c focused glue 10 used 151698 clauses 5.141% accumulated 80.54%
c focused glue 11 used 136057 clauses 4.611% accumulated 85.15% tier2
c 
c stable glue 6 used 191084 clauses 5.700% accumulated 53.45% tier1
c stable glue 7 used 155528 clauses 4.639% accumulated 58.09%
c stable glue 8-11 used 642038 clauses 19.15% accumulated 77.24%
c stable glue 12 used 155044 clauses 4.625% accumulated 81.87%
c stable glue 13 used 138501 clauses 4.132% accumulated 86.00% tier2
c 
c 
c --- [ resources ] ----------------------------------------------------------
c 
c total process time since initialization:       365.38    seconds
c total real time since initialization:          365.43    seconds
c maximum resident set size of process:          187.00    MB
c 
c --- [ shutting down ] ------------------------------------------------------
c 
c exit 20

[rc=20 365.4s]
$ /root/earth-moon/verifier/../tools/drat-trim/lrat-check /root/earth-moon/population/f034-a4-cert/cs-a4_m11c/r/n107_n128_n146_p60/round-0/F.cnf /root/earth-moon/population/f034-a4-cert/cs-a4_m11c/r/n107_n128_n146_p60/round-0/F.lrat
c parsed a formula with 3100 variables and 813701 clauses
c VERIFIED
c allocated 1024 18537121 31000
c Added clauses = 3498012.  Deleted clauses = 2983639.  Max live clauses = 813701
c verification time = 7.60 secs

[rc=0 7.6s]
